11:28:35,822 |-INFO in ch.qos.logback.classic.LoggerContext[default] - Could NOT find resource [logback-test.xml]
11:28:35,822 |-INFO in ch.qos.logback.classic.LoggerContext[default] - Could NOT find resource [logback.groovy]
11:28:35,823 |-INFO in ch.qos.logback.classic.LoggerContext[default] - Found resource [logback.xml] at [jar:file:/opt/flamestream/lib/flamestream-runtime-1.0-SNAPSHOT.jar!/logback.xml]
11:28:35,823 |-WARN in ch.qos.logback.classic.LoggerContext[default] - Resource [logback.xml] occurs multiple times on the classpath.
11:28:35,823 |-WARN in ch.qos.logback.classic.LoggerContext[default] - Resource [logback.xml] occurs at [jar:file:/opt/flamestream/flamestream-runtime-1.0-SNAPSHOT.jar!/logback.xml]
11:28:35,823 |-WARN in ch.qos.logback.classic.LoggerContext[default] - Resource [logback.xml] occurs at [jar:file:/opt/flamestream/lib/flamestream-runtime-1.0-SNAPSHOT.jar!/logback.xml]
11:28:35,841 |-INFO in ch.qos.logback.core.joran.spi.ConfigurationWatchList@69b794e2 - URL [jar:file:/opt/flamestream/lib/flamestream-runtime-1.0-SNAPSHOT.jar!/logback.xml] is not of type file
11:28:35,925 |-INFO in ch.qos.logback.classic.joran.action.ConfigurationAction - debug attribute not set
11:28:35,928 |-INFO in ch.qos.logback.core.joran.action.AppenderAction - About to instantiate appender of type [ch.qos.logback.core.ConsoleAppender]
11:28:35,934 |-INFO in ch.qos.logback.core.joran.action.AppenderAction - Naming appender as [STDOUT]
11:28:35,941 |-INFO in ch.qos.logback.core.joran.action.NestedComplexPropertyIA - Assuming default type [ch.qos.logback.classic.encoder.PatternLayoutEncoder] for [encoder] property
11:28:35,978 |-INFO in ch.qos.logback.core.joran.action.AppenderAction - About to instantiate appender of type [ch.qos.logback.core.rolling.RollingFileAppender]
11:28:35,986 |-INFO in ch.qos.logback.core.joran.action.AppenderAction - Naming appender as [FILE]
11:28:36,003 |-INFO in c.q.l.core.rolling.TimeBasedRollingPolicy@1059063940 - No compression will be used
11:28:36,004 |-INFO in c.q.l.core.rolling.TimeBasedRollingPolicy@1059063940 - Will use the pattern /tmp/application_%d{yyyy-MM-dd}.%i.log for the active file
11:28:36,009 |-INFO in ch.qos.logback.core.rolling.SizeAndTimeBasedFNATP@4d339552 - The date pattern is 'yyyy-MM-dd' from file name pattern '/tmp/application_%d{yyyy-MM-dd}.%i.log'.
11:28:36,009 |-INFO in ch.qos.logback.core.rolling.SizeAndTimeBasedFNATP@4d339552 - Roll-over at midnight.
11:28:36,013 |-INFO in ch.qos.logback.core.rolling.SizeAndTimeBasedFNATP@4d339552 - Setting initial period to Fri Mar 30 10:41:24 UTC 2018
11:28:36,013 |-WARN in ch.qos.logback.core.rolling.SizeAndTimeBasedFNATP@4d339552 - SizeAndTimeBasedFNATP is deprecated. Use SizeAndTimeBasedRollingPolicy instead
11:28:36,013 |-WARN in ch.qos.logback.core.rolling.SizeAndTimeBasedFNATP@4d339552 - For more information see http://logback.qos.ch/manual/appenders.html#SizeAndTimeBasedRollingPolicy
11:28:36,018 |-INFO in ch.qos.logback.core.joran.action.NestedComplexPropertyIA - Assuming default type [ch.qos.logback.classic.encoder.PatternLayoutEncoder] for [encoder] property
11:28:36,022 |-INFO in ch.qos.logback.core.rolling.RollingFileAppender[FILE] - Active log file name: /tmp/application.log
11:28:36,022 |-INFO in ch.qos.logback.core.rolling.RollingFileAppender[FILE] - File property is set to [/tmp/application.log]
11:28:36,023 |-INFO in ch.qos.logback.classic.joran.action.RootLoggerAction - Setting level of ROOT logger to INFO
11:28:36,023 |-INFO in ch.qos.logback.core.joran.action.AppenderRefAction - Attaching appender named [STDOUT] to Logger[ROOT]
11:28:36,024 |-INFO in ch.qos.logback.core.joran.action.AppenderRefAction - Attaching appender named [FILE] to Logger[ROOT]
11:28:36,024 |-INFO in ch.qos.logback.classic.joran.action.ConfigurationAction - End of configuration.
11:28:36,024 |-INFO in ch.qos.logback.classic.joran.JoranConfigurator@f0f2775 - Registering current configuration as safe fallback point

11:28:36.028 [main] INFO  c.s.f.r.a.WorkerApplication  - Starting worker with id: '10.0.0.97', host: '10.0.0.97:5412', zkString: '10.0.0.107:2181'
11:28:36.920 [worker-akka.actor.default-dispatcher-3] INFO  a.e.s.Slf4jLogger  - Slf4jLogger started
2018-03-30T11:28:37.063+0000: 1.809: [Full GC (Metadata GC Threshold) 2018-03-30T11:28:37.063+0000: 1.809: [Tenured: 0K->15874K(341376K), 0.0392474 secs] 131338K->15874K(494976K), [Metaspace: 20935K->20935K(1067008K)], 0.0393139 secs] [Times: user=0.03 sys=0.00, real=0.04 secs] 
Ama winner
Ama winner
11:28:37.439 [worker-akka.actor.default-dispatcher-3] INFO  a.r.a.ArteryTransport(akka://worker) akka.remote.artery.ArteryTransport(akka://worker) - Started embedded media driver in directory [/dev/shm/aeron-10.0.0.97]
11:28:37.620 [worker-akka.actor.default-dispatcher-3] INFO  a.r.a.ArteryTransport(akka://worker) akka.remote.artery.ArteryTransport(akka://worker) - Remoting started; listening on address: [akka://worker@10.0.0.97:5412] with UID [4554254668178543380]
11:28:37.672 [worker-akka.actor.default-dispatcher-2] INFO  a.a.RepointableActorRef akka://worker/user/watcher - Starting...
11:28:37.731 [worker-akka.actor.default-dispatcher-6] INFO  o.a.z.ZooKeeper  - Client environment:zookeeper.version=3.4.9-1757313, built on 08/23/2016 06:50 GMT
11:28:37.732 [worker-akka.actor.default-dispatcher-6] INFO  o.a.z.ZooKeeper  - Client environment:host.name=localhost
11:28:37.732 [worker-akka.actor.default-dispatcher-6] INFO  o.a.z.ZooKeeper  - Client environment:java.version=1.8.0_151
11:28:37.732 [worker-akka.actor.default-dispatcher-6] INFO  o.a.z.ZooKeeper  - Client environment:java.vendor=Oracle Corporation
11:28:37.732 [worker-akka.actor.default-dispatcher-6] INFO  o.a.z.ZooKeeper  - Client environment:java.home=/usr/lib/jvm/java-8-openjdk-amd64/jre
11:28:37.732 [worker-akka.actor.default-dispatcher-6] INFO  o.a.z.ZooKeeper  - Client environment:java.class.path=lib/commons-cli-1.4.jar:lib/minlog-1.3.0.jar:lib/asm-5.0.4.jar:lib/hadoop-annotations-2.7.3.jar:lib/hadoop-auth-2.7.3.jar:lib/akka-slf4j_2.11-2.5.6.jar:lib/jersey-core-1.9.jar:lib/lz4-1.3.0.jar:lib/jackson-core-asl-1.9.13.jar:lib/aeron-client-1.3.0.jar:lib/htrace-core-3.1.0-incubating.jar:lib/xz-1.0.jar:lib/commons-httpclient-3.1.jar:lib/asm-3.1.jar:lib/commons-lang3-3.4.jar:lib/scala-library-2.11.11.jar:lib/scala-java8-compat_2.11-0.7.0.jar:lib/commons-configuration-1.6.jar:lib/objenesis-2.1.jar:lib/jackson-annotations-2.8.0.jar:lib/jsr305-3.0.0.jar:lib/curator-framework-2.7.1.jar:lib/jersey-server-1.9.jar:lib/jets3t-0.9.0.jar:lib/leveldb-0.7.jar:lib/jetty-6.1.26.jar:lib/stax-api-1.0-2.jar:lib/flamestream-core-1.0-SNAPSHOT.jar:lib/reflectasm-1.07-shaded.jar:lib/apacheds-kerberos-codec-2.0.0-M15.jar:lib/api-asn1-api-1.0.0-M20.jar:lib/commons-lang-2.6.jar:lib/commons-beanutils-1.7.0.jar:lib/jackson-xc-1.8.3.jar:lib/jetty-util-6.1.26.jar:lib/logback-classic-1.2.3.jar:lib/jool-0.9.12.jar:lib/httpcore-4.1.2.jar:lib/kryo-4.0.0.jar:lib/ant-1.8.1.jar:lib/jaxb-impl-2.2.3-1.jar:lib/jersey-json-1.9.jar:lib/commons-compress-1.4.1.jar:lib/leveldbjni-all-1.8.jar:lib/paranamer-2.3.jar:lib/jackson-core-2.8.4.jar:lib/commons-math3-3.6.1.jar:lib/scala-parser-combinators_2.11-1.0.4.jar:lib/netty-3.10.6.Final.jar:lib/trove4j-3.0.3.jar:lib/jaxb-api-2.2.2.jar:lib/logback-core-1.2.3.jar:lib/snappy-java-1.0.4.1.jar:lib/protobuf-java-2.5.0.jar:lib/reactive-streams-1.0.1.jar:lib/flamestream-examples-1.0-SNAPSHOT.jar:lib/commons-codec-1.4.jar:lib/activation-1.1.jar:lib/commons-net-3.1.jar:lib/curator-recipes-2.7.1.jar:lib/jackson-mapper-asl-1.9.13.jar:lib/jackson-databind-2.8.4.jar:lib/flamestream-runtime-1.0-SNAPSHOT.jar:lib/jackson-jaxrs-1.8.3.jar:lib/slf4j-api-1.7.24.jar:lib/akka-remote_2.11-2.5.6.jar:lib/akka-testkit_2.11-2.5.6.jar:lib/jline-0.9.94.jar:lib/jedis-2.9.0.jar:lib/akka-stream_2.11-2.5.6.jar:lib/jsp-api-2.1.jar:lib/kryonet-2.21.jar:lib/akka-kryo-serialization_2.11-0.5.0.jar:lib/config-1.3.1.jar:lib/ant-launcher-1.8.1.jar:lib/commons-logging-1.2.jar:lib/ssl-config-core_2.11-0.2.2.jar:lib/testng-6.10.jar:lib/leveldb-api-0.7.jar:lib/reflectasm-1.11.3.jar:lib/jcommander-1.48.jar:lib/commons-1.1.jar:lib/commons-digester-1.8.jar:lib/minlog-1.2.jar:lib/java-xmlbuilder-0.4.jar:lib/jettison-1.1.jar:lib/gson-2.2.4.jar:lib/jdk.tools-1.8.jar:lib/aeron-driver-1.3.0.jar:lib/zookeeper-3.4.9.jar:lib/commons-beanutils-core-1.8.0.jar:lib/commons-math3-3.1.1.jar:lib/akka-actor_2.11-2.5.6.jar:lib/curator-client-2.7.1.jar:lib/servlet-api-2.5.jar:lib/commons-pool2-2.4.2.jar:lib/apacheds-i18n-2.0.0-M15.jar:lib/commons-io-2.4.jar:lib/commons-codec-1.6.jar:lib/akka-protobuf_2.11-2.5.6.jar:lib/jdom-2.0.2.jar:lib/rocksdbjni-5.5.1.jar:lib/api-util-1.0.0-M20.jar:lib/hadoop-common-2.7.3.jar:lib/agrona-0.9.6.jar:lib/xmlenc-0.52.jar:lib/guava-21.0.jar:lib/commons-collections-3.2.2.jar:lib/avro-1.7.4.jar:lib/httpclient-4.1.2.jar:lib/flamestream-core-1.0-SNAPSHOT-tests.jar:lib/annotations-12.0.jar:lib/jsch-0.1.42.jar:flamestream-runtime-1.0-SNAPSHOT.jar
11:28:37.732 [worker-akka.actor.default-dispatcher-6] INFO  o.a.z.ZooKeeper  - Client environment:java.library.path=/usr/java/packages/lib/amd64:/usr/lib/x86_64-linux-gnu/jni:/lib/x86_64-linux-gnu:/usr/lib/x86_64-linux-gnu:/usr/lib/jni:/lib:/usr/lib
11:28:37.732 [worker-akka.actor.default-dispatcher-6] INFO  o.a.z.ZooKeeper  - Client environment:java.io.tmpdir=/tmp
11:28:37.732 [worker-akka.actor.default-dispatcher-6] INFO  o.a.z.ZooKeeper  - Client environment:java.compiler=<NA>
11:28:37.733 [worker-akka.actor.default-dispatcher-6] INFO  o.a.z.ZooKeeper  - Client environment:os.name=Linux
11:28:37.734 [worker-akka.actor.default-dispatcher-6] INFO  o.a.z.ZooKeeper  - Client environment:os.arch=amd64
11:28:37.736 [worker-akka.actor.default-dispatcher-6] INFO  o.a.z.ZooKeeper  - Client environment:os.version=4.4.0-1049-aws
11:28:37.738 [worker-akka.actor.default-dispatcher-6] INFO  o.a.z.ZooKeeper  - Client environment:user.name=root
11:28:37.738 [worker-akka.actor.default-dispatcher-6] INFO  o.a.z.ZooKeeper  - Client environment:user.home=/root
11:28:37.738 [worker-akka.actor.default-dispatcher-6] INFO  o.a.z.ZooKeeper  - Client environment:user.dir=/opt/flamestream
11:28:37.740 [worker-akka.actor.default-dispatcher-6] INFO  o.a.z.ZooKeeper  - Initiating client connection, connectString=10.0.0.107:2181 sessionTimeout=5000 watcher=com.spbsu.flamestream.runtime.application.LifecycleWatcher$$Lambda$30/2030384543@511f5fd4
11:28:37.775 [worker-akka.actor.default-dispatcher-6-SendThread(10.0.0.107:2181)] INFO  o.a.z.ClientCnxn  - Opening socket connection to server 10.0.0.107/10.0.0.107:2181. Will not attempt to authenticate using SASL (unknown error)
11:28:37.786 [worker-akka.actor.default-dispatcher-6-SendThread(10.0.0.107:2181)] INFO  o.a.z.ClientCnxn  - Socket connection established to 10.0.0.107/10.0.0.107:2181, initiating session
11:28:37.793 [worker-akka.actor.default-dispatcher-6-SendThread(10.0.0.107:2181)] INFO  o.a.z.ClientCnxn  - Session establishment complete on server 10.0.0.107/10.0.0.107:2181, sessionid = 0x16276a9cd3d0008, negotiated timeout = 6000
11:28:37.805 [worker-akka.actor.default-dispatcher-2] INFO  a.a.RepointableActorRef akka://worker/user/watcher - Initializing rocksDB backend
11:28:37.981 [worker-akka.actor.default-dispatcher-2] INFO  a.a.RepointableActorRef akka://worker/user/watcher - Connected to ZK
11:28:46.739 [worker-akka.actor.default-dispatcher-2] INFO  a.a.RepointableActorRef akka://worker/user/watcher - Creating node with watchGraphs: 'com.spbsu.flamestream.core.Graph$Builder$MyGraph@dd5b960', config: 'ClusterConfig{paths={10.0.0.205=akka://worker@10.0.0.205:5412/user/watcher, 10.0.0.60=akka://worker@10.0.0.60:5412/user/watcher, 10.0.0.170=akka://worker@10.0.0.170:5412/user/watcher, 10.0.0.124=akka://worker@10.0.0.124:5412/user/watcher, 10.0.0.49=akka://worker@10.0.0.49:5412/user/watcher, 10.0.0.42=akka://worker@10.0.0.42:5412/user/watcher, 10.0.0.97=akka://worker@10.0.0.97:5412/user/watcher, 10.0.0.251=akka://worker@10.0.0.251:5412/user/watcher, 10.0.0.162=akka://worker@10.0.0.162:5412/user/watcher, 10.0.0.173=akka://worker@10.0.0.173:5412/user/watcher}, ackerLocation='10.0.0.60', props=ComputationLayout{hashGroups={10.0.0.205=com.spbsu.flamestream.runtime.config.HashGroup@1ffe1b9d, 10.0.0.60=com.spbsu.flamestream.runtime.config.HashGroup@c01f, 10.0.0.170=com.spbsu.flamestream.runtime.config.HashGroup@5d5c21bc, 10.0.0.124=com.spbsu.flamestream.runtime.config.HashGroup@56dcaf5d, 10.0.0.49=com.spbsu.flamestream.runtime.config.HashGroup@c65a7748, 10.0.0.42=com.spbsu.flamestream.runtime.config.HashGroup@231425fe, 10.0.0.97=com.spbsu.flamestream.runtime.config.HashGroup@fbc82752, 10.0.0.251=com.spbsu.flamestream.runtime.config.HashGroup@ccbcd570, 10.0.0.162=com.spbsu.flamestream.runtime.config.HashGroup@4276a447, 10.0.0.173=com.spbsu.flamestream.runtime.config.HashGroup@3fc198ed}}}'
11:28:47.635 [worker-akka.actor.default-dispatcher-6] INFO  a.a.LocalActorRef akka://worker/user/watcher/graph_at_0/graph - Starting...
11:28:47.641 [worker-akka.actor.default-dispatcher-4] INFO  a.a.LocalActorRef akka://worker/user/watcher/graph_at_0/graph/local-acker/$a - Starting...
11:28:47.649 [worker-akka.actor.default-dispatcher-6] INFO  a.a.LocalActorRef akka://worker/user/watcher/graph_at_0/graph/local-acker - Starting...
11:28:49.010 [worker-akka.actor.default-dispatcher-5] INFO  a.a.LocalActorRef akka://worker/user/watcher/graph_at_0/graph - Finishing constructor
11:28:49.011 [worker-akka.actor.default-dispatcher-4] INFO  a.a.LocalActorRef akka://worker/user/watcher/graph_at_0/edge - Starting...
11:28:49.014 [worker-akka.actor.default-dispatcher-4] INFO  a.a.LocalActorRef akka://worker/user/watcher/graph_at_0 - Starting FlameNode with config 'ClusterConfig{paths={10.0.0.205=akka://worker@10.0.0.205:5412/user/watcher/graph_at_0, 10.0.0.60=akka://worker@10.0.0.60:5412/user/watcher/graph_at_0, 10.0.0.170=akka://worker@10.0.0.170:5412/user/watcher/graph_at_0, 10.0.0.124=akka://worker@10.0.0.124:5412/user/watcher/graph_at_0, 10.0.0.49=akka://worker@10.0.0.49:5412/user/watcher/graph_at_0, 10.0.0.42=akka://worker@10.0.0.42:5412/user/watcher/graph_at_0, 10.0.0.97=akka://worker@10.0.0.97:5412/user/watcher/graph_at_0, 10.0.0.251=akka://worker@10.0.0.251:5412/user/watcher/graph_at_0, 10.0.0.162=akka://worker@10.0.0.162:5412/user/watcher/graph_at_0, 10.0.0.173=akka://worker@10.0.0.173:5412/user/watcher/graph_at_0}, ackerLocation='10.0.0.60', props=ComputationLayout{hashGroups={10.0.0.205=com.spbsu.flamestream.runtime.config.HashGroup@1ffe1b9d, 10.0.0.60=com.spbsu.flamestream.runtime.config.HashGroup@c01f, 10.0.0.170=com.spbsu.flamestream.runtime.config.HashGroup@5d5c21bc, 10.0.0.124=com.spbsu.flamestream.runtime.config.HashGroup@56dcaf5d, 10.0.0.49=com.spbsu.flamestream.runtime.config.HashGroup@c65a7748, 10.0.0.42=com.spbsu.flamestream.runtime.config.HashGroup@231425fe, 10.0.0.97=com.spbsu.flamestream.runtime.config.HashGroup@fbc82752, 10.0.0.251=com.spbsu.flamestream.runtime.config.HashGroup@ccbcd570, 10.0.0.162=com.spbsu.flamestream.runtime.config.HashGroup@4276a447, 10.0.0.173=com.spbsu.flamestream.runtime.config.HashGroup@3fc198ed}}}'
11:28:49.016 [worker-akka.actor.default-dispatcher-5] INFO  a.a.LocalActorRef akka://worker/user/watcher/graph_at_0/negotiator - Starting...
11:28:49.044 [worker-akka.actor.default-dispatcher-6] INFO  a.a.LocalActorRef akka://worker/user/watcher/graph_at_0/negotiator - Requesting ticket for the frontClass FlameSocketGraphDeployerFront@10.0.0.97
11:28:49.062 [worker-akka.actor.default-dispatcher-4] INFO  a.a.LocalActorRef akka://worker/user/watcher/graph_at_0/graph - Received last commit 'LastCommit{globalTime=(0000000, min@min)}'
11:28:49.079 [worker-akka.actor.default-dispatcher-11] INFO  c.s.f.r.e.s.SocketRear  - FlameSocketGraphDeployerRear@10.0.0.97: connecting to 10.0.0.107:5678
11:28:49.096 [worker-akka.actor.default-dispatcher-4] INFO  a.a.LocalActorRef akka://worker/user/watcher/graph_at_0/edge/FlameSocketGraphDeployerFront - Starting...
11:28:49.097 [worker-akka.actor.default-dispatcher-11] INFO  c.s.f.r.e.s.SocketRear  - FlameSocketGraphDeployerRear@10.0.0.97: connected to 10.0.0.107:5678
11:28:49.098 [worker-akka.actor.default-dispatcher-11] INFO  a.a.LocalActorRef akka://worker/user/watcher/graph_at_0/edge/FlameSocketGraphDeployerRear - Starting...
11:28:49.137 [worker-akka.actor.default-dispatcher-3] INFO  a.a.LocalActorRef akka://worker/user/watcher/graph_at_0/graph/$a - Starting...
11:28:49.143 [worker-akka.actor.default-dispatcher-10] INFO  a.a.LocalActorRef akka://worker/user/watcher/graph_at_0/graph/$b - Starting...
11:28:49.159 [worker-akka.actor.default-dispatcher-10] INFO  a.a.LocalActorRef akka://worker/user/watcher/graph_at_0/graph/$c - Starting...
11:28:49.182 [worker-akka.actor.default-dispatcher-10] INFO  a.a.LocalActorRef akka://worker/user/watcher/graph_at_0/graph/$c - Attached rear to graph (-9223372036854775808, min@min)
11:28:49.378 [worker-akka.actor.default-dispatcher-10] INFO  a.a.LocalActorRef akka://worker/user/watcher/graph_at_0/negotiator - Ticket for the frontClass received: FrontTicket{allowedTimestamp=(0000000, FlameSocketGraphDeployerFront@10.0.0.97)}
11:28:49.380 [worker-akka.actor.default-dispatcher-10] INFO  c.s.f.r.e.s.SocketFront  - FlameSocketGraphDeployerFront@10.0.0.97: connecting to 10.0.0.107:4567
2018-03-30T11:28:53.197+0000: 17.943: [GC (Allocation Failure) 2018-03-30T11:28:53.197+0000: 17.943: [DefNew: 136576K->15830K(153600K), 0.0289595 secs] 152450K->51236K(494976K), 0.0290268 secs] [Times: user=0.02 sys=0.01, real=0.04 secs] 
2018-03-30T11:29:02.251+0000: 26.997: [GC (Allocation Failure) 2018-03-30T11:29:02.251+0000: 26.997: [DefNew: 152406K->6097K(153600K), 0.0189368 secs] 187812K->49548K(494976K), 0.0190062 secs] [Times: user=0.02 sys=0.00, real=0.02 secs] 
2018-03-30T11:29:12.212+0000: 36.959: [GC (Allocation Failure) 2018-03-30T11:29:12.212+0000: 36.959: [DefNew: 142673K->9583K(153600K), 0.0121538 secs] 186124K->53033K(494976K), 0.0122182 secs] [Times: user=0.01 sys=0.00, real=0.01 secs] 
2018-03-30T11:29:19.511+0000: 44.257: [GC (Allocation Failure) 2018-03-30T11:29:19.511+0000: 44.257: [DefNew: 146159K->9536K(153600K), 0.0178068 secs] 189609K->55161K(494976K), 0.0178704 secs] [Times: user=0.02 sys=0.00, real=0.02 secs] 
2018-03-30T11:29:27.710+0000: 52.457: [GC (Allocation Failure) 2018-03-30T11:29:27.710+0000: 52.457: [DefNew: 146112K->5286K(153600K), 0.0151771 secs] 191737K->56329K(494976K), 0.0152406 secs] [Times: user=0.01 sys=0.01, real=0.01 secs] 
2018-03-30T11:29:35.037+0000: 59.783: [GC (Allocation Failure) 2018-03-30T11:29:35.037+0000: 59.783: [DefNew: 141862K->6802K(153600K), 0.0127384 secs] 192905K->57844K(494976K), 0.0128002 secs] [Times: user=0.01 sys=0.00, real=0.02 secs] 
2018-03-30T11:29:40.861+0000: 65.607: [GC (Allocation Failure) 2018-03-30T11:29:40.861+0000: 65.607: [DefNew: 143378K->15920K(153600K), 0.0148787 secs] 194420K->66963K(494976K), 0.0149386 secs] [Times: user=0.02 sys=0.00, real=0.01 secs] 
2018-03-30T11:29:47.327+0000: 72.073: [GC (Allocation Failure) 2018-03-30T11:29:47.327+0000: 72.073: [DefNew: 150439K->5470K(153600K), 0.0224820 secs] 201481K->69745K(494976K), 0.0225533 secs] [Times: user=0.02 sys=0.00, real=0.02 secs] 
2018-03-30T11:29:54.836+0000: 79.583: [GC (Allocation Failure) 2018-03-30T11:29:54.837+0000: 79.583: [DefNew: 142046K->9353K(153600K), 0.0180769 secs] 206321K->73628K(494976K), 0.0181372 secs] [Times: user=0.02 sys=0.00, real=0.02 secs] 
2018-03-30T11:30:01.041+0000: 85.787: [GC (Allocation Failure) 2018-03-30T11:30:01.041+0000: 85.787: [DefNew: 145929K->4553K(153600K), 0.0129435 secs] 210204K->70965K(494976K), 0.0130078 secs] [Times: user=0.02 sys=0.00, real=0.01 secs] 
2018-03-30T11:30:08.309+0000: 93.056: [GC (Allocation Failure) 2018-03-30T11:30:08.309+0000: 93.056: [DefNew: 141129K->6898K(153600K), 0.0136610 secs] 207541K->73310K(494976K), 0.0137311 secs] [Times: user=0.01 sys=0.00, real=0.01 secs] 
2018-03-30T11:30:14.833+0000: 99.580: [GC (Allocation Failure) 2018-03-30T11:30:14.833+0000: 99.580: [DefNew: 141697K->8099K(153600K), 0.0147364 secs] 208109K->74512K(494976K), 0.0148161 secs] [Times: user=0.01 sys=0.00, real=0.02 secs] 
2018-03-30T11:30:21.803+0000: 106.550: [GC (Allocation Failure) 2018-03-30T11:30:21.803+0000: 106.550: [DefNew: 144675K->8448K(153600K), 0.0139214 secs] 211088K->74861K(494976K), 0.0139891 secs] [Times: user=0.01 sys=0.00, real=0.01 secs] 
2018-03-30T11:30:27.868+0000: 112.615: [GC (Allocation Failure) 2018-03-30T11:30:27.868+0000: 112.615: [DefNew: 145024K->8363K(153600K), 0.0131307 secs] 211437K->74776K(494976K), 0.0131933 secs] [Times: user=0.02 sys=0.00, real=0.01 secs] 
2018-03-30T11:30:34.098+0000: 118.845: [GC (Allocation Failure) 2018-03-30T11:30:34.098+0000: 118.845: [DefNew: 144939K->9400K(153600K), 0.0151742 secs] 211352K->75812K(494976K), 0.0152362 secs] [Times: user=0.01 sys=0.01, real=0.01 secs] 
2018-03-30T11:30:39.301+0000: 124.048: [GC (Allocation Failure) 2018-03-30T11:30:39.301+0000: 124.048: [DefNew: 145976K->9042K(153600K), 0.0174916 secs] 212388K->77039K(494976K), 0.0175574 secs] [Times: user=0.01 sys=0.00, real=0.02 secs] 
2018-03-30T11:30:44.803+0000: 129.549: [GC (Allocation Failure) 2018-03-30T11:30:44.803+0000: 129.549: [DefNew: 145618K->9162K(153600K), 0.0159620 secs] 213615K->78029K(494976K), 0.0160298 secs] [Times: user=0.02 sys=0.00, real=0.02 secs] 
2018-03-30T11:30:49.831+0000: 134.577: [GC (Allocation Failure) 2018-03-30T11:30:49.831+0000: 134.577: [DefNew: 145035K->17024K(153600K), 0.0234340 secs] 213902K->95840K(494976K), 0.0234995 secs] [Times: user=0.03 sys=0.00, real=0.02 secs] 
2018-03-30T11:30:55.802+0000: 140.549: [GC (Allocation Failure) 2018-03-30T11:30:55.802+0000: 140.549: [DefNew: 153600K->3818K(153600K), 0.0161267 secs] 232416K->99535K(494976K), 0.0161961 secs] [Times: user=0.01 sys=0.00, real=0.02 secs] 
2018-03-30T11:31:01.799+0000: 146.546: [GC (Allocation Failure) 2018-03-30T11:31:01.799+0000: 146.546: [DefNew: 140394K->4711K(153600K), 0.0092432 secs] 236111K->100428K(494976K), 0.0093118 secs] [Times: user=0.02 sys=0.00, real=0.01 secs] 
2018-03-30T11:31:07.680+0000: 152.426: [GC (Allocation Failure) 2018-03-30T11:31:07.680+0000: 152.426: [DefNew: 141287K->5432K(153600K), 0.0101382 secs] 237004K->101148K(494976K), 0.0102037 secs] [Times: user=0.01 sys=0.00, real=0.01 secs] 
2018-03-30T11:31:13.308+0000: 158.055: [GC (Allocation Failure) 2018-03-30T11:31:13.308+0000: 158.055: [DefNew: 142008K->7656K(153600K), 0.0129419 secs] 237724K->103372K(494976K), 0.0130058 secs] [Times: user=0.01 sys=0.00, real=0.01 secs] 
2018-03-30T11:31:18.343+0000: 163.090: [GC (Allocation Failure) 2018-03-30T11:31:18.343+0000: 163.090: [DefNew: 143573K->7055K(153600K), 0.0121415 secs] 239290K->102771K(494976K), 0.0122091 secs] [Times: user=0.02 sys=0.00, real=0.01 secs] 
2018-03-30T11:31:23.850+0000: 168.597: [GC (Allocation Failure) 2018-03-30T11:31:23.850+0000: 168.597: [DefNew: 143186K->7256K(153600K), 0.0113863 secs] 238902K->102973K(494976K), 0.0114515 secs] [Times: user=0.01 sys=0.00, real=0.01 secs] 
2018-03-30T11:31:29.225+0000: 173.972: [GC (Allocation Failure) 2018-03-30T11:31:29.226+0000: 173.972: [DefNew: 143832K->8187K(153600K), 0.0129374 secs] 239549K->103904K(494976K), 0.0130165 secs] [Times: user=0.00 sys=0.01, real=0.02 secs] 
2018-03-30T11:31:33.931+0000: 178.678: [GC (Allocation Failure) 2018-03-30T11:31:33.931+0000: 178.678: [DefNew: 144763K->8943K(153600K), 0.0133137 secs] 240480K->104660K(494976K), 0.0133806 secs] [Times: user=0.01 sys=0.00, real=0.01 secs] 
2018-03-30T11:31:38.910+0000: 183.656: [GC (Allocation Failure) 2018-03-30T11:31:38.910+0000: 183.656: [DefNew: 145519K->11028K(153600K), 0.0370042 secs] 241236K->107352K(494976K), 0.0370695 secs] [Times: user=0.03 sys=0.00, real=0.04 secs] 
2018-03-30T11:31:43.811+0000: 188.558: [GC (Allocation Failure) 2018-03-30T11:31:43.811+0000: 188.558: [DefNew: 147604K->9254K(153600K), 0.0190799 secs] 243928K->108050K(494976K), 0.0191513 secs] [Times: user=0.02 sys=0.00, real=0.02 secs] 
2018-03-30T11:31:48.802+0000: 193.548: [GC (Allocation Failure) 2018-03-30T11:31:48.802+0000: 193.548: [DefNew: 145830K->7357K(153600K), 0.0142289 secs] 244626K->107416K(494976K), 0.0142947 secs] [Times: user=0.02 sys=0.00, real=0.01 secs] 
2018-03-30T11:31:53.805+0000: 198.552: [GC (Allocation Failure) 2018-03-30T11:31:53.805+0000: 198.552: [DefNew: 143933K->8497K(153600K), 0.0136045 secs] 243992K->108556K(494976K), 0.0136734 secs] [Times: user=0.02 sys=0.00, real=0.02 secs] 
2018-03-30T11:31:58.490+0000: 203.237: [GC (Allocation Failure) 2018-03-30T11:31:58.490+0000: 203.237: [DefNew: 145073K->8115K(153600K), 0.0119075 secs] 245132K->108174K(494976K), 0.0119739 secs] [Times: user=0.01 sys=0.00, real=0.01 secs] 
2018-03-30T11:32:03.510+0000: 208.257: [GC (Allocation Failure) 2018-03-30T11:32:03.510+0000: 208.257: [DefNew: 144691K->8643K(153600K), 0.0128529 secs] 244750K->108702K(494976K), 0.0129178 secs] [Times: user=0.02 sys=0.00, real=0.01 secs] 
2018-03-30T11:32:07.903+0000: 212.649: [GC (Allocation Failure) 2018-03-30T11:32:07.903+0000: 212.649: [DefNew: 144807K->8762K(153600K), 0.0273455 secs] 244866K->109452K(494976K), 0.0274173 secs] [Times: user=0.03 sys=0.00, real=0.03 secs] 
2018-03-30T11:32:12.299+0000: 217.045: [GC (Allocation Failure) 2018-03-30T11:32:12.299+0000: 217.045: [DefNew: 145338K->9190K(153600K), 0.0153625 secs] 246028K->110579K(494976K), 0.0154275 secs] [Times: user=0.01 sys=0.00, real=0.01 secs] 
2018-03-30T11:32:16.463+0000: 221.209: [GC (Allocation Failure) 2018-03-30T11:32:16.463+0000: 221.209: [DefNew: 145766K->8630K(153600K), 0.0153832 secs] 247155K->111225K(494976K), 0.0154487 secs] [Times: user=0.02 sys=0.00, real=0.02 secs] 
2018-03-30T11:32:21.297+0000: 226.044: [GC (Allocation Failure) 2018-03-30T11:32:21.297+0000: 226.044: [DefNew: 145206K->7947K(153600K), 0.0131264 secs] 247801K->111231K(494976K), 0.0131917 secs] [Times: user=0.02 sys=0.00, real=0.02 secs] 
2018-03-30T11:32:25.802+0000: 230.549: [GC (Allocation Failure) 2018-03-30T11:32:25.802+0000: 230.549: [DefNew: 144523K->9394K(153600K), 0.0139294 secs] 247807K->112677K(494976K), 0.0140041 secs] [Times: user=0.01 sys=0.00, real=0.01 secs] 
2018-03-30T11:32:29.808+0000: 234.555: [GC (Allocation Failure) 2018-03-30T11:32:29.809+0000: 234.555: [DefNew: 145970K->9614K(153600K), 0.0168203 secs] 249253K->113970K(494976K), 0.0168820 secs] [Times: user=0.01 sys=0.00, real=0.01 secs] 
2018-03-30T11:32:34.407+0000: 239.153: [GC (Allocation Failure) 2018-03-30T11:32:34.407+0000: 239.153: [DefNew: 146190K->9471K(153600K), 0.0299798 secs] 250546K->115288K(494976K), 0.0300408 secs] [Times: user=0.04 sys=0.00, real=0.02 secs] 
2018-03-30T11:32:38.859+0000: 243.605: [GC (Allocation Failure) 2018-03-30T11:32:38.859+0000: 243.605: [DefNew: 146047K->8936K(153600K), 0.0298760 secs] 251864K->116055K(494976K), 0.0299449 secs] [Times: user=0.03 sys=0.00, real=0.03 secs] 
2018-03-30T11:32:43.351+0000: 248.097: [GC (Allocation Failure) 2018-03-30T11:32:43.351+0000: 248.097: [DefNew: 139809K->6614K(153600K), 0.0111523 secs] 246928K->114517K(494976K), 0.0112174 secs] [Times: user=0.01 sys=0.00, real=0.01 secs] 
2018-03-30T11:32:47.802+0000: 252.549: [GC (Allocation Failure) 2018-03-30T11:32:47.802+0000: 252.549: [DefNew: 143190K->7966K(153600K), 0.0122885 secs] 251093K->115869K(494976K), 0.0123522 secs] [Times: user=0.02 sys=0.00, real=0.01 secs] 
2018-03-30T11:32:52.155+0000: 256.902: [GC (Allocation Failure) 2018-03-30T11:32:52.155+0000: 256.902: [DefNew: 144542K->8119K(153600K), 0.0115560 secs] 252445K->116022K(494976K), 0.0116305 secs] [Times: user=0.01 sys=0.00, real=0.02 secs] 
2018-03-30T11:32:56.371+0000: 261.118: [GC (Allocation Failure) 2018-03-30T11:32:56.371+0000: 261.118: [DefNew: 142653K->8355K(153600K), 0.0122392 secs] 250556K->116258K(494976K), 0.0123252 secs] [Times: user=0.01 sys=0.00, real=0.01 secs] 
2018-03-30T11:33:00.800+0000: 265.546: [GC (Allocation Failure) 2018-03-30T11:33:00.800+0000: 265.546: [DefNew: 144931K->9453K(153600K), 0.0133922 secs] 252834K->117356K(494976K), 0.0134605 secs] [Times: user=0.01 sys=0.00, real=0.01 secs] 
2018-03-30T11:33:04.598+0000: 269.345: [GC (Allocation Failure) 2018-03-30T11:33:04.598+0000: 269.345: [DefNew: 145972K->8704K(153600K), 0.0145331 secs] 253875K->117761K(494976K), 0.0145985 secs] [Times: user=0.01 sys=0.00, real=0.01 secs] 
2018-03-30T11:33:08.317+0000: 273.063: [GC (Allocation Failure) 2018-03-30T11:33:08.317+0000: 273.063: [DefNew: 145280K->10151K(153600K), 0.0161940 secs] 254337K->119703K(494976K), 0.0162540 secs] [Times: user=0.02 sys=0.00, real=0.02 secs] 
2018-03-30T11:33:12.429+0000: 277.176: [GC (Allocation Failure) 2018-03-30T11:33:12.429+0000: 277.176: [DefNew: 141373K->7832K(153600K), 0.0240803 secs] 250924K->119086K(494976K), 0.0241640 secs] [Times: user=0.03 sys=0.00, real=0.02 secs] 
2018-03-30T11:33:16.083+0000: 280.829: [GC (Allocation Failure) 2018-03-30T11:33:16.083+0000: 280.829: [DefNew: 144408K->8973K(153600K), 0.0252161 secs] 255662K->120227K(494976K), 0.0252973 secs] [Times: user=0.03 sys=0.00, real=0.03 secs] 
2018-03-30T11:33:19.819+0000: 284.566: [GC (Allocation Failure) 2018-03-30T11:33:19.819+0000: 284.566: [DefNew: 145549K->11256K(153600K), 0.0175969 secs] 256803K->123133K(494976K), 0.0176625 secs] [Times: user=0.02 sys=0.00, real=0.01 secs] 
2018-03-30T11:33:23.304+0000: 288.050: [GC (Allocation Failure) 2018-03-30T11:33:23.304+0000: 288.050: [DefNew: 147832K->7853K(153600K), 0.0172984 secs] 259709K->122485K(494976K), 0.0173685 secs] [Times: user=0.02 sys=0.00, real=0.02 secs] 
2018-03-30T11:33:26.862+0000: 291.609: [GC (Allocation Failure) 2018-03-30T11:33:26.862+0000: 291.609: [DefNew: 137563K->7674K(153600K), 0.0112320 secs] 252194K->122305K(494976K), 0.0113020 secs] [Times: user=0.01 sys=0.00, real=0.01 secs] 
2018-03-30T11:33:30.455+0000: 295.202: [GC (Allocation Failure) 2018-03-30T11:33:30.455+0000: 295.202: [DefNew: 141890K->8382K(153600K), 0.0227482 secs] 256521K->123013K(494976K), 0.0228142 secs] [Times: user=0.03 sys=0.00, real=0.03 secs] 
2018-03-30T11:33:34.313+0000: 299.060: [GC (Allocation Failure) 2018-03-30T11:33:34.313+0000: 299.060: [DefNew: 144958K->10025K(153600K), 0.0229760 secs] 259589K->124657K(494976K), 0.0230428 secs] [Times: user=0.02 sys=0.00, real=0.02 secs] 
2018-03-30T11:33:37.809+0000: 302.556: [GC (Allocation Failure) 2018-03-30T11:33:37.809+0000: 302.556: [DefNew: 146601K->8455K(153600K), 0.0238566 secs] 261233K->124673K(494976K), 0.0239351 secs] [Times: user=0.02 sys=0.00, real=0.02 secs] 
2018-03-30T11:33:41.372+0000: 306.119: [GC (Allocation Failure) 2018-03-30T11:33:41.372+0000: 306.119: [DefNew: 139734K->8595K(153600K), 0.0123126 secs] 255951K->124812K(494976K), 0.0123917 secs] [Times: user=0.01 sys=0.00, real=0.01 secs] 
2018-03-30T11:33:44.870+0000: 309.617: [GC (Allocation Failure) 2018-03-30T11:33:44.870+0000: 309.617: [DefNew: 142215K->8399K(153600K), 0.0130338 secs] 258432K->125434K(494976K), 0.0131025 secs] [Times: user=0.01 sys=0.00, real=0.01 secs] 
2018-03-30T11:33:47.871+0000: 312.618: [GC (Allocation Failure) 2018-03-30T11:33:47.871+0000: 312.618: [DefNew: 138126K->17024K(153600K), 0.0184294 secs] 255160K->142405K(494976K), 0.0185110 secs] [Times: user=0.02 sys=0.00, real=0.02 secs] 
2018-03-30T11:33:50.899+0000: 315.646: [GC (Allocation Failure) 2018-03-30T11:33:50.899+0000: 315.646: [DefNew: 151604K->17023K(153600K), 0.0173438 secs] 276985K->161674K(494976K), 0.0174082 secs] [Times: user=0.01 sys=0.00, real=0.01 secs] 
2018-03-30T11:33:54.405+0000: 319.151: [GC (Allocation Failure) 2018-03-30T11:33:54.405+0000: 319.151: [DefNew: 153599K->6199K(153600K), 0.0544762 secs] 298250K->167580K(494976K), 0.0545431 secs] [Times: user=0.04 sys=0.01, real=0.06 secs] 
2018-03-30T11:33:57.953+0000: 322.700: [GC (Allocation Failure) 2018-03-30T11:33:57.953+0000: 322.700: [DefNew: 140821K->4996K(153600K), 0.0142966 secs] 302201K->166377K(494976K), 0.0144052 secs] [Times: user=0.02 sys=0.00, real=0.02 secs] 
2018-03-30T11:34:01.311+0000: 326.057: [GC (Allocation Failure) 2018-03-30T11:34:01.311+0000: 326.057: [DefNew: 141572K->8127K(153600K), 0.0130575 secs] 302953K->169508K(494976K), 0.0131310 secs] [Times: user=0.01 sys=0.00, real=0.01 secs] 
2018-03-30T11:34:04.802+0000: 329.549: [GC (Allocation Failure) 2018-03-30T11:34:04.802+0000: 329.549: [DefNew: 144703K->7947K(153600K), 0.0117299 secs] 306084K->169328K(494976K), 0.0117982 secs] [Times: user=0.01 sys=0.00, real=0.01 secs] 
2018-03-30T11:34:08.378+0000: 333.125: [GC (Allocation Failure) 2018-03-30T11:34:08.378+0000: 333.125: [DefNew: 142383K->8011K(153600K), 0.0111782 secs] 303763K->169392K(494976K), 0.0112419 secs] [Times: user=0.01 sys=0.00, real=0.01 secs] 
2018-03-30T11:34:11.818+0000: 336.565: [GC (Allocation Failure) 2018-03-30T11:34:11.818+0000: 336.565: [DefNew: 144587K->11204K(153600K), 0.0167644 secs] 305968K->172585K(494976K), 0.0168526 secs] [Times: user=0.01 sys=0.00, real=0.01 secs] 
2018-03-30T11:34:15.374+0000: 340.121: [GC (Allocation Failure) 2018-03-30T11:34:15.374+0000: 340.121: [DefNew: 146995K->6218K(153600K), 0.0139238 secs] 308375K->170641K(494976K), 0.0139892 secs] [Times: user=0.01 sys=0.00, real=0.02 secs] 
2018-03-30T11:34:18.982+0000: 343.729: [GC (Allocation Failure) 2018-03-30T11:34:18.982+0000: 343.729: [DefNew: 137809K->7111K(153600K), 0.0175792 secs] 302232K->171534K(494976K), 0.0176557 secs] [Times: user=0.02 sys=0.00, real=0.02 secs] 
2018-03-30T11:34:22.465+0000: 347.212: [GC (Allocation Failure) 2018-03-30T11:34:22.465+0000: 347.212: [DefNew: 140262K->7910K(153600K), 0.0171762 secs] 304685K->172332K(494976K), 0.0172389 secs] [Times: user=0.01 sys=0.00, real=0.02 secs] 
2018-03-30T11:34:25.856+0000: 350.602: [GC (Allocation Failure) 2018-03-30T11:34:25.856+0000: 350.602: [DefNew: 144486K->11414K(153600K), 0.0305138 secs] 308908K->175836K(494976K), 0.0305789 secs] [Times: user=0.03 sys=0.00, real=0.04 secs] 
2018-03-30T11:34:29.269+0000: 354.016: [GC (Allocation Failure) 2018-03-30T11:34:29.269+0000: 354.016: [DefNew: 147990K->6267K(153600K), 0.0275319 secs] 312412K->173576K(494976K), 0.0275976 secs] [Times: user=0.03 sys=0.00, real=0.02 secs] 
2018-03-30T11:34:32.816+0000: 357.563: [GC (Allocation Failure) 2018-03-30T11:34:32.817+0000: 357.563: [DefNew: 142843K->8103K(153600K), 0.0186917 secs] 310152K->175411K(494976K), 0.0187669 secs] [Times: user=0.02 sys=0.00, real=0.02 secs] 
2018-03-30T11:34:35.972+0000: 360.718: [GC (Allocation Failure) 2018-03-30T11:34:35.972+0000: 360.718: [DefNew: 143753K->7921K(153600K), 0.0169570 secs] 311062K->175230K(494976K), 0.0170223 secs] [Times: user=0.02 sys=0.00, real=0.02 secs] 
2018-03-30T11:34:39.461+0000: 364.208: [GC (Allocation Failure) 2018-03-30T11:34:39.461+0000: 364.208: [DefNew: 144428K->8804K(153600K), 0.0191762 secs] 311737K->176113K(494976K), 0.0192503 secs] [Times: user=0.02 sys=0.00, real=0.02 secs] 
2018-03-30T11:34:42.363+0000: 367.110: [GC (Allocation Failure) 2018-03-30T11:34:42.363+0000: 367.110: [DefNew: 145380K->13381K(153600K), 0.0208898 secs] 312689K->181233K(494976K), 0.0209845 secs] [Times: user=0.02 sys=0.00, real=0.02 secs] 
2018-03-30T11:34:45.378+0000: 370.125: [GC (Allocation Failure) 2018-03-30T11:34:45.378+0000: 370.125: [DefNew: 143226K->5126K(153600K), 0.0135046 secs] 311077K->177396K(494976K), 0.0135723 secs] [Times: user=0.02 sys=0.00, real=0.01 secs] 
2018-03-30T11:34:48.827+0000: 373.574: [GC (Allocation Failure) 2018-03-30T11:34:48.827+0000: 373.574: [DefNew: 141702K->8747K(153600K), 0.0132952 secs] 313972K->181017K(494976K), 0.0133633 secs] [Times: user=0.01 sys=0.00, real=0.01 secs] 
2018-03-30T11:34:51.880+0000: 376.627: [GC (Allocation Failure) 2018-03-30T11:34:51.880+0000: 376.627: [DefNew: 138004K->5446K(153600K), 0.0098058 secs] 310274K->178987K(494976K), 0.0098817 secs] [Times: user=0.01 sys=0.00, real=0.01 secs] 
2018-03-30T11:34:54.889+0000: 379.635: [GC (Allocation Failure) 2018-03-30T11:34:54.889+0000: 379.635: [DefNew: 135474K->6441K(153600K), 0.0093680 secs] 309015K->179982K(494976K), 0.0094323 secs] [Times: user=0.00 sys=0.00, real=0.01 secs] 
2018-03-30T11:34:58.001+0000: 382.748: [GC (Allocation Failure) 2018-03-30T11:34:58.001+0000: 382.748: [DefNew: 143017K->16914K(153600K), 0.0223759 secs] 316558K->190454K(494976K), 0.0224368 secs] [Times: user=0.02 sys=0.00, real=0.02 secs] 
2018-03-30T11:35:00.991+0000: 385.738: [GC (Allocation Failure) 2018-03-30T11:35:00.991+0000: 385.738: [DefNew: 150611K->3386K(153600K), 0.0225585 secs] 324151K->181735K(494976K), 0.0226234 secs] [Times: user=0.02 sys=0.00, real=0.02 secs] 
2018-03-30T11:35:04.207+0000: 388.954: [GC (Allocation Failure) 2018-03-30T11:35:04.208+0000: 388.954: [DefNew: 139962K->6166K(153600K), 0.0177607 secs] 318311K->184515K(494976K), 0.0178328 secs] [Times: user=0.02 sys=0.00, real=0.01 secs] 
2018-03-30T11:35:06.888+0000: 391.634: [GC (Allocation Failure) 2018-03-30T11:35:06.888+0000: 391.634: [DefNew: 135157K->6723K(153600K), 0.0096363 secs] 313506K->185072K(494976K), 0.0097112 secs] [Times: user=0.01 sys=0.00, real=0.00 secs] 
2018-03-30T11:35:09.885+0000: 394.631: [GC (Allocation Failure) 2018-03-30T11:35:09.885+0000: 394.631: [DefNew: 135383K->7557K(153600K), 0.0098842 secs] 313732K->185906K(494976K), 0.0099437 secs] [Times: user=0.01 sys=0.00, real=0.01 secs] 
2018-03-30T11:35:13.316+0000: 398.063: [GC (Allocation Failure) 2018-03-30T11:35:13.316+0000: 398.063: [DefNew: 144133K->10560K(153600K), 0.0143088 secs] 322482K->188909K(494976K), 0.0143795 secs] [Times: user=0.01 sys=0.00, real=0.02 secs] 
2018-03-30T11:35:16.045+0000: 400.792: [GC (Allocation Failure) 2018-03-30T11:35:16.045+0000: 400.792: [DefNew: 147136K->5979K(153600K), 0.0120682 secs] 325485K->187402K(494976K), 0.0121370 secs] [Times: user=0.01 sys=0.00, real=0.01 secs] 
2018-03-30T11:35:19.321+0000: 404.068: [GC (Allocation Failure) 2018-03-30T11:35:19.321+0000: 404.068: [DefNew: 142555K->9201K(153600K), 0.0133443 secs] 323978K->190624K(494976K), 0.0134273 secs] [Times: user=0.01 sys=0.00, real=0.01 secs] 
2018-03-30T11:35:22.768+0000: 407.515: [GC (Allocation Failure) 2018-03-30T11:35:22.768+0000: 407.515: [DefNew: 145777K->6888K(153600K), 0.0104322 secs] 327200K->189113K(494976K), 0.0104971 secs] [Times: user=0.00 sys=0.01, real=0.01 secs] 
2018-03-30T11:35:25.797+0000: 410.544: [GC (Allocation Failure) 2018-03-30T11:35:25.798+0000: 410.544: [DefNew: 143464K->8287K(153600K), 0.0175693 secs] 325689K->190512K(494976K), 0.0176339 secs] [Times: user=0.01 sys=0.01, real=0.02 secs] 
2018-03-30T11:35:28.831+0000: 413.577: [GC (Allocation Failure) 2018-03-30T11:35:28.831+0000: 413.577: [DefNew: 144863K->10416K(153600K), 0.0259155 secs] 327088K->192642K(494976K), 0.0259813 secs] [Times: user=0.02 sys=0.00, real=0.02 secs] 
2018-03-30T11:35:31.467+0000: 416.214: [GC (Allocation Failure) 2018-03-30T11:35:31.467+0000: 416.214: [DefNew: 142820K->7343K(153600K), 0.0125943 secs] 325046K->191511K(494976K), 0.0126692 secs] [Times: user=0.01 sys=0.00, real=0.01 secs] 
2018-03-30T11:35:34.321+0000: 419.067: [GC (Allocation Failure) 2018-03-30T11:35:34.321+0000: 419.067: [DefNew: 143919K->11321K(153600K), 0.0155752 secs] 328087K->195489K(494976K), 0.0156433 secs] [Times: user=0.01 sys=0.00, real=0.01 secs] 
2018-03-30T11:35:37.318+0000: 422.065: [GC (Allocation Failure) 2018-03-30T11:35:37.318+0000: 422.065: [DefNew: 147897K->8763K(153600K), 0.0166935 secs] 332065K->195554K(494976K), 0.0167643 secs] [Times: user=0.02 sys=0.00, real=0.01 secs] 
2018-03-30T11:35:40.392+0000: 425.138: [GC (Allocation Failure) 2018-03-30T11:35:40.392+0000: 425.139: [DefNew: 145339K->9310K(153600K), 0.0163832 secs] 332130K->197249K(494976K), 0.0164523 secs] [Times: user=0.02 sys=0.00, real=0.02 secs] 
2018-03-30T11:35:43.299+0000: 428.045: [GC (Allocation Failure) 2018-03-30T11:35:43.299+0000: 428.045: [DefNew: 145886K->6429K(153600K), 0.0108286 secs] 333825K->195371K(494976K), 0.0108963 secs] [Times: user=0.01 sys=0.00, real=0.01 secs] 
2018-03-30T11:35:46.313+0000: 431.060: [GC (Allocation Failure) 2018-03-30T11:35:46.313+0000: 431.060: [DefNew: 143005K->8750K(153600K), 0.0122127 secs] 331947K->197692K(494976K), 0.0122905 secs] [Times: user=0.01 sys=0.00, real=0.02 secs] 
2018-03-30T11:35:49.302+0000: 434.048: [GC (Allocation Failure) 2018-03-30T11:35:49.302+0000: 434.048: [DefNew: 145326K->8216K(153600K), 0.0125970 secs] 334268K->197866K(494976K), 0.0126628 secs] [Times: user=0.01 sys=0.00, real=0.01 secs] 
2018-03-30T11:35:52.273+0000: 437.020: [GC (Allocation Failure) 2018-03-30T11:35:52.273+0000: 437.020: [DefNew: 144792K->8751K(153600K), 0.0111267 secs] 334442K->198401K(494976K), 0.0111921 secs] [Times: user=0.01 sys=0.00, real=0.01 secs] 
2018-03-30T11:35:54.893+0000: 439.640: [GC (Allocation Failure) 2018-03-30T11:35:54.893+0000: 439.640: [DefNew: 136470K->8070K(153600K), 0.0116628 secs] 326120K->198347K(494976K), 0.0117367 secs] [Times: user=0.02 sys=0.00, real=0.01 secs] 
2018-03-30T11:35:57.820+0000: 442.566: [GC (Allocation Failure) 2018-03-30T11:35:57.820+0000: 442.566: [DefNew: 144618K->11331K(153600K), 0.0156715 secs] 334894K->201607K(494976K), 0.0157580 secs] [Times: user=0.01 sys=0.00, real=0.01 secs] 
2018-03-30T11:36:00.359+0000: 445.105: [GC (Allocation Failure) 2018-03-30T11:36:00.359+0000: 445.105: [DefNew: 147907K->10789K(153600K), 0.0195508 secs] 338183K->203426K(494976K), 0.0196178 secs] [Times: user=0.02 sys=0.01, real=0.02 secs] 
2018-03-30T11:36:03.386+0000: 448.132: [GC (Allocation Failure) 2018-03-30T11:36:03.386+0000: 448.132: [DefNew: 145698K->5903K(153600K), 0.0106370 secs] 338335K->200535K(494976K), 0.0107096 secs] [Times: user=0.01 sys=0.00, real=0.00 secs] 
2018-03-30T11:36:06.385+0000: 451.132: [GC (Allocation Failure) 2018-03-30T11:36:06.385+0000: 451.132: [DefNew: 140911K->6769K(153600K), 0.0090204 secs] 335543K->201401K(494976K), 0.0090811 secs] [Times: user=0.00 sys=0.00, real=0.01 secs] 
2018-03-30T11:36:09.386+0000: 454.133: [GC (Allocation Failure) 2018-03-30T11:36:09.386+0000: 454.133: [DefNew: 140254K->7643K(153600K), 0.0095174 secs] 334886K->202274K(494976K), 0.0095856 secs] [Times: user=0.01 sys=0.00, real=0.00 secs] 
2018-03-30T11:36:12.323+0000: 457.069: [GC (Allocation Failure) 2018-03-30T11:36:12.323+0000: 457.069: [DefNew: 144219K->11750K(153600K), 0.0164252 secs] 338850K->206381K(494976K), 0.0164936 secs] [Times: user=0.01 sys=0.00, real=0.02 secs] 
2018-03-30T11:36:15.019+0000: 459.765: [GC (Allocation Failure) 2018-03-30T11:36:15.019+0000: 459.765: [DefNew: 148326K->5811K(153600K), 0.0121161 secs] 342957K->203580K(494976K), 0.0121873 secs] [Times: user=0.01 sys=0.00, real=0.01 secs] 
2018-03-30T11:36:17.854+0000: 462.600: [GC (Allocation Failure) 2018-03-30T11:36:17.854+0000: 462.600: [DefNew: 142387K->10759K(153600K), 0.0308093 secs] 340156K->208527K(494976K), 0.0308916 secs] [Times: user=0.03 sys=0.00, real=0.03 secs] 
2018-03-30T11:36:20.826+0000: 465.573: [GC (Allocation Failure) 2018-03-30T11:36:20.826+0000: 465.573: [DefNew: 147335K->6913K(153600K), 0.0321045 secs] 345103K->207406K(494976K), 0.0321691 secs] [Times: user=0.02 sys=0.01, real=0.03 secs] 
2018-03-30T11:36:23.489+0000: 468.236: [GC (Allocation Failure) 2018-03-30T11:36:23.489+0000: 468.236: [DefNew: 133744K->6746K(153600K), 0.0151916 secs] 334237K->207238K(494976K), 0.0152625 secs] [Times: user=0.02 sys=0.00, real=0.01 secs] 
2018-03-30T11:36:26.357+0000: 471.103: [GC (Allocation Failure) 2018-03-30T11:36:26.357+0000: 471.103: [DefNew: 143322K->10596K(153600K), 0.0276972 secs] 343814K->211088K(494976K), 0.0277717 secs] [Times: user=0.03 sys=0.00, real=0.03 secs] 
2018-03-30T11:36:28.987+0000: 473.734: [GC (Allocation Failure) 2018-03-30T11:36:28.987+0000: 473.734: [DefNew: 135782K->5963K(153600K), 0.0212126 secs] 336274K->209000K(494976K), 0.0212906 secs] [Times: user=0.02 sys=0.00, real=0.02 secs] 
2018-03-30T11:36:32.061+0000: 476.808: [GC (Allocation Failure) 2018-03-30T11:36:32.061+0000: 476.808: [DefNew: 142539K->17023K(153600K), 0.0223859 secs] 345576K->220871K(494976K), 0.0224453 secs] [Times: user=0.02 sys=0.00, real=0.02 secs] 
2018-03-30T11:36:34.991+0000: 479.738: [GC (Allocation Failure) 2018-03-30T11:36:34.992+0000: 479.738: [DefNew: 147460K->2277K(153600K), 0.0203416 secs] 351308K->210233K(494976K), 0.0204257 secs] [Times: user=0.01 sys=0.01, real=0.02 secs] 
2018-03-30T11:36:37.393+0000: 482.140: [GC (Allocation Failure) 2018-03-30T11:36:37.394+0000: 482.140: [DefNew: 127832K->4902K(153600K), 0.0079683 secs] 335788K->212859K(494976K), 0.0080563 secs] [Times: user=0.01 sys=0.00, real=0.01 secs] 
2018-03-30T11:36:40.050+0000: 484.797: [GC (Allocation Failure) 2018-03-30T11:36:40.050+0000: 484.797: [DefNew: 141478K->6379K(153600K), 0.0093218 secs] 349435K->214336K(494976K), 0.0094015 secs] [Times: user=0.01 sys=0.00, real=0.01 secs] 
2018-03-30T11:36:42.902+0000: 487.649: [GC (Allocation Failure) 2018-03-30T11:36:42.902+0000: 487.649: [DefNew: 141521K->7454K(153600K), 0.0099224 secs] 349477K->215411K(494976K), 0.0099911 secs] [Times: user=0.01 sys=0.00, real=0.01 secs] 
2018-03-30T11:36:45.803+0000: 490.549: [GC (Allocation Failure) 2018-03-30T11:36:45.803+0000: 490.549: [DefNew: 144030K->9360K(153600K), 0.0117926 secs] 351987K->217316K(494976K), 0.0118685 secs] [Times: user=0.02 sys=0.00, real=0.01 secs] 
2018-03-30T11:36:48.402+0000: 493.149: [GC (Allocation Failure) 2018-03-30T11:36:48.402+0000: 493.149: [DefNew: 141982K->7624K(153600K), 0.0117002 secs] 349939K->217145K(494976K), 0.0117762 secs] [Times: user=0.01 sys=0.00, real=0.01 secs] 
2018-03-30T11:36:51.361+0000: 496.108: [GC (Allocation Failure) 2018-03-30T11:36:51.361+0000: 496.108: [DefNew: 144200K->11905K(153600K), 0.0164423 secs] 353721K->221426K(494976K), 0.0165112 secs] [Times: user=0.02 sys=0.00, real=0.02 secs] 
2018-03-30T11:36:54.226+0000: 498.973: [GC (Allocation Failure) 2018-03-30T11:36:54.226+0000: 498.973: [DefNew: 148481K->5949K(153600K), 0.0124596 secs] 358002K->218675K(494976K), 0.0125355 secs] [Times: user=0.01 sys=0.00, real=0.01 secs] 
2018-03-30T11:36:56.356+0000: 501.103: [GC (Allocation Failure) 2018-03-30T11:36:56.357+0000: 501.103: [DefNew: 142525K->11097K(153600K), 0.0311403 secs] 355251K->223823K(494976K), 0.0312105 secs] [Times: user=0.04 sys=0.00, real=0.04 secs] 
2018-03-30T11:36:59.006+0000: 503.753: [GC (Allocation Failure) 2018-03-30T11:36:59.006+0000: 503.753: [DefNew: 144463K->5685K(153600K), 0.0187337 secs] 357189K->221108K(494976K), 0.0188065 secs] [Times: user=0.02 sys=0.00, real=0.01 secs] 
2018-03-30T11:37:01.828+0000: 506.574: [GC (Allocation Failure) 2018-03-30T11:37:01.828+0000: 506.574: [DefNew: 142261K->8207K(153600K), 0.0224782 secs] 357684K->223631K(494976K), 0.0225569 secs] [Times: user=0.02 sys=0.00, real=0.02 secs] 
2018-03-30T11:37:04.397+0000: 509.144: [GC (Allocation Failure) 2018-03-30T11:37:04.397+0000: 509.144: [DefNew: 139236K->7831K(153600K), 0.0100218 secs] 354660K->223254K(494976K), 0.0100878 secs] [Times: user=0.01 sys=0.00, real=0.02 secs] 
2018-03-30T11:37:07.397+0000: 512.143: [GC (Allocation Failure) 2018-03-30T11:37:07.397+0000: 512.143: [DefNew: 144407K->11962K(153600K), 0.0168028 secs] 359830K->227385K(494976K), 0.0168751 secs] [Times: user=0.02 sys=0.00, real=0.02 secs] 
2018-03-30T11:37:10.277+0000: 515.023: [GC (Allocation Failure) 2018-03-30T11:37:10.277+0000: 515.023: [DefNew: 148538K->5347K(153600K), 0.0124528 secs] 363961K->224373K(494976K), 0.0125249 secs] [Times: user=0.01 sys=0.00, real=0.02 secs] 
2018-03-30T11:37:12.901+0000: 517.648: [GC (Allocation Failure) 2018-03-30T11:37:12.901+0000: 517.648: [DefNew: 140441K->6877K(153600K), 0.0095531 secs] 359467K->225903K(494976K), 0.0096194 secs] [Times: user=0.01 sys=0.00, real=0.01 secs] 
2018-03-30T11:37:15.406+0000: 520.153: [GC (Allocation Failure) 2018-03-30T11:37:15.406+0000: 520.153: [DefNew: 134678K->8013K(153600K), 0.0101622 secs] 353704K->227039K(494976K), 0.0102265 secs] [Times: user=0.01 sys=0.00, real=0.00 secs] 
2018-03-30T11:37:18.049+0000: 522.795: [GC (Allocation Failure) 2018-03-30T11:37:18.049+0000: 522.795: [DefNew: 139733K->9290K(153600K), 0.0250754 secs] 358759K->228316K(494976K), 0.0251377 secs] [Times: user=0.02 sys=0.00, real=0.02 secs] 
2018-03-30T11:37:20.484+0000: 525.231: [GC (Allocation Failure) 2018-03-30T11:37:20.485+0000: 525.231: [DefNew: 135954K->8807K(153600K), 0.0133939 secs] 354980K->228842K(494976K), 0.0134702 secs] [Times: user=0.01 sys=0.00, real=0.02 secs] 
2018-03-30T11:37:22.860+0000: 527.607: [GC (Allocation Failure) 2018-03-30T11:37:22.860+0000: 527.607: [DefNew: 145383K->12634K(153600K), 0.0352459 secs] 365418K->233500K(494976K), 0.0353145 secs] [Times: user=0.03 sys=0.00, real=0.03 secs] 
2018-03-30T11:37:25.502+0000: 530.249: [GC (Allocation Failure) 2018-03-30T11:37:25.502+0000: 530.249: [DefNew: 139138K->5679K(153600K), 0.0117870 secs] 360004K->230162K(494976K), 0.0118420 secs] [Times: user=0.01 sys=0.00, real=0.01 secs] 
11:37:26.814 [Client] INFO  c.s.f.r.e.s.SocketFront  - FlameSocketGraphDeployerFront@10.0.0.97 has been disconnected from Connection 7
11:37:26.815 [Client] INFO  c.s.f.r.e.s.SocketRear  - FlameSocketGraphDeployerRear@10.0.0.97: has been disconnected from Connection 7
11:37:39.310 [worker-akka.actor.default-dispatcher-4] INFO  a.a.CoordinatedShutdown CoordinatedShutdown(akka://worker) - Starting coordinated shutdown from JVM shutdown hook
11:37:39.326 [worker-akka.actor.default-dispatcher-17] INFO  a.a.LocalActorRef akka://worker/user/watcher/graph_at_0/edge/FlameSocketGraphDeployerFront - Stopped
11:37:39.330 [worker-akka.actor.default-dispatcher-17] INFO  a.a.LocalActorRef akka://worker/user/watcher/graph_at_0/edge/FlameSocketGraphDeployerRear - Stopped
11:37:39.330 [worker-akka.actor.default-dispatcher-17] INFO  a.a.LocalActorRef akka://worker/user/watcher/graph_at_0/negotiator - Stopped
11:37:39.330 [worker-akka.actor.default-dispatcher-17] INFO  a.a.LocalActorRef akka://worker/user/watcher/graph_at_0/edge - Stopped
11:37:39.330 [worker-akka.actor.default-dispatcher-17] INFO  a.a.LocalActorRef akka://worker/user/watcher/graph_at_0/graph/$a - Stopped
11:37:39.331 [worker-akka.actor.default-dispatcher-3] INFO  a.a.LocalActorRef akka://worker/user/watcher/graph_at_0/graph/$b - Stopped
11:37:39.331 [worker-akka.actor.default-dispatcher-3] INFO  a.a.LocalActorRef akka://worker/user/watcher/graph_at_0/graph/$c - Stopped
11:37:39.332 [worker-akka.actor.default-dispatcher-3] INFO  a.a.LocalActorRef akka://worker/user/watcher/graph_at_0/graph/local-acker/$a - Stopped
11:37:39.332 [worker-akka.actor.default-dispatcher-2] INFO  a.a.LocalActorRef akka://worker/user/watcher/graph_at_0/graph/local-acker/$a - Message [com.spbsu.flamestream.runtime.utils.akka.PingActor$InnerPing] from Actor[akka://worker/user/watcher/graph_at_0/graph/local-acker/$a#-1943640273] to Actor[akka://worker/user/watcher/graph_at_0/graph/local-acker/$a#-1943640273] was not delivered. [1] dead letters encountered. This logging can be turned off or adjusted with configuration settings 'akka.log-dead-letters' and 'akka.log-dead-letters-during-shutdown'.
11:37:39.335 [worker-akka.actor.default-dispatcher-10] INFO  a.a.LocalActorRef akka://worker/user/watcher/graph_at_0/graph/local-acker - Stopped
11:37:39.335 [worker-akka.actor.default-dispatcher-10] INFO  a.a.LocalActorRef akka://worker/user/watcher/graph_at_0/graph - Stopped
11:37:39.335 [worker-akka.actor.default-dispatcher-10] INFO  a.a.LocalActorRef akka://worker/user/watcher/graph_at_0 - Stopped
11:37:39.337 [worker-akka.actor.default-dispatcher-15] INFO  a.a.RepointableActorRef akka://worker/user/watcher - Stopped
11:37:39.337 [worker-akka.actor.default-dispatcher-18] INFO  a.a.LocalActorRef akka://worker/user/watcher/graph_at_0/graph/local-acker/$a - Message [com.spbsu.flamestream.runtime.utils.akka.PingActor$Stop] from Actor[akka://worker/user/watcher/graph_at_0/graph/local-acker#-2061949547] to Actor[akka://worker/user/watcher/graph_at_0/graph/local-acker/$a#-1943640273] was not delivered. [2] dead letters encountered. This logging can be turned off or adjusted with configuration settings 'akka.log-dead-letters' and 'akka.log-dead-letters-during-shutdown'.
11:37:39.338 [worker-akka.actor.default-dispatcher-6-EventThread] INFO  o.a.z.ClientCnxn  - EventThread shut down for session: 0x16276a9cd3d0008
11:37:39.339 [worker-akka.actor.default-dispatcher-10] INFO  o.a.z.ZooKeeper  - Session: 0x16276a9cd3d0008 closed
11:37:39.347 [worker-akka.actor.default-dispatcher-13] INFO  a.r.RemoteActorRefProvider$RemotingTerminator akka://worker@10.0.0.97:5412/system/remoting-terminator - Shutting down remote daemon.
11:37:39.349 [worker-akka.actor.default-dispatcher-13] INFO  a.r.RemoteActorRefProvider$RemotingTerminator akka://worker@10.0.0.97:5412/system/remoting-terminator - Remote daemon shut down; proceeding with flushing remote transports.
11:37:40.478 [worker-akka.actor.default-dispatcher-16] INFO  a.r.RemoteActorRefProvider$RemotingTerminator akka://worker@10.0.0.97:5412/system/remoting-terminator - Remoting shut down.
Heap
 def new generation   total 153600K, used 128411K [0x00000000e0c00000, 0x00000000eb2a0000, 0x00000000eb2a0000)
  eden space 136576K,  89% used [0x00000000e0c00000, 0x00000000e83daef8, 0x00000000e9160000)
  from space 17024K,  33% used [0x00000000ea200000, 0x00000000ea78bf80, 0x00000000eb2a0000)
  to   space 17024K,   0% used [0x00000000e9160000, 0x00000000e9160000, 0x00000000ea200000)
 tenured generation   total 341376K, used 224482K [0x00000000eb2a0000, 0x0000000100000000, 0x0000000100000000)
   the space 341376K,  65% used [0x00000000eb2a0000, 0x00000000f8dd8b10, 0x00000000f8dd8c00, 0x0000000100000000)
 Metaspace       used 34424K, capacity 35296K, committed 35456K, reserved 1079296K
  class space    used 4535K, capacity 4705K, committed 4736K, reserved 1048576K
