17:02:03,323 |-INFO in ch.qos.logback.classic.LoggerContext[default] - Could NOT find resource [logback-test.xml]
17:02:03,323 |-INFO in ch.qos.logback.classic.LoggerContext[default] - Could NOT find resource [logback.groovy]
17:02:03,323 |-INFO in ch.qos.logback.classic.LoggerContext[default] - Found resource [logback.xml] at [jar:file:/opt/flamestream/lib/flamestream-runtime-1.0-SNAPSHOT.jar!/logback.xml]
17:02:03,324 |-WARN in ch.qos.logback.classic.LoggerContext[default] - Resource [logback.xml] occurs multiple times on the classpath.
17:02:03,324 |-WARN in ch.qos.logback.classic.LoggerContext[default] - Resource [logback.xml] occurs at [jar:file:/opt/flamestream/flamestream-runtime-1.0-SNAPSHOT.jar!/logback.xml]
17:02:03,324 |-WARN in ch.qos.logback.classic.LoggerContext[default] - Resource [logback.xml] occurs at [jar:file:/opt/flamestream/lib/flamestream-runtime-1.0-SNAPSHOT.jar!/logback.xml]
17:02:03,350 |-INFO in ch.qos.logback.core.joran.spi.ConfigurationWatchList@69b794e2 - URL [jar:file:/opt/flamestream/lib/flamestream-runtime-1.0-SNAPSHOT.jar!/logback.xml] is not of type file
17:02:03,439 |-INFO in ch.qos.logback.classic.joran.action.ConfigurationAction - debug attribute not set
17:02:03,440 |-INFO in ch.qos.logback.core.joran.action.AppenderAction - About to instantiate appender of type [ch.qos.logback.core.ConsoleAppender]
17:02:03,445 |-INFO in ch.qos.logback.core.joran.action.AppenderAction - Naming appender as [STDOUT]
17:02:03,453 |-INFO in ch.qos.logback.core.joran.action.NestedComplexPropertyIA - Assuming default type [ch.qos.logback.classic.encoder.PatternLayoutEncoder] for [encoder] property
17:02:03,489 |-INFO in ch.qos.logback.core.joran.action.AppenderAction - About to instantiate appender of type [ch.qos.logback.core.rolling.RollingFileAppender]
17:02:03,497 |-INFO in ch.qos.logback.core.joran.action.AppenderAction - Naming appender as [FILE]
17:02:03,518 |-INFO in c.q.l.core.rolling.TimeBasedRollingPolicy@1059063940 - No compression will be used
17:02:03,519 |-INFO in c.q.l.core.rolling.TimeBasedRollingPolicy@1059063940 - Will use the pattern /tmp/application_%d{yyyy-MM-dd}.%i.log for the active file
17:02:03,522 |-INFO in ch.qos.logback.core.rolling.SizeAndTimeBasedFNATP@4d339552 - The date pattern is 'yyyy-MM-dd' from file name pattern '/tmp/application_%d{yyyy-MM-dd}.%i.log'.
17:02:03,522 |-INFO in ch.qos.logback.core.rolling.SizeAndTimeBasedFNATP@4d339552 - Roll-over at midnight.
17:02:03,528 |-INFO in ch.qos.logback.core.rolling.SizeAndTimeBasedFNATP@4d339552 - Setting initial period to Thu Mar 22 17:00:20 UTC 2018
17:02:03,528 |-WARN in ch.qos.logback.core.rolling.SizeAndTimeBasedFNATP@4d339552 - SizeAndTimeBasedFNATP is deprecated. Use SizeAndTimeBasedRollingPolicy instead
17:02:03,528 |-WARN in ch.qos.logback.core.rolling.SizeAndTimeBasedFNATP@4d339552 - For more information see http://logback.qos.ch/manual/appenders.html#SizeAndTimeBasedRollingPolicy
17:02:03,532 |-INFO in ch.qos.logback.core.joran.action.NestedComplexPropertyIA - Assuming default type [ch.qos.logback.classic.encoder.PatternLayoutEncoder] for [encoder] property
17:02:03,537 |-INFO in ch.qos.logback.core.rolling.RollingFileAppender[FILE] - Active log file name: /tmp/application.log
17:02:03,537 |-INFO in ch.qos.logback.core.rolling.RollingFileAppender[FILE] - File property is set to [/tmp/application.log]
17:02:03,538 |-INFO in ch.qos.logback.classic.joran.action.RootLoggerAction - Setting level of ROOT logger to INFO
17:02:03,538 |-INFO in ch.qos.logback.core.joran.action.AppenderRefAction - Attaching appender named [STDOUT] to Logger[ROOT]
17:02:03,538 |-INFO in ch.qos.logback.core.joran.action.AppenderRefAction - Attaching appender named [FILE] to Logger[ROOT]
17:02:03,538 |-INFO in ch.qos.logback.classic.joran.action.ConfigurationAction - End of configuration.
17:02:03,539 |-INFO in ch.qos.logback.classic.joran.JoranConfigurator@f0f2775 - Registering current configuration as safe fallback point

17:02:03.543 [main] INFO  c.s.f.r.a.WorkerApplication  - Starting worker with id: '10.0.0.19', host: '10.0.0.19:5412', zkString: '10.0.0.101:2181'
17:02:04.419 [worker-akka.actor.default-dispatcher-3] INFO  a.e.s.Slf4jLogger  - Slf4jLogger started
2018-03-22T17:02:04.559+0000: 1.847: [Full GC (Metadata GC Threshold) 2018-03-22T17:02:04.559+0000: 1.847: [Tenured: 0K->15820K(341376K), 0.0395405 secs] 131326K->15820K(494976K), [Metaspace: 20950K->20950K(1067008K)], 0.0396068 secs] [Times: user=0.04 sys=0.00, real=0.04 secs] 
Ama winner
Ama winner
17:02:04.953 [worker-akka.actor.default-dispatcher-3] INFO  a.r.a.ArteryTransport(akka://worker) akka.remote.artery.ArteryTransport(akka://worker) - Started embedded media driver in directory [/dev/shm/aeron-root-worker-bb6a29b7-90b0-4c4e-a19d-650bf0cda5f4]
17:02:05.139 [worker-akka.actor.default-dispatcher-3] INFO  a.r.a.ArteryTransport(akka://worker) akka.remote.artery.ArteryTransport(akka://worker) - Remoting started; listening on address: [akka://worker@10.0.0.19:5412] with UID [1059936018196451017]
17:02:05.193 [worker-akka.actor.default-dispatcher-6] INFO  a.a.RepointableActorRef akka://worker/user/watcher - Starting...
17:02:05.204 [worker-akka.actor.default-dispatcher-4] INFO  o.a.z.ZooKeeper  - Client environment:zookeeper.version=3.4.9-1757313, built on 08/23/2016 06:50 GMT
17:02:05.204 [worker-akka.actor.default-dispatcher-4] INFO  o.a.z.ZooKeeper  - Client environment:host.name=localhost
17:02:05.205 [worker-akka.actor.default-dispatcher-4] INFO  o.a.z.ZooKeeper  - Client environment:java.version=1.8.0_151
17:02:05.205 [worker-akka.actor.default-dispatcher-4] INFO  o.a.z.ZooKeeper  - Client environment:java.vendor=Oracle Corporation
17:02:05.205 [worker-akka.actor.default-dispatcher-4] INFO  o.a.z.ZooKeeper  - Client environment:java.home=/usr/lib/jvm/java-8-openjdk-amd64/jre
17:02:05.205 [worker-akka.actor.default-dispatcher-4] INFO  o.a.z.ZooKeeper  - Client environment:java.class.path=lib/commons-cli-1.4.jar:lib/minlog-1.3.0.jar:lib/asm-5.0.4.jar:lib/hadoop-annotations-2.7.3.jar:lib/hadoop-auth-2.7.3.jar:lib/akka-slf4j_2.11-2.5.6.jar:lib/jersey-core-1.9.jar:lib/lz4-1.3.0.jar:lib/jackson-core-asl-1.9.13.jar:lib/aeron-client-1.3.0.jar:lib/htrace-core-3.1.0-incubating.jar:lib/xz-1.0.jar:lib/commons-httpclient-3.1.jar:lib/asm-3.1.jar:lib/commons-lang3-3.4.jar:lib/scala-library-2.11.11.jar:lib/scala-java8-compat_2.11-0.7.0.jar:lib/commons-configuration-1.6.jar:lib/objenesis-2.1.jar:lib/jackson-annotations-2.8.0.jar:lib/jsr305-3.0.0.jar:lib/curator-framework-2.7.1.jar:lib/jersey-server-1.9.jar:lib/jets3t-0.9.0.jar:lib/leveldb-0.7.jar:lib/jetty-6.1.26.jar:lib/stax-api-1.0-2.jar:lib/flamestream-core-1.0-SNAPSHOT.jar:lib/reflectasm-1.07-shaded.jar:lib/apacheds-kerberos-codec-2.0.0-M15.jar:lib/api-asn1-api-1.0.0-M20.jar:lib/commons-lang-2.6.jar:lib/commons-beanutils-1.7.0.jar:lib/jackson-xc-1.8.3.jar:lib/jetty-util-6.1.26.jar:lib/logback-classic-1.2.3.jar:lib/jool-0.9.12.jar:lib/httpcore-4.1.2.jar:lib/kryo-4.0.0.jar:lib/ant-1.8.1.jar:lib/jaxb-impl-2.2.3-1.jar:lib/jersey-json-1.9.jar:lib/commons-compress-1.4.1.jar:lib/leveldbjni-all-1.8.jar:lib/paranamer-2.3.jar:lib/jackson-core-2.8.4.jar:lib/commons-math3-3.6.1.jar:lib/scala-parser-combinators_2.11-1.0.4.jar:lib/netty-3.10.6.Final.jar:lib/trove4j-3.0.3.jar:lib/jaxb-api-2.2.2.jar:lib/logback-core-1.2.3.jar:lib/snappy-java-1.0.4.1.jar:lib/protobuf-java-2.5.0.jar:lib/reactive-streams-1.0.1.jar:lib/flamestream-examples-1.0-SNAPSHOT.jar:lib/commons-codec-1.4.jar:lib/activation-1.1.jar:lib/commons-net-3.1.jar:lib/curator-recipes-2.7.1.jar:lib/jackson-mapper-asl-1.9.13.jar:lib/jackson-databind-2.8.4.jar:lib/flamestream-runtime-1.0-SNAPSHOT.jar:lib/jackson-jaxrs-1.8.3.jar:lib/slf4j-api-1.7.24.jar:lib/akka-remote_2.11-2.5.6.jar:lib/akka-testkit_2.11-2.5.6.jar:lib/jline-0.9.94.jar:lib/jedis-2.9.0.jar:lib/akka-stream_2.11-2.5.6.jar:lib/jsp-api-2.1.jar:lib/kryonet-2.21.jar:lib/akka-kryo-serialization_2.11-0.5.0.jar:lib/config-1.3.1.jar:lib/ant-launcher-1.8.1.jar:lib/commons-logging-1.2.jar:lib/ssl-config-core_2.11-0.2.2.jar:lib/testng-6.10.jar:lib/leveldb-api-0.7.jar:lib/reflectasm-1.11.3.jar:lib/jcommander-1.48.jar:lib/commons-1.1.jar:lib/commons-digester-1.8.jar:lib/minlog-1.2.jar:lib/java-xmlbuilder-0.4.jar:lib/jettison-1.1.jar:lib/gson-2.2.4.jar:lib/jdk.tools-1.8.jar:lib/aeron-driver-1.3.0.jar:lib/zookeeper-3.4.9.jar:lib/commons-beanutils-core-1.8.0.jar:lib/commons-math3-3.1.1.jar:lib/akka-actor_2.11-2.5.6.jar:lib/curator-client-2.7.1.jar:lib/servlet-api-2.5.jar:lib/commons-pool2-2.4.2.jar:lib/apacheds-i18n-2.0.0-M15.jar:lib/commons-io-2.4.jar:lib/commons-codec-1.6.jar:lib/akka-protobuf_2.11-2.5.6.jar:lib/jdom-2.0.2.jar:lib/rocksdbjni-5.5.1.jar:lib/api-util-1.0.0-M20.jar:lib/hadoop-common-2.7.3.jar:lib/agrona-0.9.6.jar:lib/xmlenc-0.52.jar:lib/guava-21.0.jar:lib/commons-collections-3.2.2.jar:lib/avro-1.7.4.jar:lib/httpclient-4.1.2.jar:lib/flamestream-core-1.0-SNAPSHOT-tests.jar:lib/annotations-12.0.jar:lib/jsch-0.1.42.jar:flamestream-runtime-1.0-SNAPSHOT.jar
17:02:05.205 [worker-akka.actor.default-dispatcher-4] INFO  o.a.z.ZooKeeper  - Client environment:java.library.path=/usr/java/packages/lib/amd64:/usr/lib/x86_64-linux-gnu/jni:/lib/x86_64-linux-gnu:/usr/lib/x86_64-linux-gnu:/usr/lib/jni:/lib:/usr/lib
17:02:05.205 [worker-akka.actor.default-dispatcher-4] INFO  o.a.z.ZooKeeper  - Client environment:java.io.tmpdir=/tmp
17:02:05.205 [worker-akka.actor.default-dispatcher-4] INFO  o.a.z.ZooKeeper  - Client environment:java.compiler=<NA>
17:02:05.205 [worker-akka.actor.default-dispatcher-4] INFO  o.a.z.ZooKeeper  - Client environment:os.name=Linux
17:02:05.205 [worker-akka.actor.default-dispatcher-4] INFO  o.a.z.ZooKeeper  - Client environment:os.arch=amd64
17:02:05.206 [worker-akka.actor.default-dispatcher-4] INFO  o.a.z.ZooKeeper  - Client environment:os.version=4.4.0-1049-aws
17:02:05.207 [worker-akka.actor.default-dispatcher-4] INFO  o.a.z.ZooKeeper  - Client environment:user.name=root
17:02:05.207 [worker-akka.actor.default-dispatcher-4] INFO  o.a.z.ZooKeeper  - Client environment:user.home=/root
17:02:05.207 [worker-akka.actor.default-dispatcher-4] INFO  o.a.z.ZooKeeper  - Client environment:user.dir=/opt/flamestream
17:02:05.208 [worker-akka.actor.default-dispatcher-4] INFO  o.a.z.ZooKeeper  - Initiating client connection, connectString=10.0.0.101:2181 sessionTimeout=5000 watcher=com.spbsu.flamestream.runtime.application.LifecycleWatcher$$Lambda$29/1513340104@2d672f09
17:02:05.242 [worker-akka.actor.default-dispatcher-4-SendThread(10.0.0.101:2181)] INFO  o.a.z.ClientCnxn  - Opening socket connection to server 10.0.0.101/10.0.0.101:2181. Will not attempt to authenticate using SASL (unknown error)
17:02:05.243 [worker-akka.actor.default-dispatcher-6] INFO  a.a.RepointableActorRef akka://worker/user/watcher - Initializing rocksDB backend
17:02:05.251 [worker-akka.actor.default-dispatcher-4-SendThread(10.0.0.101:2181)] INFO  o.a.z.ClientCnxn  - Socket connection established to 10.0.0.101/10.0.0.101:2181, initiating session
17:02:05.267 [worker-akka.actor.default-dispatcher-4-SendThread(10.0.0.101:2181)] INFO  o.a.z.ClientCnxn  - Session establishment complete on server 10.0.0.101/10.0.0.101:2181, sessionid = 0x1624ea83f700005, negotiated timeout = 6000
17:02:05.432 [worker-akka.actor.default-dispatcher-6] INFO  a.a.RepointableActorRef akka://worker/user/watcher - Connected to ZK
17:02:13.202 [worker-akka.actor.default-dispatcher-6] INFO  a.a.RepointableActorRef akka://worker/user/watcher - Creating node with watchGraphs: 'com.spbsu.flamestream.core.Graph$Builder$MyGraph@7e598071', config: 'ClusterConfig{paths={10.0.0.62=akka://worker@10.0.0.62:5412/user/watcher/graph, 10.0.0.92=akka://worker@10.0.0.92:5412/user/watcher/graph, 10.0.0.19=akka://worker@10.0.0.19:5412/user/watcher/graph, 10.0.0.224=akka://worker@10.0.0.224:5412/user/watcher/graph, 10.0.0.16=akka://worker@10.0.0.16:5412/user/watcher/graph, 10.0.0.14=akka://worker@10.0.0.14:5412/user/watcher/graph, 10.0.0.45=akka://worker@10.0.0.45:5412/user/watcher/graph, 10.0.0.41=akka://worker@10.0.0.41:5412/user/watcher/graph, 10.0.0.52=akka://worker@10.0.0.52:5412/user/watcher/graph, 10.0.0.63=akka://worker@10.0.0.63:5412/user/watcher/graph}, ackerLocation='10.0.0.41', props=ComputationLayout{hashGroups={10.0.0.62=com.spbsu.flamestream.runtime.config.HashGroup@1ffe1b9d, 10.0.0.92=com.spbsu.flamestream.runtime.config.HashGroup@5d5c21bc, 10.0.0.19=com.spbsu.flamestream.runtime.config.HashGroup@56dcaf5d, 10.0.0.224=com.spbsu.flamestream.runtime.config.HashGroup@c65a7748, 10.0.0.16=com.spbsu.flamestream.runtime.config.HashGroup@231425fe, 10.0.0.14=com.spbsu.flamestream.runtime.config.HashGroup@fbc82752, 10.0.0.45=com.spbsu.flamestream.runtime.config.HashGroup@ccbcd570, 10.0.0.41=com.spbsu.flamestream.runtime.config.HashGroup@c01f, 10.0.0.52=com.spbsu.flamestream.runtime.config.HashGroup@4276a447, 10.0.0.63=com.spbsu.flamestream.runtime.config.HashGroup@3fc198ed}}}'
17:02:14.102 [worker-akka.actor.default-dispatcher-4] INFO  a.a.LocalActorRef akka://worker/user/watcher/graph/graph - Starting...
17:02:14.110 [worker-akka.actor.default-dispatcher-5] INFO  a.a.LocalActorRef akka://worker/user/watcher/graph/graph/local-acker/$a - Starting...
17:02:14.114 [worker-akka.actor.default-dispatcher-4] INFO  a.a.LocalActorRef akka://worker/user/watcher/graph/graph/local-acker - Starting...
17:02:14.912 [worker-akka.actor.default-dispatcher-5] INFO  a.a.LocalActorRef akka://worker/user/watcher/graph/graph - Finishing constructor
17:02:14.914 [worker-akka.actor.default-dispatcher-3] INFO  a.a.LocalActorRef akka://worker/user/watcher/graph/edge - Starting...
17:02:14.915 [worker-akka.actor.default-dispatcher-3] INFO  a.a.LocalActorRef akka://worker/user/watcher/graph - Starting...
17:02:14.918 [worker-akka.actor.default-dispatcher-4] INFO  a.a.LocalActorRef akka://worker/user/watcher/graph/negotiator - Starting...
17:02:14.953 [worker-akka.actor.default-dispatcher-10] INFO  a.a.LocalActorRef akka://worker/user/watcher/graph/negotiator - Requesting ticket for the frontClass FlameSocketGraphDeployerFront@10.0.0.19
17:02:14.970 [worker-akka.actor.default-dispatcher-4] INFO  a.a.LocalActorRef akka://worker/user/watcher/graph/graph - Received last commit 'LastCommit{globalTime=(0000000, min@min)}'
17:02:14.988 [worker-akka.actor.default-dispatcher-6] INFO  c.s.f.r.e.s.SocketRear  - FlameSocketGraphDeployerRear@10.0.0.19: connecting to 10.0.0.101:5678
17:02:14.999 [worker-akka.actor.default-dispatcher-3] INFO  a.a.LocalActorRef akka://worker/user/watcher/graph/edge/FlameSocketGraphDeployerFront - Starting...
17:02:15.002 [worker-akka.actor.default-dispatcher-6] INFO  c.s.f.r.e.s.SocketRear  - FlameSocketGraphDeployerRear@10.0.0.19: connected to 10.0.0.101:5678
17:02:15.003 [worker-akka.actor.default-dispatcher-6] INFO  a.a.LocalActorRef akka://worker/user/watcher/graph/edge/FlameSocketGraphDeployerRear - Starting...
17:02:15.052 [worker-akka.actor.default-dispatcher-4] INFO  a.a.LocalActorRef akka://worker/user/watcher/graph/graph/$a - Starting...
17:02:15.062 [worker-akka.actor.default-dispatcher-4] INFO  a.a.LocalActorRef akka://worker/user/watcher/graph/graph/$b - Starting...
17:02:15.079 [worker-akka.actor.default-dispatcher-4] INFO  a.a.LocalActorRef akka://worker/user/watcher/graph/graph/$c - Starting...
17:02:15.109 [worker-akka.actor.default-dispatcher-6] INFO  a.a.LocalActorRef akka://worker/user/watcher/graph/graph/$c - Attached rear to graph (-9223372036854775808, min@min)
17:02:15.541 [worker-akka.actor.default-dispatcher-6] INFO  a.a.LocalActorRef akka://worker/user/watcher/graph/negotiator - Ticket for the frontClass received: FrontTicket{allowedTimestamp=(0000000, FlameSocketGraphDeployerFront@10.0.0.19)}
17:02:15.542 [worker-akka.actor.default-dispatcher-6] INFO  c.s.f.r.e.s.SocketFront  - FlameSocketGraphDeployerFront@10.0.0.19: connecting to 10.0.0.101:4567
17:02:15.565 [Client] INFO  c.s.f.r.e.s.SocketFront  - FlameSocketGraphDeployerFront@10.0.0.19 has been disconnected from Connection 4
2018-03-22T17:02:19.826+0000: 17.114: [GC (Allocation Failure) 2018-03-22T17:02:19.826+0000: 17.114: [DefNew: 136576K->16038K(153600K), 0.0259243 secs] 152396K->51390K(494976K), 0.0259863 secs] [Times: user=0.02 sys=0.01, real=0.03 secs] 
2018-03-22T17:02:28.097+0000: 25.385: [GC (Allocation Failure) 2018-03-22T17:02:28.097+0000: 25.385: [DefNew: 152614K->5709K(153600K), 0.0184886 secs] 187966K->49342K(494976K), 0.0185510 secs] [Times: user=0.01 sys=0.00, real=0.02 secs] 
2018-03-22T17:02:38.409+0000: 35.697: [GC (Allocation Failure) 2018-03-22T17:02:38.409+0000: 35.697: [DefNew: 142285K->9716K(153600K), 0.0129214 secs] 185918K->53349K(494976K), 0.0129974 secs] [Times: user=0.01 sys=0.01, real=0.02 secs] 
2018-03-22T17:02:47.313+0000: 44.601: [GC (Allocation Failure) 2018-03-22T17:02:47.313+0000: 44.601: [DefNew: 146292K->10303K(153600K), 0.0215660 secs] 189925K->55758K(494976K), 0.0216329 secs] [Times: user=0.02 sys=0.00, real=0.02 secs] 
2018-03-22T17:02:55.070+0000: 52.358: [GC (Allocation Failure) 2018-03-22T17:02:55.070+0000: 52.358: [DefNew: 146879K->5580K(153600K), 0.0159769 secs] 192334K->56691K(494976K), 0.0160523 secs] [Times: user=0.01 sys=0.01, real=0.02 secs] 
2018-03-22T17:03:02.258+0000: 59.546: [GC (Allocation Failure) 2018-03-22T17:03:02.259+0000: 59.546: [DefNew: 142156K->15291K(153600K), 0.0156967 secs] 193267K->66402K(494976K), 0.0157626 secs] [Times: user=0.02 sys=0.00, real=0.01 secs] 
2018-03-22T17:03:08.439+0000: 65.726: [GC (Allocation Failure) 2018-03-22T17:03:08.439+0000: 65.726: [DefNew: 151867K->3841K(153600K), 0.0178984 secs] 202978K->67735K(494976K), 0.0179732 secs] [Times: user=0.02 sys=0.00, real=0.01 secs] 
2018-03-22T17:03:14.920+0000: 72.207: [GC (Allocation Failure) 2018-03-22T17:03:14.920+0000: 72.207: [DefNew: 140417K->5696K(153600K), 0.0126463 secs] 204311K->69590K(494976K), 0.0127086 secs] [Times: user=0.01 sys=0.00, real=0.01 secs] 
2018-03-22T17:03:21.332+0000: 78.620: [GC (Allocation Failure) 2018-03-22T17:03:21.332+0000: 78.620: [DefNew: 142272K->6574K(153600K), 0.0123685 secs] 206166K->70468K(494976K), 0.0124245 secs] [Times: user=0.02 sys=0.00, real=0.01 secs] 
2018-03-22T17:03:28.109+0000: 85.397: [GC (Allocation Failure) 2018-03-22T17:03:28.109+0000: 85.397: [DefNew: 143150K->7551K(153600K), 0.0135570 secs] 207044K->71445K(494976K), 0.0136190 secs] [Times: user=0.01 sys=0.00, real=0.02 secs] 
2018-03-22T17:03:34.303+0000: 91.591: [GC (Allocation Failure) 2018-03-22T17:03:34.303+0000: 91.591: [DefNew: 144127K->9535K(153600K), 0.0159736 secs] 208021K->73429K(494976K), 0.0160556 secs] [Times: user=0.01 sys=0.00, real=0.02 secs] 
2018-03-22T17:03:40.995+0000: 98.283: [GC (Allocation Failure) 2018-03-22T17:03:40.995+0000: 98.283: [DefNew: 146111K->8664K(153600K), 0.0160356 secs] 210005K->73605K(494976K), 0.0160986 secs] [Times: user=0.01 sys=0.00, real=0.02 secs] 
2018-03-22T17:03:47.283+0000: 104.571: [GC (Allocation Failure) 2018-03-22T17:03:47.283+0000: 104.571: [DefNew: 145240K->8458K(153600K), 0.0295973 secs] 210181K->74663K(494976K), 0.0296617 secs] [Times: user=0.03 sys=0.00, real=0.03 secs] 
2018-03-22T17:03:52.902+0000: 110.189: [GC (Allocation Failure) 2018-03-22T17:03:52.902+0000: 110.189: [DefNew: 145034K->8828K(153600K), 0.0134090 secs] 211239K->75032K(494976K), 0.0134807 secs] [Times: user=0.01 sys=0.00, real=0.01 secs] 
2018-03-22T17:03:58.781+0000: 116.069: [GC (Allocation Failure) 2018-03-22T17:03:58.781+0000: 116.069: [DefNew: 145404K->9317K(153600K), 0.0164856 secs] 211608K->76281K(494976K), 0.0165546 secs] [Times: user=0.01 sys=0.00, real=0.01 secs] 
2018-03-22T17:04:04.307+0000: 121.594: [GC (Allocation Failure) 2018-03-22T17:04:04.307+0000: 121.594: [DefNew: 145893K->9845K(153600K), 0.0344555 secs] 212857K->77652K(494976K), 0.0345303 secs] [Times: user=0.03 sys=0.00, real=0.04 secs] 
2018-03-22T17:04:08.786+0000: 126.073: [GC (Allocation Failure) 2018-03-22T17:04:08.786+0000: 126.073: [DefNew: 146421K->17024K(153600K), 0.0242624 secs] 214228K->95202K(494976K), 0.0243337 secs] [Times: user=0.03 sys=0.00, real=0.02 secs] 
2018-03-22T17:04:14.481+0000: 131.769: [GC (Allocation Failure) 2018-03-22T17:04:14.482+0000: 131.769: [DefNew: 153600K->3610K(153600K), 0.0156353 secs] 231778K->98701K(494976K), 0.0157022 secs] [Times: user=0.02 sys=0.00, real=0.01 secs] 
2018-03-22T17:04:19.865+0000: 137.152: [GC (Allocation Failure) 2018-03-22T17:04:19.865+0000: 137.152: [DefNew: 138256K->6731K(153600K), 0.0238616 secs] 233347K->101822K(494976K), 0.0239547 secs] [Times: user=0.03 sys=0.00, real=0.02 secs] 
2018-03-22T17:04:25.782+0000: 143.070: [GC (Allocation Failure) 2018-03-22T17:04:25.782+0000: 143.070: [DefNew: 143307K->6423K(153600K), 0.0122400 secs] 238398K->101514K(494976K), 0.0123144 secs] [Times: user=0.01 sys=0.00, real=0.01 secs] 
2018-03-22T17:04:31.316+0000: 148.604: [GC (Allocation Failure) 2018-03-22T17:04:31.316+0000: 148.604: [DefNew: 142488K->6814K(153600K), 0.0118370 secs] 237579K->101905K(494976K), 0.0119130 secs] [Times: user=0.01 sys=0.00, real=0.01 secs] 
2018-03-22T17:04:36.387+0000: 153.675: [GC (Allocation Failure) 2018-03-22T17:04:36.387+0000: 153.675: [DefNew: 143390K->7734K(153600K), 0.0133066 secs] 238481K->102825K(494976K), 0.0133699 secs] [Times: user=0.01 sys=0.00, real=0.02 secs] 
2018-03-22T17:04:41.308+0000: 158.596: [GC (Allocation Failure) 2018-03-22T17:04:41.308+0000: 158.596: [DefNew: 144310K->10297K(153600K), 0.0320316 secs] 239401K->105388K(494976K), 0.0320963 secs] [Times: user=0.03 sys=0.00, real=0.04 secs] 
2018-03-22T17:04:46.359+0000: 163.647: [GC (Allocation Failure) 2018-03-22T17:04:46.359+0000: 163.647: [DefNew: 146873K->7255K(153600K), 0.0145637 secs] 241964K->104094K(494976K), 0.0146270 secs] [Times: user=0.02 sys=0.00, real=0.01 secs] 
2018-03-22T17:04:51.329+0000: 168.617: [GC (Allocation Failure) 2018-03-22T17:04:51.329+0000: 168.617: [DefNew: 139002K->8183K(153600K), 0.0125929 secs] 235840K->105022K(494976K), 0.0126568 secs] [Times: user=0.01 sys=0.00, real=0.02 secs] 
2018-03-22T17:04:56.645+0000: 173.933: [GC (Allocation Failure) 2018-03-22T17:04:56.645+0000: 173.933: [DefNew: 144759K->8670K(153600K), 0.0128445 secs] 241598K->105509K(494976K), 0.0129060 secs] [Times: user=0.01 sys=0.00, real=0.01 secs] 
2018-03-22T17:05:01.287+0000: 178.575: [GC (Allocation Failure) 2018-03-22T17:05:01.287+0000: 178.575: [DefNew: 145246K->9892K(153600K), 0.0180259 secs] 242085K->107361K(494976K), 0.0180975 secs] [Times: user=0.02 sys=0.00, real=0.02 secs] 
2018-03-22T17:05:06.281+0000: 183.569: [GC (Allocation Failure) 2018-03-22T17:05:06.282+0000: 183.569: [DefNew: 146468K->7629K(153600K), 0.0287269 secs] 243937K->107052K(494976K), 0.0287928 secs] [Times: user=0.03 sys=0.00, real=0.03 secs] 
2018-03-22T17:05:10.905+0000: 188.192: [GC (Allocation Failure) 2018-03-22T17:05:10.905+0000: 188.192: [DefNew: 144205K->8280K(153600K), 0.0150123 secs] 243628K->107703K(494976K), 0.0150941 secs] [Times: user=0.01 sys=0.00, real=0.02 secs] 
2018-03-22T17:05:15.779+0000: 193.067: [GC (Allocation Failure) 2018-03-22T17:05:15.779+0000: 193.067: [DefNew: 144856K->8962K(153600K), 0.0133418 secs] 244279K->108385K(494976K), 0.0134066 secs] [Times: user=0.01 sys=0.00, real=0.01 secs] 
2018-03-22T17:05:20.349+0000: 197.637: [GC (Allocation Failure) 2018-03-22T17:05:20.349+0000: 197.637: [DefNew: 145538K->8937K(153600K), 0.0143427 secs] 244961K->108827K(494976K), 0.0144146 secs] [Times: user=0.01 sys=0.00, real=0.02 secs] 
2018-03-22T17:05:25.329+0000: 202.617: [GC (Allocation Failure) 2018-03-22T17:05:25.329+0000: 202.617: [DefNew: 143972K->8966K(153600K), 0.0142308 secs] 243861K->109469K(494976K), 0.0142945 secs] [Times: user=0.01 sys=0.00, real=0.02 secs] 
2018-03-22T17:05:29.827+0000: 207.115: [GC (Allocation Failure) 2018-03-22T17:05:29.827+0000: 207.115: [DefNew: 141334K->8951K(153600K), 0.0135514 secs] 241837K->109970K(494976K), 0.0136190 secs] [Times: user=0.01 sys=0.00, real=0.02 secs] 
2018-03-22T17:05:33.598+0000: 210.886: [GC (Allocation Failure) 2018-03-22T17:05:33.598+0000: 210.886: [DefNew: 145527K->8903K(153600K), 0.0287144 secs] 246546K->110638K(494976K), 0.0287785 secs] [Times: user=0.03 sys=0.00, real=0.02 secs] 
2018-03-22T17:05:37.832+0000: 215.120: [GC (Allocation Failure) 2018-03-22T17:05:37.832+0000: 215.120: [DefNew: 142002K->8936K(153600K), 0.0144177 secs] 243738K->111240K(494976K), 0.0144972 secs] [Times: user=0.01 sys=0.00, real=0.01 secs] 
2018-03-22T17:05:41.830+0000: 219.118: [GC (Allocation Failure) 2018-03-22T17:05:41.830+0000: 219.118: [DefNew: 143652K->9221K(153600K), 0.0148220 secs] 245955K->112147K(494976K), 0.0148998 secs] [Times: user=0.01 sys=0.00, real=0.01 secs] 
2018-03-22T17:05:46.150+0000: 223.438: [GC (Allocation Failure) 2018-03-22T17:05:46.150+0000: 223.438: [DefNew: 145797K->8545K(153600K), 0.0144446 secs] 248723K->112645K(494976K), 0.0145150 secs] [Times: user=0.01 sys=0.00, real=0.01 secs] 
2018-03-22T17:05:50.829+0000: 228.117: [GC (Allocation Failure) 2018-03-22T17:05:50.829+0000: 228.117: [DefNew: 144475K->8256K(153600K), 0.0131338 secs] 248575K->112966K(494976K), 0.0132039 secs] [Times: user=0.01 sys=0.00, real=0.02 secs] 
2018-03-22T17:05:54.815+0000: 232.102: [GC (Allocation Failure) 2018-03-22T17:05:54.815+0000: 232.102: [DefNew: 144832K->11365K(153600K), 0.0181052 secs] 249542K->116075K(494976K), 0.0181709 secs] [Times: user=0.02 sys=0.00, real=0.02 secs] 
2018-03-22T17:05:58.898+0000: 236.185: [GC (Allocation Failure) 2018-03-22T17:05:58.898+0000: 236.186: [DefNew: 145569K->6613K(153600K), 0.0239776 secs] 250279K->114480K(494976K), 0.0240397 secs] [Times: user=0.02 sys=0.00, real=0.03 secs] 
2018-03-22T17:06:03.298+0000: 240.585: [GC (Allocation Failure) 2018-03-22T17:06:03.298+0000: 240.585: [DefNew: 143189K->8784K(153600K), 0.0258737 secs] 251056K->116651K(494976K), 0.0259292 secs] [Times: user=0.03 sys=0.00, real=0.03 secs] 
2018-03-22T17:06:07.766+0000: 245.053: [GC (Allocation Failure) 2018-03-22T17:06:07.766+0000: 245.053: [DefNew: 145360K->7267K(153600K), 0.0226764 secs] 253227K->115735K(494976K), 0.0227386 secs] [Times: user=0.02 sys=0.00, real=0.02 secs] 
2018-03-22T17:06:11.901+0000: 249.189: [GC (Allocation Failure) 2018-03-22T17:06:11.901+0000: 249.189: [DefNew: 138834K->7762K(153600K), 0.0153250 secs] 247302K->116230K(494976K), 0.0153941 secs] [Times: user=0.02 sys=0.00, real=0.01 secs] 
2018-03-22T17:06:15.836+0000: 253.124: [GC (Allocation Failure) 2018-03-22T17:06:15.836+0000: 253.124: [DefNew: 139934K->8325K(153600K), 0.0118042 secs] 248402K->116793K(494976K), 0.0118729 secs] [Times: user=0.01 sys=0.00, real=0.01 secs] 
2018-03-22T17:06:19.838+0000: 257.126: [GC (Allocation Failure) 2018-03-22T17:06:19.839+0000: 257.126: [DefNew: 141353K->8920K(153600K), 0.0125474 secs] 249821K->117388K(494976K), 0.0126119 secs] [Times: user=0.01 sys=0.00, real=0.01 secs] 
2018-03-22T17:06:23.753+0000: 261.041: [GC (Allocation Failure) 2018-03-22T17:06:23.753+0000: 261.041: [DefNew: 145496K->8550K(153600K), 0.0137121 secs] 253964K->117842K(494976K), 0.0137879 secs] [Times: user=0.01 sys=0.00, real=0.01 secs] 
2018-03-22T17:06:27.716+0000: 265.004: [GC (Allocation Failure) 2018-03-22T17:06:27.716+0000: 265.004: [DefNew: 145126K->8658K(153600K), 0.0138985 secs] 254418K->118672K(494976K), 0.0139628 secs] [Times: user=0.02 sys=0.00, real=0.02 secs] 
2018-03-22T17:06:31.338+0000: 268.625: [GC (Allocation Failure) 2018-03-22T17:06:31.338+0000: 268.625: [DefNew: 144091K->8905K(153600K), 0.0137666 secs] 254105K->119342K(494976K), 0.0138343 secs] [Times: user=0.01 sys=0.00, real=0.02 secs] 
2018-03-22T17:06:35.281+0000: 272.569: [GC (Allocation Failure) 2018-03-22T17:06:35.281+0000: 272.569: [DefNew: 145481K->9239K(153600K), 0.0164645 secs] 255918K->120125K(494976K), 0.0165234 secs] [Times: user=0.02 sys=0.01, real=0.01 secs] 
2018-03-22T17:06:39.295+0000: 276.582: [GC (Allocation Failure) 2018-03-22T17:06:39.295+0000: 276.582: [DefNew: 145815K->9797K(153600K), 0.0262430 secs] 256701K->121510K(494976K), 0.0263173 secs] [Times: user=0.03 sys=0.00, real=0.03 secs] 
2018-03-22T17:06:42.910+0000: 280.197: [GC (Allocation Failure) 2018-03-22T17:06:42.910+0000: 280.197: [DefNew: 145441K->7816K(153600K), 0.0287624 secs] 257154K->121261K(494976K), 0.0288292 secs] [Times: user=0.03 sys=0.00, real=0.04 secs] 
2018-03-22T17:06:46.354+0000: 283.642: [GC (Allocation Failure) 2018-03-22T17:06:46.355+0000: 283.642: [DefNew: 143012K->8994K(153600K), 0.0131993 secs] 256458K->122440K(494976K), 0.0132681 secs] [Times: user=0.01 sys=0.00, real=0.01 secs] 
2018-03-22T17:06:49.782+0000: 287.070: [GC (Allocation Failure) 2018-03-22T17:06:49.782+0000: 287.070: [DefNew: 145570K->9790K(153600K), 0.0152181 secs] 259016K->123836K(494976K), 0.0153157 secs] [Times: user=0.01 sys=0.00, real=0.01 secs] 
2018-03-22T17:06:52.857+0000: 290.145: [GC (Allocation Failure) 2018-03-22T17:06:52.857+0000: 290.145: [DefNew: 145392K->17024K(153600K), 0.0195586 secs] 259438K->140178K(494976K), 0.0196301 secs] [Times: user=0.02 sys=0.01, real=0.02 secs] 
2018-03-22T17:06:55.895+0000: 293.183: [GC (Allocation Failure) 2018-03-22T17:06:55.895+0000: 293.183: [DefNew: 149645K->17023K(153600K), 0.0172847 secs] 272800K->159511K(494976K), 0.0173542 secs] [Times: user=0.01 sys=0.01, real=0.02 secs] 
2018-03-22T17:06:59.432+0000: 296.720: [GC (Allocation Failure) 2018-03-22T17:06:59.432+0000: 296.720: [DefNew: 152903K->3517K(153600K), 0.0405638 secs] 295391K->162712K(494976K), 0.0406386 secs] [Times: user=0.04 sys=0.01, real=0.04 secs] 
2018-03-22T17:07:03.240+0000: 300.528: [GC (Allocation Failure) 2018-03-22T17:07:03.240+0000: 300.528: [DefNew: 140093K->5253K(153600K), 0.0125718 secs] 299288K->164448K(494976K), 0.0126317 secs] [Times: user=0.02 sys=0.00, real=0.01 secs] 
2018-03-22T17:07:06.806+0000: 304.093: [GC (Allocation Failure) 2018-03-22T17:07:06.806+0000: 304.093: [DefNew: 141829K->8155K(153600K), 0.0195992 secs] 301024K->167350K(494976K), 0.0196752 secs] [Times: user=0.02 sys=0.00, real=0.02 secs] 
2018-03-22T17:07:09.856+0000: 307.143: [GC (Allocation Failure) 2018-03-22T17:07:09.856+0000: 307.143: [DefNew: 142023K->7559K(153600K), 0.0111126 secs] 301218K->166754K(494976K), 0.0111759 secs] [Times: user=0.01 sys=0.00, real=0.01 secs] 
2018-03-22T17:07:13.353+0000: 310.640: [GC (Allocation Failure) 2018-03-22T17:07:13.353+0000: 310.640: [DefNew: 139358K->8194K(153600K), 0.0113749 secs] 298553K->167388K(494976K), 0.0114411 secs] [Times: user=0.02 sys=0.00, real=0.01 secs] 
2018-03-22T17:07:16.782+0000: 314.070: [GC (Allocation Failure) 2018-03-22T17:07:16.782+0000: 314.070: [DefNew: 144770K->9912K(153600K), 0.0131063 secs] 303964K->169107K(494976K), 0.0131722 secs] [Times: user=0.01 sys=0.00, real=0.01 secs] 
2018-03-22T17:07:19.954+0000: 317.242: [GC (Allocation Failure) 2018-03-22T17:07:19.954+0000: 317.242: [DefNew: 142583K->7955K(153600K), 0.0248229 secs] 301778K->168917K(494976K), 0.0248880 secs] [Times: user=0.03 sys=0.00, real=0.03 secs] 
2018-03-22T17:07:23.290+0000: 320.577: [GC (Allocation Failure) 2018-03-22T17:07:23.290+0000: 320.578: [DefNew: 144531K->9376K(153600K), 0.0255487 secs] 305493K->170337K(494976K), 0.0256325 secs] [Times: user=0.02 sys=0.00, real=0.03 secs] 
2018-03-22T17:07:26.435+0000: 323.722: [GC (Allocation Failure) 2018-03-22T17:07:26.435+0000: 323.723: [DefNew: 144060K->8237K(153600K), 0.0248396 secs] 305021K->170652K(494976K), 0.0249082 secs] [Times: user=0.03 sys=0.00, real=0.03 secs] 
2018-03-22T17:07:29.936+0000: 327.224: [GC (Allocation Failure) 2018-03-22T17:07:29.936+0000: 327.224: [DefNew: 143181K->8729K(153600K), 0.0232586 secs] 305596K->171144K(494976K), 0.0233492 secs] [Times: user=0.03 sys=0.00, real=0.03 secs] 
2018-03-22T17:07:33.287+0000: 330.574: [GC (Allocation Failure) 2018-03-22T17:07:33.287+0000: 330.574: [DefNew: 145305K->9032K(153600K), 0.0256538 secs] 307720K->172072K(494976K), 0.0257318 secs] [Times: user=0.03 sys=0.00, real=0.03 secs] 
2018-03-22T17:07:36.199+0000: 333.486: [GC (Allocation Failure) 2018-03-22T17:07:36.199+0000: 333.486: [DefNew: 145608K->9130K(153600K), 0.0138624 secs] 308648K->172873K(494976K), 0.0139269 secs] [Times: user=0.02 sys=0.00, real=0.01 secs] 
2018-03-22T17:07:39.698+0000: 336.986: [GC (Allocation Failure) 2018-03-22T17:07:39.698+0000: 336.986: [DefNew: 145706K->8625K(153600K), 0.0122342 secs] 309449K->172989K(494976K), 0.0123248 secs] [Times: user=0.01 sys=0.01, real=0.02 secs] 
2018-03-22T17:07:42.942+0000: 340.230: [GC (Allocation Failure) 2018-03-22T17:07:42.942+0000: 340.230: [DefNew: 145201K->8100K(153600K), 0.0111598 secs] 309565K->173274K(494976K), 0.0112265 secs] [Times: user=0.01 sys=0.00, real=0.01 secs] 
2018-03-22T17:07:46.360+0000: 343.648: [GC (Allocation Failure) 2018-03-22T17:07:46.360+0000: 343.648: [DefNew: 140088K->8650K(153600K), 0.0114527 secs] 305262K->173824K(494976K), 0.0115465 secs] [Times: user=0.01 sys=0.00, real=0.01 secs] 
2018-03-22T17:07:49.360+0000: 346.647: [GC (Allocation Failure) 2018-03-22T17:07:49.360+0000: 346.647: [DefNew: 145226K->9163K(153600K), 0.0135826 secs] 310400K->174852K(494976K), 0.0136487 secs] [Times: user=0.01 sys=0.00, real=0.01 secs] 
2018-03-22T17:07:52.795+0000: 350.083: [GC (Allocation Failure) 2018-03-22T17:07:52.796+0000: 350.083: [DefNew: 145739K->10809K(153600K), 0.0173913 secs] 311428K->177880K(494976K), 0.0174566 secs] [Times: user=0.01 sys=0.00, real=0.02 secs] 
2018-03-22T17:07:55.860+0000: 353.147: [GC (Allocation Failure) 2018-03-22T17:07:55.860+0000: 353.147: [DefNew: 139014K->6905K(153600K), 0.0123635 secs] 306086K->176015K(494976K), 0.0124385 secs] [Times: user=0.01 sys=0.00, real=0.01 secs] 
2018-03-22T17:07:59.357+0000: 356.645: [GC (Allocation Failure) 2018-03-22T17:07:59.357+0000: 356.645: [DefNew: 143320K->7584K(153600K), 0.0102163 secs] 312430K->176694K(494976K), 0.0102908 secs] [Times: user=0.01 sys=0.00, real=0.01 secs] 
2018-03-22T17:08:02.405+0000: 359.692: [GC (Allocation Failure) 2018-03-22T17:08:02.405+0000: 359.692: [DefNew: 144160K->11611K(153600K), 0.0243938 secs] 313270K->180721K(494976K), 0.0244513 secs] [Times: user=0.02 sys=0.00, real=0.02 secs] 
2018-03-22T17:08:05.752+0000: 363.040: [GC (Allocation Failure) 2018-03-22T17:08:05.752+0000: 363.040: [DefNew: 148187K->6683K(153600K), 0.0331889 secs] 317297K->178329K(494976K), 0.0332621 secs] [Times: user=0.03 sys=0.01, real=0.03 secs] 
2018-03-22T17:08:08.571+0000: 365.858: [GC (Allocation Failure) 2018-03-22T17:08:08.571+0000: 365.858: [DefNew: 143259K->7833K(153600K), 0.0202404 secs] 314905K->179479K(494976K), 0.0203050 secs] [Times: user=0.02 sys=0.00, real=0.02 secs] 
2018-03-22T17:08:11.803+0000: 369.090: [GC (Allocation Failure) 2018-03-22T17:08:11.803+0000: 369.090: [DefNew: 144409K->10546K(153600K), 0.0264259 secs] 316055K->182192K(494976K), 0.0264925 secs] [Times: user=0.03 sys=0.00, real=0.02 secs] 
2018-03-22T17:08:15.250+0000: 372.537: [GC (Allocation Failure) 2018-03-22T17:08:15.250+0000: 372.537: [DefNew: 147122K->7002K(153600K), 0.0226226 secs] 318768K->181062K(494976K), 0.0226882 secs] [Times: user=0.02 sys=0.00, real=0.03 secs] 
2018-03-22T17:08:18.360+0000: 375.648: [GC (Allocation Failure) 2018-03-22T17:08:18.360+0000: 375.648: [DefNew: 137677K->7662K(153600K), 0.0096886 secs] 311737K->181722K(494976K), 0.0097546 secs] [Times: user=0.01 sys=0.00, real=0.00 secs] 
2018-03-22T17:08:21.364+0000: 378.651: [GC (Allocation Failure) 2018-03-22T17:08:21.364+0000: 378.651: [DefNew: 143267K->8608K(153600K), 0.0110672 secs] 317327K->182668K(494976K), 0.0111337 secs] [Times: user=0.01 sys=0.00, real=0.01 secs] 
2018-03-22T17:08:24.692+0000: 381.980: [GC (Allocation Failure) 2018-03-22T17:08:24.692+0000: 381.980: [DefNew: 145184K->8552K(153600K), 0.0120353 secs] 319244K->183427K(494976K), 0.0121037 secs] [Times: user=0.01 sys=0.00, real=0.01 secs] 
2018-03-22T17:08:27.779+0000: 385.066: [GC (Allocation Failure) 2018-03-22T17:08:27.779+0000: 385.066: [DefNew: 145128K->9038K(153600K), 0.0136280 secs] 320003K->184726K(494976K), 0.0137033 secs] [Times: user=0.02 sys=0.00, real=0.01 secs] 
2018-03-22T17:08:30.861+0000: 388.148: [GC (Allocation Failure) 2018-03-22T17:08:30.861+0000: 388.148: [DefNew: 145007K->8907K(153600K), 0.0120469 secs] 320695K->185157K(494976K), 0.0121377 secs] [Times: user=0.01 sys=0.00, real=0.01 secs] 
2018-03-22T17:08:33.789+0000: 391.076: [GC (Allocation Failure) 2018-03-22T17:08:33.789+0000: 391.076: [DefNew: 145483K->11098K(153600K), 0.0161498 secs] 321733K->187821K(494976K), 0.0162160 secs] [Times: user=0.02 sys=0.00, real=0.02 secs] 
2018-03-22T17:08:36.865+0000: 394.153: [GC (Allocation Failure) 2018-03-22T17:08:36.865+0000: 394.153: [DefNew: 137301K->6166K(153600K), 0.0119288 secs] 314025K->185733K(494976K), 0.0119950 secs] [Times: user=0.01 sys=0.00, real=0.01 secs] 
2018-03-22T17:08:39.868+0000: 397.156: [GC (Allocation Failure) 2018-03-22T17:08:39.868+0000: 397.156: [DefNew: 135337K->6974K(153600K), 0.0089336 secs] 314904K->186542K(494976K), 0.0090096 secs] [Times: user=0.01 sys=0.00, real=0.01 secs] 
2018-03-22T17:08:42.790+0000: 400.078: [GC (Allocation Failure) 2018-03-22T17:08:42.790+0000: 400.078: [DefNew: 143550K->9875K(153600K), 0.0136832 secs] 323118K->189442K(494976K), 0.0137533 secs] [Times: user=0.01 sys=0.00, real=0.01 secs] 
2018-03-22T17:08:45.796+0000: 403.084: [GC (Allocation Failure) 2018-03-22T17:08:45.796+0000: 403.084: [DefNew: 146451K->9455K(153600K), 0.0166396 secs] 326018K->190870K(494976K), 0.0167059 secs] [Times: user=0.01 sys=0.00, real=0.02 secs] 
2018-03-22T17:08:48.862+0000: 406.149: [GC (Allocation Failure) 2018-03-22T17:08:48.862+0000: 406.149: [DefNew: 142120K->6594K(153600K), 0.0105822 secs] 323535K->189426K(494976K), 0.0106587 secs] [Times: user=0.00 sys=0.00, real=0.01 secs] 
2018-03-22T17:08:51.791+0000: 409.079: [GC (Allocation Failure) 2018-03-22T17:08:51.791+0000: 409.079: [DefNew: 143170K->10310K(153600K), 0.0142661 secs] 326002K->193142K(494976K), 0.0143326 secs] [Times: user=0.02 sys=0.00, real=0.01 secs] 
2018-03-22T17:08:54.473+0000: 411.760: [GC (Allocation Failure) 2018-03-22T17:08:54.473+0000: 411.760: [DefNew: 146886K->7353K(153600K), 0.0123851 secs] 329718K->192277K(494976K), 0.0124397 secs] [Times: user=0.01 sys=0.00, real=0.01 secs] 
2018-03-22T17:08:57.487+0000: 414.775: [GC (Allocation Failure) 2018-03-22T17:08:57.487+0000: 414.775: [DefNew: 143641K->8231K(153600K), 0.0173424 secs] 328566K->193156K(494976K), 0.0174091 secs] [Times: user=0.02 sys=0.00, real=0.02 secs] 
2018-03-22T17:09:00.305+0000: 417.593: [GC (Allocation Failure) 2018-03-22T17:09:00.305+0000: 417.593: [DefNew: 144807K->10525K(153600K), 0.0281943 secs] 329732K->195450K(494976K), 0.0282561 secs] [Times: user=0.03 sys=0.00, real=0.03 secs] 
2018-03-22T17:09:03.316+0000: 420.604: [GC (Allocation Failure) 2018-03-22T17:09:03.316+0000: 420.604: [DefNew: 147046K->9818K(153600K), 0.0353407 secs] 331971K->197105K(494976K), 0.0354095 secs] [Times: user=0.03 sys=0.00, real=0.04 secs] 
2018-03-22T17:09:06.350+0000: 423.638: [GC (Allocation Failure) 2018-03-22T17:09:06.350+0000: 423.638: [DefNew: 146394K->10111K(153600K), 0.0331411 secs] 333681K->198788K(494976K), 0.0331993 secs] [Times: user=0.04 sys=0.01, real=0.03 secs] 
2018-03-22T17:09:08.992+0000: 426.280: [GC (Allocation Failure) 2018-03-22T17:09:08.992+0000: 426.280: [DefNew: 139404K->5728K(153600K), 0.0226519 secs] 328081K->196932K(494976K), 0.0227394 secs] [Times: user=0.03 sys=0.00, real=0.02 secs] 
2018-03-22T17:09:11.978+0000: 429.266: [GC (Allocation Failure) 2018-03-22T17:09:11.978+0000: 429.266: [DefNew: 138870K->6712K(153600K), 0.0164936 secs] 330074K->197917K(494976K), 0.0165594 secs] [Times: user=0.02 sys=0.00, real=0.01 secs] 
2018-03-22T17:09:14.467+0000: 431.754: [GC (Allocation Failure) 2018-03-22T17:09:14.467+0000: 431.754: [DefNew: 132618K->7990K(153600K), 0.0172145 secs] 323822K->199194K(494976K), 0.0172818 secs] [Times: user=0.02 sys=0.00, real=0.02 secs] 
2018-03-22T17:09:17.345+0000: 434.633: [GC (Allocation Failure) 2018-03-22T17:09:17.345+0000: 434.633: [DefNew: 144566K->12297K(153600K), 0.0317203 secs] 335770K->203502K(494976K), 0.0317889 secs] [Times: user=0.03 sys=0.00, real=0.03 secs] 
2018-03-22T17:09:19.890+0000: 437.178: [GC (Allocation Failure) 2018-03-22T17:09:19.890+0000: 437.178: [DefNew: 141976K->5978K(153600K), 0.0138404 secs] 333180K->201219K(494976K), 0.0139039 secs] [Times: user=0.01 sys=0.00, real=0.01 secs] 
2018-03-22T17:09:22.790+0000: 440.077: [GC (Allocation Failure) 2018-03-22T17:09:22.790+0000: 440.077: [DefNew: 142554K->8817K(153600K), 0.0120160 secs] 337795K->204057K(494976K), 0.0120891 secs] [Times: user=0.01 sys=0.00, real=0.02 secs] 
2018-03-22T17:09:25.376+0000: 442.663: [GC (Allocation Failure) 2018-03-22T17:09:25.376+0000: 442.663: [DefNew: 136934K->7398K(153600K), 0.0119022 secs] 332174K->203672K(494976K), 0.0119687 secs] [Times: user=0.01 sys=0.00, real=0.01 secs] 
2018-03-22T17:09:28.338+0000: 445.626: [GC (Allocation Failure) 2018-03-22T17:09:28.338+0000: 445.626: [DefNew: 143974K->11798K(153600K), 0.0163737 secs] 340248K->208072K(494976K), 0.0164490 secs] [Times: user=0.02 sys=0.00, real=0.01 secs] 
2018-03-22T17:09:31.294+0000: 448.582: [GC (Allocation Failure) 2018-03-22T17:09:31.294+0000: 448.582: [DefNew: 148374K->7142K(153600K), 0.0163107 secs] 344648K->207783K(494976K), 0.0163876 secs] [Times: user=0.02 sys=0.00, real=0.02 secs] 
2018-03-22T17:09:34.294+0000: 451.582: [GC (Allocation Failure) 2018-03-22T17:09:34.294+0000: 451.582: [DefNew: 143627K->8310K(153600K), 0.0121081 secs] 344268K->208951K(494976K), 0.0121749 secs] [Times: user=0.02 sys=0.00, real=0.01 secs] 
2018-03-22T17:09:36.875+0000: 454.163: [GC (Allocation Failure) 2018-03-22T17:09:36.875+0000: 454.163: [DefNew: 144848K->7603K(153600K), 0.0093345 secs] 345489K->208244K(494976K), 0.0094031 secs] [Times: user=0.01 sys=0.00, real=0.01 secs] 
2018-03-22T17:09:39.793+0000: 457.080: [GC (Allocation Failure) 2018-03-22T17:09:39.793+0000: 457.080: [DefNew: 144179K->9664K(153600K), 0.0121883 secs] 344820K->210305K(494976K), 0.0122622 secs] [Times: user=0.01 sys=0.00, real=0.01 secs] 
2018-03-22T17:09:42.450+0000: 459.738: [GC (Allocation Failure) 2018-03-22T17:09:42.450+0000: 459.738: [DefNew: 146240K->11876K(153600K), 0.0316593 secs] 346881K->213900K(494976K), 0.0317205 secs] [Times: user=0.03 sys=0.00, real=0.03 secs] 
2018-03-22T17:09:44.989+0000: 462.276: [GC (Allocation Failure) 2018-03-22T17:09:44.989+0000: 462.277: [DefNew: 139075K->5860K(153600K), 0.0248965 secs] 341099K->211327K(494976K), 0.0249663 secs] [Times: user=0.03 sys=0.00, real=0.03 secs] 
2018-03-22T17:09:47.678+0000: 464.966: [GC (Allocation Failure) 2018-03-22T17:09:47.678+0000: 464.966: [DefNew: 142436K->7156K(153600K), 0.0158866 secs] 347903K->212623K(494976K), 0.0159506 secs] [Times: user=0.02 sys=0.00, real=0.02 secs] 
2018-03-22T17:09:50.495+0000: 467.782: [GC (Allocation Failure) 2018-03-22T17:09:50.495+0000: 467.782: [DefNew: 142227K->8300K(153600K), 0.0150702 secs] 347694K->213767K(494976K), 0.0151459 secs] [Times: user=0.02 sys=0.00, real=0.01 secs] 
2018-03-22T17:09:52.910+0000: 470.197: [GC (Allocation Failure) 2018-03-22T17:09:52.910+0000: 470.197: [DefNew: 144876K->17024K(153600K), 0.0260193 secs] 350343K->226878K(494976K), 0.0260993 secs] [Times: user=0.02 sys=0.00, real=0.03 secs] 
2018-03-22T17:09:55.885+0000: 473.173: [GC (Allocation Failure) 2018-03-22T17:09:55.885+0000: 473.173: [DefNew: 148555K->2973K(153600K), 0.0110498 secs] 358410K->216363K(494976K), 0.0111167 secs] [Times: user=0.01 sys=0.00, real=0.01 secs] 
2018-03-22T17:09:58.874+0000: 476.161: [GC (Allocation Failure) 2018-03-22T17:09:58.874+0000: 476.161: [DefNew: 134737K->3951K(153600K), 0.0064174 secs] 348127K->217340K(494976K), 0.0064938 secs] [Times: user=0.00 sys=0.00, real=0.01 secs] 
2018-03-22T17:10:01.784+0000: 479.071: [GC (Allocation Failure) 2018-03-22T17:10:01.784+0000: 479.071: [DefNew: 140527K->6671K(153600K), 0.0101598 secs] 353916K->220061K(494976K), 0.0102394 secs] [Times: user=0.01 sys=0.00, real=0.01 secs] 
2018-03-22T17:10:04.293+0000: 481.581: [GC (Allocation Failure) 2018-03-22T17:10:04.293+0000: 481.581: [DefNew: 143247K->10002K(153600K), 0.0143636 secs] 356637K->223392K(494976K), 0.0144444 secs] [Times: user=0.01 sys=0.00, real=0.01 secs] 
2018-03-22T17:10:06.875+0000: 484.163: [GC (Allocation Failure) 2018-03-22T17:10:06.875+0000: 484.163: [DefNew: 139843K->7303K(153600K), 0.0115551 secs] 353233K->222096K(494976K), 0.0116331 secs] [Times: user=0.01 sys=0.00, real=0.01 secs] 
2018-03-22T17:10:09.382+0000: 486.670: [GC (Allocation Failure) 2018-03-22T17:10:09.382+0000: 486.670: [DefNew: 132884K->8373K(153600K), 0.0103912 secs] 347677K->223166K(494976K), 0.0104697 secs] [Times: user=0.01 sys=0.00, real=0.01 secs] 
2018-03-22T17:10:11.882+0000: 489.170: [GC (Allocation Failure) 2018-03-22T17:10:11.882+0000: 489.170: [DefNew: 138309K->9564K(153600K), 0.0108653 secs] 353102K->224357K(494976K), 0.0109280 secs] [Times: user=0.01 sys=0.00, real=0.01 secs] 
2018-03-22T17:10:14.389+0000: 491.677: [GC (Allocation Failure) 2018-03-22T17:10:14.389+0000: 491.677: [DefNew: 135313K->8129K(153600K), 0.0122321 secs] 350106K->224903K(494976K), 0.0123073 secs] [Times: user=0.01 sys=0.00, real=0.02 secs] 
2018-03-22T17:10:16.878+0000: 494.165: [GC (Allocation Failure) 2018-03-22T17:10:16.878+0000: 494.165: [DefNew: 132227K->8843K(153600K), 0.0098353 secs] 349001K->225617K(494976K), 0.0099113 secs] [Times: user=0.01 sys=0.00, real=0.01 secs] 
2018-03-22T17:10:19.475+0000: 496.762: [GC (Allocation Failure) 2018-03-22T17:10:19.475+0000: 496.762: [DefNew: 145419K->8571K(153600K), 0.0120571 secs] 362193K->226227K(494976K), 0.0121182 secs] [Times: user=0.02 sys=0.00, real=0.01 secs] 
2018-03-22T17:10:21.841+0000: 499.128: [GC (Allocation Failure) 2018-03-22T17:10:21.841+0000: 499.128: [DefNew: 145147K->13431K(153600K), 0.0201670 secs] 362803K->231893K(494976K), 0.0202368 secs] [Times: user=0.02 sys=0.00, real=0.02 secs] 
2018-03-22T17:10:23.883+0000: 501.171: [GC (Allocation Failure) 2018-03-22T17:10:23.883+0000: 501.171: [DefNew: 137821K->6430K(153600K), 0.0133553 secs] 356282K->228482K(494976K), 0.0134238 secs] [Times: user=0.01 sys=0.00, real=0.01 secs] 
2018-03-22T17:10:26.398+0000: 503.685: [GC (Allocation Failure) 2018-03-22T17:10:26.398+0000: 503.685: [DefNew: 131181K->7533K(153600K), 0.0090201 secs] 353234K->229585K(494976K), 0.0090808 secs] [Times: user=0.00 sys=0.00, real=0.01 secs] 
2018-03-22T17:10:28.877+0000: 506.164: [GC (Allocation Failure) 2018-03-22T17:10:28.877+0000: 506.164: [DefNew: 133457K->8621K(153600K), 0.0102974 secs] 355510K->230673K(494976K), 0.0103631 secs] [Times: user=0.02 sys=0.00, real=0.01 secs] 
2018-03-22T17:10:31.778+0000: 509.066: [GC (Allocation Failure) 2018-03-22T17:10:31.778+0000: 509.066: [DefNew: 145197K->8123K(153600K), 0.0165340 secs] 367249K->231547K(494976K), 0.0165987 secs] [Times: user=0.02 sys=0.00, real=0.02 secs] 
2018-03-22T17:10:34.380+0000: 511.668: [GC (Allocation Failure) 2018-03-22T17:10:34.380+0000: 511.668: [DefNew: 133989K->8595K(153600K), 0.0095856 secs] 357413K->232018K(494976K), 0.0096575 secs] [Times: user=0.01 sys=0.00, real=0.00 secs] 
2018-03-22T17:10:36.877+0000: 514.165: [GC (Allocation Failure) 2018-03-22T17:10:36.877+0000: 514.165: [DefNew: 141559K->8193K(153600K), 0.0122162 secs] 364983K->232966K(494976K), 0.0122863 secs] [Times: user=0.02 sys=0.00, real=0.01 secs] 
2018-03-22T17:10:39.379+0000: 516.667: [GC (Allocation Failure) 2018-03-22T17:10:39.379+0000: 516.667: [DefNew: 140231K->9580K(153600K), 0.0118230 secs] 365004K->234353K(494976K), 0.0119070 secs] [Times: user=0.02 sys=0.00, real=0.01 secs] 
2018-03-22T17:10:41.820+0000: 519.108: [GC (Allocation Failure) 2018-03-22T17:10:41.820+0000: 519.108: [DefNew: 146059K->11241K(153600K), 0.0166391 secs] 370832K->237363K(494976K), 0.0167039 secs] [Times: user=0.02 sys=0.00, real=0.01 secs] 
2018-03-22T17:10:44.228+0000: 521.516: [GC (Allocation Failure) 2018-03-22T17:10:44.228+0000: 521.516: [DefNew: 147817K->8210K(153600K), 0.0139929 secs] 373939K->236786K(494976K), 0.0140582 secs] [Times: user=0.02 sys=0.00, real=0.02 secs] 
2018-03-22T17:10:46.787+0000: 524.074: [GC (Allocation Failure) 2018-03-22T17:10:46.787+0000: 524.074: [DefNew: 144786K->10130K(153600K), 0.0131108 secs] 373362K->238706K(494976K), 0.0131755 secs] [Times: user=0.01 sys=0.00, real=0.02 secs] 
2018-03-22T17:10:49.300+0000: 526.588: [GC (Allocation Failure) 2018-03-22T17:10:49.300+0000: 526.588: [DefNew: 146706K->9912K(153600K), 0.0175649 secs] 375282K->241232K(494976K), 0.0176330 secs] [Times: user=0.02 sys=0.00, real=0.01 secs] 
2018-03-22T17:10:51.882+0000: 529.170: [GC (Allocation Failure) 2018-03-22T17:10:51.882+0000: 529.170: [DefNew: 141901K->6856K(153600K), 0.0102527 secs] 373221K->239525K(494976K), 0.0103267 secs] [Times: user=0.01 sys=0.00, real=0.01 secs] 
17:10:53.133 [Client] INFO  c.s.f.r.e.s.SocketRear  - FlameSocketGraphDeployerRear@10.0.0.19: has been disconnected from Connection 4
17:11:03.557 [worker-akka.actor.default-dispatcher-5] INFO  a.a.CoordinatedShutdown CoordinatedShutdown(akka://worker) - Starting coordinated shutdown from JVM shutdown hook
17:11:03.583 [worker-akka.actor.default-dispatcher-14] INFO  a.a.LocalActorRef akka://worker/user/watcher/graph/edge/FlameSocketGraphDeployerFront - Stopped
17:11:03.584 [worker-akka.actor.default-dispatcher-4-EventThread] INFO  o.a.z.ClientCnxn  - EventThread shut down for session: 0x1624ea83f700005
17:11:03.584 [worker-akka.actor.default-dispatcher-11] INFO  o.a.z.ZooKeeper  - Session: 0x1624ea83f700005 closed
17:11:03.584 [worker-akka.actor.default-dispatcher-14] INFO  a.a.LocalActorRef akka://worker/user/watcher/graph/graph/$a - Stopped
17:11:03.585 [worker-akka.actor.default-dispatcher-14] INFO  a.a.LocalActorRef akka://worker/user/watcher/graph/graph/$b - Stopped
17:11:03.585 [worker-akka.actor.default-dispatcher-14] INFO  a.a.LocalActorRef akka://worker/user/watcher/graph/graph/$c - Stopped
17:11:03.585 [worker-akka.actor.default-dispatcher-14] INFO  a.a.LocalActorRef akka://worker/user/watcher/graph/negotiator - Stopped
17:11:03.585 [worker-akka.actor.default-dispatcher-14] INFO  a.a.LocalActorRef akka://worker/user/watcher/graph/graph/local-acker/$a - Stopped
17:11:03.585 [worker-akka.actor.default-dispatcher-14] INFO  a.a.LocalActorRef akka://worker/user/watcher/graph/graph/local-acker/$a - Message [com.spbsu.flamestream.runtime.utils.akka.PingActor$InnerPing] from Actor[akka://worker/user/watcher/graph/graph/local-acker/$a#-718816786] to Actor[akka://worker/user/watcher/graph/graph/local-acker/$a#-718816786] was not delivered. [1] dead letters encountered. This logging can be turned off or adjusted with configuration settings 'akka.log-dead-letters' and 'akka.log-dead-letters-during-shutdown'.
17:11:03.586 [worker-akka.actor.default-dispatcher-14] INFO  a.a.LocalActorRef akka://worker/user/watcher/graph/graph/local-acker - Stopped
17:11:03.588 [worker-akka.actor.default-dispatcher-14] INFO  a.a.LocalActorRef akka://worker/user/watcher/graph/graph - Stopped
17:11:03.589 [worker-akka.actor.default-dispatcher-14] INFO  a.a.LocalActorRef akka://worker/user/watcher/graph/graph/local-acker/$a - Message [com.spbsu.flamestream.runtime.utils.akka.PingActor$Stop] from Actor[akka://worker/user/watcher/graph/graph/local-acker#-224057819] to Actor[akka://worker/user/watcher/graph/graph/local-acker/$a#-718816786] was not delivered. [2] dead letters encountered. This logging can be turned off or adjusted with configuration settings 'akka.log-dead-letters' and 'akka.log-dead-letters-during-shutdown'.
17:11:03.590 [worker-akka.actor.default-dispatcher-14] INFO  a.a.LocalActorRef akka://worker/user/watcher/graph/edge/FlameSocketGraphDeployerRear - Stopped
17:11:03.591 [worker-akka.actor.default-dispatcher-14] INFO  a.a.LocalActorRef akka://worker/user/watcher/graph/edge - Stopped
17:11:03.592 [worker-akka.actor.default-dispatcher-14] INFO  a.a.LocalActorRef akka://worker/user/watcher/graph - Stopped
17:11:03.595 [worker-akka.actor.default-dispatcher-14] INFO  a.a.RepointableActorRef akka://worker/user/watcher - Stopped
17:11:03.606 [worker-akka.actor.default-dispatcher-16] INFO  a.r.RemoteActorRefProvider$RemotingTerminator akka://worker@10.0.0.19:5412/system/remoting-terminator - Shutting down remote daemon.
17:11:03.606 [worker-akka.actor.default-dispatcher-16] INFO  a.r.RemoteActorRefProvider$RemotingTerminator akka://worker@10.0.0.19:5412/system/remoting-terminator - Remote daemon shut down; proceeding with flushing remote transports.
17:11:04.753 [worker-akka.actor.default-dispatcher-15] INFO  a.r.RemoteActorRefProvider$RemotingTerminator akka://worker@10.0.0.19:5412/system/remoting-terminator - Remoting shut down.
Heap
 def new generation   total 153600K, used 110558K [0x00000000e0c00000, 0x00000000eb2a0000, 0x00000000eb2a0000)
  eden space 136576K,  75% used [0x00000000e0c00000, 0x00000000e71456e0, 0x00000000e9160000)
  from space 17024K,  40% used [0x00000000e9160000, 0x00000000e98123b0, 0x00000000ea200000)
  to   space 17024K,   0% used [0x00000000ea200000, 0x00000000ea200000, 0x00000000eb2a0000)
 tenured generation   total 341376K, used 232668K [0x00000000eb2a0000, 0x0000000100000000, 0x0000000100000000)
   the space 341376K,  68% used [0x00000000eb2a0000, 0x00000000f95d7358, 0x00000000f95d7400, 0x0000000100000000)
 Metaspace       used 34022K, capacity 34950K, committed 35200K, reserved 1079296K
  class space    used 4481K, capacity 4664K, committed 4736K, reserved 1048576K
