12:52:56.812 [worker-akka.actor.default-dispatcher-2] INFO  a.e.s.Slf4jLogger  - Slf4jLogger started
2018-02-19T12:52:56.996+0000: 2.704: [Full GC (Metadata GC Threshold) 2018-02-19T12:52:56.996+0000: 2.704: [Tenured: 0K->15411K(341376K), 0.0382030 secs] 117538K->15411K(494976K), [Metaspace: 20866K->20866K(1067008K)], 0.0382667 secs] [Times: user=0.03 sys=0.00, real=0.04 secs] 
Ama winner
Ama winner
12:52:57.475 [worker-akka.actor.default-dispatcher-2] INFO  a.r.a.ArteryTransport(akka://worker) akka.remote.artery.ArteryTransport(akka://worker) - Started embedded media driver in directory [/dev/shm/aeron-root-worker-2976ec3c-c826-40c9-8130-e7e71e4fea2b]
12:52:57.691 [worker-akka.actor.default-dispatcher-2] INFO  a.r.a.ArteryTransport(akka://worker) akka.remote.artery.ArteryTransport(akka://worker) - Remoting started; listening on address: [akka://worker@172.31.33.155:5412] with UID [-2178753345866559312]
12:52:57.793 [worker-akka.actor.default-dispatcher-2] INFO  o.a.z.ZooKeeper  - Client environment:zookeeper.version=3.4.9-1757313, built on 08/23/2016 06:50 GMT
12:52:57.793 [worker-akka.actor.default-dispatcher-2] INFO  o.a.z.ZooKeeper  - Client environment:host.name=ip-172-31-33-155.us-east-2.compute.internal
12:52:57.794 [worker-akka.actor.default-dispatcher-2] INFO  o.a.z.ZooKeeper  - Client environment:java.version=1.8.0_151
12:52:57.794 [worker-akka.actor.default-dispatcher-2] INFO  o.a.z.ZooKeeper  - Client environment:java.vendor=Oracle Corporation
12:52:57.794 [worker-akka.actor.default-dispatcher-2] INFO  o.a.z.ZooKeeper  - Client environment:java.home=/usr/lib/jvm/java-8-openjdk-amd64/jre
12:52:57.794 [worker-akka.actor.default-dispatcher-2] INFO  o.a.z.ZooKeeper  - Client environment:java.class.path=lib/commons-cli-1.4.jar:lib/minlog-1.3.0.jar:lib/asm-5.0.4.jar:lib/hadoop-annotations-2.7.3.jar:lib/hadoop-auth-2.7.3.jar:lib/akka-slf4j_2.11-2.5.6.jar:lib/jersey-core-1.9.jar:lib/lz4-1.3.0.jar:lib/jackson-core-asl-1.9.13.jar:lib/aeron-client-1.3.0.jar:lib/htrace-core-3.1.0-incubating.jar:lib/xz-1.0.jar:lib/commons-httpclient-3.1.jar:lib/asm-3.1.jar:lib/commons-lang3-3.4.jar:lib/scala-library-2.11.11.jar:lib/scala-java8-compat_2.11-0.7.0.jar:lib/commons-configuration-1.6.jar:lib/objenesis-2.1.jar:lib/jackson-annotations-2.8.0.jar:lib/jsr305-3.0.0.jar:lib/curator-framework-2.7.1.jar:lib/jersey-server-1.9.jar:lib/jets3t-0.9.0.jar:lib/leveldb-0.7.jar:lib/jetty-6.1.26.jar:lib/stax-api-1.0-2.jar:lib/flamestream-core-1.0-SNAPSHOT.jar:lib/reflectasm-1.07-shaded.jar:lib/apacheds-kerberos-codec-2.0.0-M15.jar:lib/api-asn1-api-1.0.0-M20.jar:lib/commons-lang-2.6.jar:lib/commons-beanutils-1.7.0.jar:lib/jackson-xc-1.8.3.jar:lib/jetty-util-6.1.26.jar:lib/logback-classic-1.2.3.jar:lib/jool-0.9.12.jar:lib/flamestream-runtime-1.0-SNAPSHOT-tests.jar:lib/httpcore-4.1.2.jar:lib/kryo-4.0.0.jar:lib/ant-1.8.1.jar:lib/jaxb-impl-2.2.3-1.jar:lib/jersey-json-1.9.jar:lib/commons-compress-1.4.1.jar:lib/leveldbjni-all-1.8.jar:lib/paranamer-2.3.jar:lib/jackson-core-2.8.4.jar:lib/commons-math3-3.6.1.jar:lib/scala-parser-combinators_2.11-1.0.4.jar:lib/netty-3.10.6.Final.jar:lib/trove4j-3.0.3.jar:lib/jaxb-api-2.2.2.jar:lib/logback-core-1.2.3.jar:lib/snappy-java-1.0.4.1.jar:lib/protobuf-java-2.5.0.jar:lib/reactive-streams-1.0.1.jar:lib/flamestream-examples-1.0-SNAPSHOT.jar:lib/commons-codec-1.4.jar:lib/activation-1.1.jar:lib/commons-net-3.1.jar:lib/curator-recipes-2.7.1.jar:lib/jackson-mapper-asl-1.9.13.jar:lib/jackson-databind-2.8.4.jar:lib/flamestream-runtime-1.0-SNAPSHOT.jar:lib/jackson-jaxrs-1.8.3.jar:lib/slf4j-api-1.7.24.jar:lib/akka-remote_2.11-2.5.6.jar:lib/akka-testkit_2.11-2.5.6.jar:lib/jline-0.9.94.jar:lib/akka-stream_2.11-2.5.6.jar:lib/jsp-api-2.1.jar:lib/kryonet-2.21.jar:lib/akka-kryo-serialization_2.11-0.5.0.jar:lib/config-1.3.1.jar:lib/ant-launcher-1.8.1.jar:lib/commons-logging-1.2.jar:lib/ssl-config-core_2.11-0.2.2.jar:lib/testng-6.10.jar:lib/leveldb-api-0.7.jar:lib/reflectasm-1.11.3.jar:lib/jcommander-1.48.jar:lib/commons-1.1.jar:lib/commons-digester-1.8.jar:lib/minlog-1.2.jar:lib/java-xmlbuilder-0.4.jar:lib/jettison-1.1.jar:lib/gson-2.2.4.jar:lib/jdk.tools-1.8.jar:lib/aeron-driver-1.3.0.jar:lib/zookeeper-3.4.9.jar:lib/commons-beanutils-core-1.8.0.jar:lib/commons-math3-3.1.1.jar:lib/akka-actor_2.11-2.5.6.jar:lib/curator-client-2.7.1.jar:lib/servlet-api-2.5.jar:lib/apacheds-i18n-2.0.0-M15.jar:lib/commons-io-2.4.jar:lib/commons-codec-1.6.jar:lib/akka-protobuf_2.11-2.5.6.jar:lib/protobuf-java-3.5.1.jar:lib/jdom-2.0.2.jar:lib/api-util-1.0.0-M20.jar:lib/hadoop-common-2.7.3.jar:lib/agrona-0.9.6.jar:lib/xmlenc-0.52.jar:lib/guava-21.0.jar:lib/commons-collections-3.2.2.jar:lib/avro-1.7.4.jar:lib/httpclient-4.1.2.jar:lib/flamestream-core-1.0-SNAPSHOT-tests.jar:lib/annotations-12.0.jar:lib/jsch-0.1.42.jar:flamestream-runtime-1.0-SNAPSHOT.jar
12:52:57.794 [worker-akka.actor.default-dispatcher-2] INFO  o.a.z.ZooKeeper  - Client environment:java.library.path=/usr/java/packages/lib/amd64:/usr/lib/x86_64-linux-gnu/jni:/lib/x86_64-linux-gnu:/usr/lib/x86_64-linux-gnu:/usr/lib/jni:/lib:/usr/lib
12:52:57.794 [worker-akka.actor.default-dispatcher-2] INFO  o.a.z.ZooKeeper  - Client environment:java.io.tmpdir=/tmp
12:52:57.794 [worker-akka.actor.default-dispatcher-2] INFO  o.a.z.ZooKeeper  - Client environment:java.compiler=<NA>
12:52:57.794 [worker-akka.actor.default-dispatcher-2] INFO  o.a.z.ZooKeeper  - Client environment:os.name=Linux
12:52:57.794 [worker-akka.actor.default-dispatcher-2] INFO  o.a.z.ZooKeeper  - Client environment:os.arch=amd64
12:52:57.794 [worker-akka.actor.default-dispatcher-2] INFO  o.a.z.ZooKeeper  - Client environment:os.version=4.4.0-1049-aws
12:52:57.794 [worker-akka.actor.default-dispatcher-2] INFO  o.a.z.ZooKeeper  - Client environment:user.name=root
12:52:57.796 [worker-akka.actor.default-dispatcher-2] INFO  o.a.z.ZooKeeper  - Client environment:user.home=/root
12:52:57.797 [worker-akka.actor.default-dispatcher-2] INFO  o.a.z.ZooKeeper  - Client environment:user.dir=/opt/flamestream
12:52:57.800 [worker-akka.actor.default-dispatcher-2] INFO  o.a.z.ZooKeeper  - Initiating client connection, connectString=172.31.34.147:2181 sessionTimeout=5000 watcher=com.spbsu.flamestream.runtime.application.LifecycleWatcher$$Lambda$29/2091173542@1b48f905
12:52:57.833 [worker-akka.actor.default-dispatcher-2] INFO  a.a.RepointableActorRef akka://worker/user/watcher - Starting...
12:52:57.837 [worker-akka.actor.default-dispatcher-2-SendThread(172.31.34.147:2181)] INFO  o.a.z.ClientCnxn  - Opening socket connection to server 172.31.34.147/172.31.34.147:2181. Will not attempt to authenticate using SASL (unknown error)
12:52:57.841 [worker-akka.actor.default-dispatcher-2-SendThread(172.31.34.147:2181)] INFO  o.a.z.ClientCnxn  - Socket connection established to 172.31.34.147/172.31.34.147:2181, initiating session
12:52:57.849 [worker-akka.actor.default-dispatcher-2-SendThread(172.31.34.147:2181)] INFO  o.a.z.ClientCnxn  - Session establishment complete on server 172.31.34.147/172.31.34.147:2181, sessionid = 0x161ae1f07550005, negotiated timeout = 6000
12:52:57.948 [worker-akka.actor.default-dispatcher-2] INFO  a.a.RepointableActorRef akka://worker/user/watcher - Connected to ZK
12:53:07.740 [worker-akka.actor.default-dispatcher-2] INFO  a.a.RepointableActorRef akka://worker/user/watcher - Creating node with watchGraphs: 'com.spbsu.flamestream.core.Graph$Builder$MyGraph@22aae96d', config: 'ClusterConfig{paths={172.31.33.155=akka://worker@172.31.33.155:5412/user/watcher/graph0000000000, 172.31.47.83=akka://worker@172.31.47.83:5412/user/watcher/graph0000000000, 172.31.45.197=akka://worker@172.31.45.197:5412/user/watcher/graph0000000000, 172.31.42.36=akka://worker@172.31.42.36:5412/user/watcher/graph0000000000, 172.31.44.83=akka://worker@172.31.44.83:5412/user/watcher/graph0000000000, 172.31.39.64=akka://worker@172.31.39.64:5412/user/watcher/graph0000000000, 172.31.35.79=akka://worker@172.31.35.79:5412/user/watcher/graph0000000000, 172.31.34.169=akka://worker@172.31.34.169:5412/user/watcher/graph0000000000, 172.31.47.100=akka://worker@172.31.47.100:5412/user/watcher/graph0000000000, 172.31.37.101=akka://worker@172.31.37.101:5412/user/watcher/graph0000000000}, ackerLocation='172.31.35.79', props=ComputationLayout{ranges={172.31.33.155=HashRange{from=-1670265060, to=-1193046472}, 172.31.47.83=HashRange{from=1670265056, to=2147483644}, 172.31.45.197=HashRange{from=-715827884, to=-238609296}, 172.31.42.36=HashRange{from=1193046468, to=1670265056}, 172.31.44.83=HashRange{from=-238609296, to=238609292}, 172.31.39.64=HashRange{from=715827880, to=1193046468}, 172.31.35.79=HashRange{from=0, to=0}, 172.31.34.169=HashRange{from=-2147483648, to=-1670265060}, 172.31.47.100=HashRange{from=238609292, to=715827880}, 172.31.37.101=HashRange{from=-1193046472, to=-715827884}}}}'
12:53:08.633 [worker-akka.actor.default-dispatcher-2] INFO  a.a.LocalActorRef akka://worker/user/watcher/graph0000000000/graph - Starting...
12:53:08.634 [worker-akka.actor.default-dispatcher-2] INFO  a.a.LocalActorRef akka://worker/user/watcher/graph0000000000/graph/local-acker/$a - Starting...
12:53:08.637 [worker-akka.actor.default-dispatcher-2] INFO  a.a.LocalActorRef akka://worker/user/watcher/graph0000000000/graph/local-acker - Starting...
Warning: space is running low in /dev/shm (tmpfs) threshold=167,772,160 usable=158,621,696
Warning: space is running low in /dev/shm (tmpfs) threshold=167,772,160 usable=146,034,688
Warning: space is running low in /dev/shm (tmpfs) threshold=167,772,160 usable=133,447,680
Warning: space is running low in /dev/shm (tmpfs) threshold=167,772,160 usable=120,860,672
Warning: space is running low in /dev/shm (tmpfs) threshold=167,772,160 usable=108,273,664
Warning: space is running low in /dev/shm (tmpfs) threshold=167,772,160 usable=95,686,656
Warning: space is running low in /dev/shm (tmpfs) threshold=167,772,160 usable=83,099,648
Warning: space is running low in /dev/shm (tmpfs) threshold=167,772,160 usable=70,512,640
12:53:09.271 [worker-akka.actor.default-dispatcher-2] INFO  a.a.LocalActorRef akka://worker/user/watcher/graph0000000000/graph - Finishing constructor
12:53:09.272 [worker-akka.actor.default-dispatcher-2] INFO  a.a.LocalActorRef akka://worker/user/watcher/graph0000000000 - Starting...
12:53:09.273 [worker-akka.actor.default-dispatcher-2] INFO  a.a.LocalActorRef akka://worker/user/watcher/graph0000000000/negotiator - Starting...
12:53:09.274 [worker-akka.actor.default-dispatcher-2] INFO  a.a.LocalActorRef akka://worker/user/watcher/graph0000000000/edge - Starting...
12:53:09.357 [worker-akka.actor.default-dispatcher-2] INFO  c.s.f.r.e.s.SocketRear  - FlameSocketGraphDeployerRear@172.31.33.155: connecting to 172.31.34.147:5678
12:53:09.363 [worker-akka.actor.default-dispatcher-2] INFO  c.s.f.r.e.s.SocketRear  - FlameSocketGraphDeployerRear@172.31.33.155: connected to 172.31.34.147:5678
12:53:09.392 [worker-akka.actor.default-dispatcher-2] INFO  a.a.LocalActorRef akka://worker/user/watcher/graph0000000000/graph/$a - Starting...
12:53:09.394 [worker-akka.actor.default-dispatcher-2] INFO  a.a.LocalActorRef akka://worker/user/watcher/graph0000000000/graph/$b - Starting...
12:53:09.394 [worker-akka.actor.default-dispatcher-2] INFO  a.a.LocalActorRef akka://worker/user/watcher/graph0000000000/graph/$c - Starting...
12:53:09.396 [worker-akka.actor.default-dispatcher-2] INFO  a.a.LocalActorRef akka://worker/user/watcher/graph0000000000/edge/FlameSocketGraphDeployerRear - Starting...
12:53:09.397 [worker-akka.actor.default-dispatcher-2] INFO  a.a.LocalActorRef akka://worker/user/watcher/graph0000000000/edge/FlameSocketGraphDeployerFront - Starting...
12:53:09.407 [worker-akka.actor.default-dispatcher-2] INFO  a.a.LocalActorRef akka://worker/user/watcher/graph0000000000/negotiator - Requesting ticket for the frontClass FlameSocketGraphDeployerFront@172.31.33.155
12:53:09.410 [worker-akka.actor.default-dispatcher-2] INFO  a.a.LocalActorRef akka://worker/user/watcher/graph0000000000/negotiator - Ticket for the frontClass received: FrontTicket{allowedTimestamp=(1519044787745, FlameSocketGraphDeployerFront@172.31.33.155)}
12:53:09.411 [worker-akka.actor.default-dispatcher-2] INFO  c.s.f.r.e.s.SocketFront  - FlameSocketGraphDeployerFront@172.31.33.155: connecting to 172.31.34.147:4567
2018-02-19T12:53:14.349+0000: 20.058: [GC (Allocation Failure) 2018-02-19T12:53:14.349+0000: 20.058: [DefNew: 136576K->15439K(153600K), 0.0271874 secs] 151987K->50382K(494976K), 0.0272598 secs] [Times: user=0.02 sys=0.00, real=0.03 secs] 
2018-02-19T12:53:38.194+0000: 43.903: [GC (Allocation Failure) 2018-02-19T12:53:38.195+0000: 43.903: [DefNew: 152015K->4271K(153600K), 0.0172418 secs] 186958K->46762K(494976K), 0.0173032 secs] [Times: user=0.01 sys=0.00, real=0.01 secs] 
2018-02-19T12:54:02.793+0000: 68.502: [GC (Allocation Failure) 2018-02-19T12:54:02.794+0000: 68.502: [DefNew: 140847K->6012K(153600K), 0.0115552 secs] 183338K->48502K(494976K), 0.0116141 secs] [Times: user=0.01 sys=0.00, real=0.02 secs] 
2018-02-19T12:54:28.091+0000: 93.799: [GC (Allocation Failure) 2018-02-19T12:54:28.091+0000: 93.799: [DefNew: 142588K->7375K(153600K), 0.0153907 secs] 185078K->49866K(494976K), 0.0154513 secs] [Times: user=0.01 sys=0.00, real=0.02 secs] 
2018-02-19T12:54:51.431+0000: 117.140: [GC (Allocation Failure) 2018-02-19T12:54:51.431+0000: 117.140: [DefNew: 143951K->8909K(153600K), 0.0145601 secs] 186442K->51400K(494976K), 0.0146272 secs] [Times: user=0.02 sys=0.00, real=0.02 secs] 
2018-02-19T12:55:10.861+0000: 136.569: [GC (Allocation Failure) 2018-02-19T12:55:10.861+0000: 136.570: [DefNew: 145485K->9023K(153600K), 0.0165260 secs] 187976K->52923K(494976K), 0.0165981 secs] [Times: user=0.02 sys=0.00, real=0.02 secs] 
2018-02-19T12:55:34.824+0000: 160.533: [GC (Allocation Failure) 2018-02-19T12:55:34.824+0000: 160.533: [DefNew: 145599K->9030K(153600K), 0.0166161 secs] 189499K->54137K(494976K), 0.0166765 secs] [Times: user=0.02 sys=0.00, real=0.01 secs] 
2018-02-19T12:56:06.905+0000: 192.614: [GC (Allocation Failure) 2018-02-19T12:56:06.905+0000: 192.614: [DefNew: 145606K->9296K(153600K), 0.0176466 secs] 190713K->55618K(494976K), 0.0177022 secs] [Times: user=0.02 sys=0.00, real=0.02 secs] 
2018-02-19T12:56:34.783+0000: 220.492: [GC (Allocation Failure) 2018-02-19T12:56:34.784+0000: 220.492: [DefNew: 145872K->9287K(153600K), 0.0159445 secs] 192194K->56742K(494976K), 0.0160071 secs] [Times: user=0.01 sys=0.01, real=0.01 secs] 
2018-02-19T12:56:53.326+0000: 239.034: [GC (Allocation Failure) 2018-02-19T12:56:53.326+0000: 239.034: [DefNew: 145863K->8620K(153600K), 0.0163138 secs] 193318K->57961K(494976K), 0.0163916 secs] [Times: user=0.01 sys=0.00, real=0.02 secs] 
2018-02-19T12:57:23.159+0000: 268.868: [GC (Allocation Failure) 2018-02-19T12:57:23.159+0000: 268.868: [DefNew: 145196K->8654K(153600K), 0.0151285 secs] 194537K->59098K(494976K), 0.0151878 secs] [Times: user=0.02 sys=0.00, real=0.02 secs] 
2018-02-19T12:57:53.567+0000: 299.276: [GC (Allocation Failure) 2018-02-19T12:57:53.567+0000: 299.276: [DefNew: 145230K->8325K(153600K), 0.0156216 secs] 195674K->60374K(494976K), 0.0156788 secs] [Times: user=0.02 sys=0.00, real=0.02 secs] 
2018-02-19T12:58:18.443+0000: 324.152: [GC (Allocation Failure) 2018-02-19T12:58:18.443+0000: 324.152: [DefNew: 144901K->9548K(153600K), 0.0153937 secs] 196950K->61597K(494976K), 0.0154677 secs] [Times: user=0.02 sys=0.00, real=0.01 secs] 
2018-02-19T12:58:44.413+0000: 350.122: [GC (Allocation Failure) 2018-02-19T12:58:44.413+0000: 350.122: [DefNew: 146124K->10116K(153600K), 0.0188216 secs] 198173K->63182K(494976K), 0.0189023 secs] [Times: user=0.01 sys=0.01, real=0.02 secs] 
2018-02-19T12:59:10.641+0000: 376.350: [GC (Allocation Failure) 2018-02-19T12:59:10.641+0000: 376.350: [DefNew: 146692K->8520K(153600K), 0.0169754 secs] 199758K->63673K(494976K), 0.0170479 secs] [Times: user=0.02 sys=0.00, real=0.02 secs] 
2018-02-19T12:59:35.511+0000: 401.220: [GC (Allocation Failure) 2018-02-19T12:59:35.511+0000: 401.220: [DefNew: 145096K->8966K(153600K), 0.0165686 secs] 200249K->65235K(494976K), 0.0166352 secs] [Times: user=0.01 sys=0.00, real=0.02 secs] 
2018-02-19T12:59:57.928+0000: 423.637: [GC (Allocation Failure) 2018-02-19T12:59:57.928+0000: 423.637: [DefNew: 145542K->8633K(153600K), 0.0168291 secs] 201811K->65985K(494976K), 0.0168904 secs] [Times: user=0.02 sys=0.00, real=0.02 secs] 
2018-02-19T13:00:24.605+0000: 450.313: [GC (Allocation Failure) 2018-02-19T13:00:24.605+0000: 450.313: [DefNew: 145209K->8936K(153600K), 0.0163262 secs] 202561K->67333K(494976K), 0.0164078 secs] [Times: user=0.01 sys=0.00, real=0.01 secs] 
2018-02-19T13:00:55.647+0000: 481.356: [GC (Allocation Failure) 2018-02-19T13:00:55.647+0000: 481.356: [DefNew: 145512K->9114K(153600K), 0.0175886 secs] 203909K->68519K(494976K), 0.0176536 secs] [Times: user=0.02 sys=0.00, real=0.02 secs] 
2018-02-19T13:01:24.238+0000: 509.947: [GC (Allocation Failure) 2018-02-19T13:01:24.238+0000: 509.947: [DefNew: 145690K->9423K(153600K), 0.0161579 secs] 205095K->69713K(494976K), 0.0162184 secs] [Times: user=0.02 sys=0.00, real=0.02 secs] 
2018-02-19T13:01:47.460+0000: 533.169: [GC (Allocation Failure) 2018-02-19T13:01:47.460+0000: 533.169: [DefNew: 145999K->9639K(153600K), 0.0164695 secs] 206289K->70916K(494976K), 0.0165372 secs] [Times: user=0.02 sys=0.00, real=0.02 secs] 
2018-02-19T13:02:06.130+0000: 551.838: [GC (Allocation Failure) 2018-02-19T13:02:06.130+0000: 551.838: [DefNew: 146215K->10379K(153600K), 0.0182290 secs] 207492K->72844K(494976K), 0.0182885 secs] [Times: user=0.01 sys=0.00, real=0.02 secs] 
2018-02-19T13:02:26.174+0000: 571.883: [GC (Allocation Failure) 2018-02-19T13:02:26.174+0000: 571.883: [DefNew: 146955K->8538K(153600K), 0.0192103 secs] 209420K->73350K(494976K), 0.0192815 secs] [Times: user=0.01 sys=0.01, real=0.01 secs] 
2018-02-19T13:02:49.151+0000: 594.860: [GC (Allocation Failure) 2018-02-19T13:02:49.151+0000: 594.860: [DefNew: 145114K->9553K(153600K), 0.0160768 secs] 209926K->75610K(494976K), 0.0161387 secs] [Times: user=0.02 sys=0.00, real=0.02 secs] 
2018-02-19T13:03:12.889+0000: 618.598: [GC (Allocation Failure) 2018-02-19T13:03:12.889+0000: 618.598: [DefNew: 146129K->9498K(153600K), 0.0157057 secs] 212186K->76556K(494976K), 0.0157629 secs] [Times: user=0.01 sys=0.00, real=0.02 secs] 
2018-02-19T13:03:33.854+0000: 639.563: [GC (Allocation Failure) 2018-02-19T13:03:33.854+0000: 639.563: [DefNew: 146074K->9747K(153600K), 0.0159470 secs] 213132K->77889K(494976K), 0.0160108 secs] [Times: user=0.01 sys=0.01, real=0.01 secs] 
2018-02-19T13:03:57.872+0000: 663.580: [GC (Allocation Failure) 2018-02-19T13:03:57.872+0000: 663.580: [DefNew: 146323K->8976K(153600K), 0.0164377 secs] 214465K->79074K(494976K), 0.0164924 secs] [Times: user=0.00 sys=0.01, real=0.02 secs] 
2018-02-19T13:04:24.108+0000: 689.817: [GC (Allocation Failure) 2018-02-19T13:04:24.108+0000: 689.817: [DefNew: 145552K->9208K(153600K), 0.0170362 secs] 215650K->80555K(494976K), 0.0170959 secs] [Times: user=0.02 sys=0.00, real=0.02 secs] 
2018-02-19T13:04:49.748+0000: 715.457: [GC (Allocation Failure) 2018-02-19T13:04:49.748+0000: 715.457: [DefNew: 145784K->9786K(153600K), 0.0167958 secs] 217131K->82186K(494976K), 0.0168587 secs] [Times: user=0.02 sys=0.00, real=0.02 secs] 
2018-02-19T13:05:15.568+0000: 741.277: [GC (Allocation Failure) 2018-02-19T13:05:15.569+0000: 741.277: [DefNew: 146362K->8543K(153600K), 0.0172360 secs] 218762K->83411K(494976K), 0.0172987 secs] [Times: user=0.01 sys=0.00, real=0.02 secs] 
2018-02-19T13:05:38.523+0000: 764.231: [GC (Allocation Failure) 2018-02-19T13:05:38.523+0000: 764.231: [DefNew: 145119K->8668K(153600K), 0.0153800 secs] 219987K->85132K(494976K), 0.0154391 secs] [Times: user=0.00 sys=0.01, real=0.01 secs] 
2018-02-19T13:06:05.658+0000: 791.366: [GC (Allocation Failure) 2018-02-19T13:06:05.658+0000: 791.366: [DefNew: 145244K->8785K(153600K), 0.0153559 secs] 221708K->86548K(494976K), 0.0154420 secs] [Times: user=0.01 sys=0.00, real=0.01 secs] 
2018-02-19T13:06:27.389+0000: 813.098: [GC (Allocation Failure) 2018-02-19T13:06:27.389+0000: 813.098: [DefNew: 145361K->8561K(153600K), 0.0155538 secs] 223124K->88221K(494976K), 0.0156081 secs] [Times: user=0.02 sys=0.00, real=0.02 secs] 
2018-02-19T13:06:51.719+0000: 837.427: [GC (Allocation Failure) 2018-02-19T13:06:51.719+0000: 837.427: [DefNew: 145137K->8506K(153600K), 0.0184352 secs] 224797K->89607K(494976K), 0.0184971 secs] [Times: user=0.02 sys=0.00, real=0.02 secs] 
2018-02-19T13:07:11.218+0000: 856.927: [GC (Allocation Failure) 2018-02-19T13:07:11.218+0000: 856.927: [DefNew: 145082K->10127K(153600K), 0.0148944 secs] 226183K->91227K(494976K), 0.0149654 secs] [Times: user=0.02 sys=0.00, real=0.01 secs] 
2018-02-19T13:07:32.394+0000: 878.103: [GC (Allocation Failure) 2018-02-19T13:07:32.394+0000: 878.103: [DefNew: 146703K->8383K(153600K), 0.0187465 secs] 227803K->92252K(494976K), 0.0188093 secs] [Times: user=0.02 sys=0.00, real=0.01 secs] 
2018-02-19T13:07:58.140+0000: 903.848: [GC (Allocation Failure) 2018-02-19T13:07:58.140+0000: 903.848: [DefNew: 144959K->10025K(153600K), 0.0139648 secs] 228828K->93894K(494976K), 0.0140225 secs] [Times: user=0.02 sys=0.00, real=0.01 secs] 
2018-02-19T13:08:21.803+0000: 927.511: [GC (Allocation Failure) 2018-02-19T13:08:21.803+0000: 927.511: [DefNew: 146601K->9161K(153600K), 0.0161511 secs] 230470K->95303K(494976K), 0.0162198 secs] [Times: user=0.02 sys=0.00, real=0.01 secs] 
2018-02-19T13:08:45.985+0000: 951.694: [GC (Allocation Failure) 2018-02-19T13:08:45.985+0000: 951.694: [DefNew: 145737K->8959K(153600K), 0.0155805 secs] 231879K->96693K(494976K), 0.0156409 secs] [Times: user=0.01 sys=0.00, real=0.01 secs] 
2018-02-19T13:09:09.034+0000: 974.742: [GC (Allocation Failure) 2018-02-19T13:09:09.034+0000: 974.742: [DefNew: 145524K->9083K(153600K), 0.0152592 secs] 233258K->98191K(494976K), 0.0153404 secs] [Times: user=0.01 sys=0.00, real=0.02 secs] 
2018-02-19T13:09:30.644+0000: 996.352: [GC (Allocation Failure) 2018-02-19T13:09:30.644+0000: 996.353: [DefNew: 145659K->9201K(153600K), 0.0155857 secs] 234767K->99616K(494976K), 0.0156493 secs] [Times: user=0.02 sys=0.00, real=0.01 secs] 
2018-02-19T13:09:55.532+0000: 1021.241: [GC (Allocation Failure) 2018-02-19T13:09:55.532+0000: 1021.241: [DefNew: 145777K->9833K(153600K), 0.0157941 secs] 236192K->101500K(494976K), 0.0158594 secs] [Times: user=0.02 sys=0.00, real=0.02 secs] 
2018-02-19T13:10:17.838+0000: 1043.546: [GC (Allocation Failure) 2018-02-19T13:10:17.838+0000: 1043.546: [DefNew: 146409K->10099K(153600K), 0.0168017 secs] 238076K->103348K(494976K), 0.0168616 secs] [Times: user=0.02 sys=0.00, real=0.02 secs] 
13:10:18.165 [Client] INFO  c.s.f.r.e.s.SocketFront  - FlameSocketGraphDeployerFront@172.31.33.155 has been disconnected from Connection 2
13:10:18.167 [Client] INFO  c.s.f.r.e.s.SocketRear  - FlameSocketGraphDeployerRear@172.31.33.155: has been disconnected from Connection 2
13:10:31.554 [worker-akka.actor.default-dispatcher-2] INFO  a.a.CoordinatedShutdown CoordinatedShutdown(akka://worker) - Starting coordinated shutdown from JVM shutdown hook
13:10:31.609 [worker-akka.actor.default-dispatcher-2] INFO  a.a.LocalActorRef akka://worker/user/watcher/graph0000000000/negotiator - Stopped
13:10:31.609 [worker-akka.actor.default-dispatcher-2] INFO  a.a.LocalActorRef akka://worker/user/watcher/graph0000000000/edge/FlameSocketGraphDeployerFront - Stopped
13:10:31.610 [worker-akka.actor.default-dispatcher-2] INFO  a.a.LocalActorRef akka://worker/user/watcher/graph0000000000/graph/local-acker/$a - Stopped
13:10:31.611 [worker-akka.actor.default-dispatcher-2] INFO  a.a.LocalActorRef akka://worker/user/watcher/graph0000000000/edge/FlameSocketGraphDeployerRear - Stopped
13:10:31.612 [worker-akka.actor.default-dispatcher-2] INFO  a.a.LocalActorRef akka://worker/user/watcher/graph0000000000/graph/$a - Stopped
13:10:31.613 [worker-akka.actor.default-dispatcher-2] INFO  a.a.LocalActorRef akka://worker/user/watcher/graph0000000000/graph/$b - Stopped
13:10:31.613 [worker-akka.actor.default-dispatcher-2] INFO  a.a.LocalActorRef akka://worker/user/watcher/graph0000000000/graph/$c - Stopped
13:10:31.619 [worker-akka.actor.default-dispatcher-2] INFO  a.a.LocalActorRef akka://worker/user/watcher/graph0000000000/edge - Stopped
13:10:31.620 [worker-akka.actor.default-dispatcher-2] INFO  a.a.LocalActorRef akka://worker/user/watcher/graph0000000000/graph/local-acker/$a - Message [com.spbsu.flamestream.runtime.utils.akka.PingActor$InnerPing] from Actor[akka://worker/user/watcher/graph0000000000/graph/local-acker/$a#2041060198] to Actor[akka://worker/user/watcher/graph0000000000/graph/local-acker/$a#2041060198] was not delivered. [1] dead letters encountered. This logging can be turned off or adjusted with configuration settings 'akka.log-dead-letters' and 'akka.log-dead-letters-during-shutdown'.
13:10:31.621 [worker-akka.actor.default-dispatcher-2] INFO  a.a.LocalActorRef akka://worker/user/watcher/graph0000000000/graph/local-acker - Stopped
13:10:31.622 [worker-akka.actor.default-dispatcher-2] INFO  a.a.LocalActorRef akka://worker/user/watcher/graph0000000000/graph - Stopped
13:10:31.622 [worker-akka.actor.default-dispatcher-2] INFO  a.a.LocalActorRef akka://worker/user/watcher/graph0000000000 - Stopped
13:10:31.625 [worker-akka.actor.default-dispatcher-2-EventThread] INFO  o.a.z.ClientCnxn  - EventThread shut down for session: 0x161ae1f07550005
13:10:31.625 [worker-akka.actor.default-dispatcher-2] INFO  o.a.z.ZooKeeper  - Session: 0x161ae1f07550005 closed
13:10:31.625 [worker-akka.actor.default-dispatcher-2] INFO  a.a.LocalActorRef akka://worker/user/watcher/graph0000000000/graph/local-acker/$a - Message [com.spbsu.flamestream.runtime.utils.akka.PingActor$Stop] from Actor[akka://worker/user/watcher/graph0000000000/graph/local-acker#1502585295] to Actor[akka://worker/user/watcher/graph0000000000/graph/local-acker/$a#2041060198] was not delivered. [2] dead letters encountered. This logging can be turned off or adjusted with configuration settings 'akka.log-dead-letters' and 'akka.log-dead-letters-during-shutdown'.
13:10:31.625 [worker-akka.actor.default-dispatcher-2] INFO  a.a.LocalActorRef akka://worker/user/watcher/graph0000000000/graph/local-acker - Message [com.spbsu.flamestream.runtime.acker.LocalAcker$Flush] from Actor[akka://worker/user/watcher/graph0000000000/graph/local-acker#1502585295] to Actor[akka://worker/user/watcher/graph0000000000/graph/local-acker#1502585295] was not delivered. [3] dead letters encountered. This logging can be turned off or adjusted with configuration settings 'akka.log-dead-letters' and 'akka.log-dead-letters-during-shutdown'.
13:10:31.626 [worker-akka.actor.default-dispatcher-2] INFO  a.a.LocalActorRef akka://worker/user/watcher/graph0000000000/graph/local-acker - Message [com.spbsu.flamestream.runtime.acker.LocalAcker$Flush] from Actor[akka://worker/user/watcher/graph0000000000/graph/local-acker#1502585295] to Actor[akka://worker/user/watcher/graph0000000000/graph/local-acker#1502585295] was not delivered. [4] dead letters encountered. This logging can be turned off or adjusted with configuration settings 'akka.log-dead-letters' and 'akka.log-dead-letters-during-shutdown'.
13:10:31.626 [worker-akka.actor.default-dispatcher-2] INFO  a.a.RepointableActorRef akka://worker/user/watcher - Stopped
13:10:31.639 [worker-akka.actor.default-dispatcher-2] INFO  a.r.RemoteActorRefProvider$RemotingTerminator akka://worker@172.31.33.155:5412/system/remoting-terminator - Shutting down remote daemon.
13:10:31.646 [worker-akka.actor.default-dispatcher-2] INFO  a.r.RemoteActorRefProvider$RemotingTerminator akka://worker@172.31.33.155:5412/system/remoting-terminator - Remote daemon shut down; proceeding with flushing remote transports.
13:10:31.801 [worker-akka.actor.default-dispatcher-2] INFO  a.r.RemoteActorRefProvider$RemotingTerminator akka://worker@172.31.33.155:5412/system/remoting-terminator - Remoting shut down.
Heap
 def new generation   total 153600K, used 26891K [0x00000000e0c00000, 0x00000000eb2a0000, 0x00000000eb2a0000)
  eden space 136576K,  12% used [0x00000000e0c00000, 0x00000000e1c66050, 0x00000000e9160000)
  from space 17024K,  59% used [0x00000000ea200000, 0x00000000eabdce80, 0x00000000eb2a0000)
  to   space 17024K,   0% used [0x00000000e9160000, 0x00000000e9160000, 0x00000000ea200000)
 tenured generation   total 341376K, used 93248K [0x00000000eb2a0000, 0x0000000100000000, 0x0000000100000000)
   the space 341376K,  27% used [0x00000000eb2a0000, 0x00000000f0db01e0, 0x00000000f0db0200, 0x0000000100000000)
 Metaspace       used 33703K, capacity 34522K, committed 34688K, reserved 1079296K
  class space    used 4475K, capacity 4658K, committed 4736K, reserved 1048576K
