14:11:22.173 [worker-akka.actor.default-dispatcher-2] INFO  a.e.s.Slf4jLogger  - Slf4jLogger started
2018-02-19T14:11:22.350+0000: 2.724: [Full GC (Metadata GC Threshold) 2018-02-19T14:11:22.350+0000: 2.724: [Tenured: 0K->15416K(341376K), 0.0394781 secs] 117538K->15416K(494976K), [Metaspace: 20878K->20878K(1067008K)], 0.0395489 secs] [Times: user=0.04 sys=0.00, real=0.04 secs] 
Ama winner
Ama winner
14:11:22.807 [worker-akka.actor.default-dispatcher-2] INFO  a.r.a.ArteryTransport(akka://worker) akka.remote.artery.ArteryTransport(akka://worker) - Started embedded media driver in directory [/dev/shm/aeron-root-worker-fe7b47bc-ef2d-48f2-a282-c36bc6ff0a07]
14:11:23.037 [worker-akka.actor.default-dispatcher-2] INFO  a.r.a.ArteryTransport(akka://worker) akka.remote.artery.ArteryTransport(akka://worker) - Remoting started; listening on address: [akka://worker@172.31.45.197:5412] with UID [7209360683869081589]
14:11:23.149 [worker-akka.actor.default-dispatcher-2] INFO  o.a.z.ZooKeeper  - Client environment:zookeeper.version=3.4.9-1757313, built on 08/23/2016 06:50 GMT
14:11:23.149 [worker-akka.actor.default-dispatcher-2] INFO  o.a.z.ZooKeeper  - Client environment:host.name=ip-172-31-45-197.us-east-2.compute.internal
14:11:23.150 [worker-akka.actor.default-dispatcher-2] INFO  o.a.z.ZooKeeper  - Client environment:java.version=1.8.0_151
14:11:23.151 [worker-akka.actor.default-dispatcher-2] INFO  o.a.z.ZooKeeper  - Client environment:java.vendor=Oracle Corporation
14:11:23.151 [worker-akka.actor.default-dispatcher-2] INFO  o.a.z.ZooKeeper  - Client environment:java.home=/usr/lib/jvm/java-8-openjdk-amd64/jre
14:11:23.151 [worker-akka.actor.default-dispatcher-2] INFO  o.a.z.ZooKeeper  - Client environment:java.class.path=lib/commons-cli-1.4.jar:lib/minlog-1.3.0.jar:lib/asm-5.0.4.jar:lib/hadoop-annotations-2.7.3.jar:lib/hadoop-auth-2.7.3.jar:lib/akka-slf4j_2.11-2.5.6.jar:lib/jersey-core-1.9.jar:lib/lz4-1.3.0.jar:lib/jackson-core-asl-1.9.13.jar:lib/aeron-client-1.3.0.jar:lib/htrace-core-3.1.0-incubating.jar:lib/xz-1.0.jar:lib/commons-httpclient-3.1.jar:lib/asm-3.1.jar:lib/commons-lang3-3.4.jar:lib/scala-library-2.11.11.jar:lib/scala-java8-compat_2.11-0.7.0.jar:lib/commons-configuration-1.6.jar:lib/objenesis-2.1.jar:lib/jackson-annotations-2.8.0.jar:lib/jsr305-3.0.0.jar:lib/curator-framework-2.7.1.jar:lib/jersey-server-1.9.jar:lib/jets3t-0.9.0.jar:lib/leveldb-0.7.jar:lib/jetty-6.1.26.jar:lib/stax-api-1.0-2.jar:lib/flamestream-core-1.0-SNAPSHOT.jar:lib/reflectasm-1.07-shaded.jar:lib/apacheds-kerberos-codec-2.0.0-M15.jar:lib/api-asn1-api-1.0.0-M20.jar:lib/commons-lang-2.6.jar:lib/commons-beanutils-1.7.0.jar:lib/jackson-xc-1.8.3.jar:lib/jetty-util-6.1.26.jar:lib/logback-classic-1.2.3.jar:lib/jool-0.9.12.jar:lib/flamestream-runtime-1.0-SNAPSHOT-tests.jar:lib/httpcore-4.1.2.jar:lib/kryo-4.0.0.jar:lib/ant-1.8.1.jar:lib/jaxb-impl-2.2.3-1.jar:lib/jersey-json-1.9.jar:lib/commons-compress-1.4.1.jar:lib/leveldbjni-all-1.8.jar:lib/paranamer-2.3.jar:lib/jackson-core-2.8.4.jar:lib/commons-math3-3.6.1.jar:lib/scala-parser-combinators_2.11-1.0.4.jar:lib/netty-3.10.6.Final.jar:lib/trove4j-3.0.3.jar:lib/jaxb-api-2.2.2.jar:lib/logback-core-1.2.3.jar:lib/snappy-java-1.0.4.1.jar:lib/protobuf-java-2.5.0.jar:lib/reactive-streams-1.0.1.jar:lib/flamestream-examples-1.0-SNAPSHOT.jar:lib/commons-codec-1.4.jar:lib/activation-1.1.jar:lib/commons-net-3.1.jar:lib/curator-recipes-2.7.1.jar:lib/jackson-mapper-asl-1.9.13.jar:lib/jackson-databind-2.8.4.jar:lib/flamestream-runtime-1.0-SNAPSHOT.jar:lib/jackson-jaxrs-1.8.3.jar:lib/slf4j-api-1.7.24.jar:lib/akka-remote_2.11-2.5.6.jar:lib/akka-testkit_2.11-2.5.6.jar:lib/jline-0.9.94.jar:lib/akka-stream_2.11-2.5.6.jar:lib/jsp-api-2.1.jar:lib/kryonet-2.21.jar:lib/akka-kryo-serialization_2.11-0.5.0.jar:lib/config-1.3.1.jar:lib/ant-launcher-1.8.1.jar:lib/commons-logging-1.2.jar:lib/ssl-config-core_2.11-0.2.2.jar:lib/testng-6.10.jar:lib/leveldb-api-0.7.jar:lib/reflectasm-1.11.3.jar:lib/jcommander-1.48.jar:lib/commons-1.1.jar:lib/commons-digester-1.8.jar:lib/minlog-1.2.jar:lib/java-xmlbuilder-0.4.jar:lib/jettison-1.1.jar:lib/gson-2.2.4.jar:lib/jdk.tools-1.8.jar:lib/aeron-driver-1.3.0.jar:lib/zookeeper-3.4.9.jar:lib/commons-beanutils-core-1.8.0.jar:lib/commons-math3-3.1.1.jar:lib/akka-actor_2.11-2.5.6.jar:lib/curator-client-2.7.1.jar:lib/servlet-api-2.5.jar:lib/apacheds-i18n-2.0.0-M15.jar:lib/commons-io-2.4.jar:lib/commons-codec-1.6.jar:lib/akka-protobuf_2.11-2.5.6.jar:lib/protobuf-java-3.5.1.jar:lib/jdom-2.0.2.jar:lib/api-util-1.0.0-M20.jar:lib/hadoop-common-2.7.3.jar:lib/agrona-0.9.6.jar:lib/xmlenc-0.52.jar:lib/guava-21.0.jar:lib/commons-collections-3.2.2.jar:lib/avro-1.7.4.jar:lib/httpclient-4.1.2.jar:lib/flamestream-core-1.0-SNAPSHOT-tests.jar:lib/annotations-12.0.jar:lib/jsch-0.1.42.jar:flamestream-runtime-1.0-SNAPSHOT.jar
14:11:23.151 [worker-akka.actor.default-dispatcher-2] INFO  o.a.z.ZooKeeper  - Client environment:java.library.path=/usr/java/packages/lib/amd64:/usr/lib/x86_64-linux-gnu/jni:/lib/x86_64-linux-gnu:/usr/lib/x86_64-linux-gnu:/usr/lib/jni:/lib:/usr/lib
14:11:23.151 [worker-akka.actor.default-dispatcher-2] INFO  o.a.z.ZooKeeper  - Client environment:java.io.tmpdir=/tmp
14:11:23.151 [worker-akka.actor.default-dispatcher-2] INFO  o.a.z.ZooKeeper  - Client environment:java.compiler=<NA>
14:11:23.151 [worker-akka.actor.default-dispatcher-2] INFO  o.a.z.ZooKeeper  - Client environment:os.name=Linux
14:11:23.152 [worker-akka.actor.default-dispatcher-2] INFO  o.a.z.ZooKeeper  - Client environment:os.arch=amd64
14:11:23.152 [worker-akka.actor.default-dispatcher-2] INFO  o.a.z.ZooKeeper  - Client environment:os.version=4.4.0-1049-aws
14:11:23.152 [worker-akka.actor.default-dispatcher-2] INFO  o.a.z.ZooKeeper  - Client environment:user.name=root
14:11:23.153 [worker-akka.actor.default-dispatcher-2] INFO  o.a.z.ZooKeeper  - Client environment:user.home=/root
14:11:23.154 [worker-akka.actor.default-dispatcher-2] INFO  o.a.z.ZooKeeper  - Client environment:user.dir=/opt/flamestream
14:11:23.157 [worker-akka.actor.default-dispatcher-2] INFO  o.a.z.ZooKeeper  - Initiating client connection, connectString=172.31.34.147:2181 sessionTimeout=5000 watcher=com.spbsu.flamestream.runtime.application.LifecycleWatcher$$Lambda$29/2091173542@1b48f905
14:11:23.192 [worker-akka.actor.default-dispatcher-2] INFO  a.a.RepointableActorRef akka://worker/user/watcher - Starting...
14:11:23.197 [worker-akka.actor.default-dispatcher-2-SendThread(172.31.34.147:2181)] INFO  o.a.z.ClientCnxn  - Opening socket connection to server 172.31.34.147/172.31.34.147:2181. Will not attempt to authenticate using SASL (unknown error)
14:11:23.201 [worker-akka.actor.default-dispatcher-2-SendThread(172.31.34.147:2181)] INFO  o.a.z.ClientCnxn  - Socket connection established to 172.31.34.147/172.31.34.147:2181, initiating session
14:11:23.212 [worker-akka.actor.default-dispatcher-2-SendThread(172.31.34.147:2181)] INFO  o.a.z.ClientCnxn  - Session establishment complete on server 172.31.34.147/172.31.34.147:2181, sessionid = 0x161ae66be2d0007, negotiated timeout = 6000
14:11:23.311 [worker-akka.actor.default-dispatcher-2] INFO  a.a.RepointableActorRef akka://worker/user/watcher - Connected to ZK
14:11:33.904 [worker-akka.actor.default-dispatcher-2] INFO  a.a.RepointableActorRef akka://worker/user/watcher - Creating node with watchGraphs: 'com.spbsu.flamestream.core.Graph$Builder$MyGraph@22aae96d', config: 'ClusterConfig{paths={172.31.33.155=akka://worker@172.31.33.155:5412/user/watcher/graph0000000000, 172.31.47.83=akka://worker@172.31.47.83:5412/user/watcher/graph0000000000, 172.31.45.197=akka://worker@172.31.45.197:5412/user/watcher/graph0000000000, 172.31.42.36=akka://worker@172.31.42.36:5412/user/watcher/graph0000000000, 172.31.44.83=akka://worker@172.31.44.83:5412/user/watcher/graph0000000000, 172.31.39.64=akka://worker@172.31.39.64:5412/user/watcher/graph0000000000, 172.31.35.79=akka://worker@172.31.35.79:5412/user/watcher/graph0000000000, 172.31.34.169=akka://worker@172.31.34.169:5412/user/watcher/graph0000000000, 172.31.47.100=akka://worker@172.31.47.100:5412/user/watcher/graph0000000000, 172.31.37.101=akka://worker@172.31.37.101:5412/user/watcher/graph0000000000}, ackerLocation='172.31.35.79', props=ComputationLayout{ranges={172.31.33.155=HashRange{from=-1670265060, to=-1193046472}, 172.31.47.83=HashRange{from=1670265056, to=2147483644}, 172.31.45.197=HashRange{from=-715827884, to=-238609296}, 172.31.42.36=HashRange{from=1193046468, to=1670265056}, 172.31.44.83=HashRange{from=-238609296, to=238609292}, 172.31.39.64=HashRange{from=715827880, to=1193046468}, 172.31.35.79=HashRange{from=0, to=0}, 172.31.34.169=HashRange{from=-2147483648, to=-1670265060}, 172.31.47.100=HashRange{from=238609292, to=715827880}, 172.31.37.101=HashRange{from=-1193046472, to=-715827884}}}}'
14:11:34.678 [worker-akka.actor.default-dispatcher-2] INFO  a.a.LocalActorRef akka://worker/user/watcher/graph0000000000/graph - Starting...
14:11:34.678 [worker-akka.actor.default-dispatcher-2] INFO  a.a.LocalActorRef akka://worker/user/watcher/graph0000000000/graph/local-acker - Starting...
14:11:34.686 [worker-akka.actor.default-dispatcher-2] INFO  a.a.LocalActorRef akka://worker/user/watcher/graph0000000000/graph/local-acker/$a - Starting...
Warning: space is running low in /dev/shm (tmpfs) threshold=167,772,160 usable=158,621,696
Warning: space is running low in /dev/shm (tmpfs) threshold=167,772,160 usable=146,034,688
Warning: space is running low in /dev/shm (tmpfs) threshold=167,772,160 usable=133,447,680
Warning: space is running low in /dev/shm (tmpfs) threshold=167,772,160 usable=120,860,672
Warning: space is running low in /dev/shm (tmpfs) threshold=167,772,160 usable=108,273,664
Warning: space is running low in /dev/shm (tmpfs) threshold=167,772,160 usable=95,686,656
Warning: space is running low in /dev/shm (tmpfs) threshold=167,772,160 usable=83,099,648
Warning: space is running low in /dev/shm (tmpfs) threshold=167,772,160 usable=70,512,640
14:11:35.958 [worker-akka.actor.default-dispatcher-2] INFO  a.a.LocalActorRef akka://worker/user/watcher/graph0000000000/graph - Finishing constructor
14:11:35.959 [worker-akka.actor.default-dispatcher-2] INFO  a.a.LocalActorRef akka://worker/user/watcher/graph0000000000 - Starting...
14:11:35.961 [worker-akka.actor.default-dispatcher-2] INFO  a.a.LocalActorRef akka://worker/user/watcher/graph0000000000/negotiator - Starting...
14:11:36.027 [worker-akka.actor.default-dispatcher-2] INFO  a.a.LocalActorRef akka://worker/user/watcher/graph0000000000/edge - Starting...
14:11:36.029 [worker-akka.actor.default-dispatcher-2] INFO  a.a.LocalActorRef akka://worker/user/watcher/graph0000000000/graph/$a - Starting...
14:11:36.030 [worker-akka.actor.default-dispatcher-2] INFO  a.a.LocalActorRef akka://worker/user/watcher/graph0000000000/graph/$b - Starting...
14:11:36.031 [worker-akka.actor.default-dispatcher-2] INFO  a.a.LocalActorRef akka://worker/user/watcher/graph0000000000/graph/$c - Starting...
14:11:36.061 [worker-akka.actor.default-dispatcher-2] INFO  c.s.f.r.e.s.SocketRear  - FlameSocketGraphDeployerRear@172.31.45.197: connecting to 172.31.34.147:5678
14:11:36.067 [worker-akka.actor.default-dispatcher-2] INFO  c.s.f.r.e.s.SocketRear  - FlameSocketGraphDeployerRear@172.31.45.197: connected to 172.31.34.147:5678
14:11:36.096 [worker-akka.actor.default-dispatcher-2] INFO  a.a.LocalActorRef akka://worker/user/watcher/graph0000000000/edge/FlameSocketGraphDeployerRear - Starting...
14:11:36.097 [worker-akka.actor.default-dispatcher-2] INFO  a.a.LocalActorRef akka://worker/user/watcher/graph0000000000/edge/FlameSocketGraphDeployerFront - Starting...
14:11:36.109 [worker-akka.actor.default-dispatcher-2] INFO  a.a.LocalActorRef akka://worker/user/watcher/graph0000000000/negotiator - Requesting ticket for the frontClass FlameSocketGraphDeployerFront@172.31.45.197
14:11:36.110 [worker-akka.actor.default-dispatcher-2] INFO  a.a.LocalActorRef akka://worker/user/watcher/graph0000000000/negotiator - Ticket for the frontClass received: FrontTicket{allowedTimestamp=(1519049493891, FlameSocketGraphDeployerFront@172.31.45.197)}
14:11:36.112 [worker-akka.actor.default-dispatcher-2] INFO  c.s.f.r.e.s.SocketFront  - FlameSocketGraphDeployerFront@172.31.45.197: connecting to 172.31.34.147:4567
14:11:36.131 [Client] INFO  c.s.f.r.e.s.SocketFront  - FlameSocketGraphDeployerFront@172.31.45.197 has been disconnected from Connection 4
2018-02-19T14:11:39.633+0000: 20.006: [GC (Allocation Failure) 2018-02-19T14:11:39.633+0000: 20.006: [DefNew: 136576K->15493K(153600K), 0.0255950 secs] 151992K->50441K(494976K), 0.0256667 secs] [Times: user=0.02 sys=0.01, real=0.02 secs] 
2018-02-19T14:11:50.830+0000: 31.203: [GC (Allocation Failure) 2018-02-19T14:11:50.830+0000: 31.203: [DefNew: 152069K->3457K(153600K), 0.0227635 secs] 187017K->45992K(494976K), 0.0228319 secs] [Times: user=0.02 sys=0.00, real=0.03 secs] 
2018-02-19T14:12:03.768+0000: 44.142: [GC (Allocation Failure) 2018-02-19T14:12:03.768+0000: 44.142: [DefNew: 140033K->5750K(153600K), 0.0138076 secs] 182568K->48285K(494976K), 0.0138825 secs] [Times: user=0.01 sys=0.00, real=0.01 secs] 
2018-02-19T14:12:17.742+0000: 58.115: [GC (Allocation Failure) 2018-02-19T14:12:17.742+0000: 58.115: [DefNew: 142326K->7480K(153600K), 0.0164506 secs] 184861K->50015K(494976K), 0.0165403 secs] [Times: user=0.02 sys=0.00, real=0.02 secs] 
2018-02-19T14:12:27.706+0000: 68.080: [GC (Allocation Failure) 2018-02-19T14:12:27.706+0000: 68.080: [DefNew: 144056K->9071K(153600K), 0.0150658 secs] 186591K->51606K(494976K), 0.0151368 secs] [Times: user=0.01 sys=0.00, real=0.01 secs] 
2018-02-19T14:12:38.859+0000: 79.233: [GC (Allocation Failure) 2018-02-19T14:12:38.859+0000: 79.233: [DefNew: 145647K->8817K(153600K), 0.0173567 secs] 188182K->52783K(494976K), 0.0174315 secs] [Times: user=0.02 sys=0.00, real=0.02 secs] 
2018-02-19T14:12:52.794+0000: 93.168: [GC (Allocation Failure) 2018-02-19T14:12:52.794+0000: 93.168: [DefNew: 145393K->8491K(153600K), 0.0179278 secs] 189359K->53893K(494976K), 0.0180035 secs] [Times: user=0.01 sys=0.00, real=0.02 secs] 
2018-02-19T14:13:10.447+0000: 110.820: [GC (Allocation Failure) 2018-02-19T14:13:10.447+0000: 110.821: [DefNew: 145067K->10157K(153600K), 0.0193706 secs] 190469K->55559K(494976K), 0.0194466 secs] [Times: user=0.02 sys=0.00, real=0.02 secs] 
2018-02-19T14:13:24.782+0000: 125.156: [GC (Allocation Failure) 2018-02-19T14:13:24.782+0000: 125.156: [DefNew: 146733K->9189K(153600K), 0.0186953 secs] 192135K->56791K(494976K), 0.0187668 secs] [Times: user=0.02 sys=0.00, real=0.02 secs] 
2018-02-19T14:13:39.586+0000: 139.961: [GC (Allocation Failure) 2018-02-19T14:13:39.587+0000: 139.961: [DefNew: 145765K->9249K(153600K), 0.0175447 secs] 193367K->58039K(494976K), 0.0182958 secs] [Times: user=0.01 sys=0.01, real=0.02 secs] 
2018-02-19T14:13:56.336+0000: 156.710: [GC (Allocation Failure) 2018-02-19T14:13:56.336+0000: 156.710: [DefNew: 145825K->9240K(153600K), 0.0168077 secs] 194615K->59299K(494976K), 0.0168846 secs] [Times: user=0.02 sys=0.00, real=0.02 secs] 
2018-02-19T14:14:13.450+0000: 173.824: [GC (Allocation Failure) 2018-02-19T14:14:13.450+0000: 173.824: [DefNew: 145816K->9510K(153600K), 0.0185204 secs] 195875K->61194K(494976K), 0.0185977 secs] [Times: user=0.01 sys=0.00, real=0.02 secs] 
2018-02-19T14:14:27.388+0000: 187.762: [GC (Allocation Failure) 2018-02-19T14:14:27.388+0000: 187.762: [DefNew: 146086K->9215K(153600K), 0.0181264 secs] 197770K->62132K(494976K), 0.0182129 secs] [Times: user=0.02 sys=0.00, real=0.02 secs] 
2018-02-19T14:14:42.907+0000: 203.281: [GC (Allocation Failure) 2018-02-19T14:14:42.907+0000: 203.281: [DefNew: 145791K->9029K(153600K), 0.0168873 secs] 198708K->63157K(494976K), 0.0169646 secs] [Times: user=0.02 sys=0.00, real=0.02 secs] 
2018-02-19T14:14:54.824+0000: 215.198: [GC (Allocation Failure) 2018-02-19T14:14:54.824+0000: 215.198: [DefNew: 145605K->9034K(153600K), 0.0168109 secs] 199733K->64324K(494976K), 0.0168752 secs] [Times: user=0.02 sys=0.00, real=0.01 secs] 
2018-02-19T14:15:11.034+0000: 231.408: [GC (Allocation Failure) 2018-02-19T14:15:11.034+0000: 231.408: [DefNew: 145610K->9176K(153600K), 0.0176652 secs] 200900K->65794K(494976K), 0.0177406 secs] [Times: user=0.02 sys=0.00, real=0.02 secs] 
2018-02-19T14:15:24.085+0000: 244.458: [GC (Allocation Failure) 2018-02-19T14:15:24.085+0000: 244.458: [DefNew: 145752K->9584K(153600K), 0.0184905 secs] 202370K->67381K(494976K), 0.0185804 secs] [Times: user=0.02 sys=0.00, real=0.01 secs] 
2018-02-19T14:15:40.662+0000: 261.036: [GC (Allocation Failure) 2018-02-19T14:15:40.663+0000: 261.036: [DefNew: 146160K->9565K(153600K), 0.0180599 secs] 203957K->68508K(494976K), 0.0181359 secs] [Times: user=0.02 sys=0.00, real=0.02 secs] 
2018-02-19T14:15:53.096+0000: 273.470: [GC (Allocation Failure) 2018-02-19T14:15:53.096+0000: 273.470: [DefNew: 146141K->8468K(153600K), 0.0181478 secs] 205084K->69828K(494976K), 0.0182160 secs] [Times: user=0.02 sys=0.00, real=0.02 secs] 
2018-02-19T14:16:06.083+0000: 286.457: [GC (Allocation Failure) 2018-02-19T14:16:06.084+0000: 286.457: [DefNew: 145044K->9994K(153600K), 0.0163183 secs] 206404K->71354K(494976K), 0.0163969 secs] [Times: user=0.02 sys=0.00, real=0.02 secs] 
2018-02-19T14:16:18.209+0000: 298.583: [GC (Allocation Failure) 2018-02-19T14:16:18.209+0000: 298.583: [DefNew: 146570K->8633K(153600K), 0.0177668 secs] 207930K->72378K(494976K), 0.0178371 secs] [Times: user=0.02 sys=0.00, real=0.02 secs] 
2018-02-19T14:16:33.079+0000: 313.452: [GC (Allocation Failure) 2018-02-19T14:16:33.079+0000: 313.452: [DefNew: 145209K->10022K(153600K), 0.0175421 secs] 208954K->74878K(494976K), 0.0176257 secs] [Times: user=0.02 sys=0.00, real=0.02 secs] 
2018-02-19T14:16:45.601+0000: 325.975: [GC (Allocation Failure) 2018-02-19T14:16:45.601+0000: 325.975: [DefNew: 146598K->10412K(153600K), 0.0183475 secs] 211454K->76689K(494976K), 0.0184245 secs] [Times: user=0.02 sys=0.00, real=0.02 secs] 
2018-02-19T14:16:57.866+0000: 338.240: [GC (Allocation Failure) 2018-02-19T14:16:57.866+0000: 338.240: [DefNew: 146988K->7578K(153600K), 0.0240973 secs] 213265K->77570K(494976K), 0.0241786 secs] [Times: user=0.00 sys=0.02, real=0.02 secs] 
2018-02-19T14:17:12.726+0000: 353.099: [GC (Allocation Failure) 2018-02-19T14:17:12.726+0000: 353.099: [DefNew: 144154K->9043K(153600K), 0.0148547 secs] 214146K->79035K(494976K), 0.0149294 secs] [Times: user=0.01 sys=0.00, real=0.01 secs] 
2018-02-19T14:17:26.684+0000: 367.058: [GC (Allocation Failure) 2018-02-19T14:17:26.684+0000: 367.058: [DefNew: 145619K->9767K(153600K), 0.0195429 secs] 215611K->80996K(494976K), 0.0196179 secs] [Times: user=0.02 sys=0.00, real=0.01 secs] 
2018-02-19T14:17:42.103+0000: 382.477: [GC (Allocation Failure) 2018-02-19T14:17:42.104+0000: 382.477: [DefNew: 146343K->9815K(153600K), 0.0172768 secs] 217572K->82279K(494976K), 0.0173689 secs] [Times: user=0.02 sys=0.00, real=0.02 secs] 
2018-02-19T14:17:57.973+0000: 398.346: [GC (Allocation Failure) 2018-02-19T14:17:57.973+0000: 398.346: [DefNew: 146391K->10196K(153600K), 0.0195731 secs] 218855K->83834K(494976K), 0.0196569 secs] [Times: user=0.02 sys=0.00, real=0.02 secs] 
2018-02-19T14:18:11.462+0000: 411.835: [GC (Allocation Failure) 2018-02-19T14:18:11.462+0000: 411.835: [DefNew: 146772K->8839K(153600K), 0.0191233 secs] 220410K->85350K(494976K), 0.0191998 secs] [Times: user=0.02 sys=0.00, real=0.02 secs] 
2018-02-19T14:18:24.210+0000: 424.584: [GC (Allocation Failure) 2018-02-19T14:18:24.210+0000: 424.584: [DefNew: 145415K->8918K(153600K), 0.0177530 secs] 221926K->87250K(494976K), 0.0178248 secs] [Times: user=0.02 sys=0.00, real=0.02 secs] 
2018-02-19T14:18:38.144+0000: 438.517: [GC (Allocation Failure) 2018-02-19T14:18:38.144+0000: 438.517: [DefNew: 145494K->9121K(153600K), 0.0180912 secs] 223826K->89158K(494976K), 0.0181645 secs] [Times: user=0.01 sys=0.01, real=0.01 secs] 
2018-02-19T14:18:53.023+0000: 453.397: [GC (Allocation Failure) 2018-02-19T14:18:53.023+0000: 453.397: [DefNew: 145697K->9245K(153600K), 0.0172817 secs] 225734K->90836K(494976K), 0.0173555 secs] [Times: user=0.01 sys=0.01, real=0.02 secs] 
2018-02-19T14:19:04.852+0000: 465.225: [GC (Allocation Failure) 2018-02-19T14:19:04.852+0000: 465.225: [DefNew: 145821K->8884K(153600K), 0.0167836 secs] 227412K->92153K(494976K), 0.0168579 secs] [Times: user=0.02 sys=0.00, real=0.02 secs] 
2018-02-19T14:19:21.758+0000: 482.132: [GC (Allocation Failure) 2018-02-19T14:19:21.758+0000: 482.132: [DefNew: 145460K->8929K(153600K), 0.0170392 secs] 228729K->93736K(494976K), 0.0171212 secs] [Times: user=0.02 sys=0.00, real=0.02 secs] 
2018-02-19T14:19:33.685+0000: 494.059: [GC (Allocation Failure) 2018-02-19T14:19:33.685+0000: 494.059: [DefNew: 145505K->9094K(153600K), 0.0168921 secs] 230312K->95339K(494976K), 0.0169696 secs] [Times: user=0.02 sys=0.00, real=0.01 secs] 
2018-02-19T14:19:46.470+0000: 506.844: [GC (Allocation Failure) 2018-02-19T14:19:46.470+0000: 506.844: [DefNew: 145670K->9472K(153600K), 0.0180110 secs] 231915K->97189K(494976K), 0.0180911 secs] [Times: user=0.02 sys=0.01, real=0.02 secs] 
2018-02-19T14:20:01.112+0000: 521.486: [GC (Allocation Failure) 2018-02-19T14:20:01.112+0000: 521.486: [DefNew: 146048K->9470K(153600K), 0.0176537 secs] 233765K->98742K(494976K), 0.0177405 secs] [Times: user=0.02 sys=0.00, real=0.01 secs] 
2018-02-19T14:20:11.242+0000: 531.616: [GC (Allocation Failure) 2018-02-19T14:20:11.242+0000: 531.616: [DefNew: 146046K->8974K(153600K), 0.0175979 secs] 235318K->99957K(494976K), 0.0176691 secs] [Times: user=0.01 sys=0.00, real=0.02 secs] 
14:20:12.843 [Client] INFO  c.s.f.r.e.s.SocketRear  - FlameSocketGraphDeployerRear@172.31.45.197: has been disconnected from Connection 4
14:20:25.978 [worker-akka.actor.default-dispatcher-2] INFO  a.a.CoordinatedShutdown CoordinatedShutdown(akka://worker) - Starting coordinated shutdown from JVM shutdown hook
14:20:26.010 [worker-akka.actor.default-dispatcher-2] INFO  a.a.LocalActorRef akka://worker/user/watcher/graph0000000000/negotiator - Stopped
14:20:26.012 [worker-akka.actor.default-dispatcher-2] INFO  a.a.LocalActorRef akka://worker/user/watcher/graph0000000000/edge/FlameSocketGraphDeployerFront - Stopped
14:20:26.013 [worker-akka.actor.default-dispatcher-2] INFO  a.a.LocalActorRef akka://worker/user/watcher/graph0000000000/edge/FlameSocketGraphDeployerRear - Stopped
14:20:26.015 [worker-akka.actor.default-dispatcher-2] INFO  a.a.LocalActorRef akka://worker/user/watcher/graph0000000000/graph/$a - Stopped
14:20:26.016 [worker-akka.actor.default-dispatcher-2] INFO  a.a.LocalActorRef akka://worker/user/watcher/graph0000000000/graph/$b - Stopped
14:20:26.018 [worker-akka.actor.default-dispatcher-2] INFO  a.a.LocalActorRef akka://worker/user/watcher/graph0000000000/graph/$c - Stopped
14:20:26.018 [worker-akka.actor.default-dispatcher-2] INFO  a.a.LocalActorRef akka://worker/user/watcher/graph0000000000/graph/local-acker/$a - Stopped
14:20:26.024 [worker-akka.actor.default-dispatcher-2] INFO  a.a.LocalActorRef akka://worker/user/watcher/graph0000000000/edge - Stopped
14:20:26.024 [worker-akka.actor.default-dispatcher-2] INFO  a.a.LocalActorRef akka://worker/user/watcher/graph0000000000/graph/local-acker/$a - Message [com.spbsu.flamestream.runtime.utils.akka.PingActor$InnerPing] from Actor[akka://worker/user/watcher/graph0000000000/graph/local-acker/$a#-462304400] to Actor[akka://worker/user/watcher/graph0000000000/graph/local-acker/$a#-462304400] was not delivered. [1] dead letters encountered. This logging can be turned off or adjusted with configuration settings 'akka.log-dead-letters' and 'akka.log-dead-letters-during-shutdown'.
14:20:26.026 [worker-akka.actor.default-dispatcher-2] INFO  a.a.LocalActorRef akka://worker/user/watcher/graph0000000000/graph/local-acker - Stopped
14:20:26.027 [worker-akka.actor.default-dispatcher-2] INFO  a.a.LocalActorRef akka://worker/user/watcher/graph0000000000/graph/local-acker/$a - Message [com.spbsu.flamestream.runtime.utils.akka.PingActor$Stop] from Actor[akka://worker/user/watcher/graph0000000000/graph/local-acker#2026362616] to Actor[akka://worker/user/watcher/graph0000000000/graph/local-acker/$a#-462304400] was not delivered. [2] dead letters encountered. This logging can be turned off or adjusted with configuration settings 'akka.log-dead-letters' and 'akka.log-dead-letters-during-shutdown'.
14:20:26.028 [worker-akka.actor.default-dispatcher-2] INFO  a.a.LocalActorRef akka://worker/user/watcher/graph0000000000/graph/local-acker - Message [com.spbsu.flamestream.runtime.acker.LocalAcker$Flush] from Actor[akka://worker/user/watcher/graph0000000000/graph/local-acker#2026362616] to Actor[akka://worker/user/watcher/graph0000000000/graph/local-acker#2026362616] was not delivered. [3] dead letters encountered. This logging can be turned off or adjusted with configuration settings 'akka.log-dead-letters' and 'akka.log-dead-letters-during-shutdown'.
14:20:26.028 [worker-akka.actor.default-dispatcher-2] INFO  a.a.LocalActorRef akka://worker/user/watcher/graph0000000000/graph/local-acker - Message [com.spbsu.flamestream.runtime.acker.LocalAcker$Flush] from Actor[akka://worker/user/watcher/graph0000000000/graph/local-acker#2026362616] to Actor[akka://worker/user/watcher/graph0000000000/graph/local-acker#2026362616] was not delivered. [4] dead letters encountered. This logging can be turned off or adjusted with configuration settings 'akka.log-dead-letters' and 'akka.log-dead-letters-during-shutdown'.
14:20:26.029 [worker-akka.actor.default-dispatcher-2] INFO  a.a.LocalActorRef akka://worker/user/watcher/graph0000000000/graph/local-acker - Message [com.spbsu.flamestream.runtime.acker.LocalAcker$Flush] from Actor[akka://worker/user/watcher/graph0000000000/graph/local-acker#2026362616] to Actor[akka://worker/user/watcher/graph0000000000/graph/local-acker#2026362616] was not delivered. [5] dead letters encountered. This logging can be turned off or adjusted with configuration settings 'akka.log-dead-letters' and 'akka.log-dead-letters-during-shutdown'.
14:20:26.029 [worker-akka.actor.default-dispatcher-2] INFO  a.a.LocalActorRef akka://worker/user/watcher/graph0000000000/graph/local-acker - Message [com.spbsu.flamestream.runtime.acker.LocalAcker$Flush] from Actor[akka://worker/user/watcher/graph0000000000/graph/local-acker#2026362616] to Actor[akka://worker/user/watcher/graph0000000000/graph/local-acker#2026362616] was not delivered. [6] dead letters encountered. This logging can be turned off or adjusted with configuration settings 'akka.log-dead-letters' and 'akka.log-dead-letters-during-shutdown'.
14:20:26.029 [worker-akka.actor.default-dispatcher-2] INFO  a.a.LocalActorRef akka://worker/user/watcher/graph0000000000/graph/local-acker - Message [com.spbsu.flamestream.runtime.acker.LocalAcker$Flush] from Actor[akka://worker/user/watcher/graph0000000000/graph/local-acker#2026362616] to Actor[akka://worker/user/watcher/graph0000000000/graph/local-acker#2026362616] was not delivered. [7] dead letters encountered. This logging can be turned off or adjusted with configuration settings 'akka.log-dead-letters' and 'akka.log-dead-letters-during-shutdown'.
14:20:26.029 [worker-akka.actor.default-dispatcher-2] INFO  a.a.LocalActorRef akka://worker/user/watcher/graph0000000000/graph/local-acker - Message [com.spbsu.flamestream.runtime.acker.LocalAcker$Flush] from Actor[akka://worker/user/watcher/graph0000000000/graph/local-acker#2026362616] to Actor[akka://worker/user/watcher/graph0000000000/graph/local-acker#2026362616] was not delivered. [8] dead letters encountered. This logging can be turned off or adjusted with configuration settings 'akka.log-dead-letters' and 'akka.log-dead-letters-during-shutdown'.
14:20:26.031 [worker-akka.actor.default-dispatcher-2] INFO  a.a.LocalActorRef akka://worker/user/watcher/graph0000000000/graph - Stopped
14:20:26.032 [worker-akka.actor.default-dispatcher-2] INFO  a.a.LocalActorRef akka://worker/user/watcher/graph0000000000 - Stopped
14:20:26.035 [worker-akka.actor.default-dispatcher-2] INFO  o.a.z.ZooKeeper  - Session: 0x161ae66be2d0007 closed
14:20:26.036 [worker-akka.actor.default-dispatcher-2] INFO  a.a.RepointableActorRef akka://worker/user/watcher - Stopped
14:20:26.036 [worker-akka.actor.default-dispatcher-2-EventThread] INFO  o.a.z.ClientCnxn  - EventThread shut down for session: 0x161ae66be2d0007
14:20:26.056 [worker-akka.actor.default-dispatcher-2] INFO  a.r.RemoteActorRefProvider$RemotingTerminator akka://worker@172.31.45.197:5412/system/remoting-terminator - Shutting down remote daemon.
14:20:26.059 [worker-akka.actor.default-dispatcher-2] INFO  a.r.RemoteActorRefProvider$RemotingTerminator akka://worker@172.31.45.197:5412/system/remoting-terminator - Remote daemon shut down; proceeding with flushing remote transports.
14:20:26.206 [worker-akka.actor.default-dispatcher-2] INFO  a.r.RemoteActorRefProvider$RemotingTerminator akka://worker@172.31.45.197:5412/system/remoting-terminator - Remoting shut down.
Heap
 def new generation   total 153600K, used 38524K [0x00000000e0c00000, 0x00000000eb2a0000, 0x00000000eb2a0000)
  eden space 136576K,  21% used [0x00000000e0c00000, 0x00000000e28db908, 0x00000000e9160000)
  from space 17024K,  52% used [0x00000000e9160000, 0x00000000e9a23ab8, 0x00000000ea200000)
  to   space 17024K,   0% used [0x00000000ea200000, 0x00000000ea200000, 0x00000000eb2a0000)
 tenured generation   total 341376K, used 90983K [0x00000000eb2a0000, 0x0000000100000000, 0x0000000100000000)
   the space 341376K,  26% used [0x00000000eb2a0000, 0x00000000f0b79cc0, 0x00000000f0b79e00, 0x0000000100000000)
 Metaspace       used 33477K, capacity 34234K, committed 34432K, reserved 1079296K
  class space    used 4456K, capacity 4624K, committed 4736K, reserved 1048576K
