15:33:36.216 [worker-akka.actor.default-dispatcher-2] INFO  a.e.s.Slf4jLogger  - Slf4jLogger started
2018-02-16T15:33:36.354+0000: 1.795: [Full GC (Metadata GC Threshold) 2018-02-16T15:33:36.354+0000: 1.795: [Tenured: 0K->15411K(341376K), 0.0352047 secs] 117531K->15411K(494976K), [Metaspace: 20866K->20866K(1067008K)], 0.0352654 secs] [Times: user=0.04 sys=0.00, real=0.03 secs] 
Ama winner
Ama winner
15:33:36.711 [worker-akka.actor.default-dispatcher-2] INFO  a.r.a.ArteryTransport(akka://worker) akka.remote.artery.ArteryTransport(akka://worker) - Started embedded media driver in directory [/dev/shm/aeron-root-worker-9b470c94-c3df-4f7c-8c49-afb139fd4b71]
15:33:36.919 [worker-akka.actor.default-dispatcher-2] INFO  a.r.a.ArteryTransport(akka://worker) akka.remote.artery.ArteryTransport(akka://worker) - Remoting started; listening on address: [akka://worker@172.31.45.197:5412] with UID [4569839930141802132]
15:33:37.011 [worker-akka.actor.default-dispatcher-2] INFO  o.a.z.ZooKeeper  - Client environment:zookeeper.version=3.4.9-1757313, built on 08/23/2016 06:50 GMT
15:33:37.012 [worker-akka.actor.default-dispatcher-2] INFO  o.a.z.ZooKeeper  - Client environment:host.name=ip-172-31-45-197.us-east-2.compute.internal
15:33:37.012 [worker-akka.actor.default-dispatcher-2] INFO  o.a.z.ZooKeeper  - Client environment:java.version=1.8.0_151
15:33:37.012 [worker-akka.actor.default-dispatcher-2] INFO  o.a.z.ZooKeeper  - Client environment:java.vendor=Oracle Corporation
15:33:37.012 [worker-akka.actor.default-dispatcher-2] INFO  o.a.z.ZooKeeper  - Client environment:java.home=/usr/lib/jvm/java-8-openjdk-amd64/jre
15:33:37.012 [worker-akka.actor.default-dispatcher-2] INFO  o.a.z.ZooKeeper  - Client environment:java.class.path=lib/commons-cli-1.4.jar:lib/minlog-1.3.0.jar:lib/asm-5.0.4.jar:lib/hadoop-annotations-2.7.3.jar:lib/hadoop-auth-2.7.3.jar:lib/akka-slf4j_2.11-2.5.6.jar:lib/jersey-core-1.9.jar:lib/lz4-1.3.0.jar:lib/jackson-core-asl-1.9.13.jar:lib/aeron-client-1.3.0.jar:lib/htrace-core-3.1.0-incubating.jar:lib/xz-1.0.jar:lib/commons-httpclient-3.1.jar:lib/asm-3.1.jar:lib/commons-lang3-3.4.jar:lib/scala-library-2.11.11.jar:lib/scala-java8-compat_2.11-0.7.0.jar:lib/commons-configuration-1.6.jar:lib/objenesis-2.1.jar:lib/jackson-annotations-2.8.0.jar:lib/jsr305-3.0.0.jar:lib/curator-framework-2.7.1.jar:lib/jersey-server-1.9.jar:lib/jets3t-0.9.0.jar:lib/leveldb-0.7.jar:lib/jetty-6.1.26.jar:lib/stax-api-1.0-2.jar:lib/flamestream-core-1.0-SNAPSHOT.jar:lib/reflectasm-1.07-shaded.jar:lib/apacheds-kerberos-codec-2.0.0-M15.jar:lib/api-asn1-api-1.0.0-M20.jar:lib/commons-lang-2.6.jar:lib/commons-beanutils-1.7.0.jar:lib/jackson-xc-1.8.3.jar:lib/jetty-util-6.1.26.jar:lib/logback-classic-1.2.3.jar:lib/jool-0.9.12.jar:lib/flamestream-runtime-1.0-SNAPSHOT-tests.jar:lib/httpcore-4.1.2.jar:lib/kryo-4.0.0.jar:lib/ant-1.8.1.jar:lib/jaxb-impl-2.2.3-1.jar:lib/jersey-json-1.9.jar:lib/commons-compress-1.4.1.jar:lib/leveldbjni-all-1.8.jar:lib/paranamer-2.3.jar:lib/jackson-core-2.8.4.jar:lib/commons-math3-3.6.1.jar:lib/scala-parser-combinators_2.11-1.0.4.jar:lib/netty-3.10.6.Final.jar:lib/trove4j-3.0.3.jar:lib/jaxb-api-2.2.2.jar:lib/logback-core-1.2.3.jar:lib/snappy-java-1.0.4.1.jar:lib/protobuf-java-2.5.0.jar:lib/reactive-streams-1.0.1.jar:lib/flamestream-examples-1.0-SNAPSHOT.jar:lib/commons-codec-1.4.jar:lib/activation-1.1.jar:lib/commons-net-3.1.jar:lib/curator-recipes-2.7.1.jar:lib/jackson-mapper-asl-1.9.13.jar:lib/jackson-databind-2.8.4.jar:lib/flamestream-runtime-1.0-SNAPSHOT.jar:lib/jackson-jaxrs-1.8.3.jar:lib/slf4j-api-1.7.24.jar:lib/akka-remote_2.11-2.5.6.jar:lib/akka-testkit_2.11-2.5.6.jar:lib/jline-0.9.94.jar:lib/akka-stream_2.11-2.5.6.jar:lib/jsp-api-2.1.jar:lib/kryonet-2.21.jar:lib/akka-kryo-serialization_2.11-0.5.0.jar:lib/config-1.3.1.jar:lib/ant-launcher-1.8.1.jar:lib/commons-logging-1.2.jar:lib/ssl-config-core_2.11-0.2.2.jar:lib/testng-6.10.jar:lib/leveldb-api-0.7.jar:lib/reflectasm-1.11.3.jar:lib/jcommander-1.48.jar:lib/commons-1.1.jar:lib/commons-digester-1.8.jar:lib/minlog-1.2.jar:lib/java-xmlbuilder-0.4.jar:lib/jettison-1.1.jar:lib/gson-2.2.4.jar:lib/jdk.tools-1.8.jar:lib/aeron-driver-1.3.0.jar:lib/zookeeper-3.4.9.jar:lib/commons-beanutils-core-1.8.0.jar:lib/commons-math3-3.1.1.jar:lib/akka-actor_2.11-2.5.6.jar:lib/curator-client-2.7.1.jar:lib/servlet-api-2.5.jar:lib/apacheds-i18n-2.0.0-M15.jar:lib/commons-io-2.4.jar:lib/commons-codec-1.6.jar:lib/akka-protobuf_2.11-2.5.6.jar:lib/protobuf-java-3.5.1.jar:lib/jdom-2.0.2.jar:lib/api-util-1.0.0-M20.jar:lib/hadoop-common-2.7.3.jar:lib/agrona-0.9.6.jar:lib/xmlenc-0.52.jar:lib/guava-21.0.jar:lib/commons-collections-3.2.2.jar:lib/avro-1.7.4.jar:lib/httpclient-4.1.2.jar:lib/flamestream-core-1.0-SNAPSHOT-tests.jar:lib/annotations-12.0.jar:lib/jsch-0.1.42.jar:flamestream-runtime-1.0-SNAPSHOT.jar
15:33:37.012 [worker-akka.actor.default-dispatcher-2] INFO  o.a.z.ZooKeeper  - Client environment:java.library.path=/usr/java/packages/lib/amd64:/usr/lib/x86_64-linux-gnu/jni:/lib/x86_64-linux-gnu:/usr/lib/x86_64-linux-gnu:/usr/lib/jni:/lib:/usr/lib
15:33:37.012 [worker-akka.actor.default-dispatcher-2] INFO  o.a.z.ZooKeeper  - Client environment:java.io.tmpdir=/tmp
15:33:37.012 [worker-akka.actor.default-dispatcher-2] INFO  o.a.z.ZooKeeper  - Client environment:java.compiler=<NA>
15:33:37.012 [worker-akka.actor.default-dispatcher-2] INFO  o.a.z.ZooKeeper  - Client environment:os.name=Linux
15:33:37.012 [worker-akka.actor.default-dispatcher-2] INFO  o.a.z.ZooKeeper  - Client environment:os.arch=amd64
15:33:37.013 [worker-akka.actor.default-dispatcher-2] INFO  o.a.z.ZooKeeper  - Client environment:os.version=4.4.0-1049-aws
15:33:37.013 [worker-akka.actor.default-dispatcher-2] INFO  o.a.z.ZooKeeper  - Client environment:user.name=root
15:33:37.014 [worker-akka.actor.default-dispatcher-2] INFO  o.a.z.ZooKeeper  - Client environment:user.home=/root
15:33:37.014 [worker-akka.actor.default-dispatcher-2] INFO  o.a.z.ZooKeeper  - Client environment:user.dir=/opt/flamestream
15:33:37.017 [worker-akka.actor.default-dispatcher-2] INFO  o.a.z.ZooKeeper  - Initiating client connection, connectString=172.31.34.147:2181 sessionTimeout=5000 watcher=com.spbsu.flamestream.runtime.application.LifecycleWatcher$$Lambda$29/764839090@3d5d5f13
15:33:37.048 [worker-akka.actor.default-dispatcher-2] INFO  a.a.RepointableActorRef akka://worker/user/watcher - Starting...
15:33:37.049 [worker-akka.actor.default-dispatcher-2-SendThread(172.31.34.147:2181)] INFO  o.a.z.ClientCnxn  - Opening socket connection to server 172.31.34.147/172.31.34.147:2181. Will not attempt to authenticate using SASL (unknown error)
15:33:37.054 [worker-akka.actor.default-dispatcher-2-SendThread(172.31.34.147:2181)] INFO  o.a.z.ClientCnxn  - Socket connection established to 172.31.34.147/172.31.34.147:2181, initiating session
15:33:37.061 [worker-akka.actor.default-dispatcher-2-SendThread(172.31.34.147:2181)] INFO  o.a.z.ClientCnxn  - Session establishment complete on server 172.31.34.147/172.31.34.147:2181, sessionid = 0x1619f3ec2370004, negotiated timeout = 6000
15:33:37.143 [worker-akka.actor.default-dispatcher-2] INFO  a.a.RepointableActorRef akka://worker/user/watcher - Connected to ZK
15:33:49.234 [worker-akka.actor.default-dispatcher-2] INFO  a.a.RepointableActorRef akka://worker/user/watcher - Creating node with watchGraphs: 'com.spbsu.flamestream.core.Graph$Builder$MyGraph@4084ed8a', config: 'ClusterConfig{paths={172.31.33.155=akka://worker@172.31.33.155:5412/user/watcher/graph0000000000, 172.31.47.83=akka://worker@172.31.47.83:5412/user/watcher/graph0000000000, 172.31.45.197=akka://worker@172.31.45.197:5412/user/watcher/graph0000000000, 172.31.42.36=akka://worker@172.31.42.36:5412/user/watcher/graph0000000000, 172.31.44.83=akka://worker@172.31.44.83:5412/user/watcher/graph0000000000, 172.31.39.64=akka://worker@172.31.39.64:5412/user/watcher/graph0000000000, 172.31.35.79=akka://worker@172.31.35.79:5412/user/watcher/graph0000000000, 172.31.34.169=akka://worker@172.31.34.169:5412/user/watcher/graph0000000000, 172.31.47.100=akka://worker@172.31.47.100:5412/user/watcher/graph0000000000, 172.31.37.101=akka://worker@172.31.37.101:5412/user/watcher/graph0000000000}, ackerLocation='172.31.35.79', props=ComputationLayout{ranges={172.31.33.155=HashRange{from=-1670265060, to=-1193046472}, 172.31.47.83=HashRange{from=1670265056, to=2147483644}, 172.31.45.197=HashRange{from=-715827884, to=-238609296}, 172.31.42.36=HashRange{from=1193046468, to=1670265056}, 172.31.44.83=HashRange{from=-238609296, to=238609292}, 172.31.39.64=HashRange{from=715827880, to=1193046468}, 172.31.35.79=HashRange{from=0, to=0}, 172.31.34.169=HashRange{from=-2147483648, to=-1670265060}, 172.31.47.100=HashRange{from=238609292, to=715827880}, 172.31.37.101=HashRange{from=-1193046472, to=-715827884}}}}'
15:33:50.009 [worker-akka.actor.default-dispatcher-2] INFO  a.a.LocalActorRef akka://worker/user/watcher/graph0000000000/graph - Starting...
15:33:50.009 [worker-akka.actor.default-dispatcher-2] INFO  a.a.LocalActorRef akka://worker/user/watcher/graph0000000000/graph/local-acker/$a - Starting...
15:33:50.009 [worker-akka.actor.default-dispatcher-2] INFO  a.a.LocalActorRef akka://worker/user/watcher/graph0000000000/graph/local-acker - Starting...
Warning: space is running low in /dev/shm (tmpfs) threshold=167,772,160 usable=158,621,696
Warning: space is running low in /dev/shm (tmpfs) threshold=167,772,160 usable=146,034,688
Warning: space is running low in /dev/shm (tmpfs) threshold=167,772,160 usable=133,447,680
Warning: space is running low in /dev/shm (tmpfs) threshold=167,772,160 usable=120,860,672
Warning: space is running low in /dev/shm (tmpfs) threshold=167,772,160 usable=108,273,664
Warning: space is running low in /dev/shm (tmpfs) threshold=167,772,160 usable=95,686,656
Warning: space is running low in /dev/shm (tmpfs) threshold=167,772,160 usable=83,099,648
Warning: space is running low in /dev/shm (tmpfs) threshold=167,772,160 usable=70,512,640
15:33:51.205 [worker-akka.actor.default-dispatcher-2] INFO  a.a.LocalActorRef akka://worker/user/watcher/graph0000000000/graph - Finishing constructor
15:33:51.206 [worker-akka.actor.default-dispatcher-2] INFO  a.a.LocalActorRef akka://worker/user/watcher/graph0000000000 - Starting...
15:33:51.207 [worker-akka.actor.default-dispatcher-2] INFO  a.a.LocalActorRef akka://worker/user/watcher/graph0000000000/negotiator - Starting...
15:33:51.267 [worker-akka.actor.default-dispatcher-2] INFO  a.a.LocalActorRef akka://worker/user/watcher/graph0000000000/edge - Starting...
15:33:51.268 [worker-akka.actor.default-dispatcher-2] INFO  a.a.LocalActorRef akka://worker/user/watcher/graph0000000000/graph/$a - Starting...
15:33:51.270 [worker-akka.actor.default-dispatcher-2] INFO  a.a.LocalActorRef akka://worker/user/watcher/graph0000000000/graph/$b - Starting...
15:33:51.270 [worker-akka.actor.default-dispatcher-2] INFO  a.a.LocalActorRef akka://worker/user/watcher/graph0000000000/graph/$c - Starting...
15:33:51.297 [worker-akka.actor.default-dispatcher-2] INFO  c.s.f.r.e.s.SocketRear  - FlameSocketGraphDeployerRear@172.31.45.197: connecting to 172.31.34.147:5678
15:33:51.303 [worker-akka.actor.default-dispatcher-2] INFO  c.s.f.r.e.s.SocketRear  - FlameSocketGraphDeployerRear@172.31.45.197: connected to 172.31.34.147:5678
2018-02-16T15:33:51.308+0000: 16.750: [GC (Allocation Failure) 2018-02-16T15:33:51.309+0000: 16.750: [DefNew: 123158K->17024K(153600K), 0.0366938 secs] 138569K->43116K(494976K), 0.0367427 secs] [Times: user=0.02 sys=0.01, real=0.04 secs] 
15:33:51.360 [worker-akka.actor.default-dispatcher-2] INFO  a.a.LocalActorRef akka://worker/user/watcher/graph0000000000/edge/FlameSocketGraphDeployerRear - Starting...
15:33:51.361 [worker-akka.actor.default-dispatcher-2] INFO  a.a.LocalActorRef akka://worker/user/watcher/graph0000000000/edge/FlameSocketGraphDeployerFront - Starting...
15:33:51.361 [worker-akka.actor.default-dispatcher-2] INFO  a.a.LocalActorRef akka://worker/user/watcher/graph0000000000/negotiator - Requesting ticket for the frontClass FlameSocketGraphDeployerFront@172.31.45.197
15:33:51.379 [worker-akka.actor.default-dispatcher-2] INFO  a.a.LocalActorRef akka://worker/user/watcher/graph0000000000/negotiator - Ticket for the frontClass received: FrontTicket{allowedTimestamp=(1518795229240, FlameSocketGraphDeployerFront@172.31.45.197)}
15:33:51.379 [worker-akka.actor.default-dispatcher-2] INFO  c.s.f.r.e.s.SocketFront  - FlameSocketGraphDeployerFront@172.31.45.197: connecting to 172.31.34.147:4567
15:33:51.394 [Client] INFO  c.s.f.r.e.s.SocketFront  - FlameSocketGraphDeployerFront@172.31.45.197 has been disconnected from Connection 4
2018-02-16T15:34:02.030+0000: 27.471: [GC (Allocation Failure) 2018-02-16T15:34:02.030+0000: 27.471: [DefNew: 153600K->3676K(153600K), 0.0710695 secs] 179692K->66286K(494976K), 0.0711336 secs] [Times: user=0.01 sys=0.06, real=0.07 secs] 
2018-02-16T15:34:18.391+0000: 43.832: [GC (Allocation Failure) 2018-02-16T15:34:18.391+0000: 43.832: [DefNew: 140252K->5764K(153600K), 0.0129206 secs] 202862K->68374K(494976K), 0.0129717 secs] [Times: user=0.01 sys=0.00, real=0.02 secs] 
2018-02-16T15:34:28.771+0000: 54.213: [GC (Allocation Failure) 2018-02-16T15:34:28.771+0000: 54.213: [DefNew: 142340K->7242K(153600K), 0.0150753 secs] 204950K->69852K(494976K), 0.0151286 secs] [Times: user=0.01 sys=0.01, real=0.02 secs] 
2018-02-16T15:34:38.534+0000: 63.976: [GC (Allocation Failure) 2018-02-16T15:34:38.534+0000: 63.976: [DefNew: 143818K->9064K(153600K), 0.0162155 secs] 206428K->71674K(494976K), 0.0162742 secs] [Times: user=0.02 sys=0.00, real=0.01 secs] 
2018-02-16T15:34:48.957+0000: 74.399: [GC (Allocation Failure) 2018-02-16T15:34:48.957+0000: 74.399: [DefNew: 145640K->8740K(153600K), 0.0172001 secs] 208250K->72945K(494976K), 0.0172561 secs] [Times: user=0.02 sys=0.00, real=0.02 secs] 
2018-02-16T15:35:04.277+0000: 89.718: [GC (Allocation Failure) 2018-02-16T15:35:04.277+0000: 89.718: [DefNew: 145316K->8555K(153600K), 0.0168181 secs] 209521K->74240K(494976K), 0.0168784 secs] [Times: user=0.01 sys=0.00, real=0.01 secs] 
2018-02-16T15:35:21.875+0000: 107.316: [GC (Allocation Failure) 2018-02-16T15:35:21.875+0000: 107.316: [DefNew: 145131K->9360K(153600K), 0.0195742 secs] 210816K->76020K(494976K), 0.0196393 secs] [Times: user=0.02 sys=0.00, real=0.02 secs] 
2018-02-16T15:35:35.685+0000: 121.127: [GC (Allocation Failure) 2018-02-16T15:35:35.685+0000: 121.127: [DefNew: 145936K->9540K(153600K), 0.0159555 secs] 212596K->77265K(494976K), 0.0160151 secs] [Times: user=0.01 sys=0.00, real=0.01 secs] 
2018-02-16T15:35:48.931+0000: 134.372: [GC (Allocation Failure) 2018-02-16T15:35:48.931+0000: 134.372: [DefNew: 146116K->9337K(153600K), 0.0173973 secs] 213841K->78623K(494976K), 0.0174676 secs] [Times: user=0.02 sys=0.00, real=0.02 secs] 
2018-02-16T15:36:07.137+0000: 152.578: [GC (Allocation Failure) 2018-02-16T15:36:07.137+0000: 152.578: [DefNew: 145913K->9449K(153600K), 0.0172480 secs] 215199K->80037K(494976K), 0.0173368 secs] [Times: user=0.02 sys=0.00, real=0.02 secs] 
2018-02-16T15:36:23.260+0000: 168.701: [GC (Allocation Failure) 2018-02-16T15:36:23.260+0000: 168.701: [DefNew: 146025K->8833K(153600K), 0.0172514 secs] 216613K->81149K(494976K), 0.0173117 secs] [Times: user=0.02 sys=0.00, real=0.02 secs] 
2018-02-16T15:36:36.084+0000: 181.526: [GC (Allocation Failure) 2018-02-16T15:36:36.084+0000: 181.526: [DefNew: 145409K->9099K(153600K), 0.0171219 secs] 217725K->82454K(494976K), 0.0171941 secs] [Times: user=0.02 sys=0.00, real=0.01 secs] 
2018-02-16T15:36:52.563+0000: 198.004: [GC (Allocation Failure) 2018-02-16T15:36:52.563+0000: 198.004: [DefNew: 145675K->9428K(153600K), 0.0167030 secs] 219030K->84031K(494976K), 0.0167605 secs] [Times: user=0.02 sys=0.00, real=0.01 secs] 
2018-02-16T15:37:06.984+0000: 212.425: [GC (Allocation Failure) 2018-02-16T15:37:06.984+0000: 212.425: [DefNew: 146004K->9162K(153600K), 0.0301527 secs] 220607K->85006K(494976K), 0.0302136 secs] [Times: user=0.02 sys=0.02, real=0.03 secs] 
2018-02-16T15:37:22.246+0000: 227.688: [GC (Allocation Failure) 2018-02-16T15:37:22.246+0000: 227.688: [DefNew: 145738K->9658K(153600K), 0.0171666 secs] 221582K->86690K(494976K), 0.0172396 secs] [Times: user=0.02 sys=0.00, real=0.02 secs] 
2018-02-16T15:37:38.035+0000: 243.477: [GC (Allocation Failure) 2018-02-16T15:37:38.036+0000: 243.477: [DefNew: 146234K->9878K(153600K), 0.0180692 secs] 223266K->87986K(494976K), 0.0181613 secs] [Times: user=0.02 sys=0.00, real=0.01 secs] 
2018-02-16T15:37:54.794+0000: 260.235: [GC (Allocation Failure) 2018-02-16T15:37:54.794+0000: 260.235: [DefNew: 146454K->8970K(153600K), 0.0295629 secs] 224562K->89515K(494976K), 0.0296194 secs] [Times: user=0.00 sys=0.03, real=0.03 secs] 
2018-02-16T15:38:08.100+0000: 273.541: [GC (Allocation Failure) 2018-02-16T15:38:08.100+0000: 273.541: [DefNew: 145419K->8765K(153600K), 0.0171650 secs] 225964K->90696K(494976K), 0.0172237 secs] [Times: user=0.02 sys=0.00, real=0.02 secs] 
2018-02-16T15:38:18.254+0000: 283.695: [GC (Allocation Failure) 2018-02-16T15:38:18.254+0000: 283.695: [DefNew: 145341K->8295K(153600K), 0.0269123 secs] 227272K->91662K(494976K), 0.0269713 secs] [Times: user=0.01 sys=0.02, real=0.02 secs] 
2018-02-16T15:38:29.925+0000: 295.366: [GC (Allocation Failure) 2018-02-16T15:38:29.925+0000: 295.366: [DefNew: 144871K->9861K(153600K), 0.0153165 secs] 228238K->93228K(494976K), 0.0153753 secs] [Times: user=0.02 sys=0.00, real=0.01 secs] 
2018-02-16T15:38:45.687+0000: 311.129: [GC (Allocation Failure) 2018-02-16T15:38:45.687+0000: 311.129: [DefNew: 146437K->11056K(153600K), 0.0189588 secs] 229804K->95648K(494976K), 0.0190197 secs] [Times: user=0.02 sys=0.00, real=0.02 secs] 
2018-02-16T15:38:59.948+0000: 325.389: [GC (Allocation Failure) 2018-02-16T15:38:59.948+0000: 325.389: [DefNew: 147632K->8965K(153600K), 0.0353765 secs] 232224K->97082K(494976K), 0.0354380 secs] [Times: user=0.00 sys=0.03, real=0.04 secs] 
2018-02-16T15:39:13.268+0000: 338.709: [GC (Allocation Failure) 2018-02-16T15:39:13.268+0000: 338.710: [DefNew: 145541K->7946K(153600K), 0.0164475 secs] 233658K->98570K(494976K), 0.0165317 secs] [Times: user=0.01 sys=0.00, real=0.02 secs] 
2018-02-16T15:39:28.262+0000: 353.704: [GC (Allocation Failure) 2018-02-16T15:39:28.262+0000: 353.704: [DefNew: 144522K->9850K(153600K), 0.0150285 secs] 235146K->100475K(494976K), 0.0150854 secs] [Times: user=0.01 sys=0.00, real=0.01 secs] 
2018-02-16T15:39:43.391+0000: 368.832: [GC (Allocation Failure) 2018-02-16T15:39:43.391+0000: 368.832: [DefNew: 146426K->9869K(153600K), 0.0193535 secs] 237051K->101884K(494976K), 0.0194157 secs] [Times: user=0.01 sys=0.00, real=0.02 secs] 
2018-02-16T15:39:59.522+0000: 384.963: [GC (Allocation Failure) 2018-02-16T15:39:59.522+0000: 384.963: [DefNew: 146445K->10286K(153600K), 0.0174136 secs] 238460K->103683K(494976K), 0.0174697 secs] [Times: user=0.02 sys=0.00, real=0.02 secs] 
2018-02-16T15:40:15.322+0000: 400.763: [GC (Allocation Failure) 2018-02-16T15:40:15.322+0000: 400.763: [DefNew: 146862K->9062K(153600K), 0.0182900 secs] 240259K->105385K(494976K), 0.0183488 secs] [Times: user=0.02 sys=0.00, real=0.02 secs] 
2018-02-16T15:40:29.951+0000: 415.393: [GC (Allocation Failure) 2018-02-16T15:40:29.951+0000: 415.393: [DefNew: 145638K->8848K(153600K), 0.0294171 secs] 241961K->106726K(494976K), 0.0294790 secs] [Times: user=0.01 sys=0.03, real=0.03 secs] 
2018-02-16T15:40:40.554+0000: 425.996: [GC (Allocation Failure) 2018-02-16T15:40:40.554+0000: 425.996: [DefNew: 145424K->8199K(153600K), 0.0152106 secs] 243302K->107895K(494976K), 0.0152746 secs] [Times: user=0.02 sys=0.00, real=0.01 secs] 
2018-02-16T15:40:54.609+0000: 440.050: [GC (Allocation Failure) 2018-02-16T15:40:54.609+0000: 440.050: [DefNew: 144775K->10104K(153600K), 0.0149570 secs] 244471K->109800K(494976K), 0.0150154 secs] [Times: user=0.01 sys=0.00, real=0.02 secs] 
2018-02-16T15:41:10.805+0000: 456.247: [GC (Allocation Failure) 2018-02-16T15:41:10.805+0000: 456.247: [DefNew: 146680K->10305K(153600K), 0.0184923 secs] 246376K->111371K(494976K), 0.0185558 secs] [Times: user=0.02 sys=0.00, real=0.02 secs] 
2018-02-16T15:41:23.475+0000: 468.916: [GC (Allocation Failure) 2018-02-16T15:41:23.475+0000: 468.916: [DefNew: 146881K->8988K(153600K), 0.0303168 secs] 247947K->112713K(494976K), 0.0303762 secs] [Times: user=0.01 sys=0.02, real=0.03 secs] 
2018-02-16T15:41:37.990+0000: 483.431: [GC (Allocation Failure) 2018-02-16T15:41:37.990+0000: 483.431: [DefNew: 145564K->9427K(153600K), 0.0295137 secs] 249289K->114802K(494976K), 0.0295843 secs] [Times: user=0.00 sys=0.02, real=0.03 secs] 
2018-02-16T15:41:50.102+0000: 495.544: [GC (Allocation Failure) 2018-02-16T15:41:50.102+0000: 495.544: [DefNew: 146003K->9080K(153600K), 0.0167976 secs] 251378K->115971K(494976K), 0.0168607 secs] [Times: user=0.01 sys=0.00, real=0.01 secs] 
2018-02-16T15:42:01.049+0000: 506.490: [GC (Allocation Failure) 2018-02-16T15:42:01.049+0000: 506.490: [DefNew: 145656K->9145K(153600K), 0.0160152 secs] 252547K->117492K(494976K), 0.0160724 secs] [Times: user=0.02 sys=0.00, real=0.02 secs] 
2018-02-16T15:42:16.694+0000: 522.135: [GC (Allocation Failure) 2018-02-16T15:42:16.694+0000: 522.135: [DefNew: 145721K->9372K(153600K), 0.0159578 secs] 254068K->119287K(494976K), 0.0160153 secs] [Times: user=0.02 sys=0.00, real=0.01 secs] 
2018-02-16T15:42:28.388+0000: 533.830: [GC (Allocation Failure) 2018-02-16T15:42:28.388+0000: 533.830: [DefNew: 145948K->9470K(153600K), 0.0165953 secs] 255863K->120818K(494976K), 0.0166551 secs] [Times: user=0.02 sys=0.00, real=0.02 secs] 
15:42:28.388 [Client] INFO  c.s.f.r.e.s.SocketRear  - FlameSocketGraphDeployerRear@172.31.45.197: has been disconnected from Connection 4
15:50:26.032 [worker-akka.actor.default-dispatcher-2] INFO  a.a.CoordinatedShutdown CoordinatedShutdown(akka://worker) - Starting coordinated shutdown from JVM shutdown hook
15:50:26.068 [worker-akka.actor.default-dispatcher-2] INFO  a.a.LocalActorRef akka://worker/user/watcher/graph0000000000/negotiator - Stopped
15:50:26.069 [worker-akka.actor.default-dispatcher-2] INFO  a.a.LocalActorRef akka://worker/user/watcher/graph0000000000/edge/FlameSocketGraphDeployerFront - Stopped
15:50:26.070 [worker-akka.actor.default-dispatcher-2] INFO  a.a.LocalActorRef akka://worker/user/watcher/graph0000000000/edge/FlameSocketGraphDeployerRear - Stopped
15:50:26.074 [worker-akka.actor.default-dispatcher-2] INFO  a.a.LocalActorRef akka://worker/user/watcher/graph0000000000/graph/$a - Stopped
15:50:26.075 [worker-akka.actor.default-dispatcher-2] INFO  a.a.LocalActorRef akka://worker/user/watcher/graph0000000000/graph/$b - Stopped
15:50:26.076 [worker-akka.actor.default-dispatcher-2] INFO  a.a.LocalActorRef akka://worker/user/watcher/graph0000000000/graph/$c - Stopped
15:50:26.076 [worker-akka.actor.default-dispatcher-2] INFO  a.a.LocalActorRef akka://worker/user/watcher/graph0000000000/graph/local-acker/$a - Stopped
15:50:26.079 [worker-akka.actor.default-dispatcher-2] INFO  a.a.LocalActorRef akka://worker/user/watcher/graph0000000000/edge - Stopped
15:50:26.079 [worker-akka.actor.default-dispatcher-2] INFO  a.a.LocalActorRef akka://worker/user/watcher/graph0000000000/graph/local-acker/$a - Message [com.spbsu.flamestream.runtime.utils.akka.PingActor$InnerPing] from Actor[akka://worker/user/watcher/graph0000000000/graph/local-acker/$a#81589911] to Actor[akka://worker/user/watcher/graph0000000000/graph/local-acker/$a#81589911] was not delivered. [1] dead letters encountered. This logging can be turned off or adjusted with configuration settings 'akka.log-dead-letters' and 'akka.log-dead-letters-during-shutdown'.
15:50:26.079 [worker-akka.actor.default-dispatcher-2] INFO  a.a.LocalActorRef akka://worker/user/watcher/graph0000000000/graph/local-acker - Stopped
15:50:26.081 [worker-akka.actor.default-dispatcher-2] INFO  a.a.LocalActorRef akka://worker/user/watcher/graph0000000000/graph/local-acker/$a - Message [com.spbsu.flamestream.runtime.utils.akka.PingActor$Stop] from Actor[akka://worker/user/watcher/graph0000000000/graph/local-acker#2046803154] to Actor[akka://worker/user/watcher/graph0000000000/graph/local-acker/$a#81589911] was not delivered. [2] dead letters encountered. This logging can be turned off or adjusted with configuration settings 'akka.log-dead-letters' and 'akka.log-dead-letters-during-shutdown'.
15:50:26.083 [worker-akka.actor.default-dispatcher-2] INFO  a.a.LocalActorRef akka://worker/user/watcher/graph0000000000/graph/local-acker - Message [com.spbsu.flamestream.runtime.acker.LocalAcker$Flush] from Actor[akka://worker/user/watcher/graph0000000000/graph/local-acker#2046803154] to Actor[akka://worker/user/watcher/graph0000000000/graph/local-acker#2046803154] was not delivered. [3] dead letters encountered. This logging can be turned off or adjusted with configuration settings 'akka.log-dead-letters' and 'akka.log-dead-letters-during-shutdown'.
15:50:26.083 [worker-akka.actor.default-dispatcher-2] INFO  a.a.LocalActorRef akka://worker/user/watcher/graph0000000000/graph/local-acker - Message [com.spbsu.flamestream.runtime.acker.LocalAcker$Flush] from Actor[akka://worker/user/watcher/graph0000000000/graph/local-acker#2046803154] to Actor[akka://worker/user/watcher/graph0000000000/graph/local-acker#2046803154] was not delivered. [4] dead letters encountered. This logging can be turned off or adjusted with configuration settings 'akka.log-dead-letters' and 'akka.log-dead-letters-during-shutdown'.
15:50:26.084 [worker-akka.actor.default-dispatcher-2] INFO  a.a.LocalActorRef akka://worker/user/watcher/graph0000000000/graph - Stopped
15:50:26.084 [worker-akka.actor.default-dispatcher-2] INFO  a.a.LocalActorRef akka://worker/user/watcher/graph0000000000 - Stopped
15:50:26.086 [worker-akka.actor.default-dispatcher-2-EventThread] INFO  o.a.z.ClientCnxn  - EventThread shut down for session: 0x1619f3ec2370004
15:50:26.086 [worker-akka.actor.default-dispatcher-2] INFO  o.a.z.ZooKeeper  - Session: 0x1619f3ec2370004 closed
15:50:26.087 [worker-akka.actor.default-dispatcher-2] INFO  a.a.RepointableActorRef akka://worker/user/watcher - Stopped
15:50:26.097 [worker-akka.actor.default-dispatcher-2] INFO  a.r.RemoteActorRefProvider$RemotingTerminator akka://worker@172.31.45.197:5412/system/remoting-terminator - Shutting down remote daemon.
15:50:26.103 [worker-akka.actor.default-dispatcher-2] INFO  a.r.RemoteActorRefProvider$RemotingTerminator akka://worker@172.31.45.197:5412/system/remoting-terminator - Remote daemon shut down; proceeding with flushing remote transports.
15:50:27.245 [worker-akka.actor.default-dispatcher-2] INFO  a.r.RemoteActorRefProvider$RemotingTerminator akka://worker@172.31.45.197:5412/system/remoting-terminator - Remoting shut down.
Attempts of event 'shuffle-send' - 0
Attempts of event 'front-receive-send' - 0
Attempts of event 'inject-out' - 489523
Attempts of event 'sink-receive' - 496607
Attempts of event 'flatmap-receive' - 1102
Attempts of event 'fm-send' - 558952
Attempts of event 'rear-in' - 488421
Attempts of event 'flatmap-send' - 558952
Attempts of event 'inject-in' - 489523
Attempts of event 'wrong-ordering-filter-receive' - 496607
Attempts of event 'accept-in' - 0
Attempts of event 'grouping-receive' - 985028
Heap
 def new generation   total 153600K, used 97524K [0x00000000e0c00000, 0x00000000eb2a0000, 0x00000000eb2a0000)
  eden space 136576K,  64% used [0x00000000e0c00000, 0x00000000e61fd940, 0x00000000e9160000)
  from space 17024K,  55% used [0x00000000e9160000, 0x00000000e9a9f880, 0x00000000ea200000)
  to   space 17024K,   0% used [0x00000000ea200000, 0x00000000ea200000, 0x00000000eb2a0000)
 tenured generation   total 341376K, used 111348K [0x00000000eb2a0000, 0x0000000100000000, 0x0000000100000000)
   the space 341376K,  32% used [0x00000000eb2a0000, 0x00000000f1f5d278, 0x00000000f1f5d400, 0x0000000100000000)
 Metaspace       used 33494K, capacity 34300K, committed 34688K, reserved 1079296K
  class space    used 4457K, capacity 4627K, committed 4736K, reserved 1048576K
