11:59:03.039 [worker-akka.actor.default-dispatcher-2] INFO  a.e.s.Slf4jLogger  - Slf4jLogger started
2018-02-21T11:59:03.210+0000: 2.738: [Full GC (Metadata GC Threshold) 2018-02-21T11:59:03.210+0000: 2.738: [Tenured: 0K->15416K(341376K), 0.0380598 secs] 117538K->15416K(494976K), [Metaspace: 20878K->20878K(1067008K)], 0.0381240 secs] [Times: user=0.04 sys=0.01, real=0.04 secs] 
Ama winner
Ama winner
11:59:03.647 [worker-akka.actor.default-dispatcher-2] INFO  a.r.a.ArteryTransport(akka://worker) akka.remote.artery.ArteryTransport(akka://worker) - Started embedded media driver in directory [/dev/shm/aeron-root-worker-86e3c8d9-584a-4530-a075-84881fb00adf]
11:59:03.857 [worker-akka.actor.default-dispatcher-2] INFO  a.r.a.ArteryTransport(akka://worker) akka.remote.artery.ArteryTransport(akka://worker) - Remoting started; listening on address: [akka://worker@172.31.39.64:5412] with UID [181170352522678915]
11:59:03.928 [worker-akka.actor.default-dispatcher-2] INFO  o.a.z.ZooKeeper  - Client environment:zookeeper.version=3.4.9-1757313, built on 08/23/2016 06:50 GMT
11:59:03.928 [worker-akka.actor.default-dispatcher-2] INFO  o.a.z.ZooKeeper  - Client environment:host.name=ip-172-31-39-64.us-east-2.compute.internal
11:59:03.928 [worker-akka.actor.default-dispatcher-2] INFO  o.a.z.ZooKeeper  - Client environment:java.version=1.8.0_151
11:59:03.928 [worker-akka.actor.default-dispatcher-2] INFO  o.a.z.ZooKeeper  - Client environment:java.vendor=Oracle Corporation
11:59:03.928 [worker-akka.actor.default-dispatcher-2] INFO  o.a.z.ZooKeeper  - Client environment:java.home=/usr/lib/jvm/java-8-openjdk-amd64/jre
11:59:03.928 [worker-akka.actor.default-dispatcher-2] INFO  o.a.z.ZooKeeper  - Client environment:java.class.path=lib/commons-cli-1.4.jar:lib/minlog-1.3.0.jar:lib/asm-5.0.4.jar:lib/hadoop-annotations-2.7.3.jar:lib/hadoop-auth-2.7.3.jar:lib/akka-slf4j_2.11-2.5.6.jar:lib/jersey-core-1.9.jar:lib/lz4-1.3.0.jar:lib/jackson-core-asl-1.9.13.jar:lib/aeron-client-1.3.0.jar:lib/htrace-core-3.1.0-incubating.jar:lib/xz-1.0.jar:lib/commons-httpclient-3.1.jar:lib/asm-3.1.jar:lib/commons-lang3-3.4.jar:lib/scala-library-2.11.11.jar:lib/scala-java8-compat_2.11-0.7.0.jar:lib/commons-configuration-1.6.jar:lib/objenesis-2.1.jar:lib/jackson-annotations-2.8.0.jar:lib/jsr305-3.0.0.jar:lib/curator-framework-2.7.1.jar:lib/jersey-server-1.9.jar:lib/jets3t-0.9.0.jar:lib/leveldb-0.7.jar:lib/jetty-6.1.26.jar:lib/stax-api-1.0-2.jar:lib/flamestream-core-1.0-SNAPSHOT.jar:lib/reflectasm-1.07-shaded.jar:lib/apacheds-kerberos-codec-2.0.0-M15.jar:lib/api-asn1-api-1.0.0-M20.jar:lib/commons-lang-2.6.jar:lib/commons-beanutils-1.7.0.jar:lib/jackson-xc-1.8.3.jar:lib/jetty-util-6.1.26.jar:lib/logback-classic-1.2.3.jar:lib/jool-0.9.12.jar:lib/flamestream-runtime-1.0-SNAPSHOT-tests.jar:lib/httpcore-4.1.2.jar:lib/kryo-4.0.0.jar:lib/ant-1.8.1.jar:lib/jaxb-impl-2.2.3-1.jar:lib/jersey-json-1.9.jar:lib/commons-compress-1.4.1.jar:lib/leveldbjni-all-1.8.jar:lib/paranamer-2.3.jar:lib/jackson-core-2.8.4.jar:lib/commons-math3-3.6.1.jar:lib/scala-parser-combinators_2.11-1.0.4.jar:lib/netty-3.10.6.Final.jar:lib/trove4j-3.0.3.jar:lib/jaxb-api-2.2.2.jar:lib/logback-core-1.2.3.jar:lib/snappy-java-1.0.4.1.jar:lib/protobuf-java-2.5.0.jar:lib/reactive-streams-1.0.1.jar:lib/flamestream-examples-1.0-SNAPSHOT.jar:lib/commons-codec-1.4.jar:lib/activation-1.1.jar:lib/commons-net-3.1.jar:lib/curator-recipes-2.7.1.jar:lib/jackson-mapper-asl-1.9.13.jar:lib/jackson-databind-2.8.4.jar:lib/flamestream-runtime-1.0-SNAPSHOT.jar:lib/jackson-jaxrs-1.8.3.jar:lib/slf4j-api-1.7.24.jar:lib/akka-remote_2.11-2.5.6.jar:lib/akka-testkit_2.11-2.5.6.jar:lib/jline-0.9.94.jar:lib/akka-stream_2.11-2.5.6.jar:lib/jsp-api-2.1.jar:lib/kryonet-2.21.jar:lib/akka-kryo-serialization_2.11-0.5.0.jar:lib/config-1.3.1.jar:lib/ant-launcher-1.8.1.jar:lib/commons-logging-1.2.jar:lib/ssl-config-core_2.11-0.2.2.jar:lib/testng-6.10.jar:lib/leveldb-api-0.7.jar:lib/reflectasm-1.11.3.jar:lib/jcommander-1.48.jar:lib/commons-1.1.jar:lib/commons-digester-1.8.jar:lib/minlog-1.2.jar:lib/java-xmlbuilder-0.4.jar:lib/jettison-1.1.jar:lib/gson-2.2.4.jar:lib/jdk.tools-1.8.jar:lib/aeron-driver-1.3.0.jar:lib/zookeeper-3.4.9.jar:lib/commons-beanutils-core-1.8.0.jar:lib/commons-math3-3.1.1.jar:lib/akka-actor_2.11-2.5.6.jar:lib/curator-client-2.7.1.jar:lib/servlet-api-2.5.jar:lib/apacheds-i18n-2.0.0-M15.jar:lib/commons-io-2.4.jar:lib/commons-codec-1.6.jar:lib/akka-protobuf_2.11-2.5.6.jar:lib/protobuf-java-3.5.1.jar:lib/jdom-2.0.2.jar:lib/api-util-1.0.0-M20.jar:lib/hadoop-common-2.7.3.jar:lib/agrona-0.9.6.jar:lib/xmlenc-0.52.jar:lib/guava-21.0.jar:lib/commons-collections-3.2.2.jar:lib/avro-1.7.4.jar:lib/httpclient-4.1.2.jar:lib/flamestream-core-1.0-SNAPSHOT-tests.jar:lib/annotations-12.0.jar:lib/jsch-0.1.42.jar:flamestream-runtime-1.0-SNAPSHOT.jar
11:59:03.929 [worker-akka.actor.default-dispatcher-2] INFO  o.a.z.ZooKeeper  - Client environment:java.library.path=/usr/java/packages/lib/amd64:/usr/lib/x86_64-linux-gnu/jni:/lib/x86_64-linux-gnu:/usr/lib/x86_64-linux-gnu:/usr/lib/jni:/lib:/usr/lib
11:59:03.929 [worker-akka.actor.default-dispatcher-2] INFO  o.a.z.ZooKeeper  - Client environment:java.io.tmpdir=/tmp
11:59:03.929 [worker-akka.actor.default-dispatcher-2] INFO  o.a.z.ZooKeeper  - Client environment:java.compiler=<NA>
11:59:03.929 [worker-akka.actor.default-dispatcher-2] INFO  o.a.z.ZooKeeper  - Client environment:os.name=Linux
11:59:03.929 [worker-akka.actor.default-dispatcher-2] INFO  o.a.z.ZooKeeper  - Client environment:os.arch=amd64
11:59:03.929 [worker-akka.actor.default-dispatcher-2] INFO  o.a.z.ZooKeeper  - Client environment:os.version=4.4.0-1049-aws
11:59:03.929 [worker-akka.actor.default-dispatcher-2] INFO  o.a.z.ZooKeeper  - Client environment:user.name=root
11:59:03.930 [worker-akka.actor.default-dispatcher-2] INFO  o.a.z.ZooKeeper  - Client environment:user.home=/root
11:59:03.930 [worker-akka.actor.default-dispatcher-2] INFO  o.a.z.ZooKeeper  - Client environment:user.dir=/opt/flamestream
11:59:03.932 [worker-akka.actor.default-dispatcher-2] INFO  o.a.z.ZooKeeper  - Initiating client connection, connectString=172.31.34.147:2181 sessionTimeout=5000 watcher=com.spbsu.flamestream.runtime.application.LifecycleWatcher$$Lambda$29/1058902145@7d2d403
11:59:03.954 [worker-akka.actor.default-dispatcher-2] INFO  a.a.RepointableActorRef akka://worker/user/watcher - Starting...
11:59:03.958 [worker-akka.actor.default-dispatcher-2-SendThread(172.31.34.147:2181)] INFO  o.a.z.ClientCnxn  - Opening socket connection to server 172.31.34.147/172.31.34.147:2181. Will not attempt to authenticate using SASL (unknown error)
11:59:03.961 [worker-akka.actor.default-dispatcher-2-SendThread(172.31.34.147:2181)] INFO  o.a.z.ClientCnxn  - Socket connection established to 172.31.34.147/172.31.34.147:2181, initiating session
11:59:03.968 [worker-akka.actor.default-dispatcher-2-SendThread(172.31.34.147:2181)] INFO  o.a.z.ClientCnxn  - Session establishment complete on server 172.31.34.147/172.31.34.147:2181, sessionid = 0x161b83a7f4f0004, negotiated timeout = 6000
11:59:04.054 [worker-akka.actor.default-dispatcher-2] INFO  a.a.RepointableActorRef akka://worker/user/watcher - Connected to ZK
11:59:11.776 [worker-akka.actor.default-dispatcher-2] INFO  a.a.RepointableActorRef akka://worker/user/watcher - Creating node with watchGraphs: 'com.spbsu.flamestream.core.Graph$Builder$MyGraph@7584f6c1', config: 'ClusterConfig{paths={172.31.33.155=akka://worker@172.31.33.155:5412/user/watcher/graph0000000000, 172.31.47.83=akka://worker@172.31.47.83:5412/user/watcher/graph0000000000, 172.31.45.197=akka://worker@172.31.45.197:5412/user/watcher/graph0000000000, 172.31.44.83=akka://worker@172.31.44.83:5412/user/watcher/graph0000000000, 172.31.39.64=akka://worker@172.31.39.64:5412/user/watcher/graph0000000000, 172.31.35.79=akka://worker@172.31.35.79:5412/user/watcher/graph0000000000, 172.31.47.100=akka://worker@172.31.47.100:5412/user/watcher/graph0000000000, 172.31.37.101=akka://worker@172.31.37.101:5412/user/watcher/graph0000000000}, ackerLocation='172.31.35.79', props=ComputationLayout{ranges={172.31.33.155=HashRange{from=-1533916892, to=-920350136}, 172.31.47.83=HashRange{from=-306783380, to=306783376}, 172.31.45.197=HashRange{from=306783376, to=920350132}, 172.31.44.83=HashRange{from=1533916888, to=2147483644}, 172.31.39.64=HashRange{from=-2147483648, to=-1533916892}, 172.31.35.79=HashRange{from=0, to=0}, 172.31.47.100=HashRange{from=920350132, to=1533916888}, 172.31.37.101=HashRange{from=-920350136, to=-306783380}}}}'
11:59:12.492 [worker-akka.actor.default-dispatcher-2] INFO  a.a.LocalActorRef akka://worker/user/watcher/graph0000000000/graph - Starting...
11:59:12.493 [worker-akka.actor.default-dispatcher-2] INFO  a.a.LocalActorRef akka://worker/user/watcher/graph0000000000/graph/local-acker - Starting...
11:59:12.494 [worker-akka.actor.default-dispatcher-2] INFO  a.a.LocalActorRef akka://worker/user/watcher/graph0000000000/graph/local-acker/$a - Starting...
11:59:13.867 [worker-akka.actor.default-dispatcher-2] INFO  a.a.LocalActorRef akka://worker/user/watcher/graph0000000000/graph - Finishing constructor
11:59:13.870 [worker-akka.actor.default-dispatcher-2] INFO  a.a.LocalActorRef akka://worker/user/watcher/graph0000000000 - Starting...
11:59:13.938 [worker-akka.actor.default-dispatcher-2] INFO  a.a.LocalActorRef akka://worker/user/watcher/graph0000000000/negotiator - Starting...
11:59:13.938 [worker-akka.actor.default-dispatcher-2] INFO  a.a.LocalActorRef akka://worker/user/watcher/graph0000000000/edge - Starting...
11:59:13.941 [worker-akka.actor.default-dispatcher-2] INFO  a.a.LocalActorRef akka://worker/user/watcher/graph0000000000/graph/$a - Starting...
11:59:13.942 [worker-akka.actor.default-dispatcher-2] INFO  a.a.LocalActorRef akka://worker/user/watcher/graph0000000000/graph/$b - Starting...
11:59:13.943 [worker-akka.actor.default-dispatcher-2] INFO  a.a.LocalActorRef akka://worker/user/watcher/graph0000000000/graph/$c - Starting...
11:59:13.971 [worker-akka.actor.default-dispatcher-2] INFO  c.s.f.r.e.s.SocketRear  - FlameSocketGraphDeployerRear@172.31.39.64: connecting to 172.31.34.147:5678
11:59:13.977 [worker-akka.actor.default-dispatcher-2] INFO  c.s.f.r.e.s.SocketRear  - FlameSocketGraphDeployerRear@172.31.39.64: connected to 172.31.34.147:5678
11:59:14.009 [worker-akka.actor.default-dispatcher-2] INFO  a.a.LocalActorRef akka://worker/user/watcher/graph0000000000/edge/FlameSocketGraphDeployerRear - Starting...
11:59:14.017 [worker-akka.actor.default-dispatcher-2] INFO  a.a.LocalActorRef akka://worker/user/watcher/graph0000000000/edge/FlameSocketGraphDeployerFront - Starting...
11:59:14.018 [worker-akka.actor.default-dispatcher-2] INFO  a.a.LocalActorRef akka://worker/user/watcher/graph0000000000/negotiator - Requesting ticket for the frontClass FlameSocketGraphDeployerFront@172.31.39.64
11:59:14.023 [worker-akka.actor.default-dispatcher-2] INFO  a.a.LocalActorRef akka://worker/user/watcher/graph0000000000/negotiator - Ticket for the frontClass received: FrontTicket{allowedTimestamp=(1519214351761, FlameSocketGraphDeployerFront@172.31.39.64)}
11:59:14.025 [worker-akka.actor.default-dispatcher-2] INFO  c.s.f.r.e.s.SocketFront  - FlameSocketGraphDeployerFront@172.31.39.64: connecting to 172.31.34.147:4567
11:59:14.036 [Client] INFO  c.s.f.r.e.s.SocketFront  - FlameSocketGraphDeployerFront@172.31.39.64 has been disconnected from Connection 6
2018-02-21T11:59:17.425+0000: 16.953: [GC (Allocation Failure) 2018-02-21T11:59:17.425+0000: 16.953: [DefNew: 136576K->17023K(153600K), 0.0263529 secs] 151992K->53182K(494976K), 0.0264342 secs] [Times: user=0.02 sys=0.00, real=0.02 secs] 
2018-02-21T11:59:29.187+0000: 28.716: [GC (Allocation Failure) 2018-02-21T11:59:29.188+0000: 28.716: [DefNew: 153599K->3953K(153600K), 0.0210012 secs] 189758K->50026K(494976K), 0.0210622 secs] [Times: user=0.02 sys=0.01, real=0.02 secs] 
2018-02-21T11:59:45.424+0000: 44.952: [GC (Allocation Failure) 2018-02-21T11:59:45.424+0000: 44.952: [DefNew: 140529K->6279K(153600K), 0.0140216 secs] 186602K->52351K(494976K), 0.0140845 secs] [Times: user=0.01 sys=0.00, real=0.02 secs] 
2018-02-21T11:59:56.780+0000: 56.309: [GC (Allocation Failure) 2018-02-21T11:59:56.781+0000: 56.309: [DefNew: 142855K->8114K(153600K), 0.0152527 secs] 188927K->54187K(494976K), 0.0153378 secs] [Times: user=0.01 sys=0.00, real=0.01 secs] 
2018-02-21T12:00:10.795+0000: 70.324: [GC (Allocation Failure) 2018-02-21T12:00:10.796+0000: 70.324: [DefNew: 144690K->9778K(153600K), 0.0193595 secs] 190763K->55851K(494976K), 0.0194357 secs] [Times: user=0.02 sys=0.00, real=0.02 secs] 
2018-02-21T12:00:21.820+0000: 81.348: [GC (Allocation Failure) 2018-02-21T12:00:21.820+0000: 81.348: [DefNew: 146354K->9214K(153600K), 0.0182445 secs] 192427K->56930K(494976K), 0.0183104 secs] [Times: user=0.02 sys=0.00, real=0.02 secs] 
2018-02-21T12:00:32.919+0000: 92.447: [GC (Allocation Failure) 2018-02-21T12:00:32.919+0000: 92.447: [DefNew: 145790K->9989K(153600K), 0.0219674 secs] 193506K->59092K(494976K), 0.0220309 secs] [Times: user=0.02 sys=0.00, real=0.02 secs] 
2018-02-21T12:00:46.148+0000: 105.676: [GC (Allocation Failure) 2018-02-21T12:00:46.148+0000: 105.676: [DefNew: 146565K->8112K(153600K), 0.0178146 secs] 195668K->59926K(494976K), 0.0178899 secs] [Times: user=0.01 sys=0.00, real=0.02 secs] 
2018-02-21T12:01:00.186+0000: 119.714: [GC (Allocation Failure) 2018-02-21T12:01:00.186+0000: 119.714: [DefNew: 144688K->9600K(153600K), 0.0159836 secs] 196502K->61413K(494976K), 0.0160522 secs] [Times: user=0.01 sys=0.00, real=0.01 secs] 
2018-02-21T12:01:16.827+0000: 136.355: [GC (Allocation Failure) 2018-02-21T12:01:16.827+0000: 136.355: [DefNew: 146176K->9708K(153600K), 0.0174755 secs] 197989K->62886K(494976K), 0.0175420 secs] [Times: user=0.01 sys=0.00, real=0.02 secs] 
2018-02-21T12:01:32.539+0000: 152.067: [GC (Allocation Failure) 2018-02-21T12:01:32.539+0000: 152.068: [DefNew: 146284K->8913K(153600K), 0.0176877 secs] 199462K->64013K(494976K), 0.0177512 secs] [Times: user=0.01 sys=0.00, real=0.02 secs] 
2018-02-21T12:01:44.754+0000: 164.282: [GC (Allocation Failure) 2018-02-21T12:01:44.754+0000: 164.282: [DefNew: 145489K->9089K(153600K), 0.0173294 secs] 200589K->65362K(494976K), 0.0173985 secs] [Times: user=0.01 sys=0.00, real=0.02 secs] 
2018-02-21T12:01:58.000+0000: 177.528: [GC (Allocation Failure) 2018-02-21T12:01:58.000+0000: 177.528: [DefNew: 145665K->9328K(153600K), 0.0175953 secs] 201938K->66795K(494976K), 0.0176612 secs] [Times: user=0.01 sys=0.00, real=0.02 secs] 
2018-02-21T12:02:14.213+0000: 193.741: [GC (Allocation Failure) 2018-02-21T12:02:14.213+0000: 193.741: [DefNew: 145904K->9649K(153600K), 0.0178488 secs] 203371K->68230K(494976K), 0.0179128 secs] [Times: user=0.02 sys=0.00, real=0.02 secs] 
2018-02-21T12:02:30.207+0000: 209.735: [GC (Allocation Failure) 2018-02-21T12:02:30.207+0000: 209.735: [DefNew: 146225K->9689K(153600K), 0.0181150 secs] 204806K->69368K(494976K), 0.0181832 secs] [Times: user=0.02 sys=0.00, real=0.02 secs] 
2018-02-21T12:02:45.752+0000: 225.280: [GC (Allocation Failure) 2018-02-21T12:02:45.752+0000: 225.280: [DefNew: 146265K->9729K(153600K), 0.0181437 secs] 205944K->70668K(494976K), 0.0182148 secs] [Times: user=0.01 sys=0.00, real=0.02 secs] 
2018-02-21T12:02:57.678+0000: 237.206: [GC (Allocation Failure) 2018-02-21T12:02:57.678+0000: 237.206: [DefNew: 146305K->9705K(153600K), 0.0173990 secs] 207244K->71803K(494976K), 0.0174695 secs] [Times: user=0.01 sys=0.00, real=0.01 secs] 
2018-02-21T12:03:11.329+0000: 250.858: [GC (Allocation Failure) 2018-02-21T12:03:11.329+0000: 250.858: [DefNew: 146281K->9602K(153600K), 0.0180615 secs] 208379K->72935K(494976K), 0.0181421 secs] [Times: user=0.02 sys=0.00, real=0.02 secs] 
2018-02-21T12:03:26.801+0000: 266.329: [GC (Allocation Failure) 2018-02-21T12:03:26.801+0000: 266.329: [DefNew: 146178K->10019K(153600K), 0.0180358 secs] 209511K->74536K(494976K), 0.0181061 secs] [Times: user=0.02 sys=0.00, real=0.02 secs] 
2018-02-21T12:03:43.053+0000: 282.582: [GC (Allocation Failure) 2018-02-21T12:03:43.053+0000: 282.582: [DefNew: 146595K->10754K(153600K), 0.0196962 secs] 211112K->77422K(494976K), 0.0197623 secs] [Times: user=0.02 sys=0.00, real=0.02 secs] 
2018-02-21T12:03:54.050+0000: 293.579: [GC (Allocation Failure) 2018-02-21T12:03:54.050+0000: 293.579: [DefNew: 147330K->8327K(153600K), 0.0177299 secs] 213998K->77807K(494976K), 0.0178280 secs] [Times: user=0.02 sys=0.00, real=0.02 secs] 
2018-02-21T12:04:07.313+0000: 306.842: [GC (Allocation Failure) 2018-02-21T12:04:07.313+0000: 306.842: [DefNew: 144903K->9958K(153600K), 0.0149958 secs] 214383K->79438K(494976K), 0.0150614 secs] [Times: user=0.01 sys=0.00, real=0.02 secs] 
2018-02-21T12:04:19.960+0000: 319.488: [GC (Allocation Failure) 2018-02-21T12:04:19.960+0000: 319.488: [DefNew: 146534K->9541K(153600K), 0.0184962 secs] 216014K->81255K(494976K), 0.0185593 secs] [Times: user=0.02 sys=0.00, real=0.02 secs] 
2018-02-21T12:04:37.405+0000: 336.934: [GC (Allocation Failure) 2018-02-21T12:04:37.405+0000: 336.934: [DefNew: 146117K->9875K(153600K), 0.0175122 secs] 217831K->82691K(494976K), 0.0175929 secs] [Times: user=0.01 sys=0.00, real=0.01 secs] 
2018-02-21T12:04:52.892+0000: 352.421: [GC (Allocation Failure) 2018-02-21T12:04:52.892+0000: 352.421: [DefNew: 146451K->10344K(153600K), 0.0183957 secs] 219267K->84377K(494976K), 0.0184597 secs] [Times: user=0.02 sys=0.00, real=0.02 secs] 
2018-02-21T12:05:06.659+0000: 366.187: [GC (Allocation Failure) 2018-02-21T12:05:06.659+0000: 366.187: [DefNew: 146920K->8501K(153600K), 0.0186387 secs] 220953K->85510K(494976K), 0.0187295 secs] [Times: user=0.02 sys=0.00, real=0.02 secs] 
2018-02-21T12:05:18.806+0000: 378.334: [GC (Allocation Failure) 2018-02-21T12:05:18.806+0000: 378.334: [DefNew: 145077K->10614K(153600K), 0.0161387 secs] 222086K->87622K(494976K), 0.0162183 secs] [Times: user=0.02 sys=0.00, real=0.01 secs] 
2018-02-21T12:05:30.200+0000: 389.729: [GC (Allocation Failure) 2018-02-21T12:05:30.200+0000: 389.729: [DefNew: 147190K->9096K(153600K), 0.0186157 secs] 224198K->88889K(494976K), 0.0186801 secs] [Times: user=0.02 sys=0.00, real=0.02 secs] 
2018-02-21T12:05:40.949+0000: 400.478: [GC (Allocation Failure) 2018-02-21T12:05:40.949+0000: 400.478: [DefNew: 145672K->8823K(153600K), 0.0163237 secs] 225465K->90474K(494976K), 0.0163892 secs] [Times: user=0.02 sys=0.00, real=0.02 secs] 
2018-02-21T12:05:57.265+0000: 416.793: [GC (Allocation Failure) 2018-02-21T12:05:57.265+0000: 416.793: [DefNew: 145399K->8983K(153600K), 0.0176290 secs] 227050K->92289K(494976K), 0.0177041 secs] [Times: user=0.01 sys=0.00, real=0.01 secs] 
2018-02-21T12:06:10.407+0000: 429.936: [GC (Allocation Failure) 2018-02-21T12:06:10.407+0000: 429.936: [DefNew: 145559K->9965K(153600K), 0.0227405 secs] 228865K->94550K(494976K), 0.0228163 secs] [Times: user=0.02 sys=0.00, real=0.02 secs] 
2018-02-21T12:06:22.578+0000: 442.106: [GC (Allocation Failure) 2018-02-21T12:06:22.578+0000: 442.106: [DefNew: 146541K->10150K(153600K), 0.0187676 secs] 231126K->96383K(494976K), 0.0188423 secs] [Times: user=0.02 sys=0.00, real=0.02 secs] 
2018-02-21T12:06:35.189+0000: 454.717: [GC (Allocation Failure) 2018-02-21T12:06:35.189+0000: 454.717: [DefNew: 146726K->9358K(153600K), 0.0183562 secs] 232959K->97510K(494976K), 0.0184206 secs] [Times: user=0.02 sys=0.00, real=0.02 secs] 
2018-02-21T12:06:50.296+0000: 469.824: [GC (Allocation Failure) 2018-02-21T12:06:50.296+0000: 469.824: [DefNew: 145934K->9751K(153600K), 0.0187551 secs] 234086K->99405K(494976K), 0.0188217 secs] [Times: user=0.02 sys=0.00, real=0.02 secs] 
2018-02-21T12:07:03.881+0000: 483.409: [GC (Allocation Failure) 2018-02-21T12:07:03.881+0000: 483.409: [DefNew: 146327K->9925K(153600K), 0.0185018 secs] 235981K->101053K(494976K), 0.0185670 secs] [Times: user=0.01 sys=0.00, real=0.02 secs] 
2018-02-21T12:07:17.378+0000: 496.907: [GC (Allocation Failure) 2018-02-21T12:07:17.378+0000: 496.907: [DefNew: 146501K->10082K(153600K), 0.0193243 secs] 237629K->103005K(494976K), 0.0194043 secs] [Times: user=0.02 sys=0.01, real=0.02 secs] 
2018-02-21T12:07:31.879+0000: 511.408: [GC (Allocation Failure) 2018-02-21T12:07:31.880+0000: 511.408: [DefNew: 146658K->10837K(153600K), 0.0196976 secs] 239581K->105308K(494976K), 0.0197639 secs] [Times: user=0.02 sys=0.00, real=0.02 secs] 
2018-02-21T12:07:47.889+0000: 527.418: [GC (Allocation Failure) 2018-02-21T12:07:47.889+0000: 527.418: [DefNew: 147413K->10753K(153600K), 0.0195359 secs] 241884K->106975K(494976K), 0.0196099 secs] [Times: user=0.01 sys=0.00, real=0.02 secs] 
2018-02-21T12:07:59.868+0000: 539.397: [GC (Allocation Failure) 2018-02-21T12:07:59.869+0000: 539.397: [DefNew: 147329K->10980K(153600K), 0.0199652 secs] 243551K->108988K(494976K), 0.0200328 secs] [Times: user=0.01 sys=0.00, real=0.02 secs] 
2018-02-21T12:08:14.699+0000: 554.227: [GC (Allocation Failure) 2018-02-21T12:08:14.699+0000: 554.227: [DefNew: 147556K->10895K(153600K), 0.0210470 secs] 245564K->110660K(494976K), 0.0211083 secs] [Times: user=0.02 sys=0.01, real=0.02 secs] 
2018-02-21T12:08:29.328+0000: 568.857: [GC (Allocation Failure) 2018-02-21T12:08:29.328+0000: 568.857: [DefNew: 147471K->11287K(153600K), 0.0185867 secs] 247236K->112856K(494976K), 0.0186668 secs] [Times: user=0.02 sys=0.00, real=0.02 secs] 
2018-02-21T12:08:41.295+0000: 580.824: [GC (Allocation Failure) 2018-02-21T12:08:41.296+0000: 580.824: [DefNew: 147863K->10838K(153600K), 0.0184230 secs] 249432K->114079K(494976K), 0.0184876 secs] [Times: user=0.01 sys=0.00, real=0.02 secs] 
2018-02-21T12:08:54.252+0000: 593.780: [GC (Allocation Failure) 2018-02-21T12:08:54.252+0000: 593.780: [DefNew: 147414K->11326K(153600K), 0.0191457 secs] 250655K->116351K(494976K), 0.0192121 secs] [Times: user=0.01 sys=0.01, real=0.02 secs] 
2018-02-21T12:09:05.306+0000: 604.834: [GC (Allocation Failure) 2018-02-21T12:09:05.306+0000: 604.834: [DefNew: 147902K->11219K(153600K), 0.0192833 secs] 252927K->117955K(494976K), 0.0193569 secs] [Times: user=0.02 sys=0.01, real=0.02 secs] 
2018-02-21T12:09:18.969+0000: 618.498: [GC (Allocation Failure) 2018-02-21T12:09:18.969+0000: 618.498: [DefNew: 147795K->8077K(153600K), 0.0208969 secs] 254531K->119442K(494976K), 0.0209657 secs] [Times: user=0.02 sys=0.00, real=0.02 secs] 
2018-02-21T12:09:34.141+0000: 633.670: [GC (Allocation Failure) 2018-02-21T12:09:34.141+0000: 633.670: [DefNew: 144653K->11251K(153600K), 0.0155888 secs] 256018K->122617K(494976K), 0.0156527 secs] [Times: user=0.01 sys=0.00, real=0.02 secs] 
2018-02-21T12:09:46.335+0000: 645.863: [GC (Allocation Failure) 2018-02-21T12:09:46.335+0000: 645.863: [DefNew: 147827K->11469K(153600K), 0.0185204 secs] 259193K->124495K(494976K), 0.0185882 secs] [Times: user=0.02 sys=0.00, real=0.02 secs] 
2018-02-21T12:10:03.658+0000: 663.186: [GC (Allocation Failure) 2018-02-21T12:10:03.658+0000: 663.186: [DefNew: 148045K->8868K(153600K), 0.0225731 secs] 261071K->126849K(494976K), 0.0226401 secs] [Times: user=0.02 sys=0.00, real=0.02 secs] 
2018-02-21T12:10:15.069+0000: 674.597: [GC (Allocation Failure) 2018-02-21T12:10:15.069+0000: 674.597: [DefNew: 145444K->8741K(153600K), 0.0186974 secs] 263425K->130009K(494976K), 0.0187618 secs] [Times: user=0.01 sys=0.00, real=0.02 secs] 
2018-02-21T12:10:29.110+0000: 688.638: [GC (Allocation Failure) 2018-02-21T12:10:29.110+0000: 688.638: [DefNew: 145317K->8896K(153600K), 0.0169756 secs] 266585K->133168K(494976K), 0.0170394 secs] [Times: user=0.01 sys=0.01, real=0.02 secs] 
2018-02-21T12:10:38.906+0000: 698.434: [GC (Allocation Failure) 2018-02-21T12:10:38.906+0000: 698.435: [DefNew: 145472K->8661K(153600K), 0.0236357 secs] 269744K->136311K(494976K), 0.0237323 secs] [Times: user=0.01 sys=0.01, real=0.02 secs] 
2018-02-21T12:10:53.842+0000: 713.370: [GC (Allocation Failure) 2018-02-21T12:10:53.842+0000: 713.370: [DefNew: 145237K->8710K(153600K), 0.0251623 secs] 272887K->139667K(494976K), 0.0252369 secs] [Times: user=0.01 sys=0.01, real=0.03 secs] 
2018-02-21T12:11:05.569+0000: 725.097: [GC (Allocation Failure) 2018-02-21T12:11:05.569+0000: 725.097: [DefNew: 145286K->9094K(153600K), 0.0243293 secs] 276243K->143447K(494976K), 0.0243956 secs] [Times: user=0.01 sys=0.01, real=0.02 secs] 
12:11:15.028 [Client] INFO  c.s.f.r.e.s.SocketRear  - FlameSocketGraphDeployerRear@172.31.39.64: has been disconnected from Connection 6
12:11:27.159 [worker-akka.actor.default-dispatcher-2] INFO  a.a.CoordinatedShutdown CoordinatedShutdown(akka://worker) - Starting coordinated shutdown from JVM shutdown hook
12:11:27.188 [worker-akka.actor.default-dispatcher-2] INFO  a.a.LocalActorRef akka://worker/user/watcher/graph0000000000/negotiator - Stopped
12:11:27.188 [worker-akka.actor.default-dispatcher-2] INFO  a.a.LocalActorRef akka://worker/user/watcher/graph0000000000/edge/FlameSocketGraphDeployerFront - Stopped
12:11:27.189 [worker-akka.actor.default-dispatcher-2] INFO  a.a.LocalActorRef akka://worker/user/watcher/graph0000000000/edge/FlameSocketGraphDeployerRear - Stopped
12:11:27.189 [worker-akka.actor.default-dispatcher-2] INFO  a.a.LocalActorRef akka://worker/user/watcher/graph0000000000/graph/local-acker/$a - Stopped
12:11:27.191 [worker-akka.actor.default-dispatcher-2] INFO  a.a.LocalActorRef akka://worker/user/watcher/graph0000000000/graph/$a - Stopped
12:11:27.192 [worker-akka.actor.default-dispatcher-2] INFO  a.a.LocalActorRef akka://worker/user/watcher/graph0000000000/graph/$b - Stopped
12:11:27.194 [worker-akka.actor.default-dispatcher-2] INFO  a.a.LocalActorRef akka://worker/user/watcher/graph0000000000/graph/$c - Stopped
12:11:27.200 [worker-akka.actor.default-dispatcher-2] INFO  a.a.LocalActorRef akka://worker/user/watcher/graph0000000000/edge - Stopped
12:11:27.201 [worker-akka.actor.default-dispatcher-2] INFO  a.a.LocalActorRef akka://worker/user/watcher/graph0000000000/graph/local-acker/$a - Message [com.spbsu.flamestream.runtime.utils.akka.PingActor$InnerPing] from Actor[akka://worker/user/watcher/graph0000000000/graph/local-acker/$a#577146134] to Actor[akka://worker/user/watcher/graph0000000000/graph/local-acker/$a#577146134] was not delivered. [1] dead letters encountered. This logging can be turned off or adjusted with configuration settings 'akka.log-dead-letters' and 'akka.log-dead-letters-during-shutdown'.
12:11:27.201 [worker-akka.actor.default-dispatcher-2] INFO  a.a.LocalActorRef akka://worker/user/watcher/graph0000000000/graph/local-acker - Stopped
12:11:27.201 [worker-akka.actor.default-dispatcher-2] INFO  a.a.LocalActorRef akka://worker/user/watcher/graph0000000000/graph - Stopped
12:11:27.201 [worker-akka.actor.default-dispatcher-2] INFO  a.a.LocalActorRef akka://worker/user/watcher/graph0000000000 - Stopped
12:11:27.205 [worker-akka.actor.default-dispatcher-2-EventThread] INFO  o.a.z.ClientCnxn  - EventThread shut down for session: 0x161b83a7f4f0004
12:11:27.206 [worker-akka.actor.default-dispatcher-2] INFO  o.a.z.ZooKeeper  - Session: 0x161b83a7f4f0004 closed
12:11:27.206 [worker-akka.actor.default-dispatcher-2] INFO  a.a.LocalActorRef akka://worker/user/watcher/graph0000000000/graph/local-acker/$a - Message [com.spbsu.flamestream.runtime.utils.akka.PingActor$Stop] from Actor[akka://worker/user/watcher/graph0000000000/graph/local-acker#1400498485] to Actor[akka://worker/user/watcher/graph0000000000/graph/local-acker/$a#577146134] was not delivered. [2] dead letters encountered. This logging can be turned off or adjusted with configuration settings 'akka.log-dead-letters' and 'akka.log-dead-letters-during-shutdown'.
12:11:27.206 [worker-akka.actor.default-dispatcher-2] INFO  a.a.LocalActorRef akka://worker/user/watcher/graph0000000000/graph/local-acker - Message [com.spbsu.flamestream.runtime.acker.LocalAcker$Flush] from Actor[akka://worker/user/watcher/graph0000000000/graph/local-acker#1400498485] to Actor[akka://worker/user/watcher/graph0000000000/graph/local-acker#1400498485] was not delivered. [3] dead letters encountered. This logging can be turned off or adjusted with configuration settings 'akka.log-dead-letters' and 'akka.log-dead-letters-during-shutdown'.
12:11:27.207 [worker-akka.actor.default-dispatcher-2] INFO  a.a.LocalActorRef akka://worker/user/watcher/graph0000000000/graph/local-acker - Message [com.spbsu.flamestream.runtime.acker.LocalAcker$Flush] from Actor[akka://worker/user/watcher/graph0000000000/graph/local-acker#1400498485] to Actor[akka://worker/user/watcher/graph0000000000/graph/local-acker#1400498485] was not delivered. [4] dead letters encountered. This logging can be turned off or adjusted with configuration settings 'akka.log-dead-letters' and 'akka.log-dead-letters-during-shutdown'.
12:11:27.208 [worker-akka.actor.default-dispatcher-2] INFO  a.a.RepointableActorRef akka://worker/user/watcher - Stopped
12:11:27.227 [worker-akka.actor.default-dispatcher-2] INFO  a.r.RemoteActorRefProvider$RemotingTerminator akka://worker@172.31.39.64:5412/system/remoting-terminator - Shutting down remote daemon.
12:11:27.230 [worker-akka.actor.default-dispatcher-2] INFO  a.r.RemoteActorRefProvider$RemotingTerminator akka://worker@172.31.39.64:5412/system/remoting-terminator - Remote daemon shut down; proceeding with flushing remote transports.
12:11:27.344 [worker-akka.actor.default-dispatcher-2] INFO  a.r.RemoteActorRefProvider$RemotingTerminator akka://worker@172.31.39.64:5412/system/remoting-terminator - Remoting shut down.
Attempts of event 'sink-receive' - 786770
Attempts of event 'sink-send' - 777156
Heap
 def new generation   total 153600K, used 130478K [0x00000000e0c00000, 0x00000000eb2a0000, 0x00000000eb2a0000)
  eden space 136576K,  88% used [0x00000000e0c00000, 0x00000000e828a348, 0x00000000e9160000)
  from space 17024K,  53% used [0x00000000ea200000, 0x00000000eaae1878, 0x00000000eb2a0000)
  to   space 17024K,   0% used [0x00000000e9160000, 0x00000000e9160000, 0x00000000ea200000)
 tenured generation   total 341376K, used 134353K [0x00000000eb2a0000, 0x0000000100000000, 0x0000000100000000)
   the space 341376K,  39% used [0x00000000eb2a0000, 0x00000000f35d4720, 0x00000000f35d4800, 0x0000000100000000)
 Metaspace       used 33398K, capacity 34158K, committed 34432K, reserved 1079296K
  class space    used 4452K, capacity 4622K, committed 4736K, reserved 1048576K
