15:07:30,283 |-INFO in ch.qos.logback.classic.LoggerContext[default] - Could NOT find resource [logback-test.xml]
15:07:30,283 |-INFO in ch.qos.logback.classic.LoggerContext[default] - Could NOT find resource [logback.groovy]
15:07:30,283 |-INFO in ch.qos.logback.classic.LoggerContext[default] - Found resource [logback.xml] at [jar:file:/opt/flamestream/lib/flamestream-runtime-1.0-SNAPSHOT.jar!/logback.xml]
15:07:30,284 |-WARN in ch.qos.logback.classic.LoggerContext[default] - Resource [logback.xml] occurs multiple times on the classpath.
15:07:30,284 |-WARN in ch.qos.logback.classic.LoggerContext[default] - Resource [logback.xml] occurs at [jar:file:/opt/flamestream/flamestream-runtime-1.0-SNAPSHOT.jar!/logback.xml]
15:07:30,284 |-WARN in ch.qos.logback.classic.LoggerContext[default] - Resource [logback.xml] occurs at [jar:file:/opt/flamestream/lib/flamestream-runtime-1.0-SNAPSHOT.jar!/logback.xml]
15:07:30,307 |-INFO in ch.qos.logback.core.joran.spi.ConfigurationWatchList@69b794e2 - URL [jar:file:/opt/flamestream/lib/flamestream-runtime-1.0-SNAPSHOT.jar!/logback.xml] is not of type file
15:07:30,386 |-INFO in ch.qos.logback.classic.joran.action.ConfigurationAction - debug attribute not set
15:07:30,387 |-INFO in ch.qos.logback.core.joran.action.AppenderAction - About to instantiate appender of type [ch.qos.logback.core.ConsoleAppender]
15:07:30,393 |-INFO in ch.qos.logback.core.joran.action.AppenderAction - Naming appender as [STDOUT]
15:07:30,401 |-INFO in ch.qos.logback.core.joran.action.NestedComplexPropertyIA - Assuming default type [ch.qos.logback.classic.encoder.PatternLayoutEncoder] for [encoder] property
15:07:30,447 |-INFO in ch.qos.logback.core.joran.action.AppenderAction - About to instantiate appender of type [ch.qos.logback.core.rolling.RollingFileAppender]
15:07:30,454 |-INFO in ch.qos.logback.core.joran.action.AppenderAction - Naming appender as [FILE]
15:07:30,473 |-INFO in c.q.l.core.rolling.TimeBasedRollingPolicy@1059063940 - No compression will be used
15:07:30,477 |-INFO in c.q.l.core.rolling.TimeBasedRollingPolicy@1059063940 - Will use the pattern /tmp/application_%d{yyyy-MM-dd}.%i.log for the active file
15:07:30,480 |-INFO in ch.qos.logback.core.rolling.SizeAndTimeBasedFNATP@4d339552 - The date pattern is 'yyyy-MM-dd' from file name pattern '/tmp/application_%d{yyyy-MM-dd}.%i.log'.
15:07:30,480 |-INFO in ch.qos.logback.core.rolling.SizeAndTimeBasedFNATP@4d339552 - Roll-over at midnight.
15:07:30,484 |-INFO in ch.qos.logback.core.rolling.SizeAndTimeBasedFNATP@4d339552 - Setting initial period to Thu Mar 29 15:02:55 UTC 2018
15:07:30,484 |-WARN in ch.qos.logback.core.rolling.SizeAndTimeBasedFNATP@4d339552 - SizeAndTimeBasedFNATP is deprecated. Use SizeAndTimeBasedRollingPolicy instead
15:07:30,484 |-WARN in ch.qos.logback.core.rolling.SizeAndTimeBasedFNATP@4d339552 - For more information see http://logback.qos.ch/manual/appenders.html#SizeAndTimeBasedRollingPolicy
15:07:30,489 |-INFO in ch.qos.logback.core.joran.action.NestedComplexPropertyIA - Assuming default type [ch.qos.logback.classic.encoder.PatternLayoutEncoder] for [encoder] property
15:07:30,493 |-INFO in ch.qos.logback.core.rolling.RollingFileAppender[FILE] - Active log file name: /tmp/application.log
15:07:30,493 |-INFO in ch.qos.logback.core.rolling.RollingFileAppender[FILE] - File property is set to [/tmp/application.log]
15:07:30,494 |-INFO in ch.qos.logback.classic.joran.action.RootLoggerAction - Setting level of ROOT logger to INFO
15:07:30,494 |-INFO in ch.qos.logback.core.joran.action.AppenderRefAction - Attaching appender named [STDOUT] to Logger[ROOT]
15:07:30,495 |-INFO in ch.qos.logback.core.joran.action.AppenderRefAction - Attaching appender named [FILE] to Logger[ROOT]
15:07:30,495 |-INFO in ch.qos.logback.classic.joran.action.ConfigurationAction - End of configuration.
15:07:30,495 |-INFO in ch.qos.logback.classic.joran.JoranConfigurator@f0f2775 - Registering current configuration as safe fallback point

15:07:30.499 [main] INFO  c.s.f.r.a.WorkerApplication  - Starting worker with id: '10.0.0.27', host: '10.0.0.27:5412', zkString: '10.0.0.14:2181'
15:07:31.396 [worker-akka.actor.default-dispatcher-3] INFO  a.e.s.Slf4jLogger  - Slf4jLogger started
2018-03-29T15:07:31.546+0000: 1.855: [Full GC (Metadata GC Threshold) 2018-03-29T15:07:31.546+0000: 1.855: [Tenured: 0K->15875K(341376K), 0.0404173 secs] 131340K->15875K(494976K), [Metaspace: 20946K->20946K(1067008K)], 0.0405002 secs] [Times: user=0.04 sys=0.01, real=0.05 secs] 
Ama winner
Ama winner
15:07:31.928 [worker-akka.actor.default-dispatcher-3] INFO  a.r.a.ArteryTransport(akka://worker) akka.remote.artery.ArteryTransport(akka://worker) - Started embedded media driver in directory [/dev/shm/aeron-10.0.0.27]
15:07:32.109 [worker-akka.actor.default-dispatcher-3] INFO  a.r.a.ArteryTransport(akka://worker) akka.remote.artery.ArteryTransport(akka://worker) - Remoting started; listening on address: [akka://worker@10.0.0.27:5412] with UID [-578413675760997774]
15:07:32.164 [worker-akka.actor.default-dispatcher-6] INFO  a.a.RepointableActorRef akka://worker/user/watcher - Starting...
15:07:32.227 [worker-akka.actor.default-dispatcher-3] INFO  o.a.z.ZooKeeper  - Client environment:zookeeper.version=3.4.9-1757313, built on 08/23/2016 06:50 GMT
15:07:32.228 [worker-akka.actor.default-dispatcher-3] INFO  o.a.z.ZooKeeper  - Client environment:host.name=localhost
15:07:32.228 [worker-akka.actor.default-dispatcher-3] INFO  o.a.z.ZooKeeper  - Client environment:java.version=1.8.0_151
15:07:32.228 [worker-akka.actor.default-dispatcher-3] INFO  o.a.z.ZooKeeper  - Client environment:java.vendor=Oracle Corporation
15:07:32.228 [worker-akka.actor.default-dispatcher-3] INFO  o.a.z.ZooKeeper  - Client environment:java.home=/usr/lib/jvm/java-8-openjdk-amd64/jre
15:07:32.228 [worker-akka.actor.default-dispatcher-3] INFO  o.a.z.ZooKeeper  - Client environment:java.class.path=lib/commons-cli-1.4.jar:lib/minlog-1.3.0.jar:lib/asm-5.0.4.jar:lib/hadoop-annotations-2.7.3.jar:lib/hadoop-auth-2.7.3.jar:lib/akka-slf4j_2.11-2.5.6.jar:lib/jersey-core-1.9.jar:lib/lz4-1.3.0.jar:lib/jackson-core-asl-1.9.13.jar:lib/aeron-client-1.3.0.jar:lib/htrace-core-3.1.0-incubating.jar:lib/xz-1.0.jar:lib/commons-httpclient-3.1.jar:lib/asm-3.1.jar:lib/commons-lang3-3.4.jar:lib/scala-library-2.11.11.jar:lib/scala-java8-compat_2.11-0.7.0.jar:lib/commons-configuration-1.6.jar:lib/objenesis-2.1.jar:lib/jackson-annotations-2.8.0.jar:lib/jsr305-3.0.0.jar:lib/curator-framework-2.7.1.jar:lib/jersey-server-1.9.jar:lib/jets3t-0.9.0.jar:lib/leveldb-0.7.jar:lib/jetty-6.1.26.jar:lib/stax-api-1.0-2.jar:lib/flamestream-core-1.0-SNAPSHOT.jar:lib/reflectasm-1.07-shaded.jar:lib/apacheds-kerberos-codec-2.0.0-M15.jar:lib/api-asn1-api-1.0.0-M20.jar:lib/commons-lang-2.6.jar:lib/commons-beanutils-1.7.0.jar:lib/jackson-xc-1.8.3.jar:lib/jetty-util-6.1.26.jar:lib/logback-classic-1.2.3.jar:lib/jool-0.9.12.jar:lib/httpcore-4.1.2.jar:lib/kryo-4.0.0.jar:lib/ant-1.8.1.jar:lib/jaxb-impl-2.2.3-1.jar:lib/jersey-json-1.9.jar:lib/commons-compress-1.4.1.jar:lib/leveldbjni-all-1.8.jar:lib/paranamer-2.3.jar:lib/jackson-core-2.8.4.jar:lib/commons-math3-3.6.1.jar:lib/scala-parser-combinators_2.11-1.0.4.jar:lib/netty-3.10.6.Final.jar:lib/trove4j-3.0.3.jar:lib/jaxb-api-2.2.2.jar:lib/logback-core-1.2.3.jar:lib/snappy-java-1.0.4.1.jar:lib/protobuf-java-2.5.0.jar:lib/reactive-streams-1.0.1.jar:lib/flamestream-examples-1.0-SNAPSHOT.jar:lib/commons-codec-1.4.jar:lib/activation-1.1.jar:lib/commons-net-3.1.jar:lib/curator-recipes-2.7.1.jar:lib/jackson-mapper-asl-1.9.13.jar:lib/jackson-databind-2.8.4.jar:lib/flamestream-runtime-1.0-SNAPSHOT.jar:lib/jackson-jaxrs-1.8.3.jar:lib/slf4j-api-1.7.24.jar:lib/akka-remote_2.11-2.5.6.jar:lib/akka-testkit_2.11-2.5.6.jar:lib/jline-0.9.94.jar:lib/jedis-2.9.0.jar:lib/akka-stream_2.11-2.5.6.jar:lib/jsp-api-2.1.jar:lib/kryonet-2.21.jar:lib/akka-kryo-serialization_2.11-0.5.0.jar:lib/config-1.3.1.jar:lib/ant-launcher-1.8.1.jar:lib/commons-logging-1.2.jar:lib/ssl-config-core_2.11-0.2.2.jar:lib/testng-6.10.jar:lib/leveldb-api-0.7.jar:lib/reflectasm-1.11.3.jar:lib/jcommander-1.48.jar:lib/commons-1.1.jar:lib/commons-digester-1.8.jar:lib/minlog-1.2.jar:lib/java-xmlbuilder-0.4.jar:lib/jettison-1.1.jar:lib/gson-2.2.4.jar:lib/jdk.tools-1.8.jar:lib/aeron-driver-1.3.0.jar:lib/zookeeper-3.4.9.jar:lib/commons-beanutils-core-1.8.0.jar:lib/commons-math3-3.1.1.jar:lib/akka-actor_2.11-2.5.6.jar:lib/curator-client-2.7.1.jar:lib/servlet-api-2.5.jar:lib/commons-pool2-2.4.2.jar:lib/apacheds-i18n-2.0.0-M15.jar:lib/commons-io-2.4.jar:lib/commons-codec-1.6.jar:lib/akka-protobuf_2.11-2.5.6.jar:lib/jdom-2.0.2.jar:lib/rocksdbjni-5.5.1.jar:lib/api-util-1.0.0-M20.jar:lib/hadoop-common-2.7.3.jar:lib/agrona-0.9.6.jar:lib/xmlenc-0.52.jar:lib/guava-21.0.jar:lib/commons-collections-3.2.2.jar:lib/avro-1.7.4.jar:lib/httpclient-4.1.2.jar:lib/flamestream-core-1.0-SNAPSHOT-tests.jar:lib/annotations-12.0.jar:lib/jsch-0.1.42.jar:flamestream-runtime-1.0-SNAPSHOT.jar
15:07:32.228 [worker-akka.actor.default-dispatcher-3] INFO  o.a.z.ZooKeeper  - Client environment:java.library.path=/usr/java/packages/lib/amd64:/usr/lib/x86_64-linux-gnu/jni:/lib/x86_64-linux-gnu:/usr/lib/x86_64-linux-gnu:/usr/lib/jni:/lib:/usr/lib
15:07:32.228 [worker-akka.actor.default-dispatcher-3] INFO  o.a.z.ZooKeeper  - Client environment:java.io.tmpdir=/tmp
15:07:32.229 [worker-akka.actor.default-dispatcher-3] INFO  o.a.z.ZooKeeper  - Client environment:java.compiler=<NA>
15:07:32.230 [worker-akka.actor.default-dispatcher-3] INFO  o.a.z.ZooKeeper  - Client environment:os.name=Linux
15:07:32.230 [worker-akka.actor.default-dispatcher-3] INFO  o.a.z.ZooKeeper  - Client environment:os.arch=amd64
15:07:32.232 [worker-akka.actor.default-dispatcher-3] INFO  o.a.z.ZooKeeper  - Client environment:os.version=4.4.0-1049-aws
15:07:32.232 [worker-akka.actor.default-dispatcher-3] INFO  o.a.z.ZooKeeper  - Client environment:user.name=root
15:07:32.232 [worker-akka.actor.default-dispatcher-3] INFO  o.a.z.ZooKeeper  - Client environment:user.home=/root
15:07:32.232 [worker-akka.actor.default-dispatcher-3] INFO  o.a.z.ZooKeeper  - Client environment:user.dir=/opt/flamestream
15:07:32.235 [worker-akka.actor.default-dispatcher-3] INFO  o.a.z.ZooKeeper  - Initiating client connection, connectString=10.0.0.14:2181 sessionTimeout=5000 watcher=com.spbsu.flamestream.runtime.application.LifecycleWatcher$$Lambda$30/1920140588@4f5e72ce
15:07:32.272 [worker-akka.actor.default-dispatcher-3-SendThread(10.0.0.14:2181)] INFO  o.a.z.ClientCnxn  - Opening socket connection to server 10.0.0.14/10.0.0.14:2181. Will not attempt to authenticate using SASL (unknown error)
15:07:32.283 [worker-akka.actor.default-dispatcher-3-SendThread(10.0.0.14:2181)] INFO  o.a.z.ClientCnxn  - Socket connection established to 10.0.0.14/10.0.0.14:2181, initiating session
15:07:32.291 [worker-akka.actor.default-dispatcher-3-SendThread(10.0.0.14:2181)] INFO  o.a.z.ClientCnxn  - Session establishment complete on server 10.0.0.14/10.0.0.14:2181, sessionid = 0x162724b934d000a, negotiated timeout = 6000
15:07:32.304 [worker-akka.actor.default-dispatcher-6] INFO  a.a.RepointableActorRef akka://worker/user/watcher - Initializing rocksDB backend
15:07:32.486 [worker-akka.actor.default-dispatcher-6] INFO  a.a.RepointableActorRef akka://worker/user/watcher - Connected to ZK
15:07:40.635 [worker-akka.actor.default-dispatcher-6] INFO  a.a.RepointableActorRef akka://worker/user/watcher - Creating node with watchGraphs: 'com.spbsu.flamestream.core.Graph$Builder$MyGraph@6e4a0772', config: 'ClusterConfig{paths={10.0.0.82=akka://worker@10.0.0.82:5412/user/watcher, 10.0.0.102=akka://worker@10.0.0.102:5412/user/watcher, 10.0.0.39=akka://worker@10.0.0.39:5412/user/watcher, 10.0.0.225=akka://worker@10.0.0.225:5412/user/watcher, 10.0.0.27=akka://worker@10.0.0.27:5412/user/watcher, 10.0.0.236=akka://worker@10.0.0.236:5412/user/watcher, 10.0.0.25=akka://worker@10.0.0.25:5412/user/watcher, 10.0.0.167=akka://worker@10.0.0.167:5412/user/watcher, 10.0.0.46=akka://worker@10.0.0.46:5412/user/watcher, 10.0.0.189=akka://worker@10.0.0.189:5412/user/watcher}, ackerLocation='10.0.0.46', props=ComputationLayout{hashGroups={10.0.0.82=com.spbsu.flamestream.runtime.config.HashGroup@1ffe1b9d, 10.0.0.102=com.spbsu.flamestream.runtime.config.HashGroup@5d5c21bc, 10.0.0.39=com.spbsu.flamestream.runtime.config.HashGroup@56dcaf5d, 10.0.0.225=com.spbsu.flamestream.runtime.config.HashGroup@c65a7748, 10.0.0.27=com.spbsu.flamestream.runtime.config.HashGroup@231425fe, 10.0.0.236=com.spbsu.flamestream.runtime.config.HashGroup@fbc82752, 10.0.0.25=com.spbsu.flamestream.runtime.config.HashGroup@ccbcd570, 10.0.0.167=com.spbsu.flamestream.runtime.config.HashGroup@4276a447, 10.0.0.46=com.spbsu.flamestream.runtime.config.HashGroup@c01f, 10.0.0.189=com.spbsu.flamestream.runtime.config.HashGroup@3fc198ed}}}'
15:07:41.476 [worker-akka.actor.default-dispatcher-3] INFO  a.a.LocalActorRef akka://worker/user/watcher/graph_at_0/graph - Starting...
15:07:41.483 [worker-akka.actor.default-dispatcher-5] INFO  a.a.LocalActorRef akka://worker/user/watcher/graph_at_0/graph/local-acker/$a - Starting...
15:07:41.492 [worker-akka.actor.default-dispatcher-2] INFO  a.a.LocalActorRef akka://worker/user/watcher/graph_at_0/graph/local-acker - Starting...
15:07:43.035 [worker-akka.actor.default-dispatcher-2] INFO  a.a.LocalActorRef akka://worker/user/watcher/graph_at_0/graph - Finishing constructor
15:07:43.037 [worker-akka.actor.default-dispatcher-2] INFO  a.a.LocalActorRef akka://worker/user/watcher/graph_at_0/negotiator - Starting...
15:07:43.042 [worker-akka.actor.default-dispatcher-4] INFO  a.a.LocalActorRef akka://worker/user/watcher/graph_at_0/edge - Starting...
15:07:43.043 [worker-akka.actor.default-dispatcher-2] INFO  a.a.LocalActorRef akka://worker/user/watcher/graph_at_0 - Starting FlameNode with config 'ClusterConfig{paths={10.0.0.82=akka://worker@10.0.0.82:5412/user/watcher/graph_at_0, 10.0.0.102=akka://worker@10.0.0.102:5412/user/watcher/graph_at_0, 10.0.0.39=akka://worker@10.0.0.39:5412/user/watcher/graph_at_0, 10.0.0.225=akka://worker@10.0.0.225:5412/user/watcher/graph_at_0, 10.0.0.27=akka://worker@10.0.0.27:5412/user/watcher/graph_at_0, 10.0.0.236=akka://worker@10.0.0.236:5412/user/watcher/graph_at_0, 10.0.0.25=akka://worker@10.0.0.25:5412/user/watcher/graph_at_0, 10.0.0.167=akka://worker@10.0.0.167:5412/user/watcher/graph_at_0, 10.0.0.46=akka://worker@10.0.0.46:5412/user/watcher/graph_at_0, 10.0.0.189=akka://worker@10.0.0.189:5412/user/watcher/graph_at_0}, ackerLocation='10.0.0.46', props=ComputationLayout{hashGroups={10.0.0.82=com.spbsu.flamestream.runtime.config.HashGroup@1ffe1b9d, 10.0.0.102=com.spbsu.flamestream.runtime.config.HashGroup@5d5c21bc, 10.0.0.39=com.spbsu.flamestream.runtime.config.HashGroup@56dcaf5d, 10.0.0.225=com.spbsu.flamestream.runtime.config.HashGroup@c65a7748, 10.0.0.27=com.spbsu.flamestream.runtime.config.HashGroup@231425fe, 10.0.0.236=com.spbsu.flamestream.runtime.config.HashGroup@fbc82752, 10.0.0.25=com.spbsu.flamestream.runtime.config.HashGroup@ccbcd570, 10.0.0.167=com.spbsu.flamestream.runtime.config.HashGroup@4276a447, 10.0.0.46=com.spbsu.flamestream.runtime.config.HashGroup@c01f, 10.0.0.189=com.spbsu.flamestream.runtime.config.HashGroup@3fc198ed}}}'
15:07:43.071 [worker-akka.actor.default-dispatcher-6] INFO  a.a.LocalActorRef akka://worker/user/watcher/graph_at_0/negotiator - Requesting ticket for the frontClass FlameSocketGraphDeployerFront@10.0.0.27
15:07:43.085 [worker-akka.actor.default-dispatcher-11] INFO  a.a.LocalActorRef akka://worker/user/watcher/graph_at_0/graph - Received last commit 'LastCommit{globalTime=(0000000, min@min)}'
15:07:43.117 [worker-akka.actor.default-dispatcher-3] INFO  c.s.f.r.e.s.SocketRear  - FlameSocketGraphDeployerRear@10.0.0.27: connecting to 10.0.0.14:5678
15:07:43.123 [worker-akka.actor.default-dispatcher-13] INFO  a.a.LocalActorRef akka://worker/user/watcher/graph_at_0/edge/FlameSocketGraphDeployerFront - Starting...
15:07:43.135 [worker-akka.actor.default-dispatcher-3] INFO  c.s.f.r.e.s.SocketRear  - FlameSocketGraphDeployerRear@10.0.0.27: connected to 10.0.0.14:5678
15:07:43.136 [worker-akka.actor.default-dispatcher-3] INFO  a.a.LocalActorRef akka://worker/user/watcher/graph_at_0/edge/FlameSocketGraphDeployerRear - Starting...
15:07:43.169 [worker-akka.actor.default-dispatcher-3] INFO  a.a.LocalActorRef akka://worker/user/watcher/graph_at_0/graph/$a - Starting...
15:07:43.182 [worker-akka.actor.default-dispatcher-3] INFO  a.a.LocalActorRef akka://worker/user/watcher/graph_at_0/graph/$b - Starting...
15:07:43.209 [worker-akka.actor.default-dispatcher-3] INFO  a.a.LocalActorRef akka://worker/user/watcher/graph_at_0/graph/$b - Attached rear to graph (-9223372036854775808, min@min)
15:07:43.213 [worker-akka.actor.default-dispatcher-3] INFO  a.a.LocalActorRef akka://worker/user/watcher/graph_at_0/graph/$c - Starting...
15:07:43.561 [worker-akka.actor.default-dispatcher-3] INFO  a.a.LocalActorRef akka://worker/user/watcher/graph_at_0/negotiator - Ticket for the frontClass received: FrontTicket{allowedTimestamp=(0000000, FlameSocketGraphDeployerFront@10.0.0.27)}
15:07:43.563 [worker-akka.actor.default-dispatcher-3] INFO  c.s.f.r.e.s.SocketFront  - FlameSocketGraphDeployerFront@10.0.0.27: connecting to 10.0.0.14:4567
15:07:43.581 [Client] INFO  c.s.f.r.e.s.SocketFront  - FlameSocketGraphDeployerFront@10.0.0.27 has been disconnected from Connection 6
2018-03-29T15:07:47.987+0000: 18.296: [GC (Allocation Failure) 2018-03-29T15:07:47.987+0000: 18.296: [DefNew: 136576K->15760K(153600K), 0.0251524 secs] 152451K->51167K(494976K), 0.0252409 secs] [Times: user=0.01 sys=0.02, real=0.02 secs] 
2018-03-29T15:07:57.714+0000: 28.023: [GC (Allocation Failure) 2018-03-29T15:07:57.714+0000: 28.023: [DefNew: 152336K->6144K(153600K), 0.0191962 secs] 187743K->49627K(494976K), 0.0192604 secs] [Times: user=0.02 sys=0.01, real=0.01 secs] 
2018-03-29T15:08:10.585+0000: 40.894: [GC (Allocation Failure) 2018-03-29T15:08:10.585+0000: 40.894: [DefNew: 142720K->10778K(153600K), 0.0146401 secs] 186203K->54261K(494976K), 0.0147096 secs] [Times: user=0.01 sys=0.00, real=0.02 secs] 
2018-03-29T15:08:20.680+0000: 50.989: [GC (Allocation Failure) 2018-03-29T15:08:20.680+0000: 50.989: [DefNew: 147354K->10470K(153600K), 0.0190162 secs] 190837K->56000K(494976K), 0.0190820 secs] [Times: user=0.02 sys=0.00, real=0.02 secs] 
2018-03-29T15:08:29.737+0000: 60.046: [GC (Allocation Failure) 2018-03-29T15:08:29.737+0000: 60.046: [DefNew: 145723K->11616K(153600K), 0.0196165 secs] 191253K->60997K(494976K), 0.0196842 secs] [Times: user=0.02 sys=0.00, real=0.02 secs] 
2018-03-29T15:08:37.718+0000: 68.027: [GC (Allocation Failure) 2018-03-29T15:08:37.718+0000: 68.027: [DefNew: 148192K->10337K(153600K), 0.0207217 secs] 197573K->67607K(494976K), 0.0208137 secs] [Times: user=0.02 sys=0.00, real=0.02 secs] 
2018-03-29T15:08:47.564+0000: 77.873: [GC (Allocation Failure) 2018-03-29T15:08:47.564+0000: 77.873: [DefNew: 146913K->4805K(153600K), 0.0158448 secs] 204183K->68689K(494976K), 0.0159138 secs] [Times: user=0.01 sys=0.00, real=0.02 secs] 
2018-03-29T15:08:55.126+0000: 85.435: [GC (Allocation Failure) 2018-03-29T15:08:55.126+0000: 85.435: [DefNew: 141381K->5737K(153600K), 0.0120489 secs] 205265K->69621K(494976K), 0.0121214 secs] [Times: user=0.01 sys=0.00, real=0.01 secs] 
2018-03-29T15:09:04.719+0000: 95.028: [GC (Allocation Failure) 2018-03-29T15:09:04.719+0000: 95.028: [DefNew: 142313K->8552K(153600K), 0.0163769 secs] 206197K->72435K(494976K), 0.0164571 secs] [Times: user=0.02 sys=0.00, real=0.02 secs] 
2018-03-29T15:09:14.724+0000: 105.033: [GC (Allocation Failure) 2018-03-29T15:09:14.724+0000: 105.033: [DefNew: 145128K->8700K(153600K), 0.0181993 secs] 209011K->73914K(494976K), 0.0182761 secs] [Times: user=0.02 sys=0.00, real=0.02 secs] 
2018-03-29T15:09:23.797+0000: 114.106: [GC (Allocation Failure) 2018-03-29T15:09:23.797+0000: 114.106: [DefNew: 145276K->7508K(153600K), 0.0154815 secs] 210490K->73924K(494976K), 0.0155545 secs] [Times: user=0.02 sys=0.00, real=0.01 secs] 
2018-03-29T15:09:31.757+0000: 122.066: [GC (Allocation Failure) 2018-03-29T15:09:31.757+0000: 122.066: [DefNew: 141030K->9917K(153600K), 0.0183698 secs] 207446K->76333K(494976K), 0.0184416 secs] [Times: user=0.02 sys=0.00, real=0.02 secs] 
2018-03-29T15:09:37.760+0000: 128.069: [GC (Allocation Failure) 2018-03-29T15:09:37.760+0000: 128.069: [DefNew: 144097K->17024K(153600K), 0.0248423 secs] 210512K->94048K(494976K), 0.0249159 secs] [Times: user=0.01 sys=0.01, real=0.02 secs] 
2018-03-29T15:09:45.754+0000: 136.063: [GC (Allocation Failure) 2018-03-29T15:09:45.754+0000: 136.063: [DefNew: 150726K->5599K(153600K), 0.0189338 secs] 227751K->99496K(494976K), 0.0190049 secs] [Times: user=0.02 sys=0.00, real=0.01 secs] 
2018-03-29T15:09:54.094+0000: 144.403: [GC (Allocation Failure) 2018-03-29T15:09:54.094+0000: 144.403: [DefNew: 142175K->5297K(153600K), 0.0106983 secs] 236072K->99194K(494976K), 0.0107643 secs] [Times: user=0.00 sys=0.00, real=0.00 secs] 
2018-03-29T15:10:02.648+0000: 152.958: [GC (Allocation Failure) 2018-03-29T15:10:02.648+0000: 152.958: [DefNew: 141873K->7535K(153600K), 0.0144057 secs] 235770K->101431K(494976K), 0.0144697 secs] [Times: user=0.02 sys=0.00, real=0.01 secs] 
2018-03-29T15:10:10.118+0000: 160.427: [GC (Allocation Failure) 2018-03-29T15:10:10.118+0000: 160.427: [DefNew: 144111K->8065K(153600K), 0.0135932 secs] 238007K->101962K(494976K), 0.0136903 secs] [Times: user=0.02 sys=0.00, real=0.01 secs] 
2018-03-29T15:10:18.889+0000: 169.199: [GC (Allocation Failure) 2018-03-29T15:10:18.890+0000: 169.199: [DefNew: 144641K->9264K(153600K), 0.0261586 secs] 238538K->103160K(494976K), 0.0262259 secs] [Times: user=0.02 sys=0.00, real=0.03 secs] 
2018-03-29T15:10:26.601+0000: 176.910: [GC (Allocation Failure) 2018-03-29T15:10:26.601+0000: 176.910: [DefNew: 145840K->9405K(153600K), 0.0160510 secs] 239736K->104070K(494976K), 0.0161220 secs] [Times: user=0.02 sys=0.00, real=0.02 secs] 
2018-03-29T15:10:33.500+0000: 183.809: [GC (Allocation Failure) 2018-03-29T15:10:33.500+0000: 183.809: [DefNew: 145981K->8636K(153600K), 0.0173219 secs] 240646K->105022K(494976K), 0.0173925 secs] [Times: user=0.01 sys=0.00, real=0.02 secs] 
2018-03-29T15:10:41.328+0000: 191.637: [GC (Allocation Failure) 2018-03-29T15:10:41.328+0000: 191.637: [DefNew: 145212K->8549K(153600K), 0.0158393 secs] 241598K->105955K(494976K), 0.0159098 secs] [Times: user=0.02 sys=0.00, real=0.01 secs] 
2018-03-29T15:10:48.721+0000: 199.030: [GC (Allocation Failure) 2018-03-29T15:10:48.721+0000: 199.030: [DefNew: 145125K->9323K(153600K), 0.0169504 secs] 242531K->107660K(494976K), 0.0170229 secs] [Times: user=0.02 sys=0.00, real=0.02 secs] 
2018-03-29T15:10:55.768+0000: 206.077: [GC (Allocation Failure) 2018-03-29T15:10:55.768+0000: 206.077: [DefNew: 141563K->10861K(153600K), 0.0197985 secs] 239901K->110106K(494976K), 0.0198824 secs] [Times: user=0.02 sys=0.00, real=0.02 secs] 
2018-03-29T15:11:02.335+0000: 212.644: [GC (Allocation Failure) 2018-03-29T15:11:02.335+0000: 212.644: [DefNew: 147437K->7451K(153600K), 0.0157763 secs] 246682K->108763K(494976K), 0.0158388 secs] [Times: user=0.01 sys=0.00, real=0.01 secs] 
2018-03-29T15:11:08.717+0000: 219.026: [GC (Allocation Failure) 2018-03-29T15:11:08.717+0000: 219.026: [DefNew: 144027K->8996K(153600K), 0.0146696 secs] 245339K->110308K(494976K), 0.0147403 secs] [Times: user=0.02 sys=0.00, real=0.01 secs] 
2018-03-29T15:11:15.538+0000: 225.847: [GC (Allocation Failure) 2018-03-29T15:11:15.538+0000: 225.847: [DefNew: 145572K->8566K(153600K), 0.0154627 secs] 246884K->110813K(494976K), 0.0155352 secs] [Times: user=0.01 sys=0.00, real=0.01 secs] 
2018-03-29T15:11:22.185+0000: 232.495: [GC (Allocation Failure) 2018-03-29T15:11:22.185+0000: 232.495: [DefNew: 145142K->8912K(153600K), 0.0162654 secs] 247389K->111984K(494976K), 0.0163428 secs] [Times: user=0.02 sys=0.00, real=0.02 secs] 
2018-03-29T15:11:28.771+0000: 239.080: [GC (Allocation Failure) 2018-03-29T15:11:28.771+0000: 239.080: [DefNew: 142911K->10699K(153600K), 0.0196687 secs] 245982K->114746K(494976K), 0.0197423 secs] [Times: user=0.02 sys=0.00, real=0.02 secs] 
2018-03-29T15:11:35.772+0000: 246.081: [GC (Allocation Failure) 2018-03-29T15:11:35.772+0000: 246.081: [DefNew: 146523K->8512K(153600K), 0.0192761 secs] 250569K->115792K(494976K), 0.0193499 secs] [Times: user=0.01 sys=0.01, real=0.02 secs] 
2018-03-29T15:11:42.729+0000: 253.038: [GC (Allocation Failure) 2018-03-29T15:11:42.729+0000: 253.038: [DefNew: 145088K->8055K(153600K), 0.0166037 secs] 252368K->116579K(494976K), 0.0166760 secs] [Times: user=0.02 sys=0.00, real=0.01 secs] 
2018-03-29T15:11:49.716+0000: 260.025: [GC (Allocation Failure) 2018-03-29T15:11:49.716+0000: 260.025: [DefNew: 144631K->7742K(153600K), 0.0123664 secs] 253155K->116267K(494976K), 0.0124466 secs] [Times: user=0.01 sys=0.00, real=0.01 secs] 
2018-03-29T15:11:55.731+0000: 266.040: [GC (Allocation Failure) 2018-03-29T15:11:55.731+0000: 266.040: [DefNew: 144318K->11042K(153600K), 0.0189223 secs] 252843K->119566K(494976K), 0.0189984 secs] [Times: user=0.02 sys=0.01, real=0.02 secs] 
2018-03-29T15:12:01.312+0000: 271.622: [GC (Allocation Failure) 2018-03-29T15:12:01.313+0000: 271.622: [DefNew: 147618K->7390K(153600K), 0.0340140 secs] 256142K->118763K(494976K), 0.0340906 secs] [Times: user=0.03 sys=0.00, real=0.04 secs] 
2018-03-29T15:12:07.720+0000: 278.029: [GC (Allocation Failure) 2018-03-29T15:12:07.720+0000: 278.029: [DefNew: 143966K->9064K(153600K), 0.0143986 secs] 255339K->120437K(494976K), 0.0144687 secs] [Times: user=0.01 sys=0.00, real=0.02 secs] 
2018-03-29T15:12:13.723+0000: 284.032: [GC (Allocation Failure) 2018-03-29T15:12:13.723+0000: 284.032: [DefNew: 145640K->9859K(153600K), 0.0180408 secs] 257013K->122150K(494976K), 0.0181267 secs] [Times: user=0.02 sys=0.00, real=0.02 secs] 
2018-03-29T15:12:18.855+0000: 289.164: [GC (Allocation Failure) 2018-03-29T15:12:18.855+0000: 289.164: [DefNew: 140747K->8200K(153600K), 0.0296940 secs] 253038K->122764K(494976K), 0.0297658 secs] [Times: user=0.03 sys=0.00, real=0.02 secs] 
2018-03-29T15:12:24.733+0000: 295.042: [GC (Allocation Failure) 2018-03-29T15:12:24.733+0000: 295.042: [DefNew: 144534K->12037K(153600K), 0.0192506 secs] 259097K->126600K(494976K), 0.0193288 secs] [Times: user=0.02 sys=0.00, real=0.02 secs] 
2018-03-29T15:12:30.305+0000: 300.615: [GC (Allocation Failure) 2018-03-29T15:12:30.305+0000: 300.615: [DefNew: 148613K->6690K(153600K), 0.0144240 secs] 263176K->124331K(494976K), 0.0145062 secs] [Times: user=0.01 sys=0.00, real=0.02 secs] 
2018-03-29T15:12:34.878+0000: 305.187: [GC (Allocation Failure) 2018-03-29T15:12:34.878+0000: 305.187: [DefNew: 136178K->17024K(153600K), 0.0485216 secs] 253819K->158011K(494976K), 0.0485948 secs] [Times: user=0.04 sys=0.00, real=0.05 secs] 
2018-03-29T15:12:40.657+0000: 310.966: [GC (Allocation Failure) 2018-03-29T15:12:40.657+0000: 310.966: [DefNew: 153600K->5534K(153600K), 0.0171572 secs] 294587K->163330K(494976K), 0.0172287 secs] [Times: user=0.01 sys=0.01, real=0.02 secs] 
2018-03-29T15:12:45.788+0000: 316.097: [GC (Allocation Failure) 2018-03-29T15:12:45.788+0000: 316.097: [DefNew: 136571K->7840K(153600K), 0.0123081 secs] 294367K->165636K(494976K), 0.0123799 secs] [Times: user=0.01 sys=0.00, real=0.01 secs] 
2018-03-29T15:12:51.719+0000: 322.028: [GC (Allocation Failure) 2018-03-29T15:12:51.719+0000: 322.028: [DefNew: 144416K->9246K(153600K), 0.0144463 secs] 302212K->167043K(494976K), 0.0145178 secs] [Times: user=0.02 sys=0.00, real=0.02 secs] 
2018-03-29T15:12:56.788+0000: 327.098: [GC (Allocation Failure) 2018-03-29T15:12:56.788+0000: 327.098: [DefNew: 144341K->8677K(153600K), 0.0144404 secs] 302138K->167658K(494976K), 0.0145163 secs] [Times: user=0.02 sys=0.00, real=0.01 secs] 
2018-03-29T15:13:02.323+0000: 332.633: [GC (Allocation Failure) 2018-03-29T15:13:02.323+0000: 332.633: [DefNew: 145253K->8489K(153600K), 0.0150465 secs] 304234K->168410K(494976K), 0.0151179 secs] [Times: user=0.02 sys=0.00, real=0.02 secs] 
2018-03-29T15:13:07.719+0000: 338.028: [GC (Allocation Failure) 2018-03-29T15:13:07.719+0000: 338.028: [DefNew: 145013K->10401K(153600K), 0.0146920 secs] 304934K->170322K(494976K), 0.0147749 secs] [Times: user=0.02 sys=0.00, real=0.01 secs] 
2018-03-29T15:13:12.882+0000: 343.191: [GC (Allocation Failure) 2018-03-29T15:13:12.882+0000: 343.191: [DefNew: 141237K->7919K(153600K), 0.0228416 secs] 301158K->169901K(494976K), 0.0229284 secs] [Times: user=0.02 sys=0.01, real=0.02 secs] 
2018-03-29T15:13:17.728+0000: 348.038: [GC (Allocation Failure) 2018-03-29T15:13:17.728+0000: 348.038: [DefNew: 144495K->11299K(153600K), 0.0164605 secs] 306477K->173281K(494976K), 0.0165420 secs] [Times: user=0.02 sys=0.00, real=0.01 secs] 
2018-03-29T15:13:23.295+0000: 353.604: [GC (Allocation Failure) 2018-03-29T15:13:23.295+0000: 353.604: [DefNew: 147875K->7128K(153600K), 0.0147640 secs] 309857K->172210K(494976K), 0.0148338 secs] [Times: user=0.01 sys=0.00, real=0.01 secs] 
2018-03-29T15:13:28.783+0000: 359.093: [GC (Allocation Failure) 2018-03-29T15:13:28.783+0000: 359.093: [DefNew: 143704K->11792K(153600K), 0.0186649 secs] 308786K->176874K(494976K), 0.0187321 secs] [Times: user=0.01 sys=0.00, real=0.02 secs] 
2018-03-29T15:13:33.906+0000: 364.215: [GC (Allocation Failure) 2018-03-29T15:13:33.906+0000: 364.215: [DefNew: 144561K->6818K(153600K), 0.0280682 secs] 309643K->174370K(494976K), 0.0281432 secs] [Times: user=0.02 sys=0.00, real=0.03 secs] 
2018-03-29T15:13:38.736+0000: 369.046: [GC (Allocation Failure) 2018-03-29T15:13:38.736+0000: 369.046: [DefNew: 143394K->12017K(153600K), 0.0184977 secs] 310946K->179568K(494976K), 0.0185731 secs] [Times: user=0.02 sys=0.00, real=0.02 secs] 
2018-03-29T15:13:44.372+0000: 374.681: [GC (Allocation Failure) 2018-03-29T15:13:44.372+0000: 374.681: [DefNew: 148593K->7363K(153600K), 0.0148564 secs] 316144K->177477K(494976K), 0.0149276 secs] [Times: user=0.00 sys=0.01, real=0.02 secs] 
2018-03-29T15:13:49.739+0000: 380.048: [GC (Allocation Failure) 2018-03-29T15:13:49.739+0000: 380.048: [DefNew: 143939K->10992K(153600K), 0.0168932 secs] 314053K->181106K(494976K), 0.0169684 secs] [Times: user=0.02 sys=0.00, real=0.02 secs] 
2018-03-29T15:13:54.890+0000: 385.199: [GC (Allocation Failure) 2018-03-29T15:13:54.890+0000: 385.199: [DefNew: 147568K->10010K(153600K), 0.0399433 secs] 317682K->182829K(494976K), 0.0400252 secs] [Times: user=0.04 sys=0.00, real=0.04 secs] 
2018-03-29T15:13:59.736+0000: 390.045: [GC (Allocation Failure) 2018-03-29T15:13:59.736+0000: 390.045: [DefNew: 146586K->10733K(153600K), 0.0187603 secs] 319405K->184790K(494976K), 0.0188425 secs] [Times: user=0.02 sys=0.00, real=0.02 secs] 
2018-03-29T15:14:04.806+0000: 395.115: [GC (Allocation Failure) 2018-03-29T15:14:04.806+0000: 395.115: [DefNew: 141408K->6977K(153600K), 0.0122608 secs] 315465K->182729K(494976K), 0.0123469 secs] [Times: user=0.00 sys=0.00, real=0.02 secs] 
2018-03-29T15:14:09.801+0000: 400.110: [GC (Allocation Failure) 2018-03-29T15:14:09.801+0000: 400.110: [DefNew: 137750K->8837K(153600K), 0.0125560 secs] 313502K->184588K(494976K), 0.0126293 secs] [Times: user=0.02 sys=0.00, real=0.01 secs] 
2018-03-29T15:14:14.785+0000: 405.094: [GC (Allocation Failure) 2018-03-29T15:14:14.785+0000: 405.094: [DefNew: 145413K->11736K(153600K), 0.0418018 secs] 321164K->188809K(494976K), 0.0418737 secs] [Times: user=0.04 sys=0.00, real=0.05 secs] 
2018-03-29T15:14:19.834+0000: 410.143: [GC (Allocation Failure) 2018-03-29T15:14:19.834+0000: 410.143: [DefNew: 148312K->17023K(153600K), 0.0254731 secs] 325385K->197319K(494976K), 0.0255361 secs] [Times: user=0.02 sys=0.00, real=0.02 secs] 
2018-03-29T15:14:24.801+0000: 415.110: [GC (Allocation Failure) 2018-03-29T15:14:24.801+0000: 415.110: [DefNew: 144351K->4988K(153600K), 0.0122447 secs] 324647K->188598K(494976K), 0.0123191 secs] [Times: user=0.01 sys=0.00, real=0.01 secs] 
2018-03-29T15:14:29.446+0000: 419.755: [GC (Allocation Failure) 2018-03-29T15:14:29.446+0000: 419.755: [DefNew: 141564K->7489K(153600K), 0.0113310 secs] 325174K->191099K(494976K), 0.0114038 secs] [Times: user=0.01 sys=0.00, real=0.01 secs] 
2018-03-29T15:14:34.506+0000: 424.815: [GC (Allocation Failure) 2018-03-29T15:14:34.506+0000: 424.815: [DefNew: 144065K->9219K(153600K), 0.0123028 secs] 327675K->192829K(494976K), 0.0123759 secs] [Times: user=0.01 sys=0.00, real=0.02 secs] 
2018-03-29T15:14:39.009+0000: 429.318: [GC (Allocation Failure) 2018-03-29T15:14:39.009+0000: 429.318: [DefNew: 145795K->8817K(153600K), 0.0268756 secs] 329405K->193515K(494976K), 0.0269464 secs] [Times: user=0.03 sys=0.00, real=0.03 secs] 
2018-03-29T15:14:43.804+0000: 434.113: [GC (Allocation Failure) 2018-03-29T15:14:43.804+0000: 434.113: [DefNew: 137030K->9330K(153600K), 0.0154230 secs] 321728K->195326K(494976K), 0.0155022 secs] [Times: user=0.01 sys=0.00, real=0.02 secs] 
2018-03-29T15:14:48.050+0000: 438.360: [GC (Allocation Failure) 2018-03-29T15:14:48.050+0000: 438.360: [DefNew: 145906K->9508K(153600K), 0.0142745 secs] 331902K->196508K(494976K), 0.0143480 secs] [Times: user=0.02 sys=0.00, real=0.01 secs] 
2018-03-29T15:14:52.821+0000: 443.131: [GC (Allocation Failure) 2018-03-29T15:14:52.822+0000: 443.131: [DefNew: 138579K->8858K(153600K), 0.0135178 secs] 325579K->196879K(494976K), 0.0135911 secs] [Times: user=0.02 sys=0.00, real=0.02 secs] 
2018-03-29T15:14:57.818+0000: 448.127: [GC (Allocation Failure) 2018-03-29T15:14:57.818+0000: 448.127: [DefNew: 139889K->8583K(153600K), 0.0133581 secs] 327910K->198038K(494976K), 0.0134331 secs] [Times: user=0.01 sys=0.00, real=0.01 secs] 
2018-03-29T15:15:02.910+0000: 453.219: [GC (Allocation Failure) 2018-03-29T15:15:02.910+0000: 453.219: [DefNew: 134751K->8275K(153600K), 0.0257006 secs] 324206K->199044K(494976K), 0.0257840 secs] [Times: user=0.02 sys=0.01, real=0.03 secs] 
2018-03-29T15:15:07.678+0000: 457.987: [GC (Allocation Failure) 2018-03-29T15:15:07.678+0000: 457.987: [DefNew: 144851K->10500K(153600K), 0.0136502 secs] 335620K->201269K(494976K), 0.0137311 secs] [Times: user=0.01 sys=0.00, real=0.01 secs] 
2018-03-29T15:15:11.810+0000: 462.119: [GC (Allocation Failure) 2018-03-29T15:15:11.810+0000: 462.119: [DefNew: 141188K->9123K(153600K), 0.0154440 secs] 331957K->201984K(494976K), 0.0155136 secs] [Times: user=0.02 sys=0.00, real=0.01 secs] 
2018-03-29T15:15:16.736+0000: 467.046: [GC (Allocation Failure) 2018-03-29T15:15:16.736+0000: 467.046: [DefNew: 145699K->12390K(153600K), 0.0196000 secs] 338560K->206103K(494976K), 0.0196744 secs] [Times: user=0.02 sys=0.00, real=0.02 secs] 
2018-03-29T15:15:21.715+0000: 472.025: [GC (Allocation Failure) 2018-03-29T15:15:21.715+0000: 472.025: [DefNew: 148966K->7722K(153600K), 0.0142744 secs] 342679K->204411K(494976K), 0.0143559 secs] [Times: user=0.02 sys=0.00, real=0.01 secs] 
2018-03-29T15:15:26.731+0000: 477.041: [GC (Allocation Failure) 2018-03-29T15:15:26.732+0000: 477.041: [DefNew: 144298K->9080K(153600K), 0.0196215 secs] 340987K->205769K(494976K), 0.0196925 secs] [Times: user=0.02 sys=0.00, real=0.02 secs] 
2018-03-29T15:15:30.816+0000: 481.126: [GC (Allocation Failure) 2018-03-29T15:15:30.817+0000: 481.126: [DefNew: 136107K->8335K(153600K), 0.0134224 secs] 332796K->206505K(494976K), 0.0134911 secs] [Times: user=0.02 sys=0.01, real=0.01 secs] 
2018-03-29T15:15:35.555+0000: 485.864: [GC (Allocation Failure) 2018-03-29T15:15:35.555+0000: 485.864: [DefNew: 144911K->10076K(153600K), 0.0135334 secs] 343081K->208245K(494976K), 0.0136049 secs] [Times: user=0.01 sys=0.00, real=0.01 secs] 
2018-03-29T15:15:39.807+0000: 490.116: [GC (Allocation Failure) 2018-03-29T15:15:39.807+0000: 490.117: [DefNew: 143933K->9318K(153600K), 0.0139011 secs] 342102K->209090K(494976K), 0.0139715 secs] [Times: user=0.02 sys=0.00, real=0.01 secs] 
2018-03-29T15:15:44.747+0000: 495.057: [GC (Allocation Failure) 2018-03-29T15:15:44.747+0000: 495.057: [DefNew: 145894K->10970K(153600K), 0.0357592 secs] 345666K->211935K(494976K), 0.0358317 secs] [Times: user=0.04 sys=0.00, real=0.03 secs] 
2018-03-29T15:15:48.760+0000: 499.069: [GC (Allocation Failure) 2018-03-29T15:15:48.760+0000: 499.069: [DefNew: 147546K->10028K(153600K), 0.0189869 secs] 348511K->214191K(494976K), 0.0190585 secs] [Times: user=0.02 sys=0.00, real=0.02 secs] 
2018-03-29T15:15:52.720+0000: 503.029: [GC (Allocation Failure) 2018-03-29T15:15:52.720+0000: 503.029: [DefNew: 146604K->9385K(153600K), 0.0148439 secs] 350767K->215162K(494976K), 0.0149189 secs] [Times: user=0.02 sys=0.00, real=0.02 secs] 
2018-03-29T15:15:56.994+0000: 507.303: [GC (Allocation Failure) 2018-03-29T15:15:56.994+0000: 507.303: [DefNew: 145961K->8184K(153600K), 0.0137827 secs] 351738K->215844K(494976K), 0.0138592 secs] [Times: user=0.02 sys=0.00, real=0.01 secs] 
2018-03-29T15:16:01.942+0000: 512.251: [GC (Allocation Failure) 2018-03-29T15:16:01.942+0000: 512.251: [DefNew: 144760K->9003K(153600K), 0.0114423 secs] 352420K->216663K(494976K), 0.0115326 secs] [Times: user=0.01 sys=0.00, real=0.01 secs] 
2018-03-29T15:16:06.716+0000: 517.025: [GC (Allocation Failure) 2018-03-29T15:16:06.716+0000: 517.025: [DefNew: 145579K->9632K(153600K), 0.0161500 secs] 353239K->219270K(494976K), 0.0162222 secs] [Times: user=0.02 sys=0.00, real=0.01 secs] 
2018-03-29T15:16:10.941+0000: 521.251: [GC (Allocation Failure) 2018-03-29T15:16:10.941+0000: 521.251: [DefNew: 143697K->9615K(153600K), 0.0274493 secs] 353335K->220302K(494976K), 0.0275318 secs] [Times: user=0.02 sys=0.00, real=0.03 secs] 
2018-03-29T15:16:15.541+0000: 525.850: [GC (Allocation Failure) 2018-03-29T15:16:15.541+0000: 525.850: [DefNew: 146191K->10209K(153600K), 0.0267859 secs] 356878K->221745K(494976K), 0.0268558 secs] [Times: user=0.03 sys=0.00, real=0.03 secs] 
2018-03-29T15:16:19.610+0000: 529.920: [GC (Allocation Failure) 2018-03-29T15:16:19.610+0000: 529.920: [DefNew: 146785K->9610K(153600K), 0.0140853 secs] 358321K->222893K(494976K), 0.0141633 secs] [Times: user=0.02 sys=0.00, real=0.01 secs] 
15:16:21.043 [Client] INFO  c.s.f.r.e.s.SocketRear  - FlameSocketGraphDeployerRear@10.0.0.27: has been disconnected from Connection 6
15:16:33.120 [worker-akka.actor.default-dispatcher-4] INFO  a.a.CoordinatedShutdown CoordinatedShutdown(akka://worker) - Starting coordinated shutdown from JVM shutdown hook
15:16:33.139 [worker-akka.actor.default-dispatcher-3] INFO  a.a.LocalActorRef akka://worker/user/watcher/graph_at_0/edge/FlameSocketGraphDeployerFront - Stopped
15:16:33.140 [worker-akka.actor.default-dispatcher-5] INFO  a.a.LocalActorRef akka://worker/user/watcher/graph_at_0/edge/FlameSocketGraphDeployerRear - Stopped
15:16:33.140 [worker-akka.actor.default-dispatcher-10] INFO  a.a.LocalActorRef akka://worker/user/watcher/graph_at_0/negotiator - Stopped
15:16:33.144 [worker-akka.actor.default-dispatcher-11] INFO  a.a.LocalActorRef akka://worker/user/watcher/graph_at_0/edge - Stopped
15:16:33.145 [worker-akka.actor.default-dispatcher-4] INFO  a.a.LocalActorRef akka://worker/user/watcher/graph_at_0/graph/$a - Stopped
15:16:33.145 [worker-akka.actor.default-dispatcher-4] INFO  a.a.LocalActorRef akka://worker/user/watcher/graph_at_0/graph/$b - Stopped
15:16:33.145 [worker-akka.actor.default-dispatcher-4] INFO  a.a.LocalActorRef akka://worker/user/watcher/graph_at_0/graph/$c - Stopped
15:16:33.146 [worker-akka.actor.default-dispatcher-17] INFO  a.a.LocalActorRef akka://worker/user/watcher/graph_at_0/graph/local-acker/$a - Stopped
15:16:33.151 [worker-akka.actor.default-dispatcher-11] INFO  a.a.LocalActorRef akka://worker/user/watcher/graph_at_0/graph/local-acker - Stopped
15:16:33.152 [worker-akka.actor.default-dispatcher-11] INFO  a.a.LocalActorRef akka://worker/user/watcher/graph_at_0/graph - Stopped
15:16:33.152 [worker-akka.actor.default-dispatcher-11] INFO  a.a.LocalActorRef akka://worker/user/watcher/graph_at_0/graph/local-acker/$a - Message [com.spbsu.flamestream.runtime.utils.akka.PingActor$InnerPing] from Actor[akka://worker/user/watcher/graph_at_0/graph/local-acker/$a#-1730624617] to Actor[akka://worker/user/watcher/graph_at_0/graph/local-acker/$a#-1730624617] was not delivered. [1] dead letters encountered. This logging can be turned off or adjusted with configuration settings 'akka.log-dead-letters' and 'akka.log-dead-letters-during-shutdown'.
15:16:33.153 [worker-akka.actor.default-dispatcher-11] INFO  a.a.LocalActorRef akka://worker/user/watcher/graph_at_0/graph/local-acker/$a - Message [com.spbsu.flamestream.runtime.utils.akka.PingActor$Stop] from Actor[akka://worker/user/watcher/graph_at_0/graph/local-acker#-398300819] to Actor[akka://worker/user/watcher/graph_at_0/graph/local-acker/$a#-1730624617] was not delivered. [2] dead letters encountered. This logging can be turned off or adjusted with configuration settings 'akka.log-dead-letters' and 'akka.log-dead-letters-during-shutdown'.
15:16:33.153 [worker-akka.actor.default-dispatcher-11] INFO  a.a.LocalActorRef akka://worker/user/watcher/graph_at_0/graph/local-acker - Message [com.spbsu.flamestream.runtime.acker.LocalAcker$Flush] from Actor[akka://worker/user/watcher/graph_at_0/graph/local-acker/$a#-1730624617] to Actor[akka://worker/user/watcher/graph_at_0/graph/local-acker#-398300819] was not delivered. [3] dead letters encountered. This logging can be turned off or adjusted with configuration settings 'akka.log-dead-letters' and 'akka.log-dead-letters-during-shutdown'.
15:16:33.153 [worker-akka.actor.default-dispatcher-11] INFO  a.a.LocalActorRef akka://worker/user/watcher/graph_at_0 - Stopped
15:16:33.153 [worker-akka.actor.default-dispatcher-11] INFO  a.a.RepointableActorRef akka://worker/user/watcher - Stopped
15:16:33.154 [worker-akka.actor.default-dispatcher-3-EventThread] INFO  o.a.z.ClientCnxn  - EventThread shut down for session: 0x162724b934d000a
15:16:33.154 [worker-akka.actor.default-dispatcher-15] INFO  o.a.z.ZooKeeper  - Session: 0x162724b934d000a closed
15:16:33.166 [worker-akka.actor.default-dispatcher-18] INFO  a.r.RemoteActorRefProvider$RemotingTerminator akka://worker@10.0.0.27:5412/system/remoting-terminator - Shutting down remote daemon.
15:16:33.166 [worker-akka.actor.default-dispatcher-18] INFO  a.r.RemoteActorRefProvider$RemotingTerminator akka://worker@10.0.0.27:5412/system/remoting-terminator - Remote daemon shut down; proceeding with flushing remote transports.
15:16:34.334 [worker-akka.actor.default-dispatcher-6] INFO  a.r.RemoteActorRefProvider$RemotingTerminator akka://worker@10.0.0.27:5412/system/remoting-terminator - Remoting shut down.
Heap
 def new generation   total 153600K, used 103139K [0x00000000e0c00000, 0x00000000eb2a0000, 0x00000000eb2a0000)
  eden space 136576K,  68% used [0x00000000e0c00000, 0x00000000e67564f0, 0x00000000e9160000)
  from space 17024K,  56% used [0x00000000ea200000, 0x00000000eab629c8, 0x00000000eb2a0000)
  to   space 17024K,   0% used [0x00000000e9160000, 0x00000000e9160000, 0x00000000ea200000)
 tenured generation   total 341376K, used 213283K [0x00000000eb2a0000, 0x0000000100000000, 0x0000000100000000)
   the space 341376K,  62% used [0x00000000eb2a0000, 0x00000000f82e8d68, 0x00000000f82e8e00, 0x0000000100000000)
 Metaspace       used 34405K, capacity 35288K, committed 35456K, reserved 1079296K
  class space    used 4531K, capacity 4703K, committed 4736K, reserved 1048576K
