12:29:35.513 [worker-akka.actor.default-dispatcher-2] INFO  a.e.s.Slf4jLogger  - Slf4jLogger started
2018-02-19T12:29:35.692+0000: 2.686: [Full GC (Metadata GC Threshold) 2018-02-19T12:29:35.692+0000: 2.686: [Tenured: 0K->15492K(341376K), 0.0377486 secs] 117538K->15492K(494976K), [Metaspace: 20941K->20941K(1067008K)], 0.0378121 secs] [Times: user=0.03 sys=0.01, real=0.04 secs] 
Ama winner
Ama winner
12:29:36.147 [worker-akka.actor.default-dispatcher-2] INFO  a.r.a.ArteryTransport(akka://worker) akka.remote.artery.ArteryTransport(akka://worker) - Started embedded media driver in directory [/dev/shm/aeron-root-worker-6821f309-e4fa-44d1-8cc5-7aee3a744b3d]
12:29:36.364 [worker-akka.actor.default-dispatcher-2] INFO  a.r.a.ArteryTransport(akka://worker) akka.remote.artery.ArteryTransport(akka://worker) - Remoting started; listening on address: [akka://worker@172.31.47.100:5412] with UID [8753954870612502547]
12:29:36.466 [worker-akka.actor.default-dispatcher-2] INFO  o.a.z.ZooKeeper  - Client environment:zookeeper.version=3.4.9-1757313, built on 08/23/2016 06:50 GMT
12:29:36.466 [worker-akka.actor.default-dispatcher-2] INFO  o.a.z.ZooKeeper  - Client environment:host.name=ip-172-31-47-100.us-east-2.compute.internal
12:29:36.466 [worker-akka.actor.default-dispatcher-2] INFO  o.a.z.ZooKeeper  - Client environment:java.version=1.8.0_151
12:29:36.466 [worker-akka.actor.default-dispatcher-2] INFO  o.a.z.ZooKeeper  - Client environment:java.vendor=Oracle Corporation
12:29:36.466 [worker-akka.actor.default-dispatcher-2] INFO  o.a.z.ZooKeeper  - Client environment:java.home=/usr/lib/jvm/java-8-openjdk-amd64/jre
12:29:36.466 [worker-akka.actor.default-dispatcher-2] INFO  o.a.z.ZooKeeper  - Client environment:java.class.path=lib/commons-cli-1.4.jar:lib/minlog-1.3.0.jar:lib/asm-5.0.4.jar:lib/hadoop-annotations-2.7.3.jar:lib/hadoop-auth-2.7.3.jar:lib/akka-slf4j_2.11-2.5.6.jar:lib/jersey-core-1.9.jar:lib/lz4-1.3.0.jar:lib/jackson-core-asl-1.9.13.jar:lib/aeron-client-1.3.0.jar:lib/htrace-core-3.1.0-incubating.jar:lib/xz-1.0.jar:lib/commons-httpclient-3.1.jar:lib/asm-3.1.jar:lib/commons-lang3-3.4.jar:lib/scala-library-2.11.11.jar:lib/scala-java8-compat_2.11-0.7.0.jar:lib/commons-configuration-1.6.jar:lib/objenesis-2.1.jar:lib/jackson-annotations-2.8.0.jar:lib/jsr305-3.0.0.jar:lib/curator-framework-2.7.1.jar:lib/jersey-server-1.9.jar:lib/jets3t-0.9.0.jar:lib/leveldb-0.7.jar:lib/jetty-6.1.26.jar:lib/stax-api-1.0-2.jar:lib/flamestream-core-1.0-SNAPSHOT.jar:lib/reflectasm-1.07-shaded.jar:lib/apacheds-kerberos-codec-2.0.0-M15.jar:lib/api-asn1-api-1.0.0-M20.jar:lib/commons-lang-2.6.jar:lib/commons-beanutils-1.7.0.jar:lib/jackson-xc-1.8.3.jar:lib/jetty-util-6.1.26.jar:lib/logback-classic-1.2.3.jar:lib/jool-0.9.12.jar:lib/flamestream-runtime-1.0-SNAPSHOT-tests.jar:lib/httpcore-4.1.2.jar:lib/kryo-4.0.0.jar:lib/ant-1.8.1.jar:lib/jaxb-impl-2.2.3-1.jar:lib/jersey-json-1.9.jar:lib/commons-compress-1.4.1.jar:lib/leveldbjni-all-1.8.jar:lib/paranamer-2.3.jar:lib/jackson-core-2.8.4.jar:lib/commons-math3-3.6.1.jar:lib/scala-parser-combinators_2.11-1.0.4.jar:lib/netty-3.10.6.Final.jar:lib/trove4j-3.0.3.jar:lib/jaxb-api-2.2.2.jar:lib/logback-core-1.2.3.jar:lib/snappy-java-1.0.4.1.jar:lib/protobuf-java-2.5.0.jar:lib/reactive-streams-1.0.1.jar:lib/flamestream-examples-1.0-SNAPSHOT.jar:lib/commons-codec-1.4.jar:lib/activation-1.1.jar:lib/commons-net-3.1.jar:lib/curator-recipes-2.7.1.jar:lib/jackson-mapper-asl-1.9.13.jar:lib/jackson-databind-2.8.4.jar:lib/flamestream-runtime-1.0-SNAPSHOT.jar:lib/jackson-jaxrs-1.8.3.jar:lib/slf4j-api-1.7.24.jar:lib/akka-remote_2.11-2.5.6.jar:lib/akka-testkit_2.11-2.5.6.jar:lib/jline-0.9.94.jar:lib/akka-stream_2.11-2.5.6.jar:lib/jsp-api-2.1.jar:lib/kryonet-2.21.jar:lib/akka-kryo-serialization_2.11-0.5.0.jar:lib/config-1.3.1.jar:lib/ant-launcher-1.8.1.jar:lib/commons-logging-1.2.jar:lib/ssl-config-core_2.11-0.2.2.jar:lib/testng-6.10.jar:lib/leveldb-api-0.7.jar:lib/reflectasm-1.11.3.jar:lib/jcommander-1.48.jar:lib/commons-1.1.jar:lib/commons-digester-1.8.jar:lib/minlog-1.2.jar:lib/java-xmlbuilder-0.4.jar:lib/jettison-1.1.jar:lib/gson-2.2.4.jar:lib/jdk.tools-1.8.jar:lib/aeron-driver-1.3.0.jar:lib/zookeeper-3.4.9.jar:lib/commons-beanutils-core-1.8.0.jar:lib/commons-math3-3.1.1.jar:lib/akka-actor_2.11-2.5.6.jar:lib/curator-client-2.7.1.jar:lib/servlet-api-2.5.jar:lib/apacheds-i18n-2.0.0-M15.jar:lib/commons-io-2.4.jar:lib/commons-codec-1.6.jar:lib/akka-protobuf_2.11-2.5.6.jar:lib/protobuf-java-3.5.1.jar:lib/jdom-2.0.2.jar:lib/api-util-1.0.0-M20.jar:lib/hadoop-common-2.7.3.jar:lib/agrona-0.9.6.jar:lib/xmlenc-0.52.jar:lib/guava-21.0.jar:lib/commons-collections-3.2.2.jar:lib/avro-1.7.4.jar:lib/httpclient-4.1.2.jar:lib/flamestream-core-1.0-SNAPSHOT-tests.jar:lib/annotations-12.0.jar:lib/jsch-0.1.42.jar:flamestream-runtime-1.0-SNAPSHOT.jar
12:29:36.466 [worker-akka.actor.default-dispatcher-2] INFO  o.a.z.ZooKeeper  - Client environment:java.library.path=/usr/java/packages/lib/amd64:/usr/lib/x86_64-linux-gnu/jni:/lib/x86_64-linux-gnu:/usr/lib/x86_64-linux-gnu:/usr/lib/jni:/lib:/usr/lib
12:29:36.466 [worker-akka.actor.default-dispatcher-2] INFO  o.a.z.ZooKeeper  - Client environment:java.io.tmpdir=/tmp
12:29:36.466 [worker-akka.actor.default-dispatcher-2] INFO  o.a.z.ZooKeeper  - Client environment:java.compiler=<NA>
12:29:36.467 [worker-akka.actor.default-dispatcher-2] INFO  o.a.z.ZooKeeper  - Client environment:os.name=Linux
12:29:36.467 [worker-akka.actor.default-dispatcher-2] INFO  o.a.z.ZooKeeper  - Client environment:os.arch=amd64
12:29:36.467 [worker-akka.actor.default-dispatcher-2] INFO  o.a.z.ZooKeeper  - Client environment:os.version=4.4.0-1049-aws
12:29:36.467 [worker-akka.actor.default-dispatcher-2] INFO  o.a.z.ZooKeeper  - Client environment:user.name=root
12:29:36.468 [worker-akka.actor.default-dispatcher-2] INFO  o.a.z.ZooKeeper  - Client environment:user.home=/root
12:29:36.469 [worker-akka.actor.default-dispatcher-2] INFO  o.a.z.ZooKeeper  - Client environment:user.dir=/opt/flamestream
12:29:36.472 [worker-akka.actor.default-dispatcher-2] INFO  o.a.z.ZooKeeper  - Initiating client connection, connectString=172.31.34.147:2181 sessionTimeout=5000 watcher=com.spbsu.flamestream.runtime.application.LifecycleWatcher$$Lambda$29/2091173542@1b48f905
12:29:36.507 [worker-akka.actor.default-dispatcher-2] INFO  a.a.RepointableActorRef akka://worker/user/watcher - Starting...
12:29:36.511 [worker-akka.actor.default-dispatcher-2-SendThread(172.31.34.147:2181)] INFO  o.a.z.ClientCnxn  - Opening socket connection to server 172.31.34.147/172.31.34.147:2181. Will not attempt to authenticate using SASL (unknown error)
12:29:36.515 [worker-akka.actor.default-dispatcher-2-SendThread(172.31.34.147:2181)] INFO  o.a.z.ClientCnxn  - Socket connection established to 172.31.34.147/172.31.34.147:2181, initiating session
12:29:36.523 [worker-akka.actor.default-dispatcher-2-SendThread(172.31.34.147:2181)] INFO  o.a.z.ClientCnxn  - Session establishment complete on server 172.31.34.147/172.31.34.147:2181, sessionid = 0x161ae09abc60005, negotiated timeout = 6000
12:29:36.619 [worker-akka.actor.default-dispatcher-2] INFO  a.a.RepointableActorRef akka://worker/user/watcher - Connected to ZK
12:29:46.738 [worker-akka.actor.default-dispatcher-2] INFO  a.a.RepointableActorRef akka://worker/user/watcher - Creating node with watchGraphs: 'com.spbsu.flamestream.core.Graph$Builder$MyGraph@22aae96d', config: 'ClusterConfig{paths={172.31.33.155=akka://worker@172.31.33.155:5412/user/watcher/graph0000000000, 172.31.47.83=akka://worker@172.31.47.83:5412/user/watcher/graph0000000000, 172.31.45.197=akka://worker@172.31.45.197:5412/user/watcher/graph0000000000, 172.31.42.36=akka://worker@172.31.42.36:5412/user/watcher/graph0000000000, 172.31.44.83=akka://worker@172.31.44.83:5412/user/watcher/graph0000000000, 172.31.39.64=akka://worker@172.31.39.64:5412/user/watcher/graph0000000000, 172.31.35.79=akka://worker@172.31.35.79:5412/user/watcher/graph0000000000, 172.31.34.169=akka://worker@172.31.34.169:5412/user/watcher/graph0000000000, 172.31.47.100=akka://worker@172.31.47.100:5412/user/watcher/graph0000000000, 172.31.37.101=akka://worker@172.31.37.101:5412/user/watcher/graph0000000000}, ackerLocation='172.31.35.79', props=ComputationLayout{ranges={172.31.33.155=HashRange{from=-1670265060, to=-1193046472}, 172.31.47.83=HashRange{from=1670265056, to=2147483644}, 172.31.45.197=HashRange{from=-715827884, to=-238609296}, 172.31.42.36=HashRange{from=1193046468, to=1670265056}, 172.31.44.83=HashRange{from=-238609296, to=238609292}, 172.31.39.64=HashRange{from=715827880, to=1193046468}, 172.31.35.79=HashRange{from=0, to=0}, 172.31.34.169=HashRange{from=-2147483648, to=-1670265060}, 172.31.47.100=HashRange{from=238609292, to=715827880}, 172.31.37.101=HashRange{from=-1193046472, to=-715827884}}}}'
12:29:47.580 [worker-akka.actor.default-dispatcher-2] INFO  a.a.LocalActorRef akka://worker/user/watcher/graph0000000000/graph - Starting...
12:29:47.582 [worker-akka.actor.default-dispatcher-2] INFO  a.a.LocalActorRef akka://worker/user/watcher/graph0000000000/graph/local-acker/$a - Starting...
12:29:47.583 [worker-akka.actor.default-dispatcher-2] INFO  a.a.LocalActorRef akka://worker/user/watcher/graph0000000000/graph/local-acker - Starting...
Warning: space is running low in /dev/shm (tmpfs) threshold=167,772,160 usable=158,621,696
Warning: space is running low in /dev/shm (tmpfs) threshold=167,772,160 usable=146,034,688
Warning: space is running low in /dev/shm (tmpfs) threshold=167,772,160 usable=133,447,680
Warning: space is running low in /dev/shm (tmpfs) threshold=167,772,160 usable=120,860,672
Warning: space is running low in /dev/shm (tmpfs) threshold=167,772,160 usable=108,273,664
Warning: space is running low in /dev/shm (tmpfs) threshold=167,772,160 usable=95,686,656
Warning: space is running low in /dev/shm (tmpfs) threshold=167,772,160 usable=83,099,648
Warning: space is running low in /dev/shm (tmpfs) threshold=167,772,160 usable=70,512,640
12:29:49.329 [worker-akka.actor.default-dispatcher-2] INFO  a.a.LocalActorRef akka://worker/user/watcher/graph0000000000/graph - Finishing constructor
12:29:49.330 [worker-akka.actor.default-dispatcher-2] INFO  a.a.LocalActorRef akka://worker/user/watcher/graph0000000000 - Starting...
12:29:49.394 [worker-akka.actor.default-dispatcher-2] INFO  a.a.LocalActorRef akka://worker/user/watcher/graph0000000000/negotiator - Starting...
12:29:49.396 [worker-akka.actor.default-dispatcher-2] INFO  a.a.LocalActorRef akka://worker/user/watcher/graph0000000000/edge - Starting...
12:29:49.397 [worker-akka.actor.default-dispatcher-2] INFO  a.a.LocalActorRef akka://worker/user/watcher/graph0000000000/graph/$a - Starting...
12:29:49.398 [worker-akka.actor.default-dispatcher-2] INFO  a.a.LocalActorRef akka://worker/user/watcher/graph0000000000/graph/$b - Starting...
12:29:49.399 [worker-akka.actor.default-dispatcher-2] INFO  a.a.LocalActorRef akka://worker/user/watcher/graph0000000000/graph/$c - Starting...
12:29:49.428 [worker-akka.actor.default-dispatcher-2] INFO  c.s.f.r.e.s.SocketRear  - FlameSocketGraphDeployerRear@172.31.47.100: connecting to 172.31.34.147:5678
12:29:49.436 [worker-akka.actor.default-dispatcher-2] INFO  c.s.f.r.e.s.SocketRear  - FlameSocketGraphDeployerRear@172.31.47.100: connected to 172.31.34.147:5678
12:29:49.462 [worker-akka.actor.default-dispatcher-2] INFO  a.a.LocalActorRef akka://worker/user/watcher/graph0000000000/edge/FlameSocketGraphDeployerRear - Starting...
12:29:49.463 [worker-akka.actor.default-dispatcher-2] INFO  a.a.LocalActorRef akka://worker/user/watcher/graph0000000000/edge/FlameSocketGraphDeployerFront - Starting...
12:29:49.464 [worker-akka.actor.default-dispatcher-2] INFO  a.a.LocalActorRef akka://worker/user/watcher/graph0000000000/negotiator - Requesting ticket for the frontClass FlameSocketGraphDeployerFront@172.31.47.100
12:29:49.476 [worker-akka.actor.default-dispatcher-2] INFO  a.a.LocalActorRef akka://worker/user/watcher/graph0000000000/negotiator - Ticket for the frontClass received: FrontTicket{allowedTimestamp=(1519043386735, FlameSocketGraphDeployerFront@172.31.47.100)}
12:29:49.477 [worker-akka.actor.default-dispatcher-2] INFO  c.s.f.r.e.s.SocketFront  - FlameSocketGraphDeployerFront@172.31.47.100: connecting to 172.31.34.147:4567
12:29:49.498 [Client] INFO  c.s.f.r.e.s.SocketFront  - FlameSocketGraphDeployerFront@172.31.47.100 has been disconnected from Connection 9
2018-02-19T12:29:54.019+0000: 21.013: [GC (Allocation Failure) 2018-02-19T12:29:54.019+0000: 21.013: [DefNew: 136576K->15216K(153600K), 0.0271188 secs] 152068K->50239K(494976K), 0.0272050 secs] [Times: user=0.01 sys=0.01, real=0.03 secs] 
2018-02-19T12:30:24.396+0000: 51.390: [GC (Allocation Failure) 2018-02-19T12:30:24.396+0000: 51.391: [DefNew: 151792K->3443K(153600K), 0.0168633 secs] 186815K->45990K(494976K), 0.0169320 secs] [Times: user=0.01 sys=0.00, real=0.02 secs] 
2018-02-19T12:30:58.841+0000: 85.836: [GC (Allocation Failure) 2018-02-19T12:30:58.841+0000: 85.836: [DefNew: 140019K->5826K(153600K), 0.0123995 secs] 182566K->48373K(494976K), 0.0124768 secs] [Times: user=0.01 sys=0.00, real=0.01 secs] 
2018-02-19T12:31:33.407+0000: 120.402: [GC (Allocation Failure) 2018-02-19T12:31:33.408+0000: 120.402: [DefNew: 142402K->7469K(153600K), 0.0164815 secs] 184949K->50016K(494976K), 0.0165466 secs] [Times: user=0.01 sys=0.00, real=0.01 secs] 
2018-02-19T12:31:57.431+0000: 144.426: [GC (Allocation Failure) 2018-02-19T12:31:57.431+0000: 144.426: [DefNew: 144045K->9389K(153600K), 0.0157211 secs] 186592K->51936K(494976K), 0.0157814 secs] [Times: user=0.01 sys=0.00, real=0.02 secs] 
2018-02-19T12:32:28.180+0000: 175.175: [GC (Allocation Failure) 2018-02-19T12:32:28.180+0000: 175.175: [DefNew: 145965K->9054K(153600K), 0.0174947 secs] 188512K->53035K(494976K), 0.0175737 secs] [Times: user=0.01 sys=0.01, real=0.02 secs] 
2018-02-19T12:32:57.378+0000: 204.373: [GC (Allocation Failure) 2018-02-19T12:32:57.378+0000: 204.373: [DefNew: 145630K->8687K(153600K), 0.0170750 secs] 189611K->53994K(494976K), 0.0171382 secs] [Times: user=0.01 sys=0.00, real=0.01 secs] 
2018-02-19T12:33:39.883+0000: 246.877: [GC (Allocation Failure) 2018-02-19T12:33:39.883+0000: 246.877: [DefNew: 145263K->8948K(153600K), 0.0196424 secs] 190570K->55555K(494976K), 0.0197091 secs] [Times: user=0.01 sys=0.01, real=0.02 secs] 
2018-02-19T12:34:09.358+0000: 276.352: [GC (Allocation Failure) 2018-02-19T12:34:09.358+0000: 276.352: [DefNew: 145524K->8795K(153600K), 0.0161117 secs] 192131K->56865K(494976K), 0.0161736 secs] [Times: user=0.01 sys=0.00, real=0.01 secs] 
2018-02-19T12:34:38.290+0000: 305.285: [GC (Allocation Failure) 2018-02-19T12:34:38.290+0000: 305.285: [DefNew: 145371K->8496K(153600K), 0.0157740 secs] 193441K->57630K(494976K), 0.0158393 secs] [Times: user=0.01 sys=0.00, real=0.02 secs] 
2018-02-19T12:35:20.188+0000: 347.183: [GC (Allocation Failure) 2018-02-19T12:35:20.188+0000: 347.183: [DefNew: 145072K->9937K(153600K), 0.0155787 secs] 194206K->59071K(494976K), 0.0156437 secs] [Times: user=0.01 sys=0.00, real=0.01 secs] 
2018-02-19T12:35:49.882+0000: 376.877: [GC (Allocation Failure) 2018-02-19T12:35:49.882+0000: 376.877: [DefNew: 146513K->8317K(153600K), 0.0175441 secs] 195647K->60109K(494976K), 0.0176087 secs] [Times: user=0.02 sys=0.00, real=0.02 secs] 
2018-02-19T12:36:29.169+0000: 416.164: [GC (Allocation Failure) 2018-02-19T12:36:29.169+0000: 416.164: [DefNew: 144893K->9843K(153600K), 0.0156279 secs] 196685K->61635K(494976K), 0.0157213 secs] [Times: user=0.01 sys=0.00, real=0.01 secs] 
2018-02-19T12:36:56.201+0000: 443.195: [GC (Allocation Failure) 2018-02-19T12:36:56.201+0000: 443.195: [DefNew: 146419K->10006K(153600K), 0.0188137 secs] 198211K->63827K(494976K), 0.0188735 secs] [Times: user=0.02 sys=0.00, real=0.02 secs] 
2018-02-19T12:37:34.121+0000: 481.116: [GC (Allocation Failure) 2018-02-19T12:37:34.121+0000: 481.116: [DefNew: 146582K->7688K(153600K), 0.0218502 secs] 200403K->63889K(494976K), 0.0219192 secs] [Times: user=0.02 sys=0.01, real=0.02 secs] 
2018-02-19T12:38:05.897+0000: 512.891: [GC (Allocation Failure) 2018-02-19T12:38:05.897+0000: 512.891: [DefNew: 144264K->8911K(153600K), 0.0142017 secs] 200465K->65113K(494976K), 0.0142728 secs] [Times: user=0.01 sys=0.00, real=0.02 secs] 
2018-02-19T12:38:40.956+0000: 547.950: [GC (Allocation Failure) 2018-02-19T12:38:40.956+0000: 547.950: [DefNew: 145487K->9426K(153600K), 0.0173212 secs] 201689K->66717K(494976K), 0.0173884 secs] [Times: user=0.02 sys=0.00, real=0.02 secs] 
2018-02-19T12:39:14.721+0000: 581.716: [GC (Allocation Failure) 2018-02-19T12:39:14.721+0000: 581.716: [DefNew: 146002K->9542K(153600K), 0.0170066 secs] 203293K->67930K(494976K), 0.0170707 secs] [Times: user=0.02 sys=0.00, real=0.02 secs] 
2018-02-19T12:39:52.236+0000: 619.231: [GC (Allocation Failure) 2018-02-19T12:39:52.236+0000: 619.231: [DefNew: 146118K->9495K(153600K), 0.0172249 secs] 204506K->69064K(494976K), 0.0173001 secs] [Times: user=0.02 sys=0.00, real=0.02 secs] 
2018-02-19T12:40:23.823+0000: 650.818: [GC (Allocation Failure) 2018-02-19T12:40:23.823+0000: 650.818: [DefNew: 146071K->9498K(153600K), 0.0164448 secs] 205640K->70086K(494976K), 0.0165191 secs] [Times: user=0.02 sys=0.00, real=0.02 secs] 
2018-02-19T12:40:54.952+0000: 681.946: [GC (Allocation Failure) 2018-02-19T12:40:54.952+0000: 681.947: [DefNew: 146074K->9701K(153600K), 0.0203317 secs] 206662K->71434K(494976K), 0.0204037 secs] [Times: user=0.02 sys=0.00, real=0.02 secs] 
2018-02-19T12:41:21.936+0000: 708.931: [GC (Allocation Failure) 2018-02-19T12:41:21.936+0000: 708.931: [DefNew: 146277K->9712K(153600K), 0.0187695 secs] 208010K->72612K(494976K), 0.0188359 secs] [Times: user=0.01 sys=0.00, real=0.02 secs] 
2018-02-19T12:41:50.958+0000: 737.952: [GC (Allocation Failure) 2018-02-19T12:41:50.958+0000: 737.952: [DefNew: 146288K->9510K(153600K), 0.0178508 secs] 209188K->74526K(494976K), 0.0179172 secs] [Times: user=0.02 sys=0.00, real=0.01 secs] 
2018-02-19T12:42:18.405+0000: 765.399: [GC (Allocation Failure) 2018-02-19T12:42:18.405+0000: 765.399: [DefNew: 146086K->9743K(153600K), 0.0165594 secs] 211102K->76098K(494976K), 0.0166330 secs] [Times: user=0.01 sys=0.00, real=0.02 secs] 
2018-02-19T12:42:47.642+0000: 794.636: [GC (Allocation Failure) 2018-02-19T12:42:47.642+0000: 794.636: [DefNew: 146319K->9527K(153600K), 0.0173520 secs] 212674K->77109K(494976K), 0.0174174 secs] [Times: user=0.01 sys=0.01, real=0.02 secs] 
2018-02-19T12:43:21.709+0000: 828.703: [GC (Allocation Failure) 2018-02-19T12:43:21.709+0000: 828.703: [DefNew: 146103K->9090K(153600K), 0.0176038 secs] 213685K->78551K(494976K), 0.0176692 secs] [Times: user=0.02 sys=0.00, real=0.02 secs] 
2018-02-19T12:43:51.017+0000: 858.012: [GC (Allocation Failure) 2018-02-19T12:43:51.017+0000: 858.012: [DefNew: 145666K->9112K(153600K), 0.0161481 secs] 215127K->79785K(494976K), 0.0162081 secs] [Times: user=0.01 sys=0.01, real=0.02 secs] 
2018-02-19T12:44:19.648+0000: 886.643: [GC (Allocation Failure) 2018-02-19T12:44:19.648+0000: 886.643: [DefNew: 145688K->9197K(153600K), 0.0159807 secs] 216361K->80994K(494976K), 0.0160423 secs] [Times: user=0.01 sys=0.00, real=0.01 secs] 
2018-02-19T12:44:53.479+0000: 920.474: [GC (Allocation Failure) 2018-02-19T12:44:53.479+0000: 920.474: [DefNew: 145773K->9443K(153600K), 0.0184362 secs] 217570K->82533K(494976K), 0.0185020 secs] [Times: user=0.02 sys=0.00, real=0.02 secs] 
2018-02-19T12:45:21.716+0000: 948.711: [GC (Allocation Failure) 2018-02-19T12:45:21.716+0000: 948.711: [DefNew: 146019K->9890K(153600K), 0.0160307 secs] 219109K->84073K(494976K), 0.0160965 secs] [Times: user=0.01 sys=0.00, real=0.02 secs] 
2018-02-19T12:45:55.265+0000: 982.260: [GC (Allocation Failure) 2018-02-19T12:45:55.265+0000: 982.260: [DefNew: 146466K->8860K(153600K), 0.0171086 secs] 220649K->85568K(494976K), 0.0171965 secs] [Times: user=0.02 sys=0.00, real=0.02 secs] 
2018-02-19T12:46:23.790+0000: 1010.785: [GC (Allocation Failure) 2018-02-19T12:46:23.790+0000: 1010.785: [DefNew: 145436K->8581K(153600K), 0.0194499 secs] 222144K->87141K(494976K), 0.0195113 secs] [Times: user=0.01 sys=0.01, real=0.02 secs] 
2018-02-19T12:46:50.992+0000: 1037.987: [GC (Allocation Failure) 2018-02-19T12:46:50.992+0000: 1037.987: [DefNew: 145157K->8555K(153600K), 0.0171061 secs] 223717K->88606K(494976K), 0.0171734 secs] [Times: user=0.02 sys=0.00, real=0.02 secs] 
2018-02-19T12:47:20.544+0000: 1067.539: [GC (Allocation Failure) 2018-02-19T12:47:20.544+0000: 1067.539: [DefNew: 145131K->8941K(153600K), 0.0166997 secs] 225182K->90315K(494976K), 0.0167857 secs] [Times: user=0.01 sys=0.00, real=0.02 secs] 
2018-02-19T12:47:50.361+0000: 1097.356: [GC (Allocation Failure) 2018-02-19T12:47:50.361+0000: 1097.356: [DefNew: 145517K->8970K(153600K), 0.0149845 secs] 226891K->91779K(494976K), 0.0150478 secs] [Times: user=0.01 sys=0.01, real=0.01 secs] 
2018-02-19T12:48:15.625+0000: 1122.620: [GC (Allocation Failure) 2018-02-19T12:48:15.625+0000: 1122.620: [DefNew: 145546K->8200K(153600K), 0.0161459 secs] 228355K->92676K(494976K), 0.0162083 secs] [Times: user=0.01 sys=0.01, real=0.02 secs] 
2018-02-19T12:48:43.055+0000: 1150.050: [GC (Allocation Failure) 2018-02-19T12:48:43.055+0000: 1150.050: [DefNew: 144776K->10016K(153600K), 0.0143575 secs] 229252K->94492K(494976K), 0.0144226 secs] [Times: user=0.01 sys=0.00, real=0.02 secs] 
2018-02-19T12:49:17.831+0000: 1184.826: [GC (Allocation Failure) 2018-02-19T12:49:17.831+0000: 1184.826: [DefNew: 146592K->9461K(153600K), 0.0183420 secs] 231068K->96130K(494976K), 0.0184186 secs] [Times: user=0.02 sys=0.00, real=0.02 secs] 
2018-02-19T12:49:51.021+0000: 1218.016: [GC (Allocation Failure) 2018-02-19T12:49:51.021+0000: 1218.016: [DefNew: 146037K->9769K(153600K), 0.0172149 secs] 232706K->97799K(494976K), 0.0172791 secs] [Times: user=0.01 sys=0.00, real=0.02 secs] 
2018-02-19T12:50:19.558+0000: 1246.552: [GC (Allocation Failure) 2018-02-19T12:50:19.558+0000: 1246.552: [DefNew: 146345K->9855K(153600K), 0.0177374 secs] 234375K->99504K(494976K), 0.0178248 secs] [Times: user=0.01 sys=0.00, real=0.01 secs] 
2018-02-19T12:50:50.392+0000: 1277.386: [GC (Allocation Failure) 2018-02-19T12:50:50.392+0000: 1277.387: [DefNew: 146431K->9824K(153600K), 0.0164576 secs] 236080K->100867K(494976K), 0.0165217 secs] [Times: user=0.00 sys=0.01, real=0.02 secs] 
12:51:12.882 [Client] INFO  c.s.f.r.e.s.SocketRear  - FlameSocketGraphDeployerRear@172.31.47.100: has been disconnected from Connection 9
12:51:26.685 [worker-akka.actor.default-dispatcher-2] INFO  a.a.CoordinatedShutdown CoordinatedShutdown(akka://worker) - Starting coordinated shutdown from JVM shutdown hook
12:51:26.733 [worker-akka.actor.default-dispatcher-2] INFO  a.a.LocalActorRef akka://worker/user/watcher/graph0000000000/negotiator - Stopped
12:51:26.733 [worker-akka.actor.default-dispatcher-2] INFO  a.a.LocalActorRef akka://worker/user/watcher/graph0000000000/edge/FlameSocketGraphDeployerFront - Stopped
12:51:26.734 [worker-akka.actor.default-dispatcher-2] INFO  a.a.LocalActorRef akka://worker/user/watcher/graph0000000000/edge/FlameSocketGraphDeployerRear - Stopped
12:51:26.735 [worker-akka.actor.default-dispatcher-2] INFO  a.a.LocalActorRef akka://worker/user/watcher/graph0000000000/graph/$a - Stopped
12:51:26.737 [worker-akka.actor.default-dispatcher-2] INFO  a.a.LocalActorRef akka://worker/user/watcher/graph0000000000/graph/$b - Stopped
12:51:26.738 [worker-akka.actor.default-dispatcher-2] INFO  a.a.LocalActorRef akka://worker/user/watcher/graph0000000000/graph/$c - Stopped
12:51:26.738 [worker-akka.actor.default-dispatcher-2] INFO  a.a.LocalActorRef akka://worker/user/watcher/graph0000000000/graph/local-acker/$a - Stopped
12:51:26.745 [worker-akka.actor.default-dispatcher-2] INFO  a.a.LocalActorRef akka://worker/user/watcher/graph0000000000/edge - Stopped
12:51:26.745 [worker-akka.actor.default-dispatcher-2] INFO  a.a.LocalActorRef akka://worker/user/watcher/graph0000000000/graph/local-acker/$a - Message [com.spbsu.flamestream.runtime.utils.akka.PingActor$InnerPing] from Actor[akka://worker/user/watcher/graph0000000000/graph/local-acker/$a#1089705342] to Actor[akka://worker/user/watcher/graph0000000000/graph/local-acker/$a#1089705342] was not delivered. [1] dead letters encountered. This logging can be turned off or adjusted with configuration settings 'akka.log-dead-letters' and 'akka.log-dead-letters-during-shutdown'.
12:51:26.745 [worker-akka.actor.default-dispatcher-2] INFO  a.a.LocalActorRef akka://worker/user/watcher/graph0000000000/graph/local-acker - Stopped
12:51:26.751 [worker-akka.actor.default-dispatcher-2] INFO  a.a.LocalActorRef akka://worker/user/watcher/graph0000000000/graph/local-acker/$a - Message [com.spbsu.flamestream.runtime.utils.akka.PingActor$Stop] from Actor[akka://worker/user/watcher/graph0000000000/graph/local-acker#1413980576] to Actor[akka://worker/user/watcher/graph0000000000/graph/local-acker/$a#1089705342] was not delivered. [2] dead letters encountered. This logging can be turned off or adjusted with configuration settings 'akka.log-dead-letters' and 'akka.log-dead-letters-during-shutdown'.
12:51:26.753 [worker-akka.actor.default-dispatcher-2] INFO  a.a.LocalActorRef akka://worker/user/watcher/graph0000000000/graph/local-acker - Message [com.spbsu.flamestream.runtime.acker.LocalAcker$Flush] from Actor[akka://worker/user/watcher/graph0000000000/graph/local-acker#1413980576] to Actor[akka://worker/user/watcher/graph0000000000/graph/local-acker#1413980576] was not delivered. [3] dead letters encountered. This logging can be turned off or adjusted with configuration settings 'akka.log-dead-letters' and 'akka.log-dead-letters-during-shutdown'.
12:51:26.753 [worker-akka.actor.default-dispatcher-2] INFO  a.a.LocalActorRef akka://worker/user/watcher/graph0000000000/graph/local-acker - Message [com.spbsu.flamestream.runtime.acker.LocalAcker$Flush] from Actor[akka://worker/user/watcher/graph0000000000/graph/local-acker#1413980576] to Actor[akka://worker/user/watcher/graph0000000000/graph/local-acker#1413980576] was not delivered. [4] dead letters encountered. This logging can be turned off or adjusted with configuration settings 'akka.log-dead-letters' and 'akka.log-dead-letters-during-shutdown'.
12:51:26.754 [worker-akka.actor.default-dispatcher-2] INFO  a.a.LocalActorRef akka://worker/user/watcher/graph0000000000/graph/local-acker - Message [com.spbsu.flamestream.runtime.acker.LocalAcker$Flush] from Actor[akka://worker/user/watcher/graph0000000000/graph/local-acker#1413980576] to Actor[akka://worker/user/watcher/graph0000000000/graph/local-acker#1413980576] was not delivered. [5] dead letters encountered. This logging can be turned off or adjusted with configuration settings 'akka.log-dead-letters' and 'akka.log-dead-letters-during-shutdown'.
12:51:26.755 [worker-akka.actor.default-dispatcher-2] INFO  a.a.LocalActorRef akka://worker/user/watcher/graph0000000000/graph/local-acker - Message [com.spbsu.flamestream.runtime.acker.LocalAcker$Flush] from Actor[akka://worker/user/watcher/graph0000000000/graph/local-acker#1413980576] to Actor[akka://worker/user/watcher/graph0000000000/graph/local-acker#1413980576] was not delivered. [6] dead letters encountered. This logging can be turned off or adjusted with configuration settings 'akka.log-dead-letters' and 'akka.log-dead-letters-during-shutdown'.
12:51:26.756 [worker-akka.actor.default-dispatcher-2] INFO  a.a.LocalActorRef akka://worker/user/watcher/graph0000000000/graph/local-acker - Message [com.spbsu.flamestream.runtime.acker.LocalAcker$Flush] from Actor[akka://worker/user/watcher/graph0000000000/graph/local-acker#1413980576] to Actor[akka://worker/user/watcher/graph0000000000/graph/local-acker#1413980576] was not delivered. [7] dead letters encountered. This logging can be turned off or adjusted with configuration settings 'akka.log-dead-letters' and 'akka.log-dead-letters-during-shutdown'.
12:51:26.756 [worker-akka.actor.default-dispatcher-2] INFO  a.a.LocalActorRef akka://worker/user/watcher/graph0000000000/graph/local-acker - Message [com.spbsu.flamestream.runtime.acker.LocalAcker$Flush] from Actor[akka://worker/user/watcher/graph0000000000/graph/local-acker#1413980576] to Actor[akka://worker/user/watcher/graph0000000000/graph/local-acker#1413980576] was not delivered. [8] dead letters encountered. This logging can be turned off or adjusted with configuration settings 'akka.log-dead-letters' and 'akka.log-dead-letters-during-shutdown'.
12:51:26.757 [worker-akka.actor.default-dispatcher-2] INFO  a.a.LocalActorRef akka://worker/user/watcher/graph0000000000/graph/local-acker - Message [com.spbsu.flamestream.runtime.acker.LocalAcker$Flush] from Actor[akka://worker/user/watcher/graph0000000000/graph/local-acker#1413980576] to Actor[akka://worker/user/watcher/graph0000000000/graph/local-acker#1413980576] was not delivered. [9] dead letters encountered. This logging can be turned off or adjusted with configuration settings 'akka.log-dead-letters' and 'akka.log-dead-letters-during-shutdown'.
12:51:26.758 [worker-akka.actor.default-dispatcher-2] INFO  a.a.LocalActorRef akka://worker/user/watcher/graph0000000000/graph/local-acker - Message [com.spbsu.flamestream.runtime.acker.LocalAcker$Flush] from Actor[akka://worker/user/watcher/graph0000000000/graph/local-acker#1413980576] to Actor[akka://worker/user/watcher/graph0000000000/graph/local-acker#1413980576] was not delivered. [10] dead letters encountered. This logging can be turned off or adjusted with configuration settings 'akka.log-dead-letters' and 'akka.log-dead-letters-during-shutdown'.
12:51:26.760 [worker-akka.actor.default-dispatcher-2] INFO  a.a.LocalActorRef akka://worker/user/watcher/graph0000000000/graph/local-acker - Message [com.spbsu.flamestream.runtime.acker.LocalAcker$Flush] from Actor[akka://worker/user/watcher/graph0000000000/graph/local-acker#1413980576] to Actor[akka://worker/user/watcher/graph0000000000/graph/local-acker#1413980576] was not delivered. [11] dead letters encountered. This logging can be turned off or adjusted with configuration settings 'akka.log-dead-letters' and 'akka.log-dead-letters-during-shutdown'.
12:51:26.763 [worker-akka.actor.default-dispatcher-2-EventThread] INFO  o.a.z.ClientCnxn  - EventThread shut down for session: 0x161ae09abc60005
12:51:26.763 [worker-akka.actor.default-dispatcher-2] INFO  o.a.z.ZooKeeper  - Session: 0x161ae09abc60005 closed
12:51:26.764 [worker-akka.actor.default-dispatcher-2] INFO  a.a.LocalActorRef akka://worker/user/watcher/graph0000000000/graph - Stopped
12:51:26.764 [worker-akka.actor.default-dispatcher-2] INFO  a.a.LocalActorRef akka://worker/user/watcher/graph0000000000 - Stopped
12:51:26.764 [worker-akka.actor.default-dispatcher-2] INFO  a.a.RepointableActorRef akka://worker/user/watcher - Stopped
12:51:26.779 [worker-akka.actor.default-dispatcher-2] INFO  a.r.RemoteActorRefProvider$RemotingTerminator akka://worker@172.31.47.100:5412/system/remoting-terminator - Shutting down remote daemon.
12:51:26.782 [worker-akka.actor.default-dispatcher-2] INFO  a.r.RemoteActorRefProvider$RemotingTerminator akka://worker@172.31.47.100:5412/system/remoting-terminator - Remote daemon shut down; proceeding with flushing remote transports.
12:51:27.003 [worker-akka.actor.default-dispatcher-2] INFO  a.r.RemoteActorRefProvider$RemotingTerminator akka://worker@172.31.47.100:5412/system/remoting-terminator - Remoting shut down.
Heap
 def new generation   total 153600K, used 137586K [0x00000000e0c00000, 0x00000000eb2a0000, 0x00000000eb2a0000)
  eden space 136576K,  93% used [0x00000000e0c00000, 0x00000000e88c4a50, 0x00000000e9160000)
  from space 17024K,  57% used [0x00000000ea200000, 0x00000000eab98150, 0x00000000eb2a0000)
  to   space 17024K,   0% used [0x00000000e9160000, 0x00000000e9160000, 0x00000000ea200000)
 tenured generation   total 341376K, used 91043K [0x00000000eb2a0000, 0x0000000100000000, 0x0000000100000000)
   the space 341376K,  26% used [0x00000000eb2a0000, 0x00000000f0b88e70, 0x00000000f0b89000, 0x0000000100000000)
 Metaspace       used 33600K, capacity 34362K, committed 34688K, reserved 1079296K
  class space    used 4458K, capacity 4624K, committed 4736K, reserved 1048576K
