15:18:48.625 [main] INFO  c.s.f.r.a.WorkerApplication  - Started embedded media driver in directory [/dev/shm/aeron-951cce20-725c-48cd-a07c-4925162a4d2c]
15:18:48.630 [main] INFO  c.s.f.r.a.WorkerApplication  - Starting worker with id: '172.31.42.36', host: '172.31.42.36:5412', zkString: '172.31.34.147:2181'
15:18:49.517 [worker-akka.actor.default-dispatcher-2] INFO  a.e.s.Slf4jLogger  - Slf4jLogger started
2018-02-15T15:18:49.581+0000: 2.373: [Full GC (Metadata GC Threshold) 2018-02-15T15:18:49.581+0000: 2.373: [Tenured: 0K->15260K(341376K), 0.0382914 secs] 114798K->15260K(494976K), [Metaspace: 20888K->20888K(1067008K)], 0.0383694 secs] [Times: user=0.03 sys=0.00, real=0.04 secs] 
15:18:50.182 [worker-akka.actor.default-dispatcher-2] INFO  a.r.a.ArteryTransport(akka://worker) akka.remote.artery.ArteryTransport(akka://worker) - Remoting started; listening on address: [akka://worker@172.31.42.36:5412] with UID [-7800649282705468605]
15:18:50.278 [worker-akka.actor.default-dispatcher-2] INFO  o.a.z.ZooKeeper  - Client environment:zookeeper.version=3.4.9-1757313, built on 08/23/2016 06:50 GMT
15:18:50.279 [worker-akka.actor.default-dispatcher-2] INFO  o.a.z.ZooKeeper  - Client environment:host.name=ip-172-31-42-36.us-east-2.compute.internal
15:18:50.279 [worker-akka.actor.default-dispatcher-2] INFO  o.a.z.ZooKeeper  - Client environment:java.version=1.8.0_151
15:18:50.279 [worker-akka.actor.default-dispatcher-2] INFO  o.a.z.ZooKeeper  - Client environment:java.vendor=Oracle Corporation
15:18:50.279 [worker-akka.actor.default-dispatcher-2] INFO  o.a.z.ZooKeeper  - Client environment:java.home=/usr/lib/jvm/java-8-openjdk-amd64/jre
15:18:50.279 [worker-akka.actor.default-dispatcher-2] INFO  o.a.z.ZooKeeper  - Client environment:java.class.path=lib/commons-cli-1.4.jar:lib/minlog-1.3.0.jar:lib/asm-5.0.4.jar:lib/hadoop-annotations-2.7.3.jar:lib/hadoop-auth-2.7.3.jar:lib/akka-slf4j_2.11-2.5.6.jar:lib/jersey-core-1.9.jar:lib/lz4-1.3.0.jar:lib/jackson-core-asl-1.9.13.jar:lib/aeron-client-1.3.0.jar:lib/htrace-core-3.1.0-incubating.jar:lib/xz-1.0.jar:lib/commons-httpclient-3.1.jar:lib/asm-3.1.jar:lib/commons-lang3-3.4.jar:lib/scala-library-2.11.11.jar:lib/scala-java8-compat_2.11-0.7.0.jar:lib/commons-configuration-1.6.jar:lib/objenesis-2.1.jar:lib/jackson-annotations-2.8.0.jar:lib/jsr305-3.0.0.jar:lib/curator-framework-2.7.1.jar:lib/jersey-server-1.9.jar:lib/jets3t-0.9.0.jar:lib/leveldb-0.7.jar:lib/jetty-6.1.26.jar:lib/stax-api-1.0-2.jar:lib/flamestream-core-1.0-SNAPSHOT.jar:lib/reflectasm-1.07-shaded.jar:lib/apacheds-kerberos-codec-2.0.0-M15.jar:lib/api-asn1-api-1.0.0-M20.jar:lib/commons-lang-2.6.jar:lib/commons-beanutils-1.7.0.jar:lib/jackson-xc-1.8.3.jar:lib/jetty-util-6.1.26.jar:lib/logback-classic-1.2.3.jar:lib/jool-0.9.12.jar:lib/flamestream-runtime-1.0-SNAPSHOT-tests.jar:lib/httpcore-4.1.2.jar:lib/kryo-4.0.0.jar:lib/ant-1.8.1.jar:lib/jaxb-impl-2.2.3-1.jar:lib/jersey-json-1.9.jar:lib/commons-compress-1.4.1.jar:lib/leveldbjni-all-1.8.jar:lib/paranamer-2.3.jar:lib/jackson-core-2.8.4.jar:lib/commons-math3-3.6.1.jar:lib/scala-parser-combinators_2.11-1.0.4.jar:lib/netty-3.10.6.Final.jar:lib/trove4j-3.0.3.jar:lib/jaxb-api-2.2.2.jar:lib/logback-core-1.2.3.jar:lib/snappy-java-1.0.4.1.jar:lib/protobuf-java-2.5.0.jar:lib/reactive-streams-1.0.1.jar:lib/flamestream-examples-1.0-SNAPSHOT.jar:lib/commons-codec-1.4.jar:lib/activation-1.1.jar:lib/commons-net-3.1.jar:lib/curator-recipes-2.7.1.jar:lib/jackson-mapper-asl-1.9.13.jar:lib/jackson-databind-2.8.4.jar:lib/flamestream-runtime-1.0-SNAPSHOT.jar:lib/jackson-jaxrs-1.8.3.jar:lib/slf4j-api-1.7.24.jar:lib/akka-remote_2.11-2.5.6.jar:lib/akka-testkit_2.11-2.5.6.jar:lib/jline-0.9.94.jar:lib/akka-stream_2.11-2.5.6.jar:lib/jsp-api-2.1.jar:lib/kryonet-2.21.jar:lib/akka-kryo-serialization_2.11-0.5.0.jar:lib/config-1.3.1.jar:lib/ant-launcher-1.8.1.jar:lib/commons-logging-1.2.jar:lib/ssl-config-core_2.11-0.2.2.jar:lib/testng-6.10.jar:lib/guava-19.0.jar:lib/leveldb-api-0.7.jar:lib/reflectasm-1.11.3.jar:lib/jcommander-1.48.jar:lib/commons-1.1.jar:lib/commons-digester-1.8.jar:lib/minlog-1.2.jar:lib/java-xmlbuilder-0.4.jar:lib/jettison-1.1.jar:lib/gson-2.2.4.jar:lib/jdk.tools-1.8.jar:lib/aeron-driver-1.3.0.jar:lib/zookeeper-3.4.9.jar:lib/commons-beanutils-core-1.8.0.jar:lib/commons-math3-3.1.1.jar:lib/akka-actor_2.11-2.5.6.jar:lib/curator-client-2.7.1.jar:lib/servlet-api-2.5.jar:lib/apacheds-i18n-2.0.0-M15.jar:lib/commons-io-2.4.jar:lib/commons-codec-1.6.jar:lib/akka-protobuf_2.11-2.5.6.jar:lib/jdom-2.0.2.jar:lib/api-util-1.0.0-M20.jar:lib/hadoop-common-2.7.3.jar:lib/agrona-0.9.6.jar:lib/xmlenc-0.52.jar:lib/guava-21.0.jar:lib/commons-collections-3.2.2.jar:lib/avro-1.7.4.jar:lib/commons-1.0-SNAPSHOT.jar:lib/httpclient-4.1.2.jar:lib/flamestream-core-1.0-SNAPSHOT-tests.jar:lib/annotations-12.0.jar:lib/jsch-0.1.42.jar:flamestream-runtime-1.0-SNAPSHOT.jar
15:18:50.279 [worker-akka.actor.default-dispatcher-2] INFO  o.a.z.ZooKeeper  - Client environment:java.library.path=/usr/java/packages/lib/amd64:/usr/lib/x86_64-linux-gnu/jni:/lib/x86_64-linux-gnu:/usr/lib/x86_64-linux-gnu:/usr/lib/jni:/lib:/usr/lib
15:18:50.279 [worker-akka.actor.default-dispatcher-2] INFO  o.a.z.ZooKeeper  - Client environment:java.io.tmpdir=/tmp
15:18:50.279 [worker-akka.actor.default-dispatcher-2] INFO  o.a.z.ZooKeeper  - Client environment:java.compiler=<NA>
15:18:50.279 [worker-akka.actor.default-dispatcher-2] INFO  o.a.z.ZooKeeper  - Client environment:os.name=Linux
15:18:50.279 [worker-akka.actor.default-dispatcher-2] INFO  o.a.z.ZooKeeper  - Client environment:os.arch=amd64
15:18:50.279 [worker-akka.actor.default-dispatcher-2] INFO  o.a.z.ZooKeeper  - Client environment:os.version=4.4.0-1049-aws
15:18:50.281 [worker-akka.actor.default-dispatcher-2] INFO  o.a.z.ZooKeeper  - Client environment:user.name=root
15:18:50.281 [worker-akka.actor.default-dispatcher-2] INFO  o.a.z.ZooKeeper  - Client environment:user.home=/root
15:18:50.281 [worker-akka.actor.default-dispatcher-2] INFO  o.a.z.ZooKeeper  - Client environment:user.dir=/opt/flamestream
15:18:50.285 [worker-akka.actor.default-dispatcher-2] INFO  o.a.z.ZooKeeper  - Initiating client connection, connectString=172.31.34.147:2181 sessionTimeout=5000 watcher=com.spbsu.flamestream.runtime.application.LifecycleWatcher$$Lambda$29/1244562033@70f39bc4
15:18:50.321 [worker-akka.actor.default-dispatcher-2] INFO  a.a.RepointableActorRef akka://worker/user/watcher - Starting...
15:18:50.323 [worker-akka.actor.default-dispatcher-2-SendThread(172.31.34.147:2181)] INFO  o.a.z.ClientCnxn  - Opening socket connection to server 172.31.34.147/172.31.34.147:2181. Will not attempt to authenticate using SASL (unknown error)
15:18:50.327 [worker-akka.actor.default-dispatcher-2-SendThread(172.31.34.147:2181)] INFO  o.a.z.ClientCnxn  - Socket connection established to 172.31.34.147/172.31.34.147:2181, initiating session
15:18:50.334 [worker-akka.actor.default-dispatcher-2-SendThread(172.31.34.147:2181)] INFO  o.a.z.ClientCnxn  - Session establishment complete on server 172.31.34.147/172.31.34.147:2181, sessionid = 0x1619a0ace950004, negotiated timeout = 6000
15:18:50.419 [worker-akka.actor.default-dispatcher-2] INFO  a.a.RepointableActorRef akka://worker/user/watcher - Connected to ZK
15:18:59.316 [worker-akka.actor.default-dispatcher-2] INFO  a.a.RepointableActorRef akka://worker/user/watcher - Creating node with watchGraphs: 'com.spbsu.flamestream.core.Graph$Builder$MyGraph@5aab6c01', config: 'ClusterConfig{paths={172.31.33.155=akka://worker@172.31.33.155:5412/user/watcher/graph0000000000, 172.31.47.83=akka://worker@172.31.47.83:5412/user/watcher/graph0000000000, 172.31.45.197=akka://worker@172.31.45.197:5412/user/watcher/graph0000000000, 172.31.42.36=akka://worker@172.31.42.36:5412/user/watcher/graph0000000000, 172.31.44.83=akka://worker@172.31.44.83:5412/user/watcher/graph0000000000, 172.31.39.64=akka://worker@172.31.39.64:5412/user/watcher/graph0000000000, 172.31.35.79=akka://worker@172.31.35.79:5412/user/watcher/graph0000000000, 172.31.34.169=akka://worker@172.31.34.169:5412/user/watcher/graph0000000000, 172.31.47.100=akka://worker@172.31.47.100:5412/user/watcher/graph0000000000, 172.31.37.101=akka://worker@172.31.37.101:5412/user/watcher/graph0000000000}, ackerLocation='172.31.35.79', props=ComputationLayout{ranges={172.31.33.155=HashRange{from=1670265056, to=2147483644}, 172.31.47.83=HashRange{from=715827880, to=1193046468}, 172.31.45.197=HashRange{from=-1670265060, to=-1193046472}, 172.31.42.36=HashRange{from=238609292, to=715827880}, 172.31.44.83=HashRange{from=-1193046472, to=-715827884}, 172.31.39.64=HashRange{from=-238609296, to=238609292}, 172.31.35.79=HashRange{from=0, to=0}, 172.31.34.169=HashRange{from=1193046468, to=1670265056}, 172.31.47.100=HashRange{from=-715827884, to=-238609296}, 172.31.37.101=HashRange{from=-2147483648, to=-1670265060}}}}'
15:19:00.229 [worker-akka.actor.default-dispatcher-2] INFO  a.a.LocalActorRef akka://worker/user/watcher/graph0000000000/graph - Starting...
15:19:00.231 [worker-akka.actor.default-dispatcher-2] INFO  a.a.LocalActorRef akka://worker/user/watcher/graph0000000000/graph/local-acker - Starting...
15:19:00.239 [worker-akka.actor.default-dispatcher-2] INFO  a.a.LocalActorRef akka://worker/user/watcher/graph0000000000/graph/local-acker/$a - Starting...
Warning: space is running low in /dev/shm (tmpfs) threshold=167,772,160 usable=158,621,696
Warning: space is running low in /dev/shm (tmpfs) threshold=167,772,160 usable=146,034,688
Warning: space is running low in /dev/shm (tmpfs) threshold=167,772,160 usable=133,447,680
Warning: space is running low in /dev/shm (tmpfs) threshold=167,772,160 usable=120,860,672
Warning: space is running low in /dev/shm (tmpfs) threshold=167,772,160 usable=108,273,664
Warning: space is running low in /dev/shm (tmpfs) threshold=167,772,160 usable=95,686,656
Warning: space is running low in /dev/shm (tmpfs) threshold=167,772,160 usable=83,099,648
Warning: space is running low in /dev/shm (tmpfs) threshold=167,772,160 usable=70,512,640
15:19:01.533 [worker-akka.actor.default-dispatcher-2] INFO  a.a.LocalActorRef akka://worker/user/watcher/graph0000000000/graph - Finishing constructor
15:19:01.534 [worker-akka.actor.default-dispatcher-2] INFO  a.a.LocalActorRef akka://worker/user/watcher/graph0000000000 - Starting...
15:19:01.608 [worker-akka.actor.default-dispatcher-2] INFO  a.a.LocalActorRef akka://worker/user/watcher/graph0000000000/negotiator - Starting...
15:19:01.610 [worker-akka.actor.default-dispatcher-2] INFO  a.a.LocalActorRef akka://worker/user/watcher/graph0000000000/edge - Starting...
15:19:01.611 [worker-akka.actor.default-dispatcher-2] INFO  a.a.LocalActorRef akka://worker/user/watcher/graph0000000000/graph/$a - Starting...
15:19:01.614 [worker-akka.actor.default-dispatcher-2] INFO  a.a.LocalActorRef akka://worker/user/watcher/graph0000000000/graph/$b - Starting...
15:19:01.615 [worker-akka.actor.default-dispatcher-2] INFO  a.a.LocalActorRef akka://worker/user/watcher/graph0000000000/graph/$c - Starting...
15:19:01.635 [worker-akka.actor.default-dispatcher-2] INFO  c.s.f.r.e.s.SocketRear  - FlameSocketGraphDeployerRear@172.31.42.36: connecting to 172.31.34.147:5678
15:19:01.638 [worker-akka.actor.default-dispatcher-2] INFO  c.s.f.r.e.s.SocketRear  - FlameSocketGraphDeployerRear@172.31.42.36: connected to 172.31.34.147:5678
2018-02-15T15:19:01.643+0000: 14.435: [GC (Allocation Failure) 2018-02-15T15:19:01.644+0000: 14.435: [DefNew: 127069K->17023K(153600K), 0.0360614 secs] 142330K->43127K(494976K), 0.0361202 secs] [Times: user=0.02 sys=0.01, real=0.04 secs] 
15:19:01.698 [worker-akka.actor.default-dispatcher-2] INFO  a.a.LocalActorRef akka://worker/user/watcher/graph0000000000/edge/FlameSocketGraphDeployerRear - Starting...
15:19:01.700 [worker-akka.actor.default-dispatcher-2] INFO  a.a.LocalActorRef akka://worker/user/watcher/graph0000000000/edge/FlameSocketGraphDeployerFront - Starting...
15:19:01.700 [worker-akka.actor.default-dispatcher-2] INFO  a.a.LocalActorRef akka://worker/user/watcher/graph0000000000/negotiator - Requesting ticket for the frontClass FlameSocketGraphDeployerFront@172.31.42.36
15:19:01.711 [worker-akka.actor.default-dispatcher-2] INFO  a.a.LocalActorRef akka://worker/user/watcher/graph0000000000/negotiator - Ticket for the frontClass received: FrontTicket{allowedTimestamp=(1518707939299, FlameSocketGraphDeployerFront@172.31.42.36)}
15:19:01.714 [worker-akka.actor.default-dispatcher-2] INFO  c.s.f.r.e.s.SocketFront  - FlameSocketGraphDeployerFront@172.31.42.36: connecting to 172.31.34.147:4567
15:19:01.768 [Client] INFO  c.s.f.r.e.s.SocketFront  - FlameSocketGraphDeployerFront@172.31.42.36 has been disconnected from Connection 5
2018-02-15T15:19:16.836+0000: 29.628: [GC (Allocation Failure) 2018-02-15T15:19:16.836+0000: 29.628: [DefNew: 153599K->3786K(153600K), 0.0585061 secs] 179703K->66406K(494976K), 0.0595574 secs] [Times: user=0.02 sys=0.03, real=0.05 secs] 
2018-02-15T15:19:37.603+0000: 50.396: [GC (Allocation Failure) 2018-02-15T15:19:37.604+0000: 50.396: [DefNew: 140362K->5911K(153600K), 0.0128017 secs] 202982K->68531K(494976K), 0.0141406 secs] [Times: user=0.01 sys=0.00, real=0.02 secs] 
2018-02-15T15:19:51.856+0000: 64.648: [GC (Allocation Failure) 2018-02-15T15:19:51.856+0000: 64.648: [DefNew: 142487K->7622K(153600K), 0.0164873 secs] 205107K->70243K(494976K), 0.0165538 secs] [Times: user=0.02 sys=0.00, real=0.01 secs] 
2018-02-15T15:20:06.549+0000: 79.341: [GC (Allocation Failure) 2018-02-15T15:20:06.549+0000: 79.341: [DefNew: 144198K->10085K(153600K), 0.0177643 secs] 206819K->72705K(494976K), 0.0178285 secs] [Times: user=0.02 sys=0.00, real=0.01 secs] 
2018-02-15T15:20:18.477+0000: 91.268: [GC (Allocation Failure) 2018-02-15T15:20:18.477+0000: 91.269: [DefNew: 146661K->8298K(153600K), 0.0174664 secs] 209281K->72566K(494976K), 0.0175293 secs] [Times: user=0.02 sys=0.00, real=0.01 secs] 
2018-02-15T15:20:32.745+0000: 105.537: [GC (Allocation Failure) 2018-02-15T15:20:32.745+0000: 105.537: [DefNew: 144874K->9108K(153600K), 0.0150184 secs] 209142K->73376K(494976K), 0.0151165 secs] [Times: user=0.02 sys=0.00, real=0.02 secs] 
2018-02-15T15:20:52.624+0000: 125.415: [GC (Allocation Failure) 2018-02-15T15:20:52.624+0000: 125.415: [DefNew: 145684K->9412K(153600K), 0.0207112 secs] 209952K->74954K(494976K), 0.0207821 secs] [Times: user=0.01 sys=0.00, real=0.02 secs] 
2018-02-15T15:21:14.254+0000: 147.045: [GC (Allocation Failure) 2018-02-15T15:21:14.254+0000: 147.045: [DefNew: 145988K->9800K(153600K), 0.0196946 secs] 211530K->76336K(494976K), 0.0197594 secs] [Times: user=0.02 sys=0.00, real=0.02 secs] 
2018-02-15T15:21:31.561+0000: 164.353: [GC (Allocation Failure) 2018-02-15T15:21:31.561+0000: 164.353: [DefNew: 146376K->8521K(153600K), 0.0186121 secs] 212912K->77467K(494976K), 0.0186796 secs] [Times: user=0.02 sys=0.00, real=0.02 secs] 
2018-02-15T15:21:52.017+0000: 184.809: [GC (Allocation Failure) 2018-02-15T15:21:52.017+0000: 184.809: [DefNew: 145097K->9016K(153600K), 0.0182726 secs] 214043K->78809K(494976K), 0.0183429 secs] [Times: user=0.02 sys=0.00, real=0.01 secs] 
2018-02-15T15:22:13.158+0000: 205.949: [GC (Allocation Failure) 2018-02-15T15:22:13.158+0000: 205.949: [DefNew: 145592K->8846K(153600K), 0.0303628 secs] 215385K->79941K(494976K), 0.0304358 secs] [Times: user=0.00 sys=0.02, real=0.03 secs] 
2018-02-15T15:22:32.400+0000: 225.192: [GC (Allocation Failure) 2018-02-15T15:22:32.400+0000: 225.192: [DefNew: 145422K->8604K(153600K), 0.0163114 secs] 216517K->81181K(494976K), 0.0164049 secs] [Times: user=0.01 sys=0.00, real=0.02 secs] 
2018-02-15T15:22:52.521+0000: 245.313: [GC (Allocation Failure) 2018-02-15T15:22:52.521+0000: 245.313: [DefNew: 145180K->9057K(153600K), 0.0300954 secs] 217757K->82724K(494976K), 0.0301643 secs] [Times: user=0.01 sys=0.02, real=0.03 secs] 
2018-02-15T15:23:14.363+0000: 267.154: [GC (Allocation Failure) 2018-02-15T15:23:14.363+0000: 267.154: [DefNew: 145633K->9050K(153600K), 0.0175838 secs] 219300K->83935K(494976K), 0.0176517 secs] [Times: user=0.02 sys=0.00, real=0.02 secs] 
2018-02-15T15:23:34.254+0000: 287.045: [GC (Allocation Failure) 2018-02-15T15:23:34.254+0000: 287.045: [DefNew: 145626K->9511K(153600K), 0.0278431 secs] 220511K->85435K(494976K), 0.0279114 secs] [Times: user=0.01 sys=0.01, real=0.03 secs] 
2018-02-15T15:23:50.896+0000: 303.688: [GC (Allocation Failure) 2018-02-15T15:23:50.896+0000: 303.688: [DefNew: 146087K->9533K(153600K), 0.0173492 secs] 222011K->86521K(494976K), 0.0174214 secs] [Times: user=0.02 sys=0.00, real=0.01 secs] 
2018-02-15T15:24:11.068+0000: 323.860: [GC (Allocation Failure) 2018-02-15T15:24:11.068+0000: 323.860: [DefNew: 146109K->10377K(153600K), 0.0199163 secs] 223097K->88551K(494976K), 0.0199858 secs] [Times: user=0.02 sys=0.00, real=0.02 secs] 
2018-02-15T15:24:35.595+0000: 348.386: [GC (Allocation Failure) 2018-02-15T15:24:35.595+0000: 348.386: [DefNew: 146953K->8735K(153600K), 0.0194200 secs] 225127K->89420K(494976K), 0.0194962 secs] [Times: user=0.02 sys=0.00, real=0.02 secs] 
2018-02-15T15:24:54.916+0000: 367.707: [GC (Allocation Failure) 2018-02-15T15:24:54.916+0000: 367.708: [DefNew: 145311K->8892K(153600K), 0.0175504 secs] 225996K->90716K(494976K), 0.0176715 secs] [Times: user=0.01 sys=0.01, real=0.02 secs] 
2018-02-15T15:25:12.416+0000: 385.207: [GC (Allocation Failure) 2018-02-15T15:25:12.416+0000: 385.207: [DefNew: 145468K->9012K(153600K), 0.0175643 secs] 227292K->92326K(494976K), 0.0176441 secs] [Times: user=0.01 sys=0.00, real=0.02 secs] 
2018-02-15T15:25:26.990+0000: 399.782: [GC (Allocation Failure) 2018-02-15T15:25:26.990+0000: 399.782: [DefNew: 145588K->9042K(153600K), 0.0170639 secs] 228902K->93554K(494976K), 0.0171331 secs] [Times: user=0.02 sys=0.00, real=0.01 secs] 
2018-02-15T15:25:47.197+0000: 419.988: [GC (Allocation Failure) 2018-02-15T15:25:47.197+0000: 419.988: [DefNew: 145618K->9891K(153600K), 0.0174846 secs] 230130K->95636K(494976K), 0.0175528 secs] [Times: user=0.02 sys=0.00, real=0.01 secs] 
2018-02-15T15:26:02.730+0000: 435.522: [GC (Allocation Failure) 2018-02-15T15:26:02.730+0000: 435.522: [DefNew: 146467K->10288K(153600K), 0.0182726 secs] 232212K->97358K(494976K), 0.0183415 secs] [Times: user=0.02 sys=0.00, real=0.02 secs] 
2018-02-15T15:26:19.199+0000: 451.990: [GC (Allocation Failure) 2018-02-15T15:26:19.199+0000: 451.990: [DefNew: 146864K->7688K(153600K), 0.0187224 secs] 233934K->98308K(494976K), 0.0187931 secs] [Times: user=0.02 sys=0.00, real=0.02 secs] 
2018-02-15T15:26:37.271+0000: 470.062: [GC (Allocation Failure) 2018-02-15T15:26:37.271+0000: 470.062: [DefNew: 144264K->9073K(153600K), 0.0147034 secs] 234884K->99693K(494976K), 0.0147692 secs] [Times: user=0.01 sys=0.00, real=0.01 secs] 
2018-02-15T15:26:57.234+0000: 490.026: [GC (Allocation Failure) 2018-02-15T15:26:57.234+0000: 490.026: [DefNew: 145649K->9328K(153600K), 0.0170863 secs] 236269K->101168K(494976K), 0.0171551 secs] [Times: user=0.01 sys=0.00, real=0.02 secs] 
2018-02-15T15:27:14.608+0000: 507.400: [GC (Allocation Failure) 2018-02-15T15:27:14.608+0000: 507.400: [DefNew: 145904K->9934K(153600K), 0.0177870 secs] 237744K->102885K(494976K), 0.0178578 secs] [Times: user=0.02 sys=0.00, real=0.01 secs] 
2018-02-15T15:27:35.809+0000: 528.601: [GC (Allocation Failure) 2018-02-15T15:27:35.809+0000: 528.601: [DefNew: 146510K->8616K(153600K), 0.0183486 secs] 239461K->104178K(494976K), 0.0184257 secs] [Times: user=0.02 sys=0.00, real=0.01 secs] 
2018-02-15T15:27:52.944+0000: 545.736: [GC (Allocation Failure) 2018-02-15T15:27:52.944+0000: 545.736: [DefNew: 145192K->8569K(153600K), 0.0203593 secs] 240754K->105699K(494976K), 0.0204268 secs] [Times: user=0.01 sys=0.01, real=0.02 secs] 
2018-02-15T15:28:10.243+0000: 563.034: [GC (Allocation Failure) 2018-02-15T15:28:10.243+0000: 563.034: [DefNew: 145145K->8599K(153600K), 0.0161227 secs] 242275K->107217K(494976K), 0.0161994 secs] [Times: user=0.02 sys=0.00, real=0.02 secs] 
2018-02-15T15:28:25.388+0000: 578.179: [GC (Allocation Failure) 2018-02-15T15:28:25.388+0000: 578.179: [DefNew: 145175K->8263K(153600K), 0.0164145 secs] 243793K->108549K(494976K), 0.0164834 secs] [Times: user=0.02 sys=0.00, real=0.02 secs] 
2018-02-15T15:28:43.031+0000: 595.822: [GC (Allocation Failure) 2018-02-15T15:28:43.031+0000: 595.822: [DefNew: 144839K->10095K(153600K), 0.0155278 secs] 245125K->110381K(494976K), 0.0155960 secs] [Times: user=0.02 sys=0.00, real=0.01 secs] 
2018-02-15T15:28:58.841+0000: 611.633: [GC (Allocation Failure) 2018-02-15T15:28:58.841+0000: 611.633: [DefNew: 146671K->9045K(153600K), 0.0189545 secs] 246957K->111769K(494976K), 0.0190377 secs] [Times: user=0.01 sys=0.00, real=0.02 secs] 
2018-02-15T15:29:19.200+0000: 631.992: [GC (Allocation Failure) 2018-02-15T15:29:19.200+0000: 631.992: [DefNew: 145621K->9280K(153600K), 0.0176810 secs] 248345K->113500K(494976K), 0.0177508 secs] [Times: user=0.02 sys=0.00, real=0.02 secs] 
2018-02-15T15:29:36.918+0000: 649.710: [GC (Allocation Failure) 2018-02-15T15:29:36.918+0000: 649.710: [DefNew: 145856K->9499K(153600K), 0.0164131 secs] 250076K->115231K(494976K), 0.0164996 secs] [Times: user=0.02 sys=0.00, real=0.01 secs] 
2018-02-15T15:29:56.948+0000: 669.739: [GC (Allocation Failure) 2018-02-15T15:29:56.948+0000: 669.739: [DefNew: 146075K->9647K(153600K), 0.0175456 secs] 251807K->116791K(494976K), 0.0176119 secs] [Times: user=0.02 sys=0.00, real=0.02 secs] 
2018-02-15T15:30:14.792+0000: 687.584: [GC (Allocation Failure) 2018-02-15T15:30:14.792+0000: 687.584: [DefNew: 146223K->9814K(153600K), 0.0180779 secs] 253367K->118545K(494976K), 0.0181406 secs] [Times: user=0.02 sys=0.01, real=0.02 secs] 
2018-02-15T15:30:30.162+0000: 702.953: [GC (Allocation Failure) 2018-02-15T15:30:30.162+0000: 702.953: [DefNew: 146390K->10046K(153600K), 0.0187816 secs] 255121K->120405K(494976K), 0.0188490 secs] [Times: user=0.01 sys=0.01, real=0.02 secs] 
2018-02-15T15:30:47.299+0000: 720.091: [GC (Allocation Failure) 2018-02-15T15:30:47.299+0000: 720.091: [DefNew: 146622K->10271K(153600K), 0.0174188 secs] 256981K->122131K(494976K), 0.0174839 secs] [Times: user=0.02 sys=0.00, real=0.02 secs] 
15:31:03.232 [Client] INFO  c.s.f.r.e.s.SocketRear  - FlameSocketGraphDeployerRear@172.31.42.36: has been disconnected from Connection 5
2018-02-15T15:32:31.570+0000: 824.363: [GC (Allocation Failure) 2018-02-15T15:32:31.572+0000: 824.363: [DefNew: 146847K->9558K(153600K), 0.0187353 secs] 258707K->123117K(494976K), 0.0204367 secs] [Times: user=0.01 sys=0.01, real=0.02 secs] 
15:35:44.280 [worker-akka.actor.default-dispatcher-2] INFO  a.a.CoordinatedShutdown CoordinatedShutdown(akka://worker) - Starting coordinated shutdown from JVM shutdown hook
15:35:44.318 [worker-akka.actor.default-dispatcher-2] INFO  a.a.LocalActorRef akka://worker/user/watcher/graph0000000000/negotiator - Stopped
15:35:44.319 [worker-akka.actor.default-dispatcher-2] INFO  a.a.LocalActorRef akka://worker/user/watcher/graph0000000000/edge/FlameSocketGraphDeployerFront - Stopped
15:35:44.323 [worker-akka.actor.default-dispatcher-2] INFO  a.a.LocalActorRef akka://worker/user/watcher/graph0000000000/graph/local-acker/$a - Stopped
15:35:44.325 [worker-akka.actor.default-dispatcher-2] INFO  a.a.LocalActorRef akka://worker/user/watcher/graph0000000000/edge/FlameSocketGraphDeployerRear - Stopped
15:35:44.326 [worker-akka.actor.default-dispatcher-2] INFO  a.a.LocalActorRef akka://worker/user/watcher/graph0000000000/graph/$a - Stopped
15:35:44.329 [worker-akka.actor.default-dispatcher-2] INFO  a.a.LocalActorRef akka://worker/user/watcher/graph0000000000/graph/$b - Stopped
15:35:44.329 [worker-akka.actor.default-dispatcher-2] INFO  a.a.LocalActorRef akka://worker/user/watcher/graph0000000000/graph/$c - Stopped
15:35:44.333 [worker-akka.actor.default-dispatcher-2] INFO  a.a.LocalActorRef akka://worker/user/watcher/graph0000000000/edge - Stopped
15:35:44.335 [worker-akka.actor.default-dispatcher-2] INFO  a.a.LocalActorRef akka://worker/user/watcher/graph0000000000/graph/local-acker/$a - Message [com.spbsu.flamestream.runtime.utils.akka.PingActor$InnerPing] from Actor[akka://worker/user/watcher/graph0000000000/graph/local-acker/$a#-910406426] to Actor[akka://worker/user/watcher/graph0000000000/graph/local-acker/$a#-910406426] was not delivered. [1] dead letters encountered. This logging can be turned off or adjusted with configuration settings 'akka.log-dead-letters' and 'akka.log-dead-letters-during-shutdown'.
15:35:44.338 [worker-akka.actor.default-dispatcher-2] INFO  a.a.LocalActorRef akka://worker/user/watcher/graph0000000000/graph/local-acker - Stopped
15:35:44.339 [worker-akka.actor.default-dispatcher-2] INFO  a.a.LocalActorRef akka://worker/user/watcher/graph0000000000/graph/local-acker/$a - Message [com.spbsu.flamestream.runtime.utils.akka.PingActor$Stop] from Actor[akka://worker/user/watcher/graph0000000000/graph/local-acker#-2004626985] to Actor[akka://worker/user/watcher/graph0000000000/graph/local-acker/$a#-910406426] was not delivered. [2] dead letters encountered. This logging can be turned off or adjusted with configuration settings 'akka.log-dead-letters' and 'akka.log-dead-letters-during-shutdown'.
15:35:44.340 [worker-akka.actor.default-dispatcher-2] INFO  a.a.LocalActorRef akka://worker/user/watcher/graph0000000000/graph/local-acker - Message [com.spbsu.flamestream.runtime.acker.LocalAcker$Flush] from Actor[akka://worker/user/watcher/graph0000000000/graph/local-acker#-2004626985] to Actor[akka://worker/user/watcher/graph0000000000/graph/local-acker#-2004626985] was not delivered. [3] dead letters encountered. This logging can be turned off or adjusted with configuration settings 'akka.log-dead-letters' and 'akka.log-dead-letters-during-shutdown'.
15:35:44.340 [worker-akka.actor.default-dispatcher-2] INFO  a.a.LocalActorRef akka://worker/user/watcher/graph0000000000/graph/local-acker - Message [com.spbsu.flamestream.runtime.acker.LocalAcker$Flush] from Actor[akka://worker/user/watcher/graph0000000000/graph/local-acker#-2004626985] to Actor[akka://worker/user/watcher/graph0000000000/graph/local-acker#-2004626985] was not delivered. [4] dead letters encountered. This logging can be turned off or adjusted with configuration settings 'akka.log-dead-letters' and 'akka.log-dead-letters-during-shutdown'.
15:35:44.342 [worker-akka.actor.default-dispatcher-2] INFO  a.a.LocalActorRef akka://worker/user/watcher/graph0000000000/graph/local-acker - Message [com.spbsu.flamestream.runtime.acker.LocalAcker$Flush] from Actor[akka://worker/user/watcher/graph0000000000/graph/local-acker#-2004626985] to Actor[akka://worker/user/watcher/graph0000000000/graph/local-acker#-2004626985] was not delivered. [5] dead letters encountered. This logging can be turned off or adjusted with configuration settings 'akka.log-dead-letters' and 'akka.log-dead-letters-during-shutdown'.
15:35:44.342 [worker-akka.actor.default-dispatcher-2] INFO  a.a.LocalActorRef akka://worker/user/watcher/graph0000000000/graph/local-acker - Message [com.spbsu.flamestream.runtime.acker.LocalAcker$Flush] from Actor[akka://worker/user/watcher/graph0000000000/graph/local-acker#-2004626985] to Actor[akka://worker/user/watcher/graph0000000000/graph/local-acker#-2004626985] was not delivered. [6] dead letters encountered. This logging can be turned off or adjusted with configuration settings 'akka.log-dead-letters' and 'akka.log-dead-letters-during-shutdown'.
15:35:44.342 [worker-akka.actor.default-dispatcher-2] INFO  a.a.LocalActorRef akka://worker/user/watcher/graph0000000000/graph/local-acker - Message [com.spbsu.flamestream.runtime.acker.LocalAcker$Flush] from Actor[akka://worker/user/watcher/graph0000000000/graph/local-acker#-2004626985] to Actor[akka://worker/user/watcher/graph0000000000/graph/local-acker#-2004626985] was not delivered. [7] dead letters encountered. This logging can be turned off or adjusted with configuration settings 'akka.log-dead-letters' and 'akka.log-dead-letters-during-shutdown'.
15:35:44.343 [worker-akka.actor.default-dispatcher-2] INFO  a.a.LocalActorRef akka://worker/user/watcher/graph0000000000/graph/local-acker - Message [com.spbsu.flamestream.runtime.acker.LocalAcker$Flush] from Actor[akka://worker/user/watcher/graph0000000000/graph/local-acker#-2004626985] to Actor[akka://worker/user/watcher/graph0000000000/graph/local-acker#-2004626985] was not delivered. [8] dead letters encountered. This logging can be turned off or adjusted with configuration settings 'akka.log-dead-letters' and 'akka.log-dead-letters-during-shutdown'.
15:35:44.344 [worker-akka.actor.default-dispatcher-2] INFO  a.a.LocalActorRef akka://worker/user/watcher/graph0000000000/graph/local-acker - Message [com.spbsu.flamestream.runtime.acker.LocalAcker$Flush] from Actor[akka://worker/user/watcher/graph0000000000/graph/local-acker#-2004626985] to Actor[akka://worker/user/watcher/graph0000000000/graph/local-acker#-2004626985] was not delivered. [9] dead letters encountered. This logging can be turned off or adjusted with configuration settings 'akka.log-dead-letters' and 'akka.log-dead-letters-during-shutdown'.
15:35:44.345 [worker-akka.actor.default-dispatcher-2] INFO  a.a.LocalActorRef akka://worker/user/watcher/graph0000000000/graph/local-acker - Message [com.spbsu.flamestream.runtime.acker.LocalAcker$Flush] from Actor[akka://worker/user/watcher/graph0000000000/graph/local-acker#-2004626985] to Actor[akka://worker/user/watcher/graph0000000000/graph/local-acker#-2004626985] was not delivered. [10] dead letters encountered. This logging can be turned off or adjusted with configuration settings 'akka.log-dead-letters' and 'akka.log-dead-letters-during-shutdown'.
15:35:44.346 [worker-akka.actor.default-dispatcher-2] INFO  a.a.LocalActorRef akka://worker/user/watcher/graph0000000000/graph - Stopped
15:35:44.347 [worker-akka.actor.default-dispatcher-2] INFO  a.a.LocalActorRef akka://worker/user/watcher/graph0000000000 - Stopped
15:35:44.351 [worker-akka.actor.default-dispatcher-2-EventThread] INFO  o.a.z.ClientCnxn  - EventThread shut down for session: 0x1619a0ace950004
15:35:44.351 [worker-akka.actor.default-dispatcher-2] INFO  o.a.z.ZooKeeper  - Session: 0x1619a0ace950004 closed
15:35:44.351 [worker-akka.actor.default-dispatcher-2] INFO  a.a.RepointableActorRef akka://worker/user/watcher - Stopped
15:35:44.363 [worker-akka.actor.default-dispatcher-2] INFO  a.r.RemoteActorRefProvider$RemotingTerminator akka://worker@172.31.42.36:5412/system/remoting-terminator - Shutting down remote daemon.
15:35:44.367 [worker-akka.actor.default-dispatcher-2] INFO  a.r.RemoteActorRefProvider$RemotingTerminator akka://worker@172.31.42.36:5412/system/remoting-terminator - Remote daemon shut down; proceeding with flushing remote transports.
15:35:45.467 [worker-akka.actor.default-dispatcher-2] INFO  a.r.RemoteActorRefProvider$RemotingTerminator akka://worker@172.31.42.36:5412/system/remoting-terminator - Remoting shut down.
Attempts of event 'shuffle-send' - 0
Attempts of event 'front-receive-send' - 0
Attempts of event 'inject-out' - 546585
Attempts of event 'sink-receive' - 552995
Attempts of event 'flatmap-receive' - 1070
Attempts of event 'fm-send' - 524241
Attempts of event 'rear-in' - 545515
Attempts of event 'flatmap-send' - 524241
Attempts of event 'inject-in' - 546585
Attempts of event 'wrong-ordering-filter-receive' - 552995
Attempts of event 'accept-in' - 0
Attempts of event 'grouping-receive' - 1098510
Heap
 def new generation   total 153600K, used 64653K [0x00000000e0c00000, 0x00000000eb2a0000, 0x00000000eb2a0000)
  eden space 136576K,  40% used [0x00000000e0c00000, 0x00000000e41cde50, 0x00000000e9160000)
  from space 17024K,  56% used [0x00000000ea200000, 0x00000000eab558b0, 0x00000000eb2a0000)
  to   space 17024K,   0% used [0x00000000e9160000, 0x00000000e9160000, 0x00000000ea200000)
 tenured generation   total 341376K, used 113559K [0x00000000eb2a0000, 0x0000000100000000, 0x0000000100000000)
   the space 341376K,  33% used [0x00000000eb2a0000, 0x00000000f2185cf8, 0x00000000f2185e00, 0x0000000100000000)
 Metaspace       used 33484K, capacity 34286K, committed 34688K, reserved 1079296K
  class space    used 4452K, capacity 4624K, committed 4736K, reserved 1048576K
