16:49:21,496 |-INFO in ch.qos.logback.classic.LoggerContext[default] - Could NOT find resource [logback-test.xml]
16:49:21,496 |-INFO in ch.qos.logback.classic.LoggerContext[default] - Could NOT find resource [logback.groovy]
16:49:21,496 |-INFO in ch.qos.logback.classic.LoggerContext[default] - Found resource [logback.xml] at [jar:file:/opt/flamestream/lib/flamestream-runtime-1.0-SNAPSHOT.jar!/logback.xml]
16:49:21,499 |-WARN in ch.qos.logback.classic.LoggerContext[default] - Resource [logback.xml] occurs multiple times on the classpath.
16:49:21,499 |-WARN in ch.qos.logback.classic.LoggerContext[default] - Resource [logback.xml] occurs at [jar:file:/opt/flamestream/flamestream-runtime-1.0-SNAPSHOT.jar!/logback.xml]
16:49:21,499 |-WARN in ch.qos.logback.classic.LoggerContext[default] - Resource [logback.xml] occurs at [jar:file:/opt/flamestream/lib/flamestream-runtime-1.0-SNAPSHOT.jar!/logback.xml]
16:49:21,524 |-INFO in ch.qos.logback.core.joran.spi.ConfigurationWatchList@69b794e2 - URL [jar:file:/opt/flamestream/lib/flamestream-runtime-1.0-SNAPSHOT.jar!/logback.xml] is not of type file
16:49:21,603 |-INFO in ch.qos.logback.classic.joran.action.ConfigurationAction - debug attribute not set
16:49:21,603 |-INFO in ch.qos.logback.core.joran.action.AppenderAction - About to instantiate appender of type [ch.qos.logback.core.ConsoleAppender]
16:49:21,610 |-INFO in ch.qos.logback.core.joran.action.AppenderAction - Naming appender as [STDOUT]
16:49:21,617 |-INFO in ch.qos.logback.core.joran.action.NestedComplexPropertyIA - Assuming default type [ch.qos.logback.classic.encoder.PatternLayoutEncoder] for [encoder] property
16:49:21,652 |-INFO in ch.qos.logback.core.joran.action.AppenderAction - About to instantiate appender of type [ch.qos.logback.core.rolling.RollingFileAppender]
16:49:21,661 |-INFO in ch.qos.logback.core.joran.action.AppenderAction - Naming appender as [FILE]
16:49:21,678 |-INFO in c.q.l.core.rolling.TimeBasedRollingPolicy@1059063940 - No compression will be used
16:49:21,683 |-INFO in c.q.l.core.rolling.TimeBasedRollingPolicy@1059063940 - Will use the pattern /tmp/application_%d{yyyy-MM-dd}.%i.log for the active file
16:49:21,686 |-INFO in ch.qos.logback.core.rolling.SizeAndTimeBasedFNATP@4d339552 - The date pattern is 'yyyy-MM-dd' from file name pattern '/tmp/application_%d{yyyy-MM-dd}.%i.log'.
16:49:21,686 |-INFO in ch.qos.logback.core.rolling.SizeAndTimeBasedFNATP@4d339552 - Roll-over at midnight.
16:49:21,691 |-INFO in ch.qos.logback.core.rolling.SizeAndTimeBasedFNATP@4d339552 - Setting initial period to Fri Mar 23 16:46:48 UTC 2018
16:49:21,691 |-WARN in ch.qos.logback.core.rolling.SizeAndTimeBasedFNATP@4d339552 - SizeAndTimeBasedFNATP is deprecated. Use SizeAndTimeBasedRollingPolicy instead
16:49:21,691 |-WARN in ch.qos.logback.core.rolling.SizeAndTimeBasedFNATP@4d339552 - For more information see http://logback.qos.ch/manual/appenders.html#SizeAndTimeBasedRollingPolicy
16:49:21,696 |-INFO in ch.qos.logback.core.joran.action.NestedComplexPropertyIA - Assuming default type [ch.qos.logback.classic.encoder.PatternLayoutEncoder] for [encoder] property
16:49:21,701 |-INFO in ch.qos.logback.core.rolling.RollingFileAppender[FILE] - Active log file name: /tmp/application.log
16:49:21,701 |-INFO in ch.qos.logback.core.rolling.RollingFileAppender[FILE] - File property is set to [/tmp/application.log]
16:49:21,702 |-INFO in ch.qos.logback.classic.joran.action.RootLoggerAction - Setting level of ROOT logger to INFO
16:49:21,702 |-INFO in ch.qos.logback.core.joran.action.AppenderRefAction - Attaching appender named [STDOUT] to Logger[ROOT]
16:49:21,702 |-INFO in ch.qos.logback.core.joran.action.AppenderRefAction - Attaching appender named [FILE] to Logger[ROOT]
16:49:21,702 |-INFO in ch.qos.logback.classic.joran.action.ConfigurationAction - End of configuration.
16:49:21,703 |-INFO in ch.qos.logback.classic.joran.JoranConfigurator@f0f2775 - Registering current configuration as safe fallback point

16:49:21.706 [main] INFO  c.s.f.r.a.WorkerApplication  - Starting worker with id: '10.0.0.239', host: '10.0.0.239:5412', zkString: '10.0.0.70:2181'
16:49:22.621 [worker-akka.actor.default-dispatcher-2] INFO  a.e.s.Slf4jLogger  - Slf4jLogger started
2018-03-23T16:49:22.760+0000: 1.847: [Full GC (Metadata GC Threshold) 2018-03-23T16:49:22.760+0000: 1.847: [Tenured: 0K->15819K(341376K), 0.0383849 secs] 134103K->15819K(494976K), [Metaspace: 20919K->20919K(1067008K)], 0.0384510 secs] [Times: user=0.03 sys=0.00, real=0.04 secs] 
Ama winner
Ama winner
16:49:23.150 [worker-akka.actor.default-dispatcher-2] INFO  a.r.a.ArteryTransport(akka://worker) akka.remote.artery.ArteryTransport(akka://worker) - Started embedded media driver in directory [/dev/shm/aeron-root-worker-87526b59-11bc-4dbe-9f77-d5f5cafecc0b]
16:49:23.331 [worker-akka.actor.default-dispatcher-2] INFO  a.r.a.ArteryTransport(akka://worker) akka.remote.artery.ArteryTransport(akka://worker) - Remoting started; listening on address: [akka://worker@10.0.0.239:5412] with UID [-4495706467026104215]
16:49:23.383 [worker-akka.actor.default-dispatcher-2] INFO  a.a.RepointableActorRef akka://worker/user/watcher - Starting...
16:49:23.394 [worker-akka.actor.default-dispatcher-6] INFO  o.a.z.ZooKeeper  - Client environment:zookeeper.version=3.4.9-1757313, built on 08/23/2016 06:50 GMT
16:49:23.395 [worker-akka.actor.default-dispatcher-6] INFO  o.a.z.ZooKeeper  - Client environment:host.name=localhost
16:49:23.395 [worker-akka.actor.default-dispatcher-6] INFO  o.a.z.ZooKeeper  - Client environment:java.version=1.8.0_151
16:49:23.395 [worker-akka.actor.default-dispatcher-6] INFO  o.a.z.ZooKeeper  - Client environment:java.vendor=Oracle Corporation
16:49:23.395 [worker-akka.actor.default-dispatcher-6] INFO  o.a.z.ZooKeeper  - Client environment:java.home=/usr/lib/jvm/java-8-openjdk-amd64/jre
16:49:23.395 [worker-akka.actor.default-dispatcher-6] INFO  o.a.z.ZooKeeper  - Client environment:java.class.path=lib/commons-cli-1.4.jar:lib/minlog-1.3.0.jar:lib/asm-5.0.4.jar:lib/hadoop-annotations-2.7.3.jar:lib/hadoop-auth-2.7.3.jar:lib/akka-slf4j_2.11-2.5.6.jar:lib/jersey-core-1.9.jar:lib/lz4-1.3.0.jar:lib/jackson-core-asl-1.9.13.jar:lib/aeron-client-1.3.0.jar:lib/htrace-core-3.1.0-incubating.jar:lib/xz-1.0.jar:lib/commons-httpclient-3.1.jar:lib/asm-3.1.jar:lib/commons-lang3-3.4.jar:lib/scala-library-2.11.11.jar:lib/scala-java8-compat_2.11-0.7.0.jar:lib/commons-configuration-1.6.jar:lib/objenesis-2.1.jar:lib/jackson-annotations-2.8.0.jar:lib/jsr305-3.0.0.jar:lib/curator-framework-2.7.1.jar:lib/jersey-server-1.9.jar:lib/jets3t-0.9.0.jar:lib/leveldb-0.7.jar:lib/jetty-6.1.26.jar:lib/stax-api-1.0-2.jar:lib/flamestream-core-1.0-SNAPSHOT.jar:lib/reflectasm-1.07-shaded.jar:lib/apacheds-kerberos-codec-2.0.0-M15.jar:lib/api-asn1-api-1.0.0-M20.jar:lib/commons-lang-2.6.jar:lib/commons-beanutils-1.7.0.jar:lib/jackson-xc-1.8.3.jar:lib/jetty-util-6.1.26.jar:lib/logback-classic-1.2.3.jar:lib/jool-0.9.12.jar:lib/httpcore-4.1.2.jar:lib/kryo-4.0.0.jar:lib/ant-1.8.1.jar:lib/jaxb-impl-2.2.3-1.jar:lib/jersey-json-1.9.jar:lib/commons-compress-1.4.1.jar:lib/leveldbjni-all-1.8.jar:lib/paranamer-2.3.jar:lib/jackson-core-2.8.4.jar:lib/commons-math3-3.6.1.jar:lib/scala-parser-combinators_2.11-1.0.4.jar:lib/netty-3.10.6.Final.jar:lib/trove4j-3.0.3.jar:lib/jaxb-api-2.2.2.jar:lib/logback-core-1.2.3.jar:lib/snappy-java-1.0.4.1.jar:lib/protobuf-java-2.5.0.jar:lib/reactive-streams-1.0.1.jar:lib/flamestream-examples-1.0-SNAPSHOT.jar:lib/commons-codec-1.4.jar:lib/activation-1.1.jar:lib/commons-net-3.1.jar:lib/curator-recipes-2.7.1.jar:lib/jackson-mapper-asl-1.9.13.jar:lib/jackson-databind-2.8.4.jar:lib/flamestream-runtime-1.0-SNAPSHOT.jar:lib/jackson-jaxrs-1.8.3.jar:lib/slf4j-api-1.7.24.jar:lib/akka-remote_2.11-2.5.6.jar:lib/akka-testkit_2.11-2.5.6.jar:lib/jline-0.9.94.jar:lib/jedis-2.9.0.jar:lib/akka-stream_2.11-2.5.6.jar:lib/jsp-api-2.1.jar:lib/kryonet-2.21.jar:lib/akka-kryo-serialization_2.11-0.5.0.jar:lib/config-1.3.1.jar:lib/ant-launcher-1.8.1.jar:lib/commons-logging-1.2.jar:lib/ssl-config-core_2.11-0.2.2.jar:lib/testng-6.10.jar:lib/leveldb-api-0.7.jar:lib/reflectasm-1.11.3.jar:lib/jcommander-1.48.jar:lib/commons-1.1.jar:lib/commons-digester-1.8.jar:lib/minlog-1.2.jar:lib/java-xmlbuilder-0.4.jar:lib/jettison-1.1.jar:lib/gson-2.2.4.jar:lib/jdk.tools-1.8.jar:lib/aeron-driver-1.3.0.jar:lib/zookeeper-3.4.9.jar:lib/commons-beanutils-core-1.8.0.jar:lib/commons-math3-3.1.1.jar:lib/akka-actor_2.11-2.5.6.jar:lib/curator-client-2.7.1.jar:lib/servlet-api-2.5.jar:lib/commons-pool2-2.4.2.jar:lib/apacheds-i18n-2.0.0-M15.jar:lib/commons-io-2.4.jar:lib/commons-codec-1.6.jar:lib/akka-protobuf_2.11-2.5.6.jar:lib/jdom-2.0.2.jar:lib/rocksdbjni-5.5.1.jar:lib/api-util-1.0.0-M20.jar:lib/hadoop-common-2.7.3.jar:lib/agrona-0.9.6.jar:lib/xmlenc-0.52.jar:lib/guava-21.0.jar:lib/commons-collections-3.2.2.jar:lib/avro-1.7.4.jar:lib/httpclient-4.1.2.jar:lib/flamestream-core-1.0-SNAPSHOT-tests.jar:lib/annotations-12.0.jar:lib/jsch-0.1.42.jar:flamestream-runtime-1.0-SNAPSHOT.jar
16:49:23.396 [worker-akka.actor.default-dispatcher-6] INFO  o.a.z.ZooKeeper  - Client environment:java.library.path=/usr/java/packages/lib/amd64:/usr/lib/x86_64-linux-gnu/jni:/lib/x86_64-linux-gnu:/usr/lib/x86_64-linux-gnu:/usr/lib/jni:/lib:/usr/lib
16:49:23.396 [worker-akka.actor.default-dispatcher-6] INFO  o.a.z.ZooKeeper  - Client environment:java.io.tmpdir=/tmp
16:49:23.396 [worker-akka.actor.default-dispatcher-6] INFO  o.a.z.ZooKeeper  - Client environment:java.compiler=<NA>
16:49:23.396 [worker-akka.actor.default-dispatcher-6] INFO  o.a.z.ZooKeeper  - Client environment:os.name=Linux
16:49:23.396 [worker-akka.actor.default-dispatcher-6] INFO  o.a.z.ZooKeeper  - Client environment:os.arch=amd64
16:49:23.397 [worker-akka.actor.default-dispatcher-6] INFO  o.a.z.ZooKeeper  - Client environment:os.version=4.4.0-1049-aws
16:49:23.398 [worker-akka.actor.default-dispatcher-6] INFO  o.a.z.ZooKeeper  - Client environment:user.name=root
16:49:23.398 [worker-akka.actor.default-dispatcher-6] INFO  o.a.z.ZooKeeper  - Client environment:user.home=/root
16:49:23.398 [worker-akka.actor.default-dispatcher-6] INFO  o.a.z.ZooKeeper  - Client environment:user.dir=/opt/flamestream
16:49:23.399 [worker-akka.actor.default-dispatcher-6] INFO  o.a.z.ZooKeeper  - Initiating client connection, connectString=10.0.0.70:2181 sessionTimeout=5000 watcher=com.spbsu.flamestream.runtime.application.LifecycleWatcher$$Lambda$29/1927349721@33dcd8bb
16:49:23.432 [worker-akka.actor.default-dispatcher-2] INFO  a.a.RepointableActorRef akka://worker/user/watcher - Initializing rocksDB backend
16:49:23.435 [worker-akka.actor.default-dispatcher-6-SendThread(10.0.0.70:2181)] INFO  o.a.z.ClientCnxn  - Opening socket connection to server 10.0.0.70/10.0.0.70:2181. Will not attempt to authenticate using SASL (unknown error)
16:49:23.442 [worker-akka.actor.default-dispatcher-6-SendThread(10.0.0.70:2181)] INFO  o.a.z.ClientCnxn  - Socket connection established to 10.0.0.70/10.0.0.70:2181, initiating session
16:49:23.453 [worker-akka.actor.default-dispatcher-6-SendThread(10.0.0.70:2181)] INFO  o.a.z.ClientCnxn  - Session establishment complete on server 10.0.0.70/10.0.0.70:2181, sessionid = 0x16253c2d3b80005, negotiated timeout = 6000
16:49:23.621 [worker-akka.actor.default-dispatcher-2] INFO  a.a.RepointableActorRef akka://worker/user/watcher - Connected to ZK
16:49:32.095 [worker-akka.actor.default-dispatcher-2] INFO  a.a.RepointableActorRef akka://worker/user/watcher - Creating node with watchGraphs: 'com.spbsu.flamestream.core.Graph$Builder$MyGraph@1bc011a5', config: 'ClusterConfig{paths={10.0.0.239=akka://worker@10.0.0.239:5412/user/watcher/graph, 10.0.0.205=akka://worker@10.0.0.205:5412/user/watcher/graph, 10.0.0.139=akka://worker@10.0.0.139:5412/user/watcher/graph, 10.0.0.218=akka://worker@10.0.0.218:5412/user/watcher/graph, 10.0.0.225=akka://worker@10.0.0.225:5412/user/watcher/graph, 10.0.0.15=akka://worker@10.0.0.15:5412/user/watcher/graph, 10.0.0.37=akka://worker@10.0.0.37:5412/user/watcher/graph, 10.0.0.57=akka://worker@10.0.0.57:5412/user/watcher/graph, 10.0.0.155=akka://worker@10.0.0.155:5412/user/watcher/graph, 10.0.0.188=akka://worker@10.0.0.188:5412/user/watcher/graph}, ackerLocation='10.0.0.188', props=ComputationLayout{hashGroups={10.0.0.239=com.spbsu.flamestream.runtime.config.HashGroup@1ffe1b9d, 10.0.0.205=com.spbsu.flamestream.runtime.config.HashGroup@5d5c21bc, 10.0.0.139=com.spbsu.flamestream.runtime.config.HashGroup@56dcaf5d, 10.0.0.218=com.spbsu.flamestream.runtime.config.HashGroup@c65a7748, 10.0.0.225=com.spbsu.flamestream.runtime.config.HashGroup@231425fe, 10.0.0.15=com.spbsu.flamestream.runtime.config.HashGroup@fbc82752, 10.0.0.37=com.spbsu.flamestream.runtime.config.HashGroup@ccbcd570, 10.0.0.57=com.spbsu.flamestream.runtime.config.HashGroup@4276a447, 10.0.0.155=com.spbsu.flamestream.runtime.config.HashGroup@3fc198ed, 10.0.0.188=com.spbsu.flamestream.runtime.config.HashGroup@c01f}}}'
16:49:32.965 [worker-akka.actor.default-dispatcher-7] INFO  a.a.LocalActorRef akka://worker/user/watcher/graph/graph - Starting...
16:49:32.978 [worker-akka.actor.default-dispatcher-6] INFO  a.a.LocalActorRef akka://worker/user/watcher/graph/graph/local-acker/$a - Starting...
16:49:32.986 [worker-akka.actor.default-dispatcher-7] INFO  a.a.LocalActorRef akka://worker/user/watcher/graph/graph/local-acker - Starting...
16:49:33.553 [worker-akka.actor.default-dispatcher-4] INFO  a.a.LocalActorRef akka://worker/user/watcher/graph/graph - Finishing constructor
16:49:33.554 [worker-akka.actor.default-dispatcher-3] INFO  a.a.LocalActorRef akka://worker/user/watcher/graph/edge - Starting...
16:49:33.556 [worker-akka.actor.default-dispatcher-7] INFO  a.a.LocalActorRef akka://worker/user/watcher/graph - Starting...
16:49:33.562 [worker-akka.actor.default-dispatcher-5] INFO  a.a.LocalActorRef akka://worker/user/watcher/graph/negotiator - Starting...
16:49:33.588 [worker-akka.actor.default-dispatcher-6] INFO  a.a.LocalActorRef akka://worker/user/watcher/graph/negotiator - Requesting ticket for the frontClass FlameSocketGraphDeployerFront@10.0.0.239
16:49:33.615 [worker-akka.actor.default-dispatcher-12] INFO  a.a.LocalActorRef akka://worker/user/watcher/graph/graph - Received last commit 'LastCommit{globalTime=(0000000, min@min)}'
16:49:33.642 [worker-akka.actor.default-dispatcher-7] INFO  a.a.LocalActorRef akka://worker/user/watcher/graph/edge/FlameSocketGraphDeployerFront - Starting...
16:49:33.644 [worker-akka.actor.default-dispatcher-2] INFO  c.s.f.r.e.s.SocketRear  - FlameSocketGraphDeployerRear@10.0.0.239: connecting to 10.0.0.70:5678
16:49:33.656 [worker-akka.actor.default-dispatcher-2] INFO  c.s.f.r.e.s.SocketRear  - FlameSocketGraphDeployerRear@10.0.0.239: connected to 10.0.0.70:5678
16:49:33.657 [worker-akka.actor.default-dispatcher-2] INFO  a.a.LocalActorRef akka://worker/user/watcher/graph/edge/FlameSocketGraphDeployerRear - Starting...
16:49:33.702 [worker-akka.actor.default-dispatcher-4] INFO  a.a.LocalActorRef akka://worker/user/watcher/graph/graph/$a - Starting...
16:49:33.715 [worker-akka.actor.default-dispatcher-4] INFO  a.a.LocalActorRef akka://worker/user/watcher/graph/graph/$b - Starting...
16:49:33.748 [worker-akka.actor.default-dispatcher-4] INFO  a.a.LocalActorRef akka://worker/user/watcher/graph/graph/$b - Attached rear to graph (-9223372036854775808, min@min)
16:49:33.750 [worker-akka.actor.default-dispatcher-4] INFO  a.a.LocalActorRef akka://worker/user/watcher/graph/graph/$c - Starting...
16:49:34.486 [worker-akka.actor.default-dispatcher-4] INFO  a.a.LocalActorRef akka://worker/user/watcher/graph/negotiator - Ticket for the frontClass received: FrontTicket{allowedTimestamp=(0000000, FlameSocketGraphDeployerFront@10.0.0.239)}
16:49:34.487 [worker-akka.actor.default-dispatcher-4] INFO  c.s.f.r.e.s.SocketFront  - FlameSocketGraphDeployerFront@10.0.0.239: connecting to 10.0.0.70:4567
16:49:34.497 [Client] INFO  c.s.f.r.e.s.SocketFront  - FlameSocketGraphDeployerFront@10.0.0.239 has been disconnected from Connection 2
2018-03-23T16:49:38.675+0000: 17.762: [GC (Allocation Failure) 2018-03-23T16:49:38.675+0000: 17.762: [DefNew: 136576K->16039K(153600K), 0.0242893 secs] 152395K->51390K(494976K), 0.0243579 secs] [Times: user=0.00 sys=0.02, real=0.02 secs] 
2018-03-23T16:49:43.293+0000: 22.380: [GC (Allocation Failure) 2018-03-23T16:49:43.293+0000: 22.380: [DefNew: 152513K->4893K(153600K), 0.0225992 secs] 187864K->48487K(494976K), 0.0226694 secs] [Times: user=0.01 sys=0.02, real=0.02 secs] 
2018-03-23T16:49:47.666+0000: 26.753: [GC (Allocation Failure) 2018-03-23T16:49:47.666+0000: 26.753: [DefNew: 141423K->6201K(153600K), 0.0181309 secs] 185017K->49795K(494976K), 0.0181960 secs] [Times: user=0.02 sys=0.00, real=0.02 secs] 
2018-03-23T16:49:51.556+0000: 30.643: [GC (Allocation Failure) 2018-03-23T16:49:51.556+0000: 30.643: [DefNew: 142236K->6765K(153600K), 0.0130345 secs] 185830K->50359K(494976K), 0.0130904 secs] [Times: user=0.01 sys=0.00, real=0.01 secs] 
2018-03-23T16:49:55.659+0000: 34.746: [GC (Allocation Failure) 2018-03-23T16:49:55.659+0000: 34.746: [DefNew: 142935K->9441K(153600K), 0.0103124 secs] 186529K->53035K(494976K), 0.0103754 secs] [Times: user=0.01 sys=0.00, real=0.01 secs] 
2018-03-23T16:49:59.139+0000: 38.227: [GC (Allocation Failure) 2018-03-23T16:49:59.140+0000: 38.227: [DefNew: 146017K->8345K(153600K), 0.0128224 secs] 189611K->53306K(494976K), 0.0128956 secs] [Times: user=0.00 sys=0.01, real=0.02 secs] 
2018-03-23T16:50:02.243+0000: 41.330: [GC (Allocation Failure) 2018-03-23T16:50:02.243+0000: 41.330: [DefNew: 144921K->9044K(153600K), 0.0096883 secs] 189882K->54005K(494976K), 0.0097619 secs] [Times: user=0.02 sys=0.00, real=0.02 secs] 
2018-03-23T16:50:05.186+0000: 44.273: [GC (Allocation Failure) 2018-03-23T16:50:05.186+0000: 44.273: [DefNew: 144664K->8668K(153600K), 0.0114878 secs] 189625K->54559K(494976K), 0.0115610 secs] [Times: user=0.01 sys=0.00, real=0.01 secs] 
2018-03-23T16:50:08.101+0000: 47.189: [GC (Allocation Failure) 2018-03-23T16:50:08.102+0000: 47.189: [DefNew: 143916K->8953K(153600K), 0.0105301 secs] 189807K->55267K(494976K), 0.0105886 secs] [Times: user=0.01 sys=0.00, real=0.02 secs] 
2018-03-23T16:50:11.443+0000: 50.530: [GC (Allocation Failure) 2018-03-23T16:50:11.443+0000: 50.530: [DefNew: 145529K->5063K(153600K), 0.0136241 secs] 191843K->56066K(494976K), 0.0137035 secs] [Times: user=0.02 sys=0.00, real=0.02 secs] 
2018-03-23T16:50:14.145+0000: 53.232: [GC (Allocation Failure) 2018-03-23T16:50:14.145+0000: 53.232: [DefNew: 140485K->5549K(153600K), 0.0185414 secs] 191488K->56552K(494976K), 0.0186086 secs] [Times: user=0.02 sys=0.00, real=0.02 secs] 
2018-03-23T16:50:17.161+0000: 56.248: [GC (Allocation Failure) 2018-03-23T16:50:17.161+0000: 56.248: [DefNew: 142125K->9766K(153600K), 0.0113125 secs] 193128K->60768K(494976K), 0.0113840 secs] [Times: user=0.01 sys=0.00, real=0.02 secs] 
2018-03-23T16:50:20.057+0000: 59.144: [GC (Allocation Failure) 2018-03-23T16:50:20.057+0000: 59.144: [DefNew: 146342K->13224K(153600K), 0.0140537 secs] 197344K->66024K(494976K), 0.0141238 secs] [Times: user=0.01 sys=0.00, real=0.02 secs] 
2018-03-23T16:50:22.822+0000: 61.909: [GC (Allocation Failure) 2018-03-23T16:50:22.822+0000: 61.909: [DefNew: 149800K->6710K(153600K), 0.0141108 secs] 202600K->65797K(494976K), 0.0141789 secs] [Times: user=0.01 sys=0.00, real=0.02 secs] 
2018-03-23T16:50:25.754+0000: 64.841: [GC (Allocation Failure) 2018-03-23T16:50:25.754+0000: 64.842: [DefNew: 143286K->7653K(153600K), 0.0084611 secs] 202373K->66740K(494976K), 0.0085418 secs] [Times: user=0.01 sys=0.00, real=0.01 secs] 
2018-03-23T16:50:28.321+0000: 67.408: [GC (Allocation Failure) 2018-03-23T16:50:28.321+0000: 67.408: [DefNew: 142936K->8678K(153600K), 0.0191831 secs] 202024K->67765K(494976K), 0.0192548 secs] [Times: user=0.01 sys=0.00, real=0.02 secs] 
2018-03-23T16:50:30.848+0000: 69.935: [GC (Allocation Failure) 2018-03-23T16:50:30.848+0000: 69.935: [DefNew: 145254K->4828K(153600K), 0.0253740 secs] 204341K->68285K(494976K), 0.0254362 secs] [Times: user=0.02 sys=0.00, real=0.03 secs] 
2018-03-23T16:50:33.584+0000: 72.672: [GC (Allocation Failure) 2018-03-23T16:50:33.584+0000: 72.672: [DefNew: 139839K->5284K(153600K), 0.0172193 secs] 203296K->68741K(494976K), 0.0172925 secs] [Times: user=0.01 sys=0.00, real=0.01 secs] 
2018-03-23T16:50:36.143+0000: 75.230: [GC (Allocation Failure) 2018-03-23T16:50:36.143+0000: 75.230: [DefNew: 141860K->6869K(153600K), 0.0201569 secs] 205317K->70326K(494976K), 0.0202331 secs] [Times: user=0.02 sys=0.00, real=0.02 secs] 
2018-03-23T16:50:38.471+0000: 77.558: [GC (Allocation Failure) 2018-03-23T16:50:38.471+0000: 77.558: [DefNew: 142474K->6305K(153600K), 0.0104044 secs] 205931K->69762K(494976K), 0.0104687 secs] [Times: user=0.01 sys=0.00, real=0.00 secs] 
2018-03-23T16:50:41.038+0000: 80.125: [GC (Allocation Failure) 2018-03-23T16:50:41.038+0000: 80.125: [DefNew: 142861K->6783K(153600K), 0.0106958 secs] 206319K->70240K(494976K), 0.0107642 secs] [Times: user=0.02 sys=0.00, real=0.01 secs] 
2018-03-23T16:50:43.662+0000: 82.749: [GC (Allocation Failure) 2018-03-23T16:50:43.662+0000: 82.749: [DefNew: 143359K->7638K(153600K), 0.0119034 secs] 206816K->71095K(494976K), 0.0119732 secs] [Times: user=0.02 sys=0.00, real=0.02 secs] 
2018-03-23T16:50:45.981+0000: 85.068: [GC (Allocation Failure) 2018-03-23T16:50:45.981+0000: 85.068: [DefNew: 142381K->7307K(153600K), 0.0196681 secs] 205838K->70764K(494976K), 0.0197429 secs] [Times: user=0.02 sys=0.00, real=0.02 secs] 
2018-03-23T16:50:48.511+0000: 87.598: [GC (Allocation Failure) 2018-03-23T16:50:48.511+0000: 87.598: [DefNew: 142048K->7894K(153600K), 0.0113601 secs] 205505K->71351K(494976K), 0.0114420 secs] [Times: user=0.01 sys=0.00, real=0.01 secs] 
2018-03-23T16:50:50.904+0000: 89.991: [GC (Allocation Failure) 2018-03-23T16:50:50.904+0000: 89.991: [DefNew: 144470K->9148K(153600K), 0.0247635 secs] 207927K->72605K(494976K), 0.0248397 secs] [Times: user=0.03 sys=0.00, real=0.02 secs] 
2018-03-23T16:50:53.702+0000: 92.789: [GC (Allocation Failure) 2018-03-23T16:50:53.702+0000: 92.789: [DefNew: 145478K->7775K(153600K), 0.0129295 secs] 208935K->72086K(494976K), 0.0130042 secs] [Times: user=0.01 sys=0.00, real=0.02 secs] 
2018-03-23T16:50:56.073+0000: 95.160: [GC (Allocation Failure) 2018-03-23T16:50:56.073+0000: 95.160: [DefNew: 142006K->8130K(153600K), 0.0117769 secs] 206317K->72441K(494976K), 0.0118426 secs] [Times: user=0.01 sys=0.00, real=0.01 secs] 
2018-03-23T16:50:58.495+0000: 97.582: [GC (Allocation Failure) 2018-03-23T16:50:58.495+0000: 97.582: [DefNew: 144706K->8370K(153600K), 0.0116294 secs] 209017K->72680K(494976K), 0.0116981 secs] [Times: user=0.01 sys=0.00, real=0.01 secs] 
2018-03-23T16:51:01.048+0000: 100.135: [GC (Allocation Failure) 2018-03-23T16:51:01.048+0000: 100.135: [DefNew: 144946K->9062K(153600K), 0.0132633 secs] 209256K->73373K(494976K), 0.0133318 secs] [Times: user=0.01 sys=0.00, real=0.01 secs] 
2018-03-23T16:51:03.636+0000: 102.723: [GC (Allocation Failure) 2018-03-23T16:51:03.636+0000: 102.724: [DefNew: 145269K->8090K(153600K), 0.0138953 secs] 209580K->73097K(494976K), 0.0139646 secs] [Times: user=0.01 sys=0.00, real=0.01 secs] 
2018-03-23T16:51:05.954+0000: 105.042: [GC (Allocation Failure) 2018-03-23T16:51:05.954+0000: 105.042: [DefNew: 144161K->8618K(153600K), 0.0133307 secs] 209168K->73625K(494976K), 0.0133901 secs] [Times: user=0.01 sys=0.00, real=0.01 secs] 
2018-03-23T16:51:08.319+0000: 107.406: [GC (Allocation Failure) 2018-03-23T16:51:08.319+0000: 107.406: [DefNew: 145194K->9592K(153600K), 0.0145675 secs] 210201K->75032K(494976K), 0.0146507 secs] [Times: user=0.01 sys=0.00, real=0.02 secs] 
2018-03-23T16:51:10.919+0000: 110.006: [GC (Allocation Failure) 2018-03-23T16:51:10.919+0000: 110.006: [DefNew: 146168K->7726K(153600K), 0.0138233 secs] 211608K->74629K(494976K), 0.0139069 secs] [Times: user=0.01 sys=0.00, real=0.02 secs] 
2018-03-23T16:51:13.371+0000: 112.458: [GC (Allocation Failure) 2018-03-23T16:51:13.371+0000: 112.458: [DefNew: 144302K->7785K(153600K), 0.0120231 secs] 211205K->74688K(494976K), 0.0120925 secs] [Times: user=0.01 sys=0.00, real=0.02 secs] 
2018-03-23T16:51:15.810+0000: 114.897: [GC (Allocation Failure) 2018-03-23T16:51:15.810+0000: 114.897: [DefNew: 142310K->7743K(153600K), 0.0109788 secs] 209212K->74645K(494976K), 0.0110485 secs] [Times: user=0.02 sys=0.00, real=0.01 secs] 
2018-03-23T16:51:18.112+0000: 117.199: [GC (Allocation Failure) 2018-03-23T16:51:18.112+0000: 117.199: [DefNew: 141465K->8199K(153600K), 0.0122324 secs] 208367K->75101K(494976K), 0.0123038 secs] [Times: user=0.01 sys=0.00, real=0.01 secs] 
2018-03-23T16:51:20.405+0000: 119.492: [GC (Allocation Failure) 2018-03-23T16:51:20.405+0000: 119.492: [DefNew: 144742K->9627K(153600K), 0.0171304 secs] 211644K->76762K(494976K), 0.0171881 secs] [Times: user=0.02 sys=0.00, real=0.01 secs] 
2018-03-23T16:51:22.441+0000: 121.528: [GC (Allocation Failure) 2018-03-23T16:51:22.441+0000: 121.528: [DefNew: 146203K->17024K(153600K), 0.0628804 secs] 213338K->92181K(494976K), 0.0629485 secs] [Times: user=0.04 sys=0.01, real=0.07 secs] 
2018-03-23T16:51:24.614+0000: 123.701: [GC (Allocation Failure) 2018-03-23T16:51:24.614+0000: 123.701: [DefNew: 153502K->3712K(153600K), 0.0437221 secs] 228659K->95772K(494976K), 0.0437933 secs] [Times: user=0.03 sys=0.02, real=0.04 secs] 
2018-03-23T16:51:27.074+0000: 126.161: [GC (Allocation Failure) 2018-03-23T16:51:27.074+0000: 126.161: [DefNew: 140288K->5203K(153600K), 0.0211227 secs] 232348K->97263K(494976K), 0.0211898 secs] [Times: user=0.02 sys=0.00, real=0.02 secs] 
2018-03-23T16:51:29.641+0000: 128.728: [GC (Allocation Failure) 2018-03-23T16:51:29.641+0000: 128.728: [DefNew: 141779K->4634K(153600K), 0.0078054 secs] 233839K->96694K(494976K), 0.0078805 secs] [Times: user=0.01 sys=0.00, real=0.01 secs] 
2018-03-23T16:51:32.082+0000: 131.169: [GC (Allocation Failure) 2018-03-23T16:51:32.082+0000: 131.169: [DefNew: 141210K->6195K(153600K), 0.0173573 secs] 233270K->98255K(494976K), 0.0174359 secs] [Times: user=0.01 sys=0.00, real=0.02 secs] 
2018-03-23T16:51:34.404+0000: 133.491: [GC (Allocation Failure) 2018-03-23T16:51:34.404+0000: 133.491: [DefNew: 140976K->5628K(153600K), 0.0092555 secs] 233036K->97687K(494976K), 0.0093369 secs] [Times: user=0.01 sys=0.00, real=0.01 secs] 
2018-03-23T16:51:36.780+0000: 135.867: [GC (Allocation Failure) 2018-03-23T16:51:36.780+0000: 135.867: [DefNew: 142204K->7420K(153600K), 0.0109549 secs] 234263K->99479K(494976K), 0.0110232 secs] [Times: user=0.01 sys=0.00, real=0.01 secs] 
2018-03-23T16:51:39.181+0000: 138.268: [GC (Allocation Failure) 2018-03-23T16:51:39.181+0000: 138.268: [DefNew: 143989K->7038K(153600K), 0.0105342 secs] 236049K->99097K(494976K), 0.0106035 secs] [Times: user=0.01 sys=0.00, real=0.02 secs] 
2018-03-23T16:51:41.637+0000: 140.724: [GC (Allocation Failure) 2018-03-23T16:51:41.637+0000: 140.725: [DefNew: 143614K->7663K(153600K), 0.0115845 secs] 235673K->99723K(494976K), 0.0116563 secs] [Times: user=0.01 sys=0.00, real=0.01 secs] 
2018-03-23T16:51:43.894+0000: 142.981: [GC (Allocation Failure) 2018-03-23T16:51:43.894+0000: 142.981: [DefNew: 144239K->8081K(153600K), 0.0118059 secs] 236299K->100140K(494976K), 0.0118782 secs] [Times: user=0.02 sys=0.00, real=0.01 secs] 
2018-03-23T16:51:46.144+0000: 145.231: [GC (Allocation Failure) 2018-03-23T16:51:46.144+0000: 145.231: [DefNew: 144657K->7279K(153600K), 0.0107077 secs] 236716K->99339K(494976K), 0.0107874 secs] [Times: user=0.01 sys=0.00, real=0.01 secs] 
2018-03-23T16:51:48.447+0000: 147.534: [GC (Allocation Failure) 2018-03-23T16:51:48.447+0000: 147.534: [DefNew: 143855K->7335K(153600K), 0.0186205 secs] 235915K->99395K(494976K), 0.0187032 secs] [Times: user=0.02 sys=0.00, real=0.02 secs] 
2018-03-23T16:51:50.651+0000: 149.738: [GC (Allocation Failure) 2018-03-23T16:51:50.651+0000: 149.738: [DefNew: 143031K->7591K(153600K), 0.0110487 secs] 235090K->99651K(494976K), 0.0111327 secs] [Times: user=0.01 sys=0.01, real=0.01 secs] 
2018-03-23T16:51:52.965+0000: 152.052: [GC (Allocation Failure) 2018-03-23T16:51:52.965+0000: 152.052: [DefNew: 144167K->9226K(153600K), 0.0127158 secs] 236227K->101285K(494976K), 0.0127865 secs] [Times: user=0.01 sys=0.00, real=0.01 secs] 
2018-03-23T16:51:55.429+0000: 154.516: [GC (Allocation Failure) 2018-03-23T16:51:55.429+0000: 154.516: [DefNew: 145802K->9133K(153600K), 0.0153622 secs] 237861K->102286K(494976K), 0.0154358 secs] [Times: user=0.01 sys=0.00, real=0.02 secs] 
2018-03-23T16:51:57.761+0000: 156.848: [GC (Allocation Failure) 2018-03-23T16:51:57.761+0000: 156.849: [DefNew: 145709K->8591K(153600K), 0.0247187 secs] 238862K->102463K(494976K), 0.0247937 secs] [Times: user=0.02 sys=0.00, real=0.03 secs] 
2018-03-23T16:51:59.865+0000: 158.952: [GC (Allocation Failure) 2018-03-23T16:51:59.865+0000: 158.952: [DefNew: 141216K->7058K(153600K), 0.0115838 secs] 235088K->101302K(494976K), 0.0116600 secs] [Times: user=0.01 sys=0.00, real=0.01 secs] 
2018-03-23T16:52:02.199+0000: 161.287: [GC (Allocation Failure) 2018-03-23T16:52:02.199+0000: 161.287: [DefNew: 143634K->9286K(153600K), 0.0142788 secs] 237878K->103531K(494976K), 0.0143542 secs] [Times: user=0.01 sys=0.00, real=0.02 secs] 
2018-03-23T16:52:04.437+0000: 163.525: [GC (Allocation Failure) 2018-03-23T16:52:04.438+0000: 163.525: [DefNew: 145862K->8442K(153600K), 0.0267004 secs] 240107K->103615K(494976K), 0.0267750 secs] [Times: user=0.03 sys=0.00, real=0.03 secs] 
2018-03-23T16:52:06.929+0000: 166.016: [GC (Allocation Failure) 2018-03-23T16:52:06.929+0000: 166.016: [DefNew: 144415K->7041K(153600K), 0.0130927 secs] 239588K->102215K(494976K), 0.0131789 secs] [Times: user=0.01 sys=0.00, real=0.01 secs] 
2018-03-23T16:52:09.071+0000: 168.158: [GC (Allocation Failure) 2018-03-23T16:52:09.071+0000: 168.158: [DefNew: 143617K->8672K(153600K), 0.0218244 secs] 238791K->103845K(494976K), 0.0218960 secs] [Times: user=0.02 sys=0.00, real=0.02 secs] 
2018-03-23T16:52:11.024+0000: 170.111: [GC (Allocation Failure) 2018-03-23T16:52:11.024+0000: 170.111: [DefNew: 145248K->8883K(153600K), 0.0248235 secs] 240421K->104328K(494976K), 0.0248976 secs] [Times: user=0.02 sys=0.00, real=0.02 secs] 
2018-03-23T16:52:13.365+0000: 172.452: [GC (Allocation Failure) 2018-03-23T16:52:13.365+0000: 172.452: [DefNew: 145459K->7828K(153600K), 0.0237355 secs] 240904K->103650K(494976K), 0.0238078 secs] [Times: user=0.02 sys=0.01, real=0.02 secs] 
2018-03-23T16:52:15.604+0000: 174.691: [GC (Allocation Failure) 2018-03-23T16:52:15.604+0000: 174.691: [DefNew: 139699K->7506K(153600K), 0.0178203 secs] 235522K->103329K(494976K), 0.0178923 secs] [Times: user=0.02 sys=0.00, real=0.01 secs] 
2018-03-23T16:52:17.666+0000: 176.753: [GC (Allocation Failure) 2018-03-23T16:52:17.666+0000: 176.753: [DefNew: 144082K->9771K(153600K), 0.0268152 secs] 239905K->105594K(494976K), 0.0268872 secs] [Times: user=0.03 sys=0.00, real=0.03 secs] 
2018-03-23T16:52:19.675+0000: 178.762: [GC (Allocation Failure) 2018-03-23T16:52:19.675+0000: 178.762: [DefNew: 142056K->6590K(153600K), 0.0226267 secs] 237878K->104031K(494976K), 0.0227094 secs] [Times: user=0.03 sys=0.00, real=0.02 secs] 
2018-03-23T16:52:21.803+0000: 180.891: [GC (Allocation Failure) 2018-03-23T16:52:21.803+0000: 180.891: [DefNew: 141780K->7032K(153600K), 0.0182576 secs] 239220K->104472K(494976K), 0.0183303 secs] [Times: user=0.02 sys=0.00, real=0.01 secs] 
2018-03-23T16:52:23.986+0000: 183.073: [GC (Allocation Failure) 2018-03-23T16:52:23.986+0000: 183.073: [DefNew: 142027K->7242K(153600K), 0.0227215 secs] 239467K->104683K(494976K), 0.0228024 secs] [Times: user=0.01 sys=0.01, real=0.02 secs] 
2018-03-23T16:52:26.206+0000: 185.293: [GC (Allocation Failure) 2018-03-23T16:52:26.206+0000: 185.293: [DefNew: 143818K->9603K(153600K), 0.0267427 secs] 241259K->107043K(494976K), 0.0268168 secs] [Times: user=0.03 sys=0.00, real=0.03 secs] 
2018-03-23T16:52:28.538+0000: 187.625: [GC (Allocation Failure) 2018-03-23T16:52:28.538+0000: 187.625: [DefNew: 145920K->7116K(153600K), 0.0195897 secs] 243360K->105709K(494976K), 0.0196626 secs] [Times: user=0.02 sys=0.00, real=0.02 secs] 
2018-03-23T16:52:31.005+0000: 190.092: [GC (Allocation Failure) 2018-03-23T16:52:31.005+0000: 190.093: [DefNew: 143692K->8172K(153600K), 0.0197829 secs] 242285K->106765K(494976K), 0.0198542 secs] [Times: user=0.02 sys=0.00, real=0.02 secs] 
2018-03-23T16:52:33.247+0000: 192.334: [GC (Allocation Failure) 2018-03-23T16:52:33.247+0000: 192.334: [DefNew: 141415K->7511K(153600K), 0.0173873 secs] 240007K->106103K(494976K), 0.0174606 secs] [Times: user=0.01 sys=0.00, real=0.02 secs] 
2018-03-23T16:52:35.366+0000: 194.453: [GC (Allocation Failure) 2018-03-23T16:52:35.366+0000: 194.453: [DefNew: 142771K->7907K(153600K), 0.0178082 secs] 241363K->106500K(494976K), 0.0178753 secs] [Times: user=0.02 sys=0.00, real=0.02 secs] 
2018-03-23T16:52:37.559+0000: 196.646: [GC (Allocation Failure) 2018-03-23T16:52:37.559+0000: 196.646: [DefNew: 140972K->8328K(153600K), 0.0190512 secs] 239564K->106920K(494976K), 0.0191359 secs] [Times: user=0.02 sys=0.00, real=0.02 secs] 
2018-03-23T16:52:39.733+0000: 198.821: [GC (Allocation Failure) 2018-03-23T16:52:39.733+0000: 198.821: [DefNew: 144904K->10202K(153600K), 0.0281202 secs] 243496K->108794K(494976K), 0.0281911 secs] [Times: user=0.03 sys=0.00, real=0.02 secs] 
2018-03-23T16:52:42.131+0000: 201.218: [GC (Allocation Failure) 2018-03-23T16:52:42.131+0000: 201.218: [DefNew: 143917K->7192K(153600K), 0.0226346 secs] 242509K->107604K(494976K), 0.0227084 secs] [Times: user=0.02 sys=0.00, real=0.03 secs] 
2018-03-23T16:52:44.423+0000: 203.510: [GC (Allocation Failure) 2018-03-23T16:52:44.423+0000: 203.510: [DefNew: 142406K->7491K(153600K), 0.0200150 secs] 242818K->107902K(494976K), 0.0200838 secs] [Times: user=0.02 sys=0.00, real=0.02 secs] 
2018-03-23T16:52:46.645+0000: 205.732: [GC (Allocation Failure) 2018-03-23T16:52:46.645+0000: 205.732: [DefNew: 144067K->9118K(153600K), 0.0208633 secs] 244478K->109530K(494976K), 0.0209450 secs] [Times: user=0.02 sys=0.00, real=0.02 secs] 
2018-03-23T16:52:48.928+0000: 208.015: [GC (Allocation Failure) 2018-03-23T16:52:48.928+0000: 208.015: [DefNew: 140739K->7113K(153600K), 0.0109501 secs] 241151K->108148K(494976K), 0.0110227 secs] [Times: user=0.01 sys=0.00, real=0.01 secs] 
2018-03-23T16:52:51.057+0000: 210.144: [GC (Allocation Failure) 2018-03-23T16:52:51.057+0000: 210.144: [DefNew: 140189K->7844K(153600K), 0.0208989 secs] 241224K->108880K(494976K), 0.0209715 secs] [Times: user=0.02 sys=0.00, real=0.02 secs] 
2018-03-23T16:52:53.158+0000: 212.245: [GC (Allocation Failure) 2018-03-23T16:52:53.158+0000: 212.245: [DefNew: 144420K->8239K(153600K), 0.0107449 secs] 245456K->109275K(494976K), 0.0108251 secs] [Times: user=0.02 sys=0.00, real=0.01 secs] 
2018-03-23T16:52:55.249+0000: 214.336: [GC (Allocation Failure) 2018-03-23T16:52:55.249+0000: 214.336: [DefNew: 141394K->8264K(153600K), 0.0113382 secs] 242429K->109299K(494976K), 0.0114098 secs] [Times: user=0.01 sys=0.00, real=0.01 secs] 
2018-03-23T16:52:57.216+0000: 216.303: [GC (Allocation Failure) 2018-03-23T16:52:57.216+0000: 216.303: [DefNew: 143176K->8774K(153600K), 0.0237335 secs] 244212K->109809K(494976K), 0.0238157 secs] [Times: user=0.02 sys=0.00, real=0.02 secs] 
2018-03-23T16:52:59.328+0000: 218.415: [GC (Allocation Failure) 2018-03-23T16:52:59.328+0000: 218.415: [DefNew: 145350K->10828K(153600K), 0.0161690 secs] 246385K->112218K(494976K), 0.0162409 secs] [Times: user=0.01 sys=0.00, real=0.02 secs] 
2018-03-23T16:53:01.470+0000: 220.557: [GC (Allocation Failure) 2018-03-23T16:53:01.470+0000: 220.557: [DefNew: 144373K->6857K(153600K), 0.0132519 secs] 245763K->110611K(494976K), 0.0133377 secs] [Times: user=0.02 sys=0.00, real=0.02 secs] 
2018-03-23T16:53:03.540+0000: 222.627: [GC (Allocation Failure) 2018-03-23T16:53:03.540+0000: 222.627: [DefNew: 141772K->7323K(153600K), 0.0195618 secs] 245527K->111077K(494976K), 0.0196443 secs] [Times: user=0.02 sys=0.00, real=0.02 secs] 
2018-03-23T16:53:05.720+0000: 224.808: [GC (Allocation Failure) 2018-03-23T16:53:05.720+0000: 224.808: [DefNew: 140017K->7428K(153600K), 0.0093785 secs] 243771K->111182K(494976K), 0.0094687 secs] [Times: user=0.01 sys=0.00, real=0.01 secs] 
2018-03-23T16:53:07.757+0000: 226.844: [GC (Allocation Failure) 2018-03-23T16:53:07.757+0000: 226.844: [DefNew: 144004K->9179K(153600K), 0.0192384 secs] 247758K->112933K(494976K), 0.0193022 secs] [Times: user=0.02 sys=0.00, real=0.02 secs] 
2018-03-23T16:53:09.835+0000: 228.922: [GC (Allocation Failure) 2018-03-23T16:53:09.835+0000: 228.922: [DefNew: 143702K->7265K(153600K), 0.0112787 secs] 247456K->111709K(494976K), 0.0113531 secs] [Times: user=0.01 sys=0.00, real=0.01 secs] 
2018-03-23T16:53:12.058+0000: 231.145: [GC (Allocation Failure) 2018-03-23T16:53:12.058+0000: 231.145: [DefNew: 143614K->7549K(153600K), 0.0186163 secs] 248058K->111993K(494976K), 0.0186911 secs] [Times: user=0.02 sys=0.00, real=0.02 secs] 
2018-03-23T16:53:14.317+0000: 233.404: [GC (Allocation Failure) 2018-03-23T16:53:14.317+0000: 233.404: [DefNew: 144125K->10624K(153600K), 0.0279536 secs] 248569K->115068K(494976K), 0.0280231 secs] [Times: user=0.03 sys=0.00, real=0.03 secs] 
2018-03-23T16:53:16.258+0000: 235.345: [GC (Allocation Failure) 2018-03-23T16:53:16.258+0000: 235.345: [DefNew: 147200K->13501K(153600K), 0.0233799 secs] 251644K->120179K(494976K), 0.0234510 secs] [Times: user=0.01 sys=0.01, real=0.02 secs] 
2018-03-23T16:53:18.358+0000: 237.445: [GC (Allocation Failure) 2018-03-23T16:53:18.358+0000: 237.445: [DefNew: 145253K->2186K(153600K), 0.0167132 secs] 251931K->113511K(494976K), 0.0167950 secs] [Times: user=0.02 sys=0.00, real=0.02 secs] 
2018-03-23T16:53:20.604+0000: 239.691: [GC (Allocation Failure) 2018-03-23T16:53:20.604+0000: 239.691: [DefNew: 138762K->4839K(153600K), 0.0128056 secs] 250087K->116164K(494976K), 0.0128872 secs] [Times: user=0.01 sys=0.00, real=0.01 secs] 
2018-03-23T16:53:22.622+0000: 241.709: [GC (Allocation Failure) 2018-03-23T16:53:22.622+0000: 241.709: [DefNew: 135712K->4030K(153600K), 0.0087197 secs] 247037K->115355K(494976K), 0.0087932 secs] [Times: user=0.01 sys=0.00, real=0.01 secs] 
2018-03-23T16:53:24.926+0000: 244.013: [GC (Allocation Failure) 2018-03-23T16:53:24.926+0000: 244.013: [DefNew: 140151K->4833K(153600K), 0.0121818 secs] 251476K->116158K(494976K), 0.0122543 secs] [Times: user=0.02 sys=0.00, real=0.01 secs] 
2018-03-23T16:53:26.985+0000: 246.072: [GC (Allocation Failure) 2018-03-23T16:53:26.985+0000: 246.072: [DefNew: 138618K->5348K(153600K), 0.0115829 secs] 249943K->116673K(494976K), 0.0116616 secs] [Times: user=0.01 sys=0.00, real=0.01 secs] 
2018-03-23T16:53:28.985+0000: 248.072: [GC (Allocation Failure) 2018-03-23T16:53:28.985+0000: 248.072: [DefNew: 141924K->8241K(153600K), 0.0221343 secs] 253249K->119566K(494976K), 0.0221954 secs] [Times: user=0.02 sys=0.00, real=0.02 secs] 
2018-03-23T16:53:31.232+0000: 250.319: [GC (Allocation Failure) 2018-03-23T16:53:31.232+0000: 250.319: [DefNew: 144817K->8615K(153600K), 0.0240036 secs] 256142K->119940K(494976K), 0.0240817 secs] [Times: user=0.02 sys=0.00, real=0.02 secs] 
2018-03-23T16:53:33.375+0000: 252.462: [GC (Allocation Failure) 2018-03-23T16:53:33.375+0000: 252.462: [DefNew: 145191K->6406K(153600K), 0.0175247 secs] 256516K->118162K(494976K), 0.0175979 secs] [Times: user=0.01 sys=0.00, real=0.02 secs] 
2018-03-23T16:53:35.315+0000: 254.402: [GC (Allocation Failure) 2018-03-23T16:53:35.315+0000: 254.402: [DefNew: 142982K->8471K(153600K), 0.0239525 secs] 254738K->120227K(494976K), 0.0240191 secs] [Times: user=0.02 sys=0.00, real=0.02 secs] 
2018-03-23T16:53:37.333+0000: 256.420: [GC (Allocation Failure) 2018-03-23T16:53:37.333+0000: 256.420: [DefNew: 143162K->7258K(153600K), 0.0162088 secs] 254919K->119015K(494976K), 0.0162844 secs] [Times: user=0.02 sys=0.00, real=0.01 secs] 
2018-03-23T16:53:39.371+0000: 258.458: [GC (Allocation Failure) 2018-03-23T16:53:39.371+0000: 258.458: [DefNew: 143834K->9673K(153600K), 0.0233623 secs] 255591K->121430K(494976K), 0.0234481 secs] [Times: user=0.02 sys=0.00, real=0.02 secs] 
2018-03-23T16:53:41.367+0000: 260.454: [GC (Allocation Failure) 2018-03-23T16:53:41.367+0000: 260.454: [DefNew: 138852K->6583K(153600K), 0.0105211 secs] 250609K->119600K(494976K), 0.0105906 secs] [Times: user=0.02 sys=0.00, real=0.01 secs] 
2018-03-23T16:53:43.329+0000: 262.416: [GC (Allocation Failure) 2018-03-23T16:53:43.329+0000: 262.416: [DefNew: 135631K->6953K(153600K), 0.0106923 secs] 248649K->119970K(494976K), 0.0107768 secs] [Times: user=0.01 sys=0.00, real=0.01 secs] 
2018-03-23T16:53:45.323+0000: 264.410: [GC (Allocation Failure) 2018-03-23T16:53:45.324+0000: 264.411: [DefNew: 143529K->8884K(153600K), 0.0166977 secs] 256546K->121901K(494976K), 0.0175613 secs] [Times: user=0.01 sys=0.01, real=0.01 secs] 
2018-03-23T16:53:47.418+0000: 266.505: [GC (Allocation Failure) 2018-03-23T16:53:47.418+0000: 266.505: [DefNew: 144618K->7308K(153600K), 0.0106643 secs] 257635K->120935K(494976K), 0.0107460 secs] [Times: user=0.00 sys=0.00, real=0.01 secs] 
2018-03-23T16:53:49.388+0000: 268.475: [GC (Allocation Failure) 2018-03-23T16:53:49.388+0000: 268.475: [DefNew: 143884K->9203K(153600K), 0.0254276 secs] 257511K->122830K(494976K), 0.0254991 secs] [Times: user=0.02 sys=0.00, real=0.03 secs] 
2018-03-23T16:53:51.492+0000: 270.579: [GC (Allocation Failure) 2018-03-23T16:53:51.492+0000: 270.579: [DefNew: 145779K->9540K(153600K), 0.0212877 secs] 259406K->124138K(494976K), 0.0213558 secs] [Times: user=0.01 sys=0.00, real=0.02 secs] 
2018-03-23T16:53:53.549+0000: 272.636: [GC (Allocation Failure) 2018-03-23T16:53:53.549+0000: 272.636: [DefNew: 138681K->6571K(153600K), 0.0192298 secs] 253279K->122239K(494976K), 0.0193029 secs] [Times: user=0.02 sys=0.00, real=0.02 secs] 
2018-03-23T16:53:55.588+0000: 274.675: [GC (Allocation Failure) 2018-03-23T16:53:55.588+0000: 274.675: [DefNew: 141101K->6891K(153600K), 0.0095429 secs] 256769K->122559K(494976K), 0.0096099 secs] [Times: user=0.01 sys=0.00, real=0.01 secs] 
2018-03-23T16:53:57.846+0000: 276.934: [GC (Allocation Failure) 2018-03-23T16:53:57.846+0000: 276.934: [DefNew: 143467K->10048K(153600K), 0.0227417 secs] 259135K->125717K(494976K), 0.0228097 secs] [Times: user=0.02 sys=0.00, real=0.02 secs] 
2018-03-23T16:53:59.991+0000: 279.078: [GC (Allocation Failure) 2018-03-23T16:53:59.991+0000: 279.078: [DefNew: 143980K->7479K(153600K), 0.0514504 secs] 259648K->124448K(494976K), 0.0515432 secs] [Times: user=0.05 sys=0.00, real=0.05 secs] 
2018-03-23T16:54:02.100+0000: 281.187: [GC (Allocation Failure) 2018-03-23T16:54:02.100+0000: 281.187: [DefNew: 142577K->7948K(153600K), 0.0231296 secs] 259547K->124918K(494976K), 0.0232137 secs] [Times: user=0.02 sys=0.00, real=0.03 secs] 
2018-03-23T16:54:03.840+0000: 282.927: [GC (Allocation Failure) 2018-03-23T16:54:03.840+0000: 282.927: [DefNew: 139898K->17023K(153600K), 0.0453516 secs] 256868K->144137K(494976K), 0.0454220 secs] [Times: user=0.05 sys=0.00, real=0.05 secs] 
2018-03-23T16:54:05.500+0000: 284.587: [GC (Allocation Failure) 2018-03-23T16:54:05.500+0000: 284.587: [DefNew: 153599K->17024K(153600K), 0.0568157 secs] 280713K->163627K(494976K), 0.0568884 secs] [Times: user=0.04 sys=0.01, real=0.06 secs] 
2018-03-23T16:54:07.600+0000: 286.687: [GC (Allocation Failure) 2018-03-23T16:54:07.600+0000: 286.687: [DefNew: 151303K->2844K(153600K), 0.0167325 secs] 297906K->166181K(494976K), 0.0168082 secs] [Times: user=0.01 sys=0.01, real=0.02 secs] 
2018-03-23T16:54:09.623+0000: 288.710: [GC (Allocation Failure) 2018-03-23T16:54:09.623+0000: 288.710: [DefNew: 139420K->6011K(153600K), 0.0098185 secs] 302757K->169347K(494976K), 0.0099058 secs] [Times: user=0.01 sys=0.00, real=0.01 secs] 
2018-03-23T16:54:11.729+0000: 290.816: [GC (Allocation Failure) 2018-03-23T16:54:11.729+0000: 290.816: [DefNew: 141568K->5514K(153600K), 0.0079579 secs] 304905K->168851K(494976K), 0.0080324 secs] [Times: user=0.01 sys=0.00, real=0.01 secs] 
2018-03-23T16:54:13.764+0000: 292.851: [GC (Allocation Failure) 2018-03-23T16:54:13.764+0000: 292.851: [DefNew: 142090K->8832K(153600K), 0.0126929 secs] 305427K->172168K(494976K), 0.0127614 secs] [Times: user=0.01 sys=0.00, real=0.01 secs] 
2018-03-23T16:54:15.837+0000: 294.924: [GC (Allocation Failure) 2018-03-23T16:54:15.837+0000: 294.924: [DefNew: 145408K->8917K(153600K), 0.0138753 secs] 308744K->172990K(494976K), 0.0139425 secs] [Times: user=0.01 sys=0.00, real=0.02 secs] 
2018-03-23T16:54:17.953+0000: 297.040: [GC (Allocation Failure) 2018-03-23T16:54:17.953+0000: 297.040: [DefNew: 142077K->5974K(153600K), 0.0087103 secs] 306150K->170728K(494976K), 0.0087693 secs] [Times: user=0.01 sys=0.00, real=0.00 secs] 
2018-03-23T16:54:19.906+0000: 298.994: [GC (Allocation Failure) 2018-03-23T16:54:19.907+0000: 298.994: [DefNew: 137807K->7165K(153600K), 0.0098928 secs] 302561K->171919K(494976K), 0.0099664 secs] [Times: user=0.01 sys=0.00, real=0.01 secs] 
2018-03-23T16:54:22.098+0000: 301.185: [GC (Allocation Failure) 2018-03-23T16:54:22.098+0000: 301.185: [DefNew: 143741K->7077K(153600K), 0.0083090 secs] 308495K->171831K(494976K), 0.0083721 secs] [Times: user=0.01 sys=0.00, real=0.01 secs] 
2018-03-23T16:54:24.309+0000: 303.396: [GC (Allocation Failure) 2018-03-23T16:54:24.309+0000: 303.396: [DefNew: 143653K->9531K(153600K), 0.0131080 secs] 308407K->174285K(494976K), 0.0131886 secs] [Times: user=0.02 sys=0.00, real=0.01 secs] 
2018-03-23T16:54:26.346+0000: 305.434: [GC (Allocation Failure) 2018-03-23T16:54:26.346+0000: 305.434: [DefNew: 146107K->16117K(153600K), 0.0296461 secs] 310861K->181800K(494976K), 0.0297204 secs] [Times: user=0.03 sys=0.00, real=0.03 secs] 
2018-03-23T16:54:28.467+0000: 307.554: [GC (Allocation Failure) 2018-03-23T16:54:28.467+0000: 307.554: [DefNew: 149437K->2905K(153600K), 0.0128194 secs] 315119K->173375K(494976K), 0.0128983 secs] [Times: user=0.01 sys=0.00, real=0.01 secs] 
2018-03-23T16:54:30.476+0000: 309.563: [GC (Allocation Failure) 2018-03-23T16:54:30.476+0000: 309.563: [DefNew: 139481K->7236K(153600K), 0.0212117 secs] 309951K->177706K(494976K), 0.0212879 secs] [Times: user=0.02 sys=0.00, real=0.02 secs] 
2018-03-23T16:54:32.439+0000: 311.526: [GC (Allocation Failure) 2018-03-23T16:54:32.439+0000: 311.526: [DefNew: 135041K->5821K(153600K), 0.0209979 secs] 305512K->176292K(494976K), 0.0210835 secs] [Times: user=0.02 sys=0.00, real=0.02 secs] 
2018-03-23T16:54:34.419+0000: 313.506: [GC (Allocation Failure) 2018-03-23T16:54:34.419+0000: 313.506: [DefNew: 133789K->6614K(153600K), 0.0164755 secs] 304260K->177085K(494976K), 0.0165551 secs] [Times: user=0.02 sys=0.00, real=0.02 secs] 
2018-03-23T16:54:36.474+0000: 315.561: [GC (Allocation Failure) 2018-03-23T16:54:36.474+0000: 315.561: [DefNew: 143190K->7823K(153600K), 0.0113524 secs] 313661K->178293K(494976K), 0.0114162 secs] [Times: user=0.01 sys=0.00, real=0.01 secs] 
2018-03-23T16:54:38.511+0000: 317.598: [GC (Allocation Failure) 2018-03-23T16:54:38.511+0000: 317.598: [DefNew: 141685K->7943K(153600K), 0.0104843 secs] 312155K->178413K(494976K), 0.0105777 secs] [Times: user=0.01 sys=0.00, real=0.01 secs] 
2018-03-23T16:54:40.519+0000: 319.606: [GC (Allocation Failure) 2018-03-23T16:54:40.519+0000: 319.606: [DefNew: 144519K->8393K(153600K), 0.0121688 secs] 314989K->178863K(494976K), 0.0122671 secs] [Times: user=0.00 sys=0.00, real=0.02 secs] 
2018-03-23T16:54:42.631+0000: 321.718: [GC (Allocation Failure) 2018-03-23T16:54:42.631+0000: 321.718: [DefNew: 142624K->8803K(153600K), 0.0198810 secs] 313094K->179273K(494976K), 0.0199535 secs] [Times: user=0.02 sys=0.00, real=0.02 secs] 
2018-03-23T16:54:44.537+0000: 323.624: [GC (Allocation Failure) 2018-03-23T16:54:44.537+0000: 323.624: [DefNew: 145379K->10187K(153600K), 0.0303147 secs] 315849K->181152K(494976K), 0.0304003 secs] [Times: user=0.02 sys=0.00, real=0.03 secs] 
2018-03-23T16:54:46.704+0000: 325.791: [GC (Allocation Failure) 2018-03-23T16:54:46.704+0000: 325.791: [DefNew: 145405K->7158K(153600K), 0.0202031 secs] 316370K->180098K(494976K), 0.0202811 secs] [Times: user=0.02 sys=0.00, real=0.02 secs] 
2018-03-23T16:54:48.631+0000: 327.718: [GC (Allocation Failure) 2018-03-23T16:54:48.631+0000: 327.718: [DefNew: 136585K->7594K(153600K), 0.0144989 secs] 309524K->180533K(494976K), 0.0145756 secs] [Times: user=0.01 sys=0.01, real=0.01 secs] 
2018-03-23T16:54:50.611+0000: 329.698: [GC (Allocation Failure) 2018-03-23T16:54:50.611+0000: 329.698: [DefNew: 138109K->8155K(153600K), 0.0117653 secs] 311048K->181094K(494976K), 0.0118443 secs] [Times: user=0.02 sys=0.00, real=0.01 secs] 
2018-03-23T16:54:52.614+0000: 331.702: [GC (Allocation Failure) 2018-03-23T16:54:52.614+0000: 331.702: [DefNew: 144731K->8986K(153600K), 0.0174590 secs] 317670K->181925K(494976K), 0.0175294 secs] [Times: user=0.01 sys=0.00, real=0.02 secs] 
2018-03-23T16:54:54.561+0000: 333.648: [GC (Allocation Failure) 2018-03-23T16:54:54.561+0000: 333.648: [DefNew: 145562K->11087K(153600K), 0.0279198 secs] 318501K->184463K(494976K), 0.0279934 secs] [Times: user=0.02 sys=0.01, real=0.03 secs] 
2018-03-23T16:54:56.708+0000: 335.795: [GC (Allocation Failure) 2018-03-23T16:54:56.708+0000: 335.795: [DefNew: 147663K->9337K(153600K), 0.0350341 secs] 321039K->185406K(494976K), 0.0351070 secs] [Times: user=0.03 sys=0.00, real=0.03 secs] 
2018-03-23T16:54:58.934+0000: 338.021: [GC (Allocation Failure) 2018-03-23T16:54:58.934+0000: 338.021: [DefNew: 144563K->6352K(153600K), 0.0123357 secs] 320632K->183346K(494976K), 0.0124055 secs] [Times: user=0.01 sys=0.00, real=0.01 secs] 
2018-03-23T16:55:01.027+0000: 340.114: [GC (Allocation Failure) 2018-03-23T16:55:01.027+0000: 340.114: [DefNew: 135378K->6875K(153600K), 0.0168386 secs] 312373K->183870K(494976K), 0.0169192 secs] [Times: user=0.01 sys=0.00, real=0.02 secs] 
2018-03-23T16:55:03.488+0000: 342.575: [GC (Allocation Failure) 2018-03-23T16:55:03.488+0000: 342.575: [DefNew: 134107K->7408K(153600K), 0.0163225 secs] 311102K->184403K(494976K), 0.0164024 secs] [Times: user=0.02 sys=0.00, real=0.02 secs] 
2018-03-23T16:55:05.556+0000: 344.643: [GC (Allocation Failure) 2018-03-23T16:55:05.556+0000: 344.643: [DefNew: 143984K->9113K(153600K), 0.0247218 secs] 320979K->186108K(494976K), 0.0248006 secs] [Times: user=0.02 sys=0.00, real=0.02 secs] 
2018-03-23T16:55:07.695+0000: 346.782: [GC (Allocation Failure) 2018-03-23T16:55:07.695+0000: 346.782: [DefNew: 145689K->8779K(153600K), 0.0219573 secs] 322684K->186590K(494976K), 0.0220301 secs] [Times: user=0.02 sys=0.00, real=0.02 secs] 
2018-03-23T16:55:09.977+0000: 349.064: [GC (Allocation Failure) 2018-03-23T16:55:09.977+0000: 349.064: [DefNew: 145355K->10737K(153600K), 0.0288775 secs] 323166K->189218K(494976K), 0.0289524 secs] [Times: user=0.03 sys=0.00, real=0.03 secs] 
2018-03-23T16:55:11.966+0000: 351.053: [GC (Allocation Failure) 2018-03-23T16:55:11.966+0000: 351.053: [DefNew: 142349K->5608K(153600K), 0.0227140 secs] 320829K->186690K(494976K), 0.0227983 secs] [Times: user=0.01 sys=0.01, real=0.02 secs] 
2018-03-23T16:55:13.967+0000: 353.054: [GC (Allocation Failure) 2018-03-23T16:55:13.967+0000: 353.054: [DefNew: 142184K->9751K(153600K), 0.0217812 secs] 323266K->190832K(494976K), 0.0218521 secs] [Times: user=0.02 sys=0.00, real=0.02 secs] 
2018-03-23T16:55:16.113+0000: 355.201: [GC (Allocation Failure) 2018-03-23T16:55:16.113+0000: 355.201: [DefNew: 136700K->5979K(153600K), 0.0166870 secs] 317781K->188262K(494976K), 0.0167711 secs] [Times: user=0.02 sys=0.00, real=0.01 secs] 
2018-03-23T16:55:18.137+0000: 357.224: [GC (Allocation Failure) 2018-03-23T16:55:18.137+0000: 357.224: [DefNew: 138535K->6735K(153600K), 0.0127240 secs] 320818K->189017K(494976K), 0.0128056 secs] [Times: user=0.01 sys=0.00, real=0.01 secs] 
2018-03-23T16:55:20.085+0000: 359.172: [GC (Allocation Failure) 2018-03-23T16:55:20.085+0000: 359.172: [DefNew: 134871K->7542K(153600K), 0.0193361 secs] 317154K->189825K(494976K), 0.0194113 secs] [Times: user=0.02 sys=0.00, real=0.02 secs] 
2018-03-23T16:55:21.999+0000: 361.086: [GC (Allocation Failure) 2018-03-23T16:55:21.999+0000: 361.086: [DefNew: 144118K->10949K(153600K), 0.0272312 secs] 326401K->193231K(494976K), 0.0273072 secs] [Times: user=0.02 sys=0.00, real=0.03 secs] 
2018-03-23T16:55:24.337+0000: 363.424: [GC (Allocation Failure) 2018-03-23T16:55:24.337+0000: 363.424: [DefNew: 147404K->6518K(153600K), 0.0184804 secs] 329686K->190960K(494976K), 0.0185626 secs] [Times: user=0.02 sys=0.00, real=0.02 secs] 
2018-03-23T16:55:26.357+0000: 365.444: [GC (Allocation Failure) 2018-03-23T16:55:26.357+0000: 365.444: [DefNew: 143094K->9185K(153600K), 0.0208558 secs] 327536K->193627K(494976K), 0.0209324 secs] [Times: user=0.02 sys=0.00, real=0.02 secs] 
2018-03-23T16:55:28.332+0000: 367.420: [GC (Allocation Failure) 2018-03-23T16:55:28.332+0000: 367.420: [DefNew: 137030K->7035K(153600K), 0.0132414 secs] 321473K->192879K(494976K), 0.0132963 secs] [Times: user=0.02 sys=0.00, real=0.01 secs] 
2018-03-23T16:55:30.350+0000: 369.437: [GC (Allocation Failure) 2018-03-23T16:55:30.350+0000: 369.437: [DefNew: 143567K->8393K(153600K), 0.0179833 secs] 329412K->194237K(494976K), 0.0180572 secs] [Times: user=0.02 sys=0.00, real=0.02 secs] 
2018-03-23T16:55:32.581+0000: 371.668: [GC (Allocation Failure) 2018-03-23T16:55:32.581+0000: 371.668: [DefNew: 144969K->10121K(153600K), 0.0282695 secs] 330813K->195965K(494976K), 0.0283506 secs] [Times: user=0.02 sys=0.00, real=0.03 secs] 
2018-03-23T16:55:34.731+0000: 373.818: [GC (Allocation Failure) 2018-03-23T16:55:34.731+0000: 373.818: [DefNew: 146697K->8175K(153600K), 0.0261419 secs] 332541K->196245K(494976K), 0.0262150 secs] [Times: user=0.03 sys=0.00, real=0.02 secs] 
2018-03-23T16:55:36.921+0000: 376.008: [GC (Allocation Failure) 2018-03-23T16:55:36.921+0000: 376.008: [DefNew: 144751K->8138K(153600K), 0.0191410 secs] 332821K->196208K(494976K), 0.0192145 secs] [Times: user=0.01 sys=0.00, real=0.02 secs] 
2018-03-23T16:55:39.075+0000: 378.162: [GC (Allocation Failure) 2018-03-23T16:55:39.075+0000: 378.162: [DefNew: 136276K->8005K(153600K), 0.0180986 secs] 324346K->196075K(494976K), 0.0181826 secs] [Times: user=0.02 sys=0.00, real=0.02 secs] 
2018-03-23T16:55:41.025+0000: 380.112: [GC (Allocation Failure) 2018-03-23T16:55:41.025+0000: 380.112: [DefNew: 144581K->9115K(153600K), 0.0185849 secs] 332651K->197185K(494976K), 0.0186636 secs] [Times: user=0.01 sys=0.00, real=0.02 secs] 
2018-03-23T16:55:43.091+0000: 382.178: [GC (Allocation Failure) 2018-03-23T16:55:43.091+0000: 382.178: [DefNew: 140340K->8162K(153600K), 0.0188499 secs] 328410K->196934K(494976K), 0.0189263 secs] [Times: user=0.02 sys=0.00, real=0.01 secs] 
2018-03-23T16:55:45.179+0000: 384.266: [GC (Allocation Failure) 2018-03-23T16:55:45.179+0000: 384.266: [DefNew: 137687K->9150K(153600K), 0.0212181 secs] 326459K->197922K(494976K), 0.0212944 secs] [Times: user=0.02 sys=0.00, real=0.02 secs] 
2018-03-23T16:55:47.195+0000: 386.282: [GC (Allocation Failure) 2018-03-23T16:55:47.195+0000: 386.282: [DefNew: 145726K->9214K(153600K), 0.0243591 secs] 334498K->198846K(494976K), 0.0244380 secs] [Times: user=0.03 sys=0.00, real=0.02 secs] 
2018-03-23T16:55:49.425+0000: 388.512: [GC (Allocation Failure) 2018-03-23T16:55:49.425+0000: 388.512: [DefNew: 145790K->7958K(153600K), 0.0191007 secs] 335422K->198536K(494976K), 0.0191732 secs] [Times: user=0.01 sys=0.01, real=0.02 secs] 
2018-03-23T16:55:51.458+0000: 390.546: [GC (Allocation Failure) 2018-03-23T16:55:51.459+0000: 390.546: [DefNew: 144534K->10745K(153600K), 0.0247574 secs] 335112K->201323K(494976K), 0.0248348 secs] [Times: user=0.02 sys=0.00, real=0.03 secs] 
2018-03-23T16:55:53.540+0000: 392.628: [GC (Allocation Failure) 2018-03-23T16:55:53.540+0000: 392.628: [DefNew: 141478K->6824K(153600K), 0.0122174 secs] 332056K->200077K(494976K), 0.0122856 secs] [Times: user=0.01 sys=0.00, real=0.02 secs] 
2018-03-23T16:55:55.695+0000: 394.782: [GC (Allocation Failure) 2018-03-23T16:55:55.695+0000: 394.782: [DefNew: 143400K->10301K(153600K), 0.0288074 secs] 336653K->203554K(494976K), 0.0288890 secs] [Times: user=0.03 sys=0.00, real=0.03 secs] 
2018-03-23T16:55:57.910+0000: 396.997: [GC (Allocation Failure) 2018-03-23T16:55:57.910+0000: 396.997: [DefNew: 146877K->5669K(153600K), 0.0212434 secs] 340130K->201832K(494976K), 0.0213227 secs] [Times: user=0.02 sys=0.00, real=0.03 secs] 
2018-03-23T16:55:59.935+0000: 399.022: [GC (Allocation Failure) 2018-03-23T16:55:59.935+0000: 399.022: [DefNew: 142245K->9366K(153600K), 0.0216098 secs] 338408K->205530K(494976K), 0.0216828 secs] [Times: user=0.02 sys=0.00, real=0.02 secs] 
2018-03-23T16:56:02.240+0000: 401.327: [GC (Allocation Failure) 2018-03-23T16:56:02.240+0000: 401.327: [DefNew: 142456K->6203K(153600K), 0.0132868 secs] 338620K->203180K(494976K), 0.0133617 secs] [Times: user=0.01 sys=0.00, real=0.02 secs] 
2018-03-23T16:56:04.224+0000: 403.311: [GC (Allocation Failure) 2018-03-23T16:56:04.224+0000: 403.311: [DefNew: 142779K->7808K(153600K), 0.0139245 secs] 339756K->204786K(494976K), 0.0139981 secs] [Times: user=0.01 sys=0.00, real=0.01 secs] 
2018-03-23T16:56:06.394+0000: 405.481: [GC (Allocation Failure) 2018-03-23T16:56:06.394+0000: 405.481: [DefNew: 139179K->7787K(153600K), 0.0131329 secs] 336156K->204765K(494976K), 0.0132169 secs] [Times: user=0.01 sys=0.00, real=0.01 secs] 
2018-03-23T16:56:08.413+0000: 407.500: [GC (Allocation Failure) 2018-03-23T16:56:08.413+0000: 407.500: [DefNew: 140836K->8785K(153600K), 0.0165141 secs] 337814K->205763K(494976K), 0.0165870 secs] [Times: user=0.02 sys=0.00, real=0.01 secs] 
2018-03-23T16:56:10.449+0000: 409.536: [GC (Allocation Failure) 2018-03-23T16:56:10.449+0000: 409.536: [DefNew: 137013K->8593K(153600K), 0.0182039 secs] 333991K->205970K(494976K), 0.0182850 secs] [Times: user=0.02 sys=0.00, real=0.02 secs] 
2018-03-23T16:56:12.173+0000: 411.260: [GC (Allocation Failure) 2018-03-23T16:56:12.173+0000: 411.260: [DefNew: 134281K->8791K(153600K), 0.0170807 secs] 331658K->206513K(494976K), 0.0171718 secs] [Times: user=0.02 sys=0.00, real=0.01 secs] 
2018-03-23T16:56:14.321+0000: 413.409: [GC (Allocation Failure) 2018-03-23T16:56:14.321+0000: 413.409: [DefNew: 138553K->8776K(153600K), 0.0199011 secs] 336275K->207066K(494976K), 0.0199747 secs] [Times: user=0.02 sys=0.00, real=0.02 secs] 
2018-03-23T16:56:16.422+0000: 415.509: [GC (Allocation Failure) 2018-03-23T16:56:16.422+0000: 415.509: [DefNew: 145026K->9448K(153600K), 0.0198944 secs] 343316K->208336K(494976K), 0.0199803 secs] [Times: user=0.02 sys=0.00, real=0.02 secs] 
2018-03-23T16:56:18.313+0000: 417.400: [GC (Allocation Failure) 2018-03-23T16:56:18.313+0000: 417.400: [DefNew: 146024K->9818K(153600K), 0.0262796 secs] 344912K->209639K(494976K), 0.0263538 secs] [Times: user=0.03 sys=0.00, real=0.02 secs] 
2018-03-23T16:56:20.591+0000: 419.678: [GC (Allocation Failure) 2018-03-23T16:56:20.591+0000: 419.678: [DefNew: 143119K->7412K(153600K), 0.0191426 secs] 342940K->209083K(494976K), 0.0192243 secs] [Times: user=0.02 sys=0.00, real=0.02 secs] 
2018-03-23T16:56:22.533+0000: 421.620: [GC (Allocation Failure) 2018-03-23T16:56:22.533+0000: 421.620: [DefNew: 135143K->7887K(153600K), 0.0154886 secs] 336814K->209557K(494976K), 0.0155721 secs] [Times: user=0.01 sys=0.00, real=0.01 secs] 
2018-03-23T16:56:24.652+0000: 423.739: [GC (Allocation Failure) 2018-03-23T16:56:24.652+0000: 423.740: [DefNew: 143718K->8697K(153600K), 0.0164144 secs] 345389K->210368K(494976K), 0.0164976 secs] [Times: user=0.01 sys=0.00, real=0.01 secs] 
2018-03-23T16:56:26.697+0000: 425.784: [GC (Allocation Failure) 2018-03-23T16:56:26.697+0000: 425.784: [DefNew: 142148K->8853K(153600K), 0.0230119 secs] 343818K->211113K(494976K), 0.0230861 secs] [Times: user=0.02 sys=0.00, real=0.02 secs] 
2018-03-23T16:56:28.701+0000: 427.788: [GC (Allocation Failure) 2018-03-23T16:56:28.701+0000: 427.788: [DefNew: 142861K->8577K(153600K), 0.0187285 secs] 345121K->211625K(494976K), 0.0188045 secs] [Times: user=0.02 sys=0.00, real=0.02 secs] 
2018-03-23T16:56:31.073+0000: 430.160: [GC (Allocation Failure) 2018-03-23T16:56:31.073+0000: 430.160: [DefNew: 141086K->8369K(153600K), 0.0171636 secs] 344133K->212095K(494976K), 0.0172403 secs] [Times: user=0.02 sys=0.00, real=0.01 secs] 
2018-03-23T16:56:33.073+0000: 432.160: [GC (Allocation Failure) 2018-03-23T16:56:33.073+0000: 432.160: [DefNew: 144945K->12014K(153600K), 0.0301438 secs] 348671K->215740K(494976K), 0.0302282 secs] [Times: user=0.03 sys=0.00, real=0.03 secs] 
2018-03-23T16:56:35.313+0000: 434.400: [GC (Allocation Failure) 2018-03-23T16:56:35.313+0000: 434.400: [DefNew: 147800K->6436K(153600K), 0.0222784 secs] 351526K->213759K(494976K), 0.0223614 secs] [Times: user=0.02 sys=0.00, real=0.02 secs] 
2018-03-23T16:56:37.437+0000: 436.525: [GC (Allocation Failure) 2018-03-23T16:56:37.437+0000: 436.525: [DefNew: 143012K->10944K(153600K), 0.0287698 secs] 350335K->218268K(494976K), 0.0288458 secs] [Times: user=0.03 sys=0.00, real=0.03 secs] 
RocksDBExceptionJni::ThrowNew/StatusJni - Error: unexpected exception!
2018-03-23T16:56:41.356+0000: 440.443: [GC (Allocation Failure) 2018-03-23T16:56:41.356+0000: 440.443: [DefNew: 147520K->8778K(153600K), 0.0141610 secs] 354844K->218076K(494976K), 0.0142294 secs] [Times: user=0.01 sys=0.00, real=0.01 secs] 
2018-03-23T16:56:55.094+0000: 454.181: [GC (Allocation Failure) 2018-03-23T16:56:55.094+0000: 454.181: [DefNew: 145354K->17023K(153600K), 0.0399095 secs] 354652K->237614K(494976K), 0.0399793 secs] [Times: user=0.04 sys=0.00, real=0.04 secs] 
2018-03-23T16:57:05.947+0000: 465.034: [GC (Allocation Failure) 2018-03-23T16:57:05.947+0000: 465.034: [DefNew: 153599K->17023K(153600K), 0.0479040 secs] 374190K->257219K(494976K), 0.0479730 secs] [Times: user=0.05 sys=0.01, real=0.05 secs] 
2018-03-23T16:57:21.503+0000: 480.590: [GC (Allocation Failure) 2018-03-23T16:57:21.503+0000: 480.590: [DefNew: 153599K->17023K(153600K), 0.0747082 secs] 393795K->278941K(494976K), 0.0747820 secs] [Times: user=0.06 sys=0.02, real=0.07 secs] 
2018-03-23T16:57:33.637+0000: 492.724: [GC (Allocation Failure) 2018-03-23T16:57:33.637+0000: 492.724: [DefNew: 153599K->17023K(153600K), 0.0683338 secs] 415517K->301196K(494976K), 0.0684052 secs] [Times: user=0.05 sys=0.02, real=0.07 secs] 
2018-03-23T16:57:46.428+0000: 505.515: [GC (Allocation Failure) 2018-03-23T16:57:46.428+0000: 505.515: [DefNew: 153599K->17024K(153600K), 0.0618559 secs] 437772K->324218K(494976K), 0.0619288 secs] [Times: user=0.04 sys=0.02, real=0.06 secs] 
2018-03-23T16:57:59.582+0000: 518.669: [GC (Allocation Failure) 2018-03-23T16:57:59.582+0000: 518.669: [DefNew: 153600K->17023K(153600K), 0.0595852 secs] 460794K->344687K(494976K), 0.0596533 secs] [Times: user=0.05 sys=0.01, real=0.06 secs] 
2018-03-23T16:58:10.323+0000: 529.410: [GC (Allocation Failure) 2018-03-23T16:58:10.323+0000: 529.410: [DefNew: 153599K->153599K(153600K), 0.0000277 secs]2018-03-23T16:58:10.323+0000: 529.410: [Tenured: 327663K->263815K(341376K), 0.4011352 secs] 481263K->263815K(494976K), [Metaspace: 33507K->33507K(1079296K)], 0.4012772 secs] [Times: user=0.40 sys=0.00, real=0.40 secs] 
16:58:11.931 [Client] INFO  c.s.f.r.e.s.SocketRear  - FlameSocketGraphDeployerRear@10.0.0.239: has been disconnected from Connection 2
16:58:22.832 [worker-akka.actor.default-dispatcher-2] INFO  a.a.CoordinatedShutdown CoordinatedShutdown(akka://worker) - Starting coordinated shutdown from JVM shutdown hook
16:58:22.850 [worker-akka.actor.default-dispatcher-14] INFO  a.a.LocalActorRef akka://worker/user/watcher/graph/edge/FlameSocketGraphDeployerFront - Stopped
16:58:22.851 [worker-akka.actor.default-dispatcher-14] INFO  a.a.LocalActorRef akka://worker/user/watcher/graph/edge/FlameSocketGraphDeployerRear - Stopped
16:58:22.852 [worker-akka.actor.default-dispatcher-12] INFO  a.a.LocalActorRef akka://worker/user/watcher/graph/edge - Stopped
16:58:22.855 [worker-akka.actor.default-dispatcher-14] INFO  a.a.LocalActorRef akka://worker/user/watcher/graph/graph/$a - Stopped
16:58:22.856 [worker-akka.actor.default-dispatcher-14] INFO  a.a.LocalActorRef akka://worker/user/watcher/graph/graph/$b - Stopped
16:58:22.859 [worker-akka.actor.default-dispatcher-14] INFO  a.a.LocalActorRef akka://worker/user/watcher/graph/graph/$c - Stopped
16:58:22.860 [worker-akka.actor.default-dispatcher-14] INFO  a.a.LocalActorRef akka://worker/user/watcher/graph/graph/local-acker/$a - Stopped
16:58:22.860 [worker-akka.actor.default-dispatcher-14] INFO  a.a.LocalActorRef akka://worker/user/watcher/graph/graph/local-acker/$a - Message [com.spbsu.flamestream.runtime.utils.akka.PingActor$InnerPing] from Actor[akka://worker/user/watcher/graph/graph/local-acker/$a#1559589179] to Actor[akka://worker/user/watcher/graph/graph/local-acker/$a#1559589179] was not delivered. [1] dead letters encountered. This logging can be turned off or adjusted with configuration settings 'akka.log-dead-letters' and 'akka.log-dead-letters-during-shutdown'.
16:58:22.861 [worker-akka.actor.default-dispatcher-14] INFO  a.a.LocalActorRef akka://worker/user/watcher/graph/graph/local-acker - Stopped
16:58:22.861 [worker-akka.actor.default-dispatcher-14] INFO  a.a.LocalActorRef akka://worker/user/watcher/graph/graph - Stopped
16:58:22.862 [worker-akka.actor.default-dispatcher-14] INFO  a.a.LocalActorRef akka://worker/user/watcher/graph/graph/local-acker/$a - Message [com.spbsu.flamestream.runtime.utils.akka.PingActor$Stop] from Actor[akka://worker/user/watcher/graph/graph/local-acker#870350509] to Actor[akka://worker/user/watcher/graph/graph/local-acker/$a#1559589179] was not delivered. [2] dead letters encountered. This logging can be turned off or adjusted with configuration settings 'akka.log-dead-letters' and 'akka.log-dead-letters-during-shutdown'.
16:58:22.862 [worker-akka.actor.default-dispatcher-14] INFO  a.a.LocalActorRef akka://worker/user/watcher/graph/negotiator - Stopped
16:58:22.862 [worker-akka.actor.default-dispatcher-14] INFO  a.a.LocalActorRef akka://worker/user/watcher/graph - Stopped
16:58:22.864 [worker-akka.actor.default-dispatcher-5] INFO  a.a.RepointableActorRef akka://worker/user/watcher - Stopped
16:58:22.871 [worker-akka.actor.default-dispatcher-6-EventThread] INFO  o.a.z.ClientCnxn  - EventThread shut down for session: 0x16253c2d3b80005
16:58:22.874 [worker-akka.actor.default-dispatcher-11] INFO  o.a.z.ZooKeeper  - Session: 0x16253c2d3b80005 closed
16:58:22.885 [worker-akka.actor.default-dispatcher-14] INFO  a.r.RemoteActorRefProvider$RemotingTerminator akka://worker@10.0.0.239:5412/system/remoting-terminator - Shutting down remote daemon.
16:58:22.885 [worker-akka.actor.default-dispatcher-14] INFO  a.r.RemoteActorRefProvider$RemotingTerminator akka://worker@10.0.0.239:5412/system/remoting-terminator - Remote daemon shut down; proceeding with flushing remote transports.
16:58:23.083 [worker-akka.actor.default-dispatcher-2] INFO  a.r.RemoteActorRefProvider$RemotingTerminator akka://worker@10.0.0.239:5412/system/remoting-terminator - Remoting shut down.
Heap
 def new generation   total 153600K, used 31651K [0x00000000e0c00000, 0x00000000eb2a0000, 0x00000000eb2a0000)
  eden space 136576K,  23% used [0x00000000e0c00000, 0x00000000e2ae8ca0, 0x00000000e9160000)
  from space 17024K,   0% used [0x00000000ea200000, 0x00000000ea200000, 0x00000000eb2a0000)
  to   space 17024K,   0% used [0x00000000e9160000, 0x00000000e9160000, 0x00000000ea200000)
 tenured generation   total 341376K, used 263815K [0x00000000eb2a0000, 0x0000000100000000, 0x0000000100000000)
   the space 341376K,  77% used [0x00000000eb2a0000, 0x00000000fb441f70, 0x00000000fb442000, 0x0000000100000000)
 Metaspace       used 34053K, capacity 34916K, committed 35200K, reserved 1079296K
  class space    used 4489K, capacity 4653K, committed 4736K, reserved 1048576K
