10:15:15.414 [worker-akka.actor.default-dispatcher-2] INFO  a.e.s.Slf4jLogger  - Slf4jLogger started
2018-02-23T10:15:15.603+0000: 2.119: [Full GC (Metadata GC Threshold) 2018-02-23T10:15:15.603+0000: 2.119: [Tenured: 0K->15412K(341376K), 0.0391931 secs] 117524K->15412K(494976K), [Metaspace: 20866K->20866K(1067008K)], 0.0392570 secs] [Times: user=0.03 sys=0.01, real=0.04 secs] 
Ama winner
Ama winner
10:15:16.143 [worker-akka.actor.default-dispatcher-2] INFO  a.r.a.ArteryTransport(akka://worker) akka.remote.artery.ArteryTransport(akka://worker) - Started embedded media driver in directory [/dev/shm/aeron-root-worker-4a40c81c-cb83-4e27-9763-ea236e89dcfc]
10:15:16.372 [worker-akka.actor.default-dispatcher-2] INFO  a.r.a.ArteryTransport(akka://worker) akka.remote.artery.ArteryTransport(akka://worker) - Remoting started; listening on address: [akka://worker@172.31.44.83:5412] with UID [839394202270895063]
10:15:16.476 [worker-akka.actor.default-dispatcher-2] INFO  o.a.z.ZooKeeper  - Client environment:zookeeper.version=3.4.9-1757313, built on 08/23/2016 06:50 GMT
10:15:16.476 [worker-akka.actor.default-dispatcher-2] INFO  o.a.z.ZooKeeper  - Client environment:host.name=ip-172-31-44-83.us-east-2.compute.internal
10:15:16.476 [worker-akka.actor.default-dispatcher-2] INFO  o.a.z.ZooKeeper  - Client environment:java.version=1.8.0_151
10:15:16.476 [worker-akka.actor.default-dispatcher-2] INFO  o.a.z.ZooKeeper  - Client environment:java.vendor=Oracle Corporation
10:15:16.476 [worker-akka.actor.default-dispatcher-2] INFO  o.a.z.ZooKeeper  - Client environment:java.home=/usr/lib/jvm/java-8-openjdk-amd64/jre
10:15:16.476 [worker-akka.actor.default-dispatcher-2] INFO  o.a.z.ZooKeeper  - Client environment:java.class.path=lib/commons-cli-1.4.jar:lib/minlog-1.3.0.jar:lib/asm-5.0.4.jar:lib/hadoop-annotations-2.7.3.jar:lib/hadoop-auth-2.7.3.jar:lib/akka-slf4j_2.11-2.5.6.jar:lib/jersey-core-1.9.jar:lib/lz4-1.3.0.jar:lib/jackson-core-asl-1.9.13.jar:lib/aeron-client-1.3.0.jar:lib/htrace-core-3.1.0-incubating.jar:lib/xz-1.0.jar:lib/commons-httpclient-3.1.jar:lib/asm-3.1.jar:lib/commons-lang3-3.4.jar:lib/scala-library-2.11.11.jar:lib/scala-java8-compat_2.11-0.7.0.jar:lib/commons-configuration-1.6.jar:lib/objenesis-2.1.jar:lib/jackson-annotations-2.8.0.jar:lib/jsr305-3.0.0.jar:lib/curator-framework-2.7.1.jar:lib/jersey-server-1.9.jar:lib/jets3t-0.9.0.jar:lib/leveldb-0.7.jar:lib/jetty-6.1.26.jar:lib/stax-api-1.0-2.jar:lib/flamestream-core-1.0-SNAPSHOT.jar:lib/reflectasm-1.07-shaded.jar:lib/apacheds-kerberos-codec-2.0.0-M15.jar:lib/api-asn1-api-1.0.0-M20.jar:lib/commons-lang-2.6.jar:lib/commons-beanutils-1.7.0.jar:lib/jackson-xc-1.8.3.jar:lib/jetty-util-6.1.26.jar:lib/logback-classic-1.2.3.jar:lib/jool-0.9.12.jar:lib/flamestream-runtime-1.0-SNAPSHOT-tests.jar:lib/httpcore-4.1.2.jar:lib/kryo-4.0.0.jar:lib/ant-1.8.1.jar:lib/jaxb-impl-2.2.3-1.jar:lib/jersey-json-1.9.jar:lib/commons-compress-1.4.1.jar:lib/leveldbjni-all-1.8.jar:lib/paranamer-2.3.jar:lib/jackson-core-2.8.4.jar:lib/commons-math3-3.6.1.jar:lib/scala-parser-combinators_2.11-1.0.4.jar:lib/netty-3.10.6.Final.jar:lib/trove4j-3.0.3.jar:lib/jaxb-api-2.2.2.jar:lib/logback-core-1.2.3.jar:lib/snappy-java-1.0.4.1.jar:lib/protobuf-java-2.5.0.jar:lib/reactive-streams-1.0.1.jar:lib/flamestream-examples-1.0-SNAPSHOT.jar:lib/commons-codec-1.4.jar:lib/activation-1.1.jar:lib/commons-net-3.1.jar:lib/curator-recipes-2.7.1.jar:lib/jackson-mapper-asl-1.9.13.jar:lib/jackson-databind-2.8.4.jar:lib/flamestream-runtime-1.0-SNAPSHOT.jar:lib/jackson-jaxrs-1.8.3.jar:lib/slf4j-api-1.7.24.jar:lib/akka-remote_2.11-2.5.6.jar:lib/akka-testkit_2.11-2.5.6.jar:lib/jline-0.9.94.jar:lib/akka-stream_2.11-2.5.6.jar:lib/jsp-api-2.1.jar:lib/kryonet-2.21.jar:lib/akka-kryo-serialization_2.11-0.5.0.jar:lib/config-1.3.1.jar:lib/ant-launcher-1.8.1.jar:lib/commons-logging-1.2.jar:lib/ssl-config-core_2.11-0.2.2.jar:lib/testng-6.10.jar:lib/leveldb-api-0.7.jar:lib/reflectasm-1.11.3.jar:lib/jcommander-1.48.jar:lib/commons-1.1.jar:lib/commons-digester-1.8.jar:lib/minlog-1.2.jar:lib/java-xmlbuilder-0.4.jar:lib/jettison-1.1.jar:lib/gson-2.2.4.jar:lib/jdk.tools-1.8.jar:lib/aeron-driver-1.3.0.jar:lib/zookeeper-3.4.9.jar:lib/commons-beanutils-core-1.8.0.jar:lib/commons-math3-3.1.1.jar:lib/akka-actor_2.11-2.5.6.jar:lib/curator-client-2.7.1.jar:lib/servlet-api-2.5.jar:lib/apacheds-i18n-2.0.0-M15.jar:lib/commons-io-2.4.jar:lib/commons-codec-1.6.jar:lib/akka-protobuf_2.11-2.5.6.jar:lib/jdom-2.0.2.jar:lib/api-util-1.0.0-M20.jar:lib/hadoop-common-2.7.3.jar:lib/agrona-0.9.6.jar:lib/xmlenc-0.52.jar:lib/guava-21.0.jar:lib/commons-collections-3.2.2.jar:lib/avro-1.7.4.jar:lib/httpclient-4.1.2.jar:lib/flamestream-core-1.0-SNAPSHOT-tests.jar:lib/annotations-12.0.jar:lib/jsch-0.1.42.jar:flamestream-runtime-1.0-SNAPSHOT.jar
10:15:16.476 [worker-akka.actor.default-dispatcher-2] INFO  o.a.z.ZooKeeper  - Client environment:java.library.path=/usr/java/packages/lib/amd64:/usr/lib/x86_64-linux-gnu/jni:/lib/x86_64-linux-gnu:/usr/lib/x86_64-linux-gnu:/usr/lib/jni:/lib:/usr/lib
10:15:16.477 [worker-akka.actor.default-dispatcher-2] INFO  o.a.z.ZooKeeper  - Client environment:java.io.tmpdir=/tmp
10:15:16.477 [worker-akka.actor.default-dispatcher-2] INFO  o.a.z.ZooKeeper  - Client environment:java.compiler=<NA>
10:15:16.477 [worker-akka.actor.default-dispatcher-2] INFO  o.a.z.ZooKeeper  - Client environment:os.name=Linux
10:15:16.477 [worker-akka.actor.default-dispatcher-2] INFO  o.a.z.ZooKeeper  - Client environment:os.arch=amd64
10:15:16.477 [worker-akka.actor.default-dispatcher-2] INFO  o.a.z.ZooKeeper  - Client environment:os.version=4.4.0-1049-aws
10:15:16.477 [worker-akka.actor.default-dispatcher-2] INFO  o.a.z.ZooKeeper  - Client environment:user.name=root
10:15:16.478 [worker-akka.actor.default-dispatcher-2] INFO  o.a.z.ZooKeeper  - Client environment:user.home=/root
10:15:16.478 [worker-akka.actor.default-dispatcher-2] INFO  o.a.z.ZooKeeper  - Client environment:user.dir=/opt/flamestream
10:15:16.481 [worker-akka.actor.default-dispatcher-2] INFO  o.a.z.ZooKeeper  - Initiating client connection, connectString=172.31.34.147:2181 sessionTimeout=5000 watcher=com.spbsu.flamestream.runtime.application.LifecycleWatcher$$Lambda$29/2091173542@1b48f905
10:15:16.513 [worker-akka.actor.default-dispatcher-2] INFO  a.a.RepointableActorRef akka://worker/user/watcher - Starting...
10:15:16.521 [worker-akka.actor.default-dispatcher-2-SendThread(172.31.34.147:2181)] INFO  o.a.z.ClientCnxn  - Opening socket connection to server 172.31.34.147/172.31.34.147:2181. Will not attempt to authenticate using SASL (unknown error)
10:15:16.525 [worker-akka.actor.default-dispatcher-2-SendThread(172.31.34.147:2181)] INFO  o.a.z.ClientCnxn  - Socket connection established to 172.31.34.147/172.31.34.147:2181, initiating session
10:15:16.532 [worker-akka.actor.default-dispatcher-2-SendThread(172.31.34.147:2181)] INFO  o.a.z.ClientCnxn  - Session establishment complete on server 172.31.34.147/172.31.34.147:2181, sessionid = 0x161c2283ddd000c, negotiated timeout = 6000
10:15:16.626 [worker-akka.actor.default-dispatcher-2] INFO  a.a.RepointableActorRef akka://worker/user/watcher - Connected to ZK
10:15:22.753 [worker-akka.actor.default-dispatcher-2] INFO  a.a.RepointableActorRef akka://worker/user/watcher - Creating node with watchGraphs: 'com.spbsu.flamestream.core.Graph$Builder$MyGraph@22aae96d', config: 'ClusterConfig{paths={172.31.33.155=akka://worker@172.31.33.155:5412/user/watcher/graph0000000000, 172.31.47.83=akka://worker@172.31.47.83:5412/user/watcher/graph0000000000, 172.31.45.197=akka://worker@172.31.45.197:5412/user/watcher/graph0000000000, 172.31.42.36=akka://worker@172.31.42.36:5412/user/watcher/graph0000000000, 172.31.44.83=akka://worker@172.31.44.83:5412/user/watcher/graph0000000000, 172.31.39.64=akka://worker@172.31.39.64:5412/user/watcher/graph0000000000, 172.31.35.79=akka://worker@172.31.35.79:5412/user/watcher/graph0000000000, 172.31.34.169=akka://worker@172.31.34.169:5412/user/watcher/graph0000000000, 172.31.47.100=akka://worker@172.31.47.100:5412/user/watcher/graph0000000000, 172.31.37.101=akka://worker@172.31.37.101:5412/user/watcher/graph0000000000}, ackerLocation='172.31.35.79', props=ComputationLayout{ranges={172.31.33.155=HashRange{from=-1670265060, to=-1193046472}, 172.31.47.83=HashRange{from=1670265056, to=2147483644}, 172.31.45.197=HashRange{from=-715827884, to=-238609296}, 172.31.42.36=HashRange{from=1193046468, to=1670265056}, 172.31.44.83=HashRange{from=-238609296, to=238609292}, 172.31.39.64=HashRange{from=715827880, to=1193046468}, 172.31.35.79=HashRange{from=0, to=0}, 172.31.34.169=HashRange{from=-2147483648, to=-1670265060}, 172.31.47.100=HashRange{from=238609292, to=715827880}, 172.31.37.101=HashRange{from=-1193046472, to=-715827884}}}}'
10:15:23.649 [worker-akka.actor.default-dispatcher-2] INFO  a.a.LocalActorRef akka://worker/user/watcher/graph0000000000/graph - Starting...
10:15:23.657 [worker-akka.actor.default-dispatcher-2] INFO  a.a.LocalActorRef akka://worker/user/watcher/graph0000000000/graph/local-acker - Starting...
10:15:23.659 [worker-akka.actor.default-dispatcher-2] INFO  a.a.LocalActorRef akka://worker/user/watcher/graph0000000000/graph/local-acker/$a - Starting...
Warning: space is running low in /dev/shm (tmpfs) threshold=167,772,160 usable=158,621,696
Warning: space is running low in /dev/shm (tmpfs) threshold=167,772,160 usable=146,034,688
Warning: space is running low in /dev/shm (tmpfs) threshold=167,772,160 usable=133,447,680
Warning: space is running low in /dev/shm (tmpfs) threshold=167,772,160 usable=120,860,672
Warning: space is running low in /dev/shm (tmpfs) threshold=167,772,160 usable=108,273,664
Warning: space is running low in /dev/shm (tmpfs) threshold=167,772,160 usable=95,686,656
Warning: space is running low in /dev/shm (tmpfs) threshold=167,772,160 usable=83,099,648
Warning: space is running low in /dev/shm (tmpfs) threshold=167,772,160 usable=70,512,640
10:15:25.034 [worker-akka.actor.default-dispatcher-2] INFO  a.a.LocalActorRef akka://worker/user/watcher/graph0000000000/graph - Finishing constructor
10:15:25.036 [worker-akka.actor.default-dispatcher-2] INFO  a.a.LocalActorRef akka://worker/user/watcher/graph0000000000 - Starting...
10:15:25.037 [worker-akka.actor.default-dispatcher-2] INFO  a.a.LocalActorRef akka://worker/user/watcher/graph0000000000/negotiator - Starting...
10:15:25.103 [worker-akka.actor.default-dispatcher-2] INFO  a.a.LocalActorRef akka://worker/user/watcher/graph0000000000/edge - Starting...
10:15:25.104 [worker-akka.actor.default-dispatcher-2] INFO  a.a.LocalActorRef akka://worker/user/watcher/graph0000000000/graph/$a - Starting...
10:15:25.105 [worker-akka.actor.default-dispatcher-2] INFO  a.a.LocalActorRef akka://worker/user/watcher/graph0000000000/graph/$b - Starting...
10:15:25.106 [worker-akka.actor.default-dispatcher-2] INFO  a.a.LocalActorRef akka://worker/user/watcher/graph0000000000/graph/$c - Starting...
10:15:25.133 [worker-akka.actor.default-dispatcher-2] INFO  c.s.f.r.e.s.SocketRear  - FlameSocketGraphDeployerRear@172.31.44.83: connecting to 172.31.34.147:5678
10:15:25.149 [worker-akka.actor.default-dispatcher-2] INFO  c.s.f.r.e.s.SocketRear  - FlameSocketGraphDeployerRear@172.31.44.83: connected to 172.31.34.147:5678
10:15:25.172 [worker-akka.actor.default-dispatcher-2] INFO  a.a.LocalActorRef akka://worker/user/watcher/graph0000000000/edge/FlameSocketGraphDeployerRear - Starting...
10:15:25.173 [worker-akka.actor.default-dispatcher-2] INFO  a.a.LocalActorRef akka://worker/user/watcher/graph0000000000/edge/FlameSocketGraphDeployerFront - Starting...
10:15:25.174 [worker-akka.actor.default-dispatcher-2] INFO  a.a.LocalActorRef akka://worker/user/watcher/graph0000000000/negotiator - Requesting ticket for the frontClass FlameSocketGraphDeployerFront@172.31.44.83
10:15:25.188 [worker-akka.actor.default-dispatcher-2] INFO  a.a.LocalActorRef akka://worker/user/watcher/graph0000000000/negotiator - Ticket for the frontClass received: FrontTicket{allowedTimestamp=(1519380922738, FlameSocketGraphDeployerFront@172.31.44.83)}
10:15:25.189 [worker-akka.actor.default-dispatcher-2] INFO  c.s.f.r.e.s.SocketFront  - FlameSocketGraphDeployerFront@172.31.44.83: connecting to 172.31.34.147:4567
10:15:25.212 [Client] INFO  c.s.f.r.e.s.SocketFront  - FlameSocketGraphDeployerFront@172.31.44.83 has been disconnected from Connection 7
2018-02-23T10:15:28.697+0000: 15.213: [GC (Allocation Failure) 2018-02-23T10:15:28.697+0000: 15.213: [DefNew: 136576K->15862K(153600K), 0.1354182 secs] 151988K->50806K(494976K), 0.1354858 secs] [Times: user=0.01 sys=0.13, real=0.13 secs] 
2018-02-23T10:15:37.789+0000: 24.305: [GC (Allocation Failure) 2018-02-23T10:15:37.789+0000: 24.305: [DefNew: 152438K->3742K(153600K), 0.0189076 secs] 187382K->46388K(494976K), 0.0189915 secs] [Times: user=0.01 sys=0.00, real=0.02 secs] 
2018-02-23T10:15:47.843+0000: 34.360: [GC (Allocation Failure) 2018-02-23T10:15:47.843+0000: 34.360: [DefNew: 140318K->5954K(153600K), 0.0123614 secs] 182964K->48601K(494976K), 0.0124189 secs] [Times: user=0.02 sys=0.00, real=0.01 secs] 
2018-02-23T10:15:58.076+0000: 44.592: [GC (Allocation Failure) 2018-02-23T10:15:58.076+0000: 44.592: [DefNew: 142530K->7521K(153600K), 0.0165526 secs] 185177K->50168K(494976K), 0.0166213 secs] [Times: user=0.01 sys=0.00, real=0.02 secs] 
2018-02-23T10:16:06.461+0000: 52.977: [GC (Allocation Failure) 2018-02-23T10:16:06.461+0000: 52.977: [DefNew: 144097K->9872K(153600K), 0.0164081 secs] 186744K->52519K(494976K), 0.0164684 secs] [Times: user=0.02 sys=0.00, real=0.02 secs] 
2018-02-23T10:16:13.364+0000: 59.881: [GC (Allocation Failure) 2018-02-23T10:16:13.364+0000: 59.881: [DefNew: 146448K->8586K(153600K), 0.0166527 secs] 189095K->52866K(494976K), 0.0167237 secs] [Times: user=0.01 sys=0.00, real=0.02 secs] 
2018-02-23T10:16:23.440+0000: 69.956: [GC (Allocation Failure) 2018-02-23T10:16:23.440+0000: 69.956: [DefNew: 145162K->8606K(153600K), 0.0166693 secs] 189442K->54167K(494976K), 0.0167326 secs] [Times: user=0.02 sys=0.00, real=0.02 secs] 
2018-02-23T10:16:35.767+0000: 82.283: [GC (Allocation Failure) 2018-02-23T10:16:35.767+0000: 82.283: [DefNew: 145182K->8193K(153600K), 0.0241078 secs] 190743K->55245K(494976K), 0.0241934 secs] [Times: user=0.01 sys=0.01, real=0.03 secs] 
2018-02-23T10:16:46.983+0000: 93.499: [GC (Allocation Failure) 2018-02-23T10:16:46.983+0000: 93.499: [DefNew: 144769K->10708K(153600K), 0.0172175 secs] 191821K->57760K(494976K), 0.0172792 secs] [Times: user=0.02 sys=0.00, real=0.02 secs] 
2018-02-23T10:16:58.313+0000: 104.829: [GC (Allocation Failure) 2018-02-23T10:16:58.313+0000: 104.829: [DefNew: 147284K->9381K(153600K), 0.0267022 secs] 194336K->58708K(494976K), 0.0267620 secs] [Times: user=0.01 sys=0.01, real=0.03 secs] 
2018-02-23T10:17:10.578+0000: 117.094: [GC (Allocation Failure) 2018-02-23T10:17:10.578+0000: 117.094: [DefNew: 145957K->9376K(153600K), 0.0178074 secs] 195284K->59918K(494976K), 0.0178708 secs] [Times: user=0.02 sys=0.00, real=0.01 secs] 
2018-02-23T10:17:21.847+0000: 128.363: [GC (Allocation Failure) 2018-02-23T10:17:21.847+0000: 128.363: [DefNew: 145952K->9540K(153600K), 0.0244005 secs] 196494K->61244K(494976K), 0.0244774 secs] [Times: user=0.02 sys=0.01, real=0.03 secs] 
2018-02-23T10:17:34.175+0000: 140.691: [GC (Allocation Failure) 2018-02-23T10:17:34.175+0000: 140.691: [DefNew: 146116K->9036K(153600K), 0.0261414 secs] 197820K->62323K(494976K), 0.0262073 secs] [Times: user=0.01 sys=0.01, real=0.03 secs] 
2018-02-23T10:17:44.327+0000: 150.844: [GC (Allocation Failure) 2018-02-23T10:17:44.327+0000: 150.844: [DefNew: 145612K->9033K(153600K), 0.0177642 secs] 198899K->63624K(494976K), 0.0178594 secs] [Times: user=0.02 sys=0.00, real=0.02 secs] 
2018-02-23T10:17:56.981+0000: 163.498: [GC (Allocation Failure) 2018-02-23T10:17:56.981+0000: 163.498: [DefNew: 145609K->9302K(153600K), 0.0175410 secs] 200200K->65021K(494976K), 0.0176064 secs] [Times: user=0.02 sys=0.00, real=0.02 secs] 
2018-02-23T10:18:07.070+0000: 173.587: [GC (Allocation Failure) 2018-02-23T10:18:07.070+0000: 173.587: [DefNew: 145878K->9433K(153600K), 0.0171990 secs] 201597K->66246K(494976K), 0.0172592 secs] [Times: user=0.02 sys=0.00, real=0.01 secs] 
2018-02-23T10:18:17.900+0000: 184.416: [GC (Allocation Failure) 2018-02-23T10:18:17.900+0000: 184.416: [DefNew: 146009K->9288K(153600K), 0.0171190 secs] 202822K->67201K(494976K), 0.0171967 secs] [Times: user=0.02 sys=0.00, real=0.02 secs] 
2018-02-23T10:18:30.415+0000: 196.931: [GC (Allocation Failure) 2018-02-23T10:18:30.415+0000: 196.931: [DefNew: 145864K->9953K(153600K), 0.0235795 secs] 203777K->69025K(494976K), 0.0236643 secs] [Times: user=0.02 sys=0.01, real=0.03 secs] 
2018-02-23T10:18:43.116+0000: 209.633: [GC (Allocation Failure) 2018-02-23T10:18:43.116+0000: 209.633: [DefNew: 146529K->8654K(153600K), 0.0246908 secs] 205601K->70072K(494976K), 0.0247696 secs] [Times: user=0.02 sys=0.00, real=0.03 secs] 
2018-02-23T10:18:54.155+0000: 220.671: [GC (Allocation Failure) 2018-02-23T10:18:54.155+0000: 220.671: [DefNew: 145230K->9094K(153600K), 0.0176907 secs] 206648K->71678K(494976K), 0.0177563 secs] [Times: user=0.02 sys=0.00, real=0.02 secs] 
2018-02-23T10:19:02.558+0000: 229.074: [GC (Allocation Failure) 2018-02-23T10:19:02.558+0000: 229.074: [DefNew: 145670K->8798K(153600K), 0.0174382 secs] 208254K->72915K(494976K), 0.0175045 secs] [Times: user=0.02 sys=0.00, real=0.01 secs] 
2018-02-23T10:19:13.658+0000: 240.174: [GC (Allocation Failure) 2018-02-23T10:19:13.658+0000: 240.174: [DefNew: 145374K->10037K(153600K), 0.0180689 secs] 209491K->75353K(494976K), 0.0181345 secs] [Times: user=0.02 sys=0.00, real=0.01 secs] 
2018-02-23T10:19:23.899+0000: 250.415: [GC (Allocation Failure) 2018-02-23T10:19:23.899+0000: 250.415: [DefNew: 146613K->10254K(153600K), 0.0180727 secs] 211929K->76916K(494976K), 0.0181404 secs] [Times: user=0.02 sys=0.00, real=0.01 secs] 
2018-02-23T10:19:33.297+0000: 259.814: [GC (Allocation Failure) 2018-02-23T10:19:33.297+0000: 259.814: [DefNew: 146830K->7563K(153600K), 0.0183101 secs] 213492K->77917K(494976K), 0.0183749 secs] [Times: user=0.01 sys=0.01, real=0.01 secs] 
2018-02-23T10:19:43.484+0000: 270.000: [GC (Allocation Failure) 2018-02-23T10:19:43.484+0000: 270.000: [DefNew: 144139K->9226K(153600K), 0.0152867 secs] 214493K->79580K(494976K), 0.0153527 secs] [Times: user=0.02 sys=0.00, real=0.02 secs] 
2018-02-23T10:19:54.171+0000: 280.687: [GC (Allocation Failure) 2018-02-23T10:19:54.171+0000: 280.687: [DefNew: 145802K->9341K(153600K), 0.0170136 secs] 216156K->80990K(494976K), 0.0170746 secs] [Times: user=0.01 sys=0.00, real=0.01 secs] 
2018-02-23T10:20:04.982+0000: 291.499: [GC (Allocation Failure) 2018-02-23T10:20:04.982+0000: 291.499: [DefNew: 145917K->9672K(153600K), 0.0177322 secs] 217566K->82462K(494976K), 0.0177980 secs] [Times: user=0.02 sys=0.00, real=0.02 secs] 
2018-02-23T10:20:16.657+0000: 303.174: [GC (Allocation Failure) 2018-02-23T10:20:16.657+0000: 303.174: [DefNew: 146248K->9938K(153600K), 0.0181124 secs] 219038K->84039K(494976K), 0.0181781 secs] [Times: user=0.02 sys=0.00, real=0.01 secs] 
2018-02-23T10:20:26.050+0000: 312.566: [GC (Allocation Failure) 2018-02-23T10:20:26.050+0000: 312.566: [DefNew: 146514K->8415K(153600K), 0.0184532 secs] 220615K->85155K(494976K), 0.0185156 secs] [Times: user=0.02 sys=0.01, real=0.01 secs] 
2018-02-23T10:20:36.841+0000: 323.358: [GC (Allocation Failure) 2018-02-23T10:20:36.841+0000: 323.358: [DefNew: 144991K->10575K(153600K), 0.0165228 secs] 221731K->87316K(494976K), 0.0165946 secs] [Times: user=0.02 sys=0.00, real=0.02 secs] 
2018-02-23T10:20:47.153+0000: 333.669: [GC (Allocation Failure) 2018-02-23T10:20:47.153+0000: 333.669: [DefNew: 147151K->8909K(153600K), 0.0187392 secs] 223892K->88467K(494976K), 0.0187954 secs] [Times: user=0.02 sys=0.00, real=0.02 secs] 
2018-02-23T10:20:56.909+0000: 343.425: [GC (Allocation Failure) 2018-02-23T10:20:56.909+0000: 343.425: [DefNew: 145485K->9026K(153600K), 0.0167534 secs] 225043K->90066K(494976K), 0.0168303 secs] [Times: user=0.02 sys=0.00, real=0.02 secs] 
2018-02-23T10:21:07.187+0000: 353.704: [GC (Allocation Failure) 2018-02-23T10:21:07.187+0000: 353.704: [DefNew: 145602K->9209K(153600K), 0.0169849 secs] 226642K->91714K(494976K), 0.0170478 secs] [Times: user=0.02 sys=0.00, real=0.02 secs] 
2018-02-23T10:21:18.596+0000: 365.112: [GC (Allocation Failure) 2018-02-23T10:21:18.596+0000: 365.112: [DefNew: 145691K->9601K(153600K), 0.0170348 secs] 228196K->93578K(494976K), 0.0171041 secs] [Times: user=0.02 sys=0.00, real=0.02 secs] 
2018-02-23T10:21:26.572+0000: 373.089: [GC (Allocation Failure) 2018-02-23T10:21:26.572+0000: 373.089: [DefNew: 146177K->9264K(153600K), 0.0167026 secs] 230154K->95004K(494976K), 0.0167624 secs] [Times: user=0.01 sys=0.01, real=0.02 secs] 
2018-02-23T10:21:39.073+0000: 385.590: [GC (Allocation Failure) 2018-02-23T10:21:39.074+0000: 385.590: [DefNew: 145840K->9444K(153600K), 0.0172494 secs] 231580K->96742K(494976K), 0.0173096 secs] [Times: user=0.01 sys=0.01, real=0.02 secs] 
2018-02-23T10:21:49.004+0000: 395.520: [GC (Allocation Failure) 2018-02-23T10:21:49.004+0000: 395.520: [DefNew: 146020K->9333K(153600K), 0.0164607 secs] 233318K->97965K(494976K), 0.0165219 secs] [Times: user=0.01 sys=0.00, real=0.02 secs] 
2018-02-23T10:21:57.876+0000: 404.392: [GC (Allocation Failure) 2018-02-23T10:21:57.876+0000: 404.392: [DefNew: 145909K->9677K(153600K), 0.0170162 secs] 234541K->99777K(494976K), 0.0170798 secs] [Times: user=0.02 sys=0.00, real=0.02 secs] 
2018-02-23T10:22:09.085+0000: 415.601: [GC (Allocation Failure) 2018-02-23T10:22:09.085+0000: 415.601: [DefNew: 146253K->9802K(153600K), 0.0177785 secs] 236353K->101505K(494976K), 0.0178393 secs] [Times: user=0.01 sys=0.00, real=0.02 secs] 
2018-02-23T10:22:18.866+0000: 425.382: [GC (Allocation Failure) 2018-02-23T10:22:18.866+0000: 425.382: [DefNew: 146378K->9924K(153600K), 0.0242456 secs] 238081K->103186K(494976K), 0.0243092 secs] [Times: user=0.02 sys=0.00, real=0.03 secs] 
10:22:19.918 [Client] INFO  c.s.f.r.e.s.SocketRear  - FlameSocketGraphDeployerRear@172.31.44.83: has been disconnected from Connection 7
10:22:32.616 [worker-akka.actor.default-dispatcher-2] INFO  a.a.CoordinatedShutdown CoordinatedShutdown(akka://worker) - Starting coordinated shutdown from JVM shutdown hook
10:22:32.657 [worker-akka.actor.default-dispatcher-2] INFO  a.a.LocalActorRef akka://worker/user/watcher/graph0000000000/negotiator - Stopped
10:22:32.657 [worker-akka.actor.default-dispatcher-2] INFO  a.a.LocalActorRef akka://worker/user/watcher/graph0000000000/edge/FlameSocketGraphDeployerFront - Stopped
10:22:32.659 [worker-akka.actor.default-dispatcher-2] INFO  a.a.LocalActorRef akka://worker/user/watcher/graph0000000000/edge/FlameSocketGraphDeployerRear - Stopped
10:22:32.661 [worker-akka.actor.default-dispatcher-2] INFO  a.a.LocalActorRef akka://worker/user/watcher/graph0000000000/graph/$a - Stopped
10:22:32.662 [worker-akka.actor.default-dispatcher-2] INFO  a.a.LocalActorRef akka://worker/user/watcher/graph0000000000/graph/$b - Stopped
10:22:32.663 [worker-akka.actor.default-dispatcher-2] INFO  a.a.LocalActorRef akka://worker/user/watcher/graph0000000000/graph/$c - Stopped
10:22:32.666 [worker-akka.actor.default-dispatcher-2] INFO  a.a.LocalActorRef akka://worker/user/watcher/graph0000000000/graph/local-acker/$a - Stopped
10:22:32.673 [worker-akka.actor.default-dispatcher-2] INFO  a.a.LocalActorRef akka://worker/user/watcher/graph0000000000/graph/local-acker/$a - Message [com.spbsu.flamestream.runtime.utils.akka.PingActor$InnerPing] from Actor[akka://worker/user/watcher/graph0000000000/graph/local-acker/$a#785285561] to Actor[akka://worker/user/watcher/graph0000000000/graph/local-acker/$a#785285561] was not delivered. [1] dead letters encountered. This logging can be turned off or adjusted with configuration settings 'akka.log-dead-letters' and 'akka.log-dead-letters-during-shutdown'.
10:22:32.674 [worker-akka.actor.default-dispatcher-2] INFO  a.a.LocalActorRef akka://worker/user/watcher/graph0000000000/graph/local-acker - Stopped
10:22:32.674 [worker-akka.actor.default-dispatcher-2] INFO  a.a.LocalActorRef akka://worker/user/watcher/graph0000000000/edge - Stopped
10:22:32.675 [worker-akka.actor.default-dispatcher-2] INFO  a.a.LocalActorRef akka://worker/user/watcher/graph0000000000/graph - Stopped
10:22:32.676 [worker-akka.actor.default-dispatcher-2] INFO  a.a.LocalActorRef akka://worker/user/watcher/graph0000000000 - Stopped
10:22:32.679 [worker-akka.actor.default-dispatcher-2-EventThread] INFO  o.a.z.ClientCnxn  - EventThread shut down for session: 0x161c2283ddd000c
10:22:32.679 [worker-akka.actor.default-dispatcher-2] INFO  o.a.z.ZooKeeper  - Session: 0x161c2283ddd000c closed
10:22:32.680 [worker-akka.actor.default-dispatcher-2] INFO  a.a.LocalActorRef akka://worker/user/watcher/graph0000000000/graph/local-acker/$a - Message [com.spbsu.flamestream.runtime.utils.akka.PingActor$Stop] from Actor[akka://worker/user/watcher/graph0000000000/graph/local-acker#-1901684134] to Actor[akka://worker/user/watcher/graph0000000000/graph/local-acker/$a#785285561] was not delivered. [2] dead letters encountered. This logging can be turned off or adjusted with configuration settings 'akka.log-dead-letters' and 'akka.log-dead-letters-during-shutdown'.
10:22:32.680 [worker-akka.actor.default-dispatcher-2] INFO  a.a.LocalActorRef akka://worker/user/watcher/graph0000000000/graph/local-acker - Message [com.spbsu.flamestream.runtime.acker.LocalAcker$Flush] from Actor[akka://worker/user/watcher/graph0000000000/graph/local-acker#-1901684134] to Actor[akka://worker/user/watcher/graph0000000000/graph/local-acker#-1901684134] was not delivered. [3] dead letters encountered. This logging can be turned off or adjusted with configuration settings 'akka.log-dead-letters' and 'akka.log-dead-letters-during-shutdown'.
10:22:32.680 [worker-akka.actor.default-dispatcher-2] INFO  a.a.LocalActorRef akka://worker/user/watcher/graph0000000000/graph/local-acker - Message [com.spbsu.flamestream.runtime.acker.LocalAcker$Flush] from Actor[akka://worker/user/watcher/graph0000000000/graph/local-acker#-1901684134] to Actor[akka://worker/user/watcher/graph0000000000/graph/local-acker#-1901684134] was not delivered. [4] dead letters encountered. This logging can be turned off or adjusted with configuration settings 'akka.log-dead-letters' and 'akka.log-dead-letters-during-shutdown'.
10:22:32.681 [worker-akka.actor.default-dispatcher-2] INFO  a.a.LocalActorRef akka://worker/user/watcher/graph0000000000/graph/local-acker - Message [com.spbsu.flamestream.runtime.acker.LocalAcker$Flush] from Actor[akka://worker/user/watcher/graph0000000000/graph/local-acker#-1901684134] to Actor[akka://worker/user/watcher/graph0000000000/graph/local-acker#-1901684134] was not delivered. [5] dead letters encountered. This logging can be turned off or adjusted with configuration settings 'akka.log-dead-letters' and 'akka.log-dead-letters-during-shutdown'.
10:22:32.681 [worker-akka.actor.default-dispatcher-2] INFO  a.a.LocalActorRef akka://worker/user/watcher/graph0000000000/graph/local-acker - Message [com.spbsu.flamestream.runtime.acker.LocalAcker$Flush] from Actor[akka://worker/user/watcher/graph0000000000/graph/local-acker#-1901684134] to Actor[akka://worker/user/watcher/graph0000000000/graph/local-acker#-1901684134] was not delivered. [6] dead letters encountered. This logging can be turned off or adjusted with configuration settings 'akka.log-dead-letters' and 'akka.log-dead-letters-during-shutdown'.
10:22:32.683 [worker-akka.actor.default-dispatcher-2] INFO  a.a.LocalActorRef akka://worker/user/watcher/graph0000000000/graph/local-acker - Message [com.spbsu.flamestream.runtime.acker.LocalAcker$Flush] from Actor[akka://worker/user/watcher/graph0000000000/graph/local-acker#-1901684134] to Actor[akka://worker/user/watcher/graph0000000000/graph/local-acker#-1901684134] was not delivered. [7] dead letters encountered. This logging can be turned off or adjusted with configuration settings 'akka.log-dead-letters' and 'akka.log-dead-letters-during-shutdown'.
10:22:32.683 [worker-akka.actor.default-dispatcher-2] INFO  a.a.LocalActorRef akka://worker/user/watcher/graph0000000000/graph/local-acker - Message [com.spbsu.flamestream.runtime.acker.LocalAcker$Flush] from Actor[akka://worker/user/watcher/graph0000000000/graph/local-acker#-1901684134] to Actor[akka://worker/user/watcher/graph0000000000/graph/local-acker#-1901684134] was not delivered. [8] dead letters encountered. This logging can be turned off or adjusted with configuration settings 'akka.log-dead-letters' and 'akka.log-dead-letters-during-shutdown'.
10:22:32.685 [worker-akka.actor.default-dispatcher-2] INFO  a.a.RepointableActorRef akka://worker/user/watcher - Stopped
10:22:32.699 [worker-akka.actor.default-dispatcher-2] INFO  a.r.RemoteActorRefProvider$RemotingTerminator akka://worker@172.31.44.83:5412/system/remoting-terminator - Shutting down remote daemon.
10:22:32.702 [worker-akka.actor.default-dispatcher-2] INFO  a.r.RemoteActorRefProvider$RemotingTerminator akka://worker@172.31.44.83:5412/system/remoting-terminator - Remote daemon shut down; proceeding with flushing remote transports.
10:22:33.861 [worker-akka.actor.default-dispatcher-2] INFO  a.r.RemoteActorRefProvider$RemotingTerminator akka://worker@172.31.44.83:5412/system/remoting-terminator - Remoting shut down.
Heap
 def new generation   total 153600K, used 40742K [0x00000000e0c00000, 0x00000000eb2a0000, 0x00000000eb2a0000)
  eden space 136576K,  22% used [0x00000000e0c00000, 0x00000000e2a18750, 0x00000000e9160000)
  from space 17024K,  58% used [0x00000000e9160000, 0x00000000e9b11170, 0x00000000ea200000)
  to   space 17024K,   0% used [0x00000000ea200000, 0x00000000ea200000, 0x00000000eb2a0000)
 tenured generation   total 341376K, used 93262K [0x00000000eb2a0000, 0x0000000100000000, 0x0000000100000000)
   the space 341376K,  27% used [0x00000000eb2a0000, 0x00000000f0db39b8, 0x00000000f0db3a00, 0x0000000100000000)
 Metaspace       used 33452K, capacity 34282K, committed 34688K, reserved 1079296K
  class space    used 4456K, capacity 4624K, committed 4736K, reserved 1048576K
