10:39:09.417 [worker-akka.actor.default-dispatcher-2] INFO  a.e.s.Slf4jLogger  - Slf4jLogger started
2018-02-23T10:39:09.590+0000: 2.704: [Full GC (Metadata GC Threshold) 2018-02-23T10:39:09.590+0000: 2.704: [Tenured: 0K->15404K(341376K), 0.0380790 secs] 114799K->15404K(494976K), [Metaspace: 20879K->20879K(1067008K)], 0.0381399 secs] [Times: user=0.03 sys=0.00, real=0.04 secs] 
Ama winner
Ama winner
10:39:10.080 [worker-akka.actor.default-dispatcher-2] INFO  a.r.a.ArteryTransport(akka://worker) akka.remote.artery.ArteryTransport(akka://worker) - Started embedded media driver in directory [/dev/shm/aeron-root-worker-23a74251-a196-4595-8de6-56debff3cfaf]
10:39:10.305 [worker-akka.actor.default-dispatcher-2] INFO  a.r.a.ArteryTransport(akka://worker) akka.remote.artery.ArteryTransport(akka://worker) - Remoting started; listening on address: [akka://worker@172.31.39.64:5412] with UID [5474721018979044828]
10:39:10.414 [worker-akka.actor.default-dispatcher-2] INFO  o.a.z.ZooKeeper  - Client environment:zookeeper.version=3.4.9-1757313, built on 08/23/2016 06:50 GMT
10:39:10.414 [worker-akka.actor.default-dispatcher-2] INFO  o.a.z.ZooKeeper  - Client environment:host.name=ip-172-31-39-64.us-east-2.compute.internal
10:39:10.414 [worker-akka.actor.default-dispatcher-2] INFO  o.a.z.ZooKeeper  - Client environment:java.version=1.8.0_151
10:39:10.414 [worker-akka.actor.default-dispatcher-2] INFO  o.a.z.ZooKeeper  - Client environment:java.vendor=Oracle Corporation
10:39:10.414 [worker-akka.actor.default-dispatcher-2] INFO  o.a.z.ZooKeeper  - Client environment:java.home=/usr/lib/jvm/java-8-openjdk-amd64/jre
10:39:10.414 [worker-akka.actor.default-dispatcher-2] INFO  o.a.z.ZooKeeper  - Client environment:java.class.path=lib/commons-cli-1.4.jar:lib/minlog-1.3.0.jar:lib/asm-5.0.4.jar:lib/hadoop-annotations-2.7.3.jar:lib/hadoop-auth-2.7.3.jar:lib/akka-slf4j_2.11-2.5.6.jar:lib/jersey-core-1.9.jar:lib/lz4-1.3.0.jar:lib/jackson-core-asl-1.9.13.jar:lib/aeron-client-1.3.0.jar:lib/htrace-core-3.1.0-incubating.jar:lib/xz-1.0.jar:lib/commons-httpclient-3.1.jar:lib/asm-3.1.jar:lib/commons-lang3-3.4.jar:lib/scala-library-2.11.11.jar:lib/scala-java8-compat_2.11-0.7.0.jar:lib/commons-configuration-1.6.jar:lib/objenesis-2.1.jar:lib/jackson-annotations-2.8.0.jar:lib/jsr305-3.0.0.jar:lib/curator-framework-2.7.1.jar:lib/jersey-server-1.9.jar:lib/jets3t-0.9.0.jar:lib/leveldb-0.7.jar:lib/jetty-6.1.26.jar:lib/stax-api-1.0-2.jar:lib/flamestream-core-1.0-SNAPSHOT.jar:lib/reflectasm-1.07-shaded.jar:lib/apacheds-kerberos-codec-2.0.0-M15.jar:lib/api-asn1-api-1.0.0-M20.jar:lib/commons-lang-2.6.jar:lib/commons-beanutils-1.7.0.jar:lib/jackson-xc-1.8.3.jar:lib/jetty-util-6.1.26.jar:lib/logback-classic-1.2.3.jar:lib/jool-0.9.12.jar:lib/flamestream-runtime-1.0-SNAPSHOT-tests.jar:lib/httpcore-4.1.2.jar:lib/kryo-4.0.0.jar:lib/ant-1.8.1.jar:lib/jaxb-impl-2.2.3-1.jar:lib/jersey-json-1.9.jar:lib/commons-compress-1.4.1.jar:lib/leveldbjni-all-1.8.jar:lib/paranamer-2.3.jar:lib/jackson-core-2.8.4.jar:lib/commons-math3-3.6.1.jar:lib/scala-parser-combinators_2.11-1.0.4.jar:lib/netty-3.10.6.Final.jar:lib/trove4j-3.0.3.jar:lib/jaxb-api-2.2.2.jar:lib/logback-core-1.2.3.jar:lib/snappy-java-1.0.4.1.jar:lib/protobuf-java-2.5.0.jar:lib/reactive-streams-1.0.1.jar:lib/flamestream-examples-1.0-SNAPSHOT.jar:lib/commons-codec-1.4.jar:lib/activation-1.1.jar:lib/commons-net-3.1.jar:lib/curator-recipes-2.7.1.jar:lib/jackson-mapper-asl-1.9.13.jar:lib/jackson-databind-2.8.4.jar:lib/flamestream-runtime-1.0-SNAPSHOT.jar:lib/jackson-jaxrs-1.8.3.jar:lib/slf4j-api-1.7.24.jar:lib/akka-remote_2.11-2.5.6.jar:lib/akka-testkit_2.11-2.5.6.jar:lib/jline-0.9.94.jar:lib/akka-stream_2.11-2.5.6.jar:lib/jsp-api-2.1.jar:lib/kryonet-2.21.jar:lib/akka-kryo-serialization_2.11-0.5.0.jar:lib/config-1.3.1.jar:lib/ant-launcher-1.8.1.jar:lib/commons-logging-1.2.jar:lib/ssl-config-core_2.11-0.2.2.jar:lib/testng-6.10.jar:lib/leveldb-api-0.7.jar:lib/reflectasm-1.11.3.jar:lib/jcommander-1.48.jar:lib/commons-1.1.jar:lib/commons-digester-1.8.jar:lib/minlog-1.2.jar:lib/java-xmlbuilder-0.4.jar:lib/jettison-1.1.jar:lib/gson-2.2.4.jar:lib/jdk.tools-1.8.jar:lib/aeron-driver-1.3.0.jar:lib/zookeeper-3.4.9.jar:lib/commons-beanutils-core-1.8.0.jar:lib/commons-math3-3.1.1.jar:lib/akka-actor_2.11-2.5.6.jar:lib/curator-client-2.7.1.jar:lib/servlet-api-2.5.jar:lib/apacheds-i18n-2.0.0-M15.jar:lib/commons-io-2.4.jar:lib/commons-codec-1.6.jar:lib/akka-protobuf_2.11-2.5.6.jar:lib/jdom-2.0.2.jar:lib/api-util-1.0.0-M20.jar:lib/hadoop-common-2.7.3.jar:lib/agrona-0.9.6.jar:lib/xmlenc-0.52.jar:lib/guava-21.0.jar:lib/commons-collections-3.2.2.jar:lib/avro-1.7.4.jar:lib/httpclient-4.1.2.jar:lib/flamestream-core-1.0-SNAPSHOT-tests.jar:lib/annotations-12.0.jar:lib/jsch-0.1.42.jar:flamestream-runtime-1.0-SNAPSHOT.jar
10:39:10.414 [worker-akka.actor.default-dispatcher-2] INFO  o.a.z.ZooKeeper  - Client environment:java.library.path=/usr/java/packages/lib/amd64:/usr/lib/x86_64-linux-gnu/jni:/lib/x86_64-linux-gnu:/usr/lib/x86_64-linux-gnu:/usr/lib/jni:/lib:/usr/lib
10:39:10.414 [worker-akka.actor.default-dispatcher-2] INFO  o.a.z.ZooKeeper  - Client environment:java.io.tmpdir=/tmp
10:39:10.414 [worker-akka.actor.default-dispatcher-2] INFO  o.a.z.ZooKeeper  - Client environment:java.compiler=<NA>
10:39:10.415 [worker-akka.actor.default-dispatcher-2] INFO  o.a.z.ZooKeeper  - Client environment:os.name=Linux
10:39:10.415 [worker-akka.actor.default-dispatcher-2] INFO  o.a.z.ZooKeeper  - Client environment:os.arch=amd64
10:39:10.415 [worker-akka.actor.default-dispatcher-2] INFO  o.a.z.ZooKeeper  - Client environment:os.version=4.4.0-1049-aws
10:39:10.415 [worker-akka.actor.default-dispatcher-2] INFO  o.a.z.ZooKeeper  - Client environment:user.name=root
10:39:10.417 [worker-akka.actor.default-dispatcher-2] INFO  o.a.z.ZooKeeper  - Client environment:user.home=/root
10:39:10.417 [worker-akka.actor.default-dispatcher-2] INFO  o.a.z.ZooKeeper  - Client environment:user.dir=/opt/flamestream
10:39:10.419 [worker-akka.actor.default-dispatcher-2] INFO  o.a.z.ZooKeeper  - Initiating client connection, connectString=172.31.34.147:2181 sessionTimeout=5000 watcher=com.spbsu.flamestream.runtime.application.LifecycleWatcher$$Lambda$29/764839090@3d5d5f13
10:39:10.456 [worker-akka.actor.default-dispatcher-2] INFO  a.a.RepointableActorRef akka://worker/user/watcher - Starting...
10:39:10.458 [worker-akka.actor.default-dispatcher-2-SendThread(172.31.34.147:2181)] INFO  o.a.z.ClientCnxn  - Opening socket connection to server 172.31.34.147/172.31.34.147:2181. Will not attempt to authenticate using SASL (unknown error)
10:39:10.466 [worker-akka.actor.default-dispatcher-2-SendThread(172.31.34.147:2181)] INFO  o.a.z.ClientCnxn  - Socket connection established to 172.31.34.147/172.31.34.147:2181, initiating session
10:39:10.474 [worker-akka.actor.default-dispatcher-2-SendThread(172.31.34.147:2181)] INFO  o.a.z.ClientCnxn  - Session establishment complete on server 172.31.34.147/172.31.34.147:2181, sessionid = 0x161c23e272f0006, negotiated timeout = 6000
10:39:10.572 [worker-akka.actor.default-dispatcher-2] INFO  a.a.RepointableActorRef akka://worker/user/watcher - Connected to ZK
10:39:17.834 [worker-akka.actor.default-dispatcher-2] INFO  a.a.RepointableActorRef akka://worker/user/watcher - Creating node with watchGraphs: 'com.spbsu.flamestream.core.Graph$Builder$MyGraph@4084ed8a', config: 'ClusterConfig{paths={172.31.33.155=akka://worker@172.31.33.155:5412/user/watcher/graph0000000000, 172.31.47.83=akka://worker@172.31.47.83:5412/user/watcher/graph0000000000, 172.31.45.197=akka://worker@172.31.45.197:5412/user/watcher/graph0000000000, 172.31.42.36=akka://worker@172.31.42.36:5412/user/watcher/graph0000000000, 172.31.44.83=akka://worker@172.31.44.83:5412/user/watcher/graph0000000000, 172.31.39.64=akka://worker@172.31.39.64:5412/user/watcher/graph0000000000, 172.31.35.79=akka://worker@172.31.35.79:5412/user/watcher/graph0000000000, 172.31.34.169=akka://worker@172.31.34.169:5412/user/watcher/graph0000000000, 172.31.47.100=akka://worker@172.31.47.100:5412/user/watcher/graph0000000000, 172.31.37.101=akka://worker@172.31.37.101:5412/user/watcher/graph0000000000}, ackerLocation='172.31.35.79', props=ComputationLayout{ranges={172.31.33.155=HashRange{from=-1670265060, to=-1193046472}, 172.31.47.83=HashRange{from=1670265056, to=2147483644}, 172.31.45.197=HashRange{from=-715827884, to=-238609296}, 172.31.42.36=HashRange{from=1193046468, to=1670265056}, 172.31.44.83=HashRange{from=-238609296, to=238609292}, 172.31.39.64=HashRange{from=715827880, to=1193046468}, 172.31.35.79=HashRange{from=0, to=0}, 172.31.34.169=HashRange{from=-2147483648, to=-1670265060}, 172.31.47.100=HashRange{from=238609292, to=715827880}, 172.31.37.101=HashRange{from=-1193046472, to=-715827884}}}}'
10:39:18.837 [worker-akka.actor.default-dispatcher-2] INFO  a.a.LocalActorRef akka://worker/user/watcher/graph0000000000/graph - Starting...
10:39:18.841 [worker-akka.actor.default-dispatcher-2] INFO  a.a.LocalActorRef akka://worker/user/watcher/graph0000000000/graph/local-acker - Starting...
10:39:18.843 [worker-akka.actor.default-dispatcher-2] INFO  a.a.LocalActorRef akka://worker/user/watcher/graph0000000000/graph/local-acker/$a - Starting...
Warning: space is running low in /dev/shm (tmpfs) threshold=167,772,160 usable=158,621,696
Warning: space is running low in /dev/shm (tmpfs) threshold=167,772,160 usable=146,034,688
Warning: space is running low in /dev/shm (tmpfs) threshold=167,772,160 usable=133,447,680
Warning: space is running low in /dev/shm (tmpfs) threshold=167,772,160 usable=120,860,672
Warning: space is running low in /dev/shm (tmpfs) threshold=167,772,160 usable=108,273,664
Warning: space is running low in /dev/shm (tmpfs) threshold=167,772,160 usable=95,686,656
Warning: space is running low in /dev/shm (tmpfs) threshold=167,772,160 usable=83,099,648
Warning: space is running low in /dev/shm (tmpfs) threshold=167,772,160 usable=70,512,640
10:39:20.286 [worker-akka.actor.default-dispatcher-2] INFO  a.a.LocalActorRef akka://worker/user/watcher/graph0000000000/graph - Finishing constructor
10:39:20.287 [worker-akka.actor.default-dispatcher-2] INFO  a.a.LocalActorRef akka://worker/user/watcher/graph0000000000 - Starting...
10:39:20.290 [worker-akka.actor.default-dispatcher-2] INFO  a.a.LocalActorRef akka://worker/user/watcher/graph0000000000/negotiator - Starting...
10:39:20.342 [worker-akka.actor.default-dispatcher-2] INFO  a.a.LocalActorRef akka://worker/user/watcher/graph0000000000/edge - Starting...
10:39:20.344 [worker-akka.actor.default-dispatcher-2] INFO  a.a.LocalActorRef akka://worker/user/watcher/graph0000000000/graph/$a - Starting...
10:39:20.345 [worker-akka.actor.default-dispatcher-2] INFO  a.a.LocalActorRef akka://worker/user/watcher/graph0000000000/graph/$b - Starting...
10:39:20.345 [worker-akka.actor.default-dispatcher-2] INFO  a.a.LocalActorRef akka://worker/user/watcher/graph0000000000/graph/$c - Starting...
10:39:20.376 [worker-akka.actor.default-dispatcher-2] INFO  c.s.f.r.e.s.SocketRear  - FlameSocketGraphDeployerRear@172.31.39.64: connecting to 172.31.34.147:5678
10:39:20.382 [worker-akka.actor.default-dispatcher-2] INFO  c.s.f.r.e.s.SocketRear  - FlameSocketGraphDeployerRear@172.31.39.64: connected to 172.31.34.147:5678
10:39:20.409 [worker-akka.actor.default-dispatcher-2] INFO  a.a.LocalActorRef akka://worker/user/watcher/graph0000000000/edge/FlameSocketGraphDeployerRear - Starting...
10:39:20.410 [worker-akka.actor.default-dispatcher-2] INFO  a.a.LocalActorRef akka://worker/user/watcher/graph0000000000/edge/FlameSocketGraphDeployerFront - Starting...
10:39:20.412 [worker-akka.actor.default-dispatcher-2] INFO  a.a.LocalActorRef akka://worker/user/watcher/graph0000000000/negotiator - Requesting ticket for the frontClass FlameSocketGraphDeployerFront@172.31.39.64
10:39:20.426 [worker-akka.actor.default-dispatcher-2] INFO  a.a.LocalActorRef akka://worker/user/watcher/graph0000000000/negotiator - Ticket for the frontClass received: FrontTicket{allowedTimestamp=(1519382357832, FlameSocketGraphDeployerFront@172.31.39.64)}
10:39:20.426 [worker-akka.actor.default-dispatcher-2] INFO  c.s.f.r.e.s.SocketFront  - FlameSocketGraphDeployerFront@172.31.39.64: connecting to 172.31.34.147:4567
10:39:20.445 [Client] INFO  c.s.f.r.e.s.SocketFront  - FlameSocketGraphDeployerFront@172.31.39.64 has been disconnected from Connection 8
2018-02-23T10:39:23.776+0000: 16.891: [GC (Allocation Failure) 2018-02-23T10:39:23.776+0000: 16.891: [DefNew: 136576K->15046K(153600K), 0.0829913 secs] 151980K->49982K(494976K), 0.0830623 secs] [Times: user=0.01 sys=0.08, real=0.08 secs] 
2018-02-23T10:39:26.470+0000: 19.584: [GC (Allocation Failure) 2018-02-23T10:39:26.470+0000: 19.584: [DefNew: 151622K->4254K(153600K), 0.0195273 secs] 186558K->46749K(494976K), 0.0196067 secs] [Times: user=0.02 sys=0.00, real=0.02 secs] 
2018-02-23T10:39:32.011+0000: 25.126: [GC (Allocation Failure) 2018-02-23T10:39:32.011+0000: 25.126: [DefNew: 140830K->5783K(153600K), 0.0126661 secs] 183325K->48278K(494976K), 0.0127254 secs] [Times: user=0.01 sys=0.00, real=0.01 secs] 
2018-02-23T10:39:36.517+0000: 29.632: [GC (Allocation Failure) 2018-02-23T10:39:36.518+0000: 29.632: [DefNew: 142359K->7712K(153600K), 0.0163219 secs] 184854K->50207K(494976K), 0.0163919 secs] [Times: user=0.02 sys=0.00, real=0.01 secs] 
2018-02-23T10:39:40.405+0000: 33.520: [GC (Allocation Failure) 2018-02-23T10:39:40.405+0000: 33.520: [DefNew: 144288K->10111K(153600K), 0.0173557 secs] 186783K->52606K(494976K), 0.0174188 secs] [Times: user=0.02 sys=0.00, real=0.02 secs] 
2018-02-23T10:39:43.389+0000: 36.504: [GC (Allocation Failure) 2018-02-23T10:39:43.389+0000: 36.504: [DefNew: 146687K->7381K(153600K), 0.0178532 secs] 189182K->52895K(494976K), 0.0179099 secs] [Times: user=0.02 sys=0.00, real=0.02 secs] 
2018-02-23T10:39:48.004+0000: 41.120: [GC (Allocation Failure) 2018-02-23T10:39:48.006+0000: 41.120: [DefNew: 143957K->8765K(153600K), 0.0146108 secs] 189471K->54279K(494976K), 0.0157633 secs] [Times: user=0.01 sys=0.00, real=0.02 secs] 
2018-02-23T10:39:51.493+0000: 44.608: [GC (Allocation Failure) 2018-02-23T10:39:51.493+0000: 44.608: [DefNew: 145341K->7599K(153600K), 0.0154089 secs] 190855K->54535K(494976K), 0.0154819 secs] [Times: user=0.01 sys=0.00, real=0.02 secs] 
2018-02-23T10:39:57.179+0000: 50.294: [GC (Allocation Failure) 2018-02-23T10:39:57.179+0000: 50.294: [DefNew: 144175K->8801K(153600K), 0.0147489 secs] 191111K->55736K(494976K), 0.0148089 secs] [Times: user=0.02 sys=0.00, real=0.01 secs] 
2018-02-23T10:40:01.755+0000: 54.869: [GC (Allocation Failure) 2018-02-23T10:40:01.755+0000: 54.869: [DefNew: 145377K->9470K(153600K), 0.0185458 secs] 192312K->57602K(494976K), 0.0186271 secs] [Times: user=0.02 sys=0.00, real=0.01 secs] 
2018-02-23T10:40:05.964+0000: 59.078: [GC (Allocation Failure) 2018-02-23T10:40:05.964+0000: 59.078: [DefNew: 146046K->9859K(153600K), 0.0197365 secs] 194178K->58986K(494976K), 0.0197994 secs] [Times: user=0.02 sys=0.00, real=0.02 secs] 
2018-02-23T10:40:10.388+0000: 63.503: [GC (Allocation Failure) 2018-02-23T10:40:10.388+0000: 63.503: [DefNew: 146435K->8825K(153600K), 0.0517773 secs] 195562K->59857K(494976K), 0.0518401 secs] [Times: user=0.03 sys=0.01, real=0.05 secs] 
2018-02-23T10:40:16.946+0000: 70.061: [GC (Allocation Failure) 2018-02-23T10:40:16.946+0000: 70.061: [DefNew: 145401K->8533K(153600K), 0.0162545 secs] 196433K->60684K(494976K), 0.0163154 secs] [Times: user=0.01 sys=0.01, real=0.01 secs] 
2018-02-23T10:40:22.893+0000: 76.008: [GC (Allocation Failure) 2018-02-23T10:40:22.893+0000: 76.008: [DefNew: 145109K->8734K(153600K), 0.0272260 secs] 197260K->62210K(494976K), 0.0273122 secs] [Times: user=0.01 sys=0.02, real=0.03 secs] 
2018-02-23T10:40:28.039+0000: 81.154: [GC (Allocation Failure) 2018-02-23T10:40:28.039+0000: 81.154: [DefNew: 145310K->9159K(153600K), 0.0173422 secs] 198786K->63674K(494976K), 0.0174018 secs] [Times: user=0.02 sys=0.00, real=0.02 secs] 
2018-02-23T10:40:33.521+0000: 86.636: [GC (Allocation Failure) 2018-02-23T10:40:33.522+0000: 86.636: [DefNew: 145735K->9446K(153600K), 0.0223781 secs] 200250K->64990K(494976K), 0.0224726 secs] [Times: user=0.02 sys=0.00, real=0.02 secs] 
2018-02-23T10:40:39.272+0000: 92.387: [GC (Allocation Failure) 2018-02-23T10:40:39.272+0000: 92.387: [DefNew: 146022K->9640K(153600K), 0.0199466 secs] 201566K->66393K(494976K), 0.0200093 secs] [Times: user=0.02 sys=0.00, real=0.02 secs] 
2018-02-23T10:40:44.386+0000: 97.501: [GC (Allocation Failure) 2018-02-23T10:40:44.386+0000: 97.501: [DefNew: 146216K->9611K(153600K), 0.0179161 secs] 202969K->67626K(494976K), 0.0179937 secs] [Times: user=0.01 sys=0.01, real=0.02 secs] 
2018-02-23T10:40:50.461+0000: 103.576: [GC (Allocation Failure) 2018-02-23T10:40:50.461+0000: 103.576: [DefNew: 146187K->10369K(153600K), 0.0192439 secs] 204202K->69473K(494976K), 0.0193046 secs] [Times: user=0.02 sys=0.00, real=0.02 secs] 
2018-02-23T10:40:56.938+0000: 110.053: [GC (Allocation Failure) 2018-02-23T10:40:56.938+0000: 110.053: [DefNew: 146945K->8995K(153600K), 0.0190766 secs] 206049K->70453K(494976K), 0.0191624 secs] [Times: user=0.02 sys=0.00, real=0.02 secs] 
2018-02-23T10:41:02.150+0000: 115.264: [GC (Allocation Failure) 2018-02-23T10:41:02.150+0000: 115.264: [DefNew: 145571K->9304K(153600K), 0.0171516 secs] 207029K->71988K(494976K), 0.0172181 secs] [Times: user=0.01 sys=0.00, real=0.02 secs] 
2018-02-23T10:41:07.143+0000: 120.258: [GC (Allocation Failure) 2018-02-23T10:41:07.143+0000: 120.258: [DefNew: 145880K->9115K(153600K), 0.0178444 secs] 208564K->73409K(494976K), 0.0179151 secs] [Times: user=0.01 sys=0.00, real=0.02 secs] 
2018-02-23T10:41:11.345+0000: 124.460: [GC (Allocation Failure) 2018-02-23T10:41:11.345+0000: 124.460: [DefNew: 145691K->9846K(153600K), 0.0307286 secs] 209985K->75434K(494976K), 0.0308149 secs] [Times: user=0.02 sys=0.01, real=0.04 secs] 
2018-02-23T10:41:16.408+0000: 129.523: [GC (Allocation Failure) 2018-02-23T10:41:16.408+0000: 129.523: [DefNew: 146422K->9778K(153600K), 0.0179203 secs] 212010K->76525K(494976K), 0.0179843 secs] [Times: user=0.02 sys=0.00, real=0.01 secs] 
2018-02-23T10:41:22.005+0000: 135.119: [GC (Allocation Failure) 2018-02-23T10:41:22.005+0000: 135.119: [DefNew: 146354K->10762K(153600K), 0.0306503 secs] 213101K->78799K(494976K), 0.0307113 secs] [Times: user=0.01 sys=0.02, real=0.04 secs] 
2018-02-23T10:41:26.633+0000: 139.748: [GC (Allocation Failure) 2018-02-23T10:41:26.633+0000: 139.748: [DefNew: 147338K->9083K(153600K), 0.0206319 secs] 215375K->79952K(494976K), 0.0206915 secs] [Times: user=0.01 sys=0.00, real=0.02 secs] 
2018-02-23T10:41:31.339+0000: 144.454: [GC (Allocation Failure) 2018-02-23T10:41:31.339+0000: 144.454: [DefNew: 145659K->8226K(153600K), 0.0218509 secs] 216528K->81620K(494976K), 0.0219382 secs] [Times: user=0.02 sys=0.00, real=0.02 secs] 
2018-02-23T10:41:37.151+0000: 150.266: [GC (Allocation Failure) 2018-02-23T10:41:37.151+0000: 150.266: [DefNew: 144802K->10296K(153600K), 0.0163505 secs] 218196K->83690K(494976K), 0.0164119 secs] [Times: user=0.02 sys=0.00, real=0.02 secs] 
2018-02-23T10:41:42.220+0000: 155.335: [GC (Allocation Failure) 2018-02-23T10:41:42.220+0000: 155.335: [DefNew: 146872K->8852K(153600K), 0.0225260 secs] 220266K->84866K(494976K), 0.0225883 secs] [Times: user=0.02 sys=0.00, real=0.02 secs] 
2018-02-23T10:41:47.569+0000: 160.684: [GC (Allocation Failure) 2018-02-23T10:41:47.569+0000: 160.684: [DefNew: 145428K->8753K(153600K), 0.0187823 secs] 221442K->86380K(494976K), 0.0188450 secs] [Times: user=0.02 sys=0.00, real=0.02 secs] 
2018-02-23T10:41:52.605+0000: 165.720: [GC (Allocation Failure) 2018-02-23T10:41:52.605+0000: 165.720: [DefNew: 145329K->8824K(153600K), 0.0162246 secs] 222956K->87930K(494976K), 0.0162844 secs] [Times: user=0.02 sys=0.00, real=0.02 secs] 
2018-02-23T10:41:57.626+0000: 170.740: [GC (Allocation Failure) 2018-02-23T10:41:57.626+0000: 170.740: [DefNew: 145400K->8907K(153600K), 0.0288408 secs] 224506K->89517K(494976K), 0.0289017 secs] [Times: user=0.01 sys=0.02, real=0.04 secs] 
2018-02-23T10:42:02.174+0000: 175.289: [GC (Allocation Failure) 2018-02-23T10:42:02.174+0000: 175.289: [DefNew: 145483K->8785K(153600K), 0.0279777 secs] 226093K->90910K(494976K), 0.0280563 secs] [Times: user=0.00 sys=0.03, real=0.03 secs] 
2018-02-23T10:42:07.374+0000: 180.489: [GC (Allocation Failure) 2018-02-23T10:42:07.374+0000: 180.489: [DefNew: 145361K->9008K(153600K), 0.0169539 secs] 227486K->92614K(494976K), 0.0170360 secs] [Times: user=0.02 sys=0.00, real=0.02 secs] 
2018-02-23T10:42:12.326+0000: 185.440: [GC (Allocation Failure) 2018-02-23T10:42:12.326+0000: 185.440: [DefNew: 145584K->9939K(153600K), 0.0175100 secs] 229190K->94824K(494976K), 0.0175745 secs] [Times: user=0.02 sys=0.00, real=0.02 secs] 
2018-02-23T10:42:17.537+0000: 190.651: [GC (Allocation Failure) 2018-02-23T10:42:17.537+0000: 190.651: [DefNew: 146515K->9556K(153600K), 0.0168254 secs] 231400K->96015K(494976K), 0.0168868 secs] [Times: user=0.01 sys=0.00, real=0.01 secs] 
2018-02-23T10:42:22.866+0000: 195.981: [GC (Allocation Failure) 2018-02-23T10:42:22.866+0000: 195.981: [DefNew: 146132K->9798K(153600K), 0.0173553 secs] 232591K->97918K(494976K), 0.0174356 secs] [Times: user=0.02 sys=0.00, real=0.02 secs] 
2018-02-23T10:42:29.172+0000: 202.287: [GC (Allocation Failure) 2018-02-23T10:42:29.172+0000: 202.287: [DefNew: 146374K->9853K(153600K), 0.0169142 secs] 234494K->99510K(494976K), 0.0169743 secs] [Times: user=0.02 sys=0.00, real=0.02 secs] 
2018-02-23T10:42:34.064+0000: 207.178: [GC (Allocation Failure) 2018-02-23T10:42:34.064+0000: 207.178: [DefNew: 146429K->10131K(153600K), 0.0181513 secs] 236086K->101450K(494976K), 0.0182308 secs] [Times: user=0.01 sys=0.00, real=0.02 secs] 
2018-02-23T10:42:38.397+0000: 211.512: [GC (Allocation Failure) 2018-02-23T10:42:38.397+0000: 211.512: [DefNew: 146707K->10639K(153600K), 0.0183353 secs] 238026K->103438K(494976K), 0.0184099 secs] [Times: user=0.01 sys=0.00, real=0.02 secs] 
2018-02-23T10:42:43.930+0000: 217.045: [GC (Allocation Failure) 2018-02-23T10:42:43.930+0000: 217.045: [DefNew: 147215K->10437K(153600K), 0.0180454 secs] 240014K->104983K(494976K), 0.0181063 secs] [Times: user=0.02 sys=0.00, real=0.02 secs] 
2018-02-23T10:42:49.201+0000: 222.315: [GC (Allocation Failure) 2018-02-23T10:42:49.201+0000: 222.315: [DefNew: 147013K->11432K(153600K), 0.0334558 secs] 241559K->107599K(494976K), 0.0335347 secs] [Times: user=0.00 sys=0.02, real=0.03 secs] 
10:42:50.612 [Client] INFO  c.s.f.r.e.s.SocketRear  - FlameSocketGraphDeployerRear@172.31.39.64: has been disconnected from Connection 8
10:43:08.777 [worker-akka.actor.default-dispatcher-2] INFO  a.a.CoordinatedShutdown CoordinatedShutdown(akka://worker) - Starting coordinated shutdown from JVM shutdown hook
10:43:08.824 [worker-akka.actor.default-dispatcher-2] INFO  a.a.LocalActorRef akka://worker/user/watcher/graph0000000000/negotiator - Stopped
10:43:08.829 [worker-akka.actor.default-dispatcher-2] INFO  a.a.LocalActorRef akka://worker/user/watcher/graph0000000000/edge/FlameSocketGraphDeployerFront - Stopped
10:43:08.830 [worker-akka.actor.default-dispatcher-2] INFO  a.a.LocalActorRef akka://worker/user/watcher/graph0000000000/edge/FlameSocketGraphDeployerRear - Stopped
10:43:08.830 [worker-akka.actor.default-dispatcher-2] INFO  a.a.LocalActorRef akka://worker/user/watcher/graph0000000000/graph/$a - Stopped
10:43:08.831 [worker-akka.actor.default-dispatcher-2] INFO  a.a.LocalActorRef akka://worker/user/watcher/graph0000000000/graph/$b - Stopped
10:43:08.832 [worker-akka.actor.default-dispatcher-2] INFO  a.a.LocalActorRef akka://worker/user/watcher/graph0000000000/graph/$c - Stopped
10:43:08.832 [worker-akka.actor.default-dispatcher-2] INFO  a.a.LocalActorRef akka://worker/user/watcher/graph0000000000/graph/local-acker/$a - Stopped
10:43:08.836 [worker-akka.actor.default-dispatcher-2] INFO  a.a.LocalActorRef akka://worker/user/watcher/graph0000000000/graph/local-acker/$a - Message [com.spbsu.flamestream.runtime.utils.akka.PingActor$InnerPing] from Actor[akka://worker/user/watcher/graph0000000000/graph/local-acker/$a#-315209344] to Actor[akka://worker/user/watcher/graph0000000000/graph/local-acker/$a#-315209344] was not delivered. [1] dead letters encountered. This logging can be turned off or adjusted with configuration settings 'akka.log-dead-letters' and 'akka.log-dead-letters-during-shutdown'.
10:43:08.838 [worker-akka.actor.default-dispatcher-2] INFO  a.a.LocalActorRef akka://worker/user/watcher/graph0000000000/edge - Stopped
10:43:08.838 [worker-akka.actor.default-dispatcher-2] INFO  a.a.LocalActorRef akka://worker/user/watcher/graph0000000000/graph/local-acker - Stopped
10:43:08.839 [worker-akka.actor.default-dispatcher-2] INFO  a.a.LocalActorRef akka://worker/user/watcher/graph0000000000/graph - Stopped
10:43:08.840 [worker-akka.actor.default-dispatcher-2] INFO  a.a.LocalActorRef akka://worker/user/watcher/graph0000000000 - Stopped
10:43:08.844 [worker-akka.actor.default-dispatcher-2-EventThread] INFO  o.a.z.ClientCnxn  - EventThread shut down for session: 0x161c23e272f0006
10:43:08.844 [worker-akka.actor.default-dispatcher-2] INFO  o.a.z.ZooKeeper  - Session: 0x161c23e272f0006 closed
10:43:08.844 [worker-akka.actor.default-dispatcher-2] INFO  a.a.LocalActorRef akka://worker/user/watcher/graph0000000000/graph/local-acker/$a - Message [com.spbsu.flamestream.runtime.utils.akka.PingActor$Stop] from Actor[akka://worker/user/watcher/graph0000000000/graph/local-acker#1976747719] to Actor[akka://worker/user/watcher/graph0000000000/graph/local-acker/$a#-315209344] was not delivered. [2] dead letters encountered. This logging can be turned off or adjusted with configuration settings 'akka.log-dead-letters' and 'akka.log-dead-letters-during-shutdown'.
10:43:08.845 [worker-akka.actor.default-dispatcher-2] INFO  a.a.LocalActorRef akka://worker/user/watcher/graph0000000000/graph/local-acker - Message [com.spbsu.flamestream.runtime.acker.LocalAcker$Flush] from Actor[akka://worker/user/watcher/graph0000000000/graph/local-acker#1976747719] to Actor[akka://worker/user/watcher/graph0000000000/graph/local-acker#1976747719] was not delivered. [3] dead letters encountered. This logging can be turned off or adjusted with configuration settings 'akka.log-dead-letters' and 'akka.log-dead-letters-during-shutdown'.
10:43:08.845 [worker-akka.actor.default-dispatcher-2] INFO  a.a.LocalActorRef akka://worker/user/watcher/graph0000000000/graph/local-acker - Message [com.spbsu.flamestream.runtime.acker.LocalAcker$Flush] from Actor[akka://worker/user/watcher/graph0000000000/graph/local-acker#1976747719] to Actor[akka://worker/user/watcher/graph0000000000/graph/local-acker#1976747719] was not delivered. [4] dead letters encountered. This logging can be turned off or adjusted with configuration settings 'akka.log-dead-letters' and 'akka.log-dead-letters-during-shutdown'.
10:43:08.845 [worker-akka.actor.default-dispatcher-2] INFO  a.a.LocalActorRef akka://worker/user/watcher/graph0000000000/graph/local-acker - Message [com.spbsu.flamestream.runtime.acker.LocalAcker$Flush] from Actor[akka://worker/user/watcher/graph0000000000/graph/local-acker#1976747719] to Actor[akka://worker/user/watcher/graph0000000000/graph/local-acker#1976747719] was not delivered. [5] dead letters encountered. This logging can be turned off or adjusted with configuration settings 'akka.log-dead-letters' and 'akka.log-dead-letters-during-shutdown'.
10:43:08.845 [worker-akka.actor.default-dispatcher-2] INFO  a.a.LocalActorRef akka://worker/user/watcher/graph0000000000/graph/local-acker - Message [com.spbsu.flamestream.runtime.acker.LocalAcker$Flush] from Actor[akka://worker/user/watcher/graph0000000000/graph/local-acker#1976747719] to Actor[akka://worker/user/watcher/graph0000000000/graph/local-acker#1976747719] was not delivered. [6] dead letters encountered. This logging can be turned off or adjusted with configuration settings 'akka.log-dead-letters' and 'akka.log-dead-letters-during-shutdown'.
10:43:08.846 [worker-akka.actor.default-dispatcher-2] INFO  a.a.LocalActorRef akka://worker/user/watcher/graph0000000000/graph/local-acker - Message [com.spbsu.flamestream.runtime.acker.LocalAcker$Flush] from Actor[akka://worker/user/watcher/graph0000000000/graph/local-acker#1976747719] to Actor[akka://worker/user/watcher/graph0000000000/graph/local-acker#1976747719] was not delivered. [7] dead letters encountered. This logging can be turned off or adjusted with configuration settings 'akka.log-dead-letters' and 'akka.log-dead-letters-during-shutdown'.
10:43:08.846 [worker-akka.actor.default-dispatcher-2] INFO  a.a.LocalActorRef akka://worker/user/watcher/graph0000000000/graph/local-acker - Message [com.spbsu.flamestream.runtime.acker.LocalAcker$Flush] from Actor[akka://worker/user/watcher/graph0000000000/graph/local-acker#1976747719] to Actor[akka://worker/user/watcher/graph0000000000/graph/local-acker#1976747719] was not delivered. [8] dead letters encountered. This logging can be turned off or adjusted with configuration settings 'akka.log-dead-letters' and 'akka.log-dead-letters-during-shutdown'.
10:43:08.846 [worker-akka.actor.default-dispatcher-2] INFO  a.a.LocalActorRef akka://worker/user/watcher/graph0000000000/graph/local-acker - Message [com.spbsu.flamestream.runtime.acker.LocalAcker$Flush] from Actor[akka://worker/user/watcher/graph0000000000/graph/local-acker#1976747719] to Actor[akka://worker/user/watcher/graph0000000000/graph/local-acker#1976747719] was not delivered. [9] dead letters encountered. This logging can be turned off or adjusted with configuration settings 'akka.log-dead-letters' and 'akka.log-dead-letters-during-shutdown'.
10:43:08.848 [worker-akka.actor.default-dispatcher-2] INFO  a.a.RepointableActorRef akka://worker/user/watcher - Stopped
10:43:08.862 [worker-akka.actor.default-dispatcher-2] INFO  a.r.RemoteActorRefProvider$RemotingTerminator akka://worker@172.31.39.64:5412/system/remoting-terminator - Shutting down remote daemon.
10:43:08.865 [worker-akka.actor.default-dispatcher-2] INFO  a.r.RemoteActorRefProvider$RemotingTerminator akka://worker@172.31.39.64:5412/system/remoting-terminator - Remote daemon shut down; proceeding with flushing remote transports.
10:43:10.023 [worker-akka.actor.default-dispatcher-2] INFO  a.r.RemoteActorRefProvider$RemotingTerminator akka://worker@172.31.39.64:5412/system/remoting-terminator - Remoting shut down.
Heap
 def new generation   total 153600K, used 62593K [0x00000000e0c00000, 0x00000000eb2a0000, 0x00000000eb2a0000)
  eden space 136576K,  37% used [0x00000000e0c00000, 0x00000000e3df6300, 0x00000000e9160000)
  from space 17024K,  67% used [0x00000000e9160000, 0x00000000e9c8a318, 0x00000000ea200000)
  to   space 17024K,   0% used [0x00000000ea200000, 0x00000000ea200000, 0x00000000eb2a0000)
 tenured generation   total 341376K, used 96166K [0x00000000eb2a0000, 0x0000000100000000, 0x0000000100000000)
   the space 341376K,  28% used [0x00000000eb2a0000, 0x00000000f1089bf0, 0x00000000f1089c00, 0x0000000100000000)
 Metaspace       used 33358K, capacity 34166K, committed 34432K, reserved 1079296K
  class space    used 4455K, capacity 4624K, committed 4736K, reserved 1048576K
