10:15:14.666 [worker-akka.actor.default-dispatcher-2] INFO  a.e.s.Slf4jLogger  - Slf4jLogger started
2018-02-23T10:15:14.835+0000: 1.983: [Full GC (Metadata GC Threshold) 2018-02-23T10:15:14.835+0000: 1.983: [Tenured: 0K->15413K(341376K), 0.0369792 secs] 117531K->15413K(494976K), [Metaspace: 20869K->20869K(1067008K)], 0.0370420 secs] [Times: user=0.03 sys=0.01, real=0.04 secs] 
Ama winner
Ama winner
10:15:15.274 [worker-akka.actor.default-dispatcher-2] INFO  a.r.a.ArteryTransport(akka://worker) akka.remote.artery.ArteryTransport(akka://worker) - Started embedded media driver in directory [/dev/shm/aeron-root-worker-a96110a0-a223-4107-822e-9cae78da05ec]
10:15:15.507 [worker-akka.actor.default-dispatcher-2] INFO  a.r.a.ArteryTransport(akka://worker) akka.remote.artery.ArteryTransport(akka://worker) - Remoting started; listening on address: [akka://worker@172.31.45.197:5412] with UID [3777418346815201947]
10:15:15.612 [worker-akka.actor.default-dispatcher-2] INFO  o.a.z.ZooKeeper  - Client environment:zookeeper.version=3.4.9-1757313, built on 08/23/2016 06:50 GMT
10:15:15.612 [worker-akka.actor.default-dispatcher-2] INFO  o.a.z.ZooKeeper  - Client environment:host.name=ip-172-31-45-197.us-east-2.compute.internal
10:15:15.612 [worker-akka.actor.default-dispatcher-2] INFO  o.a.z.ZooKeeper  - Client environment:java.version=1.8.0_151
10:15:15.612 [worker-akka.actor.default-dispatcher-2] INFO  o.a.z.ZooKeeper  - Client environment:java.vendor=Oracle Corporation
10:15:15.612 [worker-akka.actor.default-dispatcher-2] INFO  o.a.z.ZooKeeper  - Client environment:java.home=/usr/lib/jvm/java-8-openjdk-amd64/jre
10:15:15.612 [worker-akka.actor.default-dispatcher-2] INFO  o.a.z.ZooKeeper  - Client environment:java.class.path=lib/commons-cli-1.4.jar:lib/minlog-1.3.0.jar:lib/asm-5.0.4.jar:lib/hadoop-annotations-2.7.3.jar:lib/hadoop-auth-2.7.3.jar:lib/akka-slf4j_2.11-2.5.6.jar:lib/jersey-core-1.9.jar:lib/lz4-1.3.0.jar:lib/jackson-core-asl-1.9.13.jar:lib/aeron-client-1.3.0.jar:lib/htrace-core-3.1.0-incubating.jar:lib/xz-1.0.jar:lib/commons-httpclient-3.1.jar:lib/asm-3.1.jar:lib/commons-lang3-3.4.jar:lib/scala-library-2.11.11.jar:lib/scala-java8-compat_2.11-0.7.0.jar:lib/commons-configuration-1.6.jar:lib/objenesis-2.1.jar:lib/jackson-annotations-2.8.0.jar:lib/jsr305-3.0.0.jar:lib/curator-framework-2.7.1.jar:lib/jersey-server-1.9.jar:lib/jets3t-0.9.0.jar:lib/leveldb-0.7.jar:lib/jetty-6.1.26.jar:lib/stax-api-1.0-2.jar:lib/flamestream-core-1.0-SNAPSHOT.jar:lib/reflectasm-1.07-shaded.jar:lib/apacheds-kerberos-codec-2.0.0-M15.jar:lib/api-asn1-api-1.0.0-M20.jar:lib/commons-lang-2.6.jar:lib/commons-beanutils-1.7.0.jar:lib/jackson-xc-1.8.3.jar:lib/jetty-util-6.1.26.jar:lib/logback-classic-1.2.3.jar:lib/jool-0.9.12.jar:lib/flamestream-runtime-1.0-SNAPSHOT-tests.jar:lib/httpcore-4.1.2.jar:lib/kryo-4.0.0.jar:lib/ant-1.8.1.jar:lib/jaxb-impl-2.2.3-1.jar:lib/jersey-json-1.9.jar:lib/commons-compress-1.4.1.jar:lib/leveldbjni-all-1.8.jar:lib/paranamer-2.3.jar:lib/jackson-core-2.8.4.jar:lib/commons-math3-3.6.1.jar:lib/scala-parser-combinators_2.11-1.0.4.jar:lib/netty-3.10.6.Final.jar:lib/trove4j-3.0.3.jar:lib/jaxb-api-2.2.2.jar:lib/logback-core-1.2.3.jar:lib/snappy-java-1.0.4.1.jar:lib/protobuf-java-2.5.0.jar:lib/reactive-streams-1.0.1.jar:lib/flamestream-examples-1.0-SNAPSHOT.jar:lib/commons-codec-1.4.jar:lib/activation-1.1.jar:lib/commons-net-3.1.jar:lib/curator-recipes-2.7.1.jar:lib/jackson-mapper-asl-1.9.13.jar:lib/jackson-databind-2.8.4.jar:lib/flamestream-runtime-1.0-SNAPSHOT.jar:lib/jackson-jaxrs-1.8.3.jar:lib/slf4j-api-1.7.24.jar:lib/akka-remote_2.11-2.5.6.jar:lib/akka-testkit_2.11-2.5.6.jar:lib/jline-0.9.94.jar:lib/akka-stream_2.11-2.5.6.jar:lib/jsp-api-2.1.jar:lib/kryonet-2.21.jar:lib/akka-kryo-serialization_2.11-0.5.0.jar:lib/config-1.3.1.jar:lib/ant-launcher-1.8.1.jar:lib/commons-logging-1.2.jar:lib/ssl-config-core_2.11-0.2.2.jar:lib/testng-6.10.jar:lib/leveldb-api-0.7.jar:lib/reflectasm-1.11.3.jar:lib/jcommander-1.48.jar:lib/commons-1.1.jar:lib/commons-digester-1.8.jar:lib/minlog-1.2.jar:lib/java-xmlbuilder-0.4.jar:lib/jettison-1.1.jar:lib/gson-2.2.4.jar:lib/jdk.tools-1.8.jar:lib/aeron-driver-1.3.0.jar:lib/zookeeper-3.4.9.jar:lib/commons-beanutils-core-1.8.0.jar:lib/commons-math3-3.1.1.jar:lib/akka-actor_2.11-2.5.6.jar:lib/curator-client-2.7.1.jar:lib/servlet-api-2.5.jar:lib/apacheds-i18n-2.0.0-M15.jar:lib/commons-io-2.4.jar:lib/commons-codec-1.6.jar:lib/akka-protobuf_2.11-2.5.6.jar:lib/jdom-2.0.2.jar:lib/api-util-1.0.0-M20.jar:lib/hadoop-common-2.7.3.jar:lib/agrona-0.9.6.jar:lib/xmlenc-0.52.jar:lib/guava-21.0.jar:lib/commons-collections-3.2.2.jar:lib/avro-1.7.4.jar:lib/httpclient-4.1.2.jar:lib/flamestream-core-1.0-SNAPSHOT-tests.jar:lib/annotations-12.0.jar:lib/jsch-0.1.42.jar:flamestream-runtime-1.0-SNAPSHOT.jar
10:15:15.612 [worker-akka.actor.default-dispatcher-2] INFO  o.a.z.ZooKeeper  - Client environment:java.library.path=/usr/java/packages/lib/amd64:/usr/lib/x86_64-linux-gnu/jni:/lib/x86_64-linux-gnu:/usr/lib/x86_64-linux-gnu:/usr/lib/jni:/lib:/usr/lib
10:15:15.613 [worker-akka.actor.default-dispatcher-2] INFO  o.a.z.ZooKeeper  - Client environment:java.io.tmpdir=/tmp
10:15:15.613 [worker-akka.actor.default-dispatcher-2] INFO  o.a.z.ZooKeeper  - Client environment:java.compiler=<NA>
10:15:15.613 [worker-akka.actor.default-dispatcher-2] INFO  o.a.z.ZooKeeper  - Client environment:os.name=Linux
10:15:15.613 [worker-akka.actor.default-dispatcher-2] INFO  o.a.z.ZooKeeper  - Client environment:os.arch=amd64
10:15:15.613 [worker-akka.actor.default-dispatcher-2] INFO  o.a.z.ZooKeeper  - Client environment:os.version=4.4.0-1049-aws
10:15:15.613 [worker-akka.actor.default-dispatcher-2] INFO  o.a.z.ZooKeeper  - Client environment:user.name=root
10:15:15.614 [worker-akka.actor.default-dispatcher-2] INFO  o.a.z.ZooKeeper  - Client environment:user.home=/root
10:15:15.614 [worker-akka.actor.default-dispatcher-2] INFO  o.a.z.ZooKeeper  - Client environment:user.dir=/opt/flamestream
10:15:15.618 [worker-akka.actor.default-dispatcher-2] INFO  o.a.z.ZooKeeper  - Initiating client connection, connectString=172.31.34.147:2181 sessionTimeout=5000 watcher=com.spbsu.flamestream.runtime.application.LifecycleWatcher$$Lambda$29/764839090@3d5d5f13
10:15:15.653 [worker-akka.actor.default-dispatcher-2] INFO  a.a.RepointableActorRef akka://worker/user/watcher - Starting...
10:15:15.654 [worker-akka.actor.default-dispatcher-2-SendThread(172.31.34.147:2181)] INFO  o.a.z.ClientCnxn  - Opening socket connection to server 172.31.34.147/172.31.34.147:2181. Will not attempt to authenticate using SASL (unknown error)
10:15:15.660 [worker-akka.actor.default-dispatcher-2-SendThread(172.31.34.147:2181)] INFO  o.a.z.ClientCnxn  - Socket connection established to 172.31.34.147/172.31.34.147:2181, initiating session
10:15:15.668 [worker-akka.actor.default-dispatcher-2-SendThread(172.31.34.147:2181)] INFO  o.a.z.ClientCnxn  - Session establishment complete on server 172.31.34.147/172.31.34.147:2181, sessionid = 0x161c2283ddd0006, negotiated timeout = 6000
10:15:15.762 [worker-akka.actor.default-dispatcher-2] INFO  a.a.RepointableActorRef akka://worker/user/watcher - Connected to ZK
10:15:22.718 [worker-akka.actor.default-dispatcher-2] INFO  a.a.RepointableActorRef akka://worker/user/watcher - Creating node with watchGraphs: 'com.spbsu.flamestream.core.Graph$Builder$MyGraph@4084ed8a', config: 'ClusterConfig{paths={172.31.33.155=akka://worker@172.31.33.155:5412/user/watcher/graph0000000000, 172.31.47.83=akka://worker@172.31.47.83:5412/user/watcher/graph0000000000, 172.31.45.197=akka://worker@172.31.45.197:5412/user/watcher/graph0000000000, 172.31.42.36=akka://worker@172.31.42.36:5412/user/watcher/graph0000000000, 172.31.44.83=akka://worker@172.31.44.83:5412/user/watcher/graph0000000000, 172.31.39.64=akka://worker@172.31.39.64:5412/user/watcher/graph0000000000, 172.31.35.79=akka://worker@172.31.35.79:5412/user/watcher/graph0000000000, 172.31.34.169=akka://worker@172.31.34.169:5412/user/watcher/graph0000000000, 172.31.47.100=akka://worker@172.31.47.100:5412/user/watcher/graph0000000000, 172.31.37.101=akka://worker@172.31.37.101:5412/user/watcher/graph0000000000}, ackerLocation='172.31.35.79', props=ComputationLayout{ranges={172.31.33.155=HashRange{from=-1670265060, to=-1193046472}, 172.31.47.83=HashRange{from=1670265056, to=2147483644}, 172.31.45.197=HashRange{from=-715827884, to=-238609296}, 172.31.42.36=HashRange{from=1193046468, to=1670265056}, 172.31.44.83=HashRange{from=-238609296, to=238609292}, 172.31.39.64=HashRange{from=715827880, to=1193046468}, 172.31.35.79=HashRange{from=0, to=0}, 172.31.34.169=HashRange{from=-2147483648, to=-1670265060}, 172.31.47.100=HashRange{from=238609292, to=715827880}, 172.31.37.101=HashRange{from=-1193046472, to=-715827884}}}}'
10:15:23.634 [worker-akka.actor.default-dispatcher-2] INFO  a.a.LocalActorRef akka://worker/user/watcher/graph0000000000/graph - Starting...
10:15:23.634 [worker-akka.actor.default-dispatcher-2] INFO  a.a.LocalActorRef akka://worker/user/watcher/graph0000000000/graph/local-acker - Starting...
10:15:23.638 [worker-akka.actor.default-dispatcher-2] INFO  a.a.LocalActorRef akka://worker/user/watcher/graph0000000000/graph/local-acker/$a - Starting...
Warning: space is running low in /dev/shm (tmpfs) threshold=167,772,160 usable=158,621,696
Warning: space is running low in /dev/shm (tmpfs) threshold=167,772,160 usable=146,034,688
Warning: space is running low in /dev/shm (tmpfs) threshold=167,772,160 usable=133,447,680
Warning: space is running low in /dev/shm (tmpfs) threshold=167,772,160 usable=120,860,672
Warning: space is running low in /dev/shm (tmpfs) threshold=167,772,160 usable=108,273,664
Warning: space is running low in /dev/shm (tmpfs) threshold=167,772,160 usable=95,686,656
Warning: space is running low in /dev/shm (tmpfs) threshold=167,772,160 usable=83,099,648
Warning: space is running low in /dev/shm (tmpfs) threshold=167,772,160 usable=70,512,640
10:15:24.843 [worker-akka.actor.default-dispatcher-2] INFO  a.a.LocalActorRef akka://worker/user/watcher/graph0000000000/graph - Finishing constructor
10:15:24.844 [worker-akka.actor.default-dispatcher-2] INFO  a.a.LocalActorRef akka://worker/user/watcher/graph0000000000 - Starting...
10:15:24.846 [worker-akka.actor.default-dispatcher-2] INFO  a.a.LocalActorRef akka://worker/user/watcher/graph0000000000/negotiator - Starting...
10:15:24.914 [worker-akka.actor.default-dispatcher-2] INFO  a.a.LocalActorRef akka://worker/user/watcher/graph0000000000/edge - Starting...
10:15:24.916 [worker-akka.actor.default-dispatcher-2] INFO  a.a.LocalActorRef akka://worker/user/watcher/graph0000000000/graph/$a - Starting...
10:15:24.918 [worker-akka.actor.default-dispatcher-2] INFO  a.a.LocalActorRef akka://worker/user/watcher/graph0000000000/graph/$b - Starting...
10:15:24.919 [worker-akka.actor.default-dispatcher-2] INFO  a.a.LocalActorRef akka://worker/user/watcher/graph0000000000/graph/$c - Starting...
10:15:24.947 [worker-akka.actor.default-dispatcher-2] INFO  c.s.f.r.e.s.SocketRear  - FlameSocketGraphDeployerRear@172.31.45.197: connecting to 172.31.34.147:5678
10:15:24.954 [worker-akka.actor.default-dispatcher-2] INFO  c.s.f.r.e.s.SocketRear  - FlameSocketGraphDeployerRear@172.31.45.197: connected to 172.31.34.147:5678
10:15:24.982 [worker-akka.actor.default-dispatcher-2] INFO  a.a.LocalActorRef akka://worker/user/watcher/graph0000000000/edge/FlameSocketGraphDeployerRear - Starting...
10:15:24.983 [worker-akka.actor.default-dispatcher-2] INFO  a.a.LocalActorRef akka://worker/user/watcher/graph0000000000/edge/FlameSocketGraphDeployerFront - Starting...
10:15:24.984 [worker-akka.actor.default-dispatcher-2] INFO  a.a.LocalActorRef akka://worker/user/watcher/graph0000000000/negotiator - Requesting ticket for the frontClass FlameSocketGraphDeployerFront@172.31.45.197
10:15:24.998 [worker-akka.actor.default-dispatcher-2] INFO  a.a.LocalActorRef akka://worker/user/watcher/graph0000000000/negotiator - Ticket for the frontClass received: FrontTicket{allowedTimestamp=(1519380922738, FlameSocketGraphDeployerFront@172.31.45.197)}
10:15:24.999 [worker-akka.actor.default-dispatcher-2] INFO  c.s.f.r.e.s.SocketFront  - FlameSocketGraphDeployerFront@172.31.45.197: connecting to 172.31.34.147:4567
10:15:25.035 [Client] INFO  c.s.f.r.e.s.SocketFront  - FlameSocketGraphDeployerFront@172.31.45.197 has been disconnected from Connection 5
2018-02-23T10:15:29.182+0000: 16.330: [GC (Allocation Failure) 2018-02-23T10:15:29.182+0000: 16.330: [DefNew: 136576K->15447K(153600K), 0.1564469 secs] 151989K->50392K(494976K), 0.1565295 secs] [Times: user=0.03 sys=0.13, real=0.15 secs] 
2018-02-23T10:15:39.587+0000: 26.735: [GC (Allocation Failure) 2018-02-23T10:15:39.587+0000: 26.735: [DefNew: 152023K->3890K(153600K), 0.0190653 secs] 186968K->46487K(494976K), 0.0191255 secs] [Times: user=0.01 sys=0.01, real=0.02 secs] 
2018-02-23T10:15:49.451+0000: 36.599: [GC (Allocation Failure) 2018-02-23T10:15:49.451+0000: 36.599: [DefNew: 140466K->5743K(153600K), 0.0122109 secs] 183063K->48340K(494976K), 0.0122698 secs] [Times: user=0.01 sys=0.00, real=0.01 secs] 
2018-02-23T10:15:59.993+0000: 47.142: [GC (Allocation Failure) 2018-02-23T10:15:59.993+0000: 47.142: [DefNew: 142319K->7990K(153600K), 0.0323180 secs] 184916K->50587K(494976K), 0.0324007 secs] [Times: user=0.00 sys=0.02, real=0.03 secs] 
2018-02-23T10:16:07.960+0000: 55.109: [GC (Allocation Failure) 2018-02-23T10:16:07.960+0000: 55.109: [DefNew: 144566K->9625K(153600K), 0.0167213 secs] 187163K->52222K(494976K), 0.0167860 secs] [Times: user=0.02 sys=0.00, real=0.02 secs] 
2018-02-23T10:16:17.846+0000: 64.995: [GC (Allocation Failure) 2018-02-23T10:16:17.846+0000: 64.995: [DefNew: 146201K->8981K(153600K), 0.0270693 secs] 188798K->53242K(494976K), 0.0271337 secs] [Times: user=0.02 sys=0.02, real=0.03 secs] 
2018-02-23T10:16:28.923+0000: 76.072: [GC (Allocation Failure) 2018-02-23T10:16:28.923+0000: 76.072: [DefNew: 145557K->8976K(153600K), 0.0172355 secs] 189818K->54397K(494976K), 0.0172992 secs] [Times: user=0.02 sys=0.00, real=0.01 secs] 
2018-02-23T10:16:43.101+0000: 90.250: [GC (Allocation Failure) 2018-02-23T10:16:43.101+0000: 90.250: [DefNew: 145552K->9263K(153600K), 0.0206742 secs] 190973K->56003K(494976K), 0.0207371 secs] [Times: user=0.02 sys=0.01, real=0.03 secs] 
2018-02-23T10:16:53.968+0000: 101.116: [GC (Allocation Failure) 2018-02-23T10:16:53.968+0000: 101.116: [DefNew: 145839K->9330K(153600K), 0.0179948 secs] 192579K->57387K(494976K), 0.0180692 secs] [Times: user=0.02 sys=0.00, real=0.02 secs] 
2018-02-23T10:17:04.972+0000: 112.121: [GC (Allocation Failure) 2018-02-23T10:17:04.972+0000: 112.121: [DefNew: 145906K->9159K(153600K), 0.0245255 secs] 193963K->58419K(494976K), 0.0245890 secs] [Times: user=0.01 sys=0.02, real=0.02 secs] 
2018-02-23T10:17:18.856+0000: 126.004: [GC (Allocation Failure) 2018-02-23T10:17:18.856+0000: 126.004: [DefNew: 145735K->9314K(153600K), 0.0175157 secs] 194995K->59861K(494976K), 0.0175783 secs] [Times: user=0.02 sys=0.00, real=0.02 secs] 
2018-02-23T10:17:33.131+0000: 140.280: [GC (Allocation Failure) 2018-02-23T10:17:33.131+0000: 140.280: [DefNew: 145890K->9204K(153600K), 0.0241560 secs] 196437K->61286K(494976K), 0.0242182 secs] [Times: user=0.01 sys=0.01, real=0.02 secs] 
2018-02-23T10:17:44.224+0000: 151.373: [GC (Allocation Failure) 2018-02-23T10:17:44.224+0000: 151.373: [DefNew: 145780K->9648K(153600K), 0.0194476 secs] 197862K->62985K(494976K), 0.0195105 secs] [Times: user=0.02 sys=0.00, real=0.02 secs] 
2018-02-23T10:17:56.791+0000: 163.939: [GC (Allocation Failure) 2018-02-23T10:17:56.791+0000: 163.939: [DefNew: 146224K->9500K(153600K), 0.0174803 secs] 199561K->63925K(494976K), 0.0175424 secs] [Times: user=0.02 sys=0.00, real=0.01 secs] 
2018-02-23T10:18:08.128+0000: 175.276: [GC (Allocation Failure) 2018-02-23T10:18:08.128+0000: 175.276: [DefNew: 146076K->9587K(153600K), 0.0177065 secs] 200501K->65190K(494976K), 0.0177881 secs] [Times: user=0.02 sys=0.00, real=0.02 secs] 
2018-02-23T10:18:20.997+0000: 188.145: [GC (Allocation Failure) 2018-02-23T10:18:20.997+0000: 188.145: [DefNew: 146163K->9870K(153600K), 0.0252082 secs] 201766K->66832K(494976K), 0.0252785 secs] [Times: user=0.02 sys=0.01, real=0.03 secs] 
2018-02-23T10:18:34.731+0000: 201.880: [GC (Allocation Failure) 2018-02-23T10:18:34.731+0000: 201.880: [DefNew: 146446K->8756K(153600K), 0.0264661 secs] 203408K->68162K(494976K), 0.0265518 secs] [Times: user=0.01 sys=0.01, real=0.02 secs] 
2018-02-23T10:18:46.058+0000: 213.206: [GC (Allocation Failure) 2018-02-23T10:18:46.058+0000: 213.206: [DefNew: 145332K->8530K(153600K), 0.0168602 secs] 204738K->69245K(494976K), 0.0169326 secs] [Times: user=0.01 sys=0.00, real=0.02 secs] 
2018-02-23T10:18:54.931+0000: 222.081: [GC (Allocation Failure) 2018-02-23T10:18:54.932+0000: 222.081: [DefNew: 145106K->8600K(153600K), 0.0170406 secs] 205821K->70871K(494976K), 0.0178409 secs] [Times: user=0.01 sys=0.00, real=0.01 secs] 
2018-02-23T10:19:05.018+0000: 232.166: [GC (Allocation Failure) 2018-02-23T10:19:05.018+0000: 232.166: [DefNew: 145176K->9052K(153600K), 0.0172801 secs] 207447K->72597K(494976K), 0.0173479 secs] [Times: user=0.00 sys=0.01, real=0.02 secs] 
2018-02-23T10:19:18.375+0000: 245.523: [GC (Allocation Failure) 2018-02-23T10:19:18.375+0000: 245.523: [DefNew: 145628K->10511K(153600K), 0.0183129 secs] 209173K->75217K(494976K), 0.0183768 secs] [Times: user=0.02 sys=0.00, real=0.02 secs] 
2018-02-23T10:19:28.076+0000: 255.224: [GC (Allocation Failure) 2018-02-23T10:19:28.076+0000: 255.224: [DefNew: 147087K->9114K(153600K), 0.0192065 secs] 211793K->76871K(494976K), 0.0192715 secs] [Times: user=0.02 sys=0.00, real=0.02 secs] 
2018-02-23T10:19:39.155+0000: 266.304: [GC (Allocation Failure) 2018-02-23T10:19:39.155+0000: 266.304: [DefNew: 145690K->7678K(153600K), 0.0170269 secs] 213447K->78045K(494976K), 0.0170847 secs] [Times: user=0.02 sys=0.00, real=0.02 secs] 
2018-02-23T10:19:50.854+0000: 278.003: [GC (Allocation Failure) 2018-02-23T10:19:50.854+0000: 278.003: [DefNew: 144254K->9349K(153600K), 0.0151878 secs] 214621K->79716K(494976K), 0.0152593 secs] [Times: user=0.01 sys=0.00, real=0.02 secs] 
2018-02-23T10:20:02.806+0000: 289.954: [GC (Allocation Failure) 2018-02-23T10:20:02.806+0000: 289.954: [DefNew: 145925K->9889K(153600K), 0.0254540 secs] 216292K->81610K(494976K), 0.0255209 secs] [Times: user=0.01 sys=0.02, real=0.03 secs] 
2018-02-23T10:20:14.930+0000: 302.078: [GC (Allocation Failure) 2018-02-23T10:20:14.930+0000: 302.078: [DefNew: 146465K->10175K(153600K), 0.0184330 secs] 218186K->83176K(494976K), 0.0185057 secs] [Times: user=0.02 sys=0.00, real=0.01 secs] 
2018-02-23T10:20:26.178+0000: 313.326: [GC (Allocation Failure) 2018-02-23T10:20:26.178+0000: 313.326: [DefNew: 146751K->8723K(153600K), 0.0191882 secs] 219752K->84621K(494976K), 0.0192540 secs] [Times: user=0.02 sys=0.00, real=0.02 secs] 
2018-02-23T10:20:39.541+0000: 326.689: [GC (Allocation Failure) 2018-02-23T10:20:39.541+0000: 326.689: [DefNew: 145299K->8997K(153600K), 0.0175643 secs] 221197K->86522K(494976K), 0.0176244 secs] [Times: user=0.02 sys=0.00, real=0.02 secs] 
2018-02-23T10:20:49.506+0000: 336.654: [GC (Allocation Failure) 2018-02-23T10:20:49.506+0000: 336.654: [DefNew: 145573K->8566K(153600K), 0.0168472 secs] 223098K->87749K(494976K), 0.0169107 secs] [Times: user=0.02 sys=0.00, real=0.02 secs] 
2018-02-23T10:21:01.099+0000: 348.247: [GC (Allocation Failure) 2018-02-23T10:21:01.099+0000: 348.247: [DefNew: 145142K->9183K(153600K), 0.0175362 secs] 224325K->89976K(494976K), 0.0176035 secs] [Times: user=0.01 sys=0.01, real=0.02 secs] 
2018-02-23T10:21:10.869+0000: 358.017: [GC (Allocation Failure) 2018-02-23T10:21:10.869+0000: 358.017: [DefNew: 145759K->8970K(153600K), 0.0165322 secs] 226552K->91245K(494976K), 0.0165958 secs] [Times: user=0.02 sys=0.00, real=0.02 secs] 
2018-02-23T10:21:22.714+0000: 369.862: [GC (Allocation Failure) 2018-02-23T10:21:22.714+0000: 369.862: [DefNew: 145546K->8635K(153600K), 0.0162434 secs] 227821K->92621K(494976K), 0.0163023 secs] [Times: user=0.02 sys=0.00, real=0.02 secs] 
2018-02-23T10:21:33.160+0000: 380.309: [GC (Allocation Failure) 2018-02-23T10:21:33.161+0000: 380.309: [DefNew: 145211K->9232K(153600K), 0.0172236 secs] 229197K->94740K(494976K), 0.0172856 secs] [Times: user=0.02 sys=0.00, real=0.02 secs] 
2018-02-23T10:21:42.849+0000: 389.997: [GC (Allocation Failure) 2018-02-23T10:21:42.849+0000: 389.997: [DefNew: 145808K->8994K(153600K), 0.0165054 secs] 231316K->95902K(494976K), 0.0165776 secs] [Times: user=0.01 sys=0.00, real=0.02 secs] 
2018-02-23T10:21:54.520+0000: 401.669: [GC (Allocation Failure) 2018-02-23T10:21:54.520+0000: 401.669: [DefNew: 145570K->9550K(153600K), 0.0177518 secs] 232478K->98048K(494976K), 0.0178126 secs] [Times: user=0.02 sys=0.00, real=0.02 secs] 
2018-02-23T10:22:05.811+0000: 412.959: [GC (Allocation Failure) 2018-02-23T10:22:05.811+0000: 412.959: [DefNew: 146126K->9461K(153600K), 0.0165515 secs] 234624K->99204K(494976K), 0.0166137 secs] [Times: user=0.02 sys=0.00, real=0.01 secs] 
2018-02-23T10:22:15.296+0000: 422.445: [GC (Allocation Failure) 2018-02-23T10:22:15.296+0000: 422.445: [DefNew: 146037K->9651K(153600K), 0.0175873 secs] 235780K->101025K(494976K), 0.0176668 secs] [Times: user=0.02 sys=0.00, real=0.02 secs] 
10:22:19.892 [Client] INFO  c.s.f.r.e.s.SocketRear  - FlameSocketGraphDeployerRear@172.31.45.197: has been disconnected from Connection 5
10:22:31.964 [worker-akka.actor.default-dispatcher-2] INFO  a.a.CoordinatedShutdown CoordinatedShutdown(akka://worker) - Starting coordinated shutdown from JVM shutdown hook
10:22:32.022 [worker-akka.actor.default-dispatcher-2] INFO  a.a.LocalActorRef akka://worker/user/watcher/graph0000000000/negotiator - Stopped
10:22:32.023 [worker-akka.actor.default-dispatcher-2] INFO  a.a.LocalActorRef akka://worker/user/watcher/graph0000000000/edge/FlameSocketGraphDeployerFront - Stopped
10:22:32.024 [worker-akka.actor.default-dispatcher-2] INFO  a.a.LocalActorRef akka://worker/user/watcher/graph0000000000/graph/local-acker/$a - Stopped
10:22:32.024 [worker-akka.actor.default-dispatcher-2] INFO  a.a.LocalActorRef akka://worker/user/watcher/graph0000000000/edge/FlameSocketGraphDeployerRear - Stopped
10:22:32.025 [worker-akka.actor.default-dispatcher-2] INFO  a.a.LocalActorRef akka://worker/user/watcher/graph0000000000/graph/$a - Stopped
10:22:32.027 [worker-akka.actor.default-dispatcher-2] INFO  a.a.LocalActorRef akka://worker/user/watcher/graph0000000000/graph/$b - Stopped
10:22:32.027 [worker-akka.actor.default-dispatcher-2] INFO  a.a.LocalActorRef akka://worker/user/watcher/graph0000000000/graph/local-acker/$a - Message [com.spbsu.flamestream.runtime.utils.akka.PingActor$InnerPing] from Actor[akka://worker/user/watcher/graph0000000000/graph/local-acker/$a#-1421687379] to Actor[akka://worker/user/watcher/graph0000000000/graph/local-acker/$a#-1421687379] was not delivered. [1] dead letters encountered. This logging can be turned off or adjusted with configuration settings 'akka.log-dead-letters' and 'akka.log-dead-letters-during-shutdown'.
10:22:32.028 [worker-akka.actor.default-dispatcher-2] INFO  a.a.LocalActorRef akka://worker/user/watcher/graph0000000000/graph/local-acker - Stopped
10:22:32.028 [worker-akka.actor.default-dispatcher-2] INFO  a.a.LocalActorRef akka://worker/user/watcher/graph0000000000/graph/$c - Stopped
10:22:32.030 [worker-akka.actor.default-dispatcher-2] INFO  a.a.LocalActorRef akka://worker/user/watcher/graph0000000000/edge - Stopped
10:22:32.031 [worker-akka.actor.default-dispatcher-2] INFO  a.a.LocalActorRef akka://worker/user/watcher/graph0000000000/graph - Stopped
10:22:32.031 [worker-akka.actor.default-dispatcher-2] INFO  a.a.LocalActorRef akka://worker/user/watcher/graph0000000000 - Stopped
10:22:32.032 [worker-akka.actor.default-dispatcher-2] INFO  a.a.LocalActorRef akka://worker/user/watcher/graph0000000000/graph/local-acker/$a - Message [com.spbsu.flamestream.runtime.utils.akka.PingActor$Stop] from Actor[akka://worker/user/watcher/graph0000000000/graph/local-acker#1580829877] to Actor[akka://worker/user/watcher/graph0000000000/graph/local-acker/$a#-1421687379] was not delivered. [2] dead letters encountered. This logging can be turned off or adjusted with configuration settings 'akka.log-dead-letters' and 'akka.log-dead-letters-during-shutdown'.
10:22:32.032 [worker-akka.actor.default-dispatcher-2] INFO  a.a.LocalActorRef akka://worker/user/watcher/graph0000000000/graph/local-acker - Message [com.spbsu.flamestream.runtime.acker.LocalAcker$Flush] from Actor[akka://worker/user/watcher/graph0000000000/graph/local-acker#1580829877] to Actor[akka://worker/user/watcher/graph0000000000/graph/local-acker#1580829877] was not delivered. [3] dead letters encountered. This logging can be turned off or adjusted with configuration settings 'akka.log-dead-letters' and 'akka.log-dead-letters-during-shutdown'.
10:22:32.034 [worker-akka.actor.default-dispatcher-2-EventThread] INFO  o.a.z.ClientCnxn  - EventThread shut down for session: 0x161c2283ddd0006
10:22:32.034 [worker-akka.actor.default-dispatcher-2] INFO  o.a.z.ZooKeeper  - Session: 0x161c2283ddd0006 closed
10:22:32.035 [worker-akka.actor.default-dispatcher-2] INFO  a.a.RepointableActorRef akka://worker/user/watcher - Stopped
10:22:32.048 [worker-akka.actor.default-dispatcher-2] INFO  a.r.RemoteActorRefProvider$RemotingTerminator akka://worker@172.31.45.197:5412/system/remoting-terminator - Shutting down remote daemon.
10:22:32.051 [worker-akka.actor.default-dispatcher-2] INFO  a.r.RemoteActorRefProvider$RemotingTerminator akka://worker@172.31.45.197:5412/system/remoting-terminator - Remote daemon shut down; proceeding with flushing remote transports.
10:22:32.274 [worker-akka.actor.default-dispatcher-2] INFO  a.r.RemoteActorRefProvider$RemotingTerminator akka://worker@172.31.45.197:5412/system/remoting-terminator - Remoting shut down.
Heap
 def new generation   total 153600K, used 82080K [0x00000000e0c00000, 0x00000000eb2a0000, 0x00000000eb2a0000)
  eden space 136576K,  53% used [0x00000000e0c00000, 0x00000000e52bb2a0, 0x00000000e9160000)
  from space 17024K,  56% used [0x00000000ea200000, 0x00000000eab6cf68, 0x00000000eb2a0000)
  to   space 17024K,   0% used [0x00000000e9160000, 0x00000000e9160000, 0x00000000ea200000)
 tenured generation   total 341376K, used 91373K [0x00000000eb2a0000, 0x0000000100000000, 0x0000000100000000)
   the space 341376K,  26% used [0x00000000eb2a0000, 0x00000000f0bdb588, 0x00000000f0bdb600, 0x0000000100000000)
 Metaspace       used 33417K, capacity 34158K, committed 34432K, reserved 1079296K
  class space    used 4455K, capacity 4624K, committed 4736K, reserved 1048576K
