11:39:30.095 [main] INFO  c.s.f.r.a.WorkerApplication  - Starting worker with id: '172.31.34.169', host: '172.31.34.169:5412', zkString: '172.31.34.147:2181'
11:39:31.014 [worker-akka.actor.default-dispatcher-2] INFO  a.e.s.Slf4jLogger  - Slf4jLogger started
2018-02-15T11:39:31.167+0000: 2.105: [Full GC (Metadata GC Threshold) 2018-02-15T11:39:31.167+0000: 2.105: [Tenured: 0K->15392K(341376K), 0.0375803 secs] 117591K->15392K(494976K), [Metaspace: 20867K->20867K(1067008K)], 0.0376435 secs] [Times: user=0.04 sys=0.01, real=0.03 secs] 
11:39:31.547 [worker-akka.actor.default-dispatcher-2] INFO  a.r.a.ArteryTransport(akka://worker) akka.remote.artery.ArteryTransport(akka://worker) - Started embedded media driver in directory [/dev/shm/aeron-root-worker-a23858bd-adf2-4c32-939a-4455d8e4d58f]
11:39:31.769 [worker-akka.actor.default-dispatcher-2] INFO  a.r.a.ArteryTransport(akka://worker) akka.remote.artery.ArteryTransport(akka://worker) - Remoting started; listening on address: [akka://worker@172.31.34.169:5412] with UID [-7903660474081095993]
11:39:31.868 [worker-akka.actor.default-dispatcher-2] INFO  o.a.z.ZooKeeper  - Client environment:zookeeper.version=3.4.9-1757313, built on 08/23/2016 06:50 GMT
11:39:31.868 [worker-akka.actor.default-dispatcher-2] INFO  o.a.z.ZooKeeper  - Client environment:host.name=ip-172-31-34-169.us-east-2.compute.internal
11:39:31.869 [worker-akka.actor.default-dispatcher-2] INFO  o.a.z.ZooKeeper  - Client environment:java.version=1.8.0_151
11:39:31.869 [worker-akka.actor.default-dispatcher-2] INFO  o.a.z.ZooKeeper  - Client environment:java.vendor=Oracle Corporation
11:39:31.869 [worker-akka.actor.default-dispatcher-2] INFO  o.a.z.ZooKeeper  - Client environment:java.home=/usr/lib/jvm/java-8-openjdk-amd64/jre
11:39:31.869 [worker-akka.actor.default-dispatcher-2] INFO  o.a.z.ZooKeeper  - Client environment:java.class.path=lib/commons-cli-1.4.jar:lib/minlog-1.3.0.jar:lib/asm-5.0.4.jar:lib/hadoop-annotations-2.7.3.jar:lib/hadoop-auth-2.7.3.jar:lib/akka-slf4j_2.11-2.5.6.jar:lib/jersey-core-1.9.jar:lib/lz4-1.3.0.jar:lib/jackson-core-asl-1.9.13.jar:lib/aeron-client-1.3.0.jar:lib/htrace-core-3.1.0-incubating.jar:lib/xz-1.0.jar:lib/commons-httpclient-3.1.jar:lib/asm-3.1.jar:lib/commons-lang3-3.4.jar:lib/scala-library-2.11.11.jar:lib/scala-java8-compat_2.11-0.7.0.jar:lib/commons-configuration-1.6.jar:lib/objenesis-2.1.jar:lib/jackson-annotations-2.8.0.jar:lib/jsr305-3.0.0.jar:lib/curator-framework-2.7.1.jar:lib/jersey-server-1.9.jar:lib/jets3t-0.9.0.jar:lib/leveldb-0.7.jar:lib/jetty-6.1.26.jar:lib/stax-api-1.0-2.jar:lib/flamestream-core-1.0-SNAPSHOT.jar:lib/reflectasm-1.07-shaded.jar:lib/apacheds-kerberos-codec-2.0.0-M15.jar:lib/api-asn1-api-1.0.0-M20.jar:lib/commons-lang-2.6.jar:lib/commons-beanutils-1.7.0.jar:lib/jackson-xc-1.8.3.jar:lib/jetty-util-6.1.26.jar:lib/logback-classic-1.2.3.jar:lib/jool-0.9.12.jar:lib/flamestream-runtime-1.0-SNAPSHOT-tests.jar:lib/httpcore-4.1.2.jar:lib/kryo-4.0.0.jar:lib/ant-1.8.1.jar:lib/jaxb-impl-2.2.3-1.jar:lib/jersey-json-1.9.jar:lib/commons-compress-1.4.1.jar:lib/leveldbjni-all-1.8.jar:lib/paranamer-2.3.jar:lib/jackson-core-2.8.4.jar:lib/commons-math3-3.6.1.jar:lib/scala-parser-combinators_2.11-1.0.4.jar:lib/netty-3.10.6.Final.jar:lib/trove4j-3.0.3.jar:lib/jaxb-api-2.2.2.jar:lib/logback-core-1.2.3.jar:lib/snappy-java-1.0.4.1.jar:lib/protobuf-java-2.5.0.jar:lib/reactive-streams-1.0.1.jar:lib/flamestream-examples-1.0-SNAPSHOT.jar:lib/commons-codec-1.4.jar:lib/activation-1.1.jar:lib/commons-net-3.1.jar:lib/curator-recipes-2.7.1.jar:lib/jackson-mapper-asl-1.9.13.jar:lib/jackson-databind-2.8.4.jar:lib/flamestream-runtime-1.0-SNAPSHOT.jar:lib/jackson-jaxrs-1.8.3.jar:lib/slf4j-api-1.7.24.jar:lib/akka-remote_2.11-2.5.6.jar:lib/akka-testkit_2.11-2.5.6.jar:lib/jline-0.9.94.jar:lib/akka-stream_2.11-2.5.6.jar:lib/jsp-api-2.1.jar:lib/kryonet-2.21.jar:lib/akka-kryo-serialization_2.11-0.5.0.jar:lib/config-1.3.1.jar:lib/ant-launcher-1.8.1.jar:lib/commons-logging-1.2.jar:lib/ssl-config-core_2.11-0.2.2.jar:lib/testng-6.10.jar:lib/guava-19.0.jar:lib/leveldb-api-0.7.jar:lib/reflectasm-1.11.3.jar:lib/jcommander-1.48.jar:lib/commons-1.1.jar:lib/commons-digester-1.8.jar:lib/minlog-1.2.jar:lib/java-xmlbuilder-0.4.jar:lib/jettison-1.1.jar:lib/gson-2.2.4.jar:lib/jdk.tools-1.8.jar:lib/aeron-driver-1.3.0.jar:lib/zookeeper-3.4.9.jar:lib/commons-beanutils-core-1.8.0.jar:lib/commons-math3-3.1.1.jar:lib/akka-actor_2.11-2.5.6.jar:lib/curator-client-2.7.1.jar:lib/servlet-api-2.5.jar:lib/apacheds-i18n-2.0.0-M15.jar:lib/commons-io-2.4.jar:lib/commons-codec-1.6.jar:lib/akka-protobuf_2.11-2.5.6.jar:lib/jdom-2.0.2.jar:lib/api-util-1.0.0-M20.jar:lib/hadoop-common-2.7.3.jar:lib/agrona-0.9.6.jar:lib/xmlenc-0.52.jar:lib/guava-21.0.jar:lib/commons-collections-3.2.2.jar:lib/avro-1.7.4.jar:lib/commons-1.0-SNAPSHOT.jar:lib/httpclient-4.1.2.jar:lib/flamestream-core-1.0-SNAPSHOT-tests.jar:lib/annotations-12.0.jar:lib/jsch-0.1.42.jar:flamestream-runtime-1.0-SNAPSHOT.jar
11:39:31.869 [worker-akka.actor.default-dispatcher-2] INFO  o.a.z.ZooKeeper  - Client environment:java.library.path=/usr/java/packages/lib/amd64:/usr/lib/x86_64-linux-gnu/jni:/lib/x86_64-linux-gnu:/usr/lib/x86_64-linux-gnu:/usr/lib/jni:/lib:/usr/lib
11:39:31.869 [worker-akka.actor.default-dispatcher-2] INFO  o.a.z.ZooKeeper  - Client environment:java.io.tmpdir=/tmp
11:39:31.869 [worker-akka.actor.default-dispatcher-2] INFO  o.a.z.ZooKeeper  - Client environment:java.compiler=<NA>
11:39:31.869 [worker-akka.actor.default-dispatcher-2] INFO  o.a.z.ZooKeeper  - Client environment:os.name=Linux
11:39:31.869 [worker-akka.actor.default-dispatcher-2] INFO  o.a.z.ZooKeeper  - Client environment:os.arch=amd64
11:39:31.869 [worker-akka.actor.default-dispatcher-2] INFO  o.a.z.ZooKeeper  - Client environment:os.version=4.4.0-1049-aws
11:39:31.870 [worker-akka.actor.default-dispatcher-2] INFO  o.a.z.ZooKeeper  - Client environment:user.name=root
11:39:31.871 [worker-akka.actor.default-dispatcher-2] INFO  o.a.z.ZooKeeper  - Client environment:user.home=/root
11:39:31.871 [worker-akka.actor.default-dispatcher-2] INFO  o.a.z.ZooKeeper  - Client environment:user.dir=/opt/flamestream
11:39:31.874 [worker-akka.actor.default-dispatcher-2] INFO  o.a.z.ZooKeeper  - Initiating client connection, connectString=172.31.34.147:2181 sessionTimeout=5000 watcher=com.spbsu.flamestream.runtime.application.LifecycleWatcher$$Lambda$29/214074902@676fcbd4
11:39:31.913 [worker-akka.actor.default-dispatcher-2] INFO  a.a.RepointableActorRef akka://worker/user/watcher - Starting...
11:39:31.919 [worker-akka.actor.default-dispatcher-2-SendThread(172.31.34.147:2181)] INFO  o.a.z.ClientCnxn  - Opening socket connection to server 172.31.34.147/172.31.34.147:2181. Will not attempt to authenticate using SASL (unknown error)
11:39:31.922 [worker-akka.actor.default-dispatcher-2-SendThread(172.31.34.147:2181)] INFO  o.a.z.ClientCnxn  - Socket connection established to 172.31.34.147/172.31.34.147:2181, initiating session
11:39:31.930 [worker-akka.actor.default-dispatcher-2-SendThread(172.31.34.147:2181)] INFO  o.a.z.ClientCnxn  - Session establishment complete on server 172.31.34.147/172.31.34.147:2181, sessionid = 0x161994201fa000a, negotiated timeout = 6000
11:39:32.012 [worker-akka.actor.default-dispatcher-2] INFO  a.a.RepointableActorRef akka://worker/user/watcher - Connected to ZK
11:39:42.780 [worker-akka.actor.default-dispatcher-2] INFO  a.a.RepointableActorRef akka://worker/user/watcher - Creating node with watchGraphs: 'com.spbsu.flamestream.core.Graph$Builder$MyGraph@32a6a2fc', config: 'ClusterConfig{paths={172.31.33.155=akka://worker@172.31.33.155:5412/user/watcher/graph0000000000, 172.31.47.83=akka://worker@172.31.47.83:5412/user/watcher/graph0000000000, 172.31.45.197=akka://worker@172.31.45.197:5412/user/watcher/graph0000000000, 172.31.42.36=akka://worker@172.31.42.36:5412/user/watcher/graph0000000000, 172.31.44.83=akka://worker@172.31.44.83:5412/user/watcher/graph0000000000, 172.31.39.64=akka://worker@172.31.39.64:5412/user/watcher/graph0000000000, 172.31.35.79=akka://worker@172.31.35.79:5412/user/watcher/graph0000000000, 172.31.34.169=akka://worker@172.31.34.169:5412/user/watcher/graph0000000000, 172.31.47.100=akka://worker@172.31.47.100:5412/user/watcher/graph0000000000, 172.31.37.101=akka://worker@172.31.37.101:5412/user/watcher/graph0000000000}, ackerLocation='172.31.35.79', props=ComputationLayout{ranges={172.31.33.155=HashRange{from=1670265056, to=2147483644}, 172.31.47.83=HashRange{from=715827880, to=1193046468}, 172.31.45.197=HashRange{from=-1670265060, to=-1193046472}, 172.31.42.36=HashRange{from=238609292, to=715827880}, 172.31.44.83=HashRange{from=-1193046472, to=-715827884}, 172.31.39.64=HashRange{from=-238609296, to=238609292}, 172.31.35.79=HashRange{from=0, to=0}, 172.31.34.169=HashRange{from=1193046468, to=1670265056}, 172.31.47.100=HashRange{from=-715827884, to=-238609296}, 172.31.37.101=HashRange{from=-2147483648, to=-1670265060}}}}'
11:39:43.574 [worker-akka.actor.default-dispatcher-2] INFO  a.a.LocalActorRef akka://worker/user/watcher/graph0000000000/graph - Starting...
11:39:43.580 [worker-akka.actor.default-dispatcher-2] INFO  a.a.LocalActorRef akka://worker/user/watcher/graph0000000000/graph/local-acker/$a - Starting...
11:39:43.583 [worker-akka.actor.default-dispatcher-2] INFO  a.a.LocalActorRef akka://worker/user/watcher/graph0000000000/graph/local-acker - Starting...
Warning: space is running low in /dev/shm (tmpfs) threshold=167,772,160 usable=158,621,696
Warning: space is running low in /dev/shm (tmpfs) threshold=167,772,160 usable=146,034,688
Warning: space is running low in /dev/shm (tmpfs) threshold=167,772,160 usable=133,447,680
Warning: space is running low in /dev/shm (tmpfs) threshold=167,772,160 usable=120,860,672
Warning: space is running low in /dev/shm (tmpfs) threshold=167,772,160 usable=108,273,664
Warning: space is running low in /dev/shm (tmpfs) threshold=167,772,160 usable=95,686,656
Warning: space is running low in /dev/shm (tmpfs) threshold=167,772,160 usable=83,099,648
Warning: space is running low in /dev/shm (tmpfs) threshold=167,772,160 usable=70,512,640
11:39:45.178 [worker-akka.actor.default-dispatcher-2] INFO  a.a.LocalActorRef akka://worker/user/watcher/graph0000000000/graph - Finishing constructor
11:39:45.180 [worker-akka.actor.default-dispatcher-2] INFO  a.a.LocalActorRef akka://worker/user/watcher/graph0000000000 - Starting...
11:39:45.241 [worker-akka.actor.default-dispatcher-2] INFO  a.a.LocalActorRef akka://worker/user/watcher/graph0000000000/negotiator - Starting...
11:39:45.243 [worker-akka.actor.default-dispatcher-2] INFO  a.a.LocalActorRef akka://worker/user/watcher/graph0000000000/edge - Starting...
11:39:45.243 [worker-akka.actor.default-dispatcher-2] INFO  a.a.LocalActorRef akka://worker/user/watcher/graph0000000000/graph/$a - Starting...
11:39:45.244 [worker-akka.actor.default-dispatcher-2] INFO  a.a.LocalActorRef akka://worker/user/watcher/graph0000000000/graph/$b - Starting...
11:39:45.244 [worker-akka.actor.default-dispatcher-2] INFO  a.a.LocalActorRef akka://worker/user/watcher/graph0000000000/graph/$c - Starting...
11:39:45.259 [worker-akka.actor.default-dispatcher-2] INFO  c.s.f.r.e.s.SocketRear  - FlameSocketGraphDeployerRear@172.31.34.169: connecting to 172.31.34.147:5678
11:39:45.262 [worker-akka.actor.default-dispatcher-2] INFO  c.s.f.r.e.s.SocketRear  - FlameSocketGraphDeployerRear@172.31.34.169: connected to 172.31.34.147:5678
2018-02-15T11:39:45.266+0000: 16.204: [GC (Allocation Failure) 2018-02-15T11:39:45.266+0000: 16.204: [DefNew: 121879K->17023K(153600K), 0.0213285 secs] 137271K->43080K(494976K), 0.0213824 secs] [Times: user=0.01 sys=0.00, real=0.02 secs] 
11:39:45.301 [worker-akka.actor.default-dispatcher-2] INFO  a.a.LocalActorRef akka://worker/user/watcher/graph0000000000/edge/FlameSocketGraphDeployerRear - Starting...
11:39:45.302 [worker-akka.actor.default-dispatcher-2] INFO  a.a.LocalActorRef akka://worker/user/watcher/graph0000000000/edge/FlameSocketGraphDeployerFront - Starting...
11:39:45.303 [worker-akka.actor.default-dispatcher-2] INFO  a.a.LocalActorRef akka://worker/user/watcher/graph0000000000/negotiator - Requesting ticket for the frontClass FlameSocketGraphDeployerFront@172.31.34.169
11:39:45.314 [worker-akka.actor.default-dispatcher-2] INFO  a.a.LocalActorRef akka://worker/user/watcher/graph0000000000/negotiator - Ticket for the frontClass received: FrontTicket{allowedTimestamp=(1518694782799, FlameSocketGraphDeployerFront@172.31.34.169)}
11:39:45.315 [worker-akka.actor.default-dispatcher-2] INFO  c.s.f.r.e.s.SocketFront  - FlameSocketGraphDeployerFront@172.31.34.169: connecting to 172.31.34.147:4567
11:39:45.343 [Client] INFO  c.s.f.r.e.s.SocketFront  - FlameSocketGraphDeployerFront@172.31.34.169 has been disconnected from Connection 8
2018-02-15T11:39:56.059+0000: 26.997: [GC (Allocation Failure) 2018-02-15T11:39:56.059+0000: 26.997: [DefNew: 153599K->3288K(153600K), 0.0845922 secs] 179656K->65862K(494976K), 0.0846644 secs] [Times: user=0.01 sys=0.06, real=0.08 secs] 
2018-02-15T11:40:16.492+0000: 47.430: [GC (Allocation Failure) 2018-02-15T11:40:16.492+0000: 47.430: [DefNew: 139864K->5310K(153600K), 0.0122387 secs] 202438K->67884K(494976K), 0.0123023 secs] [Times: user=0.01 sys=0.00, real=0.01 secs] 
2018-02-15T11:40:33.262+0000: 64.201: [GC (Allocation Failure) 2018-02-15T11:40:33.262+0000: 64.201: [DefNew: 141886K->7622K(153600K), 0.0172572 secs] 204460K->70196K(494976K), 0.0173226 secs] [Times: user=0.02 sys=0.00, real=0.02 secs] 
2018-02-15T11:40:50.893+0000: 81.831: [GC (Allocation Failure) 2018-02-15T11:40:50.893+0000: 81.831: [DefNew: 144198K->9149K(153600K), 0.0161573 secs] 206772K->71723K(494976K), 0.0162231 secs] [Times: user=0.02 sys=0.00, real=0.02 secs] 
2018-02-15T11:41:03.675+0000: 94.613: [GC (Allocation Failure) 2018-02-15T11:41:03.675+0000: 94.613: [DefNew: 145725K->9151K(153600K), 0.0190811 secs] 208299K->73163K(494976K), 0.0191466 secs] [Times: user=0.02 sys=0.00, real=0.02 secs] 
2018-02-15T11:41:21.095+0000: 112.033: [GC (Allocation Failure) 2018-02-15T11:41:21.095+0000: 112.034: [DefNew: 145727K->8912K(153600K), 0.0169764 secs] 209739K->74167K(494976K), 0.0170415 secs] [Times: user=0.02 sys=0.00, real=0.01 secs] 
2018-02-15T11:41:39.740+0000: 130.678: [GC (Allocation Failure) 2018-02-15T11:41:39.740+0000: 130.679: [DefNew: 145488K->8452K(153600K), 0.0167358 secs] 210743K->75297K(494976K), 0.0167972 secs] [Times: user=0.02 sys=0.00, real=0.02 secs] 
2018-02-15T11:41:58.346+0000: 149.284: [GC (Allocation Failure) 2018-02-15T11:41:58.346+0000: 149.285: [DefNew: 145028K->9966K(153600K), 0.0154064 secs] 211873K->76811K(494976K), 0.0154842 secs] [Times: user=0.01 sys=0.00, real=0.01 secs] 
2018-02-15T11:42:13.573+0000: 164.511: [GC (Allocation Failure) 2018-02-15T11:42:13.573+0000: 164.511: [DefNew: 146542K->8617K(153600K), 0.0201760 secs] 213387K->78052K(494976K), 0.0202402 secs] [Times: user=0.02 sys=0.00, real=0.02 secs] 
2018-02-15T11:42:30.158+0000: 181.096: [GC (Allocation Failure) 2018-02-15T11:42:30.158+0000: 181.096: [DefNew: 145193K->8647K(153600K), 0.0157100 secs] 214628K->79168K(494976K), 0.0157743 secs] [Times: user=0.01 sys=0.00, real=0.02 secs] 
2018-02-15T11:42:51.171+0000: 202.109: [GC (Allocation Failure) 2018-02-15T11:42:51.171+0000: 202.109: [DefNew: 145223K->8434K(153600K), 0.0167786 secs] 215744K->80134K(494976K), 0.0168433 secs] [Times: user=0.01 sys=0.00, real=0.02 secs] 
2018-02-15T11:43:08.763+0000: 219.701: [GC (Allocation Failure) 2018-02-15T11:43:08.763+0000: 219.701: [DefNew: 145010K->9891K(153600K), 0.0156810 secs] 216710K->81592K(494976K), 0.0157431 secs] [Times: user=0.01 sys=0.00, real=0.02 secs] 
2018-02-15T11:43:28.739+0000: 239.678: [GC (Allocation Failure) 2018-02-15T11:43:28.739+0000: 239.678: [DefNew: 146467K->8758K(153600K), 0.0187356 secs] 218168K->82814K(494976K), 0.0188030 secs] [Times: user=0.02 sys=0.00, real=0.02 secs] 
2018-02-15T11:43:46.646+0000: 257.584: [GC (Allocation Failure) 2018-02-15T11:43:46.646+0000: 257.584: [DefNew: 145334K->8968K(153600K), 0.0163501 secs] 219390K->84050K(494976K), 0.0164259 secs] [Times: user=0.01 sys=0.00, real=0.02 secs] 
2018-02-15T11:44:05.300+0000: 276.239: [GC (Allocation Failure) 2018-02-15T11:44:05.300+0000: 276.239: [DefNew: 145544K->8882K(153600K), 0.0173020 secs] 220626K->84953K(494976K), 0.0173706 secs] [Times: user=0.01 sys=0.00, real=0.02 secs] 
2018-02-15T11:44:23.161+0000: 294.099: [GC (Allocation Failure) 2018-02-15T11:44:23.161+0000: 294.099: [DefNew: 145458K->8971K(153600K), 0.0176794 secs] 221529K->86223K(494976K), 0.0177421 secs] [Times: user=0.02 sys=0.01, real=0.02 secs] 
2018-02-15T11:44:40.229+0000: 311.167: [GC (Allocation Failure) 2018-02-15T11:44:40.229+0000: 311.167: [DefNew: 145547K->9409K(153600K), 0.0166574 secs] 222799K->87719K(494976K), 0.0167244 secs] [Times: user=0.02 sys=0.00, real=0.02 secs] 
2018-02-15T11:44:59.063+0000: 330.002: [GC (Allocation Failure) 2018-02-15T11:44:59.063+0000: 330.002: [DefNew: 145985K->9318K(153600K), 0.0179140 secs] 224295K->88742K(494976K), 0.0179714 secs] [Times: user=0.02 sys=0.00, real=0.02 secs] 
2018-02-15T11:45:21.147+0000: 352.085: [GC (Allocation Failure) 2018-02-15T11:45:21.147+0000: 352.085: [DefNew: 145894K->9668K(153600K), 0.0167261 secs] 225318K->90086K(494976K), 0.0168043 secs] [Times: user=0.02 sys=0.00, real=0.01 secs] 
2018-02-15T11:45:39.436+0000: 370.374: [GC (Allocation Failure) 2018-02-15T11:45:39.436+0000: 370.374: [DefNew: 146244K->9928K(153600K), 0.0184122 secs] 226662K->91408K(494976K), 0.0184730 secs] [Times: user=0.01 sys=0.02, real=0.02 secs] 
2018-02-15T11:45:55.360+0000: 386.298: [GC (Allocation Failure) 2018-02-15T11:45:55.360+0000: 386.298: [DefNew: 146504K->8543K(153600K), 0.0307810 secs] 227984K->92265K(494976K), 0.0308480 secs] [Times: user=0.01 sys=0.02, real=0.03 secs] 
2018-02-15T11:46:10.053+0000: 400.991: [GC (Allocation Failure) 2018-02-15T11:46:10.053+0000: 400.991: [DefNew: 145119K->9011K(153600K), 0.0170770 secs] 228841K->93900K(494976K), 0.0171515 secs] [Times: user=0.02 sys=0.00, real=0.02 secs] 
2018-02-15T11:46:28.327+0000: 419.265: [GC (Allocation Failure) 2018-02-15T11:46:28.327+0000: 419.265: [DefNew: 145587K->9766K(153600K), 0.0165295 secs] 230476K->95904K(494976K), 0.0165932 secs] [Times: user=0.01 sys=0.00, real=0.01 secs] 
2018-02-15T11:46:43.335+0000: 434.273: [GC (Allocation Failure) 2018-02-15T11:46:43.335+0000: 434.273: [DefNew: 146342K->10529K(153600K), 0.0177028 secs] 232480K->97841K(494976K), 0.0177673 secs] [Times: user=0.02 sys=0.00, real=0.01 secs] 
2018-02-15T11:46:59.557+0000: 450.495: [GC (Allocation Failure) 2018-02-15T11:46:59.557+0000: 450.495: [DefNew: 147105K->8182K(153600K), 0.0215689 secs] 234417K->98860K(494976K), 0.0216307 secs] [Times: user=0.02 sys=0.00, real=0.02 secs] 
2018-02-15T11:47:15.461+0000: 466.399: [GC (Allocation Failure) 2018-02-15T11:47:15.461+0000: 466.399: [DefNew: 144758K->9345K(153600K), 0.0140684 secs] 235436K->100022K(494976K), 0.0141310 secs] [Times: user=0.01 sys=0.00, real=0.02 secs] 
2018-02-15T11:47:34.436+0000: 485.374: [GC (Allocation Failure) 2018-02-15T11:47:34.436+0000: 485.374: [DefNew: 145921K->9545K(153600K), 0.0173423 secs] 236598K->101510K(494976K), 0.0174130 secs] [Times: user=0.01 sys=0.00, real=0.01 secs] 
2018-02-15T11:47:52.414+0000: 503.352: [GC (Allocation Failure) 2018-02-15T11:47:52.414+0000: 503.352: [DefNew: 146121K->9705K(153600K), 0.0172254 secs] 238086K->102888K(494976K), 0.0172976 secs] [Times: user=0.02 sys=0.00, real=0.01 secs] 
2018-02-15T11:48:08.175+0000: 519.113: [GC (Allocation Failure) 2018-02-15T11:48:08.175+0000: 519.113: [DefNew: 146281K->9621K(153600K), 0.0164492 secs] 239464K->103931K(494976K), 0.0165140 secs] [Times: user=0.02 sys=0.00, real=0.01 secs] 
2018-02-15T11:48:27.525+0000: 538.463: [GC (Allocation Failure) 2018-02-15T11:48:27.525+0000: 538.463: [DefNew: 146197K->10488K(153600K), 0.0178673 secs] 240507K->105898K(494976K), 0.0179427 secs] [Times: user=0.02 sys=0.00, real=0.02 secs] 
2018-02-15T11:48:45.599+0000: 556.537: [GC (Allocation Failure) 2018-02-15T11:48:45.599+0000: 556.537: [DefNew: 147064K->9446K(153600K), 0.0189272 secs] 242474K->107325K(494976K), 0.0190072 secs] [Times: user=0.01 sys=0.00, real=0.02 secs] 
2018-02-15T11:49:02.721+0000: 573.659: [GC (Allocation Failure) 2018-02-15T11:49:02.721+0000: 573.659: [DefNew: 146022K->8823K(153600K), 0.0167397 secs] 243901K->108394K(494976K), 0.0168020 secs] [Times: user=0.02 sys=0.00, real=0.02 secs] 
2018-02-15T11:49:17.629+0000: 588.567: [GC (Allocation Failure) 2018-02-15T11:49:17.629+0000: 588.567: [DefNew: 145399K->9427K(153600K), 0.0164410 secs] 244970K->110455K(494976K), 0.0165019 secs] [Times: user=0.02 sys=0.00, real=0.01 secs] 
2018-02-15T11:49:33.668+0000: 604.606: [GC (Allocation Failure) 2018-02-15T11:49:33.668+0000: 604.606: [DefNew: 146003K->9780K(153600K), 0.0173505 secs] 247031K->112364K(494976K), 0.0174227 secs] [Times: user=0.02 sys=0.00, real=0.01 secs] 
2018-02-15T11:49:51.696+0000: 622.634: [GC (Allocation Failure) 2018-02-15T11:49:51.696+0000: 622.634: [DefNew: 146356K->9180K(153600K), 0.0162702 secs] 248940K->113452K(494976K), 0.0163338 secs] [Times: user=0.02 sys=0.00, real=0.01 secs] 
2018-02-15T11:50:08.937+0000: 639.876: [GC (Allocation Failure) 2018-02-15T11:50:08.937+0000: 639.876: [DefNew: 145756K->9438K(153600K), 0.0164491 secs] 250028K->115086K(494976K), 0.0165130 secs] [Times: user=0.01 sys=0.00, real=0.02 secs] 
2018-02-15T11:50:25.550+0000: 656.488: [GC (Allocation Failure) 2018-02-15T11:50:25.550+0000: 656.488: [DefNew: 146014K->9523K(153600K), 0.0161029 secs] 251662K->116727K(494976K), 0.0161612 secs] [Times: user=0.02 sys=0.00, real=0.02 secs] 
2018-02-15T11:50:44.614+0000: 675.552: [GC (Allocation Failure) 2018-02-15T11:50:44.614+0000: 675.552: [DefNew: 146099K->10145K(153600K), 0.0181682 secs] 253303K->118850K(494976K), 0.0182451 secs] [Times: user=0.02 sys=0.00, real=0.01 secs] 
2018-02-15T11:51:01.202+0000: 692.140: [GC (Allocation Failure) 2018-02-15T11:51:01.202+0000: 692.140: [DefNew: 146721K->9930K(153600K), 0.0174252 secs] 255426K->120048K(494976K), 0.0174917 secs] [Times: user=0.02 sys=0.00, real=0.02 secs] 
2018-02-15T11:51:18.199+0000: 709.137: [GC (Allocation Failure) 2018-02-15T11:51:18.199+0000: 709.137: [DefNew: 146506K->10071K(153600K), 0.0168066 secs] 256624K->121740K(494976K), 0.0168698 secs] [Times: user=0.02 sys=0.00, real=0.02 secs] 
2018-02-15T11:51:33.568+0000: 724.506: [GC (Allocation Failure) 2018-02-15T11:51:33.568+0000: 724.506: [DefNew: 146647K->10306K(153600K), 0.0178815 secs] 258316K->123421K(494976K), 0.0179553 secs] [Times: user=0.02 sys=0.00, real=0.02 secs] 
11:51:46.086 [Client] INFO  c.s.f.r.e.s.SocketRear  - FlameSocketGraphDeployerRear@172.31.34.169: has been disconnected from Connection 8
11:55:23.137 [worker-akka.actor.default-dispatcher-2] INFO  a.a.CoordinatedShutdown CoordinatedShutdown(akka://worker) - Starting coordinated shutdown from JVM shutdown hook
11:55:23.168 [worker-akka.actor.default-dispatcher-2] INFO  a.a.LocalActorRef akka://worker/user/watcher/graph0000000000/negotiator - Stopped
11:55:23.169 [worker-akka.actor.default-dispatcher-2] INFO  a.a.LocalActorRef akka://worker/user/watcher/graph0000000000/edge/FlameSocketGraphDeployerFront - Stopped
11:55:23.175 [worker-akka.actor.default-dispatcher-2] INFO  a.a.LocalActorRef akka://worker/user/watcher/graph0000000000/edge/FlameSocketGraphDeployerRear - Stopped
11:55:23.175 [worker-akka.actor.default-dispatcher-2] INFO  a.a.LocalActorRef akka://worker/user/watcher/graph0000000000/graph/$a - Stopped
11:55:23.176 [worker-akka.actor.default-dispatcher-2] INFO  a.a.LocalActorRef akka://worker/user/watcher/graph0000000000/graph/$b - Stopped
11:55:23.177 [worker-akka.actor.default-dispatcher-2] INFO  a.a.LocalActorRef akka://worker/user/watcher/graph0000000000/graph/$c - Stopped
11:55:23.177 [worker-akka.actor.default-dispatcher-2] INFO  a.a.LocalActorRef akka://worker/user/watcher/graph0000000000/graph/local-acker/$a - Stopped
11:55:23.185 [worker-akka.actor.default-dispatcher-2] INFO  a.a.LocalActorRef akka://worker/user/watcher/graph0000000000/edge - Stopped
11:55:23.186 [worker-akka.actor.default-dispatcher-2] INFO  a.a.LocalActorRef akka://worker/user/watcher/graph0000000000/graph/local-acker/$a - Message [com.spbsu.flamestream.runtime.utils.akka.PingActor$InnerPing] from Actor[akka://worker/user/watcher/graph0000000000/graph/local-acker/$a#871503277] to Actor[akka://worker/user/watcher/graph0000000000/graph/local-acker/$a#871503277] was not delivered. [1] dead letters encountered. This logging can be turned off or adjusted with configuration settings 'akka.log-dead-letters' and 'akka.log-dead-letters-during-shutdown'.
11:55:23.186 [worker-akka.actor.default-dispatcher-2] INFO  a.a.LocalActorRef akka://worker/user/watcher/graph0000000000/graph/local-acker - Stopped
11:55:23.190 [worker-akka.actor.default-dispatcher-2] INFO  a.a.LocalActorRef akka://worker/user/watcher/graph0000000000/graph/local-acker/$a - Message [com.spbsu.flamestream.runtime.utils.akka.PingActor$Stop] from Actor[akka://worker/user/watcher/graph0000000000/graph/local-acker#-1137526976] to Actor[akka://worker/user/watcher/graph0000000000/graph/local-acker/$a#871503277] was not delivered. [2] dead letters encountered. This logging can be turned off or adjusted with configuration settings 'akka.log-dead-letters' and 'akka.log-dead-letters-during-shutdown'.
11:55:23.190 [worker-akka.actor.default-dispatcher-2] INFO  a.a.LocalActorRef akka://worker/user/watcher/graph0000000000/graph/local-acker - Message [com.spbsu.flamestream.runtime.acker.LocalAcker$Flush] from Actor[akka://worker/user/watcher/graph0000000000/graph/local-acker#-1137526976] to Actor[akka://worker/user/watcher/graph0000000000/graph/local-acker#-1137526976] was not delivered. [3] dead letters encountered. This logging can be turned off or adjusted with configuration settings 'akka.log-dead-letters' and 'akka.log-dead-letters-during-shutdown'.
11:55:23.191 [worker-akka.actor.default-dispatcher-2] INFO  a.a.LocalActorRef akka://worker/user/watcher/graph0000000000/graph/local-acker - Message [com.spbsu.flamestream.runtime.acker.LocalAcker$Flush] from Actor[akka://worker/user/watcher/graph0000000000/graph/local-acker#-1137526976] to Actor[akka://worker/user/watcher/graph0000000000/graph/local-acker#-1137526976] was not delivered. [4] dead letters encountered. This logging can be turned off or adjusted with configuration settings 'akka.log-dead-letters' and 'akka.log-dead-letters-during-shutdown'.
11:55:23.191 [worker-akka.actor.default-dispatcher-2] INFO  a.a.LocalActorRef akka://worker/user/watcher/graph0000000000/graph - Stopped
11:55:23.193 [worker-akka.actor.default-dispatcher-2] INFO  a.a.LocalActorRef akka://worker/user/watcher/graph0000000000 - Stopped
11:55:23.195 [worker-akka.actor.default-dispatcher-2-EventThread] INFO  o.a.z.ClientCnxn  - EventThread shut down for session: 0x161994201fa000a
11:55:23.195 [worker-akka.actor.default-dispatcher-2] INFO  o.a.z.ZooKeeper  - Session: 0x161994201fa000a closed
11:55:23.196 [worker-akka.actor.default-dispatcher-2] INFO  a.a.RepointableActorRef akka://worker/user/watcher - Stopped
11:55:23.208 [worker-akka.actor.default-dispatcher-2] INFO  a.r.RemoteActorRefProvider$RemotingTerminator akka://worker@172.31.34.169:5412/system/remoting-terminator - Shutting down remote daemon.
2018-02-15T11:55:23.209+0000: 954.148: [GC (Allocation Failure) 2018-02-15T11:55:23.210+0000: 954.148: [DefNew: 146882K->10282K(153600K), 0.0176362 secs] 259997K->125093K(494976K), 0.0182594 secs] [Times: user=0.01 sys=0.00, real=0.02 secs] 
11:55:23.229 [worker-akka.actor.default-dispatcher-2] INFO  a.r.RemoteActorRefProvider$RemotingTerminator akka://worker@172.31.34.169:5412/system/remoting-terminator - Remote daemon shut down; proceeding with flushing remote transports.
11:55:24.395 [worker-akka.actor.default-dispatcher-2] INFO  a.r.RemoteActorRefProvider$RemotingTerminator akka://worker@172.31.34.169:5412/system/remoting-terminator - Remoting shut down.
Attempts of event 'shuffle-send' - 0
Attempts of event 'front-receive-send' - 0
Attempts of event 'inject-out' - 574322
Attempts of event 'sink-receive' - 580548
Attempts of event 'flatmap-receive' - 1098
Attempts of event 'fm-send' - 545010
Attempts of event 'rear-in' - 573224
Attempts of event 'flatmap-send' - 545010
Attempts of event 'inject-in' - 574322
Attempts of event 'wrong-ordering-filter-receive' - 580548
Attempts of event 'accept-in' - 0
Attempts of event 'grouping-receive' - 1153772
Heap
 def new generation   total 153600K, used 38872K [0x00000000e0c00000, 0x00000000eb2a0000, 0x00000000eb2a0000)
  eden space 136576K,  20% used [0x00000000e0c00000, 0x00000000e27ebb78, 0x00000000e9160000)
  from space 17024K,  60% used [0x00000000ea200000, 0x00000000eac0a818, 0x00000000eb2a0000)
  to   space 17024K,   0% used [0x00000000e9160000, 0x00000000e9160000, 0x00000000ea200000)
 tenured generation   total 341376K, used 114811K [0x00000000eb2a0000, 0x0000000100000000, 0x0000000100000000)
   the space 341376K,  33% used [0x00000000eb2a0000, 0x00000000f22bec78, 0x00000000f22bee00, 0x0000000100000000)
 Metaspace       used 33513K, capacity 34300K, committed 34688K, reserved 1079296K
  class space    used 4454K, capacity 4627K, committed 4736K, reserved 1048576K
