12:31:18.042 [main] INFO  c.s.f.r.a.WorkerApplication  - Starting worker with id: '172.31.217.31', host: '172.31.217.31:5412', zkString: '172.31.168.30:2181'
12:31:19.057 [worker-akka.actor.default-dispatcher-2] INFO  a.e.s.Slf4jLogger  - Slf4jLogger started
2018-02-12T12:31:19.213+0000: 2.380: [Full GC (Metadata GC Threshold) 2018-02-12T12:31:19.213+0000: 2.380: [Tenured: 0K->15382K(477888K), 0.0396876 secs] 130063K->15382K(692928K), [Metaspace: 20882K->20882K(1067008K)], 0.0397526 secs] [Times: user=0.04 sys=0.00, real=0.04 secs] 
12:31:19.354 [worker-akka.actor.default-dispatcher-2] INFO  a.r.Remoting akka.remote.Remoting - Starting remoting
12:31:19.551 [worker-akka.actor.default-dispatcher-2] INFO  a.r.Remoting akka.remote.Remoting - Remoting started; listening on addresses :[akka.tcp://worker@172.31.217.31:5412]
12:31:19.552 [worker-akka.actor.default-dispatcher-2] INFO  a.r.Remoting akka.remote.Remoting - Remoting now listens on addresses: [akka.tcp://worker@172.31.217.31:5412]
12:31:19.651 [worker-akka.actor.default-dispatcher-2] INFO  o.a.z.ZooKeeper  - Client environment:zookeeper.version=3.4.9-1757313, built on 08/23/2016 06:50 GMT
12:31:19.651 [worker-akka.actor.default-dispatcher-2] INFO  o.a.z.ZooKeeper  - Client environment:host.name=ip-172-31-217-31.us-west-2.compute.internal
12:31:19.651 [worker-akka.actor.default-dispatcher-2] INFO  o.a.z.ZooKeeper  - Client environment:java.version=1.8.0_151
12:31:19.651 [worker-akka.actor.default-dispatcher-2] INFO  o.a.z.ZooKeeper  - Client environment:java.vendor=Oracle Corporation
12:31:19.651 [worker-akka.actor.default-dispatcher-2] INFO  o.a.z.ZooKeeper  - Client environment:java.home=/usr/lib/jvm/java-8-openjdk-amd64/jre
12:31:19.651 [worker-akka.actor.default-dispatcher-2] INFO  o.a.z.ZooKeeper  - Client environment:java.class.path=lib/hadoop-annotations-2.7.3.jar:lib/avro-1.7.4.jar:lib/paranamer-2.3.jar:lib/jackson-xc-1.8.3.jar:lib/curator-recipes-2.7.1.jar:lib/agrona-0.9.6.jar:lib/commons-digester-1.8.jar:lib/commons-configuration-1.6.jar:lib/kryonet-2.21.jar:lib/jackson-annotations-2.8.0.jar:lib/akka-testkit_2.11-2.5.6.jar:lib/commons-logging-1.2.jar:lib/leveldbjni-all-1.8.jar:lib/jcommander-1.48.jar:lib/xmlenc-0.52.jar:lib/jaxb-api-2.2.2.jar:lib/jackson-databind-2.8.4.jar:lib/hadoop-auth-2.7.3.jar:lib/flamestream-runtime-1.0-SNAPSHOT-tests.jar:lib/netty-3.10.6.Final.jar:lib/commons-1.1.jar:lib/commons-codec-1.6.jar:lib/config-1.3.1.jar:lib/commons-net-3.1.jar:lib/slf4j-api-1.7.24.jar:lib/commons-httpclient-3.1.jar:lib/htrace-core-3.1.0-incubating.jar:lib/snappy-java-1.0.4.1.jar:lib/flamestream-runtime-1.0-SNAPSHOT.jar:lib/guava-21.0.jar:lib/leveldb-api-0.7.jar:lib/commons-cli-1.4.jar:lib/jsp-api-2.1.jar:lib/scala-parser-combinators_2.11-1.0.4.jar:lib/ant-1.8.1.jar:lib/jersey-json-1.9.jar:lib/asm-5.0.4.jar:lib/flamestream-examples-1.0-SNAPSHOT.jar:lib/java-xmlbuilder-0.4.jar:lib/api-asn1-api-1.0.0-M20.jar:lib/jaxb-impl-2.2.3-1.jar:lib/apacheds-i18n-2.0.0-M15.jar:lib/jersey-server-1.9.jar:lib/minlog-1.3.0.jar:lib/akka-stream_2.11-2.5.6.jar:lib/httpclient-4.1.2.jar:lib/commons-io-2.4.jar:lib/akka-actor_2.11-2.5.6.jar:lib/curator-client-2.7.1.jar:lib/logback-core-1.2.3.jar:lib/jsch-0.1.42.jar:lib/jackson-mapper-asl-1.9.13.jar:lib/activation-1.1.jar:lib/jetty-util-6.1.26.jar:lib/reflectasm-1.11.3.jar:lib/akka-remote_2.11-2.5.6.jar:lib/gson-2.2.4.jar:lib/commons-codec-1.4.jar:lib/akka-protobuf_2.11-2.5.6.jar:lib/jets3t-0.9.0.jar:lib/httpcore-4.1.2.jar:lib/logback-classic-1.2.3.jar:lib/jdom-2.0.2.jar:lib/hadoop-common-2.7.3.jar:lib/api-util-1.0.0-M20.jar:lib/jettison-1.1.jar:lib/jackson-core-asl-1.9.13.jar:lib/trove4j-3.0.3.jar:lib/xz-1.0.jar:lib/jline-0.9.94.jar:lib/commons-1.0-SNAPSHOT.jar:lib/ssl-config-core_2.11-0.2.2.jar:lib/akka-kryo-serialization_2.11-0.5.0.jar:lib/reactive-streams-1.0.1.jar:lib/leveldb-0.7.jar:lib/protobuf-java-2.5.0.jar:lib/curator-framework-2.7.1.jar:lib/kryo-4.0.0.jar:lib/jsr305-3.0.0.jar:lib/flamestream-core-1.0-SNAPSHOT-tests.jar:lib/commons-compress-1.4.1.jar:lib/commons-math3-3.1.1.jar:lib/lz4-1.3.0.jar:lib/jackson-jaxrs-1.8.3.jar:lib/aeron-client-1.3.0.jar:lib/akka-slf4j_2.11-2.5.6.jar:lib/aeron-driver-1.3.0.jar:lib/jdk.tools-1.8.jar:lib/scala-java8-compat_2.11-0.7.0.jar:lib/guava-19.0.jar:lib/zookeeper-3.4.9.jar:lib/ant-launcher-1.8.1.jar:lib/testng-6.10.jar:lib/reflectasm-1.07-shaded.jar:lib/commons-beanutils-core-1.8.0.jar:lib/minlog-1.2.jar:lib/commons-beanutils-1.7.0.jar:lib/commons-lang-2.6.jar:lib/objenesis-2.1.jar:lib/servlet-api-2.5.jar:lib/jool-0.9.12.jar:lib/commons-collections-3.2.2.jar:lib/apacheds-kerberos-codec-2.0.0-M15.jar:lib/commons-math3-3.6.1.jar:lib/commons-lang3-3.4.jar:lib/jackson-core-2.8.4.jar:lib/asm-3.1.jar:lib/jetty-6.1.26.jar:lib/flamestream-core-1.0-SNAPSHOT.jar:lib/jersey-core-1.9.jar:lib/annotations-12.0.jar:lib/scala-library-2.11.11.jar:lib/stax-api-1.0-2.jar:flamestream-runtime-1.0-SNAPSHOT.jar
12:31:19.652 [worker-akka.actor.default-dispatcher-2] INFO  o.a.z.ZooKeeper  - Client environment:java.library.path=/usr/java/packages/lib/amd64:/usr/lib/x86_64-linux-gnu/jni:/lib/x86_64-linux-gnu:/usr/lib/x86_64-linux-gnu:/usr/lib/jni:/lib:/usr/lib
12:31:19.652 [worker-akka.actor.default-dispatcher-2] INFO  o.a.z.ZooKeeper  - Client environment:java.io.tmpdir=/tmp
12:31:19.652 [worker-akka.actor.default-dispatcher-2] INFO  o.a.z.ZooKeeper  - Client environment:java.compiler=<NA>
12:31:19.652 [worker-akka.actor.default-dispatcher-2] INFO  o.a.z.ZooKeeper  - Client environment:os.name=Linux
12:31:19.652 [worker-akka.actor.default-dispatcher-2] INFO  o.a.z.ZooKeeper  - Client environment:os.arch=amd64
12:31:19.653 [worker-akka.actor.default-dispatcher-2] INFO  o.a.z.ZooKeeper  - Client environment:os.version=4.4.0-1049-aws
12:31:19.654 [worker-akka.actor.default-dispatcher-2] INFO  o.a.z.ZooKeeper  - Client environment:user.name=root
12:31:19.654 [worker-akka.actor.default-dispatcher-2] INFO  o.a.z.ZooKeeper  - Client environment:user.home=/root
12:31:19.654 [worker-akka.actor.default-dispatcher-2] INFO  o.a.z.ZooKeeper  - Client environment:user.dir=/opt/flamestream
12:31:19.659 [worker-akka.actor.default-dispatcher-2] INFO  o.a.z.ZooKeeper  - Initiating client connection, connectString=172.31.168.30:2181 sessionTimeout=5000 watcher=com.spbsu.flamestream.runtime.application.LifecycleWatcher$$Lambda$12/460134643@6bade0c1
12:31:19.696 [worker-akka.actor.default-dispatcher-2] INFO  a.a.RepointableActorRef akka://worker/user/watcher - Starting...
12:31:19.701 [worker-akka.actor.default-dispatcher-2-SendThread(172.31.168.30:2181)] INFO  o.a.z.ClientCnxn  - Opening socket connection to server 172.31.168.30/172.31.168.30:2181. Will not attempt to authenticate using SASL (unknown error)
12:31:19.706 [worker-akka.actor.default-dispatcher-2-SendThread(172.31.168.30:2181)] INFO  o.a.z.ClientCnxn  - Socket connection established to 172.31.168.30/172.31.168.30:2181, initiating session
12:31:19.714 [worker-akka.actor.default-dispatcher-2-SendThread(172.31.168.30:2181)] INFO  o.a.z.ClientCnxn  - Session establishment complete on server 172.31.168.30/172.31.168.30:2181, sessionid = 0x16189fde0c6000b, negotiated timeout = 6000
12:31:19.787 [worker-akka.actor.default-dispatcher-2] INFO  a.a.RepointableActorRef akka://worker/user/watcher - Connected to ZK
12:31:30.966 [worker-akka.actor.default-dispatcher-2] INFO  a.a.RepointableActorRef akka://worker/user/watcher - Creating node with watchGraphs: 'com.spbsu.flamestream.core.Graph$Builder$MyGraph@1d823373', config: 'ClusterConfig{paths={172.31.2.223=akka.tcp://worker@172.31.2.223:5412/user/watcher/graph0000000000, 172.31.87.23=akka.tcp://worker@172.31.87.23:5412/user/watcher/graph0000000000, 172.31.132.200=akka.tcp://worker@172.31.132.200:5412/user/watcher/graph0000000000, 172.31.217.31=akka.tcp://worker@172.31.217.31:5412/user/watcher/graph0000000000, 172.31.217.87=akka.tcp://worker@172.31.217.87:5412/user/watcher/graph0000000000, 172.31.137.85=akka.tcp://worker@172.31.137.85:5412/user/watcher/graph0000000000, 172.31.13.18=akka.tcp://worker@172.31.13.18:5412/user/watcher/graph0000000000, 172.31.80.161=akka.tcp://worker@172.31.80.161:5412/user/watcher/graph0000000000, 172.31.96.66=akka.tcp://worker@172.31.96.66:5412/user/watcher/graph0000000000, 172.31.79.233=akka.tcp://worker@172.31.79.233:5412/user/watcher/graph0000000000}, ackerLocation='172.31.80.161', props=ComputationLayout{ranges={172.31.2.223=HashRange{from=1193046468, to=1670265056}, 172.31.87.23=HashRange{from=-715827884, to=-238609296}, 172.31.132.200=HashRange{from=715827880, to=1193046468}, 172.31.217.31=HashRange{from=1670265056, to=2147483644}, 172.31.217.87=HashRange{from=-2147483648, to=-1670265060}, 172.31.137.85=HashRange{from=-1670265060, to=-1193046472}, 172.31.13.18=HashRange{from=-1193046472, to=-715827884}, 172.31.80.161=HashRange{from=0, to=0}, 172.31.96.66=HashRange{from=-238609296, to=238609292}, 172.31.79.233=HashRange{from=238609292, to=715827880}}}}'
12:31:31.297 [worker-akka.actor.default-dispatcher-2] INFO  a.a.LocalActorRef akka://worker/user/watcher/graph0000000000/graph - Starting...
12:31:31.736 [worker-akka.actor.default-dispatcher-2] INFO  a.a.LocalActorRef akka://worker/user/watcher/graph0000000000 - Starting...
12:31:31.736 [worker-akka.actor.default-dispatcher-2] INFO  a.a.LocalActorRef akka://worker/user/watcher/graph0000000000/graph - Finishing constructor
12:31:31.736 [worker-akka.actor.default-dispatcher-2] INFO  a.a.LocalActorRef akka://worker/user/watcher/graph0000000000/negotiator - Starting...
12:31:31.737 [worker-akka.actor.default-dispatcher-2] INFO  a.a.LocalActorRef akka://worker/user/watcher/graph0000000000/edge - Starting...
12:31:31.765 [worker-akka.actor.default-dispatcher-2] INFO  c.s.f.r.e.s.SocketRear  - FlameSocketGraphDeployerRear@172.31.217.31: connecting to 172.31.168.30:5678
12:31:31.767 [worker-akka.actor.default-dispatcher-2] INFO  c.s.f.r.e.s.SocketRear  - FlameSocketGraphDeployerRear@172.31.217.31: connected to 172.31.168.30:5678
12:31:31.790 [worker-akka.actor.default-dispatcher-2] INFO  a.a.LocalActorRef akka://worker/user/watcher/graph0000000000/graph/ActorJoba_315da714-9ea4-436a-bffa-e0ee36ce69df - Starting...
12:31:31.791 [worker-akka.actor.default-dispatcher-2] INFO  a.a.LocalActorRef akka://worker/user/watcher/graph0000000000/graph/ActorJoba_79dc4cab-0091-4992-934b-d457a95db6f3 - Starting...
12:31:31.791 [worker-akka.actor.default-dispatcher-2] INFO  a.a.LocalActorRef akka://worker/user/watcher/graph0000000000/graph/ActorJoba_443e00fb-10e7-48e5-b441-6f7bf39597cf - Starting...
12:31:31.792 [worker-akka.actor.default-dispatcher-2] INFO  a.a.LocalActorRef akka://worker/user/watcher/graph0000000000/graph/ActorJoba_dc410740-96c5-4df0-b203-eb402cb6f8b2 - Starting...
12:31:31.792 [worker-akka.actor.default-dispatcher-2] INFO  a.a.LocalActorRef akka://worker/user/watcher/graph0000000000/graph/ActorJoba_b69ff468-4115-4462-b244-acc3240e9012 - Starting...
12:31:31.792 [worker-akka.actor.default-dispatcher-2] INFO  a.a.LocalActorRef akka://worker/user/watcher/graph0000000000/graph/ActorJoba_c53fa0ee-3aec-439e-bc31-ddff6aff9245 - Starting...
12:31:31.793 [worker-akka.actor.default-dispatcher-2] INFO  a.a.LocalActorRef akka://worker/user/watcher/graph0000000000/graph/ActorJoba_4590e8bb-e0fa-46e2-90bc-548e0cb52b05 - Starting...
12:31:31.793 [worker-akka.actor.default-dispatcher-2] INFO  a.a.LocalActorRef akka://worker/user/watcher/graph0000000000/edge/FlameSocketGraphDeployerRear - Starting...
12:31:31.793 [worker-akka.actor.default-dispatcher-2] INFO  a.a.LocalActorRef akka://worker/user/watcher/graph0000000000/edge/FlameSocketGraphDeployerFront - Starting...
12:31:31.793 [worker-akka.actor.default-dispatcher-2] INFO  a.a.LocalActorRef akka://worker/user/watcher/graph0000000000/negotiator - Requesting ticket for the frontClass FlameSocketGraphDeployerFront@172.31.217.31
12:31:31.812 [worker-akka.actor.default-dispatcher-2] INFO  a.a.LocalActorRef akka://worker/user/watcher/graph0000000000/negotiator - Ticket for the frontClass received: FrontTicket{allowedTimestamp=(1518438690921, FlameSocketGraphDeployerFront@172.31.217.31)}
12:31:31.814 [worker-akka.actor.default-dispatcher-2] INFO  c.s.f.r.e.s.SocketFront  - FlameSocketGraphDeployerFront@172.31.217.31: connecting to 172.31.168.30:4567
12:31:31.827 [Client] INFO  c.s.f.r.e.s.SocketFront  - FlameSocketGraphDeployerFront@172.31.217.31 has been disconnected from Connection 1
2018-02-12T12:31:34.207+0000: 17.375: [GC (Allocation Failure) 2018-02-12T12:31:34.207+0000: 17.375: [DefNew: 191168K->22660K(215040K), 0.0531725 secs] 206550K->57574K(692928K), 0.0532363 secs] [Times: user=0.04 sys=0.01, real=0.05 secs] 
2018-02-12T12:31:36.405+0000: 19.572: [GC (Allocation Failure) 2018-02-12T12:31:36.405+0000: 19.572: [DefNew: 213828K->9878K(215040K), 0.0383832 secs] 248742K->58736K(692928K), 0.0384435 secs] [Times: user=0.04 sys=0.00, real=0.04 secs] 
2018-02-12T12:31:38.019+0000: 21.187: [GC (Allocation Failure) 2018-02-12T12:31:38.019+0000: 21.187: [DefNew: 201046K->14508K(215040K), 0.0380986 secs] 249904K->63366K(692928K), 0.0381590 secs] [Times: user=0.03 sys=0.00, real=0.04 secs] 
2018-02-12T12:31:39.663+0000: 22.830: [GC (Allocation Failure) 2018-02-12T12:31:39.663+0000: 22.831: [DefNew: 205676K->13680K(215040K), 0.0325101 secs] 254534K->64341K(692928K), 0.0325659 secs] [Times: user=0.03 sys=0.00, real=0.03 secs] 
2018-02-12T12:31:41.040+0000: 24.207: [GC (Allocation Failure) 2018-02-12T12:31:41.040+0000: 24.207: [DefNew: 204848K->13955K(215040K), 0.0308791 secs] 255509K->67501K(692928K), 0.0309472 secs] [Times: user=0.02 sys=0.00, real=0.03 secs] 
2018-02-12T12:31:42.436+0000: 25.603: [GC (Allocation Failure) 2018-02-12T12:31:42.436+0000: 25.603: [DefNew: 205123K->13414K(215040K), 0.0262205 secs] 258669K->68287K(692928K), 0.0262798 secs] [Times: user=0.02 sys=0.00, real=0.02 secs] 
2018-02-12T12:31:44.037+0000: 27.204: [GC (Allocation Failure) 2018-02-12T12:31:44.037+0000: 27.204: [DefNew: 204582K->7800K(215040K), 0.0161953 secs] 259455K->64323K(692928K), 0.0162634 secs] [Times: user=0.01 sys=0.00, real=0.01 secs] 
2018-02-12T12:31:45.632+0000: 28.800: [GC (Allocation Failure) 2018-02-12T12:31:45.632+0000: 28.800: [DefNew: 198968K->9479K(215040K), 0.0224594 secs] 255491K->66002K(692928K), 0.0225291 secs] [Times: user=0.03 sys=0.00, real=0.03 secs] 
2018-02-12T12:31:47.102+0000: 30.269: [GC (Allocation Failure) 2018-02-12T12:31:47.102+0000: 30.269: [DefNew: 200647K->10118K(215040K), 0.0363627 secs] 257170K->66641K(692928K), 0.0364237 secs] [Times: user=0.04 sys=0.00, real=0.04 secs] 
2018-02-12T12:31:48.440+0000: 31.608: [GC (Allocation Failure) 2018-02-12T12:31:48.440+0000: 31.608: [DefNew: 201286K->9442K(215040K), 0.0169795 secs] 257809K->65965K(692928K), 0.0170371 secs] [Times: user=0.01 sys=0.00, real=0.02 secs] 
2018-02-12T12:31:49.618+0000: 32.786: [GC (Allocation Failure) 2018-02-12T12:31:49.618+0000: 32.786: [DefNew: 200610K->11036K(215040K), 0.0199029 secs] 257133K->67559K(692928K), 0.0199651 secs] [Times: user=0.02 sys=0.00, real=0.02 secs] 
2018-02-12T12:31:50.748+0000: 33.916: [GC (Allocation Failure) 2018-02-12T12:31:50.748+0000: 33.916: [DefNew: 202204K->10967K(215040K), 0.0172041 secs] 258727K->67490K(692928K), 0.0172723 secs] [Times: user=0.02 sys=0.00, real=0.02 secs] 
2018-02-12T12:31:51.743+0000: 34.911: [GC (Allocation Failure) 2018-02-12T12:31:51.743+0000: 34.911: [DefNew: 202135K->16734K(215040K), 0.0289178 secs] 258658K->73257K(692928K), 0.0289810 secs] [Times: user=0.02 sys=0.00, real=0.02 secs] 
2018-02-12T12:31:52.963+0000: 36.131: [GC (Allocation Failure) 2018-02-12T12:31:52.963+0000: 36.131: [DefNew: 207902K->8873K(215040K), 0.0386890 secs] 264425K->71102K(692928K), 0.0387501 secs] [Times: user=0.04 sys=0.00, real=0.03 secs] 
2018-02-12T12:31:54.293+0000: 37.461: [GC (Allocation Failure) 2018-02-12T12:31:54.293+0000: 37.461: [DefNew: 200041K->7257K(215040K), 0.0118945 secs] 262270K->69487K(692928K), 0.0119501 secs] [Times: user=0.01 sys=0.00, real=0.02 secs] 
2018-02-12T12:31:56.840+0000: 40.008: [GC (Allocation Failure) 2018-02-12T12:31:56.840+0000: 40.008: [DefNew: 198425K->10427K(215040K), 0.0131668 secs] 260655K->72657K(692928K), 0.0132235 secs] [Times: user=0.01 sys=0.00, real=0.01 secs] 
2018-02-12T12:31:59.066+0000: 42.234: [GC (Allocation Failure) 2018-02-12T12:31:59.066+0000: 42.234: [DefNew: 201595K->10915K(215040K), 0.0117216 secs] 263825K->73144K(692928K), 0.0118016 secs] [Times: user=0.01 sys=0.00, real=0.01 secs] 
2018-02-12T12:32:01.004+0000: 44.172: [GC (Allocation Failure) 2018-02-12T12:32:01.004+0000: 44.172: [DefNew: 202083K->12772K(215040K), 0.0201566 secs] 264312K->75002K(692928K), 0.0202213 secs] [Times: user=0.02 sys=0.00, real=0.02 secs] 
2018-02-12T12:32:02.423+0000: 45.591: [GC (Allocation Failure) 2018-02-12T12:32:02.423+0000: 45.591: [DefNew: 203940K->12953K(215040K), 0.0145949 secs] 266170K->76729K(692928K), 0.0146548 secs] [Times: user=0.01 sys=0.00, real=0.01 secs] 
2018-02-12T12:32:04.131+0000: 47.298: [GC (Allocation Failure) 2018-02-12T12:32:04.131+0000: 47.298: [DefNew: 204121K->14171K(215040K), 0.0170561 secs] 267897K->79264K(692928K), 0.0171156 secs] [Times: user=0.02 sys=0.00, real=0.02 secs] 
2018-02-12T12:32:05.291+0000: 48.459: [GC (Allocation Failure) 2018-02-12T12:32:05.291+0000: 48.459: [DefNew: 205339K->11859K(215040K), 0.0148212 secs] 270432K->80036K(692928K), 0.0148785 secs] [Times: user=0.01 sys=0.00, real=0.02 secs] 
2018-02-12T12:32:07.223+0000: 50.391: [GC (Allocation Failure) 2018-02-12T12:32:07.223+0000: 50.391: [DefNew: 203027K->13900K(215040K), 0.0128238 secs] 271204K->82077K(692928K), 0.0128786 secs] [Times: user=0.01 sys=0.00, real=0.01 secs] 
2018-02-12T12:32:09.431+0000: 52.599: [GC (Allocation Failure) 2018-02-12T12:32:09.431+0000: 52.599: [DefNew: 205068K->13760K(215040K), 0.0182144 secs] 273245K->84766K(692928K), 0.0182736 secs] [Times: user=0.02 sys=0.00, real=0.02 secs] 
2018-02-12T12:32:11.345+0000: 54.513: [GC (Allocation Failure) 2018-02-12T12:32:11.345+0000: 54.513: [DefNew: 204928K->11208K(215040K), 0.0146218 secs] 275934K->85706K(692928K), 0.0146802 secs] [Times: user=0.01 sys=0.00, real=0.01 secs] 
2018-02-12T12:32:13.373+0000: 56.541: [GC (Allocation Failure) 2018-02-12T12:32:13.373+0000: 56.541: [DefNew: 202376K->13481K(215040K), 0.0133975 secs] 276874K->87979K(692928K), 0.0134656 secs] [Times: user=0.01 sys=0.00, real=0.02 secs] 
2018-02-12T12:32:14.860+0000: 58.028: [GC (Allocation Failure) 2018-02-12T12:32:14.860+0000: 58.028: [DefNew: 204649K->13731K(215040K), 0.0145618 secs] 279147K->89958K(692928K), 0.0146165 secs] [Times: user=0.02 sys=0.00, real=0.02 secs] 
2018-02-12T12:32:17.171+0000: 60.340: [GC (Allocation Failure) 2018-02-12T12:32:17.172+0000: 60.340: [DefNew: 204899K->13926K(215040K), 0.0196104 secs] 281126K->92247K(692928K), 0.0205999 secs] [Times: user=0.02 sys=0.00, real=0.02 secs] 
2018-02-12T12:32:18.719+0000: 61.887: [GC (Allocation Failure) 2018-02-12T12:32:18.720+0000: 61.887: [DefNew: 205094K->11605K(215040K), 0.0149988 secs] 283415K->93314K(692928K), 0.0150552 secs] [Times: user=0.01 sys=0.00, real=0.02 secs] 
2018-02-12T12:32:20.006+0000: 63.173: [GC (Allocation Failure) 2018-02-12T12:32:20.006+0000: 63.173: [DefNew: 202773K->12590K(215040K), 0.0117637 secs] 284482K->94299K(692928K), 0.0118200 secs] [Times: user=0.02 sys=0.00, real=0.01 secs] 
2018-02-12T12:32:22.064+0000: 65.232: [GC (Allocation Failure) 2018-02-12T12:32:22.064+0000: 65.232: [DefNew: 203758K->12122K(215040K), 0.0140612 secs] 285467K->96125K(692928K), 0.0141217 secs] [Times: user=0.01 sys=0.00, real=0.01 secs] 
2018-02-12T12:32:23.212+0000: 66.380: [GC (Allocation Failure) 2018-02-12T12:32:23.212+0000: 66.380: [DefNew: 203290K->12848K(215040K), 0.0140171 secs] 287293K->98358K(692928K), 0.0140863 secs] [Times: user=0.01 sys=0.00, real=0.02 secs] 
2018-02-12T12:32:24.162+0000: 67.330: [GC (Allocation Failure) 2018-02-12T12:32:24.162+0000: 67.330: [DefNew: 204016K->13303K(215040K), 0.0174469 secs] 289526K->101009K(692928K), 0.0175094 secs] [Times: user=0.02 sys=0.00, real=0.02 secs] 
2018-02-12T12:32:25.079+0000: 68.247: [GC (Allocation Failure) 2018-02-12T12:32:25.079+0000: 68.247: [DefNew: 204471K->12148K(215040K), 0.0135868 secs] 292177K->101761K(692928K), 0.0136469 secs] [Times: user=0.02 sys=0.00, real=0.01 secs] 
2018-02-12T12:32:28.232+0000: 71.400: [GC (Allocation Failure) 2018-02-12T12:32:28.232+0000: 71.400: [DefNew: 203316K->14081K(215040K), 0.0170353 secs] 292929K->105574K(692928K), 0.0171012 secs] [Times: user=0.02 sys=0.00, real=0.02 secs] 
2018-02-12T12:32:28.965+0000: 72.133: [GC (Allocation Failure) 2018-02-12T12:32:28.965+0000: 72.133: [DefNew: 205249K->12532K(215040K), 0.0155666 secs] 296742K->106758K(692928K), 0.0156224 secs] [Times: user=0.01 sys=0.00, real=0.01 secs] 
2018-02-12T12:32:31.626+0000: 74.794: [GC (Allocation Failure) 2018-02-12T12:32:31.626+0000: 74.794: [DefNew: 203700K->11991K(215040K), 0.0140204 secs] 297926K->108073K(692928K), 0.0140779 secs] [Times: user=0.02 sys=0.00, real=0.01 secs] 
2018-02-12T12:32:33.068+0000: 76.236: [GC (Allocation Failure) 2018-02-12T12:32:33.068+0000: 76.236: [DefNew: 203159K->12402K(215040K), 0.0134558 secs] 299241K->110031K(692928K), 0.0135104 secs] [Times: user=0.01 sys=0.00, real=0.01 secs] 
2018-02-12T12:32:35.040+0000: 78.207: [GC (Allocation Failure) 2018-02-12T12:32:35.040+0000: 78.207: [DefNew: 203570K->11760K(215040K), 0.0140232 secs] 301199K->111859K(692928K), 0.0140939 secs] [Times: user=0.01 sys=0.00, real=0.01 secs] 
2018-02-12T12:32:37.260+0000: 80.428: [GC (Allocation Failure) 2018-02-12T12:32:37.260+0000: 80.428: [DefNew: 202928K->13963K(215040K), 0.0133112 secs] 303027K->114062K(692928K), 0.0133684 secs] [Times: user=0.01 sys=0.00, real=0.01 secs] 
2018-02-12T12:32:39.566+0000: 82.734: [GC (Allocation Failure) 2018-02-12T12:32:39.566+0000: 82.734: [DefNew: 205131K->12962K(215040K), 0.0165812 secs] 305230K->116751K(692928K), 0.0166373 secs] [Times: user=0.02 sys=0.00, real=0.02 secs] 
2018-02-12T12:32:41.447+0000: 84.615: [GC (Allocation Failure) 2018-02-12T12:32:41.447+0000: 84.615: [DefNew: 204130K->15828K(215040K), 0.0197581 secs] 307919K->121491K(692928K), 0.0198187 secs] [Times: user=0.02 sys=0.00, real=0.02 secs] 
2018-02-12T12:32:42.607+0000: 85.775: [GC (Allocation Failure) 2018-02-12T12:32:42.607+0000: 85.775: [DefNew: 206996K->10798K(215040K), 0.0152678 secs] 312659K->120726K(692928K), 0.0153271 secs] [Times: user=0.01 sys=0.01, real=0.01 secs] 
2018-02-12T12:32:43.728+0000: 86.896: [GC (Allocation Failure) 2018-02-12T12:32:43.728+0000: 86.896: [DefNew: 201966K->15703K(215040K), 0.0189618 secs] 311894K->125631K(692928K), 0.0190226 secs] [Times: user=0.02 sys=0.00, real=0.02 secs] 
12:32:44.303 [Client] INFO  c.s.f.r.e.s.SocketRear  - FlameSocketGraphDeployerRear@172.31.217.31: has been disconnected from Connection 4
12:32:58.065 [worker-akka.actor.default-dispatcher-2] ERROR a.r.EndpointWriter akka.tcp://worker@172.31.217.31:5412/system/endpointManager/reliableEndpointWriter-akka.tcp%3A%2F%2Fworker%40172.31.217.87%3A5412-4/endpointWriter - AssociationError [akka.tcp://worker@172.31.217.31:5412] <- [akka.tcp://worker@172.31.217.87:5412]: Error [Shut down address: akka.tcp://worker@172.31.217.87:5412] [
akka.remote.ShutDownAssociation: Shut down address: akka.tcp://worker@172.31.217.87:5412
Caused by: akka.remote.transport.Transport$InvalidAssociationException: The remote system terminated the association because it is shutting down.
]
12:32:58.091 [worker-akka.actor.default-dispatcher-2] ERROR a.r.EndpointWriter akka.tcp://worker@172.31.217.31:5412/system/endpointManager/reliableEndpointWriter-akka.tcp%3A%2F%2Fworker%40172.31.13.18%3A5412-7/endpointWriter - AssociationError [akka.tcp://worker@172.31.217.31:5412] <- [akka.tcp://worker@172.31.13.18:5412]: Error [Shut down address: akka.tcp://worker@172.31.13.18:5412] [
akka.remote.ShutDownAssociation: Shut down address: akka.tcp://worker@172.31.13.18:5412
Caused by: akka.remote.transport.Transport$InvalidAssociationException: The remote system terminated the association because it is shutting down.
]
12:32:58.099 [worker-akka.actor.default-dispatcher-2] ERROR a.r.EndpointWriter akka.tcp://worker@172.31.217.31:5412/system/endpointManager/reliableEndpointWriter-akka.tcp%3A%2F%2Fworker%40172.31.80.161%3A5412-0/endpointWriter - AssociationError [akka.tcp://worker@172.31.217.31:5412] -> [akka.tcp://worker@172.31.80.161:5412]: Error [Shut down address: akka.tcp://worker@172.31.80.161:5412] [
akka.remote.ShutDownAssociation: Shut down address: akka.tcp://worker@172.31.80.161:5412
Caused by: akka.remote.transport.Transport$InvalidAssociationException: The remote system terminated the association because it is shutting down.
]
12:32:58.104 [worker-akka.actor.default-dispatcher-2] ERROR a.r.EndpointWriter akka.tcp://worker@172.31.217.31:5412/system/endpointManager/reliableEndpointWriter-akka.tcp%3A%2F%2Fworker%40172.31.137.85%3A5412-5/endpointWriter - AssociationError [akka.tcp://worker@172.31.217.31:5412] <- [akka.tcp://worker@172.31.137.85:5412]: Error [Shut down address: akka.tcp://worker@172.31.137.85:5412] [
akka.remote.ShutDownAssociation: Shut down address: akka.tcp://worker@172.31.137.85:5412
Caused by: akka.remote.transport.Transport$InvalidAssociationException: The remote system terminated the association because it is shutting down.
]
12:32:58.111 [worker-akka.actor.default-dispatcher-2] ERROR a.r.EndpointWriter akka.tcp://worker@172.31.217.31:5412/system/endpointManager/reliableEndpointWriter-akka.tcp%3A%2F%2Fworker%40172.31.79.233%3A5412-6/endpointWriter - AssociationError [akka.tcp://worker@172.31.217.31:5412] <- [akka.tcp://worker@172.31.79.233:5412]: Error [Shut down address: akka.tcp://worker@172.31.79.233:5412] [
akka.remote.ShutDownAssociation: Shut down address: akka.tcp://worker@172.31.79.233:5412
Caused by: akka.remote.transport.Transport$InvalidAssociationException: The remote system terminated the association because it is shutting down.
]
12:32:59.223 [worker-akka.actor.default-dispatcher-2] INFO  a.a.CoordinatedShutdown CoordinatedShutdown(akka://worker) - Starting coordinated shutdown from JVM shutdown hook
12:32:59.237 [worker-akka.actor.default-dispatcher-2] INFO  a.a.LocalActorRef akka://worker/user/watcher/graph0000000000/negotiator - Stopped
12:32:59.238 [worker-akka.actor.default-dispatcher-2] INFO  a.a.LocalActorRef akka://worker/user/watcher/graph0000000000/edge/FlameSocketGraphDeployerFront - Stopped
12:32:59.239 [worker-akka.actor.default-dispatcher-2] INFO  a.a.LocalActorRef akka://worker/user/watcher/graph0000000000/edge/FlameSocketGraphDeployerRear - Stopped
12:32:59.240 [worker-akka.actor.default-dispatcher-2] INFO  a.a.LocalActorRef akka://worker/user/watcher/graph0000000000/graph/ActorJoba_315da714-9ea4-436a-bffa-e0ee36ce69df - Stopped
12:32:59.241 [worker-akka.actor.default-dispatcher-2] INFO  a.a.LocalActorRef akka://worker/user/watcher/graph0000000000/graph/ActorJoba_443e00fb-10e7-48e5-b441-6f7bf39597cf - Stopped
12:32:59.245 [worker-akka.actor.default-dispatcher-2] INFO  a.a.LocalActorRef akka://worker/user/watcher/graph0000000000/graph/ActorJoba_4590e8bb-e0fa-46e2-90bc-548e0cb52b05 - Stopped
12:32:59.246 [worker-akka.actor.default-dispatcher-2] INFO  a.a.LocalActorRef akka://worker/user/watcher/graph0000000000/graph/ActorJoba_79dc4cab-0091-4992-934b-d457a95db6f3 - Stopped
12:32:59.246 [worker-akka.actor.default-dispatcher-2] INFO  a.a.LocalActorRef akka://worker/user/watcher/graph0000000000/graph/ActorJoba_b69ff468-4115-4462-b244-acc3240e9012 - Stopped
12:32:59.246 [worker-akka.actor.default-dispatcher-2] INFO  a.a.LocalActorRef akka://worker/user/watcher/graph0000000000/graph/ActorJoba_c53fa0ee-3aec-439e-bc31-ddff6aff9245 - Stopped
12:32:59.246 [worker-akka.actor.default-dispatcher-2] INFO  a.a.LocalActorRef akka://worker/user/watcher/graph0000000000/graph/ActorJoba_dc410740-96c5-4df0-b203-eb402cb6f8b2 - Stopped
12:32:59.252 [worker-akka.actor.default-dispatcher-2-EventThread] INFO  o.a.z.ClientCnxn  - EventThread shut down for session: 0x16189fde0c6000b
12:32:59.252 [worker-akka.actor.default-dispatcher-2] INFO  o.a.z.ZooKeeper  - Session: 0x16189fde0c6000b closed
12:32:59.253 [worker-akka.actor.default-dispatcher-2] INFO  a.a.LocalActorRef akka://worker/user/watcher/graph0000000000/edge - Stopped
12:32:59.253 [worker-akka.actor.default-dispatcher-2] INFO  a.a.LocalActorRef akka://worker/user/watcher/graph0000000000/graph - Stopped
12:32:59.253 [worker-akka.actor.default-dispatcher-2] INFO  a.a.LocalActorRef akka://worker/user/watcher/graph0000000000 - Stopped
12:32:59.253 [worker-akka.actor.default-dispatcher-2] INFO  a.a.RepointableActorRef akka://worker/user/watcher - Stopped
12:32:59.265 [worker-akka.actor.default-dispatcher-2] INFO  a.r.RemoteActorRefProvider$RemotingTerminator akka.tcp://worker@172.31.217.31:5412/system/remoting-terminator - Shutting down remote daemon.
12:32:59.265 [worker-akka.actor.default-dispatcher-2] INFO  a.r.RemoteActorRefProvider$RemotingTerminator akka.tcp://worker@172.31.217.31:5412/system/remoting-terminator - Remote daemon shut down; proceeding with flushing remote transports.
12:32:59.282 [worker-akka.actor.default-dispatcher-2] INFO  a.a.LocalActorRef akka://worker/system/transports/akkaprotocolmanager.tcp0/akkaProtocol-tcp%3A%2F%2Fworker%40172.31.132.200%3A39942-4 - Message [akka.remote.transport.AssociationHandle$InboundPayload] without sender to Actor[akka://worker/system/transports/akkaprotocolmanager.tcp0/akkaProtocol-tcp%3A%2F%2Fworker%40172.31.132.200%3A39942-4#-1290016333] was not delivered. [1] dead letters encountered. This logging can be turned off or adjusted with configuration settings 'akka.log-dead-letters' and 'akka.log-dead-letters-during-shutdown'.
12:32:59.297 [worker-akka.actor.default-dispatcher-2] INFO  a.r.Remoting akka.remote.Remoting - Remoting shut down
12:32:59.297 [worker-akka.actor.default-dispatcher-2] INFO  a.r.RemoteActorRefProvider$RemotingTerminator akka.tcp://worker@172.31.217.31:5412/system/remoting-terminator - Remoting shut down.
Attempts of event 'barrier-delay' - 0
Attempts of event 'front-receive-send' - 0
Attempts of event 'inject-out' - 87318
Attempts of event 'flatmap-receive' - 1000
Attempts of event 'accept-out' - 0
Attempts of event 'rear-in' - 97357
Attempts of event 'flatmap-send' - 1504707
Attempts of event 'inject-in' - 87318
Attempts of event 'wrong-ordering-filter-receive' - 87123
Attempts of event 'accept-in' - 0
Attempts of event 'grouping-receive' - 174246
Heap
 def new generation   total 215040K, used 160877K [0x00000000d4400000, 0x00000000e2d50000, 0x00000000e2d50000)
  eden space 191168K,  75% used [0x00000000d4400000, 0x00000000dd1c5780, 0x00000000dfeb0000)
  from space 23872K,  65% used [0x00000000e1600000, 0x00000000e2555f68, 0x00000000e2d50000)
  to   space 23872K,   0% used [0x00000000dfeb0000, 0x00000000dfeb0000, 0x00000000e1600000)
 tenured generation   total 477888K, used 109927K [0x00000000e2d50000, 0x0000000100000000, 0x0000000100000000)
   the space 477888K,  23% used [0x00000000e2d50000, 0x00000000e98a9fc0, 0x00000000e98aa000, 0x0000000100000000)
 Metaspace       used 32057K, capacity 32726K, committed 32896K, reserved 1077248K
  class space    used 4307K, capacity 4475K, committed 4480K, reserved 1048576K
