17:02:03,966 |-INFO in ch.qos.logback.classic.LoggerContext[default] - Could NOT find resource [logback-test.xml]
17:02:03,967 |-INFO in ch.qos.logback.classic.LoggerContext[default] - Could NOT find resource [logback.groovy]
17:02:03,967 |-INFO in ch.qos.logback.classic.LoggerContext[default] - Found resource [logback.xml] at [jar:file:/opt/flamestream/lib/flamestream-runtime-1.0-SNAPSHOT.jar!/logback.xml]
17:02:03,974 |-WARN in ch.qos.logback.classic.LoggerContext[default] - Resource [logback.xml] occurs multiple times on the classpath.
17:02:03,974 |-WARN in ch.qos.logback.classic.LoggerContext[default] - Resource [logback.xml] occurs at [jar:file:/opt/flamestream/flamestream-runtime-1.0-SNAPSHOT.jar!/logback.xml]
17:02:03,974 |-WARN in ch.qos.logback.classic.LoggerContext[default] - Resource [logback.xml] occurs at [jar:file:/opt/flamestream/lib/flamestream-runtime-1.0-SNAPSHOT.jar!/logback.xml]
17:02:03,990 |-INFO in ch.qos.logback.core.joran.spi.ConfigurationWatchList@69b794e2 - URL [jar:file:/opt/flamestream/lib/flamestream-runtime-1.0-SNAPSHOT.jar!/logback.xml] is not of type file
17:02:04,069 |-INFO in ch.qos.logback.classic.joran.action.ConfigurationAction - debug attribute not set
17:02:04,069 |-INFO in ch.qos.logback.core.joran.action.AppenderAction - About to instantiate appender of type [ch.qos.logback.core.ConsoleAppender]
17:02:04,075 |-INFO in ch.qos.logback.core.joran.action.AppenderAction - Naming appender as [STDOUT]
17:02:04,083 |-INFO in ch.qos.logback.core.joran.action.NestedComplexPropertyIA - Assuming default type [ch.qos.logback.classic.encoder.PatternLayoutEncoder] for [encoder] property
17:02:04,124 |-INFO in ch.qos.logback.core.joran.action.AppenderAction - About to instantiate appender of type [ch.qos.logback.core.rolling.RollingFileAppender]
17:02:04,127 |-INFO in ch.qos.logback.core.joran.action.AppenderAction - Naming appender as [FILE]
17:02:04,148 |-INFO in c.q.l.core.rolling.TimeBasedRollingPolicy@1059063940 - No compression will be used
17:02:04,149 |-INFO in c.q.l.core.rolling.TimeBasedRollingPolicy@1059063940 - Will use the pattern /tmp/application_%d{yyyy-MM-dd}.%i.log for the active file
17:02:04,154 |-INFO in ch.qos.logback.core.rolling.SizeAndTimeBasedFNATP@4d339552 - The date pattern is 'yyyy-MM-dd' from file name pattern '/tmp/application_%d{yyyy-MM-dd}.%i.log'.
17:02:04,154 |-INFO in ch.qos.logback.core.rolling.SizeAndTimeBasedFNATP@4d339552 - Roll-over at midnight.
17:02:04,158 |-INFO in ch.qos.logback.core.rolling.SizeAndTimeBasedFNATP@4d339552 - Setting initial period to Thu Mar 22 17:00:20 UTC 2018
17:02:04,158 |-WARN in ch.qos.logback.core.rolling.SizeAndTimeBasedFNATP@4d339552 - SizeAndTimeBasedFNATP is deprecated. Use SizeAndTimeBasedRollingPolicy instead
17:02:04,158 |-WARN in ch.qos.logback.core.rolling.SizeAndTimeBasedFNATP@4d339552 - For more information see http://logback.qos.ch/manual/appenders.html#SizeAndTimeBasedRollingPolicy
17:02:04,162 |-INFO in ch.qos.logback.core.joran.action.NestedComplexPropertyIA - Assuming default type [ch.qos.logback.classic.encoder.PatternLayoutEncoder] for [encoder] property
17:02:04,167 |-INFO in ch.qos.logback.core.rolling.RollingFileAppender[FILE] - Active log file name: /tmp/application.log
17:02:04,167 |-INFO in ch.qos.logback.core.rolling.RollingFileAppender[FILE] - File property is set to [/tmp/application.log]
17:02:04,167 |-INFO in ch.qos.logback.classic.joran.action.RootLoggerAction - Setting level of ROOT logger to INFO
17:02:04,167 |-INFO in ch.qos.logback.core.joran.action.AppenderRefAction - Attaching appender named [STDOUT] to Logger[ROOT]
17:02:04,168 |-INFO in ch.qos.logback.core.joran.action.AppenderRefAction - Attaching appender named [FILE] to Logger[ROOT]
17:02:04,168 |-INFO in ch.qos.logback.classic.joran.action.ConfigurationAction - End of configuration.
17:02:04,168 |-INFO in ch.qos.logback.classic.joran.JoranConfigurator@f0f2775 - Registering current configuration as safe fallback point

17:02:04.179 [main] INFO  c.s.f.r.a.WorkerApplication  - Starting worker with id: '10.0.0.63', host: '10.0.0.63:5412', zkString: '10.0.0.101:2181'
17:02:05.036 [worker-akka.actor.default-dispatcher-3] INFO  a.e.s.Slf4jLogger  - Slf4jLogger started
2018-03-22T17:02:05.171+0000: 1.783: [Full GC (Metadata GC Threshold) 2018-03-22T17:02:05.171+0000: 1.783: [Tenured: 0K->15820K(341376K), 0.0389386 secs] 134103K->15820K(494976K), [Metaspace: 20916K->20916K(1067008K)], 0.0390144 secs] [Times: user=0.04 sys=0.00, real=0.04 secs] 
Ama winner
Ama winner
17:02:05.581 [worker-akka.actor.default-dispatcher-3] INFO  a.r.a.ArteryTransport(akka://worker) akka.remote.artery.ArteryTransport(akka://worker) - Started embedded media driver in directory [/dev/shm/aeron-root-worker-31079aed-12f5-4c11-83af-fb1599b78056]
17:02:05.786 [worker-akka.actor.default-dispatcher-3] INFO  a.r.a.ArteryTransport(akka://worker) akka.remote.artery.ArteryTransport(akka://worker) - Remoting started; listening on address: [akka://worker@10.0.0.63:5412] with UID [-6065803816386085925]
17:02:05.872 [worker-akka.actor.default-dispatcher-2] INFO  a.a.RepointableActorRef akka://worker/user/watcher - Starting...
17:02:05.892 [worker-akka.actor.default-dispatcher-3] INFO  o.a.z.ZooKeeper  - Client environment:zookeeper.version=3.4.9-1757313, built on 08/23/2016 06:50 GMT
17:02:05.893 [worker-akka.actor.default-dispatcher-3] INFO  o.a.z.ZooKeeper  - Client environment:host.name=localhost
17:02:05.896 [worker-akka.actor.default-dispatcher-3] INFO  o.a.z.ZooKeeper  - Client environment:java.version=1.8.0_151
17:02:05.896 [worker-akka.actor.default-dispatcher-3] INFO  o.a.z.ZooKeeper  - Client environment:java.vendor=Oracle Corporation
17:02:05.896 [worker-akka.actor.default-dispatcher-3] INFO  o.a.z.ZooKeeper  - Client environment:java.home=/usr/lib/jvm/java-8-openjdk-amd64/jre
17:02:05.896 [worker-akka.actor.default-dispatcher-3] INFO  o.a.z.ZooKeeper  - Client environment:java.class.path=lib/commons-cli-1.4.jar:lib/minlog-1.3.0.jar:lib/asm-5.0.4.jar:lib/hadoop-annotations-2.7.3.jar:lib/hadoop-auth-2.7.3.jar:lib/akka-slf4j_2.11-2.5.6.jar:lib/jersey-core-1.9.jar:lib/lz4-1.3.0.jar:lib/jackson-core-asl-1.9.13.jar:lib/aeron-client-1.3.0.jar:lib/htrace-core-3.1.0-incubating.jar:lib/xz-1.0.jar:lib/commons-httpclient-3.1.jar:lib/asm-3.1.jar:lib/commons-lang3-3.4.jar:lib/scala-library-2.11.11.jar:lib/scala-java8-compat_2.11-0.7.0.jar:lib/commons-configuration-1.6.jar:lib/objenesis-2.1.jar:lib/jackson-annotations-2.8.0.jar:lib/jsr305-3.0.0.jar:lib/curator-framework-2.7.1.jar:lib/jersey-server-1.9.jar:lib/jets3t-0.9.0.jar:lib/leveldb-0.7.jar:lib/jetty-6.1.26.jar:lib/stax-api-1.0-2.jar:lib/flamestream-core-1.0-SNAPSHOT.jar:lib/reflectasm-1.07-shaded.jar:lib/apacheds-kerberos-codec-2.0.0-M15.jar:lib/api-asn1-api-1.0.0-M20.jar:lib/commons-lang-2.6.jar:lib/commons-beanutils-1.7.0.jar:lib/jackson-xc-1.8.3.jar:lib/jetty-util-6.1.26.jar:lib/logback-classic-1.2.3.jar:lib/jool-0.9.12.jar:lib/httpcore-4.1.2.jar:lib/kryo-4.0.0.jar:lib/ant-1.8.1.jar:lib/jaxb-impl-2.2.3-1.jar:lib/jersey-json-1.9.jar:lib/commons-compress-1.4.1.jar:lib/leveldbjni-all-1.8.jar:lib/paranamer-2.3.jar:lib/jackson-core-2.8.4.jar:lib/commons-math3-3.6.1.jar:lib/scala-parser-combinators_2.11-1.0.4.jar:lib/netty-3.10.6.Final.jar:lib/trove4j-3.0.3.jar:lib/jaxb-api-2.2.2.jar:lib/logback-core-1.2.3.jar:lib/snappy-java-1.0.4.1.jar:lib/protobuf-java-2.5.0.jar:lib/reactive-streams-1.0.1.jar:lib/flamestream-examples-1.0-SNAPSHOT.jar:lib/commons-codec-1.4.jar:lib/activation-1.1.jar:lib/commons-net-3.1.jar:lib/curator-recipes-2.7.1.jar:lib/jackson-mapper-asl-1.9.13.jar:lib/jackson-databind-2.8.4.jar:lib/flamestream-runtime-1.0-SNAPSHOT.jar:lib/jackson-jaxrs-1.8.3.jar:lib/slf4j-api-1.7.24.jar:lib/akka-remote_2.11-2.5.6.jar:lib/akka-testkit_2.11-2.5.6.jar:lib/jline-0.9.94.jar:lib/jedis-2.9.0.jar:lib/akka-stream_2.11-2.5.6.jar:lib/jsp-api-2.1.jar:lib/kryonet-2.21.jar:lib/akka-kryo-serialization_2.11-0.5.0.jar:lib/config-1.3.1.jar:lib/ant-launcher-1.8.1.jar:lib/commons-logging-1.2.jar:lib/ssl-config-core_2.11-0.2.2.jar:lib/testng-6.10.jar:lib/leveldb-api-0.7.jar:lib/reflectasm-1.11.3.jar:lib/jcommander-1.48.jar:lib/commons-1.1.jar:lib/commons-digester-1.8.jar:lib/minlog-1.2.jar:lib/java-xmlbuilder-0.4.jar:lib/jettison-1.1.jar:lib/gson-2.2.4.jar:lib/jdk.tools-1.8.jar:lib/aeron-driver-1.3.0.jar:lib/zookeeper-3.4.9.jar:lib/commons-beanutils-core-1.8.0.jar:lib/commons-math3-3.1.1.jar:lib/akka-actor_2.11-2.5.6.jar:lib/curator-client-2.7.1.jar:lib/servlet-api-2.5.jar:lib/commons-pool2-2.4.2.jar:lib/apacheds-i18n-2.0.0-M15.jar:lib/commons-io-2.4.jar:lib/commons-codec-1.6.jar:lib/akka-protobuf_2.11-2.5.6.jar:lib/jdom-2.0.2.jar:lib/rocksdbjni-5.5.1.jar:lib/api-util-1.0.0-M20.jar:lib/hadoop-common-2.7.3.jar:lib/agrona-0.9.6.jar:lib/xmlenc-0.52.jar:lib/guava-21.0.jar:lib/commons-collections-3.2.2.jar:lib/avro-1.7.4.jar:lib/httpclient-4.1.2.jar:lib/flamestream-core-1.0-SNAPSHOT-tests.jar:lib/annotations-12.0.jar:lib/jsch-0.1.42.jar:flamestream-runtime-1.0-SNAPSHOT.jar
17:02:05.896 [worker-akka.actor.default-dispatcher-3] INFO  o.a.z.ZooKeeper  - Client environment:java.library.path=/usr/java/packages/lib/amd64:/usr/lib/x86_64-linux-gnu/jni:/lib/x86_64-linux-gnu:/usr/lib/x86_64-linux-gnu:/usr/lib/jni:/lib:/usr/lib
17:02:05.896 [worker-akka.actor.default-dispatcher-3] INFO  o.a.z.ZooKeeper  - Client environment:java.io.tmpdir=/tmp
17:02:05.896 [worker-akka.actor.default-dispatcher-3] INFO  o.a.z.ZooKeeper  - Client environment:java.compiler=<NA>
17:02:05.896 [worker-akka.actor.default-dispatcher-3] INFO  o.a.z.ZooKeeper  - Client environment:os.name=Linux
17:02:05.896 [worker-akka.actor.default-dispatcher-3] INFO  o.a.z.ZooKeeper  - Client environment:os.arch=amd64
17:02:05.898 [worker-akka.actor.default-dispatcher-3] INFO  o.a.z.ZooKeeper  - Client environment:os.version=4.4.0-1049-aws
17:02:05.899 [worker-akka.actor.default-dispatcher-3] INFO  o.a.z.ZooKeeper  - Client environment:user.name=root
17:02:05.899 [worker-akka.actor.default-dispatcher-3] INFO  o.a.z.ZooKeeper  - Client environment:user.home=/root
17:02:05.900 [worker-akka.actor.default-dispatcher-3] INFO  o.a.z.ZooKeeper  - Client environment:user.dir=/opt/flamestream
17:02:05.903 [worker-akka.actor.default-dispatcher-3] INFO  o.a.z.ZooKeeper  - Initiating client connection, connectString=10.0.0.101:2181 sessionTimeout=5000 watcher=com.spbsu.flamestream.runtime.application.LifecycleWatcher$$Lambda$29/1717297006@74c6f907
17:02:05.937 [worker-akka.actor.default-dispatcher-2] INFO  a.a.RepointableActorRef akka://worker/user/watcher - Initializing rocksDB backend
17:02:05.939 [worker-akka.actor.default-dispatcher-3-SendThread(10.0.0.101:2181)] INFO  o.a.z.ClientCnxn  - Opening socket connection to server 10.0.0.101/10.0.0.101:2181. Will not attempt to authenticate using SASL (unknown error)
17:02:05.946 [worker-akka.actor.default-dispatcher-3-SendThread(10.0.0.101:2181)] INFO  o.a.z.ClientCnxn  - Socket connection established to 10.0.0.101/10.0.0.101:2181, initiating session
17:02:05.958 [worker-akka.actor.default-dispatcher-3-SendThread(10.0.0.101:2181)] INFO  o.a.z.ClientCnxn  - Session establishment complete on server 10.0.0.101/10.0.0.101:2181, sessionid = 0x1624ea83f70000a, negotiated timeout = 6000
17:02:06.127 [worker-akka.actor.default-dispatcher-2] INFO  a.a.RepointableActorRef akka://worker/user/watcher - Connected to ZK
17:02:13.211 [worker-akka.actor.default-dispatcher-2] INFO  a.a.RepointableActorRef akka://worker/user/watcher - Creating node with watchGraphs: 'com.spbsu.flamestream.core.Graph$Builder$MyGraph@1fe44d2b', config: 'ClusterConfig{paths={10.0.0.62=akka://worker@10.0.0.62:5412/user/watcher/graph, 10.0.0.92=akka://worker@10.0.0.92:5412/user/watcher/graph, 10.0.0.19=akka://worker@10.0.0.19:5412/user/watcher/graph, 10.0.0.224=akka://worker@10.0.0.224:5412/user/watcher/graph, 10.0.0.16=akka://worker@10.0.0.16:5412/user/watcher/graph, 10.0.0.14=akka://worker@10.0.0.14:5412/user/watcher/graph, 10.0.0.45=akka://worker@10.0.0.45:5412/user/watcher/graph, 10.0.0.41=akka://worker@10.0.0.41:5412/user/watcher/graph, 10.0.0.52=akka://worker@10.0.0.52:5412/user/watcher/graph, 10.0.0.63=akka://worker@10.0.0.63:5412/user/watcher/graph}, ackerLocation='10.0.0.41', props=ComputationLayout{hashGroups={10.0.0.62=com.spbsu.flamestream.runtime.config.HashGroup@1ffe1b9d, 10.0.0.92=com.spbsu.flamestream.runtime.config.HashGroup@5d5c21bc, 10.0.0.19=com.spbsu.flamestream.runtime.config.HashGroup@56dcaf5d, 10.0.0.224=com.spbsu.flamestream.runtime.config.HashGroup@c65a7748, 10.0.0.16=com.spbsu.flamestream.runtime.config.HashGroup@231425fe, 10.0.0.14=com.spbsu.flamestream.runtime.config.HashGroup@fbc82752, 10.0.0.45=com.spbsu.flamestream.runtime.config.HashGroup@ccbcd570, 10.0.0.41=com.spbsu.flamestream.runtime.config.HashGroup@c01f, 10.0.0.52=com.spbsu.flamestream.runtime.config.HashGroup@4276a447, 10.0.0.63=com.spbsu.flamestream.runtime.config.HashGroup@3fc198ed}}}'
17:02:14.112 [worker-akka.actor.default-dispatcher-3] INFO  a.a.LocalActorRef akka://worker/user/watcher/graph/graph - Starting...
17:02:14.119 [worker-akka.actor.default-dispatcher-7] INFO  a.a.LocalActorRef akka://worker/user/watcher/graph/graph/local-acker/$a - Starting...
17:02:14.123 [worker-akka.actor.default-dispatcher-3] INFO  a.a.LocalActorRef akka://worker/user/watcher/graph/graph/local-acker - Starting...
17:02:15.261 [worker-akka.actor.default-dispatcher-4] INFO  a.a.LocalActorRef akka://worker/user/watcher/graph/graph - Finishing constructor
17:02:15.263 [worker-akka.actor.default-dispatcher-5] INFO  a.a.LocalActorRef akka://worker/user/watcher/graph/negotiator - Starting...
17:02:15.273 [worker-akka.actor.default-dispatcher-4] INFO  a.a.LocalActorRef akka://worker/user/watcher/graph/edge - Starting...
17:02:15.274 [worker-akka.actor.default-dispatcher-5] INFO  a.a.LocalActorRef akka://worker/user/watcher/graph - Starting...
17:02:15.298 [worker-akka.actor.default-dispatcher-7] INFO  a.a.LocalActorRef akka://worker/user/watcher/graph/graph - Received last commit 'LastCommit{globalTime=(0000000, min@min)}'
17:02:15.306 [worker-akka.actor.default-dispatcher-6] INFO  a.a.LocalActorRef akka://worker/user/watcher/graph/negotiator - Requesting ticket for the frontClass FlameSocketGraphDeployerFront@10.0.0.63
17:02:15.337 [worker-akka.actor.default-dispatcher-5] INFO  c.s.f.r.e.s.SocketRear  - FlameSocketGraphDeployerRear@10.0.0.63: connecting to 10.0.0.101:5678
17:02:15.347 [worker-akka.actor.default-dispatcher-2] INFO  a.a.LocalActorRef akka://worker/user/watcher/graph/edge/FlameSocketGraphDeployerFront - Starting...
17:02:15.349 [worker-akka.actor.default-dispatcher-5] INFO  c.s.f.r.e.s.SocketRear  - FlameSocketGraphDeployerRear@10.0.0.63: connected to 10.0.0.101:5678
17:02:15.351 [worker-akka.actor.default-dispatcher-5] INFO  a.a.LocalActorRef akka://worker/user/watcher/graph/edge/FlameSocketGraphDeployerRear - Starting...
17:02:15.407 [worker-akka.actor.default-dispatcher-5] INFO  a.a.LocalActorRef akka://worker/user/watcher/graph/graph/$a - Starting...
17:02:15.439 [worker-akka.actor.default-dispatcher-5] INFO  a.a.LocalActorRef akka://worker/user/watcher/graph/graph/$a - Attached rear to graph (-9223372036854775808, min@min)
17:02:15.446 [worker-akka.actor.default-dispatcher-5] INFO  a.a.LocalActorRef akka://worker/user/watcher/graph/graph/$b - Starting...
17:02:15.450 [worker-akka.actor.default-dispatcher-5] INFO  a.a.LocalActorRef akka://worker/user/watcher/graph/graph/$c - Starting...
17:02:15.592 [worker-akka.actor.default-dispatcher-5] INFO  a.a.LocalActorRef akka://worker/user/watcher/graph/negotiator - Ticket for the frontClass received: FrontTicket{allowedTimestamp=(0000000, FlameSocketGraphDeployerFront@10.0.0.63)}
17:02:15.593 [worker-akka.actor.default-dispatcher-5] INFO  c.s.f.r.e.s.SocketFront  - FlameSocketGraphDeployerFront@10.0.0.63: connecting to 10.0.0.101:4567
17:02:15.615 [Client] INFO  c.s.f.r.e.s.SocketFront  - FlameSocketGraphDeployerFront@10.0.0.63 has been disconnected from Connection 10
2018-03-22T17:02:19.979+0000: 16.590: [GC (Allocation Failure) 2018-03-22T17:02:19.979+0000: 16.590: [DefNew: 136576K->16114K(153600K), 0.0250049 secs] 152396K->51466K(494976K), 0.0250696 secs] [Times: user=0.03 sys=0.00, real=0.02 secs] 
2018-03-22T17:02:28.563+0000: 25.175: [GC (Allocation Failure) 2018-03-22T17:02:28.563+0000: 25.175: [DefNew: 152690K->5852K(153600K), 0.0211621 secs] 188042K->49515K(494976K), 0.0212264 secs] [Times: user=0.02 sys=0.00, real=0.02 secs] 
2018-03-22T17:02:38.795+0000: 35.406: [GC (Allocation Failure) 2018-03-22T17:02:38.795+0000: 35.406: [DefNew: 141435K->10339K(153600K), 0.0138620 secs] 185098K->54002K(494976K), 0.0139253 secs] [Times: user=0.01 sys=0.00, real=0.01 secs] 
2018-03-22T17:02:47.784+0000: 44.396: [GC (Allocation Failure) 2018-03-22T17:02:47.784+0000: 44.396: [DefNew: 146915K->9967K(153600K), 0.0180686 secs] 190578K->55602K(494976K), 0.0181349 secs] [Times: user=0.01 sys=0.01, real=0.02 secs] 
2018-03-22T17:02:55.454+0000: 52.065: [GC (Allocation Failure) 2018-03-22T17:02:55.454+0000: 52.065: [DefNew: 146543K->5473K(153600K), 0.0152372 secs] 192178K->56618K(494976K), 0.0153014 secs] [Times: user=0.01 sys=0.01, real=0.01 secs] 
2018-03-22T17:03:02.733+0000: 59.345: [GC (Allocation Failure) 2018-03-22T17:03:02.733+0000: 59.345: [DefNew: 142049K->14851K(153600K), 0.0149816 secs] 193194K->65995K(494976K), 0.0150610 secs] [Times: user=0.01 sys=0.01, real=0.02 secs] 
2018-03-22T17:03:08.552+0000: 65.163: [GC (Allocation Failure) 2018-03-22T17:03:08.552+0000: 65.163: [DefNew: 151427K->4190K(153600K), 0.0288710 secs] 202571K->67835K(494976K), 0.0289463 secs] [Times: user=0.03 sys=0.00, real=0.03 secs] 
2018-03-22T17:03:14.302+0000: 70.914: [GC (Allocation Failure) 2018-03-22T17:03:14.302+0000: 70.914: [DefNew: 139399K->6704K(153600K), 0.0131386 secs] 203044K->70349K(494976K), 0.0132107 secs] [Times: user=0.01 sys=0.00, real=0.02 secs] 
2018-03-22T17:03:21.728+0000: 78.339: [GC (Allocation Failure) 2018-03-22T17:03:21.728+0000: 78.339: [DefNew: 143280K->7204K(153600K), 0.0127588 secs] 206925K->70849K(494976K), 0.0128264 secs] [Times: user=0.01 sys=0.00, real=0.01 secs] 
2018-03-22T17:03:28.311+0000: 84.922: [GC (Allocation Failure) 2018-03-22T17:03:28.311+0000: 84.922: [DefNew: 142162K->8895K(153600K), 0.0147097 secs] 205807K->72540K(494976K), 0.0147712 secs] [Times: user=0.01 sys=0.00, real=0.02 secs] 
2018-03-22T17:03:34.808+0000: 91.420: [GC (Allocation Failure) 2018-03-22T17:03:34.808+0000: 91.420: [DefNew: 143340K->9014K(153600K), 0.0176195 secs] 206985K->73823K(494976K), 0.0176889 secs] [Times: user=0.01 sys=0.00, real=0.02 secs] 
2018-03-22T17:03:41.310+0000: 97.922: [GC (Allocation Failure) 2018-03-22T17:03:41.310+0000: 97.922: [DefNew: 145208K->8277K(153600K), 0.0169073 secs] 210016K->74691K(494976K), 0.0169834 secs] [Times: user=0.02 sys=0.00, real=0.02 secs] 
2018-03-22T17:03:47.801+0000: 104.412: [GC (Allocation Failure) 2018-03-22T17:03:47.801+0000: 104.412: [DefNew: 144853K->9034K(153600K), 0.0259563 secs] 211267K->75448K(494976K), 0.0260222 secs] [Times: user=0.03 sys=0.00, real=0.03 secs] 
2018-03-22T17:03:54.287+0000: 110.899: [GC (Allocation Failure) 2018-03-22T17:03:54.287+0000: 110.899: [DefNew: 145610K->8345K(153600K), 0.0154627 secs] 212024K->75694K(494976K), 0.0155308 secs] [Times: user=0.02 sys=0.00, real=0.01 secs] 
2018-03-22T17:04:00.324+0000: 116.935: [GC (Allocation Failure) 2018-03-22T17:04:00.324+0000: 116.935: [DefNew: 144921K->10192K(153600K), 0.0173963 secs] 212270K->77540K(494976K), 0.0174639 secs] [Times: user=0.01 sys=0.00, real=0.02 secs] 
2018-03-22T17:04:05.294+0000: 121.905: [GC (Allocation Failure) 2018-03-22T17:04:05.294+0000: 121.905: [DefNew: 146768K->8951K(153600K), 0.0179619 secs] 214116K->77980K(494976K), 0.0180219 secs] [Times: user=0.02 sys=0.00, real=0.01 secs] 
2018-03-22T17:04:09.361+0000: 125.972: [GC (Allocation Failure) 2018-03-22T17:04:09.361+0000: 125.972: [DefNew: 145527K->17024K(153600K), 0.0186000 secs] 214556K->93714K(494976K), 0.0186652 secs] [Times: user=0.01 sys=0.01, real=0.02 secs] 
2018-03-22T17:04:15.317+0000: 131.929: [GC (Allocation Failure) 2018-03-22T17:04:15.317+0000: 131.929: [DefNew: 152818K->4978K(153600K), 0.0170043 secs] 229509K->98532K(494976K), 0.0170754 secs] [Times: user=0.00 sys=0.01, real=0.02 secs] 
2018-03-22T17:04:21.070+0000: 137.682: [GC (Allocation Failure) 2018-03-22T17:04:21.070+0000: 137.682: [DefNew: 141554K->4854K(153600K), 0.0133715 secs] 235108K->98408K(494976K), 0.0134456 secs] [Times: user=0.01 sys=0.00, real=0.01 secs] 
2018-03-22T17:04:26.792+0000: 143.403: [GC (Allocation Failure) 2018-03-22T17:04:26.792+0000: 143.403: [DefNew: 141430K->7088K(153600K), 0.0125142 secs] 234984K->100642K(494976K), 0.0125721 secs] [Times: user=0.01 sys=0.00, real=0.01 secs] 
2018-03-22T17:04:32.319+0000: 148.931: [GC (Allocation Failure) 2018-03-22T17:04:32.319+0000: 148.931: [DefNew: 143223K->6428K(153600K), 0.0108429 secs] 236777K->99982K(494976K), 0.0109129 secs] [Times: user=0.01 sys=0.00, real=0.01 secs] 
2018-03-22T17:04:37.325+0000: 153.937: [GC (Allocation Failure) 2018-03-22T17:04:37.325+0000: 153.937: [DefNew: 138523K->7388K(153600K), 0.0120195 secs] 232077K->100942K(494976K), 0.0120852 secs] [Times: user=0.01 sys=0.00, real=0.02 secs] 
2018-03-22T17:04:42.125+0000: 158.737: [GC (Allocation Failure) 2018-03-22T17:04:42.125+0000: 158.737: [DefNew: 143964K->8201K(153600K), 0.0145635 secs] 237518K->101755K(494976K), 0.0146192 secs] [Times: user=0.01 sys=0.00, real=0.02 secs] 
2018-03-22T17:04:47.786+0000: 164.397: [GC (Allocation Failure) 2018-03-22T17:04:47.786+0000: 164.397: [DefNew: 144777K->8875K(153600K), 0.0217707 secs] 238331K->102429K(494976K), 0.0218453 secs] [Times: user=0.02 sys=0.00, real=0.02 secs] 
2018-03-22T17:04:52.796+0000: 169.408: [GC (Allocation Failure) 2018-03-22T17:04:52.796+0000: 169.408: [DefNew: 145451K->10341K(153600K), 0.0178581 secs] 239005K->104564K(494976K), 0.0179240 secs] [Times: user=0.02 sys=0.00, real=0.02 secs] 
2018-03-22T17:04:57.825+0000: 174.437: [GC (Allocation Failure) 2018-03-22T17:04:57.825+0000: 174.437: [DefNew: 144568K->7275K(153600K), 0.0141304 secs] 238791K->103330K(494976K), 0.0141925 secs] [Times: user=0.01 sys=0.00, real=0.01 secs] 
2018-03-22T17:05:02.750+0000: 179.361: [GC (Allocation Failure) 2018-03-22T17:05:02.750+0000: 179.361: [DefNew: 143851K->8521K(153600K), 0.0139461 secs] 239906K->104576K(494976K), 0.0140125 secs] [Times: user=0.02 sys=0.00, real=0.01 secs] 
2018-03-22T17:05:07.511+0000: 184.122: [GC (Allocation Failure) 2018-03-22T17:05:07.511+0000: 184.122: [DefNew: 145097K->8295K(153600K), 0.0133551 secs] 241152K->104994K(494976K), 0.0134216 secs] [Times: user=0.01 sys=0.00, real=0.01 secs] 
2018-03-22T17:05:12.382+0000: 188.994: [GC (Allocation Failure) 2018-03-22T17:05:12.383+0000: 188.994: [DefNew: 142982K->8863K(153600K), 0.0210851 secs] 239681K->105561K(494976K), 0.0211588 secs] [Times: user=0.03 sys=0.00, real=0.02 secs] 
2018-03-22T17:05:17.288+0000: 193.900: [GC (Allocation Failure) 2018-03-22T17:05:17.288+0000: 193.900: [DefNew: 145439K->9737K(153600K), 0.0156927 secs] 242137K->107160K(494976K), 0.0157586 secs] [Times: user=0.01 sys=0.00, real=0.01 secs] 
2018-03-22T17:05:22.305+0000: 198.916: [GC (Allocation Failure) 2018-03-22T17:05:22.305+0000: 198.916: [DefNew: 146311K->9391K(153600K), 0.0165112 secs] 243734K->108001K(494976K), 0.0165742 secs] [Times: user=0.02 sys=0.00, real=0.02 secs] 
2018-03-22T17:05:26.832+0000: 203.443: [GC (Allocation Failure) 2018-03-22T17:05:26.832+0000: 203.443: [DefNew: 141956K->7332K(153600K), 0.0132326 secs] 240566K->107362K(494976K), 0.0132946 secs] [Times: user=0.02 sys=0.00, real=0.01 secs] 
2018-03-22T17:05:31.482+0000: 208.094: [GC (Allocation Failure) 2018-03-22T17:05:31.482+0000: 208.094: [DefNew: 143908K->8177K(153600K), 0.0124719 secs] 243938K->108208K(494976K), 0.0125380 secs] [Times: user=0.01 sys=0.00, real=0.02 secs] 
2018-03-22T17:05:35.760+0000: 212.371: [GC (Allocation Failure) 2018-03-22T17:05:35.760+0000: 212.371: [DefNew: 144753K->9521K(153600K), 0.0138539 secs] 244784K->109551K(494976K), 0.0139219 secs] [Times: user=0.01 sys=0.00, real=0.02 secs] 
2018-03-22T17:05:39.656+0000: 216.267: [GC (Allocation Failure) 2018-03-22T17:05:39.656+0000: 216.267: [DefNew: 146097K->8318K(153600K), 0.0234386 secs] 246127K->109475K(494976K), 0.0235139 secs] [Times: user=0.02 sys=0.00, real=0.02 secs] 
2018-03-22T17:05:43.835+0000: 220.446: [GC (Allocation Failure) 2018-03-22T17:05:43.835+0000: 220.446: [DefNew: 142779K->9052K(153600K), 0.0127897 secs] 243936K->110209K(494976K), 0.0128630 secs] [Times: user=0.01 sys=0.00, real=0.01 secs] 
2018-03-22T17:05:48.336+0000: 224.948: [GC (Allocation Failure) 2018-03-22T17:05:48.336+0000: 224.948: [DefNew: 141519K->9048K(153600K), 0.0136955 secs] 242677K->110718K(494976K), 0.0137574 secs] [Times: user=0.01 sys=0.00, real=0.01 secs] 
2018-03-22T17:05:52.785+0000: 229.397: [GC (Allocation Failure) 2018-03-22T17:05:52.785+0000: 229.397: [DefNew: 145624K->9689K(153600K), 0.0158068 secs] 247294K->112000K(494976K), 0.0158697 secs] [Times: user=0.02 sys=0.00, real=0.01 secs] 
2018-03-22T17:05:56.792+0000: 233.403: [GC (Allocation Failure) 2018-03-22T17:05:56.792+0000: 233.403: [DefNew: 146265K->10207K(153600K), 0.0170918 secs] 248576K->113658K(494976K), 0.0171548 secs] [Times: user=0.01 sys=0.00, real=0.02 secs] 
2018-03-22T17:06:01.338+0000: 237.949: [GC (Allocation Failure) 2018-03-22T17:06:01.338+0000: 237.949: [DefNew: 145667K->6863K(153600K), 0.0135782 secs] 249118K->112324K(494976K), 0.0136457 secs] [Times: user=0.01 sys=0.00, real=0.01 secs] 
2018-03-22T17:06:05.595+0000: 242.207: [GC (Allocation Failure) 2018-03-22T17:06:05.595+0000: 242.207: [DefNew: 143439K->7712K(153600K), 0.0113829 secs] 248900K->113173K(494976K), 0.0114446 secs] [Times: user=0.01 sys=0.00, real=0.01 secs] 
2018-03-22T17:06:10.077+0000: 246.688: [GC (Allocation Failure) 2018-03-22T17:06:10.077+0000: 246.688: [DefNew: 144288K->8398K(153600K), 0.0122538 secs] 249749K->113859K(494976K), 0.0123178 secs] [Times: user=0.01 sys=0.00, real=0.01 secs] 
2018-03-22T17:06:14.336+0000: 250.947: [GC (Allocation Failure) 2018-03-22T17:06:14.336+0000: 250.947: [DefNew: 138865K->8884K(153600K), 0.0124979 secs] 244326K->114345K(494976K), 0.0125676 secs] [Times: user=0.01 sys=0.00, real=0.01 secs] 
2018-03-22T17:06:18.382+0000: 254.993: [GC (Allocation Failure) 2018-03-22T17:06:18.382+0000: 254.993: [DefNew: 145460K->11128K(153600K), 0.0443077 secs] 250921K->117053K(494976K), 0.0443752 secs] [Times: user=0.04 sys=0.00, real=0.05 secs] 
2018-03-22T17:06:22.404+0000: 259.015: [GC (Allocation Failure) 2018-03-22T17:06:22.404+0000: 259.015: [DefNew: 145413K->6766K(153600K), 0.0276471 secs] 251338K->115409K(494976K), 0.0277262 secs] [Times: user=0.03 sys=0.00, real=0.03 secs] 
2018-03-22T17:06:26.347+0000: 262.958: [GC (Allocation Failure) 2018-03-22T17:06:26.347+0000: 262.958: [DefNew: 137432K->7542K(153600K), 0.0117240 secs] 246075K->116185K(494976K), 0.0117917 secs] [Times: user=0.01 sys=0.00, real=0.01 secs] 
2018-03-22T17:06:29.840+0000: 266.451: [GC (Allocation Failure) 2018-03-22T17:06:29.840+0000: 266.451: [DefNew: 138700K->8350K(153600K), 0.0123738 secs] 247343K->116993K(494976K), 0.0124460 secs] [Times: user=0.01 sys=0.00, real=0.01 secs] 
2018-03-22T17:06:33.395+0000: 270.006: [GC (Allocation Failure) 2018-03-22T17:06:33.395+0000: 270.006: [DefNew: 144926K->8834K(153600K), 0.0125429 secs] 253569K->117477K(494976K), 0.0126040 secs] [Times: user=0.01 sys=0.00, real=0.01 secs] 
2018-03-22T17:06:37.350+0000: 273.961: [GC (Allocation Failure) 2018-03-22T17:06:37.350+0000: 273.962: [DefNew: 143008K->8891K(153600K), 0.0135784 secs] 251650K->118052K(494976K), 0.0136513 secs] [Times: user=0.01 sys=0.00, real=0.01 secs] 
2018-03-22T17:06:40.814+0000: 277.426: [GC (Allocation Failure) 2018-03-22T17:06:40.814+0000: 277.426: [DefNew: 145467K->10897K(153600K), 0.0331952 secs] 254628K->120507K(494976K), 0.0332610 secs] [Times: user=0.03 sys=0.00, real=0.03 secs] 
2018-03-22T17:06:44.621+0000: 281.233: [GC (Allocation Failure) 2018-03-22T17:06:44.621+0000: 281.233: [DefNew: 147473K->7877K(153600K), 0.0269966 secs] 257083K->119673K(494976K), 0.0270701 secs] [Times: user=0.03 sys=0.00, real=0.03 secs] 
2018-03-22T17:06:47.914+0000: 284.525: [GC (Allocation Failure) 2018-03-22T17:06:47.914+0000: 284.525: [DefNew: 144453K->8961K(153600K), 0.0132988 secs] 256249K->120757K(494976K), 0.0133568 secs] [Times: user=0.02 sys=0.00, real=0.01 secs] 
2018-03-22T17:06:51.854+0000: 288.465: [GC (Allocation Failure) 2018-03-22T17:06:51.854+0000: 288.465: [DefNew: 143627K->8982K(153600K), 0.0137061 secs] 255423K->121379K(494976K), 0.0137827 secs] [Times: user=0.02 sys=0.00, real=0.01 secs] 
2018-03-22T17:06:55.350+0000: 291.962: [GC (Allocation Failure) 2018-03-22T17:06:55.350+0000: 291.962: [DefNew: 145548K->8890K(153600K), 0.0135454 secs] 257945K->121973K(494976K), 0.0136112 secs] [Times: user=0.01 sys=0.00, real=0.01 secs] 
2018-03-22T17:06:58.847+0000: 295.459: [GC (Allocation Failure) 2018-03-22T17:06:58.847+0000: 295.459: [DefNew: 140897K->11582K(153600K), 0.0174908 secs] 253980K->125295K(494976K), 0.0175532 secs] [Times: user=0.01 sys=0.00, real=0.01 secs] 
2018-03-22T17:07:01.281+0000: 297.893: [GC (Allocation Failure) 2018-03-22T17:07:01.281+0000: 297.893: [DefNew: 148158K->17023K(153600K), 0.0690587 secs] 261871K->156297K(494976K), 0.0691217 secs] [Times: user=0.06 sys=0.01, real=0.07 secs] 
2018-03-22T17:07:05.292+0000: 301.904: [GC (Allocation Failure) 2018-03-22T17:07:05.292+0000: 301.904: [DefNew: 153599K->3408K(153600K), 0.0287049 secs] 292873K->159495K(494976K), 0.0287798 secs] [Times: user=0.01 sys=0.01, real=0.03 secs] 
2018-03-22T17:07:08.349+0000: 304.961: [GC (Allocation Failure) 2018-03-22T17:07:08.349+0000: 304.961: [DefNew: 133571K->5440K(153600K), 0.0092601 secs] 289659K->161527K(494976K), 0.0093195 secs] [Times: user=0.01 sys=0.00, real=0.01 secs] 
2018-03-22T17:07:12.037+0000: 308.649: [GC (Allocation Failure) 2018-03-22T17:07:12.037+0000: 308.649: [DefNew: 142016K->6526K(153600K), 0.0095943 secs] 298103K->162613K(494976K), 0.0096585 secs] [Times: user=0.01 sys=0.00, real=0.01 secs] 
2018-03-22T17:07:15.353+0000: 311.964: [GC (Allocation Failure) 2018-03-22T17:07:15.353+0000: 311.964: [DefNew: 137862K->7524K(153600K), 0.0107295 secs] 293950K->163612K(494976K), 0.0107911 secs] [Times: user=0.01 sys=0.00, real=0.01 secs] 
2018-03-22T17:07:18.766+0000: 315.377: [GC (Allocation Failure) 2018-03-22T17:07:18.766+0000: 315.377: [DefNew: 144100K->8413K(153600K), 0.0114301 secs] 300188K->164500K(494976K), 0.0115479 secs] [Times: user=0.01 sys=0.00, real=0.01 secs] 
2018-03-22T17:07:22.099+0000: 318.710: [GC (Allocation Failure) 2018-03-22T17:07:22.099+0000: 318.710: [DefNew: 144989K->8947K(153600K), 0.0116977 secs] 301076K->165035K(494976K), 0.0117598 secs] [Times: user=0.01 sys=0.00, real=0.01 secs] 
2018-03-22T17:07:25.430+0000: 322.041: [GC (Allocation Failure) 2018-03-22T17:07:25.430+0000: 322.041: [DefNew: 139362K->9429K(153600K), 0.0259591 secs] 295450K->165899K(494976K), 0.0260175 secs] [Times: user=0.03 sys=0.00, real=0.03 secs] 
2018-03-22T17:07:28.824+0000: 325.436: [GC (Allocation Failure) 2018-03-22T17:07:28.825+0000: 325.436: [DefNew: 146005K->11254K(153600K), 0.0337845 secs] 302475K->169132K(494976K), 0.0338467 secs] [Times: user=0.03 sys=0.00, real=0.04 secs] 
2018-03-22T17:07:32.401+0000: 329.013: [GC (Allocation Failure) 2018-03-22T17:07:32.401+0000: 329.013: [DefNew: 147830K->8121K(153600K), 0.0342829 secs] 305708K->169691K(494976K), 0.0343571 secs] [Times: user=0.03 sys=0.00, real=0.04 secs] 
2018-03-22T17:07:35.877+0000: 332.489: [GC (Allocation Failure) 2018-03-22T17:07:35.877+0000: 332.489: [DefNew: 144697K->10369K(153600K), 0.0265750 secs] 306267K->171938K(494976K), 0.0266357 secs] [Times: user=0.03 sys=0.00, real=0.02 secs] 
2018-03-22T17:07:38.860+0000: 335.472: [GC (Allocation Failure) 2018-03-22T17:07:38.860+0000: 335.472: [DefNew: 145319K->5195K(153600K), 0.0113040 secs] 306889K->169122K(494976K), 0.0113621 secs] [Times: user=0.01 sys=0.00, real=0.01 secs] 
2018-03-22T17:07:42.351+0000: 338.962: [GC (Allocation Failure) 2018-03-22T17:07:42.351+0000: 338.962: [DefNew: 135630K->6396K(153600K), 0.0093316 secs] 299557K->170323K(494976K), 0.0093957 secs] [Times: user=0.01 sys=0.00, real=0.01 secs] 
2018-03-22T17:07:45.859+0000: 342.471: [GC (Allocation Failure) 2018-03-22T17:07:45.859+0000: 342.471: [DefNew: 142702K->7281K(153600K), 0.0098813 secs] 306629K->171209K(494976K), 0.0099444 secs] [Times: user=0.00 sys=0.00, real=0.01 secs] 
2018-03-22T17:07:48.882+0000: 345.493: [GC (Allocation Failure) 2018-03-22T17:07:48.882+0000: 345.493: [DefNew: 143857K->11395K(153600K), 0.0166786 secs] 307785K->175322K(494976K), 0.0167566 secs] [Times: user=0.01 sys=0.00, real=0.02 secs] 
2018-03-22T17:07:52.354+0000: 348.966: [GC (Allocation Failure) 2018-03-22T17:07:52.354+0000: 348.966: [DefNew: 144680K->5115K(153600K), 0.0120384 secs] 308608K->172635K(494976K), 0.0121058 secs] [Times: user=0.02 sys=0.00, real=0.01 secs] 
2018-03-22T17:07:55.529+0000: 352.141: [GC (Allocation Failure) 2018-03-22T17:07:55.529+0000: 352.141: [DefNew: 141691K->6555K(153600K), 0.0093664 secs] 309211K->174076K(494976K), 0.0094424 secs] [Times: user=0.02 sys=0.00, real=0.01 secs] 
2018-03-22T17:07:58.857+0000: 355.469: [GC (Allocation Failure) 2018-03-22T17:07:58.857+0000: 355.469: [DefNew: 137766K->7218K(153600K), 0.0094898 secs] 305286K->174739K(494976K), 0.0095666 secs] [Times: user=0.01 sys=0.00, real=0.01 secs] 
2018-03-22T17:08:01.859+0000: 358.471: [GC (Allocation Failure) 2018-03-22T17:08:01.859+0000: 358.471: [DefNew: 137217K->8053K(153600K), 0.0111737 secs] 304738K->175574K(494976K), 0.0112439 secs] [Times: user=0.01 sys=0.00, real=0.01 secs] 
2018-03-22T17:08:04.928+0000: 361.539: [GC (Allocation Failure) 2018-03-22T17:08:04.928+0000: 361.539: [DefNew: 142166K->8854K(153600K), 0.0132586 secs] 309687K->176375K(494976K), 0.0133397 secs] [Times: user=0.01 sys=0.01, real=0.01 secs] 
2018-03-22T17:08:07.946+0000: 364.557: [GC (Allocation Failure) 2018-03-22T17:08:07.946+0000: 364.557: [DefNew: 136810K->9032K(153600K), 0.0237094 secs] 304331K->177248K(494976K), 0.0237952 secs] [Times: user=0.03 sys=0.00, real=0.02 secs] 
2018-03-22T17:08:10.950+0000: 367.561: [GC (Allocation Failure) 2018-03-22T17:08:10.950+0000: 367.561: [DefNew: 136573K->8406K(153600K), 0.0208712 secs] 304789K->177750K(494976K), 0.0209407 secs] [Times: user=0.02 sys=0.00, real=0.02 secs] 
2018-03-22T17:08:14.438+0000: 371.050: [GC (Allocation Failure) 2018-03-22T17:08:14.438+0000: 371.050: [DefNew: 144315K->8752K(153600K), 0.0182031 secs] 313658K->178095K(494976K), 0.0182709 secs] [Times: user=0.02 sys=0.00, real=0.02 secs] 
2018-03-22T17:08:17.356+0000: 373.968: [GC (Allocation Failure) 2018-03-22T17:08:17.356+0000: 373.968: [DefNew: 138350K->9176K(153600K), 0.0126131 secs] 307693K->178915K(494976K), 0.0126869 secs] [Times: user=0.01 sys=0.00, real=0.01 secs] 
2018-03-22T17:08:20.617+0000: 377.229: [GC (Allocation Failure) 2018-03-22T17:08:20.617+0000: 377.229: [DefNew: 145752K->8973K(153600K), 0.0120181 secs] 315491K->179363K(494976K), 0.0120842 secs] [Times: user=0.01 sys=0.00, real=0.01 secs] 
2018-03-22T17:08:23.857+0000: 380.469: [GC (Allocation Failure) 2018-03-22T17:08:23.857+0000: 380.469: [DefNew: 143633K->9129K(153600K), 0.0123077 secs] 314024K->180103K(494976K), 0.0123756 secs] [Times: user=0.02 sys=0.00, real=0.01 secs] 
2018-03-22T17:08:26.809+0000: 383.421: [GC (Allocation Failure) 2018-03-22T17:08:26.809+0000: 383.421: [DefNew: 145705K->11602K(153600K), 0.0172767 secs] 316679K->183232K(494976K), 0.0173536 secs] [Times: user=0.02 sys=0.00, real=0.02 secs] 
2018-03-22T17:08:29.858+0000: 386.470: [GC (Allocation Failure) 2018-03-22T17:08:29.858+0000: 386.470: [DefNew: 141853K->6615K(153600K), 0.0126028 secs] 313483K->181037K(494976K), 0.0126675 secs] [Times: user=0.01 sys=0.00, real=0.01 secs] 
2018-03-22T17:08:32.454+0000: 389.066: [GC (Allocation Failure) 2018-03-22T17:08:32.454+0000: 389.066: [DefNew: 135019K->8262K(153600K), 0.0167015 secs] 309441K->182684K(494976K), 0.0167770 secs] [Times: user=0.01 sys=0.00, real=0.01 secs] 
2018-03-22T17:08:35.460+0000: 392.071: [GC (Allocation Failure) 2018-03-22T17:08:35.460+0000: 392.071: [DefNew: 141582K->8543K(153600K), 0.0222482 secs] 316004K->182965K(494976K), 0.0223143 secs] [Times: user=0.02 sys=0.00, real=0.02 secs] 
2018-03-22T17:08:38.794+0000: 395.405: [GC (Allocation Failure) 2018-03-22T17:08:38.794+0000: 395.405: [DefNew: 145119K->9530K(153600K), 0.0238517 secs] 319541K->184604K(494976K), 0.0239187 secs] [Times: user=0.02 sys=0.00, real=0.02 secs] 
2018-03-22T17:08:41.838+0000: 398.449: [GC (Allocation Failure) 2018-03-22T17:08:41.838+0000: 398.449: [DefNew: 146106K->10677K(153600K), 0.0332770 secs] 321180K->187323K(494976K), 0.0333511 secs] [Times: user=0.03 sys=0.00, real=0.03 secs] 
2018-03-22T17:08:44.954+0000: 401.565: [GC (Allocation Failure) 2018-03-22T17:08:44.954+0000: 401.565: [DefNew: 142059K->6430K(153600K), 0.0210016 secs] 318705K->185399K(494976K), 0.0210831 secs] [Times: user=0.02 sys=0.01, real=0.02 secs] 
2018-03-22T17:08:47.956+0000: 404.567: [GC (Allocation Failure) 2018-03-22T17:08:47.956+0000: 404.567: [DefNew: 133013K->7191K(153600K), 0.0177909 secs] 311982K->186160K(494976K), 0.0178584 secs] [Times: user=0.02 sys=0.00, real=0.02 secs] 
2018-03-22T17:08:50.960+0000: 407.571: [GC (Allocation Failure) 2018-03-22T17:08:50.960+0000: 407.571: [DefNew: 141430K->8185K(153600K), 0.0188152 secs] 320399K->187154K(494976K), 0.0188883 secs] [Times: user=0.02 sys=0.00, real=0.02 secs] 
2018-03-22T17:08:53.884+0000: 410.496: [GC (Allocation Failure) 2018-03-22T17:08:53.884+0000: 410.496: [DefNew: 144761K->12230K(153600K), 0.0336969 secs] 323730K->191199K(494976K), 0.0337630 secs] [Times: user=0.03 sys=0.00, real=0.04 secs] 
2018-03-22T17:08:56.935+0000: 413.547: [GC (Allocation Failure) 2018-03-22T17:08:56.935+0000: 413.547: [DefNew: 148806K->8836K(153600K), 0.0443571 secs] 327775K->191926K(494976K), 0.0444265 secs] [Times: user=0.04 sys=0.00, real=0.04 secs] 
2018-03-22T17:08:59.783+0000: 416.395: [GC (Allocation Failure) 2018-03-22T17:08:59.783+0000: 416.395: [DefNew: 145412K->6031K(153600K), 0.0242243 secs] 328502K->190538K(494976K), 0.0242894 secs] [Times: user=0.02 sys=0.01, real=0.03 secs] 
2018-03-22T17:09:02.457+0000: 419.069: [GC (Allocation Failure) 2018-03-22T17:09:02.457+0000: 419.069: [DefNew: 132599K->7240K(153600K), 0.0135637 secs] 317106K->191747K(494976K), 0.0136275 secs] [Times: user=0.01 sys=0.00, real=0.01 secs] 
2018-03-22T17:09:05.340+0000: 421.952: [GC (Allocation Failure) 2018-03-22T17:09:05.340+0000: 421.952: [DefNew: 143816K->11172K(153600K), 0.0309655 secs] 328323K->195679K(494976K), 0.0310322 secs] [Times: user=0.03 sys=0.00, real=0.03 secs] 
2018-03-22T17:09:08.122+0000: 424.734: [GC (Allocation Failure) 2018-03-22T17:09:08.122+0000: 424.734: [DefNew: 147748K->7426K(153600K), 0.0246320 secs] 332255K->194213K(494976K), 0.0246997 secs] [Times: user=0.03 sys=0.00, real=0.03 secs] 
2018-03-22T17:09:11.455+0000: 428.067: [GC (Allocation Failure) 2018-03-22T17:09:11.455+0000: 428.067: [DefNew: 143822K->7668K(153600K), 0.0134736 secs] 330610K->194455K(494976K), 0.0135433 secs] [Times: user=0.02 sys=0.00, real=0.01 secs] 
2018-03-22T17:09:14.314+0000: 430.925: [GC (Allocation Failure) 2018-03-22T17:09:14.314+0000: 430.926: [DefNew: 144244K->10719K(153600K), 0.0227451 secs] 331031K->197507K(494976K), 0.0228121 secs] [Times: user=0.02 sys=0.00, real=0.02 secs] 
2018-03-22T17:09:17.455+0000: 434.067: [GC (Allocation Failure) 2018-03-22T17:09:17.455+0000: 434.067: [DefNew: 146963K->6763K(153600K), 0.0189751 secs] 333751K->196353K(494976K), 0.0190478 secs] [Times: user=0.02 sys=0.00, real=0.02 secs] 
2018-03-22T17:09:19.888+0000: 436.499: [GC (Allocation Failure) 2018-03-22T17:09:19.888+0000: 436.499: [DefNew: 132315K->8301K(153600K), 0.0109478 secs] 321905K->197891K(494976K), 0.0110162 secs] [Times: user=0.01 sys=0.00, real=0.01 secs] 
2018-03-22T17:09:22.865+0000: 439.476: [GC (Allocation Failure) 2018-03-22T17:09:22.865+0000: 439.476: [DefNew: 143353K->9186K(153600K), 0.0114570 secs] 332942K->198776K(494976K), 0.0115202 secs] [Times: user=0.01 sys=0.00, real=0.02 secs] 
2018-03-22T17:09:25.785+0000: 442.396: [GC (Allocation Failure) 2018-03-22T17:09:25.785+0000: 442.396: [DefNew: 145762K->8940K(153600K), 0.0144305 secs] 335352K->200042K(494976K), 0.0144963 secs] [Times: user=0.01 sys=0.00, real=0.02 secs] 
2018-03-22T17:09:28.788+0000: 445.400: [GC (Allocation Failure) 2018-03-22T17:09:28.788+0000: 445.400: [DefNew: 145516K->9599K(153600K), 0.0136466 secs] 336618K->201551K(494976K), 0.0137121 secs] [Times: user=0.01 sys=0.00, real=0.01 secs] 
2018-03-22T17:09:31.828+0000: 448.440: [GC (Allocation Failure) 2018-03-22T17:09:31.828+0000: 448.440: [DefNew: 146175K->11208K(153600K), 0.0171784 secs] 338127K->204335K(494976K), 0.0172561 secs] [Times: user=0.01 sys=0.00, real=0.02 secs] 
2018-03-22T17:09:34.866+0000: 451.477: [GC (Allocation Failure) 2018-03-22T17:09:34.866+0000: 451.477: [DefNew: 141435K->5780K(153600K), 0.0106944 secs] 334561K->201545K(494976K), 0.0107584 secs] [Times: user=0.01 sys=0.00, real=0.01 secs] 
2018-03-22T17:09:37.762+0000: 454.374: [GC (Allocation Failure) 2018-03-22T17:09:37.762+0000: 454.374: [DefNew: 142356K->7245K(153600K), 0.0093595 secs] 338121K->203010K(494976K), 0.0094358 secs] [Times: user=0.01 sys=0.00, real=0.01 secs] 
2018-03-22T17:09:40.368+0000: 456.979: [GC (Allocation Failure) 2018-03-22T17:09:40.368+0000: 456.979: [DefNew: 139328K->7905K(153600K), 0.0098024 secs] 335093K->203670K(494976K), 0.0098684 secs] [Times: user=0.01 sys=0.00, real=0.01 secs] 
2018-03-22T17:09:42.872+0000: 459.484: [GC (Allocation Failure) 2018-03-22T17:09:42.873+0000: 459.484: [DefNew: 142315K->9596K(153600K), 0.0118138 secs] 338079K->205360K(494976K), 0.0118786 secs] [Times: user=0.01 sys=0.00, real=0.01 secs] 
2018-03-22T17:09:45.792+0000: 462.403: [GC (Allocation Failure) 2018-03-22T17:09:45.792+0000: 462.403: [DefNew: 146172K->10493K(153600K), 0.0152572 secs] 341936K->207413K(494976K), 0.0153215 secs] [Times: user=0.01 sys=0.00, real=0.02 secs] 
2018-03-22T17:09:48.479+0000: 465.090: [GC (Allocation Failure) 2018-03-22T17:09:48.479+0000: 465.090: [DefNew: 140541K->7119K(153600K), 0.0232349 secs] 337461K->206347K(494976K), 0.0232968 secs] [Times: user=0.02 sys=0.00, real=0.02 secs] 
2018-03-22T17:09:51.152+0000: 467.763: [GC (Allocation Failure) 2018-03-22T17:09:51.152+0000: 467.763: [DefNew: 143695K->8203K(153600K), 0.0180816 secs] 342923K->207431K(494976K), 0.0181460 secs] [Times: user=0.02 sys=0.00, real=0.02 secs] 
2018-03-22T17:09:53.979+0000: 470.590: [GC (Allocation Failure) 2018-03-22T17:09:53.979+0000: 470.590: [DefNew: 136735K->9076K(153600K), 0.0185601 secs] 335963K->208304K(494976K), 0.0186212 secs] [Times: user=0.02 sys=0.00, real=0.02 secs] 
2018-03-22T17:09:56.835+0000: 473.446: [GC (Allocation Failure) 2018-03-22T17:09:56.835+0000: 473.446: [DefNew: 145652K->11022K(153600K), 0.0328449 secs] 344880K->211323K(494976K), 0.0329122 secs] [Times: user=0.04 sys=0.00, real=0.03 secs] 
2018-03-22T17:09:59.973+0000: 476.585: [GC (Allocation Failure) 2018-03-22T17:09:59.973+0000: 476.585: [DefNew: 147238K->5507K(153600K), 0.0188767 secs] 347539K->209112K(494976K), 0.0189499 secs] [Times: user=0.02 sys=0.00, real=0.02 secs] 
2018-03-22T17:10:02.735+0000: 479.346: [GC (Allocation Failure) 2018-03-22T17:10:02.735+0000: 479.346: [DefNew: 142083K->7556K(153600K), 0.0142480 secs] 345688K->211161K(494976K), 0.0143314 secs] [Times: user=0.01 sys=0.00, real=0.01 secs] 
2018-03-22T17:10:05.308+0000: 481.920: [GC (Allocation Failure) 2018-03-22T17:10:05.308+0000: 481.920: [DefNew: 144132K->10334K(153600K), 0.0256084 secs] 347737K->213939K(494976K), 0.0256815 secs] [Times: user=0.03 sys=0.00, real=0.03 secs] 
2018-03-22T17:10:07.872+0000: 484.483: [GC (Allocation Failure) 2018-03-22T17:10:07.872+0000: 484.483: [DefNew: 139426K->7334K(153600K), 0.0120916 secs] 343031K->213098K(494976K), 0.0121613 secs] [Times: user=0.01 sys=0.00, real=0.01 secs] 
2018-03-22T17:10:10.782+0000: 487.393: [GC (Allocation Failure) 2018-03-22T17:10:10.782+0000: 487.394: [DefNew: 143910K->8855K(153600K), 0.0109532 secs] 349674K->214619K(494976K), 0.0110228 secs] [Times: user=0.01 sys=0.01, real=0.01 secs] 
2018-03-22T17:10:13.379+0000: 489.991: [GC (Allocation Failure) 2018-03-22T17:10:13.379+0000: 489.991: [DefNew: 141899K->8437K(153600K), 0.0122314 secs] 347663K->215291K(494976K), 0.0123020 secs] [Times: user=0.01 sys=0.00, real=0.01 secs] 
2018-03-22T17:10:15.875+0000: 492.487: [GC (Allocation Failure) 2018-03-22T17:10:15.875+0000: 492.487: [DefNew: 132575K->9076K(153600K), 0.0105187 secs] 339428K->215930K(494976K), 0.0105911 secs] [Times: user=0.01 sys=0.00, real=0.01 secs] 
2018-03-22T17:10:18.798+0000: 495.410: [GC (Allocation Failure) 2018-03-22T17:10:18.798+0000: 495.410: [DefNew: 145616K->11162K(153600K), 0.0156049 secs] 352470K->218979K(494976K), 0.0156743 secs] [Times: user=0.02 sys=0.00, real=0.02 secs] 
2018-03-22T17:10:21.385+0000: 497.997: [GC (Allocation Failure) 2018-03-22T17:10:21.385+0000: 497.997: [DefNew: 142804K->6833K(153600K), 0.0133668 secs] 350622K->217737K(494976K), 0.0134353 secs] [Times: user=0.01 sys=0.00, real=0.02 secs] 
2018-03-22T17:10:23.602+0000: 500.213: [GC (Allocation Failure) 2018-03-22T17:10:23.602+0000: 500.214: [DefNew: 143409K->8328K(153600K), 0.0106306 secs] 354313K->219232K(494976K), 0.0106987 secs] [Times: user=0.02 sys=0.00, real=0.01 secs] 
2018-03-22T17:10:26.312+0000: 502.924: [GC (Allocation Failure) 2018-03-22T17:10:26.312+0000: 502.924: [DefNew: 144904K->12117K(153600K), 0.0159892 secs] 355808K->223021K(494976K), 0.0160544 secs] [Times: user=0.02 sys=0.00, real=0.02 secs] 
2018-03-22T17:10:28.874+0000: 505.486: [GC (Allocation Failure) 2018-03-22T17:10:28.874+0000: 505.486: [DefNew: 137451K->5112K(153600K), 0.0140508 secs] 348355K->220879K(494976K), 0.0141285 secs] [Times: user=0.02 sys=0.00, real=0.01 secs] 
2018-03-22T17:10:31.796+0000: 508.407: [GC (Allocation Failure) 2018-03-22T17:10:31.796+0000: 508.407: [DefNew: 141688K->6852K(153600K), 0.0177322 secs] 357455K->222619K(494976K), 0.0178017 secs] [Times: user=0.02 sys=0.00, real=0.02 secs] 
2018-03-22T17:10:34.609+0000: 511.221: [GC (Allocation Failure) 2018-03-22T17:10:34.609+0000: 511.221: [DefNew: 143428K->7175K(153600K), 0.0153325 secs] 359195K->222942K(494976K), 0.0153945 secs] [Times: user=0.02 sys=0.00, real=0.01 secs] 
2018-03-22T17:10:37.300+0000: 513.912: [GC (Allocation Failure) 2018-03-22T17:10:37.300+0000: 513.912: [DefNew: 143751K->9649K(153600K), 0.0235549 secs] 359518K->225416K(494976K), 0.0236299 secs] [Times: user=0.02 sys=0.00, real=0.02 secs] 
2018-03-22T17:10:39.635+0000: 516.247: [GC (Allocation Failure) 2018-03-22T17:10:39.635+0000: 516.247: [DefNew: 146225K->9016K(153600K), 0.0208412 secs] 361992K->225706K(494976K), 0.0209143 secs] [Times: user=0.02 sys=0.00, real=0.02 secs] 
2018-03-22T17:10:42.323+0000: 518.934: [GC (Allocation Failure) 2018-03-22T17:10:42.323+0000: 518.934: [DefNew: 145592K->11142K(153600K), 0.0295478 secs] 362282K->228584K(494976K), 0.0296136 secs] [Times: user=0.03 sys=0.00, real=0.03 secs] 
2018-03-22T17:10:44.825+0000: 521.436: [GC (Allocation Failure) 2018-03-22T17:10:44.825+0000: 521.436: [DefNew: 147718K->10178K(153600K), 0.0366371 secs] 365160K->229987K(494976K), 0.0367114 secs] [Times: user=0.04 sys=0.00, real=0.04 secs] 
2018-03-22T17:10:47.492+0000: 524.103: [GC (Allocation Failure) 2018-03-22T17:10:47.492+0000: 524.103: [DefNew: 139635K->7195K(153600K), 0.0225110 secs] 359444K->228475K(494976K), 0.0225780 secs] [Times: user=0.02 sys=0.00, real=0.03 secs] 
2018-03-22T17:10:49.845+0000: 526.457: [GC (Allocation Failure) 2018-03-22T17:10:49.845+0000: 526.457: [DefNew: 143771K->11645K(153600K), 0.0309600 secs] 365051K->232925K(494976K), 0.0310292 secs] [Times: user=0.03 sys=0.00, real=0.04 secs] 
2018-03-22T17:10:52.507+0000: 529.119: [GC (Allocation Failure) 2018-03-22T17:10:52.507+0000: 529.119: [DefNew: 147623K->6601K(153600K), 0.0218251 secs] 368903K->230436K(494976K), 0.0218999 secs] [Times: user=0.02 sys=0.00, real=0.02 secs] 
17:10:53.135 [Client] INFO  c.s.f.r.e.s.SocketRear  - FlameSocketGraphDeployerRear@10.0.0.63: has been disconnected from Connection 10
17:11:04.267 [worker-akka.actor.default-dispatcher-17] INFO  a.a.CoordinatedShutdown CoordinatedShutdown(akka://worker) - Starting coordinated shutdown from JVM shutdown hook
17:11:04.285 [worker-akka.actor.default-dispatcher-2] INFO  a.a.LocalActorRef akka://worker/user/watcher/graph/negotiator - Stopped
17:11:04.288 [worker-akka.actor.default-dispatcher-2] INFO  a.a.LocalActorRef akka://worker/user/watcher/graph/edge/FlameSocketGraphDeployerFront - Stopped
17:11:04.288 [worker-akka.actor.default-dispatcher-2] INFO  a.a.LocalActorRef akka://worker/user/watcher/graph/edge/FlameSocketGraphDeployerRear - Stopped
17:11:04.294 [worker-akka.actor.default-dispatcher-2] INFO  a.a.LocalActorRef akka://worker/user/watcher/graph/edge - Stopped
17:11:04.295 [worker-akka.actor.default-dispatcher-2] INFO  a.a.LocalActorRef akka://worker/user/watcher/graph/graph/$a - Stopped
17:11:04.296 [worker-akka.actor.default-dispatcher-2] INFO  a.a.LocalActorRef akka://worker/user/watcher/graph/graph/$b - Stopped
17:11:04.296 [worker-akka.actor.default-dispatcher-2] INFO  a.a.LocalActorRef akka://worker/user/watcher/graph/graph/$c - Stopped
17:11:04.298 [worker-akka.actor.default-dispatcher-3-EventThread] INFO  o.a.z.ClientCnxn  - EventThread shut down for session: 0x1624ea83f70000a
17:11:04.298 [worker-akka.actor.default-dispatcher-12] INFO  o.a.z.ZooKeeper  - Session: 0x1624ea83f70000a closed
17:11:04.299 [worker-akka.actor.default-dispatcher-2] INFO  a.a.LocalActorRef akka://worker/user/watcher/graph/graph/local-acker/$a - Stopped
17:11:04.299 [worker-akka.actor.default-dispatcher-2] INFO  a.a.LocalActorRef akka://worker/user/watcher/graph/graph/local-acker/$a - Message [com.spbsu.flamestream.runtime.utils.akka.PingActor$InnerPing] from Actor[akka://worker/user/watcher/graph/graph/local-acker/$a#796470340] to Actor[akka://worker/user/watcher/graph/graph/local-acker/$a#796470340] was not delivered. [1] dead letters encountered. This logging can be turned off or adjusted with configuration settings 'akka.log-dead-letters' and 'akka.log-dead-letters-during-shutdown'.
17:11:04.300 [worker-akka.actor.default-dispatcher-2] INFO  a.a.LocalActorRef akka://worker/user/watcher/graph/graph/local-acker - Stopped
17:11:04.302 [worker-akka.actor.default-dispatcher-2] INFO  a.a.LocalActorRef akka://worker/user/watcher/graph/graph - Stopped
17:11:04.302 [worker-akka.actor.default-dispatcher-2] INFO  a.a.LocalActorRef akka://worker/user/watcher/graph/graph/local-acker/$a - Message [com.spbsu.flamestream.runtime.utils.akka.PingActor$Stop] from Actor[akka://worker/user/watcher/graph/graph/local-acker#-624349303] to Actor[akka://worker/user/watcher/graph/graph/local-acker/$a#796470340] was not delivered. [2] dead letters encountered. This logging can be turned off or adjusted with configuration settings 'akka.log-dead-letters' and 'akka.log-dead-letters-during-shutdown'.
17:11:04.302 [worker-akka.actor.default-dispatcher-2] INFO  a.a.LocalActorRef akka://worker/user/watcher/graph - Stopped
17:11:04.304 [worker-akka.actor.default-dispatcher-2] INFO  a.a.RepointableActorRef akka://worker/user/watcher - Stopped
17:11:04.313 [worker-akka.actor.default-dispatcher-17] INFO  a.r.RemoteActorRefProvider$RemotingTerminator akka://worker@10.0.0.63:5412/system/remoting-terminator - Shutting down remote daemon.
17:11:04.313 [worker-akka.actor.default-dispatcher-17] INFO  a.r.RemoteActorRefProvider$RemotingTerminator akka://worker@10.0.0.63:5412/system/remoting-terminator - Remote daemon shut down; proceeding with flushing remote transports.
17:11:05.460 [worker-akka.actor.default-dispatcher-6] INFO  a.r.RemoteActorRefProvider$RemotingTerminator akka://worker@10.0.0.63:5412/system/remoting-terminator - Remoting shut down.
Heap
 def new generation   total 153600K, used 83267K [0x00000000e0c00000, 0x00000000eb2a0000, 0x00000000eb2a0000)
  eden space 136576K,  56% used [0x00000000e0c00000, 0x00000000e56de8d8, 0x00000000e9160000)
  from space 17024K,  38% used [0x00000000e9160000, 0x00000000e97d2630, 0x00000000ea200000)
  to   space 17024K,   0% used [0x00000000ea200000, 0x00000000ea200000, 0x00000000eb2a0000)
 tenured generation   total 341376K, used 223835K [0x00000000eb2a0000, 0x0000000100000000, 0x0000000100000000)
   the space 341376K,  65% used [0x00000000eb2a0000, 0x00000000f8d36cf0, 0x00000000f8d36e00, 0x0000000100000000)
 Metaspace       used 33991K, capacity 34894K, committed 35200K, reserved 1079296K
  class space    used 4478K, capacity 4664K, committed 4736K, reserved 1048576K
