12:52:57.560 [worker-akka.actor.default-dispatcher-2] INFO  a.e.s.Slf4jLogger  - Slf4jLogger started
2018-02-19T12:52:57.727+0000: 2.622: [Full GC (Metadata GC Threshold) 2018-02-19T12:52:57.727+0000: 2.622: [Tenured: 0K->15407K(341376K), 0.0391478 secs] 117538K->15407K(494976K), [Metaspace: 20884K->20884K(1067008K)], 0.0392120 secs] [Times: user=0.04 sys=0.00, real=0.03 secs] 
Ama winner
Ama winner
12:52:58.189 [worker-akka.actor.default-dispatcher-2] INFO  a.r.a.ArteryTransport(akka://worker) akka.remote.artery.ArteryTransport(akka://worker) - Started embedded media driver in directory [/dev/shm/aeron-root-worker-930afe81-f31c-4730-a689-caeae20cc877]
12:52:58.408 [worker-akka.actor.default-dispatcher-2] INFO  a.r.a.ArteryTransport(akka://worker) akka.remote.artery.ArteryTransport(akka://worker) - Remoting started; listening on address: [akka://worker@172.31.34.169:5412] with UID [6857419586950887210]
12:52:58.513 [worker-akka.actor.default-dispatcher-2] INFO  o.a.z.ZooKeeper  - Client environment:zookeeper.version=3.4.9-1757313, built on 08/23/2016 06:50 GMT
12:52:58.513 [worker-akka.actor.default-dispatcher-2] INFO  o.a.z.ZooKeeper  - Client environment:host.name=ip-172-31-34-169.us-east-2.compute.internal
12:52:58.513 [worker-akka.actor.default-dispatcher-2] INFO  o.a.z.ZooKeeper  - Client environment:java.version=1.8.0_151
12:52:58.513 [worker-akka.actor.default-dispatcher-2] INFO  o.a.z.ZooKeeper  - Client environment:java.vendor=Oracle Corporation
12:52:58.513 [worker-akka.actor.default-dispatcher-2] INFO  o.a.z.ZooKeeper  - Client environment:java.home=/usr/lib/jvm/java-8-openjdk-amd64/jre
12:52:58.513 [worker-akka.actor.default-dispatcher-2] INFO  o.a.z.ZooKeeper  - Client environment:java.class.path=lib/commons-cli-1.4.jar:lib/minlog-1.3.0.jar:lib/asm-5.0.4.jar:lib/hadoop-annotations-2.7.3.jar:lib/hadoop-auth-2.7.3.jar:lib/akka-slf4j_2.11-2.5.6.jar:lib/jersey-core-1.9.jar:lib/lz4-1.3.0.jar:lib/jackson-core-asl-1.9.13.jar:lib/aeron-client-1.3.0.jar:lib/htrace-core-3.1.0-incubating.jar:lib/xz-1.0.jar:lib/commons-httpclient-3.1.jar:lib/asm-3.1.jar:lib/commons-lang3-3.4.jar:lib/scala-library-2.11.11.jar:lib/scala-java8-compat_2.11-0.7.0.jar:lib/commons-configuration-1.6.jar:lib/objenesis-2.1.jar:lib/jackson-annotations-2.8.0.jar:lib/jsr305-3.0.0.jar:lib/curator-framework-2.7.1.jar:lib/jersey-server-1.9.jar:lib/jets3t-0.9.0.jar:lib/leveldb-0.7.jar:lib/jetty-6.1.26.jar:lib/stax-api-1.0-2.jar:lib/flamestream-core-1.0-SNAPSHOT.jar:lib/reflectasm-1.07-shaded.jar:lib/apacheds-kerberos-codec-2.0.0-M15.jar:lib/api-asn1-api-1.0.0-M20.jar:lib/commons-lang-2.6.jar:lib/commons-beanutils-1.7.0.jar:lib/jackson-xc-1.8.3.jar:lib/jetty-util-6.1.26.jar:lib/logback-classic-1.2.3.jar:lib/jool-0.9.12.jar:lib/flamestream-runtime-1.0-SNAPSHOT-tests.jar:lib/httpcore-4.1.2.jar:lib/kryo-4.0.0.jar:lib/ant-1.8.1.jar:lib/jaxb-impl-2.2.3-1.jar:lib/jersey-json-1.9.jar:lib/commons-compress-1.4.1.jar:lib/leveldbjni-all-1.8.jar:lib/paranamer-2.3.jar:lib/jackson-core-2.8.4.jar:lib/commons-math3-3.6.1.jar:lib/scala-parser-combinators_2.11-1.0.4.jar:lib/netty-3.10.6.Final.jar:lib/trove4j-3.0.3.jar:lib/jaxb-api-2.2.2.jar:lib/logback-core-1.2.3.jar:lib/snappy-java-1.0.4.1.jar:lib/protobuf-java-2.5.0.jar:lib/reactive-streams-1.0.1.jar:lib/flamestream-examples-1.0-SNAPSHOT.jar:lib/commons-codec-1.4.jar:lib/activation-1.1.jar:lib/commons-net-3.1.jar:lib/curator-recipes-2.7.1.jar:lib/jackson-mapper-asl-1.9.13.jar:lib/jackson-databind-2.8.4.jar:lib/flamestream-runtime-1.0-SNAPSHOT.jar:lib/jackson-jaxrs-1.8.3.jar:lib/slf4j-api-1.7.24.jar:lib/akka-remote_2.11-2.5.6.jar:lib/akka-testkit_2.11-2.5.6.jar:lib/jline-0.9.94.jar:lib/akka-stream_2.11-2.5.6.jar:lib/jsp-api-2.1.jar:lib/kryonet-2.21.jar:lib/akka-kryo-serialization_2.11-0.5.0.jar:lib/config-1.3.1.jar:lib/ant-launcher-1.8.1.jar:lib/commons-logging-1.2.jar:lib/ssl-config-core_2.11-0.2.2.jar:lib/testng-6.10.jar:lib/leveldb-api-0.7.jar:lib/reflectasm-1.11.3.jar:lib/jcommander-1.48.jar:lib/commons-1.1.jar:lib/commons-digester-1.8.jar:lib/minlog-1.2.jar:lib/java-xmlbuilder-0.4.jar:lib/jettison-1.1.jar:lib/gson-2.2.4.jar:lib/jdk.tools-1.8.jar:lib/aeron-driver-1.3.0.jar:lib/zookeeper-3.4.9.jar:lib/commons-beanutils-core-1.8.0.jar:lib/commons-math3-3.1.1.jar:lib/akka-actor_2.11-2.5.6.jar:lib/curator-client-2.7.1.jar:lib/servlet-api-2.5.jar:lib/apacheds-i18n-2.0.0-M15.jar:lib/commons-io-2.4.jar:lib/commons-codec-1.6.jar:lib/akka-protobuf_2.11-2.5.6.jar:lib/protobuf-java-3.5.1.jar:lib/jdom-2.0.2.jar:lib/api-util-1.0.0-M20.jar:lib/hadoop-common-2.7.3.jar:lib/agrona-0.9.6.jar:lib/xmlenc-0.52.jar:lib/guava-21.0.jar:lib/commons-collections-3.2.2.jar:lib/avro-1.7.4.jar:lib/httpclient-4.1.2.jar:lib/flamestream-core-1.0-SNAPSHOT-tests.jar:lib/annotations-12.0.jar:lib/jsch-0.1.42.jar:flamestream-runtime-1.0-SNAPSHOT.jar
12:52:58.513 [worker-akka.actor.default-dispatcher-2] INFO  o.a.z.ZooKeeper  - Client environment:java.library.path=/usr/java/packages/lib/amd64:/usr/lib/x86_64-linux-gnu/jni:/lib/x86_64-linux-gnu:/usr/lib/x86_64-linux-gnu:/usr/lib/jni:/lib:/usr/lib
12:52:58.513 [worker-akka.actor.default-dispatcher-2] INFO  o.a.z.ZooKeeper  - Client environment:java.io.tmpdir=/tmp
12:52:58.513 [worker-akka.actor.default-dispatcher-2] INFO  o.a.z.ZooKeeper  - Client environment:java.compiler=<NA>
12:52:58.513 [worker-akka.actor.default-dispatcher-2] INFO  o.a.z.ZooKeeper  - Client environment:os.name=Linux
12:52:58.514 [worker-akka.actor.default-dispatcher-2] INFO  o.a.z.ZooKeeper  - Client environment:os.arch=amd64
12:52:58.514 [worker-akka.actor.default-dispatcher-2] INFO  o.a.z.ZooKeeper  - Client environment:os.version=4.4.0-1049-aws
12:52:58.514 [worker-akka.actor.default-dispatcher-2] INFO  o.a.z.ZooKeeper  - Client environment:user.name=root
12:52:58.515 [worker-akka.actor.default-dispatcher-2] INFO  o.a.z.ZooKeeper  - Client environment:user.home=/root
12:52:58.516 [worker-akka.actor.default-dispatcher-2] INFO  o.a.z.ZooKeeper  - Client environment:user.dir=/opt/flamestream
12:52:58.518 [worker-akka.actor.default-dispatcher-2] INFO  o.a.z.ZooKeeper  - Initiating client connection, connectString=172.31.34.147:2181 sessionTimeout=5000 watcher=com.spbsu.flamestream.runtime.application.LifecycleWatcher$$Lambda$29/2091173542@1b48f905
12:52:58.553 [worker-akka.actor.default-dispatcher-2] INFO  a.a.RepointableActorRef akka://worker/user/watcher - Starting...
12:52:58.556 [worker-akka.actor.default-dispatcher-2-SendThread(172.31.34.147:2181)] INFO  o.a.z.ClientCnxn  - Opening socket connection to server 172.31.34.147/172.31.34.147:2181. Will not attempt to authenticate using SASL (unknown error)
12:52:58.561 [worker-akka.actor.default-dispatcher-2-SendThread(172.31.34.147:2181)] INFO  o.a.z.ClientCnxn  - Socket connection established to 172.31.34.147/172.31.34.147:2181, initiating session
12:52:58.569 [worker-akka.actor.default-dispatcher-2-SendThread(172.31.34.147:2181)] INFO  o.a.z.ClientCnxn  - Session establishment complete on server 172.31.34.147/172.31.34.147:2181, sessionid = 0x161ae1f0755000a, negotiated timeout = 6000
12:52:58.667 [worker-akka.actor.default-dispatcher-2] INFO  a.a.RepointableActorRef akka://worker/user/watcher - Connected to ZK
12:53:07.729 [worker-akka.actor.default-dispatcher-2] INFO  a.a.RepointableActorRef akka://worker/user/watcher - Creating node with watchGraphs: 'com.spbsu.flamestream.core.Graph$Builder$MyGraph@22aae96d', config: 'ClusterConfig{paths={172.31.33.155=akka://worker@172.31.33.155:5412/user/watcher/graph0000000000, 172.31.47.83=akka://worker@172.31.47.83:5412/user/watcher/graph0000000000, 172.31.45.197=akka://worker@172.31.45.197:5412/user/watcher/graph0000000000, 172.31.42.36=akka://worker@172.31.42.36:5412/user/watcher/graph0000000000, 172.31.44.83=akka://worker@172.31.44.83:5412/user/watcher/graph0000000000, 172.31.39.64=akka://worker@172.31.39.64:5412/user/watcher/graph0000000000, 172.31.35.79=akka://worker@172.31.35.79:5412/user/watcher/graph0000000000, 172.31.34.169=akka://worker@172.31.34.169:5412/user/watcher/graph0000000000, 172.31.47.100=akka://worker@172.31.47.100:5412/user/watcher/graph0000000000, 172.31.37.101=akka://worker@172.31.37.101:5412/user/watcher/graph0000000000}, ackerLocation='172.31.35.79', props=ComputationLayout{ranges={172.31.33.155=HashRange{from=-1670265060, to=-1193046472}, 172.31.47.83=HashRange{from=1670265056, to=2147483644}, 172.31.45.197=HashRange{from=-715827884, to=-238609296}, 172.31.42.36=HashRange{from=1193046468, to=1670265056}, 172.31.44.83=HashRange{from=-238609296, to=238609292}, 172.31.39.64=HashRange{from=715827880, to=1193046468}, 172.31.35.79=HashRange{from=0, to=0}, 172.31.34.169=HashRange{from=-2147483648, to=-1670265060}, 172.31.47.100=HashRange{from=238609292, to=715827880}, 172.31.37.101=HashRange{from=-1193046472, to=-715827884}}}}'
12:53:08.638 [worker-akka.actor.default-dispatcher-2] INFO  a.a.LocalActorRef akka://worker/user/watcher/graph0000000000/graph - Starting...
12:53:08.638 [worker-akka.actor.default-dispatcher-2] INFO  a.a.LocalActorRef akka://worker/user/watcher/graph0000000000/graph/local-acker - Starting...
12:53:08.640 [worker-akka.actor.default-dispatcher-2] INFO  a.a.LocalActorRef akka://worker/user/watcher/graph0000000000/graph/local-acker/$a - Starting...
Warning: space is running low in /dev/shm (tmpfs) threshold=167,772,160 usable=158,621,696
Warning: space is running low in /dev/shm (tmpfs) threshold=167,772,160 usable=146,034,688
Warning: space is running low in /dev/shm (tmpfs) threshold=167,772,160 usable=133,447,680
Warning: space is running low in /dev/shm (tmpfs) threshold=167,772,160 usable=120,860,672
Warning: space is running low in /dev/shm (tmpfs) threshold=167,772,160 usable=108,273,664
Warning: space is running low in /dev/shm (tmpfs) threshold=167,772,160 usable=95,686,656
Warning: space is running low in /dev/shm (tmpfs) threshold=167,772,160 usable=83,099,648
Warning: space is running low in /dev/shm (tmpfs) threshold=167,772,160 usable=70,512,640
12:53:10.131 [worker-akka.actor.default-dispatcher-2] INFO  a.a.LocalActorRef akka://worker/user/watcher/graph0000000000/graph - Finishing constructor
12:53:10.132 [worker-akka.actor.default-dispatcher-2] INFO  a.a.LocalActorRef akka://worker/user/watcher/graph0000000000 - Starting...
12:53:10.133 [worker-akka.actor.default-dispatcher-2] INFO  a.a.LocalActorRef akka://worker/user/watcher/graph0000000000/negotiator - Starting...
12:53:10.191 [worker-akka.actor.default-dispatcher-2] INFO  a.a.LocalActorRef akka://worker/user/watcher/graph0000000000/edge - Starting...
12:53:10.192 [worker-akka.actor.default-dispatcher-2] INFO  a.a.LocalActorRef akka://worker/user/watcher/graph0000000000/graph/$a - Starting...
12:53:10.193 [worker-akka.actor.default-dispatcher-2] INFO  a.a.LocalActorRef akka://worker/user/watcher/graph0000000000/graph/$b - Starting...
12:53:10.194 [worker-akka.actor.default-dispatcher-2] INFO  a.a.LocalActorRef akka://worker/user/watcher/graph0000000000/graph/$c - Starting...
12:53:10.222 [worker-akka.actor.default-dispatcher-2] INFO  c.s.f.r.e.s.SocketRear  - FlameSocketGraphDeployerRear@172.31.34.169: connecting to 172.31.34.147:5678
12:53:10.228 [worker-akka.actor.default-dispatcher-2] INFO  c.s.f.r.e.s.SocketRear  - FlameSocketGraphDeployerRear@172.31.34.169: connected to 172.31.34.147:5678
12:53:10.257 [worker-akka.actor.default-dispatcher-2] INFO  a.a.LocalActorRef akka://worker/user/watcher/graph0000000000/edge/FlameSocketGraphDeployerRear - Starting...
12:53:10.257 [worker-akka.actor.default-dispatcher-2] INFO  a.a.LocalActorRef akka://worker/user/watcher/graph0000000000/edge/FlameSocketGraphDeployerFront - Starting...
12:53:10.258 [worker-akka.actor.default-dispatcher-2] INFO  a.a.LocalActorRef akka://worker/user/watcher/graph0000000000/negotiator - Requesting ticket for the frontClass FlameSocketGraphDeployerFront@172.31.34.169
12:53:10.269 [worker-akka.actor.default-dispatcher-2] INFO  a.a.LocalActorRef akka://worker/user/watcher/graph0000000000/negotiator - Ticket for the frontClass received: FrontTicket{allowedTimestamp=(1519044787745, FlameSocketGraphDeployerFront@172.31.34.169)}
12:53:10.269 [worker-akka.actor.default-dispatcher-2] INFO  c.s.f.r.e.s.SocketFront  - FlameSocketGraphDeployerFront@172.31.34.169: connecting to 172.31.34.147:4567
12:53:10.292 [Client] INFO  c.s.f.r.e.s.SocketFront  - FlameSocketGraphDeployerFront@172.31.34.169 has been disconnected from Connection 8
2018-02-19T12:53:14.463+0000: 19.358: [GC (Allocation Failure) 2018-02-19T12:53:14.463+0000: 19.358: [DefNew: 136576K->15438K(153600K), 0.0438622 secs] 151983K->50376K(494976K), 0.0439300 secs] [Times: user=0.04 sys=0.01, real=0.05 secs] 
2018-02-19T12:53:34.119+0000: 39.014: [GC (Allocation Failure) 2018-02-19T12:53:34.119+0000: 39.014: [DefNew: 152014K->3436K(153600K), 0.0170118 secs] 186952K->46033K(494976K), 0.0170773 secs] [Times: user=0.01 sys=0.01, real=0.01 secs] 
2018-02-19T12:53:56.174+0000: 61.068: [GC (Allocation Failure) 2018-02-19T12:53:56.174+0000: 61.068: [DefNew: 140012K->4916K(153600K), 0.0108469 secs] 182609K->47513K(494976K), 0.0109045 secs] [Times: user=0.02 sys=0.00, real=0.01 secs] 
2018-02-19T12:54:20.472+0000: 85.366: [GC (Allocation Failure) 2018-02-19T12:54:20.472+0000: 85.367: [DefNew: 141492K->6962K(153600K), 0.0150192 secs] 184089K->49560K(494976K), 0.0150805 secs] [Times: user=0.00 sys=0.00, real=0.02 secs] 
2018-02-19T12:54:44.761+0000: 109.655: [GC (Allocation Failure) 2018-02-19T12:54:44.761+0000: 109.655: [DefNew: 143538K->8380K(153600K), 0.0141707 secs] 186136K->50978K(494976K), 0.0142261 secs] [Times: user=0.02 sys=0.00, real=0.01 secs] 
2018-02-19T12:55:07.380+0000: 132.275: [GC (Allocation Failure) 2018-02-19T12:55:07.380+0000: 132.275: [DefNew: 144956K->9868K(153600K), 0.0165763 secs] 187554K->52466K(494976K), 0.0166493 secs] [Times: user=0.02 sys=0.00, real=0.01 secs] 
2018-02-19T12:55:30.456+0000: 155.350: [GC (Allocation Failure) 2018-02-19T12:55:30.456+0000: 155.350: [DefNew: 146444K->9519K(153600K), 0.0169560 secs] 189042K->53473K(494976K), 0.0170139 secs] [Times: user=0.02 sys=0.00, real=0.02 secs] 
2018-02-19T12:55:58.459+0000: 183.353: [GC (Allocation Failure) 2018-02-19T12:55:58.459+0000: 183.353: [DefNew: 146095K->9650K(153600K), 0.0283810 secs] 190049K->54578K(494976K), 0.0284422 secs] [Times: user=0.03 sys=0.00, real=0.03 secs] 
2018-02-19T12:56:23.213+0000: 208.107: [GC (Allocation Failure) 2018-02-19T12:56:23.213+0000: 208.107: [DefNew: 146226K->9847K(153600K), 0.0189814 secs] 191154K->55848K(494976K), 0.0190482 secs] [Times: user=0.01 sys=0.00, real=0.02 secs] 
2018-02-19T12:56:43.087+0000: 227.981: [GC (Allocation Failure) 2018-02-19T12:56:43.087+0000: 227.981: [DefNew: 146423K->8575K(153600K), 0.0171144 secs] 192424K->57042K(494976K), 0.0171978 secs] [Times: user=0.02 sys=0.00, real=0.02 secs] 
2018-02-19T12:57:10.193+0000: 255.088: [GC (Allocation Failure) 2018-02-19T12:57:10.193+0000: 255.088: [DefNew: 145151K->8772K(153600K), 0.0159784 secs] 193618K->58371K(494976K), 0.0160477 secs] [Times: user=0.02 sys=0.00, real=0.02 secs] 
2018-02-19T12:57:40.419+0000: 285.313: [GC (Allocation Failure) 2018-02-19T12:57:40.419+0000: 285.313: [DefNew: 145348K->8819K(153600K), 0.0158863 secs] 194947K->59457K(494976K), 0.0159532 secs] [Times: user=0.01 sys=0.01, real=0.01 secs] 
2018-02-19T12:58:06.907+0000: 311.801: [GC (Allocation Failure) 2018-02-19T12:58:06.907+0000: 311.801: [DefNew: 145395K->8660K(153600K), 0.0156296 secs] 196033K->60836K(494976K), 0.0157344 secs] [Times: user=0.01 sys=0.00, real=0.01 secs] 
2018-02-19T12:58:34.690+0000: 339.584: [GC (Allocation Failure) 2018-02-19T12:58:34.690+0000: 339.584: [DefNew: 145236K->8977K(153600K), 0.0172754 secs] 197412K->62141K(494976K), 0.0173386 secs] [Times: user=0.02 sys=0.00, real=0.02 secs] 
2018-02-19T12:59:00.275+0000: 365.169: [GC (Allocation Failure) 2018-02-19T12:59:00.275+0000: 365.170: [DefNew: 145553K->9055K(153600K), 0.0157317 secs] 198717K->63337K(494976K), 0.0157913 secs] [Times: user=0.01 sys=0.01, real=0.02 secs] 
2018-02-19T12:59:25.704+0000: 390.598: [GC (Allocation Failure) 2018-02-19T12:59:25.704+0000: 390.598: [DefNew: 145631K->9044K(153600K), 0.0163524 secs] 199913K->64377K(494976K), 0.0164276 secs] [Times: user=0.02 sys=0.00, real=0.02 secs] 
2018-02-19T12:59:50.559+0000: 415.454: [GC (Allocation Failure) 2018-02-19T12:59:50.559+0000: 415.454: [DefNew: 145620K->9067K(153600K), 0.0160673 secs] 200953K->65574K(494976K), 0.0161274 secs] [Times: user=0.01 sys=0.00, real=0.01 secs] 
2018-02-19T13:00:16.386+0000: 441.280: [GC (Allocation Failure) 2018-02-19T13:00:16.386+0000: 441.281: [DefNew: 145643K->9738K(153600K), 0.0173824 secs] 202150K->67380K(494976K), 0.0174619 secs] [Times: user=0.01 sys=0.01, real=0.02 secs] 
2018-02-19T13:00:40.923+0000: 465.817: [GC (Allocation Failure) 2018-02-19T13:00:40.923+0000: 465.817: [DefNew: 146314K->8213K(153600K), 0.0165691 secs] 203956K->67917K(494976K), 0.0166312 secs] [Times: user=0.01 sys=0.00, real=0.02 secs] 
2018-02-19T13:01:10.087+0000: 494.981: [GC (Allocation Failure) 2018-02-19T13:01:10.087+0000: 494.981: [DefNew: 144789K->9376K(153600K), 0.0142585 secs] 204493K->69079K(494976K), 0.0143210 secs] [Times: user=0.02 sys=0.00, real=0.01 secs] 
2018-02-19T13:01:31.814+0000: 516.708: [GC (Allocation Failure) 2018-02-19T13:01:31.814+0000: 516.708: [DefNew: 145952K->9347K(153600K), 0.0158386 secs] 205655K->70127K(494976K), 0.0159139 secs] [Times: user=0.01 sys=0.00, real=0.02 secs] 
2018-02-19T13:01:54.820+0000: 539.714: [GC (Allocation Failure) 2018-02-19T13:01:54.820+0000: 539.714: [DefNew: 145923K->10041K(153600K), 0.0214941 secs] 206703K->71812K(494976K), 0.0216094 secs] [Times: user=0.01 sys=0.02, real=0.02 secs] 
2018-02-19T13:02:12.233+0000: 557.127: [GC (Allocation Failure) 2018-02-19T13:02:12.233+0000: 557.127: [DefNew: 146617K->8786K(153600K), 0.0181558 secs] 208388K->72770K(494976K), 0.0182175 secs] [Times: user=0.01 sys=0.00, real=0.02 secs] 
2018-02-19T13:02:35.433+0000: 580.327: [GC (Allocation Failure) 2018-02-19T13:02:35.433+0000: 580.327: [DefNew: 145362K->10202K(153600K), 0.0178449 secs] 209346K->75235K(494976K), 0.0179290 secs] [Times: user=0.01 sys=0.00, real=0.02 secs] 
2018-02-19T13:02:58.733+0000: 603.627: [GC (Allocation Failure) 2018-02-19T13:02:58.733+0000: 603.627: [DefNew: 146778K->8524K(153600K), 0.0166704 secs] 211811K->76177K(494976K), 0.0167296 secs] [Times: user=0.02 sys=0.00, real=0.02 secs] 
2018-02-19T13:03:20.868+0000: 625.763: [GC (Allocation Failure) 2018-02-19T13:03:20.868+0000: 625.763: [DefNew: 145100K->8185K(153600K), 0.0158821 secs] 212753K->78061K(494976K), 0.0159452 secs] [Times: user=0.00 sys=0.01, real=0.01 secs] 
2018-02-19T13:03:43.813+0000: 648.708: [GC (Allocation Failure) 2018-02-19T13:03:43.813+0000: 648.708: [DefNew: 144761K->9589K(153600K), 0.0148011 secs] 214637K->79465K(494976K), 0.0148718 secs] [Times: user=0.02 sys=0.00, real=0.02 secs] 
2018-02-19T13:04:08.706+0000: 673.601: [GC (Allocation Failure) 2018-02-19T13:04:08.706+0000: 673.601: [DefNew: 146165K->9398K(153600K), 0.0159324 secs] 216041K->80411K(494976K), 0.0159942 secs] [Times: user=0.02 sys=0.00, real=0.02 secs] 
2018-02-19T13:04:33.083+0000: 697.977: [GC (Allocation Failure) 2018-02-19T13:04:33.083+0000: 697.977: [DefNew: 145974K->9429K(153600K), 0.0170673 secs] 216987K->81586K(494976K), 0.0171284 secs] [Times: user=0.01 sys=0.01, real=0.02 secs] 
2018-02-19T13:04:53.113+0000: 718.007: [GC (Allocation Failure) 2018-02-19T13:04:53.113+0000: 718.007: [DefNew: 146005K->9625K(153600K), 0.0178516 secs] 218162K->82946K(494976K), 0.0179258 secs] [Times: user=0.00 sys=0.01, real=0.02 secs] 
2018-02-19T13:05:17.623+0000: 742.518: [GC (Allocation Failure) 2018-02-19T13:05:17.623+0000: 742.518: [DefNew: 146201K->9712K(153600K), 0.0155764 secs] 219522K->84137K(494976K), 0.0156386 secs] [Times: user=0.01 sys=0.00, real=0.02 secs] 
2018-02-19T13:05:39.695+0000: 764.590: [GC (Allocation Failure) 2018-02-19T13:05:39.695+0000: 764.590: [DefNew: 146288K->10505K(153600K), 0.0183203 secs] 220713K->85946K(494976K), 0.0183823 secs] [Times: user=0.02 sys=0.00, real=0.02 secs] 
2018-02-19T13:06:03.203+0000: 788.097: [GC (Allocation Failure) 2018-02-19T13:06:03.203+0000: 788.097: [DefNew: 147081K->9486K(153600K), 0.0183617 secs] 222522K->87360K(494976K), 0.0184353 secs] [Times: user=0.01 sys=0.00, real=0.02 secs] 
2018-02-19T13:06:27.015+0000: 811.909: [GC (Allocation Failure) 2018-02-19T13:06:27.015+0000: 811.909: [DefNew: 146062K->9513K(153600K), 0.0173093 secs] 223936K->88955K(494976K), 0.0173864 secs] [Times: user=0.01 sys=0.00, real=0.02 secs] 
2018-02-19T13:06:48.585+0000: 833.479: [GC (Allocation Failure) 2018-02-19T13:06:48.585+0000: 833.479: [DefNew: 146089K->9042K(153600K), 0.0281554 secs] 225531K->90394K(494976K), 0.0282150 secs] [Times: user=0.00 sys=0.03, real=0.03 secs] 
2018-02-19T13:07:11.819+0000: 856.714: [GC (Allocation Failure) 2018-02-19T13:07:11.819+0000: 856.714: [DefNew: 145618K->9501K(153600K), 0.0158263 secs] 226970K->92273K(494976K), 0.0159021 secs] [Times: user=0.02 sys=0.00, real=0.01 secs] 
2018-02-19T13:07:35.263+0000: 880.157: [GC (Allocation Failure) 2018-02-19T13:07:35.263+0000: 880.157: [DefNew: 146077K->9503K(153600K), 0.0169470 secs] 228849K->93750K(494976K), 0.0170392 secs] [Times: user=0.02 sys=0.00, real=0.02 secs] 
2018-02-19T13:07:58.232+0000: 903.127: [GC (Allocation Failure) 2018-02-19T13:07:58.232+0000: 903.127: [DefNew: 146079K->9319K(153600K), 0.0169548 secs] 230326K->95109K(494976K), 0.0170198 secs] [Times: user=0.02 sys=0.00, real=0.02 secs] 
2018-02-19T13:08:22.114+0000: 927.009: [GC (Allocation Failure) 2018-02-19T13:08:22.114+0000: 927.009: [DefNew: 145895K->9704K(153600K), 0.0160377 secs] 231685K->96882K(494976K), 0.0161008 secs] [Times: user=0.01 sys=0.00, real=0.02 secs] 
2018-02-19T13:08:49.571+0000: 954.465: [GC (Allocation Failure) 2018-02-19T13:08:49.571+0000: 954.465: [DefNew: 146280K->10157K(153600K), 0.0173077 secs] 233458K->98670K(494976K), 0.0173716 secs] [Times: user=0.00 sys=0.01, real=0.02 secs] 
2018-02-19T13:09:12.681+0000: 977.575: [GC (Allocation Failure) 2018-02-19T13:09:12.681+0000: 977.575: [DefNew: 146733K->10279K(153600K), 0.0174485 secs] 235246K->100255K(494976K), 0.0175142 secs] [Times: user=0.02 sys=0.00, real=0.01 secs] 
2018-02-19T13:09:33.263+0000: 998.158: [GC (Allocation Failure) 2018-02-19T13:09:33.263+0000: 998.158: [DefNew: 146855K->10068K(153600K), 0.0170367 secs] 236831K->101666K(494976K), 0.0171002 secs] [Times: user=0.02 sys=0.00, real=0.02 secs] 
2018-02-19T13:09:57.385+0000: 1022.280: [GC (Allocation Failure) 2018-02-19T13:09:57.385+0000: 1022.280: [DefNew: 146644K->10514K(153600K), 0.0159550 secs] 238242K->103440K(494976K), 0.0160149 secs] [Times: user=0.01 sys=0.00, real=0.02 secs] 
13:10:18.163 [Client] INFO  c.s.f.r.e.s.SocketRear  - FlameSocketGraphDeployerRear@172.31.34.169: has been disconnected from Connection 8
13:10:32.287 [worker-akka.actor.default-dispatcher-2] INFO  a.a.CoordinatedShutdown CoordinatedShutdown(akka://worker) - Starting coordinated shutdown from JVM shutdown hook
13:10:32.334 [worker-akka.actor.default-dispatcher-2] INFO  a.a.LocalActorRef akka://worker/user/watcher/graph0000000000/negotiator - Stopped
13:10:32.335 [worker-akka.actor.default-dispatcher-2] INFO  a.a.LocalActorRef akka://worker/user/watcher/graph0000000000/graph/local-acker/$a - Stopped
2018-02-19T13:10:32.338+0000: 1057.232: [GC (Allocation Failure) 2018-02-19T13:10:32.338+0000: 1057.232: [DefNew: 147090K->10747K(153600K), 0.0217048 secs] 240016K->105217K(494976K), 0.0217599 secs] [Times: user=0.02 sys=0.00, real=0.03 secs] 
13:10:32.336 [worker-akka.actor.default-dispatcher-2] INFO  a.a.LocalActorRef akka://worker/user/watcher/graph0000000000/edge/FlameSocketGraphDeployerFront - Stopped
13:10:32.360 [worker-akka.actor.default-dispatcher-2] INFO  a.a.LocalActorRef akka://worker/user/watcher/graph0000000000/edge/FlameSocketGraphDeployerRear - Stopped
13:10:32.360 [worker-akka.actor.default-dispatcher-2] INFO  a.a.LocalActorRef akka://worker/user/watcher/graph0000000000/graph/$a - Stopped
13:10:32.360 [worker-akka.actor.default-dispatcher-2] INFO  a.a.LocalActorRef akka://worker/user/watcher/graph0000000000/graph/$b - Stopped
13:10:32.361 [worker-akka.actor.default-dispatcher-2] INFO  a.a.LocalActorRef akka://worker/user/watcher/graph0000000000/graph/local-acker/$a - Message [com.spbsu.flamestream.runtime.utils.akka.PingActor$InnerPing] from Actor[akka://worker/user/watcher/graph0000000000/graph/local-acker/$a#-557496541] to Actor[akka://worker/user/watcher/graph0000000000/graph/local-acker/$a#-557496541] was not delivered. [1] dead letters encountered. This logging can be turned off or adjusted with configuration settings 'akka.log-dead-letters' and 'akka.log-dead-letters-during-shutdown'.
13:10:32.363 [worker-akka.actor.default-dispatcher-2] INFO  a.a.LocalActorRef akka://worker/user/watcher/graph0000000000/graph/local-acker - Stopped
13:10:32.364 [worker-akka.actor.default-dispatcher-2] INFO  a.a.LocalActorRef akka://worker/user/watcher/graph0000000000/graph/$c - Stopped
13:10:32.372 [worker-akka.actor.default-dispatcher-2-EventThread] INFO  o.a.z.ClientCnxn  - EventThread shut down for session: 0x161ae1f0755000a
13:10:32.373 [worker-akka.actor.default-dispatcher-2] INFO  o.a.z.ZooKeeper  - Session: 0x161ae1f0755000a closed
13:10:32.375 [worker-akka.actor.default-dispatcher-2] INFO  a.a.LocalActorRef akka://worker/user/watcher/graph0000000000/edge - Stopped
13:10:32.375 [worker-akka.actor.default-dispatcher-2] INFO  a.a.LocalActorRef akka://worker/user/watcher/graph0000000000/graph - Stopped
13:10:32.375 [worker-akka.actor.default-dispatcher-2] INFO  a.a.LocalActorRef akka://worker/user/watcher/graph0000000000 - Stopped
13:10:32.376 [worker-akka.actor.default-dispatcher-2] INFO  a.a.LocalActorRef akka://worker/user/watcher/graph0000000000/graph/local-acker/$a - Message [com.spbsu.flamestream.runtime.utils.akka.PingActor$Stop] from Actor[akka://worker/user/watcher/graph0000000000/graph/local-acker#-2062986101] to Actor[akka://worker/user/watcher/graph0000000000/graph/local-acker/$a#-557496541] was not delivered. [2] dead letters encountered. This logging can be turned off or adjusted with configuration settings 'akka.log-dead-letters' and 'akka.log-dead-letters-during-shutdown'.
13:10:32.376 [worker-akka.actor.default-dispatcher-2] INFO  a.a.LocalActorRef akka://worker/user/watcher/graph0000000000/graph/local-acker - Message [com.spbsu.flamestream.runtime.acker.LocalAcker$Flush] from Actor[akka://worker/user/watcher/graph0000000000/graph/local-acker#-2062986101] to Actor[akka://worker/user/watcher/graph0000000000/graph/local-acker#-2062986101] was not delivered. [3] dead letters encountered. This logging can be turned off or adjusted with configuration settings 'akka.log-dead-letters' and 'akka.log-dead-letters-during-shutdown'.
13:10:32.376 [worker-akka.actor.default-dispatcher-2] INFO  a.a.LocalActorRef akka://worker/user/watcher/graph0000000000/graph/local-acker - Message [com.spbsu.flamestream.runtime.acker.LocalAcker$Flush] from Actor[akka://worker/user/watcher/graph0000000000/graph/local-acker#-2062986101] to Actor[akka://worker/user/watcher/graph0000000000/graph/local-acker#-2062986101] was not delivered. [4] dead letters encountered. This logging can be turned off or adjusted with configuration settings 'akka.log-dead-letters' and 'akka.log-dead-letters-during-shutdown'.
13:10:32.378 [worker-akka.actor.default-dispatcher-2] INFO  a.a.LocalActorRef akka://worker/user/watcher/graph0000000000/graph/local-acker - Message [com.spbsu.flamestream.runtime.acker.LocalAcker$Flush] from Actor[akka://worker/user/watcher/graph0000000000/graph/local-acker#-2062986101] to Actor[akka://worker/user/watcher/graph0000000000/graph/local-acker#-2062986101] was not delivered. [5] dead letters encountered. This logging can be turned off or adjusted with configuration settings 'akka.log-dead-letters' and 'akka.log-dead-letters-during-shutdown'.
13:10:32.379 [worker-akka.actor.default-dispatcher-2] INFO  a.a.LocalActorRef akka://worker/user/watcher/graph0000000000/graph/local-acker - Message [com.spbsu.flamestream.runtime.acker.LocalAcker$Flush] from Actor[akka://worker/user/watcher/graph0000000000/graph/local-acker#-2062986101] to Actor[akka://worker/user/watcher/graph0000000000/graph/local-acker#-2062986101] was not delivered. [6] dead letters encountered. This logging can be turned off or adjusted with configuration settings 'akka.log-dead-letters' and 'akka.log-dead-letters-during-shutdown'.
13:10:32.380 [worker-akka.actor.default-dispatcher-2] INFO  a.a.LocalActorRef akka://worker/user/watcher/graph0000000000/graph/local-acker - Message [com.spbsu.flamestream.runtime.acker.LocalAcker$Flush] from Actor[akka://worker/user/watcher/graph0000000000/graph/local-acker#-2062986101] to Actor[akka://worker/user/watcher/graph0000000000/graph/local-acker#-2062986101] was not delivered. [7] dead letters encountered. This logging can be turned off or adjusted with configuration settings 'akka.log-dead-letters' and 'akka.log-dead-letters-during-shutdown'.
13:10:32.380 [worker-akka.actor.default-dispatcher-2] INFO  a.a.LocalActorRef akka://worker/user/watcher/graph0000000000/graph/local-acker - Message [com.spbsu.flamestream.runtime.acker.LocalAcker$Flush] from Actor[akka://worker/user/watcher/graph0000000000/graph/local-acker#-2062986101] to Actor[akka://worker/user/watcher/graph0000000000/graph/local-acker#-2062986101] was not delivered. [8] dead letters encountered. This logging can be turned off or adjusted with configuration settings 'akka.log-dead-letters' and 'akka.log-dead-letters-during-shutdown'.
13:10:32.387 [worker-akka.actor.default-dispatcher-2] INFO  a.a.LocalActorRef akka://worker/user/watcher/graph0000000000/graph/local-acker - Message [com.spbsu.flamestream.runtime.acker.LocalAcker$Flush] from Actor[akka://worker/user/watcher/graph0000000000/graph/local-acker#-2062986101] to Actor[akka://worker/user/watcher/graph0000000000/graph/local-acker#-2062986101] was not delivered. [9] dead letters encountered. This logging can be turned off or adjusted with configuration settings 'akka.log-dead-letters' and 'akka.log-dead-letters-during-shutdown'.
13:10:32.387 [worker-akka.actor.default-dispatcher-2] INFO  a.a.LocalActorRef akka://worker/user/watcher/graph0000000000/graph/local-acker - Message [com.spbsu.flamestream.runtime.acker.LocalAcker$Flush] from Actor[akka://worker/user/watcher/graph0000000000/graph/local-acker#-2062986101] to Actor[akka://worker/user/watcher/graph0000000000/graph/local-acker#-2062986101] was not delivered. [10] dead letters encountered. This logging can be turned off or adjusted with configuration settings 'akka.log-dead-letters' and 'akka.log-dead-letters-during-shutdown'.
13:10:32.388 [worker-akka.actor.default-dispatcher-2] INFO  a.a.LocalActorRef akka://worker/user/watcher/graph0000000000/graph/local-acker - Message [com.spbsu.flamestream.runtime.acker.LocalAcker$Flush] from Actor[akka://worker/user/watcher/graph0000000000/graph/local-acker#-2062986101] to Actor[akka://worker/user/watcher/graph0000000000/graph/local-acker#-2062986101] was not delivered. [11] dead letters encountered. This logging can be turned off or adjusted with configuration settings 'akka.log-dead-letters' and 'akka.log-dead-letters-during-shutdown'.
13:10:32.391 [worker-akka.actor.default-dispatcher-2] INFO  a.a.RepointableActorRef akka://worker/user/watcher - Stopped
13:10:32.392 [worker-akka.actor.default-dispatcher-2] INFO  a.a.LocalActorRef akka://worker/user/watcher/graph0000000000/graph/local-acker - Message [com.spbsu.flamestream.runtime.acker.LocalAcker$Flush] from Actor[akka://worker/user/watcher/graph0000000000/graph/local-acker#-2062986101] to Actor[akka://worker/user/watcher/graph0000000000/graph/local-acker#-2062986101] was not delivered. [12] dead letters encountered. This logging can be turned off or adjusted with configuration settings 'akka.log-dead-letters' and 'akka.log-dead-letters-during-shutdown'.
13:10:32.404 [worker-akka.actor.default-dispatcher-2] INFO  a.r.RemoteActorRefProvider$RemotingTerminator akka://worker@172.31.34.169:5412/system/remoting-terminator - Shutting down remote daemon.
13:10:32.407 [worker-akka.actor.default-dispatcher-2] INFO  a.r.RemoteActorRefProvider$RemotingTerminator akka://worker@172.31.34.169:5412/system/remoting-terminator - Remote daemon shut down; proceeding with flushing remote transports.
13:10:33.561 [worker-akka.actor.default-dispatcher-2] INFO  a.r.RemoteActorRefProvider$RemotingTerminator akka://worker@172.31.34.169:5412/system/remoting-terminator - Remoting shut down.
Heap
 def new generation   total 153600K, used 17981K [0x00000000e0c00000, 0x00000000eb2a0000, 0x00000000eb2a0000)
  eden space 136576K,   5% used [0x00000000e0c00000, 0x00000000e1310738, 0x00000000e9160000)
  from space 17024K,  63% used [0x00000000e9160000, 0x00000000e9bdefa0, 0x00000000ea200000)
  to   space 17024K,   0% used [0x00000000ea200000, 0x00000000ea200000, 0x00000000eb2a0000)
 tenured generation   total 341376K, used 94469K [0x00000000eb2a0000, 0x0000000100000000, 0x0000000100000000)
   the space 341376K,  27% used [0x00000000eb2a0000, 0x00000000f0ee1760, 0x00000000f0ee1800, 0x0000000100000000)
 Metaspace       used 33578K, capacity 34358K, committed 34688K, reserved 1079296K
  class space    used 4457K, capacity 4624K, committed 4736K, reserved 1048576K
