14:11:23.769 [worker-akka.actor.default-dispatcher-2] INFO  a.e.s.Slf4jLogger  - Slf4jLogger started
2018-02-19T14:11:23.945+0000: 2.656: [Full GC (Metadata GC Threshold) 2018-02-19T14:11:23.945+0000: 2.656: [Tenured: 0K->15416K(341376K), 0.0391198 secs] 117538K->15416K(494976K), [Metaspace: 20868K->20868K(1067008K)], 0.0391846 secs] [Times: user=0.03 sys=0.00, real=0.03 secs] 
Ama winner
Ama winner
14:11:24.415 [worker-akka.actor.default-dispatcher-2] INFO  a.r.a.ArteryTransport(akka://worker) akka.remote.artery.ArteryTransport(akka://worker) - Started embedded media driver in directory [/dev/shm/aeron-root-worker-149cdcd1-ad51-47bf-8ebf-c4088c5b851a]
14:11:24.641 [worker-akka.actor.default-dispatcher-2] INFO  a.r.a.ArteryTransport(akka://worker) akka.remote.artery.ArteryTransport(akka://worker) - Remoting started; listening on address: [akka://worker@172.31.47.83:5412] with UID [5249043731670107001]
14:11:24.744 [worker-akka.actor.default-dispatcher-2] INFO  o.a.z.ZooKeeper  - Client environment:zookeeper.version=3.4.9-1757313, built on 08/23/2016 06:50 GMT
14:11:24.745 [worker-akka.actor.default-dispatcher-2] INFO  o.a.z.ZooKeeper  - Client environment:host.name=ip-172-31-47-83.us-east-2.compute.internal
14:11:24.745 [worker-akka.actor.default-dispatcher-2] INFO  o.a.z.ZooKeeper  - Client environment:java.version=1.8.0_151
14:11:24.745 [worker-akka.actor.default-dispatcher-2] INFO  o.a.z.ZooKeeper  - Client environment:java.vendor=Oracle Corporation
14:11:24.745 [worker-akka.actor.default-dispatcher-2] INFO  o.a.z.ZooKeeper  - Client environment:java.home=/usr/lib/jvm/java-8-openjdk-amd64/jre
14:11:24.745 [worker-akka.actor.default-dispatcher-2] INFO  o.a.z.ZooKeeper  - Client environment:java.class.path=lib/commons-cli-1.4.jar:lib/minlog-1.3.0.jar:lib/asm-5.0.4.jar:lib/hadoop-annotations-2.7.3.jar:lib/hadoop-auth-2.7.3.jar:lib/akka-slf4j_2.11-2.5.6.jar:lib/jersey-core-1.9.jar:lib/lz4-1.3.0.jar:lib/jackson-core-asl-1.9.13.jar:lib/aeron-client-1.3.0.jar:lib/htrace-core-3.1.0-incubating.jar:lib/xz-1.0.jar:lib/commons-httpclient-3.1.jar:lib/asm-3.1.jar:lib/commons-lang3-3.4.jar:lib/scala-library-2.11.11.jar:lib/scala-java8-compat_2.11-0.7.0.jar:lib/commons-configuration-1.6.jar:lib/objenesis-2.1.jar:lib/jackson-annotations-2.8.0.jar:lib/jsr305-3.0.0.jar:lib/curator-framework-2.7.1.jar:lib/jersey-server-1.9.jar:lib/jets3t-0.9.0.jar:lib/leveldb-0.7.jar:lib/jetty-6.1.26.jar:lib/stax-api-1.0-2.jar:lib/flamestream-core-1.0-SNAPSHOT.jar:lib/reflectasm-1.07-shaded.jar:lib/apacheds-kerberos-codec-2.0.0-M15.jar:lib/api-asn1-api-1.0.0-M20.jar:lib/commons-lang-2.6.jar:lib/commons-beanutils-1.7.0.jar:lib/jackson-xc-1.8.3.jar:lib/jetty-util-6.1.26.jar:lib/logback-classic-1.2.3.jar:lib/jool-0.9.12.jar:lib/flamestream-runtime-1.0-SNAPSHOT-tests.jar:lib/httpcore-4.1.2.jar:lib/kryo-4.0.0.jar:lib/ant-1.8.1.jar:lib/jaxb-impl-2.2.3-1.jar:lib/jersey-json-1.9.jar:lib/commons-compress-1.4.1.jar:lib/leveldbjni-all-1.8.jar:lib/paranamer-2.3.jar:lib/jackson-core-2.8.4.jar:lib/commons-math3-3.6.1.jar:lib/scala-parser-combinators_2.11-1.0.4.jar:lib/netty-3.10.6.Final.jar:lib/trove4j-3.0.3.jar:lib/jaxb-api-2.2.2.jar:lib/logback-core-1.2.3.jar:lib/snappy-java-1.0.4.1.jar:lib/protobuf-java-2.5.0.jar:lib/reactive-streams-1.0.1.jar:lib/flamestream-examples-1.0-SNAPSHOT.jar:lib/commons-codec-1.4.jar:lib/activation-1.1.jar:lib/commons-net-3.1.jar:lib/curator-recipes-2.7.1.jar:lib/jackson-mapper-asl-1.9.13.jar:lib/jackson-databind-2.8.4.jar:lib/flamestream-runtime-1.0-SNAPSHOT.jar:lib/jackson-jaxrs-1.8.3.jar:lib/slf4j-api-1.7.24.jar:lib/akka-remote_2.11-2.5.6.jar:lib/akka-testkit_2.11-2.5.6.jar:lib/jline-0.9.94.jar:lib/akka-stream_2.11-2.5.6.jar:lib/jsp-api-2.1.jar:lib/kryonet-2.21.jar:lib/akka-kryo-serialization_2.11-0.5.0.jar:lib/config-1.3.1.jar:lib/ant-launcher-1.8.1.jar:lib/commons-logging-1.2.jar:lib/ssl-config-core_2.11-0.2.2.jar:lib/testng-6.10.jar:lib/leveldb-api-0.7.jar:lib/reflectasm-1.11.3.jar:lib/jcommander-1.48.jar:lib/commons-1.1.jar:lib/commons-digester-1.8.jar:lib/minlog-1.2.jar:lib/java-xmlbuilder-0.4.jar:lib/jettison-1.1.jar:lib/gson-2.2.4.jar:lib/jdk.tools-1.8.jar:lib/aeron-driver-1.3.0.jar:lib/zookeeper-3.4.9.jar:lib/commons-beanutils-core-1.8.0.jar:lib/commons-math3-3.1.1.jar:lib/akka-actor_2.11-2.5.6.jar:lib/curator-client-2.7.1.jar:lib/servlet-api-2.5.jar:lib/apacheds-i18n-2.0.0-M15.jar:lib/commons-io-2.4.jar:lib/commons-codec-1.6.jar:lib/akka-protobuf_2.11-2.5.6.jar:lib/protobuf-java-3.5.1.jar:lib/jdom-2.0.2.jar:lib/api-util-1.0.0-M20.jar:lib/hadoop-common-2.7.3.jar:lib/agrona-0.9.6.jar:lib/xmlenc-0.52.jar:lib/guava-21.0.jar:lib/commons-collections-3.2.2.jar:lib/avro-1.7.4.jar:lib/httpclient-4.1.2.jar:lib/flamestream-core-1.0-SNAPSHOT-tests.jar:lib/annotations-12.0.jar:lib/jsch-0.1.42.jar:flamestream-runtime-1.0-SNAPSHOT.jar
14:11:24.745 [worker-akka.actor.default-dispatcher-2] INFO  o.a.z.ZooKeeper  - Client environment:java.library.path=/usr/java/packages/lib/amd64:/usr/lib/x86_64-linux-gnu/jni:/lib/x86_64-linux-gnu:/usr/lib/x86_64-linux-gnu:/usr/lib/jni:/lib:/usr/lib
14:11:24.745 [worker-akka.actor.default-dispatcher-2] INFO  o.a.z.ZooKeeper  - Client environment:java.io.tmpdir=/tmp
14:11:24.745 [worker-akka.actor.default-dispatcher-2] INFO  o.a.z.ZooKeeper  - Client environment:java.compiler=<NA>
14:11:24.745 [worker-akka.actor.default-dispatcher-2] INFO  o.a.z.ZooKeeper  - Client environment:os.name=Linux
14:11:24.745 [worker-akka.actor.default-dispatcher-2] INFO  o.a.z.ZooKeeper  - Client environment:os.arch=amd64
14:11:24.746 [worker-akka.actor.default-dispatcher-2] INFO  o.a.z.ZooKeeper  - Client environment:os.version=4.4.0-1049-aws
14:11:24.746 [worker-akka.actor.default-dispatcher-2] INFO  o.a.z.ZooKeeper  - Client environment:user.name=root
14:11:24.748 [worker-akka.actor.default-dispatcher-2] INFO  o.a.z.ZooKeeper  - Client environment:user.home=/root
14:11:24.748 [worker-akka.actor.default-dispatcher-2] INFO  o.a.z.ZooKeeper  - Client environment:user.dir=/opt/flamestream
14:11:24.752 [worker-akka.actor.default-dispatcher-2] INFO  o.a.z.ZooKeeper  - Initiating client connection, connectString=172.31.34.147:2181 sessionTimeout=5000 watcher=com.spbsu.flamestream.runtime.application.LifecycleWatcher$$Lambda$29/764839090@3d5d5f13
14:11:24.787 [worker-akka.actor.default-dispatcher-2] INFO  a.a.RepointableActorRef akka://worker/user/watcher - Starting...
14:11:24.790 [worker-akka.actor.default-dispatcher-2-SendThread(172.31.34.147:2181)] INFO  o.a.z.ClientCnxn  - Opening socket connection to server 172.31.34.147/172.31.34.147:2181. Will not attempt to authenticate using SASL (unknown error)
14:11:24.794 [worker-akka.actor.default-dispatcher-2-SendThread(172.31.34.147:2181)] INFO  o.a.z.ClientCnxn  - Socket connection established to 172.31.34.147/172.31.34.147:2181, initiating session
14:11:24.802 [worker-akka.actor.default-dispatcher-2-SendThread(172.31.34.147:2181)] INFO  o.a.z.ClientCnxn  - Session establishment complete on server 172.31.34.147/172.31.34.147:2181, sessionid = 0x161ae66be2d000c, negotiated timeout = 6000
14:11:24.902 [worker-akka.actor.default-dispatcher-2] INFO  a.a.RepointableActorRef akka://worker/user/watcher - Connected to ZK
14:11:33.895 [worker-akka.actor.default-dispatcher-2] INFO  a.a.RepointableActorRef akka://worker/user/watcher - Creating node with watchGraphs: 'com.spbsu.flamestream.core.Graph$Builder$MyGraph@4084ed8a', config: 'ClusterConfig{paths={172.31.33.155=akka://worker@172.31.33.155:5412/user/watcher/graph0000000000, 172.31.47.83=akka://worker@172.31.47.83:5412/user/watcher/graph0000000000, 172.31.45.197=akka://worker@172.31.45.197:5412/user/watcher/graph0000000000, 172.31.42.36=akka://worker@172.31.42.36:5412/user/watcher/graph0000000000, 172.31.44.83=akka://worker@172.31.44.83:5412/user/watcher/graph0000000000, 172.31.39.64=akka://worker@172.31.39.64:5412/user/watcher/graph0000000000, 172.31.35.79=akka://worker@172.31.35.79:5412/user/watcher/graph0000000000, 172.31.34.169=akka://worker@172.31.34.169:5412/user/watcher/graph0000000000, 172.31.47.100=akka://worker@172.31.47.100:5412/user/watcher/graph0000000000, 172.31.37.101=akka://worker@172.31.37.101:5412/user/watcher/graph0000000000}, ackerLocation='172.31.35.79', props=ComputationLayout{ranges={172.31.33.155=HashRange{from=-1670265060, to=-1193046472}, 172.31.47.83=HashRange{from=1670265056, to=2147483644}, 172.31.45.197=HashRange{from=-715827884, to=-238609296}, 172.31.42.36=HashRange{from=1193046468, to=1670265056}, 172.31.44.83=HashRange{from=-238609296, to=238609292}, 172.31.39.64=HashRange{from=715827880, to=1193046468}, 172.31.35.79=HashRange{from=0, to=0}, 172.31.34.169=HashRange{from=-2147483648, to=-1670265060}, 172.31.47.100=HashRange{from=238609292, to=715827880}, 172.31.37.101=HashRange{from=-1193046472, to=-715827884}}}}'
14:11:34.693 [worker-akka.actor.default-dispatcher-2] INFO  a.a.LocalActorRef akka://worker/user/watcher/graph0000000000/graph - Starting...
14:11:34.695 [worker-akka.actor.default-dispatcher-2] INFO  a.a.LocalActorRef akka://worker/user/watcher/graph0000000000/graph/local-acker/$a - Starting...
14:11:34.696 [worker-akka.actor.default-dispatcher-2] INFO  a.a.LocalActorRef akka://worker/user/watcher/graph0000000000/graph/local-acker - Starting...
Warning: space is running low in /dev/shm (tmpfs) threshold=167,772,160 usable=158,621,696
Warning: space is running low in /dev/shm (tmpfs) threshold=167,772,160 usable=146,034,688
Warning: space is running low in /dev/shm (tmpfs) threshold=167,772,160 usable=133,447,680
Warning: space is running low in /dev/shm (tmpfs) threshold=167,772,160 usable=120,860,672
Warning: space is running low in /dev/shm (tmpfs) threshold=167,772,160 usable=108,273,664
Warning: space is running low in /dev/shm (tmpfs) threshold=167,772,160 usable=95,686,656
Warning: space is running low in /dev/shm (tmpfs) threshold=167,772,160 usable=83,099,648
Warning: space is running low in /dev/shm (tmpfs) threshold=167,772,160 usable=70,512,640
14:11:35.749 [worker-akka.actor.default-dispatcher-2] INFO  a.a.LocalActorRef akka://worker/user/watcher/graph0000000000/graph - Finishing constructor
14:11:35.750 [worker-akka.actor.default-dispatcher-2] INFO  a.a.LocalActorRef akka://worker/user/watcher/graph0000000000 - Starting...
14:11:35.752 [worker-akka.actor.default-dispatcher-2] INFO  a.a.LocalActorRef akka://worker/user/watcher/graph0000000000/negotiator - Starting...
14:11:35.823 [worker-akka.actor.default-dispatcher-2] INFO  a.a.LocalActorRef akka://worker/user/watcher/graph0000000000/edge - Starting...
14:11:35.825 [worker-akka.actor.default-dispatcher-2] INFO  a.a.LocalActorRef akka://worker/user/watcher/graph0000000000/graph/$a - Starting...
14:11:35.826 [worker-akka.actor.default-dispatcher-2] INFO  a.a.LocalActorRef akka://worker/user/watcher/graph0000000000/graph/$b - Starting...
14:11:35.827 [worker-akka.actor.default-dispatcher-2] INFO  a.a.LocalActorRef akka://worker/user/watcher/graph0000000000/graph/$c - Starting...
14:11:35.854 [worker-akka.actor.default-dispatcher-2] INFO  c.s.f.r.e.s.SocketRear  - FlameSocketGraphDeployerRear@172.31.47.83: connecting to 172.31.34.147:5678
14:11:35.862 [worker-akka.actor.default-dispatcher-2] INFO  c.s.f.r.e.s.SocketRear  - FlameSocketGraphDeployerRear@172.31.47.83: connected to 172.31.34.147:5678
14:11:35.892 [worker-akka.actor.default-dispatcher-2] INFO  a.a.LocalActorRef akka://worker/user/watcher/graph0000000000/edge/FlameSocketGraphDeployerRear - Starting...
14:11:35.893 [worker-akka.actor.default-dispatcher-2] INFO  a.a.LocalActorRef akka://worker/user/watcher/graph0000000000/edge/FlameSocketGraphDeployerFront - Starting...
14:11:35.904 [worker-akka.actor.default-dispatcher-2] INFO  a.a.LocalActorRef akka://worker/user/watcher/graph0000000000/negotiator - Requesting ticket for the frontClass FlameSocketGraphDeployerFront@172.31.47.83
14:11:35.906 [worker-akka.actor.default-dispatcher-2] INFO  a.a.LocalActorRef akka://worker/user/watcher/graph0000000000/negotiator - Ticket for the frontClass received: FrontTicket{allowedTimestamp=(1519049493891, FlameSocketGraphDeployerFront@172.31.47.83)}
14:11:35.907 [worker-akka.actor.default-dispatcher-2] INFO  c.s.f.r.e.s.SocketFront  - FlameSocketGraphDeployerFront@172.31.47.83: connecting to 172.31.34.147:4567
14:11:35.929 [Client] INFO  c.s.f.r.e.s.SocketFront  - FlameSocketGraphDeployerFront@172.31.47.83 has been disconnected from Connection 3
2018-02-19T14:11:39.721+0000: 18.433: [GC (Allocation Failure) 2018-02-19T14:11:39.721+0000: 18.433: [DefNew: 136576K->15574K(153600K), 0.0300448 secs] 151992K->50521K(494976K), 0.0301243 secs] [Times: user=0.03 sys=0.00, real=0.03 secs] 
2018-02-19T14:11:49.687+0000: 28.398: [GC (Allocation Failure) 2018-02-19T14:11:49.687+0000: 28.398: [DefNew: 152150K->3350K(153600K), 0.0175425 secs] 187097K->45910K(494976K), 0.0176346 secs] [Times: user=0.01 sys=0.01, real=0.01 secs] 
2018-02-19T14:12:03.545+0000: 42.256: [GC (Allocation Failure) 2018-02-19T14:12:03.545+0000: 42.256: [DefNew: 139926K->5427K(153600K), 0.0123657 secs] 182486K->47987K(494976K), 0.0124297 secs] [Times: user=0.01 sys=0.00, real=0.01 secs] 
2018-02-19T14:12:14.824+0000: 53.536: [GC (Allocation Failure) 2018-02-19T14:12:14.824+0000: 53.536: [DefNew: 142003K->7057K(153600K), 0.0153957 secs] 184563K->49617K(494976K), 0.0154776 secs] [Times: user=0.02 sys=0.00, real=0.02 secs] 
2018-02-19T14:12:24.690+0000: 63.402: [GC (Allocation Failure) 2018-02-19T14:12:24.690+0000: 63.402: [DefNew: 143633K->8911K(153600K), 0.0152048 secs] 186193K->51471K(494976K), 0.0152703 secs] [Times: user=0.02 sys=0.00, real=0.02 secs] 
2018-02-19T14:12:35.037+0000: 73.750: [GC (Allocation Failure) 2018-02-19T14:12:35.038+0000: 73.750: [DefNew: 145487K->9185K(153600K), 0.0178135 secs] 188047K->53104K(494976K), 0.0186102 secs] [Times: user=0.02 sys=0.00, real=0.02 secs] 
2018-02-19T14:12:46.282+0000: 84.994: [GC (Allocation Failure) 2018-02-19T14:12:46.282+0000: 84.994: [DefNew: 145761K->8586K(153600K), 0.0164709 secs] 189680K->53897K(494976K), 0.0165351 secs] [Times: user=0.02 sys=0.00, real=0.02 secs] 
2018-02-19T14:13:00.468+0000: 99.180: [GC (Allocation Failure) 2018-02-19T14:13:00.468+0000: 99.180: [DefNew: 145162K->8541K(153600K), 0.0165038 secs] 190473K->55206K(494976K), 0.0165921 secs] [Times: user=0.02 sys=0.00, real=0.02 secs] 
2018-02-19T14:13:14.683+0000: 113.394: [GC (Allocation Failure) 2018-02-19T14:13:14.683+0000: 113.394: [DefNew: 145117K->8785K(153600K), 0.0156236 secs] 191782K->56543K(494976K), 0.0156905 secs] [Times: user=0.02 sys=0.00, real=0.02 secs] 
2018-02-19T14:13:26.331+0000: 125.042: [GC (Allocation Failure) 2018-02-19T14:13:26.331+0000: 125.042: [DefNew: 145361K->8556K(153600K), 0.0163530 secs] 193119K->57750K(494976K), 0.0164268 secs] [Times: user=0.02 sys=0.00, real=0.02 secs] 
2018-02-19T14:13:39.822+0000: 138.534: [GC (Allocation Failure) 2018-02-19T14:13:39.822+0000: 138.534: [DefNew: 145132K->8890K(153600K), 0.0163423 secs] 194326K->59156K(494976K), 0.0164260 secs] [Times: user=0.01 sys=0.00, real=0.02 secs] 
2018-02-19T14:13:54.389+0000: 153.101: [GC (Allocation Failure) 2018-02-19T14:13:54.389+0000: 153.101: [DefNew: 145466K->8754K(153600K), 0.0161622 secs] 195732K->60213K(494976K), 0.0162277 secs] [Times: user=0.02 sys=0.00, real=0.02 secs] 
2018-02-19T14:14:09.114+0000: 167.826: [GC (Allocation Failure) 2018-02-19T14:14:09.114+0000: 167.826: [DefNew: 145330K->8727K(153600K), 0.0160987 secs] 196789K->61562K(494976K), 0.0161748 secs] [Times: user=0.01 sys=0.00, real=0.01 secs] 
2018-02-19T14:14:20.653+0000: 179.364: [GC (Allocation Failure) 2018-02-19T14:14:20.653+0000: 179.364: [DefNew: 145303K->8709K(153600K), 0.0157272 secs] 198138K->62736K(494976K), 0.0157891 secs] [Times: user=0.02 sys=0.00, real=0.01 secs] 
2018-02-19T14:14:34.290+0000: 193.001: [GC (Allocation Failure) 2018-02-19T14:14:34.290+0000: 193.001: [DefNew: 145285K->8988K(153600K), 0.0173000 secs] 199312K->64132K(494976K), 0.0173670 secs] [Times: user=0.02 sys=0.00, real=0.02 secs] 
2018-02-19T14:14:49.727+0000: 208.439: [GC (Allocation Failure) 2018-02-19T14:14:49.727+0000: 208.439: [DefNew: 145564K->9181K(153600K), 0.0168813 secs] 200708K->65399K(494976K), 0.0169470 secs] [Times: user=0.02 sys=0.00, real=0.01 secs] 
2018-02-19T14:14:59.886+0000: 218.598: [GC (Allocation Failure) 2018-02-19T14:14:59.886+0000: 218.598: [DefNew: 145757K->8987K(153600K), 0.0168315 secs] 201975K->66360K(494976K), 0.0169016 secs] [Times: user=0.01 sys=0.00, real=0.01 secs] 
2018-02-19T14:15:11.959+0000: 230.671: [GC (Allocation Failure) 2018-02-19T14:15:11.959+0000: 230.671: [DefNew: 145563K->9228K(153600K), 0.0162322 secs] 202936K->67604K(494976K), 0.0162973 secs] [Times: user=0.01 sys=0.00, real=0.02 secs] 
2018-02-19T14:15:25.268+0000: 243.979: [GC (Allocation Failure) 2018-02-19T14:15:25.268+0000: 243.979: [DefNew: 145804K->9455K(153600K), 0.0184709 secs] 204180K->68932K(494976K), 0.0185505 secs] [Times: user=0.01 sys=0.01, real=0.02 secs] 
2018-02-19T14:15:40.013+0000: 258.724: [GC (Allocation Failure) 2018-02-19T14:15:40.013+0000: 258.724: [DefNew: 146031K->9836K(153600K), 0.0172986 secs] 205508K->70532K(494976K), 0.0173726 secs] [Times: user=0.02 sys=0.00, real=0.01 secs] 
2018-02-19T14:15:51.174+0000: 269.886: [GC (Allocation Failure) 2018-02-19T14:15:51.174+0000: 269.886: [DefNew: 146412K->8391K(153600K), 0.0170199 secs] 207108K->71164K(494976K), 0.0170843 secs] [Times: user=0.02 sys=0.00, real=0.01 secs] 
2018-02-19T14:16:00.909+0000: 279.621: [GC (Allocation Failure) 2018-02-19T14:16:00.909+0000: 279.621: [DefNew: 144967K->9865K(153600K), 0.0146463 secs] 207740K->72638K(494976K), 0.0147225 secs] [Times: user=0.01 sys=0.00, real=0.01 secs] 
2018-02-19T14:16:10.461+0000: 289.172: [GC (Allocation Failure) 2018-02-19T14:16:10.461+0000: 289.172: [DefNew: 146441K->9249K(153600K), 0.0245420 secs] 209214K->74401K(494976K), 0.0246132 secs] [Times: user=0.01 sys=0.01, real=0.03 secs] 
2018-02-19T14:16:23.630+0000: 302.342: [GC (Allocation Failure) 2018-02-19T14:16:23.630+0000: 302.342: [DefNew: 145825K->10216K(153600K), 0.0164304 secs] 210977K->76402K(494976K), 0.0164973 secs] [Times: user=0.02 sys=0.00, real=0.02 secs] 
2018-02-19T14:16:35.719+0000: 314.431: [GC (Allocation Failure) 2018-02-19T14:16:35.719+0000: 314.431: [DefNew: 146792K->9062K(153600K), 0.0188906 secs] 212978K->78027K(494976K), 0.0189572 secs] [Times: user=0.02 sys=0.00, real=0.02 secs] 
2018-02-19T14:16:46.043+0000: 324.754: [GC (Allocation Failure) 2018-02-19T14:16:46.043+0000: 324.754: [DefNew: 145638K->7945K(153600K), 0.0180147 secs] 214603K->79128K(494976K), 0.0180800 secs] [Times: user=0.02 sys=0.00, real=0.02 secs] 
2018-02-19T14:16:59.593+0000: 338.305: [GC (Allocation Failure) 2018-02-19T14:16:59.593+0000: 338.305: [DefNew: 144521K->9593K(153600K), 0.0151663 secs] 215704K->80776K(494976K), 0.0152506 secs] [Times: user=0.02 sys=0.00, real=0.01 secs] 
2018-02-19T14:17:12.012+0000: 350.724: [GC (Allocation Failure) 2018-02-19T14:17:12.012+0000: 350.724: [DefNew: 146169K->9449K(153600K), 0.0160161 secs] 217352K->81990K(494976K), 0.0160936 secs] [Times: user=0.02 sys=0.00, real=0.02 secs] 
2018-02-19T14:17:23.544+0000: 362.256: [GC (Allocation Failure) 2018-02-19T14:17:23.544+0000: 362.256: [DefNew: 146025K->10012K(153600K), 0.0167111 secs] 218566K->83641K(494976K), 0.0167818 secs] [Times: user=0.02 sys=0.00, real=0.02 secs] 
2018-02-19T14:17:36.275+0000: 374.986: [GC (Allocation Failure) 2018-02-19T14:17:36.275+0000: 374.986: [DefNew: 146588K->9984K(153600K), 0.0175399 secs] 220217K->84998K(494976K), 0.0176168 secs] [Times: user=0.01 sys=0.00, real=0.01 secs] 
2018-02-19T14:17:47.913+0000: 386.624: [GC (Allocation Failure) 2018-02-19T14:17:47.913+0000: 386.624: [DefNew: 146560K->8495K(153600K), 0.0335953 secs] 221574K->85926K(494976K), 0.0336701 secs] [Times: user=0.00 sys=0.04, real=0.03 secs] 
2018-02-19T14:18:01.312+0000: 400.024: [GC (Allocation Failure) 2018-02-19T14:18:01.312+0000: 400.024: [DefNew: 145071K->10373K(153600K), 0.0163145 secs] 222502K->87804K(494976K), 0.0163822 secs] [Times: user=0.01 sys=0.00, real=0.02 secs] 
2018-02-19T14:18:14.186+0000: 412.898: [GC (Allocation Failure) 2018-02-19T14:18:14.186+0000: 412.898: [DefNew: 146949K->8926K(153600K), 0.0179641 secs] 224380K->88897K(494976K), 0.0180253 secs] [Times: user=0.01 sys=0.01, real=0.01 secs] 
2018-02-19T14:18:24.171+0000: 422.883: [GC (Allocation Failure) 2018-02-19T14:18:24.171+0000: 422.883: [DefNew: 145502K->9428K(153600K), 0.0176278 secs] 225473K->91005K(494976K), 0.0177025 secs] [Times: user=0.02 sys=0.00, real=0.02 secs] 
2018-02-19T14:18:35.938+0000: 434.650: [GC (Allocation Failure) 2018-02-19T14:18:35.938+0000: 434.650: [DefNew: 146004K->9266K(153600K), 0.0164258 secs] 227581K->92398K(494976K), 0.0165170 secs] [Times: user=0.01 sys=0.00, real=0.02 secs] 
2018-02-19T14:18:46.177+0000: 444.889: [GC (Allocation Failure) 2018-02-19T14:18:46.177+0000: 444.889: [DefNew: 145842K->9434K(153600K), 0.0286487 secs] 228974K->93858K(494976K), 0.0287228 secs] [Times: user=0.01 sys=0.03, real=0.03 secs] 
2018-02-19T14:18:59.469+0000: 458.181: [GC (Allocation Failure) 2018-02-19T14:18:59.469+0000: 458.181: [DefNew: 146010K->9780K(153600K), 0.0250101 secs] 230434K->95804K(494976K), 0.0250929 secs] [Times: user=0.00 sys=0.02, real=0.03 secs] 
2018-02-19T14:19:10.516+0000: 469.227: [GC (Allocation Failure) 2018-02-19T14:19:10.516+0000: 469.227: [DefNew: 146356K->9212K(153600K), 0.0257613 secs] 232380K->96696K(494976K), 0.0258479 secs] [Times: user=0.01 sys=0.02, real=0.02 secs] 
2018-02-19T14:19:23.273+0000: 481.985: [GC (Allocation Failure) 2018-02-19T14:19:23.273+0000: 481.985: [DefNew: 145788K->9263K(153600K), 0.0156649 secs] 233272K->98036K(494976K), 0.0157351 secs] [Times: user=0.02 sys=0.00, real=0.01 secs] 
2018-02-19T14:19:33.795+0000: 492.506: [GC (Allocation Failure) 2018-02-19T14:19:33.795+0000: 492.507: [DefNew: 145839K->9284K(153600K), 0.0284157 secs] 234612K->99637K(494976K), 0.0284811 secs] [Times: user=0.00 sys=0.02, real=0.02 secs] 
2018-02-19T14:19:43.869+0000: 502.580: [GC (Allocation Failure) 2018-02-19T14:19:43.869+0000: 502.580: [DefNew: 145860K->9792K(153600K), 0.0163816 secs] 236213K->101440K(494976K), 0.0164468 secs] [Times: user=0.01 sys=0.00, real=0.02 secs] 
2018-02-19T14:19:57.676+0000: 516.387: [GC (Allocation Failure) 2018-02-19T14:19:57.676+0000: 516.387: [DefNew: 146368K->10130K(153600K), 0.0170326 secs] 238016K->103228K(494976K), 0.0170985 secs] [Times: user=0.02 sys=0.00, real=0.02 secs] 
2018-02-19T14:20:08.863+0000: 527.575: [GC (Allocation Failure) 2018-02-19T14:20:08.863+0000: 527.575: [DefNew: 146706K->10110K(153600K), 0.0167416 secs] 239804K->104717K(494976K), 0.0168106 secs] [Times: user=0.02 sys=0.00, real=0.02 secs] 
14:20:12.828 [Client] INFO  c.s.f.r.e.s.SocketRear  - FlameSocketGraphDeployerRear@172.31.47.83: has been disconnected from Connection 3
14:20:26.943 [worker-akka.actor.default-dispatcher-2] INFO  a.a.CoordinatedShutdown CoordinatedShutdown(akka://worker) - Starting coordinated shutdown from JVM shutdown hook
14:20:26.988 [worker-akka.actor.default-dispatcher-2] INFO  a.a.LocalActorRef akka://worker/user/watcher/graph0000000000/negotiator - Stopped
14:20:26.989 [worker-akka.actor.default-dispatcher-2] INFO  a.a.LocalActorRef akka://worker/user/watcher/graph0000000000/edge/FlameSocketGraphDeployerFront - Stopped
14:20:26.989 [worker-akka.actor.default-dispatcher-2] INFO  a.a.LocalActorRef akka://worker/user/watcher/graph0000000000/edge/FlameSocketGraphDeployerRear - Stopped
14:20:26.989 [worker-akka.actor.default-dispatcher-2] INFO  a.a.LocalActorRef akka://worker/user/watcher/graph0000000000/graph/local-acker/$a - Stopped
14:20:26.990 [worker-akka.actor.default-dispatcher-2] INFO  a.a.LocalActorRef akka://worker/user/watcher/graph0000000000/graph/$a - Stopped
14:20:26.991 [worker-akka.actor.default-dispatcher-2] INFO  a.a.LocalActorRef akka://worker/user/watcher/graph0000000000/graph/$b - Stopped
14:20:26.991 [worker-akka.actor.default-dispatcher-2] INFO  a.a.LocalActorRef akka://worker/user/watcher/graph0000000000/graph/$c - Stopped
14:20:26.996 [worker-akka.actor.default-dispatcher-2] INFO  a.a.LocalActorRef akka://worker/user/watcher/graph0000000000/edge - Stopped
14:20:26.997 [worker-akka.actor.default-dispatcher-2] INFO  a.a.LocalActorRef akka://worker/user/watcher/graph0000000000/graph/local-acker/$a - Message [com.spbsu.flamestream.runtime.utils.akka.PingActor$InnerPing] from Actor[akka://worker/user/watcher/graph0000000000/graph/local-acker/$a#-570059045] to Actor[akka://worker/user/watcher/graph0000000000/graph/local-acker/$a#-570059045] was not delivered. [1] dead letters encountered. This logging can be turned off or adjusted with configuration settings 'akka.log-dead-letters' and 'akka.log-dead-letters-during-shutdown'.
14:20:26.998 [worker-akka.actor.default-dispatcher-2] INFO  a.a.LocalActorRef akka://worker/user/watcher/graph0000000000/graph/local-acker - Stopped
14:20:26.999 [worker-akka.actor.default-dispatcher-2] INFO  a.a.LocalActorRef akka://worker/user/watcher/graph0000000000/graph - Stopped
14:20:27.000 [worker-akka.actor.default-dispatcher-2] INFO  a.a.LocalActorRef akka://worker/user/watcher/graph0000000000 - Stopped
14:20:27.005 [worker-akka.actor.default-dispatcher-2-EventThread] INFO  o.a.z.ClientCnxn  - EventThread shut down for session: 0x161ae66be2d000c
14:20:27.005 [worker-akka.actor.default-dispatcher-2] INFO  o.a.z.ZooKeeper  - Session: 0x161ae66be2d000c closed
14:20:27.006 [worker-akka.actor.default-dispatcher-2] INFO  a.a.LocalActorRef akka://worker/user/watcher/graph0000000000/graph/local-acker/$a - Message [com.spbsu.flamestream.runtime.utils.akka.PingActor$Stop] from Actor[akka://worker/user/watcher/graph0000000000/graph/local-acker#-1335832091] to Actor[akka://worker/user/watcher/graph0000000000/graph/local-acker/$a#-570059045] was not delivered. [2] dead letters encountered. This logging can be turned off or adjusted with configuration settings 'akka.log-dead-letters' and 'akka.log-dead-letters-during-shutdown'.
14:20:27.006 [worker-akka.actor.default-dispatcher-2] INFO  a.a.LocalActorRef akka://worker/user/watcher/graph0000000000/graph/local-acker - Message [com.spbsu.flamestream.runtime.acker.LocalAcker$Flush] from Actor[akka://worker/user/watcher/graph0000000000/graph/local-acker#-1335832091] to Actor[akka://worker/user/watcher/graph0000000000/graph/local-acker#-1335832091] was not delivered. [3] dead letters encountered. This logging can be turned off or adjusted with configuration settings 'akka.log-dead-letters' and 'akka.log-dead-letters-during-shutdown'.
14:20:27.007 [worker-akka.actor.default-dispatcher-2] INFO  a.a.LocalActorRef akka://worker/user/watcher/graph0000000000/graph/local-acker - Message [com.spbsu.flamestream.runtime.acker.LocalAcker$Flush] from Actor[akka://worker/user/watcher/graph0000000000/graph/local-acker#-1335832091] to Actor[akka://worker/user/watcher/graph0000000000/graph/local-acker#-1335832091] was not delivered. [4] dead letters encountered. This logging can be turned off or adjusted with configuration settings 'akka.log-dead-letters' and 'akka.log-dead-letters-during-shutdown'.
14:20:27.007 [worker-akka.actor.default-dispatcher-2] INFO  a.a.LocalActorRef akka://worker/user/watcher/graph0000000000/graph/local-acker - Message [com.spbsu.flamestream.runtime.acker.LocalAcker$Flush] from Actor[akka://worker/user/watcher/graph0000000000/graph/local-acker#-1335832091] to Actor[akka://worker/user/watcher/graph0000000000/graph/local-acker#-1335832091] was not delivered. [5] dead letters encountered. This logging can be turned off or adjusted with configuration settings 'akka.log-dead-letters' and 'akka.log-dead-letters-during-shutdown'.
14:20:27.008 [worker-akka.actor.default-dispatcher-2] INFO  a.a.RepointableActorRef akka://worker/user/watcher - Stopped
14:20:27.022 [worker-akka.actor.default-dispatcher-2] INFO  a.r.RemoteActorRefProvider$RemotingTerminator akka://worker@172.31.47.83:5412/system/remoting-terminator - Shutting down remote daemon.
14:20:27.028 [worker-akka.actor.default-dispatcher-2] INFO  a.r.RemoteActorRefProvider$RemotingTerminator akka://worker@172.31.47.83:5412/system/remoting-terminator - Remote daemon shut down; proceeding with flushing remote transports.
14:20:28.195 [worker-akka.actor.default-dispatcher-2] INFO  a.r.RemoteActorRefProvider$RemotingTerminator akka://worker@172.31.47.83:5412/system/remoting-terminator - Remoting shut down.
Heap
 def new generation   total 153600K, used 66291K [0x00000000e0c00000, 0x00000000eb2a0000, 0x00000000eb2a0000)
  eden space 136576K,  41% used [0x00000000e0c00000, 0x00000000e42dd488, 0x00000000e9160000)
  from space 17024K,  59% used [0x00000000ea200000, 0x00000000eabdf9b8, 0x00000000eb2a0000)
  to   space 17024K,   0% used [0x00000000e9160000, 0x00000000e9160000, 0x00000000ea200000)
 tenured generation   total 341376K, used 94607K [0x00000000eb2a0000, 0x0000000100000000, 0x0000000100000000)
   the space 341376K,  27% used [0x00000000eb2a0000, 0x00000000f0f03d10, 0x00000000f0f03e00, 0x0000000100000000)
 Metaspace       used 33494K, capacity 34294K, committed 34688K, reserved 1079296K
  class space    used 4456K, capacity 4624K, committed 4736K, reserved 1048576K
