13:11:59.918 [worker-akka.actor.default-dispatcher-2] INFO  a.e.s.Slf4jLogger  - Slf4jLogger started
2018-02-19T13:12:00.094+0000: 2.604: [Full GC (Metadata GC Threshold) 2018-02-19T13:12:00.094+0000: 2.604: [Tenured: 0K->15410K(341376K), 0.0373609 secs] 117538K->15410K(494976K), [Metaspace: 20863K->20863K(1067008K)], 0.0374268 secs] [Times: user=0.04 sys=0.00, real=0.04 secs] 
Ama winner
Ama winner
13:12:00.555 [worker-akka.actor.default-dispatcher-2] INFO  a.r.a.ArteryTransport(akka://worker) akka.remote.artery.ArteryTransport(akka://worker) - Started embedded media driver in directory [/dev/shm/aeron-root-worker-1bb7d1b4-bcd7-44f2-a99d-6614cace2228]
13:12:00.780 [worker-akka.actor.default-dispatcher-2] INFO  a.r.a.ArteryTransport(akka://worker) akka.remote.artery.ArteryTransport(akka://worker) - Remoting started; listening on address: [akka://worker@172.31.39.64:5412] with UID [1616259136431359365]
13:12:00.891 [worker-akka.actor.default-dispatcher-2] INFO  o.a.z.ZooKeeper  - Client environment:zookeeper.version=3.4.9-1757313, built on 08/23/2016 06:50 GMT
13:12:00.891 [worker-akka.actor.default-dispatcher-2] INFO  o.a.z.ZooKeeper  - Client environment:host.name=ip-172-31-39-64.us-east-2.compute.internal
13:12:00.891 [worker-akka.actor.default-dispatcher-2] INFO  o.a.z.ZooKeeper  - Client environment:java.version=1.8.0_151
13:12:00.892 [worker-akka.actor.default-dispatcher-2] INFO  o.a.z.ZooKeeper  - Client environment:java.vendor=Oracle Corporation
13:12:00.892 [worker-akka.actor.default-dispatcher-2] INFO  o.a.z.ZooKeeper  - Client environment:java.home=/usr/lib/jvm/java-8-openjdk-amd64/jre
13:12:00.892 [worker-akka.actor.default-dispatcher-2] INFO  o.a.z.ZooKeeper  - Client environment:java.class.path=lib/commons-cli-1.4.jar:lib/minlog-1.3.0.jar:lib/asm-5.0.4.jar:lib/hadoop-annotations-2.7.3.jar:lib/hadoop-auth-2.7.3.jar:lib/akka-slf4j_2.11-2.5.6.jar:lib/jersey-core-1.9.jar:lib/lz4-1.3.0.jar:lib/jackson-core-asl-1.9.13.jar:lib/aeron-client-1.3.0.jar:lib/htrace-core-3.1.0-incubating.jar:lib/xz-1.0.jar:lib/commons-httpclient-3.1.jar:lib/asm-3.1.jar:lib/commons-lang3-3.4.jar:lib/scala-library-2.11.11.jar:lib/scala-java8-compat_2.11-0.7.0.jar:lib/commons-configuration-1.6.jar:lib/objenesis-2.1.jar:lib/jackson-annotations-2.8.0.jar:lib/jsr305-3.0.0.jar:lib/curator-framework-2.7.1.jar:lib/jersey-server-1.9.jar:lib/jets3t-0.9.0.jar:lib/leveldb-0.7.jar:lib/jetty-6.1.26.jar:lib/stax-api-1.0-2.jar:lib/flamestream-core-1.0-SNAPSHOT.jar:lib/reflectasm-1.07-shaded.jar:lib/apacheds-kerberos-codec-2.0.0-M15.jar:lib/api-asn1-api-1.0.0-M20.jar:lib/commons-lang-2.6.jar:lib/commons-beanutils-1.7.0.jar:lib/jackson-xc-1.8.3.jar:lib/jetty-util-6.1.26.jar:lib/logback-classic-1.2.3.jar:lib/jool-0.9.12.jar:lib/flamestream-runtime-1.0-SNAPSHOT-tests.jar:lib/httpcore-4.1.2.jar:lib/kryo-4.0.0.jar:lib/ant-1.8.1.jar:lib/jaxb-impl-2.2.3-1.jar:lib/jersey-json-1.9.jar:lib/commons-compress-1.4.1.jar:lib/leveldbjni-all-1.8.jar:lib/paranamer-2.3.jar:lib/jackson-core-2.8.4.jar:lib/commons-math3-3.6.1.jar:lib/scala-parser-combinators_2.11-1.0.4.jar:lib/netty-3.10.6.Final.jar:lib/trove4j-3.0.3.jar:lib/jaxb-api-2.2.2.jar:lib/logback-core-1.2.3.jar:lib/snappy-java-1.0.4.1.jar:lib/protobuf-java-2.5.0.jar:lib/reactive-streams-1.0.1.jar:lib/flamestream-examples-1.0-SNAPSHOT.jar:lib/commons-codec-1.4.jar:lib/activation-1.1.jar:lib/commons-net-3.1.jar:lib/curator-recipes-2.7.1.jar:lib/jackson-mapper-asl-1.9.13.jar:lib/jackson-databind-2.8.4.jar:lib/flamestream-runtime-1.0-SNAPSHOT.jar:lib/jackson-jaxrs-1.8.3.jar:lib/slf4j-api-1.7.24.jar:lib/akka-remote_2.11-2.5.6.jar:lib/akka-testkit_2.11-2.5.6.jar:lib/jline-0.9.94.jar:lib/akka-stream_2.11-2.5.6.jar:lib/jsp-api-2.1.jar:lib/kryonet-2.21.jar:lib/akka-kryo-serialization_2.11-0.5.0.jar:lib/config-1.3.1.jar:lib/ant-launcher-1.8.1.jar:lib/commons-logging-1.2.jar:lib/ssl-config-core_2.11-0.2.2.jar:lib/testng-6.10.jar:lib/leveldb-api-0.7.jar:lib/reflectasm-1.11.3.jar:lib/jcommander-1.48.jar:lib/commons-1.1.jar:lib/commons-digester-1.8.jar:lib/minlog-1.2.jar:lib/java-xmlbuilder-0.4.jar:lib/jettison-1.1.jar:lib/gson-2.2.4.jar:lib/jdk.tools-1.8.jar:lib/aeron-driver-1.3.0.jar:lib/zookeeper-3.4.9.jar:lib/commons-beanutils-core-1.8.0.jar:lib/commons-math3-3.1.1.jar:lib/akka-actor_2.11-2.5.6.jar:lib/curator-client-2.7.1.jar:lib/servlet-api-2.5.jar:lib/apacheds-i18n-2.0.0-M15.jar:lib/commons-io-2.4.jar:lib/commons-codec-1.6.jar:lib/akka-protobuf_2.11-2.5.6.jar:lib/protobuf-java-3.5.1.jar:lib/jdom-2.0.2.jar:lib/api-util-1.0.0-M20.jar:lib/hadoop-common-2.7.3.jar:lib/agrona-0.9.6.jar:lib/xmlenc-0.52.jar:lib/guava-21.0.jar:lib/commons-collections-3.2.2.jar:lib/avro-1.7.4.jar:lib/httpclient-4.1.2.jar:lib/flamestream-core-1.0-SNAPSHOT-tests.jar:lib/annotations-12.0.jar:lib/jsch-0.1.42.jar:flamestream-runtime-1.0-SNAPSHOT.jar
13:12:00.892 [worker-akka.actor.default-dispatcher-2] INFO  o.a.z.ZooKeeper  - Client environment:java.library.path=/usr/java/packages/lib/amd64:/usr/lib/x86_64-linux-gnu/jni:/lib/x86_64-linux-gnu:/usr/lib/x86_64-linux-gnu:/usr/lib/jni:/lib:/usr/lib
13:12:00.892 [worker-akka.actor.default-dispatcher-2] INFO  o.a.z.ZooKeeper  - Client environment:java.io.tmpdir=/tmp
13:12:00.892 [worker-akka.actor.default-dispatcher-2] INFO  o.a.z.ZooKeeper  - Client environment:java.compiler=<NA>
13:12:00.892 [worker-akka.actor.default-dispatcher-2] INFO  o.a.z.ZooKeeper  - Client environment:os.name=Linux
13:12:00.892 [worker-akka.actor.default-dispatcher-2] INFO  o.a.z.ZooKeeper  - Client environment:os.arch=amd64
13:12:00.892 [worker-akka.actor.default-dispatcher-2] INFO  o.a.z.ZooKeeper  - Client environment:os.version=4.4.0-1049-aws
13:12:00.892 [worker-akka.actor.default-dispatcher-2] INFO  o.a.z.ZooKeeper  - Client environment:user.name=root
13:12:00.894 [worker-akka.actor.default-dispatcher-2] INFO  o.a.z.ZooKeeper  - Client environment:user.home=/root
13:12:00.894 [worker-akka.actor.default-dispatcher-2] INFO  o.a.z.ZooKeeper  - Client environment:user.dir=/opt/flamestream
13:12:00.897 [worker-akka.actor.default-dispatcher-2] INFO  o.a.z.ZooKeeper  - Initiating client connection, connectString=172.31.34.147:2181 sessionTimeout=5000 watcher=com.spbsu.flamestream.runtime.application.LifecycleWatcher$$Lambda$29/2091173542@1b48f905
13:12:00.933 [worker-akka.actor.default-dispatcher-2] INFO  a.a.RepointableActorRef akka://worker/user/watcher - Starting...
13:12:00.936 [worker-akka.actor.default-dispatcher-2-SendThread(172.31.34.147:2181)] INFO  o.a.z.ClientCnxn  - Opening socket connection to server 172.31.34.147/172.31.34.147:2181. Will not attempt to authenticate using SASL (unknown error)
13:12:00.941 [worker-akka.actor.default-dispatcher-2-SendThread(172.31.34.147:2181)] INFO  o.a.z.ClientCnxn  - Socket connection established to 172.31.34.147/172.31.34.147:2181, initiating session
13:12:00.949 [worker-akka.actor.default-dispatcher-2-SendThread(172.31.34.147:2181)] INFO  o.a.z.ClientCnxn  - Session establishment complete on server 172.31.34.147/172.31.34.147:2181, sessionid = 0x161ae307a940004, negotiated timeout = 6000
13:12:01.050 [worker-akka.actor.default-dispatcher-2] INFO  a.a.RepointableActorRef akka://worker/user/watcher - Connected to ZK
13:12:10.862 [worker-akka.actor.default-dispatcher-2] INFO  a.a.RepointableActorRef akka://worker/user/watcher - Creating node with watchGraphs: 'com.spbsu.flamestream.core.Graph$Builder$MyGraph@22aae96d', config: 'ClusterConfig{paths={172.31.33.155=akka://worker@172.31.33.155:5412/user/watcher/graph0000000000, 172.31.47.83=akka://worker@172.31.47.83:5412/user/watcher/graph0000000000, 172.31.45.197=akka://worker@172.31.45.197:5412/user/watcher/graph0000000000, 172.31.42.36=akka://worker@172.31.42.36:5412/user/watcher/graph0000000000, 172.31.44.83=akka://worker@172.31.44.83:5412/user/watcher/graph0000000000, 172.31.39.64=akka://worker@172.31.39.64:5412/user/watcher/graph0000000000, 172.31.35.79=akka://worker@172.31.35.79:5412/user/watcher/graph0000000000, 172.31.34.169=akka://worker@172.31.34.169:5412/user/watcher/graph0000000000, 172.31.47.100=akka://worker@172.31.47.100:5412/user/watcher/graph0000000000, 172.31.37.101=akka://worker@172.31.37.101:5412/user/watcher/graph0000000000}, ackerLocation='172.31.35.79', props=ComputationLayout{ranges={172.31.33.155=HashRange{from=-1670265060, to=-1193046472}, 172.31.47.83=HashRange{from=1670265056, to=2147483644}, 172.31.45.197=HashRange{from=-715827884, to=-238609296}, 172.31.42.36=HashRange{from=1193046468, to=1670265056}, 172.31.44.83=HashRange{from=-238609296, to=238609292}, 172.31.39.64=HashRange{from=715827880, to=1193046468}, 172.31.35.79=HashRange{from=0, to=0}, 172.31.34.169=HashRange{from=-2147483648, to=-1670265060}, 172.31.47.100=HashRange{from=238609292, to=715827880}, 172.31.37.101=HashRange{from=-1193046472, to=-715827884}}}}'
13:12:11.731 [worker-akka.actor.default-dispatcher-2] INFO  a.a.LocalActorRef akka://worker/user/watcher/graph0000000000/graph - Starting...
13:12:11.732 [worker-akka.actor.default-dispatcher-2] INFO  a.a.LocalActorRef akka://worker/user/watcher/graph0000000000/graph/local-acker - Starting...
13:12:11.733 [worker-akka.actor.default-dispatcher-2] INFO  a.a.LocalActorRef akka://worker/user/watcher/graph0000000000/graph/local-acker/$a - Starting...
Warning: space is running low in /dev/shm (tmpfs) threshold=167,772,160 usable=158,621,696
Warning: space is running low in /dev/shm (tmpfs) threshold=167,772,160 usable=146,034,688
Warning: space is running low in /dev/shm (tmpfs) threshold=167,772,160 usable=133,447,680
Warning: space is running low in /dev/shm (tmpfs) threshold=167,772,160 usable=120,860,672
Warning: space is running low in /dev/shm (tmpfs) threshold=167,772,160 usable=108,273,664
Warning: space is running low in /dev/shm (tmpfs) threshold=167,772,160 usable=95,686,656
Warning: space is running low in /dev/shm (tmpfs) threshold=167,772,160 usable=83,099,648
Warning: space is running low in /dev/shm (tmpfs) threshold=167,772,160 usable=70,512,640
13:12:13.580 [worker-akka.actor.default-dispatcher-2] INFO  a.a.LocalActorRef akka://worker/user/watcher/graph0000000000 - Starting...
13:12:13.581 [worker-akka.actor.default-dispatcher-2] INFO  a.a.LocalActorRef akka://worker/user/watcher/graph0000000000/graph - Finishing constructor
13:12:13.582 [worker-akka.actor.default-dispatcher-2] INFO  a.a.LocalActorRef akka://worker/user/watcher/graph0000000000/negotiator - Starting...
13:12:13.582 [worker-akka.actor.default-dispatcher-2] INFO  a.a.LocalActorRef akka://worker/user/watcher/graph0000000000/edge - Starting...
13:12:13.670 [worker-akka.actor.default-dispatcher-2] INFO  c.s.f.r.e.s.SocketRear  - FlameSocketGraphDeployerRear@172.31.39.64: connecting to 172.31.34.147:5678
13:12:13.677 [worker-akka.actor.default-dispatcher-2] INFO  c.s.f.r.e.s.SocketRear  - FlameSocketGraphDeployerRear@172.31.39.64: connected to 172.31.34.147:5678
13:12:13.704 [worker-akka.actor.default-dispatcher-2] INFO  a.a.LocalActorRef akka://worker/user/watcher/graph0000000000/graph/$a - Starting...
13:12:13.706 [worker-akka.actor.default-dispatcher-2] INFO  a.a.LocalActorRef akka://worker/user/watcher/graph0000000000/graph/$b - Starting...
13:12:13.707 [worker-akka.actor.default-dispatcher-2] INFO  a.a.LocalActorRef akka://worker/user/watcher/graph0000000000/graph/$c - Starting...
13:12:13.708 [worker-akka.actor.default-dispatcher-2] INFO  a.a.LocalActorRef akka://worker/user/watcher/graph0000000000/edge/FlameSocketGraphDeployerRear - Starting...
13:12:13.718 [worker-akka.actor.default-dispatcher-2] INFO  a.a.LocalActorRef akka://worker/user/watcher/graph0000000000/edge/FlameSocketGraphDeployerFront - Starting...
13:12:13.718 [worker-akka.actor.default-dispatcher-2] INFO  a.a.LocalActorRef akka://worker/user/watcher/graph0000000000/negotiator - Requesting ticket for the frontClass FlameSocketGraphDeployerFront@172.31.39.64
13:12:13.720 [worker-akka.actor.default-dispatcher-2] INFO  a.a.LocalActorRef akka://worker/user/watcher/graph0000000000/negotiator - Ticket for the frontClass received: FrontTicket{allowedTimestamp=(1519045930868, FlameSocketGraphDeployerFront@172.31.39.64)}
13:12:13.721 [worker-akka.actor.default-dispatcher-2] INFO  c.s.f.r.e.s.SocketFront  - FlameSocketGraphDeployerFront@172.31.39.64: connecting to 172.31.34.147:4567
13:12:13.735 [Client] INFO  c.s.f.r.e.s.SocketFront  - FlameSocketGraphDeployerFront@172.31.39.64 has been disconnected from Connection 8
2018-02-19T13:12:17.153+0000: 19.663: [GC (Allocation Failure) 2018-02-19T13:12:17.153+0000: 19.663: [DefNew: 136576K->15082K(153600K), 0.0520403 secs] 151986K->50024K(494976K), 0.0521112 secs] [Times: user=0.04 sys=0.01, real=0.05 secs] 
2018-02-19T13:12:36.091+0000: 38.601: [GC (Allocation Failure) 2018-02-19T13:12:36.091+0000: 38.601: [DefNew: 151658K->3568K(153600K), 0.0173778 secs] 186600K->46046K(494976K), 0.0174459 secs] [Times: user=0.02 sys=0.00, real=0.02 secs] 
2018-02-19T13:13:00.804+0000: 63.314: [GC (Allocation Failure) 2018-02-19T13:13:00.804+0000: 63.314: [DefNew: 140144K->5390K(153600K), 0.0116124 secs] 182622K->47869K(494976K), 0.0116746 secs] [Times: user=0.01 sys=0.00, real=0.01 secs] 
2018-02-19T13:13:23.337+0000: 85.848: [GC (Allocation Failure) 2018-02-19T13:13:23.338+0000: 85.848: [DefNew: 141966K->7542K(153600K), 0.0162774 secs] 184445K->50021K(494976K), 0.0163469 secs] [Times: user=0.01 sys=0.00, real=0.02 secs] 
2018-02-19T13:13:44.740+0000: 107.251: [GC (Allocation Failure) 2018-02-19T13:13:44.741+0000: 107.251: [DefNew: 144118K->8679K(153600K), 0.0145262 secs] 186597K->51158K(494976K), 0.0145910 secs] [Times: user=0.01 sys=0.00, real=0.01 secs] 
2018-02-19T13:14:04.988+0000: 127.499: [GC (Allocation Failure) 2018-02-19T13:14:04.988+0000: 127.499: [DefNew: 145175K->8835K(153600K), 0.0172212 secs] 187654K->52652K(494976K), 0.0173107 secs] [Times: user=0.02 sys=0.01, real=0.02 secs] 
2018-02-19T13:14:26.207+0000: 148.717: [GC (Allocation Failure) 2018-02-19T13:14:26.207+0000: 148.717: [DefNew: 145411K->8524K(153600K), 0.0162842 secs] 189228K->53555K(494976K), 0.0163542 secs] [Times: user=0.02 sys=0.00, real=0.02 secs] 
2018-02-19T13:14:56.061+0000: 178.571: [GC (Allocation Failure) 2018-02-19T13:14:56.061+0000: 178.571: [DefNew: 145100K->8809K(153600K), 0.0191744 secs] 190131K->55293K(494976K), 0.0192433 secs] [Times: user=0.02 sys=0.00, real=0.01 secs] 
2018-02-19T13:15:21.321+0000: 203.831: [GC (Allocation Failure) 2018-02-19T13:15:21.321+0000: 203.831: [DefNew: 145385K->8898K(153600K), 0.0160826 secs] 191869K->56534K(494976K), 0.0161536 secs] [Times: user=0.01 sys=0.00, real=0.01 secs] 
2018-02-19T13:15:43.790+0000: 226.300: [GC (Allocation Failure) 2018-02-19T13:15:43.790+0000: 226.300: [DefNew: 145474K->8879K(153600K), 0.0164925 secs] 193110K->57666K(494976K), 0.0165623 secs] [Times: user=0.02 sys=0.00, real=0.01 secs] 
2018-02-19T13:16:12.071+0000: 254.582: [GC (Allocation Failure) 2018-02-19T13:16:12.071+0000: 254.582: [DefNew: 145455K->8938K(153600K), 0.0160925 secs] 194242K->58777K(494976K), 0.0161630 secs] [Times: user=0.01 sys=0.00, real=0.01 secs] 
2018-02-19T13:16:33.240+0000: 275.750: [GC (Allocation Failure) 2018-02-19T13:16:33.240+0000: 275.750: [DefNew: 145514K->8406K(153600K), 0.0161786 secs] 195353K->59962K(494976K), 0.0162437 secs] [Times: user=0.01 sys=0.00, real=0.02 secs] 
2018-02-19T13:16:59.565+0000: 302.075: [GC (Allocation Failure) 2018-02-19T13:16:59.565+0000: 302.075: [DefNew: 144982K->9793K(153600K), 0.0156868 secs] 196538K->61349K(494976K), 0.0157532 secs] [Times: user=0.02 sys=0.00, real=0.01 secs] 
2018-02-19T13:17:24.612+0000: 327.122: [GC (Allocation Failure) 2018-02-19T13:17:24.612+0000: 327.122: [DefNew: 146369K->8885K(153600K), 0.0183038 secs] 197925K->62577K(494976K), 0.0183913 secs] [Times: user=0.02 sys=0.00, real=0.02 secs] 
2018-02-19T13:17:49.166+0000: 351.677: [GC (Allocation Failure) 2018-02-19T13:17:49.166+0000: 351.677: [DefNew: 145461K->8907K(153600K), 0.0175715 secs] 199153K->63715K(494976K), 0.0176360 secs] [Times: user=0.02 sys=0.00, real=0.02 secs] 
2018-02-19T13:18:13.513+0000: 376.023: [GC (Allocation Failure) 2018-02-19T13:18:13.513+0000: 376.023: [DefNew: 145483K->9206K(153600K), 0.0166341 secs] 200291K->65099K(494976K), 0.0167141 secs] [Times: user=0.02 sys=0.00, real=0.02 secs] 
2018-02-19T13:18:37.658+0000: 400.168: [GC (Allocation Failure) 2018-02-19T13:18:37.658+0000: 400.168: [DefNew: 145782K->9161K(153600K), 0.0160557 secs] 201675K->66063K(494976K), 0.0161327 secs] [Times: user=0.02 sys=0.00, real=0.02 secs] 
2018-02-19T13:19:03.874+0000: 426.384: [GC (Allocation Failure) 2018-02-19T13:19:03.874+0000: 426.384: [DefNew: 145737K->9566K(153600K), 0.0176400 secs] 202639K->67663K(494976K), 0.0177117 secs] [Times: user=0.02 sys=0.00, real=0.02 secs] 
2018-02-19T13:19:29.904+0000: 452.414: [GC (Allocation Failure) 2018-02-19T13:19:29.904+0000: 452.414: [DefNew: 146142K->9667K(153600K), 0.0168250 secs] 204239K->68776K(494976K), 0.0169025 secs] [Times: user=0.01 sys=0.00, real=0.02 secs] 
2018-02-19T13:19:52.776+0000: 475.286: [GC (Allocation Failure) 2018-02-19T13:19:52.776+0000: 475.286: [DefNew: 146243K->9998K(153600K), 0.0176764 secs] 205352K->70283K(494976K), 0.0177483 secs] [Times: user=0.02 sys=0.00, real=0.02 secs] 
2018-02-19T13:20:13.226+0000: 495.736: [GC (Allocation Failure) 2018-02-19T13:20:13.226+0000: 495.736: [DefNew: 146574K->8548K(153600K), 0.0183065 secs] 206859K->71167K(494976K), 0.0183773 secs] [Times: user=0.02 sys=0.00, real=0.02 secs] 
2018-02-19T13:20:33.550+0000: 516.060: [GC (Allocation Failure) 2018-02-19T13:20:33.550+0000: 516.060: [DefNew: 145124K->8979K(153600K), 0.0169296 secs] 207743K->72771K(494976K), 0.0170088 secs] [Times: user=0.01 sys=0.00, real=0.01 secs] 
2018-02-19T13:20:55.227+0000: 537.737: [GC (Allocation Failure) 2018-02-19T13:20:55.227+0000: 537.737: [DefNew: 145555K->10233K(153600K), 0.0174460 secs] 209347K->75172K(494976K), 0.0175200 secs] [Times: user=0.01 sys=0.00, real=0.02 secs] 
2018-02-19T13:21:16.336+0000: 558.847: [GC (Allocation Failure) 2018-02-19T13:21:16.336+0000: 558.847: [DefNew: 146809K->8487K(153600K), 0.0248317 secs] 211748K->76110K(494976K), 0.0249015 secs] [Times: user=0.01 sys=0.01, real=0.03 secs] 
2018-02-19T13:21:37.586+0000: 580.096: [GC (Allocation Failure) 2018-02-19T13:21:37.586+0000: 580.096: [DefNew: 145063K->10146K(153600K), 0.0146648 secs] 212686K->77769K(494976K), 0.0147316 secs] [Times: user=0.00 sys=0.00, real=0.02 secs] 
2018-02-19T13:22:01.653+0000: 604.163: [GC (Allocation Failure) 2018-02-19T13:22:01.653+0000: 604.163: [DefNew: 146722K->9325K(153600K), 0.0182408 secs] 214345K->79009K(494976K), 0.0183096 secs] [Times: user=0.01 sys=0.01, real=0.02 secs] 
2018-02-19T13:22:26.551+0000: 629.061: [GC (Allocation Failure) 2018-02-19T13:22:26.551+0000: 629.061: [DefNew: 145901K->9615K(153600K), 0.0161506 secs] 215585K->80539K(494976K), 0.0162497 secs] [Times: user=0.01 sys=0.00, real=0.01 secs] 
2018-02-19T13:22:48.959+0000: 651.470: [GC (Allocation Failure) 2018-02-19T13:22:48.959+0000: 651.470: [DefNew: 146191K->9810K(153600K), 0.0181392 secs] 217115K->81905K(494976K), 0.0182104 secs] [Times: user=0.02 sys=0.00, real=0.02 secs] 
2018-02-19T13:23:13.685+0000: 676.195: [GC (Allocation Failure) 2018-02-19T13:23:13.685+0000: 676.195: [DefNew: 146386K->9936K(153600K), 0.0181333 secs] 218481K->83180K(494976K), 0.0182022 secs] [Times: user=0.01 sys=0.00, real=0.02 secs] 
2018-02-19T13:23:37.497+0000: 700.008: [GC (Allocation Failure) 2018-02-19T13:23:37.497+0000: 700.008: [DefNew: 146512K->8443K(153600K), 0.0170974 secs] 219756K->84499K(494976K), 0.0171754 secs] [Times: user=0.02 sys=0.00, real=0.02 secs] 
2018-02-19T13:23:57.085+0000: 719.595: [GC (Allocation Failure) 2018-02-19T13:23:57.085+0000: 719.595: [DefNew: 145019K->9781K(153600K), 0.0141261 secs] 221075K->85836K(494976K), 0.0141927 secs] [Times: user=0.02 sys=0.00, real=0.01 secs] 
2018-02-19T13:24:16.673+0000: 739.183: [GC (Allocation Failure) 2018-02-19T13:24:16.673+0000: 739.183: [DefNew: 146357K->10158K(153600K), 0.0165520 secs] 222412K->87384K(494976K), 0.0166296 secs] [Times: user=0.02 sys=0.00, real=0.02 secs] 
2018-02-19T13:24:42.206+0000: 764.717: [GC (Allocation Failure) 2018-02-19T13:24:42.206+0000: 764.717: [DefNew: 146734K->9033K(153600K), 0.0320970 secs] 223960K->88968K(494976K), 0.0321735 secs] [Times: user=0.00 sys=0.03, real=0.03 secs] 
2018-02-19T13:25:00.601+0000: 783.111: [GC (Allocation Failure) 2018-02-19T13:25:00.601+0000: 783.111: [DefNew: 145609K->10209K(153600K), 0.0176165 secs] 225544K->91472K(494976K), 0.0176965 secs] [Times: user=0.02 sys=0.00, real=0.01 secs] 
2018-02-19T13:25:27.454+0000: 809.964: [GC (Allocation Failure) 2018-02-19T13:25:27.454+0000: 809.964: [DefNew: 146785K->9885K(153600K), 0.0312136 secs] 228048K->92817K(494976K), 0.0312806 secs] [Times: user=0.00 sys=0.04, real=0.03 secs] 
2018-02-19T13:25:44.383+0000: 826.893: [GC (Allocation Failure) 2018-02-19T13:25:44.383+0000: 826.893: [DefNew: 146461K->8838K(153600K), 0.0158619 secs] 229393K->93325K(494976K), 0.0159649 secs] [Times: user=0.01 sys=0.00, real=0.01 secs] 
2018-02-19T13:26:10.285+0000: 852.795: [GC (Allocation Failure) 2018-02-19T13:26:10.285+0000: 852.795: [DefNew: 145414K->9066K(153600K), 0.0165866 secs] 229901K->95085K(494976K), 0.0166546 secs] [Times: user=0.01 sys=0.01, real=0.02 secs] 
2018-02-19T13:26:35.089+0000: 877.599: [GC (Allocation Failure) 2018-02-19T13:26:35.089+0000: 877.599: [DefNew: 145642K->9756K(153600K), 0.0165215 secs] 231661K->96948K(494976K), 0.0165935 secs] [Times: user=0.01 sys=0.00, real=0.01 secs] 
2018-02-19T13:26:53.066+0000: 895.576: [GC (Allocation Failure) 2018-02-19T13:26:53.066+0000: 895.576: [DefNew: 146332K->9769K(153600K), 0.0172835 secs] 233524K->98406K(494976K), 0.0174065 secs] [Times: user=0.02 sys=0.00, real=0.02 secs] 
2018-02-19T13:27:13.980+0000: 916.490: [GC (Allocation Failure) 2018-02-19T13:27:13.980+0000: 916.490: [DefNew: 146345K->9698K(153600K), 0.0170938 secs] 234982K->100015K(494976K), 0.0171658 secs] [Times: user=0.02 sys=0.00, real=0.02 secs] 
2018-02-19T13:27:35.126+0000: 937.636: [GC (Allocation Failure) 2018-02-19T13:27:35.126+0000: 937.637: [DefNew: 146274K->9891K(153600K), 0.0258461 secs] 236591K->101738K(494976K), 0.0259152 secs] [Times: user=0.00 sys=0.02, real=0.03 secs] 
13:27:39.134 [Client] INFO  c.s.f.r.e.s.SocketRear  - FlameSocketGraphDeployerRear@172.31.39.64: has been disconnected from Connection 8
13:27:51.952 [worker-akka.actor.default-dispatcher-2] INFO  a.a.CoordinatedShutdown CoordinatedShutdown(akka://worker) - Starting coordinated shutdown from JVM shutdown hook
13:27:51.995 [worker-akka.actor.default-dispatcher-2] INFO  a.a.LocalActorRef akka://worker/user/watcher/graph0000000000/negotiator - Stopped
13:27:51.999 [worker-akka.actor.default-dispatcher-2] INFO  a.a.LocalActorRef akka://worker/user/watcher/graph0000000000/edge/FlameSocketGraphDeployerFront - Stopped
13:27:52.001 [worker-akka.actor.default-dispatcher-2] INFO  a.a.LocalActorRef akka://worker/user/watcher/graph0000000000/edge/FlameSocketGraphDeployerRear - Stopped
13:27:52.002 [worker-akka.actor.default-dispatcher-2] INFO  a.a.LocalActorRef akka://worker/user/watcher/graph0000000000/graph/$a - Stopped
13:27:52.003 [worker-akka.actor.default-dispatcher-2] INFO  a.a.LocalActorRef akka://worker/user/watcher/graph0000000000/graph/$b - Stopped
13:27:52.003 [worker-akka.actor.default-dispatcher-2] INFO  a.a.LocalActorRef akka://worker/user/watcher/graph0000000000/graph/$c - Stopped
13:27:52.005 [worker-akka.actor.default-dispatcher-2] INFO  a.a.LocalActorRef akka://worker/user/watcher/graph0000000000/graph/local-acker/$a - Stopped
13:27:52.009 [worker-akka.actor.default-dispatcher-2] INFO  a.a.LocalActorRef akka://worker/user/watcher/graph0000000000/edge - Stopped
13:27:52.009 [worker-akka.actor.default-dispatcher-2] INFO  a.a.LocalActorRef akka://worker/user/watcher/graph0000000000/graph/local-acker/$a - Message [com.spbsu.flamestream.runtime.utils.akka.PingActor$InnerPing] from Actor[akka://worker/user/watcher/graph0000000000/graph/local-acker/$a#1772367653] to Actor[akka://worker/user/watcher/graph0000000000/graph/local-acker/$a#1772367653] was not delivered. [1] dead letters encountered. This logging can be turned off or adjusted with configuration settings 'akka.log-dead-letters' and 'akka.log-dead-letters-during-shutdown'.
13:27:52.010 [worker-akka.actor.default-dispatcher-2] INFO  a.a.LocalActorRef akka://worker/user/watcher/graph0000000000/graph/local-acker - Stopped
13:27:52.011 [worker-akka.actor.default-dispatcher-2] INFO  a.a.LocalActorRef akka://worker/user/watcher/graph0000000000/graph/local-acker/$a - Message [com.spbsu.flamestream.runtime.utils.akka.PingActor$Stop] from Actor[akka://worker/user/watcher/graph0000000000/graph/local-acker#-120268419] to Actor[akka://worker/user/watcher/graph0000000000/graph/local-acker/$a#1772367653] was not delivered. [2] dead letters encountered. This logging can be turned off or adjusted with configuration settings 'akka.log-dead-letters' and 'akka.log-dead-letters-during-shutdown'.
13:27:52.018 [worker-akka.actor.default-dispatcher-2] INFO  a.a.LocalActorRef akka://worker/user/watcher/graph0000000000/graph/local-acker - Message [com.spbsu.flamestream.runtime.acker.LocalAcker$Flush] from Actor[akka://worker/user/watcher/graph0000000000/graph/local-acker#-120268419] to Actor[akka://worker/user/watcher/graph0000000000/graph/local-acker#-120268419] was not delivered. [3] dead letters encountered. This logging can be turned off or adjusted with configuration settings 'akka.log-dead-letters' and 'akka.log-dead-letters-during-shutdown'.
13:27:52.019 [worker-akka.actor.default-dispatcher-2] INFO  a.a.LocalActorRef akka://worker/user/watcher/graph0000000000/graph/local-acker - Message [com.spbsu.flamestream.runtime.acker.LocalAcker$Flush] from Actor[akka://worker/user/watcher/graph0000000000/graph/local-acker#-120268419] to Actor[akka://worker/user/watcher/graph0000000000/graph/local-acker#-120268419] was not delivered. [4] dead letters encountered. This logging can be turned off or adjusted with configuration settings 'akka.log-dead-letters' and 'akka.log-dead-letters-during-shutdown'.
13:27:52.020 [worker-akka.actor.default-dispatcher-2] INFO  a.a.LocalActorRef akka://worker/user/watcher/graph0000000000/graph/local-acker - Message [com.spbsu.flamestream.runtime.acker.LocalAcker$Flush] from Actor[akka://worker/user/watcher/graph0000000000/graph/local-acker#-120268419] to Actor[akka://worker/user/watcher/graph0000000000/graph/local-acker#-120268419] was not delivered. [5] dead letters encountered. This logging can be turned off or adjusted with configuration settings 'akka.log-dead-letters' and 'akka.log-dead-letters-during-shutdown'.
13:27:52.021 [worker-akka.actor.default-dispatcher-2] INFO  a.a.LocalActorRef akka://worker/user/watcher/graph0000000000/graph/local-acker - Message [com.spbsu.flamestream.runtime.acker.LocalAcker$Flush] from Actor[akka://worker/user/watcher/graph0000000000/graph/local-acker#-120268419] to Actor[akka://worker/user/watcher/graph0000000000/graph/local-acker#-120268419] was not delivered. [6] dead letters encountered. This logging can be turned off or adjusted with configuration settings 'akka.log-dead-letters' and 'akka.log-dead-letters-during-shutdown'.
13:27:52.021 [worker-akka.actor.default-dispatcher-2] INFO  a.a.LocalActorRef akka://worker/user/watcher/graph0000000000/graph/local-acker - Message [com.spbsu.flamestream.runtime.acker.LocalAcker$Flush] from Actor[akka://worker/user/watcher/graph0000000000/graph/local-acker#-120268419] to Actor[akka://worker/user/watcher/graph0000000000/graph/local-acker#-120268419] was not delivered. [7] dead letters encountered. This logging can be turned off or adjusted with configuration settings 'akka.log-dead-letters' and 'akka.log-dead-letters-during-shutdown'.
13:27:52.023 [worker-akka.actor.default-dispatcher-2] INFO  a.a.LocalActorRef akka://worker/user/watcher/graph0000000000/graph/local-acker - Message [com.spbsu.flamestream.runtime.acker.LocalAcker$Flush] from Actor[akka://worker/user/watcher/graph0000000000/graph/local-acker#-120268419] to Actor[akka://worker/user/watcher/graph0000000000/graph/local-acker#-120268419] was not delivered. [8] dead letters encountered. This logging can be turned off or adjusted with configuration settings 'akka.log-dead-letters' and 'akka.log-dead-letters-during-shutdown'.
13:27:52.023 [worker-akka.actor.default-dispatcher-2] INFO  a.a.LocalActorRef akka://worker/user/watcher/graph0000000000/graph/local-acker - Message [com.spbsu.flamestream.runtime.acker.LocalAcker$Flush] from Actor[akka://worker/user/watcher/graph0000000000/graph/local-acker#-120268419] to Actor[akka://worker/user/watcher/graph0000000000/graph/local-acker#-120268419] was not delivered. [9] dead letters encountered. This logging can be turned off or adjusted with configuration settings 'akka.log-dead-letters' and 'akka.log-dead-letters-during-shutdown'.
13:27:52.024 [worker-akka.actor.default-dispatcher-2] INFO  a.a.LocalActorRef akka://worker/user/watcher/graph0000000000/graph/local-acker - Message [com.spbsu.flamestream.runtime.acker.LocalAcker$Flush] from Actor[akka://worker/user/watcher/graph0000000000/graph/local-acker#-120268419] to Actor[akka://worker/user/watcher/graph0000000000/graph/local-acker#-120268419] was not delivered. [10] dead letters encountered. This logging can be turned off or adjusted with configuration settings 'akka.log-dead-letters' and 'akka.log-dead-letters-during-shutdown'.
13:27:52.025 [worker-akka.actor.default-dispatcher-2] INFO  a.a.LocalActorRef akka://worker/user/watcher/graph0000000000/graph - Stopped
13:27:52.027 [worker-akka.actor.default-dispatcher-2-EventThread] INFO  o.a.z.ClientCnxn  - EventThread shut down for session: 0x161ae307a940004
13:27:52.028 [worker-akka.actor.default-dispatcher-2] INFO  o.a.z.ZooKeeper  - Session: 0x161ae307a940004 closed
13:27:52.028 [worker-akka.actor.default-dispatcher-2] INFO  a.a.LocalActorRef akka://worker/user/watcher/graph0000000000 - Stopped
13:27:52.028 [worker-akka.actor.default-dispatcher-2] INFO  a.a.RepointableActorRef akka://worker/user/watcher - Stopped
13:27:52.044 [worker-akka.actor.default-dispatcher-2] INFO  a.r.RemoteActorRefProvider$RemotingTerminator akka://worker@172.31.39.64:5412/system/remoting-terminator - Shutting down remote daemon.
13:27:52.046 [worker-akka.actor.default-dispatcher-2] INFO  a.r.RemoteActorRefProvider$RemotingTerminator akka://worker@172.31.39.64:5412/system/remoting-terminator - Remote daemon shut down; proceeding with flushing remote transports.
13:27:52.207 [worker-akka.actor.default-dispatcher-2] INFO  a.r.RemoteActorRefProvider$RemotingTerminator akka://worker@172.31.39.64:5412/system/remoting-terminator - Remoting shut down.
Heap
 def new generation   total 153600K, used 46781K [0x00000000e0c00000, 0x00000000eb2a0000, 0x00000000eb2a0000)
  eden space 136576K,  27% used [0x00000000e0c00000, 0x00000000e30065f0, 0x00000000e9160000)
  from space 17024K,  58% used [0x00000000ea200000, 0x00000000eaba8e48, 0x00000000eb2a0000)
  to   space 17024K,   0% used [0x00000000e9160000, 0x00000000e9160000, 0x00000000ea200000)
 tenured generation   total 341376K, used 91846K [0x00000000eb2a0000, 0x0000000100000000, 0x0000000100000000)
   the space 341376K,  26% used [0x00000000eb2a0000, 0x00000000f0c51bf8, 0x00000000f0c51c00, 0x0000000100000000)
 Metaspace       used 33532K, capacity 34282K, committed 34688K, reserved 1079296K
  class space    used 4456K, capacity 4624K, committed 4736K, reserved 1048576K
