13:59:00.218 [worker-akka.actor.default-dispatcher-2] INFO  a.e.s.Slf4jLogger  - Slf4jLogger started
2018-02-19T13:59:00.397+0000: 2.756: [Full GC (Metadata GC Threshold) 2018-02-19T13:59:00.397+0000: 2.756: [Tenured: 0K->15410K(341376K), 0.0386051 secs] 117538K->15410K(494976K), [Metaspace: 20878K->20878K(1067008K)], 0.0386715 secs] [Times: user=0.04 sys=0.01, real=0.04 secs] 
Ama winner
Ama winner
13:59:00.892 [worker-akka.actor.default-dispatcher-2] INFO  a.r.a.ArteryTransport(akka://worker) akka.remote.artery.ArteryTransport(akka://worker) - Started embedded media driver in directory [/dev/shm/aeron-root-worker-28b37719-3829-40b7-a6a8-e02d9473ef4f]
13:59:01.110 [worker-akka.actor.default-dispatcher-2] INFO  a.r.a.ArteryTransport(akka://worker) akka.remote.artery.ArteryTransport(akka://worker) - Remoting started; listening on address: [akka://worker@172.31.39.64:5412] with UID [4292736866146573242]
13:59:01.216 [worker-akka.actor.default-dispatcher-2] INFO  o.a.z.ZooKeeper  - Client environment:zookeeper.version=3.4.9-1757313, built on 08/23/2016 06:50 GMT
13:59:01.216 [worker-akka.actor.default-dispatcher-2] INFO  o.a.z.ZooKeeper  - Client environment:host.name=ip-172-31-39-64.us-east-2.compute.internal
13:59:01.217 [worker-akka.actor.default-dispatcher-2] INFO  o.a.z.ZooKeeper  - Client environment:java.version=1.8.0_151
13:59:01.217 [worker-akka.actor.default-dispatcher-2] INFO  o.a.z.ZooKeeper  - Client environment:java.vendor=Oracle Corporation
13:59:01.217 [worker-akka.actor.default-dispatcher-2] INFO  o.a.z.ZooKeeper  - Client environment:java.home=/usr/lib/jvm/java-8-openjdk-amd64/jre
13:59:01.217 [worker-akka.actor.default-dispatcher-2] INFO  o.a.z.ZooKeeper  - Client environment:java.class.path=lib/commons-cli-1.4.jar:lib/minlog-1.3.0.jar:lib/asm-5.0.4.jar:lib/hadoop-annotations-2.7.3.jar:lib/hadoop-auth-2.7.3.jar:lib/akka-slf4j_2.11-2.5.6.jar:lib/jersey-core-1.9.jar:lib/lz4-1.3.0.jar:lib/jackson-core-asl-1.9.13.jar:lib/aeron-client-1.3.0.jar:lib/htrace-core-3.1.0-incubating.jar:lib/xz-1.0.jar:lib/commons-httpclient-3.1.jar:lib/asm-3.1.jar:lib/commons-lang3-3.4.jar:lib/scala-library-2.11.11.jar:lib/scala-java8-compat_2.11-0.7.0.jar:lib/commons-configuration-1.6.jar:lib/objenesis-2.1.jar:lib/jackson-annotations-2.8.0.jar:lib/jsr305-3.0.0.jar:lib/curator-framework-2.7.1.jar:lib/jersey-server-1.9.jar:lib/jets3t-0.9.0.jar:lib/leveldb-0.7.jar:lib/jetty-6.1.26.jar:lib/stax-api-1.0-2.jar:lib/flamestream-core-1.0-SNAPSHOT.jar:lib/reflectasm-1.07-shaded.jar:lib/apacheds-kerberos-codec-2.0.0-M15.jar:lib/api-asn1-api-1.0.0-M20.jar:lib/commons-lang-2.6.jar:lib/commons-beanutils-1.7.0.jar:lib/jackson-xc-1.8.3.jar:lib/jetty-util-6.1.26.jar:lib/logback-classic-1.2.3.jar:lib/jool-0.9.12.jar:lib/flamestream-runtime-1.0-SNAPSHOT-tests.jar:lib/httpcore-4.1.2.jar:lib/kryo-4.0.0.jar:lib/ant-1.8.1.jar:lib/jaxb-impl-2.2.3-1.jar:lib/jersey-json-1.9.jar:lib/commons-compress-1.4.1.jar:lib/leveldbjni-all-1.8.jar:lib/paranamer-2.3.jar:lib/jackson-core-2.8.4.jar:lib/commons-math3-3.6.1.jar:lib/scala-parser-combinators_2.11-1.0.4.jar:lib/netty-3.10.6.Final.jar:lib/trove4j-3.0.3.jar:lib/jaxb-api-2.2.2.jar:lib/logback-core-1.2.3.jar:lib/snappy-java-1.0.4.1.jar:lib/protobuf-java-2.5.0.jar:lib/reactive-streams-1.0.1.jar:lib/flamestream-examples-1.0-SNAPSHOT.jar:lib/commons-codec-1.4.jar:lib/activation-1.1.jar:lib/commons-net-3.1.jar:lib/curator-recipes-2.7.1.jar:lib/jackson-mapper-asl-1.9.13.jar:lib/jackson-databind-2.8.4.jar:lib/flamestream-runtime-1.0-SNAPSHOT.jar:lib/jackson-jaxrs-1.8.3.jar:lib/slf4j-api-1.7.24.jar:lib/akka-remote_2.11-2.5.6.jar:lib/akka-testkit_2.11-2.5.6.jar:lib/jline-0.9.94.jar:lib/akka-stream_2.11-2.5.6.jar:lib/jsp-api-2.1.jar:lib/kryonet-2.21.jar:lib/akka-kryo-serialization_2.11-0.5.0.jar:lib/config-1.3.1.jar:lib/ant-launcher-1.8.1.jar:lib/commons-logging-1.2.jar:lib/ssl-config-core_2.11-0.2.2.jar:lib/testng-6.10.jar:lib/leveldb-api-0.7.jar:lib/reflectasm-1.11.3.jar:lib/jcommander-1.48.jar:lib/commons-1.1.jar:lib/commons-digester-1.8.jar:lib/minlog-1.2.jar:lib/java-xmlbuilder-0.4.jar:lib/jettison-1.1.jar:lib/gson-2.2.4.jar:lib/jdk.tools-1.8.jar:lib/aeron-driver-1.3.0.jar:lib/zookeeper-3.4.9.jar:lib/commons-beanutils-core-1.8.0.jar:lib/commons-math3-3.1.1.jar:lib/akka-actor_2.11-2.5.6.jar:lib/curator-client-2.7.1.jar:lib/servlet-api-2.5.jar:lib/apacheds-i18n-2.0.0-M15.jar:lib/commons-io-2.4.jar:lib/commons-codec-1.6.jar:lib/akka-protobuf_2.11-2.5.6.jar:lib/protobuf-java-3.5.1.jar:lib/jdom-2.0.2.jar:lib/api-util-1.0.0-M20.jar:lib/hadoop-common-2.7.3.jar:lib/agrona-0.9.6.jar:lib/xmlenc-0.52.jar:lib/guava-21.0.jar:lib/commons-collections-3.2.2.jar:lib/avro-1.7.4.jar:lib/httpclient-4.1.2.jar:lib/flamestream-core-1.0-SNAPSHOT-tests.jar:lib/annotations-12.0.jar:lib/jsch-0.1.42.jar:flamestream-runtime-1.0-SNAPSHOT.jar
13:59:01.217 [worker-akka.actor.default-dispatcher-2] INFO  o.a.z.ZooKeeper  - Client environment:java.library.path=/usr/java/packages/lib/amd64:/usr/lib/x86_64-linux-gnu/jni:/lib/x86_64-linux-gnu:/usr/lib/x86_64-linux-gnu:/usr/lib/jni:/lib:/usr/lib
13:59:01.217 [worker-akka.actor.default-dispatcher-2] INFO  o.a.z.ZooKeeper  - Client environment:java.io.tmpdir=/tmp
13:59:01.217 [worker-akka.actor.default-dispatcher-2] INFO  o.a.z.ZooKeeper  - Client environment:java.compiler=<NA>
13:59:01.217 [worker-akka.actor.default-dispatcher-2] INFO  o.a.z.ZooKeeper  - Client environment:os.name=Linux
13:59:01.217 [worker-akka.actor.default-dispatcher-2] INFO  o.a.z.ZooKeeper  - Client environment:os.arch=amd64
13:59:01.217 [worker-akka.actor.default-dispatcher-2] INFO  o.a.z.ZooKeeper  - Client environment:os.version=4.4.0-1049-aws
13:59:01.217 [worker-akka.actor.default-dispatcher-2] INFO  o.a.z.ZooKeeper  - Client environment:user.name=root
13:59:01.219 [worker-akka.actor.default-dispatcher-2] INFO  o.a.z.ZooKeeper  - Client environment:user.home=/root
13:59:01.219 [worker-akka.actor.default-dispatcher-2] INFO  o.a.z.ZooKeeper  - Client environment:user.dir=/opt/flamestream
13:59:01.221 [worker-akka.actor.default-dispatcher-2] INFO  o.a.z.ZooKeeper  - Initiating client connection, connectString=172.31.34.147:2181 sessionTimeout=5000 watcher=com.spbsu.flamestream.runtime.application.LifecycleWatcher$$Lambda$29/1058902145@7d2d403
13:59:01.262 [worker-akka.actor.default-dispatcher-2] INFO  a.a.RepointableActorRef akka://worker/user/watcher - Starting...
13:59:01.266 [worker-akka.actor.default-dispatcher-2-SendThread(172.31.34.147:2181)] INFO  o.a.z.ClientCnxn  - Opening socket connection to server 172.31.34.147/172.31.34.147:2181. Will not attempt to authenticate using SASL (unknown error)
13:59:01.270 [worker-akka.actor.default-dispatcher-2-SendThread(172.31.34.147:2181)] INFO  o.a.z.ClientCnxn  - Socket connection established to 172.31.34.147/172.31.34.147:2181, initiating session
13:59:01.277 [worker-akka.actor.default-dispatcher-2-SendThread(172.31.34.147:2181)] INFO  o.a.z.ClientCnxn  - Session establishment complete on server 172.31.34.147/172.31.34.147:2181, sessionid = 0x161ae5b84060007, negotiated timeout = 6000
13:59:01.374 [worker-akka.actor.default-dispatcher-2] INFO  a.a.RepointableActorRef akka://worker/user/watcher - Connected to ZK
13:59:12.143 [worker-akka.actor.default-dispatcher-2] INFO  a.a.RepointableActorRef akka://worker/user/watcher - Creating node with watchGraphs: 'com.spbsu.flamestream.core.Graph$Builder$MyGraph@5b1552ce', config: 'ClusterConfig{paths={172.31.33.155=akka://worker@172.31.33.155:5412/user/watcher/graph0000000000, 172.31.47.83=akka://worker@172.31.47.83:5412/user/watcher/graph0000000000, 172.31.45.197=akka://worker@172.31.45.197:5412/user/watcher/graph0000000000, 172.31.42.36=akka://worker@172.31.42.36:5412/user/watcher/graph0000000000, 172.31.44.83=akka://worker@172.31.44.83:5412/user/watcher/graph0000000000, 172.31.39.64=akka://worker@172.31.39.64:5412/user/watcher/graph0000000000, 172.31.35.79=akka://worker@172.31.35.79:5412/user/watcher/graph0000000000, 172.31.34.169=akka://worker@172.31.34.169:5412/user/watcher/graph0000000000, 172.31.47.100=akka://worker@172.31.47.100:5412/user/watcher/graph0000000000, 172.31.37.101=akka://worker@172.31.37.101:5412/user/watcher/graph0000000000}, ackerLocation='172.31.35.79', props=ComputationLayout{ranges={172.31.33.155=HashRange{from=-1670265060, to=-1193046472}, 172.31.47.83=HashRange{from=1670265056, to=2147483644}, 172.31.45.197=HashRange{from=-715827884, to=-238609296}, 172.31.42.36=HashRange{from=1193046468, to=1670265056}, 172.31.44.83=HashRange{from=-238609296, to=238609292}, 172.31.39.64=HashRange{from=715827880, to=1193046468}, 172.31.35.79=HashRange{from=0, to=0}, 172.31.34.169=HashRange{from=-2147483648, to=-1670265060}, 172.31.47.100=HashRange{from=238609292, to=715827880}, 172.31.37.101=HashRange{from=-1193046472, to=-715827884}}}}'
13:59:12.989 [worker-akka.actor.default-dispatcher-2] INFO  a.a.LocalActorRef akka://worker/user/watcher/graph0000000000/graph - Starting...
13:59:12.993 [worker-akka.actor.default-dispatcher-2] INFO  a.a.LocalActorRef akka://worker/user/watcher/graph0000000000/graph/local-acker/$a - Starting...
13:59:12.993 [worker-akka.actor.default-dispatcher-2] INFO  a.a.LocalActorRef akka://worker/user/watcher/graph0000000000/graph/local-acker - Starting...
Warning: space is running low in /dev/shm (tmpfs) threshold=167,772,160 usable=158,621,696
Warning: space is running low in /dev/shm (tmpfs) threshold=167,772,160 usable=146,034,688
Warning: space is running low in /dev/shm (tmpfs) threshold=167,772,160 usable=133,447,680
Warning: space is running low in /dev/shm (tmpfs) threshold=167,772,160 usable=120,860,672
Warning: space is running low in /dev/shm (tmpfs) threshold=167,772,160 usable=108,273,664
Warning: space is running low in /dev/shm (tmpfs) threshold=167,772,160 usable=95,686,656
Warning: space is running low in /dev/shm (tmpfs) threshold=167,772,160 usable=83,099,648
Warning: space is running low in /dev/shm (tmpfs) threshold=167,772,160 usable=70,512,640
13:59:14.564 [worker-akka.actor.default-dispatcher-2] INFO  a.a.LocalActorRef akka://worker/user/watcher/graph0000000000/graph - Finishing constructor
13:59:14.565 [worker-akka.actor.default-dispatcher-2] INFO  a.a.LocalActorRef akka://worker/user/watcher/graph0000000000 - Starting...
13:59:14.567 [worker-akka.actor.default-dispatcher-2] INFO  a.a.LocalActorRef akka://worker/user/watcher/graph0000000000/negotiator - Starting...
13:59:14.567 [worker-akka.actor.default-dispatcher-2] INFO  a.a.LocalActorRef akka://worker/user/watcher/graph0000000000/edge - Starting...
13:59:14.654 [worker-akka.actor.default-dispatcher-2] INFO  c.s.f.r.e.s.SocketRear  - FlameSocketGraphDeployerRear@172.31.39.64: connecting to 172.31.34.147:5678
13:59:14.660 [worker-akka.actor.default-dispatcher-2] INFO  c.s.f.r.e.s.SocketRear  - FlameSocketGraphDeployerRear@172.31.39.64: connected to 172.31.34.147:5678
13:59:14.689 [worker-akka.actor.default-dispatcher-2] INFO  a.a.LocalActorRef akka://worker/user/watcher/graph0000000000/graph/$a - Starting...
13:59:14.696 [worker-akka.actor.default-dispatcher-2] INFO  a.a.LocalActorRef akka://worker/user/watcher/graph0000000000/graph/$b - Starting...
13:59:14.697 [worker-akka.actor.default-dispatcher-2] INFO  a.a.LocalActorRef akka://worker/user/watcher/graph0000000000/graph/$c - Starting...
13:59:14.698 [worker-akka.actor.default-dispatcher-2] INFO  a.a.LocalActorRef akka://worker/user/watcher/graph0000000000/edge/FlameSocketGraphDeployerRear - Starting...
13:59:14.699 [worker-akka.actor.default-dispatcher-2] INFO  a.a.LocalActorRef akka://worker/user/watcher/graph0000000000/edge/FlameSocketGraphDeployerFront - Starting...
13:59:14.701 [worker-akka.actor.default-dispatcher-2] INFO  a.a.LocalActorRef akka://worker/user/watcher/graph0000000000/negotiator - Requesting ticket for the frontClass FlameSocketGraphDeployerFront@172.31.39.64
13:59:14.702 [worker-akka.actor.default-dispatcher-2] INFO  a.a.LocalActorRef akka://worker/user/watcher/graph0000000000/negotiator - Ticket for the frontClass received: FrontTicket{allowedTimestamp=(1519048752140, FlameSocketGraphDeployerFront@172.31.39.64)}
13:59:14.705 [worker-akka.actor.default-dispatcher-2] INFO  c.s.f.r.e.s.SocketFront  - FlameSocketGraphDeployerFront@172.31.39.64: connecting to 172.31.34.147:4567
13:59:14.725 [Client] INFO  c.s.f.r.e.s.SocketFront  - FlameSocketGraphDeployerFront@172.31.39.64 has been disconnected from Connection 7
2018-02-19T13:59:18.103+0000: 20.461: [GC (Allocation Failure) 2018-02-19T13:59:18.103+0000: 20.461: [DefNew: 136576K->15477K(153600K), 0.0511861 secs] 151986K->50419K(494976K), 0.0512538 secs] [Times: user=0.04 sys=0.02, real=0.05 secs] 
2018-02-19T13:59:32.611+0000: 34.970: [GC (Allocation Failure) 2018-02-19T13:59:32.611+0000: 34.970: [DefNew: 152053K->3819K(153600K), 0.0220199 secs] 186995K->46384K(494976K), 0.0220870 secs] [Times: user=0.02 sys=0.01, real=0.02 secs] 
2018-02-19T13:59:46.731+0000: 49.089: [GC (Allocation Failure) 2018-02-19T13:59:46.731+0000: 49.089: [DefNew: 140395K->5715K(153600K), 0.0120099 secs] 182960K->48280K(494976K), 0.0120790 secs] [Times: user=0.01 sys=0.00, real=0.01 secs] 
2018-02-19T13:59:59.138+0000: 61.496: [GC (Allocation Failure) 2018-02-19T13:59:59.138+0000: 61.496: [DefNew: 142291K->7476K(153600K), 0.0160348 secs] 184856K->50041K(494976K), 0.0160984 secs] [Times: user=0.01 sys=0.00, real=0.02 secs] 
2018-02-19T14:00:13.126+0000: 75.485: [GC (Allocation Failure) 2018-02-19T14:00:13.126+0000: 75.485: [DefNew: 144052K->8697K(153600K), 0.0152342 secs] 186617K->51262K(494976K), 0.0153045 secs] [Times: user=0.01 sys=0.00, real=0.02 secs] 
2018-02-19T14:00:26.420+0000: 88.778: [GC (Allocation Failure) 2018-02-19T14:00:26.420+0000: 88.778: [DefNew: 145273K->8318K(153600K), 0.0170040 secs] 187838K->52446K(494976K), 0.0170687 secs] [Times: user=0.02 sys=0.00, real=0.02 secs] 
2018-02-19T14:00:40.339+0000: 102.697: [GC (Allocation Failure) 2018-02-19T14:00:40.339+0000: 102.697: [DefNew: 144894K->9789K(153600K), 0.0156892 secs] 189022K->53917K(494976K), 0.0157549 secs] [Times: user=0.01 sys=0.00, real=0.02 secs] 
2018-02-19T14:00:58.680+0000: 121.039: [GC (Allocation Failure) 2018-02-19T14:00:58.680+0000: 121.039: [DefNew: 146365K->8413K(153600K), 0.0173587 secs] 190493K->54800K(494976K), 0.0174360 secs] [Times: user=0.01 sys=0.00, real=0.02 secs] 
2018-02-19T14:01:15.475+0000: 137.834: [GC (Allocation Failure) 2018-02-19T14:01:15.475+0000: 137.834: [DefNew: 144989K->10152K(153600K), 0.0159593 secs] 191376K->56538K(494976K), 0.0160280 secs] [Times: user=0.02 sys=0.00, real=0.02 secs] 
2018-02-19T14:01:28.783+0000: 151.142: [GC (Allocation Failure) 2018-02-19T14:01:28.783+0000: 151.142: [DefNew: 146728K->8800K(153600K), 0.0188022 secs] 193114K->57795K(494976K), 0.0188676 secs] [Times: user=0.01 sys=0.01, real=0.02 secs] 
2018-02-19T14:01:43.563+0000: 165.922: [GC (Allocation Failure) 2018-02-19T14:01:43.563+0000: 165.922: [DefNew: 145376K->8600K(153600K), 0.0155030 secs] 194371K->58675K(494976K), 0.0155748 secs] [Times: user=0.01 sys=0.00, real=0.01 secs] 
2018-02-19T14:02:01.665+0000: 184.024: [GC (Allocation Failure) 2018-02-19T14:02:01.665+0000: 184.024: [DefNew: 145176K->8704K(153600K), 0.0166025 secs] 195251K->59920K(494976K), 0.0166743 secs] [Times: user=0.01 sys=0.00, real=0.02 secs] 
2018-02-19T14:02:19.446+0000: 201.805: [GC (Allocation Failure) 2018-02-19T14:02:19.446+0000: 201.805: [DefNew: 145280K->8424K(153600K), 0.0170913 secs] 196496K->61177K(494976K), 0.0171576 secs] [Times: user=0.02 sys=0.00, real=0.02 secs] 
2018-02-19T14:02:33.685+0000: 216.044: [GC (Allocation Failure) 2018-02-19T14:02:33.685+0000: 216.044: [DefNew: 145000K->9567K(153600K), 0.0155197 secs] 197753K->62321K(494976K), 0.0156046 secs] [Times: user=0.02 sys=0.00, real=0.02 secs] 
2018-02-19T14:02:51.698+0000: 234.056: [GC (Allocation Failure) 2018-02-19T14:02:51.698+0000: 234.056: [DefNew: 146143K->9927K(153600K), 0.0176129 secs] 198897K->63745K(494976K), 0.0176867 secs] [Times: user=0.01 sys=0.00, real=0.02 secs] 
2018-02-19T14:03:08.312+0000: 250.671: [GC (Allocation Failure) 2018-02-19T14:03:08.313+0000: 250.671: [DefNew: 146503K->9230K(153600K), 0.0184616 secs] 200321K->65074K(494976K), 0.0185308 secs] [Times: user=0.02 sys=0.00, real=0.02 secs] 
2018-02-19T14:03:22.541+0000: 264.899: [GC (Allocation Failure) 2018-02-19T14:03:22.541+0000: 264.899: [DefNew: 145806K->10122K(153600K), 0.0181836 secs] 201650K->67141K(494976K), 0.0182599 secs] [Times: user=0.02 sys=0.00, real=0.01 secs] 
2018-02-19T14:03:39.507+0000: 281.866: [GC (Allocation Failure) 2018-02-19T14:03:39.508+0000: 281.866: [DefNew: 146698K->9131K(153600K), 0.0184823 secs] 203717K->68380K(494976K), 0.0185549 secs] [Times: user=0.02 sys=0.00, real=0.02 secs] 
2018-02-19T14:03:59.464+0000: 301.823: [GC (Allocation Failure) 2018-02-19T14:03:59.465+0000: 301.823: [DefNew: 145707K->9171K(153600K), 0.0166686 secs] 204956K->69707K(494976K), 0.0167436 secs] [Times: user=0.02 sys=0.00, real=0.02 secs] 
2018-02-19T14:04:15.745+0000: 318.104: [GC (Allocation Failure) 2018-02-19T14:04:15.745+0000: 318.104: [DefNew: 145747K->8586K(153600K), 0.0163687 secs] 206283K->70782K(494976K), 0.0164381 secs] [Times: user=0.02 sys=0.00, real=0.02 secs] 
2018-02-19T14:04:29.190+0000: 331.549: [GC (Allocation Failure) 2018-02-19T14:04:29.190+0000: 331.549: [DefNew: 145162K->8435K(153600K), 0.0172090 secs] 207358K->72011K(494976K), 0.0172743 secs] [Times: user=0.01 sys=0.00, real=0.01 secs] 
2018-02-19T14:04:42.415+0000: 344.773: [GC (Allocation Failure) 2018-02-19T14:04:42.415+0000: 344.773: [DefNew: 145011K->10164K(153600K), 0.0160185 secs] 208587K->73740K(494976K), 0.0160856 secs] [Times: user=0.02 sys=0.00, real=0.02 secs] 
2018-02-19T14:04:58.798+0000: 361.157: [GC (Allocation Failure) 2018-02-19T14:04:58.798+0000: 361.157: [DefNew: 146740K->9984K(153600K), 0.0187147 secs] 210316K->75831K(494976K), 0.0188114 secs] [Times: user=0.02 sys=0.00, real=0.02 secs] 
2018-02-19T14:05:14.148+0000: 376.507: [GC (Allocation Failure) 2018-02-19T14:05:14.149+0000: 376.507: [DefNew: 146560K->9369K(153600K), 0.0187428 secs] 212407K->77822K(494976K), 0.0188129 secs] [Times: user=0.02 sys=0.00, real=0.01 secs] 
2018-02-19T14:05:26.435+0000: 388.794: [GC (Allocation Failure) 2018-02-19T14:05:26.436+0000: 388.794: [DefNew: 145945K->7951K(153600K), 0.0170008 secs] 214398K->78737K(494976K), 0.0170694 secs] [Times: user=0.01 sys=0.00, real=0.02 secs] 
2018-02-19T14:05:42.581+0000: 404.940: [GC (Allocation Failure) 2018-02-19T14:05:42.581+0000: 404.940: [DefNew: 144527K->9261K(153600K), 0.0146271 secs] 215313K->80047K(494976K), 0.0146937 secs] [Times: user=0.02 sys=0.00, real=0.01 secs] 
2018-02-19T14:05:57.469+0000: 419.828: [GC (Allocation Failure) 2018-02-19T14:05:57.469+0000: 419.828: [DefNew: 145837K->9473K(153600K), 0.0180189 secs] 216623K->81632K(494976K), 0.0180864 secs] [Times: user=0.01 sys=0.01, real=0.01 secs] 
2018-02-19T14:06:12.907+0000: 435.265: [GC (Allocation Failure) 2018-02-19T14:06:12.907+0000: 435.265: [DefNew: 146049K->9567K(153600K), 0.0181567 secs] 218208K->82799K(494976K), 0.0182234 secs] [Times: user=0.01 sys=0.00, real=0.02 secs] 
2018-02-19T14:06:26.481+0000: 448.840: [GC (Allocation Failure) 2018-02-19T14:06:26.482+0000: 448.840: [DefNew: 146143K->9448K(153600K), 0.0163374 secs] 219375K->84025K(494976K), 0.0164027 secs] [Times: user=0.01 sys=0.00, real=0.01 secs] 
2018-02-19T14:06:43.177+0000: 465.536: [GC (Allocation Failure) 2018-02-19T14:06:43.177+0000: 465.536: [DefNew: 146024K->10091K(153600K), 0.0195960 secs] 220601K->85664K(494976K), 0.0196656 secs] [Times: user=0.02 sys=0.00, real=0.02 secs] 
2018-02-19T14:06:58.633+0000: 480.991: [GC (Allocation Failure) 2018-02-19T14:06:58.633+0000: 480.991: [DefNew: 146667K->9284K(153600K), 0.0185161 secs] 222240K->87398K(494976K), 0.0185809 secs] [Times: user=0.02 sys=0.00, real=0.02 secs] 
2018-02-19T14:07:13.037+0000: 495.396: [GC (Allocation Failure) 2018-02-19T14:07:13.037+0000: 495.396: [DefNew: 145860K->8484K(153600K), 0.0168902 secs] 223974K->88302K(494976K), 0.0169615 secs] [Times: user=0.01 sys=0.00, real=0.02 secs] 
2018-02-19T14:07:26.691+0000: 509.050: [GC (Allocation Failure) 2018-02-19T14:07:26.691+0000: 509.050: [DefNew: 145060K->10143K(153600K), 0.0149594 secs] 224878K->89960K(494976K), 0.0150230 secs] [Times: user=0.01 sys=0.00, real=0.01 secs] 
2018-02-19T14:07:41.748+0000: 524.106: [GC (Allocation Failure) 2018-02-19T14:07:41.748+0000: 524.106: [DefNew: 146719K->9509K(153600K), 0.0185484 secs] 226536K->91784K(494976K), 0.0186254 secs] [Times: user=0.02 sys=0.00, real=0.02 secs] 
2018-02-19T14:07:56.409+0000: 538.768: [GC (Allocation Failure) 2018-02-19T14:07:56.409+0000: 538.768: [DefNew: 146085K->9207K(153600K), 0.0293822 secs] 228360K->92935K(494976K), 0.0294497 secs] [Times: user=0.00 sys=0.03, real=0.02 secs] 
2018-02-19T14:08:10.197+0000: 552.556: [GC (Allocation Failure) 2018-02-19T14:08:10.197+0000: 552.556: [DefNew: 145783K->8973K(153600K), 0.0290242 secs] 229511K->94426K(494976K), 0.0290949 secs] [Times: user=0.00 sys=0.04, real=0.03 secs] 
2018-02-19T14:08:27.497+0000: 569.856: [GC (Allocation Failure) 2018-02-19T14:08:27.497+0000: 569.856: [DefNew: 145549K->9225K(153600K), 0.0157515 secs] 231002K->96056K(494976K), 0.0158421 secs] [Times: user=0.01 sys=0.00, real=0.02 secs] 
2018-02-19T14:08:43.259+0000: 585.618: [GC (Allocation Failure) 2018-02-19T14:08:43.259+0000: 585.618: [DefNew: 145801K->9743K(153600K), 0.0181166 secs] 232632K->97977K(494976K), 0.0181985 secs] [Times: user=0.02 sys=0.00, real=0.02 secs] 
2018-02-19T14:08:56.560+0000: 598.919: [GC (Allocation Failure) 2018-02-19T14:08:56.560+0000: 598.919: [DefNew: 146319K->9872K(153600K), 0.0303168 secs] 234553K->99406K(494976K), 0.0303984 secs] [Times: user=0.00 sys=0.02, real=0.04 secs] 
2018-02-19T14:09:13.520+0000: 615.878: [GC (Allocation Failure) 2018-02-19T14:09:13.520+0000: 615.878: [DefNew: 146448K->10087K(153600K), 0.0167080 secs] 235982K->101221K(494976K), 0.0167728 secs] [Times: user=0.02 sys=0.00, real=0.02 secs] 
2018-02-19T14:09:27.377+0000: 629.736: [GC (Allocation Failure) 2018-02-19T14:09:27.377+0000: 629.736: [DefNew: 146663K->10327K(153600K), 0.0186739 secs] 237797K->103006K(494976K), 0.0187488 secs] [Times: user=0.02 sys=0.00, real=0.02 secs] 
14:09:33.370 [Client] INFO  c.s.f.r.e.s.SocketRear  - FlameSocketGraphDeployerRear@172.31.39.64: has been disconnected from Connection 7
14:09:46.594 [worker-akka.actor.default-dispatcher-2] INFO  a.a.CoordinatedShutdown CoordinatedShutdown(akka://worker) - Starting coordinated shutdown from JVM shutdown hook
14:09:46.643 [worker-akka.actor.default-dispatcher-2] INFO  a.a.LocalActorRef akka://worker/user/watcher/graph0000000000/negotiator - Stopped
14:09:46.644 [worker-akka.actor.default-dispatcher-2] INFO  a.a.LocalActorRef akka://worker/user/watcher/graph0000000000/edge/FlameSocketGraphDeployerFront - Stopped
14:09:46.644 [worker-akka.actor.default-dispatcher-2] INFO  a.a.LocalActorRef akka://worker/user/watcher/graph0000000000/edge/FlameSocketGraphDeployerRear - Stopped
14:09:46.644 [worker-akka.actor.default-dispatcher-2] INFO  a.a.LocalActorRef akka://worker/user/watcher/graph0000000000/graph/$a - Stopped
14:09:46.644 [worker-akka.actor.default-dispatcher-2] INFO  a.a.LocalActorRef akka://worker/user/watcher/graph0000000000/graph/$b - Stopped
14:09:46.645 [worker-akka.actor.default-dispatcher-2] INFO  a.a.LocalActorRef akka://worker/user/watcher/graph0000000000/graph/$c - Stopped
14:09:46.645 [worker-akka.actor.default-dispatcher-2] INFO  a.a.LocalActorRef akka://worker/user/watcher/graph0000000000/graph/local-acker/$a - Stopped
14:09:46.655 [worker-akka.actor.default-dispatcher-2] INFO  a.a.LocalActorRef akka://worker/user/watcher/graph0000000000/edge - Stopped
14:09:46.655 [worker-akka.actor.default-dispatcher-2] INFO  a.a.LocalActorRef akka://worker/user/watcher/graph0000000000/graph/local-acker/$a - Message [com.spbsu.flamestream.runtime.utils.akka.PingActor$InnerPing] from Actor[akka://worker/user/watcher/graph0000000000/graph/local-acker/$a#1375576297] to Actor[akka://worker/user/watcher/graph0000000000/graph/local-acker/$a#1375576297] was not delivered. [1] dead letters encountered. This logging can be turned off or adjusted with configuration settings 'akka.log-dead-letters' and 'akka.log-dead-letters-during-shutdown'.
14:09:46.655 [worker-akka.actor.default-dispatcher-2] INFO  a.a.LocalActorRef akka://worker/user/watcher/graph0000000000/graph/local-acker - Stopped
14:09:46.656 [worker-akka.actor.default-dispatcher-2] INFO  a.a.LocalActorRef akka://worker/user/watcher/graph0000000000/graph/local-acker/$a - Message [com.spbsu.flamestream.runtime.utils.akka.PingActor$Stop] from Actor[akka://worker/user/watcher/graph0000000000/graph/local-acker#-1521391029] to Actor[akka://worker/user/watcher/graph0000000000/graph/local-acker/$a#1375576297] was not delivered. [2] dead letters encountered. This logging can be turned off or adjusted with configuration settings 'akka.log-dead-letters' and 'akka.log-dead-letters-during-shutdown'.
14:09:46.656 [worker-akka.actor.default-dispatcher-2] INFO  a.a.LocalActorRef akka://worker/user/watcher/graph0000000000/graph/local-acker - Message [com.spbsu.flamestream.runtime.acker.LocalAcker$Flush] from Actor[akka://worker/user/watcher/graph0000000000/graph/local-acker#-1521391029] to Actor[akka://worker/user/watcher/graph0000000000/graph/local-acker#-1521391029] was not delivered. [3] dead letters encountered. This logging can be turned off or adjusted with configuration settings 'akka.log-dead-letters' and 'akka.log-dead-letters-during-shutdown'.
14:09:46.656 [worker-akka.actor.default-dispatcher-2] INFO  a.a.LocalActorRef akka://worker/user/watcher/graph0000000000/graph/local-acker - Message [com.spbsu.flamestream.runtime.acker.LocalAcker$Flush] from Actor[akka://worker/user/watcher/graph0000000000/graph/local-acker#-1521391029] to Actor[akka://worker/user/watcher/graph0000000000/graph/local-acker#-1521391029] was not delivered. [4] dead letters encountered. This logging can be turned off or adjusted with configuration settings 'akka.log-dead-letters' and 'akka.log-dead-letters-during-shutdown'.
14:09:46.660 [worker-akka.actor.default-dispatcher-2] INFO  a.a.LocalActorRef akka://worker/user/watcher/graph0000000000/graph/local-acker - Message [com.spbsu.flamestream.runtime.acker.LocalAcker$Flush] from Actor[akka://worker/user/watcher/graph0000000000/graph/local-acker#-1521391029] to Actor[akka://worker/user/watcher/graph0000000000/graph/local-acker#-1521391029] was not delivered. [5] dead letters encountered. This logging can be turned off or adjusted with configuration settings 'akka.log-dead-letters' and 'akka.log-dead-letters-during-shutdown'.
14:09:46.661 [worker-akka.actor.default-dispatcher-2] INFO  a.a.LocalActorRef akka://worker/user/watcher/graph0000000000/graph/local-acker - Message [com.spbsu.flamestream.runtime.acker.LocalAcker$Flush] from Actor[akka://worker/user/watcher/graph0000000000/graph/local-acker#-1521391029] to Actor[akka://worker/user/watcher/graph0000000000/graph/local-acker#-1521391029] was not delivered. [6] dead letters encountered. This logging can be turned off or adjusted with configuration settings 'akka.log-dead-letters' and 'akka.log-dead-letters-during-shutdown'.
14:09:46.662 [worker-akka.actor.default-dispatcher-2] INFO  a.a.LocalActorRef akka://worker/user/watcher/graph0000000000/graph/local-acker - Message [com.spbsu.flamestream.runtime.acker.LocalAcker$Flush] from Actor[akka://worker/user/watcher/graph0000000000/graph/local-acker#-1521391029] to Actor[akka://worker/user/watcher/graph0000000000/graph/local-acker#-1521391029] was not delivered. [7] dead letters encountered. This logging can be turned off or adjusted with configuration settings 'akka.log-dead-letters' and 'akka.log-dead-letters-during-shutdown'.
14:09:46.663 [worker-akka.actor.default-dispatcher-2] INFO  a.a.LocalActorRef akka://worker/user/watcher/graph0000000000/graph/local-acker - Message [com.spbsu.flamestream.runtime.acker.LocalAcker$Flush] from Actor[akka://worker/user/watcher/graph0000000000/graph/local-acker#-1521391029] to Actor[akka://worker/user/watcher/graph0000000000/graph/local-acker#-1521391029] was not delivered. [8] dead letters encountered. This logging can be turned off or adjusted with configuration settings 'akka.log-dead-letters' and 'akka.log-dead-letters-during-shutdown'.
14:09:46.664 [worker-akka.actor.default-dispatcher-2] INFO  a.a.LocalActorRef akka://worker/user/watcher/graph0000000000/graph/local-acker - Message [com.spbsu.flamestream.runtime.acker.LocalAcker$Flush] from Actor[akka://worker/user/watcher/graph0000000000/graph/local-acker#-1521391029] to Actor[akka://worker/user/watcher/graph0000000000/graph/local-acker#-1521391029] was not delivered. [9] dead letters encountered. This logging can be turned off or adjusted with configuration settings 'akka.log-dead-letters' and 'akka.log-dead-letters-during-shutdown'.
14:09:46.665 [worker-akka.actor.default-dispatcher-2] INFO  a.a.LocalActorRef akka://worker/user/watcher/graph0000000000/graph - Stopped
14:09:46.665 [worker-akka.actor.default-dispatcher-2] INFO  a.a.LocalActorRef akka://worker/user/watcher/graph0000000000 - Stopped
14:09:46.669 [worker-akka.actor.default-dispatcher-2-EventThread] INFO  o.a.z.ClientCnxn  - EventThread shut down for session: 0x161ae5b84060007
14:09:46.669 [worker-akka.actor.default-dispatcher-2] INFO  o.a.z.ZooKeeper  - Session: 0x161ae5b84060007 closed
14:09:46.670 [worker-akka.actor.default-dispatcher-2] INFO  a.a.RepointableActorRef akka://worker/user/watcher - Stopped
14:09:46.687 [worker-akka.actor.default-dispatcher-2] INFO  a.r.RemoteActorRefProvider$RemotingTerminator akka://worker@172.31.39.64:5412/system/remoting-terminator - Shutting down remote daemon.
14:09:46.690 [worker-akka.actor.default-dispatcher-2] INFO  a.r.RemoteActorRefProvider$RemotingTerminator akka://worker@172.31.39.64:5412/system/remoting-terminator - Remote daemon shut down; proceeding with flushing remote transports.
14:09:46.905 [worker-akka.actor.default-dispatcher-2] INFO  a.r.RemoteActorRefProvider$RemotingTerminator akka://worker@172.31.39.64:5412/system/remoting-terminator - Remoting shut down.
Heap
 def new generation   total 153600K, used 83677K [0x00000000e0c00000, 0x00000000eb2a0000, 0x00000000eb2a0000)
  eden space 136576K,  53% used [0x00000000e0c00000, 0x00000000e53a1960, 0x00000000e9160000)
  from space 17024K,  60% used [0x00000000ea200000, 0x00000000eac15e70, 0x00000000eb2a0000)
  to   space 17024K,   0% used [0x00000000e9160000, 0x00000000e9160000, 0x00000000ea200000)
 tenured generation   total 341376K, used 92679K [0x00000000eb2a0000, 0x0000000100000000, 0x0000000100000000)
   the space 341376K,  27% used [0x00000000eb2a0000, 0x00000000f0d21d18, 0x00000000f0d21e00, 0x0000000100000000)
 Metaspace       used 33476K, capacity 34234K, committed 34432K, reserved 1079296K
  class space    used 4457K, capacity 4624K, committed 4736K, reserved 1048576K
