12:01:58.648 [worker-akka.actor.default-dispatcher-2] INFO  a.e.s.Slf4jLogger  - Slf4jLogger started
2018-02-19T12:01:58.791+0000: 1.904: [Full GC (Metadata GC Threshold) 2018-02-19T12:01:58.791+0000: 1.904: [Tenured: 0K->15490K(341376K), 0.0392710 secs] 117538K->15490K(494976K), [Metaspace: 20940K->20940K(1067008K)], 0.0393355 secs] [Times: user=0.04 sys=0.00, real=0.04 secs] 
Ama winner
Ama winner
12:01:59.186 [worker-akka.actor.default-dispatcher-2] INFO  a.r.a.ArteryTransport(akka://worker) akka.remote.artery.ArteryTransport(akka://worker) - Started embedded media driver in directory [/dev/shm/aeron-root-worker-8f30ce09-0322-4e29-acc0-8b68eead7af6]
12:01:59.418 [worker-akka.actor.default-dispatcher-2] INFO  a.r.a.ArteryTransport(akka://worker) akka.remote.artery.ArteryTransport(akka://worker) - Remoting started; listening on address: [akka://worker@172.31.37.101:5412] with UID [2507548574669873651]
12:01:59.523 [worker-akka.actor.default-dispatcher-2] INFO  o.a.z.ZooKeeper  - Client environment:zookeeper.version=3.4.9-1757313, built on 08/23/2016 06:50 GMT
12:01:59.523 [worker-akka.actor.default-dispatcher-2] INFO  o.a.z.ZooKeeper  - Client environment:host.name=ip-172-31-37-101.us-east-2.compute.internal
12:01:59.523 [worker-akka.actor.default-dispatcher-2] INFO  o.a.z.ZooKeeper  - Client environment:java.version=1.8.0_151
12:01:59.523 [worker-akka.actor.default-dispatcher-2] INFO  o.a.z.ZooKeeper  - Client environment:java.vendor=Oracle Corporation
12:01:59.523 [worker-akka.actor.default-dispatcher-2] INFO  o.a.z.ZooKeeper  - Client environment:java.home=/usr/lib/jvm/java-8-openjdk-amd64/jre
12:01:59.523 [worker-akka.actor.default-dispatcher-2] INFO  o.a.z.ZooKeeper  - Client environment:java.class.path=lib/commons-cli-1.4.jar:lib/minlog-1.3.0.jar:lib/asm-5.0.4.jar:lib/hadoop-annotations-2.7.3.jar:lib/hadoop-auth-2.7.3.jar:lib/akka-slf4j_2.11-2.5.6.jar:lib/jersey-core-1.9.jar:lib/lz4-1.3.0.jar:lib/jackson-core-asl-1.9.13.jar:lib/aeron-client-1.3.0.jar:lib/htrace-core-3.1.0-incubating.jar:lib/xz-1.0.jar:lib/commons-httpclient-3.1.jar:lib/asm-3.1.jar:lib/commons-lang3-3.4.jar:lib/scala-library-2.11.11.jar:lib/scala-java8-compat_2.11-0.7.0.jar:lib/commons-configuration-1.6.jar:lib/objenesis-2.1.jar:lib/jackson-annotations-2.8.0.jar:lib/jsr305-3.0.0.jar:lib/curator-framework-2.7.1.jar:lib/jersey-server-1.9.jar:lib/jets3t-0.9.0.jar:lib/leveldb-0.7.jar:lib/jetty-6.1.26.jar:lib/stax-api-1.0-2.jar:lib/flamestream-core-1.0-SNAPSHOT.jar:lib/reflectasm-1.07-shaded.jar:lib/apacheds-kerberos-codec-2.0.0-M15.jar:lib/api-asn1-api-1.0.0-M20.jar:lib/commons-lang-2.6.jar:lib/commons-beanutils-1.7.0.jar:lib/jackson-xc-1.8.3.jar:lib/jetty-util-6.1.26.jar:lib/logback-classic-1.2.3.jar:lib/jool-0.9.12.jar:lib/flamestream-runtime-1.0-SNAPSHOT-tests.jar:lib/httpcore-4.1.2.jar:lib/kryo-4.0.0.jar:lib/ant-1.8.1.jar:lib/jaxb-impl-2.2.3-1.jar:lib/jersey-json-1.9.jar:lib/commons-compress-1.4.1.jar:lib/leveldbjni-all-1.8.jar:lib/paranamer-2.3.jar:lib/jackson-core-2.8.4.jar:lib/commons-math3-3.6.1.jar:lib/scala-parser-combinators_2.11-1.0.4.jar:lib/netty-3.10.6.Final.jar:lib/trove4j-3.0.3.jar:lib/jaxb-api-2.2.2.jar:lib/logback-core-1.2.3.jar:lib/snappy-java-1.0.4.1.jar:lib/protobuf-java-2.5.0.jar:lib/reactive-streams-1.0.1.jar:lib/flamestream-examples-1.0-SNAPSHOT.jar:lib/commons-codec-1.4.jar:lib/activation-1.1.jar:lib/commons-net-3.1.jar:lib/curator-recipes-2.7.1.jar:lib/jackson-mapper-asl-1.9.13.jar:lib/jackson-databind-2.8.4.jar:lib/flamestream-runtime-1.0-SNAPSHOT.jar:lib/jackson-jaxrs-1.8.3.jar:lib/slf4j-api-1.7.24.jar:lib/akka-remote_2.11-2.5.6.jar:lib/akka-testkit_2.11-2.5.6.jar:lib/jline-0.9.94.jar:lib/akka-stream_2.11-2.5.6.jar:lib/jsp-api-2.1.jar:lib/kryonet-2.21.jar:lib/akka-kryo-serialization_2.11-0.5.0.jar:lib/config-1.3.1.jar:lib/ant-launcher-1.8.1.jar:lib/commons-logging-1.2.jar:lib/ssl-config-core_2.11-0.2.2.jar:lib/testng-6.10.jar:lib/leveldb-api-0.7.jar:lib/reflectasm-1.11.3.jar:lib/jcommander-1.48.jar:lib/commons-1.1.jar:lib/commons-digester-1.8.jar:lib/minlog-1.2.jar:lib/java-xmlbuilder-0.4.jar:lib/jettison-1.1.jar:lib/gson-2.2.4.jar:lib/jdk.tools-1.8.jar:lib/aeron-driver-1.3.0.jar:lib/zookeeper-3.4.9.jar:lib/commons-beanutils-core-1.8.0.jar:lib/commons-math3-3.1.1.jar:lib/akka-actor_2.11-2.5.6.jar:lib/curator-client-2.7.1.jar:lib/servlet-api-2.5.jar:lib/apacheds-i18n-2.0.0-M15.jar:lib/commons-io-2.4.jar:lib/commons-codec-1.6.jar:lib/akka-protobuf_2.11-2.5.6.jar:lib/protobuf-java-3.5.1.jar:lib/jdom-2.0.2.jar:lib/api-util-1.0.0-M20.jar:lib/hadoop-common-2.7.3.jar:lib/agrona-0.9.6.jar:lib/xmlenc-0.52.jar:lib/guava-21.0.jar:lib/commons-collections-3.2.2.jar:lib/avro-1.7.4.jar:lib/httpclient-4.1.2.jar:lib/flamestream-core-1.0-SNAPSHOT-tests.jar:lib/annotations-12.0.jar:lib/jsch-0.1.42.jar:flamestream-runtime-1.0-SNAPSHOT.jar
12:01:59.524 [worker-akka.actor.default-dispatcher-2] INFO  o.a.z.ZooKeeper  - Client environment:java.library.path=/usr/java/packages/lib/amd64:/usr/lib/x86_64-linux-gnu/jni:/lib/x86_64-linux-gnu:/usr/lib/x86_64-linux-gnu:/usr/lib/jni:/lib:/usr/lib
12:01:59.524 [worker-akka.actor.default-dispatcher-2] INFO  o.a.z.ZooKeeper  - Client environment:java.io.tmpdir=/tmp
12:01:59.524 [worker-akka.actor.default-dispatcher-2] INFO  o.a.z.ZooKeeper  - Client environment:java.compiler=<NA>
12:01:59.524 [worker-akka.actor.default-dispatcher-2] INFO  o.a.z.ZooKeeper  - Client environment:os.name=Linux
12:01:59.524 [worker-akka.actor.default-dispatcher-2] INFO  o.a.z.ZooKeeper  - Client environment:os.arch=amd64
12:01:59.524 [worker-akka.actor.default-dispatcher-2] INFO  o.a.z.ZooKeeper  - Client environment:os.version=4.4.0-1049-aws
12:01:59.524 [worker-akka.actor.default-dispatcher-2] INFO  o.a.z.ZooKeeper  - Client environment:user.name=root
12:01:59.525 [worker-akka.actor.default-dispatcher-2] INFO  o.a.z.ZooKeeper  - Client environment:user.home=/root
12:01:59.525 [worker-akka.actor.default-dispatcher-2] INFO  o.a.z.ZooKeeper  - Client environment:user.dir=/opt/flamestream
12:01:59.527 [worker-akka.actor.default-dispatcher-2] INFO  o.a.z.ZooKeeper  - Initiating client connection, connectString=172.31.34.147:2181 sessionTimeout=5000 watcher=com.spbsu.flamestream.runtime.application.LifecycleWatcher$$Lambda$29/764839090@3d5d5f13
12:01:59.562 [worker-akka.actor.default-dispatcher-2-SendThread(172.31.34.147:2181)] INFO  o.a.z.ClientCnxn  - Opening socket connection to server 172.31.34.147/172.31.34.147:2181. Will not attempt to authenticate using SASL (unknown error)
12:01:59.564 [worker-akka.actor.default-dispatcher-2] INFO  a.a.RepointableActorRef akka://worker/user/watcher - Starting...
12:01:59.570 [worker-akka.actor.default-dispatcher-2-SendThread(172.31.34.147:2181)] INFO  o.a.z.ClientCnxn  - Socket connection established to 172.31.34.147/172.31.34.147:2181, initiating session
12:01:59.581 [worker-akka.actor.default-dispatcher-2-SendThread(172.31.34.147:2181)] INFO  o.a.z.ClientCnxn  - Session establishment complete on server 172.31.34.147/172.31.34.147:2181, sessionid = 0x161adf06039000c, negotiated timeout = 6000
12:01:59.673 [worker-akka.actor.default-dispatcher-2] INFO  a.a.RepointableActorRef akka://worker/user/watcher - Connected to ZK
12:02:08.953 [worker-akka.actor.default-dispatcher-2] INFO  a.a.RepointableActorRef akka://worker/user/watcher - Creating node with watchGraphs: 'com.spbsu.flamestream.core.Graph$Builder$MyGraph@4084ed8a', config: 'ClusterConfig{paths={172.31.33.155=akka://worker@172.31.33.155:5412/user/watcher/graph0000000000, 172.31.47.83=akka://worker@172.31.47.83:5412/user/watcher/graph0000000000, 172.31.45.197=akka://worker@172.31.45.197:5412/user/watcher/graph0000000000, 172.31.42.36=akka://worker@172.31.42.36:5412/user/watcher/graph0000000000, 172.31.44.83=akka://worker@172.31.44.83:5412/user/watcher/graph0000000000, 172.31.39.64=akka://worker@172.31.39.64:5412/user/watcher/graph0000000000, 172.31.35.79=akka://worker@172.31.35.79:5412/user/watcher/graph0000000000, 172.31.34.169=akka://worker@172.31.34.169:5412/user/watcher/graph0000000000, 172.31.47.100=akka://worker@172.31.47.100:5412/user/watcher/graph0000000000, 172.31.37.101=akka://worker@172.31.37.101:5412/user/watcher/graph0000000000}, ackerLocation='172.31.35.79', props=ComputationLayout{ranges={172.31.33.155=HashRange{from=-1670265060, to=-1193046472}, 172.31.47.83=HashRange{from=1670265056, to=2147483644}, 172.31.45.197=HashRange{from=-715827884, to=-238609296}, 172.31.42.36=HashRange{from=1193046468, to=1670265056}, 172.31.44.83=HashRange{from=-238609296, to=238609292}, 172.31.39.64=HashRange{from=715827880, to=1193046468}, 172.31.35.79=HashRange{from=0, to=0}, 172.31.34.169=HashRange{from=-2147483648, to=-1670265060}, 172.31.47.100=HashRange{from=238609292, to=715827880}, 172.31.37.101=HashRange{from=-1193046472, to=-715827884}}}}'
12:02:09.794 [worker-akka.actor.default-dispatcher-2] INFO  a.a.LocalActorRef akka://worker/user/watcher/graph0000000000/graph - Starting...
12:02:09.797 [worker-akka.actor.default-dispatcher-2] INFO  a.a.LocalActorRef akka://worker/user/watcher/graph0000000000/graph/local-acker - Starting...
12:02:09.802 [worker-akka.actor.default-dispatcher-2] INFO  a.a.LocalActorRef akka://worker/user/watcher/graph0000000000/graph/local-acker/$a - Starting...
Warning: space is running low in /dev/shm (tmpfs) threshold=167,772,160 usable=158,621,696
Warning: space is running low in /dev/shm (tmpfs) threshold=167,772,160 usable=146,034,688
Warning: space is running low in /dev/shm (tmpfs) threshold=167,772,160 usable=133,447,680
Warning: space is running low in /dev/shm (tmpfs) threshold=167,772,160 usable=120,860,672
Warning: space is running low in /dev/shm (tmpfs) threshold=167,772,160 usable=108,273,664
Warning: space is running low in /dev/shm (tmpfs) threshold=167,772,160 usable=95,686,656
Warning: space is running low in /dev/shm (tmpfs) threshold=167,772,160 usable=83,099,648
Warning: space is running low in /dev/shm (tmpfs) threshold=167,772,160 usable=70,512,640
12:02:11.093 [worker-akka.actor.default-dispatcher-2] INFO  a.a.LocalActorRef akka://worker/user/watcher/graph0000000000/graph - Finishing constructor
12:02:11.094 [worker-akka.actor.default-dispatcher-2] INFO  a.a.LocalActorRef akka://worker/user/watcher/graph0000000000 - Starting...
12:02:11.163 [worker-akka.actor.default-dispatcher-2] INFO  a.a.LocalActorRef akka://worker/user/watcher/graph0000000000/negotiator - Starting...
12:02:11.164 [worker-akka.actor.default-dispatcher-2] INFO  a.a.LocalActorRef akka://worker/user/watcher/graph0000000000/edge - Starting...
12:02:11.166 [worker-akka.actor.default-dispatcher-2] INFO  a.a.LocalActorRef akka://worker/user/watcher/graph0000000000/graph/$a - Starting...
12:02:11.167 [worker-akka.actor.default-dispatcher-2] INFO  a.a.LocalActorRef akka://worker/user/watcher/graph0000000000/graph/$b - Starting...
12:02:11.168 [worker-akka.actor.default-dispatcher-2] INFO  a.a.LocalActorRef akka://worker/user/watcher/graph0000000000/graph/$c - Starting...
12:02:11.198 [worker-akka.actor.default-dispatcher-2] INFO  c.s.f.r.e.s.SocketRear  - FlameSocketGraphDeployerRear@172.31.37.101: connecting to 172.31.34.147:5678
12:02:11.201 [worker-akka.actor.default-dispatcher-2] INFO  c.s.f.r.e.s.SocketRear  - FlameSocketGraphDeployerRear@172.31.37.101: connected to 172.31.34.147:5678
12:02:11.220 [worker-akka.actor.default-dispatcher-2] INFO  a.a.LocalActorRef akka://worker/user/watcher/graph0000000000/edge/FlameSocketGraphDeployerRear - Starting...
12:02:11.220 [worker-akka.actor.default-dispatcher-2] INFO  a.a.LocalActorRef akka://worker/user/watcher/graph0000000000/edge/FlameSocketGraphDeployerFront - Starting...
12:02:11.221 [worker-akka.actor.default-dispatcher-2] INFO  a.a.LocalActorRef akka://worker/user/watcher/graph0000000000/negotiator - Requesting ticket for the frontClass FlameSocketGraphDeployerFront@172.31.37.101
12:02:11.237 [worker-akka.actor.default-dispatcher-2] INFO  a.a.LocalActorRef akka://worker/user/watcher/graph0000000000/negotiator - Ticket for the frontClass received: FrontTicket{allowedTimestamp=(1519041728931, FlameSocketGraphDeployerFront@172.31.37.101)}
12:02:11.238 [worker-akka.actor.default-dispatcher-2] INFO  c.s.f.r.e.s.SocketFront  - FlameSocketGraphDeployerFront@172.31.37.101: connecting to 172.31.34.147:4567
12:02:11.254 [Client] INFO  c.s.f.r.e.s.SocketFront  - FlameSocketGraphDeployerFront@172.31.37.101 has been disconnected from Connection 10
2018-02-19T12:02:18.231+0000: 21.345: [GC (Allocation Failure) 2018-02-19T12:02:18.231+0000: 21.345: [DefNew: 136576K->14979K(153600K), 0.0716587 secs] 152066K->50001K(494976K), 0.0717462 secs] [Times: user=0.02 sys=0.05, real=0.08 secs] 
2018-02-19T12:02:53.330+0000: 56.444: [GC (Allocation Failure) 2018-02-19T12:02:53.330+0000: 56.444: [DefNew: 151555K->3353K(153600K), 0.0170176 secs] 186577K->46026K(494976K), 0.0170867 secs] [Times: user=0.01 sys=0.00, real=0.02 secs] 
2018-02-19T12:03:30.661+0000: 93.775: [GC (Allocation Failure) 2018-02-19T12:03:30.661+0000: 93.775: [DefNew: 139929K->5759K(153600K), 0.0124579 secs] 182602K->48432K(494976K), 0.0125150 secs] [Times: user=0.01 sys=0.00, real=0.01 secs] 
2018-02-19T12:04:11.994+0000: 135.107: [GC (Allocation Failure) 2018-02-19T12:04:11.994+0000: 135.107: [DefNew: 142335K->7492K(153600K), 0.0164590 secs] 185008K->50165K(494976K), 0.0165473 secs] [Times: user=0.01 sys=0.00, real=0.02 secs] 
2018-02-19T12:04:44.653+0000: 167.766: [GC (Allocation Failure) 2018-02-19T12:04:44.653+0000: 167.766: [DefNew: 144068K->8804K(153600K), 0.0153489 secs] 186741K->51477K(494976K), 0.0154129 secs] [Times: user=0.02 sys=0.00, real=0.02 secs] 
2018-02-19T12:05:21.342+0000: 204.456: [GC (Allocation Failure) 2018-02-19T12:05:21.342+0000: 204.456: [DefNew: 145380K->8596K(153600K), 0.0164089 secs] 188053K->52768K(494976K), 0.0164895 secs] [Times: user=0.02 sys=0.00, real=0.02 secs] 
2018-02-19T12:05:55.178+0000: 238.291: [GC (Allocation Failure) 2018-02-19T12:05:55.178+0000: 238.291: [DefNew: 145172K->8303K(153600K), 0.0165245 secs] 189344K->53696K(494976K), 0.0165905 secs] [Times: user=0.02 sys=0.00, real=0.02 secs] 
2018-02-19T12:06:41.108+0000: 284.222: [GC (Allocation Failure) 2018-02-19T12:06:41.108+0000: 284.222: [DefNew: 144879K->10588K(153600K), 0.0174319 secs] 190272K->55981K(494976K), 0.0175040 secs] [Times: user=0.02 sys=0.00, real=0.02 secs] 
2018-02-19T12:07:20.956+0000: 324.069: [GC (Allocation Failure) 2018-02-19T12:07:20.956+0000: 324.069: [DefNew: 147164K->8450K(153600K), 0.0203813 secs] 192557K->56511K(494976K), 0.0204610 secs] [Times: user=0.02 sys=0.00, real=0.02 secs] 
2018-02-19T12:07:57.978+0000: 361.092: [GC (Allocation Failure) 2018-02-19T12:07:57.978+0000: 361.092: [DefNew: 145026K->9715K(153600K), 0.0153050 secs] 193087K->57776K(494976K), 0.0153805 secs] [Times: user=0.02 sys=0.00, real=0.01 secs] 
2018-02-19T12:08:46.082+0000: 409.196: [GC (Allocation Failure) 2018-02-19T12:08:46.082+0000: 409.196: [DefNew: 146291K->8828K(153600K), 0.0174105 secs] 194352K->58820K(494976K), 0.0174783 secs] [Times: user=0.01 sys=0.01, real=0.01 secs] 
2018-02-19T12:09:26.852+0000: 449.966: [GC (Allocation Failure) 2018-02-19T12:09:26.852+0000: 449.966: [DefNew: 145404K->9007K(153600K), 0.0169254 secs] 195396K->60313K(494976K), 0.0169923 secs] [Times: user=0.02 sys=0.00, real=0.02 secs] 
2018-02-19T12:10:12.292+0000: 495.406: [GC (Allocation Failure) 2018-02-19T12:10:12.292+0000: 495.406: [DefNew: 145583K->8808K(153600K), 0.0291800 secs] 196889K->61655K(494976K), 0.0292491 secs] [Times: user=0.00 sys=0.02, real=0.03 secs] 
2018-02-19T12:10:55.273+0000: 538.387: [GC (Allocation Failure) 2018-02-19T12:10:55.273+0000: 538.387: [DefNew: 145384K->8864K(153600K), 0.0167583 secs] 198231K->62833K(494976K), 0.0168314 secs] [Times: user=0.01 sys=0.00, real=0.02 secs] 
2018-02-19T12:11:35.950+0000: 579.064: [GC (Allocation Failure) 2018-02-19T12:11:35.950+0000: 579.064: [DefNew: 145440K->8924K(153600K), 0.0162262 secs] 199409K->63859K(494976K), 0.0163062 secs] [Times: user=0.02 sys=0.00, real=0.02 secs] 
2018-02-19T12:12:10.604+0000: 613.718: [GC (Allocation Failure) 2018-02-19T12:12:10.604+0000: 613.718: [DefNew: 145500K->8719K(153600K), 0.0163987 secs] 200435K->64846K(494976K), 0.0164717 secs] [Times: user=0.02 sys=0.00, real=0.01 secs] 
2018-02-19T12:12:52.541+0000: 655.654: [GC (Allocation Failure) 2018-02-19T12:12:52.541+0000: 655.654: [DefNew: 145295K->9026K(153600K), 0.0166332 secs] 201422K->66225K(494976K), 0.0166952 secs] [Times: user=0.02 sys=0.00, real=0.02 secs] 
2018-02-19T12:13:31.419+0000: 694.533: [GC (Allocation Failure) 2018-02-19T12:13:31.419+0000: 694.533: [DefNew: 145602K->8935K(153600K), 0.0167518 secs] 202801K->67328K(494976K), 0.0168439 secs] [Times: user=0.02 sys=0.00, real=0.02 secs] 
2018-02-19T12:14:19.018+0000: 742.131: [GC (Allocation Failure) 2018-02-19T12:14:19.018+0000: 742.131: [DefNew: 145511K->9559K(153600K), 0.0294880 secs] 203904K->68973K(494976K), 0.0295651 secs] [Times: user=0.00 sys=0.03, real=0.03 secs] 
2018-02-19T12:14:57.985+0000: 781.098: [GC (Allocation Failure) 2018-02-19T12:14:57.985+0000: 781.098: [DefNew: 146135K->9903K(153600K), 0.0176798 secs] 205549K->70357K(494976K), 0.0177437 secs] [Times: user=0.01 sys=0.00, real=0.02 secs] 
2018-02-19T12:15:29.782+0000: 812.895: [GC (Allocation Failure) 2018-02-19T12:15:29.782+0000: 812.895: [DefNew: 146479K->8364K(153600K), 0.0170545 secs] 206933K->70936K(494976K), 0.0171232 secs] [Times: user=0.00 sys=0.01, real=0.02 secs] 
2018-02-19T12:16:01.802+0000: 844.915: [GC (Allocation Failure) 2018-02-19T12:16:01.802+0000: 844.915: [DefNew: 144940K->9627K(153600K), 0.0151516 secs] 207512K->72199K(494976K), 0.0152152 secs] [Times: user=0.01 sys=0.00, real=0.02 secs] 
2018-02-19T12:16:38.434+0000: 881.548: [GC (Allocation Failure) 2018-02-19T12:16:38.434+0000: 881.548: [DefNew: 146203K->9729K(153600K), 0.0169025 secs] 208775K->73368K(494976K), 0.0169646 secs] [Times: user=0.02 sys=0.00, real=0.02 secs] 
2018-02-19T12:17:14.847+0000: 917.961: [GC (Allocation Failure) 2018-02-19T12:17:14.847+0000: 917.961: [DefNew: 146305K->10876K(153600K), 0.0173162 secs] 209944K->75683K(494976K), 0.0173987 secs] [Times: user=0.02 sys=0.00, real=0.02 secs] 
2018-02-19T12:17:48.030+0000: 951.144: [GC (Allocation Failure) 2018-02-19T12:17:48.030+0000: 951.144: [DefNew: 147452K->9969K(153600K), 0.0185845 secs] 212259K->76889K(494976K), 0.0186505 secs] [Times: user=0.01 sys=0.01, real=0.02 secs] 
2018-02-19T12:18:27.923+0000: 991.037: [GC (Allocation Failure) 2018-02-19T12:18:27.923+0000: 991.037: [DefNew: 146545K->7498K(153600K), 0.0172944 secs] 213465K->77831K(494976K), 0.0173926 secs] [Times: user=0.02 sys=0.00, real=0.01 secs] 
2018-02-19T12:19:06.940+0000: 1030.053: [GC (Allocation Failure) 2018-02-19T12:19:06.940+0000: 1030.054: [DefNew: 144074K->8963K(153600K), 0.0141372 secs] 214407K->79296K(494976K), 0.0142022 secs] [Times: user=0.02 sys=0.00, real=0.01 secs] 
2018-02-19T12:19:39.389+0000: 1062.503: [GC (Allocation Failure) 2018-02-19T12:19:39.389+0000: 1062.503: [DefNew: 145539K->9283K(153600K), 0.0162385 secs] 215872K->80701K(494976K), 0.0163124 secs] [Times: user=0.02 sys=0.00, real=0.02 secs] 
2018-02-19T12:20:20.424+0000: 1103.538: [GC (Allocation Failure) 2018-02-19T12:20:20.424+0000: 1103.538: [DefNew: 145859K->9510K(153600K), 0.0163101 secs] 217277K->82112K(494976K), 0.0163752 secs] [Times: user=0.01 sys=0.00, real=0.01 secs] 
2018-02-19T12:20:52.767+0000: 1135.881: [GC (Allocation Failure) 2018-02-19T12:20:52.767+0000: 1135.881: [DefNew: 146086K->9988K(153600K), 0.0171111 secs] 218688K->83759K(494976K), 0.0171764 secs] [Times: user=0.02 sys=0.00, real=0.02 secs] 
2018-02-19T12:21:32.864+0000: 1175.977: [GC (Allocation Failure) 2018-02-19T12:21:32.864+0000: 1175.977: [DefNew: 146564K->8193K(153600K), 0.0174406 secs] 220335K->84586K(494976K), 0.0175268 secs] [Times: user=0.02 sys=0.00, real=0.01 secs] 
2018-02-19T12:22:06.135+0000: 1209.249: [GC (Allocation Failure) 2018-02-19T12:22:06.135+0000: 1209.249: [DefNew: 144769K->10094K(153600K), 0.0144740 secs] 221162K->86487K(494976K), 0.0145346 secs] [Times: user=0.01 sys=0.00, real=0.01 secs] 
2018-02-19T12:22:39.027+0000: 1242.141: [GC (Allocation Failure) 2018-02-19T12:22:39.028+0000: 1242.141: [DefNew: 146670K->8248K(153600K), 0.0169389 secs] 223063K->87189K(494976K), 0.0170093 secs] [Times: user=0.01 sys=0.00, real=0.02 secs] 
2018-02-19T12:23:10.420+0000: 1273.533: [GC (Allocation Failure) 2018-02-19T12:23:10.420+0000: 1273.533: [DefNew: 144824K->9901K(153600K), 0.0146384 secs] 223765K->88843K(494976K), 0.0147022 secs] [Times: user=0.02 sys=0.00, real=0.02 secs] 
2018-02-19T12:23:50.597+0000: 1313.711: [GC (Allocation Failure) 2018-02-19T12:23:50.597+0000: 1313.711: [DefNew: 146477K->9985K(153600K), 0.0166278 secs] 225419K->90100K(494976K), 0.0166922 secs] [Times: user=0.02 sys=0.00, real=0.01 secs] 
2018-02-19T12:24:27.348+0000: 1350.461: [GC (Allocation Failure) 2018-02-19T12:24:27.348+0000: 1350.461: [DefNew: 146561K->9187K(153600K), 0.0178102 secs] 226676K->91608K(494976K), 0.0178741 secs] [Times: user=0.02 sys=0.00, real=0.02 secs] 
2018-02-19T12:25:12.273+0000: 1395.386: [GC (Allocation Failure) 2018-02-19T12:25:12.273+0000: 1395.386: [DefNew: 145763K->8902K(153600K), 0.0153131 secs] 228184K->92738K(494976K), 0.0153784 secs] [Times: user=0.00 sys=0.02, real=0.02 secs] 
2018-02-19T12:25:47.188+0000: 1430.302: [GC (Allocation Failure) 2018-02-19T12:25:47.188+0000: 1430.302: [DefNew: 145478K->9249K(153600K), 0.0162510 secs] 229314K->94622K(494976K), 0.0163213 secs] [Times: user=0.02 sys=0.00, real=0.02 secs] 
2018-02-19T12:26:18.846+0000: 1461.960: [GC (Allocation Failure) 2018-02-19T12:26:18.846+0000: 1461.960: [DefNew: 145825K->9769K(153600K), 0.0159548 secs] 231198K->96397K(494976K), 0.0160277 secs] [Times: user=0.01 sys=0.00, real=0.01 secs] 
2018-02-19T12:26:58.450+0000: 1501.563: [GC (Allocation Failure) 2018-02-19T12:26:58.450+0000: 1501.563: [DefNew: 146345K->9306K(153600K), 0.0154748 secs] 232973K->97531K(494976K), 0.0155403 secs] [Times: user=0.01 sys=0.00, real=0.02 secs] 
2018-02-19T12:27:34.224+0000: 1537.337: [GC (Allocation Failure) 2018-02-19T12:27:34.224+0000: 1537.337: [DefNew: 145882K->10003K(153600K), 0.0168479 secs] 234107K->99541K(494976K), 0.0169106 secs] [Times: user=0.02 sys=0.00, real=0.01 secs] 
12:27:50.519 [Client] INFO  c.s.f.r.e.s.SocketRear  - FlameSocketGraphDeployerRear@172.31.37.101: has been disconnected from Connection 10
12:28:07.805 [worker-akka.actor.default-dispatcher-2] INFO  a.a.CoordinatedShutdown CoordinatedShutdown(akka://worker) - Starting coordinated shutdown from JVM shutdown hook
12:28:07.839 [worker-akka.actor.default-dispatcher-2] INFO  a.a.LocalActorRef akka://worker/user/watcher/graph0000000000/negotiator - Stopped
12:28:07.840 [worker-akka.actor.default-dispatcher-2] INFO  a.a.LocalActorRef akka://worker/user/watcher/graph0000000000/edge/FlameSocketGraphDeployerFront - Stopped
12:28:07.840 [worker-akka.actor.default-dispatcher-2] INFO  a.a.LocalActorRef akka://worker/user/watcher/graph0000000000/edge/FlameSocketGraphDeployerRear - Stopped
12:28:07.840 [worker-akka.actor.default-dispatcher-2] INFO  a.a.LocalActorRef akka://worker/user/watcher/graph0000000000/graph/$a - Stopped
12:28:07.840 [worker-akka.actor.default-dispatcher-2] INFO  a.a.LocalActorRef akka://worker/user/watcher/graph0000000000/graph/$b - Stopped
12:28:07.840 [worker-akka.actor.default-dispatcher-2] INFO  a.a.LocalActorRef akka://worker/user/watcher/graph0000000000/graph/$c - Stopped
12:28:07.848 [worker-akka.actor.default-dispatcher-2] INFO  a.a.LocalActorRef akka://worker/user/watcher/graph0000000000/graph/local-acker/$a - Stopped
12:28:07.849 [worker-akka.actor.default-dispatcher-2] INFO  a.a.LocalActorRef akka://worker/user/watcher/graph0000000000/edge - Stopped
12:28:07.850 [worker-akka.actor.default-dispatcher-2] INFO  a.a.LocalActorRef akka://worker/user/watcher/graph0000000000/graph/local-acker/$a - Message [com.spbsu.flamestream.runtime.utils.akka.PingActor$InnerPing] from Actor[akka://worker/user/watcher/graph0000000000/graph/local-acker/$a#-313287561] to Actor[akka://worker/user/watcher/graph0000000000/graph/local-acker/$a#-313287561] was not delivered. [1] dead letters encountered. This logging can be turned off or adjusted with configuration settings 'akka.log-dead-letters' and 'akka.log-dead-letters-during-shutdown'.
12:28:07.851 [worker-akka.actor.default-dispatcher-2] INFO  a.a.LocalActorRef akka://worker/user/watcher/graph0000000000/graph/local-acker - Stopped
12:28:07.854 [worker-akka.actor.default-dispatcher-2] INFO  a.a.LocalActorRef akka://worker/user/watcher/graph0000000000/graph/local-acker/$a - Message [com.spbsu.flamestream.runtime.utils.akka.PingActor$Stop] from Actor[akka://worker/user/watcher/graph0000000000/graph/local-acker#-45230713] to Actor[akka://worker/user/watcher/graph0000000000/graph/local-acker/$a#-313287561] was not delivered. [2] dead letters encountered. This logging can be turned off or adjusted with configuration settings 'akka.log-dead-letters' and 'akka.log-dead-letters-during-shutdown'.
12:28:07.854 [worker-akka.actor.default-dispatcher-2] INFO  a.a.LocalActorRef akka://worker/user/watcher/graph0000000000/graph/local-acker - Message [com.spbsu.flamestream.runtime.acker.LocalAcker$Flush] from Actor[akka://worker/user/watcher/graph0000000000/graph/local-acker#-45230713] to Actor[akka://worker/user/watcher/graph0000000000/graph/local-acker#-45230713] was not delivered. [3] dead letters encountered. This logging can be turned off or adjusted with configuration settings 'akka.log-dead-letters' and 'akka.log-dead-letters-during-shutdown'.
12:28:07.855 [worker-akka.actor.default-dispatcher-2] INFO  a.a.LocalActorRef akka://worker/user/watcher/graph0000000000/graph/local-acker - Message [com.spbsu.flamestream.runtime.acker.LocalAcker$Flush] from Actor[akka://worker/user/watcher/graph0000000000/graph/local-acker#-45230713] to Actor[akka://worker/user/watcher/graph0000000000/graph/local-acker#-45230713] was not delivered. [4] dead letters encountered. This logging can be turned off or adjusted with configuration settings 'akka.log-dead-letters' and 'akka.log-dead-letters-during-shutdown'.
12:28:07.856 [worker-akka.actor.default-dispatcher-2] INFO  a.a.LocalActorRef akka://worker/user/watcher/graph0000000000/graph/local-acker - Message [com.spbsu.flamestream.runtime.acker.LocalAcker$Flush] from Actor[akka://worker/user/watcher/graph0000000000/graph/local-acker#-45230713] to Actor[akka://worker/user/watcher/graph0000000000/graph/local-acker#-45230713] was not delivered. [5] dead letters encountered. This logging can be turned off or adjusted with configuration settings 'akka.log-dead-letters' and 'akka.log-dead-letters-during-shutdown'.
12:28:07.857 [worker-akka.actor.default-dispatcher-2] INFO  a.a.LocalActorRef akka://worker/user/watcher/graph0000000000/graph/local-acker - Message [com.spbsu.flamestream.runtime.acker.LocalAcker$Flush] from Actor[akka://worker/user/watcher/graph0000000000/graph/local-acker#-45230713] to Actor[akka://worker/user/watcher/graph0000000000/graph/local-acker#-45230713] was not delivered. [6] dead letters encountered. This logging can be turned off or adjusted with configuration settings 'akka.log-dead-letters' and 'akka.log-dead-letters-during-shutdown'.
12:28:07.858 [worker-akka.actor.default-dispatcher-2] INFO  a.a.LocalActorRef akka://worker/user/watcher/graph0000000000/graph/local-acker - Message [com.spbsu.flamestream.runtime.acker.LocalAcker$Flush] from Actor[akka://worker/user/watcher/graph0000000000/graph/local-acker#-45230713] to Actor[akka://worker/user/watcher/graph0000000000/graph/local-acker#-45230713] was not delivered. [7] dead letters encountered. This logging can be turned off or adjusted with configuration settings 'akka.log-dead-letters' and 'akka.log-dead-letters-during-shutdown'.
12:28:07.858 [worker-akka.actor.default-dispatcher-2] INFO  a.a.LocalActorRef akka://worker/user/watcher/graph0000000000/graph/local-acker - Message [com.spbsu.flamestream.runtime.acker.LocalAcker$Flush] from Actor[akka://worker/user/watcher/graph0000000000/graph/local-acker#-45230713] to Actor[akka://worker/user/watcher/graph0000000000/graph/local-acker#-45230713] was not delivered. [8] dead letters encountered. This logging can be turned off or adjusted with configuration settings 'akka.log-dead-letters' and 'akka.log-dead-letters-during-shutdown'.
12:28:07.859 [worker-akka.actor.default-dispatcher-2] INFO  a.a.LocalActorRef akka://worker/user/watcher/graph0000000000/graph - Stopped
12:28:07.860 [worker-akka.actor.default-dispatcher-2] INFO  a.a.LocalActorRef akka://worker/user/watcher/graph0000000000 - Stopped
12:28:07.863 [worker-akka.actor.default-dispatcher-2-EventThread] INFO  o.a.z.ClientCnxn  - EventThread shut down for session: 0x161adf06039000c
12:28:07.863 [worker-akka.actor.default-dispatcher-2] INFO  o.a.z.ZooKeeper  - Session: 0x161adf06039000c closed
12:28:07.864 [worker-akka.actor.default-dispatcher-2] INFO  a.a.RepointableActorRef akka://worker/user/watcher - Stopped
12:28:07.878 [worker-akka.actor.default-dispatcher-2] INFO  a.r.RemoteActorRefProvider$RemotingTerminator akka://worker@172.31.37.101:5412/system/remoting-terminator - Shutting down remote daemon.
12:28:07.883 [worker-akka.actor.default-dispatcher-2] INFO  a.r.RemoteActorRefProvider$RemotingTerminator akka://worker@172.31.37.101:5412/system/remoting-terminator - Remote daemon shut down; proceeding with flushing remote transports.
12:28:09.031 [worker-akka.actor.default-dispatcher-2] INFO  a.r.RemoteActorRefProvider$RemotingTerminator akka://worker@172.31.37.101:5412/system/remoting-terminator - Remoting shut down.
Heap
 def new generation   total 153600K, used 92847K [0x00000000e0c00000, 0x00000000eb2a0000, 0x00000000eb2a0000)
  eden space 136576K,  60% used [0x00000000e0c00000, 0x00000000e5ce7248, 0x00000000e9160000)
  from space 17024K,  58% used [0x00000000ea200000, 0x00000000eabc4c88, 0x00000000eb2a0000)
  to   space 17024K,   0% used [0x00000000e9160000, 0x00000000e9160000, 0x00000000ea200000)
 tenured generation   total 341376K, used 89538K [0x00000000eb2a0000, 0x0000000100000000, 0x0000000100000000)
   the space 341376K,  26% used [0x00000000eb2a0000, 0x00000000f0a10ab8, 0x00000000f0a10c00, 0x0000000100000000)
 Metaspace       used 33652K, capacity 34490K, committed 34688K, reserved 1079296K
  class space    used 4457K, capacity 4624K, committed 4736K, reserved 1048576K
