16:49:21,494 |-INFO in ch.qos.logback.classic.LoggerContext[default] - Could NOT find resource [logback-test.xml]
16:49:21,494 |-INFO in ch.qos.logback.classic.LoggerContext[default] - Could NOT find resource [logback.groovy]
16:49:21,494 |-INFO in ch.qos.logback.classic.LoggerContext[default] - Found resource [logback.xml] at [jar:file:/opt/flamestream/lib/flamestream-runtime-1.0-SNAPSHOT.jar!/logback.xml]
16:49:21,494 |-WARN in ch.qos.logback.classic.LoggerContext[default] - Resource [logback.xml] occurs multiple times on the classpath.
16:49:21,494 |-WARN in ch.qos.logback.classic.LoggerContext[default] - Resource [logback.xml] occurs at [jar:file:/opt/flamestream/flamestream-runtime-1.0-SNAPSHOT.jar!/logback.xml]
16:49:21,494 |-WARN in ch.qos.logback.classic.LoggerContext[default] - Resource [logback.xml] occurs at [jar:file:/opt/flamestream/lib/flamestream-runtime-1.0-SNAPSHOT.jar!/logback.xml]
16:49:21,516 |-INFO in ch.qos.logback.core.joran.spi.ConfigurationWatchList@69b794e2 - URL [jar:file:/opt/flamestream/lib/flamestream-runtime-1.0-SNAPSHOT.jar!/logback.xml] is not of type file
16:49:21,602 |-INFO in ch.qos.logback.classic.joran.action.ConfigurationAction - debug attribute not set
16:49:21,602 |-INFO in ch.qos.logback.core.joran.action.AppenderAction - About to instantiate appender of type [ch.qos.logback.core.ConsoleAppender]
16:49:21,612 |-INFO in ch.qos.logback.core.joran.action.AppenderAction - Naming appender as [STDOUT]
16:49:21,620 |-INFO in ch.qos.logback.core.joran.action.NestedComplexPropertyIA - Assuming default type [ch.qos.logback.classic.encoder.PatternLayoutEncoder] for [encoder] property
16:49:21,654 |-INFO in ch.qos.logback.core.joran.action.AppenderAction - About to instantiate appender of type [ch.qos.logback.core.rolling.RollingFileAppender]
16:49:21,662 |-INFO in ch.qos.logback.core.joran.action.AppenderAction - Naming appender as [FILE]
16:49:21,679 |-INFO in c.q.l.core.rolling.TimeBasedRollingPolicy@1059063940 - No compression will be used
16:49:21,680 |-INFO in c.q.l.core.rolling.TimeBasedRollingPolicy@1059063940 - Will use the pattern /tmp/application_%d{yyyy-MM-dd}.%i.log for the active file
16:49:21,688 |-INFO in ch.qos.logback.core.rolling.SizeAndTimeBasedFNATP@4d339552 - The date pattern is 'yyyy-MM-dd' from file name pattern '/tmp/application_%d{yyyy-MM-dd}.%i.log'.
16:49:21,688 |-INFO in ch.qos.logback.core.rolling.SizeAndTimeBasedFNATP@4d339552 - Roll-over at midnight.
16:49:21,693 |-INFO in ch.qos.logback.core.rolling.SizeAndTimeBasedFNATP@4d339552 - Setting initial period to Fri Mar 23 16:46:48 UTC 2018
16:49:21,693 |-WARN in ch.qos.logback.core.rolling.SizeAndTimeBasedFNATP@4d339552 - SizeAndTimeBasedFNATP is deprecated. Use SizeAndTimeBasedRollingPolicy instead
16:49:21,693 |-WARN in ch.qos.logback.core.rolling.SizeAndTimeBasedFNATP@4d339552 - For more information see http://logback.qos.ch/manual/appenders.html#SizeAndTimeBasedRollingPolicy
16:49:21,697 |-INFO in ch.qos.logback.core.joran.action.NestedComplexPropertyIA - Assuming default type [ch.qos.logback.classic.encoder.PatternLayoutEncoder] for [encoder] property
16:49:21,702 |-INFO in ch.qos.logback.core.rolling.RollingFileAppender[FILE] - Active log file name: /tmp/application.log
16:49:21,702 |-INFO in ch.qos.logback.core.rolling.RollingFileAppender[FILE] - File property is set to [/tmp/application.log]
16:49:21,703 |-INFO in ch.qos.logback.classic.joran.action.RootLoggerAction - Setting level of ROOT logger to INFO
16:49:21,703 |-INFO in ch.qos.logback.core.joran.action.AppenderRefAction - Attaching appender named [STDOUT] to Logger[ROOT]
16:49:21,704 |-INFO in ch.qos.logback.core.joran.action.AppenderRefAction - Attaching appender named [FILE] to Logger[ROOT]
16:49:21,704 |-INFO in ch.qos.logback.classic.joran.action.ConfigurationAction - End of configuration.
16:49:21,704 |-INFO in ch.qos.logback.classic.joran.JoranConfigurator@f0f2775 - Registering current configuration as safe fallback point

16:49:21.708 [main] INFO  c.s.f.r.a.WorkerApplication  - Starting worker with id: '10.0.0.205', host: '10.0.0.205:5412', zkString: '10.0.0.70:2181'
16:49:22.614 [worker-akka.actor.default-dispatcher-6] INFO  a.e.s.Slf4jLogger  - Slf4jLogger started
2018-03-23T16:49:22.753+0000: 1.843: [Full GC (Metadata GC Threshold) 2018-03-23T16:49:22.753+0000: 1.843: [Tenured: 0K->15851K(341376K), 0.0392075 secs] 134103K->15851K(494976K), [Metaspace: 20911K->20911K(1067008K)], 0.0392733 secs] [Times: user=0.03 sys=0.01, real=0.04 secs] 
Ama winner
Ama winner
16:49:23.194 [worker-akka.actor.default-dispatcher-6] INFO  a.r.a.ArteryTransport(akka://worker) akka.remote.artery.ArteryTransport(akka://worker) - Started embedded media driver in directory [/dev/shm/aeron-root-worker-64f6797f-43c3-40db-8e11-3601e1acf49f]
16:49:23.413 [worker-akka.actor.default-dispatcher-6] INFO  a.r.a.ArteryTransport(akka://worker) akka.remote.artery.ArteryTransport(akka://worker) - Remoting started; listening on address: [akka://worker@10.0.0.205:5412] with UID [1233773599824257480]
16:49:23.500 [worker-akka.actor.default-dispatcher-2] INFO  a.a.RepointableActorRef akka://worker/user/watcher - Starting...
16:49:23.523 [worker-akka.actor.default-dispatcher-6] INFO  o.a.z.ZooKeeper  - Client environment:zookeeper.version=3.4.9-1757313, built on 08/23/2016 06:50 GMT
16:49:23.523 [worker-akka.actor.default-dispatcher-6] INFO  o.a.z.ZooKeeper  - Client environment:host.name=localhost
16:49:23.523 [worker-akka.actor.default-dispatcher-6] INFO  o.a.z.ZooKeeper  - Client environment:java.version=1.8.0_151
16:49:23.523 [worker-akka.actor.default-dispatcher-6] INFO  o.a.z.ZooKeeper  - Client environment:java.vendor=Oracle Corporation
16:49:23.523 [worker-akka.actor.default-dispatcher-6] INFO  o.a.z.ZooKeeper  - Client environment:java.home=/usr/lib/jvm/java-8-openjdk-amd64/jre
16:49:23.525 [worker-akka.actor.default-dispatcher-6] INFO  o.a.z.ZooKeeper  - Client environment:java.class.path=lib/commons-cli-1.4.jar:lib/minlog-1.3.0.jar:lib/asm-5.0.4.jar:lib/hadoop-annotations-2.7.3.jar:lib/hadoop-auth-2.7.3.jar:lib/akka-slf4j_2.11-2.5.6.jar:lib/jersey-core-1.9.jar:lib/lz4-1.3.0.jar:lib/jackson-core-asl-1.9.13.jar:lib/aeron-client-1.3.0.jar:lib/htrace-core-3.1.0-incubating.jar:lib/xz-1.0.jar:lib/commons-httpclient-3.1.jar:lib/asm-3.1.jar:lib/commons-lang3-3.4.jar:lib/scala-library-2.11.11.jar:lib/scala-java8-compat_2.11-0.7.0.jar:lib/commons-configuration-1.6.jar:lib/objenesis-2.1.jar:lib/jackson-annotations-2.8.0.jar:lib/jsr305-3.0.0.jar:lib/curator-framework-2.7.1.jar:lib/jersey-server-1.9.jar:lib/jets3t-0.9.0.jar:lib/leveldb-0.7.jar:lib/jetty-6.1.26.jar:lib/stax-api-1.0-2.jar:lib/flamestream-core-1.0-SNAPSHOT.jar:lib/reflectasm-1.07-shaded.jar:lib/apacheds-kerberos-codec-2.0.0-M15.jar:lib/api-asn1-api-1.0.0-M20.jar:lib/commons-lang-2.6.jar:lib/commons-beanutils-1.7.0.jar:lib/jackson-xc-1.8.3.jar:lib/jetty-util-6.1.26.jar:lib/logback-classic-1.2.3.jar:lib/jool-0.9.12.jar:lib/httpcore-4.1.2.jar:lib/kryo-4.0.0.jar:lib/ant-1.8.1.jar:lib/jaxb-impl-2.2.3-1.jar:lib/jersey-json-1.9.jar:lib/commons-compress-1.4.1.jar:lib/leveldbjni-all-1.8.jar:lib/paranamer-2.3.jar:lib/jackson-core-2.8.4.jar:lib/commons-math3-3.6.1.jar:lib/scala-parser-combinators_2.11-1.0.4.jar:lib/netty-3.10.6.Final.jar:lib/trove4j-3.0.3.jar:lib/jaxb-api-2.2.2.jar:lib/logback-core-1.2.3.jar:lib/snappy-java-1.0.4.1.jar:lib/protobuf-java-2.5.0.jar:lib/reactive-streams-1.0.1.jar:lib/flamestream-examples-1.0-SNAPSHOT.jar:lib/commons-codec-1.4.jar:lib/activation-1.1.jar:lib/commons-net-3.1.jar:lib/curator-recipes-2.7.1.jar:lib/jackson-mapper-asl-1.9.13.jar:lib/jackson-databind-2.8.4.jar:lib/flamestream-runtime-1.0-SNAPSHOT.jar:lib/jackson-jaxrs-1.8.3.jar:lib/slf4j-api-1.7.24.jar:lib/akka-remote_2.11-2.5.6.jar:lib/akka-testkit_2.11-2.5.6.jar:lib/jline-0.9.94.jar:lib/jedis-2.9.0.jar:lib/akka-stream_2.11-2.5.6.jar:lib/jsp-api-2.1.jar:lib/kryonet-2.21.jar:lib/akka-kryo-serialization_2.11-0.5.0.jar:lib/config-1.3.1.jar:lib/ant-launcher-1.8.1.jar:lib/commons-logging-1.2.jar:lib/ssl-config-core_2.11-0.2.2.jar:lib/testng-6.10.jar:lib/leveldb-api-0.7.jar:lib/reflectasm-1.11.3.jar:lib/jcommander-1.48.jar:lib/commons-1.1.jar:lib/commons-digester-1.8.jar:lib/minlog-1.2.jar:lib/java-xmlbuilder-0.4.jar:lib/jettison-1.1.jar:lib/gson-2.2.4.jar:lib/jdk.tools-1.8.jar:lib/aeron-driver-1.3.0.jar:lib/zookeeper-3.4.9.jar:lib/commons-beanutils-core-1.8.0.jar:lib/commons-math3-3.1.1.jar:lib/akka-actor_2.11-2.5.6.jar:lib/curator-client-2.7.1.jar:lib/servlet-api-2.5.jar:lib/commons-pool2-2.4.2.jar:lib/apacheds-i18n-2.0.0-M15.jar:lib/commons-io-2.4.jar:lib/commons-codec-1.6.jar:lib/akka-protobuf_2.11-2.5.6.jar:lib/jdom-2.0.2.jar:lib/rocksdbjni-5.5.1.jar:lib/api-util-1.0.0-M20.jar:lib/hadoop-common-2.7.3.jar:lib/agrona-0.9.6.jar:lib/xmlenc-0.52.jar:lib/guava-21.0.jar:lib/commons-collections-3.2.2.jar:lib/avro-1.7.4.jar:lib/httpclient-4.1.2.jar:lib/flamestream-core-1.0-SNAPSHOT-tests.jar:lib/annotations-12.0.jar:lib/jsch-0.1.42.jar:flamestream-runtime-1.0-SNAPSHOT.jar
16:49:23.526 [worker-akka.actor.default-dispatcher-6] INFO  o.a.z.ZooKeeper  - Client environment:java.library.path=/usr/java/packages/lib/amd64:/usr/lib/x86_64-linux-gnu/jni:/lib/x86_64-linux-gnu:/usr/lib/x86_64-linux-gnu:/usr/lib/jni:/lib:/usr/lib
16:49:23.526 [worker-akka.actor.default-dispatcher-6] INFO  o.a.z.ZooKeeper  - Client environment:java.io.tmpdir=/tmp
16:49:23.526 [worker-akka.actor.default-dispatcher-6] INFO  o.a.z.ZooKeeper  - Client environment:java.compiler=<NA>
16:49:23.526 [worker-akka.actor.default-dispatcher-6] INFO  o.a.z.ZooKeeper  - Client environment:os.name=Linux
16:49:23.526 [worker-akka.actor.default-dispatcher-6] INFO  o.a.z.ZooKeeper  - Client environment:os.arch=amd64
16:49:23.528 [worker-akka.actor.default-dispatcher-6] INFO  o.a.z.ZooKeeper  - Client environment:os.version=4.4.0-1049-aws
16:49:23.528 [worker-akka.actor.default-dispatcher-6] INFO  o.a.z.ZooKeeper  - Client environment:user.name=root
16:49:23.528 [worker-akka.actor.default-dispatcher-6] INFO  o.a.z.ZooKeeper  - Client environment:user.home=/root
16:49:23.528 [worker-akka.actor.default-dispatcher-6] INFO  o.a.z.ZooKeeper  - Client environment:user.dir=/opt/flamestream
16:49:23.532 [worker-akka.actor.default-dispatcher-6] INFO  o.a.z.ZooKeeper  - Initiating client connection, connectString=10.0.0.70:2181 sessionTimeout=5000 watcher=com.spbsu.flamestream.runtime.application.LifecycleWatcher$$Lambda$29/297944559@40cc3ae6
16:49:23.566 [worker-akka.actor.default-dispatcher-6-SendThread(10.0.0.70:2181)] INFO  o.a.z.ClientCnxn  - Opening socket connection to server 10.0.0.70/10.0.0.70:2181. Will not attempt to authenticate using SASL (unknown error)
16:49:23.567 [worker-akka.actor.default-dispatcher-2] INFO  a.a.RepointableActorRef akka://worker/user/watcher - Initializing rocksDB backend
16:49:23.574 [worker-akka.actor.default-dispatcher-6-SendThread(10.0.0.70:2181)] INFO  o.a.z.ClientCnxn  - Socket connection established to 10.0.0.70/10.0.0.70:2181, initiating session
16:49:23.586 [worker-akka.actor.default-dispatcher-6-SendThread(10.0.0.70:2181)] INFO  o.a.z.ClientCnxn  - Session establishment complete on server 10.0.0.70/10.0.0.70:2181, sessionid = 0x16253c2d3b80007, negotiated timeout = 6000
16:49:23.758 [worker-akka.actor.default-dispatcher-2] INFO  a.a.RepointableActorRef akka://worker/user/watcher - Connected to ZK
16:49:32.094 [worker-akka.actor.default-dispatcher-2] INFO  a.a.RepointableActorRef akka://worker/user/watcher - Creating node with watchGraphs: 'com.spbsu.flamestream.core.Graph$Builder$MyGraph@e9c001d', config: 'ClusterConfig{paths={10.0.0.239=akka://worker@10.0.0.239:5412/user/watcher/graph, 10.0.0.205=akka://worker@10.0.0.205:5412/user/watcher/graph, 10.0.0.139=akka://worker@10.0.0.139:5412/user/watcher/graph, 10.0.0.218=akka://worker@10.0.0.218:5412/user/watcher/graph, 10.0.0.225=akka://worker@10.0.0.225:5412/user/watcher/graph, 10.0.0.15=akka://worker@10.0.0.15:5412/user/watcher/graph, 10.0.0.37=akka://worker@10.0.0.37:5412/user/watcher/graph, 10.0.0.57=akka://worker@10.0.0.57:5412/user/watcher/graph, 10.0.0.155=akka://worker@10.0.0.155:5412/user/watcher/graph, 10.0.0.188=akka://worker@10.0.0.188:5412/user/watcher/graph}, ackerLocation='10.0.0.188', props=ComputationLayout{hashGroups={10.0.0.239=com.spbsu.flamestream.runtime.config.HashGroup@1ffe1b9d, 10.0.0.205=com.spbsu.flamestream.runtime.config.HashGroup@5d5c21bc, 10.0.0.139=com.spbsu.flamestream.runtime.config.HashGroup@56dcaf5d, 10.0.0.218=com.spbsu.flamestream.runtime.config.HashGroup@c65a7748, 10.0.0.225=com.spbsu.flamestream.runtime.config.HashGroup@231425fe, 10.0.0.15=com.spbsu.flamestream.runtime.config.HashGroup@fbc82752, 10.0.0.37=com.spbsu.flamestream.runtime.config.HashGroup@ccbcd570, 10.0.0.57=com.spbsu.flamestream.runtime.config.HashGroup@4276a447, 10.0.0.155=com.spbsu.flamestream.runtime.config.HashGroup@3fc198ed, 10.0.0.188=com.spbsu.flamestream.runtime.config.HashGroup@c01f}}}'
16:49:32.931 [worker-akka.actor.default-dispatcher-6] INFO  a.a.LocalActorRef akka://worker/user/watcher/graph/graph - Starting...
16:49:32.938 [worker-akka.actor.default-dispatcher-3] INFO  a.a.LocalActorRef akka://worker/user/watcher/graph/graph/local-acker/$a - Starting...
16:49:32.941 [worker-akka.actor.default-dispatcher-6] INFO  a.a.LocalActorRef akka://worker/user/watcher/graph/graph/local-acker - Starting...
16:49:33.700 [worker-akka.actor.default-dispatcher-5] INFO  a.a.LocalActorRef akka://worker/user/watcher/graph/graph - Finishing constructor
16:49:33.701 [worker-akka.actor.default-dispatcher-5] INFO  a.a.LocalActorRef akka://worker/user/watcher/graph/negotiator - Starting...
16:49:33.711 [worker-akka.actor.default-dispatcher-3] INFO  a.a.LocalActorRef akka://worker/user/watcher/graph/edge - Starting...
16:49:33.711 [worker-akka.actor.default-dispatcher-3] INFO  a.a.LocalActorRef akka://worker/user/watcher/graph - Starting...
16:49:33.733 [worker-akka.actor.default-dispatcher-4] INFO  a.a.LocalActorRef akka://worker/user/watcher/graph/negotiator - Requesting ticket for the frontClass FlameSocketGraphDeployerFront@10.0.0.205
16:49:33.761 [worker-akka.actor.default-dispatcher-12] INFO  a.a.LocalActorRef akka://worker/user/watcher/graph/graph - Received last commit 'LastCommit{globalTime=(0000000, min@min)}'
16:49:33.778 [worker-akka.actor.default-dispatcher-7] INFO  c.s.f.r.e.s.SocketRear  - FlameSocketGraphDeployerRear@10.0.0.205: connecting to 10.0.0.70:5678
16:49:33.780 [worker-akka.actor.default-dispatcher-12] INFO  a.a.LocalActorRef akka://worker/user/watcher/graph/edge/FlameSocketGraphDeployerFront - Starting...
16:49:33.789 [worker-akka.actor.default-dispatcher-7] INFO  c.s.f.r.e.s.SocketRear  - FlameSocketGraphDeployerRear@10.0.0.205: connected to 10.0.0.70:5678
16:49:33.791 [worker-akka.actor.default-dispatcher-7] INFO  a.a.LocalActorRef akka://worker/user/watcher/graph/edge/FlameSocketGraphDeployerRear - Starting...
16:49:33.849 [worker-akka.actor.default-dispatcher-7] INFO  a.a.LocalActorRef akka://worker/user/watcher/graph/graph/$a - Starting...
16:49:33.882 [worker-akka.actor.default-dispatcher-7] INFO  a.a.LocalActorRef akka://worker/user/watcher/graph/graph/$a - Attached rear to graph (-9223372036854775808, min@min)
16:49:33.885 [worker-akka.actor.default-dispatcher-7] INFO  a.a.LocalActorRef akka://worker/user/watcher/graph/graph/$b - Starting...
16:49:33.890 [worker-akka.actor.default-dispatcher-7] INFO  a.a.LocalActorRef akka://worker/user/watcher/graph/graph/$c - Starting...
16:49:34.498 [worker-akka.actor.default-dispatcher-7] INFO  a.a.LocalActorRef akka://worker/user/watcher/graph/negotiator - Ticket for the frontClass received: FrontTicket{allowedTimestamp=(0000000, FlameSocketGraphDeployerFront@10.0.0.205)}
16:49:34.499 [worker-akka.actor.default-dispatcher-7] INFO  c.s.f.r.e.s.SocketFront  - FlameSocketGraphDeployerFront@10.0.0.205: connecting to 10.0.0.70:4567
16:49:34.529 [Client] INFO  c.s.f.r.e.s.SocketFront  - FlameSocketGraphDeployerFront@10.0.0.205 has been disconnected from Connection 3
2018-03-23T16:49:38.328+0000: 17.417: [GC (Allocation Failure) 2018-03-23T16:49:38.328+0000: 17.417: [DefNew: 136576K->15665K(153600K), 0.0237490 secs] 152427K->51048K(494976K), 0.0238121 secs] [Times: user=0.02 sys=0.00, real=0.02 secs] 
2018-03-23T16:49:42.839+0000: 21.929: [GC (Allocation Failure) 2018-03-23T16:49:42.839+0000: 21.929: [DefNew: 151884K->4826K(153600K), 0.0174429 secs] 187267K->48316K(494976K), 0.0175176 secs] [Times: user=0.02 sys=0.00, real=0.01 secs] 
2018-03-23T16:49:47.336+0000: 26.425: [GC (Allocation Failure) 2018-03-23T16:49:47.336+0000: 26.425: [DefNew: 141402K->5449K(153600K), 0.0177001 secs] 184892K->48939K(494976K), 0.0177619 secs] [Times: user=0.01 sys=0.00, real=0.02 secs] 
2018-03-23T16:49:51.242+0000: 30.331: [GC (Allocation Failure) 2018-03-23T16:49:51.242+0000: 30.331: [DefNew: 142025K->6486K(153600K), 0.0092158 secs] 185515K->49976K(494976K), 0.0092788 secs] [Times: user=0.01 sys=0.00, real=0.01 secs] 
2018-03-23T16:49:55.272+0000: 34.362: [GC (Allocation Failure) 2018-03-23T16:49:55.272+0000: 34.362: [DefNew: 142800K->9190K(153600K), 0.0106465 secs] 186290K->52680K(494976K), 0.0107143 secs] [Times: user=0.01 sys=0.00, real=0.01 secs] 
2018-03-23T16:49:58.719+0000: 37.809: [GC (Allocation Failure) 2018-03-23T16:49:58.719+0000: 37.809: [DefNew: 145766K->8311K(153600K), 0.0137715 secs] 189256K->53207K(494976K), 0.0138372 secs] [Times: user=0.02 sys=0.00, real=0.01 secs] 
2018-03-23T16:50:02.256+0000: 41.345: [GC (Allocation Failure) 2018-03-23T16:50:02.256+0000: 41.345: [DefNew: 144534K->8854K(153600K), 0.0109790 secs] 189430K->53750K(494976K), 0.0110540 secs] [Times: user=0.02 sys=0.00, real=0.02 secs] 
2018-03-23T16:50:05.112+0000: 44.202: [GC (Allocation Failure) 2018-03-23T16:50:05.112+0000: 44.202: [DefNew: 144501K->8715K(153600K), 0.0156444 secs] 189398K->54260K(494976K), 0.0157104 secs] [Times: user=0.02 sys=0.00, real=0.02 secs] 
2018-03-23T16:50:08.346+0000: 47.436: [GC (Allocation Failure) 2018-03-23T16:50:08.346+0000: 47.436: [DefNew: 145291K->9072K(153600K), 0.0195574 secs] 190836K->55117K(494976K), 0.0196241 secs] [Times: user=0.02 sys=0.00, real=0.02 secs] 
2018-03-23T16:50:11.727+0000: 50.817: [GC (Allocation Failure) 2018-03-23T16:50:11.727+0000: 50.817: [DefNew: 144026K->4596K(153600K), 0.0212645 secs] 190071K->55221K(494976K), 0.0213328 secs] [Times: user=0.01 sys=0.00, real=0.02 secs] 
2018-03-23T16:50:14.792+0000: 53.881: [GC (Allocation Failure) 2018-03-23T16:50:14.792+0000: 53.881: [DefNew: 141172K->5487K(153600K), 0.0101676 secs] 191797K->56113K(494976K), 0.0102318 secs] [Times: user=0.01 sys=0.00, real=0.01 secs] 
2018-03-23T16:50:17.788+0000: 56.878: [GC (Allocation Failure) 2018-03-23T16:50:17.788+0000: 56.878: [DefNew: 142063K->5720K(153600K), 0.0096453 secs] 192689K->56345K(494976K), 0.0097110 secs] [Times: user=0.01 sys=0.00, real=0.01 secs] 
2018-03-23T16:50:21.007+0000: 60.097: [GC (Allocation Failure) 2018-03-23T16:50:21.007+0000: 60.097: [DefNew: 142296K->14703K(153600K), 0.0122530 secs] 192921K->65328K(494976K), 0.0123207 secs] [Times: user=0.02 sys=0.00, real=0.01 secs] 
2018-03-23T16:50:23.669+0000: 62.758: [GC (Allocation Failure) 2018-03-23T16:50:23.669+0000: 62.758: [DefNew: 151279K->2924K(153600K), 0.0263584 secs] 201904K->66254K(494976K), 0.0264285 secs] [Times: user=0.02 sys=0.01, real=0.02 secs] 
2018-03-23T16:50:26.828+0000: 65.917: [GC (Allocation Failure) 2018-03-23T16:50:26.828+0000: 65.917: [DefNew: 139500K->3406K(153600K), 0.0118961 secs] 202830K->66737K(494976K), 0.0119702 secs] [Times: user=0.01 sys=0.00, real=0.01 secs] 
2018-03-23T16:50:29.216+0000: 68.306: [GC (Allocation Failure) 2018-03-23T16:50:29.216+0000: 68.306: [DefNew: 139982K->4220K(153600K), 0.0170025 secs] 203313K->67550K(494976K), 0.0170640 secs] [Times: user=0.01 sys=0.00, real=0.02 secs] 
2018-03-23T16:50:31.841+0000: 70.931: [GC (Allocation Failure) 2018-03-23T16:50:31.841+0000: 70.931: [DefNew: 140796K->5537K(153600K), 0.0139635 secs] 204126K->68867K(494976K), 0.0140293 secs] [Times: user=0.01 sys=0.00, real=0.01 secs] 
2018-03-23T16:50:34.626+0000: 73.715: [GC (Allocation Failure) 2018-03-23T16:50:34.626+0000: 73.715: [DefNew: 142113K->5112K(153600K), 0.0103144 secs] 205443K->68442K(494976K), 0.0103839 secs] [Times: user=0.01 sys=0.00, real=0.00 secs] 
2018-03-23T16:50:37.197+0000: 76.287: [GC (Allocation Failure) 2018-03-23T16:50:37.197+0000: 76.287: [DefNew: 141688K->6427K(153600K), 0.0107617 secs] 205018K->69757K(494976K), 0.0108397 secs] [Times: user=0.00 sys=0.00, real=0.01 secs] 
2018-03-23T16:50:39.872+0000: 78.962: [GC (Allocation Failure) 2018-03-23T16:50:39.872+0000: 78.962: [DefNew: 143003K->7186K(153600K), 0.0118561 secs] 206333K->70516K(494976K), 0.0119206 secs] [Times: user=0.01 sys=0.00, real=0.01 secs] 
2018-03-23T16:50:42.458+0000: 81.548: [GC (Allocation Failure) 2018-03-23T16:50:42.458+0000: 81.548: [DefNew: 143762K->6718K(153600K), 0.0106098 secs] 207092K->70048K(494976K), 0.0106751 secs] [Times: user=0.01 sys=0.00, real=0.01 secs] 
2018-03-23T16:50:44.945+0000: 84.035: [GC (Allocation Failure) 2018-03-23T16:50:44.945+0000: 84.035: [DefNew: 142327K->6846K(153600K), 0.0104596 secs] 205657K->70177K(494976K), 0.0105211 secs] [Times: user=0.01 sys=0.00, real=0.00 secs] 
2018-03-23T16:50:47.656+0000: 86.746: [GC (Allocation Failure) 2018-03-23T16:50:47.656+0000: 86.746: [DefNew: 143422K->7342K(153600K), 0.0118314 secs] 206753K->70672K(494976K), 0.0118977 secs] [Times: user=0.01 sys=0.00, real=0.02 secs] 
2018-03-23T16:50:50.238+0000: 89.327: [GC (Allocation Failure) 2018-03-23T16:50:50.238+0000: 89.327: [DefNew: 143713K->7549K(153600K), 0.0115040 secs] 207043K->70879K(494976K), 0.0115718 secs] [Times: user=0.01 sys=0.00, real=0.01 secs] 
2018-03-23T16:50:52.687+0000: 91.776: [GC (Allocation Failure) 2018-03-23T16:50:52.687+0000: 91.776: [DefNew: 142089K->7962K(153600K), 0.0198964 secs] 205419K->71292K(494976K), 0.0199607 secs] [Times: user=0.02 sys=0.00, real=0.02 secs] 
2018-03-23T16:50:55.438+0000: 94.527: [GC (Allocation Failure) 2018-03-23T16:50:55.438+0000: 94.527: [DefNew: 144538K->8906K(153600K), 0.0144250 secs] 207868K->72236K(494976K), 0.0144955 secs] [Times: user=0.01 sys=0.00, real=0.01 secs] 
2018-03-23T16:50:57.945+0000: 97.034: [GC (Allocation Failure) 2018-03-23T16:50:57.945+0000: 97.034: [DefNew: 145482K->8307K(153600K), 0.0235348 secs] 208812K->72367K(494976K), 0.0235956 secs] [Times: user=0.03 sys=0.00, real=0.03 secs] 
2018-03-23T16:51:00.476+0000: 99.566: [GC (Allocation Failure) 2018-03-23T16:51:00.476+0000: 99.566: [DefNew: 143807K->8325K(153600K), 0.0125604 secs] 207867K->72385K(494976K), 0.0126311 secs] [Times: user=0.01 sys=0.00, real=0.02 secs] 
2018-03-23T16:51:03.031+0000: 102.121: [GC (Allocation Failure) 2018-03-23T16:51:03.031+0000: 102.121: [DefNew: 144496K->8624K(153600K), 0.0122745 secs] 208556K->72684K(494976K), 0.0123446 secs] [Times: user=0.01 sys=0.00, real=0.01 secs] 
2018-03-23T16:51:05.519+0000: 104.609: [GC (Allocation Failure) 2018-03-23T16:51:05.519+0000: 104.609: [DefNew: 145200K->9654K(153600K), 0.0242931 secs] 209260K->74058K(494976K), 0.0243631 secs] [Times: user=0.02 sys=0.01, real=0.02 secs] 
2018-03-23T16:51:07.928+0000: 107.017: [GC (Allocation Failure) 2018-03-23T16:51:07.928+0000: 107.017: [DefNew: 144653K->7324K(153600K), 0.0195985 secs] 209058K->73099K(494976K), 0.0197182 secs] [Times: user=0.01 sys=0.00, real=0.02 secs] 
2018-03-23T16:51:10.648+0000: 109.737: [GC (Allocation Failure) 2018-03-23T16:51:10.648+0000: 109.737: [DefNew: 140414K->7590K(153600K), 0.0109196 secs] 206189K->73365K(494976K), 0.0109935 secs] [Times: user=0.02 sys=0.00, real=0.01 secs] 
2018-03-23T16:51:13.108+0000: 112.197: [GC (Allocation Failure) 2018-03-23T16:51:13.108+0000: 112.197: [DefNew: 140879K->8085K(153600K), 0.0194230 secs] 206655K->73861K(494976K), 0.0194847 secs] [Times: user=0.02 sys=0.01, real=0.02 secs] 
2018-03-23T16:51:15.625+0000: 114.715: [GC (Allocation Failure) 2018-03-23T16:51:15.625+0000: 114.715: [DefNew: 144661K->8003K(153600K), 0.0120164 secs] 210437K->74097K(494976K), 0.0120926 secs] [Times: user=0.01 sys=0.00, real=0.01 secs] 
2018-03-23T16:51:18.125+0000: 117.214: [GC (Allocation Failure) 2018-03-23T16:51:18.125+0000: 117.214: [DefNew: 141000K->8165K(153600K), 0.0128527 secs] 207094K->74604K(494976K), 0.0129101 secs] [Times: user=0.01 sys=0.00, real=0.02 secs] 
2018-03-23T16:51:20.502+0000: 119.591: [GC (Allocation Failure) 2018-03-23T16:51:20.502+0000: 119.591: [DefNew: 144741K->9007K(153600K), 0.0260181 secs] 211180K->75813K(494976K), 0.0260949 secs] [Times: user=0.03 sys=0.00, real=0.03 secs] 
2018-03-23T16:51:23.002+0000: 122.091: [GC (Allocation Failure) 2018-03-23T16:51:23.002+0000: 122.091: [DefNew: 145583K->8528K(153600K), 0.0312146 secs] 212389K->75992K(494976K), 0.0312916 secs] [Times: user=0.02 sys=0.00, real=0.03 secs] 
2018-03-23T16:51:25.431+0000: 124.520: [GC (Allocation Failure) 2018-03-23T16:51:25.431+0000: 124.520: [DefNew: 144384K->16190K(153600K), 0.0311475 secs] 211849K->84007K(494976K), 0.0312146 secs] [Times: user=0.03 sys=0.00, real=0.03 secs] 
2018-03-23T16:51:27.634+0000: 126.724: [GC (Allocation Failure) 2018-03-23T16:51:27.634+0000: 126.724: [DefNew: 149605K->10460K(153600K), 0.0485623 secs] 217422K->92643K(494976K), 0.0486306 secs] [Times: user=0.05 sys=0.00, real=0.05 secs] 
2018-03-23T16:51:30.246+0000: 129.335: [GC (Allocation Failure) 2018-03-23T16:51:30.246+0000: 129.335: [DefNew: 143489K->1793K(153600K), 0.0232311 secs] 225673K->93395K(494976K), 0.0233046 secs] [Times: user=0.02 sys=0.01, real=0.02 secs] 
2018-03-23T16:51:32.564+0000: 131.653: [GC (Allocation Failure) 2018-03-23T16:51:32.564+0000: 131.653: [DefNew: 134187K->2788K(153600K), 0.0137076 secs] 225789K->94391K(494976K), 0.0137780 secs] [Times: user=0.01 sys=0.00, real=0.02 secs] 
2018-03-23T16:51:35.007+0000: 134.097: [GC (Allocation Failure) 2018-03-23T16:51:35.007+0000: 134.097: [DefNew: 138111K->3515K(153600K), 0.0071341 secs] 229714K->95117K(494976K), 0.0072098 secs] [Times: user=0.00 sys=0.00, real=0.00 secs] 
2018-03-23T16:51:37.514+0000: 136.604: [GC (Allocation Failure) 2018-03-23T16:51:37.514+0000: 136.604: [DefNew: 140065K->3946K(153600K), 0.0075003 secs] 231668K->95549K(494976K), 0.0075725 secs] [Times: user=0.01 sys=0.00, real=0.01 secs] 
2018-03-23T16:51:39.830+0000: 138.919: [GC (Allocation Failure) 2018-03-23T16:51:39.830+0000: 138.919: [DefNew: 140522K->9012K(153600K), 0.0139802 secs] 232125K->100614K(494976K), 0.0140538 secs] [Times: user=0.01 sys=0.00, real=0.01 secs] 
2018-03-23T16:51:42.300+0000: 141.390: [GC (Allocation Failure) 2018-03-23T16:51:42.300+0000: 141.390: [DefNew: 145588K->5724K(153600K), 0.0121656 secs] 237190K->98194K(494976K), 0.0122337 secs] [Times: user=0.01 sys=0.00, real=0.01 secs] 
2018-03-23T16:51:44.682+0000: 143.772: [GC (Allocation Failure) 2018-03-23T16:51:44.682+0000: 143.772: [DefNew: 141695K->4394K(153600K), 0.0073373 secs] 234165K->96865K(494976K), 0.0074019 secs] [Times: user=0.00 sys=0.00, real=0.01 secs] 
2018-03-23T16:51:46.937+0000: 146.026: [GC (Allocation Failure) 2018-03-23T16:51:46.937+0000: 146.026: [DefNew: 139266K->4607K(153600K), 0.0078851 secs] 231736K->97077K(494976K), 0.0079476 secs] [Times: user=0.01 sys=0.00, real=0.01 secs] 
2018-03-23T16:51:49.312+0000: 148.401: [GC (Allocation Failure) 2018-03-23T16:51:49.312+0000: 148.401: [DefNew: 141183K->6302K(153600K), 0.0103250 secs] 233653K->98772K(494976K), 0.0103966 secs] [Times: user=0.00 sys=0.00, real=0.01 secs] 
2018-03-23T16:51:51.548+0000: 150.638: [GC (Allocation Failure) 2018-03-23T16:51:51.548+0000: 150.638: [DefNew: 140917K->5355K(153600K), 0.0085899 secs] 233387K->97825K(494976K), 0.0086616 secs] [Times: user=0.00 sys=0.00, real=0.01 secs] 
2018-03-23T16:51:53.911+0000: 153.001: [GC (Allocation Failure) 2018-03-23T16:51:53.911+0000: 153.001: [DefNew: 141931K->5938K(153600K), 0.0095999 secs] 234401K->98409K(494976K), 0.0096696 secs] [Times: user=0.00 sys=0.00, real=0.01 secs] 
2018-03-23T16:51:56.561+0000: 155.650: [GC (Allocation Failure) 2018-03-23T16:51:56.561+0000: 155.650: [DefNew: 140974K->6234K(153600K), 0.0095156 secs] 233445K->98705K(494976K), 0.0095853 secs] [Times: user=0.01 sys=0.00, real=0.01 secs] 
2018-03-23T16:51:58.715+0000: 157.804: [GC (Allocation Failure) 2018-03-23T16:51:58.715+0000: 157.804: [DefNew: 141689K->6458K(153600K), 0.0097991 secs] 234159K->98928K(494976K), 0.0098766 secs] [Times: user=0.01 sys=0.00, real=0.01 secs] 
2018-03-23T16:52:01.129+0000: 160.219: [GC (Allocation Failure) 2018-03-23T16:52:01.129+0000: 160.219: [DefNew: 139281K->7120K(153600K), 0.0116767 secs] 231752K->99591K(494976K), 0.0117607 secs] [Times: user=0.02 sys=0.00, real=0.01 secs] 
2018-03-23T16:52:03.430+0000: 162.519: [GC (Allocation Failure) 2018-03-23T16:52:03.430+0000: 162.519: [DefNew: 142553K->7238K(153600K), 0.0104127 secs] 235024K->99708K(494976K), 0.0104988 secs] [Times: user=0.01 sys=0.00, real=0.01 secs] 
2018-03-23T16:52:05.730+0000: 164.820: [GC (Allocation Failure) 2018-03-23T16:52:05.730+0000: 164.820: [DefNew: 141327K->7476K(153600K), 0.0105234 secs] 233798K->99947K(494976K), 0.0106019 secs] [Times: user=0.01 sys=0.00, real=0.01 secs] 
2018-03-23T16:52:08.100+0000: 167.190: [GC (Allocation Failure) 2018-03-23T16:52:08.100+0000: 167.190: [DefNew: 144052K->8188K(153600K), 0.0219105 secs] 236523K->100658K(494976K), 0.0219826 secs] [Times: user=0.02 sys=0.00, real=0.02 secs] 
2018-03-23T16:52:10.340+0000: 169.430: [GC (Allocation Failure) 2018-03-23T16:52:10.340+0000: 169.430: [DefNew: 141912K->7432K(153600K), 0.0119924 secs] 234383K->100233K(494976K), 0.0120626 secs] [Times: user=0.01 sys=0.00, real=0.01 secs] 
2018-03-23T16:52:12.666+0000: 171.755: [GC (Allocation Failure) 2018-03-23T16:52:12.666+0000: 171.755: [DefNew: 144008K->9285K(153600K), 0.0147839 secs] 236809K->102276K(494976K), 0.0148550 secs] [Times: user=0.02 sys=0.00, real=0.01 secs] 
2018-03-23T16:52:15.106+0000: 174.196: [GC (Allocation Failure) 2018-03-23T16:52:15.106+0000: 174.196: [DefNew: 142959K->7294K(153600K), 0.0204940 secs] 235949K->101098K(494976K), 0.0205664 secs] [Times: user=0.02 sys=0.00, real=0.02 secs] 
2018-03-23T16:52:17.170+0000: 176.259: [GC (Allocation Failure) 2018-03-23T16:52:17.170+0000: 176.259: [DefNew: 140354K->7410K(153600K), 0.0180354 secs] 234158K->101214K(494976K), 0.0181083 secs] [Times: user=0.02 sys=0.00, real=0.02 secs] 
2018-03-23T16:52:19.260+0000: 178.350: [GC (Allocation Failure) 2018-03-23T16:52:19.260+0000: 178.350: [DefNew: 143986K->9799K(153600K), 0.0303206 secs] 237790K->103603K(494976K), 0.0303915 secs] [Times: user=0.03 sys=0.00, real=0.03 secs] 
2018-03-23T16:52:21.578+0000: 180.668: [GC (Allocation Failure) 2018-03-23T16:52:21.578+0000: 180.668: [DefNew: 146375K->8862K(153600K), 0.0314109 secs] 240179K->103935K(494976K), 0.0314797 secs] [Times: user=0.03 sys=0.00, real=0.03 secs] 
2018-03-23T16:52:23.831+0000: 182.921: [GC (Allocation Failure) 2018-03-23T16:52:23.831+0000: 182.921: [DefNew: 145438K->6349K(153600K), 0.0184456 secs] 240511K->102241K(494976K), 0.0185158 secs] [Times: user=0.01 sys=0.00, real=0.02 secs] 
2018-03-23T16:52:26.095+0000: 185.185: [GC (Allocation Failure) 2018-03-23T16:52:26.095+0000: 185.185: [DefNew: 141227K->6995K(153600K), 0.0208842 secs] 237119K->102886K(494976K), 0.0209531 secs] [Times: user=0.02 sys=0.00, real=0.02 secs] 
2018-03-23T16:52:28.339+0000: 187.429: [GC (Allocation Failure) 2018-03-23T16:52:28.340+0000: 187.429: [DefNew: 143571K->7446K(153600K), 0.0174579 secs] 239462K->103338K(494976K), 0.0175358 secs] [Times: user=0.01 sys=0.00, real=0.02 secs] 
2018-03-23T16:52:30.805+0000: 189.894: [GC (Allocation Failure) 2018-03-23T16:52:30.805+0000: 189.894: [DefNew: 144022K->9041K(153600K), 0.0182554 secs] 239914K->104933K(494976K), 0.0183196 secs] [Times: user=0.00 sys=0.01, real=0.01 secs] 
2018-03-23T16:52:33.220+0000: 192.310: [GC (Allocation Failure) 2018-03-23T16:52:33.220+0000: 192.310: [DefNew: 145617K->9133K(153600K), 0.0280178 secs] 241509K->105620K(494976K), 0.0280856 secs] [Times: user=0.02 sys=0.00, real=0.03 secs] 
2018-03-23T16:52:35.541+0000: 194.631: [GC (Allocation Failure) 2018-03-23T16:52:35.541+0000: 194.631: [DefNew: 145709K->8895K(153600K), 0.0292385 secs] 242196K->106083K(494976K), 0.0293089 secs] [Times: user=0.03 sys=0.00, real=0.03 secs] 
2018-03-23T16:52:37.870+0000: 196.960: [GC (Allocation Failure) 2018-03-23T16:52:37.870+0000: 196.960: [DefNew: 145471K->7658K(153600K), 0.0214690 secs] 242659K->105366K(494976K), 0.0215369 secs] [Times: user=0.02 sys=0.00, real=0.02 secs] 
2018-03-23T16:52:40.136+0000: 199.225: [GC (Allocation Failure) 2018-03-23T16:52:40.136+0000: 199.225: [DefNew: 144234K->8691K(153600K), 0.0201936 secs] 241942K->106399K(494976K), 0.0202645 secs] [Times: user=0.02 sys=0.00, real=0.02 secs] 
2018-03-23T16:52:42.619+0000: 201.709: [GC (Allocation Failure) 2018-03-23T16:52:42.619+0000: 201.709: [DefNew: 145267K->9193K(153600K), 0.0302369 secs] 242975K->107320K(494976K), 0.0303047 secs] [Times: user=0.02 sys=0.00, real=0.03 secs] 
2018-03-23T16:52:44.935+0000: 204.025: [GC (Allocation Failure) 2018-03-23T16:52:44.935+0000: 204.025: [DefNew: 145769K->7162K(153600K), 0.0198501 secs] 243896K->106392K(494976K), 0.0199140 secs] [Times: user=0.02 sys=0.00, real=0.02 secs] 
2018-03-23T16:52:47.246+0000: 206.336: [GC (Allocation Failure) 2018-03-23T16:52:47.246+0000: 206.336: [DefNew: 143738K->7725K(153600K), 0.0215890 secs] 242968K->106954K(494976K), 0.0216582 secs] [Times: user=0.02 sys=0.00, real=0.02 secs] 
2018-03-23T16:52:49.592+0000: 208.681: [GC (Allocation Failure) 2018-03-23T16:52:49.592+0000: 208.681: [DefNew: 138768K->6865K(153600K), 0.0180654 secs] 237997K->106094K(494976K), 0.0181314 secs] [Times: user=0.02 sys=0.00, real=0.02 secs] 
2018-03-23T16:52:51.804+0000: 210.893: [GC (Allocation Failure) 2018-03-23T16:52:51.804+0000: 210.893: [DefNew: 143441K->8540K(153600K), 0.0235658 secs] 242670K->107769K(494976K), 0.0236469 secs] [Times: user=0.02 sys=0.00, real=0.03 secs] 
2018-03-23T16:52:53.997+0000: 213.086: [GC (Allocation Failure) 2018-03-23T16:52:53.997+0000: 213.086: [DefNew: 145116K->7667K(153600K), 0.0184586 secs] 244345K->107254K(494976K), 0.0185327 secs] [Times: user=0.02 sys=0.00, real=0.01 secs] 
2018-03-23T16:52:56.253+0000: 215.343: [GC (Allocation Failure) 2018-03-23T16:52:56.253+0000: 215.343: [DefNew: 144243K->9722K(153600K), 0.0281615 secs] 243830K->109309K(494976K), 0.0282305 secs] [Times: user=0.03 sys=0.00, real=0.03 secs] 
2018-03-23T16:52:58.412+0000: 217.501: [GC (Allocation Failure) 2018-03-23T16:52:58.412+0000: 217.501: [DefNew: 143084K->7021K(153600K), 0.0200261 secs] 242671K->107828K(494976K), 0.0200949 secs] [Times: user=0.02 sys=0.00, real=0.02 secs] 
2018-03-23T16:53:00.483+0000: 219.572: [GC (Allocation Failure) 2018-03-23T16:53:00.483+0000: 219.572: [DefNew: 139522K->7499K(153600K), 0.0193657 secs] 240329K->108306K(494976K), 0.0194504 secs] [Times: user=0.02 sys=0.00, real=0.02 secs] 
2018-03-23T16:53:02.549+0000: 221.639: [GC (Allocation Failure) 2018-03-23T16:53:02.549+0000: 221.639: [DefNew: 138533K->7755K(153600K), 0.0209698 secs] 239340K->108562K(494976K), 0.0210390 secs] [Times: user=0.03 sys=0.00, real=0.02 secs] 
2018-03-23T16:53:04.731+0000: 223.821: [GC (Allocation Failure) 2018-03-23T16:53:04.731+0000: 223.821: [DefNew: 142151K->7961K(153600K), 0.0230630 secs] 242958K->108768K(494976K), 0.0231360 secs] [Times: user=0.03 sys=0.00, real=0.02 secs] 
2018-03-23T16:53:06.994+0000: 226.083: [GC (Allocation Failure) 2018-03-23T16:53:06.994+0000: 226.083: [DefNew: 140355K->8238K(153600K), 0.0234654 secs] 241162K->109045K(494976K), 0.0235355 secs] [Times: user=0.02 sys=0.00, real=0.03 secs] 
2018-03-23T16:53:09.168+0000: 228.257: [GC (Allocation Failure) 2018-03-23T16:53:09.168+0000: 228.257: [DefNew: 144814K->10479K(153600K), 0.0277544 secs] 245621K->111286K(494976K), 0.0278322 secs] [Times: user=0.03 sys=0.00, real=0.02 secs] 
2018-03-23T16:53:11.352+0000: 230.441: [GC (Allocation Failure) 2018-03-23T16:53:11.352+0000: 230.441: [DefNew: 141686K->6616K(153600K), 0.0128275 secs] 242492K->109629K(494976K), 0.0128980 secs] [Times: user=0.01 sys=0.00, real=0.01 secs] 
2018-03-23T16:53:13.794+0000: 232.884: [GC (Allocation Failure) 2018-03-23T16:53:13.794+0000: 232.884: [DefNew: 143192K->8363K(153600K), 0.0130750 secs] 246205K->111375K(494976K), 0.0131511 secs] [Times: user=0.01 sys=0.00, real=0.02 secs] 
2018-03-23T16:53:16.065+0000: 235.155: [GC (Allocation Failure) 2018-03-23T16:53:16.065+0000: 235.155: [DefNew: 144505K->7745K(153600K), 0.0209928 secs] 247517K->110757K(494976K), 0.0210611 secs] [Times: user=0.02 sys=0.00, real=0.02 secs] 
2018-03-23T16:53:18.174+0000: 237.263: [GC (Allocation Failure) 2018-03-23T16:53:18.174+0000: 237.263: [DefNew: 141407K->8078K(153600K), 0.0191751 secs] 244420K->111091K(494976K), 0.0192523 secs] [Times: user=0.02 sys=0.00, real=0.02 secs] 
2018-03-23T16:53:20.406+0000: 239.495: [GC (Allocation Failure) 2018-03-23T16:53:20.406+0000: 239.496: [DefNew: 141211K->8114K(153600K), 0.0104695 secs] 244224K->111127K(494976K), 0.0105506 secs] [Times: user=0.01 sys=0.00, real=0.00 secs] 
2018-03-23T16:53:22.511+0000: 241.600: [GC (Allocation Failure) 2018-03-23T16:53:22.511+0000: 241.600: [DefNew: 144690K->9150K(153600K), 0.0132698 secs] 247703K->112162K(494976K), 0.0133387 secs] [Times: user=0.01 sys=0.00, real=0.01 secs] 
2018-03-23T16:53:24.866+0000: 243.956: [GC (Allocation Failure) 2018-03-23T16:53:24.866+0000: 243.956: [DefNew: 140561K->8092K(153600K), 0.0114463 secs] 243573K->111763K(494976K), 0.0115234 secs] [Times: user=0.01 sys=0.00, real=0.01 secs] 
2018-03-23T16:53:27.072+0000: 246.162: [GC (Allocation Failure) 2018-03-23T16:53:27.072+0000: 246.162: [DefNew: 144668K->9222K(153600K), 0.0245826 secs] 248339K->112893K(494976K), 0.0246525 secs] [Times: user=0.03 sys=0.00, real=0.03 secs] 
2018-03-23T16:53:29.124+0000: 248.214: [GC (Allocation Failure) 2018-03-23T16:53:29.124+0000: 248.214: [DefNew: 145798K->8316K(153600K), 0.0146511 secs] 249469K->112880K(494976K), 0.0147195 secs] [Times: user=0.02 sys=0.00, real=0.02 secs] 
2018-03-23T16:53:31.434+0000: 250.524: [GC (Allocation Failure) 2018-03-23T16:53:31.434+0000: 250.524: [DefNew: 144892K->8528K(153600K), 0.0197021 secs] 249456K->113092K(494976K), 0.0197807 secs] [Times: user=0.02 sys=0.00, real=0.02 secs] 
2018-03-23T16:53:33.509+0000: 252.599: [GC (Allocation Failure) 2018-03-23T16:53:33.509+0000: 252.599: [DefNew: 140833K->7899K(153600K), 0.0180617 secs] 245397K->112701K(494976K), 0.0181436 secs] [Times: user=0.02 sys=0.00, real=0.02 secs] 
2018-03-23T16:53:35.607+0000: 254.697: [GC (Allocation Failure) 2018-03-23T16:53:35.607+0000: 254.697: [DefNew: 140353K->8191K(153600K), 0.0217726 secs] 245155K->112993K(494976K), 0.0218439 secs] [Times: user=0.02 sys=0.00, real=0.02 secs] 
2018-03-23T16:53:37.662+0000: 256.751: [GC (Allocation Failure) 2018-03-23T16:53:37.662+0000: 256.751: [DefNew: 144767K->10210K(153600K), 0.0276504 secs] 249569K->115012K(494976K), 0.0277210 secs] [Times: user=0.03 sys=0.00, real=0.03 secs] 
2018-03-23T16:53:39.837+0000: 258.927: [GC (Allocation Failure) 2018-03-23T16:53:39.837+0000: 258.927: [DefNew: 146786K->9199K(153600K), 0.0337250 secs] 251588K->115983K(494976K), 0.0337944 secs] [Times: user=0.03 sys=0.00, real=0.03 secs] 
2018-03-23T16:53:41.870+0000: 260.959: [GC (Allocation Failure) 2018-03-23T16:53:41.870+0000: 260.959: [DefNew: 143747K->6427K(153600K), 0.0173098 secs] 250530K->114066K(494976K), 0.0173878 secs] [Times: user=0.02 sys=0.00, real=0.02 secs] 
2018-03-23T16:53:43.919+0000: 263.008: [GC (Allocation Failure) 2018-03-23T16:53:43.919+0000: 263.008: [DefNew: 143003K->7728K(153600K), 0.0217067 secs] 250642K->115367K(494976K), 0.0217795 secs] [Times: user=0.02 sys=0.00, real=0.02 secs] 
2018-03-23T16:53:46.156+0000: 265.245: [GC (Allocation Failure) 2018-03-23T16:53:46.156+0000: 265.245: [DefNew: 139867K->7145K(153600K), 0.0095592 secs] 247506K->114784K(494976K), 0.0096283 secs] [Times: user=0.01 sys=0.00, real=0.02 secs] 
2018-03-23T16:53:48.164+0000: 267.254: [GC (Allocation Failure) 2018-03-23T16:53:48.164+0000: 267.254: [DefNew: 143721K->10061K(153600K), 0.0276987 secs] 251360K->117700K(494976K), 0.0277690 secs] [Times: user=0.03 sys=0.00, real=0.03 secs] 
2018-03-23T16:53:50.248+0000: 269.337: [GC (Allocation Failure) 2018-03-23T16:53:50.248+0000: 269.337: [DefNew: 142066K->6069K(153600K), 0.0209599 secs] 249704K->115572K(494976K), 0.0210395 secs] [Times: user=0.02 sys=0.00, real=0.02 secs] 
2018-03-23T16:53:52.351+0000: 271.440: [GC (Allocation Failure) 2018-03-23T16:53:52.351+0000: 271.440: [DefNew: 139827K->6519K(153600K), 0.0157407 secs] 249330K->116023K(494976K), 0.0158214 secs] [Times: user=0.02 sys=0.00, real=0.02 secs] 
2018-03-23T16:53:54.555+0000: 273.644: [GC (Allocation Failure) 2018-03-23T16:53:54.555+0000: 273.644: [DefNew: 137853K->7035K(153600K), 0.0130658 secs] 247356K->116538K(494976K), 0.0131193 secs] [Times: user=0.02 sys=0.00, real=0.02 secs] 
2018-03-23T16:53:56.660+0000: 275.750: [GC (Allocation Failure) 2018-03-23T16:53:56.661+0000: 275.750: [DefNew: 140052K->7381K(153600K), 0.0150782 secs] 249555K->116884K(494976K), 0.0151550 secs] [Times: user=0.02 sys=0.00, real=0.01 secs] 
2018-03-23T16:53:58.901+0000: 277.990: [GC (Allocation Failure) 2018-03-23T16:53:58.901+0000: 277.990: [DefNew: 143957K->10111K(153600K), 0.0144118 secs] 253460K->119614K(494976K), 0.0144816 secs] [Times: user=0.02 sys=0.00, real=0.01 secs] 
2018-03-23T16:54:01.181+0000: 280.270: [GC (Allocation Failure) 2018-03-23T16:54:01.181+0000: 280.270: [DefNew: 146687K->9054K(153600K), 0.0344097 secs] 256190K->120194K(494976K), 0.0344922 secs] [Times: user=0.03 sys=0.00, real=0.03 secs] 
2018-03-23T16:54:03.341+0000: 282.430: [GC (Allocation Failure) 2018-03-23T16:54:03.341+0000: 282.430: [DefNew: 139824K->6668K(153600K), 0.0194052 secs] 250964K->118719K(494976K), 0.0194714 secs] [Times: user=0.02 sys=0.00, real=0.02 secs] 
2018-03-23T16:54:05.429+0000: 284.518: [GC (Allocation Failure) 2018-03-23T16:54:05.429+0000: 284.519: [DefNew: 143244K->10239K(153600K), 0.0298403 secs] 255295K->122290K(494976K), 0.0299101 secs] [Times: user=0.03 sys=0.00, real=0.03 secs] 
2018-03-23T16:54:07.677+0000: 286.767: [GC (Allocation Failure) 2018-03-23T16:54:07.677+0000: 286.767: [DefNew: 144580K->6612K(153600K), 0.0288400 secs] 256630K->120146K(494976K), 0.0289104 secs] [Times: user=0.04 sys=0.00, real=0.03 secs] 
2018-03-23T16:54:09.761+0000: 288.850: [GC (Allocation Failure) 2018-03-23T16:54:09.761+0000: 288.850: [DefNew: 137062K->7213K(153600K), 0.0140166 secs] 250597K->120747K(494976K), 0.0141576 secs] [Times: user=0.01 sys=0.00, real=0.01 secs] 
2018-03-23T16:54:11.931+0000: 291.021: [GC (Allocation Failure) 2018-03-23T16:54:11.931+0000: 291.021: [DefNew: 143789K->8408K(153600K), 0.0254273 secs] 257323K->121942K(494976K), 0.0255109 secs] [Times: user=0.02 sys=0.00, real=0.02 secs] 
2018-03-23T16:54:14.124+0000: 293.214: [GC (Allocation Failure) 2018-03-23T16:54:14.124+0000: 293.214: [DefNew: 139333K->7965K(153600K), 0.0195786 secs] 252867K->121499K(494976K), 0.0196499 secs] [Times: user=0.02 sys=0.00, real=0.02 secs] 
2018-03-23T16:54:16.189+0000: 295.278: [GC (Allocation Failure) 2018-03-23T16:54:16.189+0000: 295.278: [DefNew: 144329K->8477K(153600K), 0.0222651 secs] 257864K->122011K(494976K), 0.0223371 secs] [Times: user=0.02 sys=0.00, real=0.02 secs] 
2018-03-23T16:54:18.332+0000: 297.422: [GC (Allocation Failure) 2018-03-23T16:54:18.332+0000: 297.422: [DefNew: 145053K->8810K(153600K), 0.0210867 secs] 258587K->122344K(494976K), 0.0211956 secs] [Times: user=0.02 sys=0.00, real=0.02 secs] 
2018-03-23T16:54:20.594+0000: 299.684: [GC (Allocation Failure) 2018-03-23T16:54:20.594+0000: 299.684: [DefNew: 145344K->9759K(153600K), 0.0163573 secs] 258878K->124065K(494976K), 0.0164308 secs] [Times: user=0.01 sys=0.00, real=0.02 secs] 
2018-03-23T16:54:22.553+0000: 301.643: [GC (Allocation Failure) 2018-03-23T16:54:22.553+0000: 301.643: [DefNew: 140352K->17023K(153600K), 0.0584212 secs] 254658K->141958K(494976K), 0.0584912 secs] [Times: user=0.05 sys=0.01, real=0.06 secs] 
2018-03-23T16:54:24.569+0000: 303.659: [GC (Allocation Failure) 2018-03-23T16:54:24.569+0000: 303.659: [DefNew: 153599K->17024K(153600K), 0.0636557 secs] 278534K->160875K(494976K), 0.0637278 secs] [Times: user=0.06 sys=0.00, real=0.06 secs] 
2018-03-23T16:54:26.551+0000: 305.641: [GC (Allocation Failure) 2018-03-23T16:54:26.551+0000: 305.641: [DefNew: 147203K->2938K(153600K), 0.0322201 secs] 291055K->163368K(494976K), 0.0322962 secs] [Times: user=0.03 sys=0.01, real=0.03 secs] 
2018-03-23T16:54:28.713+0000: 307.802: [GC (Allocation Failure) 2018-03-23T16:54:28.713+0000: 307.802: [DefNew: 139128K->4290K(153600K), 0.0080578 secs] 299558K->164721K(494976K), 0.0161400 secs] [Times: user=0.01 sys=0.00, real=0.02 secs] 
2018-03-23T16:54:30.861+0000: 309.950: [GC (Allocation Failure) 2018-03-23T16:54:30.861+0000: 309.950: [DefNew: 140866K->7933K(153600K), 0.0207735 secs] 301297K->168363K(494976K), 0.0208479 secs] [Times: user=0.02 sys=0.00, real=0.02 secs] 
2018-03-23T16:54:33.034+0000: 312.124: [GC (Allocation Failure) 2018-03-23T16:54:33.035+0000: 312.124: [DefNew: 144509K->8994K(153600K), 0.0327845 secs] 304939K->169425K(494976K), 0.0328477 secs] [Times: user=0.03 sys=0.00, real=0.04 secs] 
2018-03-23T16:54:35.140+0000: 314.229: [GC (Allocation Failure) 2018-03-23T16:54:35.140+0000: 314.229: [DefNew: 145570K->8683K(153600K), 0.0356696 secs] 306001K->170059K(494976K), 0.0357397 secs] [Times: user=0.03 sys=0.00, real=0.03 secs] 
2018-03-23T16:54:37.284+0000: 316.374: [GC (Allocation Failure) 2018-03-23T16:54:37.284+0000: 316.374: [DefNew: 145259K->6238K(153600K), 0.0190562 secs] 306635K->168335K(494976K), 0.0191249 secs] [Times: user=0.02 sys=0.00, real=0.02 secs] 
2018-03-23T16:54:39.413+0000: 318.502: [GC (Allocation Failure) 2018-03-23T16:54:39.413+0000: 318.502: [DefNew: 142814K->8555K(153600K), 0.0212663 secs] 304911K->170652K(494976K), 0.0213429 secs] [Times: user=0.02 sys=0.00, real=0.02 secs] 
2018-03-23T16:54:41.614+0000: 320.704: [GC (Allocation Failure) 2018-03-23T16:54:41.614+0000: 320.704: [DefNew: 145131K->8037K(153600K), 0.0247748 secs] 307228K->170612K(494976K), 0.0248452 secs] [Times: user=0.02 sys=0.00, real=0.03 secs] 
2018-03-23T16:54:43.868+0000: 322.957: [GC (Allocation Failure) 2018-03-23T16:54:43.868+0000: 322.957: [DefNew: 144613K->7875K(153600K), 0.0193813 secs] 307188K->170451K(494976K), 0.0194456 secs] [Times: user=0.02 sys=0.00, real=0.02 secs] 
2018-03-23T16:54:46.030+0000: 325.119: [GC (Allocation Failure) 2018-03-23T16:54:46.030+0000: 325.119: [DefNew: 144451K->7731K(153600K), 0.0241498 secs] 307027K->170306K(494976K), 0.0242272 secs] [Times: user=0.02 sys=0.00, real=0.02 secs] 
2018-03-23T16:54:48.182+0000: 327.271: [GC (Allocation Failure) 2018-03-23T16:54:48.182+0000: 327.271: [DefNew: 144307K->9946K(153600K), 0.0283470 secs] 306882K->172521K(494976K), 0.0284281 secs] [Times: user=0.02 sys=0.00, real=0.03 secs] 
2018-03-23T16:54:50.325+0000: 329.415: [GC (Allocation Failure) 2018-03-23T16:54:50.325+0000: 329.415: [DefNew: 145715K->7194K(153600K), 0.0217197 secs] 308290K->171139K(494976K), 0.0217991 secs] [Times: user=0.02 sys=0.00, real=0.02 secs] 
2018-03-23T16:54:52.483+0000: 331.573: [GC (Allocation Failure) 2018-03-23T16:54:52.483+0000: 331.573: [DefNew: 143497K->7537K(153600K), 0.0186045 secs] 307442K->171482K(494976K), 0.0186780 secs] [Times: user=0.02 sys=0.00, real=0.02 secs] 
2018-03-23T16:54:54.544+0000: 333.634: [GC (Allocation Failure) 2018-03-23T16:54:54.544+0000: 333.634: [DefNew: 144113K->9349K(153600K), 0.0253190 secs] 308058K->173295K(494976K), 0.0253897 secs] [Times: user=0.02 sys=0.00, real=0.03 secs] 
2018-03-23T16:54:56.788+0000: 335.877: [GC (Allocation Failure) 2018-03-23T16:54:56.788+0000: 335.877: [DefNew: 141651K->7878K(153600K), 0.0191659 secs] 305597K->172604K(494976K), 0.0192421 secs] [Times: user=0.02 sys=0.00, real=0.02 secs] 
2018-03-23T16:54:59.096+0000: 338.186: [GC (Allocation Failure) 2018-03-23T16:54:59.096+0000: 338.186: [DefNew: 144454K->9458K(153600K), 0.0127078 secs] 309180K->174184K(494976K), 0.0127644 secs] [Times: user=0.01 sys=0.00, real=0.02 secs] 
2018-03-23T16:55:01.446+0000: 340.536: [GC (Allocation Failure) 2018-03-23T16:55:01.446+0000: 340.536: [DefNew: 146034K->8795K(153600K), 0.0141541 secs] 310760K->174557K(494976K), 0.0142230 secs] [Times: user=0.02 sys=0.00, real=0.01 secs] 
2018-03-23T16:55:04.168+0000: 343.257: [GC (Allocation Failure) 2018-03-23T16:55:04.168+0000: 343.257: [DefNew: 144364K->7935K(153600K), 0.0112873 secs] 310126K->174029K(494976K), 0.0113607 secs] [Times: user=0.01 sys=0.00, real=0.01 secs] 
2018-03-23T16:55:06.424+0000: 345.514: [GC (Allocation Failure) 2018-03-23T16:55:06.424+0000: 345.514: [DefNew: 144511K->10210K(153600K), 0.0263945 secs] 310605K->176303K(494976K), 0.0264681 secs] [Times: user=0.03 sys=0.00, real=0.03 secs] 
2018-03-23T16:55:08.420+0000: 347.509: [GC (Allocation Failure) 2018-03-23T16:55:08.420+0000: 347.509: [DefNew: 146786K->6759K(153600K), 0.0144106 secs] 312879K->174924K(494976K), 0.0145230 secs] [Times: user=0.02 sys=0.00, real=0.01 secs] 
2018-03-23T16:55:10.827+0000: 349.917: [GC (Allocation Failure) 2018-03-23T16:55:10.827+0000: 349.917: [DefNew: 139205K->7036K(153600K), 0.0168683 secs] 307370K->175201K(494976K), 0.0169438 secs] [Times: user=0.01 sys=0.00, real=0.01 secs] 
2018-03-23T16:55:12.862+0000: 351.952: [GC (Allocation Failure) 2018-03-23T16:55:12.862+0000: 351.952: [DefNew: 136347K->7612K(153600K), 0.0192101 secs] 304512K->175777K(494976K), 0.0192796 secs] [Times: user=0.02 sys=0.00, real=0.02 secs] 
2018-03-23T16:55:14.918+0000: 354.008: [GC (Allocation Failure) 2018-03-23T16:55:14.918+0000: 354.008: [DefNew: 135311K->8031K(153600K), 0.0142028 secs] 303476K->176196K(494976K), 0.0142929 secs] [Times: user=0.01 sys=0.00, real=0.01 secs] 
2018-03-23T16:55:17.044+0000: 356.133: [GC (Allocation Failure) 2018-03-23T16:55:17.044+0000: 356.133: [DefNew: 136442K->8301K(153600K), 0.0181851 secs] 304607K->176466K(494976K), 0.0182569 secs] [Times: user=0.01 sys=0.00, real=0.02 secs] 
2018-03-23T16:55:19.135+0000: 358.224: [GC (Allocation Failure) 2018-03-23T16:55:19.135+0000: 358.224: [DefNew: 136262K->8861K(153600K), 0.0191394 secs] 304427K->177026K(494976K), 0.0192102 secs] [Times: user=0.02 sys=0.00, real=0.02 secs] 
2018-03-23T16:55:21.232+0000: 360.321: [GC (Allocation Failure) 2018-03-23T16:55:21.232+0000: 360.321: [DefNew: 145437K->11934K(153600K), 0.0357270 secs] 313602K->180480K(494976K), 0.0357902 secs] [Times: user=0.04 sys=0.00, real=0.04 secs] 
2018-03-23T16:55:23.459+0000: 362.549: [GC (Allocation Failure) 2018-03-23T16:55:23.459+0000: 362.549: [DefNew: 142483K->6013K(153600K), 0.0215064 secs] 311029K->177881K(494976K), 0.0215810 secs] [Times: user=0.02 sys=0.00, real=0.02 secs] 
2018-03-23T16:55:25.603+0000: 364.693: [GC (Allocation Failure) 2018-03-23T16:55:25.603+0000: 364.693: [DefNew: 137105K->6889K(153600K), 0.0216286 secs] 308973K->178758K(494976K), 0.0216987 secs] [Times: user=0.02 sys=0.00, real=0.03 secs] 
2018-03-23T16:55:27.765+0000: 366.855: [GC (Allocation Failure) 2018-03-23T16:55:27.765+0000: 366.855: [DefNew: 143098K->8000K(153600K), 0.0151671 secs] 314967K->179868K(494976K), 0.0152470 secs] [Times: user=0.01 sys=0.00, real=0.01 secs] 
2018-03-23T16:55:29.868+0000: 368.957: [GC (Allocation Failure) 2018-03-23T16:55:29.868+0000: 368.957: [DefNew: 136001K->8128K(153600K), 0.0163675 secs] 307869K->179996K(494976K), 0.0164359 secs] [Times: user=0.02 sys=0.00, real=0.01 secs] 
2018-03-23T16:55:32.020+0000: 371.110: [GC (Allocation Failure) 2018-03-23T16:55:32.021+0000: 371.110: [DefNew: 138237K->8610K(153600K), 0.0188206 secs] 310105K->180478K(494976K), 0.0189036 secs] [Times: user=0.01 sys=0.00, real=0.02 secs] 
2018-03-23T16:55:34.235+0000: 373.325: [GC (Allocation Failure) 2018-03-23T16:55:34.235+0000: 373.325: [DefNew: 139193K->8622K(153600K), 0.0205237 secs] 311061K->180773K(494976K), 0.0205953 secs] [Times: user=0.03 sys=0.00, real=0.02 secs] 
2018-03-23T16:55:36.492+0000: 375.582: [GC (Allocation Failure) 2018-03-23T16:55:36.492+0000: 375.582: [DefNew: 142727K->8581K(153600K), 0.0191565 secs] 314878K->181162K(494976K), 0.0192264 secs] [Times: user=0.02 sys=0.00, real=0.02 secs] 
2018-03-23T16:55:38.791+0000: 377.880: [GC (Allocation Failure) 2018-03-23T16:55:38.791+0000: 377.880: [DefNew: 141000K->8562K(153600K), 0.0219848 secs] 313581K->181735K(494976K), 0.0220555 secs] [Times: user=0.02 sys=0.00, real=0.02 secs] 
2018-03-23T16:55:40.896+0000: 379.986: [GC (Allocation Failure) 2018-03-23T16:55:40.897+0000: 379.986: [DefNew: 137804K->8362K(153600K), 0.0199790 secs] 310977K->181987K(494976K), 0.0200443 secs] [Times: user=0.02 sys=0.00, real=0.02 secs] 
2018-03-23T16:55:43.101+0000: 382.190: [GC (Allocation Failure) 2018-03-23T16:55:43.101+0000: 382.190: [DefNew: 144938K->12221K(153600K), 0.0334167 secs] 318563K->185846K(494976K), 0.0334863 secs] [Times: user=0.03 sys=0.00, real=0.03 secs] 
2018-03-23T16:55:45.073+0000: 384.163: [GC (Allocation Failure) 2018-03-23T16:55:45.073+0000: 384.163: [DefNew: 141166K->6156K(153600K), 0.0130375 secs] 314791K->183035K(494976K), 0.0131076 secs] [Times: user=0.01 sys=0.00, real=0.02 secs] 
2018-03-23T16:55:47.268+0000: 386.358: [GC (Allocation Failure) 2018-03-23T16:55:47.268+0000: 386.358: [DefNew: 141236K->6836K(153600K), 0.0091650 secs] 318115K->183716K(494976K), 0.0092333 secs] [Times: user=0.01 sys=0.00, real=0.01 secs] 
2018-03-23T16:55:49.315+0000: 388.405: [GC (Allocation Failure) 2018-03-23T16:55:49.315+0000: 388.405: [DefNew: 134799K->7099K(153600K), 0.0120481 secs] 311678K->183978K(494976K), 0.0121205 secs] [Times: user=0.01 sys=0.00, real=0.02 secs] 
2018-03-23T16:55:51.440+0000: 390.530: [GC (Allocation Failure) 2018-03-23T16:55:51.440+0000: 390.530: [DefNew: 143675K->8481K(153600K), 0.0225999 secs] 320554K->185360K(494976K), 0.0226778 secs] [Times: user=0.03 sys=0.00, real=0.02 secs] 
2018-03-23T16:55:53.698+0000: 392.788: [GC (Allocation Failure) 2018-03-23T16:55:53.698+0000: 392.788: [DefNew: 145057K->8989K(153600K), 0.0172558 secs] 321936K->185868K(494976K), 0.0173353 secs] [Times: user=0.02 sys=0.00, real=0.01 secs] 
2018-03-23T16:55:55.969+0000: 395.059: [GC (Allocation Failure) 2018-03-23T16:55:55.969+0000: 395.059: [DefNew: 145565K->9446K(153600K), 0.0197077 secs] 322444K->187105K(494976K), 0.0197886 secs] [Times: user=0.02 sys=0.00, real=0.02 secs] 
2018-03-23T16:55:58.266+0000: 397.356: [GC (Allocation Failure) 2018-03-23T16:55:58.266+0000: 397.356: [DefNew: 146022K->8766K(153600K), 0.0193187 secs] 323681K->187686K(494976K), 0.0193883 secs] [Times: user=0.01 sys=0.00, real=0.02 secs] 
2018-03-23T16:56:00.446+0000: 399.535: [GC (Allocation Failure) 2018-03-23T16:56:00.446+0000: 399.535: [DefNew: 139230K->7380K(153600K), 0.0181514 secs] 318150K->186780K(494976K), 0.0182282 secs] [Times: user=0.02 sys=0.00, real=0.01 secs] 
2018-03-23T16:56:02.683+0000: 401.773: [GC (Allocation Failure) 2018-03-23T16:56:02.683+0000: 401.773: [DefNew: 143956K->10522K(153600K), 0.0142856 secs] 323356K->189922K(494976K), 0.0143592 secs] [Times: user=0.01 sys=0.00, real=0.02 secs] 
2018-03-23T16:56:04.678+0000: 403.767: [GC (Allocation Failure) 2018-03-23T16:56:04.678+0000: 403.768: [DefNew: 147098K->6529K(153600K), 0.0134476 secs] 326498K->187774K(494976K), 0.0135118 secs] [Times: user=0.01 sys=0.00, real=0.01 secs] 
2018-03-23T16:56:07.022+0000: 406.112: [GC (Allocation Failure) 2018-03-23T16:56:07.022+0000: 406.112: [DefNew: 140636K->7360K(153600K), 0.0134348 secs] 321882K->188606K(494976K), 0.0135118 secs] [Times: user=0.01 sys=0.00, real=0.01 secs] 
2018-03-23T16:56:09.254+0000: 408.344: [GC (Allocation Failure) 2018-03-23T16:56:09.254+0000: 408.344: [DefNew: 143936K->9553K(153600K), 0.0210114 secs] 325182K->190799K(494976K), 0.0210836 secs] [Times: user=0.02 sys=0.00, real=0.02 secs] 
2018-03-23T16:56:11.495+0000: 410.584: [GC (Allocation Failure) 2018-03-23T16:56:11.495+0000: 410.584: [DefNew: 146129K->7001K(153600K), 0.0224580 secs] 327375K->189750K(494976K), 0.0225285 secs] [Times: user=0.02 sys=0.00, real=0.03 secs] 
2018-03-23T16:56:13.736+0000: 412.825: [GC (Allocation Failure) 2018-03-23T16:56:13.736+0000: 412.826: [DefNew: 143577K->10663K(153600K), 0.0332716 secs] 326326K->193411K(494976K), 0.0333426 secs] [Times: user=0.04 sys=0.00, real=0.04 secs] 
2018-03-23T16:56:16.068+0000: 415.157: [GC (Allocation Failure) 2018-03-23T16:56:16.068+0000: 415.157: [DefNew: 144767K->6760K(153600K), 0.0256057 secs] 327516K->191309K(494976K), 0.0256760 secs] [Times: user=0.02 sys=0.00, real=0.02 secs] 
2018-03-23T16:56:18.188+0000: 417.277: [GC (Allocation Failure) 2018-03-23T16:56:18.188+0000: 417.277: [DefNew: 139646K->7766K(153600K), 0.0185205 secs] 324196K->192315K(494976K), 0.0185865 secs] [Times: user=0.02 sys=0.00, real=0.02 secs] 
2018-03-23T16:56:20.250+0000: 419.340: [GC (Allocation Failure) 2018-03-23T16:56:20.250+0000: 419.340: [DefNew: 133626K->8131K(153600K), 0.0206775 secs] 318176K->192680K(494976K), 0.0207563 secs] [Times: user=0.01 sys=0.00, real=0.02 secs] 
2018-03-23T16:56:22.239+0000: 421.328: [GC (Allocation Failure) 2018-03-23T16:56:22.239+0000: 421.328: [DefNew: 135692K->8632K(153600K), 0.0126466 secs] 320241K->193182K(494976K), 0.0127151 secs] [Times: user=0.01 sys=0.00, real=0.01 secs] 
2018-03-23T16:56:24.314+0000: 423.403: [GC (Allocation Failure) 2018-03-23T16:56:24.314+0000: 423.403: [DefNew: 136573K->8708K(153600K), 0.0179689 secs] 321122K->193718K(494976K), 0.0180412 secs] [Times: user=0.02 sys=0.00, real=0.02 secs] 
2018-03-23T16:56:26.376+0000: 425.466: [GC (Allocation Failure) 2018-03-23T16:56:26.376+0000: 425.466: [DefNew: 135935K->8712K(153600K), 0.0204153 secs] 320945K->194223K(494976K), 0.0204929 secs] [Times: user=0.02 sys=0.00, real=0.02 secs] 
2018-03-23T16:56:28.419+0000: 427.508: [GC (Allocation Failure) 2018-03-23T16:56:28.419+0000: 427.508: [DefNew: 138434K->8561K(153600K), 0.0252600 secs] 323946K->194644K(494976K), 0.0253394 secs] [Times: user=0.02 sys=0.00, real=0.02 secs] 
2018-03-23T16:56:30.739+0000: 429.828: [GC (Allocation Failure) 2018-03-23T16:56:30.739+0000: 429.828: [DefNew: 134716K->8269K(153600K), 0.0230841 secs] 320799K->194938K(494976K), 0.0231599 secs] [Times: user=0.02 sys=0.00, real=0.02 secs] 
2018-03-23T16:56:32.727+0000: 431.816: [GC (Allocation Failure) 2018-03-23T16:56:32.727+0000: 431.817: [DefNew: 144845K->11898K(153600K), 0.0294651 secs] 331514K->198567K(494976K), 0.0295364 secs] [Times: user=0.04 sys=0.00, real=0.02 secs] 
2018-03-23T16:56:34.927+0000: 434.016: [GC (Allocation Failure) 2018-03-23T16:56:34.927+0000: 434.016: [DefNew: 144400K->6567K(153600K), 0.0421393 secs] 331069K->196195K(494976K), 0.0422087 secs] [Times: user=0.03 sys=0.00, real=0.04 secs] 
2018-03-23T16:56:37.093+0000: 436.183: [GC (Allocation Failure) 2018-03-23T16:56:37.093+0000: 436.183: [DefNew: 134721K->7562K(153600K), 0.0176890 secs] 324349K->197190K(494976K), 0.0177594 secs] [Times: user=0.01 sys=0.00, real=0.02 secs] 
2018-03-23T16:56:40.231+0000: 439.320: [GC (Allocation Failure) 2018-03-23T16:56:40.231+0000: 439.320: [DefNew: 144138K->9223K(153600K), 0.0120325 secs] 333766K->198851K(494976K), 0.0120946 secs] [Times: user=0.01 sys=0.00, real=0.01 secs] 
2018-03-23T16:56:55.413+0000: 454.503: [GC (Allocation Failure) 2018-03-23T16:56:55.413+0000: 454.503: [DefNew: 145799K->17024K(153600K), 0.0422371 secs] 335427K->216336K(494976K), 0.0423009 secs] [Times: user=0.03 sys=0.01, real=0.04 secs] 
2018-03-23T16:57:06.490+0000: 465.580: [GC (Allocation Failure) 2018-03-23T16:57:06.490+0000: 465.580: [DefNew: 153600K->17024K(153600K), 0.0541976 secs] 352912K->233920K(494976K), 0.0542655 secs] [Times: user=0.04 sys=0.00, real=0.05 secs] 
2018-03-23T16:57:20.975+0000: 480.064: [GC (Allocation Failure) 2018-03-23T16:57:20.975+0000: 480.064: [DefNew: 153600K->17023K(153600K), 0.0475839 secs] 370496K->251152K(494976K), 0.0476516 secs] [Times: user=0.05 sys=0.00, real=0.05 secs] 
2018-03-23T16:57:36.015+0000: 495.104: [GC (Allocation Failure) 2018-03-23T16:57:36.015+0000: 495.104: [DefNew: 153599K->17024K(153600K), 0.0605517 secs] 387728K->272484K(494976K), 0.0606214 secs] [Times: user=0.06 sys=0.00, real=0.06 secs] 
2018-03-23T16:57:46.657+0000: 505.746: [GC (Allocation Failure) 2018-03-23T16:57:46.657+0000: 505.746: [DefNew: 153600K->17024K(153600K), 0.0487939 secs] 409060K->290430K(494976K), 0.0488657 secs] [Times: user=0.04 sys=0.01, real=0.05 secs] 
2018-03-23T16:58:01.225+0000: 520.314: [GC (Allocation Failure) 2018-03-23T16:58:01.225+0000: 520.314: [DefNew: 153600K->17023K(153600K), 0.0560086 secs] 427006K->310222K(494976K), 0.0560789 secs] [Times: user=0.04 sys=0.01, real=0.05 secs] 
16:58:11.933 [Client] INFO  c.s.f.r.e.s.SocketRear  - FlameSocketGraphDeployerRear@10.0.0.205: has been disconnected from Connection 3
16:58:22.835 [worker-akka.actor.default-dispatcher-7] INFO  a.a.CoordinatedShutdown CoordinatedShutdown(akka://worker) - Starting coordinated shutdown from JVM shutdown hook
16:58:22.875 [worker-akka.actor.default-dispatcher-15] INFO  a.a.LocalActorRef akka://worker/user/watcher/graph/negotiator - Stopped
16:58:22.875 [worker-akka.actor.default-dispatcher-15] INFO  a.a.LocalActorRef akka://worker/user/watcher/graph/edge/FlameSocketGraphDeployerFront - Stopped
16:58:22.875 [worker-akka.actor.default-dispatcher-15] INFO  a.a.LocalActorRef akka://worker/user/watcher/graph/graph/$a - Stopped
16:58:22.875 [worker-akka.actor.default-dispatcher-15] INFO  a.a.LocalActorRef akka://worker/user/watcher/graph/graph/$b - Stopped
16:58:22.875 [worker-akka.actor.default-dispatcher-15] INFO  a.a.LocalActorRef akka://worker/user/watcher/graph/graph/$c - Stopped
16:58:22.875 [worker-akka.actor.default-dispatcher-15] INFO  a.a.LocalActorRef akka://worker/user/watcher/graph/graph/local-acker/$a - Stopped
16:58:22.876 [worker-akka.actor.default-dispatcher-15] INFO  a.a.LocalActorRef akka://worker/user/watcher/graph/graph/local-acker/$a - Message [com.spbsu.flamestream.runtime.utils.akka.PingActor$InnerPing] from Actor[akka://worker/user/watcher/graph/graph/local-acker/$a#131404902] to Actor[akka://worker/user/watcher/graph/graph/local-acker/$a#131404902] was not delivered. [1] dead letters encountered. This logging can be turned off or adjusted with configuration settings 'akka.log-dead-letters' and 'akka.log-dead-letters-during-shutdown'.
16:58:22.876 [worker-akka.actor.default-dispatcher-15] INFO  a.a.LocalActorRef akka://worker/user/watcher/graph/graph/local-acker - Stopped
16:58:22.876 [worker-akka.actor.default-dispatcher-15] INFO  a.a.LocalActorRef akka://worker/user/watcher/graph/graph - Stopped
16:58:22.876 [worker-akka.actor.default-dispatcher-15] INFO  a.a.LocalActorRef akka://worker/user/watcher/graph/graph/local-acker/$a - Message [com.spbsu.flamestream.runtime.utils.akka.PingActor$Stop] from Actor[akka://worker/user/watcher/graph/graph/local-acker#1537169538] to Actor[akka://worker/user/watcher/graph/graph/local-acker/$a#131404902] was not delivered. [2] dead letters encountered. This logging can be turned off or adjusted with configuration settings 'akka.log-dead-letters' and 'akka.log-dead-letters-during-shutdown'.
16:58:22.876 [worker-akka.actor.default-dispatcher-15] INFO  a.a.LocalActorRef akka://worker/user/watcher/graph/edge/FlameSocketGraphDeployerRear - Stopped
16:58:22.876 [worker-akka.actor.default-dispatcher-15] INFO  a.a.LocalActorRef akka://worker/user/watcher/graph/edge - Stopped
16:58:22.876 [worker-akka.actor.default-dispatcher-15] INFO  a.a.LocalActorRef akka://worker/user/watcher/graph - Stopped
16:58:22.876 [worker-akka.actor.default-dispatcher-15] INFO  a.a.RepointableActorRef akka://worker/user/watcher - Stopped
16:58:22.880 [worker-akka.actor.default-dispatcher-6-EventThread] INFO  o.a.z.ClientCnxn  - EventThread shut down for session: 0x16253c2d3b80007
16:58:22.881 [worker-akka.actor.default-dispatcher-3] INFO  o.a.z.ZooKeeper  - Session: 0x16253c2d3b80007 closed
16:58:22.891 [worker-akka.actor.default-dispatcher-19] INFO  a.r.RemoteActorRefProvider$RemotingTerminator akka://worker@10.0.0.205:5412/system/remoting-terminator - Shutting down remote daemon.
16:58:22.891 [worker-akka.actor.default-dispatcher-19] INFO  a.r.RemoteActorRefProvider$RemotingTerminator akka://worker@10.0.0.205:5412/system/remoting-terminator - Remote daemon shut down; proceeding with flushing remote transports.
16:58:23.041 [worker-akka.actor.default-dispatcher-17] INFO  a.r.RemoteActorRefProvider$RemotingTerminator akka://worker@10.0.0.205:5412/system/remoting-terminator - Remoting shut down.
Heap
 def new generation   total 153600K, used 144472K [0x00000000e0c00000, 0x00000000eb2a0000, 0x00000000eb2a0000)
  eden space 136576K,  93% used [0x00000000e0c00000, 0x00000000e88763d8, 0x00000000e9160000)
  from space 17024K,  99% used [0x00000000e9160000, 0x00000000ea1ffff8, 0x00000000ea200000)
  to   space 17024K,   0% used [0x00000000ea200000, 0x00000000ea200000, 0x00000000eb2a0000)
 tenured generation   total 341376K, used 293198K [0x00000000eb2a0000, 0x0000000100000000, 0x0000000100000000)
   the space 341376K,  85% used [0x00000000eb2a0000, 0x00000000fd0f3a48, 0x00000000fd0f3c00, 0x0000000100000000)
 Metaspace       used 34043K, capacity 34958K, committed 35200K, reserved 1079296K
  class space    used 4479K, capacity 4664K, committed 4736K, reserved 1048576K
