13:45:01.980 [worker-akka.actor.default-dispatcher-2] INFO  a.e.s.Slf4jLogger  - Slf4jLogger started
2018-02-19T13:45:02.173+0000: 2.690: [Full GC (Metadata GC Threshold) 2018-02-19T13:45:02.173+0000: 2.690: [Tenured: 0K->15499K(341376K), 0.0364379 secs] 117538K->15499K(494976K), [Metaspace: 20936K->20936K(1067008K)], 0.0364987 secs] [Times: user=0.04 sys=0.00, real=0.04 secs] 
Ama winner
Ama winner
13:45:02.638 [worker-akka.actor.default-dispatcher-2] INFO  a.r.a.ArteryTransport(akka://worker) akka.remote.artery.ArteryTransport(akka://worker) - Started embedded media driver in directory [/dev/shm/aeron-root-worker-66c98cc2-3018-4e07-869a-a318876ffc07]
13:45:02.862 [worker-akka.actor.default-dispatcher-2] INFO  a.r.a.ArteryTransport(akka://worker) akka.remote.artery.ArteryTransport(akka://worker) - Remoting started; listening on address: [akka://worker@172.31.34.169:5412] with UID [5378438717661911389]
13:45:02.968 [worker-akka.actor.default-dispatcher-2] INFO  o.a.z.ZooKeeper  - Client environment:zookeeper.version=3.4.9-1757313, built on 08/23/2016 06:50 GMT
13:45:02.968 [worker-akka.actor.default-dispatcher-2] INFO  o.a.z.ZooKeeper  - Client environment:host.name=ip-172-31-34-169.us-east-2.compute.internal
13:45:02.968 [worker-akka.actor.default-dispatcher-2] INFO  o.a.z.ZooKeeper  - Client environment:java.version=1.8.0_151
13:45:02.968 [worker-akka.actor.default-dispatcher-2] INFO  o.a.z.ZooKeeper  - Client environment:java.vendor=Oracle Corporation
13:45:02.969 [worker-akka.actor.default-dispatcher-2] INFO  o.a.z.ZooKeeper  - Client environment:java.home=/usr/lib/jvm/java-8-openjdk-amd64/jre
13:45:02.969 [worker-akka.actor.default-dispatcher-2] INFO  o.a.z.ZooKeeper  - Client environment:java.class.path=lib/commons-cli-1.4.jar:lib/minlog-1.3.0.jar:lib/asm-5.0.4.jar:lib/hadoop-annotations-2.7.3.jar:lib/hadoop-auth-2.7.3.jar:lib/akka-slf4j_2.11-2.5.6.jar:lib/jersey-core-1.9.jar:lib/lz4-1.3.0.jar:lib/jackson-core-asl-1.9.13.jar:lib/aeron-client-1.3.0.jar:lib/htrace-core-3.1.0-incubating.jar:lib/xz-1.0.jar:lib/commons-httpclient-3.1.jar:lib/asm-3.1.jar:lib/commons-lang3-3.4.jar:lib/scala-library-2.11.11.jar:lib/scala-java8-compat_2.11-0.7.0.jar:lib/commons-configuration-1.6.jar:lib/objenesis-2.1.jar:lib/jackson-annotations-2.8.0.jar:lib/jsr305-3.0.0.jar:lib/curator-framework-2.7.1.jar:lib/jersey-server-1.9.jar:lib/jets3t-0.9.0.jar:lib/leveldb-0.7.jar:lib/jetty-6.1.26.jar:lib/stax-api-1.0-2.jar:lib/flamestream-core-1.0-SNAPSHOT.jar:lib/reflectasm-1.07-shaded.jar:lib/apacheds-kerberos-codec-2.0.0-M15.jar:lib/api-asn1-api-1.0.0-M20.jar:lib/commons-lang-2.6.jar:lib/commons-beanutils-1.7.0.jar:lib/jackson-xc-1.8.3.jar:lib/jetty-util-6.1.26.jar:lib/logback-classic-1.2.3.jar:lib/jool-0.9.12.jar:lib/flamestream-runtime-1.0-SNAPSHOT-tests.jar:lib/httpcore-4.1.2.jar:lib/kryo-4.0.0.jar:lib/ant-1.8.1.jar:lib/jaxb-impl-2.2.3-1.jar:lib/jersey-json-1.9.jar:lib/commons-compress-1.4.1.jar:lib/leveldbjni-all-1.8.jar:lib/paranamer-2.3.jar:lib/jackson-core-2.8.4.jar:lib/commons-math3-3.6.1.jar:lib/scala-parser-combinators_2.11-1.0.4.jar:lib/netty-3.10.6.Final.jar:lib/trove4j-3.0.3.jar:lib/jaxb-api-2.2.2.jar:lib/logback-core-1.2.3.jar:lib/snappy-java-1.0.4.1.jar:lib/protobuf-java-2.5.0.jar:lib/reactive-streams-1.0.1.jar:lib/flamestream-examples-1.0-SNAPSHOT.jar:lib/commons-codec-1.4.jar:lib/activation-1.1.jar:lib/commons-net-3.1.jar:lib/curator-recipes-2.7.1.jar:lib/jackson-mapper-asl-1.9.13.jar:lib/jackson-databind-2.8.4.jar:lib/flamestream-runtime-1.0-SNAPSHOT.jar:lib/jackson-jaxrs-1.8.3.jar:lib/slf4j-api-1.7.24.jar:lib/akka-remote_2.11-2.5.6.jar:lib/akka-testkit_2.11-2.5.6.jar:lib/jline-0.9.94.jar:lib/akka-stream_2.11-2.5.6.jar:lib/jsp-api-2.1.jar:lib/kryonet-2.21.jar:lib/akka-kryo-serialization_2.11-0.5.0.jar:lib/config-1.3.1.jar:lib/ant-launcher-1.8.1.jar:lib/commons-logging-1.2.jar:lib/ssl-config-core_2.11-0.2.2.jar:lib/testng-6.10.jar:lib/leveldb-api-0.7.jar:lib/reflectasm-1.11.3.jar:lib/jcommander-1.48.jar:lib/commons-1.1.jar:lib/commons-digester-1.8.jar:lib/minlog-1.2.jar:lib/java-xmlbuilder-0.4.jar:lib/jettison-1.1.jar:lib/gson-2.2.4.jar:lib/jdk.tools-1.8.jar:lib/aeron-driver-1.3.0.jar:lib/zookeeper-3.4.9.jar:lib/commons-beanutils-core-1.8.0.jar:lib/commons-math3-3.1.1.jar:lib/akka-actor_2.11-2.5.6.jar:lib/curator-client-2.7.1.jar:lib/servlet-api-2.5.jar:lib/apacheds-i18n-2.0.0-M15.jar:lib/commons-io-2.4.jar:lib/commons-codec-1.6.jar:lib/akka-protobuf_2.11-2.5.6.jar:lib/protobuf-java-3.5.1.jar:lib/jdom-2.0.2.jar:lib/api-util-1.0.0-M20.jar:lib/hadoop-common-2.7.3.jar:lib/agrona-0.9.6.jar:lib/xmlenc-0.52.jar:lib/guava-21.0.jar:lib/commons-collections-3.2.2.jar:lib/avro-1.7.4.jar:lib/httpclient-4.1.2.jar:lib/flamestream-core-1.0-SNAPSHOT-tests.jar:lib/annotations-12.0.jar:lib/jsch-0.1.42.jar:flamestream-runtime-1.0-SNAPSHOT.jar
13:45:02.969 [worker-akka.actor.default-dispatcher-2] INFO  o.a.z.ZooKeeper  - Client environment:java.library.path=/usr/java/packages/lib/amd64:/usr/lib/x86_64-linux-gnu/jni:/lib/x86_64-linux-gnu:/usr/lib/x86_64-linux-gnu:/usr/lib/jni:/lib:/usr/lib
13:45:02.969 [worker-akka.actor.default-dispatcher-2] INFO  o.a.z.ZooKeeper  - Client environment:java.io.tmpdir=/tmp
13:45:02.969 [worker-akka.actor.default-dispatcher-2] INFO  o.a.z.ZooKeeper  - Client environment:java.compiler=<NA>
13:45:02.969 [worker-akka.actor.default-dispatcher-2] INFO  o.a.z.ZooKeeper  - Client environment:os.name=Linux
13:45:02.969 [worker-akka.actor.default-dispatcher-2] INFO  o.a.z.ZooKeeper  - Client environment:os.arch=amd64
13:45:02.969 [worker-akka.actor.default-dispatcher-2] INFO  o.a.z.ZooKeeper  - Client environment:os.version=4.4.0-1049-aws
13:45:02.969 [worker-akka.actor.default-dispatcher-2] INFO  o.a.z.ZooKeeper  - Client environment:user.name=root
13:45:02.970 [worker-akka.actor.default-dispatcher-2] INFO  o.a.z.ZooKeeper  - Client environment:user.home=/root
13:45:02.970 [worker-akka.actor.default-dispatcher-2] INFO  o.a.z.ZooKeeper  - Client environment:user.dir=/opt/flamestream
13:45:02.974 [worker-akka.actor.default-dispatcher-2] INFO  o.a.z.ZooKeeper  - Initiating client connection, connectString=172.31.34.147:2181 sessionTimeout=5000 watcher=com.spbsu.flamestream.runtime.application.LifecycleWatcher$$Lambda$29/764839090@3d5d5f13
13:45:03.009 [worker-akka.actor.default-dispatcher-2] INFO  a.a.RepointableActorRef akka://worker/user/watcher - Starting...
13:45:03.013 [worker-akka.actor.default-dispatcher-2-SendThread(172.31.34.147:2181)] INFO  o.a.z.ClientCnxn  - Opening socket connection to server 172.31.34.147/172.31.34.147:2181. Will not attempt to authenticate using SASL (unknown error)
13:45:03.017 [worker-akka.actor.default-dispatcher-2-SendThread(172.31.34.147:2181)] INFO  o.a.z.ClientCnxn  - Socket connection established to 172.31.34.147/172.31.34.147:2181, initiating session
13:45:03.024 [worker-akka.actor.default-dispatcher-2-SendThread(172.31.34.147:2181)] INFO  o.a.z.ClientCnxn  - Session establishment complete on server 172.31.34.147/172.31.34.147:2181, sessionid = 0x161ae4eb1e2000a, negotiated timeout = 6000
13:45:03.125 [worker-akka.actor.default-dispatcher-2] INFO  a.a.RepointableActorRef akka://worker/user/watcher - Connected to ZK
13:45:12.676 [worker-akka.actor.default-dispatcher-2] INFO  a.a.RepointableActorRef akka://worker/user/watcher - Creating node with watchGraphs: 'com.spbsu.flamestream.core.Graph$Builder$MyGraph@4084ed8a', config: 'ClusterConfig{paths={172.31.33.155=akka://worker@172.31.33.155:5412/user/watcher/graph0000000000, 172.31.47.83=akka://worker@172.31.47.83:5412/user/watcher/graph0000000000, 172.31.45.197=akka://worker@172.31.45.197:5412/user/watcher/graph0000000000, 172.31.42.36=akka://worker@172.31.42.36:5412/user/watcher/graph0000000000, 172.31.44.83=akka://worker@172.31.44.83:5412/user/watcher/graph0000000000, 172.31.39.64=akka://worker@172.31.39.64:5412/user/watcher/graph0000000000, 172.31.35.79=akka://worker@172.31.35.79:5412/user/watcher/graph0000000000, 172.31.34.169=akka://worker@172.31.34.169:5412/user/watcher/graph0000000000, 172.31.47.100=akka://worker@172.31.47.100:5412/user/watcher/graph0000000000, 172.31.37.101=akka://worker@172.31.37.101:5412/user/watcher/graph0000000000}, ackerLocation='172.31.35.79', props=ComputationLayout{ranges={172.31.33.155=HashRange{from=-1670265060, to=-1193046472}, 172.31.47.83=HashRange{from=1670265056, to=2147483644}, 172.31.45.197=HashRange{from=-715827884, to=-238609296}, 172.31.42.36=HashRange{from=1193046468, to=1670265056}, 172.31.44.83=HashRange{from=-238609296, to=238609292}, 172.31.39.64=HashRange{from=715827880, to=1193046468}, 172.31.35.79=HashRange{from=0, to=0}, 172.31.34.169=HashRange{from=-2147483648, to=-1670265060}, 172.31.47.100=HashRange{from=238609292, to=715827880}, 172.31.37.101=HashRange{from=-1193046472, to=-715827884}}}}'
13:45:13.503 [worker-akka.actor.default-dispatcher-2] INFO  a.a.LocalActorRef akka://worker/user/watcher/graph0000000000/graph - Starting...
13:45:13.504 [worker-akka.actor.default-dispatcher-2] INFO  a.a.LocalActorRef akka://worker/user/watcher/graph0000000000/graph/local-acker/$a - Starting...
13:45:13.506 [worker-akka.actor.default-dispatcher-2] INFO  a.a.LocalActorRef akka://worker/user/watcher/graph0000000000/graph/local-acker - Starting...
Warning: space is running low in /dev/shm (tmpfs) threshold=167,772,160 usable=158,621,696
Warning: space is running low in /dev/shm (tmpfs) threshold=167,772,160 usable=146,034,688
Warning: space is running low in /dev/shm (tmpfs) threshold=167,772,160 usable=133,447,680
Warning: space is running low in /dev/shm (tmpfs) threshold=167,772,160 usable=120,860,672
Warning: space is running low in /dev/shm (tmpfs) threshold=167,772,160 usable=108,273,664
Warning: space is running low in /dev/shm (tmpfs) threshold=167,772,160 usable=95,686,656
Warning: space is running low in /dev/shm (tmpfs) threshold=167,772,160 usable=83,099,648
Warning: space is running low in /dev/shm (tmpfs) threshold=167,772,160 usable=70,512,640
13:45:15.208 [worker-akka.actor.default-dispatcher-2] INFO  a.a.LocalActorRef akka://worker/user/watcher/graph0000000000 - Starting...
13:45:15.209 [worker-akka.actor.default-dispatcher-2] INFO  a.a.LocalActorRef akka://worker/user/watcher/graph0000000000/graph - Finishing constructor
13:45:15.210 [worker-akka.actor.default-dispatcher-2] INFO  a.a.LocalActorRef akka://worker/user/watcher/graph0000000000/negotiator - Starting...
13:45:15.210 [worker-akka.actor.default-dispatcher-2] INFO  a.a.LocalActorRef akka://worker/user/watcher/graph0000000000/edge - Starting...
13:45:15.294 [worker-akka.actor.default-dispatcher-2] INFO  c.s.f.r.e.s.SocketRear  - FlameSocketGraphDeployerRear@172.31.34.169: connecting to 172.31.34.147:5678
13:45:15.301 [worker-akka.actor.default-dispatcher-2] INFO  c.s.f.r.e.s.SocketRear  - FlameSocketGraphDeployerRear@172.31.34.169: connected to 172.31.34.147:5678
13:45:15.328 [worker-akka.actor.default-dispatcher-2] INFO  a.a.LocalActorRef akka://worker/user/watcher/graph0000000000/graph/$a - Starting...
13:45:15.337 [worker-akka.actor.default-dispatcher-2] INFO  a.a.LocalActorRef akka://worker/user/watcher/graph0000000000/graph/$b - Starting...
13:45:15.339 [worker-akka.actor.default-dispatcher-2] INFO  a.a.LocalActorRef akka://worker/user/watcher/graph0000000000/graph/$c - Starting...
13:45:15.339 [worker-akka.actor.default-dispatcher-2] INFO  a.a.LocalActorRef akka://worker/user/watcher/graph0000000000/edge/FlameSocketGraphDeployerRear - Starting...
13:45:15.339 [worker-akka.actor.default-dispatcher-2] INFO  a.a.LocalActorRef akka://worker/user/watcher/graph0000000000/edge/FlameSocketGraphDeployerFront - Starting...
13:45:15.339 [worker-akka.actor.default-dispatcher-2] INFO  a.a.LocalActorRef akka://worker/user/watcher/graph0000000000/negotiator - Requesting ticket for the frontClass FlameSocketGraphDeployerFront@172.31.34.169
13:45:15.340 [worker-akka.actor.default-dispatcher-2] INFO  a.a.LocalActorRef akka://worker/user/watcher/graph0000000000/negotiator - Ticket for the frontClass received: FrontTicket{allowedTimestamp=(1519047912661, FlameSocketGraphDeployerFront@172.31.34.169)}
13:45:15.342 [worker-akka.actor.default-dispatcher-2] INFO  c.s.f.r.e.s.SocketFront  - FlameSocketGraphDeployerFront@172.31.34.169: connecting to 172.31.34.147:4567
13:45:15.362 [Client] INFO  c.s.f.r.e.s.SocketFront  - FlameSocketGraphDeployerFront@172.31.34.169 has been disconnected from Connection 8
2018-02-19T13:45:18.510+0000: 19.028: [GC (Allocation Failure) 2018-02-19T13:45:18.510+0000: 19.028: [DefNew: 136576K->15624K(153600K), 0.0282045 secs] 152075K->50655K(494976K), 0.0282672 secs] [Times: user=0.01 sys=0.01, real=0.02 secs] 
2018-02-19T13:45:34.516+0000: 35.033: [GC (Allocation Failure) 2018-02-19T13:45:34.516+0000: 35.033: [DefNew: 152200K->3555K(153600K), 0.0171786 secs] 187231K->46133K(494976K), 0.0172505 secs] [Times: user=0.01 sys=0.00, real=0.02 secs] 
2018-02-19T13:45:51.421+0000: 51.938: [GC (Allocation Failure) 2018-02-19T13:45:51.421+0000: 51.938: [DefNew: 140131K->5591K(153600K), 0.0115761 secs] 182709K->48169K(494976K), 0.0116315 secs] [Times: user=0.01 sys=0.00, real=0.01 secs] 
2018-02-19T13:46:06.122+0000: 66.639: [GC (Allocation Failure) 2018-02-19T13:46:06.122+0000: 66.639: [DefNew: 142167K->7487K(153600K), 0.0157503 secs] 184745K->50065K(494976K), 0.0158087 secs] [Times: user=0.02 sys=0.00, real=0.01 secs] 
2018-02-19T13:46:19.268+0000: 79.785: [GC (Allocation Failure) 2018-02-19T13:46:19.268+0000: 79.785: [DefNew: 144063K->8538K(153600K), 0.0146629 secs] 186641K->51116K(494976K), 0.0147266 secs] [Times: user=0.02 sys=0.00, real=0.01 secs] 
2018-02-19T13:46:33.709+0000: 94.226: [GC (Allocation Failure) 2018-02-19T13:46:33.709+0000: 94.226: [DefNew: 145114K->8517K(153600K), 0.0173259 secs] 187692K->52592K(494976K), 0.0173884 secs] [Times: user=0.01 sys=0.00, real=0.01 secs] 
2018-02-19T13:46:50.915+0000: 111.432: [GC (Allocation Failure) 2018-02-19T13:46:50.915+0000: 111.432: [DefNew: 145093K->8398K(153600K), 0.0222004 secs] 189168K->53849K(494976K), 0.0222751 secs] [Times: user=0.02 sys=0.00, real=0.02 secs] 
2018-02-19T13:47:08.603+0000: 129.120: [GC (Allocation Failure) 2018-02-19T13:47:08.603+0000: 129.120: [DefNew: 144974K->9423K(153600K), 0.0151924 secs] 190425K->54874K(494976K), 0.0152583 secs] [Times: user=0.02 sys=0.00, real=0.01 secs] 
2018-02-19T13:47:28.847+0000: 149.365: [GC (Allocation Failure) 2018-02-19T13:47:28.847+0000: 149.365: [DefNew: 145999K->9997K(153600K), 0.0195989 secs] 191450K->56464K(494976K), 0.0196591 secs] [Times: user=0.02 sys=0.01, real=0.02 secs] 
2018-02-19T13:47:45.112+0000: 165.629: [GC (Allocation Failure) 2018-02-19T13:47:45.112+0000: 165.629: [DefNew: 146573K->8562K(153600K), 0.0174037 secs] 193040K->57209K(494976K), 0.0174977 secs] [Times: user=0.02 sys=0.00, real=0.02 secs] 
2018-02-19T13:48:01.259+0000: 181.777: [GC (Allocation Failure) 2018-02-19T13:48:01.259+0000: 181.777: [DefNew: 145138K->8670K(153600K), 0.0153785 secs] 193785K->58424K(494976K), 0.0154457 secs] [Times: user=0.02 sys=0.00, real=0.01 secs] 
2018-02-19T13:48:21.661+0000: 202.178: [GC (Allocation Failure) 2018-02-19T13:48:21.661+0000: 202.178: [DefNew: 145246K->8787K(153600K), 0.0159101 secs] 195000K->59579K(494976K), 0.0159721 secs] [Times: user=0.01 sys=0.00, real=0.01 secs] 
2018-02-19T13:48:38.017+0000: 218.535: [GC (Allocation Failure) 2018-02-19T13:48:38.017+0000: 218.535: [DefNew: 145363K->8891K(153600K), 0.0163550 secs] 196155K->61065K(494976K), 0.0164313 secs] [Times: user=0.02 sys=0.00, real=0.02 secs] 
2018-02-19T13:48:58.366+0000: 238.883: [GC (Allocation Failure) 2018-02-19T13:48:58.366+0000: 238.883: [DefNew: 145467K->8816K(153600K), 0.0166453 secs] 197641K->62208K(494976K), 0.0167000 secs] [Times: user=0.01 sys=0.00, real=0.02 secs] 
2018-02-19T13:49:17.247+0000: 257.764: [GC (Allocation Failure) 2018-02-19T13:49:17.247+0000: 257.764: [DefNew: 145392K->9089K(153600K), 0.0160381 secs] 198784K->63475K(494976K), 0.0160969 secs] [Times: user=0.02 sys=0.00, real=0.01 secs] 
2018-02-19T13:49:36.019+0000: 276.536: [GC (Allocation Failure) 2018-02-19T13:49:36.019+0000: 276.536: [DefNew: 145665K->9132K(153600K), 0.0161763 secs] 200051K->64518K(494976K), 0.0162386 secs] [Times: user=0.01 sys=0.00, real=0.01 secs] 
2018-02-19T13:49:54.657+0000: 295.174: [GC (Allocation Failure) 2018-02-19T13:49:54.657+0000: 295.174: [DefNew: 145708K->9144K(153600K), 0.0160573 secs] 201094K->65696K(494976K), 0.0161280 secs] [Times: user=0.01 sys=0.00, real=0.02 secs] 
2018-02-19T13:50:10.065+0000: 310.582: [GC (Allocation Failure) 2018-02-19T13:50:10.065+0000: 310.582: [DefNew: 145720K->9511K(153600K), 0.0167849 secs] 202272K->67042K(494976K), 0.0168477 secs] [Times: user=0.01 sys=0.00, real=0.02 secs] 
2018-02-19T13:50:27.374+0000: 327.891: [GC (Allocation Failure) 2018-02-19T13:50:27.374+0000: 327.891: [DefNew: 146087K->9356K(153600K), 0.0161120 secs] 203618K->68016K(494976K), 0.0162027 secs] [Times: user=0.02 sys=0.00, real=0.02 secs] 
2018-02-19T13:50:48.800+0000: 349.317: [GC (Allocation Failure) 2018-02-19T13:50:48.800+0000: 349.317: [DefNew: 145932K->9617K(153600K), 0.0176721 secs] 204592K->69318K(494976K), 0.0177355 secs] [Times: user=0.01 sys=0.01, real=0.01 secs] 
2018-02-19T13:51:05.845+0000: 366.362: [GC (Allocation Failure) 2018-02-19T13:51:05.845+0000: 366.362: [DefNew: 146193K->9950K(153600K), 0.0169456 secs] 205894K->70730K(494976K), 0.0170096 secs] [Times: user=0.02 sys=0.00, real=0.02 secs] 
2018-02-19T13:51:23.231+0000: 383.748: [GC (Allocation Failure) 2018-02-19T13:51:23.231+0000: 383.748: [DefNew: 146526K->9124K(153600K), 0.0214556 secs] 207306K->72001K(494976K), 0.0215305 secs] [Times: user=0.01 sys=0.01, real=0.02 secs] 
2018-02-19T13:51:36.740+0000: 397.257: [GC (Allocation Failure) 2018-02-19T13:51:36.740+0000: 397.257: [DefNew: 145700K->9092K(153600K), 0.0157400 secs] 208577K->73112K(494976K), 0.0158010 secs] [Times: user=0.02 sys=0.00, real=0.01 secs] 
2018-02-19T13:51:51.626+0000: 412.144: [GC (Allocation Failure) 2018-02-19T13:51:51.626+0000: 412.144: [DefNew: 145668K->9854K(153600K), 0.0163518 secs] 209688K->74989K(494976K), 0.0164122 secs] [Times: user=0.02 sys=0.00, real=0.02 secs] 
2018-02-19T13:52:08.817+0000: 429.335: [GC (Allocation Failure) 2018-02-19T13:52:08.817+0000: 429.335: [DefNew: 146430K->9932K(153600K), 0.0170808 secs] 211565K->76451K(494976K), 0.0171457 secs] [Times: user=0.01 sys=0.00, real=0.02 secs] 
2018-02-19T13:52:24.219+0000: 444.736: [GC (Allocation Failure) 2018-02-19T13:52:24.219+0000: 444.736: [DefNew: 146508K->8054K(153600K), 0.0176605 secs] 213027K->77812K(494976K), 0.0177206 secs] [Times: user=0.01 sys=0.01, real=0.01 secs] 
2018-02-19T13:52:40.282+0000: 460.799: [GC (Allocation Failure) 2018-02-19T13:52:40.282+0000: 460.799: [DefNew: 144630K->9964K(153600K), 0.0157236 secs] 214388K->79722K(494976K), 0.0157860 secs] [Times: user=0.01 sys=0.00, real=0.01 secs] 
2018-02-19T13:52:58.118+0000: 478.635: [GC (Allocation Failure) 2018-02-19T13:52:58.118+0000: 478.635: [DefNew: 146540K->8452K(153600K), 0.0172344 secs] 216298K->80802K(494976K), 0.0172937 secs] [Times: user=0.02 sys=0.00, real=0.02 secs] 
2018-02-19T13:53:14.846+0000: 495.363: [GC (Allocation Failure) 2018-02-19T13:53:14.846+0000: 495.363: [DefNew: 145028K->9912K(153600K), 0.0146379 secs] 217378K->82262K(494976K), 0.0147049 secs] [Times: user=0.02 sys=0.00, real=0.02 secs] 
2018-02-19T13:53:31.218+0000: 511.735: [GC (Allocation Failure) 2018-02-19T13:53:31.218+0000: 511.735: [DefNew: 146488K->10283K(153600K), 0.0188076 secs] 218838K->83853K(494976K), 0.0188667 secs] [Times: user=0.01 sys=0.00, real=0.02 secs] 
2018-02-19T13:53:51.499+0000: 532.016: [GC (Allocation Failure) 2018-02-19T13:53:51.499+0000: 532.016: [DefNew: 146859K->9060K(153600K), 0.0183857 secs] 220429K->85059K(494976K), 0.0184807 secs] [Times: user=0.02 sys=0.00, real=0.01 secs] 
2018-02-19T13:54:04.250+0000: 544.767: [GC (Allocation Failure) 2018-02-19T13:54:04.250+0000: 544.767: [DefNew: 145636K->9089K(153600K), 0.0160313 secs] 221635K->86633K(494976K), 0.0160948 secs] [Times: user=0.01 sys=0.00, real=0.01 secs] 
2018-02-19T13:54:19.032+0000: 559.550: [GC (Allocation Failure) 2018-02-19T13:54:19.032+0000: 559.550: [DefNew: 145665K->8657K(153600K), 0.0161125 secs] 223209K->87912K(494976K), 0.0161755 secs] [Times: user=0.02 sys=0.00, real=0.02 secs] 
2018-02-19T13:54:34.302+0000: 574.820: [GC (Allocation Failure) 2018-02-19T13:54:34.303+0000: 574.820: [DefNew: 145233K->8736K(153600K), 0.0145628 secs] 224488K->89672K(494976K), 0.0146463 secs] [Times: user=0.02 sys=0.00, real=0.01 secs] 
2018-02-19T13:54:48.959+0000: 589.477: [GC (Allocation Failure) 2018-02-19T13:54:48.960+0000: 589.477: [DefNew: 145312K->9088K(153600K), 0.0164145 secs] 226248K->91254K(494976K), 0.0173489 secs] [Times: user=0.01 sys=0.01, real=0.01 secs] 
2018-02-19T13:55:03.610+0000: 604.128: [GC (Allocation Failure) 2018-02-19T13:55:03.610+0000: 604.128: [DefNew: 145664K->9040K(153600K), 0.0292056 secs] 227830K->92657K(494976K), 0.0292696 secs] [Times: user=0.00 sys=0.03, real=0.03 secs] 
2018-02-19T13:55:20.332+0000: 620.849: [GC (Allocation Failure) 2018-02-19T13:55:20.332+0000: 620.849: [DefNew: 145616K->9567K(153600K), 0.0157973 secs] 229233K->94552K(494976K), 0.0158652 secs] [Times: user=0.02 sys=0.00, real=0.02 secs] 
2018-02-19T13:55:37.177+0000: 637.694: [GC (Allocation Failure) 2018-02-19T13:55:37.177+0000: 637.694: [DefNew: 146143K->9512K(153600K), 0.0290267 secs] 231128K->95864K(494976K), 0.0290903 secs] [Times: user=0.00 sys=0.02, real=0.03 secs] 
2018-02-19T13:55:53.562+0000: 654.080: [GC (Allocation Failure) 2018-02-19T13:55:53.562+0000: 654.080: [DefNew: 146088K->9726K(153600K), 0.0170105 secs] 232440K->97527K(494976K), 0.0170729 secs] [Times: user=0.01 sys=0.01, real=0.02 secs] 
2018-02-19T13:56:10.518+0000: 671.035: [GC (Allocation Failure) 2018-02-19T13:56:10.518+0000: 671.035: [DefNew: 146302K->10627K(153600K), 0.0163466 secs] 234103K->99870K(494976K), 0.0164085 secs] [Times: user=0.01 sys=0.00, real=0.02 secs] 
2018-02-19T13:56:27.368+0000: 687.885: [GC (Allocation Failure) 2018-02-19T13:56:27.368+0000: 687.885: [DefNew: 147203K->9846K(153600K), 0.0166782 secs] 236446K->100603K(494976K), 0.0167420 secs] [Times: user=0.00 sys=0.01, real=0.01 secs] 
2018-02-19T13:56:42.139+0000: 702.656: [GC (Allocation Failure) 2018-02-19T13:56:42.139+0000: 702.656: [DefNew: 146422K->10276K(153600K), 0.0177745 secs] 237179K->102401K(494976K), 0.0178503 secs] [Times: user=0.02 sys=0.00, real=0.01 secs] 
2018-02-19T13:56:58.666+0000: 719.183: [GC (Allocation Failure) 2018-02-19T13:56:58.666+0000: 719.183: [DefNew: 146852K->10369K(153600K), 0.0174467 secs] 238977K->103983K(494976K), 0.0175137 secs] [Times: user=0.01 sys=0.01, real=0.02 secs] 
2018-02-19T13:57:13.548+0000: 734.065: [GC (Allocation Failure) 2018-02-19T13:57:13.548+0000: 734.065: [DefNew: 146945K->10217K(153600K), 0.0159915 secs] 240559K->105408K(494976K), 0.0160621 secs] [Times: user=0.02 sys=0.00, real=0.01 secs] 
13:57:15.963 [Client] INFO  c.s.f.r.e.s.SocketRear  - FlameSocketGraphDeployerRear@172.31.34.169: has been disconnected from Connection 8
13:57:30.193 [worker-akka.actor.default-dispatcher-2] INFO  a.a.CoordinatedShutdown CoordinatedShutdown(akka://worker) - Starting coordinated shutdown from JVM shutdown hook
13:57:30.238 [worker-akka.actor.default-dispatcher-2] INFO  a.a.LocalActorRef akka://worker/user/watcher/graph0000000000/negotiator - Stopped
13:57:30.239 [worker-akka.actor.default-dispatcher-2] INFO  a.a.LocalActorRef akka://worker/user/watcher/graph0000000000/edge/FlameSocketGraphDeployerFront - Stopped
13:57:30.239 [worker-akka.actor.default-dispatcher-2] INFO  a.a.LocalActorRef akka://worker/user/watcher/graph0000000000/graph/local-acker/$a - Stopped
13:57:30.240 [worker-akka.actor.default-dispatcher-2] INFO  a.a.LocalActorRef akka://worker/user/watcher/graph0000000000/edge/FlameSocketGraphDeployerRear - Stopped
13:57:30.242 [worker-akka.actor.default-dispatcher-2] INFO  a.a.LocalActorRef akka://worker/user/watcher/graph0000000000/graph/$a - Stopped
13:57:30.242 [worker-akka.actor.default-dispatcher-2] INFO  a.a.LocalActorRef akka://worker/user/watcher/graph0000000000/graph/local-acker/$a - Message [com.spbsu.flamestream.runtime.utils.akka.PingActor$InnerPing] from Actor[akka://worker/user/watcher/graph0000000000/graph/local-acker/$a#-1306349457] to Actor[akka://worker/user/watcher/graph0000000000/graph/local-acker/$a#-1306349457] was not delivered. [1] dead letters encountered. This logging can be turned off or adjusted with configuration settings 'akka.log-dead-letters' and 'akka.log-dead-letters-during-shutdown'.
13:57:30.243 [worker-akka.actor.default-dispatcher-2] INFO  a.a.LocalActorRef akka://worker/user/watcher/graph0000000000/graph/local-acker - Stopped
13:57:30.244 [worker-akka.actor.default-dispatcher-2] INFO  a.a.LocalActorRef akka://worker/user/watcher/graph0000000000/graph/$b - Stopped
13:57:30.245 [worker-akka.actor.default-dispatcher-2] INFO  a.a.LocalActorRef akka://worker/user/watcher/graph0000000000/graph/$c - Stopped
13:57:30.247 [worker-akka.actor.default-dispatcher-2] INFO  a.a.LocalActorRef akka://worker/user/watcher/graph0000000000/edge - Stopped
13:57:30.249 [worker-akka.actor.default-dispatcher-2] INFO  a.a.LocalActorRef akka://worker/user/watcher/graph0000000000/graph - Stopped
13:57:30.250 [worker-akka.actor.default-dispatcher-2] INFO  a.a.LocalActorRef akka://worker/user/watcher/graph0000000000 - Stopped
13:57:30.250 [worker-akka.actor.default-dispatcher-2] INFO  a.a.LocalActorRef akka://worker/user/watcher/graph0000000000/graph/local-acker/$a - Message [com.spbsu.flamestream.runtime.utils.akka.PingActor$Stop] from Actor[akka://worker/user/watcher/graph0000000000/graph/local-acker#-1848331663] to Actor[akka://worker/user/watcher/graph0000000000/graph/local-acker/$a#-1306349457] was not delivered. [2] dead letters encountered. This logging can be turned off or adjusted with configuration settings 'akka.log-dead-letters' and 'akka.log-dead-letters-during-shutdown'.
13:57:30.251 [worker-akka.actor.default-dispatcher-2] INFO  a.a.LocalActorRef akka://worker/user/watcher/graph0000000000/graph/local-acker - Message [com.spbsu.flamestream.runtime.acker.LocalAcker$Flush] from Actor[akka://worker/user/watcher/graph0000000000/graph/local-acker#-1848331663] to Actor[akka://worker/user/watcher/graph0000000000/graph/local-acker#-1848331663] was not delivered. [3] dead letters encountered. This logging can be turned off or adjusted with configuration settings 'akka.log-dead-letters' and 'akka.log-dead-letters-during-shutdown'.
13:57:30.254 [worker-akka.actor.default-dispatcher-2-EventThread] INFO  o.a.z.ClientCnxn  - EventThread shut down for session: 0x161ae4eb1e2000a
13:57:30.255 [worker-akka.actor.default-dispatcher-2] INFO  o.a.z.ZooKeeper  - Session: 0x161ae4eb1e2000a closed
13:57:30.255 [worker-akka.actor.default-dispatcher-2] INFO  a.a.RepointableActorRef akka://worker/user/watcher - Stopped
13:57:30.266 [worker-akka.actor.default-dispatcher-2] INFO  a.r.RemoteActorRefProvider$RemotingTerminator akka://worker@172.31.34.169:5412/system/remoting-terminator - Shutting down remote daemon.
13:57:30.269 [worker-akka.actor.default-dispatcher-2] INFO  a.r.RemoteActorRefProvider$RemotingTerminator akka://worker@172.31.34.169:5412/system/remoting-terminator - Remote daemon shut down; proceeding with flushing remote transports.
13:57:31.407 [worker-akka.actor.default-dispatcher-2] INFO  a.r.RemoteActorRefProvider$RemotingTerminator akka://worker@172.31.34.169:5412/system/remoting-terminator - Remoting shut down.
Heap
 def new generation   total 153600K, used 49468K [0x00000000e0c00000, 0x00000000eb2a0000, 0x00000000eb2a0000)
  eden space 136576K,  28% used [0x00000000e0c00000, 0x00000000e3254d60, 0x00000000e9160000)
  from space 17024K,  60% used [0x00000000e9160000, 0x00000000e9b5a590, 0x00000000ea200000)
  to   space 17024K,   0% used [0x00000000ea200000, 0x00000000ea200000, 0x00000000eb2a0000)
 tenured generation   total 341376K, used 95190K [0x00000000eb2a0000, 0x0000000100000000, 0x0000000100000000)
   the space 341376K,  27% used [0x00000000eb2a0000, 0x00000000f0f95b70, 0x00000000f0f95c00, 0x0000000100000000)
 Metaspace       used 33517K, capacity 34294K, committed 34688K, reserved 1079296K
  class space    used 4456K, capacity 4624K, committed 4736K, reserved 1048576K
