15:33:37.344 [worker-akka.actor.default-dispatcher-2] INFO  a.e.s.Slf4jLogger  - Slf4jLogger started
2018-02-16T15:33:37.500+0000: 2.025: [Full GC (Metadata GC Threshold) 2018-02-16T15:33:37.500+0000: 2.025: [Tenured: 0K->15411K(341376K), 0.0390550 secs] 117538K->15411K(494976K), [Metaspace: 20881K->20881K(1067008K)], 0.0391209 secs] [Times: user=0.04 sys=0.00, real=0.04 secs] 
Ama winner
Ama winner
15:33:37.889 [worker-akka.actor.default-dispatcher-2] INFO  a.r.a.ArteryTransport(akka://worker) akka.remote.artery.ArteryTransport(akka://worker) - Started embedded media driver in directory [/dev/shm/aeron-root-worker-67e99710-b65c-4942-9e21-208b12aa74b6]
15:33:38.122 [worker-akka.actor.default-dispatcher-2] INFO  a.r.a.ArteryTransport(akka://worker) akka.remote.artery.ArteryTransport(akka://worker) - Remoting started; listening on address: [akka://worker@172.31.47.83:5412] with UID [4567288445817899475]
15:33:38.228 [worker-akka.actor.default-dispatcher-2] INFO  o.a.z.ZooKeeper  - Client environment:zookeeper.version=3.4.9-1757313, built on 08/23/2016 06:50 GMT
15:33:38.228 [worker-akka.actor.default-dispatcher-2] INFO  o.a.z.ZooKeeper  - Client environment:host.name=ip-172-31-47-83.us-east-2.compute.internal
15:33:38.228 [worker-akka.actor.default-dispatcher-2] INFO  o.a.z.ZooKeeper  - Client environment:java.version=1.8.0_151
15:33:38.228 [worker-akka.actor.default-dispatcher-2] INFO  o.a.z.ZooKeeper  - Client environment:java.vendor=Oracle Corporation
15:33:38.228 [worker-akka.actor.default-dispatcher-2] INFO  o.a.z.ZooKeeper  - Client environment:java.home=/usr/lib/jvm/java-8-openjdk-amd64/jre
15:33:38.228 [worker-akka.actor.default-dispatcher-2] INFO  o.a.z.ZooKeeper  - Client environment:java.class.path=lib/commons-cli-1.4.jar:lib/minlog-1.3.0.jar:lib/asm-5.0.4.jar:lib/hadoop-annotations-2.7.3.jar:lib/hadoop-auth-2.7.3.jar:lib/akka-slf4j_2.11-2.5.6.jar:lib/jersey-core-1.9.jar:lib/lz4-1.3.0.jar:lib/jackson-core-asl-1.9.13.jar:lib/aeron-client-1.3.0.jar:lib/htrace-core-3.1.0-incubating.jar:lib/xz-1.0.jar:lib/commons-httpclient-3.1.jar:lib/asm-3.1.jar:lib/commons-lang3-3.4.jar:lib/scala-library-2.11.11.jar:lib/scala-java8-compat_2.11-0.7.0.jar:lib/commons-configuration-1.6.jar:lib/objenesis-2.1.jar:lib/jackson-annotations-2.8.0.jar:lib/jsr305-3.0.0.jar:lib/curator-framework-2.7.1.jar:lib/jersey-server-1.9.jar:lib/jets3t-0.9.0.jar:lib/leveldb-0.7.jar:lib/jetty-6.1.26.jar:lib/stax-api-1.0-2.jar:lib/flamestream-core-1.0-SNAPSHOT.jar:lib/reflectasm-1.07-shaded.jar:lib/apacheds-kerberos-codec-2.0.0-M15.jar:lib/api-asn1-api-1.0.0-M20.jar:lib/commons-lang-2.6.jar:lib/commons-beanutils-1.7.0.jar:lib/jackson-xc-1.8.3.jar:lib/jetty-util-6.1.26.jar:lib/logback-classic-1.2.3.jar:lib/jool-0.9.12.jar:lib/flamestream-runtime-1.0-SNAPSHOT-tests.jar:lib/httpcore-4.1.2.jar:lib/kryo-4.0.0.jar:lib/ant-1.8.1.jar:lib/jaxb-impl-2.2.3-1.jar:lib/jersey-json-1.9.jar:lib/commons-compress-1.4.1.jar:lib/leveldbjni-all-1.8.jar:lib/paranamer-2.3.jar:lib/jackson-core-2.8.4.jar:lib/commons-math3-3.6.1.jar:lib/scala-parser-combinators_2.11-1.0.4.jar:lib/netty-3.10.6.Final.jar:lib/trove4j-3.0.3.jar:lib/jaxb-api-2.2.2.jar:lib/logback-core-1.2.3.jar:lib/snappy-java-1.0.4.1.jar:lib/protobuf-java-2.5.0.jar:lib/reactive-streams-1.0.1.jar:lib/flamestream-examples-1.0-SNAPSHOT.jar:lib/commons-codec-1.4.jar:lib/activation-1.1.jar:lib/commons-net-3.1.jar:lib/curator-recipes-2.7.1.jar:lib/jackson-mapper-asl-1.9.13.jar:lib/jackson-databind-2.8.4.jar:lib/flamestream-runtime-1.0-SNAPSHOT.jar:lib/jackson-jaxrs-1.8.3.jar:lib/slf4j-api-1.7.24.jar:lib/akka-remote_2.11-2.5.6.jar:lib/akka-testkit_2.11-2.5.6.jar:lib/jline-0.9.94.jar:lib/akka-stream_2.11-2.5.6.jar:lib/jsp-api-2.1.jar:lib/kryonet-2.21.jar:lib/akka-kryo-serialization_2.11-0.5.0.jar:lib/config-1.3.1.jar:lib/ant-launcher-1.8.1.jar:lib/commons-logging-1.2.jar:lib/ssl-config-core_2.11-0.2.2.jar:lib/testng-6.10.jar:lib/leveldb-api-0.7.jar:lib/reflectasm-1.11.3.jar:lib/jcommander-1.48.jar:lib/commons-1.1.jar:lib/commons-digester-1.8.jar:lib/minlog-1.2.jar:lib/java-xmlbuilder-0.4.jar:lib/jettison-1.1.jar:lib/gson-2.2.4.jar:lib/jdk.tools-1.8.jar:lib/aeron-driver-1.3.0.jar:lib/zookeeper-3.4.9.jar:lib/commons-beanutils-core-1.8.0.jar:lib/commons-math3-3.1.1.jar:lib/akka-actor_2.11-2.5.6.jar:lib/curator-client-2.7.1.jar:lib/servlet-api-2.5.jar:lib/apacheds-i18n-2.0.0-M15.jar:lib/commons-io-2.4.jar:lib/commons-codec-1.6.jar:lib/akka-protobuf_2.11-2.5.6.jar:lib/protobuf-java-3.5.1.jar:lib/jdom-2.0.2.jar:lib/api-util-1.0.0-M20.jar:lib/hadoop-common-2.7.3.jar:lib/agrona-0.9.6.jar:lib/xmlenc-0.52.jar:lib/guava-21.0.jar:lib/commons-collections-3.2.2.jar:lib/avro-1.7.4.jar:lib/httpclient-4.1.2.jar:lib/flamestream-core-1.0-SNAPSHOT-tests.jar:lib/annotations-12.0.jar:lib/jsch-0.1.42.jar:flamestream-runtime-1.0-SNAPSHOT.jar
15:33:38.229 [worker-akka.actor.default-dispatcher-2] INFO  o.a.z.ZooKeeper  - Client environment:java.library.path=/usr/java/packages/lib/amd64:/usr/lib/x86_64-linux-gnu/jni:/lib/x86_64-linux-gnu:/usr/lib/x86_64-linux-gnu:/usr/lib/jni:/lib:/usr/lib
15:33:38.229 [worker-akka.actor.default-dispatcher-2] INFO  o.a.z.ZooKeeper  - Client environment:java.io.tmpdir=/tmp
15:33:38.229 [worker-akka.actor.default-dispatcher-2] INFO  o.a.z.ZooKeeper  - Client environment:java.compiler=<NA>
15:33:38.229 [worker-akka.actor.default-dispatcher-2] INFO  o.a.z.ZooKeeper  - Client environment:os.name=Linux
15:33:38.229 [worker-akka.actor.default-dispatcher-2] INFO  o.a.z.ZooKeeper  - Client environment:os.arch=amd64
15:33:38.229 [worker-akka.actor.default-dispatcher-2] INFO  o.a.z.ZooKeeper  - Client environment:os.version=4.4.0-1049-aws
15:33:38.229 [worker-akka.actor.default-dispatcher-2] INFO  o.a.z.ZooKeeper  - Client environment:user.name=root
15:33:38.230 [worker-akka.actor.default-dispatcher-2] INFO  o.a.z.ZooKeeper  - Client environment:user.home=/root
15:33:38.230 [worker-akka.actor.default-dispatcher-2] INFO  o.a.z.ZooKeeper  - Client environment:user.dir=/opt/flamestream
15:33:38.234 [worker-akka.actor.default-dispatcher-2] INFO  o.a.z.ZooKeeper  - Initiating client connection, connectString=172.31.34.147:2181 sessionTimeout=5000 watcher=com.spbsu.flamestream.runtime.application.LifecycleWatcher$$Lambda$29/764839090@3d5d5f13
15:33:38.271 [worker-akka.actor.default-dispatcher-2-SendThread(172.31.34.147:2181)] INFO  o.a.z.ClientCnxn  - Opening socket connection to server 172.31.34.147/172.31.34.147:2181. Will not attempt to authenticate using SASL (unknown error)
15:33:38.271 [worker-akka.actor.default-dispatcher-2] INFO  a.a.RepointableActorRef akka://worker/user/watcher - Starting...
15:33:38.277 [worker-akka.actor.default-dispatcher-2-SendThread(172.31.34.147:2181)] INFO  o.a.z.ClientCnxn  - Socket connection established to 172.31.34.147/172.31.34.147:2181, initiating session
15:33:38.287 [worker-akka.actor.default-dispatcher-2-SendThread(172.31.34.147:2181)] INFO  o.a.z.ClientCnxn  - Session establishment complete on server 172.31.34.147/172.31.34.147:2181, sessionid = 0x1619f3ec237000c, negotiated timeout = 6000
15:33:38.375 [worker-akka.actor.default-dispatcher-2] INFO  a.a.RepointableActorRef akka://worker/user/watcher - Connected to ZK
15:33:49.247 [worker-akka.actor.default-dispatcher-2] INFO  a.a.RepointableActorRef akka://worker/user/watcher - Creating node with watchGraphs: 'com.spbsu.flamestream.core.Graph$Builder$MyGraph@4084ed8a', config: 'ClusterConfig{paths={172.31.33.155=akka://worker@172.31.33.155:5412/user/watcher/graph0000000000, 172.31.47.83=akka://worker@172.31.47.83:5412/user/watcher/graph0000000000, 172.31.45.197=akka://worker@172.31.45.197:5412/user/watcher/graph0000000000, 172.31.42.36=akka://worker@172.31.42.36:5412/user/watcher/graph0000000000, 172.31.44.83=akka://worker@172.31.44.83:5412/user/watcher/graph0000000000, 172.31.39.64=akka://worker@172.31.39.64:5412/user/watcher/graph0000000000, 172.31.35.79=akka://worker@172.31.35.79:5412/user/watcher/graph0000000000, 172.31.34.169=akka://worker@172.31.34.169:5412/user/watcher/graph0000000000, 172.31.47.100=akka://worker@172.31.47.100:5412/user/watcher/graph0000000000, 172.31.37.101=akka://worker@172.31.37.101:5412/user/watcher/graph0000000000}, ackerLocation='172.31.35.79', props=ComputationLayout{ranges={172.31.33.155=HashRange{from=-1670265060, to=-1193046472}, 172.31.47.83=HashRange{from=1670265056, to=2147483644}, 172.31.45.197=HashRange{from=-715827884, to=-238609296}, 172.31.42.36=HashRange{from=1193046468, to=1670265056}, 172.31.44.83=HashRange{from=-238609296, to=238609292}, 172.31.39.64=HashRange{from=715827880, to=1193046468}, 172.31.35.79=HashRange{from=0, to=0}, 172.31.34.169=HashRange{from=-2147483648, to=-1670265060}, 172.31.47.100=HashRange{from=238609292, to=715827880}, 172.31.37.101=HashRange{from=-1193046472, to=-715827884}}}}'
15:33:49.981 [worker-akka.actor.default-dispatcher-2] INFO  a.a.LocalActorRef akka://worker/user/watcher/graph0000000000/graph - Starting...
15:33:49.985 [worker-akka.actor.default-dispatcher-2] INFO  a.a.LocalActorRef akka://worker/user/watcher/graph0000000000/graph/local-acker/$a - Starting...
15:33:49.986 [worker-akka.actor.default-dispatcher-2] INFO  a.a.LocalActorRef akka://worker/user/watcher/graph0000000000/graph/local-acker - Starting...
Warning: space is running low in /dev/shm (tmpfs) threshold=167,772,160 usable=158,621,696
Warning: space is running low in /dev/shm (tmpfs) threshold=167,772,160 usable=146,034,688
Warning: space is running low in /dev/shm (tmpfs) threshold=167,772,160 usable=133,447,680
Warning: space is running low in /dev/shm (tmpfs) threshold=167,772,160 usable=120,860,672
Warning: space is running low in /dev/shm (tmpfs) threshold=167,772,160 usable=108,273,664
Warning: space is running low in /dev/shm (tmpfs) threshold=167,772,160 usable=95,686,656
Warning: space is running low in /dev/shm (tmpfs) threshold=167,772,160 usable=83,099,648
Warning: space is running low in /dev/shm (tmpfs) threshold=167,772,160 usable=70,512,640
15:33:50.968 [worker-akka.actor.default-dispatcher-2] INFO  a.a.LocalActorRef akka://worker/user/watcher/graph0000000000 - Starting...
15:33:50.969 [worker-akka.actor.default-dispatcher-2] INFO  a.a.LocalActorRef akka://worker/user/watcher/graph0000000000/graph - Finishing constructor
15:33:50.970 [worker-akka.actor.default-dispatcher-2] INFO  a.a.LocalActorRef akka://worker/user/watcher/graph0000000000/negotiator - Starting...
15:33:50.971 [worker-akka.actor.default-dispatcher-2] INFO  a.a.LocalActorRef akka://worker/user/watcher/graph0000000000/edge - Starting...
15:33:51.064 [worker-akka.actor.default-dispatcher-2] INFO  c.s.f.r.e.s.SocketRear  - FlameSocketGraphDeployerRear@172.31.47.83: connecting to 172.31.34.147:5678
15:33:51.072 [worker-akka.actor.default-dispatcher-2] INFO  c.s.f.r.e.s.SocketRear  - FlameSocketGraphDeployerRear@172.31.47.83: connected to 172.31.34.147:5678
2018-02-16T15:33:51.080+0000: 15.606: [GC (Allocation Failure) 2018-02-16T15:33:51.080+0000: 15.606: [DefNew: 125898K->17024K(153600K), 0.0394642 secs] 141309K->43190K(494976K), 0.0395326 secs] [Times: user=0.03 sys=0.02, real=0.04 secs] 
15:33:51.143 [worker-akka.actor.default-dispatcher-2] INFO  a.a.LocalActorRef akka://worker/user/watcher/graph0000000000/graph/$a - Starting...
15:33:51.145 [worker-akka.actor.default-dispatcher-2] INFO  a.a.LocalActorRef akka://worker/user/watcher/graph0000000000/graph/$b - Starting...
15:33:51.147 [worker-akka.actor.default-dispatcher-2] INFO  a.a.LocalActorRef akka://worker/user/watcher/graph0000000000/graph/$c - Starting...
15:33:51.147 [worker-akka.actor.default-dispatcher-2] INFO  a.a.LocalActorRef akka://worker/user/watcher/graph0000000000/edge/FlameSocketGraphDeployerRear - Starting...
15:33:51.149 [worker-akka.actor.default-dispatcher-2] INFO  a.a.LocalActorRef akka://worker/user/watcher/graph0000000000/edge/FlameSocketGraphDeployerFront - Starting...
15:33:51.150 [worker-akka.actor.default-dispatcher-2] INFO  a.a.LocalActorRef akka://worker/user/watcher/graph0000000000/negotiator - Requesting ticket for the frontClass FlameSocketGraphDeployerFront@172.31.47.83
15:33:51.161 [worker-akka.actor.default-dispatcher-2] INFO  a.a.LocalActorRef akka://worker/user/watcher/graph0000000000/negotiator - Ticket for the frontClass received: FrontTicket{allowedTimestamp=(1518795229240, FlameSocketGraphDeployerFront@172.31.47.83)}
15:33:51.162 [worker-akka.actor.default-dispatcher-2] INFO  c.s.f.r.e.s.SocketFront  - FlameSocketGraphDeployerFront@172.31.47.83: connecting to 172.31.34.147:4567
15:33:51.203 [Client] INFO  c.s.f.r.e.s.SocketFront  - FlameSocketGraphDeployerFront@172.31.47.83 has been disconnected from Connection 3
2018-02-16T15:34:00.043+0000: 24.569: [GC (Allocation Failure) 2018-02-16T15:34:00.043+0000: 24.569: [DefNew: 153600K->3448K(153600K), 0.0488210 secs] 179766K->66132K(494976K), 0.0488883 secs] [Times: user=0.02 sys=0.02, real=0.06 secs] 
2018-02-16T15:34:13.776+0000: 38.302: [GC (Allocation Failure) 2018-02-16T15:34:13.776+0000: 38.302: [DefNew: 140024K->5417K(153600K), 0.0128155 secs] 202708K->68101K(494976K), 0.0128825 secs] [Times: user=0.01 sys=0.00, real=0.01 secs] 
2018-02-16T15:34:26.169+0000: 50.695: [GC (Allocation Failure) 2018-02-16T15:34:26.169+0000: 50.695: [DefNew: 141993K->7404K(153600K), 0.0162341 secs] 204677K->70088K(494976K), 0.0162965 secs] [Times: user=0.02 sys=0.00, real=0.02 secs] 
2018-02-16T15:34:37.935+0000: 62.461: [GC (Allocation Failure) 2018-02-16T15:34:37.935+0000: 62.461: [DefNew: 143980K->9186K(153600K), 0.0160392 secs] 206664K->71870K(494976K), 0.0161070 secs] [Times: user=0.02 sys=0.00, real=0.01 secs] 
2018-02-16T15:34:47.889+0000: 72.414: [GC (Allocation Failure) 2018-02-16T15:34:47.889+0000: 72.414: [DefNew: 145762K->8970K(153600K), 0.0189790 secs] 208446K->73160K(494976K), 0.0190448 secs] [Times: user=0.02 sys=0.00, real=0.02 secs] 
2018-02-16T15:34:59.599+0000: 84.124: [GC (Allocation Failure) 2018-02-16T15:34:59.599+0000: 84.124: [DefNew: 145546K->8747K(153600K), 0.0165125 secs] 209736K->74303K(494976K), 0.0165939 secs] [Times: user=0.02 sys=0.00, real=0.02 secs] 
2018-02-16T15:35:11.761+0000: 96.287: [GC (Allocation Failure) 2018-02-16T15:35:11.762+0000: 96.287: [DefNew: 145323K->8270K(153600K), 0.0174682 secs] 210879K->75321K(494976K), 0.0175357 secs] [Times: user=0.01 sys=0.01, real=0.02 secs] 
2018-02-16T15:35:26.583+0000: 111.108: [GC (Allocation Failure) 2018-02-16T15:35:26.583+0000: 111.108: [DefNew: 144846K->9867K(153600K), 0.0155610 secs] 211897K->76919K(494976K), 0.0156276 secs] [Times: user=0.02 sys=0.00, real=0.02 secs] 
2018-02-16T15:35:39.125+0000: 123.651: [GC (Allocation Failure) 2018-02-16T15:35:39.125+0000: 123.651: [DefNew: 146443K->8557K(153600K), 0.0190253 secs] 213495K->78063K(494976K), 0.0190871 secs] [Times: user=0.02 sys=0.00, real=0.02 secs] 
2018-02-16T15:35:52.302+0000: 136.827: [GC (Allocation Failure) 2018-02-16T15:35:52.302+0000: 136.827: [DefNew: 145133K->9039K(153600K), 0.0168772 secs] 214639K->79560K(494976K), 0.0169534 secs] [Times: user=0.01 sys=0.00, real=0.02 secs] 
2018-02-16T15:36:07.824+0000: 152.350: [GC (Allocation Failure) 2018-02-16T15:36:07.824+0000: 152.350: [DefNew: 145615K->9571K(153600K), 0.0181069 secs] 216136K->81290K(494976K), 0.0181781 secs] [Times: user=0.02 sys=0.00, real=0.01 secs] 
2018-02-16T15:36:19.420+0000: 163.945: [GC (Allocation Failure) 2018-02-16T15:36:19.420+0000: 163.945: [DefNew: 146147K->8739K(153600K), 0.0291455 secs] 217866K->81828K(494976K), 0.0292109 secs] [Times: user=0.01 sys=0.02, real=0.03 secs] 
2018-02-16T15:36:34.042+0000: 178.568: [GC (Allocation Failure) 2018-02-16T15:36:34.042+0000: 178.568: [DefNew: 145315K->9166K(153600K), 0.0170089 secs] 218404K->83425K(494976K), 0.0170735 secs] [Times: user=0.02 sys=0.00, real=0.02 secs] 
2018-02-16T15:36:45.987+0000: 190.512: [GC (Allocation Failure) 2018-02-16T15:36:45.987+0000: 190.512: [DefNew: 145742K->8832K(153600K), 0.0169275 secs] 220001K->84279K(494976K), 0.0169894 secs] [Times: user=0.02 sys=0.00, real=0.02 secs] 
2018-02-16T15:36:59.196+0000: 203.722: [GC (Allocation Failure) 2018-02-16T15:36:59.196+0000: 203.722: [DefNew: 145408K->8829K(153600K), 0.0159609 secs] 220855K->85383K(494976K), 0.0160268 secs] [Times: user=0.02 sys=0.00, real=0.02 secs] 
2018-02-16T15:37:12.877+0000: 217.403: [GC (Allocation Failure) 2018-02-16T15:37:12.877+0000: 217.403: [DefNew: 145405K->9326K(153600K), 0.0181755 secs] 221959K->86951K(494976K), 0.0182668 secs] [Times: user=0.02 sys=0.00, real=0.02 secs] 
2018-02-16T15:37:25.981+0000: 230.507: [GC (Allocation Failure) 2018-02-16T15:37:25.981+0000: 230.507: [DefNew: 145902K->9267K(153600K), 0.0166992 secs] 223527K->87972K(494976K), 0.0167575 secs] [Times: user=0.02 sys=0.00, real=0.02 secs] 
2018-02-16T15:37:38.051+0000: 242.576: [GC (Allocation Failure) 2018-02-16T15:37:38.051+0000: 242.576: [DefNew: 145843K->9614K(153600K), 0.0185189 secs] 224548K->89381K(494976K), 0.0185900 secs] [Times: user=0.01 sys=0.00, real=0.02 secs] 
2018-02-16T15:37:53.651+0000: 258.177: [GC (Allocation Failure) 2018-02-16T15:37:53.651+0000: 258.177: [DefNew: 146190K->9916K(153600K), 0.0174337 secs] 225957K->90702K(494976K), 0.0174988 secs] [Times: user=0.02 sys=0.00, real=0.02 secs] 
2018-02-16T15:38:05.731+0000: 270.257: [GC (Allocation Failure) 2018-02-16T15:38:05.732+0000: 270.257: [DefNew: 146492K->8588K(153600K), 0.0182531 secs] 227278K->91700K(494976K), 0.0183281 secs] [Times: user=0.02 sys=0.00, real=0.02 secs] 
2018-02-16T15:38:17.172+0000: 281.697: [GC (Allocation Failure) 2018-02-16T15:38:17.172+0000: 281.697: [DefNew: 145164K->8568K(153600K), 0.0208186 secs] 228276K->92943K(494976K), 0.0208800 secs] [Times: user=0.02 sys=0.01, real=0.03 secs] 
2018-02-16T15:38:25.874+0000: 290.399: [GC (Allocation Failure) 2018-02-16T15:38:25.874+0000: 290.399: [DefNew: 145144K->9033K(153600K), 0.0164046 secs] 229519K->94633K(494976K), 0.0164663 secs] [Times: user=0.02 sys=0.00, real=0.01 secs] 
2018-02-16T15:38:40.247+0000: 304.773: [GC (Allocation Failure) 2018-02-16T15:38:40.247+0000: 304.773: [DefNew: 145609K->10120K(153600K), 0.0172766 secs] 231209K->96821K(494976K), 0.0173588 secs] [Times: user=0.02 sys=0.00, real=0.02 secs] 
2018-02-16T15:38:51.253+0000: 315.779: [GC (Allocation Failure) 2018-02-16T15:38:51.254+0000: 315.779: [DefNew: 146696K->9006K(153600K), 0.0320662 secs] 233397K->98418K(494976K), 0.0321455 secs] [Times: user=0.01 sys=0.03, real=0.03 secs] 
2018-02-16T15:39:02.423+0000: 326.949: [GC (Allocation Failure) 2018-02-16T15:39:02.423+0000: 326.949: [DefNew: 145582K->7890K(153600K), 0.0361762 secs] 234994K->99620K(494976K), 0.0362534 secs] [Times: user=0.00 sys=0.04, real=0.04 secs] 
2018-02-16T15:39:15.140+0000: 339.665: [GC (Allocation Failure) 2018-02-16T15:39:15.140+0000: 339.665: [DefNew: 144466K->9409K(153600K), 0.0149117 secs] 236196K->101139K(494976K), 0.0149849 secs] [Times: user=0.01 sys=0.00, real=0.02 secs] 
2018-02-16T15:39:28.533+0000: 353.058: [GC (Allocation Failure) 2018-02-16T15:39:28.533+0000: 353.058: [DefNew: 145985K->9754K(153600K), 0.0169416 secs] 237715K->102763K(494976K), 0.0170158 secs] [Times: user=0.02 sys=0.00, real=0.01 secs] 
2018-02-16T15:39:41.698+0000: 366.224: [GC (Allocation Failure) 2018-02-16T15:39:41.698+0000: 366.224: [DefNew: 146330K->9930K(153600K), 0.0173147 secs] 239339K->104081K(494976K), 0.0173823 secs] [Times: user=0.02 sys=0.00, real=0.02 secs] 
2018-02-16T15:39:54.925+0000: 379.451: [GC (Allocation Failure) 2018-02-16T15:39:54.925+0000: 379.451: [DefNew: 146506K->10241K(153600K), 0.0177049 secs] 240657K->105632K(494976K), 0.0177861 secs] [Times: user=0.02 sys=0.00, real=0.01 secs] 
2018-02-16T15:40:06.755+0000: 391.280: [GC (Allocation Failure) 2018-02-16T15:40:06.755+0000: 391.280: [DefNew: 146817K->9058K(153600K), 0.0340784 secs] 242208K->107092K(494976K), 0.0341440 secs] [Times: user=0.00 sys=0.04, real=0.03 secs] 
2018-02-16T15:40:21.297+0000: 405.822: [GC (Allocation Failure) 2018-02-16T15:40:21.297+0000: 405.822: [DefNew: 145634K->9124K(153600K), 0.0166906 secs] 243668K->108640K(494976K), 0.0167556 secs] [Times: user=0.01 sys=0.01, real=0.02 secs] 
2018-02-16T15:40:32.511+0000: 417.036: [GC (Allocation Failure) 2018-02-16T15:40:32.511+0000: 417.036: [DefNew: 145700K->9201K(153600K), 0.0170050 secs] 245216K->110322K(494976K), 0.0170734 secs] [Times: user=0.02 sys=0.00, real=0.02 secs] 
2018-02-16T15:40:43.735+0000: 428.260: [GC (Allocation Failure) 2018-02-16T15:40:43.735+0000: 428.260: [DefNew: 145777K->8784K(153600K), 0.0157169 secs] 246898K->111481K(494976K), 0.0157853 secs] [Times: user=0.01 sys=0.00, real=0.01 secs] 
2018-02-16T15:40:55.089+0000: 439.614: [GC (Allocation Failure) 2018-02-16T15:40:55.089+0000: 439.614: [DefNew: 145360K->9005K(153600K), 0.0283034 secs] 248057K->113074K(494976K), 0.0283647 secs] [Times: user=0.00 sys=0.03, real=0.03 secs] 
2018-02-16T15:41:09.824+0000: 454.349: [GC (Allocation Failure) 2018-02-16T15:41:09.824+0000: 454.349: [DefNew: 145581K->9366K(153600K), 0.0164046 secs] 249650K->114847K(494976K), 0.0164714 secs] [Times: user=0.01 sys=0.00, real=0.02 secs] 
2018-02-16T15:41:21.109+0000: 465.634: [GC (Allocation Failure) 2018-02-16T15:41:21.109+0000: 465.634: [DefNew: 145942K->9394K(153600K), 0.0284428 secs] 251423K->116228K(494976K), 0.0285085 secs] [Times: user=0.01 sys=0.03, real=0.03 secs] 
2018-02-16T15:41:35.953+0000: 480.478: [GC (Allocation Failure) 2018-02-16T15:41:35.953+0000: 480.478: [DefNew: 145970K->9794K(153600K), 0.0164895 secs] 252804K->118206K(494976K), 0.0165556 secs] [Times: user=0.02 sys=0.00, real=0.01 secs] 
2018-02-16T15:41:46.796+0000: 491.322: [GC (Allocation Failure) 2018-02-16T15:41:46.796+0000: 491.322: [DefNew: 146370K->9746K(153600K), 0.0165608 secs] 254782K->119649K(494976K), 0.0166279 secs] [Times: user=0.02 sys=0.00, real=0.02 secs] 
2018-02-16T15:41:57.100+0000: 501.625: [GC (Allocation Failure) 2018-02-16T15:41:57.100+0000: 501.625: [DefNew: 146322K->10334K(153600K), 0.0167723 secs] 256225K->121741K(494976K), 0.0168388 secs] [Times: user=0.02 sys=0.00, real=0.02 secs] 
2018-02-16T15:42:10.036+0000: 514.561: [GC (Allocation Failure) 2018-02-16T15:42:10.036+0000: 514.561: [DefNew: 146910K->9977K(153600K), 0.0161615 secs] 258317K->122977K(494976K), 0.0162277 secs] [Times: user=0.01 sys=0.00, real=0.02 secs] 
2018-02-16T15:42:21.874+0000: 526.400: [GC (Allocation Failure) 2018-02-16T15:42:21.874+0000: 526.400: [DefNew: 146553K->10795K(153600K), 0.0177659 secs] 259553K->125517K(494976K), 0.0178307 secs] [Times: user=0.02 sys=0.00, real=0.02 secs] 
15:42:28.379 [Client] INFO  c.s.f.r.e.s.SocketRear  - FlameSocketGraphDeployerRear@172.31.47.83: has been disconnected from Connection 3
2018-02-16T15:50:28.007+0000: 1012.533: [GC (Allocation Failure) 2018-02-16T15:50:28.007+0000: 1012.533: [DefNew: 147371K->9506K(153600K), 0.0157576 secs] 262093K->125907K(494976K), 0.0158257 secs] [Times: user=0.02 sys=0.00, real=0.01 secs] 
15:50:30.046 [worker-akka.actor.default-dispatcher-2] INFO  a.a.CoordinatedShutdown CoordinatedShutdown(akka://worker) - Starting coordinated shutdown from JVM shutdown hook
15:50:30.087 [worker-akka.actor.default-dispatcher-2] INFO  a.a.LocalActorRef akka://worker/user/watcher/graph0000000000/negotiator - Stopped
15:50:30.091 [worker-akka.actor.default-dispatcher-2] INFO  a.a.LocalActorRef akka://worker/user/watcher/graph0000000000/edge/FlameSocketGraphDeployerFront - Stopped
15:50:30.092 [worker-akka.actor.default-dispatcher-2] INFO  a.a.LocalActorRef akka://worker/user/watcher/graph0000000000/graph/local-acker/$a - Stopped
15:50:30.092 [worker-akka.actor.default-dispatcher-2] INFO  a.a.LocalActorRef akka://worker/user/watcher/graph0000000000/edge/FlameSocketGraphDeployerRear - Stopped
15:50:30.092 [worker-akka.actor.default-dispatcher-2] INFO  a.a.LocalActorRef akka://worker/user/watcher/graph0000000000/graph/$a - Stopped
15:50:30.092 [worker-akka.actor.default-dispatcher-2] INFO  a.a.LocalActorRef akka://worker/user/watcher/graph0000000000/graph/$b - Stopped
15:50:30.094 [worker-akka.actor.default-dispatcher-2] INFO  a.a.LocalActorRef akka://worker/user/watcher/graph0000000000/graph/$c - Stopped
15:50:30.097 [worker-akka.actor.default-dispatcher-2] INFO  a.a.LocalActorRef akka://worker/user/watcher/graph0000000000/graph/local-acker/$a - Message [com.spbsu.flamestream.runtime.utils.akka.PingActor$InnerPing] from Actor[akka://worker/user/watcher/graph0000000000/graph/local-acker/$a#-328113359] to Actor[akka://worker/user/watcher/graph0000000000/graph/local-acker/$a#-328113359] was not delivered. [1] dead letters encountered. This logging can be turned off or adjusted with configuration settings 'akka.log-dead-letters' and 'akka.log-dead-letters-during-shutdown'.
15:50:30.097 [worker-akka.actor.default-dispatcher-2] INFO  a.a.LocalActorRef akka://worker/user/watcher/graph0000000000/graph/local-acker - Stopped
15:50:30.098 [worker-akka.actor.default-dispatcher-2] INFO  a.a.LocalActorRef akka://worker/user/watcher/graph0000000000/edge - Stopped
15:50:30.099 [worker-akka.actor.default-dispatcher-2] INFO  a.a.LocalActorRef akka://worker/user/watcher/graph0000000000/graph - Stopped
15:50:30.099 [worker-akka.actor.default-dispatcher-2] INFO  a.a.LocalActorRef akka://worker/user/watcher/graph0000000000 - Stopped
15:50:30.102 [worker-akka.actor.default-dispatcher-2-EventThread] INFO  o.a.z.ClientCnxn  - EventThread shut down for session: 0x1619f3ec237000c
15:50:30.102 [worker-akka.actor.default-dispatcher-2] INFO  o.a.z.ZooKeeper  - Session: 0x1619f3ec237000c closed
15:50:30.102 [worker-akka.actor.default-dispatcher-2] INFO  a.a.LocalActorRef akka://worker/user/watcher/graph0000000000/graph/local-acker/$a - Message [com.spbsu.flamestream.runtime.utils.akka.PingActor$Stop] from Actor[akka://worker/user/watcher/graph0000000000/graph/local-acker#1504985362] to Actor[akka://worker/user/watcher/graph0000000000/graph/local-acker/$a#-328113359] was not delivered. [2] dead letters encountered. This logging can be turned off or adjusted with configuration settings 'akka.log-dead-letters' and 'akka.log-dead-letters-during-shutdown'.
15:50:30.105 [worker-akka.actor.default-dispatcher-2] INFO  a.a.LocalActorRef akka://worker/user/watcher/graph0000000000/graph/local-acker - Message [com.spbsu.flamestream.runtime.acker.LocalAcker$Flush] from Actor[akka://worker/user/watcher/graph0000000000/graph/local-acker#1504985362] to Actor[akka://worker/user/watcher/graph0000000000/graph/local-acker#1504985362] was not delivered. [3] dead letters encountered. This logging can be turned off or adjusted with configuration settings 'akka.log-dead-letters' and 'akka.log-dead-letters-during-shutdown'.
15:50:30.105 [worker-akka.actor.default-dispatcher-2] INFO  a.a.RepointableActorRef akka://worker/user/watcher - Stopped
15:50:30.119 [worker-akka.actor.default-dispatcher-2] INFO  a.r.RemoteActorRefProvider$RemotingTerminator akka://worker@172.31.47.83:5412/system/remoting-terminator - Shutting down remote daemon.
15:50:30.122 [worker-akka.actor.default-dispatcher-2] INFO  a.r.RemoteActorRefProvider$RemotingTerminator akka://worker@172.31.47.83:5412/system/remoting-terminator - Remote daemon shut down; proceeding with flushing remote transports.
15:50:31.265 [worker-akka.actor.default-dispatcher-2] INFO  a.r.RemoteActorRefProvider$RemotingTerminator akka://worker@172.31.47.83:5412/system/remoting-terminator - Remoting shut down.
Attempts of event 'shuffle-send' - 0
Attempts of event 'front-receive-send' - 0
Attempts of event 'inject-out' - 577993
Attempts of event 'sink-receive' - 589140
Attempts of event 'flatmap-receive' - 1085
Attempts of event 'fm-send' - 531482
Attempts of event 'rear-in' - 576908
Attempts of event 'flatmap-send' - 531482
Attempts of event 'inject-in' - 577993
Attempts of event 'wrong-ordering-filter-receive' - 589140
Attempts of event 'accept-in' - 0
Attempts of event 'grouping-receive' - 1166048
Heap
 def new generation   total 153600K, used 44461K [0x00000000e0c00000, 0x00000000eb2a0000, 0x00000000eb2a0000)
  eden space 136576K,  25% used [0x00000000e0c00000, 0x00000000e2e22920, 0x00000000e9160000)
  from space 17024K,  55% used [0x00000000ea200000, 0x00000000eab48b70, 0x00000000eb2a0000)
  to   space 17024K,   0% used [0x00000000e9160000, 0x00000000e9160000, 0x00000000ea200000)
 tenured generation   total 341376K, used 116400K [0x00000000eb2a0000, 0x0000000100000000, 0x0000000100000000)
   the space 341376K,  34% used [0x00000000eb2a0000, 0x00000000f244c360, 0x00000000f244c400, 0x0000000100000000)
 Metaspace       used 33489K, capacity 34300K, committed 34688K, reserved 1079296K
  class space    used 4456K, capacity 4627K, committed 4736K, reserved 1048576K
