14:34:38,140 |-INFO in ch.qos.logback.classic.LoggerContext[default] - Could NOT find resource [logback-test.xml]
14:34:38,141 |-INFO in ch.qos.logback.classic.LoggerContext[default] - Could NOT find resource [logback.groovy]
14:34:38,141 |-INFO in ch.qos.logback.classic.LoggerContext[default] - Found resource [logback.xml] at [jar:file:/opt/flamestream/lib/flamestream-runtime-1.0-SNAPSHOT.jar!/logback.xml]
14:34:38,141 |-WARN in ch.qos.logback.classic.LoggerContext[default] - Resource [logback.xml] occurs multiple times on the classpath.
14:34:38,141 |-WARN in ch.qos.logback.classic.LoggerContext[default] - Resource [logback.xml] occurs at [jar:file:/opt/flamestream/flamestream-runtime-1.0-SNAPSHOT.jar!/logback.xml]
14:34:38,141 |-WARN in ch.qos.logback.classic.LoggerContext[default] - Resource [logback.xml] occurs at [jar:file:/opt/flamestream/lib/flamestream-runtime-1.0-SNAPSHOT.jar!/logback.xml]
14:34:38,164 |-INFO in ch.qos.logback.core.joran.spi.ConfigurationWatchList@69b794e2 - URL [jar:file:/opt/flamestream/lib/flamestream-runtime-1.0-SNAPSHOT.jar!/logback.xml] is not of type file
14:34:38,247 |-INFO in ch.qos.logback.classic.joran.action.ConfigurationAction - debug attribute not set
14:34:38,247 |-INFO in ch.qos.logback.core.joran.action.AppenderAction - About to instantiate appender of type [ch.qos.logback.core.ConsoleAppender]
14:34:38,255 |-INFO in ch.qos.logback.core.joran.action.AppenderAction - Naming appender as [STDOUT]
14:34:38,263 |-INFO in ch.qos.logback.core.joran.action.NestedComplexPropertyIA - Assuming default type [ch.qos.logback.classic.encoder.PatternLayoutEncoder] for [encoder] property
14:34:38,295 |-INFO in ch.qos.logback.core.joran.action.AppenderAction - About to instantiate appender of type [ch.qos.logback.core.rolling.RollingFileAppender]
14:34:38,303 |-INFO in ch.qos.logback.core.joran.action.AppenderAction - Naming appender as [FILE]
14:34:38,318 |-INFO in c.q.l.core.rolling.TimeBasedRollingPolicy@1059063940 - No compression will be used
14:34:38,319 |-INFO in c.q.l.core.rolling.TimeBasedRollingPolicy@1059063940 - Will use the pattern /tmp/application_%d{yyyy-MM-dd}.%i.log for the active file
14:34:38,327 |-INFO in ch.qos.logback.core.rolling.SizeAndTimeBasedFNATP@4d339552 - The date pattern is 'yyyy-MM-dd' from file name pattern '/tmp/application_%d{yyyy-MM-dd}.%i.log'.
14:34:38,327 |-INFO in ch.qos.logback.core.rolling.SizeAndTimeBasedFNATP@4d339552 - Roll-over at midnight.
14:34:38,331 |-INFO in ch.qos.logback.core.rolling.SizeAndTimeBasedFNATP@4d339552 - Setting initial period to Mon Mar 26 13:53:05 UTC 2018
14:34:38,331 |-WARN in ch.qos.logback.core.rolling.SizeAndTimeBasedFNATP@4d339552 - SizeAndTimeBasedFNATP is deprecated. Use SizeAndTimeBasedRollingPolicy instead
14:34:38,331 |-WARN in ch.qos.logback.core.rolling.SizeAndTimeBasedFNATP@4d339552 - For more information see http://logback.qos.ch/manual/appenders.html#SizeAndTimeBasedRollingPolicy
14:34:38,336 |-INFO in ch.qos.logback.core.joran.action.NestedComplexPropertyIA - Assuming default type [ch.qos.logback.classic.encoder.PatternLayoutEncoder] for [encoder] property
14:34:38,340 |-INFO in ch.qos.logback.core.rolling.RollingFileAppender[FILE] - Active log file name: /tmp/application.log
14:34:38,340 |-INFO in ch.qos.logback.core.rolling.RollingFileAppender[FILE] - File property is set to [/tmp/application.log]
14:34:38,341 |-INFO in ch.qos.logback.classic.joran.action.RootLoggerAction - Setting level of ROOT logger to INFO
14:34:38,341 |-INFO in ch.qos.logback.core.joran.action.AppenderRefAction - Attaching appender named [STDOUT] to Logger[ROOT]
14:34:38,342 |-INFO in ch.qos.logback.core.joran.action.AppenderRefAction - Attaching appender named [FILE] to Logger[ROOT]
14:34:38,342 |-INFO in ch.qos.logback.classic.joran.action.ConfigurationAction - End of configuration.
14:34:38,342 |-INFO in ch.qos.logback.classic.joran.JoranConfigurator@f0f2775 - Registering current configuration as safe fallback point

14:34:38.346 [main] INFO  c.s.f.r.a.WorkerApplication  - Starting worker with id: '10.0.0.14', host: '10.0.0.14:5412', zkString: '10.0.0.132:2181'
14:34:39.236 [worker-akka.actor.default-dispatcher-7] INFO  a.e.s.Slf4jLogger  - Slf4jLogger started
2018-03-26T14:34:39.384+0000: 1.811: [Full GC (Metadata GC Threshold) 2018-03-26T14:34:39.384+0000: 1.811: [Tenured: 0K->15853K(341376K), 0.0397388 secs] 134102K->15853K(494976K), [Metaspace: 20954K->20954K(1067008K)], 0.0398058 secs] [Times: user=0.04 sys=0.00, real=0.04 secs] 
Ama winner
Ama winner
14:34:39.781 [worker-akka.actor.default-dispatcher-7] INFO  a.r.a.ArteryTransport(akka://worker) akka.remote.artery.ArteryTransport(akka://worker) - Started embedded media driver in directory [/dev/shm/aeron-root-worker-dabbf3d0-391e-439d-8367-1906a2be0f1d]
14:34:39.960 [worker-akka.actor.default-dispatcher-7] INFO  a.r.a.ArteryTransport(akka://worker) akka.remote.artery.ArteryTransport(akka://worker) - Remoting started; listening on address: [akka://worker@10.0.0.14:5412] with UID [-7369564724081017798]
14:34:40.021 [worker-akka.actor.default-dispatcher-2] INFO  a.a.RepointableActorRef akka://worker/user/watcher - Starting...
14:34:40.034 [worker-akka.actor.default-dispatcher-6] INFO  o.a.z.ZooKeeper  - Client environment:zookeeper.version=3.4.9-1757313, built on 08/23/2016 06:50 GMT
14:34:40.034 [worker-akka.actor.default-dispatcher-6] INFO  o.a.z.ZooKeeper  - Client environment:host.name=localhost
14:34:40.034 [worker-akka.actor.default-dispatcher-6] INFO  o.a.z.ZooKeeper  - Client environment:java.version=1.8.0_151
14:34:40.034 [worker-akka.actor.default-dispatcher-6] INFO  o.a.z.ZooKeeper  - Client environment:java.vendor=Oracle Corporation
14:34:40.034 [worker-akka.actor.default-dispatcher-6] INFO  o.a.z.ZooKeeper  - Client environment:java.home=/usr/lib/jvm/java-8-openjdk-amd64/jre
14:34:40.034 [worker-akka.actor.default-dispatcher-6] INFO  o.a.z.ZooKeeper  - Client environment:java.class.path=lib/commons-cli-1.4.jar:lib/minlog-1.3.0.jar:lib/asm-5.0.4.jar:lib/hadoop-annotations-2.7.3.jar:lib/hadoop-auth-2.7.3.jar:lib/akka-slf4j_2.11-2.5.6.jar:lib/jersey-core-1.9.jar:lib/lz4-1.3.0.jar:lib/jackson-core-asl-1.9.13.jar:lib/aeron-client-1.3.0.jar:lib/htrace-core-3.1.0-incubating.jar:lib/xz-1.0.jar:lib/commons-httpclient-3.1.jar:lib/asm-3.1.jar:lib/commons-lang3-3.4.jar:lib/scala-library-2.11.11.jar:lib/scala-java8-compat_2.11-0.7.0.jar:lib/commons-configuration-1.6.jar:lib/objenesis-2.1.jar:lib/jackson-annotations-2.8.0.jar:lib/jsr305-3.0.0.jar:lib/curator-framework-2.7.1.jar:lib/jersey-server-1.9.jar:lib/jets3t-0.9.0.jar:lib/leveldb-0.7.jar:lib/jetty-6.1.26.jar:lib/stax-api-1.0-2.jar:lib/flamestream-core-1.0-SNAPSHOT.jar:lib/reflectasm-1.07-shaded.jar:lib/apacheds-kerberos-codec-2.0.0-M15.jar:lib/api-asn1-api-1.0.0-M20.jar:lib/commons-lang-2.6.jar:lib/commons-beanutils-1.7.0.jar:lib/jackson-xc-1.8.3.jar:lib/jetty-util-6.1.26.jar:lib/logback-classic-1.2.3.jar:lib/jool-0.9.12.jar:lib/httpcore-4.1.2.jar:lib/kryo-4.0.0.jar:lib/ant-1.8.1.jar:lib/jaxb-impl-2.2.3-1.jar:lib/jersey-json-1.9.jar:lib/commons-compress-1.4.1.jar:lib/leveldbjni-all-1.8.jar:lib/paranamer-2.3.jar:lib/jackson-core-2.8.4.jar:lib/commons-math3-3.6.1.jar:lib/scala-parser-combinators_2.11-1.0.4.jar:lib/netty-3.10.6.Final.jar:lib/trove4j-3.0.3.jar:lib/jaxb-api-2.2.2.jar:lib/logback-core-1.2.3.jar:lib/snappy-java-1.0.4.1.jar:lib/protobuf-java-2.5.0.jar:lib/reactive-streams-1.0.1.jar:lib/flamestream-examples-1.0-SNAPSHOT.jar:lib/commons-codec-1.4.jar:lib/activation-1.1.jar:lib/commons-net-3.1.jar:lib/curator-recipes-2.7.1.jar:lib/jackson-mapper-asl-1.9.13.jar:lib/jackson-databind-2.8.4.jar:lib/flamestream-runtime-1.0-SNAPSHOT.jar:lib/jackson-jaxrs-1.8.3.jar:lib/slf4j-api-1.7.24.jar:lib/akka-remote_2.11-2.5.6.jar:lib/akka-testkit_2.11-2.5.6.jar:lib/jline-0.9.94.jar:lib/jedis-2.9.0.jar:lib/akka-stream_2.11-2.5.6.jar:lib/jsp-api-2.1.jar:lib/kryonet-2.21.jar:lib/akka-kryo-serialization_2.11-0.5.0.jar:lib/config-1.3.1.jar:lib/ant-launcher-1.8.1.jar:lib/commons-logging-1.2.jar:lib/ssl-config-core_2.11-0.2.2.jar:lib/testng-6.10.jar:lib/leveldb-api-0.7.jar:lib/reflectasm-1.11.3.jar:lib/jcommander-1.48.jar:lib/commons-1.1.jar:lib/commons-digester-1.8.jar:lib/minlog-1.2.jar:lib/java-xmlbuilder-0.4.jar:lib/jettison-1.1.jar:lib/gson-2.2.4.jar:lib/jdk.tools-1.8.jar:lib/aeron-driver-1.3.0.jar:lib/zookeeper-3.4.9.jar:lib/commons-beanutils-core-1.8.0.jar:lib/commons-math3-3.1.1.jar:lib/akka-actor_2.11-2.5.6.jar:lib/curator-client-2.7.1.jar:lib/servlet-api-2.5.jar:lib/commons-pool2-2.4.2.jar:lib/apacheds-i18n-2.0.0-M15.jar:lib/commons-io-2.4.jar:lib/commons-codec-1.6.jar:lib/akka-protobuf_2.11-2.5.6.jar:lib/jdom-2.0.2.jar:lib/rocksdbjni-5.5.1.jar:lib/api-util-1.0.0-M20.jar:lib/hadoop-common-2.7.3.jar:lib/agrona-0.9.6.jar:lib/xmlenc-0.52.jar:lib/guava-21.0.jar:lib/commons-collections-3.2.2.jar:lib/avro-1.7.4.jar:lib/httpclient-4.1.2.jar:lib/flamestream-core-1.0-SNAPSHOT-tests.jar:lib/annotations-12.0.jar:lib/jsch-0.1.42.jar:flamestream-runtime-1.0-SNAPSHOT.jar
14:34:40.035 [worker-akka.actor.default-dispatcher-6] INFO  o.a.z.ZooKeeper  - Client environment:java.library.path=/usr/java/packages/lib/amd64:/usr/lib/x86_64-linux-gnu/jni:/lib/x86_64-linux-gnu:/usr/lib/x86_64-linux-gnu:/usr/lib/jni:/lib:/usr/lib
14:34:40.035 [worker-akka.actor.default-dispatcher-6] INFO  o.a.z.ZooKeeper  - Client environment:java.io.tmpdir=/tmp
14:34:40.035 [worker-akka.actor.default-dispatcher-6] INFO  o.a.z.ZooKeeper  - Client environment:java.compiler=<NA>
14:34:40.035 [worker-akka.actor.default-dispatcher-6] INFO  o.a.z.ZooKeeper  - Client environment:os.name=Linux
14:34:40.035 [worker-akka.actor.default-dispatcher-6] INFO  o.a.z.ZooKeeper  - Client environment:os.arch=amd64
14:34:40.036 [worker-akka.actor.default-dispatcher-6] INFO  o.a.z.ZooKeeper  - Client environment:os.version=4.4.0-1049-aws
14:34:40.037 [worker-akka.actor.default-dispatcher-6] INFO  o.a.z.ZooKeeper  - Client environment:user.name=root
14:34:40.037 [worker-akka.actor.default-dispatcher-6] INFO  o.a.z.ZooKeeper  - Client environment:user.home=/root
14:34:40.037 [worker-akka.actor.default-dispatcher-6] INFO  o.a.z.ZooKeeper  - Client environment:user.dir=/opt/flamestream
14:34:40.039 [worker-akka.actor.default-dispatcher-6] INFO  o.a.z.ZooKeeper  - Initiating client connection, connectString=10.0.0.132:2181 sessionTimeout=5000 watcher=com.spbsu.flamestream.runtime.application.LifecycleWatcher$$Lambda$30/171386941@7d1a236e
14:34:40.076 [worker-akka.actor.default-dispatcher-6-SendThread(10.0.0.132:2181)] INFO  o.a.z.ClientCnxn  - Opening socket connection to server 10.0.0.132/10.0.0.132:2181. Will not attempt to authenticate using SASL (unknown error)
14:34:40.086 [worker-akka.actor.default-dispatcher-6-SendThread(10.0.0.132:2181)] INFO  o.a.z.ClientCnxn  - Socket connection established to 10.0.0.132/10.0.0.132:2181, initiating session
14:34:40.095 [worker-akka.actor.default-dispatcher-6-SendThread(10.0.0.132:2181)] INFO  o.a.z.ClientCnxn  - Session establishment complete on server 10.0.0.132/10.0.0.132:2181, sessionid = 0x16262bac5490006, negotiated timeout = 6000
14:34:40.104 [worker-akka.actor.default-dispatcher-2] INFO  a.a.RepointableActorRef akka://worker/user/watcher - Initializing rocksDB backend
14:34:40.278 [worker-akka.actor.default-dispatcher-2] INFO  a.a.RepointableActorRef akka://worker/user/watcher - Connected to ZK
14:34:49.249 [worker-akka.actor.default-dispatcher-2] INFO  a.a.RepointableActorRef akka://worker/user/watcher - Creating node with watchGraphs: 'com.spbsu.flamestream.core.Graph$Builder$MyGraph@1c1656d7', config: 'ClusterConfig{paths={10.0.0.51=akka://worker@10.0.0.51:5412/user/watcher/graph, 10.0.0.118=akka://worker@10.0.0.118:5412/user/watcher/graph, 10.0.0.49=akka://worker@10.0.0.49:5412/user/watcher/graph, 10.0.0.48=akka://worker@10.0.0.48:5412/user/watcher/graph, 10.0.0.14=akka://worker@10.0.0.14:5412/user/watcher/graph, 10.0.0.197=akka://worker@10.0.0.197:5412/user/watcher/graph, 10.0.0.13=akka://worker@10.0.0.13:5412/user/watcher/graph, 10.0.0.166=akka://worker@10.0.0.166:5412/user/watcher/graph, 10.0.0.64=akka://worker@10.0.0.64:5412/user/watcher/graph, 10.0.0.97=akka://worker@10.0.0.97:5412/user/watcher/graph}, ackerLocation='10.0.0.166', props=ComputationLayout{hashGroups={10.0.0.51=com.spbsu.flamestream.runtime.config.HashGroup@1ffe1b9d, 10.0.0.118=com.spbsu.flamestream.runtime.config.HashGroup@5d5c21bc, 10.0.0.49=com.spbsu.flamestream.runtime.config.HashGroup@56dcaf5d, 10.0.0.48=com.spbsu.flamestream.runtime.config.HashGroup@c65a7748, 10.0.0.14=com.spbsu.flamestream.runtime.config.HashGroup@231425fe, 10.0.0.197=com.spbsu.flamestream.runtime.config.HashGroup@fbc82752, 10.0.0.13=com.spbsu.flamestream.runtime.config.HashGroup@ccbcd570, 10.0.0.166=com.spbsu.flamestream.runtime.config.HashGroup@c01f, 10.0.0.64=com.spbsu.flamestream.runtime.config.HashGroup@4276a447, 10.0.0.97=com.spbsu.flamestream.runtime.config.HashGroup@3fc198ed}}}'
14:34:50.160 [worker-akka.actor.default-dispatcher-6] INFO  a.a.LocalActorRef akka://worker/user/watcher/graph/graph - Starting...
14:34:50.168 [worker-akka.actor.default-dispatcher-3] INFO  a.a.LocalActorRef akka://worker/user/watcher/graph/graph/local-acker/$a - Starting...
14:34:50.175 [worker-akka.actor.default-dispatcher-7] INFO  a.a.LocalActorRef akka://worker/user/watcher/graph/graph/local-acker - Starting...
14:34:51.447 [worker-akka.actor.default-dispatcher-7] INFO  a.a.LocalActorRef akka://worker/user/watcher/graph/graph - Finishing constructor
14:34:51.450 [worker-akka.actor.default-dispatcher-3] INFO  a.a.LocalActorRef akka://worker/user/watcher/graph/negotiator - Starting...
14:34:51.454 [worker-akka.actor.default-dispatcher-5] INFO  a.a.LocalActorRef akka://worker/user/watcher/graph/edge - Starting...
14:34:51.457 [worker-akka.actor.default-dispatcher-5] INFO  a.a.LocalActorRef akka://worker/user/watcher/graph - Starting...
14:34:51.487 [worker-akka.actor.default-dispatcher-6] INFO  a.a.LocalActorRef akka://worker/user/watcher/graph/negotiator - Requesting ticket for the frontClass FlameSocketGraphDeployerFront@10.0.0.14
14:34:51.505 [worker-akka.actor.default-dispatcher-5] INFO  a.a.LocalActorRef akka://worker/user/watcher/graph/graph - Received last commit 'LastCommit{globalTime=(0000000, min@min)}'
14:34:51.516 [worker-akka.actor.default-dispatcher-3] INFO  c.s.f.r.e.s.SocketRear  - FlameSocketGraphDeployerRear@10.0.0.14: connecting to 10.0.0.132:5678
14:34:51.536 [worker-akka.actor.default-dispatcher-7] INFO  a.a.LocalActorRef akka://worker/user/watcher/graph/edge/FlameSocketGraphDeployerFront - Starting...
14:34:51.542 [worker-akka.actor.default-dispatcher-3] INFO  c.s.f.r.e.s.SocketRear  - FlameSocketGraphDeployerRear@10.0.0.14: connected to 10.0.0.132:5678
14:34:51.543 [worker-akka.actor.default-dispatcher-3] INFO  a.a.LocalActorRef akka://worker/user/watcher/graph/edge/FlameSocketGraphDeployerRear - Starting...
14:34:51.580 [worker-akka.actor.default-dispatcher-5] INFO  a.a.LocalActorRef akka://worker/user/watcher/graph/graph/$a - Starting...
14:34:51.596 [worker-akka.actor.default-dispatcher-5] INFO  a.a.LocalActorRef akka://worker/user/watcher/graph/graph/$b - Starting...
14:34:51.629 [worker-akka.actor.default-dispatcher-5] INFO  a.a.LocalActorRef akka://worker/user/watcher/graph/graph/$b - Attached rear to graph (-9223372036854775808, min@min)
14:34:51.630 [worker-akka.actor.default-dispatcher-5] INFO  a.a.LocalActorRef akka://worker/user/watcher/graph/graph/$c - Starting...
14:34:51.897 [worker-akka.actor.default-dispatcher-5] INFO  a.a.LocalActorRef akka://worker/user/watcher/graph/negotiator - Ticket for the frontClass received: FrontTicket{allowedTimestamp=(0000000, FlameSocketGraphDeployerFront@10.0.0.14)}
14:34:51.901 [worker-akka.actor.default-dispatcher-5] INFO  c.s.f.r.e.s.SocketFront  - FlameSocketGraphDeployerFront@10.0.0.14: connecting to 10.0.0.132:4567
2018-03-26T14:34:56.472+0000: 18.899: [GC (Allocation Failure) 2018-03-26T14:34:56.472+0000: 18.899: [DefNew: 136576K->16126K(153600K), 0.0252486 secs] 152429K->51510K(494976K), 0.0253139 secs] [Times: user=0.01 sys=0.01, real=0.02 secs] 
2018-03-26T14:35:06.361+0000: 28.787: [GC (Allocation Failure) 2018-03-26T14:35:06.361+0000: 28.787: [DefNew: 152702K->6532K(153600K), 0.0198043 secs] 188086K->49939K(494976K), 0.0198688 secs] [Times: user=0.02 sys=0.00, real=0.02 secs] 
2018-03-26T14:35:17.437+0000: 39.864: [GC (Allocation Failure) 2018-03-26T14:35:17.437+0000: 39.864: [DefNew: 143108K->10278K(153600K), 0.0149039 secs] 186515K->53684K(494976K), 0.0149912 secs] [Times: user=0.01 sys=0.00, real=0.02 secs] 
2018-03-26T14:35:26.338+0000: 48.765: [GC (Allocation Failure) 2018-03-26T14:35:26.338+0000: 48.765: [DefNew: 146383K->10839K(153600K), 0.0195154 secs] 189790K->56257K(494976K), 0.0195812 secs] [Times: user=0.02 sys=0.01, real=0.02 secs] 
2018-03-26T14:35:36.325+0000: 58.752: [GC (Allocation Failure) 2018-03-26T14:35:36.325+0000: 58.752: [DefNew: 147415K->5948K(153600K), 0.0167304 secs] 192833K->57331K(494976K), 0.0167962 secs] [Times: user=0.01 sys=0.00, real=0.02 secs] 
2018-03-26T14:35:43.971+0000: 66.398: [GC (Allocation Failure) 2018-03-26T14:35:43.971+0000: 66.398: [DefNew: 142430K->16071K(153600K), 0.0166454 secs] 193813K->67454K(494976K), 0.0167142 secs] [Times: user=0.00 sys=0.01, real=0.02 secs] 
2018-03-26T14:35:52.240+0000: 74.667: [GC (Allocation Failure) 2018-03-26T14:35:52.240+0000: 74.667: [DefNew: 152647K->4960K(153600K), 0.0191999 secs] 204030K->69156K(494976K), 0.0192690 secs] [Times: user=0.01 sys=0.01, real=0.01 secs] 
2018-03-26T14:36:00.331+0000: 82.758: [GC (Allocation Failure) 2018-03-26T14:36:00.331+0000: 82.758: [DefNew: 141536K->6977K(153600K), 0.0135302 secs] 205732K->71173K(494976K), 0.0135951 secs] [Times: user=0.01 sys=0.00, real=0.02 secs] 
2018-03-26T14:36:08.358+0000: 90.785: [GC (Allocation Failure) 2018-03-26T14:36:08.358+0000: 90.785: [DefNew: 141482K->8978K(153600K), 0.0158603 secs] 205678K->73174K(494976K), 0.0159320 secs] [Times: user=0.02 sys=0.00, real=0.02 secs] 
2018-03-26T14:36:18.362+0000: 100.789: [GC (Allocation Failure) 2018-03-26T14:36:18.362+0000: 100.789: [DefNew: 144522K->8245K(153600K), 0.0191304 secs] 208718K->74390K(494976K), 0.0191992 secs] [Times: user=0.02 sys=0.00, real=0.02 secs] 
2018-03-26T14:36:27.331+0000: 109.758: [GC (Allocation Failure) 2018-03-26T14:36:27.331+0000: 109.758: [DefNew: 144821K->9503K(153600K), 0.0161257 secs] 210966K->75648K(494976K), 0.0161996 secs] [Times: user=0.01 sys=0.00, real=0.02 secs] 
2018-03-26T14:36:36.126+0000: 118.552: [GC (Allocation Failure) 2018-03-26T14:36:36.126+0000: 118.552: [DefNew: 146079K->8152K(153600K), 0.0167823 secs] 212224K->75448K(494976K), 0.0168481 secs] [Times: user=0.01 sys=0.00, real=0.02 secs] 
2018-03-26T14:36:42.689+0000: 125.116: [GC (Allocation Failure) 2018-03-26T14:36:42.689+0000: 125.116: [DefNew: 144728K->9523K(153600K), 0.0155956 secs] 212024K->76818K(494976K), 0.0156629 secs] [Times: user=0.02 sys=0.00, real=0.02 secs] 
2018-03-26T14:36:49.473+0000: 131.899: [GC (Allocation Failure) 2018-03-26T14:36:49.473+0000: 131.900: [DefNew: 146099K->17024K(153600K), 0.0211883 secs] 213394K->93591K(494976K), 0.0212655 secs] [Times: user=0.02 sys=0.00, real=0.02 secs] 
2018-03-26T14:36:57.577+0000: 140.003: [GC (Allocation Failure) 2018-03-26T14:36:57.577+0000: 140.003: [DefNew: 153600K->3882K(153600K), 0.0309121 secs] 230167K->97316K(494976K), 0.0309963 secs] [Times: user=0.02 sys=0.02, real=0.03 secs] 
2018-03-26T14:37:06.362+0000: 148.789: [GC (Allocation Failure) 2018-03-26T14:37:06.362+0000: 148.789: [DefNew: 138903K->7073K(153600K), 0.0134635 secs] 232337K->100507K(494976K), 0.0135367 secs] [Times: user=0.02 sys=0.00, real=0.01 secs] 
2018-03-26T14:37:13.991+0000: 156.418: [GC (Allocation Failure) 2018-03-26T14:37:13.992+0000: 156.418: [DefNew: 143649K->7331K(153600K), 0.0147113 secs] 237083K->100765K(494976K), 0.0147955 secs] [Times: user=0.02 sys=0.00, real=0.01 secs] 
2018-03-26T14:37:21.333+0000: 163.760: [GC (Allocation Failure) 2018-03-26T14:37:21.333+0000: 163.760: [DefNew: 143907K->9013K(153600K), 0.0150827 secs] 237341K->102447K(494976K), 0.0151468 secs] [Times: user=0.02 sys=0.00, real=0.01 secs] 
2018-03-26T14:37:28.617+0000: 171.043: [GC (Allocation Failure) 2018-03-26T14:37:28.617+0000: 171.043: [DefNew: 145589K->8035K(153600K), 0.0156595 secs] 239023K->102369K(494976K), 0.0157358 secs] [Times: user=0.01 sys=0.01, real=0.02 secs] 
2018-03-26T14:37:36.333+0000: 178.760: [GC (Allocation Failure) 2018-03-26T14:37:36.334+0000: 178.760: [DefNew: 144611K->10694K(153600K), 0.0168584 secs] 238945K->105028K(494976K), 0.0169446 secs] [Times: user=0.02 sys=0.00, real=0.01 secs] 
2018-03-26T14:37:43.340+0000: 185.767: [GC (Allocation Failure) 2018-03-26T14:37:43.340+0000: 185.767: [DefNew: 147270K->8671K(153600K), 0.0188762 secs] 241604K->105728K(494976K), 0.0189453 secs] [Times: user=0.01 sys=0.00, real=0.01 secs] 
2018-03-26T14:37:51.264+0000: 193.691: [GC (Allocation Failure) 2018-03-26T14:37:51.264+0000: 193.691: [DefNew: 145247K->7671K(153600K), 0.0150651 secs] 242304K->105658K(494976K), 0.0151328 secs] [Times: user=0.02 sys=0.00, real=0.02 secs] 
2018-03-26T14:37:58.368+0000: 200.794: [GC (Allocation Failure) 2018-03-26T14:37:58.368+0000: 200.794: [DefNew: 144154K->10329K(153600K), 0.0169195 secs] 242141K->108317K(494976K), 0.0169902 secs] [Times: user=0.02 sys=0.00, real=0.02 secs] 
2018-03-26T14:38:05.342+0000: 207.769: [GC (Allocation Failure) 2018-03-26T14:38:05.342+0000: 207.769: [DefNew: 146905K->9210K(153600K), 0.0186355 secs] 244893K->109139K(494976K), 0.0187051 secs] [Times: user=0.02 sys=0.00, real=0.02 secs] 
2018-03-26T14:38:12.206+0000: 214.633: [GC (Allocation Failure) 2018-03-26T14:38:12.206+0000: 214.633: [DefNew: 145786K->7635K(153600K), 0.0246754 secs] 245715K->108679K(494976K), 0.0247391 secs] [Times: user=0.03 sys=0.00, real=0.02 secs] 
2018-03-26T14:38:18.343+0000: 220.770: [GC (Allocation Failure) 2018-03-26T14:38:18.343+0000: 220.770: [DefNew: 144211K->11233K(153600K), 0.0187447 secs] 245255K->112277K(494976K), 0.0188208 secs] [Times: user=0.02 sys=0.00, real=0.02 secs] 
2018-03-26T14:38:25.384+0000: 227.810: [GC (Allocation Failure) 2018-03-26T14:38:25.384+0000: 227.810: [DefNew: 146725K->8769K(153600K), 0.0202549 secs] 247769K->112919K(494976K), 0.0203248 secs] [Times: user=0.01 sys=0.00, real=0.02 secs] 
2018-03-26T14:38:31.946+0000: 234.373: [GC (Allocation Failure) 2018-03-26T14:38:31.946+0000: 234.373: [DefNew: 145345K->6388K(153600K), 0.0258426 secs] 249495K->111925K(494976K), 0.0259187 secs] [Times: user=0.02 sys=0.00, real=0.03 secs] 
2018-03-26T14:38:38.834+0000: 241.261: [GC (Allocation Failure) 2018-03-26T14:38:38.834+0000: 241.261: [DefNew: 142964K->7447K(153600K), 0.0124360 secs] 248501K->112984K(494976K), 0.0125036 secs] [Times: user=0.01 sys=0.00, real=0.01 secs] 
2018-03-26T14:38:45.383+0000: 247.810: [GC (Allocation Failure) 2018-03-26T14:38:45.383+0000: 247.810: [DefNew: 140028K->10365K(153600K), 0.0171672 secs] 245565K->115902K(494976K), 0.0172518 secs] [Times: user=0.02 sys=0.00, real=0.02 secs] 
2018-03-26T14:38:52.353+0000: 254.780: [GC (Allocation Failure) 2018-03-26T14:38:52.353+0000: 254.780: [DefNew: 146941K->9208K(153600K), 0.0349159 secs] 252478K->116687K(494976K), 0.0349874 secs] [Times: user=0.04 sys=0.00, real=0.03 secs] 
2018-03-26T14:38:58.404+0000: 260.831: [GC (Allocation Failure) 2018-03-26T14:38:58.404+0000: 260.831: [DefNew: 141656K->9366K(153600K), 0.0170926 secs] 249135K->117796K(494976K), 0.0171666 secs] [Times: user=0.01 sys=0.00, real=0.02 secs] 
2018-03-26T14:39:04.382+0000: 266.808: [GC (Allocation Failure) 2018-03-26T14:39:04.382+0000: 266.808: [DefNew: 141509K->10110K(153600K), 0.0178730 secs] 249939K->119389K(494976K), 0.0179459 secs] [Times: user=0.02 sys=0.00, real=0.02 secs] 
2018-03-26T14:39:10.376+0000: 272.802: [GC (Allocation Failure) 2018-03-26T14:39:10.376+0000: 272.802: [DefNew: 146686K->9955K(153600K), 0.0411585 secs] 255965K->121189K(494976K), 0.0412323 secs] [Times: user=0.04 sys=0.00, real=0.04 secs] 
2018-03-26T14:39:16.347+0000: 278.774: [GC (Allocation Failure) 2018-03-26T14:39:16.347+0000: 278.774: [DefNew: 146531K->8432K(153600K), 0.0158567 secs] 257765K->120780K(494976K), 0.0159313 secs] [Times: user=0.02 sys=0.00, real=0.02 secs] 
2018-03-26T14:39:22.248+0000: 284.674: [GC (Allocation Failure) 2018-03-26T14:39:22.248+0000: 284.674: [DefNew: 145008K->8466K(153600K), 0.0126290 secs] 257356K->120814K(494976K), 0.0126967 secs] [Times: user=0.01 sys=0.00, real=0.02 secs] 
2018-03-26T14:39:26.952+0000: 289.379: [GC (Allocation Failure) 2018-03-26T14:39:26.953+0000: 289.379: [DefNew: 145042K->9876K(153600K), 0.0153477 secs] 257390K->122224K(494976K), 0.0154231 secs] [Times: user=0.02 sys=0.00, real=0.01 secs] 
2018-03-26T14:39:32.859+0000: 295.286: [GC (Allocation Failure) 2018-03-26T14:39:32.859+0000: 295.286: [DefNew: 146452K->8933K(153600K), 0.0163162 secs] 258800K->123271K(494976K), 0.0163849 secs] [Times: user=0.02 sys=0.00, real=0.02 secs] 
2018-03-26T14:39:38.931+0000: 301.357: [GC (Allocation Failure) 2018-03-26T14:39:38.931+0000: 301.357: [DefNew: 145509K->8879K(153600K), 0.0142469 secs] 259847K->124282K(494976K), 0.0143214 secs] [Times: user=0.01 sys=0.00, real=0.02 secs] 
2018-03-26T14:39:43.472+0000: 305.899: [GC (Allocation Failure) 2018-03-26T14:39:43.472+0000: 305.899: [DefNew: 145455K->17024K(153600K), 0.0266640 secs] 260858K->157689K(494976K), 0.0267403 secs] [Times: user=0.02 sys=0.01, real=0.02 secs] 
2018-03-26T14:39:49.135+0000: 311.562: [GC (Allocation Failure) 2018-03-26T14:39:49.135+0000: 311.562: [DefNew: 153600K->5279K(153600K), 0.0221701 secs] 294265K->162746K(494976K), 0.0222384 secs] [Times: user=0.02 sys=0.01, real=0.02 secs] 
2018-03-26T14:39:53.628+0000: 316.054: [GC (Allocation Failure) 2018-03-26T14:39:53.628+0000: 316.054: [DefNew: 141855K->7092K(153600K), 0.0111168 secs] 299322K->164559K(494976K), 0.0111852 secs] [Times: user=0.01 sys=0.00, real=0.01 secs] 
2018-03-26T14:39:59.359+0000: 321.786: [GC (Allocation Failure) 2018-03-26T14:39:59.359+0000: 321.786: [DefNew: 143668K->10874K(153600K), 0.0179637 secs] 301135K->168340K(494976K), 0.0180366 secs] [Times: user=0.02 sys=0.00, real=0.02 secs] 
2018-03-26T14:40:04.410+0000: 326.836: [GC (Allocation Failure) 2018-03-26T14:40:04.410+0000: 326.836: [DefNew: 145111K->7182K(153600K), 0.0148928 secs] 302577K->166808K(494976K), 0.0149737 secs] [Times: user=0.01 sys=0.00, real=0.02 secs] 
2018-03-26T14:40:10.078+0000: 332.505: [GC (Allocation Failure) 2018-03-26T14:40:10.078+0000: 332.505: [DefNew: 143758K->8462K(153600K), 0.0122810 secs] 303384K->168089K(494976K), 0.0123539 secs] [Times: user=0.01 sys=0.00, real=0.01 secs] 
2018-03-26T14:40:15.359+0000: 337.786: [GC (Allocation Failure) 2018-03-26T14:40:15.360+0000: 337.786: [DefNew: 145038K->11721K(153600K), 0.0328665 secs] 304665K->171348K(494976K), 0.0329443 secs] [Times: user=0.03 sys=0.00, real=0.03 secs] 
2018-03-26T14:40:21.398+0000: 343.824: [GC (Allocation Failure) 2018-03-26T14:40:21.398+0000: 343.824: [DefNew: 148297K->9721K(153600K), 0.0195572 secs] 307924K->172649K(494976K), 0.0196249 secs] [Times: user=0.02 sys=0.00, real=0.02 secs] 
2018-03-26T14:40:26.334+0000: 348.760: [GC (Allocation Failure) 2018-03-26T14:40:26.334+0000: 348.760: [DefNew: 146297K->8971K(153600K), 0.0163657 secs] 309225K->173496K(494976K), 0.0164377 secs] [Times: user=0.02 sys=0.00, real=0.01 secs] 
2018-03-26T14:40:31.396+0000: 353.823: [GC (Allocation Failure) 2018-03-26T14:40:31.396+0000: 353.823: [DefNew: 139876K->6969K(153600K), 0.0117019 secs] 304402K->172788K(494976K), 0.0117713 secs] [Times: user=0.01 sys=0.00, real=0.01 secs] 
2018-03-26T14:40:36.659+0000: 359.086: [GC (Allocation Failure) 2018-03-26T14:40:36.659+0000: 359.086: [DefNew: 143545K->7830K(153600K), 0.0192068 secs] 309364K->173649K(494976K), 0.0192738 secs] [Times: user=0.02 sys=0.00, real=0.02 secs] 
2018-03-26T14:40:41.740+0000: 364.167: [GC (Allocation Failure) 2018-03-26T14:40:41.740+0000: 364.167: [DefNew: 144406K->9728K(153600K), 0.0131856 secs] 310225K->175546K(494976K), 0.0132566 secs] [Times: user=0.01 sys=0.00, real=0.01 secs] 
2018-03-26T14:40:46.675+0000: 369.102: [GC (Allocation Failure) 2018-03-26T14:40:46.676+0000: 369.102: [DefNew: 146304K->9785K(153600K), 0.0164382 secs] 312122K->177367K(494976K), 0.0165126 secs] [Times: user=0.02 sys=0.00, real=0.02 secs] 
2018-03-26T14:40:52.101+0000: 374.527: [GC (Allocation Failure) 2018-03-26T14:40:52.101+0000: 374.528: [DefNew: 146361K->7187K(153600K), 0.0140727 secs] 313943K->177682K(494976K), 0.0141460 secs] [Times: user=0.02 sys=0.00, real=0.01 secs] 
2018-03-26T14:40:57.360+0000: 379.786: [GC (Allocation Failure) 2018-03-26T14:40:57.360+0000: 379.786: [DefNew: 143763K->10407K(153600K), 0.0302573 secs] 314258K->180902K(494976K), 0.0303410 secs] [Times: user=0.02 sys=0.01, real=0.02 secs] 
2018-03-26T14:41:02.409+0000: 384.836: [GC (Allocation Failure) 2018-03-26T14:41:02.409+0000: 384.836: [DefNew: 146751K->7387K(153600K), 0.0143661 secs] 317246K->180717K(494976K), 0.0144481 secs] [Times: user=0.02 sys=0.00, real=0.02 secs] 
2018-03-26T14:41:07.407+0000: 389.834: [GC (Allocation Failure) 2018-03-26T14:41:07.407+0000: 389.834: [DefNew: 136999K->9185K(153600K), 0.0127300 secs] 310329K->182515K(494976K), 0.0128054 secs] [Times: user=0.01 sys=0.00, real=0.02 secs] 
2018-03-26T14:41:12.411+0000: 394.837: [GC (Allocation Failure) 2018-03-26T14:41:12.411+0000: 394.837: [DefNew: 145110K->9138K(153600K), 0.0136177 secs] 318440K->183380K(494976K), 0.0137007 secs] [Times: user=0.01 sys=0.00, real=0.02 secs] 
2018-03-26T14:41:17.341+0000: 399.768: [GC (Allocation Failure) 2018-03-26T14:41:17.341+0000: 399.768: [DefNew: 145714K->11208K(153600K), 0.0173590 secs] 319956K->186675K(494976K), 0.0174291 secs] [Times: user=0.01 sys=0.00, real=0.01 secs] 
2018-03-26T14:41:21.417+0000: 403.843: [GC (Allocation Failure) 2018-03-26T14:41:21.417+0000: 403.843: [DefNew: 137974K->6549K(153600K), 0.0153043 secs] 313441K->185312K(494976K), 0.0153868 secs] [Times: user=0.01 sys=0.01, real=0.02 secs] 
2018-03-26T14:41:26.403+0000: 408.830: [GC (Allocation Failure) 2018-03-26T14:41:26.403+0000: 408.830: [DefNew: 139648K->8389K(153600K), 0.0119317 secs] 318411K->187152K(494976K), 0.0120077 secs] [Times: user=0.01 sys=0.00, real=0.01 secs] 
2018-03-26T14:41:31.346+0000: 413.772: [GC (Allocation Failure) 2018-03-26T14:41:31.346+0000: 413.772: [DefNew: 144965K->11971K(153600K), 0.0179080 secs] 323728K->190734K(494976K), 0.0179798 secs] [Times: user=0.02 sys=0.00, real=0.02 secs] 
2018-03-26T14:41:35.417+0000: 417.843: [GC (Allocation Failure) 2018-03-26T14:41:35.417+0000: 417.843: [DefNew: 143073K->7961K(153600K), 0.0159768 secs] 321836K->189666K(494976K), 0.0160463 secs] [Times: user=0.02 sys=0.00, real=0.02 secs] 
2018-03-26T14:41:40.419+0000: 422.846: [GC (Allocation Failure) 2018-03-26T14:41:40.419+0000: 422.846: [DefNew: 140148K->8836K(153600K), 0.0123139 secs] 321853K->190541K(494976K), 0.0123880 secs] [Times: user=0.02 sys=0.00, real=0.01 secs] 
2018-03-26T14:41:45.333+0000: 427.760: [GC (Allocation Failure) 2018-03-26T14:41:45.333+0000: 427.760: [DefNew: 145412K->10679K(153600K), 0.0162790 secs] 327117K->193606K(494976K), 0.0163526 secs] [Times: user=0.02 sys=0.00, real=0.01 secs] 
2018-03-26T14:41:50.325+0000: 432.752: [GC (Allocation Failure) 2018-03-26T14:41:50.326+0000: 432.752: [DefNew: 147255K->8662K(153600K), 0.0154710 secs] 330182K->194170K(494976K), 0.0155446 secs] [Times: user=0.01 sys=0.00, real=0.02 secs] 
2018-03-26T14:41:55.053+0000: 437.479: [GC (Allocation Failure) 2018-03-26T14:41:55.053+0000: 437.479: [DefNew: 145238K->8214K(153600K), 0.0142086 secs] 330746K->195474K(494976K), 0.0142809 secs] [Times: user=0.01 sys=0.00, real=0.01 secs] 
2018-03-26T14:41:59.425+0000: 441.852: [GC (Allocation Failure) 2018-03-26T14:41:59.425+0000: 441.852: [DefNew: 141233K->8947K(153600K), 0.0122832 secs] 328494K->196207K(494976K), 0.0123547 secs] [Times: user=0.01 sys=0.00, real=0.01 secs] 
2018-03-26T14:42:03.947+0000: 446.374: [GC (Allocation Failure) 2018-03-26T14:42:03.947+0000: 446.374: [DefNew: 145523K->9018K(153600K), 0.0146436 secs] 332783K->197620K(494976K), 0.0147140 secs] [Times: user=0.02 sys=0.00, real=0.02 secs] 
2018-03-26T14:42:09.327+0000: 451.754: [GC (Allocation Failure) 2018-03-26T14:42:09.328+0000: 451.754: [DefNew: 145594K->9247K(153600K), 0.0140770 secs] 334196K->199135K(494976K), 0.0141532 secs] [Times: user=0.02 sys=0.00, real=0.02 secs] 
2018-03-26T14:42:13.571+0000: 455.998: [GC (Allocation Failure) 2018-03-26T14:42:13.571+0000: 455.998: [DefNew: 145823K->8870K(153600K), 0.0130012 secs] 335711K->199960K(494976K), 0.0130737 secs] [Times: user=0.02 sys=0.00, real=0.02 secs] 
2018-03-26T14:42:18.541+0000: 460.968: [GC (Allocation Failure) 2018-03-26T14:42:18.541+0000: 460.968: [DefNew: 141446K->8328K(153600K), 0.0276059 secs] 332536K->200792K(494976K), 0.0276892 secs] [Times: user=0.02 sys=0.01, real=0.02 secs] 
2018-03-26T14:42:22.418+0000: 464.844: [GC (Allocation Failure) 2018-03-26T14:42:22.418+0000: 464.844: [DefNew: 135821K->10012K(153600K), 0.0134548 secs] 328285K->202476K(494976K), 0.0135294 secs] [Times: user=0.01 sys=0.00, real=0.01 secs] 
2018-03-26T14:42:27.324+0000: 469.750: [GC (Allocation Failure) 2018-03-26T14:42:27.324+0000: 469.750: [DefNew: 146588K->9443K(153600K), 0.0159326 secs] 339052K->203683K(494976K), 0.0160034 secs] [Times: user=0.02 sys=0.00, real=0.02 secs] 
2018-03-26T14:42:31.465+0000: 473.892: [GC (Allocation Failure) 2018-03-26T14:42:31.465+0000: 473.892: [DefNew: 146019K->17023K(153600K), 0.0241978 secs] 340259K->216087K(494976K), 0.0242627 secs] [Times: user=0.02 sys=0.01, real=0.02 secs] 
2018-03-26T14:42:37.348+0000: 479.775: [GC (Allocation Failure) 2018-03-26T14:42:37.348+0000: 479.775: [DefNew: 153599K->7237K(153600K), 0.0180460 secs] 352663K->209835K(494976K), 0.0181189 secs] [Times: user=0.01 sys=0.01, real=0.02 secs] 
2018-03-26T14:42:41.427+0000: 483.854: [GC (Allocation Failure) 2018-03-26T14:42:41.427+0000: 483.854: [DefNew: 135752K->6954K(153600K), 0.0104099 secs] 338350K->209552K(494976K), 0.0104814 secs] [Times: user=0.01 sys=0.00, real=0.01 secs] 
2018-03-26T14:42:45.431+0000: 487.857: [GC (Allocation Failure) 2018-03-26T14:42:45.431+0000: 487.857: [DefNew: 136816K->8628K(153600K), 0.0119385 secs] 339413K->211226K(494976K), 0.0120120 secs] [Times: user=0.01 sys=0.00, real=0.02 secs] 
2018-03-26T14:42:49.842+0000: 492.269: [GC (Allocation Failure) 2018-03-26T14:42:49.842+0000: 492.269: [DefNew: 145204K->9090K(153600K), 0.0130528 secs] 347802K->212658K(494976K), 0.0131272 secs] [Times: user=0.02 sys=0.00, real=0.01 secs] 
2018-03-26T14:42:54.535+0000: 496.961: [GC (Allocation Failure) 2018-03-26T14:42:54.535+0000: 496.961: [DefNew: 136510K->8742K(153600K), 0.0287011 secs] 340079K->213600K(494976K), 0.0287693 secs] [Times: user=0.03 sys=0.00, real=0.03 secs] 
2018-03-26T14:42:58.430+0000: 500.856: [GC (Allocation Failure) 2018-03-26T14:42:58.430+0000: 500.856: [DefNew: 137477K->9300K(153600K), 0.0140482 secs] 342336K->215465K(494976K), 0.0141194 secs] [Times: user=0.01 sys=0.00, real=0.02 secs] 
2018-03-26T14:43:02.439+0000: 504.866: [GC (Allocation Failure) 2018-03-26T14:43:02.439+0000: 504.866: [DefNew: 141628K->9483K(153600K), 0.0143872 secs] 347794K->216749K(494976K), 0.0144612 secs] [Times: user=0.01 sys=0.00, real=0.02 secs] 
2018-03-26T14:43:06.695+0000: 509.122: [GC (Allocation Failure) 2018-03-26T14:43:06.695+0000: 509.122: [DefNew: 146059K->9733K(153600K), 0.0142537 secs] 353325K->218146K(494976K), 0.0143248 secs] [Times: user=0.02 sys=0.00, real=0.01 secs] 
2018-03-26T14:43:12.338+0000: 514.764: [GC (Allocation Failure) 2018-03-26T14:43:12.338+0000: 514.764: [DefNew: 146309K->11021K(153600K), 0.0163392 secs] 354722K->220871K(494976K), 0.0164094 secs] [Times: user=0.02 sys=0.00, real=0.02 secs] 
2018-03-26T14:43:16.336+0000: 518.762: [GC (Allocation Failure) 2018-03-26T14:43:16.336+0000: 518.762: [DefNew: 147597K->9180K(153600K), 0.0175670 secs] 357447K->222453K(494976K), 0.0176623 secs] [Times: user=0.01 sys=0.00, real=0.02 secs] 
2018-03-26T14:43:20.552+0000: 522.978: [GC (Allocation Failure) 2018-03-26T14:43:20.552+0000: 522.978: [DefNew: 139246K->7822K(153600K), 0.0209554 secs] 352519K->222440K(494976K), 0.0210273 secs] [Times: user=0.02 sys=0.00, real=0.02 secs] 
2018-03-26T14:43:24.434+0000: 526.861: [GC (Allocation Failure) 2018-03-26T14:43:24.434+0000: 526.861: [DefNew: 134899K->9422K(153600K), 0.0124100 secs] 349517K->224040K(494976K), 0.0124820 secs] [Times: user=0.01 sys=0.00, real=0.01 secs] 
2018-03-26T14:43:28.581+0000: 531.007: [GC (Allocation Failure) 2018-03-26T14:43:28.581+0000: 531.007: [DefNew: 145998K->8935K(153600K), 0.0128458 secs] 360616K->225235K(494976K), 0.0129094 secs] [Times: user=0.02 sys=0.00, real=0.01 secs] 
14:43:29.783 [Client] INFO  c.s.f.r.e.s.SocketFront  - FlameSocketGraphDeployerFront@10.0.0.14 has been disconnected from Connection 6
14:43:29.784 [Client] INFO  c.s.f.r.e.s.SocketRear  - FlameSocketGraphDeployerRear@10.0.0.14: has been disconnected from Connection 6
14:43:41.188 [worker-akka.actor.default-dispatcher-2] INFO  a.a.CoordinatedShutdown CoordinatedShutdown(akka://worker) - Starting coordinated shutdown from JVM shutdown hook
14:43:41.210 [worker-akka.actor.default-dispatcher-6] INFO  a.a.LocalActorRef akka://worker/user/watcher/graph/negotiator - Stopped
14:43:41.210 [worker-akka.actor.default-dispatcher-6] INFO  a.a.LocalActorRef akka://worker/user/watcher/graph/edge/FlameSocketGraphDeployerFront - Stopped
14:43:41.210 [worker-akka.actor.default-dispatcher-6] INFO  a.a.LocalActorRef akka://worker/user/watcher/graph/edge/FlameSocketGraphDeployerRear - Stopped
14:43:41.211 [worker-akka.actor.default-dispatcher-6] INFO  a.a.LocalActorRef akka://worker/user/watcher/graph/edge - Stopped
14:43:41.211 [worker-akka.actor.default-dispatcher-6] INFO  a.a.LocalActorRef akka://worker/user/watcher/graph/graph/$a - Stopped
14:43:41.211 [worker-akka.actor.default-dispatcher-6] INFO  a.a.LocalActorRef akka://worker/user/watcher/graph/graph/$b - Stopped
14:43:41.211 [worker-akka.actor.default-dispatcher-6] INFO  a.a.LocalActorRef akka://worker/user/watcher/graph/graph/$c - Stopped
14:43:41.211 [worker-akka.actor.default-dispatcher-6] INFO  a.a.LocalActorRef akka://worker/user/watcher/graph/graph/local-acker/$a - Stopped
14:43:41.211 [worker-akka.actor.default-dispatcher-6] INFO  a.a.LocalActorRef akka://worker/user/watcher/graph/graph/local-acker/$a - Message [com.spbsu.flamestream.runtime.utils.akka.PingActor$InnerPing] from Actor[akka://worker/user/watcher/graph/graph/local-acker/$a#529707627] to Actor[akka://worker/user/watcher/graph/graph/local-acker/$a#529707627] was not delivered. [1] dead letters encountered. This logging can be turned off or adjusted with configuration settings 'akka.log-dead-letters' and 'akka.log-dead-letters-during-shutdown'.
14:43:41.213 [worker-akka.actor.default-dispatcher-6] INFO  a.a.LocalActorRef akka://worker/user/watcher/graph/graph/local-acker - Stopped
14:43:41.213 [worker-akka.actor.default-dispatcher-6] INFO  a.a.LocalActorRef akka://worker/user/watcher/graph/graph - Stopped
14:43:41.214 [worker-akka.actor.default-dispatcher-6] INFO  a.a.LocalActorRef akka://worker/user/watcher/graph/graph/local-acker/$a - Message [com.spbsu.flamestream.runtime.utils.akka.PingActor$Stop] from Actor[akka://worker/user/watcher/graph/graph/local-acker#-293203984] to Actor[akka://worker/user/watcher/graph/graph/local-acker/$a#529707627] was not delivered. [2] dead letters encountered. This logging can be turned off or adjusted with configuration settings 'akka.log-dead-letters' and 'akka.log-dead-letters-during-shutdown'.
14:43:41.214 [worker-akka.actor.default-dispatcher-12] INFO  a.a.LocalActorRef akka://worker/user/watcher/graph - Stopped
14:43:41.216 [worker-akka.actor.default-dispatcher-7] INFO  a.a.RepointableActorRef akka://worker/user/watcher - Stopped
14:43:41.219 [worker-akka.actor.default-dispatcher-6-EventThread] INFO  o.a.z.ClientCnxn  - EventThread shut down for session: 0x16262bac5490006
14:43:41.219 [worker-akka.actor.default-dispatcher-12] INFO  o.a.z.ZooKeeper  - Session: 0x16262bac5490006 closed
14:43:41.228 [worker-akka.actor.default-dispatcher-12] INFO  a.r.RemoteActorRefProvider$RemotingTerminator akka://worker@10.0.0.14:5412/system/remoting-terminator - Shutting down remote daemon.
14:43:41.228 [worker-akka.actor.default-dispatcher-12] INFO  a.r.RemoteActorRefProvider$RemotingTerminator akka://worker@10.0.0.14:5412/system/remoting-terminator - Remote daemon shut down; proceeding with flushing remote transports.
14:43:41.372 [worker-akka.actor.default-dispatcher-17] INFO  a.r.RemoteActorRefProvider$RemotingTerminator akka://worker@10.0.0.14:5412/system/remoting-terminator - Remoting shut down.
Heap
 def new generation   total 153600K, used 78340K [0x00000000e0c00000, 0x00000000eb2a0000, 0x00000000eb2a0000)
  eden space 136576K,  50% used [0x00000000e0c00000, 0x00000000e4fc73c8, 0x00000000e9160000)
  from space 17024K,  52% used [0x00000000ea200000, 0x00000000eaab9c50, 0x00000000eb2a0000)
  to   space 17024K,   0% used [0x00000000e9160000, 0x00000000e9160000, 0x00000000ea200000)
 tenured generation   total 341376K, used 216300K [0x00000000eb2a0000, 0x0000000100000000, 0x0000000100000000)
   the space 341376K,  63% used [0x00000000eb2a0000, 0x00000000f85db130, 0x00000000f85db200, 0x0000000100000000)
 Metaspace       used 34083K, capacity 35016K, committed 35200K, reserved 1079296K
  class space    used 4484K, capacity 4701K, committed 4736K, reserved 1048576K
