11:28:35,850 |-INFO in ch.qos.logback.classic.LoggerContext[default] - Could NOT find resource [logback-test.xml]
11:28:35,850 |-INFO in ch.qos.logback.classic.LoggerContext[default] - Could NOT find resource [logback.groovy]
11:28:35,850 |-INFO in ch.qos.logback.classic.LoggerContext[default] - Found resource [logback.xml] at [jar:file:/opt/flamestream/lib/flamestream-runtime-1.0-SNAPSHOT.jar!/logback.xml]
11:28:35,850 |-WARN in ch.qos.logback.classic.LoggerContext[default] - Resource [logback.xml] occurs multiple times on the classpath.
11:28:35,851 |-WARN in ch.qos.logback.classic.LoggerContext[default] - Resource [logback.xml] occurs at [jar:file:/opt/flamestream/flamestream-runtime-1.0-SNAPSHOT.jar!/logback.xml]
11:28:35,851 |-WARN in ch.qos.logback.classic.LoggerContext[default] - Resource [logback.xml] occurs at [jar:file:/opt/flamestream/lib/flamestream-runtime-1.0-SNAPSHOT.jar!/logback.xml]
11:28:35,873 |-INFO in ch.qos.logback.core.joran.spi.ConfigurationWatchList@69b794e2 - URL [jar:file:/opt/flamestream/lib/flamestream-runtime-1.0-SNAPSHOT.jar!/logback.xml] is not of type file
11:28:35,957 |-INFO in ch.qos.logback.classic.joran.action.ConfigurationAction - debug attribute not set
11:28:35,957 |-INFO in ch.qos.logback.core.joran.action.AppenderAction - About to instantiate appender of type [ch.qos.logback.core.ConsoleAppender]
11:28:35,965 |-INFO in ch.qos.logback.core.joran.action.AppenderAction - Naming appender as [STDOUT]
11:28:35,973 |-INFO in ch.qos.logback.core.joran.action.NestedComplexPropertyIA - Assuming default type [ch.qos.logback.classic.encoder.PatternLayoutEncoder] for [encoder] property
11:28:36,016 |-INFO in ch.qos.logback.core.joran.action.AppenderAction - About to instantiate appender of type [ch.qos.logback.core.rolling.RollingFileAppender]
11:28:36,019 |-INFO in ch.qos.logback.core.joran.action.AppenderAction - Naming appender as [FILE]
11:28:36,044 |-INFO in c.q.l.core.rolling.TimeBasedRollingPolicy@1059063940 - No compression will be used
11:28:36,045 |-INFO in c.q.l.core.rolling.TimeBasedRollingPolicy@1059063940 - Will use the pattern /tmp/application_%d{yyyy-MM-dd}.%i.log for the active file
11:28:36,050 |-INFO in ch.qos.logback.core.rolling.SizeAndTimeBasedFNATP@4d339552 - The date pattern is 'yyyy-MM-dd' from file name pattern '/tmp/application_%d{yyyy-MM-dd}.%i.log'.
11:28:36,050 |-INFO in ch.qos.logback.core.rolling.SizeAndTimeBasedFNATP@4d339552 - Roll-over at midnight.
11:28:36,054 |-INFO in ch.qos.logback.core.rolling.SizeAndTimeBasedFNATP@4d339552 - Setting initial period to Fri Mar 30 10:41:23 UTC 2018
11:28:36,054 |-WARN in ch.qos.logback.core.rolling.SizeAndTimeBasedFNATP@4d339552 - SizeAndTimeBasedFNATP is deprecated. Use SizeAndTimeBasedRollingPolicy instead
11:28:36,054 |-WARN in ch.qos.logback.core.rolling.SizeAndTimeBasedFNATP@4d339552 - For more information see http://logback.qos.ch/manual/appenders.html#SizeAndTimeBasedRollingPolicy
11:28:36,058 |-INFO in ch.qos.logback.core.joran.action.NestedComplexPropertyIA - Assuming default type [ch.qos.logback.classic.encoder.PatternLayoutEncoder] for [encoder] property
11:28:36,062 |-INFO in ch.qos.logback.core.rolling.RollingFileAppender[FILE] - Active log file name: /tmp/application.log
11:28:36,062 |-INFO in ch.qos.logback.core.rolling.RollingFileAppender[FILE] - File property is set to [/tmp/application.log]
11:28:36,063 |-INFO in ch.qos.logback.classic.joran.action.RootLoggerAction - Setting level of ROOT logger to INFO
11:28:36,063 |-INFO in ch.qos.logback.core.joran.action.AppenderRefAction - Attaching appender named [STDOUT] to Logger[ROOT]
11:28:36,069 |-INFO in ch.qos.logback.core.joran.action.AppenderRefAction - Attaching appender named [FILE] to Logger[ROOT]
11:28:36,069 |-INFO in ch.qos.logback.classic.joran.action.ConfigurationAction - End of configuration.
11:28:36,070 |-INFO in ch.qos.logback.classic.joran.JoranConfigurator@f0f2775 - Registering current configuration as safe fallback point

11:28:36.073 [main] INFO  c.s.f.r.a.WorkerApplication  - Starting worker with id: '10.0.0.124', host: '10.0.0.124:5412', zkString: '10.0.0.107:2181'
11:28:36.965 [worker-akka.actor.default-dispatcher-2] INFO  a.e.s.Slf4jLogger  - Slf4jLogger started
2018-03-30T11:28:37.106+0000: 1.837: [Full GC (Metadata GC Threshold) 2018-03-30T11:28:37.106+0000: 1.838: [Tenured: 0K->15874K(341376K), 0.0406934 secs] 131339K->15874K(494976K), [Metaspace: 20935K->20935K(1067008K)], 0.0407632 secs] [Times: user=0.04 sys=0.00, real=0.04 secs] 
Ama winner
Ama winner
11:28:37.513 [worker-akka.actor.default-dispatcher-2] INFO  a.r.a.ArteryTransport(akka://worker) akka.remote.artery.ArteryTransport(akka://worker) - Started embedded media driver in directory [/dev/shm/aeron-10.0.0.124]
11:28:37.692 [worker-akka.actor.default-dispatcher-2] INFO  a.r.a.ArteryTransport(akka://worker) akka.remote.artery.ArteryTransport(akka://worker) - Remoting started; listening on address: [akka://worker@10.0.0.124:5412] with UID [-4396483225157104040]
11:28:37.746 [worker-akka.actor.default-dispatcher-6] INFO  a.a.RepointableActorRef akka://worker/user/watcher - Starting...
11:28:37.807 [worker-akka.actor.default-dispatcher-4] INFO  o.a.z.ZooKeeper  - Client environment:zookeeper.version=3.4.9-1757313, built on 08/23/2016 06:50 GMT
11:28:37.807 [worker-akka.actor.default-dispatcher-4] INFO  o.a.z.ZooKeeper  - Client environment:host.name=localhost
11:28:37.807 [worker-akka.actor.default-dispatcher-4] INFO  o.a.z.ZooKeeper  - Client environment:java.version=1.8.0_151
11:28:37.807 [worker-akka.actor.default-dispatcher-4] INFO  o.a.z.ZooKeeper  - Client environment:java.vendor=Oracle Corporation
11:28:37.807 [worker-akka.actor.default-dispatcher-4] INFO  o.a.z.ZooKeeper  - Client environment:java.home=/usr/lib/jvm/java-8-openjdk-amd64/jre
11:28:37.808 [worker-akka.actor.default-dispatcher-4] INFO  o.a.z.ZooKeeper  - Client environment:java.class.path=lib/commons-cli-1.4.jar:lib/minlog-1.3.0.jar:lib/asm-5.0.4.jar:lib/hadoop-annotations-2.7.3.jar:lib/hadoop-auth-2.7.3.jar:lib/akka-slf4j_2.11-2.5.6.jar:lib/jersey-core-1.9.jar:lib/lz4-1.3.0.jar:lib/jackson-core-asl-1.9.13.jar:lib/aeron-client-1.3.0.jar:lib/htrace-core-3.1.0-incubating.jar:lib/xz-1.0.jar:lib/commons-httpclient-3.1.jar:lib/asm-3.1.jar:lib/commons-lang3-3.4.jar:lib/scala-library-2.11.11.jar:lib/scala-java8-compat_2.11-0.7.0.jar:lib/commons-configuration-1.6.jar:lib/objenesis-2.1.jar:lib/jackson-annotations-2.8.0.jar:lib/jsr305-3.0.0.jar:lib/curator-framework-2.7.1.jar:lib/jersey-server-1.9.jar:lib/jets3t-0.9.0.jar:lib/leveldb-0.7.jar:lib/jetty-6.1.26.jar:lib/stax-api-1.0-2.jar:lib/flamestream-core-1.0-SNAPSHOT.jar:lib/reflectasm-1.07-shaded.jar:lib/apacheds-kerberos-codec-2.0.0-M15.jar:lib/api-asn1-api-1.0.0-M20.jar:lib/commons-lang-2.6.jar:lib/commons-beanutils-1.7.0.jar:lib/jackson-xc-1.8.3.jar:lib/jetty-util-6.1.26.jar:lib/logback-classic-1.2.3.jar:lib/jool-0.9.12.jar:lib/httpcore-4.1.2.jar:lib/kryo-4.0.0.jar:lib/ant-1.8.1.jar:lib/jaxb-impl-2.2.3-1.jar:lib/jersey-json-1.9.jar:lib/commons-compress-1.4.1.jar:lib/leveldbjni-all-1.8.jar:lib/paranamer-2.3.jar:lib/jackson-core-2.8.4.jar:lib/commons-math3-3.6.1.jar:lib/scala-parser-combinators_2.11-1.0.4.jar:lib/netty-3.10.6.Final.jar:lib/trove4j-3.0.3.jar:lib/jaxb-api-2.2.2.jar:lib/logback-core-1.2.3.jar:lib/snappy-java-1.0.4.1.jar:lib/protobuf-java-2.5.0.jar:lib/reactive-streams-1.0.1.jar:lib/flamestream-examples-1.0-SNAPSHOT.jar:lib/commons-codec-1.4.jar:lib/activation-1.1.jar:lib/commons-net-3.1.jar:lib/curator-recipes-2.7.1.jar:lib/jackson-mapper-asl-1.9.13.jar:lib/jackson-databind-2.8.4.jar:lib/flamestream-runtime-1.0-SNAPSHOT.jar:lib/jackson-jaxrs-1.8.3.jar:lib/slf4j-api-1.7.24.jar:lib/akka-remote_2.11-2.5.6.jar:lib/akka-testkit_2.11-2.5.6.jar:lib/jline-0.9.94.jar:lib/jedis-2.9.0.jar:lib/akka-stream_2.11-2.5.6.jar:lib/jsp-api-2.1.jar:lib/kryonet-2.21.jar:lib/akka-kryo-serialization_2.11-0.5.0.jar:lib/config-1.3.1.jar:lib/ant-launcher-1.8.1.jar:lib/commons-logging-1.2.jar:lib/ssl-config-core_2.11-0.2.2.jar:lib/testng-6.10.jar:lib/leveldb-api-0.7.jar:lib/reflectasm-1.11.3.jar:lib/jcommander-1.48.jar:lib/commons-1.1.jar:lib/commons-digester-1.8.jar:lib/minlog-1.2.jar:lib/java-xmlbuilder-0.4.jar:lib/jettison-1.1.jar:lib/gson-2.2.4.jar:lib/jdk.tools-1.8.jar:lib/aeron-driver-1.3.0.jar:lib/zookeeper-3.4.9.jar:lib/commons-beanutils-core-1.8.0.jar:lib/commons-math3-3.1.1.jar:lib/akka-actor_2.11-2.5.6.jar:lib/curator-client-2.7.1.jar:lib/servlet-api-2.5.jar:lib/commons-pool2-2.4.2.jar:lib/apacheds-i18n-2.0.0-M15.jar:lib/commons-io-2.4.jar:lib/commons-codec-1.6.jar:lib/akka-protobuf_2.11-2.5.6.jar:lib/jdom-2.0.2.jar:lib/rocksdbjni-5.5.1.jar:lib/api-util-1.0.0-M20.jar:lib/hadoop-common-2.7.3.jar:lib/agrona-0.9.6.jar:lib/xmlenc-0.52.jar:lib/guava-21.0.jar:lib/commons-collections-3.2.2.jar:lib/avro-1.7.4.jar:lib/httpclient-4.1.2.jar:lib/flamestream-core-1.0-SNAPSHOT-tests.jar:lib/annotations-12.0.jar:lib/jsch-0.1.42.jar:flamestream-runtime-1.0-SNAPSHOT.jar
11:28:37.808 [worker-akka.actor.default-dispatcher-4] INFO  o.a.z.ZooKeeper  - Client environment:java.library.path=/usr/java/packages/lib/amd64:/usr/lib/x86_64-linux-gnu/jni:/lib/x86_64-linux-gnu:/usr/lib/x86_64-linux-gnu:/usr/lib/jni:/lib:/usr/lib
11:28:37.808 [worker-akka.actor.default-dispatcher-4] INFO  o.a.z.ZooKeeper  - Client environment:java.io.tmpdir=/tmp
11:28:37.809 [worker-akka.actor.default-dispatcher-4] INFO  o.a.z.ZooKeeper  - Client environment:java.compiler=<NA>
11:28:37.809 [worker-akka.actor.default-dispatcher-4] INFO  o.a.z.ZooKeeper  - Client environment:os.name=Linux
11:28:37.809 [worker-akka.actor.default-dispatcher-4] INFO  o.a.z.ZooKeeper  - Client environment:os.arch=amd64
11:28:37.811 [worker-akka.actor.default-dispatcher-4] INFO  o.a.z.ZooKeeper  - Client environment:os.version=4.4.0-1049-aws
11:28:37.812 [worker-akka.actor.default-dispatcher-4] INFO  o.a.z.ZooKeeper  - Client environment:user.name=root
11:28:37.813 [worker-akka.actor.default-dispatcher-4] INFO  o.a.z.ZooKeeper  - Client environment:user.home=/root
11:28:37.813 [worker-akka.actor.default-dispatcher-4] INFO  o.a.z.ZooKeeper  - Client environment:user.dir=/opt/flamestream
11:28:37.816 [worker-akka.actor.default-dispatcher-4] INFO  o.a.z.ZooKeeper  - Initiating client connection, connectString=10.0.0.107:2181 sessionTimeout=5000 watcher=com.spbsu.flamestream.runtime.application.LifecycleWatcher$$Lambda$30/1503265459@43ccf0a4
11:28:37.851 [worker-akka.actor.default-dispatcher-4-SendThread(10.0.0.107:2181)] INFO  o.a.z.ClientCnxn  - Opening socket connection to server 10.0.0.107/10.0.0.107:2181. Will not attempt to authenticate using SASL (unknown error)
11:28:37.863 [worker-akka.actor.default-dispatcher-4-SendThread(10.0.0.107:2181)] INFO  o.a.z.ClientCnxn  - Socket connection established to 10.0.0.107/10.0.0.107:2181, initiating session
11:28:37.870 [worker-akka.actor.default-dispatcher-4-SendThread(10.0.0.107:2181)] INFO  o.a.z.ClientCnxn  - Session establishment complete on server 10.0.0.107/10.0.0.107:2181, sessionid = 0x16276a9cd3d000b, negotiated timeout = 6000
11:28:37.883 [worker-akka.actor.default-dispatcher-6] INFO  a.a.RepointableActorRef akka://worker/user/watcher - Initializing rocksDB backend
11:28:38.062 [worker-akka.actor.default-dispatcher-6] INFO  a.a.RepointableActorRef akka://worker/user/watcher - Connected to ZK
11:28:46.737 [worker-akka.actor.default-dispatcher-6] INFO  a.a.RepointableActorRef akka://worker/user/watcher - Creating node with watchGraphs: 'com.spbsu.flamestream.core.Graph$Builder$MyGraph@78461fea', config: 'ClusterConfig{paths={10.0.0.205=akka://worker@10.0.0.205:5412/user/watcher, 10.0.0.60=akka://worker@10.0.0.60:5412/user/watcher, 10.0.0.170=akka://worker@10.0.0.170:5412/user/watcher, 10.0.0.124=akka://worker@10.0.0.124:5412/user/watcher, 10.0.0.49=akka://worker@10.0.0.49:5412/user/watcher, 10.0.0.42=akka://worker@10.0.0.42:5412/user/watcher, 10.0.0.97=akka://worker@10.0.0.97:5412/user/watcher, 10.0.0.251=akka://worker@10.0.0.251:5412/user/watcher, 10.0.0.162=akka://worker@10.0.0.162:5412/user/watcher, 10.0.0.173=akka://worker@10.0.0.173:5412/user/watcher}, ackerLocation='10.0.0.60', props=ComputationLayout{hashGroups={10.0.0.205=com.spbsu.flamestream.runtime.config.HashGroup@1ffe1b9d, 10.0.0.60=com.spbsu.flamestream.runtime.config.HashGroup@c01f, 10.0.0.170=com.spbsu.flamestream.runtime.config.HashGroup@5d5c21bc, 10.0.0.124=com.spbsu.flamestream.runtime.config.HashGroup@56dcaf5d, 10.0.0.49=com.spbsu.flamestream.runtime.config.HashGroup@c65a7748, 10.0.0.42=com.spbsu.flamestream.runtime.config.HashGroup@231425fe, 10.0.0.97=com.spbsu.flamestream.runtime.config.HashGroup@fbc82752, 10.0.0.251=com.spbsu.flamestream.runtime.config.HashGroup@ccbcd570, 10.0.0.162=com.spbsu.flamestream.runtime.config.HashGroup@4276a447, 10.0.0.173=com.spbsu.flamestream.runtime.config.HashGroup@3fc198ed}}}'
11:28:47.631 [worker-akka.actor.default-dispatcher-4] INFO  a.a.LocalActorRef akka://worker/user/watcher/graph_at_0/graph - Starting...
11:28:47.637 [worker-akka.actor.default-dispatcher-5] INFO  a.a.LocalActorRef akka://worker/user/watcher/graph_at_0/graph/local-acker/$a - Starting...
11:28:47.644 [worker-akka.actor.default-dispatcher-4] INFO  a.a.LocalActorRef akka://worker/user/watcher/graph_at_0/graph/local-acker - Starting...
11:28:48.651 [worker-akka.actor.default-dispatcher-5] INFO  a.a.LocalActorRef akka://worker/user/watcher/graph_at_0/graph - Finishing constructor
11:28:48.654 [worker-akka.actor.default-dispatcher-4] INFO  a.a.LocalActorRef akka://worker/user/watcher/graph_at_0/negotiator - Starting...
11:28:48.656 [worker-akka.actor.default-dispatcher-5] INFO  a.a.LocalActorRef akka://worker/user/watcher/graph_at_0/edge - Starting...
11:28:48.658 [worker-akka.actor.default-dispatcher-4] INFO  a.a.LocalActorRef akka://worker/user/watcher/graph_at_0 - Starting FlameNode with config 'ClusterConfig{paths={10.0.0.205=akka://worker@10.0.0.205:5412/user/watcher/graph_at_0, 10.0.0.60=akka://worker@10.0.0.60:5412/user/watcher/graph_at_0, 10.0.0.170=akka://worker@10.0.0.170:5412/user/watcher/graph_at_0, 10.0.0.124=akka://worker@10.0.0.124:5412/user/watcher/graph_at_0, 10.0.0.49=akka://worker@10.0.0.49:5412/user/watcher/graph_at_0, 10.0.0.42=akka://worker@10.0.0.42:5412/user/watcher/graph_at_0, 10.0.0.97=akka://worker@10.0.0.97:5412/user/watcher/graph_at_0, 10.0.0.251=akka://worker@10.0.0.251:5412/user/watcher/graph_at_0, 10.0.0.162=akka://worker@10.0.0.162:5412/user/watcher/graph_at_0, 10.0.0.173=akka://worker@10.0.0.173:5412/user/watcher/graph_at_0}, ackerLocation='10.0.0.60', props=ComputationLayout{hashGroups={10.0.0.205=com.spbsu.flamestream.runtime.config.HashGroup@1ffe1b9d, 10.0.0.60=com.spbsu.flamestream.runtime.config.HashGroup@c01f, 10.0.0.170=com.spbsu.flamestream.runtime.config.HashGroup@5d5c21bc, 10.0.0.124=com.spbsu.flamestream.runtime.config.HashGroup@56dcaf5d, 10.0.0.49=com.spbsu.flamestream.runtime.config.HashGroup@c65a7748, 10.0.0.42=com.spbsu.flamestream.runtime.config.HashGroup@231425fe, 10.0.0.97=com.spbsu.flamestream.runtime.config.HashGroup@fbc82752, 10.0.0.251=com.spbsu.flamestream.runtime.config.HashGroup@ccbcd570, 10.0.0.162=com.spbsu.flamestream.runtime.config.HashGroup@4276a447, 10.0.0.173=com.spbsu.flamestream.runtime.config.HashGroup@3fc198ed}}}'
11:28:48.698 [worker-akka.actor.default-dispatcher-10] INFO  a.a.LocalActorRef akka://worker/user/watcher/graph_at_0/negotiator - Requesting ticket for the frontClass FlameSocketGraphDeployerFront@10.0.0.124
11:28:48.699 [worker-akka.actor.default-dispatcher-10] INFO  a.a.LocalActorRef akka://worker/user/watcher/graph_at_0/graph - Received last commit 'LastCommit{globalTime=(0000000, min@min)}'
11:28:48.741 [worker-akka.actor.default-dispatcher-5] INFO  c.s.f.r.e.s.SocketRear  - FlameSocketGraphDeployerRear@10.0.0.124: connecting to 10.0.0.107:5678
11:28:48.746 [worker-akka.actor.default-dispatcher-12] INFO  a.a.LocalActorRef akka://worker/user/watcher/graph_at_0/edge/FlameSocketGraphDeployerFront - Starting...
11:28:48.759 [worker-akka.actor.default-dispatcher-5] INFO  c.s.f.r.e.s.SocketRear  - FlameSocketGraphDeployerRear@10.0.0.124: connected to 10.0.0.107:5678
11:28:48.760 [worker-akka.actor.default-dispatcher-5] INFO  a.a.LocalActorRef akka://worker/user/watcher/graph_at_0/edge/FlameSocketGraphDeployerRear - Starting...
11:28:48.792 [worker-akka.actor.default-dispatcher-5] INFO  a.a.LocalActorRef akka://worker/user/watcher/graph_at_0/graph/$a - Starting...
11:28:48.799 [worker-akka.actor.default-dispatcher-2] INFO  a.a.LocalActorRef akka://worker/user/watcher/graph_at_0/graph/$b - Starting...
11:28:48.816 [worker-akka.actor.default-dispatcher-2] INFO  a.a.LocalActorRef akka://worker/user/watcher/graph_at_0/graph/$c - Starting...
11:28:48.846 [worker-akka.actor.default-dispatcher-2] INFO  a.a.LocalActorRef akka://worker/user/watcher/graph_at_0/graph/$c - Attached rear to graph (-9223372036854775808, min@min)
11:28:49.352 [worker-akka.actor.default-dispatcher-2] INFO  a.a.LocalActorRef akka://worker/user/watcher/graph_at_0/negotiator - Ticket for the frontClass received: FrontTicket{allowedTimestamp=(0000000, FlameSocketGraphDeployerFront@10.0.0.124)}
11:28:49.353 [worker-akka.actor.default-dispatcher-2] INFO  c.s.f.r.e.s.SocketFront  - FlameSocketGraphDeployerFront@10.0.0.124: connecting to 10.0.0.107:4567
11:28:49.367 [Client] INFO  c.s.f.r.e.s.SocketFront  - FlameSocketGraphDeployerFront@10.0.0.124 has been disconnected from Connection 4
2018-03-30T11:28:53.541+0000: 18.273: [GC (Allocation Failure) 2018-03-30T11:28:53.541+0000: 18.273: [DefNew: 136576K->15943K(153600K), 0.0260910 secs] 152450K->51348K(494976K), 0.0261629 secs] [Times: user=0.02 sys=0.00, real=0.03 secs] 
2018-03-30T11:29:02.081+0000: 26.813: [GC (Allocation Failure) 2018-03-30T11:29:02.081+0000: 26.813: [DefNew: 152519K->5817K(153600K), 0.0204262 secs] 187924K->49456K(494976K), 0.0204996 secs] [Times: user=0.02 sys=0.00, real=0.02 secs] 
2018-03-30T11:29:12.230+0000: 36.961: [GC (Allocation Failure) 2018-03-30T11:29:12.230+0000: 36.961: [DefNew: 142393K->9805K(153600K), 0.0134580 secs] 186032K->53444K(494976K), 0.0135385 secs] [Times: user=0.01 sys=0.00, real=0.01 secs] 
2018-03-30T11:29:20.663+0000: 45.394: [GC (Allocation Failure) 2018-03-30T11:29:20.663+0000: 45.394: [DefNew: 146381K->9377K(153600K), 0.0181018 secs] 190020K->55021K(494976K), 0.0181760 secs] [Times: user=0.02 sys=0.00, real=0.02 secs] 
2018-03-30T11:29:28.608+0000: 53.340: [GC (Allocation Failure) 2018-03-30T11:29:28.608+0000: 53.340: [DefNew: 145953K->5371K(153600K), 0.0159288 secs] 191597K->56619K(494976K), 0.0160025 secs] [Times: user=0.01 sys=0.00, real=0.01 secs] 
2018-03-30T11:29:35.298+0000: 60.030: [GC (Allocation Failure) 2018-03-30T11:29:35.298+0000: 60.030: [DefNew: 141947K->11690K(153600K), 0.0158322 secs] 193195K->62938K(494976K), 0.0159023 secs] [Times: user=0.01 sys=0.00, real=0.01 secs] 
2018-03-30T11:29:40.874+0000: 65.605: [GC (Allocation Failure) 2018-03-30T11:29:40.874+0000: 65.605: [DefNew: 148266K->13341K(153600K), 0.0169978 secs] 199514K->67596K(494976K), 0.0170718 secs] [Times: user=0.01 sys=0.00, real=0.02 secs] 
2018-03-30T11:29:46.021+0000: 70.753: [GC (Allocation Failure) 2018-03-30T11:29:46.021+0000: 70.753: [DefNew: 149917K->9552K(153600K), 0.0170950 secs] 204172K->69129K(494976K), 0.0171679 secs] [Times: user=0.02 sys=0.00, real=0.02 secs] 
2018-03-30T11:29:53.300+0000: 78.032: [GC (Allocation Failure) 2018-03-30T11:29:53.300+0000: 78.032: [DefNew: 146128K->5667K(153600K), 0.0161856 secs] 205705K->70743K(494976K), 0.0162673 secs] [Times: user=0.01 sys=0.00, real=0.01 secs] 
2018-03-30T11:29:58.808+0000: 83.539: [GC (Allocation Failure) 2018-03-30T11:29:58.808+0000: 83.539: [DefNew: 142243K->6763K(153600K), 0.0136015 secs] 207319K->71839K(494976K), 0.0136695 secs] [Times: user=0.01 sys=0.00, real=0.01 secs] 
2018-03-30T11:30:04.824+0000: 89.556: [GC (Allocation Failure) 2018-03-30T11:30:04.824+0000: 89.556: [DefNew: 140756K->8148K(153600K), 0.0152682 secs] 205833K->73224K(494976K), 0.0153439 secs] [Times: user=0.01 sys=0.00, real=0.02 secs] 
2018-03-30T11:30:11.327+0000: 96.059: [GC (Allocation Failure) 2018-03-30T11:30:11.327+0000: 96.059: [DefNew: 144724K->9353K(153600K), 0.0164159 secs] 209800K->74429K(494976K), 0.0164901 secs] [Times: user=0.02 sys=0.00, real=0.01 secs] 
2018-03-30T11:30:17.830+0000: 102.562: [GC (Allocation Failure) 2018-03-30T11:30:17.830+0000: 102.562: [DefNew: 145187K->8935K(153600K), 0.0175777 secs] 210263K->75273K(494976K), 0.0176651 secs] [Times: user=0.02 sys=0.00, real=0.02 secs] 
2018-03-30T11:30:23.833+0000: 108.565: [GC (Allocation Failure) 2018-03-30T11:30:23.833+0000: 108.565: [DefNew: 142770K->8830K(153600K), 0.0177102 secs] 209108K->75953K(494976K), 0.0177811 secs] [Times: user=0.01 sys=0.00, real=0.02 secs] 
2018-03-30T11:30:29.880+0000: 114.612: [GC (Allocation Failure) 2018-03-30T11:30:29.880+0000: 114.612: [DefNew: 143968K->8877K(153600K), 0.0314447 secs] 211092K->76730K(494976K), 0.0315333 secs] [Times: user=0.03 sys=0.00, real=0.03 secs] 
2018-03-30T11:30:35.125+0000: 119.856: [GC (Allocation Failure) 2018-03-30T11:30:35.125+0000: 119.856: [DefNew: 145453K->7585K(153600K), 0.0152578 secs] 213306K->76251K(494976K), 0.0153282 secs] [Times: user=0.02 sys=0.00, real=0.02 secs] 
2018-03-30T11:30:39.335+0000: 124.067: [GC (Allocation Failure) 2018-03-30T11:30:39.335+0000: 124.067: [DefNew: 141854K->17023K(153600K), 0.0238644 secs] 210521K->95150K(494976K), 0.0239432 secs] [Times: user=0.02 sys=0.00, real=0.03 secs] 
2018-03-30T11:30:44.796+0000: 129.528: [GC (Allocation Failure) 2018-03-30T11:30:44.796+0000: 129.528: [DefNew: 153599K->3939K(153600K), 0.0161558 secs] 231726K->98958K(494976K), 0.0162306 secs] [Times: user=0.01 sys=0.00, real=0.02 secs] 
2018-03-30T11:30:50.334+0000: 135.066: [GC (Allocation Failure) 2018-03-30T11:30:50.334+0000: 135.066: [DefNew: 140106K->6538K(153600K), 0.0127964 secs] 235125K->101557K(494976K), 0.0128692 secs] [Times: user=0.01 sys=0.00, real=0.02 secs] 
2018-03-30T11:30:55.841+0000: 140.573: [GC (Allocation Failure) 2018-03-30T11:30:55.842+0000: 140.573: [DefNew: 142215K->7659K(153600K), 0.0140519 secs] 237234K->102677K(494976K), 0.0141313 secs] [Times: user=0.01 sys=0.00, real=0.01 secs] 
2018-03-30T11:31:01.390+0000: 146.122: [GC (Allocation Failure) 2018-03-30T11:31:01.390+0000: 146.122: [DefNew: 143860K->6726K(153600K), 0.0235545 secs] 238878K->101745K(494976K), 0.0236332 secs] [Times: user=0.02 sys=0.00, real=0.02 secs] 
2018-03-30T11:31:06.371+0000: 151.103: [GC (Allocation Failure) 2018-03-30T11:31:06.371+0000: 151.103: [DefNew: 138917K->7042K(153600K), 0.0116485 secs] 233935K->102061K(494976K), 0.0117234 secs] [Times: user=0.01 sys=0.00, real=0.01 secs] 
2018-03-30T11:31:11.200+0000: 155.932: [GC (Allocation Failure) 2018-03-30T11:31:11.200+0000: 155.932: [DefNew: 143618K->8786K(153600K), 0.0138546 secs] 238637K->103804K(494976K), 0.0139328 secs] [Times: user=0.02 sys=0.00, real=0.01 secs] 
2018-03-30T11:31:15.905+0000: 160.637: [GC (Allocation Failure) 2018-03-30T11:31:15.905+0000: 160.637: [DefNew: 142990K->7800K(153600K), 0.0264994 secs] 238009K->103756K(494976K), 0.0265744 secs] [Times: user=0.02 sys=0.00, real=0.02 secs] 
2018-03-30T11:31:21.665+0000: 166.396: [GC (Allocation Failure) 2018-03-30T11:31:21.665+0000: 166.396: [DefNew: 144376K->8507K(153600K), 0.0224396 secs] 240332K->104462K(494976K), 0.0225351 secs] [Times: user=0.02 sys=0.00, real=0.03 secs] 
2018-03-30T11:31:25.842+0000: 170.574: [GC (Allocation Failure) 2018-03-30T11:31:25.842+0000: 170.574: [DefNew: 144221K->8594K(153600K), 0.0133603 secs] 240176K->104549K(494976K), 0.0134366 secs] [Times: user=0.01 sys=0.00, real=0.01 secs] 
2018-03-30T11:31:30.838+0000: 175.570: [GC (Allocation Failure) 2018-03-30T11:31:30.838+0000: 175.570: [DefNew: 145170K->10757K(153600K), 0.0184675 secs] 241125K->107260K(494976K), 0.0185426 secs] [Times: user=0.02 sys=0.00, real=0.01 secs] 
2018-03-30T11:31:35.635+0000: 180.367: [GC (Allocation Failure) 2018-03-30T11:31:35.636+0000: 180.367: [DefNew: 147333K->7448K(153600K), 0.0162434 secs] 243836K->106186K(494976K), 0.0163166 secs] [Times: user=0.02 sys=0.00, real=0.02 secs] 
2018-03-30T11:31:40.318+0000: 185.050: [GC (Allocation Failure) 2018-03-30T11:31:40.318+0000: 185.050: [DefNew: 143966K->9038K(153600K), 0.0310995 secs] 242705K->107776K(494976K), 0.0311743 secs] [Times: user=0.04 sys=0.00, real=0.03 secs] 
2018-03-30T11:31:44.849+0000: 189.581: [GC (Allocation Failure) 2018-03-30T11:31:44.849+0000: 189.581: [DefNew: 141626K->8212K(153600K), 0.0148824 secs] 240364K->107676K(494976K), 0.0149711 secs] [Times: user=0.02 sys=0.00, real=0.01 secs] 
2018-03-30T11:31:49.802+0000: 194.534: [GC (Allocation Failure) 2018-03-30T11:31:49.802+0000: 194.534: [DefNew: 144788K->9635K(153600K), 0.0148920 secs] 244252K->109099K(494976K), 0.0149900 secs] [Times: user=0.01 sys=0.00, real=0.02 secs] 
2018-03-30T11:31:54.311+0000: 199.043: [GC (Allocation Failure) 2018-03-30T11:31:54.311+0000: 199.043: [DefNew: 146211K->9903K(153600K), 0.0186030 secs] 245675K->110424K(494976K), 0.0186740 secs] [Times: user=0.02 sys=0.00, real=0.02 secs] 
2018-03-30T11:31:58.844+0000: 203.576: [GC (Allocation Failure) 2018-03-30T11:31:58.844+0000: 203.576: [DefNew: 142844K->7802K(153600K), 0.0146202 secs] 243364K->109626K(494976K), 0.0147014 secs] [Times: user=0.02 sys=0.00, real=0.02 secs] 
2018-03-30T11:32:03.783+0000: 208.515: [GC (Allocation Failure) 2018-03-30T11:32:03.783+0000: 208.515: [DefNew: 144378K->8340K(153600K), 0.0128491 secs] 246202K->110164K(494976K), 0.0129226 secs] [Times: user=0.01 sys=0.00, real=0.01 secs] 
2018-03-30T11:32:07.664+0000: 212.395: [GC (Allocation Failure) 2018-03-30T11:32:07.664+0000: 212.396: [DefNew: 144916K->8964K(153600K), 0.0249667 secs] 246740K->110788K(494976K), 0.0290478 secs] [Times: user=0.03 sys=0.00, real=0.03 secs] 
2018-03-30T11:32:11.852+0000: 216.583: [GC (Allocation Failure) 2018-03-30T11:32:11.852+0000: 216.583: [DefNew: 143802K->9463K(153600K), 0.0160064 secs] 245626K->111809K(494976K), 0.0160833 secs] [Times: user=0.01 sys=0.00, real=0.02 secs] 
2018-03-30T11:32:16.296+0000: 221.028: [GC (Allocation Failure) 2018-03-30T11:32:16.296+0000: 221.028: [DefNew: 146039K->8789K(153600K), 0.0149686 secs] 248385K->112307K(494976K), 0.0150400 secs] [Times: user=0.01 sys=0.00, real=0.02 secs] 
2018-03-30T11:32:20.354+0000: 225.086: [GC (Allocation Failure) 2018-03-30T11:32:20.354+0000: 225.086: [DefNew: 139770K->8449K(153600K), 0.0143889 secs] 243287K->112597K(494976K), 0.0145001 secs] [Times: user=0.02 sys=0.00, real=0.02 secs] 
2018-03-30T11:32:24.819+0000: 229.550: [GC (Allocation Failure) 2018-03-30T11:32:24.819+0000: 229.550: [DefNew: 145025K->11203K(153600K), 0.0181858 secs] 249173K->115351K(494976K), 0.0182650 secs] [Times: user=0.02 sys=0.00, real=0.02 secs] 
2018-03-30T11:32:28.393+0000: 233.125: [GC (Allocation Failure) 2018-03-30T11:32:28.393+0000: 233.125: [DefNew: 143515K->7187K(153600K), 0.0192540 secs] 247663K->113882K(494976K), 0.0193235 secs] [Times: user=0.02 sys=0.00, real=0.02 secs] 
2018-03-30T11:32:31.910+0000: 236.642: [GC (Allocation Failure) 2018-03-30T11:32:31.910+0000: 236.642: [DefNew: 143763K->7873K(153600K), 0.0143686 secs] 250458K->114569K(494976K), 0.0144429 secs] [Times: user=0.01 sys=0.00, real=0.01 secs] 
2018-03-30T11:32:36.784+0000: 241.516: [GC (Allocation Failure) 2018-03-30T11:32:36.784+0000: 241.516: [DefNew: 144449K->8975K(153600K), 0.0230266 secs] 251145K->115671K(494976K), 0.0230998 secs] [Times: user=0.03 sys=0.00, real=0.03 secs] 
2018-03-30T11:32:40.987+0000: 245.718: [GC (Allocation Failure) 2018-03-30T11:32:40.987+0000: 245.718: [DefNew: 145551K->8160K(153600K), 0.0152471 secs] 252247K->115541K(494976K), 0.0153188 secs] [Times: user=0.01 sys=0.00, real=0.01 secs] 
2018-03-30T11:32:45.360+0000: 250.091: [GC (Allocation Failure) 2018-03-30T11:32:45.360+0000: 250.091: [DefNew: 137757K->8710K(153600K), 0.0124423 secs] 245138K->116092K(494976K), 0.0125163 secs] [Times: user=0.01 sys=0.00, real=0.01 secs] 
2018-03-30T11:32:49.805+0000: 254.537: [GC (Allocation Failure) 2018-03-30T11:32:49.805+0000: 254.537: [DefNew: 145286K->9070K(153600K), 0.0145071 secs] 252668K->116946K(494976K), 0.0145810 secs] [Times: user=0.01 sys=0.00, real=0.01 secs] 
2018-03-30T11:32:53.812+0000: 258.543: [GC (Allocation Failure) 2018-03-30T11:32:53.812+0000: 258.543: [DefNew: 145646K->11028K(153600K), 0.0187400 secs] 253522K->119451K(494976K), 0.0188173 secs] [Times: user=0.02 sys=0.00, real=0.02 secs] 
2018-03-30T11:32:57.856+0000: 262.588: [GC (Allocation Failure) 2018-03-30T11:32:57.856+0000: 262.588: [DefNew: 145766K->6760K(153600K), 0.0146822 secs] 254189K->117693K(494976K), 0.0147673 secs] [Times: user=0.01 sys=0.00, real=0.02 secs] 
2018-03-30T11:33:01.651+0000: 266.382: [GC (Allocation Failure) 2018-03-30T11:33:01.651+0000: 266.382: [DefNew: 143336K->7813K(153600K), 0.0127532 secs] 254269K->118746K(494976K), 0.0128296 secs] [Times: user=0.01 sys=0.00, real=0.01 secs] 
2018-03-30T11:33:05.358+0000: 270.090: [GC (Allocation Failure) 2018-03-30T11:33:05.358+0000: 270.090: [DefNew: 137213K->8488K(153600K), 0.0126087 secs] 248145K->119421K(494976K), 0.0126867 secs] [Times: user=0.01 sys=0.00, real=0.01 secs] 
2018-03-30T11:33:08.928+0000: 273.660: [GC (Allocation Failure) 2018-03-30T11:33:08.928+0000: 273.660: [DefNew: 139751K->9129K(153600K), 0.0218152 secs] 250683K->120062K(494976K), 0.0218884 secs] [Times: user=0.02 sys=0.00, real=0.02 secs] 
2018-03-30T11:33:12.397+0000: 277.129: [GC (Allocation Failure) 2018-03-30T11:33:12.397+0000: 277.129: [DefNew: 145705K->8777K(153600K), 0.0162163 secs] 256638K->120621K(494976K), 0.0162870 secs] [Times: user=0.01 sys=0.00, real=0.01 secs] 
2018-03-30T11:33:16.318+0000: 281.050: [GC (Allocation Failure) 2018-03-30T11:33:16.318+0000: 281.050: [DefNew: 145243K->11287K(153600K), 0.0200062 secs] 257088K->123691K(494976K), 0.0200790 secs] [Times: user=0.01 sys=0.01, real=0.02 secs] 
2018-03-30T11:33:19.875+0000: 284.607: [GC (Allocation Failure) 2018-03-30T11:33:19.875+0000: 284.607: [DefNew: 144260K->6982K(153600K), 0.0154808 secs] 256664K->122110K(494976K), 0.0155552 secs] [Times: user=0.01 sys=0.00, real=0.02 secs] 
2018-03-30T11:33:23.081+0000: 287.813: [GC (Allocation Failure) 2018-03-30T11:33:23.081+0000: 287.813: [DefNew: 143558K->8399K(153600K), 0.0133681 secs] 258686K->123526K(494976K), 0.0134368 secs] [Times: user=0.02 sys=0.00, real=0.01 secs] 
2018-03-30T11:33:26.375+0000: 291.107: [GC (Allocation Failure) 2018-03-30T11:33:26.375+0000: 291.107: [DefNew: 144652K->17024K(153600K), 0.0187238 secs] 259780K->140509K(494976K), 0.0187994 secs] [Times: user=0.02 sys=0.00, real=0.02 secs] 
2018-03-30T11:33:29.547+0000: 294.279: [GC (Allocation Failure) 2018-03-30T11:33:29.547+0000: 294.279: [DefNew: 153600K->17024K(153600K), 0.0785992 secs] 277085K->160211K(494976K), 0.0786829 secs] [Times: user=0.06 sys=0.02, real=0.08 secs] 
2018-03-30T11:33:33.166+0000: 297.897: [GC (Allocation Failure) 2018-03-30T11:33:33.166+0000: 297.898: [DefNew: 153600K->3853K(153600K), 0.0385604 secs] 296787K->163661K(494976K), 0.0386356 secs] [Times: user=0.04 sys=0.00, real=0.03 secs] 
2018-03-30T11:33:36.828+0000: 301.560: [GC (Allocation Failure) 2018-03-30T11:33:36.828+0000: 301.560: [DefNew: 140429K->7211K(153600K), 0.0158562 secs] 300237K->167019K(494976K), 0.0159347 secs] [Times: user=0.02 sys=0.00, real=0.01 secs] 
2018-03-30T11:33:40.316+0000: 305.047: [GC (Allocation Failure) 2018-03-30T11:33:40.316+0000: 305.047: [DefNew: 143787K->9050K(153600K), 0.0142054 secs] 303595K->168858K(494976K), 0.0142771 secs] [Times: user=0.01 sys=0.00, real=0.02 secs] 
2018-03-30T11:33:43.362+0000: 308.094: [GC (Allocation Failure) 2018-03-30T11:33:43.362+0000: 308.094: [DefNew: 145626K->9123K(153600K), 0.0165706 secs] 305434K->169913K(494976K), 0.0166625 secs] [Times: user=0.02 sys=0.00, real=0.02 secs] 
2018-03-30T11:33:46.869+0000: 311.601: [GC (Allocation Failure) 2018-03-30T11:33:46.869+0000: 311.601: [DefNew: 144783K->6625K(153600K), 0.0114888 secs] 305572K->168154K(494976K), 0.0115643 secs] [Times: user=0.01 sys=0.01, real=0.01 secs] 
2018-03-30T11:33:50.300+0000: 315.032: [GC (Allocation Failure) 2018-03-30T11:33:50.300+0000: 315.032: [DefNew: 143201K->8355K(153600K), 0.0125845 secs] 304730K->169884K(494976K), 0.0126551 secs] [Times: user=0.01 sys=0.00, real=0.01 secs] 
2018-03-30T11:33:53.472+0000: 318.204: [GC (Allocation Failure) 2018-03-30T11:33:53.472+0000: 318.204: [DefNew: 137384K->8436K(153600K), 0.0240423 secs] 298914K->169965K(494976K), 0.0241138 secs] [Times: user=0.03 sys=0.00, real=0.02 secs] 
2018-03-30T11:33:56.681+0000: 321.413: [GC (Allocation Failure) 2018-03-30T11:33:56.681+0000: 321.413: [DefNew: 145012K->9129K(153600K), 0.0231684 secs] 306541K->170658K(494976K), 0.0232488 secs] [Times: user=0.02 sys=0.00, real=0.02 secs] 
2018-03-30T11:33:59.887+0000: 324.619: [GC (Allocation Failure) 2018-03-30T11:33:59.887+0000: 324.619: [DefNew: 144778K->8528K(153600K), 0.0141012 secs] 306307K->171184K(494976K), 0.0141761 secs] [Times: user=0.02 sys=0.00, real=0.01 secs] 
2018-03-30T11:34:03.383+0000: 328.115: [GC (Allocation Failure) 2018-03-30T11:34:03.383+0000: 328.115: [DefNew: 145104K->8337K(153600K), 0.0131426 secs] 307760K->171618K(494976K), 0.0132500 secs] [Times: user=0.01 sys=0.00, real=0.01 secs] 
2018-03-30T11:34:06.373+0000: 331.105: [GC (Allocation Failure) 2018-03-30T11:34:06.373+0000: 331.105: [DefNew: 136550K->9058K(153600K), 0.0123847 secs] 299831K->172339K(494976K), 0.0124606 secs] [Times: user=0.01 sys=0.00, real=0.02 secs] 
2018-03-30T11:34:09.675+0000: 334.406: [GC (Allocation Failure) 2018-03-30T11:34:09.675+0000: 334.406: [DefNew: 145634K->9483K(153600K), 0.0143244 secs] 308915K->173408K(494976K), 0.0144037 secs] [Times: user=0.02 sys=0.00, real=0.02 secs] 
2018-03-30T11:34:13.160+0000: 337.892: [GC (Allocation Failure) 2018-03-30T11:34:13.160+0000: 337.892: [DefNew: 146059K->8612K(153600K), 0.0132154 secs] 309984K->173676K(494976K), 0.0132861 secs] [Times: user=0.01 sys=0.00, real=0.01 secs] 
2018-03-30T11:34:16.800+0000: 341.531: [GC (Allocation Failure) 2018-03-30T11:34:16.800+0000: 341.531: [DefNew: 145188K->8941K(153600K), 0.0138879 secs] 310252K->174821K(494976K), 0.0139604 secs] [Times: user=0.01 sys=0.00, real=0.01 secs] 
2018-03-30T11:34:19.922+0000: 344.654: [GC (Allocation Failure) 2018-03-30T11:34:19.922+0000: 344.654: [DefNew: 136998K->8367K(153600K), 0.0183636 secs] 302877K->174784K(494976K), 0.0184372 secs] [Times: user=0.02 sys=0.00, real=0.02 secs] 
2018-03-30T11:34:22.880+0000: 347.611: [GC (Allocation Failure) 2018-03-30T11:34:22.880+0000: 347.611: [DefNew: 142362K->9531K(153600K), 0.0132780 secs] 308779K->175948K(494976K), 0.0133509 secs] [Times: user=0.02 sys=0.00, real=0.01 secs] 
2018-03-30T11:34:26.373+0000: 351.105: [GC (Allocation Failure) 2018-03-30T11:34:26.373+0000: 351.105: [DefNew: 145810K->8429K(153600K), 0.0130314 secs] 312227K->176239K(494976K), 0.0131108 secs] [Times: user=0.02 sys=0.00, real=0.02 secs] 
2018-03-30T11:34:29.478+0000: 354.210: [GC (Allocation Failure) 2018-03-30T11:34:29.478+0000: 354.210: [DefNew: 137995K->8887K(153600K), 0.0203495 secs] 305805K->176698K(494976K), 0.0204240 secs] [Times: user=0.02 sys=0.00, real=0.02 secs] 
2018-03-30T11:34:32.821+0000: 357.552: [GC (Allocation Failure) 2018-03-30T11:34:32.821+0000: 357.552: [DefNew: 145463K->10184K(153600K), 0.0289224 secs] 313274K->178611K(494976K), 0.0289975 secs] [Times: user=0.03 sys=0.00, real=0.03 secs] 
2018-03-30T11:34:35.835+0000: 360.566: [GC (Allocation Failure) 2018-03-30T11:34:35.835+0000: 360.566: [DefNew: 146760K->8519K(153600K), 0.0287215 secs] 315187K->178929K(494976K), 0.0287957 secs] [Times: user=0.02 sys=0.00, real=0.03 secs] 
2018-03-30T11:34:38.979+0000: 363.711: [GC (Allocation Failure) 2018-03-30T11:34:38.979+0000: 363.711: [DefNew: 143571K->7522K(153600K), 0.0198439 secs] 313980K->178623K(494976K), 0.0199226 secs] [Times: user=0.02 sys=0.00, real=0.02 secs] 
2018-03-30T11:34:41.883+0000: 366.615: [GC (Allocation Failure) 2018-03-30T11:34:41.883+0000: 366.615: [DefNew: 141736K->8428K(153600K), 0.0119149 secs] 312836K->179528K(494976K), 0.0119919 secs] [Times: user=0.01 sys=0.00, real=0.01 secs] 
2018-03-30T11:34:44.894+0000: 369.626: [GC (Allocation Failure) 2018-03-30T11:34:44.894+0000: 369.626: [DefNew: 145004K->17023K(153600K), 0.0224001 secs] 316104K->190155K(494976K), 0.0224668 secs] [Times: user=0.02 sys=0.01, real=0.02 secs] 
2018-03-30T11:34:48.356+0000: 373.088: [GC (Allocation Failure) 2018-03-30T11:34:48.356+0000: 373.088: [DefNew: 153599K->6049K(153600K), 0.0178271 secs] 326731K->184311K(494976K), 0.0179217 secs] [Times: user=0.02 sys=0.00, real=0.02 secs] 
2018-03-30T11:34:51.382+0000: 376.114: [GC (Allocation Failure) 2018-03-30T11:34:51.382+0000: 376.114: [DefNew: 141217K->5130K(153600K), 0.0086053 secs] 319479K->183392K(494976K), 0.0086912 secs] [Times: user=0.01 sys=0.00, real=0.01 secs] 
2018-03-30T11:34:54.498+0000: 379.230: [GC (Allocation Failure) 2018-03-30T11:34:54.498+0000: 379.230: [DefNew: 141706K->6409K(153600K), 0.0089619 secs] 319968K->184671K(494976K), 0.0090338 secs] [Times: user=0.01 sys=0.00, real=0.01 secs] 
2018-03-30T11:34:57.816+0000: 382.547: [GC (Allocation Failure) 2018-03-30T11:34:57.816+0000: 382.547: [DefNew: 142985K->9961K(153600K), 0.0149738 secs] 321247K->188223K(494976K), 0.0150504 secs] [Times: user=0.01 sys=0.00, real=0.02 secs] 
2018-03-30T11:35:00.710+0000: 385.442: [GC (Allocation Failure) 2018-03-30T11:35:00.710+0000: 385.442: [DefNew: 146537K->6864K(153600K), 0.0277151 secs] 324799K->186887K(494976K), 0.0277915 secs] [Times: user=0.02 sys=0.01, real=0.03 secs] 
2018-03-30T11:35:03.977+0000: 388.709: [GC (Allocation Failure) 2018-03-30T11:35:03.977+0000: 388.709: [DefNew: 139802K->7833K(153600K), 0.0165976 secs] 319825K->187856K(494976K), 0.0166711 secs] [Times: user=0.02 sys=0.00, real=0.01 secs] 
2018-03-30T11:35:06.912+0000: 391.644: [GC (Allocation Failure) 2018-03-30T11:35:06.912+0000: 391.644: [DefNew: 144409K->12050K(153600K), 0.0410981 secs] 324432K->192073K(494976K), 0.0411833 secs] [Times: user=0.04 sys=0.00, real=0.04 secs] 
2018-03-30T11:35:10.004+0000: 394.736: [GC (Allocation Failure) 2018-03-30T11:35:10.004+0000: 394.736: [DefNew: 144181K->6360K(153600K), 0.0331454 secs] 324204K->190282K(494976K), 0.0332225 secs] [Times: user=0.03 sys=0.01, real=0.04 secs] 
2018-03-30T11:35:12.998+0000: 397.730: [GC (Allocation Failure) 2018-03-30T11:35:12.998+0000: 397.730: [DefNew: 133987K->6573K(153600K), 0.0153173 secs] 317909K->190495K(494976K), 0.0153962 secs] [Times: user=0.01 sys=0.00, real=0.01 secs] 
2018-03-30T11:35:15.839+0000: 400.571: [GC (Allocation Failure) 2018-03-30T11:35:15.839+0000: 400.571: [DefNew: 143149K->10426K(153600K), 0.0308346 secs] 327071K->194349K(494976K), 0.0309123 secs] [Times: user=0.03 sys=0.00, real=0.03 secs] 
2018-03-30T11:35:18.991+0000: 403.723: [GC (Allocation Failure) 2018-03-30T11:35:18.991+0000: 403.723: [DefNew: 146941K->6543K(153600K), 0.0229064 secs] 330864K->192682K(494976K), 0.0229820 secs] [Times: user=0.02 sys=0.00, real=0.02 secs] 
2018-03-30T11:35:21.996+0000: 406.728: [GC (Allocation Failure) 2018-03-30T11:35:21.996+0000: 406.728: [DefNew: 136363K->7537K(153600K), 0.0181734 secs] 322502K->193676K(494976K), 0.0182545 secs] [Times: user=0.01 sys=0.00, real=0.02 secs] 
2018-03-30T11:35:25.007+0000: 409.739: [GC (Allocation Failure) 2018-03-30T11:35:25.007+0000: 409.739: [DefNew: 144113K->11644K(153600K), 0.0343254 secs] 330252K->197783K(494976K), 0.0344076 secs] [Times: user=0.03 sys=0.00, real=0.03 secs] 
2018-03-30T11:35:27.977+0000: 412.709: [GC (Allocation Failure) 2018-03-30T11:35:27.977+0000: 412.709: [DefNew: 148220K->9861K(153600K), 0.0365164 secs] 334359K->198716K(494976K), 0.0366009 secs] [Times: user=0.04 sys=0.00, real=0.03 secs] 
2018-03-30T11:35:30.826+0000: 415.558: [GC (Allocation Failure) 2018-03-30T11:35:30.826+0000: 415.558: [DefNew: 146437K->7720K(153600K), 0.0316460 secs] 335292K->198695K(494976K), 0.0317296 secs] [Times: user=0.03 sys=0.00, real=0.03 secs] 
2018-03-30T11:35:33.489+0000: 418.221: [GC (Allocation Failure) 2018-03-30T11:35:33.489+0000: 418.221: [DefNew: 134026K->7456K(153600K), 0.0182037 secs] 325001K->198431K(494976K), 0.0182781 secs] [Times: user=0.02 sys=0.01, real=0.02 secs] 
2018-03-30T11:35:36.493+0000: 421.225: [GC (Allocation Failure) 2018-03-30T11:35:36.493+0000: 421.225: [DefNew: 142796K->8451K(153600K), 0.0154722 secs] 333771K->199426K(494976K), 0.0155594 secs] [Times: user=0.02 sys=0.01, real=0.02 secs] 
2018-03-30T11:35:39.307+0000: 424.039: [GC (Allocation Failure) 2018-03-30T11:35:39.307+0000: 424.039: [DefNew: 145027K->9678K(153600K), 0.0213374 secs] 336002K->200653K(494976K), 0.0214120 secs] [Times: user=0.02 sys=0.00, real=0.02 secs] 
2018-03-30T11:35:41.903+0000: 426.635: [GC (Allocation Failure) 2018-03-30T11:35:41.903+0000: 426.635: [DefNew: 137104K->8247K(153600K), 0.0138220 secs] 328079K->200878K(494976K), 0.0139073 secs] [Times: user=0.01 sys=0.00, real=0.02 secs] 
2018-03-30T11:35:44.904+0000: 429.636: [GC (Allocation Failure) 2018-03-30T11:35:44.904+0000: 429.636: [DefNew: 141998K->8834K(153600K), 0.0107840 secs] 334629K->201465K(494976K), 0.0108597 secs] [Times: user=0.01 sys=0.00, real=0.01 secs] 
2018-03-30T11:35:47.808+0000: 432.540: [GC (Allocation Failure) 2018-03-30T11:35:47.808+0000: 432.540: [DefNew: 145410K->10385K(153600K), 0.0157965 secs] 338041K->203810K(494976K), 0.0158698 secs] [Times: user=0.02 sys=0.00, real=0.01 secs] 
2018-03-30T11:35:50.794+0000: 435.526: [GC (Allocation Failure) 2018-03-30T11:35:50.795+0000: 435.526: [DefNew: 146961K->8145K(153600K), 0.0133505 secs] 340386K->203138K(494976K), 0.0134269 secs] [Times: user=0.01 sys=0.00, real=0.02 secs] 
2018-03-30T11:35:53.396+0000: 438.128: [GC (Allocation Failure) 2018-03-30T11:35:53.396+0000: 438.128: [DefNew: 142662K->9119K(153600K), 0.0119941 secs] 337655K->204111K(494976K), 0.0120674 secs] [Times: user=0.01 sys=0.00, real=0.02 secs] 
2018-03-30T11:35:56.305+0000: 441.037: [GC (Allocation Failure) 2018-03-30T11:35:56.305+0000: 441.037: [DefNew: 145619K->10150K(153600K), 0.0145377 secs] 340611K->205953K(494976K), 0.0146096 secs] [Times: user=0.02 sys=0.00, real=0.01 secs] 
2018-03-30T11:35:58.901+0000: 443.633: [GC (Allocation Failure) 2018-03-30T11:35:58.901+0000: 443.633: [DefNew: 144167K->8330K(153600K), 0.0138779 secs] 339970K->205582K(494976K), 0.0139521 secs] [Times: user=0.01 sys=0.00, real=0.01 secs] 
2018-03-30T11:36:01.820+0000: 446.551: [GC (Allocation Failure) 2018-03-30T11:36:01.820+0000: 446.551: [DefNew: 144906K->11867K(153600K), 0.0173386 secs] 342158K->209119K(494976K), 0.0174153 secs] [Times: user=0.02 sys=0.00, real=0.02 secs] 
2018-03-30T11:36:04.821+0000: 449.553: [GC (Allocation Failure) 2018-03-30T11:36:04.822+0000: 449.553: [DefNew: 148443K->9770K(153600K), 0.0185682 secs] 345695K->210018K(494976K), 0.0186453 secs] [Times: user=0.02 sys=0.00, real=0.02 secs] 
2018-03-30T11:36:07.815+0000: 452.547: [GC (Allocation Failure) 2018-03-30T11:36:07.815+0000: 452.547: [DefNew: 146346K->8759K(153600K), 0.0147452 secs] 346594K->210770K(494976K), 0.0148222 secs] [Times: user=0.02 sys=0.00, real=0.02 secs] 
2018-03-30T11:36:10.671+0000: 455.403: [GC (Allocation Failure) 2018-03-30T11:36:10.671+0000: 455.403: [DefNew: 145335K->6556K(153600K), 0.0132787 secs] 347346K->209680K(494976K), 0.0133465 secs] [Times: user=0.02 sys=0.00, real=0.01 secs] 
2018-03-30T11:36:13.517+0000: 458.248: [GC (Allocation Failure) 2018-03-30T11:36:13.517+0000: 458.248: [DefNew: 141979K->7586K(153600K), 0.0181748 secs] 345104K->210711K(494976K), 0.0182494 secs] [Times: user=0.02 sys=0.00, real=0.02 secs] 
2018-03-30T11:36:16.007+0000: 460.739: [GC (Allocation Failure) 2018-03-30T11:36:16.007+0000: 460.739: [DefNew: 135301K->8480K(153600K), 0.0135051 secs] 338425K->211604K(494976K), 0.0135995 secs] [Times: user=0.01 sys=0.00, real=0.01 secs] 
2018-03-30T11:36:18.505+0000: 463.237: [GC (Allocation Failure) 2018-03-30T11:36:18.505+0000: 463.237: [DefNew: 136889K->9636K(153600K), 0.0196717 secs] 340014K->212760K(494976K), 0.0197593 secs] [Times: user=0.02 sys=0.00, real=0.02 secs] 
2018-03-30T11:36:21.303+0000: 466.035: [GC (Allocation Failure) 2018-03-30T11:36:21.303+0000: 466.035: [DefNew: 146212K->9583K(153600K), 0.0265693 secs] 349336K->213710K(494976K), 0.0266502 secs] [Times: user=0.03 sys=0.00, real=0.03 secs] 
2018-03-30T11:36:23.893+0000: 468.625: [GC (Allocation Failure) 2018-03-30T11:36:23.893+0000: 468.625: [DefNew: 137157K->8038K(153600K), 0.0124197 secs] 341284K->213920K(494976K), 0.0124945 secs] [Times: user=0.01 sys=0.00, real=0.02 secs] 
2018-03-30T11:36:26.582+0000: 471.314: [GC (Allocation Failure) 2018-03-30T11:36:26.582+0000: 471.314: [DefNew: 144614K->8952K(153600K), 0.0110905 secs] 350496K->214834K(494976K), 0.0111678 secs] [Times: user=0.02 sys=0.00, real=0.01 secs] 
2018-03-30T11:36:29.396+0000: 474.128: [GC (Allocation Failure) 2018-03-30T11:36:29.396+0000: 474.128: [DefNew: 142515K->9176K(153600K), 0.0127732 secs] 348397K->215730K(494976K), 0.0128616 secs] [Times: user=0.01 sys=0.01, real=0.02 secs] 
2018-03-30T11:36:32.402+0000: 477.134: [GC (Allocation Failure) 2018-03-30T11:36:32.402+0000: 477.134: [DefNew: 138486K->7982K(153600K), 0.0104636 secs] 345041K->215704K(494976K), 0.0105376 secs] [Times: user=0.01 sys=0.00, real=0.01 secs] 
2018-03-30T11:36:35.310+0000: 480.042: [GC (Allocation Failure) 2018-03-30T11:36:35.310+0000: 480.042: [DefNew: 144558K->10868K(153600K), 0.0141719 secs] 352280K->218590K(494976K), 0.0142460 secs] [Times: user=0.02 sys=0.00, real=0.01 secs] 
2018-03-30T11:36:37.881+0000: 482.613: [GC (Allocation Failure) 2018-03-30T11:36:37.881+0000: 482.613: [DefNew: 147444K->11376K(153600K), 0.0206689 secs] 355166K->221486K(494976K), 0.0207411 secs] [Times: user=0.02 sys=0.00, real=0.02 secs] 
2018-03-30T11:36:40.391+0000: 485.123: [GC (Allocation Failure) 2018-03-30T11:36:40.391+0000: 485.123: [DefNew: 138154K->6013K(153600K), 0.0124727 secs] 348264K->218906K(494976K), 0.0125496 secs] [Times: user=0.02 sys=0.00, real=0.01 secs] 
2018-03-30T11:36:42.919+0000: 487.650: [GC (Allocation Failure) 2018-03-30T11:36:42.919+0000: 487.651: [DefNew: 142170K->7155K(153600K), 0.0094278 secs] 355063K->220048K(494976K), 0.0095092 secs] [Times: user=0.02 sys=0.00, real=0.01 secs] 
2018-03-30T11:36:45.404+0000: 490.136: [GC (Allocation Failure) 2018-03-30T11:36:45.404+0000: 490.136: [DefNew: 134715K->8320K(153600K), 0.0107449 secs] 347607K->221213K(494976K), 0.0108195 secs] [Times: user=0.02 sys=0.00, real=0.01 secs] 
2018-03-30T11:36:47.900+0000: 492.632: [GC (Allocation Failure) 2018-03-30T11:36:47.900+0000: 492.632: [DefNew: 140115K->9223K(153600K), 0.0115349 secs] 353008K->222116K(494976K), 0.0116171 secs] [Times: user=0.02 sys=0.00, real=0.01 secs] 
2018-03-30T11:36:50.402+0000: 495.134: [GC (Allocation Failure) 2018-03-30T11:36:50.403+0000: 495.134: [DefNew: 138204K->8655K(153600K), 0.0113874 secs] 351096K->222640K(494976K), 0.0114602 secs] [Times: user=0.01 sys=0.00, real=0.01 secs] 
2018-03-30T11:36:53.297+0000: 498.029: [GC (Allocation Failure) 2018-03-30T11:36:53.297+0000: 498.029: [DefNew: 145231K->8871K(153600K), 0.0124295 secs] 359216K->223711K(494976K), 0.0125018 secs] [Times: user=0.01 sys=0.01, real=0.01 secs] 
2018-03-30T11:36:55.406+0000: 500.138: [GC (Allocation Failure) 2018-03-30T11:36:55.406+0000: 500.138: [DefNew: 138593K->9040K(153600K), 0.0123729 secs] 353433K->224628K(494976K), 0.0124489 secs] [Times: user=0.01 sys=0.00, real=0.01 secs] 
2018-03-30T11:36:57.520+0000: 502.252: [GC (Allocation Failure) 2018-03-30T11:36:57.520+0000: 502.252: [DefNew: 134139K->9441K(153600K), 0.0152735 secs] 349726K->225726K(494976K), 0.0153520 secs] [Times: user=0.01 sys=0.00, real=0.01 secs] 
2018-03-30T11:36:59.997+0000: 504.729: [GC (Allocation Failure) 2018-03-30T11:36:59.998+0000: 504.729: [DefNew: 136847K->9103K(153600K), 0.0270806 secs] 353132K->226183K(494976K), 0.0272200 secs] [Times: user=0.02 sys=0.00, real=0.02 secs] 
2018-03-30T11:37:02.537+0000: 507.268: [GC (Allocation Failure) 2018-03-30T11:37:02.537+0000: 507.268: [DefNew: 136378K->9371K(153600K), 0.0212155 secs] 353458K->227060K(494976K), 0.0212909 secs] [Times: user=0.02 sys=0.00, real=0.03 secs] 
2018-03-30T11:37:05.011+0000: 509.743: [GC (Allocation Failure) 2018-03-30T11:37:05.011+0000: 509.743: [DefNew: 136396K->7982K(153600K), 0.0247955 secs] 354085K->227570K(494976K), 0.0248652 secs] [Times: user=0.01 sys=0.00, real=0.02 secs] 
2018-03-30T11:37:07.822+0000: 512.553: [GC (Allocation Failure) 2018-03-30T11:37:07.822+0000: 512.553: [DefNew: 144558K->12123K(153600K), 0.0167548 secs] 364146K->231711K(494976K), 0.0168308 secs] [Times: user=0.01 sys=0.00, real=0.02 secs] 
2018-03-30T11:37:10.415+0000: 515.146: [GC (Allocation Failure) 2018-03-30T11:37:10.415+0000: 515.146: [DefNew: 145630K->5794K(153600K), 0.0134277 secs] 365218K->228957K(494976K), 0.0135081 secs] [Times: user=0.02 sys=0.00, real=0.02 secs] 
2018-03-30T11:37:12.839+0000: 517.571: [GC (Allocation Failure) 2018-03-30T11:37:12.839+0000: 517.571: [DefNew: 142370K->11130K(153600K), 0.0173002 secs] 365533K->234293K(494976K), 0.0173933 secs] [Times: user=0.02 sys=0.00, real=0.01 secs] 
2018-03-30T11:37:15.317+0000: 520.049: [GC (Allocation Failure) 2018-03-30T11:37:15.317+0000: 520.049: [DefNew: 147706K->8562K(153600K), 0.0168840 secs] 370869K->235015K(494976K), 0.0169608 secs] [Times: user=0.02 sys=0.00, real=0.01 secs] 
2018-03-30T11:37:17.710+0000: 522.442: [GC (Allocation Failure) 2018-03-30T11:37:17.710+0000: 522.442: [DefNew: 145138K->5631K(153600K), 0.0105448 secs] 371591K->233851K(494976K), 0.0106157 secs] [Times: user=0.01 sys=0.00, real=0.01 secs] 
2018-03-30T11:37:20.025+0000: 524.756: [GC (Allocation Failure) 2018-03-30T11:37:20.025+0000: 524.756: [DefNew: 128780K->6892K(153600K), 0.0176820 secs] 357000K->235112K(494976K), 0.0177665 secs] [Times: user=0.02 sys=0.00, real=0.02 secs] 
2018-03-30T11:37:22.544+0000: 527.275: [GC (Allocation Failure) 2018-03-30T11:37:22.544+0000: 527.275: [DefNew: 140000K->8408K(153600K), 0.0170436 secs] 368220K->236628K(494976K), 0.0171171 secs] [Times: user=0.02 sys=0.00, real=0.02 secs] 
2018-03-30T11:37:25.030+0000: 529.762: [GC (Allocation Failure) 2018-03-30T11:37:25.030+0000: 529.762: [DefNew: 138684K->9130K(153600K), 0.0184267 secs] 366904K->237350K(494976K), 0.0184988 secs] [Times: user=0.02 sys=0.00, real=0.02 secs] 
11:37:26.813 [Client] INFO  c.s.f.r.e.s.SocketRear  - FlameSocketGraphDeployerRear@10.0.0.124: has been disconnected from Connection 4
2018-03-30T11:37:27.523+0000: 532.255: [GC (Allocation Failure) 2018-03-30T11:37:27.523+0000: 532.255: [DefNew: 139899K->9027K(153600K), 0.0265502 secs] 368119K->238081K(494976K), 0.0266385 secs] [Times: user=0.02 sys=0.01, real=0.03 secs] 
11:37:39.321 [worker-akka.actor.default-dispatcher-12] INFO  a.a.CoordinatedShutdown CoordinatedShutdown(akka://worker) - Starting coordinated shutdown from JVM shutdown hook
11:37:39.341 [worker-akka.actor.default-dispatcher-4] INFO  a.a.LocalActorRef akka://worker/user/watcher/graph_at_0/edge/FlameSocketGraphDeployerRear - Stopped
11:37:39.341 [worker-akka.actor.default-dispatcher-4] INFO  a.a.LocalActorRef akka://worker/user/watcher/graph_at_0/graph/$a - Stopped
11:37:39.341 [worker-akka.actor.default-dispatcher-4] INFO  a.a.LocalActorRef akka://worker/user/watcher/graph_at_0/graph/$b - Stopped
11:37:39.341 [worker-akka.actor.default-dispatcher-4] INFO  a.a.LocalActorRef akka://worker/user/watcher/graph_at_0/graph/$c - Stopped
11:37:39.343 [worker-akka.actor.default-dispatcher-16] INFO  a.a.LocalActorRef akka://worker/user/watcher/graph_at_0/graph/local-acker/$a - Stopped
11:37:39.344 [worker-akka.actor.default-dispatcher-16] INFO  a.a.LocalActorRef akka://worker/user/watcher/graph_at_0/graph/local-acker/$a - Message [com.spbsu.flamestream.runtime.utils.akka.PingActor$InnerPing] from Actor[akka://worker/user/watcher/graph_at_0/graph/local-acker/$a#149355128] to Actor[akka://worker/user/watcher/graph_at_0/graph/local-acker/$a#149355128] was not delivered. [1] dead letters encountered. This logging can be turned off or adjusted with configuration settings 'akka.log-dead-letters' and 'akka.log-dead-letters-during-shutdown'.
11:37:39.346 [worker-akka.actor.default-dispatcher-2] INFO  a.a.LocalActorRef akka://worker/user/watcher/graph_at_0/graph/local-acker/$a - Message [com.spbsu.flamestream.runtime.utils.akka.PingActor$Stop] from Actor[akka://worker/user/watcher/graph_at_0/graph/local-acker#-1564605878] to Actor[akka://worker/user/watcher/graph_at_0/graph/local-acker/$a#149355128] was not delivered. [2] dead letters encountered. This logging can be turned off or adjusted with configuration settings 'akka.log-dead-letters' and 'akka.log-dead-letters-during-shutdown'.
11:37:39.346 [worker-akka.actor.default-dispatcher-3] INFO  a.a.LocalActorRef akka://worker/user/watcher/graph_at_0/graph/local-acker - Stopped
11:37:39.347 [worker-akka.actor.default-dispatcher-2] INFO  a.a.LocalActorRef akka://worker/user/watcher/graph_at_0/graph/local-acker - Message [com.spbsu.flamestream.runtime.acker.LocalAcker$Flush] from Actor[akka://worker/user/watcher/graph_at_0/graph/local-acker/$a#149355128] to Actor[akka://worker/user/watcher/graph_at_0/graph/local-acker#-1564605878] was not delivered. [3] dead letters encountered. This logging can be turned off or adjusted with configuration settings 'akka.log-dead-letters' and 'akka.log-dead-letters-during-shutdown'.
11:37:39.348 [worker-akka.actor.default-dispatcher-2] INFO  a.a.LocalActorRef akka://worker/user/watcher/graph_at_0/graph - Stopped
11:37:39.350 [worker-akka.actor.default-dispatcher-11] INFO  a.a.LocalActorRef akka://worker/user/watcher/graph_at_0/negotiator - Stopped
11:37:39.351 [worker-akka.actor.default-dispatcher-10] INFO  a.a.LocalActorRef akka://worker/user/watcher/graph_at_0/edge/FlameSocketGraphDeployerFront - Stopped
11:37:39.351 [worker-akka.actor.default-dispatcher-10] INFO  a.a.LocalActorRef akka://worker/user/watcher/graph_at_0/edge - Stopped
11:37:39.351 [worker-akka.actor.default-dispatcher-10] INFO  a.a.LocalActorRef akka://worker/user/watcher/graph_at_0 - Stopped
11:37:39.353 [worker-akka.actor.default-dispatcher-15] INFO  a.a.RepointableActorRef akka://worker/user/watcher - Stopped
11:37:39.362 [worker-akka.actor.default-dispatcher-4-EventThread] INFO  o.a.z.ClientCnxn  - EventThread shut down for session: 0x16276a9cd3d000b
11:37:39.363 [worker-akka.actor.default-dispatcher-10] INFO  o.a.z.ZooKeeper  - Session: 0x16276a9cd3d000b closed
11:37:39.375 [worker-akka.actor.default-dispatcher-15] INFO  a.r.RemoteActorRefProvider$RemotingTerminator akka://worker@10.0.0.124:5412/system/remoting-terminator - Shutting down remote daemon.
11:37:39.375 [worker-akka.actor.default-dispatcher-15] INFO  a.r.RemoteActorRefProvider$RemotingTerminator akka://worker@10.0.0.124:5412/system/remoting-terminator - Remote daemon shut down; proceeding with flushing remote transports.
11:37:40.521 [worker-akka.actor.default-dispatcher-18] INFO  a.r.RemoteActorRefProvider$RemotingTerminator akka://worker@10.0.0.124:5412/system/remoting-terminator - Remoting shut down.
Heap
 def new generation   total 153600K, used 36548K [0x00000000e0c00000, 0x00000000eb2a0000, 0x00000000eb2a0000)
  eden space 136576K,  20% used [0x00000000e0c00000, 0x00000000e26e0530, 0x00000000e9160000)
  from space 17024K,  53% used [0x00000000e9160000, 0x00000000e9a30ea8, 0x00000000ea200000)
  to   space 17024K,   0% used [0x00000000ea200000, 0x00000000ea200000, 0x00000000eb2a0000)
 tenured generation   total 341376K, used 229053K [0x00000000eb2a0000, 0x0000000100000000, 0x0000000100000000)
   the space 341376K,  67% used [0x00000000eb2a0000, 0x00000000f924f788, 0x00000000f924f800, 0x0000000100000000)
 Metaspace       used 34380K, capacity 35224K, committed 35456K, reserved 1079296K
  class space    used 4531K, capacity 4703K, committed 4736K, reserved 1048576K
