15:18:48.645 [main] INFO  c.s.f.r.a.WorkerApplication  - Started embedded media driver in directory [/dev/shm/aeron-a1f41872-4f91-4ccb-a992-99f105a603ee]
15:18:48.651 [main] INFO  c.s.f.r.a.WorkerApplication  - Starting worker with id: '172.31.47.100', host: '172.31.47.100:5412', zkString: '172.31.34.147:2181'
15:18:49.558 [worker-akka.actor.default-dispatcher-2] INFO  a.e.s.Slf4jLogger  - Slf4jLogger started
2018-02-15T15:18:49.622+0000: 2.424: [Full GC (Metadata GC Threshold) 2018-02-15T15:18:49.622+0000: 2.424: [Tenured: 0K->15245K(341376K), 0.0380900 secs] 114798K->15245K(494976K), [Metaspace: 20897K->20897K(1067008K)], 0.0381736 secs] [Times: user=0.03 sys=0.01, real=0.04 secs] 
15:18:50.227 [worker-akka.actor.default-dispatcher-2] INFO  a.r.a.ArteryTransport(akka://worker) akka.remote.artery.ArteryTransport(akka://worker) - Remoting started; listening on address: [akka://worker@172.31.47.100:5412] with UID [-3962816028471996691]
15:18:50.327 [worker-akka.actor.default-dispatcher-2] INFO  o.a.z.ZooKeeper  - Client environment:zookeeper.version=3.4.9-1757313, built on 08/23/2016 06:50 GMT
15:18:50.327 [worker-akka.actor.default-dispatcher-2] INFO  o.a.z.ZooKeeper  - Client environment:host.name=ip-172-31-47-100.us-east-2.compute.internal
15:18:50.327 [worker-akka.actor.default-dispatcher-2] INFO  o.a.z.ZooKeeper  - Client environment:java.version=1.8.0_151
15:18:50.327 [worker-akka.actor.default-dispatcher-2] INFO  o.a.z.ZooKeeper  - Client environment:java.vendor=Oracle Corporation
15:18:50.327 [worker-akka.actor.default-dispatcher-2] INFO  o.a.z.ZooKeeper  - Client environment:java.home=/usr/lib/jvm/java-8-openjdk-amd64/jre
15:18:50.327 [worker-akka.actor.default-dispatcher-2] INFO  o.a.z.ZooKeeper  - Client environment:java.class.path=lib/commons-cli-1.4.jar:lib/minlog-1.3.0.jar:lib/asm-5.0.4.jar:lib/hadoop-annotations-2.7.3.jar:lib/hadoop-auth-2.7.3.jar:lib/akka-slf4j_2.11-2.5.6.jar:lib/jersey-core-1.9.jar:lib/lz4-1.3.0.jar:lib/jackson-core-asl-1.9.13.jar:lib/aeron-client-1.3.0.jar:lib/htrace-core-3.1.0-incubating.jar:lib/xz-1.0.jar:lib/commons-httpclient-3.1.jar:lib/asm-3.1.jar:lib/commons-lang3-3.4.jar:lib/scala-library-2.11.11.jar:lib/scala-java8-compat_2.11-0.7.0.jar:lib/commons-configuration-1.6.jar:lib/objenesis-2.1.jar:lib/jackson-annotations-2.8.0.jar:lib/jsr305-3.0.0.jar:lib/curator-framework-2.7.1.jar:lib/jersey-server-1.9.jar:lib/jets3t-0.9.0.jar:lib/leveldb-0.7.jar:lib/jetty-6.1.26.jar:lib/stax-api-1.0-2.jar:lib/flamestream-core-1.0-SNAPSHOT.jar:lib/reflectasm-1.07-shaded.jar:lib/apacheds-kerberos-codec-2.0.0-M15.jar:lib/api-asn1-api-1.0.0-M20.jar:lib/commons-lang-2.6.jar:lib/commons-beanutils-1.7.0.jar:lib/jackson-xc-1.8.3.jar:lib/jetty-util-6.1.26.jar:lib/logback-classic-1.2.3.jar:lib/jool-0.9.12.jar:lib/flamestream-runtime-1.0-SNAPSHOT-tests.jar:lib/httpcore-4.1.2.jar:lib/kryo-4.0.0.jar:lib/ant-1.8.1.jar:lib/jaxb-impl-2.2.3-1.jar:lib/jersey-json-1.9.jar:lib/commons-compress-1.4.1.jar:lib/leveldbjni-all-1.8.jar:lib/paranamer-2.3.jar:lib/jackson-core-2.8.4.jar:lib/commons-math3-3.6.1.jar:lib/scala-parser-combinators_2.11-1.0.4.jar:lib/netty-3.10.6.Final.jar:lib/trove4j-3.0.3.jar:lib/jaxb-api-2.2.2.jar:lib/logback-core-1.2.3.jar:lib/snappy-java-1.0.4.1.jar:lib/protobuf-java-2.5.0.jar:lib/reactive-streams-1.0.1.jar:lib/flamestream-examples-1.0-SNAPSHOT.jar:lib/commons-codec-1.4.jar:lib/activation-1.1.jar:lib/commons-net-3.1.jar:lib/curator-recipes-2.7.1.jar:lib/jackson-mapper-asl-1.9.13.jar:lib/jackson-databind-2.8.4.jar:lib/flamestream-runtime-1.0-SNAPSHOT.jar:lib/jackson-jaxrs-1.8.3.jar:lib/slf4j-api-1.7.24.jar:lib/akka-remote_2.11-2.5.6.jar:lib/akka-testkit_2.11-2.5.6.jar:lib/jline-0.9.94.jar:lib/akka-stream_2.11-2.5.6.jar:lib/jsp-api-2.1.jar:lib/kryonet-2.21.jar:lib/akka-kryo-serialization_2.11-0.5.0.jar:lib/config-1.3.1.jar:lib/ant-launcher-1.8.1.jar:lib/commons-logging-1.2.jar:lib/ssl-config-core_2.11-0.2.2.jar:lib/testng-6.10.jar:lib/guava-19.0.jar:lib/leveldb-api-0.7.jar:lib/reflectasm-1.11.3.jar:lib/jcommander-1.48.jar:lib/commons-1.1.jar:lib/commons-digester-1.8.jar:lib/minlog-1.2.jar:lib/java-xmlbuilder-0.4.jar:lib/jettison-1.1.jar:lib/gson-2.2.4.jar:lib/jdk.tools-1.8.jar:lib/aeron-driver-1.3.0.jar:lib/zookeeper-3.4.9.jar:lib/commons-beanutils-core-1.8.0.jar:lib/commons-math3-3.1.1.jar:lib/akka-actor_2.11-2.5.6.jar:lib/curator-client-2.7.1.jar:lib/servlet-api-2.5.jar:lib/apacheds-i18n-2.0.0-M15.jar:lib/commons-io-2.4.jar:lib/commons-codec-1.6.jar:lib/akka-protobuf_2.11-2.5.6.jar:lib/jdom-2.0.2.jar:lib/api-util-1.0.0-M20.jar:lib/hadoop-common-2.7.3.jar:lib/agrona-0.9.6.jar:lib/xmlenc-0.52.jar:lib/guava-21.0.jar:lib/commons-collections-3.2.2.jar:lib/avro-1.7.4.jar:lib/commons-1.0-SNAPSHOT.jar:lib/httpclient-4.1.2.jar:lib/flamestream-core-1.0-SNAPSHOT-tests.jar:lib/annotations-12.0.jar:lib/jsch-0.1.42.jar:flamestream-runtime-1.0-SNAPSHOT.jar
15:18:50.328 [worker-akka.actor.default-dispatcher-2] INFO  o.a.z.ZooKeeper  - Client environment:java.library.path=/usr/java/packages/lib/amd64:/usr/lib/x86_64-linux-gnu/jni:/lib/x86_64-linux-gnu:/usr/lib/x86_64-linux-gnu:/usr/lib/jni:/lib:/usr/lib
15:18:50.328 [worker-akka.actor.default-dispatcher-2] INFO  o.a.z.ZooKeeper  - Client environment:java.io.tmpdir=/tmp
15:18:50.328 [worker-akka.actor.default-dispatcher-2] INFO  o.a.z.ZooKeeper  - Client environment:java.compiler=<NA>
15:18:50.328 [worker-akka.actor.default-dispatcher-2] INFO  o.a.z.ZooKeeper  - Client environment:os.name=Linux
15:18:50.328 [worker-akka.actor.default-dispatcher-2] INFO  o.a.z.ZooKeeper  - Client environment:os.arch=amd64
15:18:50.328 [worker-akka.actor.default-dispatcher-2] INFO  o.a.z.ZooKeeper  - Client environment:os.version=4.4.0-1049-aws
15:18:50.329 [worker-akka.actor.default-dispatcher-2] INFO  o.a.z.ZooKeeper  - Client environment:user.name=root
15:18:50.329 [worker-akka.actor.default-dispatcher-2] INFO  o.a.z.ZooKeeper  - Client environment:user.home=/root
15:18:50.329 [worker-akka.actor.default-dispatcher-2] INFO  o.a.z.ZooKeeper  - Client environment:user.dir=/opt/flamestream
15:18:50.331 [worker-akka.actor.default-dispatcher-2] INFO  o.a.z.ZooKeeper  - Initiating client connection, connectString=172.31.34.147:2181 sessionTimeout=5000 watcher=com.spbsu.flamestream.runtime.application.LifecycleWatcher$$Lambda$29/774873639@230c7f86
15:18:50.368 [worker-akka.actor.default-dispatcher-2] INFO  a.a.RepointableActorRef akka://worker/user/watcher - Starting...
15:18:50.370 [worker-akka.actor.default-dispatcher-2-SendThread(172.31.34.147:2181)] INFO  o.a.z.ClientCnxn  - Opening socket connection to server 172.31.34.147/172.31.34.147:2181. Will not attempt to authenticate using SASL (unknown error)
15:18:50.375 [worker-akka.actor.default-dispatcher-2-SendThread(172.31.34.147:2181)] INFO  o.a.z.ClientCnxn  - Socket connection established to 172.31.34.147/172.31.34.147:2181, initiating session
15:18:50.382 [worker-akka.actor.default-dispatcher-2-SendThread(172.31.34.147:2181)] INFO  o.a.z.ClientCnxn  - Session establishment complete on server 172.31.34.147/172.31.34.147:2181, sessionid = 0x1619a0ace950006, negotiated timeout = 6000
15:18:50.471 [worker-akka.actor.default-dispatcher-2] INFO  a.a.RepointableActorRef akka://worker/user/watcher - Connected to ZK
15:18:59.303 [worker-akka.actor.default-dispatcher-2] INFO  a.a.RepointableActorRef akka://worker/user/watcher - Creating node with watchGraphs: 'com.spbsu.flamestream.core.Graph$Builder$MyGraph@387030fa', config: 'ClusterConfig{paths={172.31.33.155=akka://worker@172.31.33.155:5412/user/watcher/graph0000000000, 172.31.47.83=akka://worker@172.31.47.83:5412/user/watcher/graph0000000000, 172.31.45.197=akka://worker@172.31.45.197:5412/user/watcher/graph0000000000, 172.31.42.36=akka://worker@172.31.42.36:5412/user/watcher/graph0000000000, 172.31.44.83=akka://worker@172.31.44.83:5412/user/watcher/graph0000000000, 172.31.39.64=akka://worker@172.31.39.64:5412/user/watcher/graph0000000000, 172.31.35.79=akka://worker@172.31.35.79:5412/user/watcher/graph0000000000, 172.31.34.169=akka://worker@172.31.34.169:5412/user/watcher/graph0000000000, 172.31.47.100=akka://worker@172.31.47.100:5412/user/watcher/graph0000000000, 172.31.37.101=akka://worker@172.31.37.101:5412/user/watcher/graph0000000000}, ackerLocation='172.31.35.79', props=ComputationLayout{ranges={172.31.33.155=HashRange{from=1670265056, to=2147483644}, 172.31.47.83=HashRange{from=715827880, to=1193046468}, 172.31.45.197=HashRange{from=-1670265060, to=-1193046472}, 172.31.42.36=HashRange{from=238609292, to=715827880}, 172.31.44.83=HashRange{from=-1193046472, to=-715827884}, 172.31.39.64=HashRange{from=-238609296, to=238609292}, 172.31.35.79=HashRange{from=0, to=0}, 172.31.34.169=HashRange{from=1193046468, to=1670265056}, 172.31.47.100=HashRange{from=-715827884, to=-238609296}, 172.31.37.101=HashRange{from=-2147483648, to=-1670265060}}}}'
15:19:00.229 [worker-akka.actor.default-dispatcher-2] INFO  a.a.LocalActorRef akka://worker/user/watcher/graph0000000000/graph - Starting...
15:19:00.231 [worker-akka.actor.default-dispatcher-2] INFO  a.a.LocalActorRef akka://worker/user/watcher/graph0000000000/graph/local-acker - Starting...
15:19:00.233 [worker-akka.actor.default-dispatcher-2] INFO  a.a.LocalActorRef akka://worker/user/watcher/graph0000000000/graph/local-acker/$a - Starting...
Warning: space is running low in /dev/shm (tmpfs) threshold=167,772,160 usable=158,621,696
Warning: space is running low in /dev/shm (tmpfs) threshold=167,772,160 usable=146,034,688
Warning: space is running low in /dev/shm (tmpfs) threshold=167,772,160 usable=133,447,680
Warning: space is running low in /dev/shm (tmpfs) threshold=167,772,160 usable=120,860,672
Warning: space is running low in /dev/shm (tmpfs) threshold=167,772,160 usable=108,273,664
Warning: space is running low in /dev/shm (tmpfs) threshold=167,772,160 usable=95,686,656
Warning: space is running low in /dev/shm (tmpfs) threshold=167,772,160 usable=83,099,648
Warning: space is running low in /dev/shm (tmpfs) threshold=167,772,160 usable=70,512,640
15:19:01.853 [worker-akka.actor.default-dispatcher-2] INFO  a.a.LocalActorRef akka://worker/user/watcher/graph0000000000/graph - Finishing constructor
15:19:01.854 [worker-akka.actor.default-dispatcher-2] INFO  a.a.LocalActorRef akka://worker/user/watcher/graph0000000000 - Starting...
15:19:01.856 [worker-akka.actor.default-dispatcher-2] INFO  a.a.LocalActorRef akka://worker/user/watcher/graph0000000000/negotiator - Starting...
15:19:01.934 [worker-akka.actor.default-dispatcher-2] INFO  a.a.LocalActorRef akka://worker/user/watcher/graph0000000000/edge - Starting...
15:19:01.937 [worker-akka.actor.default-dispatcher-2] INFO  a.a.LocalActorRef akka://worker/user/watcher/graph0000000000/graph/$a - Starting...
15:19:01.938 [worker-akka.actor.default-dispatcher-2] INFO  a.a.LocalActorRef akka://worker/user/watcher/graph0000000000/graph/$b - Starting...
15:19:01.938 [worker-akka.actor.default-dispatcher-2] INFO  a.a.LocalActorRef akka://worker/user/watcher/graph0000000000/graph/$c - Starting...
15:19:01.954 [worker-akka.actor.default-dispatcher-2] INFO  c.s.f.r.e.s.SocketRear  - FlameSocketGraphDeployerRear@172.31.47.100: connecting to 172.31.34.147:5678
15:19:01.959 [worker-akka.actor.default-dispatcher-2] INFO  c.s.f.r.e.s.SocketRear  - FlameSocketGraphDeployerRear@172.31.47.100: connected to 172.31.34.147:5678
2018-02-15T15:19:01.964+0000: 14.766: [GC (Allocation Failure) 2018-02-15T15:19:01.964+0000: 14.766: [DefNew: 128434K->17023K(153600K), 0.0419946 secs] 143680K->43086K(494976K), 0.0420523 secs] [Times: user=0.02 sys=0.02, real=0.04 secs] 
15:19:02.023 [worker-akka.actor.default-dispatcher-2] INFO  a.a.LocalActorRef akka://worker/user/watcher/graph0000000000/edge/FlameSocketGraphDeployerRear - Starting...
15:19:02.031 [worker-akka.actor.default-dispatcher-2] INFO  a.a.LocalActorRef akka://worker/user/watcher/graph0000000000/edge/FlameSocketGraphDeployerFront - Starting...
15:19:02.032 [worker-akka.actor.default-dispatcher-2] INFO  a.a.LocalActorRef akka://worker/user/watcher/graph0000000000/negotiator - Requesting ticket for the frontClass FlameSocketGraphDeployerFront@172.31.47.100
15:19:02.034 [worker-akka.actor.default-dispatcher-2] INFO  a.a.LocalActorRef akka://worker/user/watcher/graph0000000000/negotiator - Ticket for the frontClass received: FrontTicket{allowedTimestamp=(1518707939299, FlameSocketGraphDeployerFront@172.31.47.100)}
15:19:02.035 [worker-akka.actor.default-dispatcher-2] INFO  c.s.f.r.e.s.SocketFront  - FlameSocketGraphDeployerFront@172.31.47.100: connecting to 172.31.34.147:4567
15:19:02.063 [Client] INFO  c.s.f.r.e.s.SocketFront  - FlameSocketGraphDeployerFront@172.31.47.100 has been disconnected from Connection 9
2018-02-15T15:19:18.128+0000: 30.930: [GC (Allocation Failure) 2018-02-15T15:19:18.128+0000: 30.930: [DefNew: 153599K->3901K(153600K), 0.0678709 secs] 179662K->66480K(494976K), 0.0679370 secs] [Times: user=0.02 sys=0.04, real=0.07 secs] 
2018-02-15T15:19:37.206+0000: 50.009: [GC (Allocation Failure) 2018-02-15T15:19:37.206+0000: 50.009: [DefNew: 140477K->5551K(153600K), 0.0115544 secs] 203056K->68131K(494976K), 0.0116199 secs] [Times: user=0.02 sys=0.00, real=0.01 secs] 
2018-02-15T15:19:53.745+0000: 66.547: [GC (Allocation Failure) 2018-02-15T15:19:53.745+0000: 66.547: [DefNew: 142127K->7888K(153600K), 0.0172202 secs] 204707K->70468K(494976K), 0.0172863 secs] [Times: user=0.02 sys=0.00, real=0.02 secs] 
2018-02-15T15:20:12.698+0000: 85.500: [GC (Allocation Failure) 2018-02-15T15:20:12.698+0000: 85.500: [DefNew: 144464K->9014K(153600K), 0.0154600 secs] 207044K->71594K(494976K), 0.0155303 secs] [Times: user=0.01 sys=0.00, real=0.02 secs] 
2018-02-15T15:20:31.712+0000: 104.515: [GC (Allocation Failure) 2018-02-15T15:20:31.712+0000: 104.515: [DefNew: 145590K->8781K(153600K), 0.0188658 secs] 208170K->73111K(494976K), 0.0189336 secs] [Times: user=0.02 sys=0.00, real=0.02 secs] 
2018-02-15T15:20:52.594+0000: 125.396: [GC (Allocation Failure) 2018-02-15T15:20:52.594+0000: 125.396: [DefNew: 145357K->9257K(153600K), 0.0190023 secs] 209687K->74853K(494976K), 0.0190786 secs] [Times: user=0.01 sys=0.00, real=0.02 secs] 
2018-02-15T15:21:16.967+0000: 149.769: [GC (Allocation Failure) 2018-02-15T15:21:16.967+0000: 149.769: [DefNew: 145833K->9366K(153600K), 0.0204927 secs] 211429K->76160K(494976K), 0.0205567 secs] [Times: user=0.02 sys=0.00, real=0.02 secs] 
2018-02-15T15:21:33.260+0000: 166.062: [GC (Allocation Failure) 2018-02-15T15:21:33.260+0000: 166.062: [DefNew: 145942K->9006K(153600K), 0.0164470 secs] 212736K->77011K(494976K), 0.0165139 secs] [Times: user=0.02 sys=0.00, real=0.02 secs] 
2018-02-15T15:21:52.977+0000: 185.779: [GC (Allocation Failure) 2018-02-15T15:21:52.977+0000: 185.779: [DefNew: 145582K->8816K(153600K), 0.0285148 secs] 213587K->78231K(494976K), 0.0285802 secs] [Times: user=0.01 sys=0.03, real=0.03 secs] 
2018-02-15T15:22:16.640+0000: 209.442: [GC (Allocation Failure) 2018-02-15T15:22:16.640+0000: 209.442: [DefNew: 145392K->8859K(153600K), 0.0168225 secs] 214807K->79638K(494976K), 0.0168852 secs] [Times: user=0.02 sys=0.00, real=0.02 secs] 
2018-02-15T15:22:38.281+0000: 231.083: [GC (Allocation Failure) 2018-02-15T15:22:38.281+0000: 231.083: [DefNew: 145435K->8860K(153600K), 0.0171009 secs] 216214K->81175K(494976K), 0.0171696 secs] [Times: user=0.01 sys=0.00, real=0.02 secs] 
2018-02-15T15:22:58.427+0000: 251.229: [GC (Allocation Failure) 2018-02-15T15:22:58.427+0000: 251.229: [DefNew: 145436K->9148K(153600K), 0.0297949 secs] 217751K->82538K(494976K), 0.0298597 secs] [Times: user=0.00 sys=0.03, real=0.03 secs] 
2018-02-15T15:23:15.355+0000: 268.157: [GC (Allocation Failure) 2018-02-15T15:23:15.355+0000: 268.157: [DefNew: 145724K->9823K(153600K), 0.0171264 secs] 219114K->84370K(494976K), 0.0171926 secs] [Times: user=0.02 sys=0.00, real=0.02 secs] 
2018-02-15T15:23:36.920+0000: 289.722: [GC (Allocation Failure) 2018-02-15T15:23:36.920+0000: 289.722: [DefNew: 146399K->9500K(153600K), 0.0303708 secs] 220946K->85261K(494976K), 0.0304399 secs] [Times: user=0.00 sys=0.03, real=0.04 secs] 
2018-02-15T15:23:55.417+0000: 308.220: [GC (Allocation Failure) 2018-02-15T15:23:55.417+0000: 308.220: [DefNew: 146076K->9383K(153600K), 0.0171002 secs] 221837K->86373K(494976K), 0.0171684 secs] [Times: user=0.02 sys=0.00, real=0.02 secs] 
2018-02-15T15:24:16.435+0000: 329.237: [GC (Allocation Failure) 2018-02-15T15:24:16.435+0000: 329.237: [DefNew: 145959K->9387K(153600K), 0.0171353 secs] 222949K->87534K(494976K), 0.0172008 secs] [Times: user=0.01 sys=0.00, real=0.02 secs] 
2018-02-15T15:24:41.117+0000: 353.919: [GC (Allocation Failure) 2018-02-15T15:24:41.117+0000: 353.919: [DefNew: 145963K->9773K(153600K), 0.0173769 secs] 224110K->89043K(494976K), 0.0174422 secs] [Times: user=0.02 sys=0.00, real=0.02 secs] 
2018-02-15T15:24:56.809+0000: 369.611: [GC (Allocation Failure) 2018-02-15T15:24:56.809+0000: 369.611: [DefNew: 146349K->9425K(153600K), 0.0166191 secs] 225619K->89954K(494976K), 0.0166837 secs] [Times: user=0.02 sys=0.00, real=0.02 secs] 
2018-02-15T15:25:13.678+0000: 386.480: [GC (Allocation Failure) 2018-02-15T15:25:13.678+0000: 386.480: [DefNew: 146001K->9704K(153600K), 0.0171429 secs] 226530K->91250K(494976K), 0.0172086 secs] [Times: user=0.02 sys=0.00, real=0.02 secs] 
2018-02-15T15:25:29.092+0000: 401.895: [GC (Allocation Failure) 2018-02-15T15:25:29.092+0000: 401.895: [DefNew: 146280K->9627K(153600K), 0.0170172 secs] 227826K->92391K(494976K), 0.0170829 secs] [Times: user=0.02 sys=0.00, real=0.01 secs] 
2018-02-15T15:25:47.240+0000: 420.042: [GC (Allocation Failure) 2018-02-15T15:25:47.240+0000: 420.043: [DefNew: 146203K->10287K(153600K), 0.0175315 secs] 228967K->94421K(494976K), 0.0176071 secs] [Times: user=0.02 sys=0.00, real=0.02 secs] 
2018-02-15T15:26:04.177+0000: 436.979: [GC (Allocation Failure) 2018-02-15T15:26:04.177+0000: 436.979: [DefNew: 146863K->9633K(153600K), 0.0186355 secs] 230997K->95909K(494976K), 0.0187237 secs] [Times: user=0.02 sys=0.00, real=0.02 secs] 
2018-02-15T15:26:21.620+0000: 454.422: [GC (Allocation Failure) 2018-02-15T15:26:21.620+0000: 454.422: [DefNew: 146209K->9607K(153600K), 0.0163973 secs] 232485K->97033K(494976K), 0.0164607 secs] [Times: user=0.02 sys=0.00, real=0.02 secs] 
2018-02-15T15:26:41.747+0000: 474.549: [GC (Allocation Failure) 2018-02-15T15:26:41.747+0000: 474.550: [DefNew: 146183K->9154K(153600K), 0.0172536 secs] 233609K->98581K(494976K), 0.0173192 secs] [Times: user=0.02 sys=0.00, real=0.02 secs] 
2018-02-15T15:27:01.493+0000: 494.295: [GC (Allocation Failure) 2018-02-15T15:27:01.493+0000: 494.295: [DefNew: 145730K->8991K(153600K), 0.0169320 secs] 235157K->99759K(494976K), 0.0169957 secs] [Times: user=0.02 sys=0.00, real=0.01 secs] 
2018-02-15T15:27:22.397+0000: 515.200: [GC (Allocation Failure) 2018-02-15T15:27:22.397+0000: 515.200: [DefNew: 145567K->10098K(153600K), 0.0183457 secs] 236335K->102038K(494976K), 0.0184142 secs] [Times: user=0.02 sys=0.00, real=0.02 secs] 
2018-02-15T15:27:42.518+0000: 535.320: [GC (Allocation Failure) 2018-02-15T15:27:42.518+0000: 535.320: [DefNew: 146674K->8616K(153600K), 0.0223468 secs] 238614K->103143K(494976K), 0.0224367 secs] [Times: user=0.00 sys=0.02, real=0.02 secs] 
2018-02-15T15:27:57.371+0000: 550.173: [GC (Allocation Failure) 2018-02-15T15:27:57.371+0000: 550.173: [DefNew: 145192K->8517K(153600K), 0.0173684 secs] 239719K->104999K(494976K), 0.0174458 secs] [Times: user=0.01 sys=0.01, real=0.01 secs] 
2018-02-15T15:28:17.786+0000: 570.588: [GC (Allocation Failure) 2018-02-15T15:28:17.786+0000: 570.588: [DefNew: 145093K->8343K(153600K), 0.0306268 secs] 241575K->106460K(494976K), 0.0306988 secs] [Times: user=0.00 sys=0.03, real=0.03 secs] 
2018-02-15T15:28:33.840+0000: 586.642: [GC (Allocation Failure) 2018-02-15T15:28:33.840+0000: 586.642: [DefNew: 144919K->9769K(153600K), 0.0142098 secs] 243036K->107886K(494976K), 0.0142802 secs] [Times: user=0.02 sys=0.00, real=0.02 secs] 
2018-02-15T15:28:50.960+0000: 603.763: [GC (Allocation Failure) 2018-02-15T15:28:50.960+0000: 603.763: [DefNew: 146345K->10032K(153600K), 0.0170775 secs] 244462K->109426K(494976K), 0.0171537 secs] [Times: user=0.02 sys=0.00, real=0.02 secs] 
2018-02-15T15:29:11.325+0000: 624.128: [GC (Allocation Failure) 2018-02-15T15:29:11.325+0000: 624.128: [DefNew: 146608K->10042K(153600K), 0.0176686 secs] 246002K->110806K(494976K), 0.0177365 secs] [Times: user=0.02 sys=0.00, real=0.02 secs] 
2018-02-15T15:29:28.916+0000: 641.719: [GC (Allocation Failure) 2018-02-15T15:29:28.916+0000: 641.719: [DefNew: 146618K->8968K(153600K), 0.0178191 secs] 247382K->112288K(494976K), 0.0178989 secs] [Times: user=0.02 sys=0.00, real=0.02 secs] 
2018-02-15T15:29:51.486+0000: 664.288: [GC (Allocation Failure) 2018-02-15T15:29:51.486+0000: 664.288: [DefNew: 145544K->8736K(153600K), 0.0158717 secs] 248864K->113578K(494976K), 0.0159414 secs] [Times: user=0.02 sys=0.00, real=0.01 secs] 
2018-02-15T15:30:10.287+0000: 683.090: [GC (Allocation Failure) 2018-02-15T15:30:10.287+0000: 683.090: [DefNew: 145312K->9093K(153600K), 0.0169430 secs] 250154K->115385K(494976K), 0.0170101 secs] [Times: user=0.01 sys=0.01, real=0.02 secs] 
2018-02-15T15:30:27.898+0000: 700.700: [GC (Allocation Failure) 2018-02-15T15:30:27.898+0000: 700.700: [DefNew: 145642K->9939K(153600K), 0.0174541 secs] 251933K->117601K(494976K), 0.0175246 secs] [Times: user=0.02 sys=0.00, real=0.02 secs] 
2018-02-15T15:30:47.342+0000: 720.144: [GC (Allocation Failure) 2018-02-15T15:30:47.342+0000: 720.144: [DefNew: 146515K->9787K(153600K), 0.0205027 secs] 254177K->119198K(494976K), 0.0205675 secs] [Times: user=0.01 sys=0.00, real=0.02 secs] 
15:31:03.230 [Client] INFO  c.s.f.r.e.s.SocketRear  - FlameSocketGraphDeployerRear@172.31.47.100: has been disconnected from Connection 9
2018-02-15T15:31:44.261+0000: 777.065: [GC (Allocation Failure) 2018-02-15T15:31:44.263+0000: 777.065: [DefNew: 146363K->9143K(153600K), 0.0184330 secs] 255774K->120128K(494976K), 0.0198419 secs] [Times: user=0.01 sys=0.00, real=0.02 secs] 
15:35:44.279 [worker-akka.actor.default-dispatcher-2] INFO  a.a.CoordinatedShutdown CoordinatedShutdown(akka://worker) - Starting coordinated shutdown from JVM shutdown hook
15:35:44.313 [worker-akka.actor.default-dispatcher-2] INFO  a.a.LocalActorRef akka://worker/user/watcher/graph0000000000/negotiator - Stopped
15:35:44.316 [worker-akka.actor.default-dispatcher-2] INFO  a.a.LocalActorRef akka://worker/user/watcher/graph0000000000/edge/FlameSocketGraphDeployerFront - Stopped
15:35:44.316 [worker-akka.actor.default-dispatcher-2] INFO  a.a.LocalActorRef akka://worker/user/watcher/graph0000000000/edge/FlameSocketGraphDeployerRear - Stopped
15:35:44.317 [worker-akka.actor.default-dispatcher-2] INFO  a.a.LocalActorRef akka://worker/user/watcher/graph0000000000/graph/$a - Stopped
15:35:44.317 [worker-akka.actor.default-dispatcher-2] INFO  a.a.LocalActorRef akka://worker/user/watcher/graph0000000000/graph/$b - Stopped
15:35:44.319 [worker-akka.actor.default-dispatcher-2] INFO  a.a.LocalActorRef akka://worker/user/watcher/graph0000000000/graph/$c - Stopped
15:35:44.320 [worker-akka.actor.default-dispatcher-2] INFO  a.a.LocalActorRef akka://worker/user/watcher/graph0000000000/graph/local-acker/$a - Stopped
15:35:44.326 [worker-akka.actor.default-dispatcher-2] INFO  a.a.LocalActorRef akka://worker/user/watcher/graph0000000000/edge - Stopped
15:35:44.326 [worker-akka.actor.default-dispatcher-2] INFO  a.a.LocalActorRef akka://worker/user/watcher/graph0000000000/graph/local-acker/$a - Message [com.spbsu.flamestream.runtime.utils.akka.PingActor$InnerPing] from Actor[akka://worker/user/watcher/graph0000000000/graph/local-acker/$a#-155870568] to Actor[akka://worker/user/watcher/graph0000000000/graph/local-acker/$a#-155870568] was not delivered. [1] dead letters encountered. This logging can be turned off or adjusted with configuration settings 'akka.log-dead-letters' and 'akka.log-dead-letters-during-shutdown'.
15:35:44.327 [worker-akka.actor.default-dispatcher-2] INFO  a.a.LocalActorRef akka://worker/user/watcher/graph0000000000/graph/local-acker - Stopped
15:35:44.328 [worker-akka.actor.default-dispatcher-2] INFO  a.a.LocalActorRef akka://worker/user/watcher/graph0000000000/graph/local-acker/$a - Message [com.spbsu.flamestream.runtime.utils.akka.PingActor$Stop] from Actor[akka://worker/user/watcher/graph0000000000/graph/local-acker#1662964103] to Actor[akka://worker/user/watcher/graph0000000000/graph/local-acker/$a#-155870568] was not delivered. [2] dead letters encountered. This logging can be turned off or adjusted with configuration settings 'akka.log-dead-letters' and 'akka.log-dead-letters-during-shutdown'.
15:35:44.329 [worker-akka.actor.default-dispatcher-2] INFO  a.a.LocalActorRef akka://worker/user/watcher/graph0000000000/graph/local-acker - Message [com.spbsu.flamestream.runtime.acker.LocalAcker$Flush] from Actor[akka://worker/user/watcher/graph0000000000/graph/local-acker#1662964103] to Actor[akka://worker/user/watcher/graph0000000000/graph/local-acker#1662964103] was not delivered. [3] dead letters encountered. This logging can be turned off or adjusted with configuration settings 'akka.log-dead-letters' and 'akka.log-dead-letters-during-shutdown'.
15:35:44.330 [worker-akka.actor.default-dispatcher-2] INFO  a.a.LocalActorRef akka://worker/user/watcher/graph0000000000/graph/local-acker - Message [com.spbsu.flamestream.runtime.acker.LocalAcker$Flush] from Actor[akka://worker/user/watcher/graph0000000000/graph/local-acker#1662964103] to Actor[akka://worker/user/watcher/graph0000000000/graph/local-acker#1662964103] was not delivered. [4] dead letters encountered. This logging can be turned off or adjusted with configuration settings 'akka.log-dead-letters' and 'akka.log-dead-letters-during-shutdown'.
15:35:44.332 [worker-akka.actor.default-dispatcher-2] INFO  a.a.LocalActorRef akka://worker/user/watcher/graph0000000000/graph - Stopped
15:35:44.332 [worker-akka.actor.default-dispatcher-2] INFO  a.a.LocalActorRef akka://worker/user/watcher/graph0000000000 - Stopped
15:35:44.336 [worker-akka.actor.default-dispatcher-2-EventThread] INFO  o.a.z.ClientCnxn  - EventThread shut down for session: 0x1619a0ace950006
15:35:44.336 [worker-akka.actor.default-dispatcher-2] INFO  o.a.z.ZooKeeper  - Session: 0x1619a0ace950006 closed
15:35:44.337 [worker-akka.actor.default-dispatcher-2] INFO  a.a.RepointableActorRef akka://worker/user/watcher - Stopped
15:35:44.349 [worker-akka.actor.default-dispatcher-2] INFO  a.r.RemoteActorRefProvider$RemotingTerminator akka://worker@172.31.47.100:5412/system/remoting-terminator - Shutting down remote daemon.
15:35:44.351 [worker-akka.actor.default-dispatcher-2] INFO  a.r.RemoteActorRefProvider$RemotingTerminator akka://worker@172.31.47.100:5412/system/remoting-terminator - Remote daemon shut down; proceeding with flushing remote transports.
15:35:45.454 [worker-akka.actor.default-dispatcher-2] INFO  a.r.RemoteActorRefProvider$RemotingTerminator akka://worker@172.31.47.100:5412/system/remoting-terminator - Remoting shut down.
Attempts of event 'shuffle-send' - 0
Attempts of event 'front-receive-send' - 0
Attempts of event 'inject-out' - 489576
Attempts of event 'sink-receive' - 494131
Attempts of event 'flatmap-receive' - 1155
Attempts of event 'fm-send' - 600973
Attempts of event 'rear-in' - 488421
Attempts of event 'flatmap-send' - 600973
Attempts of event 'inject-in' - 489576
Attempts of event 'wrong-ordering-filter-receive' - 494131
Attempts of event 'accept-in' - 0
Attempts of event 'grouping-receive' - 982552
Heap
 def new generation   total 153600K, used 72440K [0x00000000e0c00000, 0x00000000eb2a0000, 0x00000000eb2a0000)
  eden space 136576K,  46% used [0x00000000e0c00000, 0x00000000e49d01f8, 0x00000000e9160000)
  from space 17024K,  53% used [0x00000000ea200000, 0x00000000eaaedf68, 0x00000000eb2a0000)
  to   space 17024K,   0% used [0x00000000e9160000, 0x00000000e9160000, 0x00000000ea200000)
 tenured generation   total 341376K, used 110985K [0x00000000eb2a0000, 0x0000000100000000, 0x0000000100000000)
   the space 341376K,  32% used [0x00000000eb2a0000, 0x00000000f1f02438, 0x00000000f1f02600, 0x0000000100000000)
 Metaspace       used 33499K, capacity 34298K, committed 34688K, reserved 1079296K
  class space    used 4453K, capacity 4624K, committed 4736K, reserved 1048576K
