11:28:35,883 |-INFO in ch.qos.logback.classic.LoggerContext[default] - Could NOT find resource [logback-test.xml]
11:28:35,883 |-INFO in ch.qos.logback.classic.LoggerContext[default] - Could NOT find resource [logback.groovy]
11:28:35,883 |-INFO in ch.qos.logback.classic.LoggerContext[default] - Found resource [logback.xml] at [jar:file:/opt/flamestream/lib/flamestream-runtime-1.0-SNAPSHOT.jar!/logback.xml]
11:28:35,884 |-WARN in ch.qos.logback.classic.LoggerContext[default] - Resource [logback.xml] occurs multiple times on the classpath.
11:28:35,884 |-WARN in ch.qos.logback.classic.LoggerContext[default] - Resource [logback.xml] occurs at [jar:file:/opt/flamestream/flamestream-runtime-1.0-SNAPSHOT.jar!/logback.xml]
11:28:35,884 |-WARN in ch.qos.logback.classic.LoggerContext[default] - Resource [logback.xml] occurs at [jar:file:/opt/flamestream/lib/flamestream-runtime-1.0-SNAPSHOT.jar!/logback.xml]
11:28:35,903 |-INFO in ch.qos.logback.core.joran.spi.ConfigurationWatchList@69b794e2 - URL [jar:file:/opt/flamestream/lib/flamestream-runtime-1.0-SNAPSHOT.jar!/logback.xml] is not of type file
11:28:35,996 |-INFO in ch.qos.logback.classic.joran.action.ConfigurationAction - debug attribute not set
11:28:35,996 |-INFO in ch.qos.logback.core.joran.action.AppenderAction - About to instantiate appender of type [ch.qos.logback.core.ConsoleAppender]
11:28:36,002 |-INFO in ch.qos.logback.core.joran.action.AppenderAction - Naming appender as [STDOUT]
11:28:36,011 |-INFO in ch.qos.logback.core.joran.action.NestedComplexPropertyIA - Assuming default type [ch.qos.logback.classic.encoder.PatternLayoutEncoder] for [encoder] property
11:28:36,047 |-INFO in ch.qos.logback.core.joran.action.AppenderAction - About to instantiate appender of type [ch.qos.logback.core.rolling.RollingFileAppender]
11:28:36,056 |-INFO in ch.qos.logback.core.joran.action.AppenderAction - Naming appender as [FILE]
11:28:36,079 |-INFO in c.q.l.core.rolling.TimeBasedRollingPolicy@1059063940 - No compression will be used
11:28:36,080 |-INFO in c.q.l.core.rolling.TimeBasedRollingPolicy@1059063940 - Will use the pattern /tmp/application_%d{yyyy-MM-dd}.%i.log for the active file
11:28:36,083 |-INFO in ch.qos.logback.core.rolling.SizeAndTimeBasedFNATP@4d339552 - The date pattern is 'yyyy-MM-dd' from file name pattern '/tmp/application_%d{yyyy-MM-dd}.%i.log'.
11:28:36,083 |-INFO in ch.qos.logback.core.rolling.SizeAndTimeBasedFNATP@4d339552 - Roll-over at midnight.
11:28:36,087 |-INFO in ch.qos.logback.core.rolling.SizeAndTimeBasedFNATP@4d339552 - Setting initial period to Fri Mar 30 10:41:23 UTC 2018
11:28:36,087 |-WARN in ch.qos.logback.core.rolling.SizeAndTimeBasedFNATP@4d339552 - SizeAndTimeBasedFNATP is deprecated. Use SizeAndTimeBasedRollingPolicy instead
11:28:36,087 |-WARN in ch.qos.logback.core.rolling.SizeAndTimeBasedFNATP@4d339552 - For more information see http://logback.qos.ch/manual/appenders.html#SizeAndTimeBasedRollingPolicy
11:28:36,092 |-INFO in ch.qos.logback.core.joran.action.NestedComplexPropertyIA - Assuming default type [ch.qos.logback.classic.encoder.PatternLayoutEncoder] for [encoder] property
11:28:36,096 |-INFO in ch.qos.logback.core.rolling.RollingFileAppender[FILE] - Active log file name: /tmp/application.log
11:28:36,096 |-INFO in ch.qos.logback.core.rolling.RollingFileAppender[FILE] - File property is set to [/tmp/application.log]
11:28:36,097 |-INFO in ch.qos.logback.classic.joran.action.RootLoggerAction - Setting level of ROOT logger to INFO
11:28:36,097 |-INFO in ch.qos.logback.core.joran.action.AppenderRefAction - Attaching appender named [STDOUT] to Logger[ROOT]
11:28:36,098 |-INFO in ch.qos.logback.core.joran.action.AppenderRefAction - Attaching appender named [FILE] to Logger[ROOT]
11:28:36,098 |-INFO in ch.qos.logback.classic.joran.action.ConfigurationAction - End of configuration.
11:28:36,098 |-INFO in ch.qos.logback.classic.joran.JoranConfigurator@f0f2775 - Registering current configuration as safe fallback point

11:28:36.102 [main] INFO  c.s.f.r.a.WorkerApplication  - Starting worker with id: '10.0.0.173', host: '10.0.0.173:5412', zkString: '10.0.0.107:2181'
11:28:37.014 [worker-akka.actor.default-dispatcher-3] INFO  a.e.s.Slf4jLogger  - Slf4jLogger started
2018-03-30T11:28:37.165+0000: 1.870: [Full GC (Metadata GC Threshold) 2018-03-30T11:28:37.166+0000: 1.870: [Tenured: 0K->15809K(341376K), 0.0389286 secs] 128575K->15809K(494976K), [Metaspace: 20929K->20929K(1067008K)], 0.0389933 secs] [Times: user=0.03 sys=0.00, real=0.04 secs] 
Ama winner
Ama winner
11:28:37.550 [worker-akka.actor.default-dispatcher-3] INFO  a.r.a.ArteryTransport(akka://worker) akka.remote.artery.ArteryTransport(akka://worker) - Started embedded media driver in directory [/dev/shm/aeron-10.0.0.173]
11:28:37.697 [worker-akka.actor.default-dispatcher-3] INFO  a.r.a.ArteryTransport(akka://worker) akka.remote.artery.ArteryTransport(akka://worker) - Remoting started; listening on address: [akka://worker@10.0.0.173:5412] with UID [1750575828197801821]
11:28:37.750 [worker-akka.actor.default-dispatcher-5] INFO  a.a.RepointableActorRef akka://worker/user/watcher - Starting...
11:28:37.814 [worker-akka.actor.default-dispatcher-3] INFO  o.a.z.ZooKeeper  - Client environment:zookeeper.version=3.4.9-1757313, built on 08/23/2016 06:50 GMT
11:28:37.814 [worker-akka.actor.default-dispatcher-3] INFO  o.a.z.ZooKeeper  - Client environment:host.name=localhost
11:28:37.814 [worker-akka.actor.default-dispatcher-3] INFO  o.a.z.ZooKeeper  - Client environment:java.version=1.8.0_151
11:28:37.814 [worker-akka.actor.default-dispatcher-3] INFO  o.a.z.ZooKeeper  - Client environment:java.vendor=Oracle Corporation
11:28:37.814 [worker-akka.actor.default-dispatcher-3] INFO  o.a.z.ZooKeeper  - Client environment:java.home=/usr/lib/jvm/java-8-openjdk-amd64/jre
11:28:37.814 [worker-akka.actor.default-dispatcher-3] INFO  o.a.z.ZooKeeper  - Client environment:java.class.path=lib/commons-cli-1.4.jar:lib/minlog-1.3.0.jar:lib/asm-5.0.4.jar:lib/hadoop-annotations-2.7.3.jar:lib/hadoop-auth-2.7.3.jar:lib/akka-slf4j_2.11-2.5.6.jar:lib/jersey-core-1.9.jar:lib/lz4-1.3.0.jar:lib/jackson-core-asl-1.9.13.jar:lib/aeron-client-1.3.0.jar:lib/htrace-core-3.1.0-incubating.jar:lib/xz-1.0.jar:lib/commons-httpclient-3.1.jar:lib/asm-3.1.jar:lib/commons-lang3-3.4.jar:lib/scala-library-2.11.11.jar:lib/scala-java8-compat_2.11-0.7.0.jar:lib/commons-configuration-1.6.jar:lib/objenesis-2.1.jar:lib/jackson-annotations-2.8.0.jar:lib/jsr305-3.0.0.jar:lib/curator-framework-2.7.1.jar:lib/jersey-server-1.9.jar:lib/jets3t-0.9.0.jar:lib/leveldb-0.7.jar:lib/jetty-6.1.26.jar:lib/stax-api-1.0-2.jar:lib/flamestream-core-1.0-SNAPSHOT.jar:lib/reflectasm-1.07-shaded.jar:lib/apacheds-kerberos-codec-2.0.0-M15.jar:lib/api-asn1-api-1.0.0-M20.jar:lib/commons-lang-2.6.jar:lib/commons-beanutils-1.7.0.jar:lib/jackson-xc-1.8.3.jar:lib/jetty-util-6.1.26.jar:lib/logback-classic-1.2.3.jar:lib/jool-0.9.12.jar:lib/httpcore-4.1.2.jar:lib/kryo-4.0.0.jar:lib/ant-1.8.1.jar:lib/jaxb-impl-2.2.3-1.jar:lib/jersey-json-1.9.jar:lib/commons-compress-1.4.1.jar:lib/leveldbjni-all-1.8.jar:lib/paranamer-2.3.jar:lib/jackson-core-2.8.4.jar:lib/commons-math3-3.6.1.jar:lib/scala-parser-combinators_2.11-1.0.4.jar:lib/netty-3.10.6.Final.jar:lib/trove4j-3.0.3.jar:lib/jaxb-api-2.2.2.jar:lib/logback-core-1.2.3.jar:lib/snappy-java-1.0.4.1.jar:lib/protobuf-java-2.5.0.jar:lib/reactive-streams-1.0.1.jar:lib/flamestream-examples-1.0-SNAPSHOT.jar:lib/commons-codec-1.4.jar:lib/activation-1.1.jar:lib/commons-net-3.1.jar:lib/curator-recipes-2.7.1.jar:lib/jackson-mapper-asl-1.9.13.jar:lib/jackson-databind-2.8.4.jar:lib/flamestream-runtime-1.0-SNAPSHOT.jar:lib/jackson-jaxrs-1.8.3.jar:lib/slf4j-api-1.7.24.jar:lib/akka-remote_2.11-2.5.6.jar:lib/akka-testkit_2.11-2.5.6.jar:lib/jline-0.9.94.jar:lib/jedis-2.9.0.jar:lib/akka-stream_2.11-2.5.6.jar:lib/jsp-api-2.1.jar:lib/kryonet-2.21.jar:lib/akka-kryo-serialization_2.11-0.5.0.jar:lib/config-1.3.1.jar:lib/ant-launcher-1.8.1.jar:lib/commons-logging-1.2.jar:lib/ssl-config-core_2.11-0.2.2.jar:lib/testng-6.10.jar:lib/leveldb-api-0.7.jar:lib/reflectasm-1.11.3.jar:lib/jcommander-1.48.jar:lib/commons-1.1.jar:lib/commons-digester-1.8.jar:lib/minlog-1.2.jar:lib/java-xmlbuilder-0.4.jar:lib/jettison-1.1.jar:lib/gson-2.2.4.jar:lib/jdk.tools-1.8.jar:lib/aeron-driver-1.3.0.jar:lib/zookeeper-3.4.9.jar:lib/commons-beanutils-core-1.8.0.jar:lib/commons-math3-3.1.1.jar:lib/akka-actor_2.11-2.5.6.jar:lib/curator-client-2.7.1.jar:lib/servlet-api-2.5.jar:lib/commons-pool2-2.4.2.jar:lib/apacheds-i18n-2.0.0-M15.jar:lib/commons-io-2.4.jar:lib/commons-codec-1.6.jar:lib/akka-protobuf_2.11-2.5.6.jar:lib/jdom-2.0.2.jar:lib/rocksdbjni-5.5.1.jar:lib/api-util-1.0.0-M20.jar:lib/hadoop-common-2.7.3.jar:lib/agrona-0.9.6.jar:lib/xmlenc-0.52.jar:lib/guava-21.0.jar:lib/commons-collections-3.2.2.jar:lib/avro-1.7.4.jar:lib/httpclient-4.1.2.jar:lib/flamestream-core-1.0-SNAPSHOT-tests.jar:lib/annotations-12.0.jar:lib/jsch-0.1.42.jar:flamestream-runtime-1.0-SNAPSHOT.jar
11:28:37.815 [worker-akka.actor.default-dispatcher-3] INFO  o.a.z.ZooKeeper  - Client environment:java.library.path=/usr/java/packages/lib/amd64:/usr/lib/x86_64-linux-gnu/jni:/lib/x86_64-linux-gnu:/usr/lib/x86_64-linux-gnu:/usr/lib/jni:/lib:/usr/lib
11:28:37.816 [worker-akka.actor.default-dispatcher-3] INFO  o.a.z.ZooKeeper  - Client environment:java.io.tmpdir=/tmp
11:28:37.816 [worker-akka.actor.default-dispatcher-3] INFO  o.a.z.ZooKeeper  - Client environment:java.compiler=<NA>
11:28:37.817 [worker-akka.actor.default-dispatcher-3] INFO  o.a.z.ZooKeeper  - Client environment:os.name=Linux
11:28:37.817 [worker-akka.actor.default-dispatcher-3] INFO  o.a.z.ZooKeeper  - Client environment:os.arch=amd64
11:28:37.819 [worker-akka.actor.default-dispatcher-3] INFO  o.a.z.ZooKeeper  - Client environment:os.version=4.4.0-1049-aws
11:28:37.819 [worker-akka.actor.default-dispatcher-3] INFO  o.a.z.ZooKeeper  - Client environment:user.name=root
11:28:37.820 [worker-akka.actor.default-dispatcher-3] INFO  o.a.z.ZooKeeper  - Client environment:user.home=/root
11:28:37.820 [worker-akka.actor.default-dispatcher-3] INFO  o.a.z.ZooKeeper  - Client environment:user.dir=/opt/flamestream
11:28:37.823 [worker-akka.actor.default-dispatcher-3] INFO  o.a.z.ZooKeeper  - Initiating client connection, connectString=10.0.0.107:2181 sessionTimeout=5000 watcher=com.spbsu.flamestream.runtime.application.LifecycleWatcher$$Lambda$30/2017888536@2ca12968
11:28:37.857 [worker-akka.actor.default-dispatcher-3-SendThread(10.0.0.107:2181)] INFO  o.a.z.ClientCnxn  - Opening socket connection to server 10.0.0.107/10.0.0.107:2181. Will not attempt to authenticate using SASL (unknown error)
11:28:37.868 [worker-akka.actor.default-dispatcher-3-SendThread(10.0.0.107:2181)] INFO  o.a.z.ClientCnxn  - Socket connection established to 10.0.0.107/10.0.0.107:2181, initiating session
11:28:37.877 [worker-akka.actor.default-dispatcher-3-SendThread(10.0.0.107:2181)] INFO  o.a.z.ClientCnxn  - Session establishment complete on server 10.0.0.107/10.0.0.107:2181, sessionid = 0x16276a9cd3d000c, negotiated timeout = 6000
11:28:37.887 [worker-akka.actor.default-dispatcher-5] INFO  a.a.RepointableActorRef akka://worker/user/watcher - Initializing rocksDB backend
11:28:38.065 [worker-akka.actor.default-dispatcher-5] INFO  a.a.RepointableActorRef akka://worker/user/watcher - Connected to ZK
11:28:46.742 [worker-akka.actor.default-dispatcher-5] INFO  a.a.RepointableActorRef akka://worker/user/watcher - Creating node with watchGraphs: 'com.spbsu.flamestream.core.Graph$Builder$MyGraph@40b27883', config: 'ClusterConfig{paths={10.0.0.205=akka://worker@10.0.0.205:5412/user/watcher, 10.0.0.60=akka://worker@10.0.0.60:5412/user/watcher, 10.0.0.170=akka://worker@10.0.0.170:5412/user/watcher, 10.0.0.124=akka://worker@10.0.0.124:5412/user/watcher, 10.0.0.49=akka://worker@10.0.0.49:5412/user/watcher, 10.0.0.42=akka://worker@10.0.0.42:5412/user/watcher, 10.0.0.97=akka://worker@10.0.0.97:5412/user/watcher, 10.0.0.251=akka://worker@10.0.0.251:5412/user/watcher, 10.0.0.162=akka://worker@10.0.0.162:5412/user/watcher, 10.0.0.173=akka://worker@10.0.0.173:5412/user/watcher}, ackerLocation='10.0.0.60', props=ComputationLayout{hashGroups={10.0.0.205=com.spbsu.flamestream.runtime.config.HashGroup@1ffe1b9d, 10.0.0.60=com.spbsu.flamestream.runtime.config.HashGroup@c01f, 10.0.0.170=com.spbsu.flamestream.runtime.config.HashGroup@5d5c21bc, 10.0.0.124=com.spbsu.flamestream.runtime.config.HashGroup@56dcaf5d, 10.0.0.49=com.spbsu.flamestream.runtime.config.HashGroup@c65a7748, 10.0.0.42=com.spbsu.flamestream.runtime.config.HashGroup@231425fe, 10.0.0.97=com.spbsu.flamestream.runtime.config.HashGroup@fbc82752, 10.0.0.251=com.spbsu.flamestream.runtime.config.HashGroup@ccbcd570, 10.0.0.162=com.spbsu.flamestream.runtime.config.HashGroup@4276a447, 10.0.0.173=com.spbsu.flamestream.runtime.config.HashGroup@3fc198ed}}}'
11:28:47.634 [worker-akka.actor.default-dispatcher-3] INFO  a.a.LocalActorRef akka://worker/user/watcher/graph_at_0/graph - Starting...
11:28:47.640 [worker-akka.actor.default-dispatcher-4] INFO  a.a.LocalActorRef akka://worker/user/watcher/graph_at_0/graph/local-acker/$a - Starting...
11:28:47.646 [worker-akka.actor.default-dispatcher-3] INFO  a.a.LocalActorRef akka://worker/user/watcher/graph_at_0/graph/local-acker - Starting...
11:28:49.119 [worker-akka.actor.default-dispatcher-2] INFO  a.a.LocalActorRef akka://worker/user/watcher/graph_at_0/graph - Finishing constructor
11:28:49.126 [worker-akka.actor.default-dispatcher-4] INFO  a.a.LocalActorRef akka://worker/user/watcher/graph_at_0/edge - Starting...
11:28:49.132 [worker-akka.actor.default-dispatcher-2] INFO  a.a.LocalActorRef akka://worker/user/watcher/graph_at_0 - Starting FlameNode with config 'ClusterConfig{paths={10.0.0.205=akka://worker@10.0.0.205:5412/user/watcher/graph_at_0, 10.0.0.60=akka://worker@10.0.0.60:5412/user/watcher/graph_at_0, 10.0.0.170=akka://worker@10.0.0.170:5412/user/watcher/graph_at_0, 10.0.0.124=akka://worker@10.0.0.124:5412/user/watcher/graph_at_0, 10.0.0.49=akka://worker@10.0.0.49:5412/user/watcher/graph_at_0, 10.0.0.42=akka://worker@10.0.0.42:5412/user/watcher/graph_at_0, 10.0.0.97=akka://worker@10.0.0.97:5412/user/watcher/graph_at_0, 10.0.0.251=akka://worker@10.0.0.251:5412/user/watcher/graph_at_0, 10.0.0.162=akka://worker@10.0.0.162:5412/user/watcher/graph_at_0, 10.0.0.173=akka://worker@10.0.0.173:5412/user/watcher/graph_at_0}, ackerLocation='10.0.0.60', props=ComputationLayout{hashGroups={10.0.0.205=com.spbsu.flamestream.runtime.config.HashGroup@1ffe1b9d, 10.0.0.60=com.spbsu.flamestream.runtime.config.HashGroup@c01f, 10.0.0.170=com.spbsu.flamestream.runtime.config.HashGroup@5d5c21bc, 10.0.0.124=com.spbsu.flamestream.runtime.config.HashGroup@56dcaf5d, 10.0.0.49=com.spbsu.flamestream.runtime.config.HashGroup@c65a7748, 10.0.0.42=com.spbsu.flamestream.runtime.config.HashGroup@231425fe, 10.0.0.97=com.spbsu.flamestream.runtime.config.HashGroup@fbc82752, 10.0.0.251=com.spbsu.flamestream.runtime.config.HashGroup@ccbcd570, 10.0.0.162=com.spbsu.flamestream.runtime.config.HashGroup@4276a447, 10.0.0.173=com.spbsu.flamestream.runtime.config.HashGroup@3fc198ed}}}'
11:28:49.133 [worker-akka.actor.default-dispatcher-2] INFO  a.a.LocalActorRef akka://worker/user/watcher/graph_at_0/negotiator - Starting...
11:28:49.163 [worker-akka.actor.default-dispatcher-3] INFO  a.a.LocalActorRef akka://worker/user/watcher/graph_at_0/negotiator - Requesting ticket for the frontClass FlameSocketGraphDeployerFront@10.0.0.173
11:28:49.188 [worker-akka.actor.default-dispatcher-11] INFO  a.a.LocalActorRef akka://worker/user/watcher/graph_at_0/graph - Received last commit 'LastCommit{globalTime=(0000000, min@min)}'
11:28:49.198 [worker-akka.actor.default-dispatcher-9] INFO  c.s.f.r.e.s.SocketRear  - FlameSocketGraphDeployerRear@10.0.0.173: connecting to 10.0.0.107:5678
11:28:49.208 [worker-akka.actor.default-dispatcher-11] INFO  a.a.LocalActorRef akka://worker/user/watcher/graph_at_0/edge/FlameSocketGraphDeployerFront - Starting...
11:28:49.212 [worker-akka.actor.default-dispatcher-9] INFO  c.s.f.r.e.s.SocketRear  - FlameSocketGraphDeployerRear@10.0.0.173: connected to 10.0.0.107:5678
11:28:49.213 [worker-akka.actor.default-dispatcher-9] INFO  a.a.LocalActorRef akka://worker/user/watcher/graph_at_0/edge/FlameSocketGraphDeployerRear - Starting...
11:28:49.272 [worker-akka.actor.default-dispatcher-9] INFO  a.a.LocalActorRef akka://worker/user/watcher/graph_at_0/graph/$a - Starting...
11:28:49.304 [worker-akka.actor.default-dispatcher-9] INFO  a.a.LocalActorRef akka://worker/user/watcher/graph_at_0/graph/$a - Attached rear to graph (-9223372036854775808, min@min)
11:28:49.306 [worker-akka.actor.default-dispatcher-9] INFO  a.a.LocalActorRef akka://worker/user/watcher/graph_at_0/graph/$b - Starting...
11:28:49.310 [worker-akka.actor.default-dispatcher-9] INFO  a.a.LocalActorRef akka://worker/user/watcher/graph_at_0/graph/$c - Starting...
11:28:49.402 [worker-akka.actor.default-dispatcher-9] INFO  a.a.LocalActorRef akka://worker/user/watcher/graph_at_0/negotiator - Ticket for the frontClass received: FrontTicket{allowedTimestamp=(0000000, FlameSocketGraphDeployerFront@10.0.0.173)}
11:28:49.404 [worker-akka.actor.default-dispatcher-9] INFO  c.s.f.r.e.s.SocketFront  - FlameSocketGraphDeployerFront@10.0.0.173: connecting to 10.0.0.107:4567
11:28:49.421 [Client] INFO  c.s.f.r.e.s.SocketFront  - FlameSocketGraphDeployerFront@10.0.0.173 has been disconnected from Connection 10
2018-03-30T11:28:53.482+0000: 18.186: [GC (Allocation Failure) 2018-03-30T11:28:53.482+0000: 18.187: [DefNew: 136576K->15919K(153600K), 0.0293044 secs] 152385K->51259K(494976K), 0.0293703 secs] [Times: user=0.03 sys=0.00, real=0.03 secs] 
2018-03-30T11:29:01.859+0000: 26.563: [GC (Allocation Failure) 2018-03-30T11:29:01.859+0000: 26.563: [DefNew: 152495K->5710K(153600K), 0.0304460 secs] 187835K->49214K(494976K), 0.0305232 secs] [Times: user=0.02 sys=0.02, real=0.03 secs] 
2018-03-30T11:29:12.224+0000: 36.928: [GC (Allocation Failure) 2018-03-30T11:29:12.224+0000: 36.928: [DefNew: 142286K->9635K(153600K), 0.0128516 secs] 185790K->53139K(494976K), 0.0129242 secs] [Times: user=0.01 sys=0.00, real=0.01 secs] 
2018-03-30T11:29:19.801+0000: 44.505: [GC (Allocation Failure) 2018-03-30T11:29:19.801+0000: 44.505: [DefNew: 146211K->9692K(153600K), 0.0177649 secs] 189715K->55224K(494976K), 0.0178300 secs] [Times: user=0.02 sys=0.01, real=0.02 secs] 
2018-03-30T11:29:27.735+0000: 52.440: [GC (Allocation Failure) 2018-03-30T11:29:27.735+0000: 52.440: [DefNew: 146268K->5287K(153600K), 0.0156508 secs] 191800K->56394K(494976K), 0.0157085 secs] [Times: user=0.01 sys=0.01, real=0.01 secs] 
2018-03-30T11:29:35.031+0000: 59.736: [GC (Allocation Failure) 2018-03-30T11:29:35.031+0000: 59.736: [DefNew: 141863K->14871K(153600K), 0.0152566 secs] 192970K->65978K(494976K), 0.0153209 secs] [Times: user=0.01 sys=0.00, real=0.02 secs] 
2018-03-30T11:29:42.283+0000: 66.987: [GC (Allocation Failure) 2018-03-30T11:29:42.283+0000: 66.987: [DefNew: 151447K->4226K(153600K), 0.0179008 secs] 202554K->67628K(494976K), 0.0179635 secs] [Times: user=0.01 sys=0.00, real=0.01 secs] 
2018-03-30T11:29:48.327+0000: 73.031: [GC (Allocation Failure) 2018-03-30T11:29:48.327+0000: 73.031: [DefNew: 139713K->6951K(153600K), 0.0120578 secs] 203116K->70354K(494976K), 0.0121205 secs] [Times: user=0.02 sys=0.00, real=0.01 secs] 
2018-03-30T11:29:55.375+0000: 80.079: [GC (Allocation Failure) 2018-03-30T11:29:55.375+0000: 80.079: [DefNew: 143527K->7108K(153600K), 0.0127264 secs] 206930K->70510K(494976K), 0.0127885 secs] [Times: user=0.02 sys=0.00, real=0.01 secs] 
2018-03-30T11:30:02.303+0000: 87.008: [GC (Allocation Failure) 2018-03-30T11:30:02.303+0000: 87.008: [DefNew: 143684K->8611K(153600K), 0.0139452 secs] 207086K->72013K(494976K), 0.0140084 secs] [Times: user=0.01 sys=0.00, real=0.01 secs] 
2018-03-30T11:30:09.334+0000: 94.038: [GC (Allocation Failure) 2018-03-30T11:30:09.334+0000: 94.038: [DefNew: 144654K->8990K(153600K), 0.0165540 secs] 208056K->73685K(494976K), 0.0166335 secs] [Times: user=0.02 sys=0.00, real=0.02 secs] 
2018-03-30T11:30:16.331+0000: 101.035: [GC (Allocation Failure) 2018-03-30T11:30:16.331+0000: 101.035: [DefNew: 144940K->8301K(153600K), 0.0160894 secs] 209635K->74617K(494976K), 0.0161485 secs] [Times: user=0.01 sys=0.00, real=0.02 secs] 
2018-03-30T11:30:22.584+0000: 107.288: [GC (Allocation Failure) 2018-03-30T11:30:22.584+0000: 107.288: [DefNew: 144877K->7999K(153600K), 0.0133802 secs] 211193K->74316K(494976K), 0.0134533 secs] [Times: user=0.02 sys=0.00, real=0.01 secs] 
2018-03-30T11:30:28.834+0000: 113.538: [GC (Allocation Failure) 2018-03-30T11:30:28.834+0000: 113.538: [DefNew: 142635K->10476K(153600K), 0.0164640 secs] 208952K->76793K(494976K), 0.0165290 secs] [Times: user=0.02 sys=0.00, real=0.02 secs] 
2018-03-30T11:30:34.571+0000: 119.276: [GC (Allocation Failure) 2018-03-30T11:30:34.571+0000: 119.276: [DefNew: 147052K->6734K(153600K), 0.0166354 secs] 213369K->75865K(494976K), 0.0167024 secs] [Times: user=0.02 sys=0.00, real=0.02 secs] 
2018-03-30T11:30:39.833+0000: 124.537: [GC (Allocation Failure) 2018-03-30T11:30:39.833+0000: 124.537: [DefNew: 140526K->9144K(153600K), 0.0151325 secs] 209657K->78276K(494976K), 0.0152030 secs] [Times: user=0.02 sys=0.00, real=0.02 secs] 
2018-03-30T11:30:44.341+0000: 129.045: [GC (Allocation Failure) 2018-03-30T11:30:44.341+0000: 129.045: [DefNew: 143544K->17023K(153600K), 0.0222982 secs] 212675K->95455K(494976K), 0.0223782 secs] [Times: user=0.02 sys=0.00, real=0.03 secs] 
2018-03-30T11:30:49.808+0000: 134.512: [GC (Allocation Failure) 2018-03-30T11:30:49.808+0000: 134.512: [DefNew: 153599K->4519K(153600K), 0.0180622 secs] 232031K->99853K(494976K), 0.0181370 secs] [Times: user=0.01 sys=0.01, real=0.02 secs] 
2018-03-30T11:30:55.424+0000: 140.128: [GC (Allocation Failure) 2018-03-30T11:30:55.424+0000: 140.128: [DefNew: 141095K->4655K(153600K), 0.0175912 secs] 236429K->99990K(494976K), 0.0176459 secs] [Times: user=0.02 sys=0.00, real=0.01 secs] 
2018-03-30T11:31:01.341+0000: 146.045: [GC (Allocation Failure) 2018-03-30T11:31:01.341+0000: 146.045: [DefNew: 137501K->5711K(153600K), 0.0106056 secs] 232836K->101046K(494976K), 0.0106733 secs] [Times: user=0.01 sys=0.00, real=0.01 secs] 
2018-03-30T11:31:06.851+0000: 151.555: [GC (Allocation Failure) 2018-03-30T11:31:06.851+0000: 151.555: [DefNew: 137691K->6371K(153600K), 0.0098933 secs] 233026K->101705K(494976K), 0.0099605 secs] [Times: user=0.01 sys=0.00, real=0.01 secs] 
2018-03-30T11:31:12.341+0000: 157.045: [GC (Allocation Failure) 2018-03-30T11:31:12.341+0000: 157.045: [DefNew: 141814K->7385K(153600K), 0.0112862 secs] 237149K->102720K(494976K), 0.0113578 secs] [Times: user=0.01 sys=0.00, real=0.01 secs] 
2018-03-30T11:31:16.812+0000: 161.517: [GC (Allocation Failure) 2018-03-30T11:31:16.812+0000: 161.517: [DefNew: 143961K->9986K(153600K), 0.0163529 secs] 239296K->105320K(494976K), 0.0164235 secs] [Times: user=0.02 sys=0.00, real=0.02 secs] 
2018-03-30T11:31:22.811+0000: 167.515: [GC (Allocation Failure) 2018-03-30T11:31:22.811+0000: 167.515: [DefNew: 146551K->7775K(153600K), 0.0154277 secs] 241886K->105211K(494976K), 0.0154923 secs] [Times: user=0.02 sys=0.00, real=0.02 secs] 
2018-03-30T11:31:27.848+0000: 172.552: [GC (Allocation Failure) 2018-03-30T11:31:27.848+0000: 172.552: [DefNew: 142469K->7254K(153600K), 0.0121699 secs] 239905K->104689K(494976K), 0.0122315 secs] [Times: user=0.01 sys=0.00, real=0.01 secs] 
2018-03-30T11:31:32.576+0000: 177.280: [GC (Allocation Failure) 2018-03-30T11:31:32.576+0000: 177.280: [DefNew: 143830K->8294K(153600K), 0.0124277 secs] 241265K->105730K(494976K), 0.0124964 secs] [Times: user=0.01 sys=0.00, real=0.01 secs] 
2018-03-30T11:31:36.846+0000: 181.551: [GC (Allocation Failure) 2018-03-30T11:31:36.847+0000: 181.551: [DefNew: 139623K->8839K(153600K), 0.0134485 secs] 237059K->106275K(494976K), 0.0135215 secs] [Times: user=0.01 sys=0.00, real=0.01 secs] 
2018-03-30T11:31:41.803+0000: 186.508: [GC (Allocation Failure) 2018-03-30T11:31:41.803+0000: 186.508: [DefNew: 145415K->8943K(153600K), 0.0143663 secs] 242851K->106934K(494976K), 0.0144376 secs] [Times: user=0.01 sys=0.00, real=0.01 secs] 
2018-03-30T11:31:46.822+0000: 191.526: [GC (Allocation Failure) 2018-03-30T11:31:46.822+0000: 191.526: [DefNew: 145519K->10205K(153600K), 0.0322710 secs] 243510K->108850K(494976K), 0.0323370 secs] [Times: user=0.03 sys=0.00, real=0.04 secs] 
2018-03-30T11:31:51.762+0000: 196.466: [GC (Allocation Failure) 2018-03-30T11:31:51.762+0000: 196.466: [DefNew: 146781K->7699K(153600K), 0.0264632 secs] 245426K->108298K(494976K), 0.0265614 secs] [Times: user=0.02 sys=0.00, real=0.03 secs] 
2018-03-30T11:31:56.807+0000: 201.511: [GC (Allocation Failure) 2018-03-30T11:31:56.807+0000: 201.511: [DefNew: 144275K->9322K(153600K), 0.0141570 secs] 244874K->109920K(494976K), 0.0142145 secs] [Times: user=0.02 sys=0.00, real=0.01 secs] 
2018-03-30T11:32:01.305+0000: 206.010: [GC (Allocation Failure) 2018-03-30T11:32:01.305+0000: 206.010: [DefNew: 145898K->8476K(153600K), 0.0152802 secs] 246496K->110348K(494976K), 0.0153551 secs] [Times: user=0.01 sys=0.00, real=0.01 secs] 
2018-03-30T11:32:05.800+0000: 210.504: [GC (Allocation Failure) 2018-03-30T11:32:05.800+0000: 210.504: [DefNew: 145052K->8822K(153600K), 0.0131175 secs] 246924K->110694K(494976K), 0.0131768 secs] [Times: user=0.01 sys=0.00, real=0.01 secs] 
2018-03-30T11:32:10.309+0000: 215.014: [GC (Allocation Failure) 2018-03-30T11:32:10.309+0000: 215.014: [DefNew: 145398K->9761K(153600K), 0.0154179 secs] 247270K->112281K(494976K), 0.0154874 secs] [Times: user=0.01 sys=0.00, real=0.02 secs] 
2018-03-30T11:32:14.363+0000: 219.067: [GC (Allocation Failure) 2018-03-30T11:32:14.363+0000: 219.067: [DefNew: 142227K->7438K(153600K), 0.0124381 secs] 244747K->111203K(494976K), 0.0125165 secs] [Times: user=0.02 sys=0.00, real=0.01 secs] 
2018-03-30T11:32:18.411+0000: 223.115: [GC (Allocation Failure) 2018-03-30T11:32:18.411+0000: 223.115: [DefNew: 140318K->8490K(153600K), 0.0241290 secs] 244083K->112255K(494976K), 0.0241954 secs] [Times: user=0.03 sys=0.00, real=0.03 secs] 
2018-03-30T11:32:22.850+0000: 227.555: [GC (Allocation Failure) 2018-03-30T11:32:22.850+0000: 227.555: [DefNew: 139921K->9175K(153600K), 0.0126361 secs] 243685K->112940K(494976K), 0.0127080 secs] [Times: user=0.02 sys=0.00, real=0.02 secs] 
2018-03-30T11:32:27.263+0000: 231.967: [GC (Allocation Failure) 2018-03-30T11:32:27.263+0000: 231.967: [DefNew: 145751K->8729K(153600K), 0.0139860 secs] 249516K->113602K(494976K), 0.0140473 secs] [Times: user=0.00 sys=0.00, real=0.01 secs] 
2018-03-30T11:32:31.195+0000: 235.900: [GC (Allocation Failure) 2018-03-30T11:32:31.195+0000: 235.900: [DefNew: 145305K->8549K(153600K), 0.0135838 secs] 250178K->114088K(494976K), 0.0136433 secs] [Times: user=0.01 sys=0.00, real=0.01 secs] 
2018-03-30T11:32:35.852+0000: 240.556: [GC (Allocation Failure) 2018-03-30T11:32:35.852+0000: 240.556: [DefNew: 142244K->8289K(153600K), 0.0127026 secs] 247783K->114433K(494976K), 0.0127667 secs] [Times: user=0.01 sys=0.00, real=0.02 secs] 
2018-03-30T11:32:40.308+0000: 245.013: [GC (Allocation Failure) 2018-03-30T11:32:40.308+0000: 245.013: [DefNew: 144865K->10300K(153600K), 0.0143930 secs] 251009K->116444K(494976K), 0.0144490 secs] [Times: user=0.01 sys=0.00, real=0.02 secs] 
2018-03-30T11:32:44.658+0000: 249.362: [GC (Allocation Failure) 2018-03-30T11:32:44.658+0000: 249.362: [DefNew: 146876K->7716K(153600K), 0.0177931 secs] 253020K->115643K(494976K), 0.0178700 secs] [Times: user=0.01 sys=0.01, real=0.02 secs] 
2018-03-30T11:32:48.851+0000: 253.556: [GC (Allocation Failure) 2018-03-30T11:32:48.851+0000: 253.556: [DefNew: 142208K->8260K(153600K), 0.0111228 secs] 250135K->116187K(494976K), 0.0111849 secs] [Times: user=0.01 sys=0.00, real=0.02 secs] 
2018-03-30T11:32:52.863+0000: 257.568: [GC (Allocation Failure) 2018-03-30T11:32:52.863+0000: 257.568: [DefNew: 142416K->8947K(153600K), 0.0120578 secs] 250343K->116874K(494976K), 0.0121308 secs] [Times: user=0.01 sys=0.00, real=0.01 secs] 
2018-03-30T11:32:56.929+0000: 261.634: [GC (Allocation Failure) 2018-03-30T11:32:56.929+0000: 261.634: [DefNew: 139481K->8607K(153600K), 0.0229976 secs] 247408K->117186K(494976K), 0.0230596 secs] [Times: user=0.02 sys=0.00, real=0.02 secs] 
2018-03-30T11:33:00.921+0000: 265.626: [GC (Allocation Failure) 2018-03-30T11:33:00.921+0000: 265.626: [DefNew: 138809K->8661K(153600K), 0.0235733 secs] 247389K->117924K(494976K), 0.0236406 secs] [Times: user=0.02 sys=0.00, real=0.03 secs] 
2018-03-30T11:33:04.452+0000: 269.156: [GC (Allocation Failure) 2018-03-30T11:33:04.452+0000: 269.156: [DefNew: 145237K->8857K(153600K), 0.0133629 secs] 254500K->118497K(494976K), 0.0134370 secs] [Times: user=0.02 sys=0.00, real=0.02 secs] 
2018-03-30T11:33:08.362+0000: 273.067: [GC (Allocation Failure) 2018-03-30T11:33:08.362+0000: 273.067: [DefNew: 141825K->9130K(153600K), 0.0166848 secs] 251465K->119424K(494976K), 0.0167500 secs] [Times: user=0.01 sys=0.01, real=0.01 secs] 
2018-03-30T11:33:12.363+0000: 277.067: [GC (Allocation Failure) 2018-03-30T11:33:12.363+0000: 277.067: [DefNew: 145706K->8826K(153600K), 0.0125979 secs] 256000K->120002K(494976K), 0.0126545 secs] [Times: user=0.01 sys=0.00, real=0.01 secs] 
2018-03-30T11:33:16.307+0000: 281.011: [GC (Allocation Failure) 2018-03-30T11:33:16.307+0000: 281.011: [DefNew: 145402K->9478K(153600K), 0.0142343 secs] 256578K->121231K(494976K), 0.0143062 secs] [Times: user=0.01 sys=0.00, real=0.01 secs] 
2018-03-30T11:33:19.817+0000: 284.522: [GC (Allocation Failure) 2018-03-30T11:33:19.817+0000: 284.522: [DefNew: 146054K->10505K(153600K), 0.0173027 secs] 257807K->123275K(494976K), 0.0173641 secs] [Times: user=0.02 sys=0.00, real=0.02 secs] 
2018-03-30T11:33:22.963+0000: 287.667: [GC (Allocation Failure) 2018-03-30T11:33:22.963+0000: 287.667: [DefNew: 141574K->7468K(153600K), 0.0262763 secs] 254344K->122461K(494976K), 0.0263385 secs] [Times: user=0.02 sys=0.00, real=0.02 secs] 
2018-03-30T11:33:26.335+0000: 291.039: [GC (Allocation Failure) 2018-03-30T11:33:26.335+0000: 291.039: [DefNew: 144044K->10357K(153600K), 0.0267573 secs] 259037K->125351K(494976K), 0.0268267 secs] [Times: user=0.02 sys=0.00, real=0.02 secs] 
2018-03-30T11:33:29.875+0000: 294.579: [GC (Allocation Failure) 2018-03-30T11:33:29.875+0000: 294.579: [DefNew: 140909K->6695K(153600K), 0.0126434 secs] 255902K->123705K(494976K), 0.0127000 secs] [Times: user=0.01 sys=0.00, real=0.01 secs] 
2018-03-30T11:33:32.867+0000: 297.571: [GC (Allocation Failure) 2018-03-30T11:33:32.867+0000: 297.571: [DefNew: 138538K->17023K(153600K), 0.0222106 secs] 255548K->143452K(494976K), 0.0222829 secs] [Times: user=0.01 sys=0.02, real=0.02 secs] 
2018-03-30T11:33:35.878+0000: 300.583: [GC (Allocation Failure) 2018-03-30T11:33:35.878+0000: 300.583: [DefNew: 151236K->17024K(153600K), 0.0205345 secs] 277664K->162823K(494976K), 0.0206003 secs] [Times: user=0.01 sys=0.01, real=0.02 secs] 
2018-03-30T11:33:39.807+0000: 304.511: [GC (Allocation Failure) 2018-03-30T11:33:39.807+0000: 304.511: [DefNew: 153600K->3510K(153600K), 0.0146381 secs] 299399K->166025K(494976K), 0.0147102 secs] [Times: user=0.00 sys=0.01, real=0.01 secs] 
2018-03-30T11:33:42.952+0000: 307.656: [GC (Allocation Failure) 2018-03-30T11:33:42.952+0000: 307.656: [DefNew: 139733K->5261K(153600K), 0.0135372 secs] 302248K->167776K(494976K), 0.0136060 secs] [Times: user=0.01 sys=0.00, real=0.02 secs] 
2018-03-30T11:33:46.455+0000: 311.160: [GC (Allocation Failure) 2018-03-30T11:33:46.455+0000: 311.160: [DefNew: 141301K->6400K(153600K), 0.0193544 secs] 303816K->168915K(494976K), 0.0194262 secs] [Times: user=0.01 sys=0.00, real=0.02 secs] 
2018-03-30T11:33:49.868+0000: 314.573: [GC (Allocation Failure) 2018-03-30T11:33:49.868+0000: 314.573: [DefNew: 140238K->7581K(153600K), 0.0109259 secs] 302753K->170096K(494976K), 0.0109839 secs] [Times: user=0.01 sys=0.00, real=0.01 secs] 
2018-03-30T11:33:52.866+0000: 317.571: [GC (Allocation Failure) 2018-03-30T11:33:52.866+0000: 317.571: [DefNew: 139069K->8174K(153600K), 0.0113182 secs] 301583K->170689K(494976K), 0.0113894 secs] [Times: user=0.01 sys=0.00, real=0.01 secs] 
2018-03-30T11:33:56.309+0000: 321.014: [GC (Allocation Failure) 2018-03-30T11:33:56.309+0000: 321.014: [DefNew: 144750K->9942K(153600K), 0.0131956 secs] 307265K->172457K(494976K), 0.0132557 secs] [Times: user=0.01 sys=0.00, real=0.02 secs] 
2018-03-30T11:33:59.546+0000: 324.251: [GC (Allocation Failure) 2018-03-30T11:33:59.546+0000: 324.251: [DefNew: 146518K->7240K(153600K), 0.0146213 secs] 309033K->171602K(494976K), 0.0146732 secs] [Times: user=0.02 sys=0.00, real=0.01 secs] 
2018-03-30T11:34:02.952+0000: 327.657: [GC (Allocation Failure) 2018-03-30T11:34:02.952+0000: 327.657: [DefNew: 137738K->8216K(153600K), 0.0195621 secs] 302100K->172578K(494976K), 0.0196417 secs] [Times: user=0.02 sys=0.00, real=0.02 secs] 
2018-03-30T11:34:06.461+0000: 331.165: [GC (Allocation Failure) 2018-03-30T11:34:06.461+0000: 331.165: [DefNew: 143282K->8901K(153600K), 0.0187889 secs] 307644K->173263K(494976K), 0.0188640 secs] [Times: user=0.02 sys=0.00, real=0.02 secs] 
2018-03-30T11:34:09.674+0000: 334.378: [GC (Allocation Failure) 2018-03-30T11:34:09.674+0000: 334.378: [DefNew: 145477K->9238K(153600K), 0.0243588 secs] 309839K->174195K(494976K), 0.0244323 secs] [Times: user=0.02 sys=0.00, real=0.03 secs] 
2018-03-30T11:34:13.181+0000: 337.885: [GC (Allocation Failure) 2018-03-30T11:34:13.181+0000: 337.885: [DefNew: 145814K->8610K(153600K), 0.0203106 secs] 310771K->174631K(494976K), 0.0203823 secs] [Times: user=0.03 sys=0.00, real=0.02 secs] 
2018-03-30T11:34:16.835+0000: 341.539: [GC (Allocation Failure) 2018-03-30T11:34:16.835+0000: 341.539: [DefNew: 145186K->10264K(153600K), 0.0234617 secs] 311207K->177008K(494976K), 0.0235180 secs] [Times: user=0.02 sys=0.00, real=0.02 secs] 
2018-03-30T11:34:20.307+0000: 345.011: [GC (Allocation Failure) 2018-03-30T11:34:20.307+0000: 345.012: [DefNew: 146840K->8035K(153600K), 0.0239953 secs] 313584K->176209K(494976K), 0.0240587 secs] [Times: user=0.02 sys=0.01, real=0.02 secs] 
2018-03-30T11:34:23.476+0000: 348.180: [GC (Allocation Failure) 2018-03-30T11:34:23.476+0000: 348.180: [DefNew: 138498K->8643K(153600K), 0.0216684 secs] 306672K->176817K(494976K), 0.0217280 secs] [Times: user=0.02 sys=0.00, real=0.02 secs] 
2018-03-30T11:34:26.973+0000: 351.678: [GC (Allocation Failure) 2018-03-30T11:34:26.973+0000: 351.678: [DefNew: 140856K->8197K(153600K), 0.0169629 secs] 309030K->177164K(494976K), 0.0170320 secs] [Times: user=0.01 sys=0.00, real=0.02 secs] 
2018-03-30T11:34:30.345+0000: 355.049: [GC (Allocation Failure) 2018-03-30T11:34:30.345+0000: 355.049: [DefNew: 144773K->11277K(153600K), 0.0268270 secs] 313740K->180245K(494976K), 0.0268913 secs] [Times: user=0.03 sys=0.00, real=0.02 secs] 
2018-03-30T11:34:33.803+0000: 358.507: [GC (Allocation Failure) 2018-03-30T11:34:33.803+0000: 358.507: [DefNew: 147853K->6517K(153600K), 0.0277556 secs] 316821K->178656K(494976K), 0.0278148 secs] [Times: user=0.03 sys=0.01, real=0.02 secs] 
2018-03-30T11:34:36.694+0000: 361.398: [GC (Allocation Failure) 2018-03-30T11:34:36.694+0000: 361.398: [DefNew: 143093K->7646K(153600K), 0.0105568 secs] 315232K->179785K(494976K), 0.0106178 secs] [Times: user=0.01 sys=0.00, real=0.02 secs] 
2018-03-30T11:34:39.880+0000: 364.584: [GC (Allocation Failure) 2018-03-30T11:34:39.880+0000: 364.584: [DefNew: 137225K->8315K(153600K), 0.0105309 secs] 309364K->180454K(494976K), 0.0105986 secs] [Times: user=0.00 sys=0.00, real=0.01 secs] 
2018-03-30T11:34:42.817+0000: 367.521: [GC (Allocation Failure) 2018-03-30T11:34:42.817+0000: 367.521: [DefNew: 144891K->11747K(153600K), 0.0160096 secs] 317030K->183886K(494976K), 0.0160742 secs] [Times: user=0.01 sys=0.00, real=0.01 secs] 
2018-03-30T11:34:45.878+0000: 370.583: [GC (Allocation Failure) 2018-03-30T11:34:45.878+0000: 370.583: [DefNew: 140274K->6657K(153600K), 0.0131134 secs] 312413K->181804K(494976K), 0.0131737 secs] [Times: user=0.01 sys=0.00, real=0.01 secs] 
2018-03-30T11:34:49.325+0000: 374.029: [GC (Allocation Failure) 2018-03-30T11:34:49.325+0000: 374.029: [DefNew: 143233K->10216K(153600K), 0.0139317 secs] 318380K->185364K(494976K), 0.0139938 secs] [Times: user=0.02 sys=0.00, real=0.01 secs] 
2018-03-30T11:34:52.721+0000: 377.425: [GC (Allocation Failure) 2018-03-30T11:34:52.721+0000: 377.425: [DefNew: 146792K->5981K(153600K), 0.0109627 secs] 321940K->183138K(494976K), 0.0110238 secs] [Times: user=0.00 sys=0.01, real=0.01 secs] 
2018-03-30T11:34:55.852+0000: 380.557: [GC (Allocation Failure) 2018-03-30T11:34:55.852+0000: 380.557: [DefNew: 142557K->9944K(153600K), 0.0270202 secs] 319714K->187101K(494976K), 0.0270797 secs] [Times: user=0.03 sys=0.00, real=0.03 secs] 
2018-03-30T11:34:58.990+0000: 383.694: [GC (Allocation Failure) 2018-03-30T11:34:58.990+0000: 383.694: [DefNew: 142270K->6656K(153600K), 0.0211328 secs] 319427K->185438K(494976K), 0.0212040 secs] [Times: user=0.02 sys=0.00, real=0.02 secs] 
2018-03-30T11:35:01.978+0000: 386.683: [GC (Allocation Failure) 2018-03-30T11:35:01.978+0000: 386.683: [DefNew: 138242K->7747K(153600K), 0.0214801 secs] 317024K->186529K(494976K), 0.0215496 secs] [Times: user=0.02 sys=0.00, real=0.02 secs] 
2018-03-30T11:35:04.885+0000: 389.590: [GC (Allocation Failure) 2018-03-30T11:35:04.885+0000: 389.590: [DefNew: 138107K->8855K(153600K), 0.0109767 secs] 316889K->187637K(494976K), 0.0110731 secs] [Times: user=0.01 sys=0.00, real=0.01 secs] 
2018-03-30T11:35:07.881+0000: 392.586: [GC (Allocation Failure) 2018-03-30T11:35:07.882+0000: 392.586: [DefNew: 144585K->9103K(153600K), 0.0116564 secs] 323367K->188337K(494976K), 0.0117378 secs] [Times: user=0.01 sys=0.00, real=0.01 secs] 
2018-03-30T11:35:11.301+0000: 396.006: [GC (Allocation Failure) 2018-03-30T11:35:11.301+0000: 396.006: [DefNew: 145679K->9114K(153600K), 0.0121159 secs] 324913K->189016K(494976K), 0.0121746 secs] [Times: user=0.01 sys=0.00, real=0.01 secs] 
2018-03-30T11:35:14.391+0000: 399.095: [GC (Allocation Failure) 2018-03-30T11:35:14.391+0000: 399.096: [DefNew: 142381K->8574K(153600K), 0.0114842 secs] 322283K->189339K(494976K), 0.0115475 secs] [Times: user=0.01 sys=0.00, real=0.02 secs] 
2018-03-30T11:35:17.389+0000: 402.093: [GC (Allocation Failure) 2018-03-30T11:35:17.389+0000: 402.093: [DefNew: 136123K->8578K(153600K), 0.0117284 secs] 316888K->190077K(494976K), 0.0117931 secs] [Times: user=0.01 sys=0.00, real=0.01 secs] 
2018-03-30T11:35:20.387+0000: 405.092: [GC (Allocation Failure) 2018-03-30T11:35:20.387+0000: 405.092: [DefNew: 145154K->11785K(153600K), 0.0173967 secs] 326653K->194041K(494976K), 0.0174614 secs] [Times: user=0.02 sys=0.00, real=0.02 secs] 
2018-03-30T11:35:23.396+0000: 408.101: [GC (Allocation Failure) 2018-03-30T11:35:23.396+0000: 408.101: [DefNew: 143392K->6779K(153600K), 0.0124186 secs] 325649K->191656K(494976K), 0.0124849 secs] [Times: user=0.02 sys=0.00, real=0.01 secs] 
2018-03-30T11:35:26.398+0000: 411.103: [GC (Allocation Failure) 2018-03-30T11:35:26.398+0000: 411.103: [DefNew: 137262K->7778K(153600K), 0.0101933 secs] 322139K->192655K(494976K), 0.0102561 secs] [Times: user=0.01 sys=0.00, real=0.01 secs] 
2018-03-30T11:35:29.305+0000: 414.009: [GC (Allocation Failure) 2018-03-30T11:35:29.305+0000: 414.009: [DefNew: 144354K->9394K(153600K), 0.0115669 secs] 329231K->194271K(494976K), 0.0116259 secs] [Times: user=0.01 sys=0.00, real=0.01 secs] 
2018-03-30T11:35:31.886+0000: 416.590: [GC (Allocation Failure) 2018-03-30T11:35:31.886+0000: 416.590: [DefNew: 140066K->8538K(153600K), 0.0130712 secs] 324943K->194762K(494976K), 0.0131327 secs] [Times: user=0.01 sys=0.00, real=0.01 secs] 
2018-03-30T11:35:34.884+0000: 419.589: [GC (Allocation Failure) 2018-03-30T11:35:34.884+0000: 419.589: [DefNew: 141698K->8030K(153600K), 0.0104403 secs] 327921K->195008K(494976K), 0.0105036 secs] [Times: user=0.01 sys=0.00, real=0.01 secs] 
2018-03-30T11:35:37.891+0000: 422.596: [GC (Allocation Failure) 2018-03-30T11:35:37.891+0000: 422.596: [DefNew: 141430K->9148K(153600K), 0.0113884 secs] 328408K->196126K(494976K), 0.0114500 secs] [Times: user=0.02 sys=0.00, real=0.02 secs] 
2018-03-30T11:35:40.838+0000: 425.542: [GC (Allocation Failure) 2018-03-30T11:35:40.838+0000: 425.542: [DefNew: 145724K->12634K(153600K), 0.0170577 secs] 332702K->200320K(494976K), 0.0171258 secs] [Times: user=0.02 sys=0.00, real=0.02 secs] 
2018-03-30T11:35:43.886+0000: 428.591: [GC (Allocation Failure) 2018-03-30T11:35:43.886+0000: 428.591: [DefNew: 147732K->5314K(153600K), 0.0130471 secs] 335419K->197295K(494976K), 0.0131087 secs] [Times: user=0.01 sys=0.00, real=0.01 secs] 
2018-03-30T11:35:46.817+0000: 431.522: [GC (Allocation Failure) 2018-03-30T11:35:46.817+0000: 431.522: [DefNew: 141890K->7463K(153600K), 0.0102730 secs] 333871K->199444K(494976K), 0.0103438 secs] [Times: user=0.01 sys=0.00, real=0.01 secs] 
2018-03-30T11:35:49.390+0000: 434.095: [GC (Allocation Failure) 2018-03-30T11:35:49.390+0000: 434.095: [DefNew: 141659K->7819K(153600K), 0.0104041 secs] 333640K->199800K(494976K), 0.0104738 secs] [Times: user=0.02 sys=0.00, real=0.01 secs] 
2018-03-30T11:35:52.325+0000: 437.030: [GC (Allocation Failure) 2018-03-30T11:35:52.325+0000: 437.030: [DefNew: 144395K->12255K(153600K), 0.0161115 secs] 336376K->204236K(494976K), 0.0162031 secs] [Times: user=0.01 sys=0.00, real=0.01 secs] 
2018-03-30T11:35:55.241+0000: 439.945: [GC (Allocation Failure) 2018-03-30T11:35:55.241+0000: 439.945: [DefNew: 148831K->5457K(153600K), 0.0127018 secs] 340812K->201495K(494976K), 0.0127547 secs] [Times: user=0.01 sys=0.00, real=0.01 secs] 
2018-03-30T11:35:58.001+0000: 442.705: [GC (Allocation Failure) 2018-03-30T11:35:58.001+0000: 442.706: [DefNew: 133309K->6753K(153600K), 0.0175951 secs] 329348K->202792K(494976K), 0.0176539 secs] [Times: user=0.02 sys=0.00, real=0.02 secs] 
2018-03-30T11:36:00.834+0000: 445.539: [GC (Allocation Failure) 2018-03-30T11:36:00.834+0000: 445.539: [DefNew: 143329K->10160K(153600K), 0.0259375 secs] 339368K->206199K(494976K), 0.0260008 secs] [Times: user=0.02 sys=0.00, real=0.02 secs] 
2018-03-30T11:36:03.934+0000: 448.639: [GC (Allocation Failure) 2018-03-30T11:36:03.935+0000: 448.639: [DefNew: 144543K->6606K(153600K), 0.0111342 secs] 340581K->204906K(494976K), 0.0111843 secs] [Times: user=0.01 sys=0.00, real=0.01 secs] 
2018-03-30T11:36:06.856+0000: 451.561: [GC (Allocation Failure) 2018-03-30T11:36:06.856+0000: 451.561: [DefNew: 143182K->10615K(153600K), 0.0268959 secs] 341482K->208915K(494976K), 0.0269655 secs] [Times: user=0.02 sys=0.01, real=0.03 secs] 
2018-03-30T11:36:09.916+0000: 454.620: [GC (Allocation Failure) 2018-03-30T11:36:09.916+0000: 454.620: [DefNew: 147191K->9528K(153600K), 0.0192437 secs] 345491K->210339K(494976K), 0.0193109 secs] [Times: user=0.01 sys=0.01, real=0.02 secs] 
2018-03-30T11:36:12.781+0000: 457.486: [GC (Allocation Failure) 2018-03-30T11:36:12.781+0000: 457.486: [DefNew: 146104K->6667K(153600K), 0.0184644 secs] 346915K->208429K(494976K), 0.0185255 secs] [Times: user=0.02 sys=0.00, real=0.02 secs] 
2018-03-30T11:36:15.517+0000: 460.221: [GC (Allocation Failure) 2018-03-30T11:36:15.517+0000: 460.221: [DefNew: 134021K->7740K(153600K), 0.0152703 secs] 335783K->209502K(494976K), 0.0153373 secs] [Times: user=0.01 sys=0.00, real=0.01 secs] 
2018-03-30T11:36:18.009+0000: 462.714: [GC (Allocation Failure) 2018-03-30T11:36:18.009+0000: 462.714: [DefNew: 138498K->8974K(153600K), 0.0154784 secs] 340260K->210736K(494976K), 0.0155431 secs] [Times: user=0.02 sys=0.00, real=0.02 secs] 
2018-03-30T11:36:20.844+0000: 465.548: [GC (Allocation Failure) 2018-03-30T11:36:20.844+0000: 465.548: [DefNew: 145550K->11631K(153600K), 0.0298462 secs] 347312K->213924K(494976K), 0.0299402 secs] [Times: user=0.03 sys=0.00, real=0.02 secs] 
2018-03-30T11:36:23.806+0000: 468.510: [GC (Allocation Failure) 2018-03-30T11:36:23.806+0000: 468.510: [DefNew: 148207K->5532K(153600K), 0.0233466 secs] 350500K->212380K(494976K), 0.0234186 secs] [Times: user=0.02 sys=0.00, real=0.02 secs] 
2018-03-30T11:36:26.409+0000: 471.114: [GC (Allocation Failure) 2018-03-30T11:36:26.409+0000: 471.114: [DefNew: 132132K->6561K(153600K), 0.0081845 secs] 338981K->213409K(494976K), 0.0082484 secs] [Times: user=0.01 sys=0.00, real=0.01 secs] 
2018-03-30T11:36:29.300+0000: 474.005: [GC (Allocation Failure) 2018-03-30T11:36:29.300+0000: 474.005: [DefNew: 143137K->8020K(153600K), 0.0098749 secs] 349985K->214869K(494976K), 0.0099467 secs] [Times: user=0.02 sys=0.00, real=0.01 secs] 
2018-03-30T11:36:32.324+0000: 477.028: [GC (Allocation Failure) 2018-03-30T11:36:32.324+0000: 477.028: [DefNew: 144596K->10244K(153600K), 0.0126298 secs] 351445K->217092K(494976K), 0.0126929 secs] [Times: user=0.02 sys=0.00, real=0.01 secs] 
2018-03-30T11:36:35.311+0000: 480.015: [GC (Allocation Failure) 2018-03-30T11:36:35.311+0000: 480.015: [DefNew: 146820K->8076K(153600K), 0.0128423 secs] 353668K->216975K(494976K), 0.0129036 secs] [Times: user=0.02 sys=0.00, real=0.02 secs] 
2018-03-30T11:36:37.853+0000: 482.558: [GC (Allocation Failure) 2018-03-30T11:36:37.853+0000: 482.558: [DefNew: 144652K->11928K(153600K), 0.0166838 secs] 353551K->220826K(494976K), 0.0167707 secs] [Times: user=0.02 sys=0.00, real=0.02 secs] 
2018-03-30T11:36:40.299+0000: 485.004: [GC (Allocation Failure) 2018-03-30T11:36:40.299+0000: 485.004: [DefNew: 148504K->5710K(153600K), 0.0118944 secs] 357402K->218061K(494976K), 0.0119529 secs] [Times: user=0.02 sys=0.00, real=0.01 secs] 
2018-03-30T11:36:43.024+0000: 487.729: [GC (Allocation Failure) 2018-03-30T11:36:43.024+0000: 487.729: [DefNew: 139862K->6919K(153600K), 0.0132467 secs] 352213K->219270K(494976K), 0.0133047 secs] [Times: user=0.02 sys=0.00, real=0.01 secs] 
2018-03-30T11:36:45.522+0000: 490.227: [GC (Allocation Failure) 2018-03-30T11:36:45.522+0000: 490.227: [DefNew: 138797K->8171K(153600K), 0.0181190 secs] 351148K->220522K(494976K), 0.0181790 secs] [Times: user=0.02 sys=0.00, real=0.01 secs] 
2018-03-30T11:36:48.172+0000: 492.876: [GC (Allocation Failure) 2018-03-30T11:36:48.172+0000: 492.876: [DefNew: 144747K->9232K(153600K), 0.0176711 secs] 357098K->221583K(494976K), 0.0177271 secs] [Times: user=0.01 sys=0.00, real=0.02 secs] 
2018-03-30T11:36:50.998+0000: 495.703: [GC (Allocation Failure) 2018-03-30T11:36:50.998+0000: 495.703: [DefNew: 135346K->8486K(153600K), 0.0244273 secs] 347697K->221937K(494976K), 0.0245024 secs] [Times: user=0.03 sys=0.00, real=0.03 secs] 
2018-03-30T11:36:53.811+0000: 498.516: [GC (Allocation Failure) 2018-03-30T11:36:53.811+0000: 498.516: [DefNew: 145062K->10815K(153600K), 0.0145583 secs] 358513K->224267K(494976K), 0.0146100 secs] [Times: user=0.02 sys=0.00, real=0.02 secs] 
2018-03-30T11:36:56.024+0000: 500.729: [GC (Allocation Failure) 2018-03-30T11:36:56.024+0000: 500.729: [DefNew: 145527K->8290K(153600K), 0.0176203 secs] 358978K->224020K(494976K), 0.0177052 secs] [Times: user=0.02 sys=0.00, real=0.01 secs] 
2018-03-30T11:36:58.356+0000: 503.060: [GC (Allocation Failure) 2018-03-30T11:36:58.356+0000: 503.060: [DefNew: 144866K->12623K(153600K), 0.0288168 secs] 360596K->228353K(494976K), 0.0289069 secs] [Times: user=0.03 sys=0.00, real=0.03 secs] 
2018-03-30T11:37:01.306+0000: 506.010: [GC (Allocation Failure) 2018-03-30T11:37:01.306+0000: 506.010: [DefNew: 149199K->5541K(153600K), 0.0250066 secs] 364929K->225898K(494976K), 0.0250828 secs] [Times: user=0.02 sys=0.00, real=0.02 secs] 
2018-03-30T11:37:03.806+0000: 508.510: [GC (Allocation Failure) 2018-03-30T11:37:03.806+0000: 508.510: [DefNew: 142117K->7444K(153600K), 0.0178719 secs] 362474K->227800K(494976K), 0.0179336 secs] [Times: user=0.02 sys=0.00, real=0.02 secs] 
2018-03-30T11:37:06.809+0000: 511.513: [GC (Allocation Failure) 2018-03-30T11:37:06.809+0000: 511.513: [DefNew: 144020K->8580K(153600K), 0.0103542 secs] 364376K->228936K(494976K), 0.0104204 secs] [Times: user=0.02 sys=0.00, real=0.01 secs] 
2018-03-30T11:37:09.417+0000: 514.121: [GC (Allocation Failure) 2018-03-30T11:37:09.417+0000: 514.121: [DefNew: 140849K->6967K(153600K), 0.0109704 secs] 361205K->228773K(494976K), 0.0110347 secs] [Times: user=0.01 sys=0.00, real=0.01 secs] 
2018-03-30T11:37:11.904+0000: 516.609: [GC (Allocation Failure) 2018-03-30T11:37:11.904+0000: 516.609: [DefNew: 140253K->8555K(153600K), 0.0107748 secs] 362059K->230362K(494976K), 0.0108350 secs] [Times: user=0.01 sys=0.00, real=0.01 secs] 
2018-03-30T11:37:14.409+0000: 519.114: [GC (Allocation Failure) 2018-03-30T11:37:14.409+0000: 519.114: [DefNew: 142273K->8461K(153600K), 0.0110645 secs] 364079K->230959K(494976K), 0.0111224 secs] [Times: user=0.00 sys=0.00, real=0.01 secs] 
2018-03-30T11:37:16.902+0000: 521.607: [GC (Allocation Failure) 2018-03-30T11:37:16.902+0000: 521.607: [DefNew: 142690K->10298K(153600K), 0.0122495 secs] 365188K->232796K(494976K), 0.0123079 secs] [Times: user=0.01 sys=0.00, real=0.01 secs] 
2018-03-30T11:37:19.398+0000: 524.102: [GC (Allocation Failure) 2018-03-30T11:37:19.398+0000: 524.102: [DefNew: 137781K->8644K(153600K), 0.0127969 secs] 360279K->233156K(494976K), 0.0128591 secs] [Times: user=0.01 sys=0.01, real=0.01 secs] 
2018-03-30T11:37:21.812+0000: 526.516: [GC (Allocation Failure) 2018-03-30T11:37:21.812+0000: 526.516: [DefNew: 145220K->9702K(153600K), 0.0134283 secs] 369732K->235364K(494976K), 0.0135047 secs] [Times: user=0.02 sys=0.00, real=0.02 secs] 
2018-03-30T11:37:24.417+0000: 529.122: [GC (Allocation Failure) 2018-03-30T11:37:24.417+0000: 529.122: [DefNew: 145847K->6521K(153600K), 0.0107339 secs] 371509K->234830K(494976K), 0.0107976 secs] [Times: user=0.02 sys=0.00, real=0.01 secs] 
11:37:26.819 [Client] INFO  c.s.f.r.e.s.SocketRear  - FlameSocketGraphDeployerRear@10.0.0.173: has been disconnected from Connection 10
2018-03-30T11:37:26.910+0000: 531.615: [GC (Allocation Failure) 2018-03-30T11:37:26.910+0000: 531.615: [DefNew: 138881K->7864K(153600K), 0.0100257 secs] 367190K->236173K(494976K), 0.0100878 secs] [Times: user=0.02 sys=0.00, real=0.01 secs] 
11:37:39.339 [worker-akka.actor.default-dispatcher-5] INFO  a.a.CoordinatedShutdown CoordinatedShutdown(akka://worker) - Starting coordinated shutdown from JVM shutdown hook
11:37:39.355 [worker-akka.actor.default-dispatcher-11] INFO  a.a.LocalActorRef akka://worker/user/watcher/graph_at_0/negotiator - Stopped
11:37:39.355 [worker-akka.actor.default-dispatcher-11] INFO  a.a.LocalActorRef akka://worker/user/watcher/graph_at_0/edge/FlameSocketGraphDeployerFront - Stopped
11:37:39.355 [worker-akka.actor.default-dispatcher-11] INFO  a.a.LocalActorRef akka://worker/user/watcher/graph_at_0/edge/FlameSocketGraphDeployerRear - Stopped
11:37:39.356 [worker-akka.actor.default-dispatcher-10] INFO  a.a.LocalActorRef akka://worker/user/watcher/graph_at_0/edge - Stopped
11:37:39.358 [worker-akka.actor.default-dispatcher-16] INFO  a.a.LocalActorRef akka://worker/user/watcher/graph_at_0/graph/$a - Stopped
11:37:39.358 [worker-akka.actor.default-dispatcher-16] INFO  a.a.LocalActorRef akka://worker/user/watcher/graph_at_0/graph/$b - Stopped
11:37:39.359 [worker-akka.actor.default-dispatcher-16] INFO  a.a.LocalActorRef akka://worker/user/watcher/graph_at_0/graph/$c - Stopped
11:37:39.359 [worker-akka.actor.default-dispatcher-16] INFO  a.a.LocalActorRef akka://worker/user/watcher/graph_at_0/graph/local-acker/$a - Stopped
11:37:39.360 [worker-akka.actor.default-dispatcher-10] INFO  a.a.LocalActorRef akka://worker/user/watcher/graph_at_0/graph/local-acker/$a - Message [com.spbsu.flamestream.runtime.utils.akka.PingActor$InnerPing] from Actor[akka://worker/user/watcher/graph_at_0/graph/local-acker/$a#698408970] to Actor[akka://worker/user/watcher/graph_at_0/graph/local-acker/$a#698408970] was not delivered. [1] dead letters encountered. This logging can be turned off or adjusted with configuration settings 'akka.log-dead-letters' and 'akka.log-dead-letters-during-shutdown'.
11:37:39.362 [worker-akka.actor.default-dispatcher-4] INFO  a.a.LocalActorRef akka://worker/user/watcher/graph_at_0/graph/local-acker - Stopped
11:37:39.362 [worker-akka.actor.default-dispatcher-4] INFO  a.a.LocalActorRef akka://worker/user/watcher/graph_at_0/graph - Stopped
11:37:39.363 [worker-akka.actor.default-dispatcher-4] INFO  a.a.LocalActorRef akka://worker/user/watcher/graph_at_0/graph/local-acker/$a - Message [com.spbsu.flamestream.runtime.utils.akka.PingActor$Stop] from Actor[akka://worker/user/watcher/graph_at_0/graph/local-acker#1939165595] to Actor[akka://worker/user/watcher/graph_at_0/graph/local-acker/$a#698408970] was not delivered. [2] dead letters encountered. This logging can be turned off or adjusted with configuration settings 'akka.log-dead-letters' and 'akka.log-dead-letters-during-shutdown'.
11:37:39.365 [worker-akka.actor.default-dispatcher-9] INFO  a.a.LocalActorRef akka://worker/user/watcher/graph_at_0 - Stopped
11:37:39.366 [worker-akka.actor.default-dispatcher-11] INFO  a.a.RepointableActorRef akka://worker/user/watcher - Stopped
11:37:39.369 [worker-akka.actor.default-dispatcher-3-EventThread] INFO  o.a.z.ClientCnxn  - EventThread shut down for session: 0x16276a9cd3d000c
11:37:39.371 [worker-akka.actor.default-dispatcher-9] INFO  o.a.z.ZooKeeper  - Session: 0x16276a9cd3d000c closed
11:37:39.382 [worker-akka.actor.default-dispatcher-19] INFO  a.r.RemoteActorRefProvider$RemotingTerminator akka://worker@10.0.0.173:5412/system/remoting-terminator - Shutting down remote daemon.
11:37:39.382 [worker-akka.actor.default-dispatcher-19] INFO  a.r.RemoteActorRefProvider$RemotingTerminator akka://worker@10.0.0.173:5412/system/remoting-terminator - Remote daemon shut down; proceeding with flushing remote transports.
11:37:40.533 [worker-akka.actor.default-dispatcher-10] INFO  a.r.RemoteActorRefProvider$RemotingTerminator akka://worker@10.0.0.173:5412/system/remoting-terminator - Remoting shut down.
Heap
 def new generation   total 153600K, used 56985K [0x00000000e0c00000, 0x00000000eb2a0000, 0x00000000eb2a0000)
  eden space 136576K,  35% used [0x00000000e0c00000, 0x00000000e3bf8268, 0x00000000e9160000)
  from space 17024K,  46% used [0x00000000e9160000, 0x00000000e990e308, 0x00000000ea200000)
  to   space 17024K,   0% used [0x00000000ea200000, 0x00000000ea200000, 0x00000000eb2a0000)
 tenured generation   total 341376K, used 228308K [0x00000000eb2a0000, 0x0000000100000000, 0x0000000100000000)
   the space 341376K,  66% used [0x00000000eb2a0000, 0x00000000f91953a0, 0x00000000f9195400, 0x0000000100000000)
 Metaspace       used 34382K, capacity 35272K, committed 35456K, reserved 1079296K
  class space    used 4533K, capacity 4703K, committed 4736K, reserved 1048576K
