11:39:30.241 [main] INFO  c.s.f.r.a.WorkerApplication  - Starting worker with id: '172.31.47.83', host: '172.31.47.83:5412', zkString: '172.31.34.147:2181'
11:39:31.265 [worker-akka.actor.default-dispatcher-2] INFO  a.e.s.Slf4jLogger  - Slf4jLogger started
2018-02-15T11:39:31.429+0000: 2.344: [Full GC (Metadata GC Threshold) 2018-02-15T11:39:31.429+0000: 2.344: [Tenured: 0K->15387K(341376K), 0.0463276 secs] 117591K->15387K(494976K), [Metaspace: 20874K->20874K(1067008K)], 0.0464052 secs] [Times: user=0.04 sys=0.01, real=0.05 secs] 
11:39:31.840 [worker-akka.actor.default-dispatcher-2] INFO  a.r.a.ArteryTransport(akka://worker) akka.remote.artery.ArteryTransport(akka://worker) - Started embedded media driver in directory [/dev/shm/aeron-root-worker-d4110cd4-20dd-41bb-9137-4e767f00284d]
11:39:32.074 [worker-akka.actor.default-dispatcher-2] INFO  a.r.a.ArteryTransport(akka://worker) akka.remote.artery.ArteryTransport(akka://worker) - Remoting started; listening on address: [akka://worker@172.31.47.83:5412] with UID [4428598517927307981]
11:39:32.181 [worker-akka.actor.default-dispatcher-2] INFO  o.a.z.ZooKeeper  - Client environment:zookeeper.version=3.4.9-1757313, built on 08/23/2016 06:50 GMT
11:39:32.181 [worker-akka.actor.default-dispatcher-2] INFO  o.a.z.ZooKeeper  - Client environment:host.name=ip-172-31-47-83.us-east-2.compute.internal
11:39:32.182 [worker-akka.actor.default-dispatcher-2] INFO  o.a.z.ZooKeeper  - Client environment:java.version=1.8.0_151
11:39:32.182 [worker-akka.actor.default-dispatcher-2] INFO  o.a.z.ZooKeeper  - Client environment:java.vendor=Oracle Corporation
11:39:32.182 [worker-akka.actor.default-dispatcher-2] INFO  o.a.z.ZooKeeper  - Client environment:java.home=/usr/lib/jvm/java-8-openjdk-amd64/jre
11:39:32.182 [worker-akka.actor.default-dispatcher-2] INFO  o.a.z.ZooKeeper  - Client environment:java.class.path=lib/commons-cli-1.4.jar:lib/minlog-1.3.0.jar:lib/asm-5.0.4.jar:lib/hadoop-annotations-2.7.3.jar:lib/hadoop-auth-2.7.3.jar:lib/akka-slf4j_2.11-2.5.6.jar:lib/jersey-core-1.9.jar:lib/lz4-1.3.0.jar:lib/jackson-core-asl-1.9.13.jar:lib/aeron-client-1.3.0.jar:lib/htrace-core-3.1.0-incubating.jar:lib/xz-1.0.jar:lib/commons-httpclient-3.1.jar:lib/asm-3.1.jar:lib/commons-lang3-3.4.jar:lib/scala-library-2.11.11.jar:lib/scala-java8-compat_2.11-0.7.0.jar:lib/commons-configuration-1.6.jar:lib/objenesis-2.1.jar:lib/jackson-annotations-2.8.0.jar:lib/jsr305-3.0.0.jar:lib/curator-framework-2.7.1.jar:lib/jersey-server-1.9.jar:lib/jets3t-0.9.0.jar:lib/leveldb-0.7.jar:lib/jetty-6.1.26.jar:lib/stax-api-1.0-2.jar:lib/flamestream-core-1.0-SNAPSHOT.jar:lib/reflectasm-1.07-shaded.jar:lib/apacheds-kerberos-codec-2.0.0-M15.jar:lib/api-asn1-api-1.0.0-M20.jar:lib/commons-lang-2.6.jar:lib/commons-beanutils-1.7.0.jar:lib/jackson-xc-1.8.3.jar:lib/jetty-util-6.1.26.jar:lib/logback-classic-1.2.3.jar:lib/jool-0.9.12.jar:lib/flamestream-runtime-1.0-SNAPSHOT-tests.jar:lib/httpcore-4.1.2.jar:lib/kryo-4.0.0.jar:lib/ant-1.8.1.jar:lib/jaxb-impl-2.2.3-1.jar:lib/jersey-json-1.9.jar:lib/commons-compress-1.4.1.jar:lib/leveldbjni-all-1.8.jar:lib/paranamer-2.3.jar:lib/jackson-core-2.8.4.jar:lib/commons-math3-3.6.1.jar:lib/scala-parser-combinators_2.11-1.0.4.jar:lib/netty-3.10.6.Final.jar:lib/trove4j-3.0.3.jar:lib/jaxb-api-2.2.2.jar:lib/logback-core-1.2.3.jar:lib/snappy-java-1.0.4.1.jar:lib/protobuf-java-2.5.0.jar:lib/reactive-streams-1.0.1.jar:lib/flamestream-examples-1.0-SNAPSHOT.jar:lib/commons-codec-1.4.jar:lib/activation-1.1.jar:lib/commons-net-3.1.jar:lib/curator-recipes-2.7.1.jar:lib/jackson-mapper-asl-1.9.13.jar:lib/jackson-databind-2.8.4.jar:lib/flamestream-runtime-1.0-SNAPSHOT.jar:lib/jackson-jaxrs-1.8.3.jar:lib/slf4j-api-1.7.24.jar:lib/akka-remote_2.11-2.5.6.jar:lib/akka-testkit_2.11-2.5.6.jar:lib/jline-0.9.94.jar:lib/akka-stream_2.11-2.5.6.jar:lib/jsp-api-2.1.jar:lib/kryonet-2.21.jar:lib/akka-kryo-serialization_2.11-0.5.0.jar:lib/config-1.3.1.jar:lib/ant-launcher-1.8.1.jar:lib/commons-logging-1.2.jar:lib/ssl-config-core_2.11-0.2.2.jar:lib/testng-6.10.jar:lib/guava-19.0.jar:lib/leveldb-api-0.7.jar:lib/reflectasm-1.11.3.jar:lib/jcommander-1.48.jar:lib/commons-1.1.jar:lib/commons-digester-1.8.jar:lib/minlog-1.2.jar:lib/java-xmlbuilder-0.4.jar:lib/jettison-1.1.jar:lib/gson-2.2.4.jar:lib/jdk.tools-1.8.jar:lib/aeron-driver-1.3.0.jar:lib/zookeeper-3.4.9.jar:lib/commons-beanutils-core-1.8.0.jar:lib/commons-math3-3.1.1.jar:lib/akka-actor_2.11-2.5.6.jar:lib/curator-client-2.7.1.jar:lib/servlet-api-2.5.jar:lib/apacheds-i18n-2.0.0-M15.jar:lib/commons-io-2.4.jar:lib/commons-codec-1.6.jar:lib/akka-protobuf_2.11-2.5.6.jar:lib/jdom-2.0.2.jar:lib/api-util-1.0.0-M20.jar:lib/hadoop-common-2.7.3.jar:lib/agrona-0.9.6.jar:lib/xmlenc-0.52.jar:lib/guava-21.0.jar:lib/commons-collections-3.2.2.jar:lib/avro-1.7.4.jar:lib/commons-1.0-SNAPSHOT.jar:lib/httpclient-4.1.2.jar:lib/flamestream-core-1.0-SNAPSHOT-tests.jar:lib/annotations-12.0.jar:lib/jsch-0.1.42.jar:flamestream-runtime-1.0-SNAPSHOT.jar
11:39:32.182 [worker-akka.actor.default-dispatcher-2] INFO  o.a.z.ZooKeeper  - Client environment:java.library.path=/usr/java/packages/lib/amd64:/usr/lib/x86_64-linux-gnu/jni:/lib/x86_64-linux-gnu:/usr/lib/x86_64-linux-gnu:/usr/lib/jni:/lib:/usr/lib
11:39:32.182 [worker-akka.actor.default-dispatcher-2] INFO  o.a.z.ZooKeeper  - Client environment:java.io.tmpdir=/tmp
11:39:32.182 [worker-akka.actor.default-dispatcher-2] INFO  o.a.z.ZooKeeper  - Client environment:java.compiler=<NA>
11:39:32.182 [worker-akka.actor.default-dispatcher-2] INFO  o.a.z.ZooKeeper  - Client environment:os.name=Linux
11:39:32.182 [worker-akka.actor.default-dispatcher-2] INFO  o.a.z.ZooKeeper  - Client environment:os.arch=amd64
11:39:32.182 [worker-akka.actor.default-dispatcher-2] INFO  o.a.z.ZooKeeper  - Client environment:os.version=4.4.0-1049-aws
11:39:32.183 [worker-akka.actor.default-dispatcher-2] INFO  o.a.z.ZooKeeper  - Client environment:user.name=root
11:39:32.183 [worker-akka.actor.default-dispatcher-2] INFO  o.a.z.ZooKeeper  - Client environment:user.home=/root
11:39:32.184 [worker-akka.actor.default-dispatcher-2] INFO  o.a.z.ZooKeeper  - Client environment:user.dir=/opt/flamestream
11:39:32.189 [worker-akka.actor.default-dispatcher-2] INFO  o.a.z.ZooKeeper  - Initiating client connection, connectString=172.31.34.147:2181 sessionTimeout=5000 watcher=com.spbsu.flamestream.runtime.application.LifecycleWatcher$$Lambda$29/801066142@59ccea0d
11:39:32.226 [worker-akka.actor.default-dispatcher-2] INFO  a.a.RepointableActorRef akka://worker/user/watcher - Starting...
11:39:32.229 [worker-akka.actor.default-dispatcher-2-SendThread(172.31.34.147:2181)] INFO  o.a.z.ClientCnxn  - Opening socket connection to server 172.31.34.147/172.31.34.147:2181. Will not attempt to authenticate using SASL (unknown error)
11:39:32.234 [worker-akka.actor.default-dispatcher-2-SendThread(172.31.34.147:2181)] INFO  o.a.z.ClientCnxn  - Socket connection established to 172.31.34.147/172.31.34.147:2181, initiating session
11:39:32.242 [worker-akka.actor.default-dispatcher-2-SendThread(172.31.34.147:2181)] INFO  o.a.z.ClientCnxn  - Session establishment complete on server 172.31.34.147/172.31.34.147:2181, sessionid = 0x161994201fa000c, negotiated timeout = 6000
11:39:32.330 [worker-akka.actor.default-dispatcher-2] INFO  a.a.RepointableActorRef akka://worker/user/watcher - Connected to ZK
11:39:42.793 [worker-akka.actor.default-dispatcher-2] INFO  a.a.RepointableActorRef akka://worker/user/watcher - Creating node with watchGraphs: 'com.spbsu.flamestream.core.Graph$Builder$MyGraph@8b81974', config: 'ClusterConfig{paths={172.31.33.155=akka://worker@172.31.33.155:5412/user/watcher/graph0000000000, 172.31.47.83=akka://worker@172.31.47.83:5412/user/watcher/graph0000000000, 172.31.45.197=akka://worker@172.31.45.197:5412/user/watcher/graph0000000000, 172.31.42.36=akka://worker@172.31.42.36:5412/user/watcher/graph0000000000, 172.31.44.83=akka://worker@172.31.44.83:5412/user/watcher/graph0000000000, 172.31.39.64=akka://worker@172.31.39.64:5412/user/watcher/graph0000000000, 172.31.35.79=akka://worker@172.31.35.79:5412/user/watcher/graph0000000000, 172.31.34.169=akka://worker@172.31.34.169:5412/user/watcher/graph0000000000, 172.31.47.100=akka://worker@172.31.47.100:5412/user/watcher/graph0000000000, 172.31.37.101=akka://worker@172.31.37.101:5412/user/watcher/graph0000000000}, ackerLocation='172.31.35.79', props=ComputationLayout{ranges={172.31.33.155=HashRange{from=1670265056, to=2147483644}, 172.31.47.83=HashRange{from=715827880, to=1193046468}, 172.31.45.197=HashRange{from=-1670265060, to=-1193046472}, 172.31.42.36=HashRange{from=238609292, to=715827880}, 172.31.44.83=HashRange{from=-1193046472, to=-715827884}, 172.31.39.64=HashRange{from=-238609296, to=238609292}, 172.31.35.79=HashRange{from=0, to=0}, 172.31.34.169=HashRange{from=1193046468, to=1670265056}, 172.31.47.100=HashRange{from=-715827884, to=-238609296}, 172.31.37.101=HashRange{from=-2147483648, to=-1670265060}}}}'
11:39:43.596 [worker-akka.actor.default-dispatcher-2] INFO  a.a.LocalActorRef akka://worker/user/watcher/graph0000000000/graph - Starting...
11:39:43.603 [worker-akka.actor.default-dispatcher-2] INFO  a.a.LocalActorRef akka://worker/user/watcher/graph0000000000/graph/local-acker/$a - Starting...
11:39:43.605 [worker-akka.actor.default-dispatcher-2] INFO  a.a.LocalActorRef akka://worker/user/watcher/graph0000000000/graph/local-acker - Starting...
Warning: space is running low in /dev/shm (tmpfs) threshold=167,772,160 usable=158,621,696
Warning: space is running low in /dev/shm (tmpfs) threshold=167,772,160 usable=146,034,688
Warning: space is running low in /dev/shm (tmpfs) threshold=167,772,160 usable=133,447,680
Warning: space is running low in /dev/shm (tmpfs) threshold=167,772,160 usable=120,860,672
Warning: space is running low in /dev/shm (tmpfs) threshold=167,772,160 usable=108,273,664
Warning: space is running low in /dev/shm (tmpfs) threshold=167,772,160 usable=95,686,656
Warning: space is running low in /dev/shm (tmpfs) threshold=167,772,160 usable=83,099,648
Warning: space is running low in /dev/shm (tmpfs) threshold=167,772,160 usable=70,512,640
11:39:44.469 [worker-akka.actor.default-dispatcher-2] INFO  a.a.LocalActorRef akka://worker/user/watcher/graph0000000000/graph - Finishing constructor
11:39:44.470 [worker-akka.actor.default-dispatcher-2] INFO  a.a.LocalActorRef akka://worker/user/watcher/graph0000000000 - Starting...
11:39:44.471 [worker-akka.actor.default-dispatcher-2] INFO  a.a.LocalActorRef akka://worker/user/watcher/graph0000000000/negotiator - Starting...
11:39:44.539 [worker-akka.actor.default-dispatcher-2] INFO  a.a.LocalActorRef akka://worker/user/watcher/graph0000000000/edge - Starting...
11:39:44.541 [worker-akka.actor.default-dispatcher-2] INFO  a.a.LocalActorRef akka://worker/user/watcher/graph0000000000/graph/$a - Starting...
11:39:44.541 [worker-akka.actor.default-dispatcher-2] INFO  a.a.LocalActorRef akka://worker/user/watcher/graph0000000000/graph/$b - Starting...
11:39:44.541 [worker-akka.actor.default-dispatcher-2] INFO  a.a.LocalActorRef akka://worker/user/watcher/graph0000000000/graph/$c - Starting...
11:39:44.572 [worker-akka.actor.default-dispatcher-2] INFO  c.s.f.r.e.s.SocketRear  - FlameSocketGraphDeployerRear@172.31.47.83: connecting to 172.31.34.147:5678
11:39:44.580 [worker-akka.actor.default-dispatcher-2] INFO  c.s.f.r.e.s.SocketRear  - FlameSocketGraphDeployerRear@172.31.47.83: connected to 172.31.34.147:5678
2018-02-15T11:39:44.587+0000: 15.502: [GC (Allocation Failure) 2018-02-15T11:39:44.587+0000: 15.502: [DefNew: 121874K->17023K(153600K), 0.0325839 secs] 137261K->43079K(494976K), 0.0326487 secs] [Times: user=0.02 sys=0.01, real=0.03 secs] 
11:39:44.642 [worker-akka.actor.default-dispatcher-2] INFO  a.a.LocalActorRef akka://worker/user/watcher/graph0000000000/edge/FlameSocketGraphDeployerRear - Starting...
11:39:44.644 [worker-akka.actor.default-dispatcher-2] INFO  a.a.LocalActorRef akka://worker/user/watcher/graph0000000000/edge/FlameSocketGraphDeployerFront - Starting...
11:39:44.644 [worker-akka.actor.default-dispatcher-2] INFO  a.a.LocalActorRef akka://worker/user/watcher/graph0000000000/negotiator - Requesting ticket for the frontClass FlameSocketGraphDeployerFront@172.31.47.83
11:39:44.663 [worker-akka.actor.default-dispatcher-2] INFO  a.a.LocalActorRef akka://worker/user/watcher/graph0000000000/negotiator - Ticket for the frontClass received: FrontTicket{allowedTimestamp=(1518694782799, FlameSocketGraphDeployerFront@172.31.47.83)}
11:39:44.664 [worker-akka.actor.default-dispatcher-2] INFO  c.s.f.r.e.s.SocketFront  - FlameSocketGraphDeployerFront@172.31.47.83: connecting to 172.31.34.147:4567
11:39:44.686 [Client] INFO  c.s.f.r.e.s.SocketFront  - FlameSocketGraphDeployerFront@172.31.47.83 has been disconnected from Connection 3
2018-02-15T11:39:58.645+0000: 29.560: [GC (Allocation Failure) 2018-02-15T11:39:58.645+0000: 29.560: [DefNew: 153599K->3714K(153600K), 0.0834569 secs] 179655K->66286K(494976K), 0.0835575 secs] [Times: user=0.02 sys=0.06, real=0.08 secs] 
2018-02-15T11:40:16.445+0000: 47.360: [GC (Allocation Failure) 2018-02-15T11:40:16.445+0000: 47.360: [DefNew: 140290K->5389K(153600K), 0.0149420 secs] 202862K->67961K(494976K), 0.0150172 secs] [Times: user=0.02 sys=0.00, real=0.01 secs] 
2018-02-15T11:40:32.483+0000: 63.398: [GC (Allocation Failure) 2018-02-15T11:40:32.483+0000: 63.398: [DefNew: 141965K->7380K(153600K), 0.0214952 secs] 204537K->69952K(494976K), 0.0215785 secs] [Times: user=0.02 sys=0.00, real=0.02 secs] 
2018-02-15T11:40:48.996+0000: 79.911: [GC (Allocation Failure) 2018-02-15T11:40:48.996+0000: 79.911: [DefNew: 143956K->8861K(153600K), 0.0186365 secs] 206528K->71433K(494976K), 0.0187129 secs] [Times: user=0.02 sys=0.00, real=0.02 secs] 
2018-02-15T11:41:04.035+0000: 94.949: [GC (Allocation Failure) 2018-02-15T11:41:04.035+0000: 94.949: [DefNew: 145437K->8713K(153600K), 0.0218325 secs] 208009K->73032K(494976K), 0.0219164 secs] [Times: user=0.03 sys=0.00, real=0.02 secs] 
2018-02-15T11:41:22.771+0000: 113.686: [GC (Allocation Failure) 2018-02-15T11:41:22.771+0000: 113.686: [DefNew: 145289K->8515K(153600K), 0.0192829 secs] 209608K->73917K(494976K), 0.0193629 secs] [Times: user=0.02 sys=0.00, real=0.02 secs] 
2018-02-15T11:41:42.190+0000: 133.104: [GC (Allocation Failure) 2018-02-15T11:41:42.190+0000: 133.104: [DefNew: 145091K->8533K(153600K), 0.0196395 secs] 210493K->75324K(494976K), 0.0197185 secs] [Times: user=0.02 sys=0.00, real=0.02 secs] 
2018-02-15T11:42:04.300+0000: 155.215: [GC (Allocation Failure) 2018-02-15T11:42:04.300+0000: 155.215: [DefNew: 145109K->9056K(153600K), 0.0211710 secs] 211900K->76953K(494976K), 0.0212627 secs] [Times: user=0.02 sys=0.00, real=0.02 secs] 
2018-02-15T11:42:19.301+0000: 170.216: [GC (Allocation Failure) 2018-02-15T11:42:19.301+0000: 170.216: [DefNew: 145632K->9098K(153600K), 0.0205126 secs] 213529K->78364K(494976K), 0.0205877 secs] [Times: user=0.02 sys=0.00, real=0.02 secs] 
2018-02-15T11:42:37.704+0000: 188.619: [GC (Allocation Failure) 2018-02-15T11:42:37.704+0000: 188.619: [DefNew: 145674K->9034K(153600K), 0.0196908 secs] 214940K->79422K(494976K), 0.0197705 secs] [Times: user=0.02 sys=0.00, real=0.02 secs] 
2018-02-15T11:42:57.785+0000: 208.700: [GC (Allocation Failure) 2018-02-15T11:42:57.786+0000: 208.700: [DefNew: 145610K->8848K(153600K), 0.0198325 secs] 215998K->80420K(494976K), 0.0199123 secs] [Times: user=0.02 sys=0.00, real=0.02 secs] 
2018-02-15T11:43:17.365+0000: 228.280: [GC (Allocation Failure) 2018-02-15T11:43:17.365+0000: 228.280: [DefNew: 145424K->8705K(153600K), 0.0191347 secs] 216996K->81799K(494976K), 0.0192110 secs] [Times: user=0.02 sys=0.00, real=0.02 secs] 
2018-02-15T11:43:33.452+0000: 244.366: [GC (Allocation Failure) 2018-02-15T11:43:33.452+0000: 244.366: [DefNew: 145281K->8444K(153600K), 0.0194640 secs] 218375K->82920K(494976K), 0.0195509 secs] [Times: user=0.02 sys=0.00, real=0.02 secs] 
2018-02-15T11:43:53.102+0000: 264.017: [GC (Allocation Failure) 2018-02-15T11:43:53.102+0000: 264.017: [DefNew: 145020K->9713K(153600K), 0.0177894 secs] 219496K->84190K(494976K), 0.0178608 secs] [Times: user=0.01 sys=0.00, real=0.02 secs] 
2018-02-15T11:44:15.184+0000: 286.098: [GC (Allocation Failure) 2018-02-15T11:44:15.184+0000: 286.099: [DefNew: 146289K->9297K(153600K), 0.0220304 secs] 220766K->85817K(494976K), 0.0221066 secs] [Times: user=0.02 sys=0.00, real=0.02 secs] 
2018-02-15T11:44:29.489+0000: 300.403: [GC (Allocation Failure) 2018-02-15T11:44:29.489+0000: 300.403: [DefNew: 145873K->9336K(153600K), 0.0244211 secs] 222393K->86886K(494976K), 0.0244981 secs] [Times: user=0.02 sys=0.00, real=0.02 secs] 
2018-02-15T11:44:48.872+0000: 319.787: [GC (Allocation Failure) 2018-02-15T11:44:48.872+0000: 319.787: [DefNew: 145912K->9888K(153600K), 0.0211499 secs] 223462K->88466K(494976K), 0.0212270 secs] [Times: user=0.02 sys=0.00, real=0.02 secs] 
2018-02-15T11:45:11.233+0000: 342.148: [GC (Allocation Failure) 2018-02-15T11:45:11.233+0000: 342.148: [DefNew: 146464K->8196K(153600K), 0.0221282 secs] 225042K->89182K(494976K), 0.0222141 secs] [Times: user=0.02 sys=0.00, real=0.03 secs] 
2018-02-15T11:45:30.818+0000: 361.733: [GC (Allocation Failure) 2018-02-15T11:45:30.818+0000: 361.733: [DefNew: 144772K->9585K(153600K), 0.0173964 secs] 225758K->90571K(494976K), 0.0174933 secs] [Times: user=0.02 sys=0.00, real=0.02 secs] 
2018-02-15T11:45:48.027+0000: 378.942: [GC (Allocation Failure) 2018-02-15T11:45:48.027+0000: 378.942: [DefNew: 146161K->8800K(153600K), 0.0220844 secs] 227147K->92042K(494976K), 0.0221640 secs] [Times: user=0.02 sys=0.00, real=0.02 secs] 
2018-02-15T11:46:01.807+0000: 392.722: [GC (Allocation Failure) 2018-02-15T11:46:01.808+0000: 392.722: [DefNew: 145376K->8482K(153600K), 0.0204586 secs] 228618K->92985K(494976K), 0.0205331 secs] [Times: user=0.02 sys=0.00, real=0.02 secs] 
2018-02-15T11:46:17.094+0000: 408.009: [GC (Allocation Failure) 2018-02-15T11:46:17.094+0000: 408.009: [DefNew: 145058K->10052K(153600K), 0.0187480 secs] 229561K->94555K(494976K), 0.0188247 secs] [Times: user=0.02 sys=0.00, real=0.02 secs] 
2018-02-15T11:46:35.740+0000: 426.655: [GC (Allocation Failure) 2018-02-15T11:46:35.740+0000: 426.655: [DefNew: 146628K->9870K(153600K), 0.0227856 secs] 231131K->96610K(494976K), 0.0228614 secs] [Times: user=0.02 sys=0.00, real=0.03 secs] 
2018-02-15T11:46:53.062+0000: 443.977: [GC (Allocation Failure) 2018-02-15T11:46:53.062+0000: 443.977: [DefNew: 146446K->8952K(153600K), 0.0218350 secs] 233186K->98205K(494976K), 0.0219130 secs] [Times: user=0.02 sys=0.00, real=0.03 secs] 
2018-02-15T11:47:10.754+0000: 461.669: [GC (Allocation Failure) 2018-02-15T11:47:10.754+0000: 461.669: [DefNew: 145528K->8366K(153600K), 0.0340885 secs] 234781K->99904K(494976K), 0.0341649 secs] [Times: user=0.02 sys=0.01, real=0.04 secs] 
2018-02-15T11:47:29.286+0000: 480.201: [GC (Allocation Failure) 2018-02-15T11:47:29.286+0000: 480.201: [DefNew: 144942K->10072K(153600K), 0.0185003 secs] 236480K->101610K(494976K), 0.0185765 secs] [Times: user=0.02 sys=0.00, real=0.02 secs] 
2018-02-15T11:47:47.542+0000: 498.457: [GC (Allocation Failure) 2018-02-15T11:47:47.542+0000: 498.457: [DefNew: 146648K->8220K(153600K), 0.0219588 secs] 238186K->102699K(494976K), 0.0220458 secs] [Times: user=0.02 sys=0.00, real=0.03 secs] 
2018-02-15T11:48:05.209+0000: 516.124: [GC (Allocation Failure) 2018-02-15T11:48:05.209+0000: 516.124: [DefNew: 144796K->9673K(153600K), 0.0177267 secs] 239275K->104152K(494976K), 0.0178061 secs] [Times: user=0.02 sys=0.00, real=0.02 secs] 
2018-02-15T11:48:22.646+0000: 533.560: [GC (Allocation Failure) 2018-02-15T11:48:22.646+0000: 533.560: [DefNew: 146249K->9871K(153600K), 0.0196122 secs] 240728K->105487K(494976K), 0.0196888 secs] [Times: user=0.02 sys=0.00, real=0.02 secs] 
2018-02-15T11:48:40.210+0000: 551.124: [GC (Allocation Failure) 2018-02-15T11:48:40.210+0000: 551.124: [DefNew: 146447K->11725K(153600K), 0.0246468 secs] 242063K->108533K(494976K), 0.0247318 secs] [Times: user=0.02 sys=0.00, real=0.02 secs] 
2018-02-15T11:48:58.375+0000: 569.290: [GC (Allocation Failure) 2018-02-15T11:48:58.375+0000: 569.290: [DefNew: 148301K->8931K(153600K), 0.0209631 secs] 245109K->108406K(494976K), 0.0210376 secs] [Times: user=0.02 sys=0.00, real=0.02 secs] 
2018-02-15T11:49:13.564+0000: 584.479: [GC (Allocation Failure) 2018-02-15T11:49:13.564+0000: 584.479: [DefNew: 145507K->9045K(153600K), 0.0199072 secs] 244982K->110164K(494976K), 0.0199936 secs] [Times: user=0.02 sys=0.00, real=0.02 secs] 
2018-02-15T11:49:31.312+0000: 602.226: [GC (Allocation Failure) 2018-02-15T11:49:31.312+0000: 602.226: [DefNew: 145621K->9076K(153600K), 0.0196822 secs] 246740K->111711K(494976K), 0.0197594 secs] [Times: user=0.02 sys=0.00, real=0.02 secs] 
2018-02-15T11:49:47.885+0000: 618.799: [GC (Allocation Failure) 2018-02-15T11:49:47.885+0000: 618.800: [DefNew: 145652K->9315K(153600K), 0.0192506 secs] 248287K->113248K(494976K), 0.0193340 secs] [Times: user=0.02 sys=0.00, real=0.02 secs] 
2018-02-15T11:50:05.805+0000: 636.719: [GC (Allocation Failure) 2018-02-15T11:50:05.805+0000: 636.719: [DefNew: 145891K->9147K(153600K), 0.0196464 secs] 249824K->114734K(494976K), 0.0197241 secs] [Times: user=0.01 sys=0.00, real=0.02 secs] 
2018-02-15T11:50:21.204+0000: 652.118: [GC (Allocation Failure) 2018-02-15T11:50:21.204+0000: 652.118: [DefNew: 145723K->8956K(153600K), 0.0193088 secs] 251310K->116204K(494976K), 0.0193820 secs] [Times: user=0.01 sys=0.01, real=0.02 secs] 
2018-02-15T11:50:39.238+0000: 670.152: [GC (Allocation Failure) 2018-02-15T11:50:39.238+0000: 670.152: [DefNew: 145532K->9024K(153600K), 0.0185862 secs] 252780K->117545K(494976K), 0.0187195 secs] [Times: user=0.01 sys=0.01, real=0.02 secs] 
2018-02-15T11:50:59.042+0000: 689.957: [GC (Allocation Failure) 2018-02-15T11:50:59.042+0000: 689.957: [DefNew: 145600K->9549K(153600K), 0.0194471 secs] 254121K->119449K(494976K), 0.0195276 secs] [Times: user=0.02 sys=0.00, real=0.02 secs] 
2018-02-15T11:51:12.542+0000: 703.457: [GC (Allocation Failure) 2018-02-15T11:51:12.542+0000: 703.457: [DefNew: 146125K->9847K(153600K), 0.0206742 secs] 256025K->121141K(494976K), 0.0207571 secs] [Times: user=0.02 sys=0.00, real=0.03 secs] 
2018-02-15T11:51:30.501+0000: 721.416: [GC (Allocation Failure) 2018-02-15T11:51:30.501+0000: 721.416: [DefNew: 146423K->10061K(153600K), 0.0212383 secs] 257717K->123006K(494976K), 0.0213153 secs] [Times: user=0.02 sys=0.00, real=0.02 secs] 
11:51:46.100 [Client] INFO  c.s.f.r.e.s.SocketRear  - FlameSocketGraphDeployerRear@172.31.47.83: has been disconnected from Connection 3
2018-02-15T11:52:34.469+0000: 785.384: [GC (Allocation Failure) 2018-02-15T11:52:34.469+0000: 785.384: [DefNew: 146637K->10186K(153600K), 0.0226245 secs] 259582K->124645K(494976K), 0.0230856 secs] [Times: user=0.02 sys=0.00, real=0.02 secs] 
11:55:23.114 [worker-akka.actor.default-dispatcher-2] INFO  a.a.CoordinatedShutdown CoordinatedShutdown(akka://worker) - Starting coordinated shutdown from JVM shutdown hook
11:55:23.156 [worker-akka.actor.default-dispatcher-2] INFO  a.a.LocalActorRef akka://worker/user/watcher/graph0000000000/negotiator - Stopped
11:55:23.159 [worker-akka.actor.default-dispatcher-2] INFO  a.a.LocalActorRef akka://worker/user/watcher/graph0000000000/edge/FlameSocketGraphDeployerFront - Stopped
11:55:23.161 [worker-akka.actor.default-dispatcher-2] INFO  a.a.LocalActorRef akka://worker/user/watcher/graph0000000000/edge/FlameSocketGraphDeployerRear - Stopped
11:55:23.162 [worker-akka.actor.default-dispatcher-2] INFO  a.a.LocalActorRef akka://worker/user/watcher/graph0000000000/graph/$a - Stopped
11:55:23.164 [worker-akka.actor.default-dispatcher-2] INFO  a.a.LocalActorRef akka://worker/user/watcher/graph0000000000/graph/$b - Stopped
11:55:23.164 [worker-akka.actor.default-dispatcher-2] INFO  a.a.LocalActorRef akka://worker/user/watcher/graph0000000000/graph/$c - Stopped
11:55:23.164 [worker-akka.actor.default-dispatcher-2] INFO  a.a.LocalActorRef akka://worker/user/watcher/graph0000000000/graph/local-acker/$a - Stopped
11:55:23.168 [worker-akka.actor.default-dispatcher-2] INFO  a.a.LocalActorRef akka://worker/user/watcher/graph0000000000/edge - Stopped
11:55:23.168 [worker-akka.actor.default-dispatcher-2] INFO  a.a.LocalActorRef akka://worker/user/watcher/graph0000000000/graph/local-acker/$a - Message [com.spbsu.flamestream.runtime.utils.akka.PingActor$InnerPing] from Actor[akka://worker/user/watcher/graph0000000000/graph/local-acker/$a#58469641] to Actor[akka://worker/user/watcher/graph0000000000/graph/local-acker/$a#58469641] was not delivered. [1] dead letters encountered. This logging can be turned off or adjusted with configuration settings 'akka.log-dead-letters' and 'akka.log-dead-letters-during-shutdown'.
11:55:23.169 [worker-akka.actor.default-dispatcher-2] INFO  a.a.LocalActorRef akka://worker/user/watcher/graph0000000000/graph/local-acker - Stopped
11:55:23.169 [worker-akka.actor.default-dispatcher-2] INFO  a.a.LocalActorRef akka://worker/user/watcher/graph0000000000/graph/local-acker/$a - Message [com.spbsu.flamestream.runtime.utils.akka.PingActor$Stop] from Actor[akka://worker/user/watcher/graph0000000000/graph/local-acker#-1301754855] to Actor[akka://worker/user/watcher/graph0000000000/graph/local-acker/$a#58469641] was not delivered. [2] dead letters encountered. This logging can be turned off or adjusted with configuration settings 'akka.log-dead-letters' and 'akka.log-dead-letters-during-shutdown'.
11:55:23.170 [worker-akka.actor.default-dispatcher-2] INFO  a.a.LocalActorRef akka://worker/user/watcher/graph0000000000/graph/local-acker - Message [com.spbsu.flamestream.runtime.acker.LocalAcker$Flush] from Actor[akka://worker/user/watcher/graph0000000000/graph/local-acker#-1301754855] to Actor[akka://worker/user/watcher/graph0000000000/graph/local-acker#-1301754855] was not delivered. [3] dead letters encountered. This logging can be turned off or adjusted with configuration settings 'akka.log-dead-letters' and 'akka.log-dead-letters-during-shutdown'.
11:55:23.170 [worker-akka.actor.default-dispatcher-2] INFO  a.a.LocalActorRef akka://worker/user/watcher/graph0000000000/graph/local-acker - Message [com.spbsu.flamestream.runtime.acker.LocalAcker$Flush] from Actor[akka://worker/user/watcher/graph0000000000/graph/local-acker#-1301754855] to Actor[akka://worker/user/watcher/graph0000000000/graph/local-acker#-1301754855] was not delivered. [4] dead letters encountered. This logging can be turned off or adjusted with configuration settings 'akka.log-dead-letters' and 'akka.log-dead-letters-during-shutdown'.
11:55:23.171 [worker-akka.actor.default-dispatcher-2] INFO  a.a.LocalActorRef akka://worker/user/watcher/graph0000000000/graph/local-acker - Message [com.spbsu.flamestream.runtime.acker.LocalAcker$Flush] from Actor[akka://worker/user/watcher/graph0000000000/graph/local-acker#-1301754855] to Actor[akka://worker/user/watcher/graph0000000000/graph/local-acker#-1301754855] was not delivered. [5] dead letters encountered. This logging can be turned off or adjusted with configuration settings 'akka.log-dead-letters' and 'akka.log-dead-letters-during-shutdown'.
11:55:23.172 [worker-akka.actor.default-dispatcher-2] INFO  a.a.LocalActorRef akka://worker/user/watcher/graph0000000000/graph - Stopped
11:55:23.173 [worker-akka.actor.default-dispatcher-2] INFO  a.a.LocalActorRef akka://worker/user/watcher/graph0000000000 - Stopped
11:55:23.179 [worker-akka.actor.default-dispatcher-2-EventThread] INFO  o.a.z.ClientCnxn  - EventThread shut down for session: 0x161994201fa000c
11:55:23.180 [worker-akka.actor.default-dispatcher-2] INFO  o.a.z.ZooKeeper  - Session: 0x161994201fa000c closed
11:55:23.180 [worker-akka.actor.default-dispatcher-2] INFO  a.a.RepointableActorRef akka://worker/user/watcher - Stopped
11:55:23.192 [worker-akka.actor.default-dispatcher-2] INFO  a.r.RemoteActorRefProvider$RemotingTerminator akka://worker@172.31.47.83:5412/system/remoting-terminator - Shutting down remote daemon.
11:55:23.196 [worker-akka.actor.default-dispatcher-2] INFO  a.r.RemoteActorRefProvider$RemotingTerminator akka://worker@172.31.47.83:5412/system/remoting-terminator - Remote daemon shut down; proceeding with flushing remote transports.
11:55:24.335 [worker-akka.actor.default-dispatcher-2] INFO  a.r.RemoteActorRefProvider$RemotingTerminator akka://worker@172.31.47.83:5412/system/remoting-terminator - Remoting shut down.
Attempts of event 'shuffle-send' - 0
Attempts of event 'front-receive-send' - 0
Attempts of event 'inject-out' - 553480
Attempts of event 'sink-receive' - 558942
Attempts of event 'flatmap-receive' - 1158
Attempts of event 'fm-send' - 571453
Attempts of event 'rear-in' - 552322
Attempts of event 'flatmap-send' - 571453
Attempts of event 'inject-in' - 553480
Attempts of event 'wrong-ordering-filter-receive' - 558942
Attempts of event 'accept-in' - 0
Attempts of event 'grouping-receive' - 1111264
Heap
 def new generation   total 153600K, used 63746K [0x00000000e0c00000, 0x00000000eb2a0000, 0x00000000eb2a0000)
  eden space 136576K,  39% used [0x00000000e0c00000, 0x00000000e404e1c8, 0x00000000e9160000)
  from space 17024K,  59% used [0x00000000e9160000, 0x00000000e9b52970, 0x00000000ea200000)
  to   space 17024K,   0% used [0x00000000ea200000, 0x00000000ea200000, 0x00000000eb2a0000)
 tenured generation   total 341376K, used 114459K [0x00000000eb2a0000, 0x0000000100000000, 0x0000000100000000)
   the space 341376K,  33% used [0x00000000eb2a0000, 0x00000000f2266dc0, 0x00000000f2266e00, 0x0000000100000000)
 Metaspace       used 33500K, capacity 34304K, committed 34688K, reserved 1079296K
  class space    used 4451K, capacity 4627K, committed 4736K, reserved 1048576K
