10:15:14.570 [worker-akka.actor.default-dispatcher-2] INFO  a.e.s.Slf4jLogger  - Slf4jLogger started
2018-02-23T10:15:14.721+0000: 1.854: [Full GC (Metadata GC Threshold) 2018-02-23T10:15:14.721+0000: 1.854: [Tenured: 0K->15412K(341376K), 0.0373994 secs] 117531K->15412K(494976K), [Metaspace: 20861K->20861K(1067008K)], 0.0374609 secs] [Times: user=0.04 sys=0.00, real=0.04 secs] 
Ama winner
Ama winner
10:15:15.101 [worker-akka.actor.default-dispatcher-2] INFO  a.r.a.ArteryTransport(akka://worker) akka.remote.artery.ArteryTransport(akka://worker) - Started embedded media driver in directory [/dev/shm/aeron-root-worker-29997df0-57e3-4764-b2ff-077d39c61470]
10:15:15.334 [worker-akka.actor.default-dispatcher-2] INFO  a.r.a.ArteryTransport(akka://worker) akka.remote.artery.ArteryTransport(akka://worker) - Remoting started; listening on address: [akka://worker@172.31.33.155:5412] with UID [-4977558220675771408]
10:15:15.437 [worker-akka.actor.default-dispatcher-2] INFO  o.a.z.ZooKeeper  - Client environment:zookeeper.version=3.4.9-1757313, built on 08/23/2016 06:50 GMT
10:15:15.437 [worker-akka.actor.default-dispatcher-2] INFO  o.a.z.ZooKeeper  - Client environment:host.name=ip-172-31-33-155.us-east-2.compute.internal
10:15:15.438 [worker-akka.actor.default-dispatcher-2] INFO  o.a.z.ZooKeeper  - Client environment:java.version=1.8.0_151
10:15:15.438 [worker-akka.actor.default-dispatcher-2] INFO  o.a.z.ZooKeeper  - Client environment:java.vendor=Oracle Corporation
10:15:15.438 [worker-akka.actor.default-dispatcher-2] INFO  o.a.z.ZooKeeper  - Client environment:java.home=/usr/lib/jvm/java-8-openjdk-amd64/jre
10:15:15.438 [worker-akka.actor.default-dispatcher-2] INFO  o.a.z.ZooKeeper  - Client environment:java.class.path=lib/commons-cli-1.4.jar:lib/minlog-1.3.0.jar:lib/asm-5.0.4.jar:lib/hadoop-annotations-2.7.3.jar:lib/hadoop-auth-2.7.3.jar:lib/akka-slf4j_2.11-2.5.6.jar:lib/jersey-core-1.9.jar:lib/lz4-1.3.0.jar:lib/jackson-core-asl-1.9.13.jar:lib/aeron-client-1.3.0.jar:lib/htrace-core-3.1.0-incubating.jar:lib/xz-1.0.jar:lib/commons-httpclient-3.1.jar:lib/asm-3.1.jar:lib/commons-lang3-3.4.jar:lib/scala-library-2.11.11.jar:lib/scala-java8-compat_2.11-0.7.0.jar:lib/commons-configuration-1.6.jar:lib/objenesis-2.1.jar:lib/jackson-annotations-2.8.0.jar:lib/jsr305-3.0.0.jar:lib/curator-framework-2.7.1.jar:lib/jersey-server-1.9.jar:lib/jets3t-0.9.0.jar:lib/leveldb-0.7.jar:lib/jetty-6.1.26.jar:lib/stax-api-1.0-2.jar:lib/flamestream-core-1.0-SNAPSHOT.jar:lib/reflectasm-1.07-shaded.jar:lib/apacheds-kerberos-codec-2.0.0-M15.jar:lib/api-asn1-api-1.0.0-M20.jar:lib/commons-lang-2.6.jar:lib/commons-beanutils-1.7.0.jar:lib/jackson-xc-1.8.3.jar:lib/jetty-util-6.1.26.jar:lib/logback-classic-1.2.3.jar:lib/jool-0.9.12.jar:lib/flamestream-runtime-1.0-SNAPSHOT-tests.jar:lib/httpcore-4.1.2.jar:lib/kryo-4.0.0.jar:lib/ant-1.8.1.jar:lib/jaxb-impl-2.2.3-1.jar:lib/jersey-json-1.9.jar:lib/commons-compress-1.4.1.jar:lib/leveldbjni-all-1.8.jar:lib/paranamer-2.3.jar:lib/jackson-core-2.8.4.jar:lib/commons-math3-3.6.1.jar:lib/scala-parser-combinators_2.11-1.0.4.jar:lib/netty-3.10.6.Final.jar:lib/trove4j-3.0.3.jar:lib/jaxb-api-2.2.2.jar:lib/logback-core-1.2.3.jar:lib/snappy-java-1.0.4.1.jar:lib/protobuf-java-2.5.0.jar:lib/reactive-streams-1.0.1.jar:lib/flamestream-examples-1.0-SNAPSHOT.jar:lib/commons-codec-1.4.jar:lib/activation-1.1.jar:lib/commons-net-3.1.jar:lib/curator-recipes-2.7.1.jar:lib/jackson-mapper-asl-1.9.13.jar:lib/jackson-databind-2.8.4.jar:lib/flamestream-runtime-1.0-SNAPSHOT.jar:lib/jackson-jaxrs-1.8.3.jar:lib/slf4j-api-1.7.24.jar:lib/akka-remote_2.11-2.5.6.jar:lib/akka-testkit_2.11-2.5.6.jar:lib/jline-0.9.94.jar:lib/akka-stream_2.11-2.5.6.jar:lib/jsp-api-2.1.jar:lib/kryonet-2.21.jar:lib/akka-kryo-serialization_2.11-0.5.0.jar:lib/config-1.3.1.jar:lib/ant-launcher-1.8.1.jar:lib/commons-logging-1.2.jar:lib/ssl-config-core_2.11-0.2.2.jar:lib/testng-6.10.jar:lib/leveldb-api-0.7.jar:lib/reflectasm-1.11.3.jar:lib/jcommander-1.48.jar:lib/commons-1.1.jar:lib/commons-digester-1.8.jar:lib/minlog-1.2.jar:lib/java-xmlbuilder-0.4.jar:lib/jettison-1.1.jar:lib/gson-2.2.4.jar:lib/jdk.tools-1.8.jar:lib/aeron-driver-1.3.0.jar:lib/zookeeper-3.4.9.jar:lib/commons-beanutils-core-1.8.0.jar:lib/commons-math3-3.1.1.jar:lib/akka-actor_2.11-2.5.6.jar:lib/curator-client-2.7.1.jar:lib/servlet-api-2.5.jar:lib/apacheds-i18n-2.0.0-M15.jar:lib/commons-io-2.4.jar:lib/commons-codec-1.6.jar:lib/akka-protobuf_2.11-2.5.6.jar:lib/jdom-2.0.2.jar:lib/api-util-1.0.0-M20.jar:lib/hadoop-common-2.7.3.jar:lib/agrona-0.9.6.jar:lib/xmlenc-0.52.jar:lib/guava-21.0.jar:lib/commons-collections-3.2.2.jar:lib/avro-1.7.4.jar:lib/httpclient-4.1.2.jar:lib/flamestream-core-1.0-SNAPSHOT-tests.jar:lib/annotations-12.0.jar:lib/jsch-0.1.42.jar:flamestream-runtime-1.0-SNAPSHOT.jar
10:15:15.438 [worker-akka.actor.default-dispatcher-2] INFO  o.a.z.ZooKeeper  - Client environment:java.library.path=/usr/java/packages/lib/amd64:/usr/lib/x86_64-linux-gnu/jni:/lib/x86_64-linux-gnu:/usr/lib/x86_64-linux-gnu:/usr/lib/jni:/lib:/usr/lib
10:15:15.438 [worker-akka.actor.default-dispatcher-2] INFO  o.a.z.ZooKeeper  - Client environment:java.io.tmpdir=/tmp
10:15:15.438 [worker-akka.actor.default-dispatcher-2] INFO  o.a.z.ZooKeeper  - Client environment:java.compiler=<NA>
10:15:15.438 [worker-akka.actor.default-dispatcher-2] INFO  o.a.z.ZooKeeper  - Client environment:os.name=Linux
10:15:15.438 [worker-akka.actor.default-dispatcher-2] INFO  o.a.z.ZooKeeper  - Client environment:os.arch=amd64
10:15:15.438 [worker-akka.actor.default-dispatcher-2] INFO  o.a.z.ZooKeeper  - Client environment:os.version=4.4.0-1049-aws
10:15:15.439 [worker-akka.actor.default-dispatcher-2] INFO  o.a.z.ZooKeeper  - Client environment:user.name=root
10:15:15.440 [worker-akka.actor.default-dispatcher-2] INFO  o.a.z.ZooKeeper  - Client environment:user.home=/root
10:15:15.440 [worker-akka.actor.default-dispatcher-2] INFO  o.a.z.ZooKeeper  - Client environment:user.dir=/opt/flamestream
10:15:15.443 [worker-akka.actor.default-dispatcher-2] INFO  o.a.z.ZooKeeper  - Initiating client connection, connectString=172.31.34.147:2181 sessionTimeout=5000 watcher=com.spbsu.flamestream.runtime.application.LifecycleWatcher$$Lambda$29/764839090@3d5d5f13
10:15:15.476 [worker-akka.actor.default-dispatcher-2-SendThread(172.31.34.147:2181)] INFO  o.a.z.ClientCnxn  - Opening socket connection to server 172.31.34.147/172.31.34.147:2181. Will not attempt to authenticate using SASL (unknown error)
10:15:15.478 [worker-akka.actor.default-dispatcher-2] INFO  a.a.RepointableActorRef akka://worker/user/watcher - Starting...
10:15:15.485 [worker-akka.actor.default-dispatcher-2-SendThread(172.31.34.147:2181)] INFO  o.a.z.ClientCnxn  - Socket connection established to 172.31.34.147/172.31.34.147:2181, initiating session
10:15:15.493 [worker-akka.actor.default-dispatcher-2-SendThread(172.31.34.147:2181)] INFO  o.a.z.ClientCnxn  - Session establishment complete on server 172.31.34.147/172.31.34.147:2181, sessionid = 0x161c2283ddd0005, negotiated timeout = 6000
10:15:15.594 [worker-akka.actor.default-dispatcher-2] INFO  a.a.RepointableActorRef akka://worker/user/watcher - Connected to ZK
10:15:22.747 [worker-akka.actor.default-dispatcher-2] INFO  a.a.RepointableActorRef akka://worker/user/watcher - Creating node with watchGraphs: 'com.spbsu.flamestream.core.Graph$Builder$MyGraph@4084ed8a', config: 'ClusterConfig{paths={172.31.33.155=akka://worker@172.31.33.155:5412/user/watcher/graph0000000000, 172.31.47.83=akka://worker@172.31.47.83:5412/user/watcher/graph0000000000, 172.31.45.197=akka://worker@172.31.45.197:5412/user/watcher/graph0000000000, 172.31.42.36=akka://worker@172.31.42.36:5412/user/watcher/graph0000000000, 172.31.44.83=akka://worker@172.31.44.83:5412/user/watcher/graph0000000000, 172.31.39.64=akka://worker@172.31.39.64:5412/user/watcher/graph0000000000, 172.31.35.79=akka://worker@172.31.35.79:5412/user/watcher/graph0000000000, 172.31.34.169=akka://worker@172.31.34.169:5412/user/watcher/graph0000000000, 172.31.47.100=akka://worker@172.31.47.100:5412/user/watcher/graph0000000000, 172.31.37.101=akka://worker@172.31.37.101:5412/user/watcher/graph0000000000}, ackerLocation='172.31.35.79', props=ComputationLayout{ranges={172.31.33.155=HashRange{from=-1670265060, to=-1193046472}, 172.31.47.83=HashRange{from=1670265056, to=2147483644}, 172.31.45.197=HashRange{from=-715827884, to=-238609296}, 172.31.42.36=HashRange{from=1193046468, to=1670265056}, 172.31.44.83=HashRange{from=-238609296, to=238609292}, 172.31.39.64=HashRange{from=715827880, to=1193046468}, 172.31.35.79=HashRange{from=0, to=0}, 172.31.34.169=HashRange{from=-2147483648, to=-1670265060}, 172.31.47.100=HashRange{from=238609292, to=715827880}, 172.31.37.101=HashRange{from=-1193046472, to=-715827884}}}}'
10:15:23.660 [worker-akka.actor.default-dispatcher-2] INFO  a.a.LocalActorRef akka://worker/user/watcher/graph0000000000/graph - Starting...
10:15:23.662 [worker-akka.actor.default-dispatcher-2] INFO  a.a.LocalActorRef akka://worker/user/watcher/graph0000000000/graph/local-acker/$a - Starting...
10:15:23.662 [worker-akka.actor.default-dispatcher-2] INFO  a.a.LocalActorRef akka://worker/user/watcher/graph0000000000/graph/local-acker - Starting...
Warning: space is running low in /dev/shm (tmpfs) threshold=167,772,160 usable=158,621,696
Warning: space is running low in /dev/shm (tmpfs) threshold=167,772,160 usable=146,034,688
Warning: space is running low in /dev/shm (tmpfs) threshold=167,772,160 usable=133,447,680
Warning: space is running low in /dev/shm (tmpfs) threshold=167,772,160 usable=120,860,672
Warning: space is running low in /dev/shm (tmpfs) threshold=167,772,160 usable=108,273,664
Warning: space is running low in /dev/shm (tmpfs) threshold=167,772,160 usable=95,686,656
Warning: space is running low in /dev/shm (tmpfs) threshold=167,772,160 usable=83,099,648
Warning: space is running low in /dev/shm (tmpfs) threshold=167,772,160 usable=70,512,640
10:15:24.236 [worker-akka.actor.default-dispatcher-2] INFO  a.a.LocalActorRef akka://worker/user/watcher/graph0000000000/graph - Finishing constructor
10:15:24.237 [worker-akka.actor.default-dispatcher-2] INFO  a.a.LocalActorRef akka://worker/user/watcher/graph0000000000 - Starting...
10:15:24.238 [worker-akka.actor.default-dispatcher-2] INFO  a.a.LocalActorRef akka://worker/user/watcher/graph0000000000/negotiator - Starting...
10:15:24.299 [worker-akka.actor.default-dispatcher-2] INFO  a.a.LocalActorRef akka://worker/user/watcher/graph0000000000/edge - Starting...
10:15:24.301 [worker-akka.actor.default-dispatcher-2] INFO  a.a.LocalActorRef akka://worker/user/watcher/graph0000000000/graph/$a - Starting...
10:15:24.302 [worker-akka.actor.default-dispatcher-2] INFO  a.a.LocalActorRef akka://worker/user/watcher/graph0000000000/graph/$b - Starting...
10:15:24.303 [worker-akka.actor.default-dispatcher-2] INFO  a.a.LocalActorRef akka://worker/user/watcher/graph0000000000/graph/$c - Starting...
10:15:24.333 [worker-akka.actor.default-dispatcher-2] INFO  c.s.f.r.e.s.SocketRear  - FlameSocketGraphDeployerRear@172.31.33.155: connecting to 172.31.34.147:5678
10:15:24.339 [worker-akka.actor.default-dispatcher-2] INFO  c.s.f.r.e.s.SocketRear  - FlameSocketGraphDeployerRear@172.31.33.155: connected to 172.31.34.147:5678
10:15:24.364 [worker-akka.actor.default-dispatcher-2] INFO  a.a.LocalActorRef akka://worker/user/watcher/graph0000000000/edge/FlameSocketGraphDeployerRear - Starting...
10:15:24.365 [worker-akka.actor.default-dispatcher-2] INFO  a.a.LocalActorRef akka://worker/user/watcher/graph0000000000/edge/FlameSocketGraphDeployerFront - Starting...
10:15:24.365 [worker-akka.actor.default-dispatcher-2] INFO  a.a.LocalActorRef akka://worker/user/watcher/graph0000000000/negotiator - Requesting ticket for the frontClass FlameSocketGraphDeployerFront@172.31.33.155
10:15:24.381 [worker-akka.actor.default-dispatcher-2] INFO  a.a.LocalActorRef akka://worker/user/watcher/graph0000000000/negotiator - Ticket for the frontClass received: FrontTicket{allowedTimestamp=(1519380922738, FlameSocketGraphDeployerFront@172.31.33.155)}
10:15:24.382 [worker-akka.actor.default-dispatcher-2] INFO  c.s.f.r.e.s.SocketFront  - FlameSocketGraphDeployerFront@172.31.33.155: connecting to 172.31.34.147:4567
2018-02-23T10:15:28.528+0000: 15.661: [GC (Allocation Failure) 2018-02-23T10:15:28.528+0000: 15.661: [DefNew: 136576K->15922K(153600K), 0.1402020 secs] 151988K->50866K(494976K), 0.1402755 secs] [Times: user=0.01 sys=0.13, real=0.14 secs] 
2018-02-23T10:15:35.786+0000: 22.919: [GC (Allocation Failure) 2018-02-23T10:15:35.786+0000: 22.919: [DefNew: 152498K->3878K(153600K), 0.0664287 secs] 187442K->46293K(494976K), 0.0664887 secs] [Times: user=0.00 sys=0.06, real=0.06 secs] 
2018-02-23T10:15:47.739+0000: 34.872: [GC (Allocation Failure) 2018-02-23T10:15:47.739+0000: 34.872: [DefNew: 140454K->6108K(153600K), 0.0123496 secs] 182869K->48523K(494976K), 0.0124077 secs] [Times: user=0.01 sys=0.00, real=0.01 secs] 
2018-02-23T10:15:57.078+0000: 44.211: [GC (Allocation Failure) 2018-02-23T10:15:57.078+0000: 44.211: [DefNew: 142684K->7831K(153600K), 0.0282573 secs] 185099K->50246K(494976K), 0.0283184 secs] [Times: user=0.02 sys=0.01, real=0.03 secs] 
2018-02-23T10:16:04.551+0000: 51.685: [GC (Allocation Failure) 2018-02-23T10:16:04.552+0000: 51.685: [DefNew: 144407K->9215K(153600K), 0.0162032 secs] 186822K->51629K(494976K), 0.0162845 secs] [Times: user=0.01 sys=0.00, real=0.02 secs] 
2018-02-23T10:16:11.518+0000: 58.651: [GC (Allocation Failure) 2018-02-23T10:16:11.518+0000: 58.651: [DefNew: 145791K->9052K(153600K), 0.0218294 secs] 188205K->52934K(494976K), 0.0219100 secs] [Times: user=0.01 sys=0.01, real=0.02 secs] 
2018-02-23T10:16:21.326+0000: 68.460: [GC (Allocation Failure) 2018-02-23T10:16:21.327+0000: 68.460: [DefNew: 145628K->9008K(153600K), 0.0166858 secs] 189510K->54297K(494976K), 0.0167469 secs] [Times: user=0.01 sys=0.00, real=0.02 secs] 
2018-02-23T10:16:32.199+0000: 79.332: [GC (Allocation Failure) 2018-02-23T10:16:32.199+0000: 79.333: [DefNew: 145584K->8537K(153600K), 0.0384037 secs] 190873K->55289K(494976K), 0.0384676 secs] [Times: user=0.04 sys=0.00, real=0.04 secs] 
2018-02-23T10:16:44.013+0000: 91.147: [GC (Allocation Failure) 2018-02-23T10:16:44.013+0000: 91.147: [DefNew: 145113K->9290K(153600K), 0.0156219 secs] 191865K->56916K(494976K), 0.0156972 secs] [Times: user=0.02 sys=0.00, real=0.02 secs] 
2018-02-23T10:16:52.867+0000: 100.000: [GC (Allocation Failure) 2018-02-23T10:16:52.867+0000: 100.000: [DefNew: 145866K->9181K(153600K), 0.0261063 secs] 193492K->58705K(494976K), 0.0261911 secs] [Times: user=0.01 sys=0.02, real=0.03 secs] 
2018-02-23T10:17:03.144+0000: 110.277: [GC (Allocation Failure) 2018-02-23T10:17:03.144+0000: 110.277: [DefNew: 145757K->9038K(153600K), 0.0173639 secs] 195281K->59660K(494976K), 0.0174272 secs] [Times: user=0.02 sys=0.00, real=0.01 secs] 
2018-02-23T10:17:15.001+0000: 122.134: [GC (Allocation Failure) 2018-02-23T10:17:15.001+0000: 122.134: [DefNew: 145614K->8687K(153600K), 0.0161505 secs] 196236K->60488K(494976K), 0.0162253 secs] [Times: user=0.02 sys=0.00, real=0.02 secs] 
2018-02-23T10:17:25.889+0000: 133.022: [GC (Allocation Failure) 2018-02-23T10:17:25.889+0000: 133.022: [DefNew: 145263K->8576K(153600K), 0.0208793 secs] 197064K->61839K(494976K), 0.0209431 secs] [Times: user=0.01 sys=0.01, real=0.02 secs] 
2018-02-23T10:17:36.626+0000: 143.759: [GC (Allocation Failure) 2018-02-23T10:17:36.626+0000: 143.759: [DefNew: 145152K->8646K(153600K), 0.0165909 secs] 198415K->63018K(494976K), 0.0166604 secs] [Times: user=0.02 sys=0.00, real=0.02 secs] 
2018-02-23T10:17:48.062+0000: 155.195: [GC (Allocation Failure) 2018-02-23T10:17:48.062+0000: 155.195: [DefNew: 145222K->8955K(153600K), 0.0211064 secs] 199594K->64410K(494976K), 0.0211783 secs] [Times: user=0.01 sys=0.01, real=0.02 secs] 
2018-02-23T10:18:00.204+0000: 167.337: [GC (Allocation Failure) 2018-02-23T10:18:00.204+0000: 167.337: [DefNew: 145531K->9107K(153600K), 0.0166736 secs] 200986K->65582K(494976K), 0.0167366 secs] [Times: user=0.01 sys=0.00, real=0.01 secs] 
2018-02-23T10:18:09.610+0000: 176.743: [GC (Allocation Failure) 2018-02-23T10:18:09.610+0000: 176.744: [DefNew: 145683K->9646K(153600K), 0.0176058 secs] 202158K->67274K(494976K), 0.0176700 secs] [Times: user=0.02 sys=0.00, real=0.02 secs] 
2018-02-23T10:18:20.401+0000: 187.534: [GC (Allocation Failure) 2018-02-23T10:18:20.401+0000: 187.535: [DefNew: 146222K->10020K(153600K), 0.0186211 secs] 203850K->68721K(494976K), 0.0186805 secs] [Times: user=0.02 sys=0.00, real=0.01 secs] 
2018-02-23T10:18:31.493+0000: 198.626: [GC (Allocation Failure) 2018-02-23T10:18:31.493+0000: 198.626: [DefNew: 146596K->8371K(153600K), 0.0306136 secs] 205297K->69503K(494976K), 0.0306753 secs] [Times: user=0.01 sys=0.02, real=0.04 secs] 
2018-02-23T10:18:43.128+0000: 210.262: [GC (Allocation Failure) 2018-02-23T10:18:43.128+0000: 210.262: [DefNew: 144947K->9549K(153600K), 0.0151628 secs] 206079K->70681K(494976K), 0.0152274 secs] [Times: user=0.01 sys=0.00, real=0.02 secs] 
2018-02-23T10:18:52.090+0000: 219.223: [GC (Allocation Failure) 2018-02-23T10:18:52.090+0000: 219.223: [DefNew: 146125K->9837K(153600K), 0.0172629 secs] 207257K->72026K(494976K), 0.0173268 secs] [Times: user=0.02 sys=0.00, real=0.02 secs] 
2018-02-23T10:19:01.973+0000: 229.106: [GC (Allocation Failure) 2018-02-23T10:19:01.973+0000: 229.106: [DefNew: 146413K->8713K(153600K), 0.0207464 secs] 208602K->73230K(494976K), 0.0208127 secs] [Times: user=0.02 sys=0.00, real=0.03 secs] 
2018-02-23T10:19:10.146+0000: 237.279: [GC (Allocation Failure) 2018-02-23T10:19:10.146+0000: 237.279: [DefNew: 145289K->8835K(153600K), 0.0168120 secs] 209806K->74570K(494976K), 0.0168780 secs] [Times: user=0.01 sys=0.00, real=0.02 secs] 
2018-02-23T10:19:19.711+0000: 246.844: [GC (Allocation Failure) 2018-02-23T10:19:19.711+0000: 246.844: [DefNew: 145411K->10175K(153600K), 0.0175190 secs] 211146K->77015K(494976K), 0.0175842 secs] [Times: user=0.01 sys=0.00, real=0.02 secs] 
2018-02-23T10:19:29.004+0000: 256.137: [GC (Allocation Failure) 2018-02-23T10:19:29.004+0000: 256.137: [DefNew: 146751K->8669K(153600K), 0.0180149 secs] 213591K->78140K(494976K), 0.0180924 secs] [Times: user=0.02 sys=0.00, real=0.02 secs] 
2018-02-23T10:19:39.005+0000: 266.138: [GC (Allocation Failure) 2018-02-23T10:19:39.005+0000: 266.138: [DefNew: 145245K->7728K(153600K), 0.0160704 secs] 214716K->79440K(494976K), 0.0161367 secs] [Times: user=0.02 sys=0.00, real=0.01 secs] 
2018-02-23T10:19:49.390+0000: 276.524: [GC (Allocation Failure) 2018-02-23T10:19:49.390+0000: 276.524: [DefNew: 144304K->9425K(153600K), 0.0146268 secs] 216016K->81137K(494976K), 0.0146872 secs] [Times: user=0.02 sys=0.00, real=0.02 secs] 
2018-02-23T10:19:59.498+0000: 286.631: [GC (Allocation Failure) 2018-02-23T10:19:59.498+0000: 286.631: [DefNew: 146001K->9465K(153600K), 0.0168134 secs] 217713K->82339K(494976K), 0.0168787 secs] [Times: user=0.01 sys=0.00, real=0.02 secs] 
2018-02-23T10:20:08.165+0000: 295.298: [GC (Allocation Failure) 2018-02-23T10:20:08.165+0000: 295.298: [DefNew: 146041K->9837K(153600K), 0.0175081 secs] 218915K->84022K(494976K), 0.0175812 secs] [Times: user=0.01 sys=0.00, real=0.02 secs] 
2018-02-23T10:20:19.116+0000: 306.249: [GC (Allocation Failure) 2018-02-23T10:20:19.116+0000: 306.249: [DefNew: 146413K->10208K(153600K), 0.0236889 secs] 220598K->85627K(494976K), 0.0237499 secs] [Times: user=0.01 sys=0.01, real=0.02 secs] 
2018-02-23T10:20:28.460+0000: 315.594: [GC (Allocation Failure) 2018-02-23T10:20:28.460+0000: 315.594: [DefNew: 146784K->8972K(153600K), 0.0183498 secs] 222203K->86976K(494976K), 0.0184254 secs] [Times: user=0.02 sys=0.00, real=0.02 secs] 
2018-02-23T10:20:39.458+0000: 326.591: [GC (Allocation Failure) 2018-02-23T10:20:39.458+0000: 326.591: [DefNew: 145548K->9369K(153600K), 0.0163378 secs] 223552K->88730K(494976K), 0.0164104 secs] [Times: user=0.01 sys=0.00, real=0.02 secs] 
2018-02-23T10:20:47.698+0000: 334.832: [GC (Allocation Failure) 2018-02-23T10:20:47.698+0000: 334.832: [DefNew: 145945K->8474K(153600K), 0.0162467 secs] 225306K->89880K(494976K), 0.0163164 secs] [Times: user=0.02 sys=0.00, real=0.02 secs] 
2018-02-23T10:20:57.418+0000: 344.552: [GC (Allocation Failure) 2018-02-23T10:20:57.418+0000: 344.552: [DefNew: 145050K->10124K(153600K), 0.0147481 secs] 226456K->91530K(494976K), 0.0148130 secs] [Times: user=0.01 sys=0.00, real=0.01 secs] 
2018-02-23T10:21:06.551+0000: 353.684: [GC (Allocation Failure) 2018-02-23T10:21:06.551+0000: 353.684: [DefNew: 146700K->9089K(153600K), 0.0180672 secs] 228106K->93054K(494976K), 0.0181432 secs] [Times: user=0.00 sys=0.01, real=0.02 secs] 
2018-02-23T10:21:17.467+0000: 364.601: [GC (Allocation Failure) 2018-02-23T10:21:17.467+0000: 364.601: [DefNew: 145665K->9061K(153600K), 0.0162251 secs] 229630K->94416K(494976K), 0.0162867 secs] [Times: user=0.01 sys=0.00, real=0.02 secs] 
2018-02-23T10:21:26.252+0000: 373.385: [GC (Allocation Failure) 2018-02-23T10:21:26.252+0000: 373.385: [DefNew: 145637K->9126K(153600K), 0.0168425 secs] 230992K->96064K(494976K), 0.0169076 secs] [Times: user=0.02 sys=0.00, real=0.02 secs] 
2018-02-23T10:21:37.128+0000: 384.261: [GC (Allocation Failure) 2018-02-23T10:21:37.128+0000: 384.261: [DefNew: 145702K->9067K(153600K), 0.0160345 secs] 232640K->97524K(494976K), 0.0161133 secs] [Times: user=0.02 sys=0.00, real=0.02 secs] 
2018-02-23T10:21:46.422+0000: 393.555: [GC (Allocation Failure) 2018-02-23T10:21:46.422+0000: 393.555: [DefNew: 145643K->9238K(153600K), 0.0161615 secs] 234100K->99226K(494976K), 0.0162294 secs] [Times: user=0.02 sys=0.00, real=0.01 secs] 
2018-02-23T10:21:55.259+0000: 402.392: [GC (Allocation Failure) 2018-02-23T10:21:55.259+0000: 402.392: [DefNew: 145814K->9643K(153600K), 0.0165930 secs] 235802K->100870K(494976K), 0.0166514 secs] [Times: user=0.02 sys=0.00, real=0.02 secs] 
2018-02-23T10:22:06.176+0000: 413.309: [GC (Allocation Failure) 2018-02-23T10:22:06.176+0000: 413.309: [DefNew: 146219K->9755K(153600K), 0.0164533 secs] 237446K->102435K(494976K), 0.0165163 secs] [Times: user=0.02 sys=0.00, real=0.01 secs] 
2018-02-23T10:22:13.960+0000: 421.093: [GC (Allocation Failure) 2018-02-23T10:22:13.960+0000: 421.093: [DefNew: 146331K->9945K(153600K), 0.0173995 secs] 239011K->104232K(494976K), 0.0174619 secs] [Times: user=0.01 sys=0.00, real=0.02 secs] 
10:22:19.910 [Client] INFO  c.s.f.r.e.s.SocketRear  - FlameSocketGraphDeployerRear@172.31.33.155: has been disconnected from Connection 2
10:22:19.911 [Client] INFO  c.s.f.r.e.s.SocketFront  - FlameSocketGraphDeployerFront@172.31.33.155 has been disconnected from Connection 2
10:22:32.005 [worker-akka.actor.default-dispatcher-2] INFO  a.a.CoordinatedShutdown CoordinatedShutdown(akka://worker) - Starting coordinated shutdown from JVM shutdown hook
10:22:32.061 [worker-akka.actor.default-dispatcher-2] INFO  a.a.LocalActorRef akka://worker/user/watcher/graph0000000000/edge/FlameSocketGraphDeployerFront - Stopped
10:22:32.064 [worker-akka.actor.default-dispatcher-2] INFO  a.a.LocalActorRef akka://worker/user/watcher/graph0000000000/edge/FlameSocketGraphDeployerRear - Stopped
10:22:32.068 [worker-akka.actor.default-dispatcher-2] INFO  a.a.LocalActorRef akka://worker/user/watcher/graph0000000000/edge - Stopped
10:22:32.068 [worker-akka.actor.default-dispatcher-2] INFO  a.a.LocalActorRef akka://worker/user/watcher/graph0000000000/negotiator - Stopped
10:22:32.070 [worker-akka.actor.default-dispatcher-2] INFO  a.a.LocalActorRef akka://worker/user/watcher/graph0000000000/graph/local-acker/$a - Stopped
10:22:32.081 [worker-akka.actor.default-dispatcher-2] INFO  a.a.LocalActorRef akka://worker/user/watcher/graph0000000000/graph/$a - Stopped
10:22:32.081 [worker-akka.actor.default-dispatcher-2] INFO  a.a.LocalActorRef akka://worker/user/watcher/graph0000000000/graph/$b - Stopped
10:22:32.082 [worker-akka.actor.default-dispatcher-2] INFO  a.a.LocalActorRef akka://worker/user/watcher/graph0000000000/graph/$c - Stopped
10:22:32.085 [worker-akka.actor.default-dispatcher-2] INFO  a.a.LocalActorRef akka://worker/user/watcher/graph0000000000/graph/local-acker/$a - Message [com.spbsu.flamestream.runtime.utils.akka.PingActor$InnerPing] from Actor[akka://worker/user/watcher/graph0000000000/graph/local-acker/$a#1080706922] to Actor[akka://worker/user/watcher/graph0000000000/graph/local-acker/$a#1080706922] was not delivered. [1] dead letters encountered. This logging can be turned off or adjusted with configuration settings 'akka.log-dead-letters' and 'akka.log-dead-letters-during-shutdown'.
10:22:32.086 [worker-akka.actor.default-dispatcher-2] INFO  a.a.LocalActorRef akka://worker/user/watcher/graph0000000000/graph/local-acker - Stopped
10:22:32.090 [worker-akka.actor.default-dispatcher-2] INFO  a.a.LocalActorRef akka://worker/user/watcher/graph0000000000/graph - Stopped
10:22:32.091 [worker-akka.actor.default-dispatcher-2] INFO  a.a.LocalActorRef akka://worker/user/watcher/graph0000000000 - Stopped
10:22:32.091 [worker-akka.actor.default-dispatcher-2] INFO  a.a.LocalActorRef akka://worker/user/watcher/graph0000000000/graph/local-acker/$a - Message [com.spbsu.flamestream.runtime.utils.akka.PingActor$Stop] from Actor[akka://worker/user/watcher/graph0000000000/graph/local-acker#653726794] to Actor[akka://worker/user/watcher/graph0000000000/graph/local-acker/$a#1080706922] was not delivered. [2] dead letters encountered. This logging can be turned off or adjusted with configuration settings 'akka.log-dead-letters' and 'akka.log-dead-letters-during-shutdown'.
10:22:32.093 [worker-akka.actor.default-dispatcher-2] INFO  a.a.LocalActorRef akka://worker/user/watcher/graph0000000000/graph/local-acker - Message [com.spbsu.flamestream.runtime.acker.LocalAcker$Flush] from Actor[akka://worker/user/watcher/graph0000000000/graph/local-acker#653726794] to Actor[akka://worker/user/watcher/graph0000000000/graph/local-acker#653726794] was not delivered. [3] dead letters encountered. This logging can be turned off or adjusted with configuration settings 'akka.log-dead-letters' and 'akka.log-dead-letters-during-shutdown'.
10:22:32.094 [worker-akka.actor.default-dispatcher-2] INFO  a.a.LocalActorRef akka://worker/user/watcher/graph0000000000/graph/local-acker - Message [com.spbsu.flamestream.runtime.acker.LocalAcker$Flush] from Actor[akka://worker/user/watcher/graph0000000000/graph/local-acker#653726794] to Actor[akka://worker/user/watcher/graph0000000000/graph/local-acker#653726794] was not delivered. [4] dead letters encountered. This logging can be turned off or adjusted with configuration settings 'akka.log-dead-letters' and 'akka.log-dead-letters-during-shutdown'.
10:22:32.094 [worker-akka.actor.default-dispatcher-2] INFO  a.a.LocalActorRef akka://worker/user/watcher/graph0000000000/graph/local-acker - Message [com.spbsu.flamestream.runtime.acker.LocalAcker$Flush] from Actor[akka://worker/user/watcher/graph0000000000/graph/local-acker#653726794] to Actor[akka://worker/user/watcher/graph0000000000/graph/local-acker#653726794] was not delivered. [5] dead letters encountered. This logging can be turned off or adjusted with configuration settings 'akka.log-dead-letters' and 'akka.log-dead-letters-during-shutdown'.
10:22:32.094 [worker-akka.actor.default-dispatcher-2] INFO  a.a.LocalActorRef akka://worker/user/watcher/graph0000000000/graph/local-acker - Message [com.spbsu.flamestream.runtime.acker.LocalAcker$Flush] from Actor[akka://worker/user/watcher/graph0000000000/graph/local-acker#653726794] to Actor[akka://worker/user/watcher/graph0000000000/graph/local-acker#653726794] was not delivered. [6] dead letters encountered. This logging can be turned off or adjusted with configuration settings 'akka.log-dead-letters' and 'akka.log-dead-letters-during-shutdown'.
10:22:32.094 [worker-akka.actor.default-dispatcher-2] INFO  a.a.LocalActorRef akka://worker/user/watcher/graph0000000000/graph/local-acker - Message [com.spbsu.flamestream.runtime.acker.LocalAcker$Flush] from Actor[akka://worker/user/watcher/graph0000000000/graph/local-acker#653726794] to Actor[akka://worker/user/watcher/graph0000000000/graph/local-acker#653726794] was not delivered. [7] dead letters encountered. This logging can be turned off or adjusted with configuration settings 'akka.log-dead-letters' and 'akka.log-dead-letters-during-shutdown'.
10:22:32.094 [worker-akka.actor.default-dispatcher-2] INFO  a.a.LocalActorRef akka://worker/user/watcher/graph0000000000/graph/local-acker - Message [com.spbsu.flamestream.runtime.acker.LocalAcker$Flush] from Actor[akka://worker/user/watcher/graph0000000000/graph/local-acker#653726794] to Actor[akka://worker/user/watcher/graph0000000000/graph/local-acker#653726794] was not delivered. [8] dead letters encountered. This logging can be turned off or adjusted with configuration settings 'akka.log-dead-letters' and 'akka.log-dead-letters-during-shutdown'.
10:22:32.095 [worker-akka.actor.default-dispatcher-2] INFO  a.a.LocalActorRef akka://worker/user/watcher/graph0000000000/graph/local-acker - Message [com.spbsu.flamestream.runtime.acker.LocalAcker$Flush] from Actor[akka://worker/user/watcher/graph0000000000/graph/local-acker#653726794] to Actor[akka://worker/user/watcher/graph0000000000/graph/local-acker#653726794] was not delivered. [9] dead letters encountered. This logging can be turned off or adjusted with configuration settings 'akka.log-dead-letters' and 'akka.log-dead-letters-during-shutdown'.
10:22:32.098 [worker-akka.actor.default-dispatcher-2-EventThread] INFO  o.a.z.ClientCnxn  - EventThread shut down for session: 0x161c2283ddd0005
10:22:32.098 [worker-akka.actor.default-dispatcher-2] INFO  o.a.z.ZooKeeper  - Session: 0x161c2283ddd0005 closed
10:22:32.098 [worker-akka.actor.default-dispatcher-2] INFO  a.a.LocalActorRef akka://worker/user/watcher/graph0000000000/graph/local-acker - Message [com.spbsu.flamestream.runtime.acker.LocalAcker$Flush] from Actor[akka://worker/user/watcher/graph0000000000/graph/local-acker#653726794] to Actor[akka://worker/user/watcher/graph0000000000/graph/local-acker#653726794] was not delivered. [10] dead letters encountered. This logging can be turned off or adjusted with configuration settings 'akka.log-dead-letters' and 'akka.log-dead-letters-during-shutdown'.
10:22:32.099 [worker-akka.actor.default-dispatcher-2] INFO  a.a.RepointableActorRef akka://worker/user/watcher - Stopped
10:22:32.112 [worker-akka.actor.default-dispatcher-2] INFO  a.r.RemoteActorRefProvider$RemotingTerminator akka://worker@172.31.33.155:5412/system/remoting-terminator - Shutting down remote daemon.
10:22:32.117 [worker-akka.actor.default-dispatcher-2] INFO  a.r.RemoteActorRefProvider$RemotingTerminator akka://worker@172.31.33.155:5412/system/remoting-terminator - Remote daemon shut down; proceeding with flushing remote transports.
10:22:32.300 [worker-akka.actor.default-dispatcher-2] INFO  a.r.RemoteActorRefProvider$RemotingTerminator akka://worker@172.31.33.155:5412/system/remoting-terminator - Remoting shut down.
Heap
 def new generation   total 153600K, used 107571K [0x00000000e0c00000, 0x00000000eb2a0000, 0x00000000eb2a0000)
  eden space 136576K,  71% used [0x00000000e0c00000, 0x00000000e6b56640, 0x00000000e9160000)
  from space 17024K,  58% used [0x00000000e9160000, 0x00000000e9b167a8, 0x00000000ea200000)
  to   space 17024K,   0% used [0x00000000ea200000, 0x00000000ea200000, 0x00000000eb2a0000)
 tenured generation   total 341376K, used 94287K [0x00000000eb2a0000, 0x0000000100000000, 0x0000000100000000)
   the space 341376K,  27% used [0x00000000eb2a0000, 0x00000000f0eb3c18, 0x00000000f0eb3e00, 0x0000000100000000)
 Metaspace       used 33559K, capacity 34390K, committed 34688K, reserved 1079296K
  class space    used 4476K, capacity 4658K, committed 4736K, reserved 1048576K
