14:34:38,168 |-INFO in ch.qos.logback.classic.LoggerContext[default] - Could NOT find resource [logback-test.xml]
14:34:38,168 |-INFO in ch.qos.logback.classic.LoggerContext[default] - Could NOT find resource [logback.groovy]
14:34:38,168 |-INFO in ch.qos.logback.classic.LoggerContext[default] - Found resource [logback.xml] at [jar:file:/opt/flamestream/lib/flamestream-runtime-1.0-SNAPSHOT.jar!/logback.xml]
14:34:38,168 |-WARN in ch.qos.logback.classic.LoggerContext[default] - Resource [logback.xml] occurs multiple times on the classpath.
14:34:38,168 |-WARN in ch.qos.logback.classic.LoggerContext[default] - Resource [logback.xml] occurs at [jar:file:/opt/flamestream/flamestream-runtime-1.0-SNAPSHOT.jar!/logback.xml]
14:34:38,168 |-WARN in ch.qos.logback.classic.LoggerContext[default] - Resource [logback.xml] occurs at [jar:file:/opt/flamestream/lib/flamestream-runtime-1.0-SNAPSHOT.jar!/logback.xml]
14:34:38,186 |-INFO in ch.qos.logback.core.joran.spi.ConfigurationWatchList@69b794e2 - URL [jar:file:/opt/flamestream/lib/flamestream-runtime-1.0-SNAPSHOT.jar!/logback.xml] is not of type file
14:34:38,267 |-INFO in ch.qos.logback.classic.joran.action.ConfigurationAction - debug attribute not set
14:34:38,268 |-INFO in ch.qos.logback.core.joran.action.AppenderAction - About to instantiate appender of type [ch.qos.logback.core.ConsoleAppender]
14:34:38,274 |-INFO in ch.qos.logback.core.joran.action.AppenderAction - Naming appender as [STDOUT]
14:34:38,281 |-INFO in ch.qos.logback.core.joran.action.NestedComplexPropertyIA - Assuming default type [ch.qos.logback.classic.encoder.PatternLayoutEncoder] for [encoder] property
14:34:38,313 |-INFO in ch.qos.logback.core.joran.action.AppenderAction - About to instantiate appender of type [ch.qos.logback.core.rolling.RollingFileAppender]
14:34:38,322 |-INFO in ch.qos.logback.core.joran.action.AppenderAction - Naming appender as [FILE]
14:34:38,341 |-INFO in c.q.l.core.rolling.TimeBasedRollingPolicy@1059063940 - No compression will be used
14:34:38,342 |-INFO in c.q.l.core.rolling.TimeBasedRollingPolicy@1059063940 - Will use the pattern /tmp/application_%d{yyyy-MM-dd}.%i.log for the active file
14:34:38,347 |-INFO in ch.qos.logback.core.rolling.SizeAndTimeBasedFNATP@4d339552 - The date pattern is 'yyyy-MM-dd' from file name pattern '/tmp/application_%d{yyyy-MM-dd}.%i.log'.
14:34:38,347 |-INFO in ch.qos.logback.core.rolling.SizeAndTimeBasedFNATP@4d339552 - Roll-over at midnight.
14:34:38,351 |-INFO in ch.qos.logback.core.rolling.SizeAndTimeBasedFNATP@4d339552 - Setting initial period to Mon Mar 26 13:53:05 UTC 2018
14:34:38,351 |-WARN in ch.qos.logback.core.rolling.SizeAndTimeBasedFNATP@4d339552 - SizeAndTimeBasedFNATP is deprecated. Use SizeAndTimeBasedRollingPolicy instead
14:34:38,351 |-WARN in ch.qos.logback.core.rolling.SizeAndTimeBasedFNATP@4d339552 - For more information see http://logback.qos.ch/manual/appenders.html#SizeAndTimeBasedRollingPolicy
14:34:38,356 |-INFO in ch.qos.logback.core.joran.action.NestedComplexPropertyIA - Assuming default type [ch.qos.logback.classic.encoder.PatternLayoutEncoder] for [encoder] property
14:34:38,360 |-INFO in ch.qos.logback.core.rolling.RollingFileAppender[FILE] - Active log file name: /tmp/application.log
14:34:38,360 |-INFO in ch.qos.logback.core.rolling.RollingFileAppender[FILE] - File property is set to [/tmp/application.log]
14:34:38,361 |-INFO in ch.qos.logback.classic.joran.action.RootLoggerAction - Setting level of ROOT logger to INFO
14:34:38,361 |-INFO in ch.qos.logback.core.joran.action.AppenderRefAction - Attaching appender named [STDOUT] to Logger[ROOT]
14:34:38,362 |-INFO in ch.qos.logback.core.joran.action.AppenderRefAction - Attaching appender named [FILE] to Logger[ROOT]
14:34:38,362 |-INFO in ch.qos.logback.classic.joran.action.ConfigurationAction - End of configuration.
14:34:38,362 |-INFO in ch.qos.logback.classic.joran.JoranConfigurator@f0f2775 - Registering current configuration as safe fallback point

14:34:38.366 [main] INFO  c.s.f.r.a.WorkerApplication  - Starting worker with id: '10.0.0.64', host: '10.0.0.64:5412', zkString: '10.0.0.132:2181'
14:34:39.227 [worker-akka.actor.default-dispatcher-6] INFO  a.e.s.Slf4jLogger  - Slf4jLogger started
2018-03-26T14:34:39.364+0000: 1.762: [Full GC (Metadata GC Threshold) 2018-03-26T14:34:39.364+0000: 1.762: [Tenured: 0K->15820K(341376K), 0.0376338 secs] 134103K->15820K(494976K), [Metaspace: 20954K->20954K(1067008K)], 0.0377002 secs] [Times: user=0.03 sys=0.00, real=0.04 secs] 
Ama winner
Ama winner
14:34:39.745 [worker-akka.actor.default-dispatcher-6] INFO  a.r.a.ArteryTransport(akka://worker) akka.remote.artery.ArteryTransport(akka://worker) - Started embedded media driver in directory [/dev/shm/aeron-root-worker-0d358edd-9835-445b-a78a-544ca49a6e87]
14:34:39.919 [worker-akka.actor.default-dispatcher-6] INFO  a.r.a.ArteryTransport(akka://worker) akka.remote.artery.ArteryTransport(akka://worker) - Remoting started; listening on address: [akka://worker@10.0.0.64:5412] with UID [4818857833971506058]
14:34:39.972 [worker-akka.actor.default-dispatcher-7] INFO  a.a.RepointableActorRef akka://worker/user/watcher - Starting...
14:34:39.983 [worker-akka.actor.default-dispatcher-6] INFO  o.a.z.ZooKeeper  - Client environment:zookeeper.version=3.4.9-1757313, built on 08/23/2016 06:50 GMT
14:34:39.983 [worker-akka.actor.default-dispatcher-6] INFO  o.a.z.ZooKeeper  - Client environment:host.name=localhost
14:34:39.983 [worker-akka.actor.default-dispatcher-6] INFO  o.a.z.ZooKeeper  - Client environment:java.version=1.8.0_151
14:34:39.983 [worker-akka.actor.default-dispatcher-6] INFO  o.a.z.ZooKeeper  - Client environment:java.vendor=Oracle Corporation
14:34:39.983 [worker-akka.actor.default-dispatcher-6] INFO  o.a.z.ZooKeeper  - Client environment:java.home=/usr/lib/jvm/java-8-openjdk-amd64/jre
14:34:39.984 [worker-akka.actor.default-dispatcher-6] INFO  o.a.z.ZooKeeper  - Client environment:java.class.path=lib/commons-cli-1.4.jar:lib/minlog-1.3.0.jar:lib/asm-5.0.4.jar:lib/hadoop-annotations-2.7.3.jar:lib/hadoop-auth-2.7.3.jar:lib/akka-slf4j_2.11-2.5.6.jar:lib/jersey-core-1.9.jar:lib/lz4-1.3.0.jar:lib/jackson-core-asl-1.9.13.jar:lib/aeron-client-1.3.0.jar:lib/htrace-core-3.1.0-incubating.jar:lib/xz-1.0.jar:lib/commons-httpclient-3.1.jar:lib/asm-3.1.jar:lib/commons-lang3-3.4.jar:lib/scala-library-2.11.11.jar:lib/scala-java8-compat_2.11-0.7.0.jar:lib/commons-configuration-1.6.jar:lib/objenesis-2.1.jar:lib/jackson-annotations-2.8.0.jar:lib/jsr305-3.0.0.jar:lib/curator-framework-2.7.1.jar:lib/jersey-server-1.9.jar:lib/jets3t-0.9.0.jar:lib/leveldb-0.7.jar:lib/jetty-6.1.26.jar:lib/stax-api-1.0-2.jar:lib/flamestream-core-1.0-SNAPSHOT.jar:lib/reflectasm-1.07-shaded.jar:lib/apacheds-kerberos-codec-2.0.0-M15.jar:lib/api-asn1-api-1.0.0-M20.jar:lib/commons-lang-2.6.jar:lib/commons-beanutils-1.7.0.jar:lib/jackson-xc-1.8.3.jar:lib/jetty-util-6.1.26.jar:lib/logback-classic-1.2.3.jar:lib/jool-0.9.12.jar:lib/httpcore-4.1.2.jar:lib/kryo-4.0.0.jar:lib/ant-1.8.1.jar:lib/jaxb-impl-2.2.3-1.jar:lib/jersey-json-1.9.jar:lib/commons-compress-1.4.1.jar:lib/leveldbjni-all-1.8.jar:lib/paranamer-2.3.jar:lib/jackson-core-2.8.4.jar:lib/commons-math3-3.6.1.jar:lib/scala-parser-combinators_2.11-1.0.4.jar:lib/netty-3.10.6.Final.jar:lib/trove4j-3.0.3.jar:lib/jaxb-api-2.2.2.jar:lib/logback-core-1.2.3.jar:lib/snappy-java-1.0.4.1.jar:lib/protobuf-java-2.5.0.jar:lib/reactive-streams-1.0.1.jar:lib/flamestream-examples-1.0-SNAPSHOT.jar:lib/commons-codec-1.4.jar:lib/activation-1.1.jar:lib/commons-net-3.1.jar:lib/curator-recipes-2.7.1.jar:lib/jackson-mapper-asl-1.9.13.jar:lib/jackson-databind-2.8.4.jar:lib/flamestream-runtime-1.0-SNAPSHOT.jar:lib/jackson-jaxrs-1.8.3.jar:lib/slf4j-api-1.7.24.jar:lib/akka-remote_2.11-2.5.6.jar:lib/akka-testkit_2.11-2.5.6.jar:lib/jline-0.9.94.jar:lib/jedis-2.9.0.jar:lib/akka-stream_2.11-2.5.6.jar:lib/jsp-api-2.1.jar:lib/kryonet-2.21.jar:lib/akka-kryo-serialization_2.11-0.5.0.jar:lib/config-1.3.1.jar:lib/ant-launcher-1.8.1.jar:lib/commons-logging-1.2.jar:lib/ssl-config-core_2.11-0.2.2.jar:lib/testng-6.10.jar:lib/leveldb-api-0.7.jar:lib/reflectasm-1.11.3.jar:lib/jcommander-1.48.jar:lib/commons-1.1.jar:lib/commons-digester-1.8.jar:lib/minlog-1.2.jar:lib/java-xmlbuilder-0.4.jar:lib/jettison-1.1.jar:lib/gson-2.2.4.jar:lib/jdk.tools-1.8.jar:lib/aeron-driver-1.3.0.jar:lib/zookeeper-3.4.9.jar:lib/commons-beanutils-core-1.8.0.jar:lib/commons-math3-3.1.1.jar:lib/akka-actor_2.11-2.5.6.jar:lib/curator-client-2.7.1.jar:lib/servlet-api-2.5.jar:lib/commons-pool2-2.4.2.jar:lib/apacheds-i18n-2.0.0-M15.jar:lib/commons-io-2.4.jar:lib/commons-codec-1.6.jar:lib/akka-protobuf_2.11-2.5.6.jar:lib/jdom-2.0.2.jar:lib/rocksdbjni-5.5.1.jar:lib/api-util-1.0.0-M20.jar:lib/hadoop-common-2.7.3.jar:lib/agrona-0.9.6.jar:lib/xmlenc-0.52.jar:lib/guava-21.0.jar:lib/commons-collections-3.2.2.jar:lib/avro-1.7.4.jar:lib/httpclient-4.1.2.jar:lib/flamestream-core-1.0-SNAPSHOT-tests.jar:lib/annotations-12.0.jar:lib/jsch-0.1.42.jar:flamestream-runtime-1.0-SNAPSHOT.jar
14:34:39.984 [worker-akka.actor.default-dispatcher-6] INFO  o.a.z.ZooKeeper  - Client environment:java.library.path=/usr/java/packages/lib/amd64:/usr/lib/x86_64-linux-gnu/jni:/lib/x86_64-linux-gnu:/usr/lib/x86_64-linux-gnu:/usr/lib/jni:/lib:/usr/lib
14:34:39.984 [worker-akka.actor.default-dispatcher-6] INFO  o.a.z.ZooKeeper  - Client environment:java.io.tmpdir=/tmp
14:34:39.984 [worker-akka.actor.default-dispatcher-6] INFO  o.a.z.ZooKeeper  - Client environment:java.compiler=<NA>
14:34:39.984 [worker-akka.actor.default-dispatcher-6] INFO  o.a.z.ZooKeeper  - Client environment:os.name=Linux
14:34:39.984 [worker-akka.actor.default-dispatcher-6] INFO  o.a.z.ZooKeeper  - Client environment:os.arch=amd64
14:34:39.985 [worker-akka.actor.default-dispatcher-6] INFO  o.a.z.ZooKeeper  - Client environment:os.version=4.4.0-1049-aws
14:34:39.986 [worker-akka.actor.default-dispatcher-6] INFO  o.a.z.ZooKeeper  - Client environment:user.name=root
14:34:39.986 [worker-akka.actor.default-dispatcher-6] INFO  o.a.z.ZooKeeper  - Client environment:user.home=/root
14:34:39.986 [worker-akka.actor.default-dispatcher-6] INFO  o.a.z.ZooKeeper  - Client environment:user.dir=/opt/flamestream
14:34:39.987 [worker-akka.actor.default-dispatcher-6] INFO  o.a.z.ZooKeeper  - Initiating client connection, connectString=10.0.0.132:2181 sessionTimeout=5000 watcher=com.spbsu.flamestream.runtime.application.LifecycleWatcher$$Lambda$30/1572848849@49fe703c
14:34:40.025 [worker-akka.actor.default-dispatcher-6-SendThread(10.0.0.132:2181)] INFO  o.a.z.ClientCnxn  - Opening socket connection to server 10.0.0.132/10.0.0.132:2181. Will not attempt to authenticate using SASL (unknown error)
14:34:40.035 [worker-akka.actor.default-dispatcher-6-SendThread(10.0.0.132:2181)] INFO  o.a.z.ClientCnxn  - Socket connection established to 10.0.0.132/10.0.0.132:2181, initiating session
14:34:40.044 [worker-akka.actor.default-dispatcher-6-SendThread(10.0.0.132:2181)] INFO  o.a.z.ClientCnxn  - Session establishment complete on server 10.0.0.132/10.0.0.132:2181, sessionid = 0x16262bac5490003, negotiated timeout = 6000
14:34:40.051 [worker-akka.actor.default-dispatcher-7] INFO  a.a.RepointableActorRef akka://worker/user/watcher - Initializing rocksDB backend
14:34:40.224 [worker-akka.actor.default-dispatcher-7] INFO  a.a.RepointableActorRef akka://worker/user/watcher - Connected to ZK
14:34:49.241 [worker-akka.actor.default-dispatcher-7] INFO  a.a.RepointableActorRef akka://worker/user/watcher - Creating node with watchGraphs: 'com.spbsu.flamestream.core.Graph$Builder$MyGraph@6f7dce4a', config: 'ClusterConfig{paths={10.0.0.51=akka://worker@10.0.0.51:5412/user/watcher/graph, 10.0.0.118=akka://worker@10.0.0.118:5412/user/watcher/graph, 10.0.0.49=akka://worker@10.0.0.49:5412/user/watcher/graph, 10.0.0.48=akka://worker@10.0.0.48:5412/user/watcher/graph, 10.0.0.14=akka://worker@10.0.0.14:5412/user/watcher/graph, 10.0.0.197=akka://worker@10.0.0.197:5412/user/watcher/graph, 10.0.0.13=akka://worker@10.0.0.13:5412/user/watcher/graph, 10.0.0.166=akka://worker@10.0.0.166:5412/user/watcher/graph, 10.0.0.64=akka://worker@10.0.0.64:5412/user/watcher/graph, 10.0.0.97=akka://worker@10.0.0.97:5412/user/watcher/graph}, ackerLocation='10.0.0.166', props=ComputationLayout{hashGroups={10.0.0.51=com.spbsu.flamestream.runtime.config.HashGroup@1ffe1b9d, 10.0.0.118=com.spbsu.flamestream.runtime.config.HashGroup@5d5c21bc, 10.0.0.49=com.spbsu.flamestream.runtime.config.HashGroup@56dcaf5d, 10.0.0.48=com.spbsu.flamestream.runtime.config.HashGroup@c65a7748, 10.0.0.14=com.spbsu.flamestream.runtime.config.HashGroup@231425fe, 10.0.0.197=com.spbsu.flamestream.runtime.config.HashGroup@fbc82752, 10.0.0.13=com.spbsu.flamestream.runtime.config.HashGroup@ccbcd570, 10.0.0.166=com.spbsu.flamestream.runtime.config.HashGroup@c01f, 10.0.0.64=com.spbsu.flamestream.runtime.config.HashGroup@4276a447, 10.0.0.97=com.spbsu.flamestream.runtime.config.HashGroup@3fc198ed}}}'
14:34:50.147 [worker-akka.actor.default-dispatcher-6] INFO  a.a.LocalActorRef akka://worker/user/watcher/graph/graph - Starting...
14:34:50.156 [worker-akka.actor.default-dispatcher-2] INFO  a.a.LocalActorRef akka://worker/user/watcher/graph/graph/local-acker/$a - Starting...
14:34:50.163 [worker-akka.actor.default-dispatcher-6] INFO  a.a.LocalActorRef akka://worker/user/watcher/graph/graph/local-acker - Starting...
14:34:51.594 [worker-akka.actor.default-dispatcher-2] INFO  a.a.LocalActorRef akka://worker/user/watcher/graph/graph - Finishing constructor
14:34:51.597 [worker-akka.actor.default-dispatcher-5] INFO  a.a.LocalActorRef akka://worker/user/watcher/graph/negotiator - Starting...
14:34:51.597 [worker-akka.actor.default-dispatcher-5] INFO  a.a.LocalActorRef akka://worker/user/watcher/graph/edge - Starting...
14:34:51.600 [worker-akka.actor.default-dispatcher-3] INFO  a.a.LocalActorRef akka://worker/user/watcher/graph - Starting...
14:34:51.621 [worker-akka.actor.default-dispatcher-4] INFO  a.a.LocalActorRef akka://worker/user/watcher/graph/negotiator - Requesting ticket for the frontClass FlameSocketGraphDeployerFront@10.0.0.64
14:34:51.659 [worker-akka.actor.default-dispatcher-12] INFO  a.a.LocalActorRef akka://worker/user/watcher/graph/graph - Received last commit 'LastCommit{globalTime=(0000000, min@min)}'
14:34:51.666 [worker-akka.actor.default-dispatcher-3] INFO  c.s.f.r.e.s.SocketRear  - FlameSocketGraphDeployerRear@10.0.0.64: connecting to 10.0.0.132:5678
14:34:51.671 [worker-akka.actor.default-dispatcher-12] INFO  a.a.LocalActorRef akka://worker/user/watcher/graph/edge/FlameSocketGraphDeployerFront - Starting...
14:34:51.679 [worker-akka.actor.default-dispatcher-3] INFO  c.s.f.r.e.s.SocketRear  - FlameSocketGraphDeployerRear@10.0.0.64: connected to 10.0.0.132:5678
14:34:51.680 [worker-akka.actor.default-dispatcher-3] INFO  a.a.LocalActorRef akka://worker/user/watcher/graph/edge/FlameSocketGraphDeployerRear - Starting...
14:34:51.712 [worker-akka.actor.default-dispatcher-2] INFO  a.a.LocalActorRef akka://worker/user/watcher/graph/graph/$a - Starting...
14:34:51.716 [worker-akka.actor.default-dispatcher-2] INFO  a.a.LocalActorRef akka://worker/user/watcher/graph/graph/$b - Starting...
14:34:51.732 [worker-akka.actor.default-dispatcher-2] INFO  a.a.LocalActorRef akka://worker/user/watcher/graph/graph/$c - Starting...
14:34:51.760 [worker-akka.actor.default-dispatcher-2] INFO  a.a.LocalActorRef akka://worker/user/watcher/graph/graph/$c - Attached rear to graph (-9223372036854775808, min@min)
14:34:51.929 [worker-akka.actor.default-dispatcher-2] INFO  a.a.LocalActorRef akka://worker/user/watcher/graph/negotiator - Ticket for the frontClass received: FrontTicket{allowedTimestamp=(0000000, FlameSocketGraphDeployerFront@10.0.0.64)}
14:34:51.930 [worker-akka.actor.default-dispatcher-2] INFO  c.s.f.r.e.s.SocketFront  - FlameSocketGraphDeployerFront@10.0.0.64: connecting to 10.0.0.132:4567
14:34:51.957 [Client] INFO  c.s.f.r.e.s.SocketFront  - FlameSocketGraphDeployerFront@10.0.0.64 has been disconnected from Connection 10
2018-03-26T14:34:56.310+0000: 18.708: [GC (Allocation Failure) 2018-03-26T14:34:56.310+0000: 18.708: [DefNew: 136576K->15833K(153600K), 0.0536916 secs] 152396K->51185K(494976K), 0.0537576 secs] [Times: user=0.04 sys=0.01, real=0.05 secs] 
2018-03-26T14:35:07.663+0000: 30.061: [GC (Allocation Failure) 2018-03-26T14:35:07.663+0000: 30.061: [DefNew: 152409K->6437K(153600K), 0.0198610 secs] 187761K->49850K(494976K), 0.0199303 secs] [Times: user=0.02 sys=0.00, real=0.02 secs] 
2018-03-26T14:35:19.884+0000: 42.282: [GC (Allocation Failure) 2018-03-26T14:35:19.884+0000: 42.282: [DefNew: 143013K->10931K(153600K), 0.0147480 secs] 186426K->54345K(494976K), 0.0148151 secs] [Times: user=0.01 sys=0.00, real=0.02 secs] 
2018-03-26T14:35:29.791+0000: 52.189: [GC (Allocation Failure) 2018-03-26T14:35:29.791+0000: 52.189: [DefNew: 147507K->10160K(153600K), 0.0184054 secs] 190921K->55832K(494976K), 0.0184709 secs] [Times: user=0.02 sys=0.00, real=0.02 secs] 
2018-03-26T14:35:38.493+0000: 60.891: [GC (Allocation Failure) 2018-03-26T14:35:38.493+0000: 60.891: [DefNew: 146736K->10840K(153600K), 0.0173585 secs] 192408K->60405K(494976K), 0.0174342 secs] [Times: user=0.02 sys=0.00, real=0.02 secs] 
2018-03-26T14:35:45.092+0000: 67.490: [GC (Allocation Failure) 2018-03-26T14:35:45.092+0000: 67.490: [DefNew: 147416K->8923K(153600K), 0.0182539 secs] 196981K->66190K(494976K), 0.0183535 secs] [Times: user=0.02 sys=0.00, real=0.02 secs] 
2018-03-26T14:35:52.348+0000: 74.746: [GC (Allocation Failure) 2018-03-26T14:35:52.348+0000: 74.746: [DefNew: 145201K->5312K(153600K), 0.0162440 secs] 202468K->68660K(494976K), 0.0163107 secs] [Times: user=0.01 sys=0.00, real=0.01 secs] 
2018-03-26T14:36:01.465+0000: 83.863: [GC (Allocation Failure) 2018-03-26T14:36:01.465+0000: 83.863: [DefNew: 141888K->6098K(153600K), 0.0126348 secs] 205236K->69446K(494976K), 0.0127019 secs] [Times: user=0.01 sys=0.00, real=0.01 secs] 
2018-03-26T14:36:09.512+0000: 91.910: [GC (Allocation Failure) 2018-03-26T14:36:09.512+0000: 91.910: [DefNew: 142674K->7252K(153600K), 0.0134589 secs] 206022K->70600K(494976K), 0.0135285 secs] [Times: user=0.01 sys=0.00, real=0.01 secs] 
2018-03-26T14:36:20.331+0000: 102.729: [GC (Allocation Failure) 2018-03-26T14:36:20.331+0000: 102.729: [DefNew: 143828K->9778K(153600K), 0.0166226 secs] 207176K->73126K(494976K), 0.0166822 secs] [Times: user=0.02 sys=0.00, real=0.02 secs] 
2018-03-26T14:36:29.350+0000: 111.748: [GC (Allocation Failure) 2018-03-26T14:36:29.350+0000: 111.748: [DefNew: 143678K->9905K(153600K), 0.0182921 secs] 207025K->74755K(494976K), 0.0183686 secs] [Times: user=0.02 sys=0.00, real=0.02 secs] 
2018-03-26T14:36:37.353+0000: 119.751: [GC (Allocation Failure) 2018-03-26T14:36:37.353+0000: 119.751: [DefNew: 144527K->9173K(153600K), 0.0199988 secs] 209376K->76404K(494976K), 0.0200622 secs] [Times: user=0.02 sys=0.00, real=0.02 secs] 
2018-03-26T14:36:44.075+0000: 126.473: [GC (Allocation Failure) 2018-03-26T14:36:44.075+0000: 126.473: [DefNew: 145749K->16354K(153600K), 0.0186747 secs] 212980K->85014K(494976K), 0.0187403 secs] [Times: user=0.02 sys=0.00, real=0.02 secs] 
2018-03-26T14:36:52.364+0000: 134.762: [GC (Allocation Failure) 2018-03-26T14:36:52.364+0000: 134.762: [DefNew: 149805K->14184K(153600K), 0.0236622 secs] 218464K->95454K(494976K), 0.0237279 secs] [Times: user=0.02 sys=0.00, real=0.03 secs] 
2018-03-26T14:37:00.972+0000: 143.370: [GC (Allocation Failure) 2018-03-26T14:37:00.972+0000: 143.370: [DefNew: 150760K->4556K(153600K), 0.0148136 secs] 232030K->95664K(494976K), 0.0148836 secs] [Times: user=0.01 sys=0.00, real=0.02 secs] 
2018-03-26T14:37:09.325+0000: 151.723: [GC (Allocation Failure) 2018-03-26T14:37:09.325+0000: 151.723: [DefNew: 141132K->6084K(153600K), 0.0113533 secs] 232240K->97191K(494976K), 0.0114217 secs] [Times: user=0.02 sys=0.00, real=0.01 secs] 
2018-03-26T14:37:16.364+0000: 158.762: [GC (Allocation Failure) 2018-03-26T14:37:16.365+0000: 158.762: [DefNew: 138736K->8913K(153600K), 0.0155420 secs] 229844K->100021K(494976K), 0.0156130 secs] [Times: user=0.02 sys=0.00, real=0.02 secs] 
2018-03-26T14:37:24.369+0000: 166.767: [GC (Allocation Failure) 2018-03-26T14:37:24.369+0000: 166.767: [DefNew: 144567K->8529K(153600K), 0.0176899 secs] 235674K->100771K(494976K), 0.0177655 secs] [Times: user=0.02 sys=0.00, real=0.01 secs] 
2018-03-26T14:37:32.221+0000: 174.619: [GC (Allocation Failure) 2018-03-26T14:37:32.221+0000: 174.619: [DefNew: 145105K->7419K(153600K), 0.0146372 secs] 237347K->100505K(494976K), 0.0147291 secs] [Times: user=0.02 sys=0.00, real=0.01 secs] 
2018-03-26T14:37:38.369+0000: 180.767: [GC (Allocation Failure) 2018-03-26T14:37:38.369+0000: 180.767: [DefNew: 140516K->10029K(153600K), 0.0168718 secs] 233602K->103115K(494976K), 0.0169386 secs] [Times: user=0.02 sys=0.00, real=0.01 secs] 
2018-03-26T14:37:45.654+0000: 188.052: [GC (Allocation Failure) 2018-03-26T14:37:45.654+0000: 188.052: [DefNew: 146605K->7165K(153600K), 0.0158980 secs] 239691K->102202K(494976K), 0.0159681 secs] [Times: user=0.02 sys=0.00, real=0.02 secs] 
2018-03-26T14:37:53.014+0000: 195.412: [GC (Allocation Failure) 2018-03-26T14:37:53.014+0000: 195.412: [DefNew: 143741K->8355K(153600K), 0.0136602 secs] 238778K->103392K(494976K), 0.0137396 secs] [Times: user=0.02 sys=0.00, real=0.02 secs] 
2018-03-26T14:38:00.372+0000: 202.770: [GC (Allocation Failure) 2018-03-26T14:38:00.372+0000: 202.770: [DefNew: 142210K->11878K(153600K), 0.0191040 secs] 237248K->106915K(494976K), 0.0191874 secs] [Times: user=0.01 sys=0.00, real=0.02 secs] 
2018-03-26T14:38:07.371+0000: 209.769: [GC (Allocation Failure) 2018-03-26T14:38:07.371+0000: 209.769: [DefNew: 146217K->8458K(153600K), 0.0207761 secs] 241254K->107447K(494976K), 0.0208455 secs] [Times: user=0.02 sys=0.00, real=0.02 secs] 
2018-03-26T14:38:14.326+0000: 216.724: [GC (Allocation Failure) 2018-03-26T14:38:14.326+0000: 216.724: [DefNew: 145034K->9205K(153600K), 0.0148820 secs] 244023K->108194K(494976K), 0.0149515 secs] [Times: user=0.02 sys=0.00, real=0.02 secs] 
2018-03-26T14:38:20.807+0000: 223.205: [GC (Allocation Failure) 2018-03-26T14:38:20.807+0000: 223.205: [DefNew: 145781K->7763K(153600K), 0.0146615 secs] 244770K->107806K(494976K), 0.0147287 secs] [Times: user=0.01 sys=0.00, real=0.02 secs] 
2018-03-26T14:38:27.839+0000: 230.237: [GC (Allocation Failure) 2018-03-26T14:38:27.839+0000: 230.237: [DefNew: 144339K->9379K(153600K), 0.0140753 secs] 244382K->109421K(494976K), 0.0141422 secs] [Times: user=0.02 sys=0.00, real=0.01 secs] 
2018-03-26T14:38:34.339+0000: 236.737: [GC (Allocation Failure) 2018-03-26T14:38:34.339+0000: 236.737: [DefNew: 145955K->10915K(153600K), 0.0191277 secs] 245997K->111793K(494976K), 0.0192004 secs] [Times: user=0.02 sys=0.00, real=0.02 secs] 
2018-03-26T14:38:41.322+0000: 243.720: [GC (Allocation Failure) 2018-03-26T14:38:41.323+0000: 243.720: [DefNew: 147491K->8435K(153600K), 0.0160043 secs] 248369K->111443K(494976K), 0.0160763 secs] [Times: user=0.02 sys=0.00, real=0.01 secs] 
2018-03-26T14:38:48.379+0000: 250.777: [GC (Allocation Failure) 2018-03-26T14:38:48.379+0000: 250.777: [DefNew: 140679K->11124K(153600K), 0.0174261 secs] 243687K->114132K(494976K), 0.0175035 secs] [Times: user=0.02 sys=0.00, real=0.01 secs] 
2018-03-26T14:38:55.092+0000: 257.490: [GC (Allocation Failure) 2018-03-26T14:38:55.092+0000: 257.490: [DefNew: 147700K->7962K(153600K), 0.0164078 secs] 250708K->113227K(494976K), 0.0164789 secs] [Times: user=0.01 sys=0.01, real=0.02 secs] 
2018-03-26T14:39:01.462+0000: 263.860: [GC (Allocation Failure) 2018-03-26T14:39:01.462+0000: 263.860: [DefNew: 144174K->11663K(153600K), 0.0354562 secs] 249439K->116928K(494976K), 0.0355335 secs] [Times: user=0.04 sys=0.00, real=0.03 secs] 
2018-03-26T14:39:07.330+0000: 269.728: [GC (Allocation Failure) 2018-03-26T14:39:07.330+0000: 269.728: [DefNew: 148239K->8281K(153600K), 0.0177604 secs] 253504K->116460K(494976K), 0.0178277 secs] [Times: user=0.02 sys=0.01, real=0.02 secs] 
2018-03-26T14:39:13.336+0000: 275.734: [GC (Allocation Failure) 2018-03-26T14:39:13.336+0000: 275.734: [DefNew: 144857K->10298K(153600K), 0.0158394 secs] 253036K->118477K(494976K), 0.0159077 secs] [Times: user=0.01 sys=0.00, real=0.02 secs] 
2018-03-26T14:39:19.458+0000: 281.856: [GC (Allocation Failure) 2018-03-26T14:39:19.458+0000: 281.856: [DefNew: 146181K->7781K(153600K), 0.0281769 secs] 254359K->118039K(494976K), 0.0282485 secs] [Times: user=0.03 sys=0.00, real=0.03 secs] 
2018-03-26T14:39:24.393+0000: 286.791: [GC (Allocation Failure) 2018-03-26T14:39:24.393+0000: 286.791: [DefNew: 142006K->9091K(153600K), 0.0140947 secs] 252264K->119349K(494976K), 0.0141623 secs] [Times: user=0.02 sys=0.00, real=0.02 secs] 
2018-03-26T14:39:30.058+0000: 292.456: [GC (Allocation Failure) 2018-03-26T14:39:30.058+0000: 292.456: [DefNew: 145667K->8759K(153600K), 0.0150502 secs] 255925K->120085K(494976K), 0.0151228 secs] [Times: user=0.01 sys=0.00, real=0.02 secs] 
2018-03-26T14:39:35.470+0000: 297.868: [GC (Allocation Failure) 2018-03-26T14:39:35.470+0000: 297.868: [DefNew: 139315K->10874K(153600K), 0.0408872 secs] 250640K->123773K(494976K), 0.0409656 secs] [Times: user=0.04 sys=0.01, real=0.04 secs] 
2018-03-26T14:39:39.391+0000: 301.789: [GC (Allocation Failure) 2018-03-26T14:39:39.391+0000: 301.789: [DefNew: 140026K->17024K(153600K), 0.0244064 secs] 252925K->154459K(494976K), 0.0244792 secs] [Times: user=0.02 sys=0.00, real=0.02 secs] 
2018-03-26T14:39:44.394+0000: 306.792: [GC (Allocation Failure) 2018-03-26T14:39:44.395+0000: 306.792: [DefNew: 150009K->5012K(153600K), 0.0202767 secs] 287445K->159183K(494976K), 0.0203470 secs] [Times: user=0.00 sys=0.02, real=0.02 secs] 
2018-03-26T14:39:50.063+0000: 312.461: [GC (Allocation Failure) 2018-03-26T14:39:50.063+0000: 312.461: [DefNew: 141588K->7029K(153600K), 0.0112724 secs] 295759K->161201K(494976K), 0.0113411 secs] [Times: user=0.02 sys=0.00, real=0.01 secs] 
2018-03-26T14:39:55.390+0000: 317.788: [GC (Allocation Failure) 2018-03-26T14:39:55.390+0000: 317.788: [DefNew: 139557K->8743K(153600K), 0.0130869 secs] 293728K->162914K(494976K), 0.0131580 secs] [Times: user=0.01 sys=0.00, real=0.01 secs] 
2018-03-26T14:40:01.136+0000: 323.534: [GC (Allocation Failure) 2018-03-26T14:40:01.136+0000: 323.534: [DefNew: 145319K->8505K(153600K), 0.0152929 secs] 299490K->163658K(494976K), 0.0153692 secs] [Times: user=0.01 sys=0.00, real=0.02 secs] 
2018-03-26T14:40:06.332+0000: 328.730: [GC (Allocation Failure) 2018-03-26T14:40:06.332+0000: 328.730: [DefNew: 145081K->10673K(153600K), 0.0160569 secs] 300234K->165826K(494976K), 0.0161202 secs] [Times: user=0.01 sys=0.00, real=0.02 secs] 
2018-03-26T14:40:11.401+0000: 333.799: [GC (Allocation Failure) 2018-03-26T14:40:11.401+0000: 333.799: [DefNew: 142187K->8489K(153600K), 0.0151205 secs] 297340K->165671K(494976K), 0.0151942 secs] [Times: user=0.01 sys=0.00, real=0.01 secs] 
2018-03-26T14:40:16.397+0000: 338.795: [GC (Allocation Failure) 2018-03-26T14:40:16.397+0000: 338.795: [DefNew: 138956K->9433K(153600K), 0.0135080 secs] 296138K->166615K(494976K), 0.0135781 secs] [Times: user=0.01 sys=0.00, real=0.02 secs] 
2018-03-26T14:40:21.701+0000: 344.099: [GC (Allocation Failure) 2018-03-26T14:40:21.701+0000: 344.099: [DefNew: 146009K->9129K(153600K), 0.0163338 secs] 303191K->167254K(494976K), 0.0163928 secs] [Times: user=0.01 sys=0.00, real=0.01 secs] 
2018-03-26T14:40:27.159+0000: 349.557: [GC (Allocation Failure) 2018-03-26T14:40:27.159+0000: 349.557: [DefNew: 145705K->9304K(153600K), 0.0142390 secs] 303830K->168397K(494976K), 0.0143213 secs] [Times: user=0.01 sys=0.00, real=0.02 secs] 
2018-03-26T14:40:32.421+0000: 354.819: [GC (Allocation Failure) 2018-03-26T14:40:32.421+0000: 354.819: [DefNew: 144931K->9122K(153600K), 0.0141324 secs] 304023K->169075K(494976K), 0.0142117 secs] [Times: user=0.01 sys=0.01, real=0.01 secs] 
2018-03-26T14:40:37.404+0000: 359.802: [GC (Allocation Failure) 2018-03-26T14:40:37.404+0000: 359.802: [DefNew: 136125K->9627K(153600K), 0.0145877 secs] 296078K->170473K(494976K), 0.0146596 secs] [Times: user=0.01 sys=0.00, real=0.02 secs] 
2018-03-26T14:40:42.520+0000: 364.918: [GC (Allocation Failure) 2018-03-26T14:40:42.520+0000: 364.918: [DefNew: 136939K->8332K(153600K), 0.0242768 secs] 297785K->171087K(494976K), 0.0243558 secs] [Times: user=0.02 sys=0.01, real=0.02 secs] 
2018-03-26T14:40:47.407+0000: 369.804: [GC (Allocation Failure) 2018-03-26T14:40:47.407+0000: 369.805: [DefNew: 137516K->9710K(153600K), 0.0131951 secs] 300271K->172465K(494976K), 0.0132636 secs] [Times: user=0.01 sys=0.00, real=0.02 secs] 
2018-03-26T14:40:52.569+0000: 374.967: [GC (Allocation Failure) 2018-03-26T14:40:52.569+0000: 374.967: [DefNew: 146286K->8286K(153600K), 0.0139834 secs] 309041K->173010K(494976K), 0.0140522 secs] [Times: user=0.01 sys=0.00, real=0.01 secs] 
2018-03-26T14:40:58.400+0000: 380.798: [GC (Allocation Failure) 2018-03-26T14:40:58.400+0000: 380.798: [DefNew: 141374K->9697K(153600K), 0.0129780 secs] 306098K->174421K(494976K), 0.0130614 secs] [Times: user=0.02 sys=0.00, real=0.01 secs] 
2018-03-26T14:41:03.505+0000: 385.903: [GC (Allocation Failure) 2018-03-26T14:41:03.505+0000: 385.903: [DefNew: 145717K->8499K(153600K), 0.0316386 secs] 310441K->175303K(494976K), 0.0317075 secs] [Times: user=0.03 sys=0.00, real=0.03 secs] 
2018-03-26T14:41:07.761+0000: 390.159: [GC (Allocation Failure) 2018-03-26T14:41:07.761+0000: 390.159: [DefNew: 145075K->11183K(153600K), 0.0148103 secs] 311879K->177987K(494976K), 0.0148869 secs] [Times: user=0.01 sys=0.00, real=0.01 secs] 
2018-03-26T14:41:13.338+0000: 395.736: [GC (Allocation Failure) 2018-03-26T14:41:13.338+0000: 395.736: [DefNew: 147759K->10204K(153600K), 0.0200949 secs] 314563K->180501K(494976K), 0.0201727 secs] [Times: user=0.02 sys=0.00, real=0.02 secs] 
2018-03-26T14:41:18.405+0000: 400.803: [GC (Allocation Failure) 2018-03-26T14:41:18.405+0000: 400.803: [DefNew: 144424K->6959K(153600K), 0.0121998 secs] 314721K->179248K(494976K), 0.0122645 secs] [Times: user=0.01 sys=0.00, real=0.01 secs] 
2018-03-26T14:41:23.408+0000: 405.806: [GC (Allocation Failure) 2018-03-26T14:41:23.409+0000: 405.807: [DefNew: 139291K->8359K(153600K), 0.0115499 secs] 311580K->180648K(494976K), 0.0116188 secs] [Times: user=0.01 sys=0.00, real=0.01 secs] 
2018-03-26T14:41:28.536+0000: 410.934: [GC (Allocation Failure) 2018-03-26T14:41:28.536+0000: 410.934: [DefNew: 141846K->9449K(153600K), 0.0214318 secs] 314136K->181738K(494976K), 0.0214905 secs] [Times: user=0.02 sys=0.00, real=0.02 secs] 
2018-03-26T14:41:33.331+0000: 415.729: [GC (Allocation Failure) 2018-03-26T14:41:33.331+0000: 415.729: [DefNew: 146025K->11320K(153600K), 0.0163506 secs] 318314K->184508K(494976K), 0.0164186 secs] [Times: user=0.02 sys=0.00, real=0.02 secs] 
2018-03-26T14:41:37.532+0000: 419.930: [GC (Allocation Failure) 2018-03-26T14:41:37.532+0000: 419.930: [DefNew: 147896K->7332K(153600K), 0.0152562 secs] 321084K->183811K(494976K), 0.0153256 secs] [Times: user=0.01 sys=0.00, real=0.02 secs] 
2018-03-26T14:41:42.417+0000: 424.815: [GC (Allocation Failure) 2018-03-26T14:41:42.417+0000: 424.815: [DefNew: 133249K->8877K(153600K), 0.0120820 secs] 309727K->185355K(494976K), 0.0121491 secs] [Times: user=0.02 sys=0.00, real=0.02 secs] 
2018-03-26T14:41:47.325+0000: 429.723: [GC (Allocation Failure) 2018-03-26T14:41:47.325+0000: 429.723: [DefNew: 145453K->9797K(153600K), 0.0143062 secs] 321931K->187326K(494976K), 0.0143859 secs] [Times: user=0.01 sys=0.00, real=0.02 secs] 
2018-03-26T14:41:52.027+0000: 434.425: [GC (Allocation Failure) 2018-03-26T14:41:52.027+0000: 434.425: [DefNew: 146373K->9396K(153600K), 0.0279194 secs] 323902K->188100K(494976K), 0.0279873 secs] [Times: user=0.03 sys=0.00, real=0.02 secs] 
2018-03-26T14:41:56.558+0000: 438.956: [GC (Allocation Failure) 2018-03-26T14:41:56.558+0000: 438.956: [DefNew: 145972K->9467K(153600K), 0.0145600 secs] 324676K->189279K(494976K), 0.0146333 secs] [Times: user=0.02 sys=0.00, real=0.02 secs] 
2018-03-26T14:42:01.415+0000: 443.813: [GC (Allocation Failure) 2018-03-26T14:42:01.415+0000: 443.813: [DefNew: 136405K->9781K(153600K), 0.0143931 secs] 316217K->190698K(494976K), 0.0144768 secs] [Times: user=0.01 sys=0.01, real=0.02 secs] 
2018-03-26T14:42:06.410+0000: 448.808: [GC (Allocation Failure) 2018-03-26T14:42:06.410+0000: 448.808: [DefNew: 145792K->8965K(153600K), 0.0137893 secs] 326709K->191341K(494976K), 0.0138614 secs] [Times: user=0.01 sys=0.00, real=0.01 secs] 
2018-03-26T14:42:11.411+0000: 453.809: [GC (Allocation Failure) 2018-03-26T14:42:11.411+0000: 453.809: [DefNew: 137205K->8592K(153600K), 0.0135483 secs] 319581K->192314K(494976K), 0.0136221 secs] [Times: user=0.02 sys=0.00, real=0.01 secs] 
2018-03-26T14:42:15.428+0000: 457.826: [GC (Allocation Failure) 2018-03-26T14:42:15.428+0000: 457.826: [DefNew: 137390K->8091K(153600K), 0.0124369 secs] 321112K->193355K(494976K), 0.0124967 secs] [Times: user=0.01 sys=0.00, real=0.01 secs] 
2018-03-26T14:42:19.421+0000: 461.819: [GC (Allocation Failure) 2018-03-26T14:42:19.421+0000: 461.819: [DefNew: 133455K->10265K(153600K), 0.0138949 secs] 318719K->195529K(494976K), 0.0139751 secs] [Times: user=0.01 sys=0.00, real=0.01 secs] 
2018-03-26T14:42:23.746+0000: 466.144: [GC (Allocation Failure) 2018-03-26T14:42:23.746+0000: 466.144: [DefNew: 146802K->8958K(153600K), 0.0145651 secs] 332067K->196083K(494976K), 0.0146371 secs] [Times: user=0.02 sys=0.00, real=0.02 secs] 
2018-03-26T14:42:28.514+0000: 470.911: [GC (Allocation Failure) 2018-03-26T14:42:28.514+0000: 470.912: [DefNew: 137423K->9095K(153600K), 0.0206051 secs] 324548K->197218K(494976K), 0.0206734 secs] [Times: user=0.02 sys=0.00, real=0.02 secs] 
2018-03-26T14:42:33.413+0000: 475.811: [GC (Allocation Failure) 2018-03-26T14:42:33.413+0000: 475.811: [DefNew: 145171K->8646K(153600K), 0.0123333 secs] 333294K->198225K(494976K), 0.0124030 secs] [Times: user=0.02 sys=0.00, real=0.01 secs] 
2018-03-26T14:42:38.418+0000: 480.816: [GC (Allocation Failure) 2018-03-26T14:42:38.418+0000: 480.816: [DefNew: 140534K->8267K(153600K), 0.0125670 secs] 330113K->199183K(494976K), 0.0126336 secs] [Times: user=0.01 sys=0.00, real=0.02 secs] 
2018-03-26T14:42:42.414+0000: 484.812: [GC (Allocation Failure) 2018-03-26T14:42:42.414+0000: 484.812: [DefNew: 132511K->10689K(153600K), 0.0132789 secs] 323427K->201604K(494976K), 0.0133566 secs] [Times: user=0.01 sys=0.00, real=0.02 secs] 
2018-03-26T14:42:47.322+0000: 489.720: [GC (Allocation Failure) 2018-03-26T14:42:47.322+0000: 489.720: [DefNew: 147265K->9393K(153600K), 0.0148492 secs] 338180K->202313K(494976K), 0.0149276 secs] [Times: user=0.02 sys=0.00, real=0.01 secs] 
2018-03-26T14:42:51.539+0000: 493.937: [GC (Allocation Failure) 2018-03-26T14:42:51.539+0000: 493.937: [DefNew: 140759K->9321K(153600K), 0.0246829 secs] 333678K->203054K(494976K), 0.0247652 secs] [Times: user=0.02 sys=0.01, real=0.03 secs] 
2018-03-26T14:42:56.336+0000: 498.734: [GC (Allocation Failure) 2018-03-26T14:42:56.336+0000: 498.734: [DefNew: 145897K->9631K(153600K), 0.0269229 secs] 339630K->204836K(494976K), 0.0269895 secs] [Times: user=0.03 sys=0.00, real=0.03 secs] 
2018-03-26T14:42:59.426+0000: 501.824: [GC (Allocation Failure) 2018-03-26T14:42:59.426+0000: 501.824: [DefNew: 141844K->9961K(153600K), 0.0151625 secs] 337049K->206437K(494976K), 0.0152390 secs] [Times: user=0.01 sys=0.00, real=0.02 secs] 
2018-03-26T14:43:03.434+0000: 505.832: [GC (Allocation Failure) 2018-03-26T14:43:03.434+0000: 505.832: [DefNew: 138841K->8942K(153600K), 0.0123715 secs] 335317K->206786K(494976K), 0.0124359 secs] [Times: user=0.01 sys=0.00, real=0.01 secs] 
2018-03-26T14:43:08.330+0000: 510.728: [GC (Allocation Failure) 2018-03-26T14:43:08.330+0000: 510.728: [DefNew: 145512K->10511K(153600K), 0.0146653 secs] 343355K->209352K(494976K), 0.0147354 secs] [Times: user=0.02 sys=0.00, real=0.01 secs] 
2018-03-26T14:43:12.428+0000: 514.826: [GC (Allocation Failure) 2018-03-26T14:43:12.428+0000: 514.826: [DefNew: 134612K->8011K(153600K), 0.0124415 secs] 333454K->208817K(494976K), 0.0125207 secs] [Times: user=0.01 sys=0.00, real=0.01 secs] 
2018-03-26T14:43:16.527+0000: 518.925: [GC (Allocation Failure) 2018-03-26T14:43:16.527+0000: 518.925: [DefNew: 138952K->10345K(153600K), 0.0193155 secs] 339758K->211151K(494976K), 0.0193919 secs] [Times: user=0.01 sys=0.00, real=0.02 secs] 
2018-03-26T14:43:20.425+0000: 522.823: [GC (Allocation Failure) 2018-03-26T14:43:20.425+0000: 522.823: [DefNew: 144426K->8885K(153600K), 0.0145514 secs] 345232K->211938K(494976K), 0.0146183 secs] [Times: user=0.02 sys=0.00, real=0.02 secs] 
2018-03-26T14:43:24.429+0000: 526.827: [GC (Allocation Failure) 2018-03-26T14:43:24.429+0000: 526.827: [DefNew: 141766K->9476K(153600K), 0.0128395 secs] 344820K->213345K(494976K), 0.0129036 secs] [Times: user=0.02 sys=0.00, real=0.01 secs] 
2018-03-26T14:43:28.419+0000: 530.817: [GC (Allocation Failure) 2018-03-26T14:43:28.419+0000: 530.817: [DefNew: 137123K->9188K(153600K), 0.0137942 secs] 340992K->214795K(494976K), 0.0138708 secs] [Times: user=0.01 sys=0.01, real=0.02 secs] 
14:43:29.780 [Client] INFO  c.s.f.r.e.s.SocketRear  - FlameSocketGraphDeployerRear@10.0.0.64: has been disconnected from Connection 9
14:43:41.185 [worker-akka.actor.default-dispatcher-12] INFO  a.a.CoordinatedShutdown CoordinatedShutdown(akka://worker) - Starting coordinated shutdown from JVM shutdown hook
14:43:41.202 [worker-akka.actor.default-dispatcher-14] INFO  a.a.LocalActorRef akka://worker/user/watcher/graph/edge/FlameSocketGraphDeployerFront - Stopped
14:43:41.202 [worker-akka.actor.default-dispatcher-14] INFO  a.a.LocalActorRef akka://worker/user/watcher/graph/negotiator - Stopped
14:43:41.203 [worker-akka.actor.default-dispatcher-14] INFO  a.a.LocalActorRef akka://worker/user/watcher/graph/edge/FlameSocketGraphDeployerRear - Stopped
14:43:41.207 [worker-akka.actor.default-dispatcher-3] INFO  a.a.LocalActorRef akka://worker/user/watcher/graph/graph/$a - Stopped
14:43:41.207 [worker-akka.actor.default-dispatcher-3] INFO  a.a.LocalActorRef akka://worker/user/watcher/graph/graph/$b - Stopped
14:43:41.207 [worker-akka.actor.default-dispatcher-3] INFO  a.a.LocalActorRef akka://worker/user/watcher/graph/graph/$c - Stopped
14:43:41.209 [worker-akka.actor.default-dispatcher-15] INFO  a.a.LocalActorRef akka://worker/user/watcher/graph/graph/local-acker/$a - Stopped
14:43:41.209 [worker-akka.actor.default-dispatcher-15] INFO  a.a.LocalActorRef akka://worker/user/watcher/graph/graph/local-acker/$a - Message [com.spbsu.flamestream.runtime.utils.akka.PingActor$InnerPing] from Actor[akka://worker/user/watcher/graph/graph/local-acker/$a#140583518] to Actor[akka://worker/user/watcher/graph/graph/local-acker/$a#140583518] was not delivered. [1] dead letters encountered. This logging can be turned off or adjusted with configuration settings 'akka.log-dead-letters' and 'akka.log-dead-letters-during-shutdown'.
14:43:41.211 [worker-akka.actor.default-dispatcher-2] INFO  a.a.LocalActorRef akka://worker/user/watcher/graph/graph/local-acker - Stopped
14:43:41.211 [worker-akka.actor.default-dispatcher-2] INFO  a.a.LocalActorRef akka://worker/user/watcher/graph/graph - Stopped
14:43:41.211 [worker-akka.actor.default-dispatcher-2] INFO  a.a.LocalActorRef akka://worker/user/watcher/graph/graph/local-acker/$a - Message [com.spbsu.flamestream.runtime.utils.akka.PingActor$Stop] from Actor[akka://worker/user/watcher/graph/graph/local-acker#1005036561] to Actor[akka://worker/user/watcher/graph/graph/local-acker/$a#140583518] was not delivered. [2] dead letters encountered. This logging can be turned off or adjusted with configuration settings 'akka.log-dead-letters' and 'akka.log-dead-letters-during-shutdown'.
14:43:41.211 [worker-akka.actor.default-dispatcher-2] INFO  a.a.LocalActorRef akka://worker/user/watcher/graph/graph/local-acker - Message [com.spbsu.flamestream.runtime.acker.LocalAcker$Flush] from Actor[akka://worker/user/watcher/graph/graph/local-acker/$a#140583518] to Actor[akka://worker/user/watcher/graph/graph/local-acker#1005036561] was not delivered. [3] dead letters encountered. This logging can be turned off or adjusted with configuration settings 'akka.log-dead-letters' and 'akka.log-dead-letters-during-shutdown'.
14:43:41.212 [worker-akka.actor.default-dispatcher-2] INFO  a.a.LocalActorRef akka://worker/user/watcher/graph/graph/local-acker - Message [com.spbsu.flamestream.runtime.acker.LocalAcker$Flush] from Actor[akka://worker/user/watcher/graph/graph/local-acker/$a#140583518] to Actor[akka://worker/user/watcher/graph/graph/local-acker#1005036561] was not delivered. [4] dead letters encountered. This logging can be turned off or adjusted with configuration settings 'akka.log-dead-letters' and 'akka.log-dead-letters-during-shutdown'.
14:43:41.212 [worker-akka.actor.default-dispatcher-6] INFO  a.a.LocalActorRef akka://worker/user/watcher/graph/graph/local-acker - Message [com.spbsu.flamestream.runtime.acker.LocalAcker$Flush] from Actor[akka://worker/user/watcher/graph/graph/local-acker/$a#140583518] to Actor[akka://worker/user/watcher/graph/graph/local-acker#1005036561] was not delivered. [5] dead letters encountered. This logging can be turned off or adjusted with configuration settings 'akka.log-dead-letters' and 'akka.log-dead-letters-during-shutdown'.
14:43:41.212 [worker-akka.actor.default-dispatcher-5] INFO  a.a.LocalActorRef akka://worker/user/watcher/graph/edge - Stopped
14:43:41.212 [worker-akka.actor.default-dispatcher-5] INFO  a.a.LocalActorRef akka://worker/user/watcher/graph - Stopped
14:43:41.214 [worker-akka.actor.default-dispatcher-11] INFO  a.a.RepointableActorRef akka://worker/user/watcher - Stopped
14:43:41.220 [worker-akka.actor.default-dispatcher-6-EventThread] INFO  o.a.z.ClientCnxn  - EventThread shut down for session: 0x16262bac5490003
14:43:41.220 [worker-akka.actor.default-dispatcher-12] INFO  o.a.z.ZooKeeper  - Session: 0x16262bac5490003 closed
14:43:41.231 [worker-akka.actor.default-dispatcher-17] INFO  a.r.RemoteActorRefProvider$RemotingTerminator akka://worker@10.0.0.64:5412/system/remoting-terminator - Shutting down remote daemon.
14:43:41.232 [worker-akka.actor.default-dispatcher-17] INFO  a.r.RemoteActorRefProvider$RemotingTerminator akka://worker@10.0.0.64:5412/system/remoting-terminator - Remote daemon shut down; proceeding with flushing remote transports.
14:43:42.375 [worker-akka.actor.default-dispatcher-15] INFO  a.r.RemoteActorRefProvider$RemotingTerminator akka://worker@10.0.0.64:5412/system/remoting-terminator - Remoting shut down.
Heap
 def new generation   total 153600K, used 94798K [0x00000000e0c00000, 0x00000000eb2a0000, 0x00000000eb2a0000)
  eden space 136576K,  62% used [0x00000000e0c00000, 0x00000000e5f9a938, 0x00000000e9160000)
  from space 17024K,  53% used [0x00000000ea200000, 0x00000000eaaf9200, 0x00000000eb2a0000)
  to   space 17024K,   0% used [0x00000000e9160000, 0x00000000e9160000, 0x00000000ea200000)
 tenured generation   total 341376K, used 205606K [0x00000000eb2a0000, 0x0000000100000000, 0x0000000100000000)
   the space 341376K,  60% used [0x00000000eb2a0000, 0x00000000f7b69ae8, 0x00000000f7b69c00, 0x0000000100000000)
 Metaspace       used 34057K, capacity 34974K, committed 35200K, reserved 1079296K
  class space    used 4481K, capacity 4668K, committed 4736K, reserved 1048576K
