11:28:35,826 |-INFO in ch.qos.logback.classic.LoggerContext[default] - Could NOT find resource [logback-test.xml]
11:28:35,826 |-INFO in ch.qos.logback.classic.LoggerContext[default] - Could NOT find resource [logback.groovy]
11:28:35,827 |-INFO in ch.qos.logback.classic.LoggerContext[default] - Found resource [logback.xml] at [jar:file:/opt/flamestream/lib/flamestream-runtime-1.0-SNAPSHOT.jar!/logback.xml]
11:28:35,830 |-WARN in ch.qos.logback.classic.LoggerContext[default] - Resource [logback.xml] occurs multiple times on the classpath.
11:28:35,830 |-WARN in ch.qos.logback.classic.LoggerContext[default] - Resource [logback.xml] occurs at [jar:file:/opt/flamestream/flamestream-runtime-1.0-SNAPSHOT.jar!/logback.xml]
11:28:35,830 |-WARN in ch.qos.logback.classic.LoggerContext[default] - Resource [logback.xml] occurs at [jar:file:/opt/flamestream/lib/flamestream-runtime-1.0-SNAPSHOT.jar!/logback.xml]
11:28:35,848 |-INFO in ch.qos.logback.core.joran.spi.ConfigurationWatchList@69b794e2 - URL [jar:file:/opt/flamestream/lib/flamestream-runtime-1.0-SNAPSHOT.jar!/logback.xml] is not of type file
11:28:35,933 |-INFO in ch.qos.logback.classic.joran.action.ConfigurationAction - debug attribute not set
11:28:35,934 |-INFO in ch.qos.logback.core.joran.action.AppenderAction - About to instantiate appender of type [ch.qos.logback.core.ConsoleAppender]
11:28:35,940 |-INFO in ch.qos.logback.core.joran.action.AppenderAction - Naming appender as [STDOUT]
11:28:35,947 |-INFO in ch.qos.logback.core.joran.action.NestedComplexPropertyIA - Assuming default type [ch.qos.logback.classic.encoder.PatternLayoutEncoder] for [encoder] property
11:28:35,982 |-INFO in ch.qos.logback.core.joran.action.AppenderAction - About to instantiate appender of type [ch.qos.logback.core.rolling.RollingFileAppender]
11:28:35,985 |-INFO in ch.qos.logback.core.joran.action.AppenderAction - Naming appender as [FILE]
11:28:36,006 |-INFO in c.q.l.core.rolling.TimeBasedRollingPolicy@1059063940 - No compression will be used
11:28:36,007 |-INFO in c.q.l.core.rolling.TimeBasedRollingPolicy@1059063940 - Will use the pattern /tmp/application_%d{yyyy-MM-dd}.%i.log for the active file
11:28:36,010 |-INFO in ch.qos.logback.core.rolling.SizeAndTimeBasedFNATP@4d339552 - The date pattern is 'yyyy-MM-dd' from file name pattern '/tmp/application_%d{yyyy-MM-dd}.%i.log'.
11:28:36,010 |-INFO in ch.qos.logback.core.rolling.SizeAndTimeBasedFNATP@4d339552 - Roll-over at midnight.
11:28:36,015 |-INFO in ch.qos.logback.core.rolling.SizeAndTimeBasedFNATP@4d339552 - Setting initial period to Fri Mar 30 10:41:23 UTC 2018
11:28:36,015 |-WARN in ch.qos.logback.core.rolling.SizeAndTimeBasedFNATP@4d339552 - SizeAndTimeBasedFNATP is deprecated. Use SizeAndTimeBasedRollingPolicy instead
11:28:36,015 |-WARN in ch.qos.logback.core.rolling.SizeAndTimeBasedFNATP@4d339552 - For more information see http://logback.qos.ch/manual/appenders.html#SizeAndTimeBasedRollingPolicy
11:28:36,019 |-INFO in ch.qos.logback.core.joran.action.NestedComplexPropertyIA - Assuming default type [ch.qos.logback.classic.encoder.PatternLayoutEncoder] for [encoder] property
11:28:36,024 |-INFO in ch.qos.logback.core.rolling.RollingFileAppender[FILE] - Active log file name: /tmp/application.log
11:28:36,024 |-INFO in ch.qos.logback.core.rolling.RollingFileAppender[FILE] - File property is set to [/tmp/application.log]
11:28:36,025 |-INFO in ch.qos.logback.classic.joran.action.RootLoggerAction - Setting level of ROOT logger to INFO
11:28:36,025 |-INFO in ch.qos.logback.core.joran.action.AppenderRefAction - Attaching appender named [STDOUT] to Logger[ROOT]
11:28:36,025 |-INFO in ch.qos.logback.core.joran.action.AppenderRefAction - Attaching appender named [FILE] to Logger[ROOT]
11:28:36,025 |-INFO in ch.qos.logback.classic.joran.action.ConfigurationAction - End of configuration.
11:28:36,026 |-INFO in ch.qos.logback.classic.joran.JoranConfigurator@f0f2775 - Registering current configuration as safe fallback point

11:28:36.029 [main] INFO  c.s.f.r.a.WorkerApplication  - Starting worker with id: '10.0.0.251', host: '10.0.0.251:5412', zkString: '10.0.0.107:2181'
11:28:36.945 [worker-akka.actor.default-dispatcher-2] INFO  a.e.s.Slf4jLogger  - Slf4jLogger started
2018-03-30T11:28:37.091+0000: 1.831: [Full GC (Metadata GC Threshold) 2018-03-30T11:28:37.091+0000: 1.831: [Tenured: 0K->15908K(341376K), 0.0390799 secs] 134102K->15908K(494976K), [Metaspace: 20936K->20936K(1067008K)], 0.0391458 secs] [Times: user=0.04 sys=0.00, real=0.04 secs] 
Ama winner
Ama winner
11:28:37.467 [worker-akka.actor.default-dispatcher-2] INFO  a.r.a.ArteryTransport(akka://worker) akka.remote.artery.ArteryTransport(akka://worker) - Started embedded media driver in directory [/dev/shm/aeron-10.0.0.251]
11:28:37.637 [worker-akka.actor.default-dispatcher-2] INFO  a.r.a.ArteryTransport(akka://worker) akka.remote.artery.ArteryTransport(akka://worker) - Remoting started; listening on address: [akka://worker@10.0.0.251:5412] with UID [-3009391253229615462]
11:28:37.686 [worker-akka.actor.default-dispatcher-7] INFO  a.a.RepointableActorRef akka://worker/user/watcher - Starting...
11:28:37.747 [worker-akka.actor.default-dispatcher-6] INFO  o.a.z.ZooKeeper  - Client environment:zookeeper.version=3.4.9-1757313, built on 08/23/2016 06:50 GMT
11:28:37.748 [worker-akka.actor.default-dispatcher-6] INFO  o.a.z.ZooKeeper  - Client environment:host.name=localhost
11:28:37.750 [worker-akka.actor.default-dispatcher-6] INFO  o.a.z.ZooKeeper  - Client environment:java.version=1.8.0_151
11:28:37.750 [worker-akka.actor.default-dispatcher-6] INFO  o.a.z.ZooKeeper  - Client environment:java.vendor=Oracle Corporation
11:28:37.750 [worker-akka.actor.default-dispatcher-6] INFO  o.a.z.ZooKeeper  - Client environment:java.home=/usr/lib/jvm/java-8-openjdk-amd64/jre
11:28:37.750 [worker-akka.actor.default-dispatcher-6] INFO  o.a.z.ZooKeeper  - Client environment:java.class.path=lib/commons-cli-1.4.jar:lib/minlog-1.3.0.jar:lib/asm-5.0.4.jar:lib/hadoop-annotations-2.7.3.jar:lib/hadoop-auth-2.7.3.jar:lib/akka-slf4j_2.11-2.5.6.jar:lib/jersey-core-1.9.jar:lib/lz4-1.3.0.jar:lib/jackson-core-asl-1.9.13.jar:lib/aeron-client-1.3.0.jar:lib/htrace-core-3.1.0-incubating.jar:lib/xz-1.0.jar:lib/commons-httpclient-3.1.jar:lib/asm-3.1.jar:lib/commons-lang3-3.4.jar:lib/scala-library-2.11.11.jar:lib/scala-java8-compat_2.11-0.7.0.jar:lib/commons-configuration-1.6.jar:lib/objenesis-2.1.jar:lib/jackson-annotations-2.8.0.jar:lib/jsr305-3.0.0.jar:lib/curator-framework-2.7.1.jar:lib/jersey-server-1.9.jar:lib/jets3t-0.9.0.jar:lib/leveldb-0.7.jar:lib/jetty-6.1.26.jar:lib/stax-api-1.0-2.jar:lib/flamestream-core-1.0-SNAPSHOT.jar:lib/reflectasm-1.07-shaded.jar:lib/apacheds-kerberos-codec-2.0.0-M15.jar:lib/api-asn1-api-1.0.0-M20.jar:lib/commons-lang-2.6.jar:lib/commons-beanutils-1.7.0.jar:lib/jackson-xc-1.8.3.jar:lib/jetty-util-6.1.26.jar:lib/logback-classic-1.2.3.jar:lib/jool-0.9.12.jar:lib/httpcore-4.1.2.jar:lib/kryo-4.0.0.jar:lib/ant-1.8.1.jar:lib/jaxb-impl-2.2.3-1.jar:lib/jersey-json-1.9.jar:lib/commons-compress-1.4.1.jar:lib/leveldbjni-all-1.8.jar:lib/paranamer-2.3.jar:lib/jackson-core-2.8.4.jar:lib/commons-math3-3.6.1.jar:lib/scala-parser-combinators_2.11-1.0.4.jar:lib/netty-3.10.6.Final.jar:lib/trove4j-3.0.3.jar:lib/jaxb-api-2.2.2.jar:lib/logback-core-1.2.3.jar:lib/snappy-java-1.0.4.1.jar:lib/protobuf-java-2.5.0.jar:lib/reactive-streams-1.0.1.jar:lib/flamestream-examples-1.0-SNAPSHOT.jar:lib/commons-codec-1.4.jar:lib/activation-1.1.jar:lib/commons-net-3.1.jar:lib/curator-recipes-2.7.1.jar:lib/jackson-mapper-asl-1.9.13.jar:lib/jackson-databind-2.8.4.jar:lib/flamestream-runtime-1.0-SNAPSHOT.jar:lib/jackson-jaxrs-1.8.3.jar:lib/slf4j-api-1.7.24.jar:lib/akka-remote_2.11-2.5.6.jar:lib/akka-testkit_2.11-2.5.6.jar:lib/jline-0.9.94.jar:lib/jedis-2.9.0.jar:lib/akka-stream_2.11-2.5.6.jar:lib/jsp-api-2.1.jar:lib/kryonet-2.21.jar:lib/akka-kryo-serialization_2.11-0.5.0.jar:lib/config-1.3.1.jar:lib/ant-launcher-1.8.1.jar:lib/commons-logging-1.2.jar:lib/ssl-config-core_2.11-0.2.2.jar:lib/testng-6.10.jar:lib/leveldb-api-0.7.jar:lib/reflectasm-1.11.3.jar:lib/jcommander-1.48.jar:lib/commons-1.1.jar:lib/commons-digester-1.8.jar:lib/minlog-1.2.jar:lib/java-xmlbuilder-0.4.jar:lib/jettison-1.1.jar:lib/gson-2.2.4.jar:lib/jdk.tools-1.8.jar:lib/aeron-driver-1.3.0.jar:lib/zookeeper-3.4.9.jar:lib/commons-beanutils-core-1.8.0.jar:lib/commons-math3-3.1.1.jar:lib/akka-actor_2.11-2.5.6.jar:lib/curator-client-2.7.1.jar:lib/servlet-api-2.5.jar:lib/commons-pool2-2.4.2.jar:lib/apacheds-i18n-2.0.0-M15.jar:lib/commons-io-2.4.jar:lib/commons-codec-1.6.jar:lib/akka-protobuf_2.11-2.5.6.jar:lib/jdom-2.0.2.jar:lib/rocksdbjni-5.5.1.jar:lib/api-util-1.0.0-M20.jar:lib/hadoop-common-2.7.3.jar:lib/agrona-0.9.6.jar:lib/xmlenc-0.52.jar:lib/guava-21.0.jar:lib/commons-collections-3.2.2.jar:lib/avro-1.7.4.jar:lib/httpclient-4.1.2.jar:lib/flamestream-core-1.0-SNAPSHOT-tests.jar:lib/annotations-12.0.jar:lib/jsch-0.1.42.jar:flamestream-runtime-1.0-SNAPSHOT.jar
11:28:37.750 [worker-akka.actor.default-dispatcher-6] INFO  o.a.z.ZooKeeper  - Client environment:java.library.path=/usr/java/packages/lib/amd64:/usr/lib/x86_64-linux-gnu/jni:/lib/x86_64-linux-gnu:/usr/lib/x86_64-linux-gnu:/usr/lib/jni:/lib:/usr/lib
11:28:37.751 [worker-akka.actor.default-dispatcher-6] INFO  o.a.z.ZooKeeper  - Client environment:java.io.tmpdir=/tmp
11:28:37.751 [worker-akka.actor.default-dispatcher-6] INFO  o.a.z.ZooKeeper  - Client environment:java.compiler=<NA>
11:28:37.751 [worker-akka.actor.default-dispatcher-6] INFO  o.a.z.ZooKeeper  - Client environment:os.name=Linux
11:28:37.751 [worker-akka.actor.default-dispatcher-6] INFO  o.a.z.ZooKeeper  - Client environment:os.arch=amd64
11:28:37.753 [worker-akka.actor.default-dispatcher-6] INFO  o.a.z.ZooKeeper  - Client environment:os.version=4.4.0-1049-aws
11:28:37.754 [worker-akka.actor.default-dispatcher-6] INFO  o.a.z.ZooKeeper  - Client environment:user.name=root
11:28:37.755 [worker-akka.actor.default-dispatcher-6] INFO  o.a.z.ZooKeeper  - Client environment:user.home=/root
11:28:37.755 [worker-akka.actor.default-dispatcher-6] INFO  o.a.z.ZooKeeper  - Client environment:user.dir=/opt/flamestream
11:28:37.757 [worker-akka.actor.default-dispatcher-6] INFO  o.a.z.ZooKeeper  - Initiating client connection, connectString=10.0.0.107:2181 sessionTimeout=5000 watcher=com.spbsu.flamestream.runtime.application.LifecycleWatcher$$Lambda$30/449341377@2ee9b669
11:28:37.791 [worker-akka.actor.default-dispatcher-6-SendThread(10.0.0.107:2181)] INFO  o.a.z.ClientCnxn  - Opening socket connection to server 10.0.0.107/10.0.0.107:2181. Will not attempt to authenticate using SASL (unknown error)
11:28:37.801 [worker-akka.actor.default-dispatcher-6-SendThread(10.0.0.107:2181)] INFO  o.a.z.ClientCnxn  - Socket connection established to 10.0.0.107/10.0.0.107:2181, initiating session
11:28:37.810 [worker-akka.actor.default-dispatcher-6-SendThread(10.0.0.107:2181)] INFO  o.a.z.ClientCnxn  - Session establishment complete on server 10.0.0.107/10.0.0.107:2181, sessionid = 0x16276a9cd3d000a, negotiated timeout = 6000
11:28:37.819 [worker-akka.actor.default-dispatcher-7] INFO  a.a.RepointableActorRef akka://worker/user/watcher - Initializing rocksDB backend
11:28:37.993 [worker-akka.actor.default-dispatcher-7] INFO  a.a.RepointableActorRef akka://worker/user/watcher - Connected to ZK
11:28:46.726 [worker-akka.actor.default-dispatcher-7] INFO  a.a.RepointableActorRef akka://worker/user/watcher - Creating node with watchGraphs: 'com.spbsu.flamestream.core.Graph$Builder$MyGraph@42c6e48c', config: 'ClusterConfig{paths={10.0.0.205=akka://worker@10.0.0.205:5412/user/watcher, 10.0.0.60=akka://worker@10.0.0.60:5412/user/watcher, 10.0.0.170=akka://worker@10.0.0.170:5412/user/watcher, 10.0.0.124=akka://worker@10.0.0.124:5412/user/watcher, 10.0.0.49=akka://worker@10.0.0.49:5412/user/watcher, 10.0.0.42=akka://worker@10.0.0.42:5412/user/watcher, 10.0.0.97=akka://worker@10.0.0.97:5412/user/watcher, 10.0.0.251=akka://worker@10.0.0.251:5412/user/watcher, 10.0.0.162=akka://worker@10.0.0.162:5412/user/watcher, 10.0.0.173=akka://worker@10.0.0.173:5412/user/watcher}, ackerLocation='10.0.0.60', props=ComputationLayout{hashGroups={10.0.0.205=com.spbsu.flamestream.runtime.config.HashGroup@1ffe1b9d, 10.0.0.60=com.spbsu.flamestream.runtime.config.HashGroup@c01f, 10.0.0.170=com.spbsu.flamestream.runtime.config.HashGroup@5d5c21bc, 10.0.0.124=com.spbsu.flamestream.runtime.config.HashGroup@56dcaf5d, 10.0.0.49=com.spbsu.flamestream.runtime.config.HashGroup@c65a7748, 10.0.0.42=com.spbsu.flamestream.runtime.config.HashGroup@231425fe, 10.0.0.97=com.spbsu.flamestream.runtime.config.HashGroup@fbc82752, 10.0.0.251=com.spbsu.flamestream.runtime.config.HashGroup@ccbcd570, 10.0.0.162=com.spbsu.flamestream.runtime.config.HashGroup@4276a447, 10.0.0.173=com.spbsu.flamestream.runtime.config.HashGroup@3fc198ed}}}'
11:28:47.631 [worker-akka.actor.default-dispatcher-6] INFO  a.a.LocalActorRef akka://worker/user/watcher/graph_at_0/graph - Starting...
11:28:47.638 [worker-akka.actor.default-dispatcher-3] INFO  a.a.LocalActorRef akka://worker/user/watcher/graph_at_0/graph/local-acker/$a - Starting...
11:28:47.644 [worker-akka.actor.default-dispatcher-6] INFO  a.a.LocalActorRef akka://worker/user/watcher/graph_at_0/graph/local-acker - Starting...
11:28:49.036 [worker-akka.actor.default-dispatcher-2] INFO  a.a.LocalActorRef akka://worker/user/watcher/graph_at_0/graph - Finishing constructor
11:28:49.040 [worker-akka.actor.default-dispatcher-2] INFO  a.a.LocalActorRef akka://worker/user/watcher/graph_at_0/negotiator - Starting...
11:28:49.044 [worker-akka.actor.default-dispatcher-2] INFO  a.a.LocalActorRef akka://worker/user/watcher/graph_at_0/edge - Starting...
11:28:49.049 [worker-akka.actor.default-dispatcher-2] INFO  a.a.LocalActorRef akka://worker/user/watcher/graph_at_0 - Starting FlameNode with config 'ClusterConfig{paths={10.0.0.205=akka://worker@10.0.0.205:5412/user/watcher/graph_at_0, 10.0.0.60=akka://worker@10.0.0.60:5412/user/watcher/graph_at_0, 10.0.0.170=akka://worker@10.0.0.170:5412/user/watcher/graph_at_0, 10.0.0.124=akka://worker@10.0.0.124:5412/user/watcher/graph_at_0, 10.0.0.49=akka://worker@10.0.0.49:5412/user/watcher/graph_at_0, 10.0.0.42=akka://worker@10.0.0.42:5412/user/watcher/graph_at_0, 10.0.0.97=akka://worker@10.0.0.97:5412/user/watcher/graph_at_0, 10.0.0.251=akka://worker@10.0.0.251:5412/user/watcher/graph_at_0, 10.0.0.162=akka://worker@10.0.0.162:5412/user/watcher/graph_at_0, 10.0.0.173=akka://worker@10.0.0.173:5412/user/watcher/graph_at_0}, ackerLocation='10.0.0.60', props=ComputationLayout{hashGroups={10.0.0.205=com.spbsu.flamestream.runtime.config.HashGroup@1ffe1b9d, 10.0.0.60=com.spbsu.flamestream.runtime.config.HashGroup@c01f, 10.0.0.170=com.spbsu.flamestream.runtime.config.HashGroup@5d5c21bc, 10.0.0.124=com.spbsu.flamestream.runtime.config.HashGroup@56dcaf5d, 10.0.0.49=com.spbsu.flamestream.runtime.config.HashGroup@c65a7748, 10.0.0.42=com.spbsu.flamestream.runtime.config.HashGroup@231425fe, 10.0.0.97=com.spbsu.flamestream.runtime.config.HashGroup@fbc82752, 10.0.0.251=com.spbsu.flamestream.runtime.config.HashGroup@ccbcd570, 10.0.0.162=com.spbsu.flamestream.runtime.config.HashGroup@4276a447, 10.0.0.173=com.spbsu.flamestream.runtime.config.HashGroup@3fc198ed}}}'
11:28:49.073 [worker-akka.actor.default-dispatcher-6] INFO  a.a.LocalActorRef akka://worker/user/watcher/graph_at_0/negotiator - Requesting ticket for the frontClass FlameSocketGraphDeployerFront@10.0.0.251
11:28:49.106 [worker-akka.actor.default-dispatcher-3] INFO  c.s.f.r.e.s.SocketRear  - FlameSocketGraphDeployerRear@10.0.0.251: connecting to 10.0.0.107:5678
11:28:49.110 [worker-akka.actor.default-dispatcher-11] INFO  a.a.LocalActorRef akka://worker/user/watcher/graph_at_0/graph - Received last commit 'LastCommit{globalTime=(0000000, min@min)}'
11:28:49.119 [worker-akka.actor.default-dispatcher-4] INFO  a.a.LocalActorRef akka://worker/user/watcher/graph_at_0/edge/FlameSocketGraphDeployerFront - Starting...
11:28:49.121 [worker-akka.actor.default-dispatcher-3] INFO  c.s.f.r.e.s.SocketRear  - FlameSocketGraphDeployerRear@10.0.0.251: connected to 10.0.0.107:5678
11:28:49.122 [worker-akka.actor.default-dispatcher-3] INFO  a.a.LocalActorRef akka://worker/user/watcher/graph_at_0/edge/FlameSocketGraphDeployerRear - Starting...
11:28:49.171 [worker-akka.actor.default-dispatcher-3] INFO  a.a.LocalActorRef akka://worker/user/watcher/graph_at_0/graph/$a - Starting...
11:28:49.177 [worker-akka.actor.default-dispatcher-3] INFO  a.a.LocalActorRef akka://worker/user/watcher/graph_at_0/graph/$b - Starting...
11:28:49.195 [worker-akka.actor.default-dispatcher-3] INFO  a.a.LocalActorRef akka://worker/user/watcher/graph_at_0/graph/$c - Starting...
11:28:49.224 [worker-akka.actor.default-dispatcher-3] INFO  a.a.LocalActorRef akka://worker/user/watcher/graph_at_0/graph/$c - Attached rear to graph (-9223372036854775808, min@min)
11:28:49.390 [worker-akka.actor.default-dispatcher-3] INFO  a.a.LocalActorRef akka://worker/user/watcher/graph_at_0/negotiator - Ticket for the frontClass received: FrontTicket{allowedTimestamp=(0000000, FlameSocketGraphDeployerFront@10.0.0.251)}
11:28:49.393 [worker-akka.actor.default-dispatcher-3] INFO  c.s.f.r.e.s.SocketFront  - FlameSocketGraphDeployerFront@10.0.0.251: connecting to 10.0.0.107:4567
11:28:49.408 [Client] INFO  c.s.f.r.e.s.SocketFront  - FlameSocketGraphDeployerFront@10.0.0.251 has been disconnected from Connection 9
2018-03-30T11:28:53.582+0000: 18.322: [GC (Allocation Failure) 2018-03-30T11:28:53.582+0000: 18.322: [DefNew: 136576K->15950K(153600K), 0.0246756 secs] 152484K->51390K(494976K), 0.0247387 secs] [Times: user=0.01 sys=0.01, real=0.03 secs] 
2018-03-30T11:29:02.443+0000: 27.182: [GC (Allocation Failure) 2018-03-30T11:29:02.443+0000: 27.183: [DefNew: 152526K->6033K(153600K), 0.0186915 secs] 187966K->49457K(494976K), 0.0187548 secs] [Times: user=0.02 sys=0.01, real=0.02 secs] 
2018-03-30T11:29:13.294+0000: 38.034: [GC (Allocation Failure) 2018-03-30T11:29:13.294+0000: 38.034: [DefNew: 142609K->9898K(153600K), 0.0128325 secs] 186033K->53322K(494976K), 0.0129078 secs] [Times: user=0.02 sys=0.00, real=0.01 secs] 
2018-03-30T11:29:20.810+0000: 45.550: [GC (Allocation Failure) 2018-03-30T11:29:20.810+0000: 45.550: [DefNew: 146187K->10061K(153600K), 0.0187684 secs] 189611K->55627K(494976K), 0.0188451 secs] [Times: user=0.02 sys=0.00, real=0.02 secs] 
2018-03-30T11:29:29.295+0000: 54.035: [GC (Allocation Failure) 2018-03-30T11:29:29.295+0000: 54.035: [DefNew: 146637K->5938K(153600K), 0.0160828 secs] 192203K->57063K(494976K), 0.0161490 secs] [Times: user=0.01 sys=0.00, real=0.01 secs] 
2018-03-30T11:29:36.554+0000: 61.294: [GC (Allocation Failure) 2018-03-30T11:29:36.554+0000: 61.294: [DefNew: 142514K->15347K(153600K), 0.0153191 secs] 193639K->66473K(494976K), 0.0153842 secs] [Times: user=0.02 sys=0.00, real=0.01 secs] 
2018-03-30T11:29:42.824+0000: 67.564: [GC (Allocation Failure) 2018-03-30T11:29:42.824+0000: 67.564: [DefNew: 151236K->5666K(153600K), 0.0209990 secs] 202361K->69650K(494976K), 0.0210752 secs] [Times: user=0.02 sys=0.00, real=0.03 secs] 
2018-03-30T11:29:49.323+0000: 74.063: [GC (Allocation Failure) 2018-03-30T11:29:49.323+0000: 74.063: [DefNew: 140830K->6364K(153600K), 0.0125803 secs] 204814K->70348K(494976K), 0.0126507 secs] [Times: user=0.01 sys=0.00, real=0.02 secs] 
2018-03-30T11:29:55.730+0000: 80.470: [GC (Allocation Failure) 2018-03-30T11:29:55.730+0000: 80.470: [DefNew: 142940K->6511K(153600K), 0.0119229 secs] 206924K->70494K(494976K), 0.0119835 secs] [Times: user=0.01 sys=0.00, real=0.01 secs] 
2018-03-30T11:30:02.324+0000: 87.064: [GC (Allocation Failure) 2018-03-30T11:30:02.324+0000: 87.064: [DefNew: 140515K->8783K(153600K), 0.0162999 secs] 204499K->72766K(494976K), 0.0163672 secs] [Times: user=0.02 sys=0.00, real=0.02 secs] 
2018-03-30T11:30:08.917+0000: 93.657: [GC (Allocation Failure) 2018-03-30T11:30:08.917+0000: 93.657: [DefNew: 145359K->6911K(153600K), 0.0146880 secs] 209342K->72536K(494976K), 0.0147534 secs] [Times: user=0.02 sys=0.00, real=0.01 secs] 
2018-03-30T11:30:16.190+0000: 100.930: [GC (Allocation Failure) 2018-03-30T11:30:16.190+0000: 100.930: [DefNew: 143487K->7788K(153600K), 0.0135304 secs] 209112K->73413K(494976K), 0.0136052 secs] [Times: user=0.02 sys=0.00, real=0.01 secs] 
2018-03-30T11:30:22.327+0000: 107.067: [GC (Allocation Failure) 2018-03-30T11:30:22.327+0000: 107.067: [DefNew: 140830K->9996K(153600K), 0.0159982 secs] 206455K->75621K(494976K), 0.0160759 secs] [Times: user=0.02 sys=0.00, real=0.01 secs] 
2018-03-30T11:30:28.762+0000: 113.502: [GC (Allocation Failure) 2018-03-30T11:30:28.762+0000: 113.502: [DefNew: 146572K->7940K(153600K), 0.0156246 secs] 212197K->75260K(494976K), 0.0156927 secs] [Times: user=0.02 sys=0.00, real=0.02 secs] 
2018-03-30T11:30:34.815+0000: 119.555: [GC (Allocation Failure) 2018-03-30T11:30:34.815+0000: 119.555: [DefNew: 144516K->10274K(153600K), 0.0170563 secs] 211836K->77594K(494976K), 0.0171381 secs] [Times: user=0.01 sys=0.00, real=0.01 secs] 
2018-03-30T11:30:39.360+0000: 124.100: [GC (Allocation Failure) 2018-03-30T11:30:39.360+0000: 124.100: [DefNew: 146850K->7924K(153600K), 0.0156046 secs] 214170K->77033K(494976K), 0.0156631 secs] [Times: user=0.02 sys=0.00, real=0.02 secs] 
2018-03-30T11:30:44.338+0000: 129.078: [GC (Allocation Failure) 2018-03-30T11:30:44.338+0000: 129.078: [DefNew: 144050K->17024K(153600K), 0.0220302 secs] 213159K->95441K(494976K), 0.0221061 secs] [Times: user=0.01 sys=0.01, real=0.02 secs] 
2018-03-30T11:30:49.961+0000: 134.701: [GC (Allocation Failure) 2018-03-30T11:30:49.961+0000: 134.701: [DefNew: 153600K->3448K(153600K), 0.0150076 secs] 232017K->98780K(494976K), 0.0150712 secs] [Times: user=0.01 sys=0.01, real=0.02 secs] 
2018-03-30T11:30:55.333+0000: 140.073: [GC (Allocation Failure) 2018-03-30T11:30:55.333+0000: 140.073: [DefNew: 138821K->6116K(153600K), 0.0115243 secs] 234153K->101448K(494976K), 0.0115844 secs] [Times: user=0.01 sys=0.00, real=0.00 secs] 
2018-03-30T11:31:00.804+0000: 145.544: [GC (Allocation Failure) 2018-03-30T11:31:00.804+0000: 145.544: [DefNew: 142692K->6650K(153600K), 0.0122438 secs] 238024K->101982K(494976K), 0.0123132 secs] [Times: user=0.01 sys=0.00, real=0.02 secs] 
2018-03-30T11:31:06.345+0000: 151.085: [GC (Allocation Failure) 2018-03-30T11:31:06.345+0000: 151.085: [DefNew: 139396K->5939K(153600K), 0.0103598 secs] 234728K->101271K(494976K), 0.0104338 secs] [Times: user=0.00 sys=0.00, real=0.02 secs] 
2018-03-30T11:31:11.799+0000: 156.539: [GC (Allocation Failure) 2018-03-30T11:31:11.799+0000: 156.539: [DefNew: 142515K->7227K(153600K), 0.0119054 secs] 237847K->102559K(494976K), 0.0119668 secs] [Times: user=0.01 sys=0.00, real=0.01 secs] 
2018-03-30T11:31:16.305+0000: 161.045: [GC (Allocation Failure) 2018-03-30T11:31:16.305+0000: 161.045: [DefNew: 143803K->9339K(153600K), 0.0152838 secs] 239135K->104670K(494976K), 0.0153495 secs] [Times: user=0.02 sys=0.00, real=0.02 secs] 
2018-03-30T11:31:22.309+0000: 167.049: [GC (Allocation Failure) 2018-03-30T11:31:22.309+0000: 167.049: [DefNew: 145915K->8428K(153600K), 0.0151422 secs] 241246K->105119K(494976K), 0.0152051 secs] [Times: user=0.01 sys=0.00, real=0.01 secs] 
2018-03-30T11:31:27.320+0000: 172.060: [GC (Allocation Failure) 2018-03-30T11:31:27.320+0000: 172.060: [DefNew: 145004K->9762K(153600K), 0.0159924 secs] 241695K->106453K(494976K), 0.0160705 secs] [Times: user=0.02 sys=0.00, real=0.02 secs] 
2018-03-30T11:31:32.343+0000: 177.083: [GC (Allocation Failure) 2018-03-30T11:31:32.343+0000: 177.083: [DefNew: 141706K->6531K(153600K), 0.0132896 secs] 238397K->105111K(494976K), 0.0133528 secs] [Times: user=0.01 sys=0.00, real=0.02 secs] 
2018-03-30T11:31:36.975+0000: 181.715: [GC (Allocation Failure) 2018-03-30T11:31:36.975+0000: 181.715: [DefNew: 143107K->7604K(153600K), 0.0122166 secs] 241687K->106184K(494976K), 0.0122929 secs] [Times: user=0.01 sys=0.00, real=0.01 secs] 
2018-03-30T11:31:41.850+0000: 186.590: [GC (Allocation Failure) 2018-03-30T11:31:41.850+0000: 186.590: [DefNew: 139519K->8266K(153600K), 0.0129398 secs] 238099K->106846K(494976K), 0.0130073 secs] [Times: user=0.01 sys=0.00, real=0.01 secs] 
2018-03-30T11:31:46.845+0000: 191.585: [GC (Allocation Failure) 2018-03-30T11:31:46.845+0000: 191.585: [DefNew: 141934K->8903K(153600K), 0.0128189 secs] 240514K->107483K(494976K), 0.0128860 secs] [Times: user=0.01 sys=0.00, real=0.02 secs] 
2018-03-30T11:31:51.821+0000: 196.560: [GC (Allocation Failure) 2018-03-30T11:31:51.821+0000: 196.561: [DefNew: 145479K->10652K(153600K), 0.0354164 secs] 244059K->109958K(494976K), 0.0355015 secs] [Times: user=0.04 sys=0.00, real=0.04 secs] 
2018-03-30T11:31:56.910+0000: 201.650: [GC (Allocation Failure) 2018-03-30T11:31:56.911+0000: 201.650: [DefNew: 143933K->6812K(153600K), 0.0265669 secs] 243239K->108811K(494976K), 0.0266408 secs] [Times: user=0.02 sys=0.00, real=0.03 secs] 
2018-03-30T11:32:01.347+0000: 206.087: [GC (Allocation Failure) 2018-03-30T11:32:01.347+0000: 206.087: [DefNew: 141259K->7495K(153600K), 0.0116928 secs] 243257K->109493K(494976K), 0.0117691 secs] [Times: user=0.02 sys=0.00, real=0.01 secs] 
2018-03-30T11:32:05.848+0000: 210.588: [GC (Allocation Failure) 2018-03-30T11:32:05.848+0000: 210.588: [DefNew: 139974K->8548K(153600K), 0.0133186 secs] 241972K->110546K(494976K), 0.0133815 secs] [Times: user=0.02 sys=0.00, real=0.01 secs] 
2018-03-30T11:32:10.348+0000: 215.088: [GC (Allocation Failure) 2018-03-30T11:32:10.348+0000: 215.088: [DefNew: 142637K->8404K(153600K), 0.0136307 secs] 244635K->111059K(494976K), 0.0136995 secs] [Times: user=0.01 sys=0.00, real=0.01 secs] 
2018-03-30T11:32:14.504+0000: 219.244: [GC (Allocation Failure) 2018-03-30T11:32:14.504+0000: 219.244: [DefNew: 144980K->9067K(153600K), 0.0133276 secs] 247635K->111722K(494976K), 0.0133951 secs] [Times: user=0.01 sys=0.00, real=0.02 secs] 
2018-03-30T11:32:18.905+0000: 223.645: [GC (Allocation Failure) 2018-03-30T11:32:18.905+0000: 223.645: [DefNew: 145643K->11591K(153600K), 0.0403178 secs] 248298K->114809K(494976K), 0.0403845 secs] [Times: user=0.04 sys=0.00, real=0.04 secs] 
2018-03-30T11:32:23.413+0000: 228.153: [GC (Allocation Failure) 2018-03-30T11:32:23.413+0000: 228.153: [DefNew: 145778K->6113K(153600K), 0.0287669 secs] 248997K->112846K(494976K), 0.0288444 secs] [Times: user=0.03 sys=0.00, real=0.03 secs] 
2018-03-30T11:32:27.811+0000: 232.551: [GC (Allocation Failure) 2018-03-30T11:32:27.811+0000: 232.551: [DefNew: 142689K->8572K(153600K), 0.0146511 secs] 249422K->115305K(494976K), 0.0147195 secs] [Times: user=0.02 sys=0.00, real=0.02 secs] 
2018-03-30T11:32:31.653+0000: 236.393: [GC (Allocation Failure) 2018-03-30T11:32:31.653+0000: 236.393: [DefNew: 145148K->7430K(153600K), 0.0129407 secs] 251881K->114939K(494976K), 0.0130064 secs] [Times: user=0.02 sys=0.00, real=0.02 secs] 
2018-03-30T11:32:36.362+0000: 241.102: [GC (Allocation Failure) 2018-03-30T11:32:36.362+0000: 241.102: [DefNew: 143616K->7737K(153600K), 0.0109790 secs] 251125K->115246K(494976K), 0.0110435 secs] [Times: user=0.01 sys=0.00, real=0.02 secs] 
2018-03-30T11:32:40.794+0000: 245.534: [GC (Allocation Failure) 2018-03-30T11:32:40.794+0000: 245.534: [DefNew: 144313K->8381K(153600K), 0.0122652 secs] 251822K->115890K(494976K), 0.0123320 secs] [Times: user=0.01 sys=0.00, real=0.01 secs] 
2018-03-30T11:32:44.930+0000: 249.670: [GC (Allocation Failure) 2018-03-30T11:32:44.930+0000: 249.670: [DefNew: 144957K->9121K(153600K), 0.0124572 secs] 252466K->116630K(494976K), 0.0125193 secs] [Times: user=0.01 sys=0.00, real=0.01 secs] 
2018-03-30T11:32:49.303+0000: 254.043: [GC (Allocation Failure) 2018-03-30T11:32:49.303+0000: 254.043: [DefNew: 145697K->9778K(153600K), 0.0158494 secs] 253206K->117959K(494976K), 0.0159196 secs] [Times: user=0.02 sys=0.00, real=0.02 secs] 
2018-03-30T11:32:53.307+0000: 258.047: [GC (Allocation Failure) 2018-03-30T11:32:53.307+0000: 258.047: [DefNew: 146354K->9617K(153600K), 0.0164218 secs] 254535K->119087K(494976K), 0.0164863 secs] [Times: user=0.02 sys=0.00, real=0.01 secs] 
2018-03-30T11:32:57.362+0000: 262.102: [GC (Allocation Failure) 2018-03-30T11:32:57.362+0000: 262.102: [DefNew: 143840K->7079K(153600K), 0.0127566 secs] 253311K->117790K(494976K), 0.0128218 secs] [Times: user=0.01 sys=0.00, real=0.02 secs] 
2018-03-30T11:33:01.425+0000: 266.165: [GC (Allocation Failure) 2018-03-30T11:33:01.425+0000: 266.165: [DefNew: 137950K->7960K(153600K), 0.0248129 secs] 248661K->118671K(494976K), 0.0248912 secs] [Times: user=0.03 sys=0.00, real=0.03 secs] 
2018-03-30T11:33:05.362+0000: 270.102: [GC (Allocation Failure) 2018-03-30T11:33:05.362+0000: 270.102: [DefNew: 144536K->11218K(153600K), 0.0308172 secs] 255247K->121929K(494976K), 0.0308962 secs] [Times: user=0.04 sys=0.00, real=0.03 secs] 
2018-03-30T11:33:09.309+0000: 274.049: [GC (Allocation Failure) 2018-03-30T11:33:09.309+0000: 274.049: [DefNew: 147794K->8761K(153600K), 0.0183914 secs] 258505K->122307K(494976K), 0.0184581 secs] [Times: user=0.02 sys=0.00, real=0.02 secs] 
2018-03-30T11:33:13.109+0000: 277.849: [GC (Allocation Failure) 2018-03-30T11:33:13.109+0000: 277.849: [DefNew: 145337K->7239K(153600K), 0.0121351 secs] 258883K->121576K(494976K), 0.0122173 secs] [Times: user=0.01 sys=0.00, real=0.01 secs] 
2018-03-30T11:33:16.432+0000: 281.172: [GC (Allocation Failure) 2018-03-30T11:33:16.432+0000: 281.172: [DefNew: 143815K->7844K(153600K), 0.0123505 secs] 258152K->122181K(494976K), 0.0124250 secs] [Times: user=0.01 sys=0.00, real=0.01 secs] 
2018-03-30T11:33:19.945+0000: 284.685: [GC (Allocation Failure) 2018-03-30T11:33:19.945+0000: 284.685: [DefNew: 137061K->8527K(153600K), 0.0138688 secs] 251398K->122864K(494976K), 0.0139340 secs] [Times: user=0.01 sys=0.00, real=0.02 secs] 
2018-03-30T11:33:23.224+0000: 287.964: [GC (Allocation Failure) 2018-03-30T11:33:23.224+0000: 287.964: [DefNew: 145103K->8926K(153600K), 0.0270752 secs] 259440K->123963K(494976K), 0.0271414 secs] [Times: user=0.03 sys=0.00, real=0.03 secs] 
2018-03-30T11:33:26.937+0000: 291.677: [GC (Allocation Failure) 2018-03-30T11:33:26.937+0000: 291.677: [DefNew: 139334K->8736K(153600K), 0.0253349 secs] 254372K->124560K(494976K), 0.0254130 secs] [Times: user=0.03 sys=0.00, real=0.02 secs] 
2018-03-30T11:33:30.306+0000: 295.046: [GC (Allocation Failure) 2018-03-30T11:33:30.306+0000: 295.046: [DefNew: 145312K->10334K(153600K), 0.0158653 secs] 261136K->126693K(494976K), 0.0159379 secs] [Times: user=0.01 sys=0.01, real=0.01 secs] 
2018-03-30T11:33:33.373+0000: 298.113: [GC (Allocation Failure) 2018-03-30T11:33:33.373+0000: 298.113: [DefNew: 139327K->17024K(153600K), 0.0178037 secs] 255686K->141854K(494976K), 0.0178806 secs] [Times: user=0.02 sys=0.00, real=0.01 secs] 
2018-03-30T11:33:36.795+0000: 301.535: [GC (Allocation Failure) 2018-03-30T11:33:36.795+0000: 301.535: [DefNew: 153600K->17023K(153600K), 0.0168672 secs] 278430K->161179K(494976K), 0.0169325 secs] [Times: user=0.01 sys=0.00, real=0.01 secs] 
2018-03-30T11:33:40.366+0000: 305.105: [GC (Allocation Failure) 2018-03-30T11:33:40.366+0000: 305.106: [DefNew: 149724K->3085K(153600K), 0.0130137 secs] 293879K->163935K(494976K), 0.0130938 secs] [Times: user=0.00 sys=0.01, real=0.01 secs] 
2018-03-30T11:33:43.847+0000: 308.587: [GC (Allocation Failure) 2018-03-30T11:33:43.847+0000: 308.587: [DefNew: 139661K->8202K(153600K), 0.0224792 secs] 300511K->169052K(494976K), 0.0225455 secs] [Times: user=0.02 sys=0.01, real=0.02 secs] 
2018-03-30T11:33:47.444+0000: 312.184: [GC (Allocation Failure) 2018-03-30T11:33:47.444+0000: 312.184: [DefNew: 144778K->9563K(153600K), 0.0313275 secs] 305628K->170413K(494976K), 0.0313961 secs] [Times: user=0.03 sys=0.00, real=0.04 secs] 
2018-03-30T11:33:50.794+0000: 315.534: [GC (Allocation Failure) 2018-03-30T11:33:50.794+0000: 315.534: [DefNew: 146139K->5530K(153600K), 0.0237696 secs] 306989K->168553K(494976K), 0.0238449 secs] [Times: user=0.02 sys=0.00, real=0.02 secs] 
2018-03-30T11:33:54.299+0000: 319.039: [GC (Allocation Failure) 2018-03-30T11:33:54.299+0000: 319.039: [DefNew: 142106K->7058K(153600K), 0.0105657 secs] 305129K->170081K(494976K), 0.0106308 secs] [Times: user=0.01 sys=0.00, real=0.01 secs] 
2018-03-30T11:33:57.784+0000: 322.524: [GC (Allocation Failure) 2018-03-30T11:33:57.784+0000: 322.524: [DefNew: 143634K->7936K(153600K), 0.0110978 secs] 306657K->170959K(494976K), 0.0111626 secs] [Times: user=0.01 sys=0.00, real=0.02 secs] 
2018-03-30T11:34:00.819+0000: 325.559: [GC (Allocation Failure) 2018-03-30T11:34:00.819+0000: 325.559: [DefNew: 144512K->11171K(153600K), 0.0169155 secs] 307535K->174194K(494976K), 0.0169870 secs] [Times: user=0.02 sys=0.00, real=0.02 secs] 
2018-03-30T11:34:04.123+0000: 328.863: [GC (Allocation Failure) 2018-03-30T11:34:04.123+0000: 328.863: [DefNew: 147747K->6687K(153600K), 0.0134859 secs] 310770K->172097K(494976K), 0.0135628 secs] [Times: user=0.02 sys=0.00, real=0.02 secs] 
2018-03-30T11:34:07.807+0000: 332.547: [GC (Allocation Failure) 2018-03-30T11:34:07.807+0000: 332.547: [DefNew: 143263K->8961K(153600K), 0.0134004 secs] 308673K->174371K(494976K), 0.0134758 secs] [Times: user=0.02 sys=0.00, real=0.01 secs] 
2018-03-30T11:34:10.884+0000: 335.624: [GC (Allocation Failure) 2018-03-30T11:34:10.884+0000: 335.624: [DefNew: 139874K->7484K(153600K), 0.0118241 secs] 305284K->173653K(494976K), 0.0118871 secs] [Times: user=0.01 sys=0.00, real=0.02 secs] 
2018-03-30T11:34:14.318+0000: 339.058: [GC (Allocation Failure) 2018-03-30T11:34:14.318+0000: 339.058: [DefNew: 144005K->10894K(153600K), 0.0245247 secs] 310173K->177062K(494976K), 0.0245814 secs] [Times: user=0.01 sys=0.01, real=0.02 secs] 
2018-03-30T11:34:17.890+0000: 342.630: [GC (Allocation Failure) 2018-03-30T11:34:17.890+0000: 342.630: [DefNew: 143793K->6389K(153600K), 0.0118033 secs] 309961K->174882K(494976K), 0.0118826 secs] [Times: user=0.01 sys=0.00, real=0.01 secs] 
2018-03-30T11:34:21.299+0000: 346.039: [GC (Allocation Failure) 2018-03-30T11:34:21.299+0000: 346.039: [DefNew: 142965K->7805K(153600K), 0.0123177 secs] 311458K->176298K(494976K), 0.0123906 secs] [Times: user=0.01 sys=0.00, real=0.01 secs] 
2018-03-30T11:34:24.317+0000: 349.057: [GC (Allocation Failure) 2018-03-30T11:34:24.317+0000: 349.057: [DefNew: 144381K->9643K(153600K), 0.0262530 secs] 312874K->178136K(494976K), 0.0263314 secs] [Times: user=0.02 sys=0.00, real=0.02 secs] 
2018-03-30T11:34:27.804+0000: 352.544: [GC (Allocation Failure) 2018-03-30T11:34:27.805+0000: 352.544: [DefNew: 146219K->7691K(153600K), 0.0236806 secs] 314712K->177870K(494976K), 0.0237515 secs] [Times: user=0.03 sys=0.00, real=0.03 secs] 
2018-03-30T11:34:31.124+0000: 355.864: [GC (Allocation Failure) 2018-03-30T11:34:31.124+0000: 355.864: [DefNew: 144267K->8034K(153600K), 0.0183687 secs] 314446K->178214K(494976K), 0.0184308 secs] [Times: user=0.01 sys=0.00, real=0.02 secs] 
2018-03-30T11:34:34.413+0000: 359.153: [GC (Allocation Failure) 2018-03-30T11:34:34.413+0000: 359.153: [DefNew: 144610K->11851K(153600K), 0.0358997 secs] 314790K->182030K(494976K), 0.0359665 secs] [Times: user=0.04 sys=0.00, real=0.03 secs] 
2018-03-30T11:34:37.372+0000: 362.112: [GC (Allocation Failure) 2018-03-30T11:34:37.372+0000: 362.112: [DefNew: 143383K->6457K(153600K), 0.0129469 secs] 313563K->179413K(494976K), 0.0130099 secs] [Times: user=0.01 sys=0.00, real=0.02 secs] 
2018-03-30T11:34:40.741+0000: 365.480: [GC (Allocation Failure) 2018-03-30T11:34:40.741+0000: 365.481: [DefNew: 143033K->7688K(153600K), 0.0103400 secs] 315989K->180644K(494976K), 0.0104047 secs] [Times: user=0.01 sys=0.00, real=0.01 secs] 
2018-03-30T11:34:43.887+0000: 368.627: [GC (Allocation Failure) 2018-03-30T11:34:43.887+0000: 368.627: [DefNew: 142257K->8287K(153600K), 0.0117233 secs] 315213K->181243K(494976K), 0.0117952 secs] [Times: user=0.02 sys=0.00, real=0.01 secs] 
2018-03-30T11:34:47.303+0000: 372.043: [GC (Allocation Failure) 2018-03-30T11:34:47.303+0000: 372.043: [DefNew: 144753K->10281K(153600K), 0.0135149 secs] 317709K->183237K(494976K), 0.0135850 secs] [Times: user=0.01 sys=0.00, real=0.02 secs] 
2018-03-30T11:34:50.385+0000: 375.125: [GC (Allocation Failure) 2018-03-30T11:34:50.385+0000: 375.125: [DefNew: 146485K->7203K(153600K), 0.0123130 secs] 319441K->182211K(494976K), 0.0123797 secs] [Times: user=0.02 sys=0.00, real=0.02 secs] 
2018-03-30T11:34:53.413+0000: 378.153: [GC (Allocation Failure) 2018-03-30T11:34:53.413+0000: 378.153: [DefNew: 134694K->7643K(153600K), 0.0101096 secs] 309702K->182651K(494976K), 0.0101876 secs] [Times: user=0.01 sys=0.01, real=0.01 secs] 
2018-03-30T11:34:56.584+0000: 381.324: [GC (Allocation Failure) 2018-03-30T11:34:56.584+0000: 381.324: [DefNew: 144219K->8720K(153600K), 0.0128736 secs] 319227K->183728K(494976K), 0.0129345 secs] [Times: user=0.02 sys=0.00, real=0.02 secs] 
2018-03-30T11:34:59.735+0000: 384.475: [GC (Allocation Failure) 2018-03-30T11:34:59.735+0000: 384.475: [DefNew: 145296K->8962K(153600K), 0.0316475 secs] 320304K->184584K(494976K), 0.0317341 secs] [Times: user=0.03 sys=0.01, real=0.03 secs] 
2018-03-30T11:35:02.968+0000: 387.708: [GC (Allocation Failure) 2018-03-30T11:35:02.968+0000: 387.708: [DefNew: 140999K->8675K(153600K), 0.0195207 secs] 316621K->185062K(494976K), 0.0195868 secs] [Times: user=0.02 sys=0.00, real=0.02 secs] 
2018-03-30T11:35:05.971+0000: 390.711: [GC (Allocation Failure) 2018-03-30T11:35:05.971+0000: 390.711: [DefNew: 141168K->9058K(153600K), 0.0275315 secs] 317555K->185986K(494976K), 0.0276088 secs] [Times: user=0.02 sys=0.00, real=0.03 secs] 
2018-03-30T11:35:08.891+0000: 393.631: [GC (Allocation Failure) 2018-03-30T11:35:08.891+0000: 393.631: [DefNew: 142739K->8582K(153600K), 0.0126806 secs] 319667K->186480K(494976K), 0.0127682 secs] [Times: user=0.01 sys=0.00, real=0.01 secs] 
2018-03-30T11:35:11.877+0000: 396.617: [GC (Allocation Failure) 2018-03-30T11:35:11.877+0000: 396.617: [DefNew: 138051K->8412K(153600K), 0.0117273 secs] 315949K->186999K(494976K), 0.0117944 secs] [Times: user=0.02 sys=0.00, real=0.01 secs] 
2018-03-30T11:35:14.881+0000: 399.621: [GC (Allocation Failure) 2018-03-30T11:35:14.881+0000: 399.621: [DefNew: 143038K->9173K(153600K), 0.0115459 secs] 321625K->187760K(494976K), 0.0116149 secs] [Times: user=0.01 sys=0.00, real=0.01 secs] 
2018-03-30T11:35:17.815+0000: 402.555: [GC (Allocation Failure) 2018-03-30T11:35:17.815+0000: 402.555: [DefNew: 145749K->12135K(153600K), 0.0171754 secs] 324336K->191468K(494976K), 0.0172507 secs] [Times: user=0.02 sys=0.00, real=0.01 secs] 
2018-03-30T11:35:20.880+0000: 405.620: [GC (Allocation Failure) 2018-03-30T11:35:20.880+0000: 405.620: [DefNew: 140187K->6616K(153600K), 0.0129270 secs] 319519K->189052K(494976K), 0.0129930 secs] [Times: user=0.01 sys=0.00, real=0.01 secs] 
2018-03-30T11:35:23.870+0000: 408.610: [GC (Allocation Failure) 2018-03-30T11:35:23.870+0000: 408.610: [DefNew: 143192K->10999K(153600K), 0.0157100 secs] 325628K->193435K(494976K), 0.0157753 secs] [Times: user=0.01 sys=0.00, real=0.02 secs] 
2018-03-30T11:35:26.891+0000: 411.631: [GC (Allocation Failure) 2018-03-30T11:35:26.891+0000: 411.631: [DefNew: 143845K->6512K(153600K), 0.0118702 secs] 326281K->191070K(494976K), 0.0119349 secs] [Times: user=0.01 sys=0.00, real=0.01 secs] 
2018-03-30T11:35:29.879+0000: 414.619: [GC (Allocation Failure) 2018-03-30T11:35:29.879+0000: 414.619: [DefNew: 141987K->7669K(153600K), 0.0101683 secs] 326544K->192227K(494976K), 0.0102324 secs] [Times: user=0.01 sys=0.00, real=0.01 secs] 
2018-03-30T11:35:32.386+0000: 417.126: [GC (Allocation Failure) 2018-03-30T11:35:32.386+0000: 417.126: [DefNew: 135426K->8799K(153600K), 0.0114351 secs] 319983K->193356K(494976K), 0.0114995 secs] [Times: user=0.01 sys=0.00, real=0.01 secs] 
2018-03-30T11:35:35.391+0000: 420.131: [GC (Allocation Failure) 2018-03-30T11:35:35.391+0000: 420.131: [DefNew: 139166K->8675K(153600K), 0.0118057 secs] 323723K->193777K(494976K), 0.0118719 secs] [Times: user=0.01 sys=0.00, real=0.01 secs] 
2018-03-30T11:35:38.387+0000: 423.127: [GC (Allocation Failure) 2018-03-30T11:35:38.387+0000: 423.127: [DefNew: 143725K->9042K(153600K), 0.0120126 secs] 328827K->194760K(494976K), 0.0120793 secs] [Times: user=0.01 sys=0.00, real=0.01 secs] 
2018-03-30T11:35:41.385+0000: 426.125: [GC (Allocation Failure) 2018-03-30T11:35:41.385+0000: 426.125: [DefNew: 142374K->8913K(153600K), 0.0122234 secs] 328092K->195386K(494976K), 0.0122978 secs] [Times: user=0.01 sys=0.00, real=0.02 secs] 
2018-03-30T11:35:44.312+0000: 429.052: [GC (Allocation Failure) 2018-03-30T11:35:44.312+0000: 429.052: [DefNew: 145489K->11089K(153600K), 0.0165917 secs] 331962K->198227K(494976K), 0.0166707 secs] [Times: user=0.02 sys=0.00, real=0.02 secs] 
2018-03-30T11:35:47.018+0000: 431.758: [GC (Allocation Failure) 2018-03-30T11:35:47.018+0000: 431.758: [DefNew: 147665K->17023K(153600K), 0.0171518 secs] 334803K->207561K(494976K), 0.0172178 secs] [Times: user=0.02 sys=0.00, real=0.02 secs] 
2018-03-30T11:35:49.991+0000: 434.731: [GC (Allocation Failure) 2018-03-30T11:35:49.991+0000: 434.731: [DefNew: 144173K->3223K(153600K), 0.0176710 secs] 334710K->197932K(494976K), 0.0211645 secs] [Times: user=0.02 sys=0.01, real=0.02 secs] 
2018-03-30T11:35:52.825+0000: 437.565: [GC (Allocation Failure) 2018-03-30T11:35:52.825+0000: 437.565: [DefNew: 139799K->6859K(153600K), 0.0212781 secs] 334508K->201568K(494976K), 0.0213410 secs] [Times: user=0.02 sys=0.00, real=0.03 secs] 
2018-03-30T11:35:55.481+0000: 440.221: [GC (Allocation Failure) 2018-03-30T11:35:55.481+0000: 440.221: [DefNew: 139339K->6603K(153600K), 0.0130936 secs] 334048K->201312K(494976K), 0.0131553 secs] [Times: user=0.02 sys=0.00, real=0.02 secs] 
2018-03-30T11:35:58.323+0000: 443.063: [GC (Allocation Failure) 2018-03-30T11:35:58.323+0000: 443.063: [DefNew: 143179K->9842K(153600K), 0.0246081 secs] 337888K->204551K(494976K), 0.0246734 secs] [Times: user=0.02 sys=0.00, real=0.03 secs] 
2018-03-30T11:36:01.338+0000: 446.078: [GC (Allocation Failure) 2018-03-30T11:36:01.338+0000: 446.078: [DefNew: 146418K->8918K(153600K), 0.0301672 secs] 341127K->205823K(494976K), 0.0302431 secs] [Times: user=0.03 sys=0.00, real=0.03 secs] 
2018-03-30T11:36:04.420+0000: 449.160: [GC (Allocation Failure) 2018-03-30T11:36:04.420+0000: 449.160: [DefNew: 145494K->9939K(153600K), 0.0287870 secs] 342399K->207899K(494976K), 0.0288536 secs] [Times: user=0.03 sys=0.00, real=0.03 secs] 
2018-03-30T11:36:07.495+0000: 452.235: [GC (Allocation Failure) 2018-03-30T11:36:07.495+0000: 452.235: [DefNew: 145245K->6122K(153600K), 0.0141062 secs] 343205K->205485K(494976K), 0.0141824 secs] [Times: user=0.01 sys=0.00, real=0.01 secs] 
2018-03-30T11:36:10.410+0000: 455.150: [GC (Allocation Failure) 2018-03-30T11:36:10.410+0000: 455.150: [DefNew: 142698K->10725K(153600K), 0.0337233 secs] 342061K->210088K(494976K), 0.0337883 secs] [Times: user=0.04 sys=0.00, real=0.03 secs] 
2018-03-30T11:36:13.076+0000: 457.816: [GC (Allocation Failure) 2018-03-30T11:36:13.076+0000: 457.816: [DefNew: 147301K->17023K(153600K), 0.0391745 secs] 346664K->219538K(494976K), 0.0392428 secs] [Times: user=0.04 sys=0.01, real=0.04 secs] 
2018-03-30T11:36:15.997+0000: 460.737: [GC (Allocation Failure) 2018-03-30T11:36:15.997+0000: 460.737: [DefNew: 146493K->3322K(153600K), 0.0183338 secs] 349007K->209357K(494976K), 0.0184045 secs] [Times: user=0.02 sys=0.00, real=0.02 secs] 
2018-03-30T11:36:18.396+0000: 463.136: [GC (Allocation Failure) 2018-03-30T11:36:18.396+0000: 463.136: [DefNew: 132385K->5861K(153600K), 0.0088729 secs] 338419K->211896K(494976K), 0.0089410 secs] [Times: user=0.02 sys=0.00, real=0.01 secs] 
2018-03-30T11:36:20.895+0000: 465.635: [GC (Allocation Failure) 2018-03-30T11:36:20.895+0000: 465.635: [DefNew: 132063K->6711K(153600K), 0.0088087 secs] 338098K->212745K(494976K), 0.0088810 secs] [Times: user=0.00 sys=0.00, real=0.00 secs] 
2018-03-30T11:36:23.816+0000: 468.556: [GC (Allocation Failure) 2018-03-30T11:36:23.816+0000: 468.556: [DefNew: 143287K->10695K(153600K), 0.0143602 secs] 349321K->216730K(494976K), 0.0144269 secs] [Times: user=0.02 sys=0.00, real=0.01 secs] 
2018-03-30T11:36:26.606+0000: 471.346: [GC (Allocation Failure) 2018-03-30T11:36:26.606+0000: 471.346: [DefNew: 147271K->6594K(153600K), 0.0116627 secs] 353306K->214945K(494976K), 0.0117271 secs] [Times: user=0.01 sys=0.01, real=0.01 secs] 
2018-03-30T11:36:29.391+0000: 474.131: [GC (Allocation Failure) 2018-03-30T11:36:29.391+0000: 474.131: [DefNew: 136694K->7610K(153600K), 0.0092218 secs] 345044K->215961K(494976K), 0.0092903 secs] [Times: user=0.00 sys=0.00, real=0.01 secs] 
2018-03-30T11:36:32.394+0000: 477.134: [GC (Allocation Failure) 2018-03-30T11:36:32.394+0000: 477.134: [DefNew: 136444K->7676K(153600K), 0.0085681 secs] 344794K->216026K(494976K), 0.0086320 secs] [Times: user=0.01 sys=0.00, real=0.00 secs] 
2018-03-30T11:36:35.313+0000: 480.053: [GC (Allocation Failure) 2018-03-30T11:36:35.313+0000: 480.053: [DefNew: 144059K->11034K(153600K), 0.0144437 secs] 352409K->219385K(494976K), 0.0145101 secs] [Times: user=0.01 sys=0.00, real=0.01 secs] 
2018-03-30T11:36:37.797+0000: 482.537: [GC (Allocation Failure) 2018-03-30T11:36:37.797+0000: 482.537: [DefNew: 147610K->7479K(153600K), 0.0231102 secs] 355961K->218257K(494976K), 0.0231847 secs] [Times: user=0.02 sys=0.00, real=0.02 secs] 
2018-03-30T11:36:40.494+0000: 485.234: [GC (Allocation Failure) 2018-03-30T11:36:40.494+0000: 485.234: [DefNew: 140738K->8357K(153600K), 0.0208996 secs] 351516K->219135K(494976K), 0.0209634 secs] [Times: user=0.02 sys=0.00, real=0.02 secs] 
2018-03-30T11:36:43.042+0000: 487.782: [GC (Allocation Failure) 2018-03-30T11:36:43.042+0000: 487.782: [DefNew: 144933K->17023K(153600K), 0.0404975 secs] 355711K->232309K(494976K), 0.0405552 secs] [Times: user=0.04 sys=0.00, real=0.04 secs] 
2018-03-30T11:36:46.006+0000: 490.746: [GC (Allocation Failure) 2018-03-30T11:36:46.007+0000: 490.746: [DefNew: 152355K->3500K(153600K), 0.0182052 secs] 367640K->222234K(494976K), 0.0182822 secs] [Times: user=0.02 sys=0.00, real=0.01 secs] 
2018-03-30T11:36:48.405+0000: 493.145: [GC (Allocation Failure) 2018-03-30T11:36:48.405+0000: 493.145: [DefNew: 127842K->5377K(153600K), 0.0079063 secs] 346576K->224111K(494976K), 0.0079658 secs] [Times: user=0.01 sys=0.00, real=0.01 secs] 
2018-03-30T11:36:51.357+0000: 496.097: [GC (Allocation Failure) 2018-03-30T11:36:51.357+0000: 496.097: [DefNew: 141953K->9256K(153600K), 0.0255513 secs] 360687K->227990K(494976K), 0.0256418 secs] [Times: user=0.02 sys=0.00, real=0.02 secs] 
2018-03-30T11:36:54.025+0000: 498.765: [GC (Allocation Failure) 2018-03-30T11:36:54.025+0000: 498.765: [DefNew: 143492K->6346K(153600K), 0.0199333 secs] 362226K->226509K(494976K), 0.0200025 secs] [Times: user=0.02 sys=0.00, real=0.02 secs] 
2018-03-30T11:36:56.318+0000: 501.058: [GC (Allocation Failure) 2018-03-30T11:36:56.318+0000: 501.058: [DefNew: 142922K->9701K(153600K), 0.0256397 secs] 363085K->229864K(494976K), 0.0257161 secs] [Times: user=0.03 sys=0.00, real=0.02 secs] 
2018-03-30T11:36:59.007+0000: 503.747: [GC (Allocation Failure) 2018-03-30T11:36:59.007+0000: 503.747: [DefNew: 142832K->7474K(153600K), 0.0178768 secs] 362995K->229144K(494976K), 0.0179449 secs] [Times: user=0.01 sys=0.00, real=0.01 secs] 
2018-03-30T11:37:01.744+0000: 506.484: [GC (Allocation Failure) 2018-03-30T11:37:01.745+0000: 506.484: [DefNew: 144050K->8437K(153600K), 0.0189039 secs] 365720K->230107K(494976K), 0.0189727 secs] [Times: user=0.02 sys=0.00, real=0.02 secs] 
2018-03-30T11:37:04.352+0000: 509.092: [GC (Allocation Failure) 2018-03-30T11:37:04.352+0000: 509.092: [DefNew: 145013K->12746K(153600K), 0.0351139 secs] 366683K->234416K(494976K), 0.0351924 secs] [Times: user=0.04 sys=0.00, real=0.04 secs] 
2018-03-30T11:37:07.327+0000: 512.067: [GC (Allocation Failure) 2018-03-30T11:37:07.327+0000: 512.067: [DefNew: 149322K->7223K(153600K), 0.0317294 secs] 370992K->232946K(494976K), 0.0317939 secs] [Times: user=0.03 sys=0.00, real=0.03 secs] 
2018-03-30T11:37:10.001+0000: 514.741: [GC (Allocation Failure) 2018-03-30T11:37:10.001+0000: 514.741: [DefNew: 142217K->6541K(153600K), 0.0104778 secs] 367940K->232264K(494976K), 0.0105441 secs] [Times: user=0.00 sys=0.00, real=0.01 secs] 
2018-03-30T11:37:12.390+0000: 517.129: [GC (Allocation Failure) 2018-03-30T11:37:12.390+0000: 517.130: [DefNew: 143117K->11948K(153600K), 0.0305748 secs] 368840K->237671K(494976K), 0.0306418 secs] [Times: user=0.03 sys=0.00, real=0.03 secs] 
2018-03-30T11:37:14.995+0000: 519.735: [GC (Allocation Failure) 2018-03-30T11:37:14.995+0000: 519.735: [DefNew: 136778K->5194K(153600K), 0.0134079 secs] 362501K->234738K(494976K), 0.0134776 secs] [Times: user=0.02 sys=0.00, real=0.01 secs] 
2018-03-30T11:37:17.012+0000: 521.752: [GC (Allocation Failure) 2018-03-30T11:37:17.012+0000: 521.752: [DefNew: 129671K->7065K(153600K), 0.0180782 secs] 359214K->236609K(494976K), 0.0181564 secs] [Times: user=0.02 sys=0.00, real=0.02 secs] 
2018-03-30T11:37:19.523+0000: 524.263: [GC (Allocation Failure) 2018-03-30T11:37:19.523+0000: 524.263: [DefNew: 136506K->8279K(153600K), 0.0190745 secs] 366050K->237822K(494976K), 0.0191438 secs] [Times: user=0.02 sys=0.00, real=0.02 secs] 
2018-03-30T11:37:22.021+0000: 526.761: [GC (Allocation Failure) 2018-03-30T11:37:22.021+0000: 526.761: [DefNew: 137961K->9495K(153600K), 0.0196356 secs] 367504K->239038K(494976K), 0.0197126 secs] [Times: user=0.02 sys=0.00, real=0.02 secs] 
2018-03-30T11:37:24.524+0000: 529.264: [GC (Allocation Failure) 2018-03-30T11:37:24.524+0000: 529.264: [DefNew: 133380K->8663K(153600K), 0.0218747 secs] 362924K->239370K(494976K), 0.0219446 secs] [Times: user=0.02 sys=0.00, real=0.03 secs] 
11:37:26.817 [Client] INFO  c.s.f.r.e.s.SocketRear  - FlameSocketGraphDeployerRear@10.0.0.251: has been disconnected from Connection 8
2018-03-30T11:37:27.011+0000: 531.751: [GC (Allocation Failure) 2018-03-30T11:37:27.011+0000: 531.751: [DefNew: 138279K->8967K(153600K), 0.0206219 secs] 368986K->240327K(494976K), 0.0206984 secs] [Times: user=0.02 sys=0.00, real=0.02 secs] 
11:37:39.302 [worker-akka.actor.default-dispatcher-14] INFO  a.a.CoordinatedShutdown CoordinatedShutdown(akka://worker) - Starting coordinated shutdown from JVM shutdown hook
11:37:39.319 [worker-akka.actor.default-dispatcher-15] INFO  a.a.LocalActorRef akka://worker/user/watcher/graph_at_0/edge/FlameSocketGraphDeployerFront - Stopped
11:37:39.320 [worker-akka.actor.default-dispatcher-15] INFO  a.a.LocalActorRef akka://worker/user/watcher/graph_at_0/edge/FlameSocketGraphDeployerRear - Stopped
11:37:39.320 [worker-akka.actor.default-dispatcher-15] INFO  a.a.LocalActorRef akka://worker/user/watcher/graph_at_0/negotiator - Stopped
11:37:39.325 [worker-akka.actor.default-dispatcher-7] INFO  a.a.LocalActorRef akka://worker/user/watcher/graph_at_0/graph/$a - Stopped
11:37:39.325 [worker-akka.actor.default-dispatcher-7] INFO  a.a.LocalActorRef akka://worker/user/watcher/graph_at_0/graph/$b - Stopped
11:37:39.325 [worker-akka.actor.default-dispatcher-7] INFO  a.a.LocalActorRef akka://worker/user/watcher/graph_at_0/graph/$c - Stopped
11:37:39.327 [worker-akka.actor.default-dispatcher-7] INFO  a.a.LocalActorRef akka://worker/user/watcher/graph_at_0/graph/local-acker/$a - Stopped
11:37:39.328 [worker-akka.actor.default-dispatcher-7] INFO  a.a.LocalActorRef akka://worker/user/watcher/graph_at_0/graph/local-acker/$a - Message [com.spbsu.flamestream.runtime.utils.akka.PingActor$InnerPing] from Actor[akka://worker/user/watcher/graph_at_0/graph/local-acker/$a#-1940198124] to Actor[akka://worker/user/watcher/graph_at_0/graph/local-acker/$a#-1940198124] was not delivered. [1] dead letters encountered. This logging can be turned off or adjusted with configuration settings 'akka.log-dead-letters' and 'akka.log-dead-letters-during-shutdown'.
11:37:39.329 [worker-akka.actor.default-dispatcher-16] INFO  a.a.LocalActorRef akka://worker/user/watcher/graph_at_0/graph/local-acker - Stopped
11:37:39.329 [worker-akka.actor.default-dispatcher-16] INFO  a.a.LocalActorRef akka://worker/user/watcher/graph_at_0/graph/local-acker/$a - Message [com.spbsu.flamestream.runtime.utils.akka.PingActor$Stop] from Actor[akka://worker/user/watcher/graph_at_0/graph/local-acker#1746364421] to Actor[akka://worker/user/watcher/graph_at_0/graph/local-acker/$a#-1940198124] was not delivered. [2] dead letters encountered. This logging can be turned off or adjusted with configuration settings 'akka.log-dead-letters' and 'akka.log-dead-letters-during-shutdown'.
11:37:39.330 [worker-akka.actor.default-dispatcher-11] INFO  a.a.LocalActorRef akka://worker/user/watcher/graph_at_0/graph - Stopped
11:37:39.330 [worker-akka.actor.default-dispatcher-11] INFO  a.a.LocalActorRef akka://worker/user/watcher/graph_at_0/graph/local-acker - Message [com.spbsu.flamestream.runtime.acker.LocalAcker$Flush] from Actor[akka://worker/user/watcher/graph_at_0/graph/local-acker/$a#-1940198124] to Actor[akka://worker/user/watcher/graph_at_0/graph/local-acker#1746364421] was not delivered. [3] dead letters encountered. This logging can be turned off or adjusted with configuration settings 'akka.log-dead-letters' and 'akka.log-dead-letters-during-shutdown'.
11:37:39.330 [worker-akka.actor.default-dispatcher-11] INFO  a.a.LocalActorRef akka://worker/user/watcher/graph_at_0/graph/local-acker - Message [com.spbsu.flamestream.runtime.acker.LocalAcker$Flush] from Actor[akka://worker/user/watcher/graph_at_0/graph/local-acker/$a#-1940198124] to Actor[akka://worker/user/watcher/graph_at_0/graph/local-acker#1746364421] was not delivered. [4] dead letters encountered. This logging can be turned off or adjusted with configuration settings 'akka.log-dead-letters' and 'akka.log-dead-letters-during-shutdown'.
11:37:39.332 [worker-akka.actor.default-dispatcher-2] INFO  a.a.LocalActorRef akka://worker/user/watcher/graph_at_0/edge - Stopped
11:37:39.332 [worker-akka.actor.default-dispatcher-3] INFO  a.a.LocalActorRef akka://worker/user/watcher/graph_at_0 - Stopped
11:37:39.334 [worker-akka.actor.default-dispatcher-5] INFO  a.a.RepointableActorRef akka://worker/user/watcher - Stopped
11:37:39.339 [worker-akka.actor.default-dispatcher-6-EventThread] INFO  o.a.z.ClientCnxn  - EventThread shut down for session: 0x16276a9cd3d000a
11:37:39.339 [worker-akka.actor.default-dispatcher-14] INFO  o.a.z.ZooKeeper  - Session: 0x16276a9cd3d000a closed
11:37:39.347 [worker-akka.actor.default-dispatcher-6] INFO  a.r.RemoteActorRefProvider$RemotingTerminator akka://worker@10.0.0.251:5412/system/remoting-terminator - Shutting down remote daemon.
11:37:39.348 [worker-akka.actor.default-dispatcher-6] INFO  a.r.RemoteActorRefProvider$RemotingTerminator akka://worker@10.0.0.251:5412/system/remoting-terminator - Remote daemon shut down; proceeding with flushing remote transports.
11:37:40.524 [worker-akka.actor.default-dispatcher-3] INFO  a.r.RemoteActorRefProvider$RemotingTerminator akka://worker@10.0.0.251:5412/system/remoting-terminator - Remoting shut down.
Heap
 def new generation   total 153600K, used 56213K [0x00000000e0c00000, 0x00000000eb2a0000, 0x00000000eb2a0000)
  eden space 136576K,  34% used [0x00000000e0c00000, 0x00000000e3a236e0, 0x00000000e9160000)
  from space 17024K,  52% used [0x00000000e9160000, 0x00000000e9a21db0, 0x00000000ea200000)
  to   space 17024K,   0% used [0x00000000ea200000, 0x00000000ea200000, 0x00000000eb2a0000)
 tenured generation   total 341376K, used 231359K [0x00000000eb2a0000, 0x0000000100000000, 0x0000000100000000)
   the space 341376K,  67% used [0x00000000eb2a0000, 0x00000000f948ff88, 0x00000000f9490000, 0x0000000100000000)
 Metaspace       used 34382K, capacity 35284K, committed 35456K, reserved 1079296K
  class space    used 4531K, capacity 4703K, committed 4736K, reserved 1048576K
