14:34:38,882 |-INFO in ch.qos.logback.classic.LoggerContext[default] - Could NOT find resource [logback-test.xml]
14:34:38,882 |-INFO in ch.qos.logback.classic.LoggerContext[default] - Could NOT find resource [logback.groovy]
14:34:38,882 |-INFO in ch.qos.logback.classic.LoggerContext[default] - Found resource [logback.xml] at [jar:file:/opt/flamestream/lib/flamestream-runtime-1.0-SNAPSHOT.jar!/logback.xml]
14:34:38,883 |-WARN in ch.qos.logback.classic.LoggerContext[default] - Resource [logback.xml] occurs multiple times on the classpath.
14:34:38,883 |-WARN in ch.qos.logback.classic.LoggerContext[default] - Resource [logback.xml] occurs at [jar:file:/opt/flamestream/flamestream-runtime-1.0-SNAPSHOT.jar!/logback.xml]
14:34:38,883 |-WARN in ch.qos.logback.classic.LoggerContext[default] - Resource [logback.xml] occurs at [jar:file:/opt/flamestream/lib/flamestream-runtime-1.0-SNAPSHOT.jar!/logback.xml]
14:34:38,906 |-INFO in ch.qos.logback.core.joran.spi.ConfigurationWatchList@69b794e2 - URL [jar:file:/opt/flamestream/lib/flamestream-runtime-1.0-SNAPSHOT.jar!/logback.xml] is not of type file
14:34:38,985 |-INFO in ch.qos.logback.classic.joran.action.ConfigurationAction - debug attribute not set
14:34:38,986 |-INFO in ch.qos.logback.core.joran.action.AppenderAction - About to instantiate appender of type [ch.qos.logback.core.ConsoleAppender]
14:34:38,992 |-INFO in ch.qos.logback.core.joran.action.AppenderAction - Naming appender as [STDOUT]
14:34:38,999 |-INFO in ch.qos.logback.core.joran.action.NestedComplexPropertyIA - Assuming default type [ch.qos.logback.classic.encoder.PatternLayoutEncoder] for [encoder] property
14:34:39,046 |-INFO in ch.qos.logback.core.joran.action.AppenderAction - About to instantiate appender of type [ch.qos.logback.core.rolling.RollingFileAppender]
14:34:39,048 |-INFO in ch.qos.logback.core.joran.action.AppenderAction - Naming appender as [FILE]
14:34:39,066 |-INFO in c.q.l.core.rolling.TimeBasedRollingPolicy@1059063940 - No compression will be used
14:34:39,067 |-INFO in c.q.l.core.rolling.TimeBasedRollingPolicy@1059063940 - Will use the pattern /tmp/application_%d{yyyy-MM-dd}.%i.log for the active file
14:34:39,070 |-INFO in ch.qos.logback.core.rolling.SizeAndTimeBasedFNATP@4d339552 - The date pattern is 'yyyy-MM-dd' from file name pattern '/tmp/application_%d{yyyy-MM-dd}.%i.log'.
14:34:39,070 |-INFO in ch.qos.logback.core.rolling.SizeAndTimeBasedFNATP@4d339552 - Roll-over at midnight.
14:34:39,074 |-INFO in ch.qos.logback.core.rolling.SizeAndTimeBasedFNATP@4d339552 - Setting initial period to Mon Mar 26 13:53:06 UTC 2018
14:34:39,074 |-WARN in ch.qos.logback.core.rolling.SizeAndTimeBasedFNATP@4d339552 - SizeAndTimeBasedFNATP is deprecated. Use SizeAndTimeBasedRollingPolicy instead
14:34:39,074 |-WARN in ch.qos.logback.core.rolling.SizeAndTimeBasedFNATP@4d339552 - For more information see http://logback.qos.ch/manual/appenders.html#SizeAndTimeBasedRollingPolicy
14:34:39,079 |-INFO in ch.qos.logback.core.joran.action.NestedComplexPropertyIA - Assuming default type [ch.qos.logback.classic.encoder.PatternLayoutEncoder] for [encoder] property
14:34:39,083 |-INFO in ch.qos.logback.core.rolling.RollingFileAppender[FILE] - Active log file name: /tmp/application.log
14:34:39,083 |-INFO in ch.qos.logback.core.rolling.RollingFileAppender[FILE] - File property is set to [/tmp/application.log]
14:34:39,084 |-INFO in ch.qos.logback.classic.joran.action.RootLoggerAction - Setting level of ROOT logger to INFO
14:34:39,084 |-INFO in ch.qos.logback.core.joran.action.AppenderRefAction - Attaching appender named [STDOUT] to Logger[ROOT]
14:34:39,085 |-INFO in ch.qos.logback.core.joran.action.AppenderRefAction - Attaching appender named [FILE] to Logger[ROOT]
14:34:39,085 |-INFO in ch.qos.logback.classic.joran.action.ConfigurationAction - End of configuration.
14:34:39,086 |-INFO in ch.qos.logback.classic.joran.JoranConfigurator@f0f2775 - Registering current configuration as safe fallback point

14:34:39.089 [main] INFO  c.s.f.r.a.WorkerApplication  - Starting worker with id: '10.0.0.118', host: '10.0.0.118:5412', zkString: '10.0.0.132:2181'
14:34:39.947 [worker-akka.actor.default-dispatcher-2] INFO  a.e.s.Slf4jLogger  - Slf4jLogger started
2018-03-26T14:34:40.083+0000: 1.779: [Full GC (Metadata GC Threshold) 2018-03-26T14:34:40.083+0000: 1.779: [Tenured: 0K->15820K(341376K), 0.0395761 secs] 134112K->15820K(494976K), [Metaspace: 20889K->20889K(1067008K)], 0.0396426 secs] [Times: user=0.03 sys=0.00, real=0.04 secs] 
Ama winner
Ama winner
14:34:40.506 [worker-akka.actor.default-dispatcher-2] INFO  a.r.a.ArteryTransport(akka://worker) akka.remote.artery.ArteryTransport(akka://worker) - Started embedded media driver in directory [/dev/shm/aeron-root-worker-6ba96b04-ddd4-4198-b000-e9880241181a]
14:34:40.718 [worker-akka.actor.default-dispatcher-2] INFO  a.r.a.ArteryTransport(akka://worker) akka.remote.artery.ArteryTransport(akka://worker) - Remoting started; listening on address: [akka://worker@10.0.0.118:5412] with UID [3785899005063170701]
14:34:40.802 [worker-akka.actor.default-dispatcher-7] INFO  a.a.RepointableActorRef akka://worker/user/watcher - Starting...
14:34:40.826 [worker-akka.actor.default-dispatcher-6] INFO  o.a.z.ZooKeeper  - Client environment:zookeeper.version=3.4.9-1757313, built on 08/23/2016 06:50 GMT
14:34:40.826 [worker-akka.actor.default-dispatcher-6] INFO  o.a.z.ZooKeeper  - Client environment:host.name=localhost
14:34:40.826 [worker-akka.actor.default-dispatcher-6] INFO  o.a.z.ZooKeeper  - Client environment:java.version=1.8.0_151
14:34:40.826 [worker-akka.actor.default-dispatcher-6] INFO  o.a.z.ZooKeeper  - Client environment:java.vendor=Oracle Corporation
14:34:40.826 [worker-akka.actor.default-dispatcher-6] INFO  o.a.z.ZooKeeper  - Client environment:java.home=/usr/lib/jvm/java-8-openjdk-amd64/jre
14:34:40.826 [worker-akka.actor.default-dispatcher-6] INFO  o.a.z.ZooKeeper  - Client environment:java.class.path=lib/commons-cli-1.4.jar:lib/minlog-1.3.0.jar:lib/asm-5.0.4.jar:lib/hadoop-annotations-2.7.3.jar:lib/hadoop-auth-2.7.3.jar:lib/akka-slf4j_2.11-2.5.6.jar:lib/jersey-core-1.9.jar:lib/lz4-1.3.0.jar:lib/jackson-core-asl-1.9.13.jar:lib/aeron-client-1.3.0.jar:lib/htrace-core-3.1.0-incubating.jar:lib/xz-1.0.jar:lib/commons-httpclient-3.1.jar:lib/asm-3.1.jar:lib/commons-lang3-3.4.jar:lib/scala-library-2.11.11.jar:lib/scala-java8-compat_2.11-0.7.0.jar:lib/commons-configuration-1.6.jar:lib/objenesis-2.1.jar:lib/jackson-annotations-2.8.0.jar:lib/jsr305-3.0.0.jar:lib/curator-framework-2.7.1.jar:lib/jersey-server-1.9.jar:lib/jets3t-0.9.0.jar:lib/leveldb-0.7.jar:lib/jetty-6.1.26.jar:lib/stax-api-1.0-2.jar:lib/flamestream-core-1.0-SNAPSHOT.jar:lib/reflectasm-1.07-shaded.jar:lib/apacheds-kerberos-codec-2.0.0-M15.jar:lib/api-asn1-api-1.0.0-M20.jar:lib/commons-lang-2.6.jar:lib/commons-beanutils-1.7.0.jar:lib/jackson-xc-1.8.3.jar:lib/jetty-util-6.1.26.jar:lib/logback-classic-1.2.3.jar:lib/jool-0.9.12.jar:lib/httpcore-4.1.2.jar:lib/kryo-4.0.0.jar:lib/ant-1.8.1.jar:lib/jaxb-impl-2.2.3-1.jar:lib/jersey-json-1.9.jar:lib/commons-compress-1.4.1.jar:lib/leveldbjni-all-1.8.jar:lib/paranamer-2.3.jar:lib/jackson-core-2.8.4.jar:lib/commons-math3-3.6.1.jar:lib/scala-parser-combinators_2.11-1.0.4.jar:lib/netty-3.10.6.Final.jar:lib/trove4j-3.0.3.jar:lib/jaxb-api-2.2.2.jar:lib/logback-core-1.2.3.jar:lib/snappy-java-1.0.4.1.jar:lib/protobuf-java-2.5.0.jar:lib/reactive-streams-1.0.1.jar:lib/flamestream-examples-1.0-SNAPSHOT.jar:lib/commons-codec-1.4.jar:lib/activation-1.1.jar:lib/commons-net-3.1.jar:lib/curator-recipes-2.7.1.jar:lib/jackson-mapper-asl-1.9.13.jar:lib/jackson-databind-2.8.4.jar:lib/flamestream-runtime-1.0-SNAPSHOT.jar:lib/jackson-jaxrs-1.8.3.jar:lib/slf4j-api-1.7.24.jar:lib/akka-remote_2.11-2.5.6.jar:lib/akka-testkit_2.11-2.5.6.jar:lib/jline-0.9.94.jar:lib/jedis-2.9.0.jar:lib/akka-stream_2.11-2.5.6.jar:lib/jsp-api-2.1.jar:lib/kryonet-2.21.jar:lib/akka-kryo-serialization_2.11-0.5.0.jar:lib/config-1.3.1.jar:lib/ant-launcher-1.8.1.jar:lib/commons-logging-1.2.jar:lib/ssl-config-core_2.11-0.2.2.jar:lib/testng-6.10.jar:lib/leveldb-api-0.7.jar:lib/reflectasm-1.11.3.jar:lib/jcommander-1.48.jar:lib/commons-1.1.jar:lib/commons-digester-1.8.jar:lib/minlog-1.2.jar:lib/java-xmlbuilder-0.4.jar:lib/jettison-1.1.jar:lib/gson-2.2.4.jar:lib/jdk.tools-1.8.jar:lib/aeron-driver-1.3.0.jar:lib/zookeeper-3.4.9.jar:lib/commons-beanutils-core-1.8.0.jar:lib/commons-math3-3.1.1.jar:lib/akka-actor_2.11-2.5.6.jar:lib/curator-client-2.7.1.jar:lib/servlet-api-2.5.jar:lib/commons-pool2-2.4.2.jar:lib/apacheds-i18n-2.0.0-M15.jar:lib/commons-io-2.4.jar:lib/commons-codec-1.6.jar:lib/akka-protobuf_2.11-2.5.6.jar:lib/jdom-2.0.2.jar:lib/rocksdbjni-5.5.1.jar:lib/api-util-1.0.0-M20.jar:lib/hadoop-common-2.7.3.jar:lib/agrona-0.9.6.jar:lib/xmlenc-0.52.jar:lib/guava-21.0.jar:lib/commons-collections-3.2.2.jar:lib/avro-1.7.4.jar:lib/httpclient-4.1.2.jar:lib/flamestream-core-1.0-SNAPSHOT-tests.jar:lib/annotations-12.0.jar:lib/jsch-0.1.42.jar:flamestream-runtime-1.0-SNAPSHOT.jar
14:34:40.826 [worker-akka.actor.default-dispatcher-6] INFO  o.a.z.ZooKeeper  - Client environment:java.library.path=/usr/java/packages/lib/amd64:/usr/lib/x86_64-linux-gnu/jni:/lib/x86_64-linux-gnu:/usr/lib/x86_64-linux-gnu:/usr/lib/jni:/lib:/usr/lib
14:34:40.826 [worker-akka.actor.default-dispatcher-6] INFO  o.a.z.ZooKeeper  - Client environment:java.io.tmpdir=/tmp
14:34:40.828 [worker-akka.actor.default-dispatcher-6] INFO  o.a.z.ZooKeeper  - Client environment:java.compiler=<NA>
14:34:40.828 [worker-akka.actor.default-dispatcher-6] INFO  o.a.z.ZooKeeper  - Client environment:os.name=Linux
14:34:40.828 [worker-akka.actor.default-dispatcher-6] INFO  o.a.z.ZooKeeper  - Client environment:os.arch=amd64
14:34:40.829 [worker-akka.actor.default-dispatcher-6] INFO  o.a.z.ZooKeeper  - Client environment:os.version=4.4.0-1049-aws
14:34:40.830 [worker-akka.actor.default-dispatcher-6] INFO  o.a.z.ZooKeeper  - Client environment:user.name=root
14:34:40.830 [worker-akka.actor.default-dispatcher-6] INFO  o.a.z.ZooKeeper  - Client environment:user.home=/root
14:34:40.830 [worker-akka.actor.default-dispatcher-6] INFO  o.a.z.ZooKeeper  - Client environment:user.dir=/opt/flamestream
14:34:40.833 [worker-akka.actor.default-dispatcher-6] INFO  o.a.z.ZooKeeper  - Initiating client connection, connectString=10.0.0.132:2181 sessionTimeout=5000 watcher=com.spbsu.flamestream.runtime.application.LifecycleWatcher$$Lambda$30/1253975820@4969dcd4
14:34:40.869 [worker-akka.actor.default-dispatcher-6-SendThread(10.0.0.132:2181)] INFO  o.a.z.ClientCnxn  - Opening socket connection to server 10.0.0.132/10.0.0.132:2181. Will not attempt to authenticate using SASL (unknown error)
14:34:40.879 [worker-akka.actor.default-dispatcher-6-SendThread(10.0.0.132:2181)] INFO  o.a.z.ClientCnxn  - Socket connection established to 10.0.0.132/10.0.0.132:2181, initiating session
14:34:40.888 [worker-akka.actor.default-dispatcher-6-SendThread(10.0.0.132:2181)] INFO  o.a.z.ClientCnxn  - Session establishment complete on server 10.0.0.132/10.0.0.132:2181, sessionid = 0x16262bac549000c, negotiated timeout = 6000
14:34:40.897 [worker-akka.actor.default-dispatcher-7] INFO  a.a.RepointableActorRef akka://worker/user/watcher - Initializing rocksDB backend
14:34:41.071 [worker-akka.actor.default-dispatcher-7] INFO  a.a.RepointableActorRef akka://worker/user/watcher - Connected to ZK
14:34:49.251 [worker-akka.actor.default-dispatcher-7] INFO  a.a.RepointableActorRef akka://worker/user/watcher - Creating node with watchGraphs: 'com.spbsu.flamestream.core.Graph$Builder$MyGraph@1a252eb2', config: 'ClusterConfig{paths={10.0.0.51=akka://worker@10.0.0.51:5412/user/watcher/graph, 10.0.0.118=akka://worker@10.0.0.118:5412/user/watcher/graph, 10.0.0.49=akka://worker@10.0.0.49:5412/user/watcher/graph, 10.0.0.48=akka://worker@10.0.0.48:5412/user/watcher/graph, 10.0.0.14=akka://worker@10.0.0.14:5412/user/watcher/graph, 10.0.0.197=akka://worker@10.0.0.197:5412/user/watcher/graph, 10.0.0.13=akka://worker@10.0.0.13:5412/user/watcher/graph, 10.0.0.166=akka://worker@10.0.0.166:5412/user/watcher/graph, 10.0.0.64=akka://worker@10.0.0.64:5412/user/watcher/graph, 10.0.0.97=akka://worker@10.0.0.97:5412/user/watcher/graph}, ackerLocation='10.0.0.166', props=ComputationLayout{hashGroups={10.0.0.51=com.spbsu.flamestream.runtime.config.HashGroup@1ffe1b9d, 10.0.0.118=com.spbsu.flamestream.runtime.config.HashGroup@5d5c21bc, 10.0.0.49=com.spbsu.flamestream.runtime.config.HashGroup@56dcaf5d, 10.0.0.48=com.spbsu.flamestream.runtime.config.HashGroup@c65a7748, 10.0.0.14=com.spbsu.flamestream.runtime.config.HashGroup@231425fe, 10.0.0.197=com.spbsu.flamestream.runtime.config.HashGroup@fbc82752, 10.0.0.13=com.spbsu.flamestream.runtime.config.HashGroup@ccbcd570, 10.0.0.166=com.spbsu.flamestream.runtime.config.HashGroup@c01f, 10.0.0.64=com.spbsu.flamestream.runtime.config.HashGroup@4276a447, 10.0.0.97=com.spbsu.flamestream.runtime.config.HashGroup@3fc198ed}}}'
14:34:50.154 [worker-akka.actor.default-dispatcher-2] INFO  a.a.LocalActorRef akka://worker/user/watcher/graph/graph - Starting...
14:34:50.166 [worker-akka.actor.default-dispatcher-6] INFO  a.a.LocalActorRef akka://worker/user/watcher/graph/graph/local-acker/$a - Starting...
14:34:50.174 [worker-akka.actor.default-dispatcher-6] INFO  a.a.LocalActorRef akka://worker/user/watcher/graph/graph/local-acker - Starting...
14:34:50.925 [worker-akka.actor.default-dispatcher-5] INFO  a.a.LocalActorRef akka://worker/user/watcher/graph/graph - Finishing constructor
14:34:50.928 [worker-akka.actor.default-dispatcher-2] INFO  a.a.LocalActorRef akka://worker/user/watcher/graph/negotiator - Starting...
14:34:50.930 [worker-akka.actor.default-dispatcher-2] INFO  a.a.LocalActorRef akka://worker/user/watcher/graph/edge - Starting...
14:34:50.934 [worker-akka.actor.default-dispatcher-5] INFO  a.a.LocalActorRef akka://worker/user/watcher/graph - Starting...
14:34:50.960 [worker-akka.actor.default-dispatcher-4] INFO  a.a.LocalActorRef akka://worker/user/watcher/graph/negotiator - Requesting ticket for the frontClass FlameSocketGraphDeployerFront@10.0.0.118
14:34:50.985 [worker-akka.actor.default-dispatcher-5] INFO  a.a.LocalActorRef akka://worker/user/watcher/graph/graph - Received last commit 'LastCommit{globalTime=(0000000, min@min)}'
14:34:50.993 [worker-akka.actor.default-dispatcher-2] INFO  c.s.f.r.e.s.SocketRear  - FlameSocketGraphDeployerRear@10.0.0.118: connecting to 10.0.0.132:5678
14:34:51.002 [worker-akka.actor.default-dispatcher-5] INFO  a.a.LocalActorRef akka://worker/user/watcher/graph/edge/FlameSocketGraphDeployerFront - Starting...
14:34:51.007 [worker-akka.actor.default-dispatcher-2] INFO  c.s.f.r.e.s.SocketRear  - FlameSocketGraphDeployerRear@10.0.0.118: connected to 10.0.0.132:5678
14:34:51.008 [worker-akka.actor.default-dispatcher-2] INFO  a.a.LocalActorRef akka://worker/user/watcher/graph/edge/FlameSocketGraphDeployerRear - Starting...
14:34:51.080 [worker-akka.actor.default-dispatcher-2] INFO  a.a.LocalActorRef akka://worker/user/watcher/graph/graph/$a - Starting...
14:34:51.113 [worker-akka.actor.default-dispatcher-2] INFO  a.a.LocalActorRef akka://worker/user/watcher/graph/graph/$a - Attached rear to graph (-9223372036854775808, min@min)
14:34:51.118 [worker-akka.actor.default-dispatcher-2] INFO  a.a.LocalActorRef akka://worker/user/watcher/graph/graph/$b - Starting...
14:34:51.122 [worker-akka.actor.default-dispatcher-2] INFO  a.a.LocalActorRef akka://worker/user/watcher/graph/graph/$c - Starting...
14:34:51.882 [worker-akka.actor.default-dispatcher-2] INFO  a.a.LocalActorRef akka://worker/user/watcher/graph/negotiator - Ticket for the frontClass received: FrontTicket{allowedTimestamp=(0000000, FlameSocketGraphDeployerFront@10.0.0.118)}
14:34:51.883 [worker-akka.actor.default-dispatcher-2] INFO  c.s.f.r.e.s.SocketFront  - FlameSocketGraphDeployerFront@10.0.0.118: connecting to 10.0.0.132:4567
14:34:51.902 [Client] INFO  c.s.f.r.e.s.SocketFront  - FlameSocketGraphDeployerFront@10.0.0.118 has been disconnected from Connection 3
2018-03-26T14:34:56.287+0000: 17.984: [GC (Allocation Failure) 2018-03-26T14:34:56.288+0000: 17.984: [DefNew: 136576K->15761K(153600K), 0.0242458 secs] 152396K->51113K(494976K), 0.0243106 secs] [Times: user=0.02 sys=0.00, real=0.02 secs] 
2018-03-26T14:35:05.350+0000: 27.046: [GC (Allocation Failure) 2018-03-26T14:35:05.350+0000: 27.046: [DefNew: 151900K->6947K(153600K), 0.0220698 secs] 187252K->50442K(494976K), 0.0221393 secs] [Times: user=0.02 sys=0.01, real=0.02 secs] 
2018-03-26T14:35:16.733+0000: 38.429: [GC (Allocation Failure) 2018-03-26T14:35:16.733+0000: 38.429: [DefNew: 143523K->10229K(153600K), 0.0138216 secs] 187018K->53725K(494976K), 0.0138867 secs] [Times: user=0.02 sys=0.00, real=0.01 secs] 
2018-03-26T14:35:27.515+0000: 49.211: [GC (Allocation Failure) 2018-03-26T14:35:27.515+0000: 49.211: [DefNew: 146805K->9687K(153600K), 0.0172744 secs] 190301K->55472K(494976K), 0.0173421 secs] [Times: user=0.01 sys=0.00, real=0.01 secs] 
2018-03-26T14:35:37.655+0000: 59.351: [GC (Allocation Failure) 2018-03-26T14:35:37.655+0000: 59.351: [DefNew: 146263K->9907K(153600K), 0.0161236 secs] 192048K->59310K(494976K), 0.0161948 secs] [Times: user=0.01 sys=0.00, real=0.01 secs] 
2018-03-26T14:35:44.956+0000: 66.652: [GC (Allocation Failure) 2018-03-26T14:35:44.956+0000: 66.652: [DefNew: 146483K->14563K(153600K), 0.0175576 secs] 195886K->65715K(494976K), 0.0176247 secs] [Times: user=0.02 sys=0.00, real=0.02 secs] 
2018-03-26T14:35:53.404+0000: 75.100: [GC (Allocation Failure) 2018-03-26T14:35:53.404+0000: 75.100: [DefNew: 151139K->4387K(153600K), 0.0171931 secs] 202291K->67200K(494976K), 0.0172615 secs] [Times: user=0.02 sys=0.00, real=0.02 secs] 
2018-03-26T14:36:02.350+0000: 84.047: [GC (Allocation Failure) 2018-03-26T14:36:02.351+0000: 84.047: [DefNew: 140438K->7833K(153600K), 0.0151369 secs] 203251K->70646K(494976K), 0.0152065 secs] [Times: user=0.02 sys=0.00, real=0.02 secs] 
2018-03-26T14:36:11.393+0000: 93.089: [GC (Allocation Failure) 2018-03-26T14:36:11.393+0000: 93.089: [DefNew: 143219K->8930K(153600K), 0.0330091 secs] 206032K->71743K(494976K), 0.0330808 secs] [Times: user=0.04 sys=0.00, real=0.03 secs] 
2018-03-26T14:36:21.372+0000: 103.068: [GC (Allocation Failure) 2018-03-26T14:36:21.372+0000: 103.068: [DefNew: 145334K->8663K(153600K), 0.0184883 secs] 208147K->73168K(494976K), 0.0185658 secs] [Times: user=0.02 sys=0.00, real=0.02 secs] 
2018-03-26T14:36:29.400+0000: 111.096: [GC (Allocation Failure) 2018-03-26T14:36:29.400+0000: 111.096: [DefNew: 145239K->7296K(153600K), 0.0153736 secs] 209744K->73195K(494976K), 0.0154394 secs] [Times: user=0.01 sys=0.00, real=0.02 secs] 
2018-03-26T14:36:37.369+0000: 119.065: [GC (Allocation Failure) 2018-03-26T14:36:37.369+0000: 119.065: [DefNew: 143872K->13865K(153600K), 0.0211598 secs] 209771K->79764K(494976K), 0.0212192 secs] [Times: user=0.02 sys=0.00, real=0.02 secs] 
2018-03-26T14:36:44.362+0000: 126.058: [GC (Allocation Failure) 2018-03-26T14:36:44.362+0000: 126.058: [DefNew: 150252K->6396K(153600K), 0.0205789 secs] 216151K->77442K(494976K), 0.0206569 secs] [Times: user=0.02 sys=0.00, real=0.02 secs] 
2018-03-26T14:36:52.326+0000: 134.022: [GC (Allocation Failure) 2018-03-26T14:36:52.326+0000: 134.022: [DefNew: 142972K->17023K(153600K), 0.0177645 secs] 214018K->94066K(494976K), 0.0178310 secs] [Times: user=0.02 sys=0.00, real=0.01 secs] 
2018-03-26T14:37:00.511+0000: 142.207: [GC (Allocation Failure) 2018-03-26T14:37:00.511+0000: 142.207: [DefNew: 153599K->4273K(153600K), 0.0166943 secs] 230642K->98130K(494976K), 0.0167650 secs] [Times: user=0.01 sys=0.00, real=0.02 secs] 
2018-03-26T14:37:09.378+0000: 151.074: [GC (Allocation Failure) 2018-03-26T14:37:09.378+0000: 151.074: [DefNew: 138169K->7402K(153600K), 0.0143399 secs] 232026K->101260K(494976K), 0.0144137 secs] [Times: user=0.01 sys=0.00, real=0.01 secs] 
2018-03-26T14:37:17.022+0000: 158.718: [GC (Allocation Failure) 2018-03-26T14:37:17.022+0000: 158.718: [DefNew: 143978K->7320K(153600K), 0.0129158 secs] 237836K->101177K(494976K), 0.0129939 secs] [Times: user=0.02 sys=0.00, real=0.02 secs] 
2018-03-26T14:37:25.543+0000: 167.239: [GC (Allocation Failure) 2018-03-26T14:37:25.543+0000: 167.239: [DefNew: 143896K->8172K(153600K), 0.0226244 secs] 237753K->102030K(494976K), 0.0226907 secs] [Times: user=0.02 sys=0.00, real=0.03 secs] 
2018-03-26T14:37:32.334+0000: 174.030: [GC (Allocation Failure) 2018-03-26T14:37:32.334+0000: 174.030: [DefNew: 144748K->10912K(153600K), 0.0187993 secs] 238606K->104769K(494976K), 0.0188723 secs] [Times: user=0.02 sys=0.00, real=0.02 secs] 
2018-03-26T14:37:39.372+0000: 181.068: [GC (Allocation Failure) 2018-03-26T14:37:39.372+0000: 181.068: [DefNew: 146767K->9552K(153600K), 0.0215536 secs] 240624K->106317K(494976K), 0.0216221 secs] [Times: user=0.02 sys=0.00, real=0.03 secs] 
2018-03-26T14:37:47.245+0000: 188.941: [GC (Allocation Failure) 2018-03-26T14:37:47.245+0000: 188.941: [DefNew: 146128K->7332K(153600K), 0.0141487 secs] 242893K->105094K(494976K), 0.0142208 secs] [Times: user=0.02 sys=0.00, real=0.01 secs] 
2018-03-26T14:37:54.331+0000: 196.027: [GC (Allocation Failure) 2018-03-26T14:37:54.331+0000: 196.027: [DefNew: 143908K->9667K(153600K), 0.0153570 secs] 241670K->107429K(494976K), 0.0154289 secs] [Times: user=0.02 sys=0.00, real=0.02 secs] 
2018-03-26T14:38:02.262+0000: 203.958: [GC (Allocation Failure) 2018-03-26T14:38:02.262+0000: 203.958: [DefNew: 146243K->7409K(153600K), 0.0157880 secs] 244005K->107231K(494976K), 0.0158590 secs] [Times: user=0.02 sys=0.00, real=0.02 secs] 
2018-03-26T14:38:08.378+0000: 210.074: [GC (Allocation Failure) 2018-03-26T14:38:08.378+0000: 210.074: [DefNew: 142785K->10301K(153600K), 0.0173815 secs] 242607K->110123K(494976K), 0.0174519 secs] [Times: user=0.01 sys=0.00, real=0.02 secs] 
2018-03-26T14:38:14.332+0000: 216.029: [GC (Allocation Failure) 2018-03-26T14:38:14.333+0000: 216.029: [DefNew: 146877K->9380K(153600K), 0.0183417 secs] 246699K->111114K(494976K), 0.0184206 secs] [Times: user=0.02 sys=0.00, real=0.02 secs] 
2018-03-26T14:38:21.061+0000: 222.757: [GC (Allocation Failure) 2018-03-26T14:38:21.061+0000: 222.757: [DefNew: 145956K->7619K(153600K), 0.0149444 secs] 247690K->110510K(494976K), 0.0150125 secs] [Times: user=0.02 sys=0.00, real=0.02 secs] 
2018-03-26T14:38:28.375+0000: 230.071: [GC (Allocation Failure) 2018-03-26T14:38:28.375+0000: 230.071: [DefNew: 141307K->11363K(153600K), 0.0180672 secs] 244198K->114255K(494976K), 0.0181413 secs] [Times: user=0.02 sys=0.00, real=0.02 secs] 
2018-03-26T14:38:34.374+0000: 236.070: [GC (Allocation Failure) 2018-03-26T14:38:34.374+0000: 236.070: [DefNew: 147939K->9077K(153600K), 0.0207078 secs] 250831K->115154K(494976K), 0.0207770 secs] [Times: user=0.02 sys=0.00, real=0.02 secs] 
2018-03-26T14:38:41.338+0000: 243.034: [GC (Allocation Failure) 2018-03-26T14:38:41.338+0000: 243.034: [DefNew: 145653K->8710K(153600K), 0.0161612 secs] 251730K->116031K(494976K), 0.0162298 secs] [Times: user=0.02 sys=0.00, real=0.02 secs] 
2018-03-26T14:38:48.382+0000: 250.078: [GC (Allocation Failure) 2018-03-26T14:38:48.382+0000: 250.078: [DefNew: 143259K->8229K(153600K), 0.0164367 secs] 250580K->117152K(494976K), 0.0165178 secs] [Times: user=0.02 sys=0.00, real=0.02 secs] 
2018-03-26T14:38:55.088+0000: 256.784: [GC (Allocation Failure) 2018-03-26T14:38:55.088+0000: 256.784: [DefNew: 144805K->7451K(153600K), 0.0122414 secs] 253728K->116375K(494976K), 0.0123074 secs] [Times: user=0.01 sys=0.00, real=0.01 secs] 
2018-03-26T14:39:01.384+0000: 263.080: [GC (Allocation Failure) 2018-03-26T14:39:01.384+0000: 263.080: [DefNew: 136873K->11242K(153600K), 0.0190609 secs] 245797K->120166K(494976K), 0.0191441 secs] [Times: user=0.02 sys=0.00, real=0.02 secs] 
2018-03-26T14:39:07.474+0000: 269.170: [GC (Allocation Failure) 2018-03-26T14:39:07.474+0000: 269.170: [DefNew: 147818K->6497K(153600K), 0.0145918 secs] 256742K->118125K(494976K), 0.0146594 secs] [Times: user=0.02 sys=0.00, real=0.01 secs] 
2018-03-26T14:39:13.460+0000: 275.156: [GC (Allocation Failure) 2018-03-26T14:39:13.460+0000: 275.156: [DefNew: 143073K->7720K(153600K), 0.0122159 secs] 254701K->119348K(494976K), 0.0122829 secs] [Times: user=0.01 sys=0.00, real=0.01 secs] 
2018-03-26T14:39:19.531+0000: 281.227: [GC (Allocation Failure) 2018-03-26T14:39:19.531+0000: 281.227: [DefNew: 144296K->9419K(153600K), 0.0142072 secs] 255924K->121047K(494976K), 0.0142866 secs] [Times: user=0.02 sys=0.00, real=0.02 secs] 
2018-03-26T14:39:24.829+0000: 286.525: [GC (Allocation Failure) 2018-03-26T14:39:24.829+0000: 286.525: [DefNew: 145995K->9119K(153600K), 0.0170788 secs] 257623K->122525K(494976K), 0.0171453 secs] [Times: user=0.02 sys=0.00, real=0.02 secs] 
2018-03-26T14:39:30.630+0000: 292.326: [GC (Allocation Failure) 2018-03-26T14:39:30.630+0000: 292.326: [DefNew: 145695K->8849K(153600K), 0.0152549 secs] 259101K->123224K(494976K), 0.0153240 secs] [Times: user=0.02 sys=0.00, real=0.02 secs] 
2018-03-26T14:39:36.412+0000: 298.108: [GC (Allocation Failure) 2018-03-26T14:39:36.412+0000: 298.108: [DefNew: 137992K->8325K(153600K), 0.0152002 secs] 252367K->124226K(494976K), 0.0152657 secs] [Times: user=0.02 sys=0.00, real=0.02 secs] 
2018-03-26T14:39:42.394+0000: 304.090: [GC (Allocation Failure) 2018-03-26T14:39:42.394+0000: 304.090: [DefNew: 133904K->11831K(153600K), 0.0177233 secs] 249805K->127733K(494976K), 0.0177933 secs] [Times: user=0.02 sys=0.00, real=0.01 secs] 
2018-03-26T14:39:46.397+0000: 308.093: [GC (Allocation Failure) 2018-03-26T14:39:46.397+0000: 308.093: [DefNew: 145662K->17024K(153600K), 0.0258368 secs] 261563K->158901K(494976K), 0.0259078 secs] [Times: user=0.02 sys=0.01, real=0.02 secs] 
2018-03-26T14:39:51.478+0000: 313.174: [GC (Allocation Failure) 2018-03-26T14:39:51.478+0000: 313.174: [DefNew: 146223K->4515K(153600K), 0.0422681 secs] 288101K->163163K(494976K), 0.0423468 secs] [Times: user=0.02 sys=0.01, real=0.04 secs] 
2018-03-26T14:39:56.462+0000: 318.158: [GC (Allocation Failure) 2018-03-26T14:39:56.462+0000: 318.158: [DefNew: 141091K->6660K(153600K), 0.0109969 secs] 299739K->165308K(494976K), 0.0110641 secs] [Times: user=0.01 sys=0.00, real=0.02 secs] 
2018-03-26T14:40:02.406+0000: 324.102: [GC (Allocation Failure) 2018-03-26T14:40:02.406+0000: 324.102: [DefNew: 141288K->8260K(153600K), 0.0124442 secs] 299936K->166909K(494976K), 0.0125218 secs] [Times: user=0.02 sys=0.00, real=0.01 secs] 
2018-03-26T14:40:07.485+0000: 329.182: [GC (Allocation Failure) 2018-03-26T14:40:07.486+0000: 329.182: [DefNew: 136715K->9561K(153600K), 0.0277060 secs] 295363K->168209K(494976K), 0.0277885 secs] [Times: user=0.02 sys=0.00, real=0.03 secs] 
2018-03-26T14:40:12.654+0000: 334.350: [GC (Allocation Failure) 2018-03-26T14:40:12.654+0000: 334.350: [DefNew: 146137K->8570K(153600K), 0.0150406 secs] 304785K->168960K(494976K), 0.0151108 secs] [Times: user=0.02 sys=0.00, real=0.01 secs] 
2018-03-26T14:40:19.324+0000: 341.020: [GC (Allocation Failure) 2018-03-26T14:40:19.324+0000: 341.020: [DefNew: 145146K->8424K(153600K), 0.0137736 secs] 305536K->170019K(494976K), 0.0138427 secs] [Times: user=0.01 sys=0.01, real=0.02 secs] 
2018-03-26T14:40:24.415+0000: 346.111: [GC (Allocation Failure) 2018-03-26T14:40:24.415+0000: 346.111: [DefNew: 138871K->8928K(153600K), 0.0120047 secs] 300466K->170523K(494976K), 0.0120812 secs] [Times: user=0.01 sys=0.00, real=0.01 secs] 
2018-03-26T14:40:29.934+0000: 351.630: [GC (Allocation Failure) 2018-03-26T14:40:29.934+0000: 351.631: [DefNew: 145504K->9252K(153600K), 0.0142844 secs] 307099K->171718K(494976K), 0.0143546 secs] [Times: user=0.01 sys=0.00, real=0.01 secs] 
2018-03-26T14:40:35.488+0000: 357.184: [GC (Allocation Failure) 2018-03-26T14:40:35.488+0000: 357.184: [DefNew: 141539K->9109K(153600K), 0.0261472 secs] 304005K->172532K(494976K), 0.0262192 secs] [Times: user=0.03 sys=0.00, real=0.03 secs] 
2018-03-26T14:40:40.406+0000: 362.102: [GC (Allocation Failure) 2018-03-26T14:40:40.406+0000: 362.102: [DefNew: 141719K->9463K(153600K), 0.0146672 secs] 305143K->173769K(494976K), 0.0147364 secs] [Times: user=0.02 sys=0.00, real=0.01 secs] 
2018-03-26T14:40:45.236+0000: 366.932: [GC (Allocation Failure) 2018-03-26T14:40:45.236+0000: 366.932: [DefNew: 146039K->9262K(153600K), 0.0154526 secs] 310345K->175411K(494976K), 0.0155289 secs] [Times: user=0.01 sys=0.00, real=0.01 secs] 
2018-03-26T14:40:50.410+0000: 372.106: [GC (Allocation Failure) 2018-03-26T14:40:50.410+0000: 372.106: [DefNew: 142064K->8332K(153600K), 0.0128144 secs] 308213K->175408K(494976K), 0.0128890 secs] [Times: user=0.01 sys=0.00, real=0.01 secs] 
2018-03-26T14:40:56.238+0000: 377.934: [GC (Allocation Failure) 2018-03-26T14:40:56.238+0000: 377.934: [DefNew: 144908K->10153K(153600K), 0.0275686 secs] 311984K->177229K(494976K), 0.0276309 secs] [Times: user=0.03 sys=0.00, real=0.03 secs] 
2018-03-26T14:41:01.410+0000: 383.106: [GC (Allocation Failure) 2018-03-26T14:41:01.410+0000: 383.106: [DefNew: 139660K->8354K(153600K), 0.0154995 secs] 306736K->177688K(494976K), 0.0155717 secs] [Times: user=0.02 sys=0.00, real=0.02 secs] 
2018-03-26T14:41:06.409+0000: 388.105: [GC (Allocation Failure) 2018-03-26T14:41:06.409+0000: 388.105: [DefNew: 143229K->9482K(153600K), 0.0134935 secs] 312563K->178816K(494976K), 0.0135673 secs] [Times: user=0.02 sys=0.00, real=0.01 secs] 
2018-03-26T14:41:10.575+0000: 392.271: [GC (Allocation Failure) 2018-03-26T14:41:10.575+0000: 392.271: [DefNew: 146058K->17023K(153600K), 0.0475522 secs] 315392K->190763K(494976K), 0.0476190 secs] [Times: user=0.05 sys=0.01, real=0.04 secs] 
2018-03-26T14:41:16.422+0000: 398.118: [GC (Allocation Failure) 2018-03-26T14:41:16.422+0000: 398.118: [DefNew: 152144K->3899K(153600K), 0.0149241 secs] 325883K->182064K(494976K), 0.0149949 secs] [Times: user=0.02 sys=0.00, real=0.02 secs] 
2018-03-26T14:41:21.334+0000: 403.030: [GC (Allocation Failure) 2018-03-26T14:41:21.334+0000: 403.030: [DefNew: 140475K->8523K(153600K), 0.0131390 secs] 318640K->186688K(494976K), 0.0132146 secs] [Times: user=0.01 sys=0.00, real=0.01 secs] 
2018-03-26T14:41:26.407+0000: 408.103: [GC (Allocation Failure) 2018-03-26T14:41:26.407+0000: 408.103: [DefNew: 140789K->7308K(153600K), 0.0117196 secs] 318954K->186722K(494976K), 0.0117896 secs] [Times: user=0.01 sys=0.00, real=0.01 secs] 
2018-03-26T14:41:31.338+0000: 413.034: [GC (Allocation Failure) 2018-03-26T14:41:31.338+0000: 413.034: [DefNew: 143884K->10811K(153600K), 0.0161277 secs] 323298K->190224K(494976K), 0.0161952 secs] [Times: user=0.02 sys=0.00, real=0.02 secs] 
2018-03-26T14:41:35.527+0000: 417.223: [GC (Allocation Failure) 2018-03-26T14:41:35.527+0000: 417.223: [DefNew: 136818K->8061K(153600K), 0.0298195 secs] 316231K->189879K(494976K), 0.0299033 secs] [Times: user=0.02 sys=0.00, real=0.03 secs] 
2018-03-26T14:41:40.421+0000: 422.117: [GC (Allocation Failure) 2018-03-26T14:41:40.421+0000: 422.117: [DefNew: 141427K->8754K(153600K), 0.0116008 secs] 323245K->190572K(494976K), 0.0116706 secs] [Times: user=0.02 sys=0.00, real=0.01 secs] 
2018-03-26T14:41:44.417+0000: 426.114: [GC (Allocation Failure) 2018-03-26T14:41:44.418+0000: 426.114: [DefNew: 136149K->8341K(153600K), 0.0128864 secs] 317966K->191463K(494976K), 0.0129593 secs] [Times: user=0.02 sys=0.00, real=0.01 secs] 
2018-03-26T14:41:49.428+0000: 431.124: [GC (Allocation Failure) 2018-03-26T14:41:49.428+0000: 431.124: [DefNew: 143472K->9673K(153600K), 0.0129448 secs] 326595K->192795K(494976K), 0.0130276 secs] [Times: user=0.02 sys=0.00, real=0.01 secs] 
2018-03-26T14:41:54.326+0000: 436.022: [GC (Allocation Failure) 2018-03-26T14:41:54.326+0000: 436.022: [DefNew: 146249K->10605K(153600K), 0.0160133 secs] 329371K->194750K(494976K), 0.0160831 secs] [Times: user=0.02 sys=0.00, real=0.01 secs] 
2018-03-26T14:41:58.465+0000: 440.161: [GC (Allocation Failure) 2018-03-26T14:41:58.465+0000: 440.161: [DefNew: 136513K->9288K(153600K), 0.0145731 secs] 320658K->195155K(494976K), 0.0146439 secs] [Times: user=0.01 sys=0.00, real=0.01 secs] 
2018-03-26T14:42:02.899+0000: 444.595: [GC (Allocation Failure) 2018-03-26T14:42:02.899+0000: 444.595: [DefNew: 145864K->9421K(153600K), 0.0139209 secs] 331731K->196420K(494976K), 0.0139909 secs] [Times: user=0.02 sys=0.00, real=0.02 secs] 
2018-03-26T14:42:08.332+0000: 450.028: [GC (Allocation Failure) 2018-03-26T14:42:08.332+0000: 450.028: [DefNew: 145997K->10181K(153600K), 0.0159785 secs] 332996K->198532K(494976K), 0.0160611 secs] [Times: user=0.01 sys=0.00, real=0.02 secs] 
2018-03-26T14:42:13.342+0000: 455.038: [GC (Allocation Failure) 2018-03-26T14:42:13.342+0000: 455.038: [DefNew: 146757K->11672K(153600K), 0.0183018 secs] 335108K->201328K(494976K), 0.0183842 secs] [Times: user=0.02 sys=0.00, real=0.02 secs] 
2018-03-26T14:42:18.333+0000: 460.029: [GC (Allocation Failure) 2018-03-26T14:42:18.333+0000: 460.029: [DefNew: 148248K->8304K(153600K), 0.0162529 secs] 337904K->200985K(494976K), 0.0163271 secs] [Times: user=0.01 sys=0.00, real=0.01 secs] 
2018-03-26T14:42:22.335+0000: 464.031: [GC (Allocation Failure) 2018-03-26T14:42:22.335+0000: 464.031: [DefNew: 144880K->10686K(153600K), 0.0153690 secs] 337561K->203368K(494976K), 0.0154375 secs] [Times: user=0.01 sys=0.00, real=0.01 secs] 
2018-03-26T14:42:27.151+0000: 468.847: [GC (Allocation Failure) 2018-03-26T14:42:27.151+0000: 468.847: [DefNew: 147262K->7650K(153600K), 0.0137985 secs] 339944K->202830K(494976K), 0.0138689 secs] [Times: user=0.01 sys=0.00, real=0.02 secs] 
2018-03-26T14:42:31.444+0000: 473.140: [GC (Allocation Failure) 2018-03-26T14:42:31.444+0000: 473.140: [DefNew: 134334K->8684K(153600K), 0.0114260 secs] 329513K->203863K(494976K), 0.0114984 secs] [Times: user=0.02 sys=0.00, real=0.02 secs] 
2018-03-26T14:42:36.547+0000: 478.243: [GC (Allocation Failure) 2018-03-26T14:42:36.547+0000: 478.243: [DefNew: 145260K->7774K(153600K), 0.0122257 secs] 340439K->204672K(494976K), 0.0122965 secs] [Times: user=0.02 sys=0.00, real=0.01 secs] 
2018-03-26T14:42:41.345+0000: 483.041: [GC (Allocation Failure) 2018-03-26T14:42:41.345+0000: 483.041: [DefNew: 144350K->11151K(153600K), 0.0273641 secs] 341248K->208048K(494976K), 0.0315799 secs] [Times: user=0.03 sys=0.00, real=0.03 secs] 
2018-03-26T14:42:45.430+0000: 487.126: [GC (Allocation Failure) 2018-03-26T14:42:45.430+0000: 487.126: [DefNew: 140281K->8711K(153600K), 0.0143821 secs] 337178K->207608K(494976K), 0.0144586 secs] [Times: user=0.01 sys=0.00, real=0.01 secs] 
2018-03-26T14:42:49.920+0000: 491.616: [GC (Allocation Failure) 2018-03-26T14:42:49.920+0000: 491.616: [DefNew: 145287K->9426K(153600K), 0.0131338 secs] 344184K->208979K(494976K), 0.0132047 secs] [Times: user=0.01 sys=0.00, real=0.02 secs] 
2018-03-26T14:42:54.445+0000: 496.141: [GC (Allocation Failure) 2018-03-26T14:42:54.445+0000: 496.141: [DefNew: 135867K->8582K(153600K), 0.0129704 secs] 335419K->209646K(494976K), 0.0130434 secs] [Times: user=0.01 sys=0.00, real=0.02 secs] 
2018-03-26T14:42:58.436+0000: 500.132: [GC (Allocation Failure) 2018-03-26T14:42:58.436+0000: 500.132: [DefNew: 142242K->9210K(153600K), 0.0147524 secs] 343306K->211568K(494976K), 0.0148212 secs] [Times: user=0.02 sys=0.00, real=0.01 secs] 
2018-03-26T14:43:02.321+0000: 504.017: [GC (Allocation Failure) 2018-03-26T14:43:02.321+0000: 504.017: [DefNew: 145786K->9153K(153600K), 0.0141951 secs] 348144K->212785K(494976K), 0.0142654 secs] [Times: user=0.01 sys=0.01, real=0.02 secs] 
2018-03-26T14:43:06.432+0000: 508.128: [GC (Allocation Failure) 2018-03-26T14:43:06.432+0000: 508.128: [DefNew: 140935K->9632K(153600K), 0.0139747 secs] 344567K->214327K(494976K), 0.0140453 secs] [Times: user=0.01 sys=0.00, real=0.02 secs] 
2018-03-26T14:43:11.424+0000: 513.120: [GC (Allocation Failure) 2018-03-26T14:43:11.424+0000: 513.120: [DefNew: 135681K->8419K(153600K), 0.0123298 secs] 340375K->214694K(494976K), 0.0124140 secs] [Times: user=0.02 sys=0.00, real=0.02 secs] 
2018-03-26T14:43:15.427+0000: 517.123: [GC (Allocation Failure) 2018-03-26T14:43:15.427+0000: 517.123: [DefNew: 141002K->10693K(153600K), 0.0141063 secs] 347278K->216968K(494976K), 0.0141795 secs] [Times: user=0.02 sys=0.00, real=0.01 secs] 
2018-03-26T14:43:19.566+0000: 521.262: [GC (Allocation Failure) 2018-03-26T14:43:19.566+0000: 521.262: [DefNew: 140918K->9034K(153600K), 0.0335541 secs] 347193K->217865K(494976K), 0.0336255 secs] [Times: user=0.02 sys=0.01, real=0.03 secs] 
2018-03-26T14:43:23.425+0000: 525.121: [GC (Allocation Failure) 2018-03-26T14:43:23.425+0000: 525.121: [DefNew: 138968K->9815K(153600K), 0.0139157 secs] 347799K->219405K(494976K), 0.0139881 secs] [Times: user=0.01 sys=0.00, real=0.01 secs] 
2018-03-26T14:43:27.799+0000: 529.495: [GC (Allocation Failure) 2018-03-26T14:43:27.799+0000: 529.495: [DefNew: 146391K->8763K(153600K), 0.0138643 secs] 355981K->220050K(494976K), 0.0139687 secs] [Times: user=0.01 sys=0.00, real=0.02 secs] 
14:43:29.783 [Client] INFO  c.s.f.r.e.s.SocketRear  - FlameSocketGraphDeployerRear@10.0.0.118: has been disconnected from Connection 3
14:43:41.924 [worker-akka.actor.default-dispatcher-12] INFO  a.a.CoordinatedShutdown CoordinatedShutdown(akka://worker) - Starting coordinated shutdown from JVM shutdown hook
14:43:41.946 [worker-akka.actor.default-dispatcher-14] INFO  a.a.LocalActorRef akka://worker/user/watcher/graph/negotiator - Stopped
14:43:41.946 [worker-akka.actor.default-dispatcher-14] INFO  a.a.LocalActorRef akka://worker/user/watcher/graph/edge/FlameSocketGraphDeployerFront - Stopped
14:43:41.946 [worker-akka.actor.default-dispatcher-14] INFO  a.a.LocalActorRef akka://worker/user/watcher/graph/edge/FlameSocketGraphDeployerRear - Stopped
14:43:41.946 [worker-akka.actor.default-dispatcher-14] INFO  a.a.LocalActorRef akka://worker/user/watcher/graph/edge - Stopped
14:43:41.946 [worker-akka.actor.default-dispatcher-14] INFO  a.a.LocalActorRef akka://worker/user/watcher/graph/graph/$a - Stopped
14:43:41.946 [worker-akka.actor.default-dispatcher-14] INFO  a.a.LocalActorRef akka://worker/user/watcher/graph/graph/$b - Stopped
14:43:41.948 [worker-akka.actor.default-dispatcher-14] INFO  a.a.LocalActorRef akka://worker/user/watcher/graph/graph/$c - Stopped
14:43:41.948 [worker-akka.actor.default-dispatcher-14] INFO  a.a.LocalActorRef akka://worker/user/watcher/graph/graph/local-acker/$a - Stopped
14:43:41.949 [worker-akka.actor.default-dispatcher-14] INFO  a.a.LocalActorRef akka://worker/user/watcher/graph/graph/local-acker/$a - Message [com.spbsu.flamestream.runtime.utils.akka.PingActor$InnerPing] from Actor[akka://worker/user/watcher/graph/graph/local-acker/$a#791878826] to Actor[akka://worker/user/watcher/graph/graph/local-acker/$a#791878826] was not delivered. [1] dead letters encountered. This logging can be turned off or adjusted with configuration settings 'akka.log-dead-letters' and 'akka.log-dead-letters-during-shutdown'.
14:43:41.949 [worker-akka.actor.default-dispatcher-14] INFO  a.a.LocalActorRef akka://worker/user/watcher/graph/graph/local-acker - Stopped
14:43:41.949 [worker-akka.actor.default-dispatcher-14] INFO  a.a.LocalActorRef akka://worker/user/watcher/graph/graph - Stopped
14:43:41.949 [worker-akka.actor.default-dispatcher-14] INFO  a.a.LocalActorRef akka://worker/user/watcher/graph/graph/local-acker/$a - Message [com.spbsu.flamestream.runtime.utils.akka.PingActor$Stop] from Actor[akka://worker/user/watcher/graph/graph/local-acker#-1254656863] to Actor[akka://worker/user/watcher/graph/graph/local-acker/$a#791878826] was not delivered. [2] dead letters encountered. This logging can be turned off or adjusted with configuration settings 'akka.log-dead-letters' and 'akka.log-dead-letters-during-shutdown'.
14:43:41.950 [worker-akka.actor.default-dispatcher-3] INFO  a.a.LocalActorRef akka://worker/user/watcher/graph - Stopped
14:43:41.952 [worker-akka.actor.default-dispatcher-14] INFO  a.a.RepointableActorRef akka://worker/user/watcher - Stopped
14:43:41.954 [worker-akka.actor.default-dispatcher-6-EventThread] INFO  o.a.z.ClientCnxn  - EventThread shut down for session: 0x16262bac549000c
14:43:41.955 [worker-akka.actor.default-dispatcher-3] INFO  o.a.z.ZooKeeper  - Session: 0x16262bac549000c closed
14:43:41.964 [worker-akka.actor.default-dispatcher-3] INFO  a.r.RemoteActorRefProvider$RemotingTerminator akka://worker@10.0.0.118:5412/system/remoting-terminator - Shutting down remote daemon.
14:43:41.965 [worker-akka.actor.default-dispatcher-3] INFO  a.r.RemoteActorRefProvider$RemotingTerminator akka://worker@10.0.0.118:5412/system/remoting-terminator - Remote daemon shut down; proceeding with flushing remote transports.
14:43:43.121 [worker-akka.actor.default-dispatcher-12] INFO  a.r.RemoteActorRefProvider$RemotingTerminator akka://worker@10.0.0.118:5412/system/remoting-terminator - Remoting shut down.
Heap
 def new generation   total 153600K, used 109450K [0x00000000e0c00000, 0x00000000eb2a0000, 0x00000000eb2a0000)
  eden space 136576K,  73% used [0x00000000e0c00000, 0x00000000e6e53dc0, 0x00000000e9160000)
  from space 17024K,  51% used [0x00000000e9160000, 0x00000000e99eec38, 0x00000000ea200000)
  to   space 17024K,   0% used [0x00000000ea200000, 0x00000000ea200000, 0x00000000eb2a0000)
 tenured generation   total 341376K, used 211287K [0x00000000eb2a0000, 0x0000000100000000, 0x0000000100000000)
   the space 341376K,  61% used [0x00000000eb2a0000, 0x00000000f80f5ec0, 0x00000000f80f6000, 0x0000000100000000)
 Metaspace       used 34055K, capacity 34970K, committed 35200K, reserved 1079296K
  class space    used 4482K, capacity 4668K, committed 4736K, reserved 1048576K
