09:49:47.258 [worker-akka.actor.default-dispatcher-2] INFO  a.e.s.Slf4jLogger  - Slf4jLogger started
2018-02-23T09:49:47.420+0000: 2.276: [Full GC (Metadata GC Threshold) 2018-02-23T09:49:47.420+0000: 2.276: [Tenured: 0K->15415K(341376K), 0.0365999 secs] 114800K->15415K(494976K), [Metaspace: 20870K->20870K(1067008K)], 0.0366617 secs] [Times: user=0.03 sys=0.01, real=0.04 secs] 
Ama winner
Ama winner
09:49:47.831 [worker-akka.actor.default-dispatcher-2] INFO  a.r.a.ArteryTransport(akka://worker) akka.remote.artery.ArteryTransport(akka://worker) - Started embedded media driver in directory [/dev/shm/aeron-root-worker-d34bdc7b-6033-49a9-a0a9-79736a0e3d87]
09:49:48.047 [worker-akka.actor.default-dispatcher-2] INFO  a.r.a.ArteryTransport(akka://worker) akka.remote.artery.ArteryTransport(akka://worker) - Remoting started; listening on address: [akka://worker@172.31.47.100:5412] with UID [4699403231502171432]
09:49:48.151 [worker-akka.actor.default-dispatcher-2] INFO  o.a.z.ZooKeeper  - Client environment:zookeeper.version=3.4.9-1757313, built on 08/23/2016 06:50 GMT
09:49:48.151 [worker-akka.actor.default-dispatcher-2] INFO  o.a.z.ZooKeeper  - Client environment:host.name=ip-172-31-47-100.us-east-2.compute.internal
09:49:48.151 [worker-akka.actor.default-dispatcher-2] INFO  o.a.z.ZooKeeper  - Client environment:java.version=1.8.0_151
09:49:48.151 [worker-akka.actor.default-dispatcher-2] INFO  o.a.z.ZooKeeper  - Client environment:java.vendor=Oracle Corporation
09:49:48.151 [worker-akka.actor.default-dispatcher-2] INFO  o.a.z.ZooKeeper  - Client environment:java.home=/usr/lib/jvm/java-8-openjdk-amd64/jre
09:49:48.151 [worker-akka.actor.default-dispatcher-2] INFO  o.a.z.ZooKeeper  - Client environment:java.class.path=lib/commons-cli-1.4.jar:lib/minlog-1.3.0.jar:lib/asm-5.0.4.jar:lib/hadoop-annotations-2.7.3.jar:lib/hadoop-auth-2.7.3.jar:lib/akka-slf4j_2.11-2.5.6.jar:lib/jersey-core-1.9.jar:lib/lz4-1.3.0.jar:lib/jackson-core-asl-1.9.13.jar:lib/aeron-client-1.3.0.jar:lib/htrace-core-3.1.0-incubating.jar:lib/xz-1.0.jar:lib/commons-httpclient-3.1.jar:lib/asm-3.1.jar:lib/commons-lang3-3.4.jar:lib/scala-library-2.11.11.jar:lib/scala-java8-compat_2.11-0.7.0.jar:lib/commons-configuration-1.6.jar:lib/objenesis-2.1.jar:lib/jackson-annotations-2.8.0.jar:lib/jsr305-3.0.0.jar:lib/curator-framework-2.7.1.jar:lib/jersey-server-1.9.jar:lib/jets3t-0.9.0.jar:lib/leveldb-0.7.jar:lib/jetty-6.1.26.jar:lib/stax-api-1.0-2.jar:lib/flamestream-core-1.0-SNAPSHOT.jar:lib/reflectasm-1.07-shaded.jar:lib/apacheds-kerberos-codec-2.0.0-M15.jar:lib/api-asn1-api-1.0.0-M20.jar:lib/commons-lang-2.6.jar:lib/commons-beanutils-1.7.0.jar:lib/jackson-xc-1.8.3.jar:lib/jetty-util-6.1.26.jar:lib/logback-classic-1.2.3.jar:lib/jool-0.9.12.jar:lib/flamestream-runtime-1.0-SNAPSHOT-tests.jar:lib/httpcore-4.1.2.jar:lib/kryo-4.0.0.jar:lib/ant-1.8.1.jar:lib/jaxb-impl-2.2.3-1.jar:lib/jersey-json-1.9.jar:lib/commons-compress-1.4.1.jar:lib/leveldbjni-all-1.8.jar:lib/paranamer-2.3.jar:lib/jackson-core-2.8.4.jar:lib/commons-math3-3.6.1.jar:lib/scala-parser-combinators_2.11-1.0.4.jar:lib/netty-3.10.6.Final.jar:lib/trove4j-3.0.3.jar:lib/jaxb-api-2.2.2.jar:lib/logback-core-1.2.3.jar:lib/snappy-java-1.0.4.1.jar:lib/protobuf-java-2.5.0.jar:lib/reactive-streams-1.0.1.jar:lib/flamestream-examples-1.0-SNAPSHOT.jar:lib/commons-codec-1.4.jar:lib/activation-1.1.jar:lib/commons-net-3.1.jar:lib/curator-recipes-2.7.1.jar:lib/jackson-mapper-asl-1.9.13.jar:lib/jackson-databind-2.8.4.jar:lib/flamestream-runtime-1.0-SNAPSHOT.jar:lib/jackson-jaxrs-1.8.3.jar:lib/slf4j-api-1.7.24.jar:lib/akka-remote_2.11-2.5.6.jar:lib/akka-testkit_2.11-2.5.6.jar:lib/jline-0.9.94.jar:lib/akka-stream_2.11-2.5.6.jar:lib/jsp-api-2.1.jar:lib/kryonet-2.21.jar:lib/akka-kryo-serialization_2.11-0.5.0.jar:lib/config-1.3.1.jar:lib/ant-launcher-1.8.1.jar:lib/commons-logging-1.2.jar:lib/ssl-config-core_2.11-0.2.2.jar:lib/testng-6.10.jar:lib/leveldb-api-0.7.jar:lib/reflectasm-1.11.3.jar:lib/jcommander-1.48.jar:lib/commons-1.1.jar:lib/commons-digester-1.8.jar:lib/minlog-1.2.jar:lib/java-xmlbuilder-0.4.jar:lib/jettison-1.1.jar:lib/gson-2.2.4.jar:lib/jdk.tools-1.8.jar:lib/aeron-driver-1.3.0.jar:lib/zookeeper-3.4.9.jar:lib/commons-beanutils-core-1.8.0.jar:lib/commons-math3-3.1.1.jar:lib/akka-actor_2.11-2.5.6.jar:lib/curator-client-2.7.1.jar:lib/servlet-api-2.5.jar:lib/apacheds-i18n-2.0.0-M15.jar:lib/commons-io-2.4.jar:lib/commons-codec-1.6.jar:lib/akka-protobuf_2.11-2.5.6.jar:lib/protobuf-java-3.5.1.jar:lib/jdom-2.0.2.jar:lib/api-util-1.0.0-M20.jar:lib/hadoop-common-2.7.3.jar:lib/agrona-0.9.6.jar:lib/xmlenc-0.52.jar:lib/guava-21.0.jar:lib/commons-collections-3.2.2.jar:lib/avro-1.7.4.jar:lib/httpclient-4.1.2.jar:lib/flamestream-core-1.0-SNAPSHOT-tests.jar:lib/annotations-12.0.jar:lib/jsch-0.1.42.jar:flamestream-runtime-1.0-SNAPSHOT.jar
09:49:48.152 [worker-akka.actor.default-dispatcher-2] INFO  o.a.z.ZooKeeper  - Client environment:java.library.path=/usr/java/packages/lib/amd64:/usr/lib/x86_64-linux-gnu/jni:/lib/x86_64-linux-gnu:/usr/lib/x86_64-linux-gnu:/usr/lib/jni:/lib:/usr/lib
09:49:48.152 [worker-akka.actor.default-dispatcher-2] INFO  o.a.z.ZooKeeper  - Client environment:java.io.tmpdir=/tmp
09:49:48.152 [worker-akka.actor.default-dispatcher-2] INFO  o.a.z.ZooKeeper  - Client environment:java.compiler=<NA>
09:49:48.152 [worker-akka.actor.default-dispatcher-2] INFO  o.a.z.ZooKeeper  - Client environment:os.name=Linux
09:49:48.152 [worker-akka.actor.default-dispatcher-2] INFO  o.a.z.ZooKeeper  - Client environment:os.arch=amd64
09:49:48.152 [worker-akka.actor.default-dispatcher-2] INFO  o.a.z.ZooKeeper  - Client environment:os.version=4.4.0-1049-aws
09:49:48.152 [worker-akka.actor.default-dispatcher-2] INFO  o.a.z.ZooKeeper  - Client environment:user.name=root
09:49:48.153 [worker-akka.actor.default-dispatcher-2] INFO  o.a.z.ZooKeeper  - Client environment:user.home=/root
09:49:48.153 [worker-akka.actor.default-dispatcher-2] INFO  o.a.z.ZooKeeper  - Client environment:user.dir=/opt/flamestream
09:49:48.155 [worker-akka.actor.default-dispatcher-2] INFO  o.a.z.ZooKeeper  - Initiating client connection, connectString=172.31.34.147:2181 sessionTimeout=5000 watcher=com.spbsu.flamestream.runtime.application.LifecycleWatcher$$Lambda$29/764839090@3d5d5f13
09:49:48.189 [worker-akka.actor.default-dispatcher-2] INFO  a.a.RepointableActorRef akka://worker/user/watcher - Starting...
09:49:48.194 [worker-akka.actor.default-dispatcher-2-SendThread(172.31.34.147:2181)] INFO  o.a.z.ClientCnxn  - Opening socket connection to server 172.31.34.147/172.31.34.147:2181. Will not attempt to authenticate using SASL (unknown error)
09:49:48.199 [worker-akka.actor.default-dispatcher-2-SendThread(172.31.34.147:2181)] INFO  o.a.z.ClientCnxn  - Socket connection established to 172.31.34.147/172.31.34.147:2181, initiating session
09:49:48.206 [worker-akka.actor.default-dispatcher-2-SendThread(172.31.34.147:2181)] INFO  o.a.z.ClientCnxn  - Session establishment complete on server 172.31.34.147/172.31.34.147:2181, sessionid = 0x161c210fbd10005, negotiated timeout = 6000
09:49:48.300 [worker-akka.actor.default-dispatcher-2] INFO  a.a.RepointableActorRef akka://worker/user/watcher - Connected to ZK
09:49:57.294 [worker-akka.actor.default-dispatcher-2] INFO  a.a.RepointableActorRef akka://worker/user/watcher - Creating node with watchGraphs: 'com.spbsu.flamestream.core.Graph$Builder$MyGraph@4084ed8a', config: 'ClusterConfig{paths={172.31.33.155=akka://worker@172.31.33.155:5412/user/watcher/graph0000000000, 172.31.47.83=akka://worker@172.31.47.83:5412/user/watcher/graph0000000000, 172.31.39.64=akka://worker@172.31.39.64:5412/user/watcher/graph0000000000, 172.31.35.79=akka://worker@172.31.35.79:5412/user/watcher/graph0000000000, 172.31.47.100=akka://worker@172.31.47.100:5412/user/watcher/graph0000000000, 172.31.37.101=akka://worker@172.31.37.101:5412/user/watcher/graph0000000000}, ackerLocation='172.31.35.79', props=ComputationLayout{ranges={172.31.33.155=HashRange{from=-1288490189, to=-429496730}, 172.31.47.83=HashRange{from=429496729, to=1288490188}, 172.31.39.64=HashRange{from=1288490188, to=2147483647}, 172.31.35.79=HashRange{from=0, to=0}, 172.31.47.100=HashRange{from=-2147483648, to=-1288490189}, 172.31.37.101=HashRange{from=-429496730, to=429496729}}}}'
09:49:57.971 [worker-akka.actor.default-dispatcher-2] INFO  a.a.LocalActorRef akka://worker/user/watcher/graph0000000000/graph - Starting...
09:49:57.972 [worker-akka.actor.default-dispatcher-2] INFO  a.a.LocalActorRef akka://worker/user/watcher/graph0000000000/graph/local-acker - Starting...
09:49:57.976 [worker-akka.actor.default-dispatcher-2] INFO  a.a.LocalActorRef akka://worker/user/watcher/graph0000000000/graph/local-acker/$a - Starting...
09:49:58.787 [worker-akka.actor.default-dispatcher-2] INFO  a.a.LocalActorRef akka://worker/user/watcher/graph0000000000/graph - Finishing constructor
09:49:58.789 [worker-akka.actor.default-dispatcher-2] INFO  a.a.LocalActorRef akka://worker/user/watcher/graph0000000000 - Starting...
09:49:58.853 [worker-akka.actor.default-dispatcher-2] INFO  a.a.LocalActorRef akka://worker/user/watcher/graph0000000000/negotiator - Starting...
09:49:58.855 [worker-akka.actor.default-dispatcher-2] INFO  a.a.LocalActorRef akka://worker/user/watcher/graph0000000000/edge - Starting...
09:49:58.856 [worker-akka.actor.default-dispatcher-2] INFO  a.a.LocalActorRef akka://worker/user/watcher/graph0000000000/graph/$a - Starting...
09:49:58.857 [worker-akka.actor.default-dispatcher-2] INFO  a.a.LocalActorRef akka://worker/user/watcher/graph0000000000/graph/$b - Starting...
09:49:58.858 [worker-akka.actor.default-dispatcher-2] INFO  a.a.LocalActorRef akka://worker/user/watcher/graph0000000000/graph/$c - Starting...
09:49:58.885 [worker-akka.actor.default-dispatcher-2] INFO  c.s.f.r.e.s.SocketRear  - FlameSocketGraphDeployerRear@172.31.47.100: connecting to 172.31.34.147:5678
09:49:58.892 [worker-akka.actor.default-dispatcher-2] INFO  c.s.f.r.e.s.SocketRear  - FlameSocketGraphDeployerRear@172.31.47.100: connected to 172.31.34.147:5678
09:49:58.920 [worker-akka.actor.default-dispatcher-2] INFO  a.a.LocalActorRef akka://worker/user/watcher/graph0000000000/edge/FlameSocketGraphDeployerRear - Starting...
09:49:58.921 [worker-akka.actor.default-dispatcher-2] INFO  a.a.LocalActorRef akka://worker/user/watcher/graph0000000000/edge/FlameSocketGraphDeployerFront - Starting...
09:49:58.923 [worker-akka.actor.default-dispatcher-2] INFO  a.a.LocalActorRef akka://worker/user/watcher/graph0000000000/negotiator - Requesting ticket for the frontClass FlameSocketGraphDeployerFront@172.31.47.100
09:49:58.937 [worker-akka.actor.default-dispatcher-2] INFO  a.a.LocalActorRef akka://worker/user/watcher/graph0000000000/negotiator - Ticket for the frontClass received: FrontTicket{allowedTimestamp=(1519379397270, FlameSocketGraphDeployerFront@172.31.47.100)}
09:49:58.939 [worker-akka.actor.default-dispatcher-2] INFO  c.s.f.r.e.s.SocketFront  - FlameSocketGraphDeployerFront@172.31.47.100: connecting to 172.31.34.147:4567
09:49:58.965 [Client] INFO  c.s.f.r.e.s.SocketFront  - FlameSocketGraphDeployerFront@172.31.47.100 has been disconnected from Connection 6
2018-02-23T09:50:03.216+0000: 18.072: [GC (Allocation Failure) 2018-02-23T09:50:03.216+0000: 18.072: [DefNew: 136576K->13941K(153600K), 0.0601914 secs] 151991K->48888K(494976K), 0.0602590 secs] [Times: user=0.02 sys=0.04, real=0.06 secs] 
2018-02-23T09:50:06.292+0000: 21.147: [GC (Allocation Failure) 2018-02-23T09:50:06.292+0000: 21.147: [DefNew: 150517K->3963K(153600K), 0.0193359 secs] 185464K->45115K(494976K), 0.0194103 secs] [Times: user=0.01 sys=0.01, real=0.02 secs] 
2018-02-23T09:50:14.519+0000: 29.375: [GC (Allocation Failure) 2018-02-23T09:50:14.519+0000: 29.375: [DefNew: 140539K->6692K(153600K), 0.0150872 secs] 181691K->47844K(494976K), 0.0151585 secs] [Times: user=0.01 sys=0.00, real=0.01 secs] 
2018-02-23T09:50:22.824+0000: 37.680: [GC (Allocation Failure) 2018-02-23T09:50:22.825+0000: 37.680: [DefNew: 143268K->9239K(153600K), 0.0175236 secs] 184420K->50391K(494976K), 0.0176091 secs] [Times: user=0.02 sys=0.00, real=0.02 secs] 
2018-02-23T09:50:29.342+0000: 44.198: [GC (Allocation Failure) 2018-02-23T09:50:29.342+0000: 44.198: [DefNew: 145815K->9505K(153600K), 0.0210964 secs] 186967K->52486K(494976K), 0.0211697 secs] [Times: user=0.02 sys=0.00, real=0.02 secs] 
2018-02-23T09:50:36.420+0000: 51.276: [GC (Allocation Failure) 2018-02-23T09:50:36.420+0000: 51.276: [DefNew: 146081K->8725K(153600K), 0.0211199 secs] 189062K->53532K(494976K), 0.0211899 secs] [Times: user=0.02 sys=0.00, real=0.02 secs] 
2018-02-23T09:50:42.085+0000: 56.940: [GC (Allocation Failure) 2018-02-23T09:50:42.085+0000: 56.940: [DefNew: 145301K->8708K(153600K), 0.0169702 secs] 190108K->55130K(494976K), 0.0170257 secs] [Times: user=0.01 sys=0.00, real=0.02 secs] 
2018-02-23T09:50:47.332+0000: 62.188: [GC (Allocation Failure) 2018-02-23T09:50:47.333+0000: 62.188: [DefNew: 145284K->8144K(153600K), 0.0175415 secs] 191706K->56563K(494976K), 0.0176093 secs] [Times: user=0.02 sys=0.00, real=0.02 secs] 
2018-02-23T09:50:52.353+0000: 67.208: [GC (Allocation Failure) 2018-02-23T09:50:52.353+0000: 67.208: [DefNew: 144720K->11956K(153600K), 0.0357621 secs] 193139K->60375K(494976K), 0.0358249 secs] [Times: user=0.04 sys=0.00, real=0.04 secs] 
2018-02-23T09:50:59.569+0000: 74.425: [GC (Allocation Failure) 2018-02-23T09:50:59.569+0000: 74.425: [DefNew: 148532K->8882K(153600K), 0.0269971 secs] 196951K->60582K(494976K), 0.0270625 secs] [Times: user=0.02 sys=0.02, real=0.03 secs] 
2018-02-23T09:51:06.231+0000: 81.086: [GC (Allocation Failure) 2018-02-23T09:51:06.231+0000: 81.086: [DefNew: 145458K->10252K(153600K), 0.0206857 secs] 197158K->63138K(494976K), 0.0207685 secs] [Times: user=0.02 sys=0.00, real=0.02 secs] 
2018-02-23T09:51:13.369+0000: 88.225: [GC (Allocation Failure) 2018-02-23T09:51:13.370+0000: 88.225: [DefNew: 146828K->9453K(153600K), 0.0204016 secs] 199714K->64296K(494976K), 0.0204664 secs] [Times: user=0.02 sys=0.00, real=0.02 secs] 
2018-02-23T09:51:23.021+0000: 97.877: [GC (Allocation Failure) 2018-02-23T09:51:23.021+0000: 97.877: [DefNew: 146029K->9746K(153600K), 0.0190284 secs] 200872K->66286K(494976K), 0.0190918 secs] [Times: user=0.02 sys=0.00, real=0.02 secs] 
2018-02-23T09:51:31.490+0000: 106.346: [GC (Allocation Failure) 2018-02-23T09:51:31.490+0000: 106.346: [DefNew: 146322K->9691K(153600K), 0.0201997 secs] 202862K->67797K(494976K), 0.0202663 secs] [Times: user=0.02 sys=0.01, real=0.02 secs] 
2018-02-23T09:51:39.927+0000: 114.783: [GC (Allocation Failure) 2018-02-23T09:51:39.927+0000: 114.783: [DefNew: 146267K->9399K(153600K), 0.0193287 secs] 204373K->69107K(494976K), 0.0194132 secs] [Times: user=0.02 sys=0.00, real=0.02 secs] 
2018-02-23T09:51:46.467+0000: 121.322: [GC (Allocation Failure) 2018-02-23T09:51:46.467+0000: 121.322: [DefNew: 145975K->10680K(153600K), 0.0218682 secs] 205683K->72138K(494976K), 0.0219328 secs] [Times: user=0.01 sys=0.00, real=0.03 secs] 
2018-02-23T09:51:52.786+0000: 127.642: [GC (Allocation Failure) 2018-02-23T09:51:52.786+0000: 127.642: [DefNew: 147256K->9170K(153600K), 0.0208628 secs] 208714K->73768K(494976K), 0.0209348 secs] [Times: user=0.02 sys=0.00, real=0.02 secs] 
2018-02-23T09:52:02.194+0000: 137.051: [GC (Allocation Failure) 2018-02-23T09:52:02.195+0000: 137.051: [DefNew: 145746K->8453K(153600K), 0.0206566 secs] 210344K->75834K(494976K), 0.0215201 secs] [Times: user=0.01 sys=0.01, real=0.03 secs] 
2018-02-23T09:52:10.393+0000: 145.248: [GC (Allocation Failure) 2018-02-23T09:52:10.393+0000: 145.248: [DefNew: 145029K->10339K(153600K), 0.0174739 secs] 212410K->77720K(494976K), 0.0175362 secs] [Times: user=0.02 sys=0.00, real=0.02 secs] 
2018-02-23T09:52:18.594+0000: 153.450: [GC (Allocation Failure) 2018-02-23T09:52:18.594+0000: 153.450: [DefNew: 146915K->10139K(153600K), 0.0204764 secs] 214296K->79222K(494976K), 0.0205458 secs] [Times: user=0.02 sys=0.00, real=0.02 secs] 
2018-02-23T09:52:25.767+0000: 160.622: [GC (Allocation Failure) 2018-02-23T09:52:25.767+0000: 160.622: [DefNew: 146715K->10706K(153600K), 0.0203956 secs] 215798K->81364K(494976K), 0.0204558 secs] [Times: user=0.02 sys=0.00, real=0.02 secs] 
2018-02-23T09:52:34.768+0000: 169.623: [GC (Allocation Failure) 2018-02-23T09:52:34.768+0000: 169.624: [DefNew: 147282K->8740K(153600K), 0.0286737 secs] 217940K->82747K(494976K), 0.0287616 secs] [Times: user=0.01 sys=0.01, real=0.03 secs] 
2018-02-23T09:52:42.616+0000: 177.471: [GC (Allocation Failure) 2018-02-23T09:52:42.616+0000: 177.471: [DefNew: 145316K->8650K(153600K), 0.0189170 secs] 219323K->84676K(494976K), 0.0189778 secs] [Times: user=0.02 sys=0.00, real=0.01 secs] 
2018-02-23T09:52:50.184+0000: 185.040: [GC (Allocation Failure) 2018-02-23T09:52:50.184+0000: 185.040: [DefNew: 145226K->9499K(153600K), 0.0199327 secs] 221252K->87266K(494976K), 0.0200082 secs] [Times: user=0.02 sys=0.00, real=0.02 secs] 
2018-02-23T09:52:58.711+0000: 193.566: [GC (Allocation Failure) 2018-02-23T09:52:58.711+0000: 193.566: [DefNew: 146075K->10070K(153600K), 0.0205430 secs] 223842K->89432K(494976K), 0.0206183 secs] [Times: user=0.02 sys=0.00, real=0.02 secs] 
2018-02-23T09:53:06.638+0000: 201.493: [GC (Allocation Failure) 2018-02-23T09:53:06.638+0000: 201.493: [DefNew: 146646K->8986K(153600K), 0.0175400 secs] 226008K->90181K(494976K), 0.0176139 secs] [Times: user=0.02 sys=0.00, real=0.01 secs] 
2018-02-23T09:53:14.064+0000: 208.920: [GC (Allocation Failure) 2018-02-23T09:53:14.064+0000: 208.920: [DefNew: 145562K->8829K(153600K), 0.0178932 secs] 226757K->91924K(494976K), 0.0179606 secs] [Times: user=0.01 sys=0.01, real=0.02 secs] 
2018-02-23T09:53:20.873+0000: 215.728: [GC (Allocation Failure) 2018-02-23T09:53:20.873+0000: 215.728: [DefNew: 145405K->9128K(153600K), 0.0191942 secs] 228500K->93989K(494976K), 0.0192553 secs] [Times: user=0.02 sys=0.00, real=0.02 secs] 
2018-02-23T09:53:27.041+0000: 221.896: [GC (Allocation Failure) 2018-02-23T09:53:27.041+0000: 221.896: [DefNew: 145704K->9218K(153600K), 0.0182808 secs] 230565K->95651K(494976K), 0.0183527 secs] [Times: user=0.01 sys=0.00, real=0.02 secs] 
2018-02-23T09:53:35.364+0000: 230.220: [GC (Allocation Failure) 2018-02-23T09:53:35.364+0000: 230.220: [DefNew: 145794K->9453K(153600K), 0.0184387 secs] 232227K->97641K(494976K), 0.0185037 secs] [Times: user=0.01 sys=0.00, real=0.02 secs] 
2018-02-23T09:53:41.588+0000: 236.443: [GC (Allocation Failure) 2018-02-23T09:53:41.588+0000: 236.443: [DefNew: 146029K->10252K(153600K), 0.0200646 secs] 234217K->100078K(494976K), 0.0201276 secs] [Times: user=0.02 sys=0.00, real=0.02 secs] 
2018-02-23T09:53:51.848+0000: 246.704: [GC (Allocation Failure) 2018-02-23T09:53:51.848+0000: 246.704: [DefNew: 146828K->10220K(153600K), 0.0206634 secs] 236654K->101858K(494976K), 0.0207265 secs] [Times: user=0.01 sys=0.00, real=0.02 secs] 
2018-02-23T09:54:00.133+0000: 254.988: [GC (Allocation Failure) 2018-02-23T09:54:00.133+0000: 254.988: [DefNew: 146796K->10048K(153600K), 0.0196948 secs] 238434K->103801K(494976K), 0.0197638 secs] [Times: user=0.01 sys=0.00, real=0.02 secs] 
2018-02-23T09:54:07.661+0000: 262.517: [GC (Allocation Failure) 2018-02-23T09:54:07.661+0000: 262.517: [DefNew: 146624K->10188K(153600K), 0.0202608 secs] 240377K->105896K(494976K), 0.0203214 secs] [Times: user=0.01 sys=0.00, real=0.02 secs] 
2018-02-23T09:54:14.565+0000: 269.421: [GC (Allocation Failure) 2018-02-23T09:54:14.565+0000: 269.421: [DefNew: 146764K->11027K(153600K), 0.0190809 secs] 242472K->108404K(494976K), 0.0191438 secs] [Times: user=0.02 sys=0.00, real=0.02 secs] 
2018-02-23T09:54:21.055+0000: 275.911: [GC (Allocation Failure) 2018-02-23T09:54:21.055+0000: 275.911: [DefNew: 147603K->7671K(153600K), 0.0212975 secs] 244980K->109714K(494976K), 0.0213667 secs] [Times: user=0.02 sys=0.00, real=0.03 secs] 
2018-02-23T09:54:27.655+0000: 282.511: [GC (Allocation Failure) 2018-02-23T09:54:27.655+0000: 282.511: [DefNew: 144247K->10888K(153600K), 0.0162665 secs] 246290K->112930K(494976K), 0.0163393 secs] [Times: user=0.02 sys=0.00, real=0.02 secs] 
2018-02-23T09:54:33.097+0000: 287.953: [GC (Allocation Failure) 2018-02-23T09:54:33.097+0000: 287.953: [DefNew: 147464K->10905K(153600K), 0.0216860 secs] 249506K->114782K(494976K), 0.0217513 secs] [Times: user=0.03 sys=0.00, real=0.02 secs] 
2018-02-23T09:54:39.961+0000: 294.817: [GC (Allocation Failure) 2018-02-23T09:54:39.961+0000: 294.817: [DefNew: 147481K->10948K(153600K), 0.0199039 secs] 251358K->116838K(494976K), 0.0199756 secs] [Times: user=0.02 sys=0.01, real=0.02 secs] 
2018-02-23T09:54:47.384+0000: 302.239: [GC (Allocation Failure) 2018-02-23T09:54:47.384+0000: 302.239: [DefNew: 147524K->10840K(153600K), 0.0179200 secs] 253414K->118626K(494976K), 0.0179775 secs] [Times: user=0.02 sys=0.00, real=0.02 secs] 
2018-02-23T09:54:53.980+0000: 308.835: [GC (Allocation Failure) 2018-02-23T09:54:53.980+0000: 308.835: [DefNew: 147416K->10912K(153600K), 0.0203992 secs] 255202K->120743K(494976K), 0.0204568 secs] [Times: user=0.02 sys=0.00, real=0.02 secs] 
2018-02-23T09:55:00.666+0000: 315.522: [GC (Allocation Failure) 2018-02-23T09:55:00.666+0000: 315.522: [DefNew: 147488K->12071K(153600K), 0.0213282 secs] 257319K->123597K(494976K), 0.0214023 secs] [Times: user=0.02 sys=0.00, real=0.02 secs] 
2018-02-23T09:55:08.154+0000: 323.010: [GC (Allocation Failure) 2018-02-23T09:55:08.154+0000: 323.010: [DefNew: 148647K->8930K(153600K), 0.0241369 secs] 260173K->125694K(494976K), 0.0242110 secs] [Times: user=0.02 sys=0.00, real=0.03 secs] 
2018-02-23T09:55:14.100+0000: 328.955: [GC (Allocation Failure) 2018-02-23T09:55:14.100+0000: 328.955: [DefNew: 145506K->8369K(153600K), 0.0220563 secs] 262270K->128356K(494976K), 0.0221206 secs] [Times: user=0.01 sys=0.01, real=0.02 secs] 
2018-02-23T09:55:22.190+0000: 337.046: [GC (Allocation Failure) 2018-02-23T09:55:22.190+0000: 337.046: [DefNew: 144945K->12972K(153600K), 0.0183273 secs] 264932K->132959K(494976K), 0.0183950 secs] [Times: user=0.02 sys=0.00, real=0.02 secs] 
2018-02-23T09:55:30.381+0000: 345.237: [GC (Allocation Failure) 2018-02-23T09:55:30.381+0000: 345.237: [DefNew: 149548K->8396K(153600K), 0.0358774 secs] 269535K->134105K(494976K), 0.0359420 secs] [Times: user=0.00 sys=0.03, real=0.04 secs] 
2018-02-23T09:55:36.867+0000: 351.723: [GC (Allocation Failure) 2018-02-23T09:55:36.867+0000: 351.723: [DefNew: 144972K->13482K(153600K), 0.0169484 secs] 270681K->139190K(494976K), 0.0170084 secs] [Times: user=0.01 sys=0.00, real=0.02 secs] 
2018-02-23T09:55:44.061+0000: 358.917: [GC (Allocation Failure) 2018-02-23T09:55:44.061+0000: 358.917: [DefNew: 150058K->8932K(153600K), 0.0222097 secs] 275766K->141630K(494976K), 0.0222791 secs] [Times: user=0.02 sys=0.00, real=0.02 secs] 
2018-02-23T09:55:50.935+0000: 365.791: [GC (Allocation Failure) 2018-02-23T09:55:50.935+0000: 365.791: [DefNew: 145508K->9011K(153600K), 0.0232613 secs] 278206K->145173K(494976K), 0.0233225 secs] [Times: user=0.01 sys=0.01, real=0.03 secs] 
2018-02-23T09:55:58.375+0000: 373.231: [GC (Allocation Failure) 2018-02-23T09:55:58.375+0000: 373.231: [DefNew: 145587K->9184K(153600K), 0.0188867 secs] 281749K->149051K(494976K), 0.0189489 secs] [Times: user=0.02 sys=0.00, real=0.02 secs] 
2018-02-23T09:56:05.851+0000: 380.706: [GC (Allocation Failure) 2018-02-23T09:56:05.851+0000: 380.707: [DefNew: 145760K->8810K(153600K), 0.0234502 secs] 285627K->152406K(494976K), 0.0235210 secs] [Times: user=0.01 sys=0.01, real=0.02 secs] 
2018-02-23T09:56:12.790+0000: 387.645: [GC (Allocation Failure) 2018-02-23T09:56:12.790+0000: 387.646: [DefNew: 145386K->9638K(153600K), 0.0236574 secs] 288982K->156608K(494976K), 0.0237209 secs] [Times: user=0.02 sys=0.00, real=0.02 secs] 
2018-02-23T09:56:19.071+0000: 393.927: [GC (Allocation Failure) 2018-02-23T09:56:19.071+0000: 393.927: [DefNew: 146214K->8774K(153600K), 0.0176719 secs] 293184K->159423K(494976K), 0.0177368 secs] [Times: user=0.02 sys=0.00, real=0.02 secs] 
2018-02-23T09:56:26.433+0000: 401.288: [GC (Allocation Failure) 2018-02-23T09:56:26.433+0000: 401.288: [DefNew: 145350K->8895K(153600K), 0.0242615 secs] 295999K->163144K(494976K), 0.0243328 secs] [Times: user=0.02 sys=0.00, real=0.03 secs] 
2018-02-23T09:56:34.608+0000: 409.464: [GC (Allocation Failure) 2018-02-23T09:56:34.608+0000: 409.464: [DefNew: 145471K->9837K(153600K), 0.0185026 secs] 299720K->167493K(494976K), 0.0185766 secs] [Times: user=0.01 sys=0.01, real=0.01 secs] 
2018-02-23T09:56:40.909+0000: 415.765: [GC (Allocation Failure) 2018-02-23T09:56:40.909+0000: 415.765: [DefNew: 146413K->10663K(153600K), 0.0360120 secs] 304069K->172038K(494976K), 0.0360819 secs] [Times: user=0.01 sys=0.03, real=0.03 secs] 
2018-02-23T09:56:47.959+0000: 422.815: [GC (Allocation Failure) 2018-02-23T09:56:47.959+0000: 422.815: [DefNew: 147239K->9924K(153600K), 0.0193380 secs] 308614K->175265K(494976K), 0.0194005 secs] [Times: user=0.02 sys=0.01, real=0.02 secs] 
2018-02-23T09:56:55.437+0000: 430.293: [GC (Allocation Failure) 2018-02-23T09:56:55.437+0000: 430.293: [DefNew: 146500K->9728K(153600K), 0.0311099 secs] 311841K->179131K(494976K), 0.0311814 secs] [Times: user=0.01 sys=0.02, real=0.03 secs] 
2018-02-23T09:57:00.491+0000: 435.346: [GC (Allocation Failure) 2018-02-23T09:57:00.491+0000: 435.346: [DefNew: 146304K->8237K(153600K), 0.0314188 secs] 315707K->181869K(494976K), 0.0314774 secs] [Times: user=0.02 sys=0.01, real=0.03 secs] 
2018-02-23T09:57:06.382+0000: 441.238: [GC (Allocation Failure) 2018-02-23T09:57:06.382+0000: 441.238: [DefNew: 144813K->12706K(153600K), 0.0168249 secs] 318445K->186338K(494976K), 0.0168941 secs] [Times: user=0.02 sys=0.00, real=0.02 secs] 
2018-02-23T09:57:14.724+0000: 449.579: [GC (Allocation Failure) 2018-02-23T09:57:14.724+0000: 449.579: [DefNew: 149282K->10540K(153600K), 0.0315539 secs] 322914K->189956K(494976K), 0.0316492 secs] [Times: user=0.01 sys=0.02, real=0.03 secs] 
2018-02-23T09:57:22.969+0000: 457.825: [GC (Allocation Failure) 2018-02-23T09:57:22.969+0000: 457.825: [DefNew: 147116K->10247K(153600K), 0.0357187 secs] 326532K->193930K(494976K), 0.0357942 secs] [Times: user=0.01 sys=0.02, real=0.03 secs] 
2018-02-23T09:57:29.513+0000: 464.368: [GC (Allocation Failure) 2018-02-23T09:57:29.513+0000: 464.368: [DefNew: 146823K->10553K(153600K), 0.0202019 secs] 330506K->198200K(494976K), 0.0202683 secs] [Times: user=0.02 sys=0.00, real=0.02 secs] 
2018-02-23T09:57:36.492+0000: 471.347: [GC (Allocation Failure) 2018-02-23T09:57:36.492+0000: 471.347: [DefNew: 147129K->10411K(153600K), 0.0288595 secs] 334776K->202470K(494976K), 0.0289293 secs] [Times: user=0.01 sys=0.02, real=0.03 secs] 
2018-02-23T09:57:45.678+0000: 480.534: [GC (Allocation Failure) 2018-02-23T09:57:45.678+0000: 480.534: [DefNew: 146987K->10134K(153600K), 0.0267163 secs] 339046K->206435K(494976K), 0.0267769 secs] [Times: user=0.02 sys=0.02, real=0.02 secs] 
2018-02-23T09:57:51.696+0000: 486.552: [GC (Allocation Failure) 2018-02-23T09:57:51.696+0000: 486.552: [DefNew: 146710K->10411K(153600K), 0.0277259 secs] 343011K->211187K(494976K), 0.0277874 secs] [Times: user=0.02 sys=0.02, real=0.02 secs] 
2018-02-23T09:57:58.737+0000: 493.592: [GC (Allocation Failure) 2018-02-23T09:57:58.737+0000: 493.592: [DefNew: 146987K->10197K(153600K), 0.0191579 secs] 347763K->215243K(494976K), 0.0192482 secs] [Times: user=0.02 sys=0.00, real=0.02 secs] 
2018-02-23T09:58:05.366+0000: 500.221: [GC (Allocation Failure) 2018-02-23T09:58:05.366+0000: 500.221: [DefNew: 146773K->10354K(153600K), 0.0273148 secs] 351819K->219850K(494976K), 0.0273938 secs] [Times: user=0.02 sys=0.01, real=0.03 secs] 
2018-02-23T09:58:12.229+0000: 507.085: [GC (Allocation Failure) 2018-02-23T09:58:12.229+0000: 507.085: [DefNew: 146930K->10619K(153600K), 0.0197633 secs] 356426K->224335K(494976K), 0.0198229 secs] [Times: user=0.02 sys=0.00, real=0.02 secs] 
2018-02-23T09:58:20.445+0000: 515.301: [GC (Allocation Failure) 2018-02-23T09:58:20.445+0000: 515.301: [DefNew: 147195K->9651K(153600K), 0.0196472 secs] 360911K->228321K(494976K), 0.0197106 secs] [Times: user=0.02 sys=0.00, real=0.02 secs] 
2018-02-23T09:58:26.226+0000: 521.082: [GC (Allocation Failure) 2018-02-23T09:58:26.226+0000: 521.082: [DefNew: 146227K->10544K(153600K), 0.0193664 secs] 364897K->233484K(494976K), 0.0194272 secs] [Times: user=0.02 sys=0.00, real=0.02 secs] 
2018-02-23T09:58:32.203+0000: 527.059: [GC (Allocation Failure) 2018-02-23T09:58:32.203+0000: 527.059: [DefNew: 147120K->10081K(153600K), 0.0349930 secs] 370060K->238004K(494976K), 0.0350527 secs] [Times: user=0.01 sys=0.03, real=0.04 secs] 
09:58:36.656 [Client] INFO  c.s.f.r.e.s.SocketRear  - FlameSocketGraphDeployerRear@172.31.47.100: has been disconnected from Connection 6
09:58:46.825 [worker-akka.actor.default-dispatcher-2] INFO  a.a.CoordinatedShutdown CoordinatedShutdown(akka://worker) - Starting coordinated shutdown from JVM shutdown hook
09:58:46.879 [worker-akka.actor.default-dispatcher-2] INFO  a.a.LocalActorRef akka://worker/user/watcher/graph0000000000/negotiator - Stopped
09:58:46.880 [worker-akka.actor.default-dispatcher-2] INFO  a.a.LocalActorRef akka://worker/user/watcher/graph0000000000/edge/FlameSocketGraphDeployerFront - Stopped
09:58:46.881 [worker-akka.actor.default-dispatcher-2] INFO  a.a.LocalActorRef akka://worker/user/watcher/graph0000000000/edge/FlameSocketGraphDeployerRear - Stopped
09:58:46.881 [worker-akka.actor.default-dispatcher-2] INFO  a.a.LocalActorRef akka://worker/user/watcher/graph0000000000/graph/$a - Stopped
09:58:46.882 [worker-akka.actor.default-dispatcher-2] INFO  a.a.LocalActorRef akka://worker/user/watcher/graph0000000000/graph/$b - Stopped
09:58:46.882 [worker-akka.actor.default-dispatcher-2] INFO  a.a.LocalActorRef akka://worker/user/watcher/graph0000000000/graph/$c - Stopped
09:58:46.882 [worker-akka.actor.default-dispatcher-2] INFO  a.a.LocalActorRef akka://worker/user/watcher/graph0000000000/graph/local-acker/$a - Stopped
09:58:46.898 [worker-akka.actor.default-dispatcher-2] INFO  a.a.LocalActorRef akka://worker/user/watcher/graph0000000000/edge - Stopped
09:58:46.902 [worker-akka.actor.default-dispatcher-2] INFO  a.a.LocalActorRef akka://worker/user/watcher/graph0000000000/graph/local-acker/$a - Message [com.spbsu.flamestream.runtime.utils.akka.PingActor$InnerPing] from Actor[akka://worker/user/watcher/graph0000000000/graph/local-acker/$a#1658351535] to Actor[akka://worker/user/watcher/graph0000000000/graph/local-acker/$a#1658351535] was not delivered. [1] dead letters encountered. This logging can be turned off or adjusted with configuration settings 'akka.log-dead-letters' and 'akka.log-dead-letters-during-shutdown'.
09:58:46.903 [worker-akka.actor.default-dispatcher-2] INFO  a.a.LocalActorRef akka://worker/user/watcher/graph0000000000/graph/local-acker - Stopped
09:58:46.903 [worker-akka.actor.default-dispatcher-2] INFO  a.a.LocalActorRef akka://worker/user/watcher/graph0000000000/graph/local-acker/$a - Message [com.spbsu.flamestream.runtime.utils.akka.PingActor$Stop] from Actor[akka://worker/user/watcher/graph0000000000/graph/local-acker#-218124181] to Actor[akka://worker/user/watcher/graph0000000000/graph/local-acker/$a#1658351535] was not delivered. [2] dead letters encountered. This logging can be turned off or adjusted with configuration settings 'akka.log-dead-letters' and 'akka.log-dead-letters-during-shutdown'.
09:58:46.906 [worker-akka.actor.default-dispatcher-2] INFO  a.a.LocalActorRef akka://worker/user/watcher/graph0000000000/graph/local-acker - Message [com.spbsu.flamestream.runtime.acker.LocalAcker$Flush] from Actor[akka://worker/user/watcher/graph0000000000/graph/local-acker#-218124181] to Actor[akka://worker/user/watcher/graph0000000000/graph/local-acker#-218124181] was not delivered. [3] dead letters encountered. This logging can be turned off or adjusted with configuration settings 'akka.log-dead-letters' and 'akka.log-dead-letters-during-shutdown'.
09:58:46.908 [worker-akka.actor.default-dispatcher-2] INFO  a.a.LocalActorRef akka://worker/user/watcher/graph0000000000/graph/local-acker - Message [com.spbsu.flamestream.runtime.acker.LocalAcker$Flush] from Actor[akka://worker/user/watcher/graph0000000000/graph/local-acker#-218124181] to Actor[akka://worker/user/watcher/graph0000000000/graph/local-acker#-218124181] was not delivered. [4] dead letters encountered. This logging can be turned off or adjusted with configuration settings 'akka.log-dead-letters' and 'akka.log-dead-letters-during-shutdown'.
09:58:46.908 [worker-akka.actor.default-dispatcher-2] INFO  a.a.LocalActorRef akka://worker/user/watcher/graph0000000000/graph/local-acker - Message [com.spbsu.flamestream.runtime.acker.LocalAcker$Flush] from Actor[akka://worker/user/watcher/graph0000000000/graph/local-acker#-218124181] to Actor[akka://worker/user/watcher/graph0000000000/graph/local-acker#-218124181] was not delivered. [5] dead letters encountered. This logging can be turned off or adjusted with configuration settings 'akka.log-dead-letters' and 'akka.log-dead-letters-during-shutdown'.
09:58:46.908 [worker-akka.actor.default-dispatcher-2] INFO  a.a.LocalActorRef akka://worker/user/watcher/graph0000000000/graph/local-acker - Message [com.spbsu.flamestream.runtime.acker.LocalAcker$Flush] from Actor[akka://worker/user/watcher/graph0000000000/graph/local-acker#-218124181] to Actor[akka://worker/user/watcher/graph0000000000/graph/local-acker#-218124181] was not delivered. [6] dead letters encountered. This logging can be turned off or adjusted with configuration settings 'akka.log-dead-letters' and 'akka.log-dead-letters-during-shutdown'.
09:58:46.909 [worker-akka.actor.default-dispatcher-2] INFO  a.a.LocalActorRef akka://worker/user/watcher/graph0000000000/graph/local-acker - Message [com.spbsu.flamestream.runtime.acker.LocalAcker$Flush] from Actor[akka://worker/user/watcher/graph0000000000/graph/local-acker#-218124181] to Actor[akka://worker/user/watcher/graph0000000000/graph/local-acker#-218124181] was not delivered. [7] dead letters encountered. This logging can be turned off or adjusted with configuration settings 'akka.log-dead-letters' and 'akka.log-dead-letters-during-shutdown'.
09:58:46.910 [worker-akka.actor.default-dispatcher-2] INFO  a.a.LocalActorRef akka://worker/user/watcher/graph0000000000/graph/local-acker - Message [com.spbsu.flamestream.runtime.acker.LocalAcker$Flush] from Actor[akka://worker/user/watcher/graph0000000000/graph/local-acker#-218124181] to Actor[akka://worker/user/watcher/graph0000000000/graph/local-acker#-218124181] was not delivered. [8] dead letters encountered. This logging can be turned off or adjusted with configuration settings 'akka.log-dead-letters' and 'akka.log-dead-letters-during-shutdown'.
09:58:46.910 [worker-akka.actor.default-dispatcher-2] INFO  a.a.LocalActorRef akka://worker/user/watcher/graph0000000000/graph/local-acker - Message [com.spbsu.flamestream.runtime.acker.LocalAcker$Flush] from Actor[akka://worker/user/watcher/graph0000000000/graph/local-acker#-218124181] to Actor[akka://worker/user/watcher/graph0000000000/graph/local-acker#-218124181] was not delivered. [9] dead letters encountered. This logging can be turned off or adjusted with configuration settings 'akka.log-dead-letters' and 'akka.log-dead-letters-during-shutdown'.
09:58:46.911 [worker-akka.actor.default-dispatcher-2] INFO  a.a.LocalActorRef akka://worker/user/watcher/graph0000000000/graph/local-acker - Message [com.spbsu.flamestream.runtime.acker.LocalAcker$Flush] from Actor[akka://worker/user/watcher/graph0000000000/graph/local-acker#-218124181] to Actor[akka://worker/user/watcher/graph0000000000/graph/local-acker#-218124181] was not delivered. [10] dead letters encountered. This logging can be turned off or adjusted with configuration settings 'akka.log-dead-letters' and 'akka.log-dead-letters-during-shutdown'.
09:58:46.914 [worker-akka.actor.default-dispatcher-2] INFO  a.a.LocalActorRef akka://worker/user/watcher/graph0000000000/graph/local-acker - Message [com.spbsu.flamestream.runtime.acker.LocalAcker$Flush] from Actor[akka://worker/user/watcher/graph0000000000/graph/local-acker#-218124181] to Actor[akka://worker/user/watcher/graph0000000000/graph/local-acker#-218124181] was not delivered. [11] dead letters encountered. This logging can be turned off or adjusted with configuration settings 'akka.log-dead-letters' and 'akka.log-dead-letters-during-shutdown'.
09:58:46.916 [worker-akka.actor.default-dispatcher-2] INFO  a.a.LocalActorRef akka://worker/user/watcher/graph0000000000/graph - Stopped
09:58:46.916 [worker-akka.actor.default-dispatcher-2] INFO  a.a.LocalActorRef akka://worker/user/watcher/graph0000000000 - Stopped
09:58:46.919 [worker-akka.actor.default-dispatcher-2-EventThread] INFO  o.a.z.ClientCnxn  - EventThread shut down for session: 0x161c210fbd10005
09:58:46.919 [worker-akka.actor.default-dispatcher-2] INFO  o.a.z.ZooKeeper  - Session: 0x161c210fbd10005 closed
09:58:46.920 [worker-akka.actor.default-dispatcher-2] INFO  a.a.RepointableActorRef akka://worker/user/watcher - Stopped
09:58:46.946 [worker-akka.actor.default-dispatcher-2] INFO  a.r.RemoteActorRefProvider$RemotingTerminator akka://worker@172.31.47.100:5412/system/remoting-terminator - Shutting down remote daemon.
09:58:46.952 [worker-akka.actor.default-dispatcher-2] INFO  a.r.RemoteActorRefProvider$RemotingTerminator akka://worker@172.31.47.100:5412/system/remoting-terminator - Remote daemon shut down; proceeding with flushing remote transports.
09:58:48.115 [worker-akka.actor.default-dispatcher-2] INFO  a.r.RemoteActorRefProvider$RemotingTerminator akka://worker@172.31.47.100:5412/system/remoting-terminator - Remoting shut down.
Heap
 def new generation   total 153600K, used 107763K [0x00000000e0c00000, 0x00000000eb2a0000, 0x00000000eb2a0000)
  eden space 136576K,  71% used [0x00000000e0c00000, 0x00000000e6b648e8, 0x00000000e9160000)
  from space 17024K,  59% used [0x00000000e9160000, 0x00000000e9b38548, 0x00000000ea200000)
  to   space 17024K,   0% used [0x00000000ea200000, 0x00000000ea200000, 0x00000000eb2a0000)
 tenured generation   total 341376K, used 227923K [0x00000000eb2a0000, 0x0000000100000000, 0x0000000100000000)
   the space 341376K,  66% used [0x00000000eb2a0000, 0x00000000f9134d28, 0x00000000f9134e00, 0x0000000100000000)
 Metaspace       used 33368K, capacity 34142K, committed 34432K, reserved 1079296K
  class space    used 4455K, capacity 4622K, committed 4736K, reserved 1048576K
