13:45:01.185 [worker-akka.actor.default-dispatcher-2] INFO  a.e.s.Slf4jLogger  - Slf4jLogger started
2018-02-19T13:45:01.360+0000: 2.651: [Full GC (Metadata GC Threshold) 2018-02-19T13:45:01.360+0000: 2.651: [Tenured: 0K->15407K(341376K), 0.0383077 secs] 117612K->15407K(494976K), [Metaspace: 20862K->20862K(1067008K)], 0.0383724 secs] [Times: user=0.03 sys=0.00, real=0.04 secs] 
Ama winner
Ama winner
13:45:01.820 [worker-akka.actor.default-dispatcher-2] INFO  a.r.a.ArteryTransport(akka://worker) akka.remote.artery.ArteryTransport(akka://worker) - Started embedded media driver in directory [/dev/shm/aeron-root-worker-44d592e9-1141-4c15-90fb-344bce0011b6]
13:45:02.046 [worker-akka.actor.default-dispatcher-2] INFO  a.r.a.ArteryTransport(akka://worker) akka.remote.artery.ArteryTransport(akka://worker) - Remoting started; listening on address: [akka://worker@172.31.33.155:5412] with UID [-8860647452949606348]
13:45:02.150 [worker-akka.actor.default-dispatcher-2] INFO  o.a.z.ZooKeeper  - Client environment:zookeeper.version=3.4.9-1757313, built on 08/23/2016 06:50 GMT
13:45:02.151 [worker-akka.actor.default-dispatcher-2] INFO  o.a.z.ZooKeeper  - Client environment:host.name=ip-172-31-33-155.us-east-2.compute.internal
13:45:02.151 [worker-akka.actor.default-dispatcher-2] INFO  o.a.z.ZooKeeper  - Client environment:java.version=1.8.0_151
13:45:02.151 [worker-akka.actor.default-dispatcher-2] INFO  o.a.z.ZooKeeper  - Client environment:java.vendor=Oracle Corporation
13:45:02.151 [worker-akka.actor.default-dispatcher-2] INFO  o.a.z.ZooKeeper  - Client environment:java.home=/usr/lib/jvm/java-8-openjdk-amd64/jre
13:45:02.151 [worker-akka.actor.default-dispatcher-2] INFO  o.a.z.ZooKeeper  - Client environment:java.class.path=lib/commons-cli-1.4.jar:lib/minlog-1.3.0.jar:lib/asm-5.0.4.jar:lib/hadoop-annotations-2.7.3.jar:lib/hadoop-auth-2.7.3.jar:lib/akka-slf4j_2.11-2.5.6.jar:lib/jersey-core-1.9.jar:lib/lz4-1.3.0.jar:lib/jackson-core-asl-1.9.13.jar:lib/aeron-client-1.3.0.jar:lib/htrace-core-3.1.0-incubating.jar:lib/xz-1.0.jar:lib/commons-httpclient-3.1.jar:lib/asm-3.1.jar:lib/commons-lang3-3.4.jar:lib/scala-library-2.11.11.jar:lib/scala-java8-compat_2.11-0.7.0.jar:lib/commons-configuration-1.6.jar:lib/objenesis-2.1.jar:lib/jackson-annotations-2.8.0.jar:lib/jsr305-3.0.0.jar:lib/curator-framework-2.7.1.jar:lib/jersey-server-1.9.jar:lib/jets3t-0.9.0.jar:lib/leveldb-0.7.jar:lib/jetty-6.1.26.jar:lib/stax-api-1.0-2.jar:lib/flamestream-core-1.0-SNAPSHOT.jar:lib/reflectasm-1.07-shaded.jar:lib/apacheds-kerberos-codec-2.0.0-M15.jar:lib/api-asn1-api-1.0.0-M20.jar:lib/commons-lang-2.6.jar:lib/commons-beanutils-1.7.0.jar:lib/jackson-xc-1.8.3.jar:lib/jetty-util-6.1.26.jar:lib/logback-classic-1.2.3.jar:lib/jool-0.9.12.jar:lib/flamestream-runtime-1.0-SNAPSHOT-tests.jar:lib/httpcore-4.1.2.jar:lib/kryo-4.0.0.jar:lib/ant-1.8.1.jar:lib/jaxb-impl-2.2.3-1.jar:lib/jersey-json-1.9.jar:lib/commons-compress-1.4.1.jar:lib/leveldbjni-all-1.8.jar:lib/paranamer-2.3.jar:lib/jackson-core-2.8.4.jar:lib/commons-math3-3.6.1.jar:lib/scala-parser-combinators_2.11-1.0.4.jar:lib/netty-3.10.6.Final.jar:lib/trove4j-3.0.3.jar:lib/jaxb-api-2.2.2.jar:lib/logback-core-1.2.3.jar:lib/snappy-java-1.0.4.1.jar:lib/protobuf-java-2.5.0.jar:lib/reactive-streams-1.0.1.jar:lib/flamestream-examples-1.0-SNAPSHOT.jar:lib/commons-codec-1.4.jar:lib/activation-1.1.jar:lib/commons-net-3.1.jar:lib/curator-recipes-2.7.1.jar:lib/jackson-mapper-asl-1.9.13.jar:lib/jackson-databind-2.8.4.jar:lib/flamestream-runtime-1.0-SNAPSHOT.jar:lib/jackson-jaxrs-1.8.3.jar:lib/slf4j-api-1.7.24.jar:lib/akka-remote_2.11-2.5.6.jar:lib/akka-testkit_2.11-2.5.6.jar:lib/jline-0.9.94.jar:lib/akka-stream_2.11-2.5.6.jar:lib/jsp-api-2.1.jar:lib/kryonet-2.21.jar:lib/akka-kryo-serialization_2.11-0.5.0.jar:lib/config-1.3.1.jar:lib/ant-launcher-1.8.1.jar:lib/commons-logging-1.2.jar:lib/ssl-config-core_2.11-0.2.2.jar:lib/testng-6.10.jar:lib/leveldb-api-0.7.jar:lib/reflectasm-1.11.3.jar:lib/jcommander-1.48.jar:lib/commons-1.1.jar:lib/commons-digester-1.8.jar:lib/minlog-1.2.jar:lib/java-xmlbuilder-0.4.jar:lib/jettison-1.1.jar:lib/gson-2.2.4.jar:lib/jdk.tools-1.8.jar:lib/aeron-driver-1.3.0.jar:lib/zookeeper-3.4.9.jar:lib/commons-beanutils-core-1.8.0.jar:lib/commons-math3-3.1.1.jar:lib/akka-actor_2.11-2.5.6.jar:lib/curator-client-2.7.1.jar:lib/servlet-api-2.5.jar:lib/apacheds-i18n-2.0.0-M15.jar:lib/commons-io-2.4.jar:lib/commons-codec-1.6.jar:lib/akka-protobuf_2.11-2.5.6.jar:lib/protobuf-java-3.5.1.jar:lib/jdom-2.0.2.jar:lib/api-util-1.0.0-M20.jar:lib/hadoop-common-2.7.3.jar:lib/agrona-0.9.6.jar:lib/xmlenc-0.52.jar:lib/guava-21.0.jar:lib/commons-collections-3.2.2.jar:lib/avro-1.7.4.jar:lib/httpclient-4.1.2.jar:lib/flamestream-core-1.0-SNAPSHOT-tests.jar:lib/annotations-12.0.jar:lib/jsch-0.1.42.jar:flamestream-runtime-1.0-SNAPSHOT.jar
13:45:02.151 [worker-akka.actor.default-dispatcher-2] INFO  o.a.z.ZooKeeper  - Client environment:java.library.path=/usr/java/packages/lib/amd64:/usr/lib/x86_64-linux-gnu/jni:/lib/x86_64-linux-gnu:/usr/lib/x86_64-linux-gnu:/usr/lib/jni:/lib:/usr/lib
13:45:02.151 [worker-akka.actor.default-dispatcher-2] INFO  o.a.z.ZooKeeper  - Client environment:java.io.tmpdir=/tmp
13:45:02.151 [worker-akka.actor.default-dispatcher-2] INFO  o.a.z.ZooKeeper  - Client environment:java.compiler=<NA>
13:45:02.151 [worker-akka.actor.default-dispatcher-2] INFO  o.a.z.ZooKeeper  - Client environment:os.name=Linux
13:45:02.151 [worker-akka.actor.default-dispatcher-2] INFO  o.a.z.ZooKeeper  - Client environment:os.arch=amd64
13:45:02.152 [worker-akka.actor.default-dispatcher-2] INFO  o.a.z.ZooKeeper  - Client environment:os.version=4.4.0-1049-aws
13:45:02.152 [worker-akka.actor.default-dispatcher-2] INFO  o.a.z.ZooKeeper  - Client environment:user.name=root
13:45:02.153 [worker-akka.actor.default-dispatcher-2] INFO  o.a.z.ZooKeeper  - Client environment:user.home=/root
13:45:02.154 [worker-akka.actor.default-dispatcher-2] INFO  o.a.z.ZooKeeper  - Client environment:user.dir=/opt/flamestream
13:45:02.157 [worker-akka.actor.default-dispatcher-2] INFO  o.a.z.ZooKeeper  - Initiating client connection, connectString=172.31.34.147:2181 sessionTimeout=5000 watcher=com.spbsu.flamestream.runtime.application.LifecycleWatcher$$Lambda$29/2091173542@1b48f905
13:45:02.193 [worker-akka.actor.default-dispatcher-2] INFO  a.a.RepointableActorRef akka://worker/user/watcher - Starting...
13:45:02.196 [worker-akka.actor.default-dispatcher-2-SendThread(172.31.34.147:2181)] INFO  o.a.z.ClientCnxn  - Opening socket connection to server 172.31.34.147/172.31.34.147:2181. Will not attempt to authenticate using SASL (unknown error)
13:45:02.200 [worker-akka.actor.default-dispatcher-2-SendThread(172.31.34.147:2181)] INFO  o.a.z.ClientCnxn  - Socket connection established to 172.31.34.147/172.31.34.147:2181, initiating session
13:45:02.208 [worker-akka.actor.default-dispatcher-2-SendThread(172.31.34.147:2181)] INFO  o.a.z.ClientCnxn  - Session establishment complete on server 172.31.34.147/172.31.34.147:2181, sessionid = 0x161ae4eb1e20005, negotiated timeout = 6000
13:45:02.311 [worker-akka.actor.default-dispatcher-2] INFO  a.a.RepointableActorRef akka://worker/user/watcher - Connected to ZK
13:45:12.682 [worker-akka.actor.default-dispatcher-2] INFO  a.a.RepointableActorRef akka://worker/user/watcher - Creating node with watchGraphs: 'com.spbsu.flamestream.core.Graph$Builder$MyGraph@22aae96d', config: 'ClusterConfig{paths={172.31.33.155=akka://worker@172.31.33.155:5412/user/watcher/graph0000000000, 172.31.47.83=akka://worker@172.31.47.83:5412/user/watcher/graph0000000000, 172.31.45.197=akka://worker@172.31.45.197:5412/user/watcher/graph0000000000, 172.31.42.36=akka://worker@172.31.42.36:5412/user/watcher/graph0000000000, 172.31.44.83=akka://worker@172.31.44.83:5412/user/watcher/graph0000000000, 172.31.39.64=akka://worker@172.31.39.64:5412/user/watcher/graph0000000000, 172.31.35.79=akka://worker@172.31.35.79:5412/user/watcher/graph0000000000, 172.31.34.169=akka://worker@172.31.34.169:5412/user/watcher/graph0000000000, 172.31.47.100=akka://worker@172.31.47.100:5412/user/watcher/graph0000000000, 172.31.37.101=akka://worker@172.31.37.101:5412/user/watcher/graph0000000000}, ackerLocation='172.31.35.79', props=ComputationLayout{ranges={172.31.33.155=HashRange{from=-1670265060, to=-1193046472}, 172.31.47.83=HashRange{from=1670265056, to=2147483644}, 172.31.45.197=HashRange{from=-715827884, to=-238609296}, 172.31.42.36=HashRange{from=1193046468, to=1670265056}, 172.31.44.83=HashRange{from=-238609296, to=238609292}, 172.31.39.64=HashRange{from=715827880, to=1193046468}, 172.31.35.79=HashRange{from=0, to=0}, 172.31.34.169=HashRange{from=-2147483648, to=-1670265060}, 172.31.47.100=HashRange{from=238609292, to=715827880}, 172.31.37.101=HashRange{from=-1193046472, to=-715827884}}}}'
13:45:13.310 [worker-akka.actor.default-dispatcher-2] INFO  a.a.LocalActorRef akka://worker/user/watcher/graph0000000000/graph - Starting...
13:45:13.313 [worker-akka.actor.default-dispatcher-2] INFO  a.a.LocalActorRef akka://worker/user/watcher/graph0000000000/graph/local-acker/$a - Starting...
13:45:13.315 [worker-akka.actor.default-dispatcher-2] INFO  a.a.LocalActorRef akka://worker/user/watcher/graph0000000000/graph/local-acker - Starting...
Warning: space is running low in /dev/shm (tmpfs) threshold=167,772,160 usable=158,621,696
Warning: space is running low in /dev/shm (tmpfs) threshold=167,772,160 usable=146,034,688
Warning: space is running low in /dev/shm (tmpfs) threshold=167,772,160 usable=133,447,680
Warning: space is running low in /dev/shm (tmpfs) threshold=167,772,160 usable=120,860,672
Warning: space is running low in /dev/shm (tmpfs) threshold=167,772,160 usable=108,273,664
Warning: space is running low in /dev/shm (tmpfs) threshold=167,772,160 usable=95,686,656
Warning: space is running low in /dev/shm (tmpfs) threshold=167,772,160 usable=83,099,648
Warning: space is running low in /dev/shm (tmpfs) threshold=167,772,160 usable=70,512,640
13:45:14.190 [worker-akka.actor.default-dispatcher-2] INFO  a.a.LocalActorRef akka://worker/user/watcher/graph0000000000 - Starting...
13:45:14.191 [worker-akka.actor.default-dispatcher-2] INFO  a.a.LocalActorRef akka://worker/user/watcher/graph0000000000/graph - Finishing constructor
13:45:14.193 [worker-akka.actor.default-dispatcher-2] INFO  a.a.LocalActorRef akka://worker/user/watcher/graph0000000000/negotiator - Starting...
13:45:14.194 [worker-akka.actor.default-dispatcher-2] INFO  a.a.LocalActorRef akka://worker/user/watcher/graph0000000000/edge - Starting...
13:45:14.282 [worker-akka.actor.default-dispatcher-2] INFO  c.s.f.r.e.s.SocketRear  - FlameSocketGraphDeployerRear@172.31.33.155: connecting to 172.31.34.147:5678
13:45:14.291 [worker-akka.actor.default-dispatcher-2] INFO  c.s.f.r.e.s.SocketRear  - FlameSocketGraphDeployerRear@172.31.33.155: connected to 172.31.34.147:5678
13:45:14.317 [worker-akka.actor.default-dispatcher-2] INFO  a.a.LocalActorRef akka://worker/user/watcher/graph0000000000/graph/$a - Starting...
13:45:14.320 [worker-akka.actor.default-dispatcher-2] INFO  a.a.LocalActorRef akka://worker/user/watcher/graph0000000000/graph/$b - Starting...
13:45:14.329 [worker-akka.actor.default-dispatcher-2] INFO  a.a.LocalActorRef akka://worker/user/watcher/graph0000000000/graph/$c - Starting...
13:45:14.329 [worker-akka.actor.default-dispatcher-2] INFO  a.a.LocalActorRef akka://worker/user/watcher/graph0000000000/edge/FlameSocketGraphDeployerRear - Starting...
13:45:14.330 [worker-akka.actor.default-dispatcher-2] INFO  a.a.LocalActorRef akka://worker/user/watcher/graph0000000000/edge/FlameSocketGraphDeployerFront - Starting...
13:45:14.331 [worker-akka.actor.default-dispatcher-2] INFO  a.a.LocalActorRef akka://worker/user/watcher/graph0000000000/negotiator - Requesting ticket for the frontClass FlameSocketGraphDeployerFront@172.31.33.155
13:45:14.333 [worker-akka.actor.default-dispatcher-2] INFO  a.a.LocalActorRef akka://worker/user/watcher/graph0000000000/negotiator - Ticket for the frontClass received: FrontTicket{allowedTimestamp=(1519047912661, FlameSocketGraphDeployerFront@172.31.33.155)}
13:45:14.336 [worker-akka.actor.default-dispatcher-2] INFO  c.s.f.r.e.s.SocketFront  - FlameSocketGraphDeployerFront@172.31.33.155: connecting to 172.31.34.147:4567
2018-02-19T13:45:18.586+0000: 19.878: [GC (Allocation Failure) 2018-02-19T13:45:18.586+0000: 19.878: [DefNew: 136576K->15430K(153600K), 0.0423330 secs] 151983K->50368K(494976K), 0.0424099 secs] [Times: user=0.01 sys=0.03, real=0.04 secs] 
2018-02-19T13:45:35.195+0000: 36.486: [GC (Allocation Failure) 2018-02-19T13:45:35.195+0000: 36.486: [DefNew: 152006K->3984K(153600K), 0.0191807 secs] 186944K->46468K(494976K), 0.0192432 secs] [Times: user=0.01 sys=0.01, real=0.02 secs] 
2018-02-19T13:45:52.659+0000: 53.950: [GC (Allocation Failure) 2018-02-19T13:45:52.659+0000: 53.950: [DefNew: 140560K->6429K(153600K), 0.0121741 secs] 183044K->48913K(494976K), 0.0122341 secs] [Times: user=0.01 sys=0.00, real=0.01 secs] 
2018-02-19T13:46:08.119+0000: 69.411: [GC (Allocation Failure) 2018-02-19T13:46:08.119+0000: 69.411: [DefNew: 143005K->8082K(153600K), 0.0203547 secs] 185489K->50566K(494976K), 0.0204203 secs] [Times: user=0.02 sys=0.00, real=0.02 secs] 
2018-02-19T13:46:20.549+0000: 81.840: [GC (Allocation Failure) 2018-02-19T13:46:20.549+0000: 81.840: [DefNew: 144658K->9368K(153600K), 0.0147618 secs] 187142K->51852K(494976K), 0.0148281 secs] [Times: user=0.01 sys=0.00, real=0.02 secs] 
2018-02-19T13:46:33.392+0000: 94.683: [GC (Allocation Failure) 2018-02-19T13:46:33.392+0000: 94.683: [DefNew: 145944K->8681K(153600K), 0.0166497 secs] 188428K->52716K(494976K), 0.0167099 secs] [Times: user=0.02 sys=0.00, real=0.02 secs] 
2018-02-19T13:46:47.962+0000: 109.254: [GC (Allocation Failure) 2018-02-19T13:46:47.962+0000: 109.254: [DefNew: 145257K->8322K(153600K), 0.0160527 secs] 189292K->53620K(494976K), 0.0161136 secs] [Times: user=0.01 sys=0.00, real=0.01 secs] 
2018-02-19T13:47:04.824+0000: 126.116: [GC (Allocation Failure) 2018-02-19T13:47:04.824+0000: 126.116: [DefNew: 144898K->9658K(153600K), 0.0166655 secs] 190196K->54956K(494976K), 0.0167300 secs] [Times: user=0.02 sys=0.00, real=0.01 secs] 
2018-02-19T13:47:26.799+0000: 148.090: [GC (Allocation Failure) 2018-02-19T13:47:26.799+0000: 148.090: [DefNew: 146234K->9839K(153600K), 0.0189401 secs] 191532K->56184K(494976K), 0.0190042 secs] [Times: user=0.02 sys=0.00, real=0.02 secs] 
2018-02-19T13:47:43.388+0000: 164.680: [GC (Allocation Failure) 2018-02-19T13:47:43.388+0000: 164.680: [DefNew: 146415K->8264K(153600K), 0.0194324 secs] 192760K->57346K(494976K), 0.0194936 secs] [Times: user=0.01 sys=0.00, real=0.02 secs] 
2018-02-19T13:48:01.143+0000: 182.435: [GC (Allocation Failure) 2018-02-19T13:48:01.143+0000: 182.435: [DefNew: 144840K->9503K(153600K), 0.0149014 secs] 193922K->58586K(494976K), 0.0149585 secs] [Times: user=0.02 sys=0.00, real=0.01 secs] 
2018-02-19T13:48:21.570+0000: 202.862: [GC (Allocation Failure) 2018-02-19T13:48:21.570+0000: 202.862: [DefNew: 146079K->8654K(153600K), 0.0171461 secs] 195162K->59683K(494976K), 0.0179364 secs] [Times: user=0.02 sys=0.00, real=0.02 secs] 
2018-02-19T13:48:37.569+0000: 218.860: [GC (Allocation Failure) 2018-02-19T13:48:37.569+0000: 218.860: [DefNew: 145230K->8490K(153600K), 0.0158653 secs] 196259K->61010K(494976K), 0.0159410 secs] [Times: user=0.01 sys=0.00, real=0.02 secs] 
2018-02-19T13:48:56.867+0000: 238.159: [GC (Allocation Failure) 2018-02-19T13:48:56.867+0000: 238.159: [DefNew: 145066K->9686K(153600K), 0.0148581 secs] 197586K->62207K(494976K), 0.0149192 secs] [Times: user=0.02 sys=0.00, real=0.02 secs] 
2018-02-19T13:49:13.218+0000: 254.510: [GC (Allocation Failure) 2018-02-19T13:49:13.218+0000: 254.510: [DefNew: 146223K->8293K(153600K), 0.0198440 secs] 198743K->63071K(494976K), 0.0199117 secs] [Times: user=0.01 sys=0.00, real=0.02 secs] 
2018-02-19T13:49:33.393+0000: 274.684: [GC (Allocation Failure) 2018-02-19T13:49:33.393+0000: 274.684: [DefNew: 144869K->9679K(153600K), 0.0154498 secs] 199647K->64456K(494976K), 0.0155084 secs] [Times: user=0.01 sys=0.00, real=0.02 secs] 
2018-02-19T13:49:52.204+0000: 293.495: [GC (Allocation Failure) 2018-02-19T13:49:52.204+0000: 293.495: [DefNew: 146255K->8587K(153600K), 0.0218689 secs] 201032K->65325K(494976K), 0.0219653 secs] [Times: user=0.01 sys=0.01, real=0.02 secs] 
2018-02-19T13:50:08.797+0000: 310.089: [GC (Allocation Failure) 2018-02-19T13:50:08.797+0000: 310.089: [DefNew: 145163K->9016K(153600K), 0.0161254 secs] 201901K->66759K(494976K), 0.0161989 secs] [Times: user=0.02 sys=0.00, real=0.01 secs] 
2018-02-19T13:50:28.891+0000: 330.182: [GC (Allocation Failure) 2018-02-19T13:50:28.891+0000: 330.182: [DefNew: 145592K->9456K(153600K), 0.0165657 secs] 203335K->68132K(494976K), 0.0166337 secs] [Times: user=0.01 sys=0.00, real=0.02 secs] 
2018-02-19T13:50:47.600+0000: 348.891: [GC (Allocation Failure) 2018-02-19T13:50:47.600+0000: 348.891: [DefNew: 146032K->9542K(153600K), 0.0163397 secs] 204708K->69322K(494976K), 0.0164287 secs] [Times: user=0.01 sys=0.00, real=0.02 secs] 
2018-02-19T13:51:06.642+0000: 367.933: [GC (Allocation Failure) 2018-02-19T13:51:06.642+0000: 367.933: [DefNew: 146118K->9462K(153600K), 0.0197661 secs] 205898K->70340K(494976K), 0.0198640 secs] [Times: user=0.02 sys=0.00, real=0.01 secs] 
2018-02-19T13:51:23.175+0000: 384.466: [GC (Allocation Failure) 2018-02-19T13:51:23.175+0000: 384.467: [DefNew: 146038K->9911K(153600K), 0.0170147 secs] 206916K->71731K(494976K), 0.0170809 secs] [Times: user=0.02 sys=0.00, real=0.01 secs] 
2018-02-19T13:51:37.087+0000: 398.378: [GC (Allocation Failure) 2018-02-19T13:51:37.087+0000: 398.378: [DefNew: 146487K->8814K(153600K), 0.0186818 secs] 208307K->72912K(494976K), 0.0187458 secs] [Times: user=0.01 sys=0.01, real=0.02 secs] 
2018-02-19T13:51:56.440+0000: 417.731: [GC (Allocation Failure) 2018-02-19T13:51:56.440+0000: 417.731: [DefNew: 145390K->9694K(153600K), 0.0164547 secs] 209488K->74954K(494976K), 0.0165452 secs] [Times: user=0.02 sys=0.00, real=0.02 secs] 
2018-02-19T13:52:11.683+0000: 432.975: [GC (Allocation Failure) 2018-02-19T13:52:11.683+0000: 432.975: [DefNew: 146270K->9792K(153600K), 0.0322420 secs] 211530K->76343K(494976K), 0.0323033 secs] [Times: user=0.03 sys=0.00, real=0.03 secs] 
2018-02-19T13:52:26.855+0000: 448.147: [GC (Allocation Failure) 2018-02-19T13:52:26.855+0000: 448.147: [DefNew: 146368K->7817K(153600K), 0.0306093 secs] 212919K->77756K(494976K), 0.0306704 secs] [Times: user=0.01 sys=0.02, real=0.03 secs] 
2018-02-19T13:52:43.128+0000: 464.420: [GC (Allocation Failure) 2018-02-19T13:52:43.129+0000: 464.420: [DefNew: 144393K->9564K(153600K), 0.0151776 secs] 214332K->79503K(494976K), 0.0152431 secs] [Times: user=0.02 sys=0.00, real=0.02 secs] 
2018-02-19T13:52:59.473+0000: 480.765: [GC (Allocation Failure) 2018-02-19T13:52:59.473+0000: 480.765: [DefNew: 146140K->9328K(153600K), 0.0222137 secs] 216079K->80530K(494976K), 0.0222770 secs] [Times: user=0.01 sys=0.02, real=0.03 secs] 
2018-02-19T13:53:17.599+0000: 498.890: [GC (Allocation Failure) 2018-02-19T13:53:17.599+0000: 498.890: [DefNew: 145904K->9769K(153600K), 0.0168917 secs] 217106K->82145K(494976K), 0.0169544 secs] [Times: user=0.00 sys=0.02, real=0.02 secs] 
2018-02-19T13:53:34.534+0000: 515.826: [GC (Allocation Failure) 2018-02-19T13:53:34.534+0000: 515.826: [DefNew: 146345K->9906K(153600K), 0.0164011 secs] 218721K->83475K(494976K), 0.0164629 secs] [Times: user=0.01 sys=0.00, real=0.01 secs] 
2018-02-19T13:53:52.131+0000: 533.422: [GC (Allocation Failure) 2018-02-19T13:53:52.131+0000: 533.422: [DefNew: 146482K->8120K(153600K), 0.0245544 secs] 220051K->84568K(494976K), 0.0246152 secs] [Times: user=0.01 sys=0.01, real=0.03 secs] 
2018-02-19T13:54:11.177+0000: 552.468: [GC (Allocation Failure) 2018-02-19T13:54:11.177+0000: 552.469: [DefNew: 144696K->10181K(153600K), 0.0151887 secs] 221144K->86629K(494976K), 0.0152525 secs] [Times: user=0.01 sys=0.01, real=0.01 secs] 
2018-02-19T13:54:28.408+0000: 569.700: [GC (Allocation Failure) 2018-02-19T13:54:28.408+0000: 569.700: [DefNew: 146757K->9230K(153600K), 0.0183464 secs] 223205K->88214K(494976K), 0.0184116 secs] [Times: user=0.02 sys=0.00, real=0.02 secs] 
2018-02-19T13:54:43.320+0000: 584.611: [GC (Allocation Failure) 2018-02-19T13:54:43.320+0000: 584.611: [DefNew: 145806K->8551K(153600K), 0.0152916 secs] 224790K->89502K(494976K), 0.0153488 secs] [Times: user=0.01 sys=0.00, real=0.02 secs] 
2018-02-19T13:54:59.802+0000: 601.093: [GC (Allocation Failure) 2018-02-19T13:54:59.802+0000: 601.093: [DefNew: 145127K->8841K(153600K), 0.0158320 secs] 226078K->91260K(494976K), 0.0159051 secs] [Times: user=0.02 sys=0.00, real=0.01 secs] 
2018-02-19T13:55:13.002+0000: 614.293: [GC (Allocation Failure) 2018-02-19T13:55:13.002+0000: 614.293: [DefNew: 145417K->9880K(153600K), 0.0165570 secs] 227836K->93616K(494976K), 0.0166233 secs] [Times: user=0.01 sys=0.01, real=0.01 secs] 
2018-02-19T13:55:32.560+0000: 633.852: [GC (Allocation Failure) 2018-02-19T13:55:32.560+0000: 633.852: [DefNew: 146456K->8620K(153600K), 0.0155369 secs] 230192K->93978K(494976K), 0.0156319 secs] [Times: user=0.01 sys=0.00, real=0.02 secs] 
2018-02-19T13:55:48.293+0000: 649.584: [GC (Allocation Failure) 2018-02-19T13:55:48.293+0000: 649.584: [DefNew: 145196K->9010K(153600K), 0.0150863 secs] 230554K->95665K(494976K), 0.0151480 secs] [Times: user=0.01 sys=0.00, real=0.02 secs] 
2018-02-19T13:56:08.222+0000: 669.514: [GC (Allocation Failure) 2018-02-19T13:56:08.222+0000: 669.514: [DefNew: 145586K->9219K(153600K), 0.0156046 secs] 232241K->97239K(494976K), 0.0156667 secs] [Times: user=0.01 sys=0.00, real=0.01 secs] 
2018-02-19T13:56:23.010+0000: 684.301: [GC (Allocation Failure) 2018-02-19T13:56:23.010+0000: 684.301: [DefNew: 145795K->9201K(153600K), 0.0151305 secs] 233815K->98693K(494976K), 0.0151936 secs] [Times: user=0.02 sys=0.00, real=0.02 secs] 
2018-02-19T13:56:39.113+0000: 700.405: [GC (Allocation Failure) 2018-02-19T13:56:39.113+0000: 700.405: [DefNew: 145777K->9585K(153600K), 0.0157723 secs] 235269K->100553K(494976K), 0.0158346 secs] [Times: user=0.02 sys=0.00, real=0.02 secs] 
2018-02-19T13:56:57.045+0000: 718.337: [GC (Allocation Failure) 2018-02-19T13:56:57.045+0000: 718.337: [DefNew: 146161K->10280K(153600K), 0.0168442 secs] 237129K->102581K(494976K), 0.0169062 secs] [Times: user=0.02 sys=0.00, real=0.02 secs] 
2018-02-19T13:57:12.300+0000: 733.591: [GC (Allocation Failure) 2018-02-19T13:57:12.300+0000: 733.591: [DefNew: 146856K->9752K(153600K), 0.0205944 secs] 239157K->103683K(494976K), 0.0206570 secs] [Times: user=0.02 sys=0.01, real=0.02 secs] 
13:57:15.973 [Client] INFO  c.s.f.r.e.s.SocketFront  - FlameSocketGraphDeployerFront@172.31.33.155 has been disconnected from Connection 2
13:57:15.975 [Client] INFO  c.s.f.r.e.s.SocketRear  - FlameSocketGraphDeployerRear@172.31.33.155: has been disconnected from Connection 2
13:57:29.344 [worker-akka.actor.default-dispatcher-2] INFO  a.a.CoordinatedShutdown CoordinatedShutdown(akka://worker) - Starting coordinated shutdown from JVM shutdown hook
13:57:29.401 [worker-akka.actor.default-dispatcher-2] INFO  a.a.LocalActorRef akka://worker/user/watcher/graph0000000000/negotiator - Stopped
13:57:29.402 [worker-akka.actor.default-dispatcher-2] INFO  a.a.LocalActorRef akka://worker/user/watcher/graph0000000000/edge/FlameSocketGraphDeployerFront - Stopped
13:57:29.402 [worker-akka.actor.default-dispatcher-2] INFO  a.a.LocalActorRef akka://worker/user/watcher/graph0000000000/edge/FlameSocketGraphDeployerRear - Stopped
13:57:29.403 [worker-akka.actor.default-dispatcher-2] INFO  a.a.LocalActorRef akka://worker/user/watcher/graph0000000000/graph/$a - Stopped
13:57:29.404 [worker-akka.actor.default-dispatcher-2] INFO  a.a.LocalActorRef akka://worker/user/watcher/graph0000000000/graph/$b - Stopped
13:57:29.406 [worker-akka.actor.default-dispatcher-2] INFO  a.a.LocalActorRef akka://worker/user/watcher/graph0000000000/graph/$c - Stopped
13:57:29.406 [worker-akka.actor.default-dispatcher-2] INFO  a.a.LocalActorRef akka://worker/user/watcher/graph0000000000/graph/local-acker/$a - Stopped
13:57:29.411 [worker-akka.actor.default-dispatcher-2] INFO  a.a.LocalActorRef akka://worker/user/watcher/graph0000000000/edge - Stopped
13:57:29.412 [worker-akka.actor.default-dispatcher-2] INFO  a.a.LocalActorRef akka://worker/user/watcher/graph0000000000/graph/local-acker/$a - Message [com.spbsu.flamestream.runtime.utils.akka.PingActor$InnerPing] from Actor[akka://worker/user/watcher/graph0000000000/graph/local-acker/$a#1549960338] to Actor[akka://worker/user/watcher/graph0000000000/graph/local-acker/$a#1549960338] was not delivered. [1] dead letters encountered. This logging can be turned off or adjusted with configuration settings 'akka.log-dead-letters' and 'akka.log-dead-letters-during-shutdown'.
13:57:29.413 [worker-akka.actor.default-dispatcher-2] INFO  a.a.LocalActorRef akka://worker/user/watcher/graph0000000000/graph/local-acker - Stopped
13:57:29.413 [worker-akka.actor.default-dispatcher-2] INFO  a.a.LocalActorRef akka://worker/user/watcher/graph0000000000/graph - Stopped
13:57:29.413 [worker-akka.actor.default-dispatcher-2] INFO  a.a.LocalActorRef akka://worker/user/watcher/graph0000000000 - Stopped
13:57:29.415 [worker-akka.actor.default-dispatcher-2] INFO  a.a.LocalActorRef akka://worker/user/watcher/graph0000000000/graph/local-acker/$a - Message [com.spbsu.flamestream.runtime.utils.akka.PingActor$Stop] from Actor[akka://worker/user/watcher/graph0000000000/graph/local-acker#385359205] to Actor[akka://worker/user/watcher/graph0000000000/graph/local-acker/$a#1549960338] was not delivered. [2] dead letters encountered. This logging can be turned off or adjusted with configuration settings 'akka.log-dead-letters' and 'akka.log-dead-letters-during-shutdown'.
13:57:29.415 [worker-akka.actor.default-dispatcher-2] INFO  a.a.LocalActorRef akka://worker/user/watcher/graph0000000000/graph/local-acker - Message [com.spbsu.flamestream.runtime.acker.LocalAcker$Flush] from Actor[akka://worker/user/watcher/graph0000000000/graph/local-acker#385359205] to Actor[akka://worker/user/watcher/graph0000000000/graph/local-acker#385359205] was not delivered. [3] dead letters encountered. This logging can be turned off or adjusted with configuration settings 'akka.log-dead-letters' and 'akka.log-dead-letters-during-shutdown'.
13:57:29.418 [worker-akka.actor.default-dispatcher-2] INFO  a.a.LocalActorRef akka://worker/user/watcher/graph0000000000/graph/local-acker - Message [com.spbsu.flamestream.runtime.acker.LocalAcker$Flush] from Actor[akka://worker/user/watcher/graph0000000000/graph/local-acker#385359205] to Actor[akka://worker/user/watcher/graph0000000000/graph/local-acker#385359205] was not delivered. [4] dead letters encountered. This logging can be turned off or adjusted with configuration settings 'akka.log-dead-letters' and 'akka.log-dead-letters-during-shutdown'.
13:57:29.418 [worker-akka.actor.default-dispatcher-2] INFO  a.a.LocalActorRef akka://worker/user/watcher/graph0000000000/graph/local-acker - Message [com.spbsu.flamestream.runtime.acker.LocalAcker$Flush] from Actor[akka://worker/user/watcher/graph0000000000/graph/local-acker#385359205] to Actor[akka://worker/user/watcher/graph0000000000/graph/local-acker#385359205] was not delivered. [5] dead letters encountered. This logging can be turned off or adjusted with configuration settings 'akka.log-dead-letters' and 'akka.log-dead-letters-during-shutdown'.
13:57:29.418 [worker-akka.actor.default-dispatcher-2] INFO  a.a.LocalActorRef akka://worker/user/watcher/graph0000000000/graph/local-acker - Message [com.spbsu.flamestream.runtime.acker.LocalAcker$Flush] from Actor[akka://worker/user/watcher/graph0000000000/graph/local-acker#385359205] to Actor[akka://worker/user/watcher/graph0000000000/graph/local-acker#385359205] was not delivered. [6] dead letters encountered. This logging can be turned off or adjusted with configuration settings 'akka.log-dead-letters' and 'akka.log-dead-letters-during-shutdown'.
13:57:29.419 [worker-akka.actor.default-dispatcher-2] INFO  a.a.LocalActorRef akka://worker/user/watcher/graph0000000000/graph/local-acker - Message [com.spbsu.flamestream.runtime.acker.LocalAcker$Flush] from Actor[akka://worker/user/watcher/graph0000000000/graph/local-acker#385359205] to Actor[akka://worker/user/watcher/graph0000000000/graph/local-acker#385359205] was not delivered. [7] dead letters encountered. This logging can be turned off or adjusted with configuration settings 'akka.log-dead-letters' and 'akka.log-dead-letters-during-shutdown'.
13:57:29.419 [worker-akka.actor.default-dispatcher-2] INFO  a.a.LocalActorRef akka://worker/user/watcher/graph0000000000/graph/local-acker - Message [com.spbsu.flamestream.runtime.acker.LocalAcker$Flush] from Actor[akka://worker/user/watcher/graph0000000000/graph/local-acker#385359205] to Actor[akka://worker/user/watcher/graph0000000000/graph/local-acker#385359205] was not delivered. [8] dead letters encountered. This logging can be turned off or adjusted with configuration settings 'akka.log-dead-letters' and 'akka.log-dead-letters-during-shutdown'.
13:57:29.420 [worker-akka.actor.default-dispatcher-2] INFO  a.a.LocalActorRef akka://worker/user/watcher/graph0000000000/graph/local-acker - Message [com.spbsu.flamestream.runtime.acker.LocalAcker$Flush] from Actor[akka://worker/user/watcher/graph0000000000/graph/local-acker#385359205] to Actor[akka://worker/user/watcher/graph0000000000/graph/local-acker#385359205] was not delivered. [9] dead letters encountered. This logging can be turned off or adjusted with configuration settings 'akka.log-dead-letters' and 'akka.log-dead-letters-during-shutdown'.
13:57:29.420 [worker-akka.actor.default-dispatcher-2] INFO  a.a.LocalActorRef akka://worker/user/watcher/graph0000000000/graph/local-acker - Message [com.spbsu.flamestream.runtime.acker.LocalAcker$Flush] from Actor[akka://worker/user/watcher/graph0000000000/graph/local-acker#385359205] to Actor[akka://worker/user/watcher/graph0000000000/graph/local-acker#385359205] was not delivered. [10] dead letters encountered. This logging can be turned off or adjusted with configuration settings 'akka.log-dead-letters' and 'akka.log-dead-letters-during-shutdown'.
13:57:29.421 [worker-akka.actor.default-dispatcher-2] INFO  a.a.LocalActorRef akka://worker/user/watcher/graph0000000000/graph/local-acker - Message [com.spbsu.flamestream.runtime.acker.LocalAcker$Flush] from Actor[akka://worker/user/watcher/graph0000000000/graph/local-acker#385359205] to Actor[akka://worker/user/watcher/graph0000000000/graph/local-acker#385359205] was not delivered. [11] dead letters encountered. This logging can be turned off or adjusted with configuration settings 'akka.log-dead-letters' and 'akka.log-dead-letters-during-shutdown'.
13:57:29.423 [worker-akka.actor.default-dispatcher-2-EventThread] INFO  o.a.z.ClientCnxn  - EventThread shut down for session: 0x161ae4eb1e20005
13:57:29.425 [worker-akka.actor.default-dispatcher-2] INFO  o.a.z.ZooKeeper  - Session: 0x161ae4eb1e20005 closed
13:57:29.425 [worker-akka.actor.default-dispatcher-2] INFO  a.a.LocalActorRef akka://worker/user/watcher/graph0000000000/graph/local-acker - Message [com.spbsu.flamestream.runtime.acker.LocalAcker$Flush] from Actor[akka://worker/user/watcher/graph0000000000/graph/local-acker#385359205] to Actor[akka://worker/user/watcher/graph0000000000/graph/local-acker#385359205] was not delivered. [12] dead letters encountered. This logging can be turned off or adjusted with configuration settings 'akka.log-dead-letters' and 'akka.log-dead-letters-during-shutdown'.
13:57:29.425 [worker-akka.actor.default-dispatcher-2] INFO  a.a.LocalActorRef akka://worker/user/watcher/graph0000000000/graph/local-acker - Message [com.spbsu.flamestream.runtime.acker.LocalAcker$Flush] from Actor[akka://worker/user/watcher/graph0000000000/graph/local-acker#385359205] to Actor[akka://worker/user/watcher/graph0000000000/graph/local-acker#385359205] was not delivered. [13] dead letters encountered. This logging can be turned off or adjusted with configuration settings 'akka.log-dead-letters' and 'akka.log-dead-letters-during-shutdown'.
13:57:29.426 [worker-akka.actor.default-dispatcher-2] INFO  a.a.LocalActorRef akka://worker/user/watcher/graph0000000000/graph/local-acker - Message [com.spbsu.flamestream.runtime.acker.LocalAcker$Flush] from Actor[akka://worker/user/watcher/graph0000000000/graph/local-acker#385359205] to Actor[akka://worker/user/watcher/graph0000000000/graph/local-acker#385359205] was not delivered. [14] dead letters encountered. This logging can be turned off or adjusted with configuration settings 'akka.log-dead-letters' and 'akka.log-dead-letters-during-shutdown'.
13:57:29.427 [worker-akka.actor.default-dispatcher-2] INFO  a.a.RepointableActorRef akka://worker/user/watcher - Stopped
13:57:29.446 [worker-akka.actor.default-dispatcher-2] INFO  a.r.RemoteActorRefProvider$RemotingTerminator akka://worker@172.31.33.155:5412/system/remoting-terminator - Shutting down remote daemon.
13:57:29.447 [worker-akka.actor.default-dispatcher-2] INFO  a.r.RemoteActorRefProvider$RemotingTerminator akka://worker@172.31.33.155:5412/system/remoting-terminator - Remote daemon shut down; proceeding with flushing remote transports.
13:57:30.593 [worker-akka.actor.default-dispatcher-2] INFO  a.r.RemoteActorRefProvider$RemotingTerminator akka://worker@172.31.33.155:5412/system/remoting-terminator - Remoting shut down.
Heap
 def new generation   total 153600K, used 54644K [0x00000000e0c00000, 0x00000000eb2a0000, 0x00000000eb2a0000)
  eden space 136576K,  32% used [0x00000000e0c00000, 0x00000000e37d6c88, 0x00000000e9160000)
  from space 17024K,  57% used [0x00000000ea200000, 0x00000000eab863f0, 0x00000000eb2a0000)
  to   space 17024K,   0% used [0x00000000e9160000, 0x00000000e9160000, 0x00000000ea200000)
 tenured generation   total 341376K, used 93930K [0x00000000eb2a0000, 0x0000000100000000, 0x0000000100000000)
   the space 341376K,  27% used [0x00000000eb2a0000, 0x00000000f0e5a900, 0x00000000f0e5aa00, 0x0000000100000000)
 Metaspace       used 33613K, capacity 34454K, committed 34688K, reserved 1079296K
  class space    used 4475K, capacity 4658K, committed 4736K, reserved 1048576K
