13:29:22.436 [worker-akka.actor.default-dispatcher-2] INFO  a.e.s.Slf4jLogger  - Slf4jLogger started
2018-02-19T13:29:22.614+0000: 2.701: [Full GC (Metadata GC Threshold) 2018-02-19T13:29:22.614+0000: 2.701: [Tenured: 0K->15411K(341376K), 0.0368765 secs] 117538K->15411K(494976K), [Metaspace: 20871K->20871K(1067008K)], 0.0369372 secs] [Times: user=0.04 sys=0.00, real=0.04 secs] 
Ama winner
Ama winner
13:29:23.174 [worker-akka.actor.default-dispatcher-2] INFO  a.r.a.ArteryTransport(akka://worker) akka.remote.artery.ArteryTransport(akka://worker) - Started embedded media driver in directory [/dev/shm/aeron-root-worker-e18fc6f9-f1e4-4cf9-8a79-859fc0a6fdb8]
13:29:23.387 [worker-akka.actor.default-dispatcher-2] INFO  a.r.a.ArteryTransport(akka://worker) akka.remote.artery.ArteryTransport(akka://worker) - Remoting started; listening on address: [akka://worker@172.31.34.169:5412] with UID [-909792793569306280]
13:29:23.491 [worker-akka.actor.default-dispatcher-2] INFO  o.a.z.ZooKeeper  - Client environment:zookeeper.version=3.4.9-1757313, built on 08/23/2016 06:50 GMT
13:29:23.491 [worker-akka.actor.default-dispatcher-2] INFO  o.a.z.ZooKeeper  - Client environment:host.name=ip-172-31-34-169.us-east-2.compute.internal
13:29:23.491 [worker-akka.actor.default-dispatcher-2] INFO  o.a.z.ZooKeeper  - Client environment:java.version=1.8.0_151
13:29:23.491 [worker-akka.actor.default-dispatcher-2] INFO  o.a.z.ZooKeeper  - Client environment:java.vendor=Oracle Corporation
13:29:23.492 [worker-akka.actor.default-dispatcher-2] INFO  o.a.z.ZooKeeper  - Client environment:java.home=/usr/lib/jvm/java-8-openjdk-amd64/jre
13:29:23.492 [worker-akka.actor.default-dispatcher-2] INFO  o.a.z.ZooKeeper  - Client environment:java.class.path=lib/commons-cli-1.4.jar:lib/minlog-1.3.0.jar:lib/asm-5.0.4.jar:lib/hadoop-annotations-2.7.3.jar:lib/hadoop-auth-2.7.3.jar:lib/akka-slf4j_2.11-2.5.6.jar:lib/jersey-core-1.9.jar:lib/lz4-1.3.0.jar:lib/jackson-core-asl-1.9.13.jar:lib/aeron-client-1.3.0.jar:lib/htrace-core-3.1.0-incubating.jar:lib/xz-1.0.jar:lib/commons-httpclient-3.1.jar:lib/asm-3.1.jar:lib/commons-lang3-3.4.jar:lib/scala-library-2.11.11.jar:lib/scala-java8-compat_2.11-0.7.0.jar:lib/commons-configuration-1.6.jar:lib/objenesis-2.1.jar:lib/jackson-annotations-2.8.0.jar:lib/jsr305-3.0.0.jar:lib/curator-framework-2.7.1.jar:lib/jersey-server-1.9.jar:lib/jets3t-0.9.0.jar:lib/leveldb-0.7.jar:lib/jetty-6.1.26.jar:lib/stax-api-1.0-2.jar:lib/flamestream-core-1.0-SNAPSHOT.jar:lib/reflectasm-1.07-shaded.jar:lib/apacheds-kerberos-codec-2.0.0-M15.jar:lib/api-asn1-api-1.0.0-M20.jar:lib/commons-lang-2.6.jar:lib/commons-beanutils-1.7.0.jar:lib/jackson-xc-1.8.3.jar:lib/jetty-util-6.1.26.jar:lib/logback-classic-1.2.3.jar:lib/jool-0.9.12.jar:lib/flamestream-runtime-1.0-SNAPSHOT-tests.jar:lib/httpcore-4.1.2.jar:lib/kryo-4.0.0.jar:lib/ant-1.8.1.jar:lib/jaxb-impl-2.2.3-1.jar:lib/jersey-json-1.9.jar:lib/commons-compress-1.4.1.jar:lib/leveldbjni-all-1.8.jar:lib/paranamer-2.3.jar:lib/jackson-core-2.8.4.jar:lib/commons-math3-3.6.1.jar:lib/scala-parser-combinators_2.11-1.0.4.jar:lib/netty-3.10.6.Final.jar:lib/trove4j-3.0.3.jar:lib/jaxb-api-2.2.2.jar:lib/logback-core-1.2.3.jar:lib/snappy-java-1.0.4.1.jar:lib/protobuf-java-2.5.0.jar:lib/reactive-streams-1.0.1.jar:lib/flamestream-examples-1.0-SNAPSHOT.jar:lib/commons-codec-1.4.jar:lib/activation-1.1.jar:lib/commons-net-3.1.jar:lib/curator-recipes-2.7.1.jar:lib/jackson-mapper-asl-1.9.13.jar:lib/jackson-databind-2.8.4.jar:lib/flamestream-runtime-1.0-SNAPSHOT.jar:lib/jackson-jaxrs-1.8.3.jar:lib/slf4j-api-1.7.24.jar:lib/akka-remote_2.11-2.5.6.jar:lib/akka-testkit_2.11-2.5.6.jar:lib/jline-0.9.94.jar:lib/akka-stream_2.11-2.5.6.jar:lib/jsp-api-2.1.jar:lib/kryonet-2.21.jar:lib/akka-kryo-serialization_2.11-0.5.0.jar:lib/config-1.3.1.jar:lib/ant-launcher-1.8.1.jar:lib/commons-logging-1.2.jar:lib/ssl-config-core_2.11-0.2.2.jar:lib/testng-6.10.jar:lib/leveldb-api-0.7.jar:lib/reflectasm-1.11.3.jar:lib/jcommander-1.48.jar:lib/commons-1.1.jar:lib/commons-digester-1.8.jar:lib/minlog-1.2.jar:lib/java-xmlbuilder-0.4.jar:lib/jettison-1.1.jar:lib/gson-2.2.4.jar:lib/jdk.tools-1.8.jar:lib/aeron-driver-1.3.0.jar:lib/zookeeper-3.4.9.jar:lib/commons-beanutils-core-1.8.0.jar:lib/commons-math3-3.1.1.jar:lib/akka-actor_2.11-2.5.6.jar:lib/curator-client-2.7.1.jar:lib/servlet-api-2.5.jar:lib/apacheds-i18n-2.0.0-M15.jar:lib/commons-io-2.4.jar:lib/commons-codec-1.6.jar:lib/akka-protobuf_2.11-2.5.6.jar:lib/protobuf-java-3.5.1.jar:lib/jdom-2.0.2.jar:lib/api-util-1.0.0-M20.jar:lib/hadoop-common-2.7.3.jar:lib/agrona-0.9.6.jar:lib/xmlenc-0.52.jar:lib/guava-21.0.jar:lib/commons-collections-3.2.2.jar:lib/avro-1.7.4.jar:lib/httpclient-4.1.2.jar:lib/flamestream-core-1.0-SNAPSHOT-tests.jar:lib/annotations-12.0.jar:lib/jsch-0.1.42.jar:flamestream-runtime-1.0-SNAPSHOT.jar
13:29:23.492 [worker-akka.actor.default-dispatcher-2] INFO  o.a.z.ZooKeeper  - Client environment:java.library.path=/usr/java/packages/lib/amd64:/usr/lib/x86_64-linux-gnu/jni:/lib/x86_64-linux-gnu:/usr/lib/x86_64-linux-gnu:/usr/lib/jni:/lib:/usr/lib
13:29:23.492 [worker-akka.actor.default-dispatcher-2] INFO  o.a.z.ZooKeeper  - Client environment:java.io.tmpdir=/tmp
13:29:23.492 [worker-akka.actor.default-dispatcher-2] INFO  o.a.z.ZooKeeper  - Client environment:java.compiler=<NA>
13:29:23.492 [worker-akka.actor.default-dispatcher-2] INFO  o.a.z.ZooKeeper  - Client environment:os.name=Linux
13:29:23.492 [worker-akka.actor.default-dispatcher-2] INFO  o.a.z.ZooKeeper  - Client environment:os.arch=amd64
13:29:23.492 [worker-akka.actor.default-dispatcher-2] INFO  o.a.z.ZooKeeper  - Client environment:os.version=4.4.0-1049-aws
13:29:23.492 [worker-akka.actor.default-dispatcher-2] INFO  o.a.z.ZooKeeper  - Client environment:user.name=root
13:29:23.493 [worker-akka.actor.default-dispatcher-2] INFO  o.a.z.ZooKeeper  - Client environment:user.home=/root
13:29:23.493 [worker-akka.actor.default-dispatcher-2] INFO  o.a.z.ZooKeeper  - Client environment:user.dir=/opt/flamestream
13:29:23.496 [worker-akka.actor.default-dispatcher-2] INFO  o.a.z.ZooKeeper  - Initiating client connection, connectString=172.31.34.147:2181 sessionTimeout=5000 watcher=com.spbsu.flamestream.runtime.application.LifecycleWatcher$$Lambda$29/764839090@3d5d5f13
13:29:23.537 [worker-akka.actor.default-dispatcher-2] INFO  a.a.RepointableActorRef akka://worker/user/watcher - Starting...
13:29:23.541 [worker-akka.actor.default-dispatcher-2-SendThread(172.31.34.147:2181)] INFO  o.a.z.ClientCnxn  - Opening socket connection to server 172.31.34.147/172.31.34.147:2181. Will not attempt to authenticate using SASL (unknown error)
13:29:23.545 [worker-akka.actor.default-dispatcher-2-SendThread(172.31.34.147:2181)] INFO  o.a.z.ClientCnxn  - Socket connection established to 172.31.34.147/172.31.34.147:2181, initiating session
13:29:23.552 [worker-akka.actor.default-dispatcher-2-SendThread(172.31.34.147:2181)] INFO  o.a.z.ClientCnxn  - Session establishment complete on server 172.31.34.147/172.31.34.147:2181, sessionid = 0x161ae405681000c, negotiated timeout = 6000
13:29:23.647 [worker-akka.actor.default-dispatcher-2] INFO  a.a.RepointableActorRef akka://worker/user/watcher - Connected to ZK
13:29:32.695 [worker-akka.actor.default-dispatcher-2] INFO  a.a.RepointableActorRef akka://worker/user/watcher - Creating node with watchGraphs: 'com.spbsu.flamestream.core.Graph$Builder$MyGraph@4084ed8a', config: 'ClusterConfig{paths={172.31.33.155=akka://worker@172.31.33.155:5412/user/watcher/graph0000000000, 172.31.47.83=akka://worker@172.31.47.83:5412/user/watcher/graph0000000000, 172.31.45.197=akka://worker@172.31.45.197:5412/user/watcher/graph0000000000, 172.31.42.36=akka://worker@172.31.42.36:5412/user/watcher/graph0000000000, 172.31.44.83=akka://worker@172.31.44.83:5412/user/watcher/graph0000000000, 172.31.39.64=akka://worker@172.31.39.64:5412/user/watcher/graph0000000000, 172.31.35.79=akka://worker@172.31.35.79:5412/user/watcher/graph0000000000, 172.31.34.169=akka://worker@172.31.34.169:5412/user/watcher/graph0000000000, 172.31.47.100=akka://worker@172.31.47.100:5412/user/watcher/graph0000000000, 172.31.37.101=akka://worker@172.31.37.101:5412/user/watcher/graph0000000000}, ackerLocation='172.31.35.79', props=ComputationLayout{ranges={172.31.33.155=HashRange{from=-1670265060, to=-1193046472}, 172.31.47.83=HashRange{from=1670265056, to=2147483644}, 172.31.45.197=HashRange{from=-715827884, to=-238609296}, 172.31.42.36=HashRange{from=1193046468, to=1670265056}, 172.31.44.83=HashRange{from=-238609296, to=238609292}, 172.31.39.64=HashRange{from=715827880, to=1193046468}, 172.31.35.79=HashRange{from=0, to=0}, 172.31.34.169=HashRange{from=-2147483648, to=-1670265060}, 172.31.47.100=HashRange{from=238609292, to=715827880}, 172.31.37.101=HashRange{from=-1193046472, to=-715827884}}}}'
13:29:33.547 [worker-akka.actor.default-dispatcher-2] INFO  a.a.LocalActorRef akka://worker/user/watcher/graph0000000000/graph - Starting...
13:29:33.550 [worker-akka.actor.default-dispatcher-2] INFO  a.a.LocalActorRef akka://worker/user/watcher/graph0000000000/graph/local-acker/$a - Starting...
13:29:33.552 [worker-akka.actor.default-dispatcher-2] INFO  a.a.LocalActorRef akka://worker/user/watcher/graph0000000000/graph/local-acker - Starting...
Warning: space is running low in /dev/shm (tmpfs) threshold=167,772,160 usable=158,621,696
Warning: space is running low in /dev/shm (tmpfs) threshold=167,772,160 usable=146,034,688
Warning: space is running low in /dev/shm (tmpfs) threshold=167,772,160 usable=133,447,680
Warning: space is running low in /dev/shm (tmpfs) threshold=167,772,160 usable=120,860,672
Warning: space is running low in /dev/shm (tmpfs) threshold=167,772,160 usable=108,273,664
Warning: space is running low in /dev/shm (tmpfs) threshold=167,772,160 usable=95,686,656
Warning: space is running low in /dev/shm (tmpfs) threshold=167,772,160 usable=83,099,648
Warning: space is running low in /dev/shm (tmpfs) threshold=167,772,160 usable=70,512,640
13:29:35.030 [worker-akka.actor.default-dispatcher-2] INFO  a.a.LocalActorRef akka://worker/user/watcher/graph0000000000/graph - Finishing constructor
13:29:35.031 [worker-akka.actor.default-dispatcher-2] INFO  a.a.LocalActorRef akka://worker/user/watcher/graph0000000000 - Starting...
13:29:35.096 [worker-akka.actor.default-dispatcher-2] INFO  a.a.LocalActorRef akka://worker/user/watcher/graph0000000000/negotiator - Starting...
13:29:35.098 [worker-akka.actor.default-dispatcher-2] INFO  a.a.LocalActorRef akka://worker/user/watcher/graph0000000000/edge - Starting...
13:29:35.099 [worker-akka.actor.default-dispatcher-2] INFO  a.a.LocalActorRef akka://worker/user/watcher/graph0000000000/graph/$a - Starting...
13:29:35.100 [worker-akka.actor.default-dispatcher-2] INFO  a.a.LocalActorRef akka://worker/user/watcher/graph0000000000/graph/$b - Starting...
13:29:35.101 [worker-akka.actor.default-dispatcher-2] INFO  a.a.LocalActorRef akka://worker/user/watcher/graph0000000000/graph/$c - Starting...
13:29:35.131 [worker-akka.actor.default-dispatcher-2] INFO  c.s.f.r.e.s.SocketRear  - FlameSocketGraphDeployerRear@172.31.34.169: connecting to 172.31.34.147:5678
13:29:35.137 [worker-akka.actor.default-dispatcher-2] INFO  c.s.f.r.e.s.SocketRear  - FlameSocketGraphDeployerRear@172.31.34.169: connected to 172.31.34.147:5678
13:29:35.165 [worker-akka.actor.default-dispatcher-2] INFO  a.a.LocalActorRef akka://worker/user/watcher/graph0000000000/edge/FlameSocketGraphDeployerRear - Starting...
13:29:35.165 [worker-akka.actor.default-dispatcher-2] INFO  a.a.LocalActorRef akka://worker/user/watcher/graph0000000000/edge/FlameSocketGraphDeployerFront - Starting...
13:29:35.166 [worker-akka.actor.default-dispatcher-2] INFO  a.a.LocalActorRef akka://worker/user/watcher/graph0000000000/negotiator - Requesting ticket for the frontClass FlameSocketGraphDeployerFront@172.31.34.169
13:29:35.177 [worker-akka.actor.default-dispatcher-2] INFO  a.a.LocalActorRef akka://worker/user/watcher/graph0000000000/negotiator - Ticket for the frontClass received: FrontTicket{allowedTimestamp=(1519046972703, FlameSocketGraphDeployerFront@172.31.34.169)}
13:29:35.178 [worker-akka.actor.default-dispatcher-2] INFO  c.s.f.r.e.s.SocketFront  - FlameSocketGraphDeployerFront@172.31.34.169: connecting to 172.31.34.147:4567
13:29:35.199 [Client] INFO  c.s.f.r.e.s.SocketFront  - FlameSocketGraphDeployerFront@172.31.34.169 has been disconnected from Connection 10
2018-02-19T13:29:39.106+0000: 19.192: [GC (Allocation Failure) 2018-02-19T13:29:39.106+0000: 19.192: [DefNew: 136576K->15773K(153600K), 0.0303720 secs] 151987K->50716K(494976K), 0.0304436 secs] [Times: user=0.02 sys=0.00, real=0.03 secs] 
2018-02-19T13:29:57.393+0000: 37.479: [GC (Allocation Failure) 2018-02-19T13:29:57.393+0000: 37.479: [DefNew: 152349K->3698K(153600K), 0.0177442 secs] 187292K->46268K(494976K), 0.0178173 secs] [Times: user=0.02 sys=0.00, real=0.02 secs] 
2018-02-19T13:30:14.964+0000: 55.050: [GC (Allocation Failure) 2018-02-19T13:30:14.964+0000: 55.050: [DefNew: 140274K->5298K(153600K), 0.0108336 secs] 182844K->47868K(494976K), 0.0108984 secs] [Times: user=0.01 sys=0.00, real=0.01 secs] 
2018-02-19T13:30:28.836+0000: 68.922: [GC (Allocation Failure) 2018-02-19T13:30:28.836+0000: 68.922: [DefNew: 141874K->6916K(153600K), 0.0152926 secs] 184444K->49486K(494976K), 0.0153538 secs] [Times: user=0.02 sys=0.00, real=0.02 secs] 
2018-02-19T13:30:48.870+0000: 88.957: [GC (Allocation Failure) 2018-02-19T13:30:48.870+0000: 88.957: [DefNew: 143492K->8226K(153600K), 0.0142901 secs] 186062K->50796K(494976K), 0.0143492 secs] [Times: user=0.01 sys=0.00, real=0.01 secs] 
2018-02-19T13:31:05.175+0000: 105.261: [GC (Allocation Failure) 2018-02-19T13:31:05.175+0000: 105.261: [DefNew: 144802K->9765K(153600K), 0.0160003 secs] 187372K->52335K(494976K), 0.0160760 secs] [Times: user=0.02 sys=0.00, real=0.02 secs] 
2018-02-19T13:31:24.357+0000: 124.444: [GC (Allocation Failure) 2018-02-19T13:31:24.357+0000: 124.444: [DefNew: 146341K->9361K(153600K), 0.0165854 secs] 188911K->53281K(494976K), 0.0166437 secs] [Times: user=0.02 sys=0.00, real=0.02 secs] 
2018-02-19T13:31:44.307+0000: 144.393: [GC (Allocation Failure) 2018-02-19T13:31:44.307+0000: 144.393: [DefNew: 145937K->9392K(153600K), 0.0169111 secs] 189857K->54449K(494976K), 0.0169744 secs] [Times: user=0.02 sys=0.00, real=0.02 secs] 
2018-02-19T13:32:09.544+0000: 169.631: [GC (Allocation Failure) 2018-02-19T13:32:09.544+0000: 169.631: [DefNew: 145968K->10081K(153600K), 0.0194868 secs] 191025K->56020K(494976K), 0.0195491 secs] [Times: user=0.02 sys=0.00, real=0.02 secs] 
2018-02-19T13:32:27.122+0000: 187.209: [GC (Allocation Failure) 2018-02-19T13:32:27.123+0000: 187.209: [DefNew: 146657K->9090K(153600K), 0.0185333 secs] 192596K->57480K(494976K), 0.0185930 secs] [Times: user=0.02 sys=0.00, real=0.02 secs] 
2018-02-19T13:32:48.910+0000: 208.996: [GC (Allocation Failure) 2018-02-19T13:32:48.910+0000: 208.996: [DefNew: 145666K->8793K(153600K), 0.0161153 secs] 194056K->58212K(494976K), 0.0161770 secs] [Times: user=0.02 sys=0.00, real=0.01 secs] 
2018-02-19T13:33:11.223+0000: 231.309: [GC (Allocation Failure) 2018-02-19T13:33:11.223+0000: 231.309: [DefNew: 145369K->8773K(153600K), 0.0151201 secs] 194788K->59224K(494976K), 0.0152080 secs] [Times: user=0.02 sys=0.00, real=0.01 secs] 
2018-02-19T13:33:32.683+0000: 252.770: [GC (Allocation Failure) 2018-02-19T13:33:32.684+0000: 252.770: [DefNew: 145349K->8714K(153600K), 0.0166167 secs] 195800K->60662K(494976K), 0.0166866 secs] [Times: user=0.01 sys=0.01, real=0.02 secs] 
2018-02-19T13:33:52.893+0000: 272.979: [GC (Allocation Failure) 2018-02-19T13:33:52.893+0000: 272.980: [DefNew: 145290K->9041K(153600K), 0.0165103 secs] 197238K->62097K(494976K), 0.0165742 secs] [Times: user=0.01 sys=0.00, real=0.02 secs] 
2018-02-19T13:34:12.029+0000: 292.115: [GC (Allocation Failure) 2018-02-19T13:34:12.029+0000: 292.115: [DefNew: 145617K->8721K(153600K), 0.0158308 secs] 198673K->62890K(494976K), 0.0158948 secs] [Times: user=0.02 sys=0.00, real=0.01 secs] 
2018-02-19T13:34:34.722+0000: 314.809: [GC (Allocation Failure) 2018-02-19T13:34:34.722+0000: 314.809: [DefNew: 145297K->9109K(153600K), 0.0166617 secs] 199466K->64300K(494976K), 0.0167282 secs] [Times: user=0.01 sys=0.00, real=0.02 secs] 
2018-02-19T13:34:54.377+0000: 334.463: [GC (Allocation Failure) 2018-02-19T13:34:54.377+0000: 334.463: [DefNew: 145685K->8877K(153600K), 0.0154906 secs] 200876K->65255K(494976K), 0.0155492 secs] [Times: user=0.01 sys=0.00, real=0.02 secs] 
2018-02-19T13:35:13.022+0000: 353.108: [GC (Allocation Failure) 2018-02-19T13:35:13.022+0000: 353.108: [DefNew: 145453K->9422K(153600K), 0.0177094 secs] 201831K->66764K(494976K), 0.0177745 secs] [Times: user=0.02 sys=0.00, real=0.02 secs] 
2018-02-19T13:35:34.218+0000: 374.304: [GC (Allocation Failure) 2018-02-19T13:35:34.218+0000: 374.304: [DefNew: 145998K->9472K(153600K), 0.0159718 secs] 203340K->67824K(494976K), 0.0160388 secs] [Times: user=0.02 sys=0.00, real=0.02 secs] 
2018-02-19T13:35:56.748+0000: 396.835: [GC (Allocation Failure) 2018-02-19T13:35:56.748+0000: 396.835: [DefNew: 146048K->9578K(153600K), 0.0165989 secs] 204400K->69049K(494976K), 0.0166634 secs] [Times: user=0.01 sys=0.00, real=0.01 secs] 
2018-02-19T13:36:17.487+0000: 417.574: [GC (Allocation Failure) 2018-02-19T13:36:17.487+0000: 417.574: [DefNew: 146154K->9948K(153600K), 0.0169658 secs] 205625K->70407K(494976K), 0.0170359 secs] [Times: user=0.02 sys=0.00, real=0.01 secs] 
2018-02-19T13:36:36.281+0000: 436.367: [GC (Allocation Failure) 2018-02-19T13:36:36.281+0000: 436.367: [DefNew: 146524K->9016K(153600K), 0.0177521 secs] 206983K->71663K(494976K), 0.0178169 secs] [Times: user=0.02 sys=0.00, real=0.02 secs] 
2018-02-19T13:36:50.948+0000: 451.035: [GC (Allocation Failure) 2018-02-19T13:36:50.949+0000: 451.035: [DefNew: 145592K->9033K(153600K), 0.0160877 secs] 208239K->72806K(494976K), 0.0161513 secs] [Times: user=0.02 sys=0.00, real=0.01 secs] 
2018-02-19T13:37:07.710+0000: 467.797: [GC (Allocation Failure) 2018-02-19T13:37:07.710+0000: 467.797: [DefNew: 145609K->9885K(153600K), 0.0164956 secs] 209382K->74930K(494976K), 0.0165671 secs] [Times: user=0.02 sys=0.00, real=0.02 secs] 
2018-02-19T13:37:25.996+0000: 486.083: [GC (Allocation Failure) 2018-02-19T13:37:25.996+0000: 486.083: [DefNew: 146461K->9554K(153600K), 0.0165377 secs] 211506K->75945K(494976K), 0.0165947 secs] [Times: user=0.02 sys=0.00, real=0.02 secs] 
2018-02-19T13:37:41.673+0000: 501.760: [GC (Allocation Failure) 2018-02-19T13:37:41.674+0000: 501.760: [DefNew: 146130K->9815K(153600K), 0.0163641 secs] 212521K->77302K(494976K), 0.0164256 secs] [Times: user=0.01 sys=0.00, real=0.02 secs] 
2018-02-19T13:37:59.585+0000: 519.671: [GC (Allocation Failure) 2018-02-19T13:37:59.585+0000: 519.671: [DefNew: 146391K->9098K(153600K), 0.0169452 secs] 213878K->78487K(494976K), 0.0170095 secs] [Times: user=0.00 sys=0.01, real=0.02 secs] 
2018-02-19T13:38:20.026+0000: 540.113: [GC (Allocation Failure) 2018-02-19T13:38:20.026+0000: 540.113: [DefNew: 145674K->9446K(153600K), 0.0165647 secs] 215063K->79972K(494976K), 0.0166239 secs] [Times: user=0.01 sys=0.00, real=0.02 secs] 
2018-02-19T13:38:39.872+0000: 559.959: [GC (Allocation Failure) 2018-02-19T13:38:39.872+0000: 559.959: [DefNew: 146022K->9898K(153600K), 0.0166439 secs] 216548K->81432K(494976K), 0.0167063 secs] [Times: user=0.02 sys=0.00, real=0.02 secs] 
2018-02-19T13:38:55.857+0000: 575.944: [GC (Allocation Failure) 2018-02-19T13:38:55.857+0000: 575.944: [DefNew: 146474K->8495K(153600K), 0.0174959 secs] 218008K->82562K(494976K), 0.0175574 secs] [Times: user=0.02 sys=0.00, real=0.02 secs] 
2018-02-19T13:39:16.958+0000: 597.044: [GC (Allocation Failure) 2018-02-19T13:39:16.958+0000: 597.044: [DefNew: 145071K->9957K(153600K), 0.0144952 secs] 219138K->84023K(494976K), 0.0145586 secs] [Times: user=0.01 sys=0.00, real=0.02 secs] 
2018-02-19T13:39:35.185+0000: 615.272: [GC (Allocation Failure) 2018-02-19T13:39:35.186+0000: 615.272: [DefNew: 146533K->9207K(153600K), 0.0181937 secs] 220599K->85734K(494976K), 0.0182582 secs] [Times: user=0.02 sys=0.00, real=0.02 secs] 
2018-02-19T13:39:56.968+0000: 637.054: [GC (Allocation Failure) 2018-02-19T13:39:56.968+0000: 637.054: [DefNew: 145783K->9383K(153600K), 0.0163445 secs] 222310K->87202K(494976K), 0.0164113 secs] [Times: user=0.02 sys=0.00, real=0.01 secs] 
2018-02-19T13:40:14.600+0000: 654.686: [GC (Allocation Failure) 2018-02-19T13:40:14.600+0000: 654.686: [DefNew: 145959K->9169K(153600K), 0.0163406 secs] 223778K->88518K(494976K), 0.0164137 secs] [Times: user=0.01 sys=0.01, real=0.01 secs] 
2018-02-19T13:40:34.762+0000: 674.849: [GC (Allocation Failure) 2018-02-19T13:40:34.762+0000: 674.849: [DefNew: 145745K->9288K(153600K), 0.0158993 secs] 225094K->90117K(494976K), 0.0159596 secs] [Times: user=0.02 sys=0.00, real=0.01 secs] 
2018-02-19T13:40:53.193+0000: 693.279: [GC (Allocation Failure) 2018-02-19T13:40:53.193+0000: 693.279: [DefNew: 145864K->9885K(153600K), 0.0201157 secs] 226693K->92083K(494976K), 0.0201973 secs] [Times: user=0.02 sys=0.00, real=0.02 secs] 
2018-02-19T13:41:12.674+0000: 712.760: [GC (Allocation Failure) 2018-02-19T13:41:12.674+0000: 712.760: [DefNew: 146461K->9822K(153600K), 0.0201477 secs] 228659K->93525K(494976K), 0.0202121 secs] [Times: user=0.02 sys=0.01, real=0.02 secs] 
2018-02-19T13:41:30.722+0000: 730.808: [GC (Allocation Failure) 2018-02-19T13:41:30.722+0000: 730.808: [DefNew: 146398K->9856K(153600K), 0.0160555 secs] 230101K->95207K(494976K), 0.0161456 secs] [Times: user=0.01 sys=0.00, real=0.01 secs] 
2018-02-19T13:41:53.873+0000: 753.959: [GC (Allocation Failure) 2018-02-19T13:41:53.873+0000: 753.959: [DefNew: 146432K->10160K(153600K), 0.0166069 secs] 231783K->96816K(494976K), 0.0166672 secs] [Times: user=0.02 sys=0.00, real=0.02 secs] 
2018-02-19T13:42:12.102+0000: 772.188: [GC (Allocation Failure) 2018-02-19T13:42:12.102+0000: 772.188: [DefNew: 146736K->10323K(153600K), 0.0178663 secs] 233392K->98539K(494976K), 0.0179303 secs] [Times: user=0.02 sys=0.00, real=0.02 secs] 
2018-02-19T13:42:28.470+0000: 788.557: [GC (Allocation Failure) 2018-02-19T13:42:28.471+0000: 788.557: [DefNew: 146899K->10620K(153600K), 0.0294475 secs] 235115K->100254K(494976K), 0.0295129 secs] [Times: user=0.00 sys=0.03, real=0.03 secs] 
2018-02-19T13:42:49.764+0000: 809.850: [GC (Allocation Failure) 2018-02-19T13:42:49.764+0000: 809.850: [DefNew: 147196K->10196K(153600K), 0.0162220 secs] 236830K->101547K(494976K), 0.0162823 secs] [Times: user=0.02 sys=0.00, real=0.02 secs] 
2018-02-19T13:43:06.923+0000: 827.009: [GC (Allocation Failure) 2018-02-19T13:43:06.923+0000: 827.009: [DefNew: 146772K->10822K(153600K), 0.0176819 secs] 238123K->103547K(494976K), 0.0177456 secs] [Times: user=0.01 sys=0.01, real=0.02 secs] 
13:43:18.374 [Client] INFO  c.s.f.r.e.s.SocketRear  - FlameSocketGraphDeployerRear@172.31.34.169: has been disconnected from Connection 10
13:43:32.426 [worker-akka.actor.default-dispatcher-2] INFO  a.a.CoordinatedShutdown CoordinatedShutdown(akka://worker) - Starting coordinated shutdown from JVM shutdown hook
13:43:32.476 [worker-akka.actor.default-dispatcher-2] INFO  a.a.LocalActorRef akka://worker/user/watcher/graph0000000000/negotiator - Stopped
13:43:32.477 [worker-akka.actor.default-dispatcher-2] INFO  a.a.LocalActorRef akka://worker/user/watcher/graph0000000000/edge/FlameSocketGraphDeployerFront - Stopped
13:43:32.478 [worker-akka.actor.default-dispatcher-2] INFO  a.a.LocalActorRef akka://worker/user/watcher/graph0000000000/edge/FlameSocketGraphDeployerRear - Stopped
13:43:32.479 [worker-akka.actor.default-dispatcher-2] INFO  a.a.LocalActorRef akka://worker/user/watcher/graph0000000000/graph/$a - Stopped
13:43:32.481 [worker-akka.actor.default-dispatcher-2] INFO  a.a.LocalActorRef akka://worker/user/watcher/graph0000000000/graph/$b - Stopped
13:43:32.482 [worker-akka.actor.default-dispatcher-2] INFO  a.a.LocalActorRef akka://worker/user/watcher/graph0000000000/graph/$c - Stopped
13:43:32.482 [worker-akka.actor.default-dispatcher-2] INFO  a.a.LocalActorRef akka://worker/user/watcher/graph0000000000/graph/local-acker/$a - Stopped
13:43:32.489 [worker-akka.actor.default-dispatcher-2] INFO  a.a.LocalActorRef akka://worker/user/watcher/graph0000000000/edge - Stopped
13:43:32.489 [worker-akka.actor.default-dispatcher-2] INFO  a.a.LocalActorRef akka://worker/user/watcher/graph0000000000/graph/local-acker/$a - Message [com.spbsu.flamestream.runtime.utils.akka.PingActor$InnerPing] from Actor[akka://worker/user/watcher/graph0000000000/graph/local-acker/$a#1842321899] to Actor[akka://worker/user/watcher/graph0000000000/graph/local-acker/$a#1842321899] was not delivered. [1] dead letters encountered. This logging can be turned off or adjusted with configuration settings 'akka.log-dead-letters' and 'akka.log-dead-letters-during-shutdown'.
13:43:32.490 [worker-akka.actor.default-dispatcher-2] INFO  a.a.LocalActorRef akka://worker/user/watcher/graph0000000000/graph/local-acker - Stopped
13:43:32.492 [worker-akka.actor.default-dispatcher-2] INFO  a.a.LocalActorRef akka://worker/user/watcher/graph0000000000/graph/local-acker/$a - Message [com.spbsu.flamestream.runtime.utils.akka.PingActor$Stop] from Actor[akka://worker/user/watcher/graph0000000000/graph/local-acker#1973261737] to Actor[akka://worker/user/watcher/graph0000000000/graph/local-acker/$a#1842321899] was not delivered. [2] dead letters encountered. This logging can be turned off or adjusted with configuration settings 'akka.log-dead-letters' and 'akka.log-dead-letters-during-shutdown'.
13:43:32.493 [worker-akka.actor.default-dispatcher-2] INFO  a.a.LocalActorRef akka://worker/user/watcher/graph0000000000/graph/local-acker - Message [com.spbsu.flamestream.runtime.acker.LocalAcker$Flush] from Actor[akka://worker/user/watcher/graph0000000000/graph/local-acker#1973261737] to Actor[akka://worker/user/watcher/graph0000000000/graph/local-acker#1973261737] was not delivered. [3] dead letters encountered. This logging can be turned off or adjusted with configuration settings 'akka.log-dead-letters' and 'akka.log-dead-letters-during-shutdown'.
13:43:32.494 [worker-akka.actor.default-dispatcher-2] INFO  a.a.LocalActorRef akka://worker/user/watcher/graph0000000000/graph/local-acker - Message [com.spbsu.flamestream.runtime.acker.LocalAcker$Flush] from Actor[akka://worker/user/watcher/graph0000000000/graph/local-acker#1973261737] to Actor[akka://worker/user/watcher/graph0000000000/graph/local-acker#1973261737] was not delivered. [4] dead letters encountered. This logging can be turned off or adjusted with configuration settings 'akka.log-dead-letters' and 'akka.log-dead-letters-during-shutdown'.
13:43:32.494 [worker-akka.actor.default-dispatcher-2] INFO  a.a.LocalActorRef akka://worker/user/watcher/graph0000000000/graph/local-acker - Message [com.spbsu.flamestream.runtime.acker.LocalAcker$Flush] from Actor[akka://worker/user/watcher/graph0000000000/graph/local-acker#1973261737] to Actor[akka://worker/user/watcher/graph0000000000/graph/local-acker#1973261737] was not delivered. [5] dead letters encountered. This logging can be turned off or adjusted with configuration settings 'akka.log-dead-letters' and 'akka.log-dead-letters-during-shutdown'.
13:43:32.495 [worker-akka.actor.default-dispatcher-2] INFO  a.a.LocalActorRef akka://worker/user/watcher/graph0000000000/graph/local-acker - Message [com.spbsu.flamestream.runtime.acker.LocalAcker$Flush] from Actor[akka://worker/user/watcher/graph0000000000/graph/local-acker#1973261737] to Actor[akka://worker/user/watcher/graph0000000000/graph/local-acker#1973261737] was not delivered. [6] dead letters encountered. This logging can be turned off or adjusted with configuration settings 'akka.log-dead-letters' and 'akka.log-dead-letters-during-shutdown'.
13:43:32.496 [worker-akka.actor.default-dispatcher-2] INFO  a.a.LocalActorRef akka://worker/user/watcher/graph0000000000/graph/local-acker - Message [com.spbsu.flamestream.runtime.acker.LocalAcker$Flush] from Actor[akka://worker/user/watcher/graph0000000000/graph/local-acker#1973261737] to Actor[akka://worker/user/watcher/graph0000000000/graph/local-acker#1973261737] was not delivered. [7] dead letters encountered. This logging can be turned off or adjusted with configuration settings 'akka.log-dead-letters' and 'akka.log-dead-letters-during-shutdown'.
13:43:32.496 [worker-akka.actor.default-dispatcher-2] INFO  a.a.LocalActorRef akka://worker/user/watcher/graph0000000000/graph/local-acker - Message [com.spbsu.flamestream.runtime.acker.LocalAcker$Flush] from Actor[akka://worker/user/watcher/graph0000000000/graph/local-acker#1973261737] to Actor[akka://worker/user/watcher/graph0000000000/graph/local-acker#1973261737] was not delivered. [8] dead letters encountered. This logging can be turned off or adjusted with configuration settings 'akka.log-dead-letters' and 'akka.log-dead-letters-during-shutdown'.
13:43:32.496 [worker-akka.actor.default-dispatcher-2] INFO  a.a.LocalActorRef akka://worker/user/watcher/graph0000000000/graph/local-acker - Message [com.spbsu.flamestream.runtime.acker.LocalAcker$Flush] from Actor[akka://worker/user/watcher/graph0000000000/graph/local-acker#1973261737] to Actor[akka://worker/user/watcher/graph0000000000/graph/local-acker#1973261737] was not delivered. [9] dead letters encountered. This logging can be turned off or adjusted with configuration settings 'akka.log-dead-letters' and 'akka.log-dead-letters-during-shutdown'.
13:43:32.496 [worker-akka.actor.default-dispatcher-2] INFO  a.a.LocalActorRef akka://worker/user/watcher/graph0000000000/graph/local-acker - Message [com.spbsu.flamestream.runtime.acker.LocalAcker$Flush] from Actor[akka://worker/user/watcher/graph0000000000/graph/local-acker#1973261737] to Actor[akka://worker/user/watcher/graph0000000000/graph/local-acker#1973261737] was not delivered. [10] dead letters encountered. This logging can be turned off or adjusted with configuration settings 'akka.log-dead-letters' and 'akka.log-dead-letters-during-shutdown'.
13:43:32.497 [worker-akka.actor.default-dispatcher-2] INFO  a.a.LocalActorRef akka://worker/user/watcher/graph0000000000/graph/local-acker - Message [com.spbsu.flamestream.runtime.acker.LocalAcker$Flush] from Actor[akka://worker/user/watcher/graph0000000000/graph/local-acker#1973261737] to Actor[akka://worker/user/watcher/graph0000000000/graph/local-acker#1973261737] was not delivered. [11] dead letters encountered. This logging can be turned off or adjusted with configuration settings 'akka.log-dead-letters' and 'akka.log-dead-letters-during-shutdown'.
13:43:32.502 [worker-akka.actor.default-dispatcher-2-EventThread] INFO  o.a.z.ClientCnxn  - EventThread shut down for session: 0x161ae405681000c
13:43:32.502 [worker-akka.actor.default-dispatcher-2] INFO  o.a.z.ZooKeeper  - Session: 0x161ae405681000c closed
13:43:32.502 [worker-akka.actor.default-dispatcher-2] INFO  a.a.LocalActorRef akka://worker/user/watcher/graph0000000000/graph - Stopped
13:43:32.502 [worker-akka.actor.default-dispatcher-2] INFO  a.a.LocalActorRef akka://worker/user/watcher/graph0000000000 - Stopped
13:43:32.503 [worker-akka.actor.default-dispatcher-2] INFO  a.a.LocalActorRef akka://worker/user/watcher/graph0000000000/graph/local-acker - Message [com.spbsu.flamestream.runtime.acker.LocalAcker$Flush] from Actor[akka://worker/user/watcher/graph0000000000/graph/local-acker#1973261737] to Actor[akka://worker/user/watcher/graph0000000000/graph/local-acker#1973261737] was not delivered. [12] dead letters encountered. This logging can be turned off or adjusted with configuration settings 'akka.log-dead-letters' and 'akka.log-dead-letters-during-shutdown'.
13:43:32.504 [worker-akka.actor.default-dispatcher-2] INFO  a.a.LocalActorRef akka://worker/user/watcher/graph0000000000/graph/local-acker - Message [com.spbsu.flamestream.runtime.acker.LocalAcker$Flush] from Actor[akka://worker/user/watcher/graph0000000000/graph/local-acker#1973261737] to Actor[akka://worker/user/watcher/graph0000000000/graph/local-acker#1973261737] was not delivered. [13] dead letters encountered. This logging can be turned off or adjusted with configuration settings 'akka.log-dead-letters' and 'akka.log-dead-letters-during-shutdown'.
13:43:32.504 [worker-akka.actor.default-dispatcher-2] INFO  a.a.RepointableActorRef akka://worker/user/watcher - Stopped
13:43:32.520 [worker-akka.actor.default-dispatcher-2] INFO  a.r.RemoteActorRefProvider$RemotingTerminator akka://worker@172.31.34.169:5412/system/remoting-terminator - Shutting down remote daemon.
13:43:32.525 [worker-akka.actor.default-dispatcher-2] INFO  a.r.RemoteActorRefProvider$RemotingTerminator akka://worker@172.31.34.169:5412/system/remoting-terminator - Remote daemon shut down; proceeding with flushing remote transports.
13:43:33.674 [worker-akka.actor.default-dispatcher-2] INFO  a.r.RemoteActorRefProvider$RemotingTerminator akka://worker@172.31.34.169:5412/system/remoting-terminator - Remoting shut down.
Heap
 def new generation   total 153600K, used 113116K [0x00000000e0c00000, 0x00000000eb2a0000, 0x00000000eb2a0000)
  eden space 136576K,  74% used [0x00000000e0c00000, 0x00000000e6fe5458, 0x00000000e9160000)
  from space 17024K,  63% used [0x00000000ea200000, 0x00000000eac91bb0, 0x00000000eb2a0000)
  to   space 17024K,   0% used [0x00000000e9160000, 0x00000000e9160000, 0x00000000ea200000)
 tenured generation   total 341376K, used 92724K [0x00000000eb2a0000, 0x0000000100000000, 0x0000000100000000)
   the space 341376K,  27% used [0x00000000eb2a0000, 0x00000000f0d2d248, 0x00000000f0d2d400, 0x0000000100000000)
 Metaspace       used 33510K, capacity 34354K, committed 34688K, reserved 1079296K
  class space    used 4453K, capacity 4624K, committed 4736K, reserved 1048576K
