12:52:56.784 [worker-akka.actor.default-dispatcher-2] INFO  a.e.s.Slf4jLogger  - Slf4jLogger started
2018-02-19T12:52:56.956+0000: 2.674: [Full GC (Metadata GC Threshold) 2018-02-19T12:52:56.957+0000: 2.674: [Tenured: 0K->15405K(341376K), 0.0406956 secs] 117538K->15405K(494976K), [Metaspace: 20868K->20868K(1067008K)], 0.0407669 secs] [Times: user=0.04 sys=0.00, real=0.04 secs] 
Ama winner
Ama winner
12:52:57.408 [worker-akka.actor.default-dispatcher-2] INFO  a.r.a.ArteryTransport(akka://worker) akka.remote.artery.ArteryTransport(akka://worker) - Started embedded media driver in directory [/dev/shm/aeron-root-worker-303dc6ea-f28d-4aec-94c2-7203259edda3]
12:52:57.619 [worker-akka.actor.default-dispatcher-2] INFO  a.r.a.ArteryTransport(akka://worker) akka.remote.artery.ArteryTransport(akka://worker) - Remoting started; listening on address: [akka://worker@172.31.39.64:5412] with UID [2198146720995274364]
12:52:57.724 [worker-akka.actor.default-dispatcher-2] INFO  o.a.z.ZooKeeper  - Client environment:zookeeper.version=3.4.9-1757313, built on 08/23/2016 06:50 GMT
12:52:57.724 [worker-akka.actor.default-dispatcher-2] INFO  o.a.z.ZooKeeper  - Client environment:host.name=ip-172-31-39-64.us-east-2.compute.internal
12:52:57.724 [worker-akka.actor.default-dispatcher-2] INFO  o.a.z.ZooKeeper  - Client environment:java.version=1.8.0_151
12:52:57.724 [worker-akka.actor.default-dispatcher-2] INFO  o.a.z.ZooKeeper  - Client environment:java.vendor=Oracle Corporation
12:52:57.724 [worker-akka.actor.default-dispatcher-2] INFO  o.a.z.ZooKeeper  - Client environment:java.home=/usr/lib/jvm/java-8-openjdk-amd64/jre
12:52:57.724 [worker-akka.actor.default-dispatcher-2] INFO  o.a.z.ZooKeeper  - Client environment:java.class.path=lib/commons-cli-1.4.jar:lib/minlog-1.3.0.jar:lib/asm-5.0.4.jar:lib/hadoop-annotations-2.7.3.jar:lib/hadoop-auth-2.7.3.jar:lib/akka-slf4j_2.11-2.5.6.jar:lib/jersey-core-1.9.jar:lib/lz4-1.3.0.jar:lib/jackson-core-asl-1.9.13.jar:lib/aeron-client-1.3.0.jar:lib/htrace-core-3.1.0-incubating.jar:lib/xz-1.0.jar:lib/commons-httpclient-3.1.jar:lib/asm-3.1.jar:lib/commons-lang3-3.4.jar:lib/scala-library-2.11.11.jar:lib/scala-java8-compat_2.11-0.7.0.jar:lib/commons-configuration-1.6.jar:lib/objenesis-2.1.jar:lib/jackson-annotations-2.8.0.jar:lib/jsr305-3.0.0.jar:lib/curator-framework-2.7.1.jar:lib/jersey-server-1.9.jar:lib/jets3t-0.9.0.jar:lib/leveldb-0.7.jar:lib/jetty-6.1.26.jar:lib/stax-api-1.0-2.jar:lib/flamestream-core-1.0-SNAPSHOT.jar:lib/reflectasm-1.07-shaded.jar:lib/apacheds-kerberos-codec-2.0.0-M15.jar:lib/api-asn1-api-1.0.0-M20.jar:lib/commons-lang-2.6.jar:lib/commons-beanutils-1.7.0.jar:lib/jackson-xc-1.8.3.jar:lib/jetty-util-6.1.26.jar:lib/logback-classic-1.2.3.jar:lib/jool-0.9.12.jar:lib/flamestream-runtime-1.0-SNAPSHOT-tests.jar:lib/httpcore-4.1.2.jar:lib/kryo-4.0.0.jar:lib/ant-1.8.1.jar:lib/jaxb-impl-2.2.3-1.jar:lib/jersey-json-1.9.jar:lib/commons-compress-1.4.1.jar:lib/leveldbjni-all-1.8.jar:lib/paranamer-2.3.jar:lib/jackson-core-2.8.4.jar:lib/commons-math3-3.6.1.jar:lib/scala-parser-combinators_2.11-1.0.4.jar:lib/netty-3.10.6.Final.jar:lib/trove4j-3.0.3.jar:lib/jaxb-api-2.2.2.jar:lib/logback-core-1.2.3.jar:lib/snappy-java-1.0.4.1.jar:lib/protobuf-java-2.5.0.jar:lib/reactive-streams-1.0.1.jar:lib/flamestream-examples-1.0-SNAPSHOT.jar:lib/commons-codec-1.4.jar:lib/activation-1.1.jar:lib/commons-net-3.1.jar:lib/curator-recipes-2.7.1.jar:lib/jackson-mapper-asl-1.9.13.jar:lib/jackson-databind-2.8.4.jar:lib/flamestream-runtime-1.0-SNAPSHOT.jar:lib/jackson-jaxrs-1.8.3.jar:lib/slf4j-api-1.7.24.jar:lib/akka-remote_2.11-2.5.6.jar:lib/akka-testkit_2.11-2.5.6.jar:lib/jline-0.9.94.jar:lib/akka-stream_2.11-2.5.6.jar:lib/jsp-api-2.1.jar:lib/kryonet-2.21.jar:lib/akka-kryo-serialization_2.11-0.5.0.jar:lib/config-1.3.1.jar:lib/ant-launcher-1.8.1.jar:lib/commons-logging-1.2.jar:lib/ssl-config-core_2.11-0.2.2.jar:lib/testng-6.10.jar:lib/leveldb-api-0.7.jar:lib/reflectasm-1.11.3.jar:lib/jcommander-1.48.jar:lib/commons-1.1.jar:lib/commons-digester-1.8.jar:lib/minlog-1.2.jar:lib/java-xmlbuilder-0.4.jar:lib/jettison-1.1.jar:lib/gson-2.2.4.jar:lib/jdk.tools-1.8.jar:lib/aeron-driver-1.3.0.jar:lib/zookeeper-3.4.9.jar:lib/commons-beanutils-core-1.8.0.jar:lib/commons-math3-3.1.1.jar:lib/akka-actor_2.11-2.5.6.jar:lib/curator-client-2.7.1.jar:lib/servlet-api-2.5.jar:lib/apacheds-i18n-2.0.0-M15.jar:lib/commons-io-2.4.jar:lib/commons-codec-1.6.jar:lib/akka-protobuf_2.11-2.5.6.jar:lib/protobuf-java-3.5.1.jar:lib/jdom-2.0.2.jar:lib/api-util-1.0.0-M20.jar:lib/hadoop-common-2.7.3.jar:lib/agrona-0.9.6.jar:lib/xmlenc-0.52.jar:lib/guava-21.0.jar:lib/commons-collections-3.2.2.jar:lib/avro-1.7.4.jar:lib/httpclient-4.1.2.jar:lib/flamestream-core-1.0-SNAPSHOT-tests.jar:lib/annotations-12.0.jar:lib/jsch-0.1.42.jar:flamestream-runtime-1.0-SNAPSHOT.jar
12:52:57.724 [worker-akka.actor.default-dispatcher-2] INFO  o.a.z.ZooKeeper  - Client environment:java.library.path=/usr/java/packages/lib/amd64:/usr/lib/x86_64-linux-gnu/jni:/lib/x86_64-linux-gnu:/usr/lib/x86_64-linux-gnu:/usr/lib/jni:/lib:/usr/lib
12:52:57.725 [worker-akka.actor.default-dispatcher-2] INFO  o.a.z.ZooKeeper  - Client environment:java.io.tmpdir=/tmp
12:52:57.725 [worker-akka.actor.default-dispatcher-2] INFO  o.a.z.ZooKeeper  - Client environment:java.compiler=<NA>
12:52:57.725 [worker-akka.actor.default-dispatcher-2] INFO  o.a.z.ZooKeeper  - Client environment:os.name=Linux
12:52:57.725 [worker-akka.actor.default-dispatcher-2] INFO  o.a.z.ZooKeeper  - Client environment:os.arch=amd64
12:52:57.726 [worker-akka.actor.default-dispatcher-2] INFO  o.a.z.ZooKeeper  - Client environment:os.version=4.4.0-1049-aws
12:52:57.726 [worker-akka.actor.default-dispatcher-2] INFO  o.a.z.ZooKeeper  - Client environment:user.name=root
12:52:57.727 [worker-akka.actor.default-dispatcher-2] INFO  o.a.z.ZooKeeper  - Client environment:user.home=/root
12:52:57.727 [worker-akka.actor.default-dispatcher-2] INFO  o.a.z.ZooKeeper  - Client environment:user.dir=/opt/flamestream
12:52:57.729 [worker-akka.actor.default-dispatcher-2] INFO  o.a.z.ZooKeeper  - Initiating client connection, connectString=172.31.34.147:2181 sessionTimeout=5000 watcher=com.spbsu.flamestream.runtime.application.LifecycleWatcher$$Lambda$29/2091173542@1b48f905
12:52:57.765 [worker-akka.actor.default-dispatcher-2] INFO  a.a.RepointableActorRef akka://worker/user/watcher - Starting...
12:52:57.769 [worker-akka.actor.default-dispatcher-2-SendThread(172.31.34.147:2181)] INFO  o.a.z.ClientCnxn  - Opening socket connection to server 172.31.34.147/172.31.34.147:2181. Will not attempt to authenticate using SASL (unknown error)
12:52:57.773 [worker-akka.actor.default-dispatcher-2-SendThread(172.31.34.147:2181)] INFO  o.a.z.ClientCnxn  - Socket connection established to 172.31.34.147/172.31.34.147:2181, initiating session
12:52:57.782 [worker-akka.actor.default-dispatcher-2-SendThread(172.31.34.147:2181)] INFO  o.a.z.ClientCnxn  - Session establishment complete on server 172.31.34.147/172.31.34.147:2181, sessionid = 0x161ae1f07550004, negotiated timeout = 6000
12:52:57.882 [worker-akka.actor.default-dispatcher-2] INFO  a.a.RepointableActorRef akka://worker/user/watcher - Connected to ZK
12:53:07.745 [worker-akka.actor.default-dispatcher-2] INFO  a.a.RepointableActorRef akka://worker/user/watcher - Creating node with watchGraphs: 'com.spbsu.flamestream.core.Graph$Builder$MyGraph@22aae96d', config: 'ClusterConfig{paths={172.31.33.155=akka://worker@172.31.33.155:5412/user/watcher/graph0000000000, 172.31.47.83=akka://worker@172.31.47.83:5412/user/watcher/graph0000000000, 172.31.45.197=akka://worker@172.31.45.197:5412/user/watcher/graph0000000000, 172.31.42.36=akka://worker@172.31.42.36:5412/user/watcher/graph0000000000, 172.31.44.83=akka://worker@172.31.44.83:5412/user/watcher/graph0000000000, 172.31.39.64=akka://worker@172.31.39.64:5412/user/watcher/graph0000000000, 172.31.35.79=akka://worker@172.31.35.79:5412/user/watcher/graph0000000000, 172.31.34.169=akka://worker@172.31.34.169:5412/user/watcher/graph0000000000, 172.31.47.100=akka://worker@172.31.47.100:5412/user/watcher/graph0000000000, 172.31.37.101=akka://worker@172.31.37.101:5412/user/watcher/graph0000000000}, ackerLocation='172.31.35.79', props=ComputationLayout{ranges={172.31.33.155=HashRange{from=-1670265060, to=-1193046472}, 172.31.47.83=HashRange{from=1670265056, to=2147483644}, 172.31.45.197=HashRange{from=-715827884, to=-238609296}, 172.31.42.36=HashRange{from=1193046468, to=1670265056}, 172.31.44.83=HashRange{from=-238609296, to=238609292}, 172.31.39.64=HashRange{from=715827880, to=1193046468}, 172.31.35.79=HashRange{from=0, to=0}, 172.31.34.169=HashRange{from=-2147483648, to=-1670265060}, 172.31.47.100=HashRange{from=238609292, to=715827880}, 172.31.37.101=HashRange{from=-1193046472, to=-715827884}}}}'
12:53:08.621 [worker-akka.actor.default-dispatcher-2] INFO  a.a.LocalActorRef akka://worker/user/watcher/graph0000000000/graph - Starting...
12:53:08.621 [worker-akka.actor.default-dispatcher-2] INFO  a.a.LocalActorRef akka://worker/user/watcher/graph0000000000/graph/local-acker - Starting...
12:53:08.624 [worker-akka.actor.default-dispatcher-2] INFO  a.a.LocalActorRef akka://worker/user/watcher/graph0000000000/graph/local-acker/$a - Starting...
Warning: space is running low in /dev/shm (tmpfs) threshold=167,772,160 usable=158,621,696
Warning: space is running low in /dev/shm (tmpfs) threshold=167,772,160 usable=146,034,688
Warning: space is running low in /dev/shm (tmpfs) threshold=167,772,160 usable=133,447,680
Warning: space is running low in /dev/shm (tmpfs) threshold=167,772,160 usable=120,860,672
Warning: space is running low in /dev/shm (tmpfs) threshold=167,772,160 usable=108,273,664
Warning: space is running low in /dev/shm (tmpfs) threshold=167,772,160 usable=95,686,656
Warning: space is running low in /dev/shm (tmpfs) threshold=167,772,160 usable=83,099,648
Warning: space is running low in /dev/shm (tmpfs) threshold=167,772,160 usable=70,512,640
12:53:09.831 [worker-akka.actor.default-dispatcher-2] INFO  a.a.LocalActorRef akka://worker/user/watcher/graph0000000000 - Starting...
12:53:09.832 [worker-akka.actor.default-dispatcher-2] INFO  a.a.LocalActorRef akka://worker/user/watcher/graph0000000000/graph - Finishing constructor
12:53:09.834 [worker-akka.actor.default-dispatcher-2] INFO  a.a.LocalActorRef akka://worker/user/watcher/graph0000000000/negotiator - Starting...
12:53:09.835 [worker-akka.actor.default-dispatcher-2] INFO  a.a.LocalActorRef akka://worker/user/watcher/graph0000000000/edge - Starting...
12:53:09.926 [worker-akka.actor.default-dispatcher-2] INFO  c.s.f.r.e.s.SocketRear  - FlameSocketGraphDeployerRear@172.31.39.64: connecting to 172.31.34.147:5678
12:53:09.933 [worker-akka.actor.default-dispatcher-2] INFO  c.s.f.r.e.s.SocketRear  - FlameSocketGraphDeployerRear@172.31.39.64: connected to 172.31.34.147:5678
12:53:09.966 [worker-akka.actor.default-dispatcher-2] INFO  a.a.LocalActorRef akka://worker/user/watcher/graph0000000000/graph/$a - Starting...
12:53:09.968 [worker-akka.actor.default-dispatcher-2] INFO  a.a.LocalActorRef akka://worker/user/watcher/graph0000000000/graph/$b - Starting...
12:53:09.977 [worker-akka.actor.default-dispatcher-2] INFO  a.a.LocalActorRef akka://worker/user/watcher/graph0000000000/graph/$c - Starting...
12:53:09.978 [worker-akka.actor.default-dispatcher-2] INFO  a.a.LocalActorRef akka://worker/user/watcher/graph0000000000/edge/FlameSocketGraphDeployerRear - Starting...
12:53:09.979 [worker-akka.actor.default-dispatcher-2] INFO  a.a.LocalActorRef akka://worker/user/watcher/graph0000000000/edge/FlameSocketGraphDeployerFront - Starting...
12:53:09.980 [worker-akka.actor.default-dispatcher-2] INFO  a.a.LocalActorRef akka://worker/user/watcher/graph0000000000/negotiator - Requesting ticket for the frontClass FlameSocketGraphDeployerFront@172.31.39.64
12:53:09.981 [worker-akka.actor.default-dispatcher-2] INFO  a.a.LocalActorRef akka://worker/user/watcher/graph0000000000/negotiator - Ticket for the frontClass received: FrontTicket{allowedTimestamp=(1519044787745, FlameSocketGraphDeployerFront@172.31.39.64)}
12:53:09.983 [worker-akka.actor.default-dispatcher-2] INFO  c.s.f.r.e.s.SocketFront  - FlameSocketGraphDeployerFront@172.31.39.64: connecting to 172.31.34.147:4567
12:53:10.003 [Client] INFO  c.s.f.r.e.s.SocketFront  - FlameSocketGraphDeployerFront@172.31.39.64 has been disconnected from Connection 6
2018-02-19T12:53:14.055+0000: 19.773: [GC (Allocation Failure) 2018-02-19T12:53:14.055+0000: 19.773: [DefNew: 136576K->15453K(153600K), 0.0296702 secs] 151981K->50390K(494976K), 0.0297416 secs] [Times: user=0.03 sys=0.00, real=0.03 secs] 
2018-02-19T12:53:37.764+0000: 43.481: [GC (Allocation Failure) 2018-02-19T12:53:37.764+0000: 43.482: [DefNew: 152029K->3498K(153600K), 0.0190315 secs] 186966K->46047K(494976K), 0.0191002 secs] [Times: user=0.01 sys=0.00, real=0.02 secs] 
2018-02-19T12:54:02.669+0000: 68.386: [GC (Allocation Failure) 2018-02-19T12:54:02.669+0000: 68.386: [DefNew: 140074K->5557K(153600K), 0.0119616 secs] 182623K->48107K(494976K), 0.0120389 secs] [Times: user=0.01 sys=0.00, real=0.01 secs] 
2018-02-19T12:54:27.579+0000: 93.296: [GC (Allocation Failure) 2018-02-19T12:54:27.579+0000: 93.296: [DefNew: 142133K->7293K(153600K), 0.0172187 secs] 184683K->49843K(494976K), 0.0172958 secs] [Times: user=0.01 sys=0.00, real=0.02 secs] 
2018-02-19T12:54:49.060+0000: 114.777: [GC (Allocation Failure) 2018-02-19T12:54:49.060+0000: 114.777: [DefNew: 143869K->8407K(153600K), 0.0143353 secs] 186419K->50956K(494976K), 0.0144132 secs] [Times: user=0.02 sys=0.00, real=0.02 secs] 
2018-02-19T12:55:13.104+0000: 138.822: [GC (Allocation Failure) 2018-02-19T12:55:13.104+0000: 138.822: [DefNew: 144983K->10056K(153600K), 0.0168953 secs] 187532K->52606K(494976K), 0.0169650 secs] [Times: user=0.02 sys=0.00, real=0.02 secs] 
2018-02-19T12:55:37.665+0000: 163.383: [GC (Allocation Failure) 2018-02-19T12:55:37.665+0000: 163.383: [DefNew: 146632K->8648K(153600K), 0.0349577 secs] 189182K->53771K(494976K), 0.0350375 secs] [Times: user=0.02 sys=0.01, real=0.03 secs] 
2018-02-19T12:56:07.052+0000: 192.770: [GC (Allocation Failure) 2018-02-19T12:56:07.052+0000: 192.770: [DefNew: 145224K->8380K(153600K), 0.0163745 secs] 190347K->54875K(494976K), 0.0164547 secs] [Times: user=0.02 sys=0.00, real=0.02 secs] 
2018-02-19T12:56:35.208+0000: 220.926: [GC (Allocation Failure) 2018-02-19T12:56:35.208+0000: 220.926: [DefNew: 144956K->9925K(153600K), 0.0153120 secs] 191451K->56420K(494976K), 0.0153919 secs] [Times: user=0.02 sys=0.00, real=0.02 secs] 
2018-02-19T12:56:57.312+0000: 243.029: [GC (Allocation Failure) 2018-02-19T12:56:57.312+0000: 243.029: [DefNew: 146501K->8590K(153600K), 0.0185530 secs] 192996K->57566K(494976K), 0.0186251 secs] [Times: user=0.02 sys=0.00, real=0.02 secs] 
2018-02-19T12:57:22.975+0000: 268.693: [GC (Allocation Failure) 2018-02-19T12:57:22.975+0000: 268.693: [DefNew: 145166K->8552K(153600K), 0.0163098 secs] 194142K->58640K(494976K), 0.0164196 secs] [Times: user=0.02 sys=0.00, real=0.02 secs] 
2018-02-19T12:57:50.667+0000: 296.385: [GC (Allocation Failure) 2018-02-19T12:57:50.667+0000: 296.385: [DefNew: 145128K->8478K(153600K), 0.0156757 secs] 195216K->59659K(494976K), 0.0157436 secs] [Times: user=0.02 sys=0.00, real=0.02 secs] 
2018-02-19T12:58:16.343+0000: 322.060: [GC (Allocation Failure) 2018-02-19T12:58:16.343+0000: 322.060: [DefNew: 145054K->10569K(153600K), 0.0157704 secs] 196235K->61750K(494976K), 0.0158395 secs] [Times: user=0.01 sys=0.00, real=0.01 secs] 
2018-02-19T12:58:39.584+0000: 345.301: [GC (Allocation Failure) 2018-02-19T12:58:39.584+0000: 345.301: [DefNew: 147145K->8583K(153600K), 0.0175191 secs] 198326K->62321K(494976K), 0.0175885 secs] [Times: user=0.01 sys=0.01, real=0.02 secs] 
2018-02-19T12:59:10.009+0000: 375.726: [GC (Allocation Failure) 2018-02-19T12:59:10.009+0000: 375.726: [DefNew: 145159K->8578K(153600K), 0.0162037 secs] 198897K->63315K(494976K), 0.0162724 secs] [Times: user=0.02 sys=0.00, real=0.01 secs] 
2018-02-19T12:59:37.081+0000: 402.798: [GC (Allocation Failure) 2018-02-19T12:59:37.081+0000: 402.798: [DefNew: 145154K->8946K(153600K), 0.0167035 secs] 199891K->64696K(494976K), 0.0167721 secs] [Times: user=0.01 sys=0.01, real=0.01 secs] 
2018-02-19T12:59:56.996+0000: 422.714: [GC (Allocation Failure) 2018-02-19T12:59:56.996+0000: 422.714: [DefNew: 145522K->8765K(153600K), 0.0161519 secs] 201272K->65593K(494976K), 0.0162336 secs] [Times: user=0.00 sys=0.00, real=0.02 secs] 
2018-02-19T13:00:24.238+0000: 449.955: [GC (Allocation Failure) 2018-02-19T13:00:24.238+0000: 449.955: [DefNew: 145341K->9284K(153600K), 0.0168889 secs] 202169K->67044K(494976K), 0.0169560 secs] [Times: user=0.01 sys=0.00, real=0.02 secs] 
2018-02-19T13:00:55.247+0000: 480.964: [GC (Allocation Failure) 2018-02-19T13:00:55.247+0000: 480.964: [DefNew: 145860K->9224K(153600K), 0.0174663 secs] 203620K->68116K(494976K), 0.0175346 secs] [Times: user=0.02 sys=0.00, real=0.02 secs] 
2018-02-19T13:01:24.203+0000: 509.920: [GC (Allocation Failure) 2018-02-19T13:01:24.203+0000: 509.920: [DefNew: 145800K->9596K(153600K), 0.0171878 secs] 204692K->69578K(494976K), 0.0172580 secs] [Times: user=0.02 sys=0.00, real=0.01 secs] 
2018-02-19T13:01:49.309+0000: 535.026: [GC (Allocation Failure) 2018-02-19T13:01:49.309+0000: 535.026: [DefNew: 146172K->8648K(153600K), 0.0177243 secs] 206154K->70750K(494976K), 0.0177887 secs] [Times: user=0.01 sys=0.01, real=0.01 secs] 
2018-02-19T13:02:11.706+0000: 557.424: [GC (Allocation Failure) 2018-02-19T13:02:11.706+0000: 557.424: [DefNew: 145224K->8983K(153600K), 0.0167844 secs] 207326K->72272K(494976K), 0.0168588 secs] [Times: user=0.02 sys=0.00, real=0.02 secs] 
2018-02-19T13:02:36.093+0000: 581.810: [GC (Allocation Failure) 2018-02-19T13:02:36.093+0000: 581.810: [DefNew: 145559K->9125K(153600K), 0.0167251 secs] 208848K->73591K(494976K), 0.0167930 secs] [Times: user=0.02 sys=0.00, real=0.02 secs] 
2018-02-19T13:03:03.616+0000: 609.334: [GC (Allocation Failure) 2018-02-19T13:03:03.616+0000: 609.334: [DefNew: 145701K->10241K(153600K), 0.0173071 secs] 210167K->75939K(494976K), 0.0173764 secs] [Times: user=0.01 sys=0.01, real=0.02 secs] 
2018-02-19T13:03:25.333+0000: 631.050: [GC (Allocation Failure) 2018-02-19T13:03:25.333+0000: 631.050: [DefNew: 146817K->8837K(153600K), 0.0178539 secs] 212515K->77230K(494976K), 0.0179306 secs] [Times: user=0.02 sys=0.00, real=0.02 secs] 
2018-02-19T13:03:50.463+0000: 656.181: [GC (Allocation Failure) 2018-02-19T13:03:50.463+0000: 656.181: [DefNew: 145413K->7532K(153600K), 0.0163635 secs] 213806K->78336K(494976K), 0.0164375 secs] [Times: user=0.01 sys=0.01, real=0.01 secs] 
2018-02-19T13:04:17.952+0000: 683.669: [GC (Allocation Failure) 2018-02-19T13:04:17.952+0000: 683.669: [DefNew: 144108K->9199K(153600K), 0.0145137 secs] 214912K->80004K(494976K), 0.0145781 secs] [Times: user=0.02 sys=0.00, real=0.01 secs] 
2018-02-19T13:04:44.486+0000: 710.203: [GC (Allocation Failure) 2018-02-19T13:04:44.486+0000: 710.203: [DefNew: 145775K->9404K(153600K), 0.0170164 secs] 216580K->81291K(494976K), 0.0170812 secs] [Times: user=0.01 sys=0.00, real=0.02 secs] 
2018-02-19T13:05:10.616+0000: 736.333: [GC (Allocation Failure) 2018-02-19T13:05:10.616+0000: 736.333: [DefNew: 145980K->9655K(153600K), 0.0167439 secs] 217867K->82708K(494976K), 0.0168144 secs] [Times: user=0.02 sys=0.00, real=0.02 secs] 
2018-02-19T13:05:30.383+0000: 756.100: [GC (Allocation Failure) 2018-02-19T13:05:30.383+0000: 756.100: [DefNew: 146231K->9662K(153600K), 0.0174275 secs] 219284K->83877K(494976K), 0.0175093 secs] [Times: user=0.02 sys=0.00, real=0.01 secs] 
2018-02-19T13:05:52.965+0000: 778.683: [GC (Allocation Failure) 2018-02-19T13:05:52.965+0000: 778.683: [DefNew: 146238K->10262K(153600K), 0.0175432 secs] 220453K->85744K(494976K), 0.0176072 secs] [Times: user=0.01 sys=0.00, real=0.02 secs] 
2018-02-19T13:06:18.226+0000: 803.944: [GC (Allocation Failure) 2018-02-19T13:06:18.226+0000: 803.944: [DefNew: 146838K->8880K(153600K), 0.0181886 secs] 222320K->86776K(494976K), 0.0182607 secs] [Times: user=0.02 sys=0.00, real=0.02 secs] 
2018-02-19T13:06:40.514+0000: 826.232: [GC (Allocation Failure) 2018-02-19T13:06:40.514+0000: 826.232: [DefNew: 145456K->8611K(153600K), 0.0201688 secs] 223352K->88009K(494976K), 0.0202451 secs] [Times: user=0.00 sys=0.02, real=0.02 secs] 
2018-02-19T13:07:05.015+0000: 850.732: [GC (Allocation Failure) 2018-02-19T13:07:05.015+0000: 850.732: [DefNew: 145187K->9220K(153600K), 0.0164952 secs] 224585K->90056K(494976K), 0.0165728 secs] [Times: user=0.02 sys=0.00, real=0.02 secs] 
2018-02-19T13:07:28.638+0000: 874.356: [GC (Allocation Failure) 2018-02-19T13:07:28.638+0000: 874.356: [DefNew: 145796K->9506K(153600K), 0.0304455 secs] 226632K->91704K(494976K), 0.0305090 secs] [Times: user=0.00 sys=0.03, real=0.04 secs] 
2018-02-19T13:07:54.220+0000: 899.938: [GC (Allocation Failure) 2018-02-19T13:07:54.220+0000: 899.938: [DefNew: 146082K->9070K(153600K), 0.0165089 secs] 228280K->92908K(494976K), 0.0165760 secs] [Times: user=0.02 sys=0.00, real=0.02 secs] 
2018-02-19T13:08:18.198+0000: 923.915: [GC (Allocation Failure) 2018-02-19T13:08:18.198+0000: 923.915: [DefNew: 145646K->8895K(153600K), 0.0173009 secs] 229484K->94291K(494976K), 0.0173674 secs] [Times: user=0.01 sys=0.00, real=0.02 secs] 
2018-02-19T13:08:46.988+0000: 952.706: [GC (Allocation Failure) 2018-02-19T13:08:46.988+0000: 952.706: [DefNew: 145471K->9486K(153600K), 0.0156037 secs] 230867K->96018K(494976K), 0.0157000 secs] [Times: user=0.01 sys=0.01, real=0.02 secs] 
2018-02-19T13:09:13.815+0000: 979.532: [GC (Allocation Failure) 2018-02-19T13:09:13.815+0000: 979.532: [DefNew: 146062K->9820K(153600K), 0.0300212 secs] 232594K->97827K(494976K), 0.0300855 secs] [Times: user=0.00 sys=0.03, real=0.03 secs] 
2018-02-19T13:09:39.042+0000: 1004.759: [GC (Allocation Failure) 2018-02-19T13:09:39.042+0000: 1004.759: [DefNew: 146396K->9742K(153600K), 0.0298807 secs] 234403K->99251K(494976K), 0.0299431 secs] [Times: user=0.00 sys=0.02, real=0.03 secs] 
2018-02-19T13:10:00.524+0000: 1026.241: [GC (Allocation Failure) 2018-02-19T13:10:00.524+0000: 1026.241: [DefNew: 146318K->10024K(153600K), 0.0162287 secs] 235827K->101048K(494976K), 0.0162881 secs] [Times: user=0.02 sys=0.00, real=0.01 secs] 
13:10:18.156 [Client] INFO  c.s.f.r.e.s.SocketRear  - FlameSocketGraphDeployerRear@172.31.39.64: has been disconnected from Connection 6
13:10:31.518 [worker-akka.actor.default-dispatcher-2] INFO  a.a.CoordinatedShutdown CoordinatedShutdown(akka://worker) - Starting coordinated shutdown from JVM shutdown hook
13:10:31.570 [worker-akka.actor.default-dispatcher-2] INFO  a.a.LocalActorRef akka://worker/user/watcher/graph0000000000/negotiator - Stopped
13:10:31.571 [worker-akka.actor.default-dispatcher-2] INFO  a.a.LocalActorRef akka://worker/user/watcher/graph0000000000/edge/FlameSocketGraphDeployerFront - Stopped
13:10:31.572 [worker-akka.actor.default-dispatcher-2] INFO  a.a.LocalActorRef akka://worker/user/watcher/graph0000000000/edge/FlameSocketGraphDeployerRear - Stopped
13:10:31.572 [worker-akka.actor.default-dispatcher-2] INFO  a.a.LocalActorRef akka://worker/user/watcher/graph0000000000/graph/$a - Stopped
13:10:31.574 [worker-akka.actor.default-dispatcher-2] INFO  a.a.LocalActorRef akka://worker/user/watcher/graph0000000000/graph/$b - Stopped
13:10:31.581 [worker-akka.actor.default-dispatcher-2] INFO  a.a.LocalActorRef akka://worker/user/watcher/graph0000000000/graph/$c - Stopped
13:10:31.581 [worker-akka.actor.default-dispatcher-2] INFO  a.a.LocalActorRef akka://worker/user/watcher/graph0000000000/graph/local-acker/$a - Stopped
13:10:31.585 [worker-akka.actor.default-dispatcher-2] INFO  a.a.LocalActorRef akka://worker/user/watcher/graph0000000000/edge - Stopped
13:10:31.585 [worker-akka.actor.default-dispatcher-2] INFO  a.a.LocalActorRef akka://worker/user/watcher/graph0000000000/graph/local-acker/$a - Message [com.spbsu.flamestream.runtime.utils.akka.PingActor$InnerPing] from Actor[akka://worker/user/watcher/graph0000000000/graph/local-acker/$a#-54399215] to Actor[akka://worker/user/watcher/graph0000000000/graph/local-acker/$a#-54399215] was not delivered. [1] dead letters encountered. This logging can be turned off or adjusted with configuration settings 'akka.log-dead-letters' and 'akka.log-dead-letters-during-shutdown'.
13:10:31.585 [worker-akka.actor.default-dispatcher-2] INFO  a.a.LocalActorRef akka://worker/user/watcher/graph0000000000/graph/local-acker - Stopped
13:10:31.587 [worker-akka.actor.default-dispatcher-2] INFO  a.a.LocalActorRef akka://worker/user/watcher/graph0000000000/graph/local-acker/$a - Message [com.spbsu.flamestream.runtime.utils.akka.PingActor$Stop] from Actor[akka://worker/user/watcher/graph0000000000/graph/local-acker#946324787] to Actor[akka://worker/user/watcher/graph0000000000/graph/local-acker/$a#-54399215] was not delivered. [2] dead letters encountered. This logging can be turned off or adjusted with configuration settings 'akka.log-dead-letters' and 'akka.log-dead-letters-during-shutdown'.
13:10:31.587 [worker-akka.actor.default-dispatcher-2] INFO  a.a.LocalActorRef akka://worker/user/watcher/graph0000000000/graph/local-acker - Message [com.spbsu.flamestream.runtime.acker.LocalAcker$Flush] from Actor[akka://worker/user/watcher/graph0000000000/graph/local-acker#946324787] to Actor[akka://worker/user/watcher/graph0000000000/graph/local-acker#946324787] was not delivered. [3] dead letters encountered. This logging can be turned off or adjusted with configuration settings 'akka.log-dead-letters' and 'akka.log-dead-letters-during-shutdown'.
13:10:31.588 [worker-akka.actor.default-dispatcher-2] INFO  a.a.LocalActorRef akka://worker/user/watcher/graph0000000000/graph/local-acker - Message [com.spbsu.flamestream.runtime.acker.LocalAcker$Flush] from Actor[akka://worker/user/watcher/graph0000000000/graph/local-acker#946324787] to Actor[akka://worker/user/watcher/graph0000000000/graph/local-acker#946324787] was not delivered. [4] dead letters encountered. This logging can be turned off or adjusted with configuration settings 'akka.log-dead-letters' and 'akka.log-dead-letters-during-shutdown'.
13:10:31.589 [worker-akka.actor.default-dispatcher-2] INFO  a.a.LocalActorRef akka://worker/user/watcher/graph0000000000/graph/local-acker - Message [com.spbsu.flamestream.runtime.acker.LocalAcker$Flush] from Actor[akka://worker/user/watcher/graph0000000000/graph/local-acker#946324787] to Actor[akka://worker/user/watcher/graph0000000000/graph/local-acker#946324787] was not delivered. [5] dead letters encountered. This logging can be turned off or adjusted with configuration settings 'akka.log-dead-letters' and 'akka.log-dead-letters-during-shutdown'.
13:10:31.589 [worker-akka.actor.default-dispatcher-2] INFO  a.a.LocalActorRef akka://worker/user/watcher/graph0000000000/graph/local-acker - Message [com.spbsu.flamestream.runtime.acker.LocalAcker$Flush] from Actor[akka://worker/user/watcher/graph0000000000/graph/local-acker#946324787] to Actor[akka://worker/user/watcher/graph0000000000/graph/local-acker#946324787] was not delivered. [6] dead letters encountered. This logging can be turned off or adjusted with configuration settings 'akka.log-dead-letters' and 'akka.log-dead-letters-during-shutdown'.
13:10:31.589 [worker-akka.actor.default-dispatcher-2] INFO  a.a.LocalActorRef akka://worker/user/watcher/graph0000000000/graph/local-acker - Message [com.spbsu.flamestream.runtime.acker.LocalAcker$Flush] from Actor[akka://worker/user/watcher/graph0000000000/graph/local-acker#946324787] to Actor[akka://worker/user/watcher/graph0000000000/graph/local-acker#946324787] was not delivered. [7] dead letters encountered. This logging can be turned off or adjusted with configuration settings 'akka.log-dead-letters' and 'akka.log-dead-letters-during-shutdown'.
13:10:31.589 [worker-akka.actor.default-dispatcher-2] INFO  a.a.LocalActorRef akka://worker/user/watcher/graph0000000000/graph/local-acker - Message [com.spbsu.flamestream.runtime.acker.LocalAcker$Flush] from Actor[akka://worker/user/watcher/graph0000000000/graph/local-acker#946324787] to Actor[akka://worker/user/watcher/graph0000000000/graph/local-acker#946324787] was not delivered. [8] dead letters encountered. This logging can be turned off or adjusted with configuration settings 'akka.log-dead-letters' and 'akka.log-dead-letters-during-shutdown'.
13:10:31.590 [worker-akka.actor.default-dispatcher-2] INFO  a.a.LocalActorRef akka://worker/user/watcher/graph0000000000/graph/local-acker - Message [com.spbsu.flamestream.runtime.acker.LocalAcker$Flush] from Actor[akka://worker/user/watcher/graph0000000000/graph/local-acker#946324787] to Actor[akka://worker/user/watcher/graph0000000000/graph/local-acker#946324787] was not delivered. [9] dead letters encountered. This logging can be turned off or adjusted with configuration settings 'akka.log-dead-letters' and 'akka.log-dead-letters-during-shutdown'.
13:10:31.591 [worker-akka.actor.default-dispatcher-2] INFO  a.a.LocalActorRef akka://worker/user/watcher/graph0000000000/graph/local-acker - Message [com.spbsu.flamestream.runtime.acker.LocalAcker$Flush] from Actor[akka://worker/user/watcher/graph0000000000/graph/local-acker#946324787] to Actor[akka://worker/user/watcher/graph0000000000/graph/local-acker#946324787] was not delivered. [10] dead letters encountered. This logging can be turned off or adjusted with configuration settings 'akka.log-dead-letters' and 'akka.log-dead-letters-during-shutdown'.
13:10:31.593 [worker-akka.actor.default-dispatcher-2] INFO  a.a.LocalActorRef akka://worker/user/watcher/graph0000000000/graph - Stopped
13:10:31.595 [worker-akka.actor.default-dispatcher-2-EventThread] INFO  o.a.z.ClientCnxn  - EventThread shut down for session: 0x161ae1f07550004
13:10:31.596 [worker-akka.actor.default-dispatcher-2] INFO  o.a.z.ZooKeeper  - Session: 0x161ae1f07550004 closed
13:10:31.597 [worker-akka.actor.default-dispatcher-2] INFO  a.a.LocalActorRef akka://worker/user/watcher/graph0000000000 - Stopped
13:10:31.597 [worker-akka.actor.default-dispatcher-2] INFO  a.a.RepointableActorRef akka://worker/user/watcher - Stopped
13:10:31.611 [worker-akka.actor.default-dispatcher-2] INFO  a.r.RemoteActorRefProvider$RemotingTerminator akka://worker@172.31.39.64:5412/system/remoting-terminator - Shutting down remote daemon.
13:10:31.614 [worker-akka.actor.default-dispatcher-2] INFO  a.r.RemoteActorRefProvider$RemotingTerminator akka://worker@172.31.39.64:5412/system/remoting-terminator - Remote daemon shut down; proceeding with flushing remote transports.
13:10:31.771 [worker-akka.actor.default-dispatcher-2] INFO  a.r.RemoteActorRefProvider$RemotingTerminator akka://worker@172.31.39.64:5412/system/remoting-terminator - Remoting shut down.
Heap
 def new generation   total 153600K, used 119670K [0x00000000e0c00000, 0x00000000eb2a0000, 0x00000000eb2a0000)
  eden space 136576K,  80% used [0x00000000e0c00000, 0x00000000e77135b8, 0x00000000e9160000)
  from space 17024K,  58% used [0x00000000ea200000, 0x00000000eabca3e0, 0x00000000eb2a0000)
  to   space 17024K,   0% used [0x00000000e9160000, 0x00000000e9160000, 0x00000000ea200000)
 tenured generation   total 341376K, used 91023K [0x00000000eb2a0000, 0x0000000100000000, 0x0000000100000000)
   the space 341376K,  26% used [0x00000000eb2a0000, 0x00000000f0b83e48, 0x00000000f0b84000, 0x0000000100000000)
 Metaspace       used 33572K, capacity 34358K, committed 34688K, reserved 1079296K
  class space    used 4457K, capacity 4624K, committed 4736K, reserved 1048576K
