12:01:57.742 [worker-akka.actor.default-dispatcher-2] INFO  a.e.s.Slf4jLogger  - Slf4jLogger started
2018-02-19T12:01:57.893+0000: 1.930: [Full GC (Metadata GC Threshold) 2018-02-19T12:01:57.893+0000: 1.930: [Tenured: 0K->15404K(341376K), 0.0372228 secs] 117538K->15404K(494976K), [Metaspace: 20874K->20874K(1067008K)], 0.0372885 secs] [Times: user=0.03 sys=0.00, real=0.04 secs] 
Ama winner
Ama winner
12:01:58.258 [worker-akka.actor.default-dispatcher-2] INFO  a.r.a.ArteryTransport(akka://worker) akka.remote.artery.ArteryTransport(akka://worker) - Started embedded media driver in directory [/dev/shm/aeron-root-worker-187e0f22-a9ac-44b2-9184-d89187ae5d00]
12:01:58.482 [worker-akka.actor.default-dispatcher-2] INFO  a.r.a.ArteryTransport(akka://worker) akka.remote.artery.ArteryTransport(akka://worker) - Remoting started; listening on address: [akka://worker@172.31.39.64:5412] with UID [-3754038254636555997]
12:01:58.583 [worker-akka.actor.default-dispatcher-2] INFO  o.a.z.ZooKeeper  - Client environment:zookeeper.version=3.4.9-1757313, built on 08/23/2016 06:50 GMT
12:01:58.583 [worker-akka.actor.default-dispatcher-2] INFO  o.a.z.ZooKeeper  - Client environment:host.name=ip-172-31-39-64.us-east-2.compute.internal
12:01:58.583 [worker-akka.actor.default-dispatcher-2] INFO  o.a.z.ZooKeeper  - Client environment:java.version=1.8.0_151
12:01:58.583 [worker-akka.actor.default-dispatcher-2] INFO  o.a.z.ZooKeeper  - Client environment:java.vendor=Oracle Corporation
12:01:58.583 [worker-akka.actor.default-dispatcher-2] INFO  o.a.z.ZooKeeper  - Client environment:java.home=/usr/lib/jvm/java-8-openjdk-amd64/jre
12:01:58.583 [worker-akka.actor.default-dispatcher-2] INFO  o.a.z.ZooKeeper  - Client environment:java.class.path=lib/commons-cli-1.4.jar:lib/minlog-1.3.0.jar:lib/asm-5.0.4.jar:lib/hadoop-annotations-2.7.3.jar:lib/hadoop-auth-2.7.3.jar:lib/akka-slf4j_2.11-2.5.6.jar:lib/jersey-core-1.9.jar:lib/lz4-1.3.0.jar:lib/jackson-core-asl-1.9.13.jar:lib/aeron-client-1.3.0.jar:lib/htrace-core-3.1.0-incubating.jar:lib/xz-1.0.jar:lib/commons-httpclient-3.1.jar:lib/asm-3.1.jar:lib/commons-lang3-3.4.jar:lib/scala-library-2.11.11.jar:lib/scala-java8-compat_2.11-0.7.0.jar:lib/commons-configuration-1.6.jar:lib/objenesis-2.1.jar:lib/jackson-annotations-2.8.0.jar:lib/jsr305-3.0.0.jar:lib/curator-framework-2.7.1.jar:lib/jersey-server-1.9.jar:lib/jets3t-0.9.0.jar:lib/leveldb-0.7.jar:lib/jetty-6.1.26.jar:lib/stax-api-1.0-2.jar:lib/flamestream-core-1.0-SNAPSHOT.jar:lib/reflectasm-1.07-shaded.jar:lib/apacheds-kerberos-codec-2.0.0-M15.jar:lib/api-asn1-api-1.0.0-M20.jar:lib/commons-lang-2.6.jar:lib/commons-beanutils-1.7.0.jar:lib/jackson-xc-1.8.3.jar:lib/jetty-util-6.1.26.jar:lib/logback-classic-1.2.3.jar:lib/jool-0.9.12.jar:lib/flamestream-runtime-1.0-SNAPSHOT-tests.jar:lib/httpcore-4.1.2.jar:lib/kryo-4.0.0.jar:lib/ant-1.8.1.jar:lib/jaxb-impl-2.2.3-1.jar:lib/jersey-json-1.9.jar:lib/commons-compress-1.4.1.jar:lib/leveldbjni-all-1.8.jar:lib/paranamer-2.3.jar:lib/jackson-core-2.8.4.jar:lib/commons-math3-3.6.1.jar:lib/scala-parser-combinators_2.11-1.0.4.jar:lib/netty-3.10.6.Final.jar:lib/trove4j-3.0.3.jar:lib/jaxb-api-2.2.2.jar:lib/logback-core-1.2.3.jar:lib/snappy-java-1.0.4.1.jar:lib/protobuf-java-2.5.0.jar:lib/reactive-streams-1.0.1.jar:lib/flamestream-examples-1.0-SNAPSHOT.jar:lib/commons-codec-1.4.jar:lib/activation-1.1.jar:lib/commons-net-3.1.jar:lib/curator-recipes-2.7.1.jar:lib/jackson-mapper-asl-1.9.13.jar:lib/jackson-databind-2.8.4.jar:lib/flamestream-runtime-1.0-SNAPSHOT.jar:lib/jackson-jaxrs-1.8.3.jar:lib/slf4j-api-1.7.24.jar:lib/akka-remote_2.11-2.5.6.jar:lib/akka-testkit_2.11-2.5.6.jar:lib/jline-0.9.94.jar:lib/akka-stream_2.11-2.5.6.jar:lib/jsp-api-2.1.jar:lib/kryonet-2.21.jar:lib/akka-kryo-serialization_2.11-0.5.0.jar:lib/config-1.3.1.jar:lib/ant-launcher-1.8.1.jar:lib/commons-logging-1.2.jar:lib/ssl-config-core_2.11-0.2.2.jar:lib/testng-6.10.jar:lib/leveldb-api-0.7.jar:lib/reflectasm-1.11.3.jar:lib/jcommander-1.48.jar:lib/commons-1.1.jar:lib/commons-digester-1.8.jar:lib/minlog-1.2.jar:lib/java-xmlbuilder-0.4.jar:lib/jettison-1.1.jar:lib/gson-2.2.4.jar:lib/jdk.tools-1.8.jar:lib/aeron-driver-1.3.0.jar:lib/zookeeper-3.4.9.jar:lib/commons-beanutils-core-1.8.0.jar:lib/commons-math3-3.1.1.jar:lib/akka-actor_2.11-2.5.6.jar:lib/curator-client-2.7.1.jar:lib/servlet-api-2.5.jar:lib/apacheds-i18n-2.0.0-M15.jar:lib/commons-io-2.4.jar:lib/commons-codec-1.6.jar:lib/akka-protobuf_2.11-2.5.6.jar:lib/protobuf-java-3.5.1.jar:lib/jdom-2.0.2.jar:lib/api-util-1.0.0-M20.jar:lib/hadoop-common-2.7.3.jar:lib/agrona-0.9.6.jar:lib/xmlenc-0.52.jar:lib/guava-21.0.jar:lib/commons-collections-3.2.2.jar:lib/avro-1.7.4.jar:lib/httpclient-4.1.2.jar:lib/flamestream-core-1.0-SNAPSHOT-tests.jar:lib/annotations-12.0.jar:lib/jsch-0.1.42.jar:flamestream-runtime-1.0-SNAPSHOT.jar
12:01:58.583 [worker-akka.actor.default-dispatcher-2] INFO  o.a.z.ZooKeeper  - Client environment:java.library.path=/usr/java/packages/lib/amd64:/usr/lib/x86_64-linux-gnu/jni:/lib/x86_64-linux-gnu:/usr/lib/x86_64-linux-gnu:/usr/lib/jni:/lib:/usr/lib
12:01:58.583 [worker-akka.actor.default-dispatcher-2] INFO  o.a.z.ZooKeeper  - Client environment:java.io.tmpdir=/tmp
12:01:58.583 [worker-akka.actor.default-dispatcher-2] INFO  o.a.z.ZooKeeper  - Client environment:java.compiler=<NA>
12:01:58.584 [worker-akka.actor.default-dispatcher-2] INFO  o.a.z.ZooKeeper  - Client environment:os.name=Linux
12:01:58.584 [worker-akka.actor.default-dispatcher-2] INFO  o.a.z.ZooKeeper  - Client environment:os.arch=amd64
12:01:58.584 [worker-akka.actor.default-dispatcher-2] INFO  o.a.z.ZooKeeper  - Client environment:os.version=4.4.0-1049-aws
12:01:58.584 [worker-akka.actor.default-dispatcher-2] INFO  o.a.z.ZooKeeper  - Client environment:user.name=root
12:01:58.585 [worker-akka.actor.default-dispatcher-2] INFO  o.a.z.ZooKeeper  - Client environment:user.home=/root
12:01:58.585 [worker-akka.actor.default-dispatcher-2] INFO  o.a.z.ZooKeeper  - Client environment:user.dir=/opt/flamestream
12:01:58.588 [worker-akka.actor.default-dispatcher-2] INFO  o.a.z.ZooKeeper  - Initiating client connection, connectString=172.31.34.147:2181 sessionTimeout=5000 watcher=com.spbsu.flamestream.runtime.application.LifecycleWatcher$$Lambda$29/764839090@3d5d5f13
12:01:58.622 [worker-akka.actor.default-dispatcher-2-SendThread(172.31.34.147:2181)] INFO  o.a.z.ClientCnxn  - Opening socket connection to server 172.31.34.147/172.31.34.147:2181. Will not attempt to authenticate using SASL (unknown error)
12:01:58.621 [worker-akka.actor.default-dispatcher-2] INFO  a.a.RepointableActorRef akka://worker/user/watcher - Starting...
12:01:58.629 [worker-akka.actor.default-dispatcher-2-SendThread(172.31.34.147:2181)] INFO  o.a.z.ClientCnxn  - Socket connection established to 172.31.34.147/172.31.34.147:2181, initiating session
12:01:58.637 [worker-akka.actor.default-dispatcher-2-SendThread(172.31.34.147:2181)] INFO  o.a.z.ClientCnxn  - Session establishment complete on server 172.31.34.147/172.31.34.147:2181, sessionid = 0x161adf060390007, negotiated timeout = 6000
12:01:58.728 [worker-akka.actor.default-dispatcher-2] INFO  a.a.RepointableActorRef akka://worker/user/watcher - Connected to ZK
12:02:08.932 [worker-akka.actor.default-dispatcher-2] INFO  a.a.RepointableActorRef akka://worker/user/watcher - Creating node with watchGraphs: 'com.spbsu.flamestream.core.Graph$Builder$MyGraph@4084ed8a', config: 'ClusterConfig{paths={172.31.33.155=akka://worker@172.31.33.155:5412/user/watcher/graph0000000000, 172.31.47.83=akka://worker@172.31.47.83:5412/user/watcher/graph0000000000, 172.31.45.197=akka://worker@172.31.45.197:5412/user/watcher/graph0000000000, 172.31.42.36=akka://worker@172.31.42.36:5412/user/watcher/graph0000000000, 172.31.44.83=akka://worker@172.31.44.83:5412/user/watcher/graph0000000000, 172.31.39.64=akka://worker@172.31.39.64:5412/user/watcher/graph0000000000, 172.31.35.79=akka://worker@172.31.35.79:5412/user/watcher/graph0000000000, 172.31.34.169=akka://worker@172.31.34.169:5412/user/watcher/graph0000000000, 172.31.47.100=akka://worker@172.31.47.100:5412/user/watcher/graph0000000000, 172.31.37.101=akka://worker@172.31.37.101:5412/user/watcher/graph0000000000}, ackerLocation='172.31.35.79', props=ComputationLayout{ranges={172.31.33.155=HashRange{from=-1670265060, to=-1193046472}, 172.31.47.83=HashRange{from=1670265056, to=2147483644}, 172.31.45.197=HashRange{from=-715827884, to=-238609296}, 172.31.42.36=HashRange{from=1193046468, to=1670265056}, 172.31.44.83=HashRange{from=-238609296, to=238609292}, 172.31.39.64=HashRange{from=715827880, to=1193046468}, 172.31.35.79=HashRange{from=0, to=0}, 172.31.34.169=HashRange{from=-2147483648, to=-1670265060}, 172.31.47.100=HashRange{from=238609292, to=715827880}, 172.31.37.101=HashRange{from=-1193046472, to=-715827884}}}}'
12:02:09.592 [worker-akka.actor.default-dispatcher-2] INFO  a.a.LocalActorRef akka://worker/user/watcher/graph0000000000/graph - Starting...
12:02:09.592 [worker-akka.actor.default-dispatcher-2] INFO  a.a.LocalActorRef akka://worker/user/watcher/graph0000000000/graph/local-acker - Starting...
12:02:09.600 [worker-akka.actor.default-dispatcher-2] INFO  a.a.LocalActorRef akka://worker/user/watcher/graph0000000000/graph/local-acker/$a - Starting...
Warning: space is running low in /dev/shm (tmpfs) threshold=167,772,160 usable=158,621,696
Warning: space is running low in /dev/shm (tmpfs) threshold=167,772,160 usable=146,034,688
Warning: space is running low in /dev/shm (tmpfs) threshold=167,772,160 usable=133,447,680
Warning: space is running low in /dev/shm (tmpfs) threshold=167,772,160 usable=120,860,672
Warning: space is running low in /dev/shm (tmpfs) threshold=167,772,160 usable=108,273,664
Warning: space is running low in /dev/shm (tmpfs) threshold=167,772,160 usable=95,686,656
Warning: space is running low in /dev/shm (tmpfs) threshold=167,772,160 usable=83,099,648
Warning: space is running low in /dev/shm (tmpfs) threshold=167,772,160 usable=70,512,640
12:02:10.854 [worker-akka.actor.default-dispatcher-2] INFO  a.a.LocalActorRef akka://worker/user/watcher/graph0000000000/graph - Finishing constructor
12:02:10.856 [worker-akka.actor.default-dispatcher-2] INFO  a.a.LocalActorRef akka://worker/user/watcher/graph0000000000 - Starting...
12:02:10.857 [worker-akka.actor.default-dispatcher-2] INFO  a.a.LocalActorRef akka://worker/user/watcher/graph0000000000/negotiator - Starting...
12:02:10.923 [worker-akka.actor.default-dispatcher-2] INFO  a.a.LocalActorRef akka://worker/user/watcher/graph0000000000/edge - Starting...
12:02:10.925 [worker-akka.actor.default-dispatcher-2] INFO  a.a.LocalActorRef akka://worker/user/watcher/graph0000000000/graph/$a - Starting...
12:02:10.926 [worker-akka.actor.default-dispatcher-2] INFO  a.a.LocalActorRef akka://worker/user/watcher/graph0000000000/graph/$b - Starting...
12:02:10.927 [worker-akka.actor.default-dispatcher-2] INFO  a.a.LocalActorRef akka://worker/user/watcher/graph0000000000/graph/$c - Starting...
12:02:10.955 [worker-akka.actor.default-dispatcher-2] INFO  c.s.f.r.e.s.SocketRear  - FlameSocketGraphDeployerRear@172.31.39.64: connecting to 172.31.34.147:5678
12:02:10.964 [worker-akka.actor.default-dispatcher-2] INFO  c.s.f.r.e.s.SocketRear  - FlameSocketGraphDeployerRear@172.31.39.64: connected to 172.31.34.147:5678
12:02:10.995 [worker-akka.actor.default-dispatcher-2] INFO  a.a.LocalActorRef akka://worker/user/watcher/graph0000000000/edge/FlameSocketGraphDeployerRear - Starting...
12:02:10.996 [worker-akka.actor.default-dispatcher-2] INFO  a.a.LocalActorRef akka://worker/user/watcher/graph0000000000/edge/FlameSocketGraphDeployerFront - Starting...
12:02:10.998 [worker-akka.actor.default-dispatcher-2] INFO  a.a.LocalActorRef akka://worker/user/watcher/graph0000000000/negotiator - Requesting ticket for the frontClass FlameSocketGraphDeployerFront@172.31.39.64
12:02:11.013 [worker-akka.actor.default-dispatcher-2] INFO  a.a.LocalActorRef akka://worker/user/watcher/graph0000000000/negotiator - Ticket for the frontClass received: FrontTicket{allowedTimestamp=(1519041728931, FlameSocketGraphDeployerFront@172.31.39.64)}
12:02:11.014 [worker-akka.actor.default-dispatcher-2] INFO  c.s.f.r.e.s.SocketFront  - FlameSocketGraphDeployerFront@172.31.39.64: connecting to 172.31.34.147:4567
12:02:11.034 [Client] INFO  c.s.f.r.e.s.SocketFront  - FlameSocketGraphDeployerFront@172.31.39.64 has been disconnected from Connection 6
2018-02-19T12:02:16.555+0000: 20.593: [GC (Allocation Failure) 2018-02-19T12:02:16.556+0000: 20.593: [DefNew: 136576K->15133K(153600K), 0.0339043 secs] 151980K->50068K(494976K), 0.0339734 secs] [Times: user=0.01 sys=0.02, real=0.04 secs] 
2018-02-19T12:02:46.697+0000: 50.735: [GC (Allocation Failure) 2018-02-19T12:02:46.698+0000: 50.735: [DefNew: 151709K->3200K(153600K), 0.0173498 secs] 186644K->45752K(494976K), 0.0182091 secs] [Times: user=0.02 sys=0.00, real=0.02 secs] 
2018-02-19T12:03:26.070+0000: 90.107: [GC (Allocation Failure) 2018-02-19T12:03:26.070+0000: 90.107: [DefNew: 139776K->5390K(153600K), 0.0116796 secs] 182328K->47942K(494976K), 0.0117670 secs] [Times: user=0.01 sys=0.00, real=0.01 secs] 
2018-02-19T12:03:58.013+0000: 122.051: [GC (Allocation Failure) 2018-02-19T12:03:58.013+0000: 122.051: [DefNew: 141966K->6506K(153600K), 0.0147787 secs] 184518K->49059K(494976K), 0.0148478 secs] [Times: user=0.01 sys=0.00, real=0.01 secs] 
2018-02-19T12:04:34.054+0000: 158.092: [GC (Allocation Failure) 2018-02-19T12:04:34.054+0000: 158.092: [DefNew: 143082K->8344K(153600K), 0.0287448 secs] 185635K->50896K(494976K), 0.0288156 secs] [Times: user=0.03 sys=0.00, real=0.03 secs] 
2018-02-19T12:04:57.890+0000: 181.928: [GC (Allocation Failure) 2018-02-19T12:04:57.890+0000: 181.928: [DefNew: 144920K->9653K(153600K), 0.0173580 secs] 187472K->52205K(494976K), 0.0174353 secs] [Times: user=0.02 sys=0.00, real=0.01 secs] 
2018-02-19T12:05:36.762+0000: 220.799: [GC (Allocation Failure) 2018-02-19T12:05:36.762+0000: 220.799: [DefNew: 146229K->9686K(153600K), 0.0176978 secs] 188781K->53429K(494976K), 0.0177743 secs] [Times: user=0.02 sys=0.00, real=0.01 secs] 
2018-02-19T12:06:17.393+0000: 261.430: [GC (Allocation Failure) 2018-02-19T12:06:17.393+0000: 261.430: [DefNew: 146262K->9529K(153600K), 0.0182031 secs] 190005K->54397K(494976K), 0.0182718 secs] [Times: user=0.01 sys=0.01, real=0.02 secs] 
2018-02-19T12:07:04.157+0000: 308.195: [GC (Allocation Failure) 2018-02-19T12:07:04.158+0000: 308.195: [DefNew: 146105K->10066K(153600K), 0.0194793 secs] 190973K->55820K(494976K), 0.0195500 secs] [Times: user=0.01 sys=0.00, real=0.02 secs] 
2018-02-19T12:07:39.252+0000: 343.289: [GC (Allocation Failure) 2018-02-19T12:07:39.252+0000: 343.289: [DefNew: 146642K->8878K(153600K), 0.0193145 secs] 192396K->57323K(494976K), 0.0193954 secs] [Times: user=0.02 sys=0.00, real=0.02 secs] 
2018-02-19T12:08:19.943+0000: 383.981: [GC (Allocation Failure) 2018-02-19T12:08:19.944+0000: 383.981: [DefNew: 145454K->8568K(153600K), 0.0169460 secs] 193899K->58085K(494976K), 0.0170156 secs] [Times: user=0.02 sys=0.00, real=0.02 secs] 
2018-02-19T12:08:59.808+0000: 423.846: [GC (Allocation Failure) 2018-02-19T12:08:59.808+0000: 423.846: [DefNew: 145144K->8617K(153600K), 0.0170692 secs] 194661K->59243K(494976K), 0.0171398 secs] [Times: user=0.01 sys=0.01, real=0.02 secs] 
2018-02-19T12:09:45.379+0000: 469.416: [GC (Allocation Failure) 2018-02-19T12:09:45.379+0000: 469.416: [DefNew: 145193K->8582K(153600K), 0.0162631 secs] 195819K->60679K(494976K), 0.0163316 secs] [Times: user=0.02 sys=0.00, real=0.02 secs] 
2018-02-19T12:10:21.415+0000: 505.453: [GC (Allocation Failure) 2018-02-19T12:10:21.415+0000: 505.453: [DefNew: 145158K->8679K(153600K), 0.0169014 secs] 197255K->62019K(494976K), 0.0169714 secs] [Times: user=0.01 sys=0.00, real=0.02 secs] 
2018-02-19T12:11:02.559+0000: 546.596: [GC (Allocation Failure) 2018-02-19T12:11:02.559+0000: 546.596: [DefNew: 145255K->8573K(153600K), 0.0159726 secs] 198595K->62905K(494976K), 0.0160585 secs] [Times: user=0.01 sys=0.00, real=0.02 secs] 
2018-02-19T12:11:43.492+0000: 587.530: [GC (Allocation Failure) 2018-02-19T12:11:43.492+0000: 587.530: [DefNew: 145149K->8712K(153600K), 0.0173277 secs] 199481K->64026K(494976K), 0.0174117 secs] [Times: user=0.01 sys=0.00, real=0.02 secs] 
2018-02-19T12:12:12.036+0000: 616.074: [GC (Allocation Failure) 2018-02-19T12:12:12.036+0000: 616.074: [DefNew: 145288K->8457K(153600K), 0.0156764 secs] 200602K->64946K(494976K), 0.0157579 secs] [Times: user=0.02 sys=0.00, real=0.02 secs] 
2018-02-19T12:12:55.527+0000: 659.564: [GC (Allocation Failure) 2018-02-19T12:12:55.527+0000: 659.564: [DefNew: 145033K->9851K(153600K), 0.0160368 secs] 201522K->66340K(494976K), 0.0161055 secs] [Times: user=0.01 sys=0.00, real=0.02 secs] 
2018-02-19T12:13:39.001+0000: 703.038: [GC (Allocation Failure) 2018-02-19T12:13:39.001+0000: 703.038: [DefNew: 146427K->9112K(153600K), 0.0191871 secs] 202916K->67570K(494976K), 0.0192716 secs] [Times: user=0.01 sys=0.01, real=0.01 secs] 
2018-02-19T12:14:20.302+0000: 744.339: [GC (Allocation Failure) 2018-02-19T12:14:20.302+0000: 744.339: [DefNew: 145688K->9255K(153600K), 0.0177414 secs] 204146K->68719K(494976K), 0.0178123 secs] [Times: user=0.02 sys=0.00, real=0.01 secs] 
2018-02-19T12:14:53.701+0000: 777.738: [GC (Allocation Failure) 2018-02-19T12:14:53.701+0000: 777.738: [DefNew: 145831K->9780K(153600K), 0.0164548 secs] 205295K->70146K(494976K), 0.0165195 secs] [Times: user=0.02 sys=0.00, real=0.01 secs] 
2018-02-19T12:15:28.033+0000: 812.071: [GC (Allocation Failure) 2018-02-19T12:15:28.033+0000: 812.071: [DefNew: 146356K->8669K(153600K), 0.0196611 secs] 206722K->71456K(494976K), 0.0197327 secs] [Times: user=0.02 sys=0.00, real=0.02 secs] 
2018-02-19T12:15:57.364+0000: 841.402: [GC (Allocation Failure) 2018-02-19T12:15:57.364+0000: 841.402: [DefNew: 145245K->8250K(153600K), 0.0165487 secs] 208032K->72162K(494976K), 0.0166293 secs] [Times: user=0.01 sys=0.01, real=0.02 secs] 
2018-02-19T12:16:36.091+0000: 880.129: [GC (Allocation Failure) 2018-02-19T12:16:36.091+0000: 880.129: [DefNew: 144826K->10610K(153600K), 0.0157524 secs] 208738K->74522K(494976K), 0.0158362 secs] [Times: user=0.01 sys=0.00, real=0.01 secs] 
2018-02-19T12:17:08.798+0000: 912.836: [GC (Allocation Failure) 2018-02-19T12:17:08.799+0000: 912.836: [DefNew: 147186K->9733K(153600K), 0.0189304 secs] 211098K->75801K(494976K), 0.0189993 secs] [Times: user=0.02 sys=0.00, real=0.02 secs] 
2018-02-19T12:17:43.622+0000: 947.660: [GC (Allocation Failure) 2018-02-19T12:17:43.622+0000: 947.660: [DefNew: 146309K->10036K(153600K), 0.0180409 secs] 212377K->77191K(494976K), 0.0181083 secs] [Times: user=0.01 sys=0.00, real=0.01 secs] 
2018-02-19T12:18:27.003+0000: 991.041: [GC (Allocation Failure) 2018-02-19T12:18:27.003+0000: 991.041: [DefNew: 146612K->9396K(153600K), 0.0169555 secs] 213767K->78579K(494976K), 0.0170259 secs] [Times: user=0.01 sys=0.00, real=0.01 secs] 
2018-02-19T12:19:06.321+0000: 1030.358: [GC (Allocation Failure) 2018-02-19T12:19:06.321+0000: 1030.358: [DefNew: 145972K->9386K(153600K), 0.0168756 secs] 215155K->79810K(494976K), 0.0169459 secs] [Times: user=0.01 sys=0.01, real=0.01 secs] 
2018-02-19T12:19:39.124+0000: 1063.162: [GC (Allocation Failure) 2018-02-19T12:19:39.124+0000: 1063.162: [DefNew: 145962K->10141K(153600K), 0.0182224 secs] 216386K->81681K(494976K), 0.0182890 secs] [Times: user=0.02 sys=0.00, real=0.02 secs] 
2018-02-19T12:20:25.578+0000: 1109.616: [GC (Allocation Failure) 2018-02-19T12:20:25.578+0000: 1109.616: [DefNew: 146717K->8358K(153600K), 0.0183742 secs] 218257K->82546K(494976K), 0.0184457 secs] [Times: user=0.01 sys=0.00, real=0.02 secs] 
2018-02-19T12:20:52.753+0000: 1136.790: [GC (Allocation Failure) 2018-02-19T12:20:52.753+0000: 1136.790: [DefNew: 144934K->10379K(153600K), 0.0147748 secs] 219122K->84567K(494976K), 0.0148441 secs] [Times: user=0.02 sys=0.00, real=0.01 secs] 
2018-02-19T12:21:33.246+0000: 1177.283: [GC (Allocation Failure) 2018-02-19T12:21:33.246+0000: 1177.283: [DefNew: 146955K->8627K(153600K), 0.0179958 secs] 221143K->85593K(494976K), 0.0180567 secs] [Times: user=0.02 sys=0.00, real=0.02 secs] 
2018-02-19T12:22:04.955+0000: 1208.992: [GC (Allocation Failure) 2018-02-19T12:22:04.955+0000: 1208.992: [DefNew: 145203K->8430K(153600K), 0.0286209 secs] 222169K->87179K(494976K), 0.0286900 secs] [Times: user=0.00 sys=0.03, real=0.03 secs] 
2018-02-19T12:22:37.894+0000: 1241.931: [GC (Allocation Failure) 2018-02-19T12:22:37.894+0000: 1241.931: [DefNew: 145006K->9692K(153600K), 0.0143073 secs] 223755K->88440K(494976K), 0.0143913 secs] [Times: user=0.01 sys=0.00, real=0.01 secs] 
2018-02-19T12:23:16.969+0000: 1281.006: [GC (Allocation Failure) 2018-02-19T12:23:16.969+0000: 1281.006: [DefNew: 146268K->10345K(153600K), 0.0179644 secs] 225016K->90252K(494976K), 0.0180312 secs] [Times: user=0.02 sys=0.00, real=0.01 secs] 
2018-02-19T12:23:53.051+0000: 1317.089: [GC (Allocation Failure) 2018-02-19T12:23:53.051+0000: 1317.089: [DefNew: 146921K->9047K(153600K), 0.0176423 secs] 226828K->91309K(494976K), 0.0177151 secs] [Times: user=0.02 sys=0.00, real=0.02 secs] 
2018-02-19T12:24:27.357+0000: 1351.394: [GC (Allocation Failure) 2018-02-19T12:24:27.357+0000: 1351.394: [DefNew: 145623K->8946K(153600K), 0.0165117 secs] 227885K->92934K(494976K), 0.0165838 secs] [Times: user=0.02 sys=0.00, real=0.02 secs] 
2018-02-19T12:25:09.171+0000: 1393.209: [GC (Allocation Failure) 2018-02-19T12:25:09.171+0000: 1393.209: [DefNew: 145522K->8873K(153600K), 0.0153182 secs] 229510K->94085K(494976K), 0.0154005 secs] [Times: user=0.01 sys=0.00, real=0.01 secs] 
2018-02-19T12:25:43.495+0000: 1427.532: [GC (Allocation Failure) 2018-02-19T12:25:43.495+0000: 1427.532: [DefNew: 145449K->9014K(153600K), 0.0162639 secs] 230661K->95770K(494976K), 0.0163350 secs] [Times: user=0.02 sys=0.00, real=0.02 secs] 
2018-02-19T12:26:18.484+0000: 1462.521: [GC (Allocation Failure) 2018-02-19T12:26:18.484+0000: 1462.521: [DefNew: 145590K->9842K(153600K), 0.0164918 secs] 232346K->97780K(494976K), 0.0165627 secs] [Times: user=0.02 sys=0.00, real=0.01 secs] 
2018-02-19T12:26:56.932+0000: 1500.970: [GC (Allocation Failure) 2018-02-19T12:26:56.932+0000: 1500.970: [DefNew: 146418K->10618K(153600K), 0.0178905 secs] 234356K->99997K(494976K), 0.0179707 secs] [Times: user=0.01 sys=0.00, real=0.02 secs] 
2018-02-19T12:27:26.559+0000: 1530.596: [GC (Allocation Failure) 2018-02-19T12:27:26.559+0000: 1530.596: [DefNew: 147194K->9342K(153600K), 0.0168874 secs] 236573K->100437K(494976K), 0.0169559 secs] [Times: user=0.02 sys=0.00, real=0.02 secs] 
12:27:50.506 [Client] INFO  c.s.f.r.e.s.SocketRear  - FlameSocketGraphDeployerRear@172.31.39.64: has been disconnected from Connection 6
12:28:06.777 [worker-akka.actor.default-dispatcher-2] INFO  a.a.CoordinatedShutdown CoordinatedShutdown(akka://worker) - Starting coordinated shutdown from JVM shutdown hook
12:28:06.822 [worker-akka.actor.default-dispatcher-2] INFO  a.a.LocalActorRef akka://worker/user/watcher/graph0000000000/negotiator - Stopped
12:28:06.822 [worker-akka.actor.default-dispatcher-2] INFO  a.a.LocalActorRef akka://worker/user/watcher/graph0000000000/edge/FlameSocketGraphDeployerFront - Stopped
12:28:06.824 [worker-akka.actor.default-dispatcher-2] INFO  a.a.LocalActorRef akka://worker/user/watcher/graph0000000000/edge/FlameSocketGraphDeployerRear - Stopped
12:28:06.824 [worker-akka.actor.default-dispatcher-2] INFO  a.a.LocalActorRef akka://worker/user/watcher/graph0000000000/graph/$a - Stopped
12:28:06.825 [worker-akka.actor.default-dispatcher-2] INFO  a.a.LocalActorRef akka://worker/user/watcher/graph0000000000/graph/$b - Stopped
12:28:06.826 [worker-akka.actor.default-dispatcher-2] INFO  a.a.LocalActorRef akka://worker/user/watcher/graph0000000000/graph/$c - Stopped
12:28:06.826 [worker-akka.actor.default-dispatcher-2] INFO  a.a.LocalActorRef akka://worker/user/watcher/graph0000000000/graph/local-acker/$a - Stopped
12:28:06.832 [worker-akka.actor.default-dispatcher-2] INFO  a.a.LocalActorRef akka://worker/user/watcher/graph0000000000/graph/local-acker/$a - Message [com.spbsu.flamestream.runtime.utils.akka.PingActor$InnerPing] from Actor[akka://worker/user/watcher/graph0000000000/graph/local-acker/$a#-1377234444] to Actor[akka://worker/user/watcher/graph0000000000/graph/local-acker/$a#-1377234444] was not delivered. [1] dead letters encountered. This logging can be turned off or adjusted with configuration settings 'akka.log-dead-letters' and 'akka.log-dead-letters-during-shutdown'.
12:28:06.833 [worker-akka.actor.default-dispatcher-2] INFO  a.a.LocalActorRef akka://worker/user/watcher/graph0000000000/edge - Stopped
12:28:06.835 [worker-akka.actor.default-dispatcher-2] INFO  a.a.LocalActorRef akka://worker/user/watcher/graph0000000000/graph/local-acker - Stopped
12:28:06.836 [worker-akka.actor.default-dispatcher-2] INFO  a.a.LocalActorRef akka://worker/user/watcher/graph0000000000/graph/local-acker/$a - Message [com.spbsu.flamestream.runtime.utils.akka.PingActor$Stop] from Actor[akka://worker/user/watcher/graph0000000000/graph/local-acker#-751735292] to Actor[akka://worker/user/watcher/graph0000000000/graph/local-acker/$a#-1377234444] was not delivered. [2] dead letters encountered. This logging can be turned off or adjusted with configuration settings 'akka.log-dead-letters' and 'akka.log-dead-letters-during-shutdown'.
12:28:06.836 [worker-akka.actor.default-dispatcher-2] INFO  a.a.LocalActorRef akka://worker/user/watcher/graph0000000000/graph/local-acker - Message [com.spbsu.flamestream.runtime.acker.LocalAcker$Flush] from Actor[akka://worker/user/watcher/graph0000000000/graph/local-acker#-751735292] to Actor[akka://worker/user/watcher/graph0000000000/graph/local-acker#-751735292] was not delivered. [3] dead letters encountered. This logging can be turned off or adjusted with configuration settings 'akka.log-dead-letters' and 'akka.log-dead-letters-during-shutdown'.
12:28:06.837 [worker-akka.actor.default-dispatcher-2] INFO  a.a.LocalActorRef akka://worker/user/watcher/graph0000000000/graph/local-acker - Message [com.spbsu.flamestream.runtime.acker.LocalAcker$Flush] from Actor[akka://worker/user/watcher/graph0000000000/graph/local-acker#-751735292] to Actor[akka://worker/user/watcher/graph0000000000/graph/local-acker#-751735292] was not delivered. [4] dead letters encountered. This logging can be turned off or adjusted with configuration settings 'akka.log-dead-letters' and 'akka.log-dead-letters-during-shutdown'.
12:28:06.837 [worker-akka.actor.default-dispatcher-2] INFO  a.a.LocalActorRef akka://worker/user/watcher/graph0000000000/graph/local-acker - Message [com.spbsu.flamestream.runtime.acker.LocalAcker$Flush] from Actor[akka://worker/user/watcher/graph0000000000/graph/local-acker#-751735292] to Actor[akka://worker/user/watcher/graph0000000000/graph/local-acker#-751735292] was not delivered. [5] dead letters encountered. This logging can be turned off or adjusted with configuration settings 'akka.log-dead-letters' and 'akka.log-dead-letters-during-shutdown'.
12:28:06.837 [worker-akka.actor.default-dispatcher-2] INFO  a.a.LocalActorRef akka://worker/user/watcher/graph0000000000/graph/local-acker - Message [com.spbsu.flamestream.runtime.acker.LocalAcker$Flush] from Actor[akka://worker/user/watcher/graph0000000000/graph/local-acker#-751735292] to Actor[akka://worker/user/watcher/graph0000000000/graph/local-acker#-751735292] was not delivered. [6] dead letters encountered. This logging can be turned off or adjusted with configuration settings 'akka.log-dead-letters' and 'akka.log-dead-letters-during-shutdown'.
12:28:06.838 [worker-akka.actor.default-dispatcher-2] INFO  a.a.LocalActorRef akka://worker/user/watcher/graph0000000000/graph/local-acker - Message [com.spbsu.flamestream.runtime.acker.LocalAcker$Flush] from Actor[akka://worker/user/watcher/graph0000000000/graph/local-acker#-751735292] to Actor[akka://worker/user/watcher/graph0000000000/graph/local-acker#-751735292] was not delivered. [7] dead letters encountered. This logging can be turned off or adjusted with configuration settings 'akka.log-dead-letters' and 'akka.log-dead-letters-during-shutdown'.
12:28:06.838 [worker-akka.actor.default-dispatcher-2] INFO  a.a.LocalActorRef akka://worker/user/watcher/graph0000000000/graph/local-acker - Message [com.spbsu.flamestream.runtime.acker.LocalAcker$Flush] from Actor[akka://worker/user/watcher/graph0000000000/graph/local-acker#-751735292] to Actor[akka://worker/user/watcher/graph0000000000/graph/local-acker#-751735292] was not delivered. [8] dead letters encountered. This logging can be turned off or adjusted with configuration settings 'akka.log-dead-letters' and 'akka.log-dead-letters-during-shutdown'.
12:28:06.839 [worker-akka.actor.default-dispatcher-2] INFO  a.a.LocalActorRef akka://worker/user/watcher/graph0000000000/graph/local-acker - Message [com.spbsu.flamestream.runtime.acker.LocalAcker$Flush] from Actor[akka://worker/user/watcher/graph0000000000/graph/local-acker#-751735292] to Actor[akka://worker/user/watcher/graph0000000000/graph/local-acker#-751735292] was not delivered. [9] dead letters encountered. This logging can be turned off or adjusted with configuration settings 'akka.log-dead-letters' and 'akka.log-dead-letters-during-shutdown'.
12:28:06.839 [worker-akka.actor.default-dispatcher-2] INFO  a.a.LocalActorRef akka://worker/user/watcher/graph0000000000/graph/local-acker - Message [com.spbsu.flamestream.runtime.acker.LocalAcker$Flush] from Actor[akka://worker/user/watcher/graph0000000000/graph/local-acker#-751735292] to Actor[akka://worker/user/watcher/graph0000000000/graph/local-acker#-751735292] was not delivered. [10] dead letters encountered. This logging can be turned off or adjusted with configuration settings 'akka.log-dead-letters' and 'akka.log-dead-letters-during-shutdown'.
12:28:06.842 [worker-akka.actor.default-dispatcher-2] INFO  a.a.LocalActorRef akka://worker/user/watcher/graph0000000000/graph - Stopped
12:28:06.842 [worker-akka.actor.default-dispatcher-2] INFO  a.a.LocalActorRef akka://worker/user/watcher/graph0000000000 - Stopped
12:28:06.846 [worker-akka.actor.default-dispatcher-2-EventThread] INFO  o.a.z.ClientCnxn  - EventThread shut down for session: 0x161adf060390007
12:28:06.846 [worker-akka.actor.default-dispatcher-2] INFO  o.a.z.ZooKeeper  - Session: 0x161adf060390007 closed
12:28:06.847 [worker-akka.actor.default-dispatcher-2] INFO  a.a.RepointableActorRef akka://worker/user/watcher - Stopped
12:28:06.860 [worker-akka.actor.default-dispatcher-2] INFO  a.r.RemoteActorRefProvider$RemotingTerminator akka://worker@172.31.39.64:5412/system/remoting-terminator - Shutting down remote daemon.
12:28:06.863 [worker-akka.actor.default-dispatcher-2] INFO  a.r.RemoteActorRefProvider$RemotingTerminator akka://worker@172.31.39.64:5412/system/remoting-terminator - Remote daemon shut down; proceeding with flushing remote transports.
12:28:07.043 [worker-akka.actor.default-dispatcher-2] INFO  a.r.RemoteActorRefProvider$RemotingTerminator akka://worker@172.31.39.64:5412/system/remoting-terminator - Remoting shut down.
Heap
 def new generation   total 153600K, used 112778K [0x00000000e0c00000, 0x00000000eb2a0000, 0x00000000eb2a0000)
  eden space 136576K,  75% used [0x00000000e0c00000, 0x00000000e7102f80, 0x00000000e9160000)
  from space 17024K,  54% used [0x00000000e9160000, 0x00000000e9a7f9e8, 0x00000000ea200000)
  to   space 17024K,   0% used [0x00000000ea200000, 0x00000000ea200000, 0x00000000eb2a0000)
 tenured generation   total 341376K, used 91095K [0x00000000eb2a0000, 0x0000000100000000, 0x0000000100000000)
   the space 341376K,  26% used [0x00000000eb2a0000, 0x00000000f0b95d78, 0x00000000f0b95e00, 0x0000000100000000)
 Metaspace       used 33731K, capacity 34530K, committed 34688K, reserved 1079296K
  class space    used 4470K, capacity 4658K, committed 4736K, reserved 1048576K
