11:28:34,056 |-INFO in ch.qos.logback.classic.LoggerContext[default] - Could NOT find resource [logback-test.xml]
11:28:34,056 |-INFO in ch.qos.logback.classic.LoggerContext[default] - Could NOT find resource [logback.groovy]
11:28:34,057 |-INFO in ch.qos.logback.classic.LoggerContext[default] - Found resource [logback.xml] at [jar:file:/opt/flamestream/lib/flamestream-runtime-1.0-SNAPSHOT.jar!/logback.xml]
11:28:34,057 |-WARN in ch.qos.logback.classic.LoggerContext[default] - Resource [logback.xml] occurs multiple times on the classpath.
11:28:34,057 |-WARN in ch.qos.logback.classic.LoggerContext[default] - Resource [logback.xml] occurs at [jar:file:/opt/flamestream/flamestream-runtime-1.0-SNAPSHOT.jar!/logback.xml]
11:28:34,057 |-WARN in ch.qos.logback.classic.LoggerContext[default] - Resource [logback.xml] occurs at [jar:file:/opt/flamestream/lib/flamestream-runtime-1.0-SNAPSHOT.jar!/logback.xml]
11:28:34,080 |-INFO in ch.qos.logback.core.joran.spi.ConfigurationWatchList@69b794e2 - URL [jar:file:/opt/flamestream/lib/flamestream-runtime-1.0-SNAPSHOT.jar!/logback.xml] is not of type file
11:28:34,155 |-INFO in ch.qos.logback.classic.joran.action.ConfigurationAction - debug attribute not set
11:28:34,156 |-INFO in ch.qos.logback.core.joran.action.AppenderAction - About to instantiate appender of type [ch.qos.logback.core.ConsoleAppender]
11:28:34,165 |-INFO in ch.qos.logback.core.joran.action.AppenderAction - Naming appender as [STDOUT]
11:28:34,172 |-INFO in ch.qos.logback.core.joran.action.NestedComplexPropertyIA - Assuming default type [ch.qos.logback.classic.encoder.PatternLayoutEncoder] for [encoder] property
11:28:34,216 |-INFO in ch.qos.logback.core.joran.action.AppenderAction - About to instantiate appender of type [ch.qos.logback.core.rolling.RollingFileAppender]
11:28:34,224 |-INFO in ch.qos.logback.core.joran.action.AppenderAction - Naming appender as [FILE]
11:28:34,243 |-INFO in c.q.l.core.rolling.TimeBasedRollingPolicy@1059063940 - No compression will be used
11:28:34,248 |-INFO in c.q.l.core.rolling.TimeBasedRollingPolicy@1059063940 - Will use the pattern /tmp/application_%d{yyyy-MM-dd}.%i.log for the active file
11:28:34,252 |-INFO in ch.qos.logback.core.rolling.SizeAndTimeBasedFNATP@4d339552 - The date pattern is 'yyyy-MM-dd' from file name pattern '/tmp/application_%d{yyyy-MM-dd}.%i.log'.
11:28:34,252 |-INFO in ch.qos.logback.core.rolling.SizeAndTimeBasedFNATP@4d339552 - Roll-over at midnight.
11:28:34,255 |-INFO in ch.qos.logback.core.rolling.SizeAndTimeBasedFNATP@4d339552 - Setting initial period to Fri Mar 30 10:41:22 UTC 2018
11:28:34,255 |-WARN in ch.qos.logback.core.rolling.SizeAndTimeBasedFNATP@4d339552 - SizeAndTimeBasedFNATP is deprecated. Use SizeAndTimeBasedRollingPolicy instead
11:28:34,255 |-WARN in ch.qos.logback.core.rolling.SizeAndTimeBasedFNATP@4d339552 - For more information see http://logback.qos.ch/manual/appenders.html#SizeAndTimeBasedRollingPolicy
11:28:34,259 |-INFO in ch.qos.logback.core.joran.action.NestedComplexPropertyIA - Assuming default type [ch.qos.logback.classic.encoder.PatternLayoutEncoder] for [encoder] property
11:28:34,264 |-INFO in ch.qos.logback.core.rolling.RollingFileAppender[FILE] - Active log file name: /tmp/application.log
11:28:34,264 |-INFO in ch.qos.logback.core.rolling.RollingFileAppender[FILE] - File property is set to [/tmp/application.log]
11:28:34,265 |-INFO in ch.qos.logback.classic.joran.action.RootLoggerAction - Setting level of ROOT logger to INFO
11:28:34,265 |-INFO in ch.qos.logback.core.joran.action.AppenderRefAction - Attaching appender named [STDOUT] to Logger[ROOT]
11:28:34,265 |-INFO in ch.qos.logback.core.joran.action.AppenderRefAction - Attaching appender named [FILE] to Logger[ROOT]
11:28:34,265 |-INFO in ch.qos.logback.classic.joran.action.ConfigurationAction - End of configuration.
11:28:34,266 |-INFO in ch.qos.logback.classic.joran.JoranConfigurator@f0f2775 - Registering current configuration as safe fallback point

11:28:34.272 [main] INFO  c.s.f.r.a.WorkerApplication  - Starting worker with id: '10.0.0.42', host: '10.0.0.42:5412', zkString: '10.0.0.107:2181'
11:28:35.148 [worker-akka.actor.default-dispatcher-3] INFO  a.e.s.Slf4jLogger  - Slf4jLogger started
2018-03-30T11:28:35.288+0000: 1.817: [Full GC (Metadata GC Threshold) 2018-03-30T11:28:35.288+0000: 1.817: [Tenured: 0K->15875K(341376K), 0.0394062 secs] 131339K->15875K(494976K), [Metaspace: 20946K->20946K(1067008K)], 0.0394752 secs] [Times: user=0.03 sys=0.01, real=0.04 secs] 
Ama winner
Ama winner
11:28:35.650 [worker-akka.actor.default-dispatcher-3] INFO  a.r.a.ArteryTransport(akka://worker) akka.remote.artery.ArteryTransport(akka://worker) - Started embedded media driver in directory [/dev/shm/aeron-10.0.0.42]
11:28:35.836 [worker-akka.actor.default-dispatcher-3] INFO  a.r.a.ArteryTransport(akka://worker) akka.remote.artery.ArteryTransport(akka://worker) - Remoting started; listening on address: [akka://worker@10.0.0.42:5412] with UID [-4408722426186569977]
11:28:35.891 [worker-akka.actor.default-dispatcher-6] INFO  a.a.RepointableActorRef akka://worker/user/watcher - Starting...
11:28:35.959 [worker-akka.actor.default-dispatcher-3] INFO  o.a.z.ZooKeeper  - Client environment:zookeeper.version=3.4.9-1757313, built on 08/23/2016 06:50 GMT
11:28:35.960 [worker-akka.actor.default-dispatcher-3] INFO  o.a.z.ZooKeeper  - Client environment:host.name=localhost
11:28:35.960 [worker-akka.actor.default-dispatcher-3] INFO  o.a.z.ZooKeeper  - Client environment:java.version=1.8.0_151
11:28:35.960 [worker-akka.actor.default-dispatcher-3] INFO  o.a.z.ZooKeeper  - Client environment:java.vendor=Oracle Corporation
11:28:35.960 [worker-akka.actor.default-dispatcher-3] INFO  o.a.z.ZooKeeper  - Client environment:java.home=/usr/lib/jvm/java-8-openjdk-amd64/jre
11:28:35.960 [worker-akka.actor.default-dispatcher-3] INFO  o.a.z.ZooKeeper  - Client environment:java.class.path=lib/commons-cli-1.4.jar:lib/minlog-1.3.0.jar:lib/asm-5.0.4.jar:lib/hadoop-annotations-2.7.3.jar:lib/hadoop-auth-2.7.3.jar:lib/akka-slf4j_2.11-2.5.6.jar:lib/jersey-core-1.9.jar:lib/lz4-1.3.0.jar:lib/jackson-core-asl-1.9.13.jar:lib/aeron-client-1.3.0.jar:lib/htrace-core-3.1.0-incubating.jar:lib/xz-1.0.jar:lib/commons-httpclient-3.1.jar:lib/asm-3.1.jar:lib/commons-lang3-3.4.jar:lib/scala-library-2.11.11.jar:lib/scala-java8-compat_2.11-0.7.0.jar:lib/commons-configuration-1.6.jar:lib/objenesis-2.1.jar:lib/jackson-annotations-2.8.0.jar:lib/jsr305-3.0.0.jar:lib/curator-framework-2.7.1.jar:lib/jersey-server-1.9.jar:lib/jets3t-0.9.0.jar:lib/leveldb-0.7.jar:lib/jetty-6.1.26.jar:lib/stax-api-1.0-2.jar:lib/flamestream-core-1.0-SNAPSHOT.jar:lib/reflectasm-1.07-shaded.jar:lib/apacheds-kerberos-codec-2.0.0-M15.jar:lib/api-asn1-api-1.0.0-M20.jar:lib/commons-lang-2.6.jar:lib/commons-beanutils-1.7.0.jar:lib/jackson-xc-1.8.3.jar:lib/jetty-util-6.1.26.jar:lib/logback-classic-1.2.3.jar:lib/jool-0.9.12.jar:lib/httpcore-4.1.2.jar:lib/kryo-4.0.0.jar:lib/ant-1.8.1.jar:lib/jaxb-impl-2.2.3-1.jar:lib/jersey-json-1.9.jar:lib/commons-compress-1.4.1.jar:lib/leveldbjni-all-1.8.jar:lib/paranamer-2.3.jar:lib/jackson-core-2.8.4.jar:lib/commons-math3-3.6.1.jar:lib/scala-parser-combinators_2.11-1.0.4.jar:lib/netty-3.10.6.Final.jar:lib/trove4j-3.0.3.jar:lib/jaxb-api-2.2.2.jar:lib/logback-core-1.2.3.jar:lib/snappy-java-1.0.4.1.jar:lib/protobuf-java-2.5.0.jar:lib/reactive-streams-1.0.1.jar:lib/flamestream-examples-1.0-SNAPSHOT.jar:lib/commons-codec-1.4.jar:lib/activation-1.1.jar:lib/commons-net-3.1.jar:lib/curator-recipes-2.7.1.jar:lib/jackson-mapper-asl-1.9.13.jar:lib/jackson-databind-2.8.4.jar:lib/flamestream-runtime-1.0-SNAPSHOT.jar:lib/jackson-jaxrs-1.8.3.jar:lib/slf4j-api-1.7.24.jar:lib/akka-remote_2.11-2.5.6.jar:lib/akka-testkit_2.11-2.5.6.jar:lib/jline-0.9.94.jar:lib/jedis-2.9.0.jar:lib/akka-stream_2.11-2.5.6.jar:lib/jsp-api-2.1.jar:lib/kryonet-2.21.jar:lib/akka-kryo-serialization_2.11-0.5.0.jar:lib/config-1.3.1.jar:lib/ant-launcher-1.8.1.jar:lib/commons-logging-1.2.jar:lib/ssl-config-core_2.11-0.2.2.jar:lib/testng-6.10.jar:lib/leveldb-api-0.7.jar:lib/reflectasm-1.11.3.jar:lib/jcommander-1.48.jar:lib/commons-1.1.jar:lib/commons-digester-1.8.jar:lib/minlog-1.2.jar:lib/java-xmlbuilder-0.4.jar:lib/jettison-1.1.jar:lib/gson-2.2.4.jar:lib/jdk.tools-1.8.jar:lib/aeron-driver-1.3.0.jar:lib/zookeeper-3.4.9.jar:lib/commons-beanutils-core-1.8.0.jar:lib/commons-math3-3.1.1.jar:lib/akka-actor_2.11-2.5.6.jar:lib/curator-client-2.7.1.jar:lib/servlet-api-2.5.jar:lib/commons-pool2-2.4.2.jar:lib/apacheds-i18n-2.0.0-M15.jar:lib/commons-io-2.4.jar:lib/commons-codec-1.6.jar:lib/akka-protobuf_2.11-2.5.6.jar:lib/jdom-2.0.2.jar:lib/rocksdbjni-5.5.1.jar:lib/api-util-1.0.0-M20.jar:lib/hadoop-common-2.7.3.jar:lib/agrona-0.9.6.jar:lib/xmlenc-0.52.jar:lib/guava-21.0.jar:lib/commons-collections-3.2.2.jar:lib/avro-1.7.4.jar:lib/httpclient-4.1.2.jar:lib/flamestream-core-1.0-SNAPSHOT-tests.jar:lib/annotations-12.0.jar:lib/jsch-0.1.42.jar:flamestream-runtime-1.0-SNAPSHOT.jar
11:28:35.960 [worker-akka.actor.default-dispatcher-3] INFO  o.a.z.ZooKeeper  - Client environment:java.library.path=/usr/java/packages/lib/amd64:/usr/lib/x86_64-linux-gnu/jni:/lib/x86_64-linux-gnu:/usr/lib/x86_64-linux-gnu:/usr/lib/jni:/lib:/usr/lib
11:28:35.960 [worker-akka.actor.default-dispatcher-3] INFO  o.a.z.ZooKeeper  - Client environment:java.io.tmpdir=/tmp
11:28:35.960 [worker-akka.actor.default-dispatcher-3] INFO  o.a.z.ZooKeeper  - Client environment:java.compiler=<NA>
11:28:35.960 [worker-akka.actor.default-dispatcher-3] INFO  o.a.z.ZooKeeper  - Client environment:os.name=Linux
11:28:35.960 [worker-akka.actor.default-dispatcher-3] INFO  o.a.z.ZooKeeper  - Client environment:os.arch=amd64
11:28:35.962 [worker-akka.actor.default-dispatcher-3] INFO  o.a.z.ZooKeeper  - Client environment:os.version=4.4.0-1049-aws
11:28:35.964 [worker-akka.actor.default-dispatcher-3] INFO  o.a.z.ZooKeeper  - Client environment:user.name=root
11:28:35.964 [worker-akka.actor.default-dispatcher-3] INFO  o.a.z.ZooKeeper  - Client environment:user.home=/root
11:28:35.964 [worker-akka.actor.default-dispatcher-3] INFO  o.a.z.ZooKeeper  - Client environment:user.dir=/opt/flamestream
11:28:35.967 [worker-akka.actor.default-dispatcher-3] INFO  o.a.z.ZooKeeper  - Initiating client connection, connectString=10.0.0.107:2181 sessionTimeout=5000 watcher=com.spbsu.flamestream.runtime.application.LifecycleWatcher$$Lambda$30/1920140588@4f5e72ce
11:28:36.002 [worker-akka.actor.default-dispatcher-3-SendThread(10.0.0.107:2181)] INFO  o.a.z.ClientCnxn  - Opening socket connection to server 10.0.0.107/10.0.0.107:2181. Will not attempt to authenticate using SASL (unknown error)
11:28:36.012 [worker-akka.actor.default-dispatcher-3-SendThread(10.0.0.107:2181)] INFO  o.a.z.ClientCnxn  - Socket connection established to 10.0.0.107/10.0.0.107:2181, initiating session
11:28:36.021 [worker-akka.actor.default-dispatcher-3-SendThread(10.0.0.107:2181)] INFO  o.a.z.ClientCnxn  - Session establishment complete on server 10.0.0.107/10.0.0.107:2181, sessionid = 0x16276a9cd3d0004, negotiated timeout = 6000
11:28:36.032 [worker-akka.actor.default-dispatcher-6] INFO  a.a.RepointableActorRef akka://worker/user/watcher - Initializing rocksDB backend
11:28:36.203 [worker-akka.actor.default-dispatcher-6] INFO  a.a.RepointableActorRef akka://worker/user/watcher - Connected to ZK
11:28:46.743 [worker-akka.actor.default-dispatcher-6] INFO  a.a.RepointableActorRef akka://worker/user/watcher - Creating node with watchGraphs: 'com.spbsu.flamestream.core.Graph$Builder$MyGraph@6e4a0772', config: 'ClusterConfig{paths={10.0.0.205=akka://worker@10.0.0.205:5412/user/watcher, 10.0.0.60=akka://worker@10.0.0.60:5412/user/watcher, 10.0.0.170=akka://worker@10.0.0.170:5412/user/watcher, 10.0.0.124=akka://worker@10.0.0.124:5412/user/watcher, 10.0.0.49=akka://worker@10.0.0.49:5412/user/watcher, 10.0.0.42=akka://worker@10.0.0.42:5412/user/watcher, 10.0.0.97=akka://worker@10.0.0.97:5412/user/watcher, 10.0.0.251=akka://worker@10.0.0.251:5412/user/watcher, 10.0.0.162=akka://worker@10.0.0.162:5412/user/watcher, 10.0.0.173=akka://worker@10.0.0.173:5412/user/watcher}, ackerLocation='10.0.0.60', props=ComputationLayout{hashGroups={10.0.0.205=com.spbsu.flamestream.runtime.config.HashGroup@1ffe1b9d, 10.0.0.60=com.spbsu.flamestream.runtime.config.HashGroup@c01f, 10.0.0.170=com.spbsu.flamestream.runtime.config.HashGroup@5d5c21bc, 10.0.0.124=com.spbsu.flamestream.runtime.config.HashGroup@56dcaf5d, 10.0.0.49=com.spbsu.flamestream.runtime.config.HashGroup@c65a7748, 10.0.0.42=com.spbsu.flamestream.runtime.config.HashGroup@231425fe, 10.0.0.97=com.spbsu.flamestream.runtime.config.HashGroup@fbc82752, 10.0.0.251=com.spbsu.flamestream.runtime.config.HashGroup@ccbcd570, 10.0.0.162=com.spbsu.flamestream.runtime.config.HashGroup@4276a447, 10.0.0.173=com.spbsu.flamestream.runtime.config.HashGroup@3fc198ed}}}'
11:28:47.642 [worker-akka.actor.default-dispatcher-3] INFO  a.a.LocalActorRef akka://worker/user/watcher/graph_at_0/graph - Starting...
11:28:47.652 [worker-akka.actor.default-dispatcher-4] INFO  a.a.LocalActorRef akka://worker/user/watcher/graph_at_0/graph/local-acker/$a - Starting...
11:28:47.660 [worker-akka.actor.default-dispatcher-3] INFO  a.a.LocalActorRef akka://worker/user/watcher/graph_at_0/graph/local-acker - Starting...
11:28:48.891 [worker-akka.actor.default-dispatcher-4] INFO  a.a.LocalActorRef akka://worker/user/watcher/graph_at_0/graph - Finishing constructor
11:28:48.893 [worker-akka.actor.default-dispatcher-2] INFO  a.a.LocalActorRef akka://worker/user/watcher/graph_at_0/negotiator - Starting...
11:28:48.896 [worker-akka.actor.default-dispatcher-2] INFO  a.a.LocalActorRef akka://worker/user/watcher/graph_at_0/edge - Starting...
11:28:48.898 [worker-akka.actor.default-dispatcher-4] INFO  a.a.LocalActorRef akka://worker/user/watcher/graph_at_0 - Starting FlameNode with config 'ClusterConfig{paths={10.0.0.205=akka://worker@10.0.0.205:5412/user/watcher/graph_at_0, 10.0.0.60=akka://worker@10.0.0.60:5412/user/watcher/graph_at_0, 10.0.0.170=akka://worker@10.0.0.170:5412/user/watcher/graph_at_0, 10.0.0.124=akka://worker@10.0.0.124:5412/user/watcher/graph_at_0, 10.0.0.49=akka://worker@10.0.0.49:5412/user/watcher/graph_at_0, 10.0.0.42=akka://worker@10.0.0.42:5412/user/watcher/graph_at_0, 10.0.0.97=akka://worker@10.0.0.97:5412/user/watcher/graph_at_0, 10.0.0.251=akka://worker@10.0.0.251:5412/user/watcher/graph_at_0, 10.0.0.162=akka://worker@10.0.0.162:5412/user/watcher/graph_at_0, 10.0.0.173=akka://worker@10.0.0.173:5412/user/watcher/graph_at_0}, ackerLocation='10.0.0.60', props=ComputationLayout{hashGroups={10.0.0.205=com.spbsu.flamestream.runtime.config.HashGroup@1ffe1b9d, 10.0.0.60=com.spbsu.flamestream.runtime.config.HashGroup@c01f, 10.0.0.170=com.spbsu.flamestream.runtime.config.HashGroup@5d5c21bc, 10.0.0.124=com.spbsu.flamestream.runtime.config.HashGroup@56dcaf5d, 10.0.0.49=com.spbsu.flamestream.runtime.config.HashGroup@c65a7748, 10.0.0.42=com.spbsu.flamestream.runtime.config.HashGroup@231425fe, 10.0.0.97=com.spbsu.flamestream.runtime.config.HashGroup@fbc82752, 10.0.0.251=com.spbsu.flamestream.runtime.config.HashGroup@ccbcd570, 10.0.0.162=com.spbsu.flamestream.runtime.config.HashGroup@4276a447, 10.0.0.173=com.spbsu.flamestream.runtime.config.HashGroup@3fc198ed}}}'
11:28:48.922 [worker-akka.actor.default-dispatcher-4] INFO  a.a.LocalActorRef akka://worker/user/watcher/graph_at_0/negotiator - Requesting ticket for the frontClass FlameSocketGraphDeployerFront@10.0.0.42
11:28:48.942 [worker-akka.actor.default-dispatcher-11] INFO  a.a.LocalActorRef akka://worker/user/watcher/graph_at_0/graph - Received last commit 'LastCommit{globalTime=(0000000, min@min)}'
11:28:48.957 [worker-akka.actor.default-dispatcher-3] INFO  c.s.f.r.e.s.SocketRear  - FlameSocketGraphDeployerRear@10.0.0.42: connecting to 10.0.0.107:5678
11:28:48.962 [worker-akka.actor.default-dispatcher-11] INFO  a.a.LocalActorRef akka://worker/user/watcher/graph_at_0/edge/FlameSocketGraphDeployerFront - Starting...
11:28:48.972 [worker-akka.actor.default-dispatcher-3] INFO  c.s.f.r.e.s.SocketRear  - FlameSocketGraphDeployerRear@10.0.0.42: connected to 10.0.0.107:5678
11:28:48.973 [worker-akka.actor.default-dispatcher-3] INFO  a.a.LocalActorRef akka://worker/user/watcher/graph_at_0/edge/FlameSocketGraphDeployerRear - Starting...
11:28:49.024 [worker-akka.actor.default-dispatcher-5] INFO  a.a.LocalActorRef akka://worker/user/watcher/graph_at_0/graph/$a - Starting...
11:28:49.039 [worker-akka.actor.default-dispatcher-5] INFO  a.a.LocalActorRef akka://worker/user/watcher/graph_at_0/graph/$b - Starting...
11:28:49.059 [worker-akka.actor.default-dispatcher-5] INFO  a.a.LocalActorRef akka://worker/user/watcher/graph_at_0/graph/$b - Attached rear to graph (-9223372036854775808, min@min)
11:28:49.061 [worker-akka.actor.default-dispatcher-5] INFO  a.a.LocalActorRef akka://worker/user/watcher/graph_at_0/graph/$c - Starting...
11:28:49.376 [worker-akka.actor.default-dispatcher-5] INFO  a.a.LocalActorRef akka://worker/user/watcher/graph_at_0/negotiator - Ticket for the frontClass received: FrontTicket{allowedTimestamp=(0000000, FlameSocketGraphDeployerFront@10.0.0.42)}
11:28:49.377 [worker-akka.actor.default-dispatcher-5] INFO  c.s.f.r.e.s.SocketFront  - FlameSocketGraphDeployerFront@10.0.0.42: connecting to 10.0.0.107:4567
11:28:49.392 [Client] INFO  c.s.f.r.e.s.SocketFront  - FlameSocketGraphDeployerFront@10.0.0.42 has been disconnected from Connection 6
2018-03-30T11:28:53.250+0000: 19.779: [GC (Allocation Failure) 2018-03-30T11:28:53.250+0000: 19.779: [DefNew: 136576K->15935K(153600K), 0.0248880 secs] 152451K->51341K(494976K), 0.0249564 secs] [Times: user=0.02 sys=0.00, real=0.03 secs] 
2018-03-30T11:29:01.819+0000: 28.348: [GC (Allocation Failure) 2018-03-30T11:29:01.819+0000: 28.348: [DefNew: 152511K->6208K(153600K), 0.0246953 secs] 187917K->49606K(494976K), 0.0247906 secs] [Times: user=0.01 sys=0.02, real=0.03 secs] 
2018-03-30T11:29:12.296+0000: 38.825: [GC (Allocation Failure) 2018-03-30T11:29:12.296+0000: 38.825: [DefNew: 142784K->9834K(153600K), 0.0137538 secs] 186182K->53231K(494976K), 0.0138260 secs] [Times: user=0.01 sys=0.00, real=0.01 secs] 
2018-03-30T11:29:21.300+0000: 47.829: [GC (Allocation Failure) 2018-03-30T11:29:21.300+0000: 47.829: [DefNew: 146410K->10005K(153600K), 0.0183435 secs] 189807K->55320K(494976K), 0.0184126 secs] [Times: user=0.01 sys=0.00, real=0.02 secs] 
2018-03-30T11:29:28.970+0000: 55.499: [GC (Allocation Failure) 2018-03-30T11:29:28.971+0000: 55.499: [DefNew: 146581K->5506K(153600K), 0.0153063 secs] 191896K->56392K(494976K), 0.0153745 secs] [Times: user=0.01 sys=0.00, real=0.02 secs] 
2018-03-30T11:29:35.891+0000: 62.420: [GC (Allocation Failure) 2018-03-30T11:29:35.891+0000: 62.420: [DefNew: 142082K->14939K(153600K), 0.0183408 secs] 192968K->65825K(494976K), 0.0184060 secs] [Times: user=0.02 sys=0.00, real=0.02 secs] 
2018-03-30T11:29:42.547+0000: 69.076: [GC (Allocation Failure) 2018-03-30T11:29:42.547+0000: 69.076: [DefNew: 151515K->4179K(153600K), 0.0178080 secs] 202401K->67522K(494976K), 0.0178879 secs] [Times: user=0.01 sys=0.00, real=0.02 secs] 
2018-03-30T11:29:49.106+0000: 75.635: [GC (Allocation Failure) 2018-03-30T11:29:49.106+0000: 75.635: [DefNew: 140755K->5659K(153600K), 0.0121049 secs] 204098K->69003K(494976K), 0.0121736 secs] [Times: user=0.01 sys=0.00, real=0.01 secs] 
2018-03-30T11:29:55.747+0000: 82.276: [GC (Allocation Failure) 2018-03-30T11:29:55.747+0000: 82.276: [DefNew: 142235K->6835K(153600K), 0.0128394 secs] 205579K->70179K(494976K), 0.0129078 secs] [Times: user=0.02 sys=0.00, real=0.01 secs] 
2018-03-30T11:30:02.812+0000: 89.341: [GC (Allocation Failure) 2018-03-30T11:30:02.812+0000: 89.341: [DefNew: 143411K->8883K(153600K), 0.0156544 secs] 206755K->72226K(494976K), 0.0157217 secs] [Times: user=0.02 sys=0.00, real=0.01 secs] 
2018-03-30T11:30:09.301+0000: 95.830: [GC (Allocation Failure) 2018-03-30T11:30:09.301+0000: 95.830: [DefNew: 145434K->7649K(153600K), 0.0157360 secs] 208777K->72537K(494976K), 0.0158151 secs] [Times: user=0.01 sys=0.00, real=0.02 secs] 
2018-03-30T11:30:16.330+0000: 102.859: [GC (Allocation Failure) 2018-03-30T11:30:16.331+0000: 102.859: [DefNew: 142920K->9106K(153600K), 0.0153292 secs] 207808K->73994K(494976K), 0.0154106 secs] [Times: user=0.01 sys=0.00, real=0.02 secs] 
2018-03-30T11:30:22.310+0000: 108.839: [GC (Allocation Failure) 2018-03-30T11:30:22.310+0000: 108.839: [DefNew: 145682K->8156K(153600K), 0.0282114 secs] 210570K->74106K(494976K), 0.0282906 secs] [Times: user=0.03 sys=0.00, real=0.03 secs] 
2018-03-30T11:30:28.802+0000: 115.331: [GC (Allocation Failure) 2018-03-30T11:30:28.802+0000: 115.331: [DefNew: 144732K->9553K(153600K), 0.0152604 secs] 210682K->75503K(494976K), 0.0153259 secs] [Times: user=0.01 sys=0.00, real=0.02 secs] 
2018-03-30T11:30:34.803+0000: 121.332: [GC (Allocation Failure) 2018-03-30T11:30:34.803+0000: 121.332: [DefNew: 146129K->8204K(153600K), 0.0172133 secs] 212079K->75942K(494976K), 0.0172883 secs] [Times: user=0.02 sys=0.00, real=0.02 secs] 
2018-03-30T11:30:39.861+0000: 126.390: [GC (Allocation Failure) 2018-03-30T11:30:39.861+0000: 126.390: [DefNew: 144780K->9833K(153600K), 0.0310639 secs] 212518K->77571K(494976K), 0.0311320 secs] [Times: user=0.03 sys=0.00, real=0.04 secs] 
2018-03-30T11:30:44.833+0000: 131.362: [GC (Allocation Failure) 2018-03-30T11:30:44.833+0000: 131.362: [DefNew: 143800K->17023K(153600K), 0.0244144 secs] 211539K->94909K(494976K), 0.0244858 secs] [Times: user=0.01 sys=0.02, real=0.02 secs] 
2018-03-30T11:30:50.837+0000: 137.366: [GC (Allocation Failure) 2018-03-30T11:30:50.837+0000: 137.366: [DefNew: 151254K->4683K(153600K), 0.0173788 secs] 229139K->99457K(494976K), 0.0174613 secs] [Times: user=0.01 sys=0.00, real=0.02 secs] 
2018-03-30T11:30:56.804+0000: 143.333: [GC (Allocation Failure) 2018-03-30T11:30:56.804+0000: 143.333: [DefNew: 141259K->5001K(153600K), 0.0155810 secs] 236033K->99776K(494976K), 0.0156621 secs] [Times: user=0.01 sys=0.00, real=0.01 secs] 
2018-03-30T11:31:02.767+0000: 149.296: [GC (Allocation Failure) 2018-03-30T11:31:02.767+0000: 149.296: [DefNew: 141577K->5604K(153600K), 0.0103409 secs] 236352K->100379K(494976K), 0.0104030 secs] [Times: user=0.00 sys=0.00, real=0.01 secs] 
2018-03-30T11:31:08.301+0000: 154.830: [GC (Allocation Failure) 2018-03-30T11:31:08.301+0000: 154.830: [DefNew: 142180K->7074K(153600K), 0.0124094 secs] 236955K->101849K(494976K), 0.0124756 secs] [Times: user=0.01 sys=0.00, real=0.02 secs] 
2018-03-30T11:31:13.410+0000: 159.939: [GC (Allocation Failure) 2018-03-30T11:31:13.410+0000: 159.939: [DefNew: 143650K->7052K(153600K), 0.0123442 secs] 238425K->101827K(494976K), 0.0124142 secs] [Times: user=0.01 sys=0.00, real=0.01 secs] 
2018-03-30T11:31:18.596+0000: 165.125: [GC (Allocation Failure) 2018-03-30T11:31:18.596+0000: 165.125: [DefNew: 143628K->7803K(153600K), 0.0174971 secs] 238403K->102578K(494976K), 0.0175494 secs] [Times: user=0.01 sys=0.01, real=0.02 secs] 
2018-03-30T11:31:24.319+0000: 170.848: [GC (Allocation Failure) 2018-03-30T11:31:24.319+0000: 170.848: [DefNew: 144379K->8976K(153600K), 0.0246808 secs] 239154K->103751K(494976K), 0.0247509 secs] [Times: user=0.03 sys=0.00, real=0.03 secs] 
2018-03-30T11:31:29.342+0000: 175.871: [GC (Allocation Failure) 2018-03-30T11:31:29.342+0000: 175.871: [DefNew: 142127K->8444K(153600K), 0.0137251 secs] 236902K->103838K(494976K), 0.0138067 secs] [Times: user=0.02 sys=0.00, real=0.02 secs] 
2018-03-30T11:31:34.021+0000: 180.550: [GC (Allocation Failure) 2018-03-30T11:31:34.021+0000: 180.550: [DefNew: 145020K->9544K(153600K), 0.0147554 secs] 240414K->104938K(494976K), 0.0148254 secs] [Times: user=0.02 sys=0.00, real=0.02 secs] 
2018-03-30T11:31:38.852+0000: 185.381: [GC (Allocation Failure) 2018-03-30T11:31:38.852+0000: 185.381: [DefNew: 140692K->8637K(153600K), 0.0148550 secs] 236086K->105062K(494976K), 0.0149310 secs] [Times: user=0.01 sys=0.00, real=0.01 secs] 
2018-03-30T11:31:43.802+0000: 190.331: [GC (Allocation Failure) 2018-03-30T11:31:43.802+0000: 190.331: [DefNew: 145157K->9464K(153600K), 0.0157238 secs] 241581K->106505K(494976K), 0.0157931 secs] [Times: user=0.01 sys=0.00, real=0.02 secs] 
2018-03-30T11:31:48.553+0000: 195.082: [GC (Allocation Failure) 2018-03-30T11:31:48.553+0000: 195.082: [DefNew: 146040K->8755K(153600K), 0.0289568 secs] 243081K->107005K(494976K), 0.0290264 secs] [Times: user=0.03 sys=0.00, real=0.02 secs] 
2018-03-30T11:31:53.304+0000: 199.833: [GC (Allocation Failure) 2018-03-30T11:31:53.304+0000: 199.833: [DefNew: 145331K->9182K(153600K), 0.0154387 secs] 243581K->108017K(494976K), 0.0155178 secs] [Times: user=0.01 sys=0.00, real=0.01 secs] 
2018-03-30T11:31:58.303+0000: 204.832: [GC (Allocation Failure) 2018-03-30T11:31:58.303+0000: 204.832: [DefNew: 145758K->8193K(153600K), 0.0155327 secs] 244593K->108384K(494976K), 0.0156117 secs] [Times: user=0.01 sys=0.00, real=0.02 secs] 
2018-03-30T11:32:03.303+0000: 209.832: [GC (Allocation Failure) 2018-03-30T11:32:03.303+0000: 209.832: [DefNew: 144769K->8733K(153600K), 0.0129575 secs] 244960K->108924K(494976K), 0.0130258 secs] [Times: user=0.01 sys=0.00, real=0.02 secs] 
2018-03-30T11:32:07.308+0000: 213.837: [GC (Allocation Failure) 2018-03-30T11:32:07.308+0000: 213.837: [DefNew: 145309K->9036K(153600K), 0.0152949 secs] 245500K->109872K(494976K), 0.0153664 secs] [Times: user=0.01 sys=0.00, real=0.02 secs] 
2018-03-30T11:32:11.856+0000: 218.385: [GC (Allocation Failure) 2018-03-30T11:32:11.856+0000: 218.385: [DefNew: 145459K->8799K(153600K), 0.0150046 secs] 246294K->110346K(494976K), 0.0150751 secs] [Times: user=0.01 sys=0.00, real=0.01 secs] 
2018-03-30T11:32:16.290+0000: 222.819: [GC (Allocation Failure) 2018-03-30T11:32:16.290+0000: 222.819: [DefNew: 145375K->8594K(153600K), 0.0258047 secs] 246922K->110651K(494976K), 0.0258716 secs] [Times: user=0.02 sys=0.01, real=0.03 secs] 
2018-03-30T11:32:20.917+0000: 227.446: [GC (Allocation Failure) 2018-03-30T11:32:20.917+0000: 227.446: [DefNew: 142357K->8209K(153600K), 0.0208024 secs] 244414K->110962K(494976K), 0.0208790 secs] [Times: user=0.03 sys=0.00, real=0.02 secs] 
2018-03-30T11:32:25.352+0000: 231.881: [GC (Allocation Failure) 2018-03-30T11:32:25.352+0000: 231.881: [DefNew: 142176K->9222K(153600K), 0.0133525 secs] 244929K->111975K(494976K), 0.0134202 secs] [Times: user=0.01 sys=0.00, real=0.01 secs] 
2018-03-30T11:32:29.394+0000: 235.923: [GC (Allocation Failure) 2018-03-30T11:32:29.394+0000: 235.923: [DefNew: 145798K->8670K(153600K), 0.0141731 secs] 248551K->112446K(494976K), 0.0142442 secs] [Times: user=0.02 sys=0.00, real=0.01 secs] 
2018-03-30T11:32:33.855+0000: 240.384: [GC (Allocation Failure) 2018-03-30T11:32:33.855+0000: 240.384: [DefNew: 144924K->8360K(153600K), 0.0135472 secs] 248700K->112827K(494976K), 0.0136163 secs] [Times: user=0.01 sys=0.00, real=0.01 secs] 
2018-03-30T11:32:38.212+0000: 244.741: [GC (Allocation Failure) 2018-03-30T11:32:38.212+0000: 244.741: [DefNew: 144936K->9199K(153600K), 0.0131799 secs] 249403K->113667K(494976K), 0.0132487 secs] [Times: user=0.01 sys=0.00, real=0.01 secs] 
2018-03-30T11:32:42.816+0000: 249.345: [GC (Allocation Failure) 2018-03-30T11:32:42.816+0000: 249.345: [DefNew: 145775K->10464K(153600K), 0.0163279 secs] 250243K->115655K(494976K), 0.0163963 secs] [Times: user=0.02 sys=0.00, real=0.02 secs] 
2018-03-30T11:32:46.869+0000: 253.398: [GC (Allocation Failure) 2018-03-30T11:32:46.869+0000: 253.398: [DefNew: 143853K->7343K(153600K), 0.0143913 secs] 249045K->114327K(494976K), 0.0144528 secs] [Times: user=0.00 sys=0.01, real=0.01 secs] 
2018-03-30T11:32:51.301+0000: 257.830: [GC (Allocation Failure) 2018-03-30T11:32:51.301+0000: 257.830: [DefNew: 143911K->8503K(153600K), 0.0124591 secs] 250895K->115487K(494976K), 0.0125279 secs] [Times: user=0.01 sys=0.00, real=0.02 secs] 
2018-03-30T11:32:55.418+0000: 261.947: [GC (Allocation Failure) 2018-03-30T11:32:55.418+0000: 261.947: [DefNew: 139685K->8707K(153600K), 0.0252692 secs] 246669K->115691K(494976K), 0.0253512 secs] [Times: user=0.03 sys=0.00, real=0.03 secs] 
2018-03-30T11:32:59.340+0000: 265.869: [GC (Allocation Failure) 2018-03-30T11:32:59.340+0000: 265.869: [DefNew: 145283K->10348K(153600K), 0.0328725 secs] 252267K->118042K(494976K), 0.0329430 secs] [Times: user=0.03 sys=0.00, real=0.04 secs] 
2018-03-30T11:33:03.358+0000: 269.887: [GC (Allocation Failure) 2018-03-30T11:33:03.358+0000: 269.887: [DefNew: 144518K->7232K(153600K), 0.0143455 secs] 252212K->117046K(494976K), 0.0144269 secs] [Times: user=0.02 sys=0.00, real=0.02 secs] 
2018-03-30T11:33:07.250+0000: 273.779: [GC (Allocation Failure) 2018-03-30T11:33:07.250+0000: 273.779: [DefNew: 143808K->8065K(153600K), 0.0117562 secs] 253622K->117879K(494976K), 0.0118355 secs] [Times: user=0.01 sys=0.00, real=0.01 secs] 
2018-03-30T11:33:11.359+0000: 277.888: [GC (Allocation Failure) 2018-03-30T11:33:11.359+0000: 277.888: [DefNew: 144533K->8581K(153600K), 0.0125688 secs] 254347K->118395K(494976K), 0.0126410 secs] [Times: user=0.01 sys=0.00, real=0.02 secs] 
2018-03-30T11:33:15.310+0000: 281.839: [GC (Allocation Failure) 2018-03-30T11:33:15.310+0000: 281.839: [DefNew: 145157K->10953K(153600K), 0.0174995 secs] 254971K->121218K(494976K), 0.0175727 secs] [Times: user=0.02 sys=0.00, real=0.02 secs] 
2018-03-30T11:33:19.244+0000: 285.773: [GC (Allocation Failure) 2018-03-30T11:33:19.244+0000: 285.773: [DefNew: 147529K->6682K(153600K), 0.0145384 secs] 257794K->119674K(494976K), 0.0146105 secs] [Times: user=0.01 sys=0.00, real=0.01 secs] 
2018-03-30T11:33:22.333+0000: 288.862: [GC (Allocation Failure) 2018-03-30T11:33:22.333+0000: 288.862: [DefNew: 143258K->10040K(153600K), 0.0301227 secs] 256250K->123032K(494976K), 0.0301995 secs] [Times: user=0.02 sys=0.00, real=0.03 secs] 
2018-03-30T11:33:26.250+0000: 292.779: [GC (Allocation Failure) 2018-03-30T11:33:26.250+0000: 292.779: [DefNew: 146616K->7258K(153600K), 0.0297825 secs] 259608K->121915K(494976K), 0.0298717 secs] [Times: user=0.03 sys=0.00, real=0.03 secs] 
2018-03-30T11:33:29.952+0000: 296.481: [GC (Allocation Failure) 2018-03-30T11:33:29.952+0000: 296.481: [DefNew: 143772K->7885K(153600K), 0.0179842 secs] 258428K->122542K(494976K), 0.0180627 secs] [Times: user=0.02 sys=0.00, real=0.01 secs] 
2018-03-30T11:33:33.367+0000: 299.896: [GC (Allocation Failure) 2018-03-30T11:33:33.367+0000: 299.896: [DefNew: 144461K->11177K(153600K), 0.0173119 secs] 259118K->125833K(494976K), 0.0173826 secs] [Times: user=0.02 sys=0.00, real=0.02 secs] 
2018-03-30T11:33:37.304+0000: 303.833: [GC (Allocation Failure) 2018-03-30T11:33:37.304+0000: 303.833: [DefNew: 147753K->6663K(153600K), 0.0140407 secs] 262409K->124151K(494976K), 0.0141106 secs] [Times: user=0.01 sys=0.00, real=0.01 secs] 
2018-03-30T11:33:39.883+0000: 306.412: [GC (Allocation Failure) 2018-03-30T11:33:39.883+0000: 306.412: [DefNew: 143239K->15137K(153600K), 0.0273128 secs] 260727K->165393K(494976K), 0.0273852 secs] [Times: user=0.01 sys=0.01, real=0.03 secs] 
2018-03-30T11:33:43.559+0000: 310.088: [GC (Allocation Failure) 2018-03-30T11:33:43.559+0000: 310.088: [DefNew: 151713K->3989K(153600K), 0.0126789 secs] 301969K->158212K(494976K), 0.0127674 secs] [Times: user=0.01 sys=0.00, real=0.02 secs] 
2018-03-30T11:33:47.314+0000: 313.843: [GC (Allocation Failure) 2018-03-30T11:33:47.314+0000: 313.843: [DefNew: 140565K->7749K(153600K), 0.0124351 secs] 294788K->161972K(494976K), 0.0125023 secs] [Times: user=0.01 sys=0.00, real=0.01 secs] 
2018-03-30T11:33:50.829+0000: 317.358: [GC (Allocation Failure) 2018-03-30T11:33:50.829+0000: 317.358: [DefNew: 144325K->8610K(153600K), 0.0212590 secs] 298548K->162833K(494976K), 0.0213350 secs] [Times: user=0.02 sys=0.00, real=0.02 secs] 
2018-03-30T11:33:54.338+0000: 320.867: [GC (Allocation Failure) 2018-03-30T11:33:54.338+0000: 320.867: [DefNew: 145186K->8769K(153600K), 0.0336938 secs] 299409K->164098K(494976K), 0.0337574 secs] [Times: user=0.03 sys=0.00, real=0.04 secs] 
2018-03-30T11:33:57.846+0000: 324.375: [GC (Allocation Failure) 2018-03-30T11:33:57.846+0000: 324.375: [DefNew: 145345K->9115K(153600K), 0.0282687 secs] 300674K->165420K(494976K), 0.0283402 secs] [Times: user=0.03 sys=0.00, real=0.03 secs] 
2018-03-30T11:34:00.880+0000: 327.409: [GC (Allocation Failure) 2018-03-30T11:34:00.880+0000: 327.409: [DefNew: 138035K->6624K(153600K), 0.0112933 secs] 294340K->163689K(494976K), 0.0113644 secs] [Times: user=0.02 sys=0.00, real=0.01 secs] 
2018-03-30T11:34:04.320+0000: 330.849: [GC (Allocation Failure) 2018-03-30T11:34:04.320+0000: 330.849: [DefNew: 143200K->10155K(153600K), 0.0148367 secs] 300265K->167219K(494976K), 0.0149090 secs] [Times: user=0.02 sys=0.00, real=0.02 secs] 
2018-03-30T11:34:07.870+0000: 334.399: [GC (Allocation Failure) 2018-03-30T11:34:07.870+0000: 334.399: [DefNew: 145432K->6453K(153600K), 0.0111813 secs] 302496K->165178K(494976K), 0.0112603 secs] [Times: user=0.01 sys=0.00, real=0.01 secs] 
2018-03-30T11:34:10.876+0000: 337.405: [GC (Allocation Failure) 2018-03-30T11:34:10.876+0000: 337.405: [DefNew: 141037K->7380K(153600K), 0.0106477 secs] 299762K->166105K(494976K), 0.0107347 secs] [Times: user=0.00 sys=0.00, real=0.01 secs] 
2018-03-30T11:34:13.903+0000: 340.432: [GC (Allocation Failure) 2018-03-30T11:34:13.903+0000: 340.432: [DefNew: 140455K->8058K(153600K), 0.0113245 secs] 299180K->166784K(494976K), 0.0113911 secs] [Times: user=0.01 sys=0.00, real=0.02 secs] 
2018-03-30T11:34:17.393+0000: 343.922: [GC (Allocation Failure) 2018-03-30T11:34:17.393+0000: 343.922: [DefNew: 141607K->8504K(153600K), 0.0111562 secs] 300332K->167230K(494976K), 0.0112232 secs] [Times: user=0.01 sys=0.00, real=0.01 secs] 
2018-03-30T11:34:20.892+0000: 347.421: [GC (Allocation Failure) 2018-03-30T11:34:20.892+0000: 347.421: [DefNew: 143763K->9114K(153600K), 0.0121386 secs] 302488K->167840K(494976K), 0.0122056 secs] [Times: user=0.01 sys=0.00, real=0.01 secs] 
2018-03-30T11:34:24.295+0000: 350.824: [GC (Allocation Failure) 2018-03-30T11:34:24.295+0000: 350.824: [DefNew: 145690K->8871K(153600K), 0.0262974 secs] 304416K->168748K(494976K), 0.0263682 secs] [Times: user=0.03 sys=0.00, real=0.02 secs] 
2018-03-30T11:34:27.466+0000: 353.995: [GC (Allocation Failure) 2018-03-30T11:34:27.466+0000: 353.995: [DefNew: 138949K->9153K(153600K), 0.0210555 secs] 298825K->169507K(494976K), 0.0211266 secs] [Times: user=0.01 sys=0.01, real=0.02 secs] 
2018-03-30T11:34:30.816+0000: 357.345: [GC (Allocation Failure) 2018-03-30T11:34:30.816+0000: 357.345: [DefNew: 145729K->9668K(153600K), 0.0222867 secs] 306083K->170684K(494976K), 0.0223566 secs] [Times: user=0.02 sys=0.00, real=0.02 secs] 
2018-03-30T11:34:33.982+0000: 360.511: [GC (Allocation Failure) 2018-03-30T11:34:33.982+0000: 360.511: [DefNew: 140443K->7901K(153600K), 0.0256717 secs] 301459K->169945K(494976K), 0.0257471 secs] [Times: user=0.03 sys=0.00, real=0.03 secs] 
2018-03-30T11:34:36.838+0000: 363.367: [GC (Allocation Failure) 2018-03-30T11:34:36.838+0000: 363.367: [DefNew: 144477K->11899K(153600K), 0.0178095 secs] 306521K->173942K(494976K), 0.0178856 secs] [Times: user=0.02 sys=0.00, real=0.02 secs] 
2018-03-30T11:34:40.173+0000: 366.702: [GC (Allocation Failure) 2018-03-30T11:34:40.173+0000: 366.702: [DefNew: 148475K->6724K(153600K), 0.0133636 secs] 310518K->171559K(494976K), 0.0134372 secs] [Times: user=0.02 sys=0.00, real=0.01 secs] 
2018-03-30T11:34:43.054+0000: 369.583: [GC (Allocation Failure) 2018-03-30T11:34:43.054+0000: 369.583: [DefNew: 143300K->7814K(153600K), 0.0111533 secs] 308135K->172650K(494976K), 0.0112221 secs] [Times: user=0.01 sys=0.00, real=0.01 secs] 
2018-03-30T11:34:46.383+0000: 372.912: [GC (Allocation Failure) 2018-03-30T11:34:46.383+0000: 372.912: [DefNew: 143334K->8556K(153600K), 0.0117474 secs] 308169K->173391K(494976K), 0.0118196 secs] [Times: user=0.00 sys=0.00, real=0.02 secs] 
2018-03-30T11:34:49.816+0000: 376.345: [GC (Allocation Failure) 2018-03-30T11:34:49.817+0000: 376.345: [DefNew: 145004K->10901K(153600K), 0.0163095 secs] 309840K->176233K(494976K), 0.0163830 secs] [Times: user=0.02 sys=0.00, real=0.02 secs] 
2018-03-30T11:34:53.300+0000: 379.829: [GC (Allocation Failure) 2018-03-30T11:34:53.301+0000: 379.830: [DefNew: 147477K->6765K(153600K), 0.0136155 secs] 312809K->174855K(494976K), 0.0136847 secs] [Times: user=0.02 sys=0.00, real=0.02 secs] 
2018-03-30T11:34:56.380+0000: 382.909: [GC (Allocation Failure) 2018-03-30T11:34:56.380+0000: 382.909: [DefNew: 142359K->7331K(153600K), 0.0102268 secs] 310449K->175422K(494976K), 0.0102955 secs] [Times: user=0.00 sys=0.00, real=0.01 secs] 
2018-03-30T11:34:59.465+0000: 385.994: [GC (Allocation Failure) 2018-03-30T11:34:59.465+0000: 385.994: [DefNew: 135626K->8531K(153600K), 0.0206103 secs] 303716K->176621K(494976K), 0.0206825 secs] [Times: user=0.02 sys=0.00, real=0.02 secs] 
2018-03-30T11:35:02.479+0000: 389.008: [GC (Allocation Failure) 2018-03-30T11:35:02.479+0000: 389.008: [DefNew: 135967K->8062K(153600K), 0.0196980 secs] 304057K->176891K(494976K), 0.0197940 secs] [Times: user=0.02 sys=0.00, real=0.02 secs] 
2018-03-30T11:35:04.964+0000: 391.493: [GC (Allocation Failure) 2018-03-30T11:35:04.964+0000: 391.493: [DefNew: 138787K->9459K(153600K), 0.0123254 secs] 307615K->178287K(494976K), 0.0123967 secs] [Times: user=0.02 sys=0.00, real=0.01 secs] 
2018-03-30T11:35:07.884+0000: 394.413: [GC (Allocation Failure) 2018-03-30T11:35:07.884+0000: 394.413: [DefNew: 136298K->9181K(153600K), 0.0134352 secs] 305127K->179006K(494976K), 0.0135117 secs] [Times: user=0.02 sys=0.00, real=0.01 secs] 
2018-03-30T11:35:11.311+0000: 397.840: [GC (Allocation Failure) 2018-03-30T11:35:11.311+0000: 397.840: [DefNew: 145757K->10686K(153600K), 0.0153249 secs] 315582K->181218K(494976K), 0.0153985 secs] [Times: user=0.02 sys=0.00, real=0.02 secs] 
2018-03-30T11:35:14.396+0000: 400.925: [GC (Allocation Failure) 2018-03-30T11:35:14.397+0000: 400.926: [DefNew: 143149K->6237K(153600K), 0.0131053 secs] 313681K->180078K(494976K), 0.0131847 secs] [Times: user=0.01 sys=0.00, real=0.01 secs] 
2018-03-30T11:35:17.387+0000: 403.916: [GC (Allocation Failure) 2018-03-30T11:35:17.387+0000: 403.916: [DefNew: 134638K->7377K(153600K), 0.0097182 secs] 308480K->181219K(494976K), 0.0097900 secs] [Times: user=0.01 sys=0.00, real=0.01 secs] 
2018-03-30T11:35:20.382+0000: 406.911: [GC (Allocation Failure) 2018-03-30T11:35:20.382+0000: 406.911: [DefNew: 141910K->8264K(153600K), 0.0105271 secs] 315752K->182106K(494976K), 0.0105965 secs] [Times: user=0.01 sys=0.00, real=0.02 secs] 
2018-03-30T11:35:23.387+0000: 409.916: [GC (Allocation Failure) 2018-03-30T11:35:23.387+0000: 409.916: [DefNew: 140869K->9120K(153600K), 0.0119359 secs] 314711K->182962K(494976K), 0.0120066 secs] [Times: user=0.02 sys=0.00, real=0.01 secs] 
2018-03-30T11:35:26.411+0000: 412.940: [GC (Allocation Failure) 2018-03-30T11:35:26.411+0000: 412.940: [DefNew: 145696K->8913K(153600K), 0.0123281 secs] 319538K->183346K(494976K), 0.0124053 secs] [Times: user=0.01 sys=0.00, real=0.02 secs] 
2018-03-30T11:35:29.321+0000: 415.850: [GC (Allocation Failure) 2018-03-30T11:35:29.321+0000: 415.850: [DefNew: 145489K->12448K(153600K), 0.0180531 secs] 319922K->187344K(494976K), 0.0181234 secs] [Times: user=0.02 sys=0.00, real=0.02 secs] 
2018-03-30T11:35:32.291+0000: 418.820: [GC (Allocation Failure) 2018-03-30T11:35:32.291+0000: 418.820: [DefNew: 149024K->6211K(153600K), 0.0147524 secs] 323920K->185168K(494976K), 0.0148251 secs] [Times: user=0.02 sys=0.00, real=0.02 secs] 
2018-03-30T11:35:35.392+0000: 421.921: [GC (Allocation Failure) 2018-03-30T11:35:35.392+0000: 421.921: [DefNew: 142537K->7018K(153600K), 0.0093199 secs] 321494K->185975K(494976K), 0.0093895 secs] [Times: user=0.02 sys=0.00, real=0.00 secs] 
2018-03-30T11:35:38.383+0000: 424.912: [GC (Allocation Failure) 2018-03-30T11:35:38.383+0000: 424.912: [DefNew: 143123K->8302K(153600K), 0.0108489 secs] 322080K->187259K(494976K), 0.0109213 secs] [Times: user=0.01 sys=0.00, real=0.02 secs] 
2018-03-30T11:35:41.387+0000: 427.916: [GC (Allocation Failure) 2018-03-30T11:35:41.387+0000: 427.916: [DefNew: 142567K->8996K(153600K), 0.0115142 secs] 321523K->187953K(494976K), 0.0115831 secs] [Times: user=0.02 sys=0.00, real=0.01 secs] 
2018-03-30T11:35:44.391+0000: 430.920: [GC (Allocation Failure) 2018-03-30T11:35:44.391+0000: 430.920: [DefNew: 144334K->8785K(153600K), 0.0121304 secs] 323291K->188402K(494976K), 0.0122012 secs] [Times: user=0.01 sys=0.00, real=0.01 secs] 
2018-03-30T11:35:47.302+0000: 433.831: [GC (Allocation Failure) 2018-03-30T11:35:47.302+0000: 433.831: [DefNew: 145361K->8704K(153600K), 0.0123742 secs] 324978K->189239K(494976K), 0.0124395 secs] [Times: user=0.01 sys=0.00, real=0.02 secs] 
2018-03-30T11:35:50.308+0000: 436.837: [GC (Allocation Failure) 2018-03-30T11:35:50.308+0000: 436.837: [DefNew: 145280K->9673K(153600K), 0.0136001 secs] 325815K->190861K(494976K), 0.0136697 secs] [Times: user=0.02 sys=0.00, real=0.01 secs] 
2018-03-30T11:35:53.057+0000: 439.586: [GC (Allocation Failure) 2018-03-30T11:35:53.057+0000: 439.586: [DefNew: 146249K->17023K(153600K), 0.0417039 secs] 327437K->201947K(494976K), 0.0417752 secs] [Times: user=0.04 sys=0.01, real=0.04 secs] 
2018-03-30T11:35:56.114+0000: 442.643: [GC (Allocation Failure) 2018-03-30T11:35:56.114+0000: 442.643: [DefNew: 153599K->3278K(153600K), 0.0116151 secs] 338523K->192303K(494976K), 0.0116791 secs] [Times: user=0.01 sys=0.00, real=0.01 secs] 
2018-03-30T11:35:58.993+0000: 445.522: [GC (Allocation Failure) 2018-03-30T11:35:58.993+0000: 445.522: [DefNew: 138394K->5595K(153600K), 0.0159004 secs] 327419K->194620K(494976K), 0.0159719 secs] [Times: user=0.02 sys=0.00, real=0.01 secs] 
2018-03-30T11:36:01.845+0000: 448.374: [GC (Allocation Failure) 2018-03-30T11:36:01.846+0000: 448.375: [DefNew: 142171K->9494K(153600K), 0.0262546 secs] 331196K->198519K(494976K), 0.0263304 secs] [Times: user=0.03 sys=0.01, real=0.03 secs] 
2018-03-30T11:36:04.890+0000: 451.419: [GC (Allocation Failure) 2018-03-30T11:36:04.890+0000: 451.419: [DefNew: 146070K->9786K(153600K), 0.0387032 secs] 335095K->200005K(494976K), 0.0387846 secs] [Times: user=0.03 sys=0.00, real=0.04 secs] 
2018-03-30T11:36:07.985+0000: 454.514: [GC (Allocation Failure) 2018-03-30T11:36:07.985+0000: 454.514: [DefNew: 142911K->5761K(153600K), 0.0111471 secs] 333130K->197625K(494976K), 0.0112316 secs] [Times: user=0.01 sys=0.00, real=0.01 secs] 
2018-03-30T11:36:10.811+0000: 457.340: [GC (Allocation Failure) 2018-03-30T11:36:10.811+0000: 457.340: [DefNew: 142337K->7760K(153600K), 0.0199009 secs] 334201K->199623K(494976K), 0.0199691 secs] [Times: user=0.02 sys=0.00, real=0.02 secs] 
2018-03-30T11:36:13.513+0000: 460.042: [GC (Allocation Failure) 2018-03-30T11:36:13.513+0000: 460.042: [DefNew: 137953K->8097K(153600K), 0.0169465 secs] 329816K->199961K(494976K), 0.0170252 secs] [Times: user=0.02 sys=0.00, real=0.01 secs] 
2018-03-30T11:36:16.135+0000: 462.664: [GC (Allocation Failure) 2018-03-30T11:36:16.135+0000: 462.664: [DefNew: 144673K->9184K(153600K), 0.0187336 secs] 336537K->201048K(494976K), 0.0188014 secs] [Times: user=0.02 sys=0.00, real=0.02 secs] 
2018-03-30T11:36:19.004+0000: 465.533: [GC (Allocation Failure) 2018-03-30T11:36:19.005+0000: 465.533: [DefNew: 142056K->8310K(153600K), 0.0226436 secs] 333920K->201214K(494976K), 0.0227168 secs] [Times: user=0.02 sys=0.01, real=0.02 secs] 
2018-03-30T11:36:21.920+0000: 468.449: [GC (Allocation Failure) 2018-03-30T11:36:21.920+0000: 468.449: [DefNew: 144886K->12560K(153600K), 0.0334945 secs] 337790K->205463K(494976K), 0.0335802 secs] [Times: user=0.03 sys=0.00, real=0.04 secs] 
2018-03-30T11:36:24.457+0000: 470.986: [GC (Allocation Failure) 2018-03-30T11:36:24.457+0000: 470.986: [DefNew: 149136K->4930K(153600K), 0.0148735 secs] 342039K->202933K(494976K), 0.0149359 secs] [Times: user=0.01 sys=0.00, real=0.02 secs] 
2018-03-30T11:36:27.396+0000: 473.925: [GC (Allocation Failure) 2018-03-30T11:36:27.396+0000: 473.925: [DefNew: 136674K->6477K(153600K), 0.0091198 secs] 334677K->204480K(494976K), 0.0091880 secs] [Times: user=0.01 sys=0.00, real=0.01 secs] 
2018-03-30T11:36:30.390+0000: 476.919: [GC (Allocation Failure) 2018-03-30T11:36:30.390+0000: 476.919: [DefNew: 140533K->7358K(153600K), 0.0091582 secs] 338536K->205361K(494976K), 0.0092405 secs] [Times: user=0.02 sys=0.00, real=0.01 secs] 
2018-03-30T11:36:33.391+0000: 479.920: [GC (Allocation Failure) 2018-03-30T11:36:33.391+0000: 479.920: [DefNew: 135776K->7649K(153600K), 0.0087684 secs] 333779K->205652K(494976K), 0.0088355 secs] [Times: user=0.01 sys=0.00, real=0.01 secs] 
2018-03-30T11:36:35.916+0000: 482.445: [GC (Allocation Failure) 2018-03-30T11:36:35.916+0000: 482.445: [DefNew: 135372K->8840K(153600K), 0.0112134 secs] 333375K->206843K(494976K), 0.0112806 secs] [Times: user=0.01 sys=0.00, real=0.01 secs] 
2018-03-30T11:36:38.402+0000: 484.931: [GC (Allocation Failure) 2018-03-30T11:36:38.402+0000: 484.931: [DefNew: 135133K->8899K(153600K), 0.0118455 secs] 333136K->207452K(494976K), 0.0119177 secs] [Times: user=0.02 sys=0.00, real=0.02 secs] 
2018-03-30T11:36:41.001+0000: 487.530: [GC (Allocation Failure) 2018-03-30T11:36:41.001+0000: 487.530: [DefNew: 135219K->9161K(153600K), 0.0262953 secs] 333771K->208465K(494976K), 0.0263766 secs] [Times: user=0.03 sys=0.00, real=0.03 secs] 
2018-03-30T11:36:43.837+0000: 490.366: [GC (Allocation Failure) 2018-03-30T11:36:43.837+0000: 490.366: [DefNew: 145737K->11224K(153600K), 0.0258908 secs] 345041K->211176K(494976K), 0.0259588 secs] [Times: user=0.02 sys=0.00, real=0.02 secs] 
2018-03-30T11:36:46.496+0000: 493.025: [GC (Allocation Failure) 2018-03-30T11:36:46.496+0000: 493.025: [DefNew: 139291K->6758K(153600K), 0.0247751 secs] 339244K->209704K(494976K), 0.0248461 secs] [Times: user=0.03 sys=0.00, real=0.02 secs] 
2018-03-30T11:36:49.013+0000: 495.542: [GC (Allocation Failure) 2018-03-30T11:36:49.013+0000: 495.542: [DefNew: 133761K->8079K(153600K), 0.0171251 secs] 336707K->211026K(494976K), 0.0172058 secs] [Times: user=0.01 sys=0.00, real=0.01 secs] 
2018-03-30T11:36:51.831+0000: 498.360: [GC (Allocation Failure) 2018-03-30T11:36:51.831+0000: 498.360: [DefNew: 144655K->10754K(153600K), 0.0255538 secs] 347602K->213701K(494976K), 0.0256337 secs] [Times: user=0.03 sys=0.00, real=0.03 secs] 
2018-03-30T11:36:54.407+0000: 500.936: [GC (Allocation Failure) 2018-03-30T11:36:54.407+0000: 500.936: [DefNew: 140598K->6047K(153600K), 0.0119736 secs] 343545K->212095K(494976K), 0.0120433 secs] [Times: user=0.01 sys=0.00, real=0.01 secs] 
2018-03-30T11:36:56.807+0000: 503.336: [GC (Allocation Failure) 2018-03-30T11:36:56.807+0000: 503.336: [DefNew: 142623K->10045K(153600K), 0.0141073 secs] 348671K->216092K(494976K), 0.0141795 secs] [Times: user=0.01 sys=0.00, real=0.01 secs] 
2018-03-30T11:36:59.402+0000: 505.931: [GC (Allocation Failure) 2018-03-30T11:36:59.402+0000: 505.931: [DefNew: 139031K->7293K(153600K), 0.0119755 secs] 345078K->215074K(494976K), 0.0120705 secs] [Times: user=0.02 sys=0.00, real=0.02 secs] 
2018-03-30T11:37:01.906+0000: 508.435: [GC (Allocation Failure) 2018-03-30T11:37:01.906+0000: 508.435: [DefNew: 131262K->8207K(153600K), 0.0105684 secs] 339043K->215988K(494976K), 0.0106668 secs] [Times: user=0.01 sys=0.00, real=0.01 secs] 
2018-03-30T11:37:04.397+0000: 510.926: [GC (Allocation Failure) 2018-03-30T11:37:04.397+0000: 510.926: [DefNew: 137365K->9172K(153600K), 0.0111145 secs] 345146K->216953K(494976K), 0.0111857 secs] [Times: user=0.01 sys=0.00, real=0.01 secs] 
2018-03-30T11:37:07.402+0000: 513.931: [GC (Allocation Failure) 2018-03-30T11:37:07.402+0000: 513.931: [DefNew: 145748K->12439K(153600K), 0.0379684 secs] 353529K->220940K(494976K), 0.0380419 secs] [Times: user=0.03 sys=0.01, real=0.04 secs] 
2018-03-30T11:37:10.020+0000: 516.549: [GC (Allocation Failure) 2018-03-30T11:37:10.020+0000: 516.549: [DefNew: 136918K->5386K(153600K), 0.0248174 secs] 345418K->217678K(494976K), 0.0249006 secs] [Times: user=0.02 sys=0.01, real=0.03 secs] 
2018-03-30T11:37:12.353+0000: 518.882: [GC (Allocation Failure) 2018-03-30T11:37:12.353+0000: 518.882: [DefNew: 141962K->9434K(153600K), 0.0249289 secs] 354254K->221725K(494976K), 0.0250108 secs] [Times: user=0.03 sys=0.00, real=0.02 secs] 
2018-03-30T11:37:15.012+0000: 521.541: [GC (Allocation Failure) 2018-03-30T11:37:15.012+0000: 521.541: [DefNew: 140658K->7171K(153600K), 0.0233001 secs] 352949K->220454K(494976K), 0.0233771 secs] [Times: user=0.01 sys=0.00, real=0.02 secs] 
2018-03-30T11:37:17.327+0000: 523.856: [GC (Allocation Failure) 2018-03-30T11:37:17.327+0000: 523.856: [DefNew: 143747K->10481K(153600K), 0.0236477 secs] 357030K->223764K(494976K), 0.0237253 secs] [Times: user=0.03 sys=0.00, real=0.02 secs] 
2018-03-30T11:37:20.020+0000: 526.549: [GC (Allocation Failure) 2018-03-30T11:37:20.020+0000: 526.549: [DefNew: 140785K->6819K(153600K), 0.0255387 secs] 354068K->222900K(494976K), 0.0256157 secs] [Times: user=0.02 sys=0.01, real=0.03 secs] 
2018-03-30T11:37:22.536+0000: 529.065: [GC (Allocation Failure) 2018-03-30T11:37:22.537+0000: 529.065: [DefNew: 142308K->8197K(153600K), 0.0194658 secs] 358389K->224278K(494976K), 0.0195386 secs] [Times: user=0.02 sys=0.01, real=0.02 secs] 
2018-03-30T11:37:25.016+0000: 531.545: [GC (Allocation Failure) 2018-03-30T11:37:25.016+0000: 531.545: [DefNew: 131812K->8814K(153600K), 0.0167405 secs] 347893K->224895K(494976K), 0.0168331 secs] [Times: user=0.02 sys=0.00, real=0.02 secs] 
11:37:26.815 [Client] INFO  c.s.f.r.e.s.SocketRear  - FlameSocketGraphDeployerRear@10.0.0.42: has been disconnected from Connection 6
2018-03-30T11:37:34.102+0000: 540.631: [GC (Allocation Failure) 2018-03-30T11:37:34.102+0000: 540.631: [DefNew: 145390K->8855K(153600K), 0.0136192 secs] 361471K->225638K(494976K), 0.0136815 secs] [Times: user=0.01 sys=0.00, real=0.02 secs] 
11:37:38.636 [worker-akka.actor.default-dispatcher-6] INFO  a.a.CoordinatedShutdown CoordinatedShutdown(akka://worker) - Starting coordinated shutdown from JVM shutdown hook
11:37:38.652 [worker-akka.actor.default-dispatcher-11] INFO  a.a.LocalActorRef akka://worker/user/watcher/graph_at_0/edge/FlameSocketGraphDeployerRear - Stopped
11:37:38.653 [worker-akka.actor.default-dispatcher-11] INFO  a.a.LocalActorRef akka://worker/user/watcher/graph_at_0/graph/$a - Stopped
11:37:38.653 [worker-akka.actor.default-dispatcher-11] INFO  a.a.LocalActorRef akka://worker/user/watcher/graph_at_0/graph/$b - Stopped
11:37:38.654 [worker-akka.actor.default-dispatcher-11] INFO  a.a.LocalActorRef akka://worker/user/watcher/graph_at_0/graph/$c - Stopped
11:37:38.654 [worker-akka.actor.default-dispatcher-11] INFO  a.a.LocalActorRef akka://worker/user/watcher/graph_at_0/graph/local-acker/$a - Stopped
11:37:38.656 [worker-akka.actor.default-dispatcher-3] INFO  a.a.LocalActorRef akka://worker/user/watcher/graph_at_0/graph/local-acker/$a - Message [com.spbsu.flamestream.runtime.utils.akka.PingActor$InnerPing] from Actor[akka://worker/user/watcher/graph_at_0/graph/local-acker/$a#-644457124] to Actor[akka://worker/user/watcher/graph_at_0/graph/local-acker/$a#-644457124] was not delivered. [1] dead letters encountered. This logging can be turned off or adjusted with configuration settings 'akka.log-dead-letters' and 'akka.log-dead-letters-during-shutdown'.
11:37:38.659 [worker-akka.actor.default-dispatcher-3] INFO  a.a.LocalActorRef akka://worker/user/watcher/graph_at_0/graph/local-acker - Stopped
11:37:38.659 [worker-akka.actor.default-dispatcher-3] INFO  a.a.LocalActorRef akka://worker/user/watcher/graph_at_0/graph - Stopped
11:37:38.659 [worker-akka.actor.default-dispatcher-3] INFO  a.a.LocalActorRef akka://worker/user/watcher/graph_at_0/graph/local-acker/$a - Message [com.spbsu.flamestream.runtime.utils.akka.PingActor$Stop] from Actor[akka://worker/user/watcher/graph_at_0/graph/local-acker#-1639076161] to Actor[akka://worker/user/watcher/graph_at_0/graph/local-acker/$a#-644457124] was not delivered. [2] dead letters encountered. This logging can be turned off or adjusted with configuration settings 'akka.log-dead-letters' and 'akka.log-dead-letters-during-shutdown'.
11:37:38.660 [worker-akka.actor.default-dispatcher-3] INFO  a.a.LocalActorRef akka://worker/user/watcher/graph_at_0/graph/local-acker - Message [com.spbsu.flamestream.runtime.acker.LocalAcker$Flush] from Actor[akka://worker/user/watcher/graph_at_0/graph/local-acker/$a#-644457124] to Actor[akka://worker/user/watcher/graph_at_0/graph/local-acker#-1639076161] was not delivered. [3] dead letters encountered. This logging can be turned off or adjusted with configuration settings 'akka.log-dead-letters' and 'akka.log-dead-letters-during-shutdown'.
11:37:38.666 [worker-akka.actor.default-dispatcher-12] INFO  a.a.LocalActorRef akka://worker/user/watcher/graph_at_0/negotiator - Stopped
11:37:38.672 [worker-akka.actor.default-dispatcher-4] INFO  a.a.LocalActorRef akka://worker/user/watcher/graph_at_0/edge/FlameSocketGraphDeployerFront - Stopped
11:37:38.672 [worker-akka.actor.default-dispatcher-4] INFO  a.a.LocalActorRef akka://worker/user/watcher/graph_at_0/edge - Stopped
11:37:38.675 [worker-akka.actor.default-dispatcher-4] INFO  a.a.LocalActorRef akka://worker/user/watcher/graph_at_0 - Stopped
11:37:38.675 [worker-akka.actor.default-dispatcher-4] INFO  a.a.RepointableActorRef akka://worker/user/watcher - Stopped
11:37:38.676 [worker-akka.actor.default-dispatcher-6] INFO  o.a.z.ZooKeeper  - Session: 0x16276a9cd3d0004 closed
11:37:38.677 [worker-akka.actor.default-dispatcher-3-EventThread] INFO  o.a.z.ClientCnxn  - EventThread shut down for session: 0x16276a9cd3d0004
11:37:38.694 [worker-akka.actor.default-dispatcher-20] INFO  a.r.RemoteActorRefProvider$RemotingTerminator akka://worker@10.0.0.42:5412/system/remoting-terminator - Shutting down remote daemon.
11:37:38.695 [worker-akka.actor.default-dispatcher-20] INFO  a.r.RemoteActorRefProvider$RemotingTerminator akka://worker@10.0.0.42:5412/system/remoting-terminator - Remote daemon shut down; proceeding with flushing remote transports.
11:37:39.872 [worker-akka.actor.default-dispatcher-2] INFO  a.r.RemoteActorRefProvider$RemotingTerminator akka://worker@10.0.0.42:5412/system/remoting-terminator - Remoting shut down.
Heap
 def new generation   total 153600K, used 22847K [0x00000000e0c00000, 0x00000000eb2a0000, 0x00000000eb2a0000)
  eden space 136576K,  10% used [0x00000000e0c00000, 0x00000000e19a9f20, 0x00000000e9160000)
  from space 17024K,  52% used [0x00000000ea200000, 0x00000000eaaa5f68, 0x00000000eb2a0000)
  to   space 17024K,   0% used [0x00000000e9160000, 0x00000000e9160000, 0x00000000ea200000)
 tenured generation   total 341376K, used 216782K [0x00000000eb2a0000, 0x0000000100000000, 0x0000000100000000)
   the space 341376K,  63% used [0x00000000eb2a0000, 0x00000000f8653950, 0x00000000f8653a00, 0x0000000100000000)
 Metaspace       used 34421K, capacity 35288K, committed 35456K, reserved 1079296K
  class space    used 4532K, capacity 4703K, committed 4736K, reserved 1048576K
