14:54:19.059 [worker-akka.actor.default-dispatcher-2] INFO  a.e.s.Slf4jLogger  - Slf4jLogger started
2018-02-16T14:54:19.200+0000: 2.193: [Full GC (Metadata GC Threshold) 2018-02-16T14:54:19.200+0000: 2.193: [Tenured: 0K->15405K(341376K), 0.0369593 secs] 117540K->15405K(494976K), [Metaspace: 20874K->20874K(1067008K)], 0.0370251 secs] [Times: user=0.03 sys=0.01, real=0.04 secs] 
Ama winner
Ama winner
14:54:19.629 [worker-akka.actor.default-dispatcher-2] INFO  a.r.a.ArteryTransport(akka://worker) akka.remote.artery.ArteryTransport(akka://worker) - Started embedded media driver in directory [/dev/shm/aeron-root-worker-566438c9-350d-422c-974c-6ae2e5ade212]
14:54:19.847 [worker-akka.actor.default-dispatcher-2] INFO  a.r.a.ArteryTransport(akka://worker) akka.remote.artery.ArteryTransport(akka://worker) - Remoting started; listening on address: [akka://worker@172.31.47.83:5412] with UID [-6014096551560762814]
14:54:19.951 [worker-akka.actor.default-dispatcher-2] INFO  o.a.z.ZooKeeper  - Client environment:zookeeper.version=3.4.9-1757313, built on 08/23/2016 06:50 GMT
14:54:19.952 [worker-akka.actor.default-dispatcher-2] INFO  o.a.z.ZooKeeper  - Client environment:host.name=ip-172-31-47-83.us-east-2.compute.internal
14:54:19.952 [worker-akka.actor.default-dispatcher-2] INFO  o.a.z.ZooKeeper  - Client environment:java.version=1.8.0_151
14:54:19.952 [worker-akka.actor.default-dispatcher-2] INFO  o.a.z.ZooKeeper  - Client environment:java.vendor=Oracle Corporation
14:54:19.952 [worker-akka.actor.default-dispatcher-2] INFO  o.a.z.ZooKeeper  - Client environment:java.home=/usr/lib/jvm/java-8-openjdk-amd64/jre
14:54:19.952 [worker-akka.actor.default-dispatcher-2] INFO  o.a.z.ZooKeeper  - Client environment:java.class.path=lib/commons-cli-1.4.jar:lib/minlog-1.3.0.jar:lib/asm-5.0.4.jar:lib/hadoop-annotations-2.7.3.jar:lib/hadoop-auth-2.7.3.jar:lib/akka-slf4j_2.11-2.5.6.jar:lib/jersey-core-1.9.jar:lib/lz4-1.3.0.jar:lib/jackson-core-asl-1.9.13.jar:lib/aeron-client-1.3.0.jar:lib/htrace-core-3.1.0-incubating.jar:lib/xz-1.0.jar:lib/commons-httpclient-3.1.jar:lib/asm-3.1.jar:lib/commons-lang3-3.4.jar:lib/scala-library-2.11.11.jar:lib/scala-java8-compat_2.11-0.7.0.jar:lib/commons-configuration-1.6.jar:lib/objenesis-2.1.jar:lib/jackson-annotations-2.8.0.jar:lib/jsr305-3.0.0.jar:lib/curator-framework-2.7.1.jar:lib/jersey-server-1.9.jar:lib/jets3t-0.9.0.jar:lib/leveldb-0.7.jar:lib/jetty-6.1.26.jar:lib/stax-api-1.0-2.jar:lib/flamestream-core-1.0-SNAPSHOT.jar:lib/reflectasm-1.07-shaded.jar:lib/apacheds-kerberos-codec-2.0.0-M15.jar:lib/api-asn1-api-1.0.0-M20.jar:lib/commons-lang-2.6.jar:lib/commons-beanutils-1.7.0.jar:lib/jackson-xc-1.8.3.jar:lib/jetty-util-6.1.26.jar:lib/logback-classic-1.2.3.jar:lib/jool-0.9.12.jar:lib/flamestream-runtime-1.0-SNAPSHOT-tests.jar:lib/httpcore-4.1.2.jar:lib/kryo-4.0.0.jar:lib/ant-1.8.1.jar:lib/jaxb-impl-2.2.3-1.jar:lib/jersey-json-1.9.jar:lib/commons-compress-1.4.1.jar:lib/leveldbjni-all-1.8.jar:lib/paranamer-2.3.jar:lib/jackson-core-2.8.4.jar:lib/commons-math3-3.6.1.jar:lib/scala-parser-combinators_2.11-1.0.4.jar:lib/netty-3.10.6.Final.jar:lib/trove4j-3.0.3.jar:lib/jaxb-api-2.2.2.jar:lib/logback-core-1.2.3.jar:lib/snappy-java-1.0.4.1.jar:lib/protobuf-java-2.5.0.jar:lib/reactive-streams-1.0.1.jar:lib/flamestream-examples-1.0-SNAPSHOT.jar:lib/commons-codec-1.4.jar:lib/activation-1.1.jar:lib/commons-net-3.1.jar:lib/curator-recipes-2.7.1.jar:lib/jackson-mapper-asl-1.9.13.jar:lib/jackson-databind-2.8.4.jar:lib/flamestream-runtime-1.0-SNAPSHOT.jar:lib/jackson-jaxrs-1.8.3.jar:lib/slf4j-api-1.7.24.jar:lib/akka-remote_2.11-2.5.6.jar:lib/akka-testkit_2.11-2.5.6.jar:lib/jline-0.9.94.jar:lib/akka-stream_2.11-2.5.6.jar:lib/jsp-api-2.1.jar:lib/kryonet-2.21.jar:lib/akka-kryo-serialization_2.11-0.5.0.jar:lib/config-1.3.1.jar:lib/ant-launcher-1.8.1.jar:lib/commons-logging-1.2.jar:lib/ssl-config-core_2.11-0.2.2.jar:lib/testng-6.10.jar:lib/leveldb-api-0.7.jar:lib/reflectasm-1.11.3.jar:lib/jcommander-1.48.jar:lib/commons-1.1.jar:lib/commons-digester-1.8.jar:lib/minlog-1.2.jar:lib/java-xmlbuilder-0.4.jar:lib/jettison-1.1.jar:lib/gson-2.2.4.jar:lib/jdk.tools-1.8.jar:lib/aeron-driver-1.3.0.jar:lib/zookeeper-3.4.9.jar:lib/commons-beanutils-core-1.8.0.jar:lib/commons-math3-3.1.1.jar:lib/akka-actor_2.11-2.5.6.jar:lib/curator-client-2.7.1.jar:lib/servlet-api-2.5.jar:lib/apacheds-i18n-2.0.0-M15.jar:lib/commons-io-2.4.jar:lib/commons-codec-1.6.jar:lib/akka-protobuf_2.11-2.5.6.jar:lib/protobuf-java-3.5.1.jar:lib/jdom-2.0.2.jar:lib/api-util-1.0.0-M20.jar:lib/hadoop-common-2.7.3.jar:lib/agrona-0.9.6.jar:lib/xmlenc-0.52.jar:lib/guava-21.0.jar:lib/commons-collections-3.2.2.jar:lib/avro-1.7.4.jar:lib/httpclient-4.1.2.jar:lib/flamestream-core-1.0-SNAPSHOT-tests.jar:lib/annotations-12.0.jar:lib/jsch-0.1.42.jar:flamestream-runtime-1.0-SNAPSHOT.jar
14:54:19.952 [worker-akka.actor.default-dispatcher-2] INFO  o.a.z.ZooKeeper  - Client environment:java.library.path=/usr/java/packages/lib/amd64:/usr/lib/x86_64-linux-gnu/jni:/lib/x86_64-linux-gnu:/usr/lib/x86_64-linux-gnu:/usr/lib/jni:/lib:/usr/lib
14:54:19.952 [worker-akka.actor.default-dispatcher-2] INFO  o.a.z.ZooKeeper  - Client environment:java.io.tmpdir=/tmp
14:54:19.952 [worker-akka.actor.default-dispatcher-2] INFO  o.a.z.ZooKeeper  - Client environment:java.compiler=<NA>
14:54:19.952 [worker-akka.actor.default-dispatcher-2] INFO  o.a.z.ZooKeeper  - Client environment:os.name=Linux
14:54:19.952 [worker-akka.actor.default-dispatcher-2] INFO  o.a.z.ZooKeeper  - Client environment:os.arch=amd64
14:54:19.952 [worker-akka.actor.default-dispatcher-2] INFO  o.a.z.ZooKeeper  - Client environment:os.version=4.4.0-1049-aws
14:54:19.952 [worker-akka.actor.default-dispatcher-2] INFO  o.a.z.ZooKeeper  - Client environment:user.name=root
14:54:19.954 [worker-akka.actor.default-dispatcher-2] INFO  o.a.z.ZooKeeper  - Client environment:user.home=/root
14:54:19.955 [worker-akka.actor.default-dispatcher-2] INFO  o.a.z.ZooKeeper  - Client environment:user.dir=/opt/flamestream
14:54:19.959 [worker-akka.actor.default-dispatcher-2] INFO  o.a.z.ZooKeeper  - Initiating client connection, connectString=172.31.34.147:2181 sessionTimeout=5000 watcher=com.spbsu.flamestream.runtime.application.LifecycleWatcher$$Lambda$29/764839090@3d5d5f13
14:54:19.993 [worker-akka.actor.default-dispatcher-2] INFO  a.a.RepointableActorRef akka://worker/user/watcher - Starting...
14:54:19.995 [worker-akka.actor.default-dispatcher-2-SendThread(172.31.34.147:2181)] INFO  o.a.z.ClientCnxn  - Opening socket connection to server 172.31.34.147/172.31.34.147:2181. Will not attempt to authenticate using SASL (unknown error)
14:54:20.000 [worker-akka.actor.default-dispatcher-2-SendThread(172.31.34.147:2181)] INFO  o.a.z.ClientCnxn  - Socket connection established to 172.31.34.147/172.31.34.147:2181, initiating session
14:54:20.009 [worker-akka.actor.default-dispatcher-2-SendThread(172.31.34.147:2181)] INFO  o.a.z.ClientCnxn  - Session establishment complete on server 172.31.34.147/172.31.34.147:2181, sessionid = 0x1619f1aca19000b, negotiated timeout = 6000
14:54:20.101 [worker-akka.actor.default-dispatcher-2] INFO  a.a.RepointableActorRef akka://worker/user/watcher - Connected to ZK
14:54:30.562 [worker-akka.actor.default-dispatcher-2] INFO  a.a.RepointableActorRef akka://worker/user/watcher - Creating node with watchGraphs: 'com.spbsu.flamestream.core.Graph$Builder$MyGraph@4084ed8a', config: 'ClusterConfig{paths={172.31.33.155=akka://worker@172.31.33.155:5412/user/watcher/graph0000000000, 172.31.47.83=akka://worker@172.31.47.83:5412/user/watcher/graph0000000000, 172.31.45.197=akka://worker@172.31.45.197:5412/user/watcher/graph0000000000, 172.31.42.36=akka://worker@172.31.42.36:5412/user/watcher/graph0000000000, 172.31.44.83=akka://worker@172.31.44.83:5412/user/watcher/graph0000000000, 172.31.39.64=akka://worker@172.31.39.64:5412/user/watcher/graph0000000000, 172.31.35.79=akka://worker@172.31.35.79:5412/user/watcher/graph0000000000, 172.31.34.169=akka://worker@172.31.34.169:5412/user/watcher/graph0000000000, 172.31.47.100=akka://worker@172.31.47.100:5412/user/watcher/graph0000000000, 172.31.37.101=akka://worker@172.31.37.101:5412/user/watcher/graph0000000000}, ackerLocation='172.31.35.79', props=ComputationLayout{ranges={172.31.33.155=HashRange{from=-1670265060, to=-1193046472}, 172.31.47.83=HashRange{from=1670265056, to=2147483644}, 172.31.45.197=HashRange{from=-715827884, to=-238609296}, 172.31.42.36=HashRange{from=1193046468, to=1670265056}, 172.31.44.83=HashRange{from=-238609296, to=238609292}, 172.31.39.64=HashRange{from=715827880, to=1193046468}, 172.31.35.79=HashRange{from=0, to=0}, 172.31.34.169=HashRange{from=-2147483648, to=-1670265060}, 172.31.47.100=HashRange{from=238609292, to=715827880}, 172.31.37.101=HashRange{from=-1193046472, to=-715827884}}}}'
14:54:31.300 [worker-akka.actor.default-dispatcher-2] INFO  a.a.LocalActorRef akka://worker/user/watcher/graph0000000000/graph - Starting...
14:54:31.301 [worker-akka.actor.default-dispatcher-2] INFO  a.a.LocalActorRef akka://worker/user/watcher/graph0000000000/graph/local-acker/$a - Starting...
14:54:31.301 [worker-akka.actor.default-dispatcher-2] INFO  a.a.LocalActorRef akka://worker/user/watcher/graph0000000000/graph/local-acker - Starting...
Warning: space is running low in /dev/shm (tmpfs) threshold=167,772,160 usable=158,621,696
Warning: space is running low in /dev/shm (tmpfs) threshold=167,772,160 usable=146,034,688
Warning: space is running low in /dev/shm (tmpfs) threshold=167,772,160 usable=133,447,680
Warning: space is running low in /dev/shm (tmpfs) threshold=167,772,160 usable=120,860,672
Warning: space is running low in /dev/shm (tmpfs) threshold=167,772,160 usable=108,273,664
Warning: space is running low in /dev/shm (tmpfs) threshold=167,772,160 usable=95,686,656
Warning: space is running low in /dev/shm (tmpfs) threshold=167,772,160 usable=83,099,648
Warning: space is running low in /dev/shm (tmpfs) threshold=167,772,160 usable=70,512,640
14:54:32.408 [worker-akka.actor.default-dispatcher-2] INFO  a.a.LocalActorRef akka://worker/user/watcher/graph0000000000/graph - Finishing constructor
14:54:32.409 [worker-akka.actor.default-dispatcher-2] INFO  a.a.LocalActorRef akka://worker/user/watcher/graph0000000000 - Starting...
14:54:32.490 [worker-akka.actor.default-dispatcher-2] INFO  a.a.LocalActorRef akka://worker/user/watcher/graph0000000000/negotiator - Starting...
14:54:32.492 [worker-akka.actor.default-dispatcher-2] INFO  a.a.LocalActorRef akka://worker/user/watcher/graph0000000000/edge - Starting...
14:54:32.494 [worker-akka.actor.default-dispatcher-2] INFO  a.a.LocalActorRef akka://worker/user/watcher/graph0000000000/graph/$a - Starting...
14:54:32.495 [worker-akka.actor.default-dispatcher-2] INFO  a.a.LocalActorRef akka://worker/user/watcher/graph0000000000/graph/$b - Starting...
14:54:32.495 [worker-akka.actor.default-dispatcher-2] INFO  a.a.LocalActorRef akka://worker/user/watcher/graph0000000000/graph/$c - Starting...
14:54:32.525 [worker-akka.actor.default-dispatcher-2] INFO  c.s.f.r.e.s.SocketRear  - FlameSocketGraphDeployerRear@172.31.47.83: connecting to 172.31.34.147:5678
14:54:32.532 [worker-akka.actor.default-dispatcher-2] INFO  c.s.f.r.e.s.SocketRear  - FlameSocketGraphDeployerRear@172.31.47.83: connected to 172.31.34.147:5678
2018-02-16T14:54:32.536+0000: 15.530: [GC (Allocation Failure) 2018-02-16T14:54:32.536+0000: 15.530: [DefNew: 123152K->17024K(153600K), 0.0217659 secs] 138558K->43126K(494976K), 0.0218176 secs] [Times: user=0.00 sys=0.01, real=0.02 secs] 
14:54:32.583 [worker-akka.actor.default-dispatcher-2] INFO  a.a.LocalActorRef akka://worker/user/watcher/graph0000000000/edge/FlameSocketGraphDeployerRear - Starting...
14:54:32.585 [worker-akka.actor.default-dispatcher-2] INFO  a.a.LocalActorRef akka://worker/user/watcher/graph0000000000/edge/FlameSocketGraphDeployerFront - Starting...
14:54:32.585 [worker-akka.actor.default-dispatcher-2] INFO  a.a.LocalActorRef akka://worker/user/watcher/graph0000000000/negotiator - Requesting ticket for the frontClass FlameSocketGraphDeployerFront@172.31.47.83
14:54:32.596 [worker-akka.actor.default-dispatcher-2] INFO  a.a.LocalActorRef akka://worker/user/watcher/graph0000000000/negotiator - Ticket for the frontClass received: FrontTicket{allowedTimestamp=(1518792870514, FlameSocketGraphDeployerFront@172.31.47.83)}
14:54:32.597 [worker-akka.actor.default-dispatcher-2] INFO  c.s.f.r.e.s.SocketFront  - FlameSocketGraphDeployerFront@172.31.47.83: connecting to 172.31.34.147:4567
14:54:32.619 [Client] INFO  c.s.f.r.e.s.SocketFront  - FlameSocketGraphDeployerFront@172.31.47.83 has been disconnected from Connection 3
2018-02-16T14:54:44.561+0000: 27.555: [GC (Allocation Failure) 2018-02-16T14:54:44.561+0000: 27.555: [DefNew: 153600K->3891K(153600K), 0.0677951 secs] 179702K->66510K(494976K), 0.0678681 secs] [Times: user=0.02 sys=0.05, real=0.07 secs] 
2018-02-16T14:54:59.532+0000: 42.525: [GC (Allocation Failure) 2018-02-16T14:54:59.532+0000: 42.525: [DefNew: 140467K->5972K(153600K), 0.0128965 secs] 203086K->68591K(494976K), 0.0129581 secs] [Times: user=0.01 sys=0.00, real=0.01 secs] 
2018-02-16T14:55:10.544+0000: 53.537: [GC (Allocation Failure) 2018-02-16T14:55:10.544+0000: 53.537: [DefNew: 142548K->7626K(153600K), 0.0164740 secs] 205167K->70245K(494976K), 0.0165390 secs] [Times: user=0.02 sys=0.00, real=0.01 secs] 
2018-02-16T14:55:20.025+0000: 63.018: [GC (Allocation Failure) 2018-02-16T14:55:20.025+0000: 63.018: [DefNew: 144202K->9267K(153600K), 0.0152509 secs] 206821K->71886K(494976K), 0.0153173 secs] [Times: user=0.01 sys=0.00, real=0.01 secs] 
2018-02-16T14:55:27.551+0000: 70.544: [GC (Allocation Failure) 2018-02-16T14:55:27.551+0000: 70.544: [DefNew: 145843K->8243K(153600K), 0.0174189 secs] 208462K->72618K(494976K), 0.0174904 secs] [Times: user=0.02 sys=0.00, real=0.02 secs] 
2018-02-16T14:55:40.353+0000: 83.346: [GC (Allocation Failure) 2018-02-16T14:55:40.353+0000: 83.346: [DefNew: 144819K->9855K(153600K), 0.0159694 secs] 209194K->74230K(494976K), 0.0160321 secs] [Times: user=0.02 sys=0.00, real=0.01 secs] 
2018-02-16T14:55:53.069+0000: 96.062: [GC (Allocation Failure) 2018-02-16T14:55:53.069+0000: 96.062: [DefNew: 146431K->9613K(153600K), 0.0183317 secs] 210806K->75348K(494976K), 0.0183929 secs] [Times: user=0.02 sys=0.00, real=0.02 secs] 
2018-02-16T14:56:08.852+0000: 111.846: [GC (Allocation Failure) 2018-02-16T14:56:08.852+0000: 111.846: [DefNew: 146189K->10358K(153600K), 0.0206416 secs] 211924K->77142K(494976K), 0.0207060 secs] [Times: user=0.02 sys=0.00, real=0.02 secs] 
2018-02-16T14:56:19.312+0000: 122.305: [GC (Allocation Failure) 2018-02-16T14:56:19.312+0000: 122.305: [DefNew: 146934K->8544K(153600K), 0.0181788 secs] 213718K->77656K(494976K), 0.0182432 secs] [Times: user=0.02 sys=0.00, real=0.02 secs] 
2018-02-16T14:56:30.500+0000: 133.494: [GC (Allocation Failure) 2018-02-16T14:56:30.500+0000: 133.494: [DefNew: 145120K->8682K(153600K), 0.0156631 secs] 214232K->79008K(494976K), 0.0157295 secs] [Times: user=0.02 sys=0.00, real=0.02 secs] 
2018-02-16T14:56:45.649+0000: 148.643: [GC (Allocation Failure) 2018-02-16T14:56:45.649+0000: 148.643: [DefNew: 145258K->8741K(153600K), 0.0176277 secs] 215584K->80289K(494976K), 0.0176966 secs] [Times: user=0.02 sys=0.00, real=0.02 secs] 
2018-02-16T14:56:59.443+0000: 162.437: [GC (Allocation Failure) 2018-02-16T14:56:59.443+0000: 162.437: [DefNew: 145317K->8925K(153600K), 0.0169953 secs] 216865K->81929K(494976K), 0.0170597 secs] [Times: user=0.01 sys=0.00, real=0.02 secs] 
2018-02-16T14:57:14.111+0000: 177.105: [GC (Allocation Failure) 2018-02-16T14:57:14.111+0000: 177.105: [DefNew: 145501K->9018K(153600K), 0.0177270 secs] 218505K->83020K(494976K), 0.0178291 secs] [Times: user=0.02 sys=0.00, real=0.02 secs] 
2018-02-16T14:57:26.088+0000: 189.081: [GC (Allocation Failure) 2018-02-16T14:57:26.088+0000: 189.081: [DefNew: 145594K->8996K(153600K), 0.0162925 secs] 219596K->84005K(494976K), 0.0163564 secs] [Times: user=0.02 sys=0.00, real=0.02 secs] 
2018-02-16T14:57:40.882+0000: 203.876: [GC (Allocation Failure) 2018-02-16T14:57:40.882+0000: 203.876: [DefNew: 145572K->9259K(153600K), 0.0170516 secs] 220581K->85391K(494976K), 0.0171127 secs] [Times: user=0.01 sys=0.00, real=0.02 secs] 
2018-02-16T14:57:54.982+0000: 217.976: [GC (Allocation Failure) 2018-02-16T14:57:54.982+0000: 217.976: [DefNew: 145835K->9800K(153600K), 0.0182399 secs] 221967K->87179K(494976K), 0.0183336 secs] [Times: user=0.02 sys=0.00, real=0.02 secs] 
2018-02-16T14:58:08.264+0000: 231.258: [GC (Allocation Failure) 2018-02-16T14:58:08.264+0000: 231.258: [DefNew: 146376K->8951K(153600K), 0.0220161 secs] 223755K->88529K(494976K), 0.0220820 secs] [Times: user=0.02 sys=0.00, real=0.02 secs] 
2018-02-16T14:58:20.322+0000: 243.315: [GC (Allocation Failure) 2018-02-16T14:58:20.322+0000: 243.315: [DefNew: 145527K->8655K(153600K), 0.0160096 secs] 225105K->89476K(494976K), 0.0160928 secs] [Times: user=0.02 sys=0.00, real=0.02 secs] 
2018-02-16T14:58:35.393+0000: 258.387: [GC (Allocation Failure) 2018-02-16T14:58:35.394+0000: 258.387: [DefNew: 145231K->8392K(153600K), 0.0173880 secs] 226052K->90562K(494976K), 0.0174512 secs] [Times: user=0.02 sys=0.00, real=0.01 secs] 
2018-02-16T14:58:46.089+0000: 269.083: [GC (Allocation Failure) 2018-02-16T14:58:46.089+0000: 269.083: [DefNew: 144968K->9576K(153600K), 0.0148034 secs] 227138K->91746K(494976K), 0.0148715 secs] [Times: user=0.02 sys=0.00, real=0.02 secs] 
2018-02-16T14:58:58.121+0000: 281.115: [GC (Allocation Failure) 2018-02-16T14:58:58.121+0000: 281.115: [DefNew: 146152K->9870K(153600K), 0.0171107 secs] 228322K->93157K(494976K), 0.0171721 secs] [Times: user=0.02 sys=0.00, real=0.02 secs] 
2018-02-16T14:59:07.529+0000: 290.522: [GC (Allocation Failure) 2018-02-16T14:59:07.529+0000: 290.522: [DefNew: 146446K->8744K(153600K), 0.0198729 secs] 229733K->94256K(494976K), 0.0199392 secs] [Times: user=0.01 sys=0.02, real=0.02 secs] 
2018-02-16T14:59:20.414+0000: 303.407: [GC (Allocation Failure) 2018-02-16T14:59:20.414+0000: 303.407: [DefNew: 145320K->9892K(153600K), 0.0165265 secs] 230832K->96312K(494976K), 0.0165946 secs] [Times: user=0.02 sys=0.00, real=0.01 secs] 
2018-02-16T14:59:33.211+0000: 316.204: [GC (Allocation Failure) 2018-02-16T14:59:33.211+0000: 316.204: [DefNew: 146468K->10421K(153600K), 0.0193580 secs] 232888K->98217K(494976K), 0.0194208 secs] [Times: user=0.02 sys=0.00, real=0.02 secs] 
2018-02-16T14:59:44.090+0000: 327.084: [GC (Allocation Failure) 2018-02-16T14:59:44.090+0000: 327.084: [DefNew: 146997K->8093K(153600K), 0.0183622 secs] 234793K->99166K(494976K), 0.0184391 secs] [Times: user=0.02 sys=0.00, real=0.02 secs] 
2018-02-16T14:59:56.751+0000: 339.745: [GC (Allocation Failure) 2018-02-16T14:59:56.751+0000: 339.745: [DefNew: 144669K->10182K(153600K), 0.0162400 secs] 235742K->101254K(494976K), 0.0163211 secs] [Times: user=0.02 sys=0.00, real=0.02 secs] 
2018-02-16T15:00:10.294+0000: 353.288: [GC (Allocation Failure) 2018-02-16T15:00:10.294+0000: 353.288: [DefNew: 146758K->8433K(153600K), 0.0318697 secs] 237830K->102239K(494976K), 0.0319316 secs] [Times: user=0.00 sys=0.03, real=0.03 secs] 
2018-02-16T15:00:20.437+0000: 363.430: [GC (Allocation Failure) 2018-02-16T15:00:20.437+0000: 363.430: [DefNew: 145009K->9751K(153600K), 0.0146272 secs] 238815K->103557K(494976K), 0.0146918 secs] [Times: user=0.02 sys=0.00, real=0.01 secs] 
2018-02-16T15:00:33.063+0000: 376.057: [GC (Allocation Failure) 2018-02-16T15:00:33.063+0000: 376.057: [DefNew: 146327K->9769K(153600K), 0.0171034 secs] 240133K->104863K(494976K), 0.0171658 secs] [Times: user=0.02 sys=0.00, real=0.02 secs] 
2018-02-16T15:00:46.246+0000: 389.239: [GC (Allocation Failure) 2018-02-16T15:00:46.246+0000: 389.239: [DefNew: 146345K->10107K(153600K), 0.0185982 secs] 241439K->106377K(494976K), 0.0186768 secs] [Times: user=0.02 sys=0.00, real=0.02 secs] 
2018-02-16T15:00:57.679+0000: 400.672: [GC (Allocation Failure) 2018-02-16T15:00:57.679+0000: 400.672: [DefNew: 146683K->9199K(153600K), 0.0289535 secs] 242953K->107933K(494976K), 0.0290193 secs] [Times: user=0.01 sys=0.03, real=0.03 secs] 
2018-02-16T15:01:09.995+0000: 412.988: [GC (Allocation Failure) 2018-02-16T15:01:09.995+0000: 412.988: [DefNew: 145775K->8798K(153600K), 0.0172526 secs] 244509K->109125K(494976K), 0.0173176 secs] [Times: user=0.02 sys=0.00, real=0.02 secs] 
2018-02-16T15:01:20.863+0000: 423.856: [GC (Allocation Failure) 2018-02-16T15:01:20.863+0000: 423.856: [DefNew: 145374K->9120K(153600K), 0.0159591 secs] 245701K->110869K(494976K), 0.0160503 secs] [Times: user=0.01 sys=0.00, real=0.02 secs] 
2018-02-16T15:01:32.171+0000: 435.164: [GC (Allocation Failure) 2018-02-16T15:01:32.171+0000: 435.164: [DefNew: 145696K->9154K(153600K), 0.0170090 secs] 247445K->112369K(494976K), 0.0170714 secs] [Times: user=0.01 sys=0.01, real=0.02 secs] 
2018-02-16T15:01:44.753+0000: 447.747: [GC (Allocation Failure) 2018-02-16T15:01:44.753+0000: 447.747: [DefNew: 145730K->9560K(153600K), 0.0265660 secs] 248945K->114105K(494976K), 0.0266323 secs] [Times: user=0.02 sys=0.01, real=0.02 secs] 
2018-02-16T15:01:59.026+0000: 462.019: [GC (Allocation Failure) 2018-02-16T15:01:59.026+0000: 462.019: [DefNew: 146136K->9684K(153600K), 0.0164351 secs] 250681K->115717K(494976K), 0.0165072 secs] [Times: user=0.02 sys=0.00, real=0.01 secs] 
2018-02-16T15:02:09.566+0000: 472.559: [GC (Allocation Failure) 2018-02-16T15:02:09.566+0000: 472.559: [DefNew: 146260K->9301K(153600K), 0.0162619 secs] 252293K->116930K(494976K), 0.0163257 secs] [Times: user=0.02 sys=0.00, real=0.01 secs] 
2018-02-16T15:02:22.448+0000: 485.442: [GC (Allocation Failure) 2018-02-16T15:02:22.448+0000: 485.442: [DefNew: 145877K->9627K(153600K), 0.0163109 secs] 253506K->118792K(494976K), 0.0163888 secs] [Times: user=0.02 sys=0.00, real=0.02 secs] 
2018-02-16T15:02:36.867+0000: 499.861: [GC (Allocation Failure) 2018-02-16T15:02:36.867+0000: 499.861: [DefNew: 146203K->9802K(153600K), 0.0167107 secs] 255368K->120341K(494976K), 0.0167836 secs] [Times: user=0.02 sys=0.00, real=0.02 secs] 
2018-02-16T15:02:46.935+0000: 509.928: [GC (Allocation Failure) 2018-02-16T15:02:46.935+0000: 509.928: [DefNew: 146378K->10791K(153600K), 0.0181466 secs] 256917K->122715K(494976K), 0.0182126 secs] [Times: user=0.02 sys=0.00, real=0.02 secs] 
2018-02-16T15:02:59.418+0000: 522.411: [GC (Allocation Failure) 2018-02-16T15:02:59.418+0000: 522.412: [DefNew: 147367K->9985K(153600K), 0.0178274 secs] 259291K->123572K(494976K), 0.0179098 secs] [Times: user=0.02 sys=0.00, real=0.02 secs] 
15:03:10.009 [Client] INFO  c.s.f.r.e.s.SocketRear  - FlameSocketGraphDeployerRear@172.31.47.83: has been disconnected from Connection 3
15:03:31.624 [worker-akka.actor.default-dispatcher-2] INFO  a.a.CoordinatedShutdown CoordinatedShutdown(akka://worker) - Starting coordinated shutdown from JVM shutdown hook
15:03:31.665 [worker-akka.actor.default-dispatcher-2] INFO  a.a.LocalActorRef akka://worker/user/watcher/graph0000000000/negotiator - Stopped
15:03:31.670 [worker-akka.actor.default-dispatcher-2] INFO  a.a.LocalActorRef akka://worker/user/watcher/graph0000000000/edge/FlameSocketGraphDeployerFront - Stopped
15:03:31.670 [worker-akka.actor.default-dispatcher-2] INFO  a.a.LocalActorRef akka://worker/user/watcher/graph0000000000/edge/FlameSocketGraphDeployerRear - Stopped
15:03:31.670 [worker-akka.actor.default-dispatcher-2] INFO  a.a.LocalActorRef akka://worker/user/watcher/graph0000000000/graph/$a - Stopped
15:03:31.670 [worker-akka.actor.default-dispatcher-2] INFO  a.a.LocalActorRef akka://worker/user/watcher/graph0000000000/graph/$b - Stopped
15:03:31.672 [worker-akka.actor.default-dispatcher-2] INFO  a.a.LocalActorRef akka://worker/user/watcher/graph0000000000/graph/$c - Stopped
15:03:31.673 [worker-akka.actor.default-dispatcher-2] INFO  a.a.LocalActorRef akka://worker/user/watcher/graph0000000000/graph/local-acker/$a - Stopped
15:03:31.678 [worker-akka.actor.default-dispatcher-2] INFO  a.a.LocalActorRef akka://worker/user/watcher/graph0000000000/edge - Stopped
15:03:31.680 [worker-akka.actor.default-dispatcher-2] INFO  a.a.LocalActorRef akka://worker/user/watcher/graph0000000000/graph/local-acker/$a - Message [com.spbsu.flamestream.runtime.utils.akka.PingActor$InnerPing] from Actor[akka://worker/user/watcher/graph0000000000/graph/local-acker/$a#59098853] to Actor[akka://worker/user/watcher/graph0000000000/graph/local-acker/$a#59098853] was not delivered. [1] dead letters encountered. This logging can be turned off or adjusted with configuration settings 'akka.log-dead-letters' and 'akka.log-dead-letters-during-shutdown'.
15:03:31.680 [worker-akka.actor.default-dispatcher-2] INFO  a.a.LocalActorRef akka://worker/user/watcher/graph0000000000/graph/local-acker - Stopped
15:03:31.683 [worker-akka.actor.default-dispatcher-2] INFO  a.a.LocalActorRef akka://worker/user/watcher/graph0000000000/graph/local-acker/$a - Message [com.spbsu.flamestream.runtime.utils.akka.PingActor$Stop] from Actor[akka://worker/user/watcher/graph0000000000/graph/local-acker#1065888191] to Actor[akka://worker/user/watcher/graph0000000000/graph/local-acker/$a#59098853] was not delivered. [2] dead letters encountered. This logging can be turned off or adjusted with configuration settings 'akka.log-dead-letters' and 'akka.log-dead-letters-during-shutdown'.
15:03:31.684 [worker-akka.actor.default-dispatcher-2] INFO  a.a.LocalActorRef akka://worker/user/watcher/graph0000000000/graph/local-acker - Message [com.spbsu.flamestream.runtime.acker.LocalAcker$Flush] from Actor[akka://worker/user/watcher/graph0000000000/graph/local-acker#1065888191] to Actor[akka://worker/user/watcher/graph0000000000/graph/local-acker#1065888191] was not delivered. [3] dead letters encountered. This logging can be turned off or adjusted with configuration settings 'akka.log-dead-letters' and 'akka.log-dead-letters-during-shutdown'.
15:03:31.684 [worker-akka.actor.default-dispatcher-2] INFO  a.a.LocalActorRef akka://worker/user/watcher/graph0000000000/graph/local-acker - Message [com.spbsu.flamestream.runtime.acker.LocalAcker$Flush] from Actor[akka://worker/user/watcher/graph0000000000/graph/local-acker#1065888191] to Actor[akka://worker/user/watcher/graph0000000000/graph/local-acker#1065888191] was not delivered. [4] dead letters encountered. This logging can be turned off or adjusted with configuration settings 'akka.log-dead-letters' and 'akka.log-dead-letters-during-shutdown'.
15:03:31.685 [worker-akka.actor.default-dispatcher-2] INFO  a.a.LocalActorRef akka://worker/user/watcher/graph0000000000/graph/local-acker - Message [com.spbsu.flamestream.runtime.acker.LocalAcker$Flush] from Actor[akka://worker/user/watcher/graph0000000000/graph/local-acker#1065888191] to Actor[akka://worker/user/watcher/graph0000000000/graph/local-acker#1065888191] was not delivered. [5] dead letters encountered. This logging can be turned off or adjusted with configuration settings 'akka.log-dead-letters' and 'akka.log-dead-letters-during-shutdown'.
15:03:31.685 [worker-akka.actor.default-dispatcher-2] INFO  a.a.LocalActorRef akka://worker/user/watcher/graph0000000000/graph/local-acker - Message [com.spbsu.flamestream.runtime.acker.LocalAcker$Flush] from Actor[akka://worker/user/watcher/graph0000000000/graph/local-acker#1065888191] to Actor[akka://worker/user/watcher/graph0000000000/graph/local-acker#1065888191] was not delivered. [6] dead letters encountered. This logging can be turned off or adjusted with configuration settings 'akka.log-dead-letters' and 'akka.log-dead-letters-during-shutdown'.
15:03:31.686 [worker-akka.actor.default-dispatcher-2] INFO  a.a.LocalActorRef akka://worker/user/watcher/graph0000000000/graph - Stopped
15:03:31.686 [worker-akka.actor.default-dispatcher-2] INFO  a.a.LocalActorRef akka://worker/user/watcher/graph0000000000 - Stopped
15:03:31.689 [worker-akka.actor.default-dispatcher-2-EventThread] INFO  o.a.z.ClientCnxn  - EventThread shut down for session: 0x1619f1aca19000b
15:03:31.690 [worker-akka.actor.default-dispatcher-2] INFO  o.a.z.ZooKeeper  - Session: 0x1619f1aca19000b closed
15:03:31.690 [worker-akka.actor.default-dispatcher-2] INFO  a.a.RepointableActorRef akka://worker/user/watcher - Stopped
15:03:31.707 [worker-akka.actor.default-dispatcher-2] INFO  a.r.RemoteActorRefProvider$RemotingTerminator akka://worker@172.31.47.83:5412/system/remoting-terminator - Shutting down remote daemon.
15:03:31.710 [worker-akka.actor.default-dispatcher-2] INFO  a.r.RemoteActorRefProvider$RemotingTerminator akka://worker@172.31.47.83:5412/system/remoting-terminator - Remote daemon shut down; proceeding with flushing remote transports.
2018-02-16T15:03:31.798+0000: 554.791: [GC (Allocation Failure) 2018-02-16T15:03:31.798+0000: 554.792: [DefNew: 146559K->10139K(153600K), 0.0339325 secs] 260146K->125393K(494976K), 0.0345383 secs] [Times: user=0.04 sys=0.00, real=0.04 secs] 
15:03:32.866 [worker-akka.actor.default-dispatcher-2] INFO  a.r.RemoteActorRefProvider$RemotingTerminator akka://worker@172.31.47.83:5412/system/remoting-terminator - Remoting shut down.
Attempts of event 'shuffle-send' - 0
Attempts of event 'front-receive-send' - 0
Attempts of event 'inject-out' - 577999
Attempts of event 'sink-receive' - 590022
Attempts of event 'flatmap-receive' - 1091
Attempts of event 'fm-send' - 544234
Attempts of event 'rear-in' - 576908
Attempts of event 'flatmap-send' - 544234
Attempts of event 'inject-in' - 577999
Attempts of event 'wrong-ordering-filter-receive' - 590022
Attempts of event 'accept-in' - 0
Attempts of event 'grouping-receive' - 1166930
Heap
 def new generation   total 153600K, used 37641K [0x00000000e0c00000, 0x00000000eb2a0000, 0x00000000eb2a0000)
  eden space 136576K,  20% used [0x00000000e0c00000, 0x00000000e26db7d0, 0x00000000e9160000)
  from space 17024K,  59% used [0x00000000ea200000, 0x00000000eabe6d70, 0x00000000eb2a0000)
  to   space 17024K,   0% used [0x00000000e9160000, 0x00000000e9160000, 0x00000000ea200000)
 tenured generation   total 341376K, used 115254K [0x00000000eb2a0000, 0x0000000100000000, 0x0000000100000000)
   the space 341376K,  33% used [0x00000000eb2a0000, 0x00000000f232da48, 0x00000000f232dc00, 0x0000000100000000)
 Metaspace       used 33476K, capacity 34286K, committed 34688K, reserved 1079296K
  class space    used 4454K, capacity 4622K, committed 4736K, reserved 1048576K
