09:49:47.447 [worker-akka.actor.default-dispatcher-2] INFO  a.e.s.Slf4jLogger  - Slf4jLogger started
2018-02-23T09:49:47.599+0000: 2.425: [Full GC (Metadata GC Threshold) 2018-02-23T09:49:47.599+0000: 2.425: [Tenured: 0K->15416K(341376K), 0.0373453 secs] 117538K->15416K(494976K), [Metaspace: 20877K->20877K(1067008K)], 0.0374086 secs] [Times: user=0.02 sys=0.01, real=0.04 secs] 
Ama winner
Ama winner
09:49:48.012 [worker-akka.actor.default-dispatcher-2] INFO  a.r.a.ArteryTransport(akka://worker) akka.remote.artery.ArteryTransport(akka://worker) - Started embedded media driver in directory [/dev/shm/aeron-root-worker-c93dc0bc-bd8a-4a1b-9e50-ef9e43f260bd]
09:49:48.211 [worker-akka.actor.default-dispatcher-2] INFO  a.r.a.ArteryTransport(akka://worker) akka.remote.artery.ArteryTransport(akka://worker) - Remoting started; listening on address: [akka://worker@172.31.47.83:5412] with UID [-5974525479228909247]
09:49:48.270 [worker-akka.actor.default-dispatcher-2] INFO  o.a.z.ZooKeeper  - Client environment:zookeeper.version=3.4.9-1757313, built on 08/23/2016 06:50 GMT
09:49:48.271 [worker-akka.actor.default-dispatcher-2] INFO  o.a.z.ZooKeeper  - Client environment:host.name=ip-172-31-47-83.us-east-2.compute.internal
09:49:48.271 [worker-akka.actor.default-dispatcher-2] INFO  o.a.z.ZooKeeper  - Client environment:java.version=1.8.0_151
09:49:48.271 [worker-akka.actor.default-dispatcher-2] INFO  o.a.z.ZooKeeper  - Client environment:java.vendor=Oracle Corporation
09:49:48.271 [worker-akka.actor.default-dispatcher-2] INFO  o.a.z.ZooKeeper  - Client environment:java.home=/usr/lib/jvm/java-8-openjdk-amd64/jre
09:49:48.271 [worker-akka.actor.default-dispatcher-2] INFO  o.a.z.ZooKeeper  - Client environment:java.class.path=lib/commons-cli-1.4.jar:lib/minlog-1.3.0.jar:lib/asm-5.0.4.jar:lib/hadoop-annotations-2.7.3.jar:lib/hadoop-auth-2.7.3.jar:lib/akka-slf4j_2.11-2.5.6.jar:lib/jersey-core-1.9.jar:lib/lz4-1.3.0.jar:lib/jackson-core-asl-1.9.13.jar:lib/aeron-client-1.3.0.jar:lib/htrace-core-3.1.0-incubating.jar:lib/xz-1.0.jar:lib/commons-httpclient-3.1.jar:lib/asm-3.1.jar:lib/commons-lang3-3.4.jar:lib/scala-library-2.11.11.jar:lib/scala-java8-compat_2.11-0.7.0.jar:lib/commons-configuration-1.6.jar:lib/objenesis-2.1.jar:lib/jackson-annotations-2.8.0.jar:lib/jsr305-3.0.0.jar:lib/curator-framework-2.7.1.jar:lib/jersey-server-1.9.jar:lib/jets3t-0.9.0.jar:lib/leveldb-0.7.jar:lib/jetty-6.1.26.jar:lib/stax-api-1.0-2.jar:lib/flamestream-core-1.0-SNAPSHOT.jar:lib/reflectasm-1.07-shaded.jar:lib/apacheds-kerberos-codec-2.0.0-M15.jar:lib/api-asn1-api-1.0.0-M20.jar:lib/commons-lang-2.6.jar:lib/commons-beanutils-1.7.0.jar:lib/jackson-xc-1.8.3.jar:lib/jetty-util-6.1.26.jar:lib/logback-classic-1.2.3.jar:lib/jool-0.9.12.jar:lib/flamestream-runtime-1.0-SNAPSHOT-tests.jar:lib/httpcore-4.1.2.jar:lib/kryo-4.0.0.jar:lib/ant-1.8.1.jar:lib/jaxb-impl-2.2.3-1.jar:lib/jersey-json-1.9.jar:lib/commons-compress-1.4.1.jar:lib/leveldbjni-all-1.8.jar:lib/paranamer-2.3.jar:lib/jackson-core-2.8.4.jar:lib/commons-math3-3.6.1.jar:lib/scala-parser-combinators_2.11-1.0.4.jar:lib/netty-3.10.6.Final.jar:lib/trove4j-3.0.3.jar:lib/jaxb-api-2.2.2.jar:lib/logback-core-1.2.3.jar:lib/snappy-java-1.0.4.1.jar:lib/protobuf-java-2.5.0.jar:lib/reactive-streams-1.0.1.jar:lib/flamestream-examples-1.0-SNAPSHOT.jar:lib/commons-codec-1.4.jar:lib/activation-1.1.jar:lib/commons-net-3.1.jar:lib/curator-recipes-2.7.1.jar:lib/jackson-mapper-asl-1.9.13.jar:lib/jackson-databind-2.8.4.jar:lib/flamestream-runtime-1.0-SNAPSHOT.jar:lib/jackson-jaxrs-1.8.3.jar:lib/slf4j-api-1.7.24.jar:lib/akka-remote_2.11-2.5.6.jar:lib/akka-testkit_2.11-2.5.6.jar:lib/jline-0.9.94.jar:lib/akka-stream_2.11-2.5.6.jar:lib/jsp-api-2.1.jar:lib/kryonet-2.21.jar:lib/akka-kryo-serialization_2.11-0.5.0.jar:lib/config-1.3.1.jar:lib/ant-launcher-1.8.1.jar:lib/commons-logging-1.2.jar:lib/ssl-config-core_2.11-0.2.2.jar:lib/testng-6.10.jar:lib/leveldb-api-0.7.jar:lib/reflectasm-1.11.3.jar:lib/jcommander-1.48.jar:lib/commons-1.1.jar:lib/commons-digester-1.8.jar:lib/minlog-1.2.jar:lib/java-xmlbuilder-0.4.jar:lib/jettison-1.1.jar:lib/gson-2.2.4.jar:lib/jdk.tools-1.8.jar:lib/aeron-driver-1.3.0.jar:lib/zookeeper-3.4.9.jar:lib/commons-beanutils-core-1.8.0.jar:lib/commons-math3-3.1.1.jar:lib/akka-actor_2.11-2.5.6.jar:lib/curator-client-2.7.1.jar:lib/servlet-api-2.5.jar:lib/apacheds-i18n-2.0.0-M15.jar:lib/commons-io-2.4.jar:lib/commons-codec-1.6.jar:lib/akka-protobuf_2.11-2.5.6.jar:lib/protobuf-java-3.5.1.jar:lib/jdom-2.0.2.jar:lib/api-util-1.0.0-M20.jar:lib/hadoop-common-2.7.3.jar:lib/agrona-0.9.6.jar:lib/xmlenc-0.52.jar:lib/guava-21.0.jar:lib/commons-collections-3.2.2.jar:lib/avro-1.7.4.jar:lib/httpclient-4.1.2.jar:lib/flamestream-core-1.0-SNAPSHOT-tests.jar:lib/annotations-12.0.jar:lib/jsch-0.1.42.jar:flamestream-runtime-1.0-SNAPSHOT.jar
09:49:48.271 [worker-akka.actor.default-dispatcher-2] INFO  o.a.z.ZooKeeper  - Client environment:java.library.path=/usr/java/packages/lib/amd64:/usr/lib/x86_64-linux-gnu/jni:/lib/x86_64-linux-gnu:/usr/lib/x86_64-linux-gnu:/usr/lib/jni:/lib:/usr/lib
09:49:48.271 [worker-akka.actor.default-dispatcher-2] INFO  o.a.z.ZooKeeper  - Client environment:java.io.tmpdir=/tmp
09:49:48.271 [worker-akka.actor.default-dispatcher-2] INFO  o.a.z.ZooKeeper  - Client environment:java.compiler=<NA>
09:49:48.271 [worker-akka.actor.default-dispatcher-2] INFO  o.a.z.ZooKeeper  - Client environment:os.name=Linux
09:49:48.272 [worker-akka.actor.default-dispatcher-2] INFO  o.a.z.ZooKeeper  - Client environment:os.arch=amd64
09:49:48.272 [worker-akka.actor.default-dispatcher-2] INFO  o.a.z.ZooKeeper  - Client environment:os.version=4.4.0-1049-aws
09:49:48.272 [worker-akka.actor.default-dispatcher-2] INFO  o.a.z.ZooKeeper  - Client environment:user.name=root
09:49:48.273 [worker-akka.actor.default-dispatcher-2] INFO  o.a.z.ZooKeeper  - Client environment:user.home=/root
09:49:48.273 [worker-akka.actor.default-dispatcher-2] INFO  o.a.z.ZooKeeper  - Client environment:user.dir=/opt/flamestream
09:49:48.274 [worker-akka.actor.default-dispatcher-2] INFO  o.a.z.ZooKeeper  - Initiating client connection, connectString=172.31.34.147:2181 sessionTimeout=5000 watcher=com.spbsu.flamestream.runtime.application.LifecycleWatcher$$Lambda$29/764839090@3d5d5f13
09:49:48.293 [worker-akka.actor.default-dispatcher-2] INFO  a.a.RepointableActorRef akka://worker/user/watcher - Starting...
09:49:48.296 [worker-akka.actor.default-dispatcher-2-SendThread(172.31.34.147:2181)] INFO  o.a.z.ClientCnxn  - Opening socket connection to server 172.31.34.147/172.31.34.147:2181. Will not attempt to authenticate using SASL (unknown error)
09:49:48.301 [worker-akka.actor.default-dispatcher-2-SendThread(172.31.34.147:2181)] INFO  o.a.z.ClientCnxn  - Socket connection established to 172.31.34.147/172.31.34.147:2181, initiating session
09:49:48.307 [worker-akka.actor.default-dispatcher-2-SendThread(172.31.34.147:2181)] INFO  o.a.z.ClientCnxn  - Session establishment complete on server 172.31.34.147/172.31.34.147:2181, sessionid = 0x161c210fbd10007, negotiated timeout = 6000
09:49:48.394 [worker-akka.actor.default-dispatcher-2] INFO  a.a.RepointableActorRef akka://worker/user/watcher - Connected to ZK
09:49:57.263 [worker-akka.actor.default-dispatcher-2] INFO  a.a.RepointableActorRef akka://worker/user/watcher - Creating node with watchGraphs: 'com.spbsu.flamestream.core.Graph$Builder$MyGraph@4084ed8a', config: 'ClusterConfig{paths={172.31.33.155=akka://worker@172.31.33.155:5412/user/watcher/graph0000000000, 172.31.47.83=akka://worker@172.31.47.83:5412/user/watcher/graph0000000000, 172.31.39.64=akka://worker@172.31.39.64:5412/user/watcher/graph0000000000, 172.31.35.79=akka://worker@172.31.35.79:5412/user/watcher/graph0000000000, 172.31.47.100=akka://worker@172.31.47.100:5412/user/watcher/graph0000000000, 172.31.37.101=akka://worker@172.31.37.101:5412/user/watcher/graph0000000000}, ackerLocation='172.31.35.79', props=ComputationLayout{ranges={172.31.33.155=HashRange{from=-1288490189, to=-429496730}, 172.31.47.83=HashRange{from=429496729, to=1288490188}, 172.31.39.64=HashRange{from=1288490188, to=2147483647}, 172.31.35.79=HashRange{from=0, to=0}, 172.31.47.100=HashRange{from=-2147483648, to=-1288490189}, 172.31.37.101=HashRange{from=-429496730, to=429496729}}}}'
09:49:57.947 [worker-akka.actor.default-dispatcher-2] INFO  a.a.LocalActorRef akka://worker/user/watcher/graph0000000000/graph - Starting...
09:49:57.947 [worker-akka.actor.default-dispatcher-2] INFO  a.a.LocalActorRef akka://worker/user/watcher/graph0000000000/graph/local-acker - Starting...
09:49:57.954 [worker-akka.actor.default-dispatcher-2] INFO  a.a.LocalActorRef akka://worker/user/watcher/graph0000000000/graph/local-acker/$a - Starting...
09:49:58.518 [worker-akka.actor.default-dispatcher-2] INFO  a.a.LocalActorRef akka://worker/user/watcher/graph0000000000/graph - Finishing constructor
09:49:58.521 [worker-akka.actor.default-dispatcher-2] INFO  a.a.LocalActorRef akka://worker/user/watcher/graph0000000000 - Starting...
09:49:58.578 [worker-akka.actor.default-dispatcher-2] INFO  a.a.LocalActorRef akka://worker/user/watcher/graph0000000000/negotiator - Starting...
09:49:58.580 [worker-akka.actor.default-dispatcher-2] INFO  a.a.LocalActorRef akka://worker/user/watcher/graph0000000000/edge - Starting...
09:49:58.580 [worker-akka.actor.default-dispatcher-2] INFO  a.a.LocalActorRef akka://worker/user/watcher/graph0000000000/graph/$a - Starting...
09:49:58.580 [worker-akka.actor.default-dispatcher-2] INFO  a.a.LocalActorRef akka://worker/user/watcher/graph0000000000/graph/$b - Starting...
09:49:58.583 [worker-akka.actor.default-dispatcher-2] INFO  a.a.LocalActorRef akka://worker/user/watcher/graph0000000000/graph/$c - Starting...
09:49:58.612 [worker-akka.actor.default-dispatcher-2] INFO  c.s.f.r.e.s.SocketRear  - FlameSocketGraphDeployerRear@172.31.47.83: connecting to 172.31.34.147:5678
09:49:58.621 [worker-akka.actor.default-dispatcher-2] INFO  c.s.f.r.e.s.SocketRear  - FlameSocketGraphDeployerRear@172.31.47.83: connected to 172.31.34.147:5678
09:49:58.647 [worker-akka.actor.default-dispatcher-2] INFO  a.a.LocalActorRef akka://worker/user/watcher/graph0000000000/edge/FlameSocketGraphDeployerRear - Starting...
09:49:58.648 [worker-akka.actor.default-dispatcher-2] INFO  a.a.LocalActorRef akka://worker/user/watcher/graph0000000000/edge/FlameSocketGraphDeployerFront - Starting...
09:49:58.651 [worker-akka.actor.default-dispatcher-2] INFO  a.a.LocalActorRef akka://worker/user/watcher/graph0000000000/negotiator - Requesting ticket for the frontClass FlameSocketGraphDeployerFront@172.31.47.83
09:49:58.661 [worker-akka.actor.default-dispatcher-2] INFO  a.a.LocalActorRef akka://worker/user/watcher/graph0000000000/negotiator - Ticket for the frontClass received: FrontTicket{allowedTimestamp=(1519379397270, FlameSocketGraphDeployerFront@172.31.47.83)}
09:49:58.663 [worker-akka.actor.default-dispatcher-2] INFO  c.s.f.r.e.s.SocketFront  - FlameSocketGraphDeployerFront@172.31.47.83: connecting to 172.31.34.147:4567
09:49:58.690 [Client] INFO  c.s.f.r.e.s.SocketFront  - FlameSocketGraphDeployerFront@172.31.47.83 has been disconnected from Connection 3
2018-02-23T09:50:03.185+0000: 18.011: [GC (Allocation Failure) 2018-02-23T09:50:03.185+0000: 18.011: [DefNew: 136576K->14030K(153600K), 0.0609214 secs] 151992K->48977K(494976K), 0.0610022 secs] [Times: user=0.02 sys=0.05, real=0.06 secs] 
2018-02-23T09:50:06.737+0000: 21.563: [GC (Allocation Failure) 2018-02-23T09:50:06.737+0000: 21.563: [DefNew: 150606K->4194K(153600K), 0.0234602 secs] 185553K->45328K(494976K), 0.0235203 secs] [Times: user=0.02 sys=0.00, real=0.02 secs] 
2018-02-23T09:50:14.825+0000: 29.651: [GC (Allocation Failure) 2018-02-23T09:50:14.825+0000: 29.651: [DefNew: 140770K->6741K(153600K), 0.0142276 secs] 181904K->47874K(494976K), 0.0142863 secs] [Times: user=0.01 sys=0.00, real=0.02 secs] 
2018-02-23T09:50:22.284+0000: 37.111: [GC (Allocation Failure) 2018-02-23T09:50:22.284+0000: 37.111: [DefNew: 143317K->8382K(153600K), 0.0156957 secs] 184450K->49516K(494976K), 0.0157563 secs] [Times: user=0.02 sys=0.00, real=0.02 secs] 
2018-02-23T09:50:28.268+0000: 43.094: [GC (Allocation Failure) 2018-02-23T09:50:28.268+0000: 43.094: [DefNew: 144958K->10231K(153600K), 0.0170163 secs] 186092K->51364K(494976K), 0.0170859 secs] [Times: user=0.02 sys=0.00, real=0.01 secs] 
2018-02-23T09:50:34.851+0000: 49.677: [GC (Allocation Failure) 2018-02-23T09:50:34.851+0000: 49.677: [DefNew: 146807K->9982K(153600K), 0.0197043 secs] 187940K->53043K(494976K), 0.0197642 secs] [Times: user=0.02 sys=0.00, real=0.02 secs] 
2018-02-23T09:50:41.759+0000: 56.585: [GC (Allocation Failure) 2018-02-23T09:50:41.759+0000: 56.585: [DefNew: 146558K->10155K(153600K), 0.0490786 secs] 189619K->54837K(494976K), 0.0491403 secs] [Times: user=0.05 sys=0.00, real=0.05 secs] 
2018-02-23T09:50:48.901+0000: 63.727: [GC (Allocation Failure) 2018-02-23T09:50:48.901+0000: 63.727: [DefNew: 146731K->9956K(153600K), 0.0251060 secs] 191413K->57519K(494976K), 0.0251698 secs] [Times: user=0.02 sys=0.00, real=0.02 secs] 
2018-02-23T09:50:52.543+0000: 67.370: [GC (Allocation Failure) 2018-02-23T09:50:52.543+0000: 67.370: [DefNew: 146532K->10312K(153600K), 0.0208989 secs] 194095K->59337K(494976K), 0.0209597 secs] [Times: user=0.02 sys=0.00, real=0.02 secs] 
2018-02-23T09:50:59.838+0000: 74.664: [GC (Allocation Failure) 2018-02-23T09:50:59.838+0000: 74.664: [DefNew: 146888K->8785K(153600K), 0.0238552 secs] 195913K->60068K(494976K), 0.0239213 secs] [Times: user=0.01 sys=0.01, real=0.02 secs] 
2018-02-23T09:51:06.247+0000: 81.073: [GC (Allocation Failure) 2018-02-23T09:51:06.247+0000: 81.073: [DefNew: 145361K->8998K(153600K), 0.0200491 secs] 196644K->61955K(494976K), 0.0201112 secs] [Times: user=0.02 sys=0.00, real=0.02 secs] 
2018-02-23T09:51:13.892+0000: 88.719: [GC (Allocation Failure) 2018-02-23T09:51:13.893+0000: 88.719: [DefNew: 145574K->9012K(153600K), 0.0242016 secs] 198531K->63727K(494976K), 0.0242738 secs] [Times: user=0.02 sys=0.00, real=0.03 secs] 
2018-02-23T09:51:21.510+0000: 96.337: [GC (Allocation Failure) 2018-02-23T09:51:21.510+0000: 96.337: [DefNew: 145588K->8832K(153600K), 0.0178311 secs] 200303K->65043K(494976K), 0.0178920 secs] [Times: user=0.02 sys=0.00, real=0.02 secs] 
2018-02-23T09:51:30.338+0000: 105.164: [GC (Allocation Failure) 2018-02-23T09:51:30.338+0000: 105.164: [DefNew: 145408K->9290K(153600K), 0.0255564 secs] 201619K->67021K(494976K), 0.0256438 secs] [Times: user=0.03 sys=0.00, real=0.02 secs] 
2018-02-23T09:51:38.643+0000: 113.469: [GC (Allocation Failure) 2018-02-23T09:51:38.643+0000: 113.469: [DefNew: 145866K->9499K(153600K), 0.0254944 secs] 203597K->68909K(494976K), 0.0255555 secs] [Times: user=0.02 sys=0.01, real=0.03 secs] 
2018-02-23T09:51:46.062+0000: 120.888: [GC (Allocation Failure) 2018-02-23T09:51:46.062+0000: 120.888: [DefNew: 146075K->9334K(153600K), 0.0194641 secs] 205485K->70288K(494976K), 0.0195217 secs] [Times: user=0.02 sys=0.00, real=0.02 secs] 
2018-02-23T09:51:51.870+0000: 126.696: [GC (Allocation Failure) 2018-02-23T09:51:51.870+0000: 126.696: [DefNew: 145910K->10752K(153600K), 0.0187889 secs] 206864K->73036K(494976K), 0.0188497 secs] [Times: user=0.02 sys=0.00, real=0.02 secs] 
2018-02-23T09:52:00.844+0000: 135.671: [GC (Allocation Failure) 2018-02-23T09:52:00.845+0000: 135.671: [DefNew: 147328K->9159K(153600K), 0.0260866 secs] 209612K->74883K(494976K), 0.0269524 secs] [Times: user=0.01 sys=0.01, real=0.03 secs] 
2018-02-23T09:52:09.194+0000: 144.020: [GC (Allocation Failure) 2018-02-23T09:52:09.194+0000: 144.020: [DefNew: 145735K->8204K(153600K), 0.0189982 secs] 211459K->76532K(494976K), 0.0190584 secs] [Times: user=0.01 sys=0.00, real=0.02 secs] 
2018-02-23T09:52:17.832+0000: 152.658: [GC (Allocation Failure) 2018-02-23T09:52:17.832+0000: 152.658: [DefNew: 144780K->10437K(153600K), 0.0176514 secs] 213108K->78765K(494976K), 0.0177093 secs] [Times: user=0.01 sys=0.00, real=0.02 secs] 
2018-02-23T09:52:25.518+0000: 160.344: [GC (Allocation Failure) 2018-02-23T09:52:25.518+0000: 160.344: [DefNew: 147013K->8819K(153600K), 0.0227879 secs] 215341K->80546K(494976K), 0.0228606 secs] [Times: user=0.02 sys=0.00, real=0.02 secs] 
2018-02-23T09:52:35.480+0000: 170.306: [GC (Allocation Failure) 2018-02-23T09:52:35.480+0000: 170.306: [DefNew: 145395K->9342K(153600K), 0.0203828 secs] 217122K->82766K(494976K), 0.0204579 secs] [Times: user=0.01 sys=0.01, real=0.02 secs] 
2018-02-23T09:52:43.593+0000: 178.419: [GC (Allocation Failure) 2018-02-23T09:52:43.593+0000: 178.419: [DefNew: 145918K->9004K(153600K), 0.0200461 secs] 219342K->84426K(494976K), 0.0201281 secs] [Times: user=0.02 sys=0.00, real=0.02 secs] 
2018-02-23T09:52:50.361+0000: 185.188: [GC (Allocation Failure) 2018-02-23T09:52:50.361+0000: 185.188: [DefNew: 145580K->8992K(153600K), 0.0197253 secs] 221002K->86548K(494976K), 0.0197982 secs] [Times: user=0.02 sys=0.00, real=0.02 secs] 
2018-02-23T09:52:58.785+0000: 193.611: [GC (Allocation Failure) 2018-02-23T09:52:58.785+0000: 193.611: [DefNew: 145568K->9477K(153600K), 0.0203395 secs] 223124K->88841K(494976K), 0.0204029 secs] [Times: user=0.02 sys=0.00, real=0.02 secs] 
2018-02-23T09:53:07.355+0000: 202.181: [GC (Allocation Failure) 2018-02-23T09:53:07.355+0000: 202.182: [DefNew: 146053K->9248K(153600K), 0.0183080 secs] 225417K->90216K(494976K), 0.0183950 secs] [Times: user=0.02 sys=0.00, real=0.01 secs] 
2018-02-23T09:53:14.825+0000: 209.651: [GC (Allocation Failure) 2018-02-23T09:53:14.825+0000: 209.651: [DefNew: 145824K->9117K(153600K), 0.0193264 secs] 226792K->91982K(494976K), 0.0194103 secs] [Times: user=0.02 sys=0.00, real=0.02 secs] 
2018-02-23T09:53:21.408+0000: 216.234: [GC (Allocation Failure) 2018-02-23T09:53:21.408+0000: 216.235: [DefNew: 145693K->9456K(153600K), 0.0193740 secs] 228558K->94208K(494976K), 0.0194356 secs] [Times: user=0.01 sys=0.00, real=0.02 secs] 
2018-02-23T09:53:27.925+0000: 222.751: [GC (Allocation Failure) 2018-02-23T09:53:27.925+0000: 222.751: [DefNew: 146032K->9396K(153600K), 0.0255880 secs] 230784K->95790K(494976K), 0.0256529 secs] [Times: user=0.01 sys=0.01, real=0.03 secs] 
2018-02-23T09:53:35.463+0000: 230.289: [GC (Allocation Failure) 2018-02-23T09:53:35.463+0000: 230.289: [DefNew: 145972K->9072K(153600K), 0.0202113 secs] 232366K->97260K(494976K), 0.0202775 secs] [Times: user=0.02 sys=0.00, real=0.02 secs] 
2018-02-23T09:53:42.072+0000: 236.898: [GC (Allocation Failure) 2018-02-23T09:53:42.072+0000: 236.898: [DefNew: 145648K->9816K(153600K), 0.0190070 secs] 233836K->99652K(494976K), 0.0190695 secs] [Times: user=0.02 sys=0.00, real=0.02 secs] 
2018-02-23T09:53:52.090+0000: 246.916: [GC (Allocation Failure) 2018-02-23T09:53:52.090+0000: 246.916: [DefNew: 146392K->9906K(153600K), 0.0179860 secs] 236228K->101381K(494976K), 0.0180577 secs] [Times: user=0.02 sys=0.00, real=0.02 secs] 
2018-02-23T09:54:00.812+0000: 255.638: [GC (Allocation Failure) 2018-02-23T09:54:00.812+0000: 255.638: [DefNew: 146482K->9687K(153600K), 0.0209961 secs] 237957K->103323K(494976K), 0.0210956 secs] [Times: user=0.02 sys=0.00, real=0.02 secs] 
2018-02-23T09:54:08.709+0000: 263.535: [GC (Allocation Failure) 2018-02-23T09:54:08.709+0000: 263.535: [DefNew: 146263K->10171K(153600K), 0.0188623 secs] 239899K->105533K(494976K), 0.0189365 secs] [Times: user=0.02 sys=0.00, real=0.02 secs] 
2018-02-23T09:54:14.586+0000: 269.412: [GC (Allocation Failure) 2018-02-23T09:54:14.586+0000: 269.412: [DefNew: 146747K->10172K(153600K), 0.0186089 secs] 242109K->107340K(494976K), 0.0186695 secs] [Times: user=0.02 sys=0.00, real=0.02 secs] 
2018-02-23T09:54:22.006+0000: 276.833: [GC (Allocation Failure) 2018-02-23T09:54:22.006+0000: 276.833: [DefNew: 146748K->10208K(153600K), 0.0204877 secs] 243916K->109332K(494976K), 0.0205548 secs] [Times: user=0.02 sys=0.00, real=0.03 secs] 
2018-02-23T09:54:28.606+0000: 283.432: [GC (Allocation Failure) 2018-02-23T09:54:28.606+0000: 283.432: [DefNew: 146784K->10933K(153600K), 0.0199724 secs] 245908K->111495K(494976K), 0.0200400 secs] [Times: user=0.02 sys=0.00, real=0.02 secs] 
2018-02-23T09:54:33.626+0000: 288.452: [GC (Allocation Failure) 2018-02-23T09:54:33.626+0000: 288.452: [DefNew: 147509K->10561K(153600K), 0.0200394 secs] 248071K->113215K(494976K), 0.0201416 secs] [Times: user=0.02 sys=0.00, real=0.02 secs] 
2018-02-23T09:54:39.276+0000: 294.102: [GC (Allocation Failure) 2018-02-23T09:54:39.276+0000: 294.102: [DefNew: 147137K->9811K(153600K), 0.0194159 secs] 249791K->114608K(494976K), 0.0194899 secs] [Times: user=0.02 sys=0.00, real=0.02 secs] 
2018-02-23T09:54:46.053+0000: 300.879: [GC (Allocation Failure) 2018-02-23T09:54:46.053+0000: 300.879: [DefNew: 146387K->9969K(153600K), 0.0188194 secs] 251184K->116672K(494976K), 0.0188846 secs] [Times: user=0.02 sys=0.00, real=0.02 secs] 
2018-02-23T09:54:53.251+0000: 308.077: [GC (Allocation Failure) 2018-02-23T09:54:53.251+0000: 308.077: [DefNew: 146545K->10778K(153600K), 0.0198843 secs] 253248K->118945K(494976K), 0.0199454 secs] [Times: user=0.02 sys=0.00, real=0.02 secs] 
2018-02-23T09:54:59.919+0000: 314.746: [GC (Allocation Failure) 2018-02-23T09:54:59.920+0000: 314.746: [DefNew: 147354K->11428K(153600K), 0.0195836 secs] 255521K->121274K(494976K), 0.0196539 secs] [Times: user=0.02 sys=0.00, real=0.02 secs] 
2018-02-23T09:55:06.202+0000: 321.029: [GC (Allocation Failure) 2018-02-23T09:55:06.202+0000: 321.029: [DefNew: 148004K->11601K(153600K), 0.0259035 secs] 257850K->123635K(494976K), 0.0259960 secs] [Times: user=0.02 sys=0.01, real=0.03 secs] 
2018-02-23T09:55:13.149+0000: 327.976: [GC (Allocation Failure) 2018-02-23T09:55:13.150+0000: 327.976: [DefNew: 148177K->8154K(153600K), 0.0261063 secs] 260211K->125097K(494976K), 0.0261857 secs] [Times: user=0.01 sys=0.01, real=0.03 secs] 
2018-02-23T09:55:19.373+0000: 334.200: [GC (Allocation Failure) 2018-02-23T09:55:19.373+0000: 334.200: [DefNew: 144730K->11762K(153600K), 0.0174495 secs] 261673K->128705K(494976K), 0.0175279 secs] [Times: user=0.01 sys=0.00, real=0.02 secs] 
2018-02-23T09:55:28.221+0000: 343.047: [GC (Allocation Failure) 2018-02-23T09:55:28.221+0000: 343.047: [DefNew: 148338K->12128K(153600K), 0.0214624 secs] 265281K->131118K(494976K), 0.0215355 secs] [Times: user=0.02 sys=0.00, real=0.02 secs] 
2018-02-23T09:55:35.214+0000: 350.040: [GC (Allocation Failure) 2018-02-23T09:55:35.214+0000: 350.040: [DefNew: 148704K->8793K(153600K), 0.0212265 secs] 267694K->133017K(494976K), 0.0213132 secs] [Times: user=0.02 sys=0.00, real=0.03 secs] 
2018-02-23T09:55:43.521+0000: 358.347: [GC (Allocation Failure) 2018-02-23T09:55:43.521+0000: 358.347: [DefNew: 145369K->8950K(153600K), 0.0223170 secs] 269593K->136503K(494976K), 0.0223915 secs] [Times: user=0.02 sys=0.01, real=0.02 secs] 
2018-02-23T09:55:49.332+0000: 364.158: [GC (Allocation Failure) 2018-02-23T09:55:49.332+0000: 364.158: [DefNew: 145526K->9978K(153600K), 0.0187047 secs] 273079K->141092K(494976K), 0.0187700 secs] [Times: user=0.01 sys=0.00, real=0.02 secs] 
2018-02-23T09:55:55.415+0000: 370.242: [GC (Allocation Failure) 2018-02-23T09:55:55.415+0000: 370.242: [DefNew: 146554K->9070K(153600K), 0.0252892 secs] 277668K->145318K(494976K), 0.0253733 secs] [Times: user=0.03 sys=0.00, real=0.02 secs] 
2018-02-23T09:56:04.074+0000: 378.901: [GC (Allocation Failure) 2018-02-23T09:56:04.075+0000: 378.901: [DefNew: 145646K->8974K(153600K), 0.0183552 secs] 281894K->148657K(494976K), 0.0184191 secs] [Times: user=0.02 sys=0.00, real=0.02 secs] 
2018-02-23T09:56:10.456+0000: 385.282: [GC (Allocation Failure) 2018-02-23T09:56:10.456+0000: 385.282: [DefNew: 145550K->8765K(153600K), 0.0238058 secs] 285233K->152005K(494976K), 0.0238779 secs] [Times: user=0.01 sys=0.02, real=0.02 secs] 
2018-02-23T09:56:16.629+0000: 391.455: [GC (Allocation Failure) 2018-02-23T09:56:16.629+0000: 391.455: [DefNew: 145341K->8814K(153600K), 0.0181875 secs] 288581K->155772K(494976K), 0.0182690 secs] [Times: user=0.02 sys=0.00, real=0.02 secs] 
2018-02-23T09:56:24.752+0000: 399.578: [GC (Allocation Failure) 2018-02-23T09:56:24.752+0000: 399.578: [DefNew: 145390K->9282K(153600K), 0.0234384 secs] 292348K->159890K(494976K), 0.0235038 secs] [Times: user=0.03 sys=0.00, real=0.03 secs] 
2018-02-23T09:56:32.082+0000: 406.908: [GC (Allocation Failure) 2018-02-23T09:56:32.082+0000: 406.909: [DefNew: 145858K->8704K(153600K), 0.0182370 secs] 296466K->163146K(494976K), 0.0182998 secs] [Times: user=0.02 sys=0.00, real=0.02 secs] 
2018-02-23T09:56:38.207+0000: 413.034: [GC (Allocation Failure) 2018-02-23T09:56:38.208+0000: 413.034: [DefNew: 145280K->8972K(153600K), 0.0251556 secs] 299722K->166988K(494976K), 0.0252309 secs] [Times: user=0.02 sys=0.00, real=0.02 secs] 
2018-02-23T09:56:44.824+0000: 419.650: [GC (Allocation Failure) 2018-02-23T09:56:44.824+0000: 419.650: [DefNew: 145548K->9611K(153600K), 0.0262451 secs] 303564K->171248K(494976K), 0.0263063 secs] [Times: user=0.01 sys=0.01, real=0.03 secs] 
2018-02-23T09:56:51.008+0000: 425.835: [GC (Allocation Failure) 2018-02-23T09:56:51.008+0000: 425.835: [DefNew: 146187K->8930K(153600K), 0.0265661 secs] 307824K->174455K(494976K), 0.0266513 secs] [Times: user=0.02 sys=0.01, real=0.03 secs] 
2018-02-23T09:56:58.637+0000: 433.464: [GC (Allocation Failure) 2018-02-23T09:56:58.637+0000: 433.464: [DefNew: 145506K->9857K(153600K), 0.0316401 secs] 311031K->178872K(494976K), 0.0317163 secs] [Times: user=0.02 sys=0.01, real=0.03 secs] 
2018-02-23T09:57:05.623+0000: 440.449: [GC (Allocation Failure) 2018-02-23T09:57:05.623+0000: 440.449: [DefNew: 146433K->9992K(153600K), 0.0207143 secs] 315448K->183272K(494976K), 0.0207802 secs] [Times: user=0.02 sys=0.00, real=0.02 secs] 
2018-02-23T09:57:13.539+0000: 448.365: [GC (Allocation Failure) 2018-02-23T09:57:13.539+0000: 448.365: [DefNew: 146568K->10471K(153600K), 0.0328500 secs] 319848K->187680K(494976K), 0.0329106 secs] [Times: user=0.02 sys=0.01, real=0.03 secs] 
2018-02-23T09:57:21.902+0000: 456.729: [GC (Allocation Failure) 2018-02-23T09:57:21.902+0000: 456.729: [DefNew: 147047K->9232K(153600K), 0.0316288 secs] 324256K->190878K(494976K), 0.0316935 secs] [Times: user=0.01 sys=0.02, real=0.03 secs] 
2018-02-23T09:57:27.160+0000: 461.986: [GC (Allocation Failure) 2018-02-23T09:57:27.160+0000: 461.986: [DefNew: 145808K->9011K(153600K), 0.0224421 secs] 327454K->194627K(494976K), 0.0225030 secs] [Times: user=0.02 sys=0.01, real=0.02 secs] 
2018-02-23T09:57:34.009+0000: 468.835: [GC (Allocation Failure) 2018-02-23T09:57:34.009+0000: 468.835: [DefNew: 145587K->9466K(153600K), 0.0268291 secs] 331203K->198855K(494976K), 0.0268927 secs] [Times: user=0.01 sys=0.02, real=0.03 secs] 
2018-02-23T09:57:43.925+0000: 478.751: [GC (Allocation Failure) 2018-02-23T09:57:43.925+0000: 478.751: [DefNew: 146042K->9534K(153600K), 0.0189487 secs] 335431K->203042K(494976K), 0.0190118 secs] [Times: user=0.01 sys=0.00, real=0.02 secs] 
2018-02-23T09:57:49.051+0000: 483.878: [GC (Allocation Failure) 2018-02-23T09:57:49.051+0000: 483.878: [DefNew: 146110K->9223K(153600K), 0.0186738 secs] 339618K->207163K(494976K), 0.0187362 secs] [Times: user=0.02 sys=0.00, real=0.02 secs] 
2018-02-23T09:57:56.704+0000: 491.530: [GC (Allocation Failure) 2018-02-23T09:57:56.704+0000: 491.530: [DefNew: 145799K->10338K(153600K), 0.0193977 secs] 343739K->212112K(494976K), 0.0194584 secs] [Times: user=0.02 sys=0.00, real=0.02 secs] 
2018-02-23T09:58:03.802+0000: 498.628: [GC (Allocation Failure) 2018-02-23T09:58:03.802+0000: 498.628: [DefNew: 146914K->9942K(153600K), 0.0364230 secs] 348688K->216444K(494976K), 0.0365031 secs] [Times: user=0.00 sys=0.03, real=0.04 secs] 
2018-02-23T09:58:08.481+0000: 503.307: [GC (Allocation Failure) 2018-02-23T09:58:08.481+0000: 503.307: [DefNew: 146518K->9878K(153600K), 0.0349770 secs] 353020K->220626K(494976K), 0.0350571 secs] [Times: user=0.01 sys=0.04, real=0.04 secs] 
2018-02-23T09:58:17.854+0000: 512.680: [GC (Allocation Failure) 2018-02-23T09:58:17.854+0000: 512.680: [DefNew: 146454K->9532K(153600K), 0.0345995 secs] 357202K->224883K(494976K), 0.0346621 secs] [Times: user=0.00 sys=0.03, real=0.04 secs] 
2018-02-23T09:58:24.282+0000: 519.108: [GC (Allocation Failure) 2018-02-23T09:58:24.282+0000: 519.108: [DefNew: 146108K->10420K(153600K), 0.0206822 secs] 361459K->230031K(494976K), 0.0207484 secs] [Times: user=0.02 sys=0.01, real=0.02 secs] 
2018-02-23T09:58:29.899+0000: 524.725: [GC (Allocation Failure) 2018-02-23T09:58:29.899+0000: 524.725: [DefNew: 146996K->9401K(153600K), 0.0278716 secs] 366607K->233956K(494976K), 0.0279444 secs] [Times: user=0.01 sys=0.01, real=0.03 secs] 
2018-02-23T09:58:36.471+0000: 531.297: [GC (Allocation Failure) 2018-02-23T09:58:36.471+0000: 531.297: [DefNew: 145977K->9790K(153600K), 0.0307540 secs] 370532K->238582K(494976K), 0.0308156 secs] [Times: user=0.03 sys=0.01, real=0.03 secs] 
09:58:36.638 [Client] INFO  c.s.f.r.e.s.SocketRear  - FlameSocketGraphDeployerRear@172.31.47.83: has been disconnected from Connection 3
09:58:46.806 [worker-akka.actor.default-dispatcher-2] INFO  a.a.CoordinatedShutdown CoordinatedShutdown(akka://worker) - Starting coordinated shutdown from JVM shutdown hook
09:58:46.858 [worker-akka.actor.default-dispatcher-2] INFO  a.a.LocalActorRef akka://worker/user/watcher/graph0000000000/negotiator - Stopped
09:58:46.861 [worker-akka.actor.default-dispatcher-2] INFO  a.a.LocalActorRef akka://worker/user/watcher/graph0000000000/edge/FlameSocketGraphDeployerFront - Stopped
09:58:46.861 [worker-akka.actor.default-dispatcher-2] INFO  a.a.LocalActorRef akka://worker/user/watcher/graph0000000000/edge/FlameSocketGraphDeployerRear - Stopped
09:58:46.862 [worker-akka.actor.default-dispatcher-2] INFO  a.a.LocalActorRef akka://worker/user/watcher/graph0000000000/graph/$a - Stopped
09:58:46.862 [worker-akka.actor.default-dispatcher-2] INFO  a.a.LocalActorRef akka://worker/user/watcher/graph0000000000/graph/$b - Stopped
09:58:46.862 [worker-akka.actor.default-dispatcher-2] INFO  a.a.LocalActorRef akka://worker/user/watcher/graph0000000000/graph/$c - Stopped
09:58:46.862 [worker-akka.actor.default-dispatcher-2] INFO  a.a.LocalActorRef akka://worker/user/watcher/graph0000000000/graph/local-acker/$a - Stopped
09:58:46.868 [worker-akka.actor.default-dispatcher-2] INFO  a.a.LocalActorRef akka://worker/user/watcher/graph0000000000/edge - Stopped
09:58:46.868 [worker-akka.actor.default-dispatcher-2] INFO  a.a.LocalActorRef akka://worker/user/watcher/graph0000000000/graph/local-acker/$a - Message [com.spbsu.flamestream.runtime.utils.akka.PingActor$InnerPing] from Actor[akka://worker/user/watcher/graph0000000000/graph/local-acker/$a#1338050223] to Actor[akka://worker/user/watcher/graph0000000000/graph/local-acker/$a#1338050223] was not delivered. [1] dead letters encountered. This logging can be turned off or adjusted with configuration settings 'akka.log-dead-letters' and 'akka.log-dead-letters-during-shutdown'.
09:58:46.872 [worker-akka.actor.default-dispatcher-2] INFO  a.a.LocalActorRef akka://worker/user/watcher/graph0000000000/graph/local-acker - Stopped
09:58:46.872 [worker-akka.actor.default-dispatcher-2] INFO  a.a.LocalActorRef akka://worker/user/watcher/graph0000000000/graph/local-acker/$a - Message [com.spbsu.flamestream.runtime.utils.akka.PingActor$Stop] from Actor[akka://worker/user/watcher/graph0000000000/graph/local-acker#-1198621881] to Actor[akka://worker/user/watcher/graph0000000000/graph/local-acker/$a#1338050223] was not delivered. [2] dead letters encountered. This logging can be turned off or adjusted with configuration settings 'akka.log-dead-letters' and 'akka.log-dead-letters-during-shutdown'.
09:58:46.873 [worker-akka.actor.default-dispatcher-2] INFO  a.a.LocalActorRef akka://worker/user/watcher/graph0000000000/graph/local-acker - Message [com.spbsu.flamestream.runtime.acker.LocalAcker$Flush] from Actor[akka://worker/user/watcher/graph0000000000/graph/local-acker#-1198621881] to Actor[akka://worker/user/watcher/graph0000000000/graph/local-acker#-1198621881] was not delivered. [3] dead letters encountered. This logging can be turned off or adjusted with configuration settings 'akka.log-dead-letters' and 'akka.log-dead-letters-during-shutdown'.
09:58:46.873 [worker-akka.actor.default-dispatcher-2] INFO  a.a.LocalActorRef akka://worker/user/watcher/graph0000000000/graph/local-acker - Message [com.spbsu.flamestream.runtime.acker.LocalAcker$Flush] from Actor[akka://worker/user/watcher/graph0000000000/graph/local-acker#-1198621881] to Actor[akka://worker/user/watcher/graph0000000000/graph/local-acker#-1198621881] was not delivered. [4] dead letters encountered. This logging can be turned off or adjusted with configuration settings 'akka.log-dead-letters' and 'akka.log-dead-letters-during-shutdown'.
09:58:46.873 [worker-akka.actor.default-dispatcher-2] INFO  a.a.LocalActorRef akka://worker/user/watcher/graph0000000000/graph/local-acker - Message [com.spbsu.flamestream.runtime.acker.LocalAcker$Flush] from Actor[akka://worker/user/watcher/graph0000000000/graph/local-acker#-1198621881] to Actor[akka://worker/user/watcher/graph0000000000/graph/local-acker#-1198621881] was not delivered. [5] dead letters encountered. This logging can be turned off or adjusted with configuration settings 'akka.log-dead-letters' and 'akka.log-dead-letters-during-shutdown'.
09:58:46.874 [worker-akka.actor.default-dispatcher-2] INFO  a.a.LocalActorRef akka://worker/user/watcher/graph0000000000/graph/local-acker - Message [com.spbsu.flamestream.runtime.acker.LocalAcker$Flush] from Actor[akka://worker/user/watcher/graph0000000000/graph/local-acker#-1198621881] to Actor[akka://worker/user/watcher/graph0000000000/graph/local-acker#-1198621881] was not delivered. [6] dead letters encountered. This logging can be turned off or adjusted with configuration settings 'akka.log-dead-letters' and 'akka.log-dead-letters-during-shutdown'.
09:58:46.874 [worker-akka.actor.default-dispatcher-2] INFO  a.a.LocalActorRef akka://worker/user/watcher/graph0000000000/graph/local-acker - Message [com.spbsu.flamestream.runtime.acker.LocalAcker$Flush] from Actor[akka://worker/user/watcher/graph0000000000/graph/local-acker#-1198621881] to Actor[akka://worker/user/watcher/graph0000000000/graph/local-acker#-1198621881] was not delivered. [7] dead letters encountered. This logging can be turned off or adjusted with configuration settings 'akka.log-dead-letters' and 'akka.log-dead-letters-during-shutdown'.
09:58:46.876 [worker-akka.actor.default-dispatcher-2] INFO  a.a.LocalActorRef akka://worker/user/watcher/graph0000000000/graph/local-acker - Message [com.spbsu.flamestream.runtime.acker.LocalAcker$Flush] from Actor[akka://worker/user/watcher/graph0000000000/graph/local-acker#-1198621881] to Actor[akka://worker/user/watcher/graph0000000000/graph/local-acker#-1198621881] was not delivered. [8] dead letters encountered. This logging can be turned off or adjusted with configuration settings 'akka.log-dead-letters' and 'akka.log-dead-letters-during-shutdown'.
09:58:46.878 [worker-akka.actor.default-dispatcher-2] INFO  a.a.LocalActorRef akka://worker/user/watcher/graph0000000000/graph/local-acker - Message [com.spbsu.flamestream.runtime.acker.LocalAcker$Flush] from Actor[akka://worker/user/watcher/graph0000000000/graph/local-acker#-1198621881] to Actor[akka://worker/user/watcher/graph0000000000/graph/local-acker#-1198621881] was not delivered. [9] dead letters encountered. This logging can be turned off or adjusted with configuration settings 'akka.log-dead-letters' and 'akka.log-dead-letters-during-shutdown'.
09:58:46.878 [worker-akka.actor.default-dispatcher-2] INFO  a.a.LocalActorRef akka://worker/user/watcher/graph0000000000/graph/local-acker - Message [com.spbsu.flamestream.runtime.acker.LocalAcker$Flush] from Actor[akka://worker/user/watcher/graph0000000000/graph/local-acker#-1198621881] to Actor[akka://worker/user/watcher/graph0000000000/graph/local-acker#-1198621881] was not delivered. [10] dead letters encountered. This logging can be turned off or adjusted with configuration settings 'akka.log-dead-letters' and 'akka.log-dead-letters-during-shutdown'.
09:58:46.880 [worker-akka.actor.default-dispatcher-2] INFO  a.a.LocalActorRef akka://worker/user/watcher/graph0000000000/graph/local-acker - Message [com.spbsu.flamestream.runtime.acker.LocalAcker$Flush] from Actor[akka://worker/user/watcher/graph0000000000/graph/local-acker#-1198621881] to Actor[akka://worker/user/watcher/graph0000000000/graph/local-acker#-1198621881] was not delivered. [11] dead letters encountered. This logging can be turned off or adjusted with configuration settings 'akka.log-dead-letters' and 'akka.log-dead-letters-during-shutdown'.
09:58:46.881 [worker-akka.actor.default-dispatcher-2] INFO  a.a.LocalActorRef akka://worker/user/watcher/graph0000000000/graph - Stopped
09:58:46.881 [worker-akka.actor.default-dispatcher-2] INFO  a.a.LocalActorRef akka://worker/user/watcher/graph0000000000 - Stopped
09:58:46.882 [worker-akka.actor.default-dispatcher-2] INFO  a.a.LocalActorRef akka://worker/user/watcher/graph0000000000/graph/local-acker - Message [com.spbsu.flamestream.runtime.acker.LocalAcker$Flush] from Actor[akka://worker/user/watcher/graph0000000000/graph/local-acker#-1198621881] to Actor[akka://worker/user/watcher/graph0000000000/graph/local-acker#-1198621881] was not delivered. [12] dead letters encountered. This logging can be turned off or adjusted with configuration settings 'akka.log-dead-letters' and 'akka.log-dead-letters-during-shutdown'.
09:58:46.882 [worker-akka.actor.default-dispatcher-2] INFO  a.a.LocalActorRef akka://worker/user/watcher/graph0000000000/graph/local-acker - Message [com.spbsu.flamestream.runtime.acker.LocalAcker$Flush] from Actor[akka://worker/user/watcher/graph0000000000/graph/local-acker#-1198621881] to Actor[akka://worker/user/watcher/graph0000000000/graph/local-acker#-1198621881] was not delivered. [13] dead letters encountered. This logging can be turned off or adjusted with configuration settings 'akka.log-dead-letters' and 'akka.log-dead-letters-during-shutdown'.
09:58:46.885 [worker-akka.actor.default-dispatcher-2-EventThread] INFO  o.a.z.ClientCnxn  - EventThread shut down for session: 0x161c210fbd10007
09:58:46.886 [worker-akka.actor.default-dispatcher-2] INFO  o.a.z.ZooKeeper  - Session: 0x161c210fbd10007 closed
09:58:46.886 [worker-akka.actor.default-dispatcher-2] INFO  a.a.RepointableActorRef akka://worker/user/watcher - Stopped
09:58:46.904 [worker-akka.actor.default-dispatcher-2] INFO  a.r.RemoteActorRefProvider$RemotingTerminator akka://worker@172.31.47.83:5412/system/remoting-terminator - Shutting down remote daemon.
09:58:46.908 [worker-akka.actor.default-dispatcher-2] INFO  a.r.RemoteActorRefProvider$RemotingTerminator akka://worker@172.31.47.83:5412/system/remoting-terminator - Remote daemon shut down; proceeding with flushing remote transports.
09:58:47.037 [worker-akka.actor.default-dispatcher-2] INFO  a.r.RemoteActorRefProvider$RemotingTerminator akka://worker@172.31.47.83:5412/system/remoting-terminator - Remoting shut down.
Heap
 def new generation   total 153600K, used 27248K [0x00000000e0c00000, 0x00000000eb2a0000, 0x00000000eb2a0000)
  eden space 136576K,  12% used [0x00000000e0c00000, 0x00000000e1d0c760, 0x00000000e9160000)
  from space 17024K,  57% used [0x00000000ea200000, 0x00000000eab8f9d0, 0x00000000eb2a0000)
  to   space 17024K,   0% used [0x00000000e9160000, 0x00000000e9160000, 0x00000000ea200000)
 tenured generation   total 341376K, used 228791K [0x00000000eb2a0000, 0x0000000100000000, 0x0000000100000000)
   the space 341376K,  67% used [0x00000000eb2a0000, 0x00000000f920dea8, 0x00000000f920e000, 0x0000000100000000)
 Metaspace       used 33374K, capacity 34158K, committed 34432K, reserved 1079296K
  class space    used 4456K, capacity 4622K, committed 4736K, reserved 1048576K
