13:29:21.498 [worker-akka.actor.default-dispatcher-2] INFO  a.e.s.Slf4jLogger  - Slf4jLogger started
2018-02-19T13:29:21.679+0000: 2.665: [Full GC (Metadata GC Threshold) 2018-02-19T13:29:21.679+0000: 2.665: [Tenured: 0K->15410K(341376K), 0.0399178 secs] 117612K->15410K(494976K), [Metaspace: 20873K->20873K(1067008K)], 0.0399944 secs] [Times: user=0.04 sys=0.00, real=0.04 secs] 
Ama winner
Ama winner
13:29:22.302 [worker-akka.actor.default-dispatcher-2] INFO  a.r.a.ArteryTransport(akka://worker) akka.remote.artery.ArteryTransport(akka://worker) - Started embedded media driver in directory [/dev/shm/aeron-root-worker-cda24c46-818d-46c7-bedb-40efa7ef14ac]
13:29:22.565 [worker-akka.actor.default-dispatcher-2] INFO  a.r.a.ArteryTransport(akka://worker) akka.remote.artery.ArteryTransport(akka://worker) - Remoting started; listening on address: [akka://worker@172.31.45.197:5412] with UID [4110589254720875332]
13:29:22.675 [worker-akka.actor.default-dispatcher-2] INFO  o.a.z.ZooKeeper  - Client environment:zookeeper.version=3.4.9-1757313, built on 08/23/2016 06:50 GMT
13:29:22.676 [worker-akka.actor.default-dispatcher-2] INFO  o.a.z.ZooKeeper  - Client environment:host.name=ip-172-31-45-197.us-east-2.compute.internal
13:29:22.676 [worker-akka.actor.default-dispatcher-2] INFO  o.a.z.ZooKeeper  - Client environment:java.version=1.8.0_151
13:29:22.676 [worker-akka.actor.default-dispatcher-2] INFO  o.a.z.ZooKeeper  - Client environment:java.vendor=Oracle Corporation
13:29:22.676 [worker-akka.actor.default-dispatcher-2] INFO  o.a.z.ZooKeeper  - Client environment:java.home=/usr/lib/jvm/java-8-openjdk-amd64/jre
13:29:22.676 [worker-akka.actor.default-dispatcher-2] INFO  o.a.z.ZooKeeper  - Client environment:java.class.path=lib/commons-cli-1.4.jar:lib/minlog-1.3.0.jar:lib/asm-5.0.4.jar:lib/hadoop-annotations-2.7.3.jar:lib/hadoop-auth-2.7.3.jar:lib/akka-slf4j_2.11-2.5.6.jar:lib/jersey-core-1.9.jar:lib/lz4-1.3.0.jar:lib/jackson-core-asl-1.9.13.jar:lib/aeron-client-1.3.0.jar:lib/htrace-core-3.1.0-incubating.jar:lib/xz-1.0.jar:lib/commons-httpclient-3.1.jar:lib/asm-3.1.jar:lib/commons-lang3-3.4.jar:lib/scala-library-2.11.11.jar:lib/scala-java8-compat_2.11-0.7.0.jar:lib/commons-configuration-1.6.jar:lib/objenesis-2.1.jar:lib/jackson-annotations-2.8.0.jar:lib/jsr305-3.0.0.jar:lib/curator-framework-2.7.1.jar:lib/jersey-server-1.9.jar:lib/jets3t-0.9.0.jar:lib/leveldb-0.7.jar:lib/jetty-6.1.26.jar:lib/stax-api-1.0-2.jar:lib/flamestream-core-1.0-SNAPSHOT.jar:lib/reflectasm-1.07-shaded.jar:lib/apacheds-kerberos-codec-2.0.0-M15.jar:lib/api-asn1-api-1.0.0-M20.jar:lib/commons-lang-2.6.jar:lib/commons-beanutils-1.7.0.jar:lib/jackson-xc-1.8.3.jar:lib/jetty-util-6.1.26.jar:lib/logback-classic-1.2.3.jar:lib/jool-0.9.12.jar:lib/flamestream-runtime-1.0-SNAPSHOT-tests.jar:lib/httpcore-4.1.2.jar:lib/kryo-4.0.0.jar:lib/ant-1.8.1.jar:lib/jaxb-impl-2.2.3-1.jar:lib/jersey-json-1.9.jar:lib/commons-compress-1.4.1.jar:lib/leveldbjni-all-1.8.jar:lib/paranamer-2.3.jar:lib/jackson-core-2.8.4.jar:lib/commons-math3-3.6.1.jar:lib/scala-parser-combinators_2.11-1.0.4.jar:lib/netty-3.10.6.Final.jar:lib/trove4j-3.0.3.jar:lib/jaxb-api-2.2.2.jar:lib/logback-core-1.2.3.jar:lib/snappy-java-1.0.4.1.jar:lib/protobuf-java-2.5.0.jar:lib/reactive-streams-1.0.1.jar:lib/flamestream-examples-1.0-SNAPSHOT.jar:lib/commons-codec-1.4.jar:lib/activation-1.1.jar:lib/commons-net-3.1.jar:lib/curator-recipes-2.7.1.jar:lib/jackson-mapper-asl-1.9.13.jar:lib/jackson-databind-2.8.4.jar:lib/flamestream-runtime-1.0-SNAPSHOT.jar:lib/jackson-jaxrs-1.8.3.jar:lib/slf4j-api-1.7.24.jar:lib/akka-remote_2.11-2.5.6.jar:lib/akka-testkit_2.11-2.5.6.jar:lib/jline-0.9.94.jar:lib/akka-stream_2.11-2.5.6.jar:lib/jsp-api-2.1.jar:lib/kryonet-2.21.jar:lib/akka-kryo-serialization_2.11-0.5.0.jar:lib/config-1.3.1.jar:lib/ant-launcher-1.8.1.jar:lib/commons-logging-1.2.jar:lib/ssl-config-core_2.11-0.2.2.jar:lib/testng-6.10.jar:lib/leveldb-api-0.7.jar:lib/reflectasm-1.11.3.jar:lib/jcommander-1.48.jar:lib/commons-1.1.jar:lib/commons-digester-1.8.jar:lib/minlog-1.2.jar:lib/java-xmlbuilder-0.4.jar:lib/jettison-1.1.jar:lib/gson-2.2.4.jar:lib/jdk.tools-1.8.jar:lib/aeron-driver-1.3.0.jar:lib/zookeeper-3.4.9.jar:lib/commons-beanutils-core-1.8.0.jar:lib/commons-math3-3.1.1.jar:lib/akka-actor_2.11-2.5.6.jar:lib/curator-client-2.7.1.jar:lib/servlet-api-2.5.jar:lib/apacheds-i18n-2.0.0-M15.jar:lib/commons-io-2.4.jar:lib/commons-codec-1.6.jar:lib/akka-protobuf_2.11-2.5.6.jar:lib/protobuf-java-3.5.1.jar:lib/jdom-2.0.2.jar:lib/api-util-1.0.0-M20.jar:lib/hadoop-common-2.7.3.jar:lib/agrona-0.9.6.jar:lib/xmlenc-0.52.jar:lib/guava-21.0.jar:lib/commons-collections-3.2.2.jar:lib/avro-1.7.4.jar:lib/httpclient-4.1.2.jar:lib/flamestream-core-1.0-SNAPSHOT-tests.jar:lib/annotations-12.0.jar:lib/jsch-0.1.42.jar:flamestream-runtime-1.0-SNAPSHOT.jar
13:29:22.676 [worker-akka.actor.default-dispatcher-2] INFO  o.a.z.ZooKeeper  - Client environment:java.library.path=/usr/java/packages/lib/amd64:/usr/lib/x86_64-linux-gnu/jni:/lib/x86_64-linux-gnu:/usr/lib/x86_64-linux-gnu:/usr/lib/jni:/lib:/usr/lib
13:29:22.676 [worker-akka.actor.default-dispatcher-2] INFO  o.a.z.ZooKeeper  - Client environment:java.io.tmpdir=/tmp
13:29:22.676 [worker-akka.actor.default-dispatcher-2] INFO  o.a.z.ZooKeeper  - Client environment:java.compiler=<NA>
13:29:22.676 [worker-akka.actor.default-dispatcher-2] INFO  o.a.z.ZooKeeper  - Client environment:os.name=Linux
13:29:22.677 [worker-akka.actor.default-dispatcher-2] INFO  o.a.z.ZooKeeper  - Client environment:os.arch=amd64
13:29:22.677 [worker-akka.actor.default-dispatcher-2] INFO  o.a.z.ZooKeeper  - Client environment:os.version=4.4.0-1049-aws
13:29:22.677 [worker-akka.actor.default-dispatcher-2] INFO  o.a.z.ZooKeeper  - Client environment:user.name=root
13:29:22.678 [worker-akka.actor.default-dispatcher-2] INFO  o.a.z.ZooKeeper  - Client environment:user.home=/root
13:29:22.678 [worker-akka.actor.default-dispatcher-2] INFO  o.a.z.ZooKeeper  - Client environment:user.dir=/opt/flamestream
13:29:22.681 [worker-akka.actor.default-dispatcher-2] INFO  o.a.z.ZooKeeper  - Initiating client connection, connectString=172.31.34.147:2181 sessionTimeout=5000 watcher=com.spbsu.flamestream.runtime.application.LifecycleWatcher$$Lambda$29/2091173542@1b48f905
13:29:22.721 [worker-akka.actor.default-dispatcher-2] INFO  a.a.RepointableActorRef akka://worker/user/watcher - Starting...
13:29:22.727 [worker-akka.actor.default-dispatcher-2-SendThread(172.31.34.147:2181)] INFO  o.a.z.ClientCnxn  - Opening socket connection to server 172.31.34.147/172.31.34.147:2181. Will not attempt to authenticate using SASL (unknown error)
13:29:22.730 [worker-akka.actor.default-dispatcher-2-SendThread(172.31.34.147:2181)] INFO  o.a.z.ClientCnxn  - Socket connection established to 172.31.34.147/172.31.34.147:2181, initiating session
13:29:22.739 [worker-akka.actor.default-dispatcher-2-SendThread(172.31.34.147:2181)] INFO  o.a.z.ClientCnxn  - Session establishment complete on server 172.31.34.147/172.31.34.147:2181, sessionid = 0x161ae4056810008, negotiated timeout = 6000
13:29:22.840 [worker-akka.actor.default-dispatcher-2] INFO  a.a.RepointableActorRef akka://worker/user/watcher - Connected to ZK
13:29:32.725 [worker-akka.actor.default-dispatcher-2] INFO  a.a.RepointableActorRef akka://worker/user/watcher - Creating node with watchGraphs: 'com.spbsu.flamestream.core.Graph$Builder$MyGraph@22aae96d', config: 'ClusterConfig{paths={172.31.33.155=akka://worker@172.31.33.155:5412/user/watcher/graph0000000000, 172.31.47.83=akka://worker@172.31.47.83:5412/user/watcher/graph0000000000, 172.31.45.197=akka://worker@172.31.45.197:5412/user/watcher/graph0000000000, 172.31.42.36=akka://worker@172.31.42.36:5412/user/watcher/graph0000000000, 172.31.44.83=akka://worker@172.31.44.83:5412/user/watcher/graph0000000000, 172.31.39.64=akka://worker@172.31.39.64:5412/user/watcher/graph0000000000, 172.31.35.79=akka://worker@172.31.35.79:5412/user/watcher/graph0000000000, 172.31.34.169=akka://worker@172.31.34.169:5412/user/watcher/graph0000000000, 172.31.47.100=akka://worker@172.31.47.100:5412/user/watcher/graph0000000000, 172.31.37.101=akka://worker@172.31.37.101:5412/user/watcher/graph0000000000}, ackerLocation='172.31.35.79', props=ComputationLayout{ranges={172.31.33.155=HashRange{from=-1670265060, to=-1193046472}, 172.31.47.83=HashRange{from=1670265056, to=2147483644}, 172.31.45.197=HashRange{from=-715827884, to=-238609296}, 172.31.42.36=HashRange{from=1193046468, to=1670265056}, 172.31.44.83=HashRange{from=-238609296, to=238609292}, 172.31.39.64=HashRange{from=715827880, to=1193046468}, 172.31.35.79=HashRange{from=0, to=0}, 172.31.34.169=HashRange{from=-2147483648, to=-1670265060}, 172.31.47.100=HashRange{from=238609292, to=715827880}, 172.31.37.101=HashRange{from=-1193046472, to=-715827884}}}}'
13:29:33.542 [worker-akka.actor.default-dispatcher-2] INFO  a.a.LocalActorRef akka://worker/user/watcher/graph0000000000/graph - Starting...
13:29:33.542 [worker-akka.actor.default-dispatcher-2] INFO  a.a.LocalActorRef akka://worker/user/watcher/graph0000000000/graph/local-acker/$a - Starting...
13:29:33.542 [worker-akka.actor.default-dispatcher-2] INFO  a.a.LocalActorRef akka://worker/user/watcher/graph0000000000/graph/local-acker - Starting...
Warning: space is running low in /dev/shm (tmpfs) threshold=167,772,160 usable=158,621,696
Warning: space is running low in /dev/shm (tmpfs) threshold=167,772,160 usable=146,034,688
Warning: space is running low in /dev/shm (tmpfs) threshold=167,772,160 usable=133,447,680
Warning: space is running low in /dev/shm (tmpfs) threshold=167,772,160 usable=120,860,672
Warning: space is running low in /dev/shm (tmpfs) threshold=167,772,160 usable=108,273,664
Warning: space is running low in /dev/shm (tmpfs) threshold=167,772,160 usable=95,686,656
Warning: space is running low in /dev/shm (tmpfs) threshold=167,772,160 usable=83,099,648
Warning: space is running low in /dev/shm (tmpfs) threshold=167,772,160 usable=70,512,640
13:29:34.746 [worker-akka.actor.default-dispatcher-2] INFO  a.a.LocalActorRef akka://worker/user/watcher/graph0000000000/graph - Finishing constructor
13:29:34.747 [worker-akka.actor.default-dispatcher-2] INFO  a.a.LocalActorRef akka://worker/user/watcher/graph0000000000 - Starting...
13:29:34.748 [worker-akka.actor.default-dispatcher-2] INFO  a.a.LocalActorRef akka://worker/user/watcher/graph0000000000/negotiator - Starting...
13:29:34.810 [worker-akka.actor.default-dispatcher-2] INFO  a.a.LocalActorRef akka://worker/user/watcher/graph0000000000/edge - Starting...
13:29:34.812 [worker-akka.actor.default-dispatcher-2] INFO  a.a.LocalActorRef akka://worker/user/watcher/graph0000000000/graph/$a - Starting...
13:29:34.813 [worker-akka.actor.default-dispatcher-2] INFO  a.a.LocalActorRef akka://worker/user/watcher/graph0000000000/graph/$b - Starting...
13:29:34.814 [worker-akka.actor.default-dispatcher-2] INFO  a.a.LocalActorRef akka://worker/user/watcher/graph0000000000/graph/$c - Starting...
13:29:34.846 [worker-akka.actor.default-dispatcher-2] INFO  c.s.f.r.e.s.SocketRear  - FlameSocketGraphDeployerRear@172.31.45.197: connecting to 172.31.34.147:5678
13:29:34.853 [worker-akka.actor.default-dispatcher-2] INFO  c.s.f.r.e.s.SocketRear  - FlameSocketGraphDeployerRear@172.31.45.197: connected to 172.31.34.147:5678
13:29:34.880 [worker-akka.actor.default-dispatcher-2] INFO  a.a.LocalActorRef akka://worker/user/watcher/graph0000000000/edge/FlameSocketGraphDeployerRear - Starting...
13:29:34.880 [worker-akka.actor.default-dispatcher-2] INFO  a.a.LocalActorRef akka://worker/user/watcher/graph0000000000/edge/FlameSocketGraphDeployerFront - Starting...
13:29:34.891 [worker-akka.actor.default-dispatcher-2] INFO  a.a.LocalActorRef akka://worker/user/watcher/graph0000000000/negotiator - Requesting ticket for the frontClass FlameSocketGraphDeployerFront@172.31.45.197
13:29:34.891 [worker-akka.actor.default-dispatcher-2] INFO  a.a.LocalActorRef akka://worker/user/watcher/graph0000000000/negotiator - Ticket for the frontClass received: FrontTicket{allowedTimestamp=(1519046972703, FlameSocketGraphDeployerFront@172.31.45.197)}
13:29:34.893 [worker-akka.actor.default-dispatcher-2] INFO  c.s.f.r.e.s.SocketFront  - FlameSocketGraphDeployerFront@172.31.45.197: connecting to 172.31.34.147:4567
13:29:34.912 [Client] INFO  c.s.f.r.e.s.SocketFront  - FlameSocketGraphDeployerFront@172.31.45.197 has been disconnected from Connection 5
2018-02-19T13:29:38.850+0000: 19.837: [GC (Allocation Failure) 2018-02-19T13:29:38.850+0000: 19.837: [DefNew: 136576K->15323K(153600K), 0.0280173 secs] 151986K->50265K(494976K), 0.0281047 secs] [Times: user=0.01 sys=0.01, real=0.03 secs] 
2018-02-19T13:30:01.247+0000: 42.234: [GC (Allocation Failure) 2018-02-19T13:30:01.247+0000: 42.234: [DefNew: 151899K->3827K(153600K), 0.0183764 secs] 186841K->46341K(494976K), 0.0184533 secs] [Times: user=0.01 sys=0.01, real=0.02 secs] 
2018-02-19T13:30:20.842+0000: 61.829: [GC (Allocation Failure) 2018-02-19T13:30:20.842+0000: 61.829: [DefNew: 140403K->5986K(153600K), 0.0124904 secs] 182917K->48499K(494976K), 0.0125767 secs] [Times: user=0.02 sys=0.00, real=0.02 secs] 
2018-02-19T13:30:40.432+0000: 81.419: [GC (Allocation Failure) 2018-02-19T13:30:40.432+0000: 81.419: [DefNew: 142562K->8386K(153600K), 0.0186934 secs] 185075K->50899K(494976K), 0.0187829 secs] [Times: user=0.01 sys=0.01, real=0.02 secs] 
2018-02-19T13:30:57.731+0000: 98.718: [GC (Allocation Failure) 2018-02-19T13:30:57.731+0000: 98.718: [DefNew: 144962K->8868K(153600K), 0.0149304 secs] 187475K->51381K(494976K), 0.0150020 secs] [Times: user=0.02 sys=0.00, real=0.02 secs] 
2018-02-19T13:31:18.224+0000: 119.211: [GC (Allocation Failure) 2018-02-19T13:31:18.225+0000: 119.211: [DefNew: 145444K->8667K(153600K), 0.0170840 secs] 187957K->52779K(494976K), 0.0171745 secs] [Times: user=0.02 sys=0.00, real=0.01 secs] 
2018-02-19T13:31:41.590+0000: 142.577: [GC (Allocation Failure) 2018-02-19T13:31:41.590+0000: 142.577: [DefNew: 145243K->9156K(153600K), 0.0183846 secs] 189355K->54387K(494976K), 0.0184710 secs] [Times: user=0.01 sys=0.00, real=0.02 secs] 
2018-02-19T13:32:07.829+0000: 168.816: [GC (Allocation Failure) 2018-02-19T13:32:07.829+0000: 168.816: [DefNew: 145732K->9605K(153600K), 0.0203692 secs] 190963K->56062K(494976K), 0.0204517 secs] [Times: user=0.02 sys=0.00, real=0.02 secs] 
2018-02-19T13:32:25.809+0000: 186.795: [GC (Allocation Failure) 2018-02-19T13:32:25.809+0000: 186.796: [DefNew: 146181K->9026K(153600K), 0.0165937 secs] 192638K->56657K(494976K), 0.0166728 secs] [Times: user=0.02 sys=0.00, real=0.02 secs] 
2018-02-19T13:32:48.451+0000: 209.438: [GC (Allocation Failure) 2018-02-19T13:32:48.451+0000: 209.438: [DefNew: 145602K->8764K(153600K), 0.0171423 secs] 193233K->57980K(494976K), 0.0172352 secs] [Times: user=0.01 sys=0.00, real=0.02 secs] 
2018-02-19T13:33:11.341+0000: 232.328: [GC (Allocation Failure) 2018-02-19T13:33:11.341+0000: 232.328: [DefNew: 145340K->8193K(153600K), 0.0157420 secs] 194556K->58732K(494976K), 0.0158186 secs] [Times: user=0.02 sys=0.00, real=0.02 secs] 
2018-02-19T13:33:33.275+0000: 254.262: [GC (Allocation Failure) 2018-02-19T13:33:33.275+0000: 254.262: [DefNew: 144769K->9633K(153600K), 0.0154349 secs] 195308K->60172K(494976K), 0.0155487 secs] [Times: user=0.02 sys=0.00, real=0.01 secs] 
2018-02-19T13:33:57.368+0000: 278.355: [GC (Allocation Failure) 2018-02-19T13:33:57.368+0000: 278.355: [DefNew: 146209K->9885K(153600K), 0.0183399 secs] 196748K->61792K(494976K), 0.0184227 secs] [Times: user=0.01 sys=0.01, real=0.02 secs] 
2018-02-19T13:34:19.129+0000: 300.116: [GC (Allocation Failure) 2018-02-19T13:34:19.129+0000: 300.116: [DefNew: 146461K->8770K(153600K), 0.0186392 secs] 198368K->62821K(494976K), 0.0187137 secs] [Times: user=0.02 sys=0.00, real=0.02 secs] 
2018-02-19T13:34:44.183+0000: 325.170: [GC (Allocation Failure) 2018-02-19T13:34:44.183+0000: 325.170: [DefNew: 145346K->8996K(153600K), 0.0172203 secs] 199397K->63999K(494976K), 0.0172952 secs] [Times: user=0.01 sys=0.01, real=0.02 secs] 
2018-02-19T13:35:08.514+0000: 349.501: [GC (Allocation Failure) 2018-02-19T13:35:08.514+0000: 349.501: [DefNew: 145572K->9704K(153600K), 0.0184386 secs] 200575K->65792K(494976K), 0.0185182 secs] [Times: user=0.02 sys=0.00, real=0.02 secs] 
2018-02-19T13:35:34.860+0000: 375.847: [GC (Allocation Failure) 2018-02-19T13:35:34.860+0000: 375.847: [DefNew: 146280K->9641K(153600K), 0.0181295 secs] 202368K->66934K(494976K), 0.0182299 secs] [Times: user=0.02 sys=0.00, real=0.02 secs] 
2018-02-19T13:36:00.975+0000: 401.962: [GC (Allocation Failure) 2018-02-19T13:36:00.975+0000: 401.962: [DefNew: 146217K->8744K(153600K), 0.0219339 secs] 203510K->68296K(494976K), 0.0220121 secs] [Times: user=0.02 sys=0.00, real=0.02 secs] 
2018-02-19T13:36:22.389+0000: 423.376: [GC (Allocation Failure) 2018-02-19T13:36:22.389+0000: 423.376: [DefNew: 145320K->8750K(153600K), 0.0188218 secs] 204872K->69762K(494976K), 0.0188979 secs] [Times: user=0.02 sys=0.00, real=0.02 secs] 
2018-02-19T13:36:42.549+0000: 443.535: [GC (Allocation Failure) 2018-02-19T13:36:42.549+0000: 443.536: [DefNew: 145326K->8321K(153600K), 0.0164238 secs] 206338K->70744K(494976K), 0.0164998 secs] [Times: user=0.02 sys=0.00, real=0.02 secs] 
2018-02-19T13:37:03.470+0000: 464.457: [GC (Allocation Failure) 2018-02-19T13:37:03.470+0000: 464.457: [DefNew: 144897K->10044K(153600K), 0.0162670 secs] 207320K->72467K(494976K), 0.0163459 secs] [Times: user=0.02 sys=0.00, real=0.02 secs] 
2018-02-19T13:37:27.291+0000: 488.278: [GC (Allocation Failure) 2018-02-19T13:37:27.291+0000: 488.278: [DefNew: 146620K->10483K(153600K), 0.0197157 secs] 209043K->75174K(494976K), 0.0197926 secs] [Times: user=0.02 sys=0.00, real=0.02 secs] 
2018-02-19T13:37:46.286+0000: 507.273: [GC (Allocation Failure) 2018-02-19T13:37:46.286+0000: 507.273: [DefNew: 147059K->8450K(153600K), 0.0189717 secs] 211750K->75997K(494976K), 0.0190459 secs] [Times: user=0.02 sys=0.01, real=0.02 secs] 
2018-02-19T13:38:08.895+0000: 529.882: [GC (Allocation Failure) 2018-02-19T13:38:08.895+0000: 529.882: [DefNew: 145026K->10132K(153600K), 0.0158545 secs] 212573K->77680K(494976K), 0.0159483 secs] [Times: user=0.02 sys=0.00, real=0.01 secs] 
2018-02-19T13:38:32.089+0000: 553.075: [GC (Allocation Failure) 2018-02-19T13:38:32.089+0000: 553.075: [DefNew: 146708K->9374K(153600K), 0.0184514 secs] 214256K->79230K(494976K), 0.0185283 secs] [Times: user=0.02 sys=0.00, real=0.02 secs] 
2018-02-19T13:38:53.511+0000: 574.498: [GC (Allocation Failure) 2018-02-19T13:38:53.511+0000: 574.498: [DefNew: 145950K->9752K(153600K), 0.0178281 secs] 215806K->80748K(494976K), 0.0179060 secs] [Times: user=0.02 sys=0.00, real=0.02 secs] 
2018-02-19T13:39:17.829+0000: 598.816: [GC (Allocation Failure) 2018-02-19T13:39:17.829+0000: 598.816: [DefNew: 146328K->9587K(153600K), 0.0184382 secs] 217324K->82049K(494976K), 0.0185209 secs] [Times: user=0.02 sys=0.00, real=0.02 secs] 
2018-02-19T13:39:40.014+0000: 621.001: [GC (Allocation Failure) 2018-02-19T13:39:40.014+0000: 621.001: [DefNew: 146163K->10048K(153600K), 0.0183539 secs] 218625K->83720K(494976K), 0.0184344 secs] [Times: user=0.02 sys=0.00, real=0.02 secs] 
2018-02-19T13:40:04.235+0000: 645.222: [GC (Allocation Failure) 2018-02-19T13:40:04.235+0000: 645.222: [DefNew: 146624K->8591K(153600K), 0.0189808 secs] 220296K->85017K(494976K), 0.0190558 secs] [Times: user=0.01 sys=0.01, real=0.02 secs] 
2018-02-19T13:40:23.861+0000: 664.848: [GC (Allocation Failure) 2018-02-19T13:40:23.861+0000: 664.848: [DefNew: 145167K->8577K(153600K), 0.0211713 secs] 221593K->86678K(494976K), 0.0212510 secs] [Times: user=0.02 sys=0.01, real=0.02 secs] 
2018-02-19T13:40:44.949+0000: 685.936: [GC (Allocation Failure) 2018-02-19T13:40:44.949+0000: 685.936: [DefNew: 145153K->9044K(153600K), 0.0183560 secs] 223254K->88618K(494976K), 0.0184398 secs] [Times: user=0.02 sys=0.00, real=0.02 secs] 
2018-02-19T13:41:04.814+0000: 705.801: [GC (Allocation Failure) 2018-02-19T13:41:04.814+0000: 705.801: [DefNew: 145620K->8521K(153600K), 0.0162798 secs] 225194K->89508K(494976K), 0.0163595 secs] [Times: user=0.01 sys=0.00, real=0.01 secs] 
2018-02-19T13:41:27.374+0000: 728.361: [GC (Allocation Failure) 2018-02-19T13:41:27.374+0000: 728.361: [DefNew: 145097K->8952K(153600K), 0.0187435 secs] 226084K->91545K(494976K), 0.0188171 secs] [Times: user=0.01 sys=0.00, real=0.02 secs] 
2018-02-19T13:41:55.115+0000: 756.102: [GC (Allocation Failure) 2018-02-19T13:41:55.116+0000: 756.102: [DefNew: 145528K->9351K(153600K), 0.0184041 secs] 228121K->93367K(494976K), 0.0184875 secs] [Times: user=0.01 sys=0.01, real=0.02 secs] 
2018-02-19T13:42:14.803+0000: 775.790: [GC (Allocation Failure) 2018-02-19T13:42:14.803+0000: 775.790: [DefNew: 145927K->9482K(153600K), 0.0168443 secs] 229943K->94961K(494976K), 0.0169287 secs] [Times: user=0.02 sys=0.00, real=0.02 secs] 
2018-02-19T13:42:32.425+0000: 793.413: [GC (Allocation Failure) 2018-02-19T13:42:32.426+0000: 793.413: [DefNew: 146058K->9118K(153600K), 0.0169888 secs] 231537K->96238K(494976K), 0.0178901 secs] [Times: user=0.02 sys=0.00, real=0.01 secs] 
2018-02-19T13:42:58.679+0000: 819.666: [GC (Allocation Failure) 2018-02-19T13:42:58.679+0000: 819.666: [DefNew: 145694K->9587K(153600K), 0.0222565 secs] 232814K->98265K(494976K), 0.0223280 secs] [Times: user=0.01 sys=0.01, real=0.02 secs] 
13:43:18.389 [Client] INFO  c.s.f.r.e.s.SocketRear  - FlameSocketGraphDeployerRear@172.31.45.197: has been disconnected from Connection 5
13:43:31.560 [worker-akka.actor.default-dispatcher-2] INFO  a.a.CoordinatedShutdown CoordinatedShutdown(akka://worker) - Starting coordinated shutdown from JVM shutdown hook
13:43:31.609 [worker-akka.actor.default-dispatcher-2] INFO  a.a.LocalActorRef akka://worker/user/watcher/graph0000000000/negotiator - Stopped
13:43:31.609 [worker-akka.actor.default-dispatcher-2] INFO  a.a.LocalActorRef akka://worker/user/watcher/graph0000000000/edge/FlameSocketGraphDeployerFront - Stopped
13:43:31.610 [worker-akka.actor.default-dispatcher-2] INFO  a.a.LocalActorRef akka://worker/user/watcher/graph0000000000/edge/FlameSocketGraphDeployerRear - Stopped
13:43:31.610 [worker-akka.actor.default-dispatcher-2] INFO  a.a.LocalActorRef akka://worker/user/watcher/graph0000000000/graph/$a - Stopped
13:43:31.612 [worker-akka.actor.default-dispatcher-2] INFO  a.a.LocalActorRef akka://worker/user/watcher/graph0000000000/graph/local-acker/$a - Stopped
13:43:31.613 [worker-akka.actor.default-dispatcher-2] INFO  a.a.LocalActorRef akka://worker/user/watcher/graph0000000000/graph/$b - Stopped
13:43:31.613 [worker-akka.actor.default-dispatcher-2] INFO  a.a.LocalActorRef akka://worker/user/watcher/graph0000000000/graph/local-acker/$a - Message [com.spbsu.flamestream.runtime.utils.akka.PingActor$InnerPing] from Actor[akka://worker/user/watcher/graph0000000000/graph/local-acker/$a#2083269872] to Actor[akka://worker/user/watcher/graph0000000000/graph/local-acker/$a#2083269872] was not delivered. [1] dead letters encountered. This logging can be turned off or adjusted with configuration settings 'akka.log-dead-letters' and 'akka.log-dead-letters-during-shutdown'.
13:43:31.614 [worker-akka.actor.default-dispatcher-2] INFO  a.a.LocalActorRef akka://worker/user/watcher/graph0000000000/graph/$c - Stopped
13:43:31.616 [worker-akka.actor.default-dispatcher-2] INFO  a.a.LocalActorRef akka://worker/user/watcher/graph0000000000/edge - Stopped
13:43:31.618 [worker-akka.actor.default-dispatcher-2] INFO  a.a.LocalActorRef akka://worker/user/watcher/graph0000000000/graph/local-acker - Stopped
13:43:31.619 [worker-akka.actor.default-dispatcher-2] INFO  a.a.LocalActorRef akka://worker/user/watcher/graph0000000000/graph/local-acker/$a - Message [com.spbsu.flamestream.runtime.utils.akka.PingActor$Stop] from Actor[akka://worker/user/watcher/graph0000000000/graph/local-acker#-1835559756] to Actor[akka://worker/user/watcher/graph0000000000/graph/local-acker/$a#2083269872] was not delivered. [2] dead letters encountered. This logging can be turned off or adjusted with configuration settings 'akka.log-dead-letters' and 'akka.log-dead-letters-during-shutdown'.
13:43:31.621 [worker-akka.actor.default-dispatcher-2] INFO  a.a.LocalActorRef akka://worker/user/watcher/graph0000000000/graph/local-acker - Message [com.spbsu.flamestream.runtime.acker.LocalAcker$Flush] from Actor[akka://worker/user/watcher/graph0000000000/graph/local-acker#-1835559756] to Actor[akka://worker/user/watcher/graph0000000000/graph/local-acker#-1835559756] was not delivered. [3] dead letters encountered. This logging can be turned off or adjusted with configuration settings 'akka.log-dead-letters' and 'akka.log-dead-letters-during-shutdown'.
13:43:31.621 [worker-akka.actor.default-dispatcher-2] INFO  a.a.LocalActorRef akka://worker/user/watcher/graph0000000000/graph/local-acker - Message [com.spbsu.flamestream.runtime.acker.LocalAcker$Flush] from Actor[akka://worker/user/watcher/graph0000000000/graph/local-acker#-1835559756] to Actor[akka://worker/user/watcher/graph0000000000/graph/local-acker#-1835559756] was not delivered. [4] dead letters encountered. This logging can be turned off or adjusted with configuration settings 'akka.log-dead-letters' and 'akka.log-dead-letters-during-shutdown'.
13:43:31.621 [worker-akka.actor.default-dispatcher-2] INFO  a.a.LocalActorRef akka://worker/user/watcher/graph0000000000/graph/local-acker - Message [com.spbsu.flamestream.runtime.acker.LocalAcker$Flush] from Actor[akka://worker/user/watcher/graph0000000000/graph/local-acker#-1835559756] to Actor[akka://worker/user/watcher/graph0000000000/graph/local-acker#-1835559756] was not delivered. [5] dead letters encountered. This logging can be turned off or adjusted with configuration settings 'akka.log-dead-letters' and 'akka.log-dead-letters-during-shutdown'.
13:43:31.622 [worker-akka.actor.default-dispatcher-2] INFO  a.a.LocalActorRef akka://worker/user/watcher/graph0000000000/graph/local-acker - Message [com.spbsu.flamestream.runtime.acker.LocalAcker$Flush] from Actor[akka://worker/user/watcher/graph0000000000/graph/local-acker#-1835559756] to Actor[akka://worker/user/watcher/graph0000000000/graph/local-acker#-1835559756] was not delivered. [6] dead letters encountered. This logging can be turned off or adjusted with configuration settings 'akka.log-dead-letters' and 'akka.log-dead-letters-during-shutdown'.
13:43:31.622 [worker-akka.actor.default-dispatcher-2] INFO  a.a.LocalActorRef akka://worker/user/watcher/graph0000000000/graph/local-acker - Message [com.spbsu.flamestream.runtime.acker.LocalAcker$Flush] from Actor[akka://worker/user/watcher/graph0000000000/graph/local-acker#-1835559756] to Actor[akka://worker/user/watcher/graph0000000000/graph/local-acker#-1835559756] was not delivered. [7] dead letters encountered. This logging can be turned off or adjusted with configuration settings 'akka.log-dead-letters' and 'akka.log-dead-letters-during-shutdown'.
13:43:31.623 [worker-akka.actor.default-dispatcher-2] INFO  a.a.LocalActorRef akka://worker/user/watcher/graph0000000000/graph - Stopped
13:43:31.624 [worker-akka.actor.default-dispatcher-2] INFO  a.a.LocalActorRef akka://worker/user/watcher/graph0000000000 - Stopped
13:43:31.627 [worker-akka.actor.default-dispatcher-2-EventThread] INFO  o.a.z.ClientCnxn  - EventThread shut down for session: 0x161ae4056810008
13:43:31.627 [worker-akka.actor.default-dispatcher-2] INFO  o.a.z.ZooKeeper  - Session: 0x161ae4056810008 closed
13:43:31.628 [worker-akka.actor.default-dispatcher-2] INFO  a.a.RepointableActorRef akka://worker/user/watcher - Stopped
13:43:31.640 [worker-akka.actor.default-dispatcher-2] INFO  a.r.RemoteActorRefProvider$RemotingTerminator akka://worker@172.31.45.197:5412/system/remoting-terminator - Shutting down remote daemon.
13:43:31.643 [worker-akka.actor.default-dispatcher-2] INFO  a.r.RemoteActorRefProvider$RemotingTerminator akka://worker@172.31.45.197:5412/system/remoting-terminator - Remote daemon shut down; proceeding with flushing remote transports.
2018-02-19T13:43:31.729+0000: 852.716: [GC (Allocation Failure) 2018-02-19T13:43:31.729+0000: 852.716: [DefNew: 146163K->10032K(153600K), 0.0203272 secs] 234841K->100215K(494976K), 0.0203947 secs] [Times: user=0.01 sys=0.01, real=0.02 secs] 
13:43:31.864 [worker-akka.actor.default-dispatcher-2] INFO  a.r.RemoteActorRefProvider$RemotingTerminator akka://worker@172.31.45.197:5412/system/remoting-terminator - Remoting shut down.
Heap
 def new generation   total 153600K, used 14084K [0x00000000e0c00000, 0x00000000eb2a0000, 0x00000000eb2a0000)
  eden space 136576K,   2% used [0x00000000e0c00000, 0x00000000e0ff4ee8, 0x00000000e9160000)
  from space 17024K,  58% used [0x00000000e9160000, 0x00000000e9b2c158, 0x00000000ea200000)
  to   space 17024K,   0% used [0x00000000ea200000, 0x00000000ea200000, 0x00000000eb2a0000)
 tenured generation   total 341376K, used 90182K [0x00000000eb2a0000, 0x0000000100000000, 0x0000000100000000)
   the space 341376K,  26% used [0x00000000eb2a0000, 0x00000000f0ab1ad8, 0x00000000f0ab1c00, 0x0000000100000000)
 Metaspace       used 33503K, capacity 34298K, committed 34688K, reserved 1079296K
  class space    used 4456K, capacity 4624K, committed 4736K, reserved 1048576K
