12:13:12.533 [worker-akka.actor.default-dispatcher-2] INFO  a.e.s.Slf4jLogger  - Slf4jLogger started
2018-02-21T12:13:12.681+0000: 1.815: [Full GC (Metadata GC Threshold) 2018-02-21T12:13:12.681+0000: 1.815: [Tenured: 0K->15410K(341376K), 0.0371331 secs] 117538K->15410K(494976K), [Metaspace: 20869K->20869K(1067008K)], 0.0371997 secs] [Times: user=0.04 sys=0.00, real=0.04 secs] 
Ama winner
Ama winner
12:13:13.052 [worker-akka.actor.default-dispatcher-2] INFO  a.r.a.ArteryTransport(akka://worker) akka.remote.artery.ArteryTransport(akka://worker) - Started embedded media driver in directory [/dev/shm/aeron-root-worker-cb5a9235-2d2c-4d3f-af9e-3c01ab84c7a5]
12:13:13.273 [worker-akka.actor.default-dispatcher-2] INFO  a.r.a.ArteryTransport(akka://worker) akka.remote.artery.ArteryTransport(akka://worker) - Remoting started; listening on address: [akka://worker@172.31.47.100:5412] with UID [-8692560284888002789]
12:13:13.369 [worker-akka.actor.default-dispatcher-2] INFO  o.a.z.ZooKeeper  - Client environment:zookeeper.version=3.4.9-1757313, built on 08/23/2016 06:50 GMT
12:13:13.369 [worker-akka.actor.default-dispatcher-2] INFO  o.a.z.ZooKeeper  - Client environment:host.name=ip-172-31-47-100.us-east-2.compute.internal
12:13:13.370 [worker-akka.actor.default-dispatcher-2] INFO  o.a.z.ZooKeeper  - Client environment:java.version=1.8.0_151
12:13:13.370 [worker-akka.actor.default-dispatcher-2] INFO  o.a.z.ZooKeeper  - Client environment:java.vendor=Oracle Corporation
12:13:13.370 [worker-akka.actor.default-dispatcher-2] INFO  o.a.z.ZooKeeper  - Client environment:java.home=/usr/lib/jvm/java-8-openjdk-amd64/jre
12:13:13.370 [worker-akka.actor.default-dispatcher-2] INFO  o.a.z.ZooKeeper  - Client environment:java.class.path=lib/commons-cli-1.4.jar:lib/minlog-1.3.0.jar:lib/asm-5.0.4.jar:lib/hadoop-annotations-2.7.3.jar:lib/hadoop-auth-2.7.3.jar:lib/akka-slf4j_2.11-2.5.6.jar:lib/jersey-core-1.9.jar:lib/lz4-1.3.0.jar:lib/jackson-core-asl-1.9.13.jar:lib/aeron-client-1.3.0.jar:lib/htrace-core-3.1.0-incubating.jar:lib/xz-1.0.jar:lib/commons-httpclient-3.1.jar:lib/asm-3.1.jar:lib/commons-lang3-3.4.jar:lib/scala-library-2.11.11.jar:lib/scala-java8-compat_2.11-0.7.0.jar:lib/commons-configuration-1.6.jar:lib/objenesis-2.1.jar:lib/jackson-annotations-2.8.0.jar:lib/jsr305-3.0.0.jar:lib/curator-framework-2.7.1.jar:lib/jersey-server-1.9.jar:lib/jets3t-0.9.0.jar:lib/leveldb-0.7.jar:lib/jetty-6.1.26.jar:lib/stax-api-1.0-2.jar:lib/flamestream-core-1.0-SNAPSHOT.jar:lib/reflectasm-1.07-shaded.jar:lib/apacheds-kerberos-codec-2.0.0-M15.jar:lib/api-asn1-api-1.0.0-M20.jar:lib/commons-lang-2.6.jar:lib/commons-beanutils-1.7.0.jar:lib/jackson-xc-1.8.3.jar:lib/jetty-util-6.1.26.jar:lib/logback-classic-1.2.3.jar:lib/jool-0.9.12.jar:lib/flamestream-runtime-1.0-SNAPSHOT-tests.jar:lib/httpcore-4.1.2.jar:lib/kryo-4.0.0.jar:lib/ant-1.8.1.jar:lib/jaxb-impl-2.2.3-1.jar:lib/jersey-json-1.9.jar:lib/commons-compress-1.4.1.jar:lib/leveldbjni-all-1.8.jar:lib/paranamer-2.3.jar:lib/jackson-core-2.8.4.jar:lib/commons-math3-3.6.1.jar:lib/scala-parser-combinators_2.11-1.0.4.jar:lib/netty-3.10.6.Final.jar:lib/trove4j-3.0.3.jar:lib/jaxb-api-2.2.2.jar:lib/logback-core-1.2.3.jar:lib/snappy-java-1.0.4.1.jar:lib/protobuf-java-2.5.0.jar:lib/reactive-streams-1.0.1.jar:lib/flamestream-examples-1.0-SNAPSHOT.jar:lib/commons-codec-1.4.jar:lib/activation-1.1.jar:lib/commons-net-3.1.jar:lib/curator-recipes-2.7.1.jar:lib/jackson-mapper-asl-1.9.13.jar:lib/jackson-databind-2.8.4.jar:lib/flamestream-runtime-1.0-SNAPSHOT.jar:lib/jackson-jaxrs-1.8.3.jar:lib/slf4j-api-1.7.24.jar:lib/akka-remote_2.11-2.5.6.jar:lib/akka-testkit_2.11-2.5.6.jar:lib/jline-0.9.94.jar:lib/akka-stream_2.11-2.5.6.jar:lib/jsp-api-2.1.jar:lib/kryonet-2.21.jar:lib/akka-kryo-serialization_2.11-0.5.0.jar:lib/config-1.3.1.jar:lib/ant-launcher-1.8.1.jar:lib/commons-logging-1.2.jar:lib/ssl-config-core_2.11-0.2.2.jar:lib/testng-6.10.jar:lib/leveldb-api-0.7.jar:lib/reflectasm-1.11.3.jar:lib/jcommander-1.48.jar:lib/commons-1.1.jar:lib/commons-digester-1.8.jar:lib/minlog-1.2.jar:lib/java-xmlbuilder-0.4.jar:lib/jettison-1.1.jar:lib/gson-2.2.4.jar:lib/jdk.tools-1.8.jar:lib/aeron-driver-1.3.0.jar:lib/zookeeper-3.4.9.jar:lib/commons-beanutils-core-1.8.0.jar:lib/commons-math3-3.1.1.jar:lib/akka-actor_2.11-2.5.6.jar:lib/curator-client-2.7.1.jar:lib/servlet-api-2.5.jar:lib/apacheds-i18n-2.0.0-M15.jar:lib/commons-io-2.4.jar:lib/commons-codec-1.6.jar:lib/akka-protobuf_2.11-2.5.6.jar:lib/protobuf-java-3.5.1.jar:lib/jdom-2.0.2.jar:lib/api-util-1.0.0-M20.jar:lib/hadoop-common-2.7.3.jar:lib/agrona-0.9.6.jar:lib/xmlenc-0.52.jar:lib/guava-21.0.jar:lib/commons-collections-3.2.2.jar:lib/avro-1.7.4.jar:lib/httpclient-4.1.2.jar:lib/flamestream-core-1.0-SNAPSHOT-tests.jar:lib/annotations-12.0.jar:lib/jsch-0.1.42.jar:flamestream-runtime-1.0-SNAPSHOT.jar
12:13:13.370 [worker-akka.actor.default-dispatcher-2] INFO  o.a.z.ZooKeeper  - Client environment:java.library.path=/usr/java/packages/lib/amd64:/usr/lib/x86_64-linux-gnu/jni:/lib/x86_64-linux-gnu:/usr/lib/x86_64-linux-gnu:/usr/lib/jni:/lib:/usr/lib
12:13:13.370 [worker-akka.actor.default-dispatcher-2] INFO  o.a.z.ZooKeeper  - Client environment:java.io.tmpdir=/tmp
12:13:13.370 [worker-akka.actor.default-dispatcher-2] INFO  o.a.z.ZooKeeper  - Client environment:java.compiler=<NA>
12:13:13.370 [worker-akka.actor.default-dispatcher-2] INFO  o.a.z.ZooKeeper  - Client environment:os.name=Linux
12:13:13.370 [worker-akka.actor.default-dispatcher-2] INFO  o.a.z.ZooKeeper  - Client environment:os.arch=amd64
12:13:13.370 [worker-akka.actor.default-dispatcher-2] INFO  o.a.z.ZooKeeper  - Client environment:os.version=4.4.0-1049-aws
12:13:13.370 [worker-akka.actor.default-dispatcher-2] INFO  o.a.z.ZooKeeper  - Client environment:user.name=root
12:13:13.372 [worker-akka.actor.default-dispatcher-2] INFO  o.a.z.ZooKeeper  - Client environment:user.home=/root
12:13:13.373 [worker-akka.actor.default-dispatcher-2] INFO  o.a.z.ZooKeeper  - Client environment:user.dir=/opt/flamestream
12:13:13.375 [worker-akka.actor.default-dispatcher-2] INFO  o.a.z.ZooKeeper  - Initiating client connection, connectString=172.31.34.147:2181 sessionTimeout=5000 watcher=com.spbsu.flamestream.runtime.application.LifecycleWatcher$$Lambda$29/764839090@3d5d5f13
12:13:13.408 [worker-akka.actor.default-dispatcher-2-SendThread(172.31.34.147:2181)] INFO  o.a.z.ClientCnxn  - Opening socket connection to server 172.31.34.147/172.31.34.147:2181. Will not attempt to authenticate using SASL (unknown error)
12:13:13.409 [worker-akka.actor.default-dispatcher-2] INFO  a.a.RepointableActorRef akka://worker/user/watcher - Starting...
12:13:13.415 [worker-akka.actor.default-dispatcher-2-SendThread(172.31.34.147:2181)] INFO  o.a.z.ClientCnxn  - Socket connection established to 172.31.34.147/172.31.34.147:2181, initiating session
12:13:13.424 [worker-akka.actor.default-dispatcher-2-SendThread(172.31.34.147:2181)] INFO  o.a.z.ClientCnxn  - Session establishment complete on server 172.31.34.147/172.31.34.147:2181, sessionid = 0x161b84784c50003, negotiated timeout = 6000
12:13:13.504 [worker-akka.actor.default-dispatcher-2] INFO  a.a.RepointableActorRef akka://worker/user/watcher - Connected to ZK
12:13:21.550 [worker-akka.actor.default-dispatcher-2] INFO  a.a.RepointableActorRef akka://worker/user/watcher - Creating node with watchGraphs: 'com.spbsu.flamestream.core.Graph$Builder$MyGraph@1b645720', config: 'ClusterConfig{paths={172.31.33.155=akka://worker@172.31.33.155:5412/user/watcher/graph0000000000, 172.31.47.83=akka://worker@172.31.47.83:5412/user/watcher/graph0000000000, 172.31.39.64=akka://worker@172.31.39.64:5412/user/watcher/graph0000000000, 172.31.35.79=akka://worker@172.31.35.79:5412/user/watcher/graph0000000000, 172.31.47.100=akka://worker@172.31.47.100:5412/user/watcher/graph0000000000, 172.31.37.101=akka://worker@172.31.37.101:5412/user/watcher/graph0000000000}, ackerLocation='172.31.35.79', props=ComputationLayout{ranges={172.31.33.155=HashRange{from=-1288490189, to=-429496730}, 172.31.47.83=HashRange{from=429496729, to=1288490188}, 172.31.39.64=HashRange{from=1288490188, to=2147483647}, 172.31.35.79=HashRange{from=0, to=0}, 172.31.47.100=HashRange{from=-2147483648, to=-1288490189}, 172.31.37.101=HashRange{from=-429496730, to=429496729}}}}'
12:13:22.157 [worker-akka.actor.default-dispatcher-2] INFO  a.a.LocalActorRef akka://worker/user/watcher/graph0000000000/graph - Starting...
12:13:22.178 [worker-akka.actor.default-dispatcher-2] INFO  a.a.LocalActorRef akka://worker/user/watcher/graph0000000000/graph/local-acker - Starting...
12:13:22.179 [worker-akka.actor.default-dispatcher-2] INFO  a.a.LocalActorRef akka://worker/user/watcher/graph0000000000/graph/local-acker/$a - Starting...
12:13:22.976 [worker-akka.actor.default-dispatcher-2] INFO  a.a.LocalActorRef akka://worker/user/watcher/graph0000000000 - Starting...
12:13:22.978 [worker-akka.actor.default-dispatcher-2] INFO  a.a.LocalActorRef akka://worker/user/watcher/graph0000000000/graph - Finishing constructor
12:13:22.979 [worker-akka.actor.default-dispatcher-2] INFO  a.a.LocalActorRef akka://worker/user/watcher/graph0000000000/negotiator - Starting...
12:13:22.980 [worker-akka.actor.default-dispatcher-2] INFO  a.a.LocalActorRef akka://worker/user/watcher/graph0000000000/edge - Starting...
12:13:23.059 [worker-akka.actor.default-dispatcher-2] INFO  c.s.f.r.e.s.SocketRear  - FlameSocketGraphDeployerRear@172.31.47.100: connecting to 172.31.34.147:5678
12:13:23.067 [worker-akka.actor.default-dispatcher-2] INFO  c.s.f.r.e.s.SocketRear  - FlameSocketGraphDeployerRear@172.31.47.100: connected to 172.31.34.147:5678
12:13:23.093 [worker-akka.actor.default-dispatcher-2] INFO  a.a.LocalActorRef akka://worker/user/watcher/graph0000000000/graph/$a - Starting...
12:13:23.094 [worker-akka.actor.default-dispatcher-2] INFO  a.a.LocalActorRef akka://worker/user/watcher/graph0000000000/graph/$b - Starting...
12:13:23.095 [worker-akka.actor.default-dispatcher-2] INFO  a.a.LocalActorRef akka://worker/user/watcher/graph0000000000/graph/$c - Starting...
12:13:23.097 [worker-akka.actor.default-dispatcher-2] INFO  a.a.LocalActorRef akka://worker/user/watcher/graph0000000000/edge/FlameSocketGraphDeployerRear - Starting...
12:13:23.098 [worker-akka.actor.default-dispatcher-2] INFO  a.a.LocalActorRef akka://worker/user/watcher/graph0000000000/edge/FlameSocketGraphDeployerFront - Starting...
12:13:23.109 [worker-akka.actor.default-dispatcher-2] INFO  a.a.LocalActorRef akka://worker/user/watcher/graph0000000000/negotiator - Requesting ticket for the frontClass FlameSocketGraphDeployerFront@172.31.47.100
12:13:23.112 [worker-akka.actor.default-dispatcher-2] INFO  a.a.LocalActorRef akka://worker/user/watcher/graph0000000000/negotiator - Ticket for the frontClass received: FrontTicket{allowedTimestamp=(1519215201547, FlameSocketGraphDeployerFront@172.31.47.100)}
12:13:23.115 [worker-akka.actor.default-dispatcher-2] INFO  c.s.f.r.e.s.SocketFront  - FlameSocketGraphDeployerFront@172.31.47.100: connecting to 172.31.34.147:4567
12:13:23.134 [Client] INFO  c.s.f.r.e.s.SocketFront  - FlameSocketGraphDeployerFront@172.31.47.100 has been disconnected from Connection 6
2018-02-21T12:13:26.974+0000: 16.108: [GC (Allocation Failure) 2018-02-21T12:13:26.974+0000: 16.108: [DefNew: 136576K->17024K(153600K), 0.0258443 secs] 151986K->52087K(494976K), 0.0259017 secs] [Times: user=0.03 sys=0.00, real=0.02 secs] 
2018-02-21T12:13:35.041+0000: 24.176: [GC (Allocation Failure) 2018-02-21T12:13:35.043+0000: 24.176: [DefNew: 153600K->4537K(153600K), 0.0190106 secs] 188663K->48899K(494976K), 0.0204196 secs] [Times: user=0.02 sys=0.00, real=0.03 secs] 
2018-02-21T12:13:46.778+0000: 35.911: [GC (Allocation Failure) 2018-02-21T12:13:46.778+0000: 35.911: [DefNew: 141113K->7206K(153600K), 0.0153604 secs] 185475K->51568K(494976K), 0.0154183 secs] [Times: user=0.02 sys=0.00, real=0.01 secs] 
2018-02-21T12:13:58.908+0000: 48.042: [GC (Allocation Failure) 2018-02-21T12:13:58.908+0000: 48.042: [DefNew: 143782K->9231K(153600K), 0.0171771 secs] 188144K->53594K(494976K), 0.0172361 secs] [Times: user=0.02 sys=0.00, real=0.02 secs] 
2018-02-21T12:14:06.821+0000: 55.955: [GC (Allocation Failure) 2018-02-21T12:14:06.821+0000: 55.955: [DefNew: 145807K->9517K(153600K), 0.0194368 secs] 190170K->56018K(494976K), 0.0195004 secs] [Times: user=0.02 sys=0.00, real=0.02 secs] 
2018-02-21T12:14:17.036+0000: 66.170: [GC (Allocation Failure) 2018-02-21T12:14:17.036+0000: 66.170: [DefNew: 146093K->9251K(153600K), 0.0209447 secs] 192594K->57662K(494976K), 0.0210093 secs] [Times: user=0.02 sys=0.00, real=0.02 secs] 
2018-02-21T12:14:27.393+0000: 76.526: [GC (Allocation Failure) 2018-02-21T12:14:27.393+0000: 76.526: [DefNew: 145827K->9283K(153600K), 0.0188285 secs] 194238K->59507K(494976K), 0.0188993 secs] [Times: user=0.02 sys=0.00, real=0.02 secs] 
2018-02-21T12:14:35.269+0000: 84.404: [GC (Allocation Failure) 2018-02-21T12:14:35.271+0000: 84.404: [DefNew: 145859K->9858K(153600K), 0.0187030 secs] 196083K->61636K(494976K), 0.0197815 secs] [Times: user=0.02 sys=0.00, real=0.02 secs] 
2018-02-21T12:14:42.258+0000: 91.392: [GC (Allocation Failure) 2018-02-21T12:14:42.258+0000: 91.392: [DefNew: 146434K->8976K(153600K), 0.0186587 secs] 198212K->62917K(494976K), 0.0187166 secs] [Times: user=0.02 sys=0.00, real=0.02 secs] 
2018-02-21T12:14:53.436+0000: 102.569: [GC (Allocation Failure) 2018-02-21T12:14:53.436+0000: 102.569: [DefNew: 145552K->9553K(153600K), 0.0188660 secs] 199493K->64961K(494976K), 0.0189269 secs] [Times: user=0.01 sys=0.00, real=0.02 secs] 
2018-02-21T12:15:03.171+0000: 112.305: [GC (Allocation Failure) 2018-02-21T12:15:03.171+0000: 112.305: [DefNew: 146129K->9115K(153600K), 0.0189871 secs] 201537K->66342K(494976K), 0.0190507 secs] [Times: user=0.02 sys=0.00, real=0.02 secs] 
2018-02-21T12:15:14.431+0000: 123.565: [GC (Allocation Failure) 2018-02-21T12:15:14.431+0000: 123.565: [DefNew: 145691K->9307K(153600K), 0.0192596 secs] 202918K->68209K(494976K), 0.0193252 secs] [Times: user=0.02 sys=0.00, real=0.02 secs] 
2018-02-21T12:15:28.024+0000: 137.158: [GC (Allocation Failure) 2018-02-21T12:15:28.024+0000: 137.158: [DefNew: 145883K->8982K(153600K), 0.0175858 secs] 204785K->69452K(494976K), 0.0176468 secs] [Times: user=0.02 sys=0.00, real=0.02 secs] 
2018-02-21T12:15:40.052+0000: 149.186: [GC (Allocation Failure) 2018-02-21T12:15:40.052+0000: 149.186: [DefNew: 145558K->9250K(153600K), 0.0173142 secs] 206028K->71268K(494976K), 0.0173731 secs] [Times: user=0.01 sys=0.00, real=0.02 secs] 
2018-02-21T12:15:50.255+0000: 159.389: [GC (Allocation Failure) 2018-02-21T12:15:50.255+0000: 159.389: [DefNew: 145826K->9277K(153600K), 0.0189277 secs] 207844K->72944K(494976K), 0.0190023 secs] [Times: user=0.02 sys=0.00, real=0.02 secs] 
2018-02-21T12:15:57.832+0000: 166.966: [GC (Allocation Failure) 2018-02-21T12:15:57.833+0000: 166.966: [DefNew: 145853K->10628K(153600K), 0.0187639 secs] 209520K->75683K(494976K), 0.0188233 secs] [Times: user=0.01 sys=0.00, real=0.02 secs] 
2018-02-21T12:16:09.240+0000: 178.374: [GC (Allocation Failure) 2018-02-21T12:16:09.240+0000: 178.374: [DefNew: 147204K->8471K(153600K), 0.0184853 secs] 212259K->77020K(494976K), 0.0185460 secs] [Times: user=0.02 sys=0.00, real=0.02 secs] 
2018-02-21T12:16:20.151+0000: 189.285: [GC (Allocation Failure) 2018-02-21T12:16:20.151+0000: 189.285: [DefNew: 145047K->10133K(153600K), 0.0157401 secs] 213596K->78683K(494976K), 0.0158025 secs] [Times: user=0.01 sys=0.00, real=0.02 secs] 
2018-02-21T12:16:33.870+0000: 203.004: [GC (Allocation Failure) 2018-02-21T12:16:33.870+0000: 203.004: [DefNew: 146709K->10302K(153600K), 0.0193211 secs] 215259K->81198K(494976K), 0.0193805 secs] [Times: user=0.01 sys=0.00, real=0.02 secs] 
2018-02-21T12:16:44.166+0000: 213.299: [GC (Allocation Failure) 2018-02-21T12:16:44.166+0000: 213.299: [DefNew: 146878K->8659K(153600K), 0.0198234 secs] 217774K->82628K(494976K), 0.0198852 secs] [Times: user=0.02 sys=0.01, real=0.02 secs] 
2018-02-21T12:16:57.311+0000: 226.444: [GC (Allocation Failure) 2018-02-21T12:16:57.311+0000: 226.444: [DefNew: 145235K->9052K(153600K), 0.0190280 secs] 219204K->84796K(494976K), 0.0190923 secs] [Times: user=0.02 sys=0.00, real=0.02 secs] 
2018-02-21T12:17:08.261+0000: 237.395: [GC (Allocation Failure) 2018-02-21T12:17:08.261+0000: 237.395: [DefNew: 145628K->9173K(153600K), 0.0178290 secs] 221372K->86733K(494976K), 0.0179040 secs] [Times: user=0.01 sys=0.01, real=0.02 secs] 
2018-02-21T12:17:18.439+0000: 247.573: [GC (Allocation Failure) 2018-02-21T12:17:18.439+0000: 247.573: [DefNew: 145749K->9273K(153600K), 0.0177896 secs] 223309K->88811K(494976K), 0.0178694 secs] [Times: user=0.01 sys=0.00, real=0.02 secs] 
2018-02-21T12:17:30.000+0000: 259.133: [GC (Allocation Failure) 2018-02-21T12:17:30.000+0000: 259.133: [DefNew: 145849K->9193K(153600K), 0.0176264 secs] 225387K->90421K(494976K), 0.0176908 secs] [Times: user=0.01 sys=0.00, real=0.02 secs] 
2018-02-21T12:17:41.669+0000: 270.803: [GC (Allocation Failure) 2018-02-21T12:17:41.669+0000: 270.803: [DefNew: 145769K->8755K(153600K), 0.0175350 secs] 226997K->91834K(494976K), 0.0175919 secs] [Times: user=0.02 sys=0.00, real=0.02 secs] 
2018-02-21T12:17:52.620+0000: 281.754: [GC (Allocation Failure) 2018-02-21T12:17:52.620+0000: 281.754: [DefNew: 145331K->9031K(153600K), 0.0179032 secs] 228410K->93811K(494976K), 0.0179695 secs] [Times: user=0.02 sys=0.00, real=0.02 secs] 
2018-02-21T12:18:02.027+0000: 291.160: [GC (Allocation Failure) 2018-02-21T12:18:02.027+0000: 291.160: [DefNew: 145607K->9042K(153600K), 0.0175754 secs] 230387K->95582K(494976K), 0.0176394 secs] [Times: user=0.02 sys=0.00, real=0.02 secs] 
2018-02-21T12:18:11.079+0000: 300.213: [GC (Allocation Failure) 2018-02-21T12:18:11.080+0000: 300.213: [DefNew: 145618K->9204K(153600K), 0.0177080 secs] 232158K->97288K(494976K), 0.0177725 secs] [Times: user=0.02 sys=0.00, real=0.02 secs] 
2018-02-21T12:18:23.053+0000: 312.187: [GC (Allocation Failure) 2018-02-21T12:18:23.053+0000: 312.187: [DefNew: 145780K->9533K(153600K), 0.0180377 secs] 233864K->99333K(494976K), 0.0180983 secs] [Times: user=0.02 sys=0.00, real=0.02 secs] 
2018-02-21T12:18:32.310+0000: 321.444: [GC (Allocation Failure) 2018-02-21T12:18:32.310+0000: 321.444: [DefNew: 146109K->10156K(153600K), 0.0193196 secs] 235909K->101684K(494976K), 0.0193833 secs] [Times: user=0.01 sys=0.00, real=0.02 secs] 
2018-02-21T12:18:47.008+0000: 336.142: [GC (Allocation Failure) 2018-02-21T12:18:47.008+0000: 336.142: [DefNew: 146732K->10151K(153600K), 0.0184275 secs] 238260K->103562K(494976K), 0.0185320 secs] [Times: user=0.02 sys=0.00, real=0.02 secs] 
2018-02-21T12:18:58.053+0000: 347.186: [GC (Allocation Failure) 2018-02-21T12:18:58.053+0000: 347.186: [DefNew: 146727K->10074K(153600K), 0.0176081 secs] 240138K->105576K(494976K), 0.0176692 secs] [Times: user=0.02 sys=0.00, real=0.02 secs] 
2018-02-21T12:19:09.270+0000: 358.403: [GC (Allocation Failure) 2018-02-21T12:19:09.270+0000: 358.403: [DefNew: 146650K->9623K(153600K), 0.0183146 secs] 242152K->107040K(494976K), 0.0183758 secs] [Times: user=0.02 sys=0.00, real=0.02 secs] 
2018-02-21T12:19:18.172+0000: 367.306: [GC (Allocation Failure) 2018-02-21T12:19:18.172+0000: 367.306: [DefNew: 146199K->10491K(153600K), 0.0190344 secs] 243616K->109434K(494976K), 0.0191002 secs] [Times: user=0.02 sys=0.00, real=0.02 secs] 
2018-02-21T12:19:28.928+0000: 378.062: [GC (Allocation Failure) 2018-02-21T12:19:28.928+0000: 378.062: [DefNew: 147067K->10852K(153600K), 0.0188067 secs] 246010K->111557K(494976K), 0.0188810 secs] [Times: user=0.02 sys=0.00, real=0.02 secs] 
2018-02-21T12:19:38.155+0000: 387.289: [GC (Allocation Failure) 2018-02-21T12:19:38.155+0000: 387.289: [DefNew: 147428K->11251K(153600K), 0.0192684 secs] 248133K->113605K(494976K), 0.0193289 secs] [Times: user=0.02 sys=0.00, real=0.02 secs] 
2018-02-21T12:19:45.415+0000: 394.549: [GC (Allocation Failure) 2018-02-21T12:19:45.415+0000: 394.549: [DefNew: 147827K->10843K(153600K), 0.0187526 secs] 250181K->115401K(494976K), 0.0188290 secs] [Times: user=0.02 sys=0.00, real=0.02 secs] 
2018-02-21T12:19:55.769+0000: 404.903: [GC (Allocation Failure) 2018-02-21T12:19:55.769+0000: 404.903: [DefNew: 147419K->10792K(153600K), 0.0189569 secs] 251977K->117288K(494976K), 0.0190303 secs] [Times: user=0.01 sys=0.00, real=0.02 secs] 
2018-02-21T12:20:07.733+0000: 416.867: [GC (Allocation Failure) 2018-02-21T12:20:07.733+0000: 416.867: [DefNew: 147368K->11855K(153600K), 0.0200391 secs] 253864K->120048K(494976K), 0.0201034 secs] [Times: user=0.02 sys=0.00, real=0.02 secs] 
2018-02-21T12:20:17.262+0000: 426.396: [GC (Allocation Failure) 2018-02-21T12:20:17.262+0000: 426.396: [DefNew: 148431K->8454K(153600K), 0.0191619 secs] 256624K->121606K(494976K), 0.0192224 secs] [Times: user=0.01 sys=0.00, real=0.02 secs] 
2018-02-21T12:20:26.530+0000: 435.664: [GC (Allocation Failure) 2018-02-21T12:20:26.531+0000: 435.664: [DefNew: 145030K->11919K(153600K), 0.0173486 secs] 258182K->125071K(494976K), 0.0174073 secs] [Times: user=0.02 sys=0.00, real=0.02 secs] 
2018-02-21T12:20:35.488+0000: 444.622: [GC (Allocation Failure) 2018-02-21T12:20:35.488+0000: 444.622: [DefNew: 148495K->8527K(153600K), 0.0195962 secs] 261647K->126857K(494976K), 0.0196554 secs] [Times: user=0.02 sys=0.00, real=0.02 secs] 
2018-02-21T12:20:45.385+0000: 454.518: [GC (Allocation Failure) 2018-02-21T12:20:45.385+0000: 454.519: [DefNew: 145103K->7726K(153600K), 0.0156552 secs] 263433K->129346K(494976K), 0.0157257 secs] [Times: user=0.01 sys=0.00, real=0.01 secs] 
2018-02-21T12:20:55.015+0000: 464.148: [GC (Allocation Failure) 2018-02-21T12:20:55.015+0000: 464.148: [DefNew: 144302K->11676K(153600K), 0.0168471 secs] 265922K->133296K(494976K), 0.0169079 secs] [Times: user=0.02 sys=0.00, real=0.01 secs] 
2018-02-21T12:21:07.035+0000: 476.169: [GC (Allocation Failure) 2018-02-21T12:21:07.035+0000: 476.169: [DefNew: 148252K->9614K(153600K), 0.0203089 secs] 269872K->136216K(494976K), 0.0203669 secs] [Times: user=0.02 sys=0.00, real=0.02 secs] 
2018-02-21T12:21:18.129+0000: 487.263: [GC (Allocation Failure) 2018-02-21T12:21:18.129+0000: 487.263: [DefNew: 146190K->10528K(153600K), 0.0175847 secs] 272792K->140623K(494976K), 0.0176464 secs] [Times: user=0.02 sys=0.00, real=0.02 secs] 
2018-02-21T12:21:27.599+0000: 496.733: [GC (Allocation Failure) 2018-02-21T12:21:27.599+0000: 496.733: [DefNew: 147104K->9455K(153600K), 0.0192971 secs] 277199K->144662K(494976K), 0.0193609 secs] [Times: user=0.02 sys=0.00, real=0.02 secs] 
2018-02-21T12:21:36.762+0000: 505.896: [GC (Allocation Failure) 2018-02-21T12:21:36.762+0000: 505.896: [DefNew: 146031K->9427K(153600K), 0.0182598 secs] 281238K->148267K(494976K), 0.0183466 secs] [Times: user=0.00 sys=0.01, real=0.01 secs] 
2018-02-21T12:21:49.540+0000: 518.674: [GC (Allocation Failure) 2018-02-21T12:21:49.541+0000: 518.674: [DefNew: 146003K->8979K(153600K), 0.0165624 secs] 284843K->151189K(494976K), 0.0166293 secs] [Times: user=0.02 sys=0.00, real=0.02 secs] 
2018-02-21T12:21:59.261+0000: 528.395: [GC (Allocation Failure) 2018-02-21T12:21:59.261+0000: 528.395: [DefNew: 145555K->9752K(153600K), 0.0184074 secs] 287765K->155418K(494976K), 0.0184815 secs] [Times: user=0.01 sys=0.00, real=0.02 secs] 
2018-02-21T12:22:09.150+0000: 538.284: [GC (Allocation Failure) 2018-02-21T12:22:09.150+0000: 538.284: [DefNew: 146328K->10010K(153600K), 0.0188293 secs] 291994K->159577K(494976K), 0.0188952 secs] [Times: user=0.02 sys=0.00, real=0.02 secs] 
2018-02-21T12:22:21.039+0000: 550.173: [GC (Allocation Failure) 2018-02-21T12:22:21.039+0000: 550.173: [DefNew: 146586K->9380K(153600K), 0.0172016 secs] 296153K->162437K(494976K), 0.0172647 secs] [Times: user=0.02 sys=0.00, real=0.02 secs] 
2018-02-21T12:22:31.882+0000: 561.016: [GC (Allocation Failure) 2018-02-21T12:22:31.882+0000: 561.016: [DefNew: 145956K->9619K(153600K), 0.0176725 secs] 299013K->166308K(494976K), 0.0177305 secs] [Times: user=0.02 sys=0.00, real=0.01 secs] 
2018-02-21T12:22:40.533+0000: 569.667: [GC (Allocation Failure) 2018-02-21T12:22:40.533+0000: 569.667: [DefNew: 146195K->8756K(153600K), 0.0169147 secs] 302884K->169326K(494976K), 0.0169731 secs] [Times: user=0.01 sys=0.00, real=0.02 secs] 
2018-02-21T12:22:50.276+0000: 579.410: [GC (Allocation Failure) 2018-02-21T12:22:50.276+0000: 579.410: [DefNew: 145332K->10205K(153600K), 0.0178274 secs] 305902K->174053K(494976K), 0.0178875 secs] [Times: user=0.02 sys=0.00, real=0.02 secs] 
2018-02-21T12:22:58.847+0000: 587.981: [GC (Allocation Failure) 2018-02-21T12:22:58.848+0000: 587.981: [DefNew: 146781K->9023K(153600K), 0.0173825 secs] 310629K->177149K(494976K), 0.0174411 secs] [Times: user=0.01 sys=0.00, real=0.02 secs] 
2018-02-21T12:23:09.251+0000: 598.385: [GC (Allocation Failure) 2018-02-21T12:23:09.251+0000: 598.385: [DefNew: 145599K->10210K(153600K), 0.0195433 secs] 313725K->181865K(494976K), 0.0196034 secs] [Times: user=0.02 sys=0.00, real=0.02 secs] 
2018-02-21T12:23:18.410+0000: 607.544: [GC (Allocation Failure) 2018-02-21T12:23:18.410+0000: 607.544: [DefNew: 146786K->9427K(153600K), 0.0204491 secs] 318441K->185406K(494976K), 0.0205132 secs] [Times: user=0.01 sys=0.01, real=0.02 secs] 
2018-02-21T12:23:28.438+0000: 617.572: [GC (Allocation Failure) 2018-02-21T12:23:28.438+0000: 617.572: [DefNew: 146003K->9418K(153600K), 0.0191676 secs] 321982K->189296K(494976K), 0.0192313 secs] [Times: user=0.02 sys=0.00, real=0.02 secs] 
2018-02-21T12:23:40.117+0000: 629.250: [GC (Allocation Failure) 2018-02-21T12:23:40.117+0000: 629.250: [DefNew: 145994K->9396K(153600K), 0.0197683 secs] 325872K->193353K(494976K), 0.0198304 secs] [Times: user=0.02 sys=0.00, real=0.02 secs] 
2018-02-21T12:23:48.287+0000: 637.421: [GC (Allocation Failure) 2018-02-21T12:23:48.288+0000: 637.421: [DefNew: 145972K->9929K(153600K), 0.0186534 secs] 329929K->197596K(494976K), 0.0187169 secs] [Times: user=0.02 sys=0.00, real=0.02 secs] 
2018-02-21T12:23:58.612+0000: 647.746: [GC (Allocation Failure) 2018-02-21T12:23:58.612+0000: 647.746: [DefNew: 146505K->9494K(153600K), 0.0199076 secs] 334172K->201363K(494976K), 0.0199672 secs] [Times: user=0.01 sys=0.01, real=0.02 secs] 
2018-02-21T12:24:11.257+0000: 660.390: [GC (Allocation Failure) 2018-02-21T12:24:11.257+0000: 660.390: [DefNew: 146070K->9568K(153600K), 0.0224948 secs] 337939K->205685K(494976K), 0.0225573 secs] [Times: user=0.02 sys=0.00, real=0.02 secs] 
2018-02-21T12:24:19.103+0000: 668.237: [GC (Allocation Failure) 2018-02-21T12:24:19.103+0000: 668.237: [DefNew: 146144K->10590K(153600K), 0.0202035 secs] 342261K->210739K(494976K), 0.0202786 secs] [Times: user=0.02 sys=0.00, real=0.02 secs] 
2018-02-21T12:24:28.722+0000: 677.855: [GC (Allocation Failure) 2018-02-21T12:24:28.722+0000: 677.855: [DefNew: 147127K->10221K(153600K), 0.0189987 secs] 347276K->214458K(494976K), 0.0190679 secs] [Times: user=0.01 sys=0.00, real=0.01 secs] 
2018-02-21T12:24:39.101+0000: 688.235: [GC (Allocation Failure) 2018-02-21T12:24:39.101+0000: 688.235: [DefNew: 146797K->10372K(153600K), 0.0198910 secs] 351034K->219017K(494976K), 0.0199762 secs] [Times: user=0.02 sys=0.00, real=0.02 secs] 
2018-02-21T12:24:46.215+0000: 695.349: [GC (Allocation Failure) 2018-02-21T12:24:46.215+0000: 695.349: [DefNew: 146948K->10796K(153600K), 0.0211658 secs] 355593K->223439K(494976K), 0.0212413 secs] [Times: user=0.02 sys=0.00, real=0.02 secs] 
2018-02-21T12:24:58.757+0000: 707.891: [GC (Allocation Failure) 2018-02-21T12:24:58.757+0000: 707.891: [DefNew: 147372K->9658K(153600K), 0.0192223 secs] 360015K->227166K(494976K), 0.0192935 secs] [Times: user=0.02 sys=0.00, real=0.02 secs] 
2018-02-21T12:25:08.175+0000: 717.309: [GC (Allocation Failure) 2018-02-21T12:25:08.176+0000: 717.309: [DefNew: 146234K->11145K(153600K), 0.0260214 secs] 363742K->232788K(494976K), 0.0261020 secs] [Times: user=0.02 sys=0.00, real=0.03 secs] 
2018-02-21T12:25:16.891+0000: 726.025: [GC (Allocation Failure) 2018-02-21T12:25:16.891+0000: 726.025: [DefNew: 147721K->10613K(153600K), 0.0372108 secs] 369364K->237521K(494976K), 0.0372760 secs] [Times: user=0.01 sys=0.03, real=0.04 secs] 
12:25:24.516 [Client] INFO  c.s.f.r.e.s.SocketRear  - FlameSocketGraphDeployerRear@172.31.47.100: has been disconnected from Connection 6
12:25:37.432 [worker-akka.actor.default-dispatcher-2] INFO  a.a.CoordinatedShutdown CoordinatedShutdown(akka://worker) - Starting coordinated shutdown from JVM shutdown hook
12:25:37.470 [worker-akka.actor.default-dispatcher-2] INFO  a.a.LocalActorRef akka://worker/user/watcher/graph0000000000/negotiator - Stopped
12:25:37.470 [worker-akka.actor.default-dispatcher-2] INFO  a.a.LocalActorRef akka://worker/user/watcher/graph0000000000/edge/FlameSocketGraphDeployerFront - Stopped
12:25:37.471 [worker-akka.actor.default-dispatcher-2] INFO  a.a.LocalActorRef akka://worker/user/watcher/graph0000000000/edge/FlameSocketGraphDeployerRear - Stopped
12:25:37.471 [worker-akka.actor.default-dispatcher-2] INFO  a.a.LocalActorRef akka://worker/user/watcher/graph0000000000/graph/$a - Stopped
12:25:37.472 [worker-akka.actor.default-dispatcher-2] INFO  a.a.LocalActorRef akka://worker/user/watcher/graph0000000000/graph/$b - Stopped
12:25:37.472 [worker-akka.actor.default-dispatcher-2] INFO  a.a.LocalActorRef akka://worker/user/watcher/graph0000000000/graph/$c - Stopped
12:25:37.472 [worker-akka.actor.default-dispatcher-2] INFO  a.a.LocalActorRef akka://worker/user/watcher/graph0000000000/graph/local-acker/$a - Stopped
12:25:37.480 [worker-akka.actor.default-dispatcher-2] INFO  a.a.LocalActorRef akka://worker/user/watcher/graph0000000000/edge - Stopped
12:25:37.481 [worker-akka.actor.default-dispatcher-2] INFO  a.a.LocalActorRef akka://worker/user/watcher/graph0000000000/graph/local-acker/$a - Message [com.spbsu.flamestream.runtime.utils.akka.PingActor$InnerPing] from Actor[akka://worker/user/watcher/graph0000000000/graph/local-acker/$a#2093517335] to Actor[akka://worker/user/watcher/graph0000000000/graph/local-acker/$a#2093517335] was not delivered. [1] dead letters encountered. This logging can be turned off or adjusted with configuration settings 'akka.log-dead-letters' and 'akka.log-dead-letters-during-shutdown'.
12:25:37.482 [worker-akka.actor.default-dispatcher-2] INFO  a.a.LocalActorRef akka://worker/user/watcher/graph0000000000/graph/local-acker - Stopped
12:25:37.483 [worker-akka.actor.default-dispatcher-2] INFO  a.a.LocalActorRef akka://worker/user/watcher/graph0000000000/graph - Stopped
12:25:37.484 [worker-akka.actor.default-dispatcher-2] INFO  a.a.LocalActorRef akka://worker/user/watcher/graph0000000000 - Stopped
12:25:37.487 [worker-akka.actor.default-dispatcher-2-EventThread] INFO  o.a.z.ClientCnxn  - EventThread shut down for session: 0x161b84784c50003
12:25:37.488 [worker-akka.actor.default-dispatcher-2] INFO  o.a.z.ZooKeeper  - Session: 0x161b84784c50003 closed
12:25:37.488 [worker-akka.actor.default-dispatcher-2] INFO  a.a.LocalActorRef akka://worker/user/watcher/graph0000000000/graph/local-acker/$a - Message [com.spbsu.flamestream.runtime.utils.akka.PingActor$Stop] from Actor[akka://worker/user/watcher/graph0000000000/graph/local-acker#996602378] to Actor[akka://worker/user/watcher/graph0000000000/graph/local-acker/$a#2093517335] was not delivered. [2] dead letters encountered. This logging can be turned off or adjusted with configuration settings 'akka.log-dead-letters' and 'akka.log-dead-letters-during-shutdown'.
12:25:37.488 [worker-akka.actor.default-dispatcher-2] INFO  a.a.LocalActorRef akka://worker/user/watcher/graph0000000000/graph/local-acker - Message [com.spbsu.flamestream.runtime.acker.LocalAcker$Flush] from Actor[akka://worker/user/watcher/graph0000000000/graph/local-acker#996602378] to Actor[akka://worker/user/watcher/graph0000000000/graph/local-acker#996602378] was not delivered. [3] dead letters encountered. This logging can be turned off or adjusted with configuration settings 'akka.log-dead-letters' and 'akka.log-dead-letters-during-shutdown'.
12:25:37.490 [worker-akka.actor.default-dispatcher-2] INFO  a.a.LocalActorRef akka://worker/user/watcher/graph0000000000/graph/local-acker - Message [com.spbsu.flamestream.runtime.acker.LocalAcker$Flush] from Actor[akka://worker/user/watcher/graph0000000000/graph/local-acker#996602378] to Actor[akka://worker/user/watcher/graph0000000000/graph/local-acker#996602378] was not delivered. [4] dead letters encountered. This logging can be turned off or adjusted with configuration settings 'akka.log-dead-letters' and 'akka.log-dead-letters-during-shutdown'.
12:25:37.490 [worker-akka.actor.default-dispatcher-2] INFO  a.a.LocalActorRef akka://worker/user/watcher/graph0000000000/graph/local-acker - Message [com.spbsu.flamestream.runtime.acker.LocalAcker$Flush] from Actor[akka://worker/user/watcher/graph0000000000/graph/local-acker#996602378] to Actor[akka://worker/user/watcher/graph0000000000/graph/local-acker#996602378] was not delivered. [5] dead letters encountered. This logging can be turned off or adjusted with configuration settings 'akka.log-dead-letters' and 'akka.log-dead-letters-during-shutdown'.
12:25:37.491 [worker-akka.actor.default-dispatcher-2] INFO  a.a.LocalActorRef akka://worker/user/watcher/graph0000000000/graph/local-acker - Message [com.spbsu.flamestream.runtime.acker.LocalAcker$Flush] from Actor[akka://worker/user/watcher/graph0000000000/graph/local-acker#996602378] to Actor[akka://worker/user/watcher/graph0000000000/graph/local-acker#996602378] was not delivered. [6] dead letters encountered. This logging can be turned off or adjusted with configuration settings 'akka.log-dead-letters' and 'akka.log-dead-letters-during-shutdown'.
12:25:37.492 [worker-akka.actor.default-dispatcher-2] INFO  a.a.LocalActorRef akka://worker/user/watcher/graph0000000000/graph/local-acker - Message [com.spbsu.flamestream.runtime.acker.LocalAcker$Flush] from Actor[akka://worker/user/watcher/graph0000000000/graph/local-acker#996602378] to Actor[akka://worker/user/watcher/graph0000000000/graph/local-acker#996602378] was not delivered. [7] dead letters encountered. This logging can be turned off or adjusted with configuration settings 'akka.log-dead-letters' and 'akka.log-dead-letters-during-shutdown'.
12:25:37.493 [worker-akka.actor.default-dispatcher-2] INFO  a.a.LocalActorRef akka://worker/user/watcher/graph0000000000/graph/local-acker - Message [com.spbsu.flamestream.runtime.acker.LocalAcker$Flush] from Actor[akka://worker/user/watcher/graph0000000000/graph/local-acker#996602378] to Actor[akka://worker/user/watcher/graph0000000000/graph/local-acker#996602378] was not delivered. [8] dead letters encountered. This logging can be turned off or adjusted with configuration settings 'akka.log-dead-letters' and 'akka.log-dead-letters-during-shutdown'.
12:25:37.493 [worker-akka.actor.default-dispatcher-2] INFO  a.a.LocalActorRef akka://worker/user/watcher/graph0000000000/graph/local-acker - Message [com.spbsu.flamestream.runtime.acker.LocalAcker$Flush] from Actor[akka://worker/user/watcher/graph0000000000/graph/local-acker#996602378] to Actor[akka://worker/user/watcher/graph0000000000/graph/local-acker#996602378] was not delivered. [9] dead letters encountered. This logging can be turned off or adjusted with configuration settings 'akka.log-dead-letters' and 'akka.log-dead-letters-during-shutdown'.
12:25:37.494 [worker-akka.actor.default-dispatcher-2] INFO  a.a.LocalActorRef akka://worker/user/watcher/graph0000000000/graph/local-acker - Message [com.spbsu.flamestream.runtime.acker.LocalAcker$Flush] from Actor[akka://worker/user/watcher/graph0000000000/graph/local-acker#996602378] to Actor[akka://worker/user/watcher/graph0000000000/graph/local-acker#996602378] was not delivered. [10] dead letters encountered. This logging can be turned off or adjusted with configuration settings 'akka.log-dead-letters' and 'akka.log-dead-letters-during-shutdown'.
12:25:37.494 [worker-akka.actor.default-dispatcher-2] INFO  a.a.RepointableActorRef akka://worker/user/watcher - Stopped
12:25:37.508 [worker-akka.actor.default-dispatcher-2] INFO  a.r.RemoteActorRefProvider$RemotingTerminator akka://worker@172.31.47.100:5412/system/remoting-terminator - Shutting down remote daemon.
12:25:37.510 [worker-akka.actor.default-dispatcher-2] INFO  a.r.RemoteActorRefProvider$RemotingTerminator akka://worker@172.31.47.100:5412/system/remoting-terminator - Remote daemon shut down; proceeding with flushing remote transports.
12:25:38.611 [worker-akka.actor.default-dispatcher-2] INFO  a.r.RemoteActorRefProvider$RemotingTerminator akka://worker@172.31.47.100:5412/system/remoting-terminator - Remoting shut down.
Attempts of event 'sink-receive' - 1057814
Attempts of event 'sink-send' - 1046428
Heap
 def new generation   total 153600K, used 135197K [0x00000000e0c00000, 0x00000000eb2a0000, 0x00000000eb2a0000)
  eden space 136576K,  91% used [0x00000000e0c00000, 0x00000000e85a9e70, 0x00000000e9160000)
  from space 17024K,  62% used [0x00000000e9160000, 0x00000000e9bbd590, 0x00000000ea200000)
  to   space 17024K,   0% used [0x00000000ea200000, 0x00000000ea200000, 0x00000000eb2a0000)
 tenured generation   total 341376K, used 226908K [0x00000000eb2a0000, 0x0000000100000000, 0x0000000100000000)
   the space 341376K,  66% used [0x00000000eb2a0000, 0x00000000f9037048, 0x00000000f9037200, 0x0000000100000000)
 Metaspace       used 33394K, capacity 34154K, committed 34432K, reserved 1079296K
  class space    used 4450K, capacity 4622K, committed 4736K, reserved 1048576K
