14:54:19.091 [worker-akka.actor.default-dispatcher-2] INFO  a.e.s.Slf4jLogger  - Slf4jLogger started
2018-02-16T14:54:19.255+0000: 2.266: [Full GC (Metadata GC Threshold) 2018-02-16T14:54:19.255+0000: 2.266: [Tenured: 0K->15411K(341376K), 0.0390228 secs] 117538K->15411K(494976K), [Metaspace: 20874K->20874K(1067008K)], 0.0391201 secs] [Times: user=0.04 sys=0.00, real=0.04 secs] 
Ama winner
Ama winner
14:54:19.669 [worker-akka.actor.default-dispatcher-2] INFO  a.r.a.ArteryTransport(akka://worker) akka.remote.artery.ArteryTransport(akka://worker) - Started embedded media driver in directory [/dev/shm/aeron-root-worker-dab2ca7b-30ec-4bd2-bafb-81e20614c78e]
14:54:19.903 [worker-akka.actor.default-dispatcher-2] INFO  a.r.a.ArteryTransport(akka://worker) akka.remote.artery.ArteryTransport(akka://worker) - Remoting started; listening on address: [akka://worker@172.31.34.169:5412] with UID [-1180908594187973612]
14:54:20.015 [worker-akka.actor.default-dispatcher-2] INFO  o.a.z.ZooKeeper  - Client environment:zookeeper.version=3.4.9-1757313, built on 08/23/2016 06:50 GMT
14:54:20.015 [worker-akka.actor.default-dispatcher-2] INFO  o.a.z.ZooKeeper  - Client environment:host.name=ip-172-31-34-169.us-east-2.compute.internal
14:54:20.015 [worker-akka.actor.default-dispatcher-2] INFO  o.a.z.ZooKeeper  - Client environment:java.version=1.8.0_151
14:54:20.015 [worker-akka.actor.default-dispatcher-2] INFO  o.a.z.ZooKeeper  - Client environment:java.vendor=Oracle Corporation
14:54:20.015 [worker-akka.actor.default-dispatcher-2] INFO  o.a.z.ZooKeeper  - Client environment:java.home=/usr/lib/jvm/java-8-openjdk-amd64/jre
14:54:20.015 [worker-akka.actor.default-dispatcher-2] INFO  o.a.z.ZooKeeper  - Client environment:java.class.path=lib/commons-cli-1.4.jar:lib/minlog-1.3.0.jar:lib/asm-5.0.4.jar:lib/hadoop-annotations-2.7.3.jar:lib/hadoop-auth-2.7.3.jar:lib/akka-slf4j_2.11-2.5.6.jar:lib/jersey-core-1.9.jar:lib/lz4-1.3.0.jar:lib/jackson-core-asl-1.9.13.jar:lib/aeron-client-1.3.0.jar:lib/htrace-core-3.1.0-incubating.jar:lib/xz-1.0.jar:lib/commons-httpclient-3.1.jar:lib/asm-3.1.jar:lib/commons-lang3-3.4.jar:lib/scala-library-2.11.11.jar:lib/scala-java8-compat_2.11-0.7.0.jar:lib/commons-configuration-1.6.jar:lib/objenesis-2.1.jar:lib/jackson-annotations-2.8.0.jar:lib/jsr305-3.0.0.jar:lib/curator-framework-2.7.1.jar:lib/jersey-server-1.9.jar:lib/jets3t-0.9.0.jar:lib/leveldb-0.7.jar:lib/jetty-6.1.26.jar:lib/stax-api-1.0-2.jar:lib/flamestream-core-1.0-SNAPSHOT.jar:lib/reflectasm-1.07-shaded.jar:lib/apacheds-kerberos-codec-2.0.0-M15.jar:lib/api-asn1-api-1.0.0-M20.jar:lib/commons-lang-2.6.jar:lib/commons-beanutils-1.7.0.jar:lib/jackson-xc-1.8.3.jar:lib/jetty-util-6.1.26.jar:lib/logback-classic-1.2.3.jar:lib/jool-0.9.12.jar:lib/flamestream-runtime-1.0-SNAPSHOT-tests.jar:lib/httpcore-4.1.2.jar:lib/kryo-4.0.0.jar:lib/ant-1.8.1.jar:lib/jaxb-impl-2.2.3-1.jar:lib/jersey-json-1.9.jar:lib/commons-compress-1.4.1.jar:lib/leveldbjni-all-1.8.jar:lib/paranamer-2.3.jar:lib/jackson-core-2.8.4.jar:lib/commons-math3-3.6.1.jar:lib/scala-parser-combinators_2.11-1.0.4.jar:lib/netty-3.10.6.Final.jar:lib/trove4j-3.0.3.jar:lib/jaxb-api-2.2.2.jar:lib/logback-core-1.2.3.jar:lib/snappy-java-1.0.4.1.jar:lib/protobuf-java-2.5.0.jar:lib/reactive-streams-1.0.1.jar:lib/flamestream-examples-1.0-SNAPSHOT.jar:lib/commons-codec-1.4.jar:lib/activation-1.1.jar:lib/commons-net-3.1.jar:lib/curator-recipes-2.7.1.jar:lib/jackson-mapper-asl-1.9.13.jar:lib/jackson-databind-2.8.4.jar:lib/flamestream-runtime-1.0-SNAPSHOT.jar:lib/jackson-jaxrs-1.8.3.jar:lib/slf4j-api-1.7.24.jar:lib/akka-remote_2.11-2.5.6.jar:lib/akka-testkit_2.11-2.5.6.jar:lib/jline-0.9.94.jar:lib/akka-stream_2.11-2.5.6.jar:lib/jsp-api-2.1.jar:lib/kryonet-2.21.jar:lib/akka-kryo-serialization_2.11-0.5.0.jar:lib/config-1.3.1.jar:lib/ant-launcher-1.8.1.jar:lib/commons-logging-1.2.jar:lib/ssl-config-core_2.11-0.2.2.jar:lib/testng-6.10.jar:lib/leveldb-api-0.7.jar:lib/reflectasm-1.11.3.jar:lib/jcommander-1.48.jar:lib/commons-1.1.jar:lib/commons-digester-1.8.jar:lib/minlog-1.2.jar:lib/java-xmlbuilder-0.4.jar:lib/jettison-1.1.jar:lib/gson-2.2.4.jar:lib/jdk.tools-1.8.jar:lib/aeron-driver-1.3.0.jar:lib/zookeeper-3.4.9.jar:lib/commons-beanutils-core-1.8.0.jar:lib/commons-math3-3.1.1.jar:lib/akka-actor_2.11-2.5.6.jar:lib/curator-client-2.7.1.jar:lib/servlet-api-2.5.jar:lib/apacheds-i18n-2.0.0-M15.jar:lib/commons-io-2.4.jar:lib/commons-codec-1.6.jar:lib/akka-protobuf_2.11-2.5.6.jar:lib/protobuf-java-3.5.1.jar:lib/jdom-2.0.2.jar:lib/api-util-1.0.0-M20.jar:lib/hadoop-common-2.7.3.jar:lib/agrona-0.9.6.jar:lib/xmlenc-0.52.jar:lib/guava-21.0.jar:lib/commons-collections-3.2.2.jar:lib/avro-1.7.4.jar:lib/httpclient-4.1.2.jar:lib/flamestream-core-1.0-SNAPSHOT-tests.jar:lib/annotations-12.0.jar:lib/jsch-0.1.42.jar:flamestream-runtime-1.0-SNAPSHOT.jar
14:54:20.015 [worker-akka.actor.default-dispatcher-2] INFO  o.a.z.ZooKeeper  - Client environment:java.library.path=/usr/java/packages/lib/amd64:/usr/lib/x86_64-linux-gnu/jni:/lib/x86_64-linux-gnu:/usr/lib/x86_64-linux-gnu:/usr/lib/jni:/lib:/usr/lib
14:54:20.015 [worker-akka.actor.default-dispatcher-2] INFO  o.a.z.ZooKeeper  - Client environment:java.io.tmpdir=/tmp
14:54:20.016 [worker-akka.actor.default-dispatcher-2] INFO  o.a.z.ZooKeeper  - Client environment:java.compiler=<NA>
14:54:20.017 [worker-akka.actor.default-dispatcher-2] INFO  o.a.z.ZooKeeper  - Client environment:os.name=Linux
14:54:20.017 [worker-akka.actor.default-dispatcher-2] INFO  o.a.z.ZooKeeper  - Client environment:os.arch=amd64
14:54:20.017 [worker-akka.actor.default-dispatcher-2] INFO  o.a.z.ZooKeeper  - Client environment:os.version=4.4.0-1049-aws
14:54:20.017 [worker-akka.actor.default-dispatcher-2] INFO  o.a.z.ZooKeeper  - Client environment:user.name=root
14:54:20.019 [worker-akka.actor.default-dispatcher-2] INFO  o.a.z.ZooKeeper  - Client environment:user.home=/root
14:54:20.019 [worker-akka.actor.default-dispatcher-2] INFO  o.a.z.ZooKeeper  - Client environment:user.dir=/opt/flamestream
14:54:20.022 [worker-akka.actor.default-dispatcher-2] INFO  o.a.z.ZooKeeper  - Initiating client connection, connectString=172.31.34.147:2181 sessionTimeout=5000 watcher=com.spbsu.flamestream.runtime.application.LifecycleWatcher$$Lambda$29/764839090@3d5d5f13
14:54:20.062 [worker-akka.actor.default-dispatcher-2-SendThread(172.31.34.147:2181)] INFO  o.a.z.ClientCnxn  - Opening socket connection to server 172.31.34.147/172.31.34.147:2181. Will not attempt to authenticate using SASL (unknown error)
14:54:20.063 [worker-akka.actor.default-dispatcher-2] INFO  a.a.RepointableActorRef akka://worker/user/watcher - Starting...
14:54:20.072 [worker-akka.actor.default-dispatcher-2-SendThread(172.31.34.147:2181)] INFO  o.a.z.ClientCnxn  - Socket connection established to 172.31.34.147/172.31.34.147:2181, initiating session
14:54:20.081 [worker-akka.actor.default-dispatcher-2-SendThread(172.31.34.147:2181)] INFO  o.a.z.ClientCnxn  - Session establishment complete on server 172.31.34.147/172.31.34.147:2181, sessionid = 0x1619f1aca19000c, negotiated timeout = 6000
14:54:20.185 [worker-akka.actor.default-dispatcher-2] INFO  a.a.RepointableActorRef akka://worker/user/watcher - Connected to ZK
14:54:30.536 [worker-akka.actor.default-dispatcher-2] INFO  a.a.RepointableActorRef akka://worker/user/watcher - Creating node with watchGraphs: 'com.spbsu.flamestream.core.Graph$Builder$MyGraph@4084ed8a', config: 'ClusterConfig{paths={172.31.33.155=akka://worker@172.31.33.155:5412/user/watcher/graph0000000000, 172.31.47.83=akka://worker@172.31.47.83:5412/user/watcher/graph0000000000, 172.31.45.197=akka://worker@172.31.45.197:5412/user/watcher/graph0000000000, 172.31.42.36=akka://worker@172.31.42.36:5412/user/watcher/graph0000000000, 172.31.44.83=akka://worker@172.31.44.83:5412/user/watcher/graph0000000000, 172.31.39.64=akka://worker@172.31.39.64:5412/user/watcher/graph0000000000, 172.31.35.79=akka://worker@172.31.35.79:5412/user/watcher/graph0000000000, 172.31.34.169=akka://worker@172.31.34.169:5412/user/watcher/graph0000000000, 172.31.47.100=akka://worker@172.31.47.100:5412/user/watcher/graph0000000000, 172.31.37.101=akka://worker@172.31.37.101:5412/user/watcher/graph0000000000}, ackerLocation='172.31.35.79', props=ComputationLayout{ranges={172.31.33.155=HashRange{from=-1670265060, to=-1193046472}, 172.31.47.83=HashRange{from=1670265056, to=2147483644}, 172.31.45.197=HashRange{from=-715827884, to=-238609296}, 172.31.42.36=HashRange{from=1193046468, to=1670265056}, 172.31.44.83=HashRange{from=-238609296, to=238609292}, 172.31.39.64=HashRange{from=715827880, to=1193046468}, 172.31.35.79=HashRange{from=0, to=0}, 172.31.34.169=HashRange{from=-2147483648, to=-1670265060}, 172.31.47.100=HashRange{from=238609292, to=715827880}, 172.31.37.101=HashRange{from=-1193046472, to=-715827884}}}}'
14:54:31.277 [worker-akka.actor.default-dispatcher-2] INFO  a.a.LocalActorRef akka://worker/user/watcher/graph0000000000/graph - Starting...
14:54:31.283 [worker-akka.actor.default-dispatcher-2] INFO  a.a.LocalActorRef akka://worker/user/watcher/graph0000000000/graph/local-acker - Starting...
14:54:31.283 [worker-akka.actor.default-dispatcher-2] INFO  a.a.LocalActorRef akka://worker/user/watcher/graph0000000000/graph/local-acker/$a - Starting...
Warning: space is running low in /dev/shm (tmpfs) threshold=167,772,160 usable=158,621,696
Warning: space is running low in /dev/shm (tmpfs) threshold=167,772,160 usable=146,034,688
Warning: space is running low in /dev/shm (tmpfs) threshold=167,772,160 usable=133,447,680
Warning: space is running low in /dev/shm (tmpfs) threshold=167,772,160 usable=120,860,672
Warning: space is running low in /dev/shm (tmpfs) threshold=167,772,160 usable=108,273,664
Warning: space is running low in /dev/shm (tmpfs) threshold=167,772,160 usable=95,686,656
Warning: space is running low in /dev/shm (tmpfs) threshold=167,772,160 usable=83,099,648
Warning: space is running low in /dev/shm (tmpfs) threshold=167,772,160 usable=70,512,640
14:54:32.989 [worker-akka.actor.default-dispatcher-2] INFO  a.a.LocalActorRef akka://worker/user/watcher/graph0000000000/graph - Finishing constructor
14:54:32.990 [worker-akka.actor.default-dispatcher-2] INFO  a.a.LocalActorRef akka://worker/user/watcher/graph0000000000 - Starting...
14:54:32.990 [worker-akka.actor.default-dispatcher-2] INFO  a.a.LocalActorRef akka://worker/user/watcher/graph0000000000/negotiator - Starting...
14:54:33.057 [worker-akka.actor.default-dispatcher-2] INFO  a.a.LocalActorRef akka://worker/user/watcher/graph0000000000/edge - Starting...
14:54:33.058 [worker-akka.actor.default-dispatcher-2] INFO  a.a.LocalActorRef akka://worker/user/watcher/graph0000000000/graph/$a - Starting...
14:54:33.059 [worker-akka.actor.default-dispatcher-2] INFO  a.a.LocalActorRef akka://worker/user/watcher/graph0000000000/graph/$b - Starting...
14:54:33.061 [worker-akka.actor.default-dispatcher-2] INFO  a.a.LocalActorRef akka://worker/user/watcher/graph0000000000/graph/$c - Starting...
14:54:33.091 [worker-akka.actor.default-dispatcher-2] INFO  c.s.f.r.e.s.SocketRear  - FlameSocketGraphDeployerRear@172.31.34.169: connecting to 172.31.34.147:5678
14:54:33.099 [worker-akka.actor.default-dispatcher-2] INFO  c.s.f.r.e.s.SocketRear  - FlameSocketGraphDeployerRear@172.31.34.169: connected to 172.31.34.147:5678
2018-02-16T14:54:33.106+0000: 16.117: [GC (Allocation Failure) 2018-02-16T14:54:33.106+0000: 16.117: [DefNew: 121782K->17023K(153600K), 0.0325255 secs] 137193K->43154K(494976K), 0.0326000 secs] [Times: user=0.01 sys=0.01, real=0.04 secs] 
14:54:33.161 [worker-akka.actor.default-dispatcher-2] INFO  a.a.LocalActorRef akka://worker/user/watcher/graph0000000000/edge/FlameSocketGraphDeployerRear - Starting...
14:54:33.174 [worker-akka.actor.default-dispatcher-2] INFO  a.a.LocalActorRef akka://worker/user/watcher/graph0000000000/edge/FlameSocketGraphDeployerFront - Starting...
14:54:33.174 [worker-akka.actor.default-dispatcher-2] INFO  a.a.LocalActorRef akka://worker/user/watcher/graph0000000000/negotiator - Requesting ticket for the frontClass FlameSocketGraphDeployerFront@172.31.34.169
14:54:33.175 [worker-akka.actor.default-dispatcher-2] INFO  a.a.LocalActorRef akka://worker/user/watcher/graph0000000000/negotiator - Ticket for the frontClass received: FrontTicket{allowedTimestamp=(1518792870514, FlameSocketGraphDeployerFront@172.31.34.169)}
14:54:33.176 [worker-akka.actor.default-dispatcher-2] INFO  c.s.f.r.e.s.SocketFront  - FlameSocketGraphDeployerFront@172.31.34.169: connecting to 172.31.34.147:4567
14:54:33.200 [Client] INFO  c.s.f.r.e.s.SocketFront  - FlameSocketGraphDeployerFront@172.31.34.169 has been disconnected from Connection 10
2018-02-16T14:54:43.681+0000: 26.692: [GC (Allocation Failure) 2018-02-16T14:54:43.681+0000: 26.692: [DefNew: 153599K->3840K(153600K), 0.0816326 secs] 179730K->66489K(494976K), 0.0817082 secs] [Times: user=0.01 sys=0.07, real=0.08 secs] 
2018-02-16T14:54:56.506+0000: 39.517: [GC (Allocation Failure) 2018-02-16T14:54:56.506+0000: 39.517: [DefNew: 140416K->5487K(153600K), 0.0148170 secs] 203065K->68135K(494976K), 0.0148930 secs] [Times: user=0.02 sys=0.00, real=0.02 secs] 
2018-02-16T14:55:04.356+0000: 47.367: [GC (Allocation Failure) 2018-02-16T14:55:04.356+0000: 47.367: [DefNew: 142063K->6934K(153600K), 0.0173825 secs] 204711K->69583K(494976K), 0.0174571 secs] [Times: user=0.01 sys=0.00, real=0.02 secs] 
2018-02-16T14:55:15.402+0000: 58.415: [GC (Allocation Failure) 2018-02-16T14:55:15.404+0000: 58.415: [DefNew: 143510K->8603K(153600K), 0.0166605 secs] 206159K->71252K(494976K), 0.0180291 secs] [Times: user=0.02 sys=0.00, real=0.02 secs] 
2018-02-16T14:55:25.892+0000: 68.903: [GC (Allocation Failure) 2018-02-16T14:55:25.892+0000: 68.903: [DefNew: 145179K->8499K(153600K), 0.0193734 secs] 207828K->72752K(494976K), 0.0194483 secs] [Times: user=0.02 sys=0.00, real=0.02 secs] 
2018-02-16T14:55:36.831+0000: 79.842: [GC (Allocation Failure) 2018-02-16T14:55:36.831+0000: 79.842: [DefNew: 145075K->9512K(153600K), 0.0175652 secs] 209328K->73764K(494976K), 0.0176494 secs] [Times: user=0.01 sys=0.00, real=0.01 secs] 
2018-02-16T14:55:49.623+0000: 92.635: [GC (Allocation Failure) 2018-02-16T14:55:49.623+0000: 92.635: [DefNew: 146088K->9539K(153600K), 0.0198133 secs] 210340K->74922K(494976K), 0.0198945 secs] [Times: user=0.01 sys=0.01, real=0.02 secs] 
2018-02-16T14:56:03.925+0000: 106.937: [GC (Allocation Failure) 2018-02-16T14:56:03.925+0000: 106.937: [DefNew: 146115K->10651K(153600K), 0.0230485 secs] 211498K->77097K(494976K), 0.0231242 secs] [Times: user=0.03 sys=0.00, real=0.02 secs] 
2018-02-16T14:56:16.778+0000: 119.790: [GC (Allocation Failure) 2018-02-16T14:56:16.778+0000: 119.790: [DefNew: 147227K->8606K(153600K), 0.0187690 secs] 213673K->77319K(494976K), 0.0188433 secs] [Times: user=0.02 sys=0.00, real=0.01 secs] 
2018-02-16T14:56:27.665+0000: 130.677: [GC (Allocation Failure) 2018-02-16T14:56:27.665+0000: 130.677: [DefNew: 145182K->8852K(153600K), 0.0195068 secs] 213895K->78649K(494976K), 0.0195856 secs] [Times: user=0.01 sys=0.01, real=0.02 secs] 
2018-02-16T14:56:38.783+0000: 141.795: [GC (Allocation Failure) 2018-02-16T14:56:38.783+0000: 141.795: [DefNew: 145428K->8498K(153600K), 0.0166327 secs] 215225K->79481K(494976K), 0.0167097 secs] [Times: user=0.02 sys=0.00, real=0.02 secs] 
2018-02-16T14:56:52.158+0000: 155.170: [GC (Allocation Failure) 2018-02-16T14:56:52.158+0000: 155.170: [DefNew: 145074K->9708K(153600K), 0.0169192 secs] 216057K->80691K(494976K), 0.0169934 secs] [Times: user=0.01 sys=0.00, real=0.01 secs] 
2018-02-16T14:57:05.402+0000: 168.413: [GC (Allocation Failure) 2018-02-16T14:57:05.402+0000: 168.413: [DefNew: 146284K->9352K(153600K), 0.0188655 secs] 217267K->81765K(494976K), 0.0189630 secs] [Times: user=0.01 sys=0.00, real=0.02 secs] 
2018-02-16T14:57:17.192+0000: 180.203: [GC (Allocation Failure) 2018-02-16T14:57:17.192+0000: 180.203: [DefNew: 145928K->9510K(153600K), 0.0183523 secs] 218341K->82892K(494976K), 0.0184236 secs] [Times: user=0.02 sys=0.00, real=0.02 secs] 
2018-02-16T14:57:29.599+0000: 192.610: [GC (Allocation Failure) 2018-02-16T14:57:29.599+0000: 192.610: [DefNew: 146086K->9991K(153600K), 0.0200662 secs] 219468K->84512K(494976K), 0.0201549 secs] [Times: user=0.02 sys=0.00, real=0.02 secs] 
2018-02-16T14:57:42.521+0000: 205.532: [GC (Allocation Failure) 2018-02-16T14:57:42.521+0000: 205.532: [DefNew: 146567K->9310K(153600K), 0.0199948 secs] 221088K->85610K(494976K), 0.0200836 secs] [Times: user=0.02 sys=0.01, real=0.02 secs] 
2018-02-16T14:57:54.939+0000: 217.951: [GC (Allocation Failure) 2018-02-16T14:57:54.939+0000: 217.951: [DefNew: 145886K->9575K(153600K), 0.0227079 secs] 222186K->86913K(494976K), 0.0227815 secs] [Times: user=0.02 sys=0.00, real=0.02 secs] 
2018-02-16T14:58:08.275+0000: 231.287: [GC (Allocation Failure) 2018-02-16T14:58:08.275+0000: 231.287: [DefNew: 146151K->9850K(153600K), 0.0190834 secs] 223489K->88204K(494976K), 0.0191616 secs] [Times: user=0.02 sys=0.00, real=0.02 secs] 
2018-02-16T14:58:21.141+0000: 244.152: [GC (Allocation Failure) 2018-02-16T14:58:21.141+0000: 244.152: [DefNew: 146426K->8643K(153600K), 0.0199651 secs] 224780K->89087K(494976K), 0.0200477 secs] [Times: user=0.02 sys=0.00, real=0.02 secs] 
2018-02-16T14:58:35.497+0000: 258.509: [GC (Allocation Failure) 2018-02-16T14:58:35.497+0000: 258.509: [DefNew: 145219K->8736K(153600K), 0.0188416 secs] 225663K->90397K(494976K), 0.0189220 secs] [Times: user=0.02 sys=0.00, real=0.02 secs] 
2018-02-16T14:58:48.050+0000: 271.062: [GC (Allocation Failure) 2018-02-16T14:58:48.050+0000: 271.062: [DefNew: 145312K->8840K(153600K), 0.0182527 secs] 226973K->91713K(494976K), 0.0183542 secs] [Times: user=0.02 sys=0.00, real=0.01 secs] 
2018-02-16T14:58:59.035+0000: 282.047: [GC (Allocation Failure) 2018-02-16T14:58:59.035+0000: 282.047: [DefNew: 145416K->8738K(153600K), 0.0206057 secs] 228289K->92867K(494976K), 0.0206780 secs] [Times: user=0.02 sys=0.01, real=0.02 secs] 
2018-02-16T14:59:07.551+0000: 290.562: [GC (Allocation Failure) 2018-02-16T14:59:07.551+0000: 290.562: [DefNew: 145314K->9282K(153600K), 0.0177904 secs] 229443K->94571K(494976K), 0.0178648 secs] [Times: user=0.02 sys=0.00, real=0.01 secs] 
2018-02-16T14:59:17.863+0000: 300.874: [GC (Allocation Failure) 2018-02-16T14:59:17.863+0000: 300.874: [DefNew: 145858K->9683K(153600K), 0.0311773 secs] 231147K->96223K(494976K), 0.0312528 secs] [Times: user=0.01 sys=0.02, real=0.03 secs] 
2018-02-16T14:59:30.028+0000: 313.039: [GC (Allocation Failure) 2018-02-16T14:59:30.028+0000: 313.039: [DefNew: 146259K->9766K(153600K), 0.0201788 secs] 232799K->97544K(494976K), 0.0202584 secs] [Times: user=0.02 sys=0.00, real=0.02 secs] 
2018-02-16T14:59:40.788+0000: 323.799: [GC (Allocation Failure) 2018-02-16T14:59:40.788+0000: 323.799: [DefNew: 146342K->10076K(153600K), 0.0178170 secs] 234120K->98967K(494976K), 0.0179008 secs] [Times: user=0.02 sys=0.00, real=0.02 secs] 
2018-02-16T14:59:51.182+0000: 334.194: [GC (Allocation Failure) 2018-02-16T14:59:51.183+0000: 334.194: [DefNew: 146652K->9342K(153600K), 0.0318756 secs] 235543K->100107K(494976K), 0.0319538 secs] [Times: user=0.01 sys=0.02, real=0.03 secs] 
2018-02-16T15:00:04.738+0000: 347.750: [GC (Allocation Failure) 2018-02-16T15:00:04.738+0000: 347.750: [DefNew: 145918K->9788K(153600K), 0.0314789 secs] 236683K->101783K(494976K), 0.0315610 secs] [Times: user=0.00 sys=0.02, real=0.02 secs] 
2018-02-16T15:00:16.473+0000: 359.484: [GC (Allocation Failure) 2018-02-16T15:00:16.473+0000: 359.484: [DefNew: 146364K->9728K(153600K), 0.0174465 secs] 238359K->102910K(494976K), 0.0175236 secs] [Times: user=0.02 sys=0.00, real=0.02 secs] 
2018-02-16T15:00:25.613+0000: 368.624: [GC (Allocation Failure) 2018-02-16T15:00:25.613+0000: 368.624: [DefNew: 146304K->8817K(153600K), 0.0226991 secs] 239486K->104619K(494976K), 0.0227806 secs] [Times: user=0.01 sys=0.01, real=0.02 secs] 
2018-02-16T15:00:37.657+0000: 380.669: [GC (Allocation Failure) 2018-02-16T15:00:37.657+0000: 380.669: [DefNew: 145393K->8395K(153600K), 0.0161308 secs] 241195K->105443K(494976K), 0.0162058 secs] [Times: user=0.02 sys=0.00, real=0.02 secs] 
2018-02-16T15:00:49.394+0000: 392.406: [GC (Allocation Failure) 2018-02-16T15:00:49.394+0000: 392.406: [DefNew: 144971K->10247K(153600K), 0.0164537 secs] 242019K->107295K(494976K), 0.0165297 secs] [Times: user=0.02 sys=0.00, real=0.02 secs] 
2018-02-16T15:01:03.194+0000: 406.205: [GC (Allocation Failure) 2018-02-16T15:01:03.194+0000: 406.205: [DefNew: 146823K->9379K(153600K), 0.0210759 secs] 243871K->108696K(494976K), 0.0211816 secs] [Times: user=0.02 sys=0.00, real=0.02 secs] 
2018-02-16T15:01:14.570+0000: 417.581: [GC (Allocation Failure) 2018-02-16T15:01:14.570+0000: 417.581: [DefNew: 145955K->9929K(153600K), 0.0199168 secs] 245272K->110799K(494976K), 0.0199916 secs] [Times: user=0.02 sys=0.00, real=0.02 secs] 
2018-02-16T15:01:24.803+0000: 427.814: [GC (Allocation Failure) 2018-02-16T15:01:24.803+0000: 427.814: [DefNew: 146505K->9159K(153600K), 0.0192890 secs] 247375K->111566K(494976K), 0.0193691 secs] [Times: user=0.02 sys=0.00, real=0.02 secs] 
2018-02-16T15:01:36.614+0000: 439.625: [GC (Allocation Failure) 2018-02-16T15:01:36.614+0000: 439.625: [DefNew: 145735K->9505K(153600K), 0.0199924 secs] 248142K->113376K(494976K), 0.0200824 secs] [Times: user=0.00 sys=0.01, real=0.02 secs] 
2018-02-16T15:01:48.872+0000: 451.883: [GC (Allocation Failure) 2018-02-16T15:01:48.872+0000: 451.883: [DefNew: 146081K->9768K(153600K), 0.0179674 secs] 249952K->114934K(494976K), 0.0180432 secs] [Times: user=0.02 sys=0.00, real=0.02 secs] 
2018-02-16T15:02:00.537+0000: 463.549: [GC (Allocation Failure) 2018-02-16T15:02:00.537+0000: 463.549: [DefNew: 146344K->10159K(153600K), 0.0194739 secs] 251510K->116907K(494976K), 0.0195499 secs] [Times: user=0.02 sys=0.00, real=0.02 secs] 
2018-02-16T15:02:13.258+0000: 476.269: [GC (Allocation Failure) 2018-02-16T15:02:13.258+0000: 476.269: [DefNew: 146735K->9820K(153600K), 0.0194776 secs] 253483K->118053K(494976K), 0.0195572 secs] [Times: user=0.02 sys=0.00, real=0.02 secs] 
2018-02-16T15:02:25.049+0000: 488.060: [GC (Allocation Failure) 2018-02-16T15:02:25.049+0000: 488.060: [DefNew: 146396K->10292K(153600K), 0.0178395 secs] 254629K->119974K(494976K), 0.0179151 secs] [Times: user=0.01 sys=0.00, real=0.02 secs] 
2018-02-16T15:02:37.152+0000: 500.164: [GC (Allocation Failure) 2018-02-16T15:02:37.152+0000: 500.164: [DefNew: 146868K->10105K(153600K), 0.0181905 secs] 256550K->121326K(494976K), 0.0182664 secs] [Times: user=0.01 sys=0.00, real=0.02 secs] 
2018-02-16T15:02:45.980+0000: 508.991: [GC (Allocation Failure) 2018-02-16T15:02:45.980+0000: 508.991: [DefNew: 146681K->9849K(153600K), 0.0179852 secs] 257902K->122698K(494976K), 0.0180790 secs] [Times: user=0.02 sys=0.00, real=0.02 secs] 
2018-02-16T15:02:57.626+0000: 520.638: [GC (Allocation Failure) 2018-02-16T15:02:57.626+0000: 520.638: [DefNew: 146425K->10040K(153600K), 0.0252902 secs] 259274K->124360K(494976K), 0.0253810 secs] [Times: user=0.01 sys=0.01, real=0.03 secs] 
2018-02-16T15:03:07.507+0000: 530.518: [GC (Allocation Failure) 2018-02-16T15:03:07.507+0000: 530.518: [DefNew: 146616K->10253K(153600K), 0.0172622 secs] 260936K->126015K(494976K), 0.0173390 secs] [Times: user=0.02 sys=0.00, real=0.02 secs] 
15:03:09.985 [Client] INFO  c.s.f.r.e.s.SocketRear  - FlameSocketGraphDeployerRear@172.31.34.169: has been disconnected from Connection 10
15:03:31.622 [worker-akka.actor.default-dispatcher-2] INFO  a.a.CoordinatedShutdown CoordinatedShutdown(akka://worker) - Starting coordinated shutdown from JVM shutdown hook
15:03:31.659 [worker-akka.actor.default-dispatcher-2] INFO  a.a.LocalActorRef akka://worker/user/watcher/graph0000000000/negotiator - Stopped
15:03:31.663 [worker-akka.actor.default-dispatcher-2] INFO  a.a.LocalActorRef akka://worker/user/watcher/graph0000000000/edge/FlameSocketGraphDeployerFront - Stopped
15:03:31.664 [worker-akka.actor.default-dispatcher-2] INFO  a.a.LocalActorRef akka://worker/user/watcher/graph0000000000/graph/local-acker/$a - Stopped
15:03:31.664 [worker-akka.actor.default-dispatcher-2] INFO  a.a.LocalActorRef akka://worker/user/watcher/graph0000000000/edge/FlameSocketGraphDeployerRear - Stopped
15:03:31.665 [worker-akka.actor.default-dispatcher-2] INFO  a.a.LocalActorRef akka://worker/user/watcher/graph0000000000/graph/$a - Stopped
15:03:31.665 [worker-akka.actor.default-dispatcher-2] INFO  a.a.LocalActorRef akka://worker/user/watcher/graph0000000000/graph/$b - Stopped
15:03:31.666 [worker-akka.actor.default-dispatcher-2] INFO  a.a.LocalActorRef akka://worker/user/watcher/graph0000000000/graph/$c - Stopped
15:03:31.671 [worker-akka.actor.default-dispatcher-2] INFO  a.a.LocalActorRef akka://worker/user/watcher/graph0000000000/edge - Stopped
15:03:31.675 [worker-akka.actor.default-dispatcher-2] INFO  a.a.LocalActorRef akka://worker/user/watcher/graph0000000000/graph/local-acker/$a - Message [com.spbsu.flamestream.runtime.utils.akka.PingActor$InnerPing] from Actor[akka://worker/user/watcher/graph0000000000/graph/local-acker/$a#-1832453632] to Actor[akka://worker/user/watcher/graph0000000000/graph/local-acker/$a#-1832453632] was not delivered. [1] dead letters encountered. This logging can be turned off or adjusted with configuration settings 'akka.log-dead-letters' and 'akka.log-dead-letters-during-shutdown'.
15:03:31.676 [worker-akka.actor.default-dispatcher-2] INFO  a.a.LocalActorRef akka://worker/user/watcher/graph0000000000/graph/local-acker - Stopped
15:03:31.677 [worker-akka.actor.default-dispatcher-2] INFO  a.a.LocalActorRef akka://worker/user/watcher/graph0000000000/graph/local-acker/$a - Message [com.spbsu.flamestream.runtime.utils.akka.PingActor$Stop] from Actor[akka://worker/user/watcher/graph0000000000/graph/local-acker#534138733] to Actor[akka://worker/user/watcher/graph0000000000/graph/local-acker/$a#-1832453632] was not delivered. [2] dead letters encountered. This logging can be turned off or adjusted with configuration settings 'akka.log-dead-letters' and 'akka.log-dead-letters-during-shutdown'.
15:03:31.679 [worker-akka.actor.default-dispatcher-2] INFO  a.a.LocalActorRef akka://worker/user/watcher/graph0000000000/graph/local-acker - Message [com.spbsu.flamestream.runtime.acker.LocalAcker$Flush] from Actor[akka://worker/user/watcher/graph0000000000/graph/local-acker#534138733] to Actor[akka://worker/user/watcher/graph0000000000/graph/local-acker#534138733] was not delivered. [3] dead letters encountered. This logging can be turned off or adjusted with configuration settings 'akka.log-dead-letters' and 'akka.log-dead-letters-during-shutdown'.
15:03:31.680 [worker-akka.actor.default-dispatcher-2] INFO  a.a.LocalActorRef akka://worker/user/watcher/graph0000000000/graph/local-acker - Message [com.spbsu.flamestream.runtime.acker.LocalAcker$Flush] from Actor[akka://worker/user/watcher/graph0000000000/graph/local-acker#534138733] to Actor[akka://worker/user/watcher/graph0000000000/graph/local-acker#534138733] was not delivered. [4] dead letters encountered. This logging can be turned off or adjusted with configuration settings 'akka.log-dead-letters' and 'akka.log-dead-letters-during-shutdown'.
15:03:31.680 [worker-akka.actor.default-dispatcher-2] INFO  a.a.LocalActorRef akka://worker/user/watcher/graph0000000000/graph - Stopped
15:03:31.680 [worker-akka.actor.default-dispatcher-2] INFO  a.a.LocalActorRef akka://worker/user/watcher/graph0000000000 - Stopped
15:03:31.684 [worker-akka.actor.default-dispatcher-2] INFO  o.a.z.ZooKeeper  - Session: 0x1619f1aca19000c closed
15:03:31.685 [worker-akka.actor.default-dispatcher-2] INFO  a.a.RepointableActorRef akka://worker/user/watcher - Stopped
15:03:31.685 [worker-akka.actor.default-dispatcher-2-EventThread] INFO  o.a.z.ClientCnxn  - EventThread shut down for session: 0x1619f1aca19000c
15:03:31.700 [worker-akka.actor.default-dispatcher-2] INFO  a.r.RemoteActorRefProvider$RemotingTerminator akka://worker@172.31.34.169:5412/system/remoting-terminator - Shutting down remote daemon.
15:03:31.703 [worker-akka.actor.default-dispatcher-2] INFO  a.r.RemoteActorRefProvider$RemotingTerminator akka://worker@172.31.34.169:5412/system/remoting-terminator - Remote daemon shut down; proceeding with flushing remote transports.
15:03:32.865 [worker-akka.actor.default-dispatcher-2] INFO  a.r.RemoteActorRefProvider$RemotingTerminator akka://worker@172.31.34.169:5412/system/remoting-terminator - Remoting shut down.
Attempts of event 'shuffle-send' - 0
Attempts of event 'front-receive-send' - 0
Attempts of event 'inject-out' - 607041
Attempts of event 'sink-receive' - 619665
Attempts of event 'flatmap-receive' - 1142
Attempts of event 'fm-send' - 579767
Attempts of event 'rear-in' - 605899
Attempts of event 'flatmap-send' - 579767
Attempts of event 'inject-in' - 607041
Attempts of event 'wrong-ordering-filter-receive' - 619665
Attempts of event 'accept-in' - 0
Attempts of event 'grouping-receive' - 1225564
Heap
 def new generation   total 153600K, used 80788K [0x00000000e0c00000, 0x00000000eb2a0000, 0x00000000eb2a0000)
  eden space 136576K,  51% used [0x00000000e0c00000, 0x00000000e50e1aa8, 0x00000000e9160000)
  from space 17024K,  60% used [0x00000000ea200000, 0x00000000eac03638, 0x00000000eb2a0000)
  to   space 17024K,   0% used [0x00000000e9160000, 0x00000000e9160000, 0x00000000ea200000)
 tenured generation   total 341376K, used 115762K [0x00000000eb2a0000, 0x0000000100000000, 0x0000000100000000)
   the space 341376K,  33% used [0x00000000eb2a0000, 0x00000000f23ac8b0, 0x00000000f23aca00, 0x0000000100000000)
 Metaspace       used 33477K, capacity 34294K, committed 34688K, reserved 1079296K
  class space    used 4454K, capacity 4622K, committed 4736K, reserved 1048576K
