12:29:36.329 [worker-akka.actor.default-dispatcher-2] INFO  a.e.s.Slf4jLogger  - Slf4jLogger started
2018-02-19T12:29:36.506+0000: 2.558: [Full GC (Metadata GC Threshold) 2018-02-19T12:29:36.506+0000: 2.558: [Tenured: 0K->15411K(341376K), 0.0377257 secs] 117538K->15411K(494976K), [Metaspace: 20874K->20874K(1067008K)], 0.0377952 secs] [Times: user=0.03 sys=0.00, real=0.04 secs] 
Ama winner
Ama winner
12:29:36.962 [worker-akka.actor.default-dispatcher-2] INFO  a.r.a.ArteryTransport(akka://worker) akka.remote.artery.ArteryTransport(akka://worker) - Started embedded media driver in directory [/dev/shm/aeron-root-worker-632698a4-f197-46dd-ba0e-19ce21b2bf11]
12:29:37.183 [worker-akka.actor.default-dispatcher-2] INFO  a.r.a.ArteryTransport(akka://worker) akka.remote.artery.ArteryTransport(akka://worker) - Remoting started; listening on address: [akka://worker@172.31.37.101:5412] with UID [5057966869166242377]
12:29:37.292 [worker-akka.actor.default-dispatcher-2] INFO  o.a.z.ZooKeeper  - Client environment:zookeeper.version=3.4.9-1757313, built on 08/23/2016 06:50 GMT
12:29:37.292 [worker-akka.actor.default-dispatcher-2] INFO  o.a.z.ZooKeeper  - Client environment:host.name=ip-172-31-37-101.us-east-2.compute.internal
12:29:37.293 [worker-akka.actor.default-dispatcher-2] INFO  o.a.z.ZooKeeper  - Client environment:java.version=1.8.0_151
12:29:37.293 [worker-akka.actor.default-dispatcher-2] INFO  o.a.z.ZooKeeper  - Client environment:java.vendor=Oracle Corporation
12:29:37.293 [worker-akka.actor.default-dispatcher-2] INFO  o.a.z.ZooKeeper  - Client environment:java.home=/usr/lib/jvm/java-8-openjdk-amd64/jre
12:29:37.293 [worker-akka.actor.default-dispatcher-2] INFO  o.a.z.ZooKeeper  - Client environment:java.class.path=lib/commons-cli-1.4.jar:lib/minlog-1.3.0.jar:lib/asm-5.0.4.jar:lib/hadoop-annotations-2.7.3.jar:lib/hadoop-auth-2.7.3.jar:lib/akka-slf4j_2.11-2.5.6.jar:lib/jersey-core-1.9.jar:lib/lz4-1.3.0.jar:lib/jackson-core-asl-1.9.13.jar:lib/aeron-client-1.3.0.jar:lib/htrace-core-3.1.0-incubating.jar:lib/xz-1.0.jar:lib/commons-httpclient-3.1.jar:lib/asm-3.1.jar:lib/commons-lang3-3.4.jar:lib/scala-library-2.11.11.jar:lib/scala-java8-compat_2.11-0.7.0.jar:lib/commons-configuration-1.6.jar:lib/objenesis-2.1.jar:lib/jackson-annotations-2.8.0.jar:lib/jsr305-3.0.0.jar:lib/curator-framework-2.7.1.jar:lib/jersey-server-1.9.jar:lib/jets3t-0.9.0.jar:lib/leveldb-0.7.jar:lib/jetty-6.1.26.jar:lib/stax-api-1.0-2.jar:lib/flamestream-core-1.0-SNAPSHOT.jar:lib/reflectasm-1.07-shaded.jar:lib/apacheds-kerberos-codec-2.0.0-M15.jar:lib/api-asn1-api-1.0.0-M20.jar:lib/commons-lang-2.6.jar:lib/commons-beanutils-1.7.0.jar:lib/jackson-xc-1.8.3.jar:lib/jetty-util-6.1.26.jar:lib/logback-classic-1.2.3.jar:lib/jool-0.9.12.jar:lib/flamestream-runtime-1.0-SNAPSHOT-tests.jar:lib/httpcore-4.1.2.jar:lib/kryo-4.0.0.jar:lib/ant-1.8.1.jar:lib/jaxb-impl-2.2.3-1.jar:lib/jersey-json-1.9.jar:lib/commons-compress-1.4.1.jar:lib/leveldbjni-all-1.8.jar:lib/paranamer-2.3.jar:lib/jackson-core-2.8.4.jar:lib/commons-math3-3.6.1.jar:lib/scala-parser-combinators_2.11-1.0.4.jar:lib/netty-3.10.6.Final.jar:lib/trove4j-3.0.3.jar:lib/jaxb-api-2.2.2.jar:lib/logback-core-1.2.3.jar:lib/snappy-java-1.0.4.1.jar:lib/protobuf-java-2.5.0.jar:lib/reactive-streams-1.0.1.jar:lib/flamestream-examples-1.0-SNAPSHOT.jar:lib/commons-codec-1.4.jar:lib/activation-1.1.jar:lib/commons-net-3.1.jar:lib/curator-recipes-2.7.1.jar:lib/jackson-mapper-asl-1.9.13.jar:lib/jackson-databind-2.8.4.jar:lib/flamestream-runtime-1.0-SNAPSHOT.jar:lib/jackson-jaxrs-1.8.3.jar:lib/slf4j-api-1.7.24.jar:lib/akka-remote_2.11-2.5.6.jar:lib/akka-testkit_2.11-2.5.6.jar:lib/jline-0.9.94.jar:lib/akka-stream_2.11-2.5.6.jar:lib/jsp-api-2.1.jar:lib/kryonet-2.21.jar:lib/akka-kryo-serialization_2.11-0.5.0.jar:lib/config-1.3.1.jar:lib/ant-launcher-1.8.1.jar:lib/commons-logging-1.2.jar:lib/ssl-config-core_2.11-0.2.2.jar:lib/testng-6.10.jar:lib/leveldb-api-0.7.jar:lib/reflectasm-1.11.3.jar:lib/jcommander-1.48.jar:lib/commons-1.1.jar:lib/commons-digester-1.8.jar:lib/minlog-1.2.jar:lib/java-xmlbuilder-0.4.jar:lib/jettison-1.1.jar:lib/gson-2.2.4.jar:lib/jdk.tools-1.8.jar:lib/aeron-driver-1.3.0.jar:lib/zookeeper-3.4.9.jar:lib/commons-beanutils-core-1.8.0.jar:lib/commons-math3-3.1.1.jar:lib/akka-actor_2.11-2.5.6.jar:lib/curator-client-2.7.1.jar:lib/servlet-api-2.5.jar:lib/apacheds-i18n-2.0.0-M15.jar:lib/commons-io-2.4.jar:lib/commons-codec-1.6.jar:lib/akka-protobuf_2.11-2.5.6.jar:lib/protobuf-java-3.5.1.jar:lib/jdom-2.0.2.jar:lib/api-util-1.0.0-M20.jar:lib/hadoop-common-2.7.3.jar:lib/agrona-0.9.6.jar:lib/xmlenc-0.52.jar:lib/guava-21.0.jar:lib/commons-collections-3.2.2.jar:lib/avro-1.7.4.jar:lib/httpclient-4.1.2.jar:lib/flamestream-core-1.0-SNAPSHOT-tests.jar:lib/annotations-12.0.jar:lib/jsch-0.1.42.jar:flamestream-runtime-1.0-SNAPSHOT.jar
12:29:37.293 [worker-akka.actor.default-dispatcher-2] INFO  o.a.z.ZooKeeper  - Client environment:java.library.path=/usr/java/packages/lib/amd64:/usr/lib/x86_64-linux-gnu/jni:/lib/x86_64-linux-gnu:/usr/lib/x86_64-linux-gnu:/usr/lib/jni:/lib:/usr/lib
12:29:37.293 [worker-akka.actor.default-dispatcher-2] INFO  o.a.z.ZooKeeper  - Client environment:java.io.tmpdir=/tmp
12:29:37.293 [worker-akka.actor.default-dispatcher-2] INFO  o.a.z.ZooKeeper  - Client environment:java.compiler=<NA>
12:29:37.293 [worker-akka.actor.default-dispatcher-2] INFO  o.a.z.ZooKeeper  - Client environment:os.name=Linux
12:29:37.293 [worker-akka.actor.default-dispatcher-2] INFO  o.a.z.ZooKeeper  - Client environment:os.arch=amd64
12:29:37.293 [worker-akka.actor.default-dispatcher-2] INFO  o.a.z.ZooKeeper  - Client environment:os.version=4.4.0-1049-aws
12:29:37.293 [worker-akka.actor.default-dispatcher-2] INFO  o.a.z.ZooKeeper  - Client environment:user.name=root
12:29:37.295 [worker-akka.actor.default-dispatcher-2] INFO  o.a.z.ZooKeeper  - Client environment:user.home=/root
12:29:37.295 [worker-akka.actor.default-dispatcher-2] INFO  o.a.z.ZooKeeper  - Client environment:user.dir=/opt/flamestream
12:29:37.298 [worker-akka.actor.default-dispatcher-2] INFO  o.a.z.ZooKeeper  - Initiating client connection, connectString=172.31.34.147:2181 sessionTimeout=5000 watcher=com.spbsu.flamestream.runtime.application.LifecycleWatcher$$Lambda$29/764839090@3d5d5f13
12:29:37.332 [worker-akka.actor.default-dispatcher-2] INFO  a.a.RepointableActorRef akka://worker/user/watcher - Starting...
12:29:37.336 [worker-akka.actor.default-dispatcher-2-SendThread(172.31.34.147:2181)] INFO  o.a.z.ClientCnxn  - Opening socket connection to server 172.31.34.147/172.31.34.147:2181. Will not attempt to authenticate using SASL (unknown error)
12:29:37.341 [worker-akka.actor.default-dispatcher-2-SendThread(172.31.34.147:2181)] INFO  o.a.z.ClientCnxn  - Socket connection established to 172.31.34.147/172.31.34.147:2181, initiating session
12:29:37.348 [worker-akka.actor.default-dispatcher-2-SendThread(172.31.34.147:2181)] INFO  o.a.z.ClientCnxn  - Session establishment complete on server 172.31.34.147/172.31.34.147:2181, sessionid = 0x161ae09abc6000a, negotiated timeout = 6000
12:29:37.450 [worker-akka.actor.default-dispatcher-2] INFO  a.a.RepointableActorRef akka://worker/user/watcher - Connected to ZK
12:29:46.737 [worker-akka.actor.default-dispatcher-2] INFO  a.a.RepointableActorRef akka://worker/user/watcher - Creating node with watchGraphs: 'com.spbsu.flamestream.core.Graph$Builder$MyGraph@4084ed8a', config: 'ClusterConfig{paths={172.31.33.155=akka://worker@172.31.33.155:5412/user/watcher/graph0000000000, 172.31.47.83=akka://worker@172.31.47.83:5412/user/watcher/graph0000000000, 172.31.45.197=akka://worker@172.31.45.197:5412/user/watcher/graph0000000000, 172.31.42.36=akka://worker@172.31.42.36:5412/user/watcher/graph0000000000, 172.31.44.83=akka://worker@172.31.44.83:5412/user/watcher/graph0000000000, 172.31.39.64=akka://worker@172.31.39.64:5412/user/watcher/graph0000000000, 172.31.35.79=akka://worker@172.31.35.79:5412/user/watcher/graph0000000000, 172.31.34.169=akka://worker@172.31.34.169:5412/user/watcher/graph0000000000, 172.31.47.100=akka://worker@172.31.47.100:5412/user/watcher/graph0000000000, 172.31.37.101=akka://worker@172.31.37.101:5412/user/watcher/graph0000000000}, ackerLocation='172.31.35.79', props=ComputationLayout{ranges={172.31.33.155=HashRange{from=-1670265060, to=-1193046472}, 172.31.47.83=HashRange{from=1670265056, to=2147483644}, 172.31.45.197=HashRange{from=-715827884, to=-238609296}, 172.31.42.36=HashRange{from=1193046468, to=1670265056}, 172.31.44.83=HashRange{from=-238609296, to=238609292}, 172.31.39.64=HashRange{from=715827880, to=1193046468}, 172.31.35.79=HashRange{from=0, to=0}, 172.31.34.169=HashRange{from=-2147483648, to=-1670265060}, 172.31.47.100=HashRange{from=238609292, to=715827880}, 172.31.37.101=HashRange{from=-1193046472, to=-715827884}}}}'
12:29:47.565 [worker-akka.actor.default-dispatcher-2] INFO  a.a.LocalActorRef akka://worker/user/watcher/graph0000000000/graph - Starting...
12:29:47.565 [worker-akka.actor.default-dispatcher-2] INFO  a.a.LocalActorRef akka://worker/user/watcher/graph0000000000/graph/local-acker - Starting...
12:29:47.572 [worker-akka.actor.default-dispatcher-2] INFO  a.a.LocalActorRef akka://worker/user/watcher/graph0000000000/graph/local-acker/$a - Starting...
Warning: space is running low in /dev/shm (tmpfs) threshold=167,772,160 usable=158,621,696
Warning: space is running low in /dev/shm (tmpfs) threshold=167,772,160 usable=146,034,688
Warning: space is running low in /dev/shm (tmpfs) threshold=167,772,160 usable=133,447,680
Warning: space is running low in /dev/shm (tmpfs) threshold=167,772,160 usable=120,860,672
Warning: space is running low in /dev/shm (tmpfs) threshold=167,772,160 usable=108,273,664
Warning: space is running low in /dev/shm (tmpfs) threshold=167,772,160 usable=95,686,656
Warning: space is running low in /dev/shm (tmpfs) threshold=167,772,160 usable=83,099,648
Warning: space is running low in /dev/shm (tmpfs) threshold=167,772,160 usable=70,512,640
12:29:49.356 [worker-akka.actor.default-dispatcher-2] INFO  a.a.LocalActorRef akka://worker/user/watcher/graph0000000000/graph - Finishing constructor
12:29:49.357 [worker-akka.actor.default-dispatcher-2] INFO  a.a.LocalActorRef akka://worker/user/watcher/graph0000000000 - Starting...
12:29:49.358 [worker-akka.actor.default-dispatcher-2] INFO  a.a.LocalActorRef akka://worker/user/watcher/graph0000000000/negotiator - Starting...
12:29:49.418 [worker-akka.actor.default-dispatcher-2] INFO  a.a.LocalActorRef akka://worker/user/watcher/graph0000000000/edge - Starting...
12:29:49.419 [worker-akka.actor.default-dispatcher-2] INFO  a.a.LocalActorRef akka://worker/user/watcher/graph0000000000/graph/$a - Starting...
12:29:49.420 [worker-akka.actor.default-dispatcher-2] INFO  a.a.LocalActorRef akka://worker/user/watcher/graph0000000000/graph/$b - Starting...
12:29:49.422 [worker-akka.actor.default-dispatcher-2] INFO  a.a.LocalActorRef akka://worker/user/watcher/graph0000000000/graph/$c - Starting...
12:29:49.450 [worker-akka.actor.default-dispatcher-2] INFO  c.s.f.r.e.s.SocketRear  - FlameSocketGraphDeployerRear@172.31.37.101: connecting to 172.31.34.147:5678
12:29:49.457 [worker-akka.actor.default-dispatcher-2] INFO  c.s.f.r.e.s.SocketRear  - FlameSocketGraphDeployerRear@172.31.37.101: connected to 172.31.34.147:5678
12:29:49.483 [worker-akka.actor.default-dispatcher-2] INFO  a.a.LocalActorRef akka://worker/user/watcher/graph0000000000/edge/FlameSocketGraphDeployerRear - Starting...
12:29:49.484 [worker-akka.actor.default-dispatcher-2] INFO  a.a.LocalActorRef akka://worker/user/watcher/graph0000000000/edge/FlameSocketGraphDeployerFront - Starting...
12:29:49.485 [worker-akka.actor.default-dispatcher-2] INFO  a.a.LocalActorRef akka://worker/user/watcher/graph0000000000/negotiator - Requesting ticket for the frontClass FlameSocketGraphDeployerFront@172.31.37.101
12:29:49.496 [worker-akka.actor.default-dispatcher-2] INFO  a.a.LocalActorRef akka://worker/user/watcher/graph0000000000/negotiator - Ticket for the frontClass received: FrontTicket{allowedTimestamp=(1519043386735, FlameSocketGraphDeployerFront@172.31.37.101)}
12:29:49.498 [worker-akka.actor.default-dispatcher-2] INFO  c.s.f.r.e.s.SocketFront  - FlameSocketGraphDeployerFront@172.31.37.101: connecting to 172.31.34.147:4567
12:29:49.518 [Client] INFO  c.s.f.r.e.s.SocketFront  - FlameSocketGraphDeployerFront@172.31.37.101 has been disconnected from Connection 10
2018-02-19T12:29:54.136+0000: 20.188: [GC (Allocation Failure) 2018-02-19T12:29:54.136+0000: 20.188: [DefNew: 136576K->15131K(153600K), 0.0282315 secs] 151987K->50074K(494976K), 0.0283065 secs] [Times: user=0.02 sys=0.01, real=0.03 secs] 
2018-02-19T12:30:26.257+0000: 52.308: [GC (Allocation Failure) 2018-02-19T12:30:26.257+0000: 52.308: [DefNew: 151707K->3539K(153600K), 0.0168536 secs] 186650K->46066K(494976K), 0.0169155 secs] [Times: user=0.01 sys=0.01, real=0.01 secs] 
2018-02-19T12:31:00.605+0000: 86.657: [GC (Allocation Failure) 2018-02-19T12:31:00.605+0000: 86.657: [DefNew: 140115K->6025K(153600K), 0.0122502 secs] 182642K->48553K(494976K), 0.0123238 secs] [Times: user=0.01 sys=0.00, real=0.01 secs] 
2018-02-19T12:31:32.601+0000: 118.653: [GC (Allocation Failure) 2018-02-19T12:31:32.601+0000: 118.653: [DefNew: 142601K->7614K(153600K), 0.0188746 secs] 185129K->50142K(494976K), 0.0189313 secs] [Times: user=0.02 sys=0.00, real=0.02 secs] 
2018-02-19T12:31:57.202+0000: 143.254: [GC (Allocation Failure) 2018-02-19T12:31:57.202+0000: 143.254: [DefNew: 144190K->9154K(153600K), 0.0151366 secs] 186718K->51681K(494976K), 0.0152154 secs] [Times: user=0.01 sys=0.01, real=0.02 secs] 
2018-02-19T12:32:28.003+0000: 174.055: [GC (Allocation Failure) 2018-02-19T12:32:28.003+0000: 174.055: [DefNew: 145730K->8769K(153600K), 0.0163718 secs] 188257K->52742K(494976K), 0.0164351 secs] [Times: user=0.01 sys=0.00, real=0.01 secs] 
2018-02-19T12:32:58.846+0000: 204.898: [GC (Allocation Failure) 2018-02-19T12:32:58.846+0000: 204.898: [DefNew: 145345K->8528K(153600K), 0.0161923 secs] 189318K->53898K(494976K), 0.0162573 secs] [Times: user=0.02 sys=0.00, real=0.02 secs] 
2018-02-19T12:33:34.519+0000: 240.570: [GC (Allocation Failure) 2018-02-19T12:33:34.519+0000: 240.570: [DefNew: 145104K->8521K(153600K), 0.0160456 secs] 190474K->55289K(494976K), 0.0161080 secs] [Times: user=0.01 sys=0.00, real=0.02 secs] 
2018-02-19T12:34:09.277+0000: 275.328: [GC (Allocation Failure) 2018-02-19T12:34:09.277+0000: 275.328: [DefNew: 145097K->8383K(153600K), 0.0157847 secs] 191865K->56702K(494976K), 0.0158449 secs] [Times: user=0.02 sys=0.00, real=0.01 secs] 
2018-02-19T12:34:42.590+0000: 308.641: [GC (Allocation Failure) 2018-02-19T12:34:42.590+0000: 308.641: [DefNew: 144959K->9671K(153600K), 0.0160031 secs] 193278K->57990K(494976K), 0.0160655 secs] [Times: user=0.02 sys=0.00, real=0.02 secs] 
2018-02-19T12:35:20.416+0000: 346.467: [GC (Allocation Failure) 2018-02-19T12:35:20.416+0000: 346.468: [DefNew: 146247K->8531K(153600K), 0.0172407 secs] 194566K->58967K(494976K), 0.0173082 secs] [Times: user=0.01 sys=0.01, real=0.01 secs] 
2018-02-19T12:35:58.533+0000: 384.585: [GC (Allocation Failure) 2018-02-19T12:35:58.533+0000: 384.585: [DefNew: 145107K->9039K(153600K), 0.0164381 secs] 195543K->60473K(494976K), 0.0165070 secs] [Times: user=0.02 sys=0.00, real=0.02 secs] 
2018-02-19T12:36:32.631+0000: 418.683: [GC (Allocation Failure) 2018-02-19T12:36:32.631+0000: 418.683: [DefNew: 145615K->8972K(153600K), 0.0201546 secs] 197049K->61953K(494976K), 0.0202188 secs] [Times: user=0.01 sys=0.01, real=0.02 secs] 
2018-02-19T12:37:06.079+0000: 452.130: [GC (Allocation Failure) 2018-02-19T12:37:06.079+0000: 452.130: [DefNew: 145548K->8708K(153600K), 0.0162427 secs] 198529K->62919K(494976K), 0.0163097 secs] [Times: user=0.01 sys=0.00, real=0.02 secs] 
2018-02-19T12:37:42.426+0000: 488.478: [GC (Allocation Failure) 2018-02-19T12:37:42.426+0000: 488.478: [DefNew: 145284K->9565K(153600K), 0.0175065 secs] 199495K->64644K(494976K), 0.0175713 secs] [Times: user=0.02 sys=0.00, real=0.02 secs] 
2018-02-19T12:38:11.252+0000: 517.304: [GC (Allocation Failure) 2018-02-19T12:38:11.252+0000: 517.304: [DefNew: 146141K->9041K(153600K), 0.0167611 secs] 201220K->65370K(494976K), 0.0168222 secs] [Times: user=0.02 sys=0.00, real=0.02 secs] 
2018-02-19T12:38:47.102+0000: 553.154: [GC (Allocation Failure) 2018-02-19T12:38:47.102+0000: 553.154: [DefNew: 145617K->9337K(153600K), 0.0170097 secs] 201946K->66761K(494976K), 0.0170932 secs] [Times: user=0.02 sys=0.00, real=0.02 secs] 
2018-02-19T12:39:24.781+0000: 590.833: [GC (Allocation Failure) 2018-02-19T12:39:24.781+0000: 590.833: [DefNew: 145913K->9212K(153600K), 0.0165044 secs] 203337K->67732K(494976K), 0.0165980 secs] [Times: user=0.02 sys=0.00, real=0.02 secs] 
2018-02-19T12:39:59.723+0000: 625.775: [GC (Allocation Failure) 2018-02-19T12:39:59.723+0000: 625.775: [DefNew: 145788K->9149K(153600K), 0.0167054 secs] 204308K->68753K(494976K), 0.0167936 secs] [Times: user=0.01 sys=0.00, real=0.01 secs] 
2018-02-19T12:40:31.321+0000: 657.373: [GC (Allocation Failure) 2018-02-19T12:40:31.321+0000: 657.373: [DefNew: 145725K->9364K(153600K), 0.0166353 secs] 205329K->69996K(494976K), 0.0166979 secs] [Times: user=0.02 sys=0.00, real=0.02 secs] 
2018-02-19T12:40:59.611+0000: 685.662: [GC (Allocation Failure) 2018-02-19T12:40:59.611+0000: 685.662: [DefNew: 145940K->9711K(153600K), 0.0170003 secs] 206572K->71424K(494976K), 0.0170620 secs] [Times: user=0.02 sys=0.00, real=0.02 secs] 
2018-02-19T12:41:27.805+0000: 713.856: [GC (Allocation Failure) 2018-02-19T12:41:27.805+0000: 713.856: [DefNew: 146287K->8472K(153600K), 0.0168046 secs] 208000K->72323K(494976K), 0.0169095 secs] [Times: user=0.01 sys=0.00, real=0.01 secs] 
2018-02-19T12:42:00.726+0000: 746.778: [GC (Allocation Failure) 2018-02-19T12:42:00.726+0000: 746.778: [DefNew: 145048K->10802K(153600K), 0.0156456 secs] 208899K->74653K(494976K), 0.0157222 secs] [Times: user=0.01 sys=0.00, real=0.01 secs] 
2018-02-19T12:42:28.930+0000: 774.982: [GC (Allocation Failure) 2018-02-19T12:42:28.930+0000: 774.982: [DefNew: 147378K->10118K(153600K), 0.0196759 secs] 211229K->76301K(494976K), 0.0197428 secs] [Times: user=0.02 sys=0.00, real=0.02 secs] 
2018-02-19T12:42:54.738+0000: 800.790: [GC (Allocation Failure) 2018-02-19T12:42:54.738+0000: 800.790: [DefNew: 146694K->7078K(153600K), 0.0197779 secs] 212877K->76671K(494976K), 0.0198424 secs] [Times: user=0.01 sys=0.01, real=0.02 secs] 
2018-02-19T12:43:25.728+0000: 831.780: [GC (Allocation Failure) 2018-02-19T12:43:25.728+0000: 831.780: [DefNew: 143654K->8718K(153600K), 0.0143797 secs] 213247K->78312K(494976K), 0.0144399 secs] [Times: user=0.01 sys=0.00, real=0.02 secs] 
2018-02-19T12:44:00.729+0000: 866.780: [GC (Allocation Failure) 2018-02-19T12:44:00.729+0000: 866.780: [DefNew: 145294K->9029K(153600K), 0.0155375 secs] 214888K->79705K(494976K), 0.0156126 secs] [Times: user=0.01 sys=0.00, real=0.02 secs] 
2018-02-19T12:44:27.631+0000: 893.683: [GC (Allocation Failure) 2018-02-19T12:44:27.631+0000: 893.683: [DefNew: 145605K->9670K(153600K), 0.0174262 secs] 216281K->81271K(494976K), 0.0175120 secs] [Times: user=0.01 sys=0.01, real=0.02 secs] 
2018-02-19T12:45:05.122+0000: 931.173: [GC (Allocation Failure) 2018-02-19T12:45:05.122+0000: 931.173: [DefNew: 146246K->10058K(153600K), 0.0169159 secs] 217847K->82860K(494976K), 0.0169921 secs] [Times: user=0.02 sys=0.00, real=0.02 secs] 
2018-02-19T12:45:32.071+0000: 958.122: [GC (Allocation Failure) 2018-02-19T12:45:32.071+0000: 958.122: [DefNew: 146634K->8698K(153600K), 0.0190959 secs] 219436K->84182K(494976K), 0.0191696 secs] [Times: user=0.02 sys=0.00, real=0.02 secs] 
2018-02-19T12:46:06.914+0000: 992.966: [GC (Allocation Failure) 2018-02-19T12:46:06.914+0000: 992.966: [DefNew: 145274K->8758K(153600K), 0.0153045 secs] 220758K->85782K(494976K), 0.0153968 secs] [Times: user=0.01 sys=0.00, real=0.02 secs] 
2018-02-19T12:46:34.548+0000: 1020.600: [GC (Allocation Failure) 2018-02-19T12:46:34.548+0000: 1020.600: [DefNew: 145334K->8545K(153600K), 0.0167351 secs] 222358K->87373K(494976K), 0.0167944 secs] [Times: user=0.02 sys=0.00, real=0.02 secs] 
2018-02-19T12:47:07.372+0000: 1053.424: [GC (Allocation Failure) 2018-02-19T12:47:07.372+0000: 1053.424: [DefNew: 145121K->8876K(153600K), 0.0170042 secs] 223949K->89125K(494976K), 0.0170701 secs] [Times: user=0.02 sys=0.00, real=0.02 secs] 
2018-02-19T12:47:37.045+0000: 1083.096: [GC (Allocation Failure) 2018-02-19T12:47:37.045+0000: 1083.096: [DefNew: 145452K->9419K(153600K), 0.0192130 secs] 225701K->91008K(494976K), 0.0192968 secs] [Times: user=0.01 sys=0.00, real=0.02 secs] 
2018-02-19T12:48:14.168+0000: 1120.219: [GC (Allocation Failure) 2018-02-19T12:48:14.168+0000: 1120.219: [DefNew: 145995K->9286K(153600K), 0.0165303 secs] 227584K->92289K(494976K), 0.0165965 secs] [Times: user=0.02 sys=0.00, real=0.02 secs] 
2018-02-19T12:48:40.980+0000: 1147.031: [GC (Allocation Failure) 2018-02-19T12:48:40.980+0000: 1147.031: [DefNew: 145862K->8761K(153600K), 0.0176124 secs] 228865K->93449K(494976K), 0.0176966 secs] [Times: user=0.01 sys=0.01, real=0.02 secs] 
2018-02-19T12:49:12.768+0000: 1178.820: [GC (Allocation Failure) 2018-02-19T12:49:12.768+0000: 1178.820: [DefNew: 145337K->8790K(153600K), 0.0164778 secs] 230025K->94943K(494976K), 0.0165431 secs] [Times: user=0.02 sys=0.00, real=0.02 secs] 
2018-02-19T12:49:44.550+0000: 1210.601: [GC (Allocation Failure) 2018-02-19T12:49:44.550+0000: 1210.601: [DefNew: 145366K->9111K(153600K), 0.0169314 secs] 231519K->96597K(494976K), 0.0169956 secs] [Times: user=0.01 sys=0.00, real=0.02 secs] 
2018-02-19T12:50:09.371+0000: 1235.423: [GC (Allocation Failure) 2018-02-19T12:50:09.371+0000: 1235.423: [DefNew: 145687K->9456K(153600K), 0.0151341 secs] 233173K->98172K(494976K), 0.0151988 secs] [Times: user=0.01 sys=0.00, real=0.02 secs] 
2018-02-19T12:50:43.449+0000: 1269.501: [GC (Allocation Failure) 2018-02-19T12:50:43.449+0000: 1269.501: [DefNew: 146032K->9739K(153600K), 0.0162288 secs] 234748K->99967K(494976K), 0.0162941 secs] [Times: user=0.01 sys=0.00, real=0.02 secs] 
2018-02-19T12:51:12.822+0000: 1298.874: [GC (Allocation Failure) 2018-02-19T12:51:12.822+0000: 1298.874: [DefNew: 146315K->9872K(153600K), 0.0167797 secs] 236543K->101441K(494976K), 0.0168431 secs] [Times: user=0.01 sys=0.01, real=0.02 secs] 
12:51:12.899 [Client] INFO  c.s.f.r.e.s.SocketRear  - FlameSocketGraphDeployerRear@172.31.37.101: has been disconnected from Connection 10
12:51:27.900 [worker-akka.actor.default-dispatcher-2] INFO  a.a.CoordinatedShutdown CoordinatedShutdown(akka://worker) - Starting coordinated shutdown from JVM shutdown hook
12:51:27.941 [worker-akka.actor.default-dispatcher-2] INFO  a.a.LocalActorRef akka://worker/user/watcher/graph0000000000/negotiator - Stopped
12:51:27.941 [worker-akka.actor.default-dispatcher-2] INFO  a.a.LocalActorRef akka://worker/user/watcher/graph0000000000/edge/FlameSocketGraphDeployerFront - Stopped
12:51:27.943 [worker-akka.actor.default-dispatcher-2] INFO  a.a.LocalActorRef akka://worker/user/watcher/graph0000000000/edge/FlameSocketGraphDeployerRear - Stopped
12:51:27.944 [worker-akka.actor.default-dispatcher-2] INFO  a.a.LocalActorRef akka://worker/user/watcher/graph0000000000/graph/$a - Stopped
12:51:27.946 [worker-akka.actor.default-dispatcher-2] INFO  a.a.LocalActorRef akka://worker/user/watcher/graph0000000000/graph/$b - Stopped
12:51:27.947 [worker-akka.actor.default-dispatcher-2] INFO  a.a.LocalActorRef akka://worker/user/watcher/graph0000000000/graph/$c - Stopped
12:51:27.947 [worker-akka.actor.default-dispatcher-2] INFO  a.a.LocalActorRef akka://worker/user/watcher/graph0000000000/graph/local-acker/$a - Stopped
12:51:27.954 [worker-akka.actor.default-dispatcher-2] INFO  a.a.LocalActorRef akka://worker/user/watcher/graph0000000000/edge - Stopped
12:51:27.954 [worker-akka.actor.default-dispatcher-2] INFO  a.a.LocalActorRef akka://worker/user/watcher/graph0000000000/graph/local-acker/$a - Message [com.spbsu.flamestream.runtime.utils.akka.PingActor$InnerPing] from Actor[akka://worker/user/watcher/graph0000000000/graph/local-acker/$a#1818019138] to Actor[akka://worker/user/watcher/graph0000000000/graph/local-acker/$a#1818019138] was not delivered. [1] dead letters encountered. This logging can be turned off or adjusted with configuration settings 'akka.log-dead-letters' and 'akka.log-dead-letters-during-shutdown'.
12:51:27.954 [worker-akka.actor.default-dispatcher-2] INFO  a.a.LocalActorRef akka://worker/user/watcher/graph0000000000/graph/local-acker - Stopped
12:51:27.957 [worker-akka.actor.default-dispatcher-2] INFO  a.a.LocalActorRef akka://worker/user/watcher/graph0000000000/graph/local-acker/$a - Message [com.spbsu.flamestream.runtime.utils.akka.PingActor$Stop] from Actor[akka://worker/user/watcher/graph0000000000/graph/local-acker#1902186781] to Actor[akka://worker/user/watcher/graph0000000000/graph/local-acker/$a#1818019138] was not delivered. [2] dead letters encountered. This logging can be turned off or adjusted with configuration settings 'akka.log-dead-letters' and 'akka.log-dead-letters-during-shutdown'.
12:51:27.957 [worker-akka.actor.default-dispatcher-2] INFO  a.a.LocalActorRef akka://worker/user/watcher/graph0000000000/graph/local-acker - Message [com.spbsu.flamestream.runtime.acker.LocalAcker$Flush] from Actor[akka://worker/user/watcher/graph0000000000/graph/local-acker#1902186781] to Actor[akka://worker/user/watcher/graph0000000000/graph/local-acker#1902186781] was not delivered. [3] dead letters encountered. This logging can be turned off or adjusted with configuration settings 'akka.log-dead-letters' and 'akka.log-dead-letters-during-shutdown'.
12:51:27.958 [worker-akka.actor.default-dispatcher-2] INFO  a.a.LocalActorRef akka://worker/user/watcher/graph0000000000/graph/local-acker - Message [com.spbsu.flamestream.runtime.acker.LocalAcker$Flush] from Actor[akka://worker/user/watcher/graph0000000000/graph/local-acker#1902186781] to Actor[akka://worker/user/watcher/graph0000000000/graph/local-acker#1902186781] was not delivered. [4] dead letters encountered. This logging can be turned off or adjusted with configuration settings 'akka.log-dead-letters' and 'akka.log-dead-letters-during-shutdown'.
12:51:27.959 [worker-akka.actor.default-dispatcher-2] INFO  a.a.LocalActorRef akka://worker/user/watcher/graph0000000000/graph/local-acker - Message [com.spbsu.flamestream.runtime.acker.LocalAcker$Flush] from Actor[akka://worker/user/watcher/graph0000000000/graph/local-acker#1902186781] to Actor[akka://worker/user/watcher/graph0000000000/graph/local-acker#1902186781] was not delivered. [5] dead letters encountered. This logging can be turned off or adjusted with configuration settings 'akka.log-dead-letters' and 'akka.log-dead-letters-during-shutdown'.
12:51:27.959 [worker-akka.actor.default-dispatcher-2] INFO  a.a.LocalActorRef akka://worker/user/watcher/graph0000000000/graph/local-acker - Message [com.spbsu.flamestream.runtime.acker.LocalAcker$Flush] from Actor[akka://worker/user/watcher/graph0000000000/graph/local-acker#1902186781] to Actor[akka://worker/user/watcher/graph0000000000/graph/local-acker#1902186781] was not delivered. [6] dead letters encountered. This logging can be turned off or adjusted with configuration settings 'akka.log-dead-letters' and 'akka.log-dead-letters-during-shutdown'.
12:51:27.960 [worker-akka.actor.default-dispatcher-2] INFO  a.a.LocalActorRef akka://worker/user/watcher/graph0000000000/graph/local-acker - Message [com.spbsu.flamestream.runtime.acker.LocalAcker$Flush] from Actor[akka://worker/user/watcher/graph0000000000/graph/local-acker#1902186781] to Actor[akka://worker/user/watcher/graph0000000000/graph/local-acker#1902186781] was not delivered. [7] dead letters encountered. This logging can be turned off or adjusted with configuration settings 'akka.log-dead-letters' and 'akka.log-dead-letters-during-shutdown'.
12:51:27.960 [worker-akka.actor.default-dispatcher-2] INFO  a.a.LocalActorRef akka://worker/user/watcher/graph0000000000/graph/local-acker - Message [com.spbsu.flamestream.runtime.acker.LocalAcker$Flush] from Actor[akka://worker/user/watcher/graph0000000000/graph/local-acker#1902186781] to Actor[akka://worker/user/watcher/graph0000000000/graph/local-acker#1902186781] was not delivered. [8] dead letters encountered. This logging can be turned off or adjusted with configuration settings 'akka.log-dead-letters' and 'akka.log-dead-letters-during-shutdown'.
12:51:27.961 [worker-akka.actor.default-dispatcher-2] INFO  a.a.LocalActorRef akka://worker/user/watcher/graph0000000000/graph/local-acker - Message [com.spbsu.flamestream.runtime.acker.LocalAcker$Flush] from Actor[akka://worker/user/watcher/graph0000000000/graph/local-acker#1902186781] to Actor[akka://worker/user/watcher/graph0000000000/graph/local-acker#1902186781] was not delivered. [9] dead letters encountered. This logging can be turned off or adjusted with configuration settings 'akka.log-dead-letters' and 'akka.log-dead-letters-during-shutdown'.
12:51:27.961 [worker-akka.actor.default-dispatcher-2] INFO  a.a.LocalActorRef akka://worker/user/watcher/graph0000000000/graph - Stopped
12:51:27.962 [worker-akka.actor.default-dispatcher-2] INFO  a.a.LocalActorRef akka://worker/user/watcher/graph0000000000 - Stopped
12:51:27.964 [worker-akka.actor.default-dispatcher-2-EventThread] INFO  o.a.z.ClientCnxn  - EventThread shut down for session: 0x161ae09abc6000a
12:51:27.965 [worker-akka.actor.default-dispatcher-2] INFO  o.a.z.ZooKeeper  - Session: 0x161ae09abc6000a closed
12:51:27.965 [worker-akka.actor.default-dispatcher-2] INFO  a.a.RepointableActorRef akka://worker/user/watcher - Stopped
12:51:27.976 [worker-akka.actor.default-dispatcher-2] INFO  a.r.RemoteActorRefProvider$RemotingTerminator akka://worker@172.31.37.101:5412/system/remoting-terminator - Shutting down remote daemon.
12:51:27.980 [worker-akka.actor.default-dispatcher-2] INFO  a.r.RemoteActorRefProvider$RemotingTerminator akka://worker@172.31.37.101:5412/system/remoting-terminator - Remote daemon shut down; proceeding with flushing remote transports.
12:51:29.156 [worker-akka.actor.default-dispatcher-2] INFO  a.r.RemoteActorRefProvider$RemotingTerminator akka://worker@172.31.37.101:5412/system/remoting-terminator - Remoting shut down.
Heap
 def new generation   total 153600K, used 25245K [0x00000000e0c00000, 0x00000000eb2a0000, 0x00000000eb2a0000)
  eden space 136576K,  11% used [0x00000000e0c00000, 0x00000000e1b031b8, 0x00000000e9160000)
  from space 17024K,  57% used [0x00000000ea200000, 0x00000000eaba42c8, 0x00000000eb2a0000)
  to   space 17024K,   0% used [0x00000000e9160000, 0x00000000e9160000, 0x00000000ea200000)
 tenured generation   total 341376K, used 91568K [0x00000000eb2a0000, 0x0000000100000000, 0x0000000100000000)
   the space 341376K,  26% used [0x00000000eb2a0000, 0x00000000f0c0c3f0, 0x00000000f0c0c400, 0x0000000100000000)
 Metaspace       used 33609K, capacity 34426K, committed 34688K, reserved 1079296K
  class space    used 4456K, capacity 4624K, committed 4736K, reserved 1048576K
