12:52:57.540 [worker-akka.actor.default-dispatcher-2] INFO  a.e.s.Slf4jLogger  - Slf4jLogger started
2018-02-19T12:52:57.712+0000: 2.594: [Full GC (Metadata GC Threshold) 2018-02-19T12:52:57.712+0000: 2.594: [Tenured: 0K->15410K(341376K), 0.0382907 secs] 117538K->15410K(494976K), [Metaspace: 20874K->20874K(1067008K)], 0.0383534 secs] [Times: user=0.03 sys=0.01, real=0.04 secs] 
Ama winner
Ama winner
12:52:58.166 [worker-akka.actor.default-dispatcher-2] INFO  a.r.a.ArteryTransport(akka://worker) akka.remote.artery.ArteryTransport(akka://worker) - Started embedded media driver in directory [/dev/shm/aeron-root-worker-53c28257-410a-4383-8c15-6447720be8f7]
12:52:58.385 [worker-akka.actor.default-dispatcher-2] INFO  a.r.a.ArteryTransport(akka://worker) akka.remote.artery.ArteryTransport(akka://worker) - Remoting started; listening on address: [akka://worker@172.31.37.101:5412] with UID [-6424773840198284673]
12:52:58.494 [worker-akka.actor.default-dispatcher-2] INFO  o.a.z.ZooKeeper  - Client environment:zookeeper.version=3.4.9-1757313, built on 08/23/2016 06:50 GMT
12:52:58.494 [worker-akka.actor.default-dispatcher-2] INFO  o.a.z.ZooKeeper  - Client environment:host.name=ip-172-31-37-101.us-east-2.compute.internal
12:52:58.494 [worker-akka.actor.default-dispatcher-2] INFO  o.a.z.ZooKeeper  - Client environment:java.version=1.8.0_151
12:52:58.494 [worker-akka.actor.default-dispatcher-2] INFO  o.a.z.ZooKeeper  - Client environment:java.vendor=Oracle Corporation
12:52:58.495 [worker-akka.actor.default-dispatcher-2] INFO  o.a.z.ZooKeeper  - Client environment:java.home=/usr/lib/jvm/java-8-openjdk-amd64/jre
12:52:58.495 [worker-akka.actor.default-dispatcher-2] INFO  o.a.z.ZooKeeper  - Client environment:java.class.path=lib/commons-cli-1.4.jar:lib/minlog-1.3.0.jar:lib/asm-5.0.4.jar:lib/hadoop-annotations-2.7.3.jar:lib/hadoop-auth-2.7.3.jar:lib/akka-slf4j_2.11-2.5.6.jar:lib/jersey-core-1.9.jar:lib/lz4-1.3.0.jar:lib/jackson-core-asl-1.9.13.jar:lib/aeron-client-1.3.0.jar:lib/htrace-core-3.1.0-incubating.jar:lib/xz-1.0.jar:lib/commons-httpclient-3.1.jar:lib/asm-3.1.jar:lib/commons-lang3-3.4.jar:lib/scala-library-2.11.11.jar:lib/scala-java8-compat_2.11-0.7.0.jar:lib/commons-configuration-1.6.jar:lib/objenesis-2.1.jar:lib/jackson-annotations-2.8.0.jar:lib/jsr305-3.0.0.jar:lib/curator-framework-2.7.1.jar:lib/jersey-server-1.9.jar:lib/jets3t-0.9.0.jar:lib/leveldb-0.7.jar:lib/jetty-6.1.26.jar:lib/stax-api-1.0-2.jar:lib/flamestream-core-1.0-SNAPSHOT.jar:lib/reflectasm-1.07-shaded.jar:lib/apacheds-kerberos-codec-2.0.0-M15.jar:lib/api-asn1-api-1.0.0-M20.jar:lib/commons-lang-2.6.jar:lib/commons-beanutils-1.7.0.jar:lib/jackson-xc-1.8.3.jar:lib/jetty-util-6.1.26.jar:lib/logback-classic-1.2.3.jar:lib/jool-0.9.12.jar:lib/flamestream-runtime-1.0-SNAPSHOT-tests.jar:lib/httpcore-4.1.2.jar:lib/kryo-4.0.0.jar:lib/ant-1.8.1.jar:lib/jaxb-impl-2.2.3-1.jar:lib/jersey-json-1.9.jar:lib/commons-compress-1.4.1.jar:lib/leveldbjni-all-1.8.jar:lib/paranamer-2.3.jar:lib/jackson-core-2.8.4.jar:lib/commons-math3-3.6.1.jar:lib/scala-parser-combinators_2.11-1.0.4.jar:lib/netty-3.10.6.Final.jar:lib/trove4j-3.0.3.jar:lib/jaxb-api-2.2.2.jar:lib/logback-core-1.2.3.jar:lib/snappy-java-1.0.4.1.jar:lib/protobuf-java-2.5.0.jar:lib/reactive-streams-1.0.1.jar:lib/flamestream-examples-1.0-SNAPSHOT.jar:lib/commons-codec-1.4.jar:lib/activation-1.1.jar:lib/commons-net-3.1.jar:lib/curator-recipes-2.7.1.jar:lib/jackson-mapper-asl-1.9.13.jar:lib/jackson-databind-2.8.4.jar:lib/flamestream-runtime-1.0-SNAPSHOT.jar:lib/jackson-jaxrs-1.8.3.jar:lib/slf4j-api-1.7.24.jar:lib/akka-remote_2.11-2.5.6.jar:lib/akka-testkit_2.11-2.5.6.jar:lib/jline-0.9.94.jar:lib/akka-stream_2.11-2.5.6.jar:lib/jsp-api-2.1.jar:lib/kryonet-2.21.jar:lib/akka-kryo-serialization_2.11-0.5.0.jar:lib/config-1.3.1.jar:lib/ant-launcher-1.8.1.jar:lib/commons-logging-1.2.jar:lib/ssl-config-core_2.11-0.2.2.jar:lib/testng-6.10.jar:lib/leveldb-api-0.7.jar:lib/reflectasm-1.11.3.jar:lib/jcommander-1.48.jar:lib/commons-1.1.jar:lib/commons-digester-1.8.jar:lib/minlog-1.2.jar:lib/java-xmlbuilder-0.4.jar:lib/jettison-1.1.jar:lib/gson-2.2.4.jar:lib/jdk.tools-1.8.jar:lib/aeron-driver-1.3.0.jar:lib/zookeeper-3.4.9.jar:lib/commons-beanutils-core-1.8.0.jar:lib/commons-math3-3.1.1.jar:lib/akka-actor_2.11-2.5.6.jar:lib/curator-client-2.7.1.jar:lib/servlet-api-2.5.jar:lib/apacheds-i18n-2.0.0-M15.jar:lib/commons-io-2.4.jar:lib/commons-codec-1.6.jar:lib/akka-protobuf_2.11-2.5.6.jar:lib/protobuf-java-3.5.1.jar:lib/jdom-2.0.2.jar:lib/api-util-1.0.0-M20.jar:lib/hadoop-common-2.7.3.jar:lib/agrona-0.9.6.jar:lib/xmlenc-0.52.jar:lib/guava-21.0.jar:lib/commons-collections-3.2.2.jar:lib/avro-1.7.4.jar:lib/httpclient-4.1.2.jar:lib/flamestream-core-1.0-SNAPSHOT-tests.jar:lib/annotations-12.0.jar:lib/jsch-0.1.42.jar:flamestream-runtime-1.0-SNAPSHOT.jar
12:52:58.495 [worker-akka.actor.default-dispatcher-2] INFO  o.a.z.ZooKeeper  - Client environment:java.library.path=/usr/java/packages/lib/amd64:/usr/lib/x86_64-linux-gnu/jni:/lib/x86_64-linux-gnu:/usr/lib/x86_64-linux-gnu:/usr/lib/jni:/lib:/usr/lib
12:52:58.495 [worker-akka.actor.default-dispatcher-2] INFO  o.a.z.ZooKeeper  - Client environment:java.io.tmpdir=/tmp
12:52:58.495 [worker-akka.actor.default-dispatcher-2] INFO  o.a.z.ZooKeeper  - Client environment:java.compiler=<NA>
12:52:58.495 [worker-akka.actor.default-dispatcher-2] INFO  o.a.z.ZooKeeper  - Client environment:os.name=Linux
12:52:58.495 [worker-akka.actor.default-dispatcher-2] INFO  o.a.z.ZooKeeper  - Client environment:os.arch=amd64
12:52:58.495 [worker-akka.actor.default-dispatcher-2] INFO  o.a.z.ZooKeeper  - Client environment:os.version=4.4.0-1049-aws
12:52:58.495 [worker-akka.actor.default-dispatcher-2] INFO  o.a.z.ZooKeeper  - Client environment:user.name=root
12:52:58.496 [worker-akka.actor.default-dispatcher-2] INFO  o.a.z.ZooKeeper  - Client environment:user.home=/root
12:52:58.497 [worker-akka.actor.default-dispatcher-2] INFO  o.a.z.ZooKeeper  - Client environment:user.dir=/opt/flamestream
12:52:58.500 [worker-akka.actor.default-dispatcher-2] INFO  o.a.z.ZooKeeper  - Initiating client connection, connectString=172.31.34.147:2181 sessionTimeout=5000 watcher=com.spbsu.flamestream.runtime.application.LifecycleWatcher$$Lambda$29/764839090@3d5d5f13
12:52:58.535 [worker-akka.actor.default-dispatcher-2] INFO  a.a.RepointableActorRef akka://worker/user/watcher - Starting...
12:52:58.539 [worker-akka.actor.default-dispatcher-2-SendThread(172.31.34.147:2181)] INFO  o.a.z.ClientCnxn  - Opening socket connection to server 172.31.34.147/172.31.34.147:2181. Will not attempt to authenticate using SASL (unknown error)
12:52:58.543 [worker-akka.actor.default-dispatcher-2-SendThread(172.31.34.147:2181)] INFO  o.a.z.ClientCnxn  - Socket connection established to 172.31.34.147/172.31.34.147:2181, initiating session
12:52:58.551 [worker-akka.actor.default-dispatcher-2-SendThread(172.31.34.147:2181)] INFO  o.a.z.ClientCnxn  - Session establishment complete on server 172.31.34.147/172.31.34.147:2181, sessionid = 0x161ae1f07550009, negotiated timeout = 6000
12:52:58.650 [worker-akka.actor.default-dispatcher-2] INFO  a.a.RepointableActorRef akka://worker/user/watcher - Connected to ZK
12:53:07.739 [worker-akka.actor.default-dispatcher-2] INFO  a.a.RepointableActorRef akka://worker/user/watcher - Creating node with watchGraphs: 'com.spbsu.flamestream.core.Graph$Builder$MyGraph@4084ed8a', config: 'ClusterConfig{paths={172.31.33.155=akka://worker@172.31.33.155:5412/user/watcher/graph0000000000, 172.31.47.83=akka://worker@172.31.47.83:5412/user/watcher/graph0000000000, 172.31.45.197=akka://worker@172.31.45.197:5412/user/watcher/graph0000000000, 172.31.42.36=akka://worker@172.31.42.36:5412/user/watcher/graph0000000000, 172.31.44.83=akka://worker@172.31.44.83:5412/user/watcher/graph0000000000, 172.31.39.64=akka://worker@172.31.39.64:5412/user/watcher/graph0000000000, 172.31.35.79=akka://worker@172.31.35.79:5412/user/watcher/graph0000000000, 172.31.34.169=akka://worker@172.31.34.169:5412/user/watcher/graph0000000000, 172.31.47.100=akka://worker@172.31.47.100:5412/user/watcher/graph0000000000, 172.31.37.101=akka://worker@172.31.37.101:5412/user/watcher/graph0000000000}, ackerLocation='172.31.35.79', props=ComputationLayout{ranges={172.31.33.155=HashRange{from=-1670265060, to=-1193046472}, 172.31.47.83=HashRange{from=1670265056, to=2147483644}, 172.31.45.197=HashRange{from=-715827884, to=-238609296}, 172.31.42.36=HashRange{from=1193046468, to=1670265056}, 172.31.44.83=HashRange{from=-238609296, to=238609292}, 172.31.39.64=HashRange{from=715827880, to=1193046468}, 172.31.35.79=HashRange{from=0, to=0}, 172.31.34.169=HashRange{from=-2147483648, to=-1670265060}, 172.31.47.100=HashRange{from=238609292, to=715827880}, 172.31.37.101=HashRange{from=-1193046472, to=-715827884}}}}'
12:53:08.657 [worker-akka.actor.default-dispatcher-2] INFO  a.a.LocalActorRef akka://worker/user/watcher/graph0000000000/graph - Starting...
12:53:08.659 [worker-akka.actor.default-dispatcher-2] INFO  a.a.LocalActorRef akka://worker/user/watcher/graph0000000000/graph/local-acker - Starting...
12:53:08.661 [worker-akka.actor.default-dispatcher-2] INFO  a.a.LocalActorRef akka://worker/user/watcher/graph0000000000/graph/local-acker/$a - Starting...
Warning: space is running low in /dev/shm (tmpfs) threshold=167,772,160 usable=158,621,696
Warning: space is running low in /dev/shm (tmpfs) threshold=167,772,160 usable=146,034,688
Warning: space is running low in /dev/shm (tmpfs) threshold=167,772,160 usable=133,447,680
Warning: space is running low in /dev/shm (tmpfs) threshold=167,772,160 usable=120,860,672
Warning: space is running low in /dev/shm (tmpfs) threshold=167,772,160 usable=108,273,664
Warning: space is running low in /dev/shm (tmpfs) threshold=167,772,160 usable=95,686,656
Warning: space is running low in /dev/shm (tmpfs) threshold=167,772,160 usable=83,099,648
Warning: space is running low in /dev/shm (tmpfs) threshold=167,772,160 usable=70,512,640
12:53:10.161 [worker-akka.actor.default-dispatcher-2] INFO  a.a.LocalActorRef akka://worker/user/watcher/graph0000000000 - Starting...
12:53:10.162 [worker-akka.actor.default-dispatcher-2] INFO  a.a.LocalActorRef akka://worker/user/watcher/graph0000000000/graph - Finishing constructor
12:53:10.163 [worker-akka.actor.default-dispatcher-2] INFO  a.a.LocalActorRef akka://worker/user/watcher/graph0000000000/negotiator - Starting...
12:53:10.164 [worker-akka.actor.default-dispatcher-2] INFO  a.a.LocalActorRef akka://worker/user/watcher/graph0000000000/edge - Starting...
12:53:10.252 [worker-akka.actor.default-dispatcher-2] INFO  c.s.f.r.e.s.SocketRear  - FlameSocketGraphDeployerRear@172.31.37.101: connecting to 172.31.34.147:5678
12:53:10.257 [worker-akka.actor.default-dispatcher-2] INFO  c.s.f.r.e.s.SocketRear  - FlameSocketGraphDeployerRear@172.31.37.101: connected to 172.31.34.147:5678
12:53:10.289 [worker-akka.actor.default-dispatcher-2] INFO  a.a.LocalActorRef akka://worker/user/watcher/graph0000000000/graph/$a - Starting...
12:53:10.291 [worker-akka.actor.default-dispatcher-2] INFO  a.a.LocalActorRef akka://worker/user/watcher/graph0000000000/graph/$b - Starting...
12:53:10.291 [worker-akka.actor.default-dispatcher-2] INFO  a.a.LocalActorRef akka://worker/user/watcher/graph0000000000/graph/$c - Starting...
12:53:10.303 [worker-akka.actor.default-dispatcher-2] INFO  a.a.LocalActorRef akka://worker/user/watcher/graph0000000000/edge/FlameSocketGraphDeployerRear - Starting...
12:53:10.304 [worker-akka.actor.default-dispatcher-2] INFO  a.a.LocalActorRef akka://worker/user/watcher/graph0000000000/edge/FlameSocketGraphDeployerFront - Starting...
12:53:10.305 [worker-akka.actor.default-dispatcher-2] INFO  a.a.LocalActorRef akka://worker/user/watcher/graph0000000000/negotiator - Requesting ticket for the frontClass FlameSocketGraphDeployerFront@172.31.37.101
12:53:10.307 [worker-akka.actor.default-dispatcher-2] INFO  a.a.LocalActorRef akka://worker/user/watcher/graph0000000000/negotiator - Ticket for the frontClass received: FrontTicket{allowedTimestamp=(1519044787745, FlameSocketGraphDeployerFront@172.31.37.101)}
12:53:10.308 [worker-akka.actor.default-dispatcher-2] INFO  c.s.f.r.e.s.SocketFront  - FlameSocketGraphDeployerFront@172.31.37.101: connecting to 172.31.34.147:4567
12:53:10.324 [Client] INFO  c.s.f.r.e.s.SocketFront  - FlameSocketGraphDeployerFront@172.31.37.101 has been disconnected from Connection 10
2018-02-19T12:53:14.378+0000: 19.259: [GC (Allocation Failure) 2018-02-19T12:53:14.378+0000: 19.259: [DefNew: 136576K->15172K(153600K), 0.0294228 secs] 151986K->50114K(494976K), 0.0294878 secs] [Times: user=0.02 sys=0.01, real=0.03 secs] 
2018-02-19T12:53:37.648+0000: 42.530: [GC (Allocation Failure) 2018-02-19T12:53:37.648+0000: 42.530: [DefNew: 151748K->3603K(153600K), 0.0189955 secs] 186690K->46138K(494976K), 0.0190600 secs] [Times: user=0.02 sys=0.00, real=0.02 secs] 
2018-02-19T12:54:04.441+0000: 69.323: [GC (Allocation Failure) 2018-02-19T12:54:04.441+0000: 69.323: [DefNew: 140179K->5638K(153600K), 0.0123153 secs] 182714K->48173K(494976K), 0.0123821 secs] [Times: user=0.01 sys=0.00, real=0.01 secs] 
2018-02-19T12:54:25.443+0000: 90.324: [GC (Allocation Failure) 2018-02-19T12:54:25.443+0000: 90.324: [DefNew: 142214K->7007K(153600K), 0.0150498 secs] 184749K->49542K(494976K), 0.0151131 secs] [Times: user=0.01 sys=0.00, real=0.01 secs] 
2018-02-19T12:54:50.055+0000: 114.936: [GC (Allocation Failure) 2018-02-19T12:54:50.055+0000: 114.936: [DefNew: 143583K->8616K(153600K), 0.0144345 secs] 186118K->51151K(494976K), 0.0144962 secs] [Times: user=0.01 sys=0.00, real=0.01 secs] 
2018-02-19T12:55:11.665+0000: 136.547: [GC (Allocation Failure) 2018-02-19T12:55:11.665+0000: 136.547: [DefNew: 145192K->8611K(153600K), 0.0168748 secs] 187727K->52505K(494976K), 0.0169402 secs] [Times: user=0.02 sys=0.00, real=0.01 secs] 
2018-02-19T12:55:33.304+0000: 158.185: [GC (Allocation Failure) 2018-02-19T12:55:33.304+0000: 158.185: [DefNew: 145187K->8015K(153600K), 0.0157112 secs] 189081K->53253K(494976K), 0.0157750 secs] [Times: user=0.01 sys=0.00, real=0.01 secs] 
2018-02-19T12:56:06.799+0000: 191.680: [GC (Allocation Failure) 2018-02-19T12:56:06.799+0000: 191.680: [DefNew: 144591K->9325K(153600K), 0.0154739 secs] 189829K->54563K(494976K), 0.0155462 secs] [Times: user=0.02 sys=0.00, real=0.02 secs] 
2018-02-19T12:56:31.525+0000: 216.407: [GC (Allocation Failure) 2018-02-19T12:56:31.525+0000: 216.407: [DefNew: 145901K->9404K(153600K), 0.0188035 secs] 191139K->55758K(494976K), 0.0188726 secs] [Times: user=0.02 sys=0.00, real=0.02 secs] 
2018-02-19T12:56:55.456+0000: 240.338: [GC (Allocation Failure) 2018-02-19T12:56:55.456+0000: 240.338: [DefNew: 145980K->9885K(153600K), 0.0174135 secs] 192334K->57315K(494976K), 0.0174799 secs] [Times: user=0.02 sys=0.00, real=0.01 secs] 
2018-02-19T12:57:23.686+0000: 268.568: [GC (Allocation Failure) 2018-02-19T12:57:23.686+0000: 268.568: [DefNew: 146461K->8554K(153600K), 0.0169386 secs] 193891K->58035K(494976K), 0.0170073 secs] [Times: user=0.02 sys=0.00, real=0.02 secs] 
2018-02-19T12:57:52.924+0000: 297.806: [GC (Allocation Failure) 2018-02-19T12:57:52.924+0000: 297.806: [DefNew: 145130K->8425K(153600K), 0.0160839 secs] 194611K->59093K(494976K), 0.0161550 secs] [Times: user=0.02 sys=0.00, real=0.01 secs] 
2018-02-19T12:58:21.886+0000: 326.768: [GC (Allocation Failure) 2018-02-19T12:58:21.886+0000: 326.768: [DefNew: 145001K->9998K(153600K), 0.0156382 secs] 195669K->60667K(494976K), 0.0157003 secs] [Times: user=0.02 sys=0.00, real=0.01 secs] 
2018-02-19T12:58:48.189+0000: 353.071: [GC (Allocation Failure) 2018-02-19T12:58:48.189+0000: 353.071: [DefNew: 146574K->8574K(153600K), 0.0218618 secs] 197243K->61792K(494976K), 0.0219271 secs] [Times: user=0.01 sys=0.01, real=0.02 secs] 
2018-02-19T12:59:18.711+0000: 383.593: [GC (Allocation Failure) 2018-02-19T12:59:18.711+0000: 383.593: [DefNew: 145150K->9034K(153600K), 0.0161927 secs] 198368K->63195K(494976K), 0.0162579 secs] [Times: user=0.02 sys=0.00, real=0.02 secs] 
2018-02-19T12:59:44.956+0000: 409.838: [GC (Allocation Failure) 2018-02-19T12:59:44.957+0000: 409.838: [DefNew: 145610K->9250K(153600K), 0.0183165 secs] 199771K->64385K(494976K), 0.0183779 secs] [Times: user=0.02 sys=0.00, real=0.02 secs] 
2018-02-19T13:00:10.518+0000: 435.400: [GC (Allocation Failure) 2018-02-19T13:00:10.518+0000: 435.400: [DefNew: 145826K->9076K(153600K), 0.0163473 secs] 200961K->65376K(494976K), 0.0164149 secs] [Times: user=0.02 sys=0.00, real=0.02 secs] 
2018-02-19T13:00:39.347+0000: 464.229: [GC (Allocation Failure) 2018-02-19T13:00:39.347+0000: 464.229: [DefNew: 145652K->9231K(153600K), 0.0177199 secs] 201952K->66615K(494976K), 0.0177855 secs] [Times: user=0.02 sys=0.01, real=0.02 secs] 
2018-02-19T13:01:10.460+0000: 495.342: [GC (Allocation Failure) 2018-02-19T13:01:10.460+0000: 495.342: [DefNew: 145807K->9232K(153600K), 0.0162952 secs] 203191K->67787K(494976K), 0.0163575 secs] [Times: user=0.01 sys=0.00, real=0.02 secs] 
2018-02-19T13:01:37.689+0000: 522.571: [GC (Allocation Failure) 2018-02-19T13:01:37.690+0000: 522.571: [DefNew: 145808K->9365K(153600K), 0.0173649 secs] 204363K->68998K(494976K), 0.0174450 secs] [Times: user=0.02 sys=0.00, real=0.02 secs] 
2018-02-19T13:02:02.080+0000: 546.962: [GC (Allocation Failure) 2018-02-19T13:02:02.080+0000: 546.962: [DefNew: 145941K->9982K(153600K), 0.0174515 secs] 205574K->70555K(494976K), 0.0175205 secs] [Times: user=0.01 sys=0.00, real=0.02 secs] 
2018-02-19T13:02:25.103+0000: 569.984: [GC (Allocation Failure) 2018-02-19T13:02:25.103+0000: 569.984: [DefNew: 146558K->9031K(153600K), 0.0186398 secs] 207131K->71876K(494976K), 0.0187038 secs] [Times: user=0.02 sys=0.00, real=0.01 secs] 
2018-02-19T13:02:49.717+0000: 594.599: [GC (Allocation Failure) 2018-02-19T13:02:49.717+0000: 594.599: [DefNew: 145607K->9111K(153600K), 0.0170440 secs] 208452K->73223K(494976K), 0.0171189 secs] [Times: user=0.01 sys=0.00, real=0.01 secs] 
2018-02-19T13:03:14.323+0000: 619.204: [GC (Allocation Failure) 2018-02-19T13:03:14.323+0000: 619.204: [DefNew: 145687K->9882K(153600K), 0.0184186 secs] 209799K->75255K(494976K), 0.0184868 secs] [Times: user=0.01 sys=0.01, real=0.01 secs] 
2018-02-19T13:03:39.415+0000: 644.297: [GC (Allocation Failure) 2018-02-19T13:03:39.415+0000: 644.297: [DefNew: 146458K->9848K(153600K), 0.0167187 secs] 211831K->76471K(494976K), 0.0167824 secs] [Times: user=0.02 sys=0.00, real=0.01 secs] 
2018-02-19T13:04:08.446+0000: 673.328: [GC (Allocation Failure) 2018-02-19T13:04:08.446+0000: 673.328: [DefNew: 146424K->10035K(153600K), 0.0167396 secs] 213047K->77810K(494976K), 0.0168033 secs] [Times: user=0.01 sys=0.00, real=0.02 secs] 
2018-02-19T13:04:33.956+0000: 698.838: [GC (Allocation Failure) 2018-02-19T13:04:33.956+0000: 698.838: [DefNew: 146611K->9346K(153600K), 0.0183663 secs] 214386K->79144K(494976K), 0.0184294 secs] [Times: user=0.01 sys=0.00, real=0.02 secs] 
2018-02-19T13:04:55.573+0000: 720.455: [GC (Allocation Failure) 2018-02-19T13:04:55.573+0000: 720.455: [DefNew: 145922K->9495K(153600K), 0.0161584 secs] 215720K->80387K(494976K), 0.0162452 secs] [Times: user=0.02 sys=0.00, real=0.02 secs] 
2018-02-19T13:05:23.505+0000: 748.387: [GC (Allocation Failure) 2018-02-19T13:05:23.505+0000: 748.387: [DefNew: 146071K->9622K(153600K), 0.0178340 secs] 216963K->81859K(494976K), 0.0178986 secs] [Times: user=0.02 sys=0.00, real=0.02 secs] 
2018-02-19T13:05:46.469+0000: 771.351: [GC (Allocation Failure) 2018-02-19T13:05:46.469+0000: 771.351: [DefNew: 146198K->10034K(153600K), 0.0170551 secs] 218435K->83471K(494976K), 0.0171195 secs] [Times: user=0.01 sys=0.00, real=0.02 secs] 
2018-02-19T13:06:12.570+0000: 797.452: [GC (Allocation Failure) 2018-02-19T13:06:12.571+0000: 797.452: [DefNew: 146610K->8965K(153600K), 0.0180440 secs] 220047K->85017K(494976K), 0.0181060 secs] [Times: user=0.02 sys=0.00, real=0.02 secs] 
2018-02-19T13:06:34.075+0000: 818.957: [GC (Allocation Failure) 2018-02-19T13:06:34.075+0000: 818.957: [DefNew: 145541K->8614K(153600K), 0.0168799 secs] 221593K->86527K(494976K), 0.0169467 secs] [Times: user=0.01 sys=0.01, real=0.01 secs] 
2018-02-19T13:06:58.949+0000: 843.831: [GC (Allocation Failure) 2018-02-19T13:06:58.949+0000: 843.831: [DefNew: 145190K->9273K(153600K), 0.0176773 secs] 223103K->88549K(494976K), 0.0177398 secs] [Times: user=0.01 sys=0.01, real=0.02 secs] 
2018-02-19T13:07:22.086+0000: 866.968: [GC (Allocation Failure) 2018-02-19T13:07:22.086+0000: 866.968: [DefNew: 145849K->8971K(153600K), 0.0161299 secs] 225125K->89581K(494976K), 0.0162192 secs] [Times: user=0.01 sys=0.00, real=0.02 secs] 
2018-02-19T13:07:50.380+0000: 895.262: [GC (Allocation Failure) 2018-02-19T13:07:50.380+0000: 895.262: [DefNew: 145547K->8932K(153600K), 0.0165183 secs] 226157K->91052K(494976K), 0.0165792 secs] [Times: user=0.01 sys=0.00, real=0.02 secs] 
2018-02-19T13:08:09.191+0000: 914.073: [GC (Allocation Failure) 2018-02-19T13:08:09.191+0000: 914.073: [DefNew: 145508K->8731K(153600K), 0.0164659 secs] 227628K->92447K(494976K), 0.0165289 secs] [Times: user=0.01 sys=0.00, real=0.02 secs] 
2018-02-19T13:08:37.876+0000: 942.758: [GC (Allocation Failure) 2018-02-19T13:08:37.876+0000: 942.758: [DefNew: 145307K->8728K(153600K), 0.0146891 secs] 229023K->93855K(494976K), 0.0147496 secs] [Times: user=0.01 sys=0.00, real=0.01 secs] 
2018-02-19T13:08:59.849+0000: 964.731: [GC (Allocation Failure) 2018-02-19T13:08:59.849+0000: 964.731: [DefNew: 145304K->9227K(153600K), 0.0164500 secs] 230431K->95585K(494976K), 0.0165188 secs] [Times: user=0.01 sys=0.00, real=0.02 secs] 
2018-02-19T13:09:18.660+0000: 983.542: [GC (Allocation Failure) 2018-02-19T13:09:18.660+0000: 983.542: [DefNew: 145803K->10082K(153600K), 0.0174062 secs] 232161K->97825K(494976K), 0.0174781 secs] [Times: user=0.02 sys=0.00, real=0.02 secs] 
2018-02-19T13:09:44.795+0000: 1009.677: [GC (Allocation Failure) 2018-02-19T13:09:44.795+0000: 1009.677: [DefNew: 146658K->8971K(153600K), 0.0156350 secs] 234401K->98272K(494976K), 0.0157007 secs] [Times: user=0.01 sys=0.01, real=0.01 secs] 
2018-02-19T13:10:07.805+0000: 1032.687: [GC (Allocation Failure) 2018-02-19T13:10:07.805+0000: 1032.687: [DefNew: 145547K->9695K(153600K), 0.0164269 secs] 234848K->100182K(494976K), 0.0164914 secs] [Times: user=0.02 sys=0.00, real=0.01 secs] 
13:10:18.171 [Client] INFO  c.s.f.r.e.s.SocketRear  - FlameSocketGraphDeployerRear@172.31.37.101: has been disconnected from Connection 10
13:10:32.274 [worker-akka.actor.default-dispatcher-2] INFO  a.a.CoordinatedShutdown CoordinatedShutdown(akka://worker) - Starting coordinated shutdown from JVM shutdown hook
13:10:32.323 [worker-akka.actor.default-dispatcher-2] INFO  a.a.LocalActorRef akka://worker/user/watcher/graph0000000000/negotiator - Stopped
13:10:32.323 [worker-akka.actor.default-dispatcher-2] INFO  a.a.LocalActorRef akka://worker/user/watcher/graph0000000000/edge/FlameSocketGraphDeployerFront - Stopped
13:10:32.324 [worker-akka.actor.default-dispatcher-2] INFO  a.a.LocalActorRef akka://worker/user/watcher/graph0000000000/graph/local-acker/$a - Stopped
13:10:32.324 [worker-akka.actor.default-dispatcher-2] INFO  a.a.LocalActorRef akka://worker/user/watcher/graph0000000000/edge/FlameSocketGraphDeployerRear - Stopped
13:10:32.324 [worker-akka.actor.default-dispatcher-2] INFO  a.a.LocalActorRef akka://worker/user/watcher/graph0000000000/graph/$a - Stopped
13:10:32.324 [worker-akka.actor.default-dispatcher-2] INFO  a.a.LocalActorRef akka://worker/user/watcher/graph0000000000/graph/$b - Stopped
13:10:32.324 [worker-akka.actor.default-dispatcher-2] INFO  a.a.LocalActorRef akka://worker/user/watcher/graph0000000000/graph/$c - Stopped
13:10:32.333 [worker-akka.actor.default-dispatcher-2] INFO  a.a.LocalActorRef akka://worker/user/watcher/graph0000000000/edge - Stopped
13:10:32.333 [worker-akka.actor.default-dispatcher-2] INFO  a.a.LocalActorRef akka://worker/user/watcher/graph0000000000/graph/local-acker/$a - Message [com.spbsu.flamestream.runtime.utils.akka.PingActor$InnerPing] from Actor[akka://worker/user/watcher/graph0000000000/graph/local-acker/$a#-534000154] to Actor[akka://worker/user/watcher/graph0000000000/graph/local-acker/$a#-534000154] was not delivered. [1] dead letters encountered. This logging can be turned off or adjusted with configuration settings 'akka.log-dead-letters' and 'akka.log-dead-letters-during-shutdown'.
13:10:32.334 [worker-akka.actor.default-dispatcher-2] INFO  a.a.LocalActorRef akka://worker/user/watcher/graph0000000000/graph/local-acker - Stopped
13:10:32.335 [worker-akka.actor.default-dispatcher-2] INFO  a.a.LocalActorRef akka://worker/user/watcher/graph0000000000/graph - Stopped
13:10:32.336 [worker-akka.actor.default-dispatcher-2] INFO  a.a.LocalActorRef akka://worker/user/watcher/graph0000000000 - Stopped
13:10:32.341 [worker-akka.actor.default-dispatcher-2-EventThread] INFO  o.a.z.ClientCnxn  - EventThread shut down for session: 0x161ae1f07550009
13:10:32.341 [worker-akka.actor.default-dispatcher-2] INFO  o.a.z.ZooKeeper  - Session: 0x161ae1f07550009 closed
13:10:32.342 [worker-akka.actor.default-dispatcher-2] INFO  a.a.LocalActorRef akka://worker/user/watcher/graph0000000000/graph/local-acker/$a - Message [com.spbsu.flamestream.runtime.utils.akka.PingActor$Stop] from Actor[akka://worker/user/watcher/graph0000000000/graph/local-acker#666270248] to Actor[akka://worker/user/watcher/graph0000000000/graph/local-acker/$a#-534000154] was not delivered. [2] dead letters encountered. This logging can be turned off or adjusted with configuration settings 'akka.log-dead-letters' and 'akka.log-dead-letters-during-shutdown'.
13:10:32.343 [worker-akka.actor.default-dispatcher-2] INFO  a.a.LocalActorRef akka://worker/user/watcher/graph0000000000/graph/local-acker - Message [com.spbsu.flamestream.runtime.acker.LocalAcker$Flush] from Actor[akka://worker/user/watcher/graph0000000000/graph/local-acker#666270248] to Actor[akka://worker/user/watcher/graph0000000000/graph/local-acker#666270248] was not delivered. [3] dead letters encountered. This logging can be turned off or adjusted with configuration settings 'akka.log-dead-letters' and 'akka.log-dead-letters-during-shutdown'.
13:10:32.343 [worker-akka.actor.default-dispatcher-2] INFO  a.a.RepointableActorRef akka://worker/user/watcher - Stopped
13:10:32.358 [worker-akka.actor.default-dispatcher-2] INFO  a.r.RemoteActorRefProvider$RemotingTerminator akka://worker@172.31.37.101:5412/system/remoting-terminator - Shutting down remote daemon.
13:10:32.361 [worker-akka.actor.default-dispatcher-2] INFO  a.r.RemoteActorRefProvider$RemotingTerminator akka://worker@172.31.37.101:5412/system/remoting-terminator - Remote daemon shut down; proceeding with flushing remote transports.
13:10:33.507 [worker-akka.actor.default-dispatcher-2] INFO  a.r.RemoteActorRefProvider$RemotingTerminator akka://worker@172.31.37.101:5412/system/remoting-terminator - Remoting shut down.
Heap
 def new generation   total 153600K, used 74756K [0x00000000e0c00000, 0x00000000eb2a0000, 0x00000000eb2a0000)
  eden space 136576K,  47% used [0x00000000e0c00000, 0x00000000e4b894e8, 0x00000000e9160000)
  from space 17024K,  56% used [0x00000000ea200000, 0x00000000eab77c08, 0x00000000eb2a0000)
  to   space 17024K,   0% used [0x00000000e9160000, 0x00000000e9160000, 0x00000000ea200000)
 tenured generation   total 341376K, used 90487K [0x00000000eb2a0000, 0x0000000100000000, 0x0000000100000000)
   the space 341376K,  26% used [0x00000000eb2a0000, 0x00000000f0afdcb0, 0x00000000f0afde00, 0x0000000100000000)
 Metaspace       used 33561K, capacity 34294K, committed 34688K, reserved 1079296K
  class space    used 4457K, capacity 4624K, committed 4736K, reserved 1048576K
