15:33:36.388 [worker-akka.actor.default-dispatcher-2] INFO  a.e.s.Slf4jLogger  - Slf4jLogger started
2018-02-16T15:33:36.544+0000: 1.989: [Full GC (Metadata GC Threshold) 2018-02-16T15:33:36.544+0000: 1.989: [Tenured: 0K->15461K(341376K), 0.0377955 secs] 117539K->15461K(494976K), [Metaspace: 20951K->20951K(1067008K)], 0.0378589 secs] [Times: user=0.04 sys=0.00, real=0.04 secs] 
Ama winner
Ama winner
15:33:36.935 [worker-akka.actor.default-dispatcher-2] INFO  a.r.a.ArteryTransport(akka://worker) akka.remote.artery.ArteryTransport(akka://worker) - Started embedded media driver in directory [/dev/shm/aeron-root-worker-13399969-0c4f-4761-a757-9c9bcff0b308]
15:33:37.144 [worker-akka.actor.default-dispatcher-2] INFO  a.r.a.ArteryTransport(akka://worker) akka.remote.artery.ArteryTransport(akka://worker) - Remoting started; listening on address: [akka://worker@172.31.39.64:5412] with UID [-2179279098174735692]
15:33:37.250 [worker-akka.actor.default-dispatcher-2] INFO  o.a.z.ZooKeeper  - Client environment:zookeeper.version=3.4.9-1757313, built on 08/23/2016 06:50 GMT
15:33:37.250 [worker-akka.actor.default-dispatcher-2] INFO  o.a.z.ZooKeeper  - Client environment:host.name=ip-172-31-39-64.us-east-2.compute.internal
15:33:37.251 [worker-akka.actor.default-dispatcher-2] INFO  o.a.z.ZooKeeper  - Client environment:java.version=1.8.0_151
15:33:37.251 [worker-akka.actor.default-dispatcher-2] INFO  o.a.z.ZooKeeper  - Client environment:java.vendor=Oracle Corporation
15:33:37.251 [worker-akka.actor.default-dispatcher-2] INFO  o.a.z.ZooKeeper  - Client environment:java.home=/usr/lib/jvm/java-8-openjdk-amd64/jre
15:33:37.251 [worker-akka.actor.default-dispatcher-2] INFO  o.a.z.ZooKeeper  - Client environment:java.class.path=lib/commons-cli-1.4.jar:lib/minlog-1.3.0.jar:lib/asm-5.0.4.jar:lib/hadoop-annotations-2.7.3.jar:lib/hadoop-auth-2.7.3.jar:lib/akka-slf4j_2.11-2.5.6.jar:lib/jersey-core-1.9.jar:lib/lz4-1.3.0.jar:lib/jackson-core-asl-1.9.13.jar:lib/aeron-client-1.3.0.jar:lib/htrace-core-3.1.0-incubating.jar:lib/xz-1.0.jar:lib/commons-httpclient-3.1.jar:lib/asm-3.1.jar:lib/commons-lang3-3.4.jar:lib/scala-library-2.11.11.jar:lib/scala-java8-compat_2.11-0.7.0.jar:lib/commons-configuration-1.6.jar:lib/objenesis-2.1.jar:lib/jackson-annotations-2.8.0.jar:lib/jsr305-3.0.0.jar:lib/curator-framework-2.7.1.jar:lib/jersey-server-1.9.jar:lib/jets3t-0.9.0.jar:lib/leveldb-0.7.jar:lib/jetty-6.1.26.jar:lib/stax-api-1.0-2.jar:lib/flamestream-core-1.0-SNAPSHOT.jar:lib/reflectasm-1.07-shaded.jar:lib/apacheds-kerberos-codec-2.0.0-M15.jar:lib/api-asn1-api-1.0.0-M20.jar:lib/commons-lang-2.6.jar:lib/commons-beanutils-1.7.0.jar:lib/jackson-xc-1.8.3.jar:lib/jetty-util-6.1.26.jar:lib/logback-classic-1.2.3.jar:lib/jool-0.9.12.jar:lib/flamestream-runtime-1.0-SNAPSHOT-tests.jar:lib/httpcore-4.1.2.jar:lib/kryo-4.0.0.jar:lib/ant-1.8.1.jar:lib/jaxb-impl-2.2.3-1.jar:lib/jersey-json-1.9.jar:lib/commons-compress-1.4.1.jar:lib/leveldbjni-all-1.8.jar:lib/paranamer-2.3.jar:lib/jackson-core-2.8.4.jar:lib/commons-math3-3.6.1.jar:lib/scala-parser-combinators_2.11-1.0.4.jar:lib/netty-3.10.6.Final.jar:lib/trove4j-3.0.3.jar:lib/jaxb-api-2.2.2.jar:lib/logback-core-1.2.3.jar:lib/snappy-java-1.0.4.1.jar:lib/protobuf-java-2.5.0.jar:lib/reactive-streams-1.0.1.jar:lib/flamestream-examples-1.0-SNAPSHOT.jar:lib/commons-codec-1.4.jar:lib/activation-1.1.jar:lib/commons-net-3.1.jar:lib/curator-recipes-2.7.1.jar:lib/jackson-mapper-asl-1.9.13.jar:lib/jackson-databind-2.8.4.jar:lib/flamestream-runtime-1.0-SNAPSHOT.jar:lib/jackson-jaxrs-1.8.3.jar:lib/slf4j-api-1.7.24.jar:lib/akka-remote_2.11-2.5.6.jar:lib/akka-testkit_2.11-2.5.6.jar:lib/jline-0.9.94.jar:lib/akka-stream_2.11-2.5.6.jar:lib/jsp-api-2.1.jar:lib/kryonet-2.21.jar:lib/akka-kryo-serialization_2.11-0.5.0.jar:lib/config-1.3.1.jar:lib/ant-launcher-1.8.1.jar:lib/commons-logging-1.2.jar:lib/ssl-config-core_2.11-0.2.2.jar:lib/testng-6.10.jar:lib/leveldb-api-0.7.jar:lib/reflectasm-1.11.3.jar:lib/jcommander-1.48.jar:lib/commons-1.1.jar:lib/commons-digester-1.8.jar:lib/minlog-1.2.jar:lib/java-xmlbuilder-0.4.jar:lib/jettison-1.1.jar:lib/gson-2.2.4.jar:lib/jdk.tools-1.8.jar:lib/aeron-driver-1.3.0.jar:lib/zookeeper-3.4.9.jar:lib/commons-beanutils-core-1.8.0.jar:lib/commons-math3-3.1.1.jar:lib/akka-actor_2.11-2.5.6.jar:lib/curator-client-2.7.1.jar:lib/servlet-api-2.5.jar:lib/apacheds-i18n-2.0.0-M15.jar:lib/commons-io-2.4.jar:lib/commons-codec-1.6.jar:lib/akka-protobuf_2.11-2.5.6.jar:lib/protobuf-java-3.5.1.jar:lib/jdom-2.0.2.jar:lib/api-util-1.0.0-M20.jar:lib/hadoop-common-2.7.3.jar:lib/agrona-0.9.6.jar:lib/xmlenc-0.52.jar:lib/guava-21.0.jar:lib/commons-collections-3.2.2.jar:lib/avro-1.7.4.jar:lib/httpclient-4.1.2.jar:lib/flamestream-core-1.0-SNAPSHOT-tests.jar:lib/annotations-12.0.jar:lib/jsch-0.1.42.jar:flamestream-runtime-1.0-SNAPSHOT.jar
15:33:37.251 [worker-akka.actor.default-dispatcher-2] INFO  o.a.z.ZooKeeper  - Client environment:java.library.path=/usr/java/packages/lib/amd64:/usr/lib/x86_64-linux-gnu/jni:/lib/x86_64-linux-gnu:/usr/lib/x86_64-linux-gnu:/usr/lib/jni:/lib:/usr/lib
15:33:37.251 [worker-akka.actor.default-dispatcher-2] INFO  o.a.z.ZooKeeper  - Client environment:java.io.tmpdir=/tmp
15:33:37.251 [worker-akka.actor.default-dispatcher-2] INFO  o.a.z.ZooKeeper  - Client environment:java.compiler=<NA>
15:33:37.251 [worker-akka.actor.default-dispatcher-2] INFO  o.a.z.ZooKeeper  - Client environment:os.name=Linux
15:33:37.251 [worker-akka.actor.default-dispatcher-2] INFO  o.a.z.ZooKeeper  - Client environment:os.arch=amd64
15:33:37.251 [worker-akka.actor.default-dispatcher-2] INFO  o.a.z.ZooKeeper  - Client environment:os.version=4.4.0-1049-aws
15:33:37.251 [worker-akka.actor.default-dispatcher-2] INFO  o.a.z.ZooKeeper  - Client environment:user.name=root
15:33:37.252 [worker-akka.actor.default-dispatcher-2] INFO  o.a.z.ZooKeeper  - Client environment:user.home=/root
15:33:37.253 [worker-akka.actor.default-dispatcher-2] INFO  o.a.z.ZooKeeper  - Client environment:user.dir=/opt/flamestream
15:33:37.255 [worker-akka.actor.default-dispatcher-2] INFO  o.a.z.ZooKeeper  - Initiating client connection, connectString=172.31.34.147:2181 sessionTimeout=5000 watcher=com.spbsu.flamestream.runtime.application.LifecycleWatcher$$Lambda$29/2091173542@1b48f905
15:33:37.289 [worker-akka.actor.default-dispatcher-2] INFO  a.a.RepointableActorRef akka://worker/user/watcher - Starting...
15:33:37.293 [worker-akka.actor.default-dispatcher-2-SendThread(172.31.34.147:2181)] INFO  o.a.z.ClientCnxn  - Opening socket connection to server 172.31.34.147/172.31.34.147:2181. Will not attempt to authenticate using SASL (unknown error)
15:33:37.298 [worker-akka.actor.default-dispatcher-2-SendThread(172.31.34.147:2181)] INFO  o.a.z.ClientCnxn  - Socket connection established to 172.31.34.147/172.31.34.147:2181, initiating session
15:33:37.306 [worker-akka.actor.default-dispatcher-2-SendThread(172.31.34.147:2181)] INFO  o.a.z.ClientCnxn  - Session establishment complete on server 172.31.34.147/172.31.34.147:2181, sessionid = 0x1619f3ec2370005, negotiated timeout = 6000
15:33:37.398 [worker-akka.actor.default-dispatcher-2] INFO  a.a.RepointableActorRef akka://worker/user/watcher - Connected to ZK
15:33:49.251 [worker-akka.actor.default-dispatcher-2] INFO  a.a.RepointableActorRef akka://worker/user/watcher - Creating node with watchGraphs: 'com.spbsu.flamestream.core.Graph$Builder$MyGraph@22aae96d', config: 'ClusterConfig{paths={172.31.33.155=akka://worker@172.31.33.155:5412/user/watcher/graph0000000000, 172.31.47.83=akka://worker@172.31.47.83:5412/user/watcher/graph0000000000, 172.31.45.197=akka://worker@172.31.45.197:5412/user/watcher/graph0000000000, 172.31.42.36=akka://worker@172.31.42.36:5412/user/watcher/graph0000000000, 172.31.44.83=akka://worker@172.31.44.83:5412/user/watcher/graph0000000000, 172.31.39.64=akka://worker@172.31.39.64:5412/user/watcher/graph0000000000, 172.31.35.79=akka://worker@172.31.35.79:5412/user/watcher/graph0000000000, 172.31.34.169=akka://worker@172.31.34.169:5412/user/watcher/graph0000000000, 172.31.47.100=akka://worker@172.31.47.100:5412/user/watcher/graph0000000000, 172.31.37.101=akka://worker@172.31.37.101:5412/user/watcher/graph0000000000}, ackerLocation='172.31.35.79', props=ComputationLayout{ranges={172.31.33.155=HashRange{from=-1670265060, to=-1193046472}, 172.31.47.83=HashRange{from=1670265056, to=2147483644}, 172.31.45.197=HashRange{from=-715827884, to=-238609296}, 172.31.42.36=HashRange{from=1193046468, to=1670265056}, 172.31.44.83=HashRange{from=-238609296, to=238609292}, 172.31.39.64=HashRange{from=715827880, to=1193046468}, 172.31.35.79=HashRange{from=0, to=0}, 172.31.34.169=HashRange{from=-2147483648, to=-1670265060}, 172.31.47.100=HashRange{from=238609292, to=715827880}, 172.31.37.101=HashRange{from=-1193046472, to=-715827884}}}}'
15:33:50.021 [worker-akka.actor.default-dispatcher-2] INFO  a.a.LocalActorRef akka://worker/user/watcher/graph0000000000/graph - Starting...
15:33:50.025 [worker-akka.actor.default-dispatcher-2] INFO  a.a.LocalActorRef akka://worker/user/watcher/graph0000000000/graph/local-acker - Starting...
15:33:50.027 [worker-akka.actor.default-dispatcher-2] INFO  a.a.LocalActorRef akka://worker/user/watcher/graph0000000000/graph/local-acker/$a - Starting...
Warning: space is running low in /dev/shm (tmpfs) threshold=167,772,160 usable=158,621,696
Warning: space is running low in /dev/shm (tmpfs) threshold=167,772,160 usable=146,034,688
Warning: space is running low in /dev/shm (tmpfs) threshold=167,772,160 usable=133,447,680
Warning: space is running low in /dev/shm (tmpfs) threshold=167,772,160 usable=120,860,672
Warning: space is running low in /dev/shm (tmpfs) threshold=167,772,160 usable=108,273,664
Warning: space is running low in /dev/shm (tmpfs) threshold=167,772,160 usable=95,686,656
Warning: space is running low in /dev/shm (tmpfs) threshold=167,772,160 usable=83,099,648
Warning: space is running low in /dev/shm (tmpfs) threshold=167,772,160 usable=70,512,640
15:33:51.737 [worker-akka.actor.default-dispatcher-2] INFO  a.a.LocalActorRef akka://worker/user/watcher/graph0000000000/graph - Finishing constructor
15:33:51.738 [worker-akka.actor.default-dispatcher-2] INFO  a.a.LocalActorRef akka://worker/user/watcher/graph0000000000 - Starting...
15:33:51.739 [worker-akka.actor.default-dispatcher-2] INFO  a.a.LocalActorRef akka://worker/user/watcher/graph0000000000/negotiator - Starting...
15:33:51.739 [worker-akka.actor.default-dispatcher-2] INFO  a.a.LocalActorRef akka://worker/user/watcher/graph0000000000/edge - Starting...
15:33:51.825 [worker-akka.actor.default-dispatcher-2] INFO  c.s.f.r.e.s.SocketRear  - FlameSocketGraphDeployerRear@172.31.39.64: connecting to 172.31.34.147:5678
15:33:51.832 [worker-akka.actor.default-dispatcher-2] INFO  c.s.f.r.e.s.SocketRear  - FlameSocketGraphDeployerRear@172.31.39.64: connected to 172.31.34.147:5678
2018-02-16T15:33:51.838+0000: 17.284: [GC (Allocation Failure) 2018-02-16T15:33:51.838+0000: 17.284: [DefNew: 122484K->17024K(153600K), 0.0225578 secs] 137946K->43134K(494976K), 0.0226282 secs] [Times: user=0.01 sys=0.00, real=0.03 secs] 
15:33:51.878 [worker-akka.actor.default-dispatcher-2] INFO  a.a.LocalActorRef akka://worker/user/watcher/graph0000000000/graph/$a - Starting...
15:33:51.879 [worker-akka.actor.default-dispatcher-2] INFO  a.a.LocalActorRef akka://worker/user/watcher/graph0000000000/graph/$b - Starting...
15:33:51.880 [worker-akka.actor.default-dispatcher-2] INFO  a.a.LocalActorRef akka://worker/user/watcher/graph0000000000/graph/$c - Starting...
15:33:51.886 [worker-akka.actor.default-dispatcher-2] INFO  a.a.LocalActorRef akka://worker/user/watcher/graph0000000000/edge/FlameSocketGraphDeployerRear - Starting...
15:33:51.887 [worker-akka.actor.default-dispatcher-2] INFO  a.a.LocalActorRef akka://worker/user/watcher/graph0000000000/edge/FlameSocketGraphDeployerFront - Starting...
15:33:51.888 [worker-akka.actor.default-dispatcher-2] INFO  a.a.LocalActorRef akka://worker/user/watcher/graph0000000000/negotiator - Requesting ticket for the frontClass FlameSocketGraphDeployerFront@172.31.39.64
15:33:51.890 [worker-akka.actor.default-dispatcher-2] INFO  a.a.LocalActorRef akka://worker/user/watcher/graph0000000000/negotiator - Ticket for the frontClass received: FrontTicket{allowedTimestamp=(1518795229240, FlameSocketGraphDeployerFront@172.31.39.64)}
15:33:51.891 [worker-akka.actor.default-dispatcher-2] INFO  c.s.f.r.e.s.SocketFront  - FlameSocketGraphDeployerFront@172.31.39.64: connecting to 172.31.34.147:4567
15:33:51.915 [Client] INFO  c.s.f.r.e.s.SocketFront  - FlameSocketGraphDeployerFront@172.31.39.64 has been disconnected from Connection 7
2018-02-16T15:34:02.542+0000: 27.987: [GC (Allocation Failure) 2018-02-16T15:34:02.542+0000: 27.988: [DefNew: 153600K->4006K(153600K), 0.0766811 secs] 179710K->66634K(494976K), 0.0767450 secs] [Times: user=0.00 sys=0.08, real=0.07 secs] 
2018-02-16T15:34:16.121+0000: 41.566: [GC (Allocation Failure) 2018-02-16T15:34:16.121+0000: 41.566: [DefNew: 140582K->5747K(153600K), 0.0127501 secs] 203210K->68375K(494976K), 0.0128147 secs] [Times: user=0.01 sys=0.00, real=0.01 secs] 
2018-02-16T15:34:28.778+0000: 54.223: [GC (Allocation Failure) 2018-02-16T15:34:28.778+0000: 54.223: [DefNew: 142323K->7404K(153600K), 0.0166027 secs] 204951K->70032K(494976K), 0.0166775 secs] [Times: user=0.02 sys=0.00, real=0.02 secs] 
2018-02-16T15:34:39.198+0000: 64.643: [GC (Allocation Failure) 2018-02-16T15:34:39.198+0000: 64.644: [DefNew: 143980K->9209K(153600K), 0.0160429 secs] 206608K->71837K(494976K), 0.0161196 secs] [Times: user=0.01 sys=0.00, real=0.02 secs] 
2018-02-16T15:34:47.460+0000: 72.906: [GC (Allocation Failure) 2018-02-16T15:34:47.460+0000: 72.906: [DefNew: 145785K->8376K(153600K), 0.0172811 secs] 208413K->72649K(494976K), 0.0173554 secs] [Times: user=0.02 sys=0.00, real=0.02 secs] 
2018-02-16T15:35:00.289+0000: 85.735: [GC (Allocation Failure) 2018-02-16T15:35:00.289+0000: 85.735: [DefNew: 144952K->9712K(153600K), 0.0160160 secs] 209225K->73985K(494976K), 0.0160880 secs] [Times: user=0.02 sys=0.00, real=0.01 secs] 
2018-02-16T15:35:13.009+0000: 98.455: [GC (Allocation Failure) 2018-02-16T15:35:13.010+0000: 98.455: [DefNew: 146288K->9657K(153600K), 0.0203600 secs] 210561K->75171K(494976K), 0.0204407 secs] [Times: user=0.02 sys=0.00, real=0.02 secs] 
2018-02-16T15:35:28.575+0000: 114.020: [GC (Allocation Failure) 2018-02-16T15:35:28.575+0000: 114.021: [DefNew: 146233K->10074K(153600K), 0.0202639 secs] 211747K->76683K(494976K), 0.0203300 secs] [Times: user=0.02 sys=0.00, real=0.02 secs] 
2018-02-16T15:35:40.691+0000: 126.136: [GC (Allocation Failure) 2018-02-16T15:35:40.691+0000: 126.136: [DefNew: 146650K->9313K(153600K), 0.0222188 secs] 213259K->78366K(494976K), 0.0222855 secs] [Times: user=0.03 sys=0.00, real=0.02 secs] 
2018-02-16T15:35:54.551+0000: 139.996: [GC (Allocation Failure) 2018-02-16T15:35:54.551+0000: 139.996: [DefNew: 145889K->8980K(153600K), 0.0166803 secs] 214942K->79130K(494976K), 0.0167477 secs] [Times: user=0.02 sys=0.00, real=0.01 secs] 
2018-02-16T15:36:09.582+0000: 155.028: [GC (Allocation Failure) 2018-02-16T15:36:09.582+0000: 155.028: [DefNew: 145556K->8871K(153600K), 0.0160943 secs] 215706K->80197K(494976K), 0.0161601 secs] [Times: user=0.01 sys=0.00, real=0.01 secs] 
2018-02-16T15:36:24.662+0000: 170.108: [GC (Allocation Failure) 2018-02-16T15:36:24.662+0000: 170.108: [DefNew: 145447K->8791K(153600K), 0.0173401 secs] 216773K->81563K(494976K), 0.0174157 secs] [Times: user=0.02 sys=0.00, real=0.01 secs] 
2018-02-16T15:36:35.695+0000: 181.140: [GC (Allocation Failure) 2018-02-16T15:36:35.695+0000: 181.140: [DefNew: 145367K->8708K(153600K), 0.0174365 secs] 218139K->82633K(494976K), 0.0175036 secs] [Times: user=0.02 sys=0.00, real=0.02 secs] 
2018-02-16T15:36:49.145+0000: 194.590: [GC (Allocation Failure) 2018-02-16T15:36:49.145+0000: 194.590: [DefNew: 145284K->8863K(153600K), 0.0164131 secs] 219209K->83948K(494976K), 0.0164771 secs] [Times: user=0.01 sys=0.00, real=0.02 secs] 
2018-02-16T15:37:02.920+0000: 208.365: [GC (Allocation Failure) 2018-02-16T15:37:02.920+0000: 208.365: [DefNew: 145439K->9401K(153600K), 0.0184296 secs] 220524K->85636K(494976K), 0.0184892 secs] [Times: user=0.01 sys=0.01, real=0.02 secs] 
2018-02-16T15:37:14.510+0000: 219.955: [GC (Allocation Failure) 2018-02-16T15:37:14.510+0000: 219.955: [DefNew: 145977K->8904K(153600K), 0.0184201 secs] 222212K->86346K(494976K), 0.0185099 secs] [Times: user=0.02 sys=0.00, real=0.01 secs] 
2018-02-16T15:37:28.735+0000: 234.181: [GC (Allocation Failure) 2018-02-16T15:37:28.735+0000: 234.181: [DefNew: 145480K->9274K(153600K), 0.0168388 secs] 222922K->87650K(494976K), 0.0169098 secs] [Times: user=0.02 sys=0.00, real=0.02 secs] 
2018-02-16T15:37:42.361+0000: 247.806: [GC (Allocation Failure) 2018-02-16T15:37:42.361+0000: 247.806: [DefNew: 145850K->9734K(153600K), 0.0195308 secs] 224226K->89160K(494976K), 0.0195971 secs] [Times: user=0.01 sys=0.00, real=0.02 secs] 
2018-02-16T15:37:57.810+0000: 263.256: [GC (Allocation Failure) 2018-02-16T15:37:57.810+0000: 263.256: [DefNew: 146310K->8629K(153600K), 0.0194151 secs] 225736K->90275K(494976K), 0.0194852 secs] [Times: user=0.01 sys=0.01, real=0.02 secs] 
2018-02-16T15:38:09.735+0000: 275.180: [GC (Allocation Failure) 2018-02-16T15:38:09.735+0000: 275.180: [DefNew: 145205K->8770K(153600K), 0.0163361 secs] 226851K->91582K(494976K), 0.0164027 secs] [Times: user=0.01 sys=0.00, real=0.02 secs] 
2018-02-16T15:38:21.583+0000: 287.028: [GC (Allocation Failure) 2018-02-16T15:38:21.583+0000: 287.028: [DefNew: 145346K->8860K(153600K), 0.0186611 secs] 228158K->92957K(494976K), 0.0187406 secs] [Times: user=0.02 sys=0.00, real=0.02 secs] 
2018-02-16T15:38:34.283+0000: 299.729: [GC (Allocation Failure) 2018-02-16T15:38:34.283+0000: 299.729: [DefNew: 145436K->9258K(153600K), 0.0168957 secs] 229533K->94559K(494976K), 0.0169590 secs] [Times: user=0.02 sys=0.00, real=0.01 secs] 
2018-02-16T15:38:47.272+0000: 312.717: [GC (Allocation Failure) 2018-02-16T15:38:47.272+0000: 312.717: [DefNew: 145834K->10381K(153600K), 0.0305322 secs] 231135K->96858K(494976K), 0.0306058 secs] [Times: user=0.00 sys=0.04, real=0.03 secs] 
2018-02-16T15:38:58.209+0000: 323.655: [GC (Allocation Failure) 2018-02-16T15:38:58.209+0000: 323.655: [DefNew: 146957K->8447K(153600K), 0.0182351 secs] 233434K->97739K(494976K), 0.0183102 secs] [Times: user=0.00 sys=0.01, real=0.01 secs] 
2018-02-16T15:39:11.092+0000: 336.537: [GC (Allocation Failure) 2018-02-16T15:39:11.092+0000: 336.538: [DefNew: 145023K->10289K(153600K), 0.0164492 secs] 234315K->99581K(494976K), 0.0165191 secs] [Times: user=0.01 sys=0.00, real=0.02 secs] 
2018-02-16T15:39:23.034+0000: 348.479: [GC (Allocation Failure) 2018-02-16T15:39:23.034+0000: 348.479: [DefNew: 146865K->8954K(153600K), 0.0293091 secs] 236157K->100367K(494976K), 0.0293731 secs] [Times: user=0.00 sys=0.02, real=0.03 secs] 
2018-02-16T15:39:35.551+0000: 360.997: [GC (Allocation Failure) 2018-02-16T15:39:35.551+0000: 360.997: [DefNew: 145530K->9254K(153600K), 0.0331091 secs] 236943K->101813K(494976K), 0.0331732 secs] [Times: user=0.01 sys=0.02, real=0.03 secs] 
2018-02-16T15:39:47.104+0000: 372.550: [GC (Allocation Failure) 2018-02-16T15:39:47.104+0000: 372.550: [DefNew: 145830K->9721K(153600K), 0.0317411 secs] 238389K->103576K(494976K), 0.0318092 secs] [Times: user=0.01 sys=0.03, real=0.03 secs] 
2018-02-16T15:40:00.027+0000: 385.473: [GC (Allocation Failure) 2018-02-16T15:40:00.027+0000: 385.473: [DefNew: 146297K->8333K(153600K), 0.0299209 secs] 240152K->104559K(494976K), 0.0299839 secs] [Times: user=0.01 sys=0.02, real=0.03 secs] 
2018-02-16T15:40:11.557+0000: 397.002: [GC (Allocation Failure) 2018-02-16T15:40:11.557+0000: 397.002: [DefNew: 144909K->9900K(153600K), 0.0148065 secs] 241135K->106126K(494976K), 0.0148826 secs] [Times: user=0.02 sys=0.00, real=0.02 secs] 
2018-02-16T15:40:25.202+0000: 410.647: [GC (Allocation Failure) 2018-02-16T15:40:25.202+0000: 410.647: [DefNew: 146476K->9776K(153600K), 0.0171292 secs] 242702K->107376K(494976K), 0.0171957 secs] [Times: user=0.01 sys=0.01, real=0.01 secs] 
2018-02-16T15:40:35.811+0000: 421.257: [GC (Allocation Failure) 2018-02-16T15:40:35.811+0000: 421.257: [DefNew: 146352K->8485K(153600K), 0.0174558 secs] 243952K->108593K(494976K), 0.0175235 secs] [Times: user=0.02 sys=0.00, real=0.02 secs] 
2018-02-16T15:40:47.423+0000: 432.868: [GC (Allocation Failure) 2018-02-16T15:40:47.423+0000: 432.868: [DefNew: 145061K->9852K(153600K), 0.0149295 secs] 245169K->109960K(494976K), 0.0150282 secs] [Times: user=0.02 sys=0.00, real=0.01 secs] 
2018-02-16T15:40:59.341+0000: 444.787: [GC (Allocation Failure) 2018-02-16T15:40:59.341+0000: 444.787: [DefNew: 146428K->10353K(153600K), 0.0175004 secs] 246536K->111607K(494976K), 0.0175750 secs] [Times: user=0.02 sys=0.00, real=0.01 secs] 
2018-02-16T15:41:14.644+0000: 460.089: [GC (Allocation Failure) 2018-02-16T15:41:14.644+0000: 460.089: [DefNew: 146929K->9858K(153600K), 0.0186680 secs] 248183K->113417K(494976K), 0.0187355 secs] [Times: user=0.02 sys=0.00, real=0.02 secs] 
2018-02-16T15:41:27.348+0000: 472.793: [GC (Allocation Failure) 2018-02-16T15:41:27.348+0000: 472.793: [DefNew: 146434K->9550K(153600K), 0.0174146 secs] 249993K->114703K(494976K), 0.0174928 secs] [Times: user=0.02 sys=0.00, real=0.02 secs] 
2018-02-16T15:41:41.516+0000: 486.962: [GC (Allocation Failure) 2018-02-16T15:41:41.517+0000: 486.962: [DefNew: 146126K->9739K(153600K), 0.0170101 secs] 251279K->116490K(494976K), 0.0178035 secs] [Times: user=0.01 sys=0.00, real=0.02 secs] 
2018-02-16T15:41:55.510+0000: 500.955: [GC (Allocation Failure) 2018-02-16T15:41:55.510+0000: 500.955: [DefNew: 146315K->9811K(153600K), 0.0177811 secs] 253066K->118084K(494976K), 0.0178450 secs] [Times: user=0.02 sys=0.00, real=0.01 secs] 
2018-02-16T15:42:05.303+0000: 510.749: [GC (Allocation Failure) 2018-02-16T15:42:05.303+0000: 510.749: [DefNew: 146387K->9991K(153600K), 0.0169811 secs] 254660K->119742K(494976K), 0.0170566 secs] [Times: user=0.01 sys=0.00, real=0.01 secs] 
2018-02-16T15:42:18.130+0000: 523.575: [GC (Allocation Failure) 2018-02-16T15:42:18.130+0000: 523.575: [DefNew: 146567K->10483K(153600K), 0.0256195 secs] 256318K->121833K(494976K), 0.0256910 secs] [Times: user=0.01 sys=0.01, real=0.02 secs] 
15:42:28.383 [Client] INFO  c.s.f.r.e.s.SocketRear  - FlameSocketGraphDeployerRear@172.31.39.64: has been disconnected from Connection 7
2018-02-16T15:43:39.664+0000: 605.109: [GC (Allocation Failure) 2018-02-16T15:43:39.664+0000: 605.109: [DefNew: 147059K->9603K(153600K), 0.0175816 secs] 258409K->122563K(494976K), 0.0176612 secs] [Times: user=0.02 sys=0.00, real=0.02 secs] 
15:50:25.972 [worker-akka.actor.default-dispatcher-2] INFO  a.a.CoordinatedShutdown CoordinatedShutdown(akka://worker) - Starting coordinated shutdown from JVM shutdown hook
15:50:26.009 [worker-akka.actor.default-dispatcher-2] INFO  a.a.LocalActorRef akka://worker/user/watcher/graph0000000000/negotiator - Stopped
15:50:26.010 [worker-akka.actor.default-dispatcher-2] INFO  a.a.LocalActorRef akka://worker/user/watcher/graph0000000000/edge/FlameSocketGraphDeployerFront - Stopped
15:50:26.010 [worker-akka.actor.default-dispatcher-2] INFO  a.a.LocalActorRef akka://worker/user/watcher/graph0000000000/edge/FlameSocketGraphDeployerRear - Stopped
15:50:26.011 [worker-akka.actor.default-dispatcher-2] INFO  a.a.LocalActorRef akka://worker/user/watcher/graph0000000000/graph/$a - Stopped
15:50:26.012 [worker-akka.actor.default-dispatcher-2] INFO  a.a.LocalActorRef akka://worker/user/watcher/graph0000000000/graph/$b - Stopped
15:50:26.013 [worker-akka.actor.default-dispatcher-2] INFO  a.a.LocalActorRef akka://worker/user/watcher/graph0000000000/graph/$c - Stopped
15:50:26.014 [worker-akka.actor.default-dispatcher-2] INFO  a.a.LocalActorRef akka://worker/user/watcher/graph0000000000/graph/local-acker/$a - Stopped
15:50:26.018 [worker-akka.actor.default-dispatcher-2] INFO  a.a.LocalActorRef akka://worker/user/watcher/graph0000000000/edge - Stopped
15:50:26.019 [worker-akka.actor.default-dispatcher-2] INFO  a.a.LocalActorRef akka://worker/user/watcher/graph0000000000/graph/local-acker/$a - Message [com.spbsu.flamestream.runtime.utils.akka.PingActor$InnerPing] from Actor[akka://worker/user/watcher/graph0000000000/graph/local-acker/$a#609842717] to Actor[akka://worker/user/watcher/graph0000000000/graph/local-acker/$a#609842717] was not delivered. [1] dead letters encountered. This logging can be turned off or adjusted with configuration settings 'akka.log-dead-letters' and 'akka.log-dead-letters-during-shutdown'.
15:50:26.019 [worker-akka.actor.default-dispatcher-2] INFO  a.a.LocalActorRef akka://worker/user/watcher/graph0000000000/graph/local-acker - Stopped
15:50:26.021 [worker-akka.actor.default-dispatcher-2] INFO  a.a.LocalActorRef akka://worker/user/watcher/graph0000000000/graph/local-acker/$a - Message [com.spbsu.flamestream.runtime.utils.akka.PingActor$Stop] from Actor[akka://worker/user/watcher/graph0000000000/graph/local-acker#1892118728] to Actor[akka://worker/user/watcher/graph0000000000/graph/local-acker/$a#609842717] was not delivered. [2] dead letters encountered. This logging can be turned off or adjusted with configuration settings 'akka.log-dead-letters' and 'akka.log-dead-letters-during-shutdown'.
15:50:26.021 [worker-akka.actor.default-dispatcher-2] INFO  a.a.LocalActorRef akka://worker/user/watcher/graph0000000000/graph/local-acker - Message [com.spbsu.flamestream.runtime.acker.LocalAcker$Flush] from Actor[akka://worker/user/watcher/graph0000000000/graph/local-acker#1892118728] to Actor[akka://worker/user/watcher/graph0000000000/graph/local-acker#1892118728] was not delivered. [3] dead letters encountered. This logging can be turned off or adjusted with configuration settings 'akka.log-dead-letters' and 'akka.log-dead-letters-during-shutdown'.
15:50:26.023 [worker-akka.actor.default-dispatcher-2] INFO  a.a.LocalActorRef akka://worker/user/watcher/graph0000000000/graph - Stopped
15:50:26.023 [worker-akka.actor.default-dispatcher-2] INFO  a.a.LocalActorRef akka://worker/user/watcher/graph0000000000 - Stopped
15:50:26.025 [worker-akka.actor.default-dispatcher-2-EventThread] INFO  o.a.z.ClientCnxn  - EventThread shut down for session: 0x1619f3ec2370005
15:50:26.025 [worker-akka.actor.default-dispatcher-2] INFO  o.a.z.ZooKeeper  - Session: 0x1619f3ec2370005 closed
15:50:26.026 [worker-akka.actor.default-dispatcher-2] INFO  a.a.RepointableActorRef akka://worker/user/watcher - Stopped
15:50:26.037 [worker-akka.actor.default-dispatcher-2] INFO  a.r.RemoteActorRefProvider$RemotingTerminator akka://worker@172.31.39.64:5412/system/remoting-terminator - Shutting down remote daemon.
15:50:26.040 [worker-akka.actor.default-dispatcher-2] INFO  a.r.RemoteActorRefProvider$RemotingTerminator akka://worker@172.31.39.64:5412/system/remoting-terminator - Remote daemon shut down; proceeding with flushing remote transports.
15:50:27.189 [worker-akka.actor.default-dispatcher-2] INFO  a.r.RemoteActorRefProvider$RemotingTerminator akka://worker@172.31.39.64:5412/system/remoting-terminator - Remoting shut down.
Attempts of event 'shuffle-send' - 0
Attempts of event 'front-receive-send' - 0
Attempts of event 'inject-out' - 553463
Attempts of event 'sink-receive' - 563606
Attempts of event 'flatmap-receive' - 1141
Attempts of event 'fm-send' - 580043
Attempts of event 'rear-in' - 552322
Attempts of event 'flatmap-send' - 580043
Attempts of event 'inject-in' - 553463
Attempts of event 'wrong-ordering-filter-receive' - 563606
Attempts of event 'accept-in' - 0
Attempts of event 'grouping-receive' - 1115928
Heap
 def new generation   total 153600K, used 91424K [0x00000000e0c00000, 0x00000000eb2a0000, 0x00000000eb2a0000)
  eden space 136576K,  59% used [0x00000000e0c00000, 0x00000000e5be7388, 0x00000000e9160000)
  from space 17024K,  56% used [0x00000000e9160000, 0x00000000e9ac0d30, 0x00000000ea200000)
  to   space 17024K,   0% used [0x00000000ea200000, 0x00000000ea200000, 0x00000000eb2a0000)
 tenured generation   total 341376K, used 112960K [0x00000000eb2a0000, 0x0000000100000000, 0x0000000100000000)
   the space 341376K,  33% used [0x00000000eb2a0000, 0x00000000f20f0090, 0x00000000f20f0200, 0x0000000100000000)
 Metaspace       used 33496K, capacity 34308K, committed 34688K, reserved 1079296K
  class space    used 4456K, capacity 4627K, committed 4736K, reserved 1048576K
