13:29:21.528 [worker-akka.actor.default-dispatcher-2] INFO  a.e.s.Slf4jLogger  - Slf4jLogger started
2018-02-19T13:29:21.704+0000: 2.701: [Full GC (Metadata GC Threshold) 2018-02-19T13:29:21.704+0000: 2.701: [Tenured: 0K->15416K(341376K), 0.0360207 secs] 117538K->15416K(494976K), [Metaspace: 20873K->20873K(1067008K)], 0.0360794 secs] [Times: user=0.03 sys=0.01, real=0.03 secs] 
Ama winner
Ama winner
13:29:22.134 [worker-akka.actor.default-dispatcher-2] INFO  a.r.a.ArteryTransport(akka://worker) akka.remote.artery.ArteryTransport(akka://worker) - Started embedded media driver in directory [/dev/shm/aeron-root-worker-d657016c-994e-4f50-8e2a-8588ebc8decb]
13:29:22.331 [worker-akka.actor.default-dispatcher-2] INFO  a.r.a.ArteryTransport(akka://worker) akka.remote.artery.ArteryTransport(akka://worker) - Remoting started; listening on address: [akka://worker@172.31.33.155:5412] with UID [689688378134514796]
13:29:22.398 [worker-akka.actor.default-dispatcher-2] INFO  o.a.z.ZooKeeper  - Client environment:zookeeper.version=3.4.9-1757313, built on 08/23/2016 06:50 GMT
13:29:22.398 [worker-akka.actor.default-dispatcher-2] INFO  o.a.z.ZooKeeper  - Client environment:host.name=ip-172-31-33-155.us-east-2.compute.internal
13:29:22.399 [worker-akka.actor.default-dispatcher-2] INFO  o.a.z.ZooKeeper  - Client environment:java.version=1.8.0_151
13:29:22.399 [worker-akka.actor.default-dispatcher-2] INFO  o.a.z.ZooKeeper  - Client environment:java.vendor=Oracle Corporation
13:29:22.399 [worker-akka.actor.default-dispatcher-2] INFO  o.a.z.ZooKeeper  - Client environment:java.home=/usr/lib/jvm/java-8-openjdk-amd64/jre
13:29:22.399 [worker-akka.actor.default-dispatcher-2] INFO  o.a.z.ZooKeeper  - Client environment:java.class.path=lib/commons-cli-1.4.jar:lib/minlog-1.3.0.jar:lib/asm-5.0.4.jar:lib/hadoop-annotations-2.7.3.jar:lib/hadoop-auth-2.7.3.jar:lib/akka-slf4j_2.11-2.5.6.jar:lib/jersey-core-1.9.jar:lib/lz4-1.3.0.jar:lib/jackson-core-asl-1.9.13.jar:lib/aeron-client-1.3.0.jar:lib/htrace-core-3.1.0-incubating.jar:lib/xz-1.0.jar:lib/commons-httpclient-3.1.jar:lib/asm-3.1.jar:lib/commons-lang3-3.4.jar:lib/scala-library-2.11.11.jar:lib/scala-java8-compat_2.11-0.7.0.jar:lib/commons-configuration-1.6.jar:lib/objenesis-2.1.jar:lib/jackson-annotations-2.8.0.jar:lib/jsr305-3.0.0.jar:lib/curator-framework-2.7.1.jar:lib/jersey-server-1.9.jar:lib/jets3t-0.9.0.jar:lib/leveldb-0.7.jar:lib/jetty-6.1.26.jar:lib/stax-api-1.0-2.jar:lib/flamestream-core-1.0-SNAPSHOT.jar:lib/reflectasm-1.07-shaded.jar:lib/apacheds-kerberos-codec-2.0.0-M15.jar:lib/api-asn1-api-1.0.0-M20.jar:lib/commons-lang-2.6.jar:lib/commons-beanutils-1.7.0.jar:lib/jackson-xc-1.8.3.jar:lib/jetty-util-6.1.26.jar:lib/logback-classic-1.2.3.jar:lib/jool-0.9.12.jar:lib/flamestream-runtime-1.0-SNAPSHOT-tests.jar:lib/httpcore-4.1.2.jar:lib/kryo-4.0.0.jar:lib/ant-1.8.1.jar:lib/jaxb-impl-2.2.3-1.jar:lib/jersey-json-1.9.jar:lib/commons-compress-1.4.1.jar:lib/leveldbjni-all-1.8.jar:lib/paranamer-2.3.jar:lib/jackson-core-2.8.4.jar:lib/commons-math3-3.6.1.jar:lib/scala-parser-combinators_2.11-1.0.4.jar:lib/netty-3.10.6.Final.jar:lib/trove4j-3.0.3.jar:lib/jaxb-api-2.2.2.jar:lib/logback-core-1.2.3.jar:lib/snappy-java-1.0.4.1.jar:lib/protobuf-java-2.5.0.jar:lib/reactive-streams-1.0.1.jar:lib/flamestream-examples-1.0-SNAPSHOT.jar:lib/commons-codec-1.4.jar:lib/activation-1.1.jar:lib/commons-net-3.1.jar:lib/curator-recipes-2.7.1.jar:lib/jackson-mapper-asl-1.9.13.jar:lib/jackson-databind-2.8.4.jar:lib/flamestream-runtime-1.0-SNAPSHOT.jar:lib/jackson-jaxrs-1.8.3.jar:lib/slf4j-api-1.7.24.jar:lib/akka-remote_2.11-2.5.6.jar:lib/akka-testkit_2.11-2.5.6.jar:lib/jline-0.9.94.jar:lib/akka-stream_2.11-2.5.6.jar:lib/jsp-api-2.1.jar:lib/kryonet-2.21.jar:lib/akka-kryo-serialization_2.11-0.5.0.jar:lib/config-1.3.1.jar:lib/ant-launcher-1.8.1.jar:lib/commons-logging-1.2.jar:lib/ssl-config-core_2.11-0.2.2.jar:lib/testng-6.10.jar:lib/leveldb-api-0.7.jar:lib/reflectasm-1.11.3.jar:lib/jcommander-1.48.jar:lib/commons-1.1.jar:lib/commons-digester-1.8.jar:lib/minlog-1.2.jar:lib/java-xmlbuilder-0.4.jar:lib/jettison-1.1.jar:lib/gson-2.2.4.jar:lib/jdk.tools-1.8.jar:lib/aeron-driver-1.3.0.jar:lib/zookeeper-3.4.9.jar:lib/commons-beanutils-core-1.8.0.jar:lib/commons-math3-3.1.1.jar:lib/akka-actor_2.11-2.5.6.jar:lib/curator-client-2.7.1.jar:lib/servlet-api-2.5.jar:lib/apacheds-i18n-2.0.0-M15.jar:lib/commons-io-2.4.jar:lib/commons-codec-1.6.jar:lib/akka-protobuf_2.11-2.5.6.jar:lib/protobuf-java-3.5.1.jar:lib/jdom-2.0.2.jar:lib/api-util-1.0.0-M20.jar:lib/hadoop-common-2.7.3.jar:lib/agrona-0.9.6.jar:lib/xmlenc-0.52.jar:lib/guava-21.0.jar:lib/commons-collections-3.2.2.jar:lib/avro-1.7.4.jar:lib/httpclient-4.1.2.jar:lib/flamestream-core-1.0-SNAPSHOT-tests.jar:lib/annotations-12.0.jar:lib/jsch-0.1.42.jar:flamestream-runtime-1.0-SNAPSHOT.jar
13:29:22.399 [worker-akka.actor.default-dispatcher-2] INFO  o.a.z.ZooKeeper  - Client environment:java.library.path=/usr/java/packages/lib/amd64:/usr/lib/x86_64-linux-gnu/jni:/lib/x86_64-linux-gnu:/usr/lib/x86_64-linux-gnu:/usr/lib/jni:/lib:/usr/lib
13:29:22.399 [worker-akka.actor.default-dispatcher-2] INFO  o.a.z.ZooKeeper  - Client environment:java.io.tmpdir=/tmp
13:29:22.399 [worker-akka.actor.default-dispatcher-2] INFO  o.a.z.ZooKeeper  - Client environment:java.compiler=<NA>
13:29:22.399 [worker-akka.actor.default-dispatcher-2] INFO  o.a.z.ZooKeeper  - Client environment:os.name=Linux
13:29:22.399 [worker-akka.actor.default-dispatcher-2] INFO  o.a.z.ZooKeeper  - Client environment:os.arch=amd64
13:29:22.399 [worker-akka.actor.default-dispatcher-2] INFO  o.a.z.ZooKeeper  - Client environment:os.version=4.4.0-1049-aws
13:29:22.399 [worker-akka.actor.default-dispatcher-2] INFO  o.a.z.ZooKeeper  - Client environment:user.name=root
13:29:22.400 [worker-akka.actor.default-dispatcher-2] INFO  o.a.z.ZooKeeper  - Client environment:user.home=/root
13:29:22.400 [worker-akka.actor.default-dispatcher-2] INFO  o.a.z.ZooKeeper  - Client environment:user.dir=/opt/flamestream
13:29:22.402 [worker-akka.actor.default-dispatcher-2] INFO  o.a.z.ZooKeeper  - Initiating client connection, connectString=172.31.34.147:2181 sessionTimeout=5000 watcher=com.spbsu.flamestream.runtime.application.LifecycleWatcher$$Lambda$29/2091173542@1b48f905
13:29:22.424 [worker-akka.actor.default-dispatcher-2] INFO  a.a.RepointableActorRef akka://worker/user/watcher - Starting...
13:29:22.427 [worker-akka.actor.default-dispatcher-2-SendThread(172.31.34.147:2181)] INFO  o.a.z.ClientCnxn  - Opening socket connection to server 172.31.34.147/172.31.34.147:2181. Will not attempt to authenticate using SASL (unknown error)
13:29:22.430 [worker-akka.actor.default-dispatcher-2-SendThread(172.31.34.147:2181)] INFO  o.a.z.ClientCnxn  - Socket connection established to 172.31.34.147/172.31.34.147:2181, initiating session
13:29:22.437 [worker-akka.actor.default-dispatcher-2-SendThread(172.31.34.147:2181)] INFO  o.a.z.ClientCnxn  - Session establishment complete on server 172.31.34.147/172.31.34.147:2181, sessionid = 0x161ae4056810005, negotiated timeout = 6000
13:29:22.531 [worker-akka.actor.default-dispatcher-2] INFO  a.a.RepointableActorRef akka://worker/user/watcher - Connected to ZK
13:29:32.693 [worker-akka.actor.default-dispatcher-2] INFO  a.a.RepointableActorRef akka://worker/user/watcher - Creating node with watchGraphs: 'com.spbsu.flamestream.core.Graph$Builder$MyGraph@22aae96d', config: 'ClusterConfig{paths={172.31.33.155=akka://worker@172.31.33.155:5412/user/watcher/graph0000000000, 172.31.47.83=akka://worker@172.31.47.83:5412/user/watcher/graph0000000000, 172.31.45.197=akka://worker@172.31.45.197:5412/user/watcher/graph0000000000, 172.31.42.36=akka://worker@172.31.42.36:5412/user/watcher/graph0000000000, 172.31.44.83=akka://worker@172.31.44.83:5412/user/watcher/graph0000000000, 172.31.39.64=akka://worker@172.31.39.64:5412/user/watcher/graph0000000000, 172.31.35.79=akka://worker@172.31.35.79:5412/user/watcher/graph0000000000, 172.31.34.169=akka://worker@172.31.34.169:5412/user/watcher/graph0000000000, 172.31.47.100=akka://worker@172.31.47.100:5412/user/watcher/graph0000000000, 172.31.37.101=akka://worker@172.31.37.101:5412/user/watcher/graph0000000000}, ackerLocation='172.31.35.79', props=ComputationLayout{ranges={172.31.33.155=HashRange{from=-1670265060, to=-1193046472}, 172.31.47.83=HashRange{from=1670265056, to=2147483644}, 172.31.45.197=HashRange{from=-715827884, to=-238609296}, 172.31.42.36=HashRange{from=1193046468, to=1670265056}, 172.31.44.83=HashRange{from=-238609296, to=238609292}, 172.31.39.64=HashRange{from=715827880, to=1193046468}, 172.31.35.79=HashRange{from=0, to=0}, 172.31.34.169=HashRange{from=-2147483648, to=-1670265060}, 172.31.47.100=HashRange{from=238609292, to=715827880}, 172.31.37.101=HashRange{from=-1193046472, to=-715827884}}}}'
13:29:33.518 [worker-akka.actor.default-dispatcher-2] INFO  a.a.LocalActorRef akka://worker/user/watcher/graph0000000000/graph - Starting...
13:29:33.520 [worker-akka.actor.default-dispatcher-2] INFO  a.a.LocalActorRef akka://worker/user/watcher/graph0000000000/graph/local-acker/$a - Starting...
13:29:33.522 [worker-akka.actor.default-dispatcher-2] INFO  a.a.LocalActorRef akka://worker/user/watcher/graph0000000000/graph/local-acker - Starting...
Warning: space is running low in /dev/shm (tmpfs) threshold=167,772,160 usable=158,621,696
Warning: space is running low in /dev/shm (tmpfs) threshold=167,772,160 usable=146,034,688
Warning: space is running low in /dev/shm (tmpfs) threshold=167,772,160 usable=133,447,680
Warning: space is running low in /dev/shm (tmpfs) threshold=167,772,160 usable=120,860,672
Warning: space is running low in /dev/shm (tmpfs) threshold=167,772,160 usable=108,273,664
Warning: space is running low in /dev/shm (tmpfs) threshold=167,772,160 usable=95,686,656
Warning: space is running low in /dev/shm (tmpfs) threshold=167,772,160 usable=83,099,648
Warning: space is running low in /dev/shm (tmpfs) threshold=167,772,160 usable=70,512,640
13:29:34.143 [worker-akka.actor.default-dispatcher-2] INFO  a.a.LocalActorRef akka://worker/user/watcher/graph0000000000/graph - Finishing constructor
13:29:34.144 [worker-akka.actor.default-dispatcher-2] INFO  a.a.LocalActorRef akka://worker/user/watcher/graph0000000000 - Starting...
13:29:34.145 [worker-akka.actor.default-dispatcher-2] INFO  a.a.LocalActorRef akka://worker/user/watcher/graph0000000000/negotiator - Starting...
13:29:34.208 [worker-akka.actor.default-dispatcher-2] INFO  a.a.LocalActorRef akka://worker/user/watcher/graph0000000000/edge - Starting...
13:29:34.210 [worker-akka.actor.default-dispatcher-2] INFO  a.a.LocalActorRef akka://worker/user/watcher/graph0000000000/graph/$a - Starting...
13:29:34.211 [worker-akka.actor.default-dispatcher-2] INFO  a.a.LocalActorRef akka://worker/user/watcher/graph0000000000/graph/$b - Starting...
13:29:34.212 [worker-akka.actor.default-dispatcher-2] INFO  a.a.LocalActorRef akka://worker/user/watcher/graph0000000000/graph/$c - Starting...
13:29:34.239 [worker-akka.actor.default-dispatcher-2] INFO  c.s.f.r.e.s.SocketRear  - FlameSocketGraphDeployerRear@172.31.33.155: connecting to 172.31.34.147:5678
13:29:34.246 [worker-akka.actor.default-dispatcher-2] INFO  c.s.f.r.e.s.SocketRear  - FlameSocketGraphDeployerRear@172.31.33.155: connected to 172.31.34.147:5678
13:29:34.277 [worker-akka.actor.default-dispatcher-2] INFO  a.a.LocalActorRef akka://worker/user/watcher/graph0000000000/edge/FlameSocketGraphDeployerRear - Starting...
13:29:34.277 [worker-akka.actor.default-dispatcher-2] INFO  a.a.LocalActorRef akka://worker/user/watcher/graph0000000000/edge/FlameSocketGraphDeployerFront - Starting...
13:29:34.278 [worker-akka.actor.default-dispatcher-2] INFO  a.a.LocalActorRef akka://worker/user/watcher/graph0000000000/negotiator - Requesting ticket for the frontClass FlameSocketGraphDeployerFront@172.31.33.155
13:29:34.293 [worker-akka.actor.default-dispatcher-2] INFO  a.a.LocalActorRef akka://worker/user/watcher/graph0000000000/negotiator - Ticket for the frontClass received: FrontTicket{allowedTimestamp=(1519046972703, FlameSocketGraphDeployerFront@172.31.33.155)}
13:29:34.293 [worker-akka.actor.default-dispatcher-2] INFO  c.s.f.r.e.s.SocketFront  - FlameSocketGraphDeployerFront@172.31.33.155: connecting to 172.31.34.147:4567
2018-02-19T13:29:38.767+0000: 19.764: [GC (Allocation Failure) 2018-02-19T13:29:38.767+0000: 19.764: [DefNew: 136576K->15238K(153600K), 0.0320026 secs] 151992K->50186K(494976K), 0.0320879 secs] [Times: user=0.03 sys=0.00, real=0.03 secs] 
2018-02-19T13:29:56.369+0000: 37.366: [GC (Allocation Failure) 2018-02-19T13:29:56.369+0000: 37.366: [DefNew: 151814K->3774K(153600K), 0.0168515 secs] 186762K->46210K(494976K), 0.0169105 secs] [Times: user=0.01 sys=0.00, real=0.02 secs] 
2018-02-19T13:30:17.142+0000: 58.139: [GC (Allocation Failure) 2018-02-19T13:30:17.142+0000: 58.139: [DefNew: 140350K->5618K(153600K), 0.0110376 secs] 182786K->48055K(494976K), 0.0110931 secs] [Times: user=0.01 sys=0.00, real=0.01 secs] 
2018-02-19T13:30:35.460+0000: 76.457: [GC (Allocation Failure) 2018-02-19T13:30:35.460+0000: 76.457: [DefNew: 142194K->7574K(153600K), 0.0154339 secs] 184631K->50011K(494976K), 0.0154919 secs] [Times: user=0.02 sys=0.00, real=0.02 secs] 
2018-02-19T13:30:53.484+0000: 94.481: [GC (Allocation Failure) 2018-02-19T13:30:53.484+0000: 94.481: [DefNew: 144150K->8665K(153600K), 0.0142511 secs] 186587K->51102K(494976K), 0.0143136 secs] [Times: user=0.01 sys=0.00, real=0.01 secs] 
2018-02-19T13:31:10.633+0000: 111.630: [GC (Allocation Failure) 2018-02-19T13:31:10.633+0000: 111.630: [DefNew: 145241K->9069K(153600K), 0.0164412 secs] 187678K->52906K(494976K), 0.0165039 secs] [Times: user=0.01 sys=0.00, real=0.02 secs] 
2018-02-19T13:31:30.225+0000: 131.222: [GC (Allocation Failure) 2018-02-19T13:31:30.225+0000: 131.222: [DefNew: 145645K->9061K(153600K), 0.0160249 secs] 189482K->54074K(494976K), 0.0160974 secs] [Times: user=0.01 sys=0.00, real=0.01 secs] 
2018-02-19T13:31:53.134+0000: 154.131: [GC (Allocation Failure) 2018-02-19T13:31:53.134+0000: 154.131: [DefNew: 145637K->8959K(153600K), 0.0153015 secs] 190650K->55331K(494976K), 0.0153628 secs] [Times: user=0.01 sys=0.00, real=0.01 secs] 
2018-02-19T13:32:13.150+0000: 174.147: [GC (Allocation Failure) 2018-02-19T13:32:13.150+0000: 174.147: [DefNew: 145535K->9140K(153600K), 0.0155421 secs] 191907K->56625K(494976K), 0.0156030 secs] [Times: user=0.02 sys=0.00, real=0.02 secs] 
2018-02-19T13:32:30.480+0000: 191.477: [GC (Allocation Failure) 2018-02-19T13:32:30.480+0000: 191.477: [DefNew: 145716K->8405K(153600K), 0.0158670 secs] 193201K->57949K(494976K), 0.0159390 secs] [Times: user=0.01 sys=0.00, real=0.02 secs] 
2018-02-19T13:32:52.900+0000: 213.897: [GC (Allocation Failure) 2018-02-19T13:32:52.900+0000: 213.897: [DefNew: 144981K->9585K(153600K), 0.0179629 secs] 194525K->59129K(494976K), 0.0180223 secs] [Times: user=0.02 sys=0.00, real=0.02 secs] 
2018-02-19T13:33:15.617+0000: 236.614: [GC (Allocation Failure) 2018-02-19T13:33:15.617+0000: 236.614: [DefNew: 146161K->9858K(153600K), 0.0169196 secs] 195705K->60423K(494976K), 0.0169809 secs] [Times: user=0.01 sys=0.01, real=0.02 secs] 
2018-02-19T13:33:38.584+0000: 259.581: [GC (Allocation Failure) 2018-02-19T13:33:38.584+0000: 259.581: [DefNew: 146434K->8678K(153600K), 0.0172120 secs] 196999K->61594K(494976K), 0.0172710 secs] [Times: user=0.02 sys=0.00, real=0.01 secs] 
2018-02-19T13:33:55.121+0000: 276.118: [GC (Allocation Failure) 2018-02-19T13:33:55.121+0000: 276.118: [DefNew: 145254K->8906K(153600K), 0.0150934 secs] 198170K->63012K(494976K), 0.0151498 secs] [Times: user=0.02 sys=0.00, real=0.02 secs] 
2018-02-19T13:34:15.367+0000: 296.364: [GC (Allocation Failure) 2018-02-19T13:34:15.367+0000: 296.364: [DefNew: 145482K->8439K(153600K), 0.0158245 secs] 199588K->63627K(494976K), 0.0158956 secs] [Times: user=0.01 sys=0.00, real=0.02 secs] 
2018-02-19T13:34:34.738+0000: 315.735: [GC (Allocation Failure) 2018-02-19T13:34:34.738+0000: 315.735: [DefNew: 145015K->9569K(153600K), 0.0147857 secs] 200203K->64757K(494976K), 0.0148469 secs] [Times: user=0.01 sys=0.00, real=0.01 secs] 
2018-02-19T13:34:55.121+0000: 336.118: [GC (Allocation Failure) 2018-02-19T13:34:55.121+0000: 336.118: [DefNew: 146145K->9535K(153600K), 0.0161488 secs] 201333K->65795K(494976K), 0.0162213 secs] [Times: user=0.01 sys=0.00, real=0.02 secs] 
2018-02-19T13:35:16.112+0000: 357.109: [GC (Allocation Failure) 2018-02-19T13:35:16.112+0000: 357.109: [DefNew: 146111K->9745K(153600K), 0.0204947 secs] 202371K->67011K(494976K), 0.0205660 secs] [Times: user=0.02 sys=0.00, real=0.02 secs] 
2018-02-19T13:35:36.940+0000: 377.937: [GC (Allocation Failure) 2018-02-19T13:35:36.940+0000: 377.937: [DefNew: 146321K->9149K(153600K), 0.0182052 secs] 203587K->68284K(494976K), 0.0182755 secs] [Times: user=0.02 sys=0.00, real=0.02 secs] 
2018-02-19T13:35:59.582+0000: 400.579: [GC (Allocation Failure) 2018-02-19T13:35:59.582+0000: 400.579: [DefNew: 145725K->9285K(153600K), 0.0154181 secs] 204860K->69349K(494976K), 0.0154799 secs] [Times: user=0.02 sys=0.00, real=0.01 secs] 
2018-02-19T13:36:18.519+0000: 419.516: [GC (Allocation Failure) 2018-02-19T13:36:18.519+0000: 419.516: [DefNew: 145861K->9388K(153600K), 0.0173171 secs] 205925K->70505K(494976K), 0.0174047 secs] [Times: user=0.02 sys=0.00, real=0.02 secs] 
2018-02-19T13:36:36.324+0000: 437.321: [GC (Allocation Failure) 2018-02-19T13:36:36.324+0000: 437.321: [DefNew: 145964K->9471K(153600K), 0.0169628 secs] 207081K->71628K(494976K), 0.0170367 secs] [Times: user=0.02 sys=0.00, real=0.01 secs] 
2018-02-19T13:36:54.264+0000: 455.261: [GC (Allocation Failure) 2018-02-19T13:36:54.264+0000: 455.261: [DefNew: 146047K->9673K(153600K), 0.0175120 secs] 208204K->73003K(494976K), 0.0175676 secs] [Times: user=0.02 sys=0.00, real=0.01 secs] 
2018-02-19T13:37:14.394+0000: 475.391: [GC (Allocation Failure) 2018-02-19T13:37:14.394+0000: 475.391: [DefNew: 146249K->9524K(153600K), 0.0184555 secs] 209579K->74880K(494976K), 0.0185739 secs] [Times: user=0.02 sys=0.00, real=0.02 secs] 
2018-02-19T13:37:32.330+0000: 493.327: [GC (Allocation Failure) 2018-02-19T13:37:32.330+0000: 493.327: [DefNew: 146100K->9957K(153600K), 0.0168114 secs] 211456K->76534K(494976K), 0.0168705 secs] [Times: user=0.02 sys=0.00, real=0.02 secs] 
2018-02-19T13:37:50.699+0000: 511.696: [GC (Allocation Failure) 2018-02-19T13:37:50.699+0000: 511.696: [DefNew: 146533K->7626K(153600K), 0.0183271 secs] 213110K->77459K(494976K), 0.0183809 secs] [Times: user=0.01 sys=0.01, real=0.02 secs] 
2018-02-19T13:38:10.417+0000: 531.414: [GC (Allocation Failure) 2018-02-19T13:38:10.417+0000: 531.414: [DefNew: 144202K->9390K(153600K), 0.0148165 secs] 214035K->79223K(494976K), 0.0148739 secs] [Times: user=0.01 sys=0.00, real=0.01 secs] 
2018-02-19T13:38:31.514+0000: 552.511: [GC (Allocation Failure) 2018-02-19T13:38:31.514+0000: 552.511: [DefNew: 145966K->9257K(153600K), 0.0168953 secs] 215799K->80320K(494976K), 0.0169572 secs] [Times: user=0.02 sys=0.00, real=0.01 secs] 
2018-02-19T13:38:51.258+0000: 572.255: [GC (Allocation Failure) 2018-02-19T13:38:51.258+0000: 572.255: [DefNew: 145833K->9807K(153600K), 0.0161984 secs] 216896K->82087K(494976K), 0.0162549 secs] [Times: user=0.02 sys=0.00, real=0.02 secs] 
2018-02-19T13:39:09.487+0000: 590.484: [GC (Allocation Failure) 2018-02-19T13:39:09.487+0000: 590.484: [DefNew: 146383K->9674K(153600K), 0.0284166 secs] 218663K->83200K(494976K), 0.0284901 secs] [Times: user=0.01 sys=0.03, real=0.03 secs] 
2018-02-19T13:39:29.169+0000: 610.166: [GC (Allocation Failure) 2018-02-19T13:39:29.169+0000: 610.166: [DefNew: 146250K->9846K(153600K), 0.0154122 secs] 219776K->84487K(494976K), 0.0154798 secs] [Times: user=0.01 sys=0.00, real=0.02 secs] 
2018-02-19T13:39:48.651+0000: 629.648: [GC (Allocation Failure) 2018-02-19T13:39:48.651+0000: 629.648: [DefNew: 146422K->9991K(153600K), 0.0159601 secs] 221063K->85855K(494976K), 0.0160217 secs] [Times: user=0.01 sys=0.01, real=0.02 secs] 
2018-02-19T13:40:07.719+0000: 648.716: [GC (Allocation Failure) 2018-02-19T13:40:07.719+0000: 648.716: [DefNew: 146567K->8619K(153600K), 0.0173738 secs] 222431K->87098K(494976K), 0.0174617 secs] [Times: user=0.01 sys=0.00, real=0.02 secs] 
2018-02-19T13:40:24.176+0000: 665.173: [GC (Allocation Failure) 2018-02-19T13:40:24.176+0000: 665.173: [DefNew: 145195K->8511K(153600K), 0.0296771 secs] 223674K->88760K(494976K), 0.0297455 secs] [Times: user=0.00 sys=0.03, real=0.03 secs] 
2018-02-19T13:40:44.920+0000: 685.917: [GC (Allocation Failure) 2018-02-19T13:40:44.920+0000: 685.917: [DefNew: 145087K->10394K(153600K), 0.0152754 secs] 225336K->90643K(494976K), 0.0153430 secs] [Times: user=0.02 sys=0.00, real=0.02 secs] 
2018-02-19T13:41:03.732+0000: 704.729: [GC (Allocation Failure) 2018-02-19T13:41:03.732+0000: 704.729: [DefNew: 146970K->9084K(153600K), 0.0278237 secs] 227219K->91732K(494976K), 0.0278894 secs] [Times: user=0.00 sys=0.03, real=0.03 secs] 
2018-02-19T13:41:24.609+0000: 725.606: [GC (Allocation Failure) 2018-02-19T13:41:24.609+0000: 725.606: [DefNew: 145660K->8953K(153600K), 0.0154825 secs] 228308K->93203K(494976K), 0.0155438 secs] [Times: user=0.02 sys=0.00, real=0.02 secs] 
2018-02-19T13:41:40.239+0000: 741.236: [GC (Allocation Failure) 2018-02-19T13:41:40.239+0000: 741.236: [DefNew: 145529K->9036K(153600K), 0.0161045 secs] 229779K->94896K(494976K), 0.0161628 secs] [Times: user=0.01 sys=0.01, real=0.02 secs] 
2018-02-19T13:41:59.172+0000: 760.169: [GC (Allocation Failure) 2018-02-19T13:41:59.172+0000: 760.169: [DefNew: 145612K->8930K(153600K), 0.0148058 secs] 231472K->96281K(494976K), 0.0148895 secs] [Times: user=0.01 sys=0.01, real=0.02 secs] 
2018-02-19T13:42:16.484+0000: 777.481: [GC (Allocation Failure) 2018-02-19T13:42:16.484+0000: 777.481: [DefNew: 145506K->8840K(153600K), 0.0164649 secs] 232857K->97619K(494976K), 0.0165388 secs] [Times: user=0.02 sys=0.00, real=0.01 secs] 
2018-02-19T13:42:33.484+0000: 794.481: [GC (Allocation Failure) 2018-02-19T13:42:33.484+0000: 794.481: [DefNew: 145416K->9323K(153600K), 0.0158780 secs] 234195K->99281K(494976K), 0.0159604 secs] [Times: user=0.01 sys=0.00, real=0.01 secs] 
2018-02-19T13:42:55.113+0000: 816.110: [GC (Allocation Failure) 2018-02-19T13:42:55.113+0000: 816.110: [DefNew: 145899K->9677K(153600K), 0.0157499 secs] 235857K->100948K(494976K), 0.0158135 secs] [Times: user=0.01 sys=0.00, real=0.02 secs] 
2018-02-19T13:43:11.838+0000: 832.835: [GC (Allocation Failure) 2018-02-19T13:43:11.838+0000: 832.835: [DefNew: 146253K->9711K(153600K), 0.0177495 secs] 237524K->102537K(494976K), 0.0178227 secs] [Times: user=0.00 sys=0.02, real=0.02 secs] 
13:43:18.382 [Client] INFO  c.s.f.r.e.s.SocketFront  - FlameSocketGraphDeployerFront@172.31.33.155 has been disconnected from Connection 2
13:43:18.383 [Client] INFO  c.s.f.r.e.s.SocketRear  - FlameSocketGraphDeployerRear@172.31.33.155: has been disconnected from Connection 2
13:43:31.606 [worker-akka.actor.default-dispatcher-2] INFO  a.a.CoordinatedShutdown CoordinatedShutdown(akka://worker) - Starting coordinated shutdown from JVM shutdown hook
13:43:31.661 [worker-akka.actor.default-dispatcher-2] INFO  a.a.LocalActorRef akka://worker/user/watcher/graph0000000000/negotiator - Stopped
13:43:31.666 [worker-akka.actor.default-dispatcher-2] INFO  a.a.LocalActorRef akka://worker/user/watcher/graph0000000000/edge/FlameSocketGraphDeployerFront - Stopped
13:43:31.666 [worker-akka.actor.default-dispatcher-2] INFO  a.a.LocalActorRef akka://worker/user/watcher/graph0000000000/edge/FlameSocketGraphDeployerRear - Stopped
13:43:31.668 [worker-akka.actor.default-dispatcher-2] INFO  a.a.LocalActorRef akka://worker/user/watcher/graph0000000000/graph/$a - Stopped
13:43:31.669 [worker-akka.actor.default-dispatcher-2] INFO  a.a.LocalActorRef akka://worker/user/watcher/graph0000000000/graph/$b - Stopped
13:43:31.670 [worker-akka.actor.default-dispatcher-2] INFO  a.a.LocalActorRef akka://worker/user/watcher/graph0000000000/graph/$c - Stopped
13:43:31.671 [worker-akka.actor.default-dispatcher-2] INFO  a.a.LocalActorRef akka://worker/user/watcher/graph0000000000/graph/local-acker/$a - Stopped
13:43:31.677 [worker-akka.actor.default-dispatcher-2] INFO  a.a.LocalActorRef akka://worker/user/watcher/graph0000000000/edge - Stopped
13:43:31.678 [worker-akka.actor.default-dispatcher-2] INFO  a.a.LocalActorRef akka://worker/user/watcher/graph0000000000/graph/local-acker/$a - Message [com.spbsu.flamestream.runtime.utils.akka.PingActor$InnerPing] from Actor[akka://worker/user/watcher/graph0000000000/graph/local-acker/$a#125887390] to Actor[akka://worker/user/watcher/graph0000000000/graph/local-acker/$a#125887390] was not delivered. [1] dead letters encountered. This logging can be turned off or adjusted with configuration settings 'akka.log-dead-letters' and 'akka.log-dead-letters-during-shutdown'.
13:43:31.681 [worker-akka.actor.default-dispatcher-2] INFO  a.a.LocalActorRef akka://worker/user/watcher/graph0000000000/graph/local-acker - Stopped
13:43:31.681 [worker-akka.actor.default-dispatcher-2] INFO  a.a.LocalActorRef akka://worker/user/watcher/graph0000000000/graph - Stopped
13:43:31.682 [worker-akka.actor.default-dispatcher-2] INFO  a.a.LocalActorRef akka://worker/user/watcher/graph0000000000 - Stopped
13:43:31.687 [worker-akka.actor.default-dispatcher-2] INFO  a.a.LocalActorRef akka://worker/user/watcher/graph0000000000/graph/local-acker/$a - Message [com.spbsu.flamestream.runtime.utils.akka.PingActor$Stop] from Actor[akka://worker/user/watcher/graph0000000000/graph/local-acker#-1975695708] to Actor[akka://worker/user/watcher/graph0000000000/graph/local-acker/$a#125887390] was not delivered. [2] dead letters encountered. This logging can be turned off or adjusted with configuration settings 'akka.log-dead-letters' and 'akka.log-dead-letters-during-shutdown'.
13:43:31.687 [worker-akka.actor.default-dispatcher-2] INFO  a.a.LocalActorRef akka://worker/user/watcher/graph0000000000/graph/local-acker - Message [com.spbsu.flamestream.runtime.acker.LocalAcker$Flush] from Actor[akka://worker/user/watcher/graph0000000000/graph/local-acker#-1975695708] to Actor[akka://worker/user/watcher/graph0000000000/graph/local-acker#-1975695708] was not delivered. [3] dead letters encountered. This logging can be turned off or adjusted with configuration settings 'akka.log-dead-letters' and 'akka.log-dead-letters-during-shutdown'.
13:43:31.687 [worker-akka.actor.default-dispatcher-2] INFO  a.a.LocalActorRef akka://worker/user/watcher/graph0000000000/graph/local-acker - Message [com.spbsu.flamestream.runtime.acker.LocalAcker$Flush] from Actor[akka://worker/user/watcher/graph0000000000/graph/local-acker#-1975695708] to Actor[akka://worker/user/watcher/graph0000000000/graph/local-acker#-1975695708] was not delivered. [4] dead letters encountered. This logging can be turned off or adjusted with configuration settings 'akka.log-dead-letters' and 'akka.log-dead-letters-during-shutdown'.
13:43:31.689 [worker-akka.actor.default-dispatcher-2] INFO  a.a.LocalActorRef akka://worker/user/watcher/graph0000000000/graph/local-acker - Message [com.spbsu.flamestream.runtime.acker.LocalAcker$Flush] from Actor[akka://worker/user/watcher/graph0000000000/graph/local-acker#-1975695708] to Actor[akka://worker/user/watcher/graph0000000000/graph/local-acker#-1975695708] was not delivered. [5] dead letters encountered. This logging can be turned off or adjusted with configuration settings 'akka.log-dead-letters' and 'akka.log-dead-letters-during-shutdown'.
13:43:31.690 [worker-akka.actor.default-dispatcher-2] INFO  a.a.LocalActorRef akka://worker/user/watcher/graph0000000000/graph/local-acker - Message [com.spbsu.flamestream.runtime.acker.LocalAcker$Flush] from Actor[akka://worker/user/watcher/graph0000000000/graph/local-acker#-1975695708] to Actor[akka://worker/user/watcher/graph0000000000/graph/local-acker#-1975695708] was not delivered. [6] dead letters encountered. This logging can be turned off or adjusted with configuration settings 'akka.log-dead-letters' and 'akka.log-dead-letters-during-shutdown'.
13:43:31.690 [worker-akka.actor.default-dispatcher-2] INFO  a.a.LocalActorRef akka://worker/user/watcher/graph0000000000/graph/local-acker - Message [com.spbsu.flamestream.runtime.acker.LocalAcker$Flush] from Actor[akka://worker/user/watcher/graph0000000000/graph/local-acker#-1975695708] to Actor[akka://worker/user/watcher/graph0000000000/graph/local-acker#-1975695708] was not delivered. [7] dead letters encountered. This logging can be turned off or adjusted with configuration settings 'akka.log-dead-letters' and 'akka.log-dead-letters-during-shutdown'.
13:43:31.690 [worker-akka.actor.default-dispatcher-2] INFO  a.a.LocalActorRef akka://worker/user/watcher/graph0000000000/graph/local-acker - Message [com.spbsu.flamestream.runtime.acker.LocalAcker$Flush] from Actor[akka://worker/user/watcher/graph0000000000/graph/local-acker#-1975695708] to Actor[akka://worker/user/watcher/graph0000000000/graph/local-acker#-1975695708] was not delivered. [8] dead letters encountered. This logging can be turned off or adjusted with configuration settings 'akka.log-dead-letters' and 'akka.log-dead-letters-during-shutdown'.
13:43:31.690 [worker-akka.actor.default-dispatcher-2] INFO  a.a.LocalActorRef akka://worker/user/watcher/graph0000000000/graph/local-acker - Message [com.spbsu.flamestream.runtime.acker.LocalAcker$Flush] from Actor[akka://worker/user/watcher/graph0000000000/graph/local-acker#-1975695708] to Actor[akka://worker/user/watcher/graph0000000000/graph/local-acker#-1975695708] was not delivered. [9] dead letters encountered. This logging can be turned off or adjusted with configuration settings 'akka.log-dead-letters' and 'akka.log-dead-letters-during-shutdown'.
13:43:31.690 [worker-akka.actor.default-dispatcher-2] INFO  a.a.LocalActorRef akka://worker/user/watcher/graph0000000000/graph/local-acker - Message [com.spbsu.flamestream.runtime.acker.LocalAcker$Flush] from Actor[akka://worker/user/watcher/graph0000000000/graph/local-acker#-1975695708] to Actor[akka://worker/user/watcher/graph0000000000/graph/local-acker#-1975695708] was not delivered. [10] dead letters encountered. This logging can be turned off or adjusted with configuration settings 'akka.log-dead-letters' and 'akka.log-dead-letters-during-shutdown'.
13:43:31.690 [worker-akka.actor.default-dispatcher-2] INFO  a.a.LocalActorRef akka://worker/user/watcher/graph0000000000/graph/local-acker - Message [com.spbsu.flamestream.runtime.acker.LocalAcker$Flush] from Actor[akka://worker/user/watcher/graph0000000000/graph/local-acker#-1975695708] to Actor[akka://worker/user/watcher/graph0000000000/graph/local-acker#-1975695708] was not delivered. [11] dead letters encountered. This logging can be turned off or adjusted with configuration settings 'akka.log-dead-letters' and 'akka.log-dead-letters-during-shutdown'.
13:43:31.692 [worker-akka.actor.default-dispatcher-2] INFO  a.a.LocalActorRef akka://worker/user/watcher/graph0000000000/graph/local-acker - Message [com.spbsu.flamestream.runtime.acker.LocalAcker$Flush] from Actor[akka://worker/user/watcher/graph0000000000/graph/local-acker#-1975695708] to Actor[akka://worker/user/watcher/graph0000000000/graph/local-acker#-1975695708] was not delivered. [12] dead letters encountered. This logging can be turned off or adjusted with configuration settings 'akka.log-dead-letters' and 'akka.log-dead-letters-during-shutdown'.
13:43:31.695 [worker-akka.actor.default-dispatcher-2-EventThread] INFO  o.a.z.ClientCnxn  - EventThread shut down for session: 0x161ae4056810005
13:43:31.695 [worker-akka.actor.default-dispatcher-2] INFO  o.a.z.ZooKeeper  - Session: 0x161ae4056810005 closed
13:43:31.696 [worker-akka.actor.default-dispatcher-2] INFO  a.a.RepointableActorRef akka://worker/user/watcher - Stopped
13:43:31.710 [worker-akka.actor.default-dispatcher-2] INFO  a.r.RemoteActorRefProvider$RemotingTerminator akka://worker@172.31.33.155:5412/system/remoting-terminator - Shutting down remote daemon.
13:43:31.716 [worker-akka.actor.default-dispatcher-2] INFO  a.r.RemoteActorRefProvider$RemotingTerminator akka://worker@172.31.33.155:5412/system/remoting-terminator - Remote daemon shut down; proceeding with flushing remote transports.
13:43:32.871 [worker-akka.actor.default-dispatcher-2] INFO  a.r.RemoteActorRefProvider$RemotingTerminator akka://worker@172.31.33.155:5412/system/remoting-terminator - Remoting shut down.
Heap
 def new generation   total 153600K, used 68222K [0x00000000e0c00000, 0x00000000eb2a0000, 0x00000000eb2a0000)
  eden space 136576K,  42% used [0x00000000e0c00000, 0x00000000e4523bc8, 0x00000000e9160000)
  from space 17024K,  57% used [0x00000000ea200000, 0x00000000eab7bdb8, 0x00000000eb2a0000)
  to   space 17024K,   0% used [0x00000000e9160000, 0x00000000e9160000, 0x00000000ea200000)
 tenured generation   total 341376K, used 92825K [0x00000000eb2a0000, 0x0000000100000000, 0x0000000100000000)
   the space 341376K,  27% used [0x00000000eb2a0000, 0x00000000f0d46788, 0x00000000f0d46800, 0x0000000100000000)
 Metaspace       used 33617K, capacity 34406K, committed 34688K, reserved 1079296K
  class space    used 4475K, capacity 4658K, committed 4736K, reserved 1048576K
