13:12:01.041 [worker-akka.actor.default-dispatcher-2] INFO  a.e.s.Slf4jLogger  - Slf4jLogger started
2018-02-19T13:12:01.216+0000: 2.784: [Full GC (Metadata GC Threshold) 2018-02-19T13:12:01.216+0000: 2.784: [Tenured: 0K->15491K(341376K), 0.0375509 secs] 117611K->15491K(494976K), [Metaspace: 20941K->20941K(1067008K)], 0.0376141 secs] [Times: user=0.04 sys=0.00, real=0.03 secs] 
Ama winner
Ama winner
13:12:01.687 [worker-akka.actor.default-dispatcher-2] INFO  a.r.a.ArteryTransport(akka://worker) akka.remote.artery.ArteryTransport(akka://worker) - Started embedded media driver in directory [/dev/shm/aeron-root-worker-19b8aaae-79fa-49f0-a6d0-d58df4a23b9d]
13:12:01.912 [worker-akka.actor.default-dispatcher-2] INFO  a.r.a.ArteryTransport(akka://worker) akka.remote.artery.ArteryTransport(akka://worker) - Remoting started; listening on address: [akka://worker@172.31.44.83:5412] with UID [-7841892186946389814]
13:12:02.016 [worker-akka.actor.default-dispatcher-2] INFO  o.a.z.ZooKeeper  - Client environment:zookeeper.version=3.4.9-1757313, built on 08/23/2016 06:50 GMT
13:12:02.016 [worker-akka.actor.default-dispatcher-2] INFO  o.a.z.ZooKeeper  - Client environment:host.name=ip-172-31-44-83.us-east-2.compute.internal
13:12:02.016 [worker-akka.actor.default-dispatcher-2] INFO  o.a.z.ZooKeeper  - Client environment:java.version=1.8.0_151
13:12:02.016 [worker-akka.actor.default-dispatcher-2] INFO  o.a.z.ZooKeeper  - Client environment:java.vendor=Oracle Corporation
13:12:02.016 [worker-akka.actor.default-dispatcher-2] INFO  o.a.z.ZooKeeper  - Client environment:java.home=/usr/lib/jvm/java-8-openjdk-amd64/jre
13:12:02.016 [worker-akka.actor.default-dispatcher-2] INFO  o.a.z.ZooKeeper  - Client environment:java.class.path=lib/commons-cli-1.4.jar:lib/minlog-1.3.0.jar:lib/asm-5.0.4.jar:lib/hadoop-annotations-2.7.3.jar:lib/hadoop-auth-2.7.3.jar:lib/akka-slf4j_2.11-2.5.6.jar:lib/jersey-core-1.9.jar:lib/lz4-1.3.0.jar:lib/jackson-core-asl-1.9.13.jar:lib/aeron-client-1.3.0.jar:lib/htrace-core-3.1.0-incubating.jar:lib/xz-1.0.jar:lib/commons-httpclient-3.1.jar:lib/asm-3.1.jar:lib/commons-lang3-3.4.jar:lib/scala-library-2.11.11.jar:lib/scala-java8-compat_2.11-0.7.0.jar:lib/commons-configuration-1.6.jar:lib/objenesis-2.1.jar:lib/jackson-annotations-2.8.0.jar:lib/jsr305-3.0.0.jar:lib/curator-framework-2.7.1.jar:lib/jersey-server-1.9.jar:lib/jets3t-0.9.0.jar:lib/leveldb-0.7.jar:lib/jetty-6.1.26.jar:lib/stax-api-1.0-2.jar:lib/flamestream-core-1.0-SNAPSHOT.jar:lib/reflectasm-1.07-shaded.jar:lib/apacheds-kerberos-codec-2.0.0-M15.jar:lib/api-asn1-api-1.0.0-M20.jar:lib/commons-lang-2.6.jar:lib/commons-beanutils-1.7.0.jar:lib/jackson-xc-1.8.3.jar:lib/jetty-util-6.1.26.jar:lib/logback-classic-1.2.3.jar:lib/jool-0.9.12.jar:lib/flamestream-runtime-1.0-SNAPSHOT-tests.jar:lib/httpcore-4.1.2.jar:lib/kryo-4.0.0.jar:lib/ant-1.8.1.jar:lib/jaxb-impl-2.2.3-1.jar:lib/jersey-json-1.9.jar:lib/commons-compress-1.4.1.jar:lib/leveldbjni-all-1.8.jar:lib/paranamer-2.3.jar:lib/jackson-core-2.8.4.jar:lib/commons-math3-3.6.1.jar:lib/scala-parser-combinators_2.11-1.0.4.jar:lib/netty-3.10.6.Final.jar:lib/trove4j-3.0.3.jar:lib/jaxb-api-2.2.2.jar:lib/logback-core-1.2.3.jar:lib/snappy-java-1.0.4.1.jar:lib/protobuf-java-2.5.0.jar:lib/reactive-streams-1.0.1.jar:lib/flamestream-examples-1.0-SNAPSHOT.jar:lib/commons-codec-1.4.jar:lib/activation-1.1.jar:lib/commons-net-3.1.jar:lib/curator-recipes-2.7.1.jar:lib/jackson-mapper-asl-1.9.13.jar:lib/jackson-databind-2.8.4.jar:lib/flamestream-runtime-1.0-SNAPSHOT.jar:lib/jackson-jaxrs-1.8.3.jar:lib/slf4j-api-1.7.24.jar:lib/akka-remote_2.11-2.5.6.jar:lib/akka-testkit_2.11-2.5.6.jar:lib/jline-0.9.94.jar:lib/akka-stream_2.11-2.5.6.jar:lib/jsp-api-2.1.jar:lib/kryonet-2.21.jar:lib/akka-kryo-serialization_2.11-0.5.0.jar:lib/config-1.3.1.jar:lib/ant-launcher-1.8.1.jar:lib/commons-logging-1.2.jar:lib/ssl-config-core_2.11-0.2.2.jar:lib/testng-6.10.jar:lib/leveldb-api-0.7.jar:lib/reflectasm-1.11.3.jar:lib/jcommander-1.48.jar:lib/commons-1.1.jar:lib/commons-digester-1.8.jar:lib/minlog-1.2.jar:lib/java-xmlbuilder-0.4.jar:lib/jettison-1.1.jar:lib/gson-2.2.4.jar:lib/jdk.tools-1.8.jar:lib/aeron-driver-1.3.0.jar:lib/zookeeper-3.4.9.jar:lib/commons-beanutils-core-1.8.0.jar:lib/commons-math3-3.1.1.jar:lib/akka-actor_2.11-2.5.6.jar:lib/curator-client-2.7.1.jar:lib/servlet-api-2.5.jar:lib/apacheds-i18n-2.0.0-M15.jar:lib/commons-io-2.4.jar:lib/commons-codec-1.6.jar:lib/akka-protobuf_2.11-2.5.6.jar:lib/protobuf-java-3.5.1.jar:lib/jdom-2.0.2.jar:lib/api-util-1.0.0-M20.jar:lib/hadoop-common-2.7.3.jar:lib/agrona-0.9.6.jar:lib/xmlenc-0.52.jar:lib/guava-21.0.jar:lib/commons-collections-3.2.2.jar:lib/avro-1.7.4.jar:lib/httpclient-4.1.2.jar:lib/flamestream-core-1.0-SNAPSHOT-tests.jar:lib/annotations-12.0.jar:lib/jsch-0.1.42.jar:flamestream-runtime-1.0-SNAPSHOT.jar
13:12:02.016 [worker-akka.actor.default-dispatcher-2] INFO  o.a.z.ZooKeeper  - Client environment:java.library.path=/usr/java/packages/lib/amd64:/usr/lib/x86_64-linux-gnu/jni:/lib/x86_64-linux-gnu:/usr/lib/x86_64-linux-gnu:/usr/lib/jni:/lib:/usr/lib
13:12:02.016 [worker-akka.actor.default-dispatcher-2] INFO  o.a.z.ZooKeeper  - Client environment:java.io.tmpdir=/tmp
13:12:02.016 [worker-akka.actor.default-dispatcher-2] INFO  o.a.z.ZooKeeper  - Client environment:java.compiler=<NA>
13:12:02.016 [worker-akka.actor.default-dispatcher-2] INFO  o.a.z.ZooKeeper  - Client environment:os.name=Linux
13:12:02.017 [worker-akka.actor.default-dispatcher-2] INFO  o.a.z.ZooKeeper  - Client environment:os.arch=amd64
13:12:02.017 [worker-akka.actor.default-dispatcher-2] INFO  o.a.z.ZooKeeper  - Client environment:os.version=4.4.0-1049-aws
13:12:02.017 [worker-akka.actor.default-dispatcher-2] INFO  o.a.z.ZooKeeper  - Client environment:user.name=root
13:12:02.018 [worker-akka.actor.default-dispatcher-2] INFO  o.a.z.ZooKeeper  - Client environment:user.home=/root
13:12:02.018 [worker-akka.actor.default-dispatcher-2] INFO  o.a.z.ZooKeeper  - Client environment:user.dir=/opt/flamestream
13:12:02.022 [worker-akka.actor.default-dispatcher-2] INFO  o.a.z.ZooKeeper  - Initiating client connection, connectString=172.31.34.147:2181 sessionTimeout=5000 watcher=com.spbsu.flamestream.runtime.application.LifecycleWatcher$$Lambda$29/1058902145@7d2d403
13:12:02.057 [worker-akka.actor.default-dispatcher-2] INFO  a.a.RepointableActorRef akka://worker/user/watcher - Starting...
13:12:02.061 [worker-akka.actor.default-dispatcher-2-SendThread(172.31.34.147:2181)] INFO  o.a.z.ClientCnxn  - Opening socket connection to server 172.31.34.147/172.31.34.147:2181. Will not attempt to authenticate using SASL (unknown error)
13:12:02.065 [worker-akka.actor.default-dispatcher-2-SendThread(172.31.34.147:2181)] INFO  o.a.z.ClientCnxn  - Socket connection established to 172.31.34.147/172.31.34.147:2181, initiating session
13:12:02.072 [worker-akka.actor.default-dispatcher-2-SendThread(172.31.34.147:2181)] INFO  o.a.z.ClientCnxn  - Session establishment complete on server 172.31.34.147/172.31.34.147:2181, sessionid = 0x161ae307a94000c, negotiated timeout = 6000
13:12:02.170 [worker-akka.actor.default-dispatcher-2] INFO  a.a.RepointableActorRef akka://worker/user/watcher - Connected to ZK
13:12:10.873 [worker-akka.actor.default-dispatcher-2] INFO  a.a.RepointableActorRef akka://worker/user/watcher - Creating node with watchGraphs: 'com.spbsu.flamestream.core.Graph$Builder$MyGraph@5b1552ce', config: 'ClusterConfig{paths={172.31.33.155=akka://worker@172.31.33.155:5412/user/watcher/graph0000000000, 172.31.47.83=akka://worker@172.31.47.83:5412/user/watcher/graph0000000000, 172.31.45.197=akka://worker@172.31.45.197:5412/user/watcher/graph0000000000, 172.31.42.36=akka://worker@172.31.42.36:5412/user/watcher/graph0000000000, 172.31.44.83=akka://worker@172.31.44.83:5412/user/watcher/graph0000000000, 172.31.39.64=akka://worker@172.31.39.64:5412/user/watcher/graph0000000000, 172.31.35.79=akka://worker@172.31.35.79:5412/user/watcher/graph0000000000, 172.31.34.169=akka://worker@172.31.34.169:5412/user/watcher/graph0000000000, 172.31.47.100=akka://worker@172.31.47.100:5412/user/watcher/graph0000000000, 172.31.37.101=akka://worker@172.31.37.101:5412/user/watcher/graph0000000000}, ackerLocation='172.31.35.79', props=ComputationLayout{ranges={172.31.33.155=HashRange{from=-1670265060, to=-1193046472}, 172.31.47.83=HashRange{from=1670265056, to=2147483644}, 172.31.45.197=HashRange{from=-715827884, to=-238609296}, 172.31.42.36=HashRange{from=1193046468, to=1670265056}, 172.31.44.83=HashRange{from=-238609296, to=238609292}, 172.31.39.64=HashRange{from=715827880, to=1193046468}, 172.31.35.79=HashRange{from=0, to=0}, 172.31.34.169=HashRange{from=-2147483648, to=-1670265060}, 172.31.47.100=HashRange{from=238609292, to=715827880}, 172.31.37.101=HashRange{from=-1193046472, to=-715827884}}}}'
13:12:11.736 [worker-akka.actor.default-dispatcher-2] INFO  a.a.LocalActorRef akka://worker/user/watcher/graph0000000000/graph - Starting...
13:12:11.737 [worker-akka.actor.default-dispatcher-2] INFO  a.a.LocalActorRef akka://worker/user/watcher/graph0000000000/graph/local-acker - Starting...
13:12:11.742 [worker-akka.actor.default-dispatcher-2] INFO  a.a.LocalActorRef akka://worker/user/watcher/graph0000000000/graph/local-acker/$a - Starting...
Warning: space is running low in /dev/shm (tmpfs) threshold=167,772,160 usable=158,621,696
Warning: space is running low in /dev/shm (tmpfs) threshold=167,772,160 usable=146,034,688
Warning: space is running low in /dev/shm (tmpfs) threshold=167,772,160 usable=133,447,680
Warning: space is running low in /dev/shm (tmpfs) threshold=167,772,160 usable=120,860,672
Warning: space is running low in /dev/shm (tmpfs) threshold=167,772,160 usable=108,273,664
Warning: space is running low in /dev/shm (tmpfs) threshold=167,772,160 usable=95,686,656
Warning: space is running low in /dev/shm (tmpfs) threshold=167,772,160 usable=83,099,648
Warning: space is running low in /dev/shm (tmpfs) threshold=167,772,160 usable=70,512,640
13:12:13.556 [worker-akka.actor.default-dispatcher-2] INFO  a.a.LocalActorRef akka://worker/user/watcher/graph0000000000/graph - Finishing constructor
13:12:13.557 [worker-akka.actor.default-dispatcher-2] INFO  a.a.LocalActorRef akka://worker/user/watcher/graph0000000000 - Starting...
13:12:13.558 [worker-akka.actor.default-dispatcher-2] INFO  a.a.LocalActorRef akka://worker/user/watcher/graph0000000000/negotiator - Starting...
13:12:13.560 [worker-akka.actor.default-dispatcher-2] INFO  a.a.LocalActorRef akka://worker/user/watcher/graph0000000000/edge - Starting...
13:12:13.649 [worker-akka.actor.default-dispatcher-2] INFO  c.s.f.r.e.s.SocketRear  - FlameSocketGraphDeployerRear@172.31.44.83: connecting to 172.31.34.147:5678
13:12:13.656 [worker-akka.actor.default-dispatcher-2] INFO  c.s.f.r.e.s.SocketRear  - FlameSocketGraphDeployerRear@172.31.44.83: connected to 172.31.34.147:5678
13:12:13.686 [worker-akka.actor.default-dispatcher-2] INFO  a.a.LocalActorRef akka://worker/user/watcher/graph0000000000/graph/$a - Starting...
13:12:13.687 [worker-akka.actor.default-dispatcher-2] INFO  a.a.LocalActorRef akka://worker/user/watcher/graph0000000000/graph/$b - Starting...
13:12:13.687 [worker-akka.actor.default-dispatcher-2] INFO  a.a.LocalActorRef akka://worker/user/watcher/graph0000000000/graph/$c - Starting...
13:12:13.698 [worker-akka.actor.default-dispatcher-2] INFO  a.a.LocalActorRef akka://worker/user/watcher/graph0000000000/edge/FlameSocketGraphDeployerRear - Starting...
13:12:13.699 [worker-akka.actor.default-dispatcher-2] INFO  a.a.LocalActorRef akka://worker/user/watcher/graph0000000000/edge/FlameSocketGraphDeployerFront - Starting...
13:12:13.699 [worker-akka.actor.default-dispatcher-2] INFO  a.a.LocalActorRef akka://worker/user/watcher/graph0000000000/negotiator - Requesting ticket for the frontClass FlameSocketGraphDeployerFront@172.31.44.83
13:12:13.700 [worker-akka.actor.default-dispatcher-2] INFO  a.a.LocalActorRef akka://worker/user/watcher/graph0000000000/negotiator - Ticket for the frontClass received: FrontTicket{allowedTimestamp=(1519045930868, FlameSocketGraphDeployerFront@172.31.44.83)}
13:12:13.703 [worker-akka.actor.default-dispatcher-2] INFO  c.s.f.r.e.s.SocketFront  - FlameSocketGraphDeployerFront@172.31.44.83: connecting to 172.31.34.147:4567
13:12:13.718 [Client] INFO  c.s.f.r.e.s.SocketFront  - FlameSocketGraphDeployerFront@172.31.44.83 has been disconnected from Connection 7
2018-02-19T13:12:18.538+0000: 20.106: [GC (Allocation Failure) 2018-02-19T13:12:18.538+0000: 20.106: [DefNew: 136576K->14954K(153600K), 0.0262062 secs] 152067K->49976K(494976K), 0.0262771 secs] [Times: user=0.02 sys=0.01, real=0.02 secs] 
2018-02-19T13:12:38.798+0000: 40.366: [GC (Allocation Failure) 2018-02-19T13:12:38.798+0000: 40.366: [DefNew: 151530K->4070K(153600K), 0.0177465 secs] 186552K->46689K(494976K), 0.0178207 secs] [Times: user=0.00 sys=0.02, real=0.02 secs] 
2018-02-19T13:13:00.815+0000: 62.383: [GC (Allocation Failure) 2018-02-19T13:13:00.815+0000: 62.384: [DefNew: 140646K->5335K(153600K), 0.0119513 secs] 183265K->47954K(494976K), 0.0120087 secs] [Times: user=0.01 sys=0.00, real=0.01 secs] 
2018-02-19T13:13:26.391+0000: 87.959: [GC (Allocation Failure) 2018-02-19T13:13:26.391+0000: 87.959: [DefNew: 141911K->7868K(153600K), 0.0166016 secs] 184530K->50488K(494976K), 0.0166753 secs] [Times: user=0.01 sys=0.00, real=0.02 secs] 
2018-02-19T13:13:44.743+0000: 106.311: [GC (Allocation Failure) 2018-02-19T13:13:44.743+0000: 106.311: [DefNew: 144444K->8654K(153600K), 0.0145243 secs] 187064K->51274K(494976K), 0.0146088 secs] [Times: user=0.02 sys=0.00, real=0.02 secs] 
2018-02-19T13:14:01.414+0000: 122.982: [GC (Allocation Failure) 2018-02-19T13:14:01.414+0000: 122.982: [DefNew: 145230K->8350K(153600K), 0.0175844 secs] 187850K->52496K(494976K), 0.0176523 secs] [Times: user=0.02 sys=0.00, real=0.02 secs] 
2018-02-19T13:14:26.198+0000: 147.766: [GC (Allocation Failure) 2018-02-19T13:14:26.198+0000: 147.766: [DefNew: 144926K->9839K(153600K), 0.0158206 secs] 189072K->53985K(494976K), 0.0158861 secs] [Times: user=0.02 sys=0.00, real=0.01 secs] 
2018-02-19T13:14:55.742+0000: 177.310: [GC (Allocation Failure) 2018-02-19T13:14:55.742+0000: 177.310: [DefNew: 146415K->8798K(153600K), 0.0213665 secs] 190561K->55404K(494976K), 0.0214648 secs] [Times: user=0.01 sys=0.01, real=0.02 secs] 
2018-02-19T13:15:21.579+0000: 203.147: [GC (Allocation Failure) 2018-02-19T13:15:21.579+0000: 203.147: [DefNew: 145374K->9604K(153600K), 0.0166676 secs] 191980K->57173K(494976K), 0.0167334 secs] [Times: user=0.02 sys=0.00, real=0.02 secs] 
2018-02-19T13:15:43.991+0000: 225.559: [GC (Allocation Failure) 2018-02-19T13:15:43.991+0000: 225.559: [DefNew: 146180K->9167K(153600K), 0.0170789 secs] 193749K->58107K(494976K), 0.0171451 secs] [Times: user=0.02 sys=0.00, real=0.02 secs] 
2018-02-19T13:16:11.944+0000: 253.512: [GC (Allocation Failure) 2018-02-19T13:16:11.944+0000: 253.512: [DefNew: 145743K->8744K(153600K), 0.0162133 secs] 194683K->58951K(494976K), 0.0162970 secs] [Times: user=0.02 sys=0.00, real=0.02 secs] 
2018-02-19T13:16:33.341+0000: 274.909: [GC (Allocation Failure) 2018-02-19T13:16:33.341+0000: 274.909: [DefNew: 145320K->8438K(153600K), 0.0159648 secs] 195527K->60301K(494976K), 0.0160288 secs] [Times: user=0.02 sys=0.00, real=0.02 secs] 
2018-02-19T13:17:00.613+0000: 302.181: [GC (Allocation Failure) 2018-02-19T13:17:00.613+0000: 302.181: [DefNew: 145014K->9729K(153600K), 0.0154431 secs] 196877K->61592K(494976K), 0.0155084 secs] [Times: user=0.01 sys=0.00, real=0.02 secs] 
2018-02-19T13:17:26.846+0000: 328.414: [GC (Allocation Failure) 2018-02-19T13:17:26.846+0000: 328.414: [DefNew: 146305K->9959K(153600K), 0.0180210 secs] 198168K->62999K(494976K), 0.0180990 secs] [Times: user=0.02 sys=0.00, real=0.01 secs] 
2018-02-19T13:17:54.969+0000: 356.537: [GC (Allocation Failure) 2018-02-19T13:17:54.969+0000: 356.537: [DefNew: 146535K->9096K(153600K), 0.0182929 secs] 199575K->64105K(494976K), 0.0183784 secs] [Times: user=0.02 sys=0.00, real=0.02 secs] 
2018-02-19T13:18:18.221+0000: 379.790: [GC (Allocation Failure) 2018-02-19T13:18:18.222+0000: 379.790: [DefNew: 145672K->9451K(153600K), 0.0171703 secs] 200681K->65496K(494976K), 0.0172395 secs] [Times: user=0.01 sys=0.00, real=0.02 secs] 
2018-02-19T13:18:43.852+0000: 405.420: [GC (Allocation Failure) 2018-02-19T13:18:43.852+0000: 405.420: [DefNew: 146027K->9849K(153600K), 0.0221333 secs] 202072K->66932K(494976K), 0.0222172 secs] [Times: user=0.02 sys=0.01, real=0.03 secs] 
2018-02-19T13:19:10.721+0000: 432.289: [GC (Allocation Failure) 2018-02-19T13:19:10.721+0000: 432.289: [DefNew: 146425K->8636K(153600K), 0.0192932 secs] 203508K->68254K(494976K), 0.0193692 secs] [Times: user=0.02 sys=0.01, real=0.02 secs] 
2018-02-19T13:19:37.991+0000: 459.559: [GC (Allocation Failure) 2018-02-19T13:19:37.991+0000: 459.559: [DefNew: 145212K->8557K(153600K), 0.0175874 secs] 204830K->69363K(494976K), 0.0176613 secs] [Times: user=0.01 sys=0.00, real=0.02 secs] 
2018-02-19T13:19:59.372+0000: 480.940: [GC (Allocation Failure) 2018-02-19T13:19:59.372+0000: 480.940: [DefNew: 145133K->8290K(153600K), 0.0158847 secs] 205939K->70542K(494976K), 0.0159527 secs] [Times: user=0.02 sys=0.00, real=0.02 secs] 
2018-02-19T13:20:22.691+0000: 504.259: [GC (Allocation Failure) 2018-02-19T13:20:22.691+0000: 504.259: [DefNew: 144866K->9913K(153600K), 0.0162213 secs] 207118K->72165K(494976K), 0.0162848 secs] [Times: user=0.02 sys=0.00, real=0.02 secs] 
2018-02-19T13:20:47.398+0000: 528.966: [GC (Allocation Failure) 2018-02-19T13:20:47.398+0000: 528.966: [DefNew: 146489K->9786K(153600K), 0.0194356 secs] 208741K->74263K(494976K), 0.0195202 secs] [Times: user=0.02 sys=0.00, real=0.02 secs] 
2018-02-19T13:21:08.255+0000: 549.823: [GC (Allocation Failure) 2018-02-19T13:21:08.255+0000: 549.823: [DefNew: 146362K->8380K(153600K), 0.0184048 secs] 210839K->75646K(494976K), 0.0184787 secs] [Times: user=0.02 sys=0.00, real=0.01 secs] 
2018-02-19T13:21:30.574+0000: 572.142: [GC (Allocation Failure) 2018-02-19T13:21:30.574+0000: 572.142: [DefNew: 144956K->10085K(153600K), 0.0159363 secs] 212222K->77351K(494976K), 0.0160041 secs] [Times: user=0.02 sys=0.00, real=0.01 secs] 
2018-02-19T13:21:55.008+0000: 596.576: [GC (Allocation Failure) 2018-02-19T13:21:55.008+0000: 596.576: [DefNew: 146661K->9371K(153600K), 0.0189696 secs] 213927K->78791K(494976K), 0.0190391 secs] [Times: user=0.02 sys=0.00, real=0.02 secs] 
2018-02-19T13:22:19.540+0000: 621.108: [GC (Allocation Failure) 2018-02-19T13:22:19.540+0000: 621.108: [DefNew: 145947K->9319K(153600K), 0.0164722 secs] 215367K->79963K(494976K), 0.0165386 secs] [Times: user=0.02 sys=0.00, real=0.02 secs] 
2018-02-19T13:22:43.882+0000: 645.450: [GC (Allocation Failure) 2018-02-19T13:22:43.882+0000: 645.450: [DefNew: 145895K->9750K(153600K), 0.0188501 secs] 216539K->81581K(494976K), 0.0189201 secs] [Times: user=0.02 sys=0.00, real=0.02 secs] 
2018-02-19T13:23:12.742+0000: 674.310: [GC (Allocation Failure) 2018-02-19T13:23:12.742+0000: 674.310: [DefNew: 146326K->9939K(153600K), 0.0186925 secs] 218157K->83030K(494976K), 0.0187582 secs] [Times: user=0.02 sys=0.00, real=0.02 secs] 
2018-02-19T13:23:35.391+0000: 696.959: [GC (Allocation Failure) 2018-02-19T13:23:35.391+0000: 696.959: [DefNew: 146515K->8467K(153600K), 0.0182903 secs] 219606K->84320K(494976K), 0.0183529 secs] [Times: user=0.02 sys=0.00, real=0.02 secs] 
2018-02-19T13:24:01.164+0000: 722.732: [GC (Allocation Failure) 2018-02-19T13:24:01.164+0000: 722.732: [DefNew: 145043K->9915K(153600K), 0.0153352 secs] 220896K->85769K(494976K), 0.0154088 secs] [Times: user=0.01 sys=0.00, real=0.02 secs] 
2018-02-19T13:24:18.993+0000: 740.561: [GC (Allocation Failure) 2018-02-19T13:24:18.993+0000: 740.561: [DefNew: 146491K->10005K(153600K), 0.0168246 secs] 222345K->87155K(494976K), 0.0168878 secs] [Times: user=0.02 sys=0.00, real=0.02 secs] 
2018-02-19T13:24:42.726+0000: 764.294: [GC (Allocation Failure) 2018-02-19T13:24:42.726+0000: 764.294: [DefNew: 146581K->10262K(153600K), 0.0177115 secs] 223731K->88710K(494976K), 0.0178146 secs] [Times: user=0.02 sys=0.00, real=0.02 secs] 
2018-02-19T13:25:06.058+0000: 787.626: [GC (Allocation Failure) 2018-02-19T13:25:06.058+0000: 787.626: [DefNew: 146838K->9324K(153600K), 0.0188797 secs] 225286K->90189K(494976K), 0.0189634 secs] [Times: user=0.01 sys=0.01, real=0.02 secs] 
2018-02-19T13:25:31.633+0000: 813.201: [GC (Allocation Failure) 2018-02-19T13:25:31.633+0000: 813.201: [DefNew: 145900K->9162K(153600K), 0.0167346 secs] 226765K->91664K(494976K), 0.0168187 secs] [Times: user=0.02 sys=0.00, real=0.02 secs] 
2018-02-19T13:25:53.101+0000: 834.669: [GC (Allocation Failure) 2018-02-19T13:25:53.101+0000: 834.669: [DefNew: 145738K->9110K(153600K), 0.0174138 secs] 228240K->93252K(494976K), 0.0174796 secs] [Times: user=0.02 sys=0.00, real=0.02 secs] 
2018-02-19T13:26:18.431+0000: 859.999: [GC (Allocation Failure) 2018-02-19T13:26:18.431+0000: 859.999: [DefNew: 145686K->9812K(153600K), 0.0298438 secs] 229828K->95447K(494976K), 0.0299087 secs] [Times: user=0.00 sys=0.02, real=0.03 secs] 
2018-02-19T13:26:41.643+0000: 883.211: [GC (Allocation Failure) 2018-02-19T13:26:41.643+0000: 883.211: [DefNew: 146388K->9557K(153600K), 0.0161438 secs] 232023K->96633K(494976K), 0.0162077 secs] [Times: user=0.02 sys=0.00, real=0.02 secs] 
2018-02-19T13:27:06.957+0000: 908.525: [GC (Allocation Failure) 2018-02-19T13:27:06.957+0000: 908.525: [DefNew: 146133K->9629K(153600K), 0.0183713 secs] 233209K->98264K(494976K), 0.0184452 secs] [Times: user=0.01 sys=0.00, real=0.02 secs] 
2018-02-19T13:27:28.232+0000: 929.800: [GC (Allocation Failure) 2018-02-19T13:27:28.232+0000: 929.800: [DefNew: 146205K->10289K(153600K), 0.0309415 secs] 234840K->100357K(494976K), 0.0310144 secs] [Times: user=0.00 sys=0.04, real=0.03 secs] 
13:27:39.152 [Client] INFO  c.s.f.r.e.s.SocketRear  - FlameSocketGraphDeployerRear@172.31.44.83: has been disconnected from Connection 7
13:27:52.874 [worker-akka.actor.default-dispatcher-2] INFO  a.a.CoordinatedShutdown CoordinatedShutdown(akka://worker) - Starting coordinated shutdown from JVM shutdown hook
13:27:52.915 [worker-akka.actor.default-dispatcher-2] INFO  a.a.LocalActorRef akka://worker/user/watcher/graph0000000000/negotiator - Stopped
13:27:52.920 [worker-akka.actor.default-dispatcher-2] INFO  a.a.LocalActorRef akka://worker/user/watcher/graph0000000000/edge/FlameSocketGraphDeployerFront - Stopped
13:27:52.922 [worker-akka.actor.default-dispatcher-2] INFO  a.a.LocalActorRef akka://worker/user/watcher/graph0000000000/edge/FlameSocketGraphDeployerRear - Stopped
13:27:52.923 [worker-akka.actor.default-dispatcher-2] INFO  a.a.LocalActorRef akka://worker/user/watcher/graph0000000000/graph/$a - Stopped
13:27:52.924 [worker-akka.actor.default-dispatcher-2] INFO  a.a.LocalActorRef akka://worker/user/watcher/graph0000000000/graph/$b - Stopped
13:27:52.925 [worker-akka.actor.default-dispatcher-2] INFO  a.a.LocalActorRef akka://worker/user/watcher/graph0000000000/graph/$c - Stopped
13:27:52.925 [worker-akka.actor.default-dispatcher-2] INFO  a.a.LocalActorRef akka://worker/user/watcher/graph0000000000/graph/local-acker/$a - Stopped
13:27:52.929 [worker-akka.actor.default-dispatcher-2] INFO  a.a.LocalActorRef akka://worker/user/watcher/graph0000000000/edge - Stopped
13:27:52.929 [worker-akka.actor.default-dispatcher-2] INFO  a.a.LocalActorRef akka://worker/user/watcher/graph0000000000/graph/local-acker/$a - Message [com.spbsu.flamestream.runtime.utils.akka.PingActor$InnerPing] from Actor[akka://worker/user/watcher/graph0000000000/graph/local-acker/$a#1438246699] to Actor[akka://worker/user/watcher/graph0000000000/graph/local-acker/$a#1438246699] was not delivered. [1] dead letters encountered. This logging can be turned off or adjusted with configuration settings 'akka.log-dead-letters' and 'akka.log-dead-letters-during-shutdown'.
13:27:52.929 [worker-akka.actor.default-dispatcher-2] INFO  a.a.LocalActorRef akka://worker/user/watcher/graph0000000000/graph/local-acker - Stopped
13:27:52.932 [worker-akka.actor.default-dispatcher-2] INFO  a.a.LocalActorRef akka://worker/user/watcher/graph0000000000/graph/local-acker/$a - Message [com.spbsu.flamestream.runtime.utils.akka.PingActor$Stop] from Actor[akka://worker/user/watcher/graph0000000000/graph/local-acker#1878085624] to Actor[akka://worker/user/watcher/graph0000000000/graph/local-acker/$a#1438246699] was not delivered. [2] dead letters encountered. This logging can be turned off or adjusted with configuration settings 'akka.log-dead-letters' and 'akka.log-dead-letters-during-shutdown'.
13:27:52.933 [worker-akka.actor.default-dispatcher-2] INFO  a.a.LocalActorRef akka://worker/user/watcher/graph0000000000/graph/local-acker - Message [com.spbsu.flamestream.runtime.acker.LocalAcker$Flush] from Actor[akka://worker/user/watcher/graph0000000000/graph/local-acker#1878085624] to Actor[akka://worker/user/watcher/graph0000000000/graph/local-acker#1878085624] was not delivered. [3] dead letters encountered. This logging can be turned off or adjusted with configuration settings 'akka.log-dead-letters' and 'akka.log-dead-letters-during-shutdown'.
13:27:52.934 [worker-akka.actor.default-dispatcher-2] INFO  a.a.LocalActorRef akka://worker/user/watcher/graph0000000000/graph/local-acker - Message [com.spbsu.flamestream.runtime.acker.LocalAcker$Flush] from Actor[akka://worker/user/watcher/graph0000000000/graph/local-acker#1878085624] to Actor[akka://worker/user/watcher/graph0000000000/graph/local-acker#1878085624] was not delivered. [4] dead letters encountered. This logging can be turned off or adjusted with configuration settings 'akka.log-dead-letters' and 'akka.log-dead-letters-during-shutdown'.
13:27:52.934 [worker-akka.actor.default-dispatcher-2] INFO  a.a.LocalActorRef akka://worker/user/watcher/graph0000000000/graph/local-acker - Message [com.spbsu.flamestream.runtime.acker.LocalAcker$Flush] from Actor[akka://worker/user/watcher/graph0000000000/graph/local-acker#1878085624] to Actor[akka://worker/user/watcher/graph0000000000/graph/local-acker#1878085624] was not delivered. [5] dead letters encountered. This logging can be turned off or adjusted with configuration settings 'akka.log-dead-letters' and 'akka.log-dead-letters-during-shutdown'.
13:27:52.934 [worker-akka.actor.default-dispatcher-2] INFO  a.a.LocalActorRef akka://worker/user/watcher/graph0000000000/graph/local-acker - Message [com.spbsu.flamestream.runtime.acker.LocalAcker$Flush] from Actor[akka://worker/user/watcher/graph0000000000/graph/local-acker#1878085624] to Actor[akka://worker/user/watcher/graph0000000000/graph/local-acker#1878085624] was not delivered. [6] dead letters encountered. This logging can be turned off or adjusted with configuration settings 'akka.log-dead-letters' and 'akka.log-dead-letters-during-shutdown'.
13:27:52.935 [worker-akka.actor.default-dispatcher-2] INFO  a.a.LocalActorRef akka://worker/user/watcher/graph0000000000/graph/local-acker - Message [com.spbsu.flamestream.runtime.acker.LocalAcker$Flush] from Actor[akka://worker/user/watcher/graph0000000000/graph/local-acker#1878085624] to Actor[akka://worker/user/watcher/graph0000000000/graph/local-acker#1878085624] was not delivered. [7] dead letters encountered. This logging can be turned off or adjusted with configuration settings 'akka.log-dead-letters' and 'akka.log-dead-letters-during-shutdown'.
13:27:52.936 [worker-akka.actor.default-dispatcher-2] INFO  a.a.LocalActorRef akka://worker/user/watcher/graph0000000000/graph/local-acker - Message [com.spbsu.flamestream.runtime.acker.LocalAcker$Flush] from Actor[akka://worker/user/watcher/graph0000000000/graph/local-acker#1878085624] to Actor[akka://worker/user/watcher/graph0000000000/graph/local-acker#1878085624] was not delivered. [8] dead letters encountered. This logging can be turned off or adjusted with configuration settings 'akka.log-dead-letters' and 'akka.log-dead-letters-during-shutdown'.
13:27:52.936 [worker-akka.actor.default-dispatcher-2] INFO  a.a.LocalActorRef akka://worker/user/watcher/graph0000000000/graph/local-acker - Message [com.spbsu.flamestream.runtime.acker.LocalAcker$Flush] from Actor[akka://worker/user/watcher/graph0000000000/graph/local-acker#1878085624] to Actor[akka://worker/user/watcher/graph0000000000/graph/local-acker#1878085624] was not delivered. [9] dead letters encountered. This logging can be turned off or adjusted with configuration settings 'akka.log-dead-letters' and 'akka.log-dead-letters-during-shutdown'.
13:27:52.936 [worker-akka.actor.default-dispatcher-2] INFO  a.a.LocalActorRef akka://worker/user/watcher/graph0000000000/graph/local-acker - Message [com.spbsu.flamestream.runtime.acker.LocalAcker$Flush] from Actor[akka://worker/user/watcher/graph0000000000/graph/local-acker#1878085624] to Actor[akka://worker/user/watcher/graph0000000000/graph/local-acker#1878085624] was not delivered. [10] dead letters encountered. This logging can be turned off or adjusted with configuration settings 'akka.log-dead-letters' and 'akka.log-dead-letters-during-shutdown'.
13:27:52.937 [worker-akka.actor.default-dispatcher-2] INFO  a.a.LocalActorRef akka://worker/user/watcher/graph0000000000/graph - Stopped
13:27:52.939 [worker-akka.actor.default-dispatcher-2-EventThread] INFO  o.a.z.ClientCnxn  - EventThread shut down for session: 0x161ae307a94000c
13:27:52.940 [worker-akka.actor.default-dispatcher-2] INFO  o.a.z.ZooKeeper  - Session: 0x161ae307a94000c closed
13:27:52.940 [worker-akka.actor.default-dispatcher-2] INFO  a.a.LocalActorRef akka://worker/user/watcher/graph0000000000 - Stopped
13:27:52.941 [worker-akka.actor.default-dispatcher-2] INFO  a.a.RepointableActorRef akka://worker/user/watcher - Stopped
13:27:52.955 [worker-akka.actor.default-dispatcher-2] INFO  a.r.RemoteActorRefProvider$RemotingTerminator akka://worker@172.31.44.83:5412/system/remoting-terminator - Shutting down remote daemon.
13:27:52.961 [worker-akka.actor.default-dispatcher-2] INFO  a.r.RemoteActorRefProvider$RemotingTerminator akka://worker@172.31.44.83:5412/system/remoting-terminator - Remote daemon shut down; proceeding with flushing remote transports.
13:27:54.112 [worker-akka.actor.default-dispatcher-2] INFO  a.r.RemoteActorRefProvider$RemotingTerminator akka://worker@172.31.44.83:5412/system/remoting-terminator - Remoting shut down.
Heap
 def new generation   total 153600K, used 87380K [0x00000000e0c00000, 0x00000000eb2a0000, 0x00000000eb2a0000)
  eden space 136576K,  56% used [0x00000000e0c00000, 0x00000000e5748a90, 0x00000000e9160000)
  from space 17024K,  60% used [0x00000000ea200000, 0x00000000eac0c7b8, 0x00000000eb2a0000)
  to   space 17024K,   0% used [0x00000000e9160000, 0x00000000e9160000, 0x00000000ea200000)
 tenured generation   total 341376K, used 90067K [0x00000000eb2a0000, 0x0000000100000000, 0x0000000100000000)
   the space 341376K,  26% used [0x00000000eb2a0000, 0x00000000f0a94d78, 0x00000000f0a94e00, 0x0000000100000000)
 Metaspace       used 33565K, capacity 34362K, committed 34688K, reserved 1079296K
  class space    used 4456K, capacity 4624K, committed 4736K, reserved 1048576K
