11:28:35,867 |-INFO in ch.qos.logback.classic.LoggerContext[default] - Could NOT find resource [logback-test.xml]
11:28:35,867 |-INFO in ch.qos.logback.classic.LoggerContext[default] - Could NOT find resource [logback.groovy]
11:28:35,867 |-INFO in ch.qos.logback.classic.LoggerContext[default] - Found resource [logback.xml] at [jar:file:/opt/flamestream/lib/flamestream-runtime-1.0-SNAPSHOT.jar!/logback.xml]
11:28:35,868 |-WARN in ch.qos.logback.classic.LoggerContext[default] - Resource [logback.xml] occurs multiple times on the classpath.
11:28:35,868 |-WARN in ch.qos.logback.classic.LoggerContext[default] - Resource [logback.xml] occurs at [jar:file:/opt/flamestream/flamestream-runtime-1.0-SNAPSHOT.jar!/logback.xml]
11:28:35,868 |-WARN in ch.qos.logback.classic.LoggerContext[default] - Resource [logback.xml] occurs at [jar:file:/opt/flamestream/lib/flamestream-runtime-1.0-SNAPSHOT.jar!/logback.xml]
11:28:35,886 |-INFO in ch.qos.logback.core.joran.spi.ConfigurationWatchList@69b794e2 - URL [jar:file:/opt/flamestream/lib/flamestream-runtime-1.0-SNAPSHOT.jar!/logback.xml] is not of type file
11:28:35,969 |-INFO in ch.qos.logback.classic.joran.action.ConfigurationAction - debug attribute not set
11:28:35,969 |-INFO in ch.qos.logback.core.joran.action.AppenderAction - About to instantiate appender of type [ch.qos.logback.core.ConsoleAppender]
11:28:35,978 |-INFO in ch.qos.logback.core.joran.action.AppenderAction - Naming appender as [STDOUT]
11:28:35,986 |-INFO in ch.qos.logback.core.joran.action.NestedComplexPropertyIA - Assuming default type [ch.qos.logback.classic.encoder.PatternLayoutEncoder] for [encoder] property
11:28:36,020 |-INFO in ch.qos.logback.core.joran.action.AppenderAction - About to instantiate appender of type [ch.qos.logback.core.rolling.RollingFileAppender]
11:28:36,028 |-INFO in ch.qos.logback.core.joran.action.AppenderAction - Naming appender as [FILE]
11:28:36,045 |-INFO in c.q.l.core.rolling.TimeBasedRollingPolicy@1059063940 - No compression will be used
11:28:36,051 |-INFO in c.q.l.core.rolling.TimeBasedRollingPolicy@1059063940 - Will use the pattern /tmp/application_%d{yyyy-MM-dd}.%i.log for the active file
11:28:36,054 |-INFO in ch.qos.logback.core.rolling.SizeAndTimeBasedFNATP@4d339552 - The date pattern is 'yyyy-MM-dd' from file name pattern '/tmp/application_%d{yyyy-MM-dd}.%i.log'.
11:28:36,054 |-INFO in ch.qos.logback.core.rolling.SizeAndTimeBasedFNATP@4d339552 - Roll-over at midnight.
11:28:36,059 |-INFO in ch.qos.logback.core.rolling.SizeAndTimeBasedFNATP@4d339552 - Setting initial period to Fri Mar 30 10:41:23 UTC 2018
11:28:36,059 |-WARN in ch.qos.logback.core.rolling.SizeAndTimeBasedFNATP@4d339552 - SizeAndTimeBasedFNATP is deprecated. Use SizeAndTimeBasedRollingPolicy instead
11:28:36,059 |-WARN in ch.qos.logback.core.rolling.SizeAndTimeBasedFNATP@4d339552 - For more information see http://logback.qos.ch/manual/appenders.html#SizeAndTimeBasedRollingPolicy
11:28:36,063 |-INFO in ch.qos.logback.core.joran.action.NestedComplexPropertyIA - Assuming default type [ch.qos.logback.classic.encoder.PatternLayoutEncoder] for [encoder] property
11:28:36,068 |-INFO in ch.qos.logback.core.rolling.RollingFileAppender[FILE] - Active log file name: /tmp/application.log
11:28:36,068 |-INFO in ch.qos.logback.core.rolling.RollingFileAppender[FILE] - File property is set to [/tmp/application.log]
11:28:36,069 |-INFO in ch.qos.logback.classic.joran.action.RootLoggerAction - Setting level of ROOT logger to INFO
11:28:36,069 |-INFO in ch.qos.logback.core.joran.action.AppenderRefAction - Attaching appender named [STDOUT] to Logger[ROOT]
11:28:36,069 |-INFO in ch.qos.logback.core.joran.action.AppenderRefAction - Attaching appender named [FILE] to Logger[ROOT]
11:28:36,069 |-INFO in ch.qos.logback.classic.joran.action.ConfigurationAction - End of configuration.
11:28:36,070 |-INFO in ch.qos.logback.classic.joran.JoranConfigurator@f0f2775 - Registering current configuration as safe fallback point

11:28:36.073 [main] INFO  c.s.f.r.a.WorkerApplication  - Starting worker with id: '10.0.0.170', host: '10.0.0.170:5412', zkString: '10.0.0.107:2181'
11:28:36.925 [worker-akka.actor.default-dispatcher-6] INFO  a.e.s.Slf4jLogger  - Slf4jLogger started
2018-03-30T11:28:37.071+0000: 1.787: [Full GC (Metadata GC Threshold) 2018-03-30T11:28:37.071+0000: 1.787: [Tenured: 0K->15875K(341376K), 0.0388651 secs] 131339K->15875K(494976K), [Metaspace: 20936K->20936K(1067008K)], 0.0389280 secs] [Times: user=0.04 sys=0.00, real=0.04 secs] 
Ama winner
Ama winner
11:28:37.464 [worker-akka.actor.default-dispatcher-6] INFO  a.r.a.ArteryTransport(akka://worker) akka.remote.artery.ArteryTransport(akka://worker) - Started embedded media driver in directory [/dev/shm/aeron-10.0.0.170]
11:28:37.634 [worker-akka.actor.default-dispatcher-6] INFO  a.r.a.ArteryTransport(akka://worker) akka.remote.artery.ArteryTransport(akka://worker) - Remoting started; listening on address: [akka://worker@10.0.0.170:5412] with UID [-7129767239655150872]
11:28:37.688 [worker-akka.actor.default-dispatcher-6] INFO  a.a.RepointableActorRef akka://worker/user/watcher - Starting...
11:28:37.748 [worker-akka.actor.default-dispatcher-4] INFO  o.a.z.ZooKeeper  - Client environment:zookeeper.version=3.4.9-1757313, built on 08/23/2016 06:50 GMT
11:28:37.748 [worker-akka.actor.default-dispatcher-4] INFO  o.a.z.ZooKeeper  - Client environment:host.name=localhost
11:28:37.749 [worker-akka.actor.default-dispatcher-4] INFO  o.a.z.ZooKeeper  - Client environment:java.version=1.8.0_151
11:28:37.749 [worker-akka.actor.default-dispatcher-4] INFO  o.a.z.ZooKeeper  - Client environment:java.vendor=Oracle Corporation
11:28:37.749 [worker-akka.actor.default-dispatcher-4] INFO  o.a.z.ZooKeeper  - Client environment:java.home=/usr/lib/jvm/java-8-openjdk-amd64/jre
11:28:37.749 [worker-akka.actor.default-dispatcher-4] INFO  o.a.z.ZooKeeper  - Client environment:java.class.path=lib/commons-cli-1.4.jar:lib/minlog-1.3.0.jar:lib/asm-5.0.4.jar:lib/hadoop-annotations-2.7.3.jar:lib/hadoop-auth-2.7.3.jar:lib/akka-slf4j_2.11-2.5.6.jar:lib/jersey-core-1.9.jar:lib/lz4-1.3.0.jar:lib/jackson-core-asl-1.9.13.jar:lib/aeron-client-1.3.0.jar:lib/htrace-core-3.1.0-incubating.jar:lib/xz-1.0.jar:lib/commons-httpclient-3.1.jar:lib/asm-3.1.jar:lib/commons-lang3-3.4.jar:lib/scala-library-2.11.11.jar:lib/scala-java8-compat_2.11-0.7.0.jar:lib/commons-configuration-1.6.jar:lib/objenesis-2.1.jar:lib/jackson-annotations-2.8.0.jar:lib/jsr305-3.0.0.jar:lib/curator-framework-2.7.1.jar:lib/jersey-server-1.9.jar:lib/jets3t-0.9.0.jar:lib/leveldb-0.7.jar:lib/jetty-6.1.26.jar:lib/stax-api-1.0-2.jar:lib/flamestream-core-1.0-SNAPSHOT.jar:lib/reflectasm-1.07-shaded.jar:lib/apacheds-kerberos-codec-2.0.0-M15.jar:lib/api-asn1-api-1.0.0-M20.jar:lib/commons-lang-2.6.jar:lib/commons-beanutils-1.7.0.jar:lib/jackson-xc-1.8.3.jar:lib/jetty-util-6.1.26.jar:lib/logback-classic-1.2.3.jar:lib/jool-0.9.12.jar:lib/httpcore-4.1.2.jar:lib/kryo-4.0.0.jar:lib/ant-1.8.1.jar:lib/jaxb-impl-2.2.3-1.jar:lib/jersey-json-1.9.jar:lib/commons-compress-1.4.1.jar:lib/leveldbjni-all-1.8.jar:lib/paranamer-2.3.jar:lib/jackson-core-2.8.4.jar:lib/commons-math3-3.6.1.jar:lib/scala-parser-combinators_2.11-1.0.4.jar:lib/netty-3.10.6.Final.jar:lib/trove4j-3.0.3.jar:lib/jaxb-api-2.2.2.jar:lib/logback-core-1.2.3.jar:lib/snappy-java-1.0.4.1.jar:lib/protobuf-java-2.5.0.jar:lib/reactive-streams-1.0.1.jar:lib/flamestream-examples-1.0-SNAPSHOT.jar:lib/commons-codec-1.4.jar:lib/activation-1.1.jar:lib/commons-net-3.1.jar:lib/curator-recipes-2.7.1.jar:lib/jackson-mapper-asl-1.9.13.jar:lib/jackson-databind-2.8.4.jar:lib/flamestream-runtime-1.0-SNAPSHOT.jar:lib/jackson-jaxrs-1.8.3.jar:lib/slf4j-api-1.7.24.jar:lib/akka-remote_2.11-2.5.6.jar:lib/akka-testkit_2.11-2.5.6.jar:lib/jline-0.9.94.jar:lib/jedis-2.9.0.jar:lib/akka-stream_2.11-2.5.6.jar:lib/jsp-api-2.1.jar:lib/kryonet-2.21.jar:lib/akka-kryo-serialization_2.11-0.5.0.jar:lib/config-1.3.1.jar:lib/ant-launcher-1.8.1.jar:lib/commons-logging-1.2.jar:lib/ssl-config-core_2.11-0.2.2.jar:lib/testng-6.10.jar:lib/leveldb-api-0.7.jar:lib/reflectasm-1.11.3.jar:lib/jcommander-1.48.jar:lib/commons-1.1.jar:lib/commons-digester-1.8.jar:lib/minlog-1.2.jar:lib/java-xmlbuilder-0.4.jar:lib/jettison-1.1.jar:lib/gson-2.2.4.jar:lib/jdk.tools-1.8.jar:lib/aeron-driver-1.3.0.jar:lib/zookeeper-3.4.9.jar:lib/commons-beanutils-core-1.8.0.jar:lib/commons-math3-3.1.1.jar:lib/akka-actor_2.11-2.5.6.jar:lib/curator-client-2.7.1.jar:lib/servlet-api-2.5.jar:lib/commons-pool2-2.4.2.jar:lib/apacheds-i18n-2.0.0-M15.jar:lib/commons-io-2.4.jar:lib/commons-codec-1.6.jar:lib/akka-protobuf_2.11-2.5.6.jar:lib/jdom-2.0.2.jar:lib/rocksdbjni-5.5.1.jar:lib/api-util-1.0.0-M20.jar:lib/hadoop-common-2.7.3.jar:lib/agrona-0.9.6.jar:lib/xmlenc-0.52.jar:lib/guava-21.0.jar:lib/commons-collections-3.2.2.jar:lib/avro-1.7.4.jar:lib/httpclient-4.1.2.jar:lib/flamestream-core-1.0-SNAPSHOT-tests.jar:lib/annotations-12.0.jar:lib/jsch-0.1.42.jar:flamestream-runtime-1.0-SNAPSHOT.jar
11:28:37.749 [worker-akka.actor.default-dispatcher-4] INFO  o.a.z.ZooKeeper  - Client environment:java.library.path=/usr/java/packages/lib/amd64:/usr/lib/x86_64-linux-gnu/jni:/lib/x86_64-linux-gnu:/usr/lib/x86_64-linux-gnu:/usr/lib/jni:/lib:/usr/lib
11:28:37.750 [worker-akka.actor.default-dispatcher-4] INFO  o.a.z.ZooKeeper  - Client environment:java.io.tmpdir=/tmp
11:28:37.750 [worker-akka.actor.default-dispatcher-4] INFO  o.a.z.ZooKeeper  - Client environment:java.compiler=<NA>
11:28:37.751 [worker-akka.actor.default-dispatcher-4] INFO  o.a.z.ZooKeeper  - Client environment:os.name=Linux
11:28:37.751 [worker-akka.actor.default-dispatcher-4] INFO  o.a.z.ZooKeeper  - Client environment:os.arch=amd64
11:28:37.753 [worker-akka.actor.default-dispatcher-4] INFO  o.a.z.ZooKeeper  - Client environment:os.version=4.4.0-1049-aws
11:28:37.753 [worker-akka.actor.default-dispatcher-4] INFO  o.a.z.ZooKeeper  - Client environment:user.name=root
11:28:37.753 [worker-akka.actor.default-dispatcher-4] INFO  o.a.z.ZooKeeper  - Client environment:user.home=/root
11:28:37.753 [worker-akka.actor.default-dispatcher-4] INFO  o.a.z.ZooKeeper  - Client environment:user.dir=/opt/flamestream
11:28:37.756 [worker-akka.actor.default-dispatcher-4] INFO  o.a.z.ZooKeeper  - Initiating client connection, connectString=10.0.0.107:2181 sessionTimeout=5000 watcher=com.spbsu.flamestream.runtime.application.LifecycleWatcher$$Lambda$30/1503265459@43ccf0a4
11:28:37.792 [worker-akka.actor.default-dispatcher-4-SendThread(10.0.0.107:2181)] INFO  o.a.z.ClientCnxn  - Opening socket connection to server 10.0.0.107/10.0.0.107:2181. Will not attempt to authenticate using SASL (unknown error)
11:28:37.801 [worker-akka.actor.default-dispatcher-4-SendThread(10.0.0.107:2181)] INFO  o.a.z.ClientCnxn  - Socket connection established to 10.0.0.107/10.0.0.107:2181, initiating session
11:28:37.810 [worker-akka.actor.default-dispatcher-4-SendThread(10.0.0.107:2181)] INFO  o.a.z.ClientCnxn  - Session establishment complete on server 10.0.0.107/10.0.0.107:2181, sessionid = 0x16276a9cd3d0009, negotiated timeout = 6000
11:28:37.819 [worker-akka.actor.default-dispatcher-6] INFO  a.a.RepointableActorRef akka://worker/user/watcher - Initializing rocksDB backend
11:28:37.991 [worker-akka.actor.default-dispatcher-6] INFO  a.a.RepointableActorRef akka://worker/user/watcher - Connected to ZK
11:28:46.725 [worker-akka.actor.default-dispatcher-6] INFO  a.a.RepointableActorRef akka://worker/user/watcher - Creating node with watchGraphs: 'com.spbsu.flamestream.core.Graph$Builder$MyGraph@78461fea', config: 'ClusterConfig{paths={10.0.0.205=akka://worker@10.0.0.205:5412/user/watcher, 10.0.0.60=akka://worker@10.0.0.60:5412/user/watcher, 10.0.0.170=akka://worker@10.0.0.170:5412/user/watcher, 10.0.0.124=akka://worker@10.0.0.124:5412/user/watcher, 10.0.0.49=akka://worker@10.0.0.49:5412/user/watcher, 10.0.0.42=akka://worker@10.0.0.42:5412/user/watcher, 10.0.0.97=akka://worker@10.0.0.97:5412/user/watcher, 10.0.0.251=akka://worker@10.0.0.251:5412/user/watcher, 10.0.0.162=akka://worker@10.0.0.162:5412/user/watcher, 10.0.0.173=akka://worker@10.0.0.173:5412/user/watcher}, ackerLocation='10.0.0.60', props=ComputationLayout{hashGroups={10.0.0.205=com.spbsu.flamestream.runtime.config.HashGroup@1ffe1b9d, 10.0.0.60=com.spbsu.flamestream.runtime.config.HashGroup@c01f, 10.0.0.170=com.spbsu.flamestream.runtime.config.HashGroup@5d5c21bc, 10.0.0.124=com.spbsu.flamestream.runtime.config.HashGroup@56dcaf5d, 10.0.0.49=com.spbsu.flamestream.runtime.config.HashGroup@c65a7748, 10.0.0.42=com.spbsu.flamestream.runtime.config.HashGroup@231425fe, 10.0.0.97=com.spbsu.flamestream.runtime.config.HashGroup@fbc82752, 10.0.0.251=com.spbsu.flamestream.runtime.config.HashGroup@ccbcd570, 10.0.0.162=com.spbsu.flamestream.runtime.config.HashGroup@4276a447, 10.0.0.173=com.spbsu.flamestream.runtime.config.HashGroup@3fc198ed}}}'
11:28:47.561 [worker-akka.actor.default-dispatcher-4] INFO  a.a.LocalActorRef akka://worker/user/watcher/graph_at_0/graph - Starting...
11:28:47.570 [worker-akka.actor.default-dispatcher-5] INFO  a.a.LocalActorRef akka://worker/user/watcher/graph_at_0/graph/local-acker/$a - Starting...
11:28:47.576 [worker-akka.actor.default-dispatcher-4] INFO  a.a.LocalActorRef akka://worker/user/watcher/graph_at_0/graph/local-acker - Starting...
11:28:48.468 [worker-akka.actor.default-dispatcher-2] INFO  a.a.LocalActorRef akka://worker/user/watcher/graph_at_0/graph - Finishing constructor
11:28:48.471 [worker-akka.actor.default-dispatcher-5] INFO  a.a.LocalActorRef akka://worker/user/watcher/graph_at_0/negotiator - Starting...
11:28:48.475 [worker-akka.actor.default-dispatcher-2] INFO  a.a.LocalActorRef akka://worker/user/watcher/graph_at_0 - Starting FlameNode with config 'ClusterConfig{paths={10.0.0.205=akka://worker@10.0.0.205:5412/user/watcher/graph_at_0, 10.0.0.60=akka://worker@10.0.0.60:5412/user/watcher/graph_at_0, 10.0.0.170=akka://worker@10.0.0.170:5412/user/watcher/graph_at_0, 10.0.0.124=akka://worker@10.0.0.124:5412/user/watcher/graph_at_0, 10.0.0.49=akka://worker@10.0.0.49:5412/user/watcher/graph_at_0, 10.0.0.42=akka://worker@10.0.0.42:5412/user/watcher/graph_at_0, 10.0.0.97=akka://worker@10.0.0.97:5412/user/watcher/graph_at_0, 10.0.0.251=akka://worker@10.0.0.251:5412/user/watcher/graph_at_0, 10.0.0.162=akka://worker@10.0.0.162:5412/user/watcher/graph_at_0, 10.0.0.173=akka://worker@10.0.0.173:5412/user/watcher/graph_at_0}, ackerLocation='10.0.0.60', props=ComputationLayout{hashGroups={10.0.0.205=com.spbsu.flamestream.runtime.config.HashGroup@1ffe1b9d, 10.0.0.60=com.spbsu.flamestream.runtime.config.HashGroup@c01f, 10.0.0.170=com.spbsu.flamestream.runtime.config.HashGroup@5d5c21bc, 10.0.0.124=com.spbsu.flamestream.runtime.config.HashGroup@56dcaf5d, 10.0.0.49=com.spbsu.flamestream.runtime.config.HashGroup@c65a7748, 10.0.0.42=com.spbsu.flamestream.runtime.config.HashGroup@231425fe, 10.0.0.97=com.spbsu.flamestream.runtime.config.HashGroup@fbc82752, 10.0.0.251=com.spbsu.flamestream.runtime.config.HashGroup@ccbcd570, 10.0.0.162=com.spbsu.flamestream.runtime.config.HashGroup@4276a447, 10.0.0.173=com.spbsu.flamestream.runtime.config.HashGroup@3fc198ed}}}'
11:28:48.475 [worker-akka.actor.default-dispatcher-2] INFO  a.a.LocalActorRef akka://worker/user/watcher/graph_at_0/edge - Starting...
11:28:48.505 [worker-akka.actor.default-dispatcher-10] INFO  a.a.LocalActorRef akka://worker/user/watcher/graph_at_0/negotiator - Requesting ticket for the frontClass FlameSocketGraphDeployerFront@10.0.0.170
11:28:48.522 [worker-akka.actor.default-dispatcher-5] INFO  a.a.LocalActorRef akka://worker/user/watcher/graph_at_0/graph - Received last commit 'LastCommit{globalTime=(0000000, min@min)}'
11:28:48.543 [worker-akka.actor.default-dispatcher-2] INFO  c.s.f.r.e.s.SocketRear  - FlameSocketGraphDeployerRear@10.0.0.170: connecting to 10.0.0.107:5678
11:28:48.546 [worker-akka.actor.default-dispatcher-3] INFO  a.a.LocalActorRef akka://worker/user/watcher/graph_at_0/edge/FlameSocketGraphDeployerFront - Starting...
11:28:48.563 [worker-akka.actor.default-dispatcher-2] INFO  c.s.f.r.e.s.SocketRear  - FlameSocketGraphDeployerRear@10.0.0.170: connected to 10.0.0.107:5678
11:28:48.564 [worker-akka.actor.default-dispatcher-2] INFO  a.a.LocalActorRef akka://worker/user/watcher/graph_at_0/edge/FlameSocketGraphDeployerRear - Starting...
11:28:48.605 [worker-akka.actor.default-dispatcher-4] INFO  a.a.LocalActorRef akka://worker/user/watcher/graph_at_0/graph/$a - Starting...
11:28:48.610 [worker-akka.actor.default-dispatcher-4] INFO  a.a.LocalActorRef akka://worker/user/watcher/graph_at_0/graph/$b - Starting...
11:28:48.627 [worker-akka.actor.default-dispatcher-4] INFO  a.a.LocalActorRef akka://worker/user/watcher/graph_at_0/graph/$c - Starting...
11:28:48.655 [worker-akka.actor.default-dispatcher-4] INFO  a.a.LocalActorRef akka://worker/user/watcher/graph_at_0/graph/$c - Attached rear to graph (-9223372036854775808, min@min)
11:28:49.345 [worker-akka.actor.default-dispatcher-4] INFO  a.a.LocalActorRef akka://worker/user/watcher/graph_at_0/negotiator - Ticket for the frontClass received: FrontTicket{allowedTimestamp=(0000000, FlameSocketGraphDeployerFront@10.0.0.170)}
11:28:49.348 [worker-akka.actor.default-dispatcher-4] INFO  c.s.f.r.e.s.SocketFront  - FlameSocketGraphDeployerFront@10.0.0.170: connecting to 10.0.0.107:4567
11:28:49.373 [Client] INFO  c.s.f.r.e.s.SocketFront  - FlameSocketGraphDeployerFront@10.0.0.170 has been disconnected from Connection 3
2018-03-30T11:28:53.625+0000: 18.341: [GC (Allocation Failure) 2018-03-30T11:28:53.625+0000: 18.341: [DefNew: 136576K->15927K(153600K), 0.0239370 secs] 152451K->51333K(494976K), 0.0240007 secs] [Times: user=0.02 sys=0.01, real=0.03 secs] 
2018-03-30T11:29:02.438+0000: 27.154: [GC (Allocation Failure) 2018-03-30T11:29:02.438+0000: 27.154: [DefNew: 152503K->5945K(153600K), 0.0288349 secs] 187909K->49503K(494976K), 0.0288999 secs] [Times: user=0.03 sys=0.00, real=0.03 secs] 
2018-03-30T11:29:13.695+0000: 38.411: [GC (Allocation Failure) 2018-03-30T11:29:13.695+0000: 38.411: [DefNew: 142521K->9892K(153600K), 0.0130799 secs] 186079K->53451K(494976K), 0.0131452 secs] [Times: user=0.02 sys=0.00, real=0.01 secs] 
2018-03-30T11:29:21.964+0000: 46.680: [GC (Allocation Failure) 2018-03-30T11:29:21.964+0000: 46.680: [DefNew: 146468K->9597K(153600K), 0.0174192 secs] 190027K->55308K(494976K), 0.0174863 secs] [Times: user=0.02 sys=0.00, real=0.02 secs] 
2018-03-30T11:29:30.508+0000: 55.224: [GC (Allocation Failure) 2018-03-30T11:29:30.508+0000: 55.224: [DefNew: 146173K->5310K(153600K), 0.0146403 secs] 191884K->56623K(494976K), 0.0147038 secs] [Times: user=0.02 sys=0.00, real=0.01 secs] 
2018-03-30T11:29:36.536+0000: 61.252: [GC (Allocation Failure) 2018-03-30T11:29:36.536+0000: 61.252: [DefNew: 141886K->15075K(153600K), 0.0151389 secs] 193199K->66388K(494976K), 0.0152056 secs] [Times: user=0.01 sys=0.00, real=0.01 secs] 
2018-03-30T11:29:42.382+0000: 67.098: [GC (Allocation Failure) 2018-03-30T11:29:42.382+0000: 67.098: [DefNew: 151651K->4123K(153600K), 0.0178051 secs] 202964K->68147K(494976K), 0.0178938 secs] [Times: user=0.02 sys=0.00, real=0.02 secs] 
2018-03-30T11:29:48.321+0000: 73.037: [GC (Allocation Failure) 2018-03-30T11:29:48.321+0000: 73.037: [DefNew: 139950K->6437K(153600K), 0.0127277 secs] 203974K->70461K(494976K), 0.0127930 secs] [Times: user=0.02 sys=0.00, real=0.01 secs] 
2018-03-30T11:29:55.293+0000: 80.009: [GC (Allocation Failure) 2018-03-30T11:29:55.293+0000: 80.009: [DefNew: 143013K->6859K(153600K), 0.0122863 secs] 207037K->70883K(494976K), 0.0123471 secs] [Times: user=0.01 sys=0.00, real=0.01 secs] 
2018-03-30T11:30:00.972+0000: 85.688: [GC (Allocation Failure) 2018-03-30T11:30:00.972+0000: 85.688: [DefNew: 143435K->7468K(153600K), 0.0124154 secs] 207459K->71493K(494976K), 0.0124861 secs] [Times: user=0.01 sys=0.00, real=0.01 secs] 
2018-03-30T11:30:07.353+0000: 92.069: [GC (Allocation Failure) 2018-03-30T11:30:07.353+0000: 92.069: [DefNew: 144044K->8274K(153600K), 0.0136460 secs] 208069K->72298K(494976K), 0.0137141 secs] [Times: user=0.01 sys=0.00, real=0.02 secs] 
2018-03-30T11:30:13.830+0000: 98.546: [GC (Allocation Failure) 2018-03-30T11:30:13.830+0000: 98.546: [DefNew: 142860K->10646K(153600K), 0.0175890 secs] 206884K->74670K(494976K), 0.0176616 secs] [Times: user=0.01 sys=0.00, real=0.02 secs] 
2018-03-30T11:30:20.000+0000: 104.716: [GC (Allocation Failure) 2018-03-30T11:30:20.000+0000: 104.716: [DefNew: 147222K->7536K(153600K), 0.0163057 secs] 211246K->74080K(494976K), 0.0163846 secs] [Times: user=0.02 sys=0.00, real=0.02 secs] 
2018-03-30T11:30:26.334+0000: 111.050: [GC (Allocation Failure) 2018-03-30T11:30:26.334+0000: 111.050: [DefNew: 144112K->9521K(153600K), 0.0162369 secs] 210656K->76065K(494976K), 0.0163177 secs] [Times: user=0.01 sys=0.00, real=0.02 secs] 
2018-03-30T11:30:32.305+0000: 117.021: [GC (Allocation Failure) 2018-03-30T11:30:32.305+0000: 117.021: [DefNew: 146094K->8675K(153600K), 0.0185296 secs] 212637K->76868K(494976K), 0.0185941 secs] [Times: user=0.02 sys=0.00, real=0.02 secs] 
2018-03-30T11:30:37.835+0000: 122.551: [GC (Allocation Failure) 2018-03-30T11:30:37.835+0000: 122.551: [DefNew: 144592K->9328K(153600K), 0.0181505 secs] 212786K->78328K(494976K), 0.0182119 secs] [Times: user=0.01 sys=0.00, real=0.01 secs] 
2018-03-30T11:30:42.322+0000: 127.038: [GC (Allocation Failure) 2018-03-30T11:30:42.322+0000: 127.038: [DefNew: 145904K->17023K(153600K), 0.0228526 secs] 214904K->95452K(494976K), 0.0229194 secs] [Times: user=0.02 sys=0.00, real=0.02 secs] 
2018-03-30T11:30:47.833+0000: 132.549: [GC (Allocation Failure) 2018-03-30T11:30:47.833+0000: 132.549: [DefNew: 153599K->4702K(153600K), 0.0403130 secs] 232028K->100033K(494976K), 0.0403797 secs] [Times: user=0.04 sys=0.01, real=0.04 secs] 
2018-03-30T11:30:53.337+0000: 138.053: [GC (Allocation Failure) 2018-03-30T11:30:53.337+0000: 138.053: [DefNew: 138031K->6282K(153600K), 0.0117448 secs] 233362K->101613K(494976K), 0.0118082 secs] [Times: user=0.02 sys=0.00, real=0.01 secs] 
2018-03-30T11:30:58.725+0000: 143.441: [GC (Allocation Failure) 2018-03-30T11:30:58.725+0000: 143.441: [DefNew: 142858K->5434K(153600K), 0.0101027 secs] 238189K->100766K(494976K), 0.0101695 secs] [Times: user=0.01 sys=0.00, real=0.02 secs] 
2018-03-30T11:31:04.341+0000: 149.057: [GC (Allocation Failure) 2018-03-30T11:31:04.341+0000: 149.057: [DefNew: 140991K->6025K(153600K), 0.0097660 secs] 236322K->101356K(494976K), 0.0098289 secs] [Times: user=0.01 sys=0.00, real=0.01 secs] 
2018-03-30T11:31:09.006+0000: 153.722: [GC (Allocation Failure) 2018-03-30T11:31:09.006+0000: 153.722: [DefNew: 142601K->6880K(153600K), 0.0212836 secs] 237932K->102211K(494976K), 0.0213463 secs] [Times: user=0.02 sys=0.00, real=0.02 secs] 
2018-03-30T11:31:14.305+0000: 159.021: [GC (Allocation Failure) 2018-03-30T11:31:14.305+0000: 159.021: [DefNew: 143456K->9254K(153600K), 0.0149665 secs] 238787K->104585K(494976K), 0.0150324 secs] [Times: user=0.01 sys=0.00, real=0.02 secs] 
2018-03-30T11:31:19.304+0000: 164.020: [GC (Allocation Failure) 2018-03-30T11:31:19.304+0000: 164.020: [DefNew: 145830K->8259K(153600K), 0.0154297 secs] 241161K->105011K(494976K), 0.0154905 secs] [Times: user=0.01 sys=0.00, real=0.02 secs] 
2018-03-30T11:31:24.346+0000: 169.062: [GC (Allocation Failure) 2018-03-30T11:31:24.346+0000: 169.062: [DefNew: 144835K->8694K(153600K), 0.0147912 secs] 241587K->105446K(494976K), 0.0148588 secs] [Times: user=0.01 sys=0.00, real=0.02 secs] 
2018-03-30T11:31:29.295+0000: 174.011: [GC (Allocation Failure) 2018-03-30T11:31:29.295+0000: 174.011: [DefNew: 145270K->7506K(153600K), 0.0125128 secs] 242022K->104865K(494976K), 0.0125748 secs] [Times: user=0.02 sys=0.00, real=0.01 secs] 
2018-03-30T11:31:33.812+0000: 178.528: [GC (Allocation Failure) 2018-03-30T11:31:33.812+0000: 178.528: [DefNew: 144082K->9801K(153600K), 0.0154887 secs] 241441K->107159K(494976K), 0.0155567 secs] [Times: user=0.01 sys=0.00, real=0.02 secs] 
2018-03-30T11:31:38.341+0000: 183.057: [GC (Allocation Failure) 2018-03-30T11:31:38.341+0000: 183.057: [DefNew: 141796K->7136K(153600K), 0.0143947 secs] 239155K->106218K(494976K), 0.0144593 secs] [Times: user=0.01 sys=0.00, real=0.02 secs] 
2018-03-30T11:31:42.846+0000: 187.562: [GC (Allocation Failure) 2018-03-30T11:31:42.846+0000: 187.562: [DefNew: 138207K->7756K(153600K), 0.0115665 secs] 237288K->106837K(494976K), 0.0116410 secs] [Times: user=0.01 sys=0.00, real=0.02 secs] 
2018-03-30T11:31:47.801+0000: 192.517: [GC (Allocation Failure) 2018-03-30T11:31:47.801+0000: 192.518: [DefNew: 144332K->9670K(153600K), 0.0145552 secs] 243413K->108752K(494976K), 0.0146312 secs] [Times: user=0.01 sys=0.00, real=0.02 secs] 
2018-03-30T11:31:52.305+0000: 197.021: [GC (Allocation Failure) 2018-03-30T11:31:52.305+0000: 197.021: [DefNew: 146246K->8821K(153600K), 0.0294106 secs] 245328K->109008K(494976K), 0.0294835 secs] [Times: user=0.03 sys=0.00, real=0.04 secs] 
2018-03-30T11:31:56.863+0000: 201.579: [GC (Allocation Failure) 2018-03-30T11:31:56.863+0000: 201.579: [DefNew: 140588K->7961K(153600K), 0.0125582 secs] 240775K->108736K(494976K), 0.0126214 secs] [Times: user=0.01 sys=0.00, real=0.02 secs] 
2018-03-30T11:32:01.067+0000: 205.783: [GC (Allocation Failure) 2018-03-30T11:32:01.067+0000: 205.783: [DefNew: 144537K->8497K(153600K), 0.0126591 secs] 245312K->109272K(494976K), 0.0127200 secs] [Times: user=0.01 sys=0.00, real=0.01 secs] 
2018-03-30T11:32:05.525+0000: 210.241: [GC (Allocation Failure) 2018-03-30T11:32:05.525+0000: 210.241: [DefNew: 145073K->9220K(153600K), 0.0133188 secs] 245848K->109995K(494976K), 0.0133883 secs] [Times: user=0.01 sys=0.00, real=0.02 secs] 
2018-03-30T11:32:09.852+0000: 214.568: [GC (Allocation Failure) 2018-03-30T11:32:09.852+0000: 214.568: [DefNew: 145796K->8556K(153600K), 0.0151265 secs] 246571K->110566K(494976K), 0.0152057 secs] [Times: user=0.02 sys=0.00, real=0.02 secs] 
2018-03-30T11:32:13.556+0000: 218.272: [GC (Allocation Failure) 2018-03-30T11:32:13.556+0000: 218.272: [DefNew: 145132K->8627K(153600K), 0.0266215 secs] 247142K->111226K(494976K), 0.0266869 secs] [Times: user=0.03 sys=0.00, real=0.02 secs] 
2018-03-30T11:32:17.800+0000: 222.517: [GC (Allocation Failure) 2018-03-30T11:32:17.801+0000: 222.517: [DefNew: 145203K->9299K(153600K), 0.0148820 secs] 247802K->112554K(494976K), 0.0149478 secs] [Times: user=0.02 sys=0.00, real=0.02 secs] 
2018-03-30T11:32:22.089+0000: 226.805: [GC (Allocation Failure) 2018-03-30T11:32:22.089+0000: 226.805: [DefNew: 145875K->8069K(153600K), 0.0138347 secs] 249130K->112389K(494976K), 0.0139028 secs] [Times: user=0.01 sys=0.00, real=0.01 secs] 
2018-03-30T11:32:26.355+0000: 231.071: [GC (Allocation Failure) 2018-03-30T11:32:26.355+0000: 231.071: [DefNew: 140438K->8787K(153600K), 0.0124086 secs] 244758K->113108K(494976K), 0.0124814 secs] [Times: user=0.01 sys=0.00, real=0.01 secs] 
2018-03-30T11:32:30.300+0000: 235.016: [GC (Allocation Failure) 2018-03-30T11:32:30.300+0000: 235.016: [DefNew: 145363K->9703K(153600K), 0.0155931 secs] 249684K->114519K(494976K), 0.0156602 secs] [Times: user=0.02 sys=0.00, real=0.02 secs] 
2018-03-30T11:32:34.797+0000: 239.513: [GC (Allocation Failure) 2018-03-30T11:32:34.797+0000: 239.514: [DefNew: 146279K->8725K(153600K), 0.0145071 secs] 251095K->114776K(494976K), 0.0145699 secs] [Times: user=0.02 sys=0.00, real=0.01 secs] 
2018-03-30T11:32:38.350+0000: 243.066: [GC (Allocation Failure) 2018-03-30T11:32:38.350+0000: 243.066: [DefNew: 138561K->8400K(153600K), 0.0128052 secs] 244612K->115029K(494976K), 0.0128830 secs] [Times: user=0.01 sys=0.00, real=0.01 secs] 
2018-03-30T11:32:42.852+0000: 247.568: [GC (Allocation Failure) 2018-03-30T11:32:42.852+0000: 247.568: [DefNew: 144976K->8648K(153600K), 0.0120712 secs] 251605K->115277K(494976K), 0.0121366 secs] [Times: user=0.01 sys=0.00, real=0.01 secs] 
2018-03-30T11:32:46.852+0000: 251.568: [GC (Allocation Failure) 2018-03-30T11:32:46.852+0000: 251.568: [DefNew: 145224K->8456K(153600K), 0.0131134 secs] 251853K->115762K(494976K), 0.0131824 secs] [Times: user=0.01 sys=0.00, real=0.01 secs] 
2018-03-30T11:32:51.116+0000: 255.832: [GC (Allocation Failure) 2018-03-30T11:32:51.116+0000: 255.832: [DefNew: 145032K->8902K(153600K), 0.0122794 secs] 252338K->116209K(494976K), 0.0123404 secs] [Times: user=0.02 sys=0.00, real=0.01 secs] 
2018-03-30T11:32:55.169+0000: 259.885: [GC (Allocation Failure) 2018-03-30T11:32:55.169+0000: 259.885: [DefNew: 145478K->9004K(153600K), 0.0131919 secs] 252785K->116760K(494976K), 0.0132575 secs] [Times: user=0.01 sys=0.00, real=0.01 secs] 
2018-03-30T11:32:58.856+0000: 263.572: [GC (Allocation Failure) 2018-03-30T11:32:58.856+0000: 263.572: [DefNew: 144517K->9031K(153600K), 0.0138397 secs] 252272K->117339K(494976K), 0.0139163 secs] [Times: user=0.02 sys=0.00, real=0.01 secs] 
2018-03-30T11:33:02.795+0000: 267.511: [GC (Allocation Failure) 2018-03-30T11:33:02.795+0000: 267.511: [DefNew: 145607K->9032K(153600K), 0.0137255 secs] 253915K->118066K(494976K), 0.0137742 secs] [Times: user=0.01 sys=0.00, real=0.01 secs] 
2018-03-30T11:33:06.322+0000: 271.038: [GC (Allocation Failure) 2018-03-30T11:33:06.322+0000: 271.038: [DefNew: 145608K->10122K(153600K), 0.0296821 secs] 254642K->120109K(494976K), 0.0297592 secs] [Times: user=0.03 sys=0.00, real=0.03 secs] 
2018-03-30T11:33:09.795+0000: 274.511: [GC (Allocation Failure) 2018-03-30T11:33:09.795+0000: 274.511: [DefNew: 146698K->7160K(153600K), 0.0143117 secs] 256685K->119218K(494976K), 0.0143744 secs] [Times: user=0.01 sys=0.00, real=0.01 secs] 
2018-03-30T11:33:13.516+0000: 278.232: [GC (Allocation Failure) 2018-03-30T11:33:13.516+0000: 278.233: [DefNew: 143736K->7753K(153600K), 0.0116843 secs] 255794K->119810K(494976K), 0.0117462 secs] [Times: user=0.01 sys=0.00, real=0.01 secs] 
2018-03-30T11:33:17.311+0000: 282.028: [GC (Allocation Failure) 2018-03-30T11:33:17.312+0000: 282.028: [DefNew: 144329K->11201K(153600K), 0.0170117 secs] 256386K->123259K(494976K), 0.0170798 secs] [Times: user=0.01 sys=0.00, real=0.02 secs] 
2018-03-30T11:33:20.615+0000: 285.331: [GC (Allocation Failure) 2018-03-30T11:33:20.615+0000: 285.331: [DefNew: 147777K->7462K(153600K), 0.0272917 secs] 259835K->122047K(494976K), 0.0273643 secs] [Times: user=0.03 sys=0.00, real=0.02 secs] 
2018-03-30T11:33:23.825+0000: 288.541: [GC (Allocation Failure) 2018-03-30T11:33:23.825+0000: 288.541: [DefNew: 144038K->9613K(153600K), 0.0239347 secs] 258623K->124199K(494976K), 0.0240025 secs] [Times: user=0.03 sys=0.00, real=0.03 secs] 
2018-03-30T11:33:27.360+0000: 292.076: [GC (Allocation Failure) 2018-03-30T11:33:27.360+0000: 292.076: [DefNew: 146189K->9124K(153600K), 0.0176452 secs] 260775K->125753K(494976K), 0.0177097 secs] [Times: user=0.02 sys=0.00, real=0.02 secs] 
2018-03-30T11:33:30.804+0000: 295.520: [GC (Allocation Failure) 2018-03-30T11:33:30.804+0000: 295.520: [DefNew: 145700K->7431K(153600K), 0.0136250 secs] 262329K->125125K(494976K), 0.0136894 secs] [Times: user=0.01 sys=0.00, real=0.02 secs] 
2018-03-30T11:33:34.332+0000: 299.048: [GC (Allocation Failure) 2018-03-30T11:33:34.332+0000: 299.048: [DefNew: 144007K->9884K(153600K), 0.0152082 secs] 261701K->127578K(494976K), 0.0152757 secs] [Times: user=0.02 sys=0.00, real=0.02 secs] 
2018-03-30T11:33:37.866+0000: 302.582: [GC (Allocation Failure) 2018-03-30T11:33:37.866+0000: 302.582: [DefNew: 138380K->6137K(153600K), 0.0116675 secs] 256074K->125335K(494976K), 0.0117366 secs] [Times: user=0.01 sys=0.00, real=0.02 secs] 
2018-03-30T11:33:40.449+0000: 305.165: [GC (Allocation Failure) 2018-03-30T11:33:40.449+0000: 305.165: [DefNew: 138507K->17023K(153600K), 0.0474258 secs] 257705K->158550K(494976K), 0.0475002 secs] [Times: user=0.04 sys=0.01, real=0.05 secs] 
2018-03-30T11:33:43.808+0000: 308.524: [GC (Allocation Failure) 2018-03-30T11:33:43.808+0000: 308.524: [DefNew: 153599K->4490K(153600K), 0.0439731 secs] 295126K->162856K(494976K), 0.0440408 secs] [Times: user=0.03 sys=0.01, real=0.04 secs] 
2018-03-30T11:33:46.865+0000: 311.581: [GC (Allocation Failure) 2018-03-30T11:33:46.865+0000: 311.581: [DefNew: 134408K->5092K(153600K), 0.0081824 secs] 292774K->163458K(494976K), 0.0082411 secs] [Times: user=0.00 sys=0.00, real=0.01 secs] 
2018-03-30T11:33:50.208+0000: 314.924: [GC (Allocation Failure) 2018-03-30T11:33:50.208+0000: 314.924: [DefNew: 141668K->6470K(153600K), 0.0099446 secs] 300034K->164836K(494976K), 0.0100072 secs] [Times: user=0.01 sys=0.00, real=0.01 secs] 
2018-03-30T11:33:53.337+0000: 318.053: [GC (Allocation Failure) 2018-03-30T11:33:53.337+0000: 318.053: [DefNew: 143046K->10030K(153600K), 0.0149490 secs] 301412K->168396K(494976K), 0.0150186 secs] [Times: user=0.02 sys=0.00, real=0.01 secs] 
2018-03-30T11:33:56.711+0000: 321.427: [GC (Allocation Failure) 2018-03-30T11:33:56.711+0000: 321.427: [DefNew: 146606K->6605K(153600K), 0.0249436 secs] 304972K->166578K(494976K), 0.0250186 secs] [Times: user=0.03 sys=0.00, real=0.03 secs] 
2018-03-30T11:33:59.966+0000: 324.682: [GC (Allocation Failure) 2018-03-30T11:33:59.966+0000: 324.682: [DefNew: 142669K->7463K(153600K), 0.0190014 secs] 302642K->167436K(494976K), 0.0190830 secs] [Times: user=0.02 sys=0.00, real=0.02 secs] 
2018-03-30T11:34:03.374+0000: 328.090: [GC (Allocation Failure) 2018-03-30T11:34:03.374+0000: 328.090: [DefNew: 143609K->7939K(153600K), 0.0108570 secs] 303582K->167912K(494976K), 0.0109225 secs] [Times: user=0.01 sys=0.00, real=0.01 secs] 
2018-03-30T11:34:06.796+0000: 331.512: [GC (Allocation Failure) 2018-03-30T11:34:06.796+0000: 331.512: [DefNew: 144515K->8787K(153600K), 0.0119843 secs] 304488K->168760K(494976K), 0.0120620 secs] [Times: user=0.01 sys=0.00, real=0.01 secs] 
2018-03-30T11:34:09.803+0000: 334.519: [GC (Allocation Failure) 2018-03-30T11:34:09.803+0000: 334.519: [DefNew: 145363K->9326K(153600K), 0.0135294 secs] 305336K->169911K(494976K), 0.0135957 secs] [Times: user=0.02 sys=0.00, real=0.02 secs] 
2018-03-30T11:34:13.297+0000: 338.013: [GC (Allocation Failure) 2018-03-30T11:34:13.297+0000: 338.013: [DefNew: 145902K->8446K(153600K), 0.0130879 secs] 306487K->170201K(494976K), 0.0131524 secs] [Times: user=0.02 sys=0.00, real=0.01 secs] 
2018-03-30T11:34:16.372+0000: 341.088: [GC (Allocation Failure) 2018-03-30T11:34:16.372+0000: 341.088: [DefNew: 136435K->8510K(153600K), 0.0110254 secs] 298190K->170265K(494976K), 0.0110900 secs] [Times: user=0.01 sys=0.00, real=0.01 secs] 
2018-03-30T11:34:19.802+0000: 344.518: [GC (Allocation Failure) 2018-03-30T11:34:19.802+0000: 344.518: [DefNew: 145086K->10229K(153600K), 0.0136576 secs] 306841K->171984K(494976K), 0.0137230 secs] [Times: user=0.02 sys=0.00, real=0.02 secs] 
2018-03-30T11:34:22.936+0000: 347.652: [GC (Allocation Failure) 2018-03-30T11:34:22.936+0000: 347.652: [DefNew: 145630K->8465K(153600K), 0.0158685 secs] 307384K->171971K(494976K), 0.0159293 secs] [Times: user=0.02 sys=0.00, real=0.01 secs] 
2018-03-30T11:34:26.318+0000: 351.034: [GC (Allocation Failure) 2018-03-30T11:34:26.318+0000: 351.034: [DefNew: 145041K->11531K(153600K), 0.0171567 secs] 308547K->175037K(494976K), 0.0172202 secs] [Times: user=0.01 sys=0.01, real=0.02 secs] 
2018-03-30T11:34:29.467+0000: 354.183: [GC (Allocation Failure) 2018-03-30T11:34:29.467+0000: 354.183: [DefNew: 144416K->6303K(153600K), 0.0243712 secs] 307923K->172583K(494976K), 0.0244366 secs] [Times: user=0.02 sys=0.00, real=0.02 secs] 
2018-03-30T11:34:32.827+0000: 357.543: [GC (Allocation Failure) 2018-03-30T11:34:32.827+0000: 357.543: [DefNew: 142879K->8878K(153600K), 0.0246957 secs] 309159K->175159K(494976K), 0.0247710 secs] [Times: user=0.02 sys=0.00, real=0.02 secs] 
2018-03-30T11:34:35.926+0000: 360.642: [GC (Allocation Failure) 2018-03-30T11:34:35.926+0000: 360.643: [DefNew: 145454K->10021K(153600K), 0.0260170 secs] 311735K->177254K(494976K), 0.0260904 secs] [Times: user=0.03 sys=0.00, real=0.02 secs] 
2018-03-30T11:34:38.884+0000: 363.600: [GC (Allocation Failure) 2018-03-30T11:34:38.884+0000: 363.600: [DefNew: 141058K->6262K(153600K), 0.0110641 secs] 308291K->175112K(494976K), 0.0111271 secs] [Times: user=0.00 sys=0.00, real=0.02 secs] 
2018-03-30T11:34:41.880+0000: 366.596: [GC (Allocation Failure) 2018-03-30T11:34:41.880+0000: 366.596: [DefNew: 137329K->7418K(153600K), 0.0104653 secs] 306178K->176267K(494976K), 0.0105339 secs] [Times: user=0.02 sys=0.00, real=0.01 secs] 
2018-03-30T11:34:44.879+0000: 369.595: [GC (Allocation Failure) 2018-03-30T11:34:44.879+0000: 369.595: [DefNew: 137952K->8070K(153600K), 0.0104528 secs] 306801K->176919K(494976K), 0.0105167 secs] [Times: user=0.02 sys=0.00, real=0.01 secs] 
2018-03-30T11:34:47.875+0000: 372.592: [GC (Allocation Failure) 2018-03-30T11:34:47.875+0000: 372.592: [DefNew: 135364K->8544K(153600K), 0.0105054 secs] 304214K->177393K(494976K), 0.0105677 secs] [Times: user=0.01 sys=0.00, real=0.00 secs] 
2018-03-30T11:34:50.975+0000: 375.691: [GC (Allocation Failure) 2018-03-30T11:34:50.975+0000: 375.691: [DefNew: 141284K->8678K(153600K), 0.0128701 secs] 310133K->177936K(494976K), 0.0129379 secs] [Times: user=0.01 sys=0.00, real=0.01 secs] 
2018-03-30T11:34:54.300+0000: 379.016: [GC (Allocation Failure) 2018-03-30T11:34:54.300+0000: 379.016: [DefNew: 145254K->8635K(153600K), 0.0237193 secs] 314512K->178714K(494976K), 0.0237821 secs] [Times: user=0.02 sys=0.00, real=0.02 secs] 
2018-03-30T11:34:56.968+0000: 381.684: [GC (Allocation Failure) 2018-03-30T11:34:56.968+0000: 381.684: [DefNew: 137684K->8423K(153600K), 0.0196270 secs] 307763K->179078K(494976K), 0.0196955 secs] [Times: user=0.01 sys=0.01, real=0.02 secs] 
2018-03-30T11:34:59.886+0000: 384.602: [GC (Allocation Failure) 2018-03-30T11:34:59.886+0000: 384.602: [DefNew: 139117K->9189K(153600K), 0.0122241 secs] 309772K->179844K(494976K), 0.0123021 secs] [Times: user=0.01 sys=0.00, real=0.02 secs] 
2018-03-30T11:35:02.877+0000: 387.593: [GC (Allocation Failure) 2018-03-30T11:35:02.877+0000: 387.593: [DefNew: 140762K->8423K(153600K), 0.0126996 secs] 311417K->180269K(494976K), 0.0127689 secs] [Times: user=0.01 sys=0.00, real=0.01 secs] 
2018-03-30T11:35:05.861+0000: 390.577: [GC (Allocation Failure) 2018-03-30T11:35:05.861+0000: 390.577: [DefNew: 144999K->12546K(153600K), 0.0182958 secs] 316845K->184391K(494976K), 0.0183642 secs] [Times: user=0.02 sys=0.00, real=0.02 secs] 
2018-03-30T11:35:08.860+0000: 393.576: [GC (Allocation Failure) 2018-03-30T11:35:08.860+0000: 393.577: [DefNew: 149122K->9703K(153600K), 0.0188661 secs] 320967K->184902K(494976K), 0.0189343 secs] [Times: user=0.02 sys=0.00, real=0.02 secs] 
2018-03-30T11:35:11.924+0000: 396.640: [GC (Allocation Failure) 2018-03-30T11:35:11.924+0000: 396.640: [DefNew: 144040K->4536K(153600K), 0.0104349 secs] 319238K->182515K(494976K), 0.0104813 secs] [Times: user=0.01 sys=0.00, real=0.02 secs] 
2018-03-30T11:35:14.847+0000: 399.563: [GC (Allocation Failure) 2018-03-30T11:35:14.847+0000: 399.563: [DefNew: 141112K->9158K(153600K), 0.0264404 secs] 319091K->187137K(494976K), 0.0265086 secs] [Times: user=0.03 sys=0.00, real=0.02 secs] 
2018-03-30T11:35:17.828+0000: 402.544: [GC (Allocation Failure) 2018-03-30T11:35:17.828+0000: 402.544: [DefNew: 145734K->8827K(153600K), 0.0300837 secs] 323713K->187800K(494976K), 0.0301505 secs] [Times: user=0.03 sys=0.00, real=0.03 secs] 
2018-03-30T11:35:20.983+0000: 405.699: [GC (Allocation Failure) 2018-03-30T11:35:20.983+0000: 405.699: [DefNew: 145393K->6423K(153600K), 0.0199957 secs] 324367K->186206K(494976K), 0.0200739 secs] [Times: user=0.02 sys=0.00, real=0.02 secs] 
2018-03-30T11:35:23.982+0000: 408.698: [GC (Allocation Failure) 2018-03-30T11:35:23.982+0000: 408.698: [DefNew: 142109K->7571K(153600K), 0.0161068 secs] 321893K->187355K(494976K), 0.0161846 secs] [Times: user=0.02 sys=0.00, real=0.02 secs] 
2018-03-30T11:35:26.833+0000: 411.549: [GC (Allocation Failure) 2018-03-30T11:35:26.833+0000: 411.549: [DefNew: 144147K->10772K(153600K), 0.0284754 secs] 323931K->190555K(494976K), 0.0285422 secs] [Times: user=0.02 sys=0.00, real=0.03 secs] 
2018-03-30T11:35:29.654+0000: 414.371: [GC (Allocation Failure) 2018-03-30T11:35:29.655+0000: 414.371: [DefNew: 147348K->6459K(153600K), 0.0245674 secs] 327131K->188765K(494976K), 0.0246401 secs] [Times: user=0.02 sys=0.00, real=0.02 secs] 
2018-03-30T11:35:32.483+0000: 417.199: [GC (Allocation Failure) 2018-03-30T11:35:32.483+0000: 417.199: [DefNew: 142327K->8002K(153600K), 0.0176020 secs] 324633K->190308K(494976K), 0.0176711 secs] [Times: user=0.02 sys=0.00, real=0.02 secs] 
2018-03-30T11:35:35.330+0000: 420.047: [GC (Allocation Failure) 2018-03-30T11:35:35.331+0000: 420.047: [DefNew: 144578K->10240K(153600K), 0.0263147 secs] 326884K->192546K(494976K), 0.0263920 secs] [Times: user=0.03 sys=0.00, real=0.03 secs] 
2018-03-30T11:35:37.883+0000: 422.599: [GC (Allocation Failure) 2018-03-30T11:35:37.883+0000: 422.599: [DefNew: 138919K->7788K(153600K), 0.0122167 secs] 321225K->191565K(494976K), 0.0122852 secs] [Times: user=0.01 sys=0.00, real=0.02 secs] 
2018-03-30T11:35:40.441+0000: 425.158: [GC (Allocation Failure) 2018-03-30T11:35:40.442+0000: 425.158: [DefNew: 144364K->17023K(153600K), 0.0135953 secs] 328141K->203411K(494976K), 0.0136760 secs] [Times: user=0.01 sys=0.00, real=0.02 secs] 
2018-03-30T11:35:43.383+0000: 428.099: [GC (Allocation Failure) 2018-03-30T11:35:43.383+0000: 428.099: [DefNew: 151969K->3295K(153600K), 0.0118799 secs] 338357K->194003K(494976K), 0.0119428 secs] [Times: user=0.01 sys=0.00, real=0.02 secs] 
2018-03-30T11:35:46.313+0000: 431.029: [GC (Allocation Failure) 2018-03-30T11:35:46.313+0000: 431.029: [DefNew: 139871K->7228K(153600K), 0.0117756 secs] 330579K->197936K(494976K), 0.0118557 secs] [Times: user=0.01 sys=0.00, real=0.01 secs] 
2018-03-30T11:35:48.809+0000: 433.525: [GC (Allocation Failure) 2018-03-30T11:35:48.809+0000: 433.525: [DefNew: 143804K->8490K(153600K), 0.0128706 secs] 334512K->199197K(494976K), 0.0129377 secs] [Times: user=0.01 sys=0.00, real=0.01 secs] 
2018-03-30T11:35:51.605+0000: 436.321: [GC (Allocation Failure) 2018-03-30T11:35:51.605+0000: 436.321: [DefNew: 145066K->8006K(153600K), 0.0103921 secs] 335773K->198713K(494976K), 0.0104652 secs] [Times: user=0.01 sys=0.00, real=0.02 secs] 
2018-03-30T11:35:54.369+0000: 439.085: [GC (Allocation Failure) 2018-03-30T11:35:54.369+0000: 439.085: [DefNew: 144582K->10996K(153600K), 0.0281611 secs] 335289K->201703K(494976K), 0.0282396 secs] [Times: user=0.03 sys=0.00, real=0.03 secs] 
2018-03-30T11:35:56.988+0000: 441.704: [GC (Allocation Failure) 2018-03-30T11:35:56.988+0000: 441.704: [DefNew: 137982K->6595K(153600K), 0.0204762 secs] 328690K->199995K(494976K), 0.0205422 secs] [Times: user=0.02 sys=0.00, real=0.02 secs] 
2018-03-30T11:35:59.492+0000: 444.208: [GC (Allocation Failure) 2018-03-30T11:35:59.492+0000: 444.208: [DefNew: 134631K->7801K(153600K), 0.0172266 secs] 328032K->201201K(494976K), 0.0172961 secs] [Times: user=0.02 sys=0.00, real=0.02 secs] 
2018-03-30T11:36:02.319+0000: 447.035: [GC (Allocation Failure) 2018-03-30T11:36:02.319+0000: 447.035: [DefNew: 144377K->10012K(153600K), 0.0224301 secs] 337777K->203413K(494976K), 0.0225084 secs] [Times: user=0.02 sys=0.00, real=0.02 secs] 
2018-03-30T11:36:05.320+0000: 450.036: [GC (Allocation Failure) 2018-03-30T11:36:05.320+0000: 450.036: [DefNew: 146588K->8354K(153600K), 0.0214113 secs] 339989K->203667K(494976K), 0.0214802 secs] [Times: user=0.02 sys=0.00, real=0.02 secs] 
2018-03-30T11:36:07.887+0000: 452.603: [GC (Allocation Failure) 2018-03-30T11:36:07.887+0000: 452.603: [DefNew: 134261K->7682K(153600K), 0.0089505 secs] 329573K->202995K(494976K), 0.0090163 secs] [Times: user=0.00 sys=0.00, real=0.01 secs] 
2018-03-30T11:36:10.465+0000: 455.181: [GC (Allocation Failure) 2018-03-30T11:36:10.465+0000: 455.181: [DefNew: 141356K->8477K(153600K), 0.0106314 secs] 336668K->203790K(494976K), 0.0107056 secs] [Times: user=0.01 sys=0.00, real=0.02 secs] 
2018-03-30T11:36:13.076+0000: 457.792: [GC (Allocation Failure) 2018-03-30T11:36:13.076+0000: 457.792: [DefNew: 145053K->9256K(153600K), 0.0108239 secs] 340366K->204568K(494976K), 0.0109043 secs] [Times: user=0.01 sys=0.00, real=0.01 secs] 
2018-03-30T11:36:15.894+0000: 460.610: [GC (Allocation Failure) 2018-03-30T11:36:15.894+0000: 460.610: [DefNew: 142766K->8479K(153600K), 0.0125708 secs] 338078K->205183K(494976K), 0.0126380 secs] [Times: user=0.01 sys=0.00, real=0.02 secs] 
2018-03-30T11:36:18.173+0000: 462.889: [GC (Allocation Failure) 2018-03-30T11:36:18.173+0000: 462.889: [DefNew: 145055K->9363K(153600K), 0.0182509 secs] 341759K->206067K(494976K), 0.0183235 secs] [Times: user=0.02 sys=0.00, real=0.02 secs] 
2018-03-30T11:36:20.982+0000: 465.699: [GC (Allocation Failure) 2018-03-30T11:36:20.982+0000: 465.699: [DefNew: 145939K->12265K(153600K), 0.0353384 secs] 342643K->209943K(494976K), 0.0354048 secs] [Times: user=0.04 sys=0.00, real=0.04 secs] 
2018-03-30T11:36:23.499+0000: 468.215: [GC (Allocation Failure) 2018-03-30T11:36:23.499+0000: 468.215: [DefNew: 139357K->4833K(153600K), 0.0223546 secs] 337035K->207283K(494976K), 0.0224238 secs] [Times: user=0.02 sys=0.00, real=0.02 secs] 
2018-03-30T11:36:26.303+0000: 471.019: [GC (Allocation Failure) 2018-03-30T11:36:26.303+0000: 471.019: [DefNew: 141409K->6394K(153600K), 0.0133721 secs] 343859K->208843K(494976K), 0.0134499 secs] [Times: user=0.01 sys=0.00, real=0.02 secs] 
2018-03-30T11:36:28.891+0000: 473.607: [GC (Allocation Failure) 2018-03-30T11:36:28.891+0000: 473.607: [DefNew: 140851K->7576K(153600K), 0.0095915 secs] 343301K->210026K(494976K), 0.0096542 secs] [Times: user=0.01 sys=0.00, real=0.01 secs] 
2018-03-30T11:36:31.896+0000: 476.612: [GC (Allocation Failure) 2018-03-30T11:36:31.896+0000: 476.612: [DefNew: 141354K->7599K(153600K), 0.0089095 secs] 343804K->210049K(494976K), 0.0089755 secs] [Times: user=0.01 sys=0.00, real=0.00 secs] 
2018-03-30T11:36:34.549+0000: 479.265: [GC (Allocation Failure) 2018-03-30T11:36:34.549+0000: 479.265: [DefNew: 144175K->8216K(153600K), 0.0097328 secs] 346625K->210665K(494976K), 0.0097963 secs] [Times: user=0.01 sys=0.00, real=0.01 secs] 
2018-03-30T11:36:36.903+0000: 481.619: [GC (Allocation Failure) 2018-03-30T11:36:36.903+0000: 481.619: [DefNew: 135502K->9289K(153600K), 0.0112868 secs] 337952K->211738K(494976K), 0.0113634 secs] [Times: user=0.01 sys=0.00, real=0.02 secs] 
2018-03-30T11:36:39.504+0000: 484.220: [GC (Allocation Failure) 2018-03-30T11:36:39.504+0000: 484.220: [DefNew: 139303K->8942K(153600K), 0.0229610 secs] 341753K->212591K(494976K), 0.0230300 secs] [Times: user=0.02 sys=0.00, real=0.03 secs] 
2018-03-30T11:36:42.007+0000: 486.723: [GC (Allocation Failure) 2018-03-30T11:36:42.007+0000: 486.723: [DefNew: 140060K->9047K(153600K), 0.0244023 secs] 343709K->213319K(494976K), 0.0244789 secs] [Times: user=0.03 sys=0.00, real=0.02 secs] 
2018-03-30T11:36:44.792+0000: 489.508: [GC (Allocation Failure) 2018-03-30T11:36:44.792+0000: 489.508: [DefNew: 145623K->8974K(153600K), 0.0165397 secs] 349895K->213882K(494976K), 0.0166243 secs] [Times: user=0.02 sys=0.00, real=0.02 secs] 
2018-03-30T11:36:47.324+0000: 492.040: [GC (Allocation Failure) 2018-03-30T11:36:47.324+0000: 492.040: [DefNew: 145550K->10143K(153600K), 0.0278959 secs] 350458K->215918K(494976K), 0.0279601 secs] [Times: user=0.03 sys=0.00, real=0.03 secs] 
2018-03-30T11:36:49.899+0000: 494.615: [GC (Allocation Failure) 2018-03-30T11:36:49.899+0000: 494.615: [DefNew: 144256K->7418K(153600K), 0.0114619 secs] 350031K->215096K(494976K), 0.0115286 secs] [Times: user=0.01 sys=0.00, real=0.01 secs] 
2018-03-30T11:36:52.776+0000: 497.492: [GC (Allocation Failure) 2018-03-30T11:36:52.776+0000: 497.492: [DefNew: 143994K->8274K(153600K), 0.0097436 secs] 351672K->215952K(494976K), 0.0098084 secs] [Times: user=0.00 sys=0.00, real=0.00 secs] 
2018-03-30T11:36:55.072+0000: 499.788: [GC (Allocation Failure) 2018-03-30T11:36:55.072+0000: 499.788: [DefNew: 144850K->9351K(153600K), 0.0111506 secs] 352528K->217028K(494976K), 0.0112176 secs] [Times: user=0.02 sys=0.00, real=0.01 secs] 
2018-03-30T11:36:57.388+0000: 502.104: [GC (Allocation Failure) 2018-03-30T11:36:57.388+0000: 502.104: [DefNew: 145927K->12990K(153600K), 0.0511910 secs] 353604K->221882K(494976K), 0.0512523 secs] [Times: user=0.05 sys=0.00, real=0.05 secs] 
2018-03-30T11:36:59.916+0000: 504.632: [GC (Allocation Failure) 2018-03-30T11:36:59.916+0000: 504.632: [DefNew: 149370K->5399K(153600K), 0.0197129 secs] 358261K->218381K(494976K), 0.0197744 secs] [Times: user=0.01 sys=0.00, real=0.02 secs] 
2018-03-30T11:37:02.482+0000: 507.198: [GC (Allocation Failure) 2018-03-30T11:37:02.482+0000: 507.198: [DefNew: 135558K->6779K(153600K), 0.0093674 secs] 348539K->219760K(494976K), 0.0094319 secs] [Times: user=0.01 sys=0.00, real=0.01 secs] 
2018-03-30T11:37:05.065+0000: 509.781: [GC (Allocation Failure) 2018-03-30T11:37:05.065+0000: 509.781: [DefNew: 143355K->7699K(153600K), 0.0096747 secs] 356336K->220680K(494976K), 0.0097420 secs] [Times: user=0.01 sys=0.00, real=0.02 secs] 
2018-03-30T11:37:07.895+0000: 512.611: [GC (Allocation Failure) 2018-03-30T11:37:07.895+0000: 512.611: [DefNew: 136263K->8195K(153600K), 0.0094225 secs] 349244K->221176K(494976K), 0.0094906 secs] [Times: user=0.02 sys=0.00, real=0.00 secs] 
2018-03-30T11:37:10.403+0000: 515.119: [GC (Allocation Failure) 2018-03-30T11:37:10.403+0000: 515.119: [DefNew: 142642K->8945K(153600K), 0.0112546 secs] 355623K->221926K(494976K), 0.0113337 secs] [Times: user=0.01 sys=0.00, real=0.01 secs] 
2018-03-30T11:37:12.903+0000: 517.619: [GC (Allocation Failure) 2018-03-30T11:37:12.903+0000: 517.619: [DefNew: 144826K->8733K(153600K), 0.0122538 secs] 357808K->222821K(494976K), 0.0123229 secs] [Times: user=0.01 sys=0.00, real=0.02 secs] 
2018-03-30T11:37:15.403+0000: 520.120: [GC (Allocation Failure) 2018-03-30T11:37:15.404+0000: 520.120: [DefNew: 140311K->9083K(153600K), 0.0118244 secs] 354399K->223781K(494976K), 0.0119012 secs] [Times: user=0.01 sys=0.00, real=0.02 secs] 
2018-03-30T11:37:17.849+0000: 522.565: [GC (Allocation Failure) 2018-03-30T11:37:17.849+0000: 522.565: [DefNew: 145659K->13184K(153600K), 0.0194705 secs] 360357K->228610K(494976K), 0.0195499 secs] [Times: user=0.02 sys=0.00, real=0.02 secs] 
2018-03-30T11:37:20.329+0000: 525.045: [GC (Allocation Failure) 2018-03-30T11:37:20.329+0000: 525.045: [DefNew: 149760K->8605K(153600K), 0.0185972 secs] 365186K->228810K(494976K), 0.0186650 secs] [Times: user=0.02 sys=0.00, real=0.02 secs] 
2018-03-30T11:37:22.802+0000: 527.518: [GC (Allocation Failure) 2018-03-30T11:37:22.802+0000: 527.518: [DefNew: 145181K->5972K(153600K), 0.0114219 secs] 365386K->228010K(494976K), 0.0114943 secs] [Times: user=0.02 sys=0.00, real=0.01 secs] 
2018-03-30T11:37:25.349+0000: 530.065: [GC (Allocation Failure) 2018-03-30T11:37:25.349+0000: 530.065: [DefNew: 142548K->10314K(153600K), 0.0155706 secs] 364586K->232352K(494976K), 0.0156402 secs] [Times: user=0.02 sys=0.00, real=0.01 secs] 
11:37:26.818 [Client] INFO  c.s.f.r.e.s.SocketRear  - FlameSocketGraphDeployerRear@10.0.0.170: has been disconnected from Connection 3
11:37:39.343 [worker-akka.actor.default-dispatcher-4] INFO  a.a.CoordinatedShutdown CoordinatedShutdown(akka://worker) - Starting coordinated shutdown from JVM shutdown hook
11:37:39.363 [worker-akka.actor.default-dispatcher-11] INFO  a.a.LocalActorRef akka://worker/user/watcher/graph_at_0/edge/FlameSocketGraphDeployerFront - Stopped
11:37:39.364 [worker-akka.actor.default-dispatcher-11] INFO  a.a.LocalActorRef akka://worker/user/watcher/graph_at_0/edge/FlameSocketGraphDeployerRear - Stopped
11:37:39.364 [worker-akka.actor.default-dispatcher-11] INFO  a.a.LocalActorRef akka://worker/user/watcher/graph_at_0/negotiator - Stopped
11:37:39.366 [worker-akka.actor.default-dispatcher-3] INFO  a.a.LocalActorRef akka://worker/user/watcher/graph_at_0/graph/$a - Stopped
11:37:39.366 [worker-akka.actor.default-dispatcher-3] INFO  a.a.LocalActorRef akka://worker/user/watcher/graph_at_0/graph/$b - Stopped
11:37:39.366 [worker-akka.actor.default-dispatcher-3] INFO  a.a.LocalActorRef akka://worker/user/watcher/graph_at_0/graph/$c - Stopped
11:37:39.366 [worker-akka.actor.default-dispatcher-3] INFO  a.a.LocalActorRef akka://worker/user/watcher/graph_at_0/edge - Stopped
11:37:39.367 [worker-akka.actor.default-dispatcher-6] INFO  a.a.LocalActorRef akka://worker/user/watcher/graph_at_0/graph/local-acker/$a - Stopped
11:37:39.373 [worker-akka.actor.default-dispatcher-14] INFO  a.a.LocalActorRef akka://worker/user/watcher/graph_at_0/graph/local-acker/$a - Message [com.spbsu.flamestream.runtime.utils.akka.PingActor$InnerPing] from Actor[akka://worker/user/watcher/graph_at_0/graph/local-acker/$a#-703048563] to Actor[akka://worker/user/watcher/graph_at_0/graph/local-acker/$a#-703048563] was not delivered. [1] dead letters encountered. This logging can be turned off or adjusted with configuration settings 'akka.log-dead-letters' and 'akka.log-dead-letters-during-shutdown'.
11:37:39.374 [worker-akka.actor.default-dispatcher-14] INFO  a.a.LocalActorRef akka://worker/user/watcher/graph_at_0/graph/local-acker - Stopped
11:37:39.375 [worker-akka.actor.default-dispatcher-4-EventThread] INFO  o.a.z.ClientCnxn  - EventThread shut down for session: 0x16276a9cd3d0009
11:37:39.375 [worker-akka.actor.default-dispatcher-6] INFO  o.a.z.ZooKeeper  - Session: 0x16276a9cd3d0009 closed
11:37:39.376 [worker-akka.actor.default-dispatcher-14] INFO  a.a.LocalActorRef akka://worker/user/watcher/graph_at_0/graph - Stopped
11:37:39.376 [worker-akka.actor.default-dispatcher-14] INFO  a.a.LocalActorRef akka://worker/user/watcher/graph_at_0/graph/local-acker/$a - Message [com.spbsu.flamestream.runtime.utils.akka.PingActor$Stop] from Actor[akka://worker/user/watcher/graph_at_0/graph/local-acker#-1460220089] to Actor[akka://worker/user/watcher/graph_at_0/graph/local-acker/$a#-703048563] was not delivered. [2] dead letters encountered. This logging can be turned off or adjusted with configuration settings 'akka.log-dead-letters' and 'akka.log-dead-letters-during-shutdown'.
11:37:39.377 [worker-akka.actor.default-dispatcher-14] INFO  a.a.LocalActorRef akka://worker/user/watcher/graph_at_0/graph/local-acker - Message [com.spbsu.flamestream.runtime.acker.LocalAcker$Flush] from Actor[akka://worker/user/watcher/graph_at_0/graph/local-acker/$a#-703048563] to Actor[akka://worker/user/watcher/graph_at_0/graph/local-acker#-1460220089] was not delivered. [3] dead letters encountered. This logging can be turned off or adjusted with configuration settings 'akka.log-dead-letters' and 'akka.log-dead-letters-during-shutdown'.
11:37:39.378 [worker-akka.actor.default-dispatcher-16] INFO  a.a.LocalActorRef akka://worker/user/watcher/graph_at_0 - Stopped
11:37:39.378 [worker-akka.actor.default-dispatcher-16] INFO  a.a.RepointableActorRef akka://worker/user/watcher - Stopped
11:37:39.386 [worker-akka.actor.default-dispatcher-6] INFO  a.r.RemoteActorRefProvider$RemotingTerminator akka://worker@10.0.0.170:5412/system/remoting-terminator - Shutting down remote daemon.
11:37:39.387 [worker-akka.actor.default-dispatcher-6] INFO  a.r.RemoteActorRefProvider$RemotingTerminator akka://worker@10.0.0.170:5412/system/remoting-terminator - Remote daemon shut down; proceeding with flushing remote transports.
11:37:40.514 [worker-akka.actor.default-dispatcher-16] INFO  a.r.RemoteActorRefProvider$RemotingTerminator akka://worker@10.0.0.170:5412/system/remoting-terminator - Remoting shut down.
Heap
 def new generation   total 153600K, used 145496K [0x00000000e0c00000, 0x00000000eb2a0000, 0x00000000eb2a0000)
  eden space 136576K,  98% used [0x00000000e0c00000, 0x00000000e9003778, 0x00000000e9160000)
  from space 17024K,  60% used [0x00000000e9160000, 0x00000000e9b72b00, 0x00000000ea200000)
  to   space 17024K,   0% used [0x00000000ea200000, 0x00000000ea200000, 0x00000000eb2a0000)
 tenured generation   total 341376K, used 222037K [0x00000000eb2a0000, 0x0000000100000000, 0x0000000100000000)
   the space 341376K,  65% used [0x00000000eb2a0000, 0x00000000f8b75798, 0x00000000f8b75800, 0x0000000100000000)
 Metaspace       used 34367K, capacity 35280K, committed 35456K, reserved 1079296K
  class space    used 4533K, capacity 4703K, committed 4736K, reserved 1048576K
