14:10:33.594 [worker-akka.actor.default-dispatcher-2] INFO  a.e.s.Slf4jLogger  - Slf4jLogger started
2018-02-23T14:10:33.774+0000: 2.457: [Full GC (Metadata GC Threshold) 2018-02-23T14:10:33.774+0000: 2.457: [Tenured: 0K->15412K(341376K), 0.0393465 secs] 117530K->15412K(494976K), [Metaspace: 20869K->20869K(1067008K)], 0.0394119 secs] [Times: user=0.03 sys=0.00, real=0.04 secs] 
Ama winner
Ama winner
14:10:34.292 [worker-akka.actor.default-dispatcher-2] INFO  a.r.a.ArteryTransport(akka://worker) akka.remote.artery.ArteryTransport(akka://worker) - Started embedded media driver in directory [/dev/shm/aeron-root-worker-b09bf1a7-b174-4957-813b-271a545a065a]
14:10:34.501 [worker-akka.actor.default-dispatcher-2] INFO  a.r.a.ArteryTransport(akka://worker) akka.remote.artery.ArteryTransport(akka://worker) - Remoting started; listening on address: [akka://worker@172.31.37.101:5412] with UID [-1335324935979630708]
14:10:34.604 [worker-akka.actor.default-dispatcher-2] INFO  o.a.z.ZooKeeper  - Client environment:zookeeper.version=3.4.9-1757313, built on 08/23/2016 06:50 GMT
14:10:34.604 [worker-akka.actor.default-dispatcher-2] INFO  o.a.z.ZooKeeper  - Client environment:host.name=ip-172-31-37-101.us-east-2.compute.internal
14:10:34.604 [worker-akka.actor.default-dispatcher-2] INFO  o.a.z.ZooKeeper  - Client environment:java.version=1.8.0_151
14:10:34.604 [worker-akka.actor.default-dispatcher-2] INFO  o.a.z.ZooKeeper  - Client environment:java.vendor=Oracle Corporation
14:10:34.605 [worker-akka.actor.default-dispatcher-2] INFO  o.a.z.ZooKeeper  - Client environment:java.home=/usr/lib/jvm/java-8-openjdk-amd64/jre
14:10:34.605 [worker-akka.actor.default-dispatcher-2] INFO  o.a.z.ZooKeeper  - Client environment:java.class.path=lib/commons-cli-1.4.jar:lib/minlog-1.3.0.jar:lib/asm-5.0.4.jar:lib/hadoop-annotations-2.7.3.jar:lib/hadoop-auth-2.7.3.jar:lib/akka-slf4j_2.11-2.5.6.jar:lib/jersey-core-1.9.jar:lib/lz4-1.3.0.jar:lib/jackson-core-asl-1.9.13.jar:lib/aeron-client-1.3.0.jar:lib/htrace-core-3.1.0-incubating.jar:lib/xz-1.0.jar:lib/commons-httpclient-3.1.jar:lib/asm-3.1.jar:lib/commons-lang3-3.4.jar:lib/scala-library-2.11.11.jar:lib/scala-java8-compat_2.11-0.7.0.jar:lib/commons-configuration-1.6.jar:lib/objenesis-2.1.jar:lib/jackson-annotations-2.8.0.jar:lib/jsr305-3.0.0.jar:lib/curator-framework-2.7.1.jar:lib/jersey-server-1.9.jar:lib/jets3t-0.9.0.jar:lib/leveldb-0.7.jar:lib/jetty-6.1.26.jar:lib/stax-api-1.0-2.jar:lib/flamestream-core-1.0-SNAPSHOT.jar:lib/reflectasm-1.07-shaded.jar:lib/apacheds-kerberos-codec-2.0.0-M15.jar:lib/api-asn1-api-1.0.0-M20.jar:lib/commons-lang-2.6.jar:lib/commons-beanutils-1.7.0.jar:lib/jackson-xc-1.8.3.jar:lib/jetty-util-6.1.26.jar:lib/logback-classic-1.2.3.jar:lib/jool-0.9.12.jar:lib/flamestream-runtime-1.0-SNAPSHOT-tests.jar:lib/httpcore-4.1.2.jar:lib/kryo-4.0.0.jar:lib/ant-1.8.1.jar:lib/jaxb-impl-2.2.3-1.jar:lib/jersey-json-1.9.jar:lib/commons-compress-1.4.1.jar:lib/leveldbjni-all-1.8.jar:lib/paranamer-2.3.jar:lib/jackson-core-2.8.4.jar:lib/commons-math3-3.6.1.jar:lib/scala-parser-combinators_2.11-1.0.4.jar:lib/netty-3.10.6.Final.jar:lib/trove4j-3.0.3.jar:lib/jaxb-api-2.2.2.jar:lib/logback-core-1.2.3.jar:lib/snappy-java-1.0.4.1.jar:lib/protobuf-java-2.5.0.jar:lib/reactive-streams-1.0.1.jar:lib/flamestream-examples-1.0-SNAPSHOT.jar:lib/commons-codec-1.4.jar:lib/activation-1.1.jar:lib/commons-net-3.1.jar:lib/curator-recipes-2.7.1.jar:lib/jackson-mapper-asl-1.9.13.jar:lib/jackson-databind-2.8.4.jar:lib/flamestream-runtime-1.0-SNAPSHOT.jar:lib/jackson-jaxrs-1.8.3.jar:lib/slf4j-api-1.7.24.jar:lib/akka-remote_2.11-2.5.6.jar:lib/akka-testkit_2.11-2.5.6.jar:lib/jline-0.9.94.jar:lib/akka-stream_2.11-2.5.6.jar:lib/jsp-api-2.1.jar:lib/kryonet-2.21.jar:lib/akka-kryo-serialization_2.11-0.5.0.jar:lib/config-1.3.1.jar:lib/ant-launcher-1.8.1.jar:lib/commons-logging-1.2.jar:lib/ssl-config-core_2.11-0.2.2.jar:lib/testng-6.10.jar:lib/leveldb-api-0.7.jar:lib/reflectasm-1.11.3.jar:lib/jcommander-1.48.jar:lib/commons-1.1.jar:lib/commons-digester-1.8.jar:lib/minlog-1.2.jar:lib/java-xmlbuilder-0.4.jar:lib/jettison-1.1.jar:lib/gson-2.2.4.jar:lib/jdk.tools-1.8.jar:lib/aeron-driver-1.3.0.jar:lib/zookeeper-3.4.9.jar:lib/commons-beanutils-core-1.8.0.jar:lib/commons-math3-3.1.1.jar:lib/akka-actor_2.11-2.5.6.jar:lib/curator-client-2.7.1.jar:lib/servlet-api-2.5.jar:lib/apacheds-i18n-2.0.0-M15.jar:lib/commons-io-2.4.jar:lib/commons-codec-1.6.jar:lib/akka-protobuf_2.11-2.5.6.jar:lib/jdom-2.0.2.jar:lib/api-util-1.0.0-M20.jar:lib/hadoop-common-2.7.3.jar:lib/agrona-0.9.6.jar:lib/xmlenc-0.52.jar:lib/guava-21.0.jar:lib/commons-collections-3.2.2.jar:lib/avro-1.7.4.jar:lib/httpclient-4.1.2.jar:lib/flamestream-core-1.0-SNAPSHOT-tests.jar:lib/annotations-12.0.jar:lib/jsch-0.1.42.jar:flamestream-runtime-1.0-SNAPSHOT.jar
14:10:34.605 [worker-akka.actor.default-dispatcher-2] INFO  o.a.z.ZooKeeper  - Client environment:java.library.path=/usr/java/packages/lib/amd64:/usr/lib/x86_64-linux-gnu/jni:/lib/x86_64-linux-gnu:/usr/lib/x86_64-linux-gnu:/usr/lib/jni:/lib:/usr/lib
14:10:34.605 [worker-akka.actor.default-dispatcher-2] INFO  o.a.z.ZooKeeper  - Client environment:java.io.tmpdir=/tmp
14:10:34.605 [worker-akka.actor.default-dispatcher-2] INFO  o.a.z.ZooKeeper  - Client environment:java.compiler=<NA>
14:10:34.605 [worker-akka.actor.default-dispatcher-2] INFO  o.a.z.ZooKeeper  - Client environment:os.name=Linux
14:10:34.605 [worker-akka.actor.default-dispatcher-2] INFO  o.a.z.ZooKeeper  - Client environment:os.arch=amd64
14:10:34.605 [worker-akka.actor.default-dispatcher-2] INFO  o.a.z.ZooKeeper  - Client environment:os.version=4.4.0-1049-aws
14:10:34.605 [worker-akka.actor.default-dispatcher-2] INFO  o.a.z.ZooKeeper  - Client environment:user.name=root
14:10:34.607 [worker-akka.actor.default-dispatcher-2] INFO  o.a.z.ZooKeeper  - Client environment:user.home=/root
14:10:34.607 [worker-akka.actor.default-dispatcher-2] INFO  o.a.z.ZooKeeper  - Client environment:user.dir=/opt/flamestream
14:10:34.610 [worker-akka.actor.default-dispatcher-2] INFO  o.a.z.ZooKeeper  - Initiating client connection, connectString=172.31.34.147:2181 sessionTimeout=5000 watcher=com.spbsu.flamestream.runtime.application.LifecycleWatcher$$Lambda$28/2013747464@9622ca0
14:10:34.643 [worker-akka.actor.default-dispatcher-2] INFO  a.a.RepointableActorRef akka://worker/user/watcher - Starting...
14:10:34.647 [worker-akka.actor.default-dispatcher-2-SendThread(172.31.34.147:2181)] INFO  o.a.z.ClientCnxn  - Opening socket connection to server 172.31.34.147/172.31.34.147:2181. Will not attempt to authenticate using SASL (unknown error)
14:10:34.651 [worker-akka.actor.default-dispatcher-2-SendThread(172.31.34.147:2181)] INFO  o.a.z.ClientCnxn  - Socket connection established to 172.31.34.147/172.31.34.147:2181, initiating session
14:10:34.662 [worker-akka.actor.default-dispatcher-2-SendThread(172.31.34.147:2181)] INFO  o.a.z.ClientCnxn  - Session establishment complete on server 172.31.34.147/172.31.34.147:2181, sessionid = 0x161c2ffd9f50005, negotiated timeout = 6000
14:10:34.761 [worker-akka.actor.default-dispatcher-2] INFO  a.a.RepointableActorRef akka://worker/user/watcher - Connected to ZK
14:10:40.912 [worker-akka.actor.default-dispatcher-2] INFO  a.a.RepointableActorRef akka://worker/user/watcher - Creating node with watchGraphs: 'com.spbsu.flamestream.core.Graph$Builder$MyGraph@3705ffdc', config: 'ClusterConfig{paths={172.31.33.155=akka://worker@172.31.33.155:5412/user/watcher/graph0000000000, 172.31.47.83=akka://worker@172.31.47.83:5412/user/watcher/graph0000000000, 172.31.39.64=akka://worker@172.31.39.64:5412/user/watcher/graph0000000000, 172.31.35.79=akka://worker@172.31.35.79:5412/user/watcher/graph0000000000, 172.31.37.101=akka://worker@172.31.37.101:5412/user/watcher/graph0000000000}, ackerLocation='172.31.35.79', props=ComputationLayout{ranges={172.31.33.155=HashRange{from=-1073741825, to=-2}, 172.31.47.83=HashRange{from=1073741821, to=2147483644}, 172.31.39.64=HashRange{from=-2147483648, to=-1073741825}, 172.31.35.79=HashRange{from=0, to=0}, 172.31.37.101=HashRange{from=-2, to=1073741821}}}}'
14:10:41.501 [worker-akka.actor.default-dispatcher-2] INFO  a.a.LocalActorRef akka://worker/user/watcher/graph0000000000/graph - Starting...
14:10:41.505 [worker-akka.actor.default-dispatcher-2] INFO  a.a.LocalActorRef akka://worker/user/watcher/graph0000000000/graph/local-acker/$a - Starting...
14:10:41.506 [worker-akka.actor.default-dispatcher-2] INFO  a.a.LocalActorRef akka://worker/user/watcher/graph0000000000/graph/local-acker - Starting...
14:10:42.071 [worker-akka.actor.default-dispatcher-2] INFO  a.a.LocalActorRef akka://worker/user/watcher/graph0000000000 - Starting...
14:10:42.074 [worker-akka.actor.default-dispatcher-2] INFO  a.a.LocalActorRef akka://worker/user/watcher/graph0000000000/graph - Finishing constructor
14:10:42.075 [worker-akka.actor.default-dispatcher-2] INFO  a.a.LocalActorRef akka://worker/user/watcher/graph0000000000/negotiator - Starting...
14:10:42.075 [worker-akka.actor.default-dispatcher-2] INFO  a.a.LocalActorRef akka://worker/user/watcher/graph0000000000/edge - Starting...
14:10:42.153 [worker-akka.actor.default-dispatcher-2] INFO  c.s.f.r.e.s.SocketRear  - FlameSocketGraphDeployerRear@172.31.37.101: connecting to 172.31.34.147:5678
14:10:42.187 [worker-akka.actor.default-dispatcher-2] INFO  c.s.f.r.e.s.SocketRear  - FlameSocketGraphDeployerRear@172.31.37.101: connected to 172.31.34.147:5678
14:10:42.216 [worker-akka.actor.default-dispatcher-2] INFO  a.a.LocalActorRef akka://worker/user/watcher/graph0000000000/graph/$a - Starting...
14:10:42.217 [worker-akka.actor.default-dispatcher-2] INFO  a.a.LocalActorRef akka://worker/user/watcher/graph0000000000/graph/$b - Starting...
14:10:42.219 [worker-akka.actor.default-dispatcher-2] INFO  a.a.LocalActorRef akka://worker/user/watcher/graph0000000000/graph/$c - Starting...
14:10:42.229 [worker-akka.actor.default-dispatcher-2] INFO  a.a.LocalActorRef akka://worker/user/watcher/graph0000000000/edge/FlameSocketGraphDeployerRear - Starting...
14:10:42.229 [worker-akka.actor.default-dispatcher-2] INFO  a.a.LocalActorRef akka://worker/user/watcher/graph0000000000/edge/FlameSocketGraphDeployerFront - Starting...
14:10:42.231 [worker-akka.actor.default-dispatcher-2] INFO  a.a.LocalActorRef akka://worker/user/watcher/graph0000000000/negotiator - Requesting ticket for the frontClass FlameSocketGraphDeployerFront@172.31.37.101
14:10:42.233 [worker-akka.actor.default-dispatcher-2] INFO  a.a.LocalActorRef akka://worker/user/watcher/graph0000000000/negotiator - Ticket for the frontClass received: FrontTicket{allowedTimestamp=(1519395040892, FlameSocketGraphDeployerFront@172.31.37.101)}
14:10:42.234 [worker-akka.actor.default-dispatcher-2] INFO  c.s.f.r.e.s.SocketFront  - FlameSocketGraphDeployerFront@172.31.37.101: connecting to 172.31.34.147:4567
14:10:42.251 [Client] INFO  c.s.f.r.e.s.SocketFront  - FlameSocketGraphDeployerFront@172.31.37.101 has been disconnected from Connection 5
2018-02-23T14:10:46.414+0000: 15.098: [GC (Allocation Failure) 2018-02-23T14:10:46.414+0000: 15.098: [DefNew: 136576K->14334K(153600K), 0.0261880 secs] 151988K->49278K(494976K), 0.0262509 secs] [Times: user=0.02 sys=0.01, real=0.03 secs] 
2018-02-23T14:10:47.915+0000: 16.598: [GC (Allocation Failure) 2018-02-23T14:10:47.915+0000: 16.598: [DefNew: 150910K->10581K(153600K), 0.0347715 secs] 185854K->52159K(494976K), 0.0348360 secs] [Times: user=0.03 sys=0.00, real=0.04 secs] 
2018-02-23T14:10:48.756+0000: 17.439: [GC (Allocation Failure) 2018-02-23T14:10:48.756+0000: 17.439: [DefNew: 147157K->6433K(153600K), 0.0319430 secs] 188735K->56147K(494976K), 0.0320057 secs] [Times: user=0.03 sys=0.01, real=0.04 secs] 
2018-02-23T14:10:49.909+0000: 18.592: [GC (Allocation Failure) 2018-02-23T14:10:49.909+0000: 18.592: [DefNew: 143009K->15609K(153600K), 0.0313207 secs] 192723K->65323K(494976K), 0.0313842 secs] [Times: user=0.03 sys=0.00, real=0.03 secs] 
2018-02-23T14:10:51.142+0000: 19.825: [GC (Allocation Failure) 2018-02-23T14:10:51.142+0000: 19.825: [DefNew: 152185K->10549K(153600K), 0.0422512 secs] 201899K->73554K(494976K), 0.0423206 secs] [Times: user=0.04 sys=0.00, real=0.04 secs] 
2018-02-23T14:10:52.390+0000: 21.074: [GC (Allocation Failure) 2018-02-23T14:10:52.390+0000: 21.074: [DefNew: 147125K->9801K(153600K), 0.0368711 secs] 210130K->81622K(494976K), 0.0369306 secs] [Times: user=0.03 sys=0.00, real=0.04 secs] 
2018-02-23T14:10:53.487+0000: 22.170: [GC (Allocation Failure) 2018-02-23T14:10:53.487+0000: 22.170: [DefNew: 146377K->9468K(153600K), 0.0337834 secs] 218198K->89727K(494976K), 0.0338450 secs] [Times: user=0.03 sys=0.00, real=0.03 secs] 
2018-02-23T14:10:55.060+0000: 23.744: [GC (Allocation Failure) 2018-02-23T14:10:55.060+0000: 23.744: [DefNew: 146044K->13241K(153600K), 0.0399933 secs] 226303K->102534K(494976K), 0.0400577 secs] [Times: user=0.04 sys=0.00, real=0.04 secs] 
2018-02-23T14:10:56.733+0000: 25.416: [GC (Allocation Failure) 2018-02-23T14:10:56.733+0000: 25.416: [DefNew: 149817K->14847K(153600K), 0.0485561 secs] 239110K->116132K(494976K), 0.0486257 secs] [Times: user=0.05 sys=0.00, real=0.05 secs] 
2018-02-23T14:10:59.138+0000: 27.821: [GC (Allocation Failure) 2018-02-23T14:10:59.138+0000: 27.821: [DefNew: 151423K->5638K(153600K), 0.0217317 secs] 252708K->110417K(494976K), 0.0218014 secs] [Times: user=0.03 sys=0.00, real=0.02 secs] 
2018-02-23T14:11:01.048+0000: 29.732: [GC (Allocation Failure) 2018-02-23T14:11:01.048+0000: 29.732: [DefNew: 142214K->8572K(153600K), 0.0189600 secs] 246993K->113352K(494976K), 0.0190225 secs] [Times: user=0.02 sys=0.00, real=0.02 secs] 
2018-02-23T14:11:02.959+0000: 31.642: [GC (Allocation Failure) 2018-02-23T14:11:02.959+0000: 31.642: [DefNew: 145148K->7152K(153600K), 0.0186377 secs] 249928K->114297K(494976K), 0.0187003 secs] [Times: user=0.02 sys=0.00, real=0.02 secs] 
2018-02-23T14:11:04.646+0000: 33.330: [GC (Allocation Failure) 2018-02-23T14:11:04.647+0000: 33.330: [DefNew: 143728K->8921K(153600K), 0.0174521 secs] 250873K->116065K(494976K), 0.0175136 secs] [Times: user=0.01 sys=0.00, real=0.01 secs] 
2018-02-23T14:11:05.685+0000: 34.369: [GC (Allocation Failure) 2018-02-23T14:11:05.685+0000: 34.369: [DefNew: 145497K->10370K(153600K), 0.0215560 secs] 252641K->119405K(494976K), 0.0216189 secs] [Times: user=0.02 sys=0.01, real=0.02 secs] 
2018-02-23T14:11:07.993+0000: 36.677: [GC (Allocation Failure) 2018-02-23T14:11:07.993+0000: 36.677: [DefNew: 146946K->7662K(153600K), 0.0211737 secs] 255981K->120053K(494976K), 0.0212395 secs] [Times: user=0.02 sys=0.00, real=0.02 secs] 
2018-02-23T14:11:10.200+0000: 38.884: [GC (Allocation Failure) 2018-02-23T14:11:10.200+0000: 38.884: [DefNew: 144238K->9248K(153600K), 0.0167886 secs] 256629K->121639K(494976K), 0.0168812 secs] [Times: user=0.02 sys=0.00, real=0.02 secs] 
2018-02-23T14:11:12.175+0000: 40.858: [GC (Allocation Failure) 2018-02-23T14:11:12.175+0000: 40.858: [DefNew: 145824K->10098K(153600K), 0.0205624 secs] 258215K->123937K(494976K), 0.0206268 secs] [Times: user=0.02 sys=0.00, real=0.02 secs] 
2018-02-23T14:11:14.461+0000: 43.144: [GC (Allocation Failure) 2018-02-23T14:11:14.461+0000: 43.144: [DefNew: 146674K->11295K(153600K), 0.0221684 secs] 260513K->126945K(494976K), 0.0222296 secs] [Times: user=0.02 sys=0.00, real=0.02 secs] 
2018-02-23T14:11:16.688+0000: 45.372: [GC (Allocation Failure) 2018-02-23T14:11:16.688+0000: 45.372: [DefNew: 147871K->9598K(153600K), 0.0221916 secs] 263521K->128778K(494976K), 0.0222555 secs] [Times: user=0.03 sys=0.00, real=0.02 secs] 
2018-02-23T14:11:19.840+0000: 48.524: [GC (Allocation Failure) 2018-02-23T14:11:19.840+0000: 48.524: [DefNew: 146174K->7624K(153600K), 0.0182107 secs] 265354K->129862K(494976K), 0.0182752 secs] [Times: user=0.02 sys=0.00, real=0.02 secs] 
2018-02-23T14:11:22.002+0000: 50.686: [GC (Allocation Failure) 2018-02-23T14:11:22.002+0000: 50.686: [DefNew: 144200K->9497K(153600K), 0.0168476 secs] 266438K->131735K(494976K), 0.0169210 secs] [Times: user=0.02 sys=0.00, real=0.02 secs] 
2018-02-23T14:11:24.524+0000: 53.207: [GC (Allocation Failure) 2018-02-23T14:11:24.524+0000: 53.207: [DefNew: 146073K->9379K(153600K), 0.0192256 secs] 268311K->133455K(494976K), 0.0192865 secs] [Times: user=0.02 sys=0.00, real=0.02 secs] 
2018-02-23T14:11:26.567+0000: 55.250: [GC (Allocation Failure) 2018-02-23T14:11:26.567+0000: 55.250: [DefNew: 145955K->10421K(153600K), 0.0203974 secs] 270031K->135979K(494976K), 0.0204670 secs] [Times: user=0.02 sys=0.00, real=0.02 secs] 
2018-02-23T14:11:28.191+0000: 56.875: [GC (Allocation Failure) 2018-02-23T14:11:28.191+0000: 56.875: [DefNew: 146997K->8569K(153600K), 0.0208951 secs] 272555K->137440K(494976K), 0.0209674 secs] [Times: user=0.02 sys=0.00, real=0.02 secs] 
2018-02-23T14:11:30.421+0000: 59.104: [GC (Allocation Failure) 2018-02-23T14:11:30.421+0000: 59.105: [DefNew: 145145K->8762K(153600K), 0.0194122 secs] 274016K->139761K(494976K), 0.0194840 secs] [Times: user=0.02 sys=0.00, real=0.02 secs] 
2018-02-23T14:11:33.149+0000: 61.832: [GC (Allocation Failure) 2018-02-23T14:11:33.149+0000: 61.832: [DefNew: 145338K->9017K(153600K), 0.0189360 secs] 276337K->141676K(494976K), 0.0190049 secs] [Times: user=0.02 sys=0.00, real=0.02 secs] 
2018-02-23T14:11:35.595+0000: 64.278: [GC (Allocation Failure) 2018-02-23T14:11:35.595+0000: 64.278: [DefNew: 145593K->10081K(153600K), 0.0211535 secs] 278252K->144915K(494976K), 0.0212214 secs] [Times: user=0.02 sys=0.00, real=0.02 secs] 
2018-02-23T14:11:38.718+0000: 67.402: [GC (Allocation Failure) 2018-02-23T14:11:38.718+0000: 67.402: [DefNew: 146657K->9325K(153600K), 0.0200485 secs] 281491K->146121K(494976K), 0.0201120 secs] [Times: user=0.02 sys=0.00, real=0.02 secs] 
2018-02-23T14:11:41.436+0000: 70.120: [GC (Allocation Failure) 2018-02-23T14:11:41.437+0000: 70.120: [DefNew: 145901K->9439K(153600K), 0.0206904 secs] 282697K->148328K(494976K), 0.0207523 secs] [Times: user=0.02 sys=0.00, real=0.02 secs] 
2018-02-23T14:11:44.040+0000: 72.724: [GC (Allocation Failure) 2018-02-23T14:11:44.040+0000: 72.724: [DefNew: 146015K->10188K(153600K), 0.0201801 secs] 284904K->150798K(494976K), 0.0202427 secs] [Times: user=0.01 sys=0.01, real=0.02 secs] 
2018-02-23T14:11:46.894+0000: 75.577: [GC (Allocation Failure) 2018-02-23T14:11:46.894+0000: 75.577: [DefNew: 146764K->10293K(153600K), 0.0215974 secs] 287374K->153089K(494976K), 0.0216674 secs] [Times: user=0.02 sys=0.00, real=0.02 secs] 
2018-02-23T14:11:49.744+0000: 78.428: [GC (Allocation Failure) 2018-02-23T14:11:49.745+0000: 78.428: [DefNew: 146869K->10132K(153600K), 0.0213095 secs] 289665K->155176K(494976K), 0.0213817 secs] [Times: user=0.03 sys=0.00, real=0.02 secs] 
2018-02-23T14:11:51.798+0000: 80.481: [GC (Allocation Failure) 2018-02-23T14:11:51.798+0000: 80.481: [DefNew: 146708K->10312K(153600K), 0.0211012 secs] 291752K->157552K(494976K), 0.0211667 secs] [Times: user=0.02 sys=0.00, real=0.02 secs] 
2018-02-23T14:11:54.631+0000: 83.315: [GC (Allocation Failure) 2018-02-23T14:11:54.631+0000: 83.315: [DefNew: 146888K->10819K(153600K), 0.0215073 secs] 294128K->160155K(494976K), 0.0215703 secs] [Times: user=0.03 sys=0.00, real=0.02 secs] 
2018-02-23T14:11:57.364+0000: 86.048: [GC (Allocation Failure) 2018-02-23T14:11:57.364+0000: 86.048: [DefNew: 147395K->10687K(153600K), 0.0204960 secs] 296731K->162014K(494976K), 0.0205577 secs] [Times: user=0.02 sys=0.00, real=0.03 secs] 
2018-02-23T14:11:59.948+0000: 88.631: [GC (Allocation Failure) 2018-02-23T14:11:59.948+0000: 88.631: [DefNew: 147263K->11312K(153600K), 0.0218412 secs] 298590K->164922K(494976K), 0.0219123 secs] [Times: user=0.03 sys=0.00, real=0.02 secs] 
2018-02-23T14:12:02.924+0000: 91.608: [GC (Allocation Failure) 2018-02-23T14:12:02.924+0000: 91.608: [DefNew: 147888K->11347K(153600K), 0.0218232 secs] 301498K->166926K(494976K), 0.0218838 secs] [Times: user=0.02 sys=0.00, real=0.03 secs] 
2018-02-23T14:12:05.360+0000: 94.044: [GC (Allocation Failure) 2018-02-23T14:12:05.360+0000: 94.044: [DefNew: 147923K->11803K(153600K), 0.0229412 secs] 303502K->169549K(494976K), 0.0230029 secs] [Times: user=0.02 sys=0.00, real=0.02 secs] 
2018-02-23T14:12:07.204+0000: 95.888: [GC (Allocation Failure) 2018-02-23T14:12:07.204+0000: 95.888: [DefNew: 148379K->7557K(153600K), 0.0207244 secs] 306125K->171042K(494976K), 0.0208045 secs] [Times: user=0.02 sys=0.01, real=0.03 secs] 
2018-02-23T14:12:10.015+0000: 98.699: [GC (Allocation Failure) 2018-02-23T14:12:10.015+0000: 98.699: [DefNew: 144133K->11502K(153600K), 0.0185908 secs] 307618K->174987K(494976K), 0.0186699 secs] [Times: user=0.02 sys=0.00, real=0.02 secs] 
2018-02-23T14:12:12.427+0000: 101.110: [GC (Allocation Failure) 2018-02-23T14:12:12.427+0000: 101.110: [DefNew: 148078K->8889K(153600K), 0.0218514 secs] 311563K->177751K(494976K), 0.0219166 secs] [Times: user=0.02 sys=0.00, real=0.02 secs] 
2018-02-23T14:12:15.434+0000: 104.117: [GC (Allocation Failure) 2018-02-23T14:12:15.434+0000: 104.117: [DefNew: 145465K->8764K(153600K), 0.0201304 secs] 314327K->181239K(494976K), 0.0202055 secs] [Times: user=0.02 sys=0.00, real=0.02 secs] 
2018-02-23T14:12:18.526+0000: 107.210: [GC (Allocation Failure) 2018-02-23T14:12:18.526+0000: 107.210: [DefNew: 145340K->8395K(153600K), 0.0192511 secs] 317815K->184041K(494976K), 0.0193124 secs] [Times: user=0.02 sys=0.00, real=0.02 secs] 
2018-02-23T14:12:21.189+0000: 109.872: [GC (Allocation Failure) 2018-02-23T14:12:21.189+0000: 109.872: [DefNew: 144971K->13268K(153600K), 0.0183979 secs] 320617K->188915K(494976K), 0.0184683 secs] [Times: user=0.02 sys=0.00, real=0.02 secs] 
2018-02-23T14:12:23.981+0000: 112.664: [GC (Allocation Failure) 2018-02-23T14:12:23.981+0000: 112.664: [DefNew: 149844K->9296K(153600K), 0.0235515 secs] 325491K->192134K(494976K), 0.0236325 secs] [Times: user=0.02 sys=0.00, real=0.02 secs] 
2018-02-23T14:12:26.247+0000: 114.931: [GC (Allocation Failure) 2018-02-23T14:12:26.247+0000: 114.931: [DefNew: 145872K->9746K(153600K), 0.0207178 secs] 328710K->196295K(494976K), 0.0207787 secs] [Times: user=0.02 sys=0.00, real=0.02 secs] 
2018-02-23T14:12:28.028+0000: 116.711: [GC (Allocation Failure) 2018-02-23T14:12:28.028+0000: 116.711: [DefNew: 146322K->8358K(153600K), 0.0179952 secs] 332871K->198452K(494976K), 0.0180594 secs] [Times: user=0.02 sys=0.00, real=0.02 secs] 
2018-02-23T14:12:30.619+0000: 119.302: [GC (Allocation Failure) 2018-02-23T14:12:30.619+0000: 119.302: [DefNew: 144934K->12434K(153600K), 0.0233375 secs] 335028K->202527K(494976K), 0.0234053 secs] [Times: user=0.02 sys=0.00, real=0.02 secs] 
2018-02-23T14:12:32.667+0000: 121.351: [GC (Allocation Failure) 2018-02-23T14:12:32.667+0000: 121.351: [DefNew: 149010K->8821K(153600K), 0.0219564 secs] 339103K->204917K(494976K), 0.0220362 secs] [Times: user=0.02 sys=0.01, real=0.02 secs] 
2018-02-23T14:12:34.414+0000: 123.097: [GC (Allocation Failure) 2018-02-23T14:12:34.414+0000: 123.097: [DefNew: 145397K->9594K(153600K), 0.0199303 secs] 341493K->209417K(494976K), 0.0199918 secs] [Times: user=0.02 sys=0.00, real=0.02 secs] 
2018-02-23T14:12:36.999+0000: 125.682: [GC (Allocation Failure) 2018-02-23T14:12:36.999+0000: 125.682: [DefNew: 146170K->9427K(153600K), 0.0207090 secs] 345993K->213184K(494976K), 0.0207737 secs] [Times: user=0.02 sys=0.00, real=0.02 secs] 
2018-02-23T14:12:39.127+0000: 127.810: [GC (Allocation Failure) 2018-02-23T14:12:39.127+0000: 127.811: [DefNew: 146003K->9552K(153600K), 0.0203808 secs] 349760K->217145K(494976K), 0.0204416 secs] [Times: user=0.02 sys=0.00, real=0.02 secs] 
2018-02-23T14:12:41.921+0000: 130.605: [GC (Allocation Failure) 2018-02-23T14:12:41.921+0000: 130.605: [DefNew: 146128K->10253K(153600K), 0.0208836 secs] 353721K->221527K(494976K), 0.0209452 secs] [Times: user=0.02 sys=0.00, real=0.02 secs] 
2018-02-23T14:12:44.188+0000: 132.871: [GC (Allocation Failure) 2018-02-23T14:12:44.188+0000: 132.871: [DefNew: 146829K->9703K(153600K), 0.0250665 secs] 358103K->225521K(494976K), 0.0251346 secs] [Times: user=0.02 sys=0.00, real=0.02 secs] 
2018-02-23T14:12:46.178+0000: 134.861: [GC (Allocation Failure) 2018-02-23T14:12:46.178+0000: 134.861: [DefNew: 146279K->9152K(153600K), 0.0282611 secs] 362097K->228884K(494976K), 0.0283257 secs] [Times: user=0.02 sys=0.01, real=0.03 secs] 
2018-02-23T14:12:48.696+0000: 137.379: [GC (Allocation Failure) 2018-02-23T14:12:48.696+0000: 137.379: [DefNew: 145728K->9932K(153600K), 0.0224553 secs] 365460K->233188K(494976K), 0.0225174 secs] [Times: user=0.02 sys=0.00, real=0.03 secs] 
2018-02-23T14:12:50.833+0000: 139.516: [GC (Allocation Failure) 2018-02-23T14:12:50.833+0000: 139.516: [DefNew: 146508K->9718K(153600K), 0.0244098 secs] 369764K->237131K(494976K), 0.0244802 secs] [Times: user=0.01 sys=0.02, real=0.03 secs] 
2018-02-23T14:12:53.226+0000: 141.910: [GC (Allocation Failure) 2018-02-23T14:12:53.226+0000: 141.910: [DefNew: 146294K->10363K(153600K), 0.0292255 secs] 373707K->242138K(494976K), 0.0292899 secs] [Times: user=0.02 sys=0.01, real=0.02 secs] 
2018-02-23T14:12:55.712+0000: 144.395: [GC (Allocation Failure) 2018-02-23T14:12:55.712+0000: 144.395: [DefNew: 146939K->9546K(153600K), 0.0223371 secs] 378714K->245226K(494976K), 0.0224147 secs] [Times: user=0.01 sys=0.01, real=0.02 secs] 
2018-02-23T14:12:58.376+0000: 147.059: [GC (Allocation Failure) 2018-02-23T14:12:58.376+0000: 147.059: [DefNew: 146122K->10301K(153600K), 0.0270964 secs] 381802K->250281K(494976K), 0.0271586 secs] [Times: user=0.03 sys=0.00, real=0.03 secs] 
2018-02-23T14:13:00.760+0000: 149.444: [GC (Allocation Failure) 2018-02-23T14:13:00.760+0000: 149.444: [DefNew: 146877K->10102K(153600K), 0.0278996 secs] 386857K->254359K(494976K), 0.0279614 secs] [Times: user=0.03 sys=0.00, real=0.03 secs] 
2018-02-23T14:13:03.183+0000: 151.866: [GC (Allocation Failure) 2018-02-23T14:13:03.183+0000: 151.866: [DefNew: 146678K->9696K(153600K), 0.0271936 secs] 390935K->258002K(494976K), 0.0272570 secs] [Times: user=0.02 sys=0.01, real=0.03 secs] 
2018-02-23T14:13:05.517+0000: 154.200: [GC (Allocation Failure) 2018-02-23T14:13:05.517+0000: 154.200: [DefNew: 146272K->9805K(153600K), 0.0279793 secs] 394578K->262414K(494976K), 0.0280543 secs] [Times: user=0.02 sys=0.01, real=0.03 secs] 
2018-02-23T14:13:07.532+0000: 156.216: [GC (Allocation Failure) 2018-02-23T14:13:07.532+0000: 156.216: [DefNew: 146381K->10367K(153600K), 0.0295462 secs] 398990K->267630K(494976K), 0.0296165 secs] [Times: user=0.02 sys=0.01, real=0.03 secs] 
2018-02-23T14:13:10.464+0000: 159.147: [GC (Allocation Failure) 2018-02-23T14:13:10.464+0000: 159.148: [DefNew: 146943K->9388K(153600K), 0.0306125 secs] 404206K->270970K(494976K), 0.0306766 secs] [Times: user=0.02 sys=0.01, real=0.03 secs] 
2018-02-23T14:13:12.998+0000: 161.681: [GC (Allocation Failure) 2018-02-23T14:13:12.998+0000: 161.681: [DefNew: 145964K->10499K(153600K), 0.0216240 secs] 407546K->276079K(494976K), 0.0216876 secs] [Times: user=0.02 sys=0.01, real=0.02 secs] 
2018-02-23T14:13:15.392+0000: 164.075: [GC (Allocation Failure) 2018-02-23T14:13:15.392+0000: 164.075: [DefNew: 147075K->11274K(153600K), 0.0289084 secs] 412655K->281649K(494976K), 0.0289710 secs] [Times: user=0.02 sys=0.02, real=0.03 secs] 
2018-02-23T14:13:17.626+0000: 166.310: [GC (Allocation Failure) 2018-02-23T14:13:17.626+0000: 166.310: [DefNew: 147850K->10599K(153600K), 0.0250052 secs] 418225K->286431K(494976K), 0.0250808 secs] [Times: user=0.02 sys=0.00, real=0.02 secs] 
2018-02-23T14:13:20.244+0000: 168.927: [GC (Allocation Failure) 2018-02-23T14:13:20.244+0000: 168.927: [DefNew: 147175K->10579K(153600K), 0.0373595 secs] 423007K->290532K(494976K), 0.0374238 secs] [Times: user=0.02 sys=0.01, real=0.04 secs] 
2018-02-23T14:13:22.943+0000: 171.626: [GC (Allocation Failure) 2018-02-23T14:13:22.943+0000: 171.626: [DefNew: 147155K->11210K(153600K), 0.0352620 secs] 427108K->295987K(494976K), 0.0353320 secs] [Times: user=0.03 sys=0.01, real=0.04 secs] 
2018-02-23T14:13:25.079+0000: 173.762: [GC (Allocation Failure) 2018-02-23T14:13:25.079+0000: 173.762: [DefNew: 147786K->10485K(153600K), 0.0339947 secs] 432563K->299902K(494976K), 0.0340773 secs] [Times: user=0.02 sys=0.02, real=0.03 secs] 
2018-02-23T14:13:27.070+0000: 175.754: [GC (Allocation Failure) 2018-02-23T14:13:27.070+0000: 175.754: [DefNew: 147061K->10506K(153600K), 0.0339742 secs] 436478K->304735K(494976K), 0.0340427 secs] [Times: user=0.02 sys=0.01, real=0.03 secs] 
2018-02-23T14:13:29.668+0000: 178.351: [GC (Allocation Failure) 2018-02-23T14:13:29.668+0000: 178.351: [DefNew: 147082K->10558K(153600K), 0.0345082 secs] 441311K->309464K(494976K), 0.0345754 secs] [Times: user=0.02 sys=0.01, real=0.03 secs] 
2018-02-23T14:13:32.039+0000: 180.723: [GC (Allocation Failure) 2018-02-23T14:13:32.039+0000: 180.723: [DefNew: 147134K->10940K(153600K), 0.0397246 secs] 446040K->315077K(494976K), 0.0397969 secs] [Times: user=0.03 sys=0.01, real=0.04 secs] 
2018-02-23T14:13:34.320+0000: 183.004: [GC (Allocation Failure) 2018-02-23T14:13:34.320+0000: 183.004: [DefNew: 147516K->11775K(153600K), 0.0419391 secs] 451653K->320743K(494976K), 0.0420155 secs] [Times: user=0.02 sys=0.02, real=0.04 secs] 
2018-02-23T14:13:36.128+0000: 184.812: [GC (Allocation Failure) 2018-02-23T14:13:36.128+0000: 184.812: [DefNew: 148351K->10218K(153600K), 0.0478028 secs] 457319K->325149K(494976K), 0.0478819 secs] [Times: user=0.02 sys=0.03, real=0.04 secs] 
2018-02-23T14:13:38.453+0000: 187.136: [GC (Allocation Failure) 2018-02-23T14:13:38.453+0000: 187.136: [DefNew: 146794K->10724K(153600K), 0.0299321 secs] 461725K->330275K(494976K), 0.0300069 secs] [Times: user=0.01 sys=0.02, real=0.03 secs] 
2018-02-23T14:13:41.689+0000: 190.372: [GC (Allocation Failure) 2018-02-23T14:13:41.689+0000: 190.372: [DefNew: 147300K->11065K(153600K), 0.0336208 secs] 466851K->335894K(494976K), 0.0336839 secs] [Times: user=0.01 sys=0.01, real=0.03 secs] 
2018-02-23T14:13:43.711+0000: 192.395: [GC (Allocation Failure) 2018-02-23T14:13:43.711+0000: 192.395: [DefNew: 147641K->9695K(153600K), 0.0320255 secs] 472470K->340143K(494976K), 0.0320983 secs] [Times: user=0.02 sys=0.01, real=0.03 secs] 
2018-02-23T14:13:45.456+0000: 194.139: [GC (Allocation Failure) 2018-02-23T14:13:45.456+0000: 194.139: [DefNew: 146271K->11265K(153600K), 0.0365046 secs] 476719K->346540K(494976K), 0.0378235 secs] [Times: user=0.02 sys=0.02, real=0.04 secs] 
2018-02-23T14:13:48.051+0000: 196.735: [GC (Allocation Failure) 2018-02-23T14:13:48.051+0000: 196.735: [DefNew: 147841K->147841K(153600K), 0.0000302 secs]2018-02-23T14:13:48.051+0000: 196.735: [Tenured: 335275K->131130K(341376K), 0.3546205 secs] 483116K->131130K(494976K), [Metaspace: 32636K->32636K(1079296K)], 0.3558715 secs] [Times: user=0.35 sys=0.00, real=0.36 secs] 
2018-02-23T14:13:51.136+0000: 199.820: [GC (Allocation Failure) 2018-02-23T14:13:51.136+0000: 199.820: [DefNew: 136576K->9576K(153600K), 0.0144029 secs] 267706K->140706K(494976K), 0.0144699 secs] [Times: user=0.02 sys=0.00, real=0.02 secs] 
2018-02-23T14:13:53.209+0000: 201.892: [GC (Allocation Failure) 2018-02-23T14:13:53.209+0000: 201.892: [DefNew: 146152K->10811K(153600K), 0.0194298 secs] 277282K->146589K(494976K), 0.0195117 secs] [Times: user=0.01 sys=0.01, real=0.02 secs] 
2018-02-23T14:13:55.292+0000: 203.975: [GC (Allocation Failure) 2018-02-23T14:13:55.292+0000: 203.975: [DefNew: 147387K->10087K(153600K), 0.0195389 secs] 283165K->151404K(494976K), 0.0196093 secs] [Times: user=0.02 sys=0.00, real=0.02 secs] 
2018-02-23T14:13:57.558+0000: 206.241: [GC (Allocation Failure) 2018-02-23T14:13:57.558+0000: 206.241: [DefNew: 146663K->10742K(153600K), 0.0197201 secs] 287980K->157296K(494976K), 0.0197867 secs] [Times: user=0.02 sys=0.00, real=0.02 secs] 
2018-02-23T14:14:00.041+0000: 208.724: [GC (Allocation Failure) 2018-02-23T14:14:00.041+0000: 208.724: [DefNew: 147318K->11935K(153600K), 0.0219593 secs] 293872K->163835K(494976K), 0.0220256 secs] [Times: user=0.03 sys=0.00, real=0.02 secs] 
2018-02-23T14:14:01.529+0000: 210.213: [GC (Allocation Failure) 2018-02-23T14:14:01.529+0000: 210.213: [DefNew: 148511K->10842K(153600K), 0.0219022 secs] 300411K->168896K(494976K), 0.0219669 secs] [Times: user=0.02 sys=0.00, real=0.02 secs] 
2018-02-23T14:14:03.514+0000: 212.198: [GC (Allocation Failure) 2018-02-23T14:14:03.514+0000: 212.198: [DefNew: 147418K->9459K(153600K), 0.0188540 secs] 305472K->173156K(494976K), 0.0189429 secs] [Times: user=0.02 sys=0.00, real=0.02 secs] 
2018-02-23T14:14:06.673+0000: 215.356: [GC (Allocation Failure) 2018-02-23T14:14:06.673+0000: 215.356: [DefNew: 146035K->11328K(153600K), 0.0205258 secs] 309732K->179321K(494976K), 0.0206192 secs] [Times: user=0.02 sys=0.00, real=0.02 secs] 
2018-02-23T14:14:08.662+0000: 217.345: [GC (Allocation Failure) 2018-02-23T14:14:08.662+0000: 217.345: [DefNew: 147904K->11173K(153600K), 0.0215253 secs] 315897K->184917K(494976K), 0.0215878 secs] [Times: user=0.02 sys=0.00, real=0.02 secs] 
2018-02-23T14:14:10.785+0000: 219.468: [GC (Allocation Failure) 2018-02-23T14:14:10.785+0000: 219.468: [DefNew: 147749K->11278K(153600K), 0.0208259 secs] 321493K->190986K(494976K), 0.0208907 secs] [Times: user=0.03 sys=0.00, real=0.02 secs] 
14:14:12.900 [Client] INFO  c.s.f.r.e.s.SocketRear  - FlameSocketGraphDeployerRear@172.31.37.101: has been disconnected from Connection 5
14:14:29.730 [worker-akka.actor.default-dispatcher-2] INFO  a.a.CoordinatedShutdown CoordinatedShutdown(akka://worker) - Starting coordinated shutdown from JVM shutdown hook
14:14:29.772 [worker-akka.actor.default-dispatcher-2] INFO  a.a.LocalActorRef akka://worker/user/watcher/graph0000000000/negotiator - Stopped
14:14:29.779 [worker-akka.actor.default-dispatcher-2] INFO  a.a.LocalActorRef akka://worker/user/watcher/graph0000000000/edge/FlameSocketGraphDeployerFront - Stopped
14:14:29.779 [worker-akka.actor.default-dispatcher-2] INFO  a.a.LocalActorRef akka://worker/user/watcher/graph0000000000/edge/FlameSocketGraphDeployerRear - Stopped
14:14:29.781 [worker-akka.actor.default-dispatcher-2] INFO  a.a.LocalActorRef akka://worker/user/watcher/graph0000000000/graph/$a - Stopped
14:14:29.781 [worker-akka.actor.default-dispatcher-2] INFO  a.a.LocalActorRef akka://worker/user/watcher/graph0000000000/graph/$b - Stopped
14:14:29.782 [worker-akka.actor.default-dispatcher-2] INFO  a.a.LocalActorRef akka://worker/user/watcher/graph0000000000/graph/$c - Stopped
14:14:29.782 [worker-akka.actor.default-dispatcher-2] INFO  a.a.LocalActorRef akka://worker/user/watcher/graph0000000000/graph/local-acker/$a - Stopped
14:14:29.786 [worker-akka.actor.default-dispatcher-2] INFO  a.a.LocalActorRef akka://worker/user/watcher/graph0000000000/edge - Stopped
14:14:29.786 [worker-akka.actor.default-dispatcher-2] INFO  a.a.LocalActorRef akka://worker/user/watcher/graph0000000000/graph/local-acker/$a - Message [com.spbsu.flamestream.runtime.utils.akka.PingActor$InnerPing] from Actor[akka://worker/user/watcher/graph0000000000/graph/local-acker/$a#-157372040] to Actor[akka://worker/user/watcher/graph0000000000/graph/local-acker/$a#-157372040] was not delivered. [1] dead letters encountered. This logging can be turned off or adjusted with configuration settings 'akka.log-dead-letters' and 'akka.log-dead-letters-during-shutdown'.
14:14:29.786 [worker-akka.actor.default-dispatcher-2] INFO  a.a.LocalActorRef akka://worker/user/watcher/graph0000000000/graph/local-acker - Stopped
14:14:29.793 [worker-akka.actor.default-dispatcher-2] INFO  a.a.LocalActorRef akka://worker/user/watcher/graph0000000000/graph/local-acker/$a - Message [com.spbsu.flamestream.runtime.utils.akka.PingActor$Stop] from Actor[akka://worker/user/watcher/graph0000000000/graph/local-acker#1738098131] to Actor[akka://worker/user/watcher/graph0000000000/graph/local-acker/$a#-157372040] was not delivered. [2] dead letters encountered. This logging can be turned off or adjusted with configuration settings 'akka.log-dead-letters' and 'akka.log-dead-letters-during-shutdown'.
14:14:29.793 [worker-akka.actor.default-dispatcher-2] INFO  a.a.LocalActorRef akka://worker/user/watcher/graph0000000000/graph/local-acker - Message [com.spbsu.flamestream.runtime.acker.LocalAcker$Flush] from Actor[akka://worker/user/watcher/graph0000000000/graph/local-acker#1738098131] to Actor[akka://worker/user/watcher/graph0000000000/graph/local-acker#1738098131] was not delivered. [3] dead letters encountered. This logging can be turned off or adjusted with configuration settings 'akka.log-dead-letters' and 'akka.log-dead-letters-during-shutdown'.
14:14:29.794 [worker-akka.actor.default-dispatcher-2] INFO  a.a.LocalActorRef akka://worker/user/watcher/graph0000000000/graph/local-acker - Message [com.spbsu.flamestream.runtime.acker.LocalAcker$Flush] from Actor[akka://worker/user/watcher/graph0000000000/graph/local-acker#1738098131] to Actor[akka://worker/user/watcher/graph0000000000/graph/local-acker#1738098131] was not delivered. [4] dead letters encountered. This logging can be turned off or adjusted with configuration settings 'akka.log-dead-letters' and 'akka.log-dead-letters-during-shutdown'.
14:14:29.794 [worker-akka.actor.default-dispatcher-2] INFO  a.a.LocalActorRef akka://worker/user/watcher/graph0000000000/graph/local-acker - Message [com.spbsu.flamestream.runtime.acker.LocalAcker$Flush] from Actor[akka://worker/user/watcher/graph0000000000/graph/local-acker#1738098131] to Actor[akka://worker/user/watcher/graph0000000000/graph/local-acker#1738098131] was not delivered. [5] dead letters encountered. This logging can be turned off or adjusted with configuration settings 'akka.log-dead-letters' and 'akka.log-dead-letters-during-shutdown'.
14:14:29.794 [worker-akka.actor.default-dispatcher-2] INFO  a.a.LocalActorRef akka://worker/user/watcher/graph0000000000/graph/local-acker - Message [com.spbsu.flamestream.runtime.acker.LocalAcker$Flush] from Actor[akka://worker/user/watcher/graph0000000000/graph/local-acker#1738098131] to Actor[akka://worker/user/watcher/graph0000000000/graph/local-acker#1738098131] was not delivered. [6] dead letters encountered. This logging can be turned off or adjusted with configuration settings 'akka.log-dead-letters' and 'akka.log-dead-letters-during-shutdown'.
14:14:29.795 [worker-akka.actor.default-dispatcher-2] INFO  a.a.LocalActorRef akka://worker/user/watcher/graph0000000000/graph/local-acker - Message [com.spbsu.flamestream.runtime.acker.LocalAcker$Flush] from Actor[akka://worker/user/watcher/graph0000000000/graph/local-acker#1738098131] to Actor[akka://worker/user/watcher/graph0000000000/graph/local-acker#1738098131] was not delivered. [7] dead letters encountered. This logging can be turned off or adjusted with configuration settings 'akka.log-dead-letters' and 'akka.log-dead-letters-during-shutdown'.
14:14:29.796 [worker-akka.actor.default-dispatcher-2] INFO  a.a.LocalActorRef akka://worker/user/watcher/graph0000000000/graph/local-acker - Message [com.spbsu.flamestream.runtime.acker.LocalAcker$Flush] from Actor[akka://worker/user/watcher/graph0000000000/graph/local-acker#1738098131] to Actor[akka://worker/user/watcher/graph0000000000/graph/local-acker#1738098131] was not delivered. [8] dead letters encountered. This logging can be turned off or adjusted with configuration settings 'akka.log-dead-letters' and 'akka.log-dead-letters-during-shutdown'.
14:14:29.796 [worker-akka.actor.default-dispatcher-2] INFO  a.a.LocalActorRef akka://worker/user/watcher/graph0000000000/graph/local-acker - Message [com.spbsu.flamestream.runtime.acker.LocalAcker$Flush] from Actor[akka://worker/user/watcher/graph0000000000/graph/local-acker#1738098131] to Actor[akka://worker/user/watcher/graph0000000000/graph/local-acker#1738098131] was not delivered. [9] dead letters encountered. This logging can be turned off or adjusted with configuration settings 'akka.log-dead-letters' and 'akka.log-dead-letters-during-shutdown'.
14:14:29.796 [worker-akka.actor.default-dispatcher-2] INFO  a.a.LocalActorRef akka://worker/user/watcher/graph0000000000/graph - Stopped
14:14:29.796 [worker-akka.actor.default-dispatcher-2] INFO  a.a.LocalActorRef akka://worker/user/watcher/graph0000000000 - Stopped
14:14:29.801 [worker-akka.actor.default-dispatcher-2-EventThread] INFO  o.a.z.ClientCnxn  - EventThread shut down for session: 0x161c2ffd9f50005
14:14:29.801 [worker-akka.actor.default-dispatcher-2] INFO  o.a.z.ZooKeeper  - Session: 0x161c2ffd9f50005 closed
14:14:29.801 [worker-akka.actor.default-dispatcher-2] INFO  a.a.RepointableActorRef akka://worker/user/watcher - Stopped
14:14:29.812 [worker-akka.actor.default-dispatcher-2] INFO  a.r.RemoteActorRefProvider$RemotingTerminator akka://worker@172.31.37.101:5412/system/remoting-terminator - Shutting down remote daemon.
14:14:29.815 [worker-akka.actor.default-dispatcher-2] INFO  a.r.RemoteActorRefProvider$RemotingTerminator akka://worker@172.31.37.101:5412/system/remoting-terminator - Remote daemon shut down; proceeding with flushing remote transports.
14:14:30.919 [worker-akka.actor.default-dispatcher-2] INFO  a.r.RemoteActorRefProvider$RemotingTerminator akka://worker@172.31.37.101:5412/system/remoting-terminator - Remoting shut down.
Heap
 def new generation   total 153600K, used 147503K [0x00000000e0c00000, 0x00000000eb2a0000, 0x00000000eb2a0000)
  eden space 136576K,  99% used [0x00000000e0c00000, 0x00000000e91082d8, 0x00000000e9160000)
  from space 17024K,  66% used [0x00000000e9160000, 0x00000000e9c63a90, 0x00000000ea200000)
  to   space 17024K,   0% used [0x00000000ea200000, 0x00000000ea200000, 0x00000000eb2a0000)
 tenured generation   total 341376K, used 179707K [0x00000000eb2a0000, 0x0000000100000000, 0x0000000100000000)
   the space 341376K,  52% used [0x00000000eb2a0000, 0x00000000f621ef40, 0x00000000f621f000, 0x0000000100000000)
 Metaspace       used 33241K, capacity 34020K, committed 34432K, reserved 1079296K
  class space    used 4453K, capacity 4619K, committed 4736K, reserved 1048576K
