11:44:56.145 [worker-akka.actor.default-dispatcher-2] INFO  a.e.s.Slf4jLogger  - Slf4jLogger started
2018-02-21T11:44:56.320+0000: 2.295: [Full GC (Metadata GC Threshold) 2018-02-21T11:44:56.320+0000: 2.295: [Tenured: 0K->15411K(341376K), 0.0377581 secs] 117538K->15411K(494976K), [Metaspace: 20877K->20877K(1067008K)], 0.0378215 secs] [Times: user=0.03 sys=0.00, real=0.04 secs] 
Ama winner
Ama winner
11:44:56.750 [worker-akka.actor.default-dispatcher-2] INFO  a.r.a.ArteryTransport(akka://worker) akka.remote.artery.ArteryTransport(akka://worker) - Started embedded media driver in directory [/dev/shm/aeron-root-worker-2b379da8-e165-4361-bb8f-b3de7a8a6032]
11:44:56.964 [worker-akka.actor.default-dispatcher-2] INFO  a.r.a.ArteryTransport(akka://worker) akka.remote.artery.ArteryTransport(akka://worker) - Remoting started; listening on address: [akka://worker@172.31.34.169:5412] with UID [-3874262865665426497]
11:44:57.063 [worker-akka.actor.default-dispatcher-2] INFO  o.a.z.ZooKeeper  - Client environment:zookeeper.version=3.4.9-1757313, built on 08/23/2016 06:50 GMT
11:44:57.063 [worker-akka.actor.default-dispatcher-2] INFO  o.a.z.ZooKeeper  - Client environment:host.name=ip-172-31-34-169.us-east-2.compute.internal
11:44:57.063 [worker-akka.actor.default-dispatcher-2] INFO  o.a.z.ZooKeeper  - Client environment:java.version=1.8.0_151
11:44:57.063 [worker-akka.actor.default-dispatcher-2] INFO  o.a.z.ZooKeeper  - Client environment:java.vendor=Oracle Corporation
11:44:57.064 [worker-akka.actor.default-dispatcher-2] INFO  o.a.z.ZooKeeper  - Client environment:java.home=/usr/lib/jvm/java-8-openjdk-amd64/jre
11:44:57.064 [worker-akka.actor.default-dispatcher-2] INFO  o.a.z.ZooKeeper  - Client environment:java.class.path=lib/commons-cli-1.4.jar:lib/minlog-1.3.0.jar:lib/asm-5.0.4.jar:lib/hadoop-annotations-2.7.3.jar:lib/hadoop-auth-2.7.3.jar:lib/akka-slf4j_2.11-2.5.6.jar:lib/jersey-core-1.9.jar:lib/lz4-1.3.0.jar:lib/jackson-core-asl-1.9.13.jar:lib/aeron-client-1.3.0.jar:lib/htrace-core-3.1.0-incubating.jar:lib/xz-1.0.jar:lib/commons-httpclient-3.1.jar:lib/asm-3.1.jar:lib/commons-lang3-3.4.jar:lib/scala-library-2.11.11.jar:lib/scala-java8-compat_2.11-0.7.0.jar:lib/commons-configuration-1.6.jar:lib/objenesis-2.1.jar:lib/jackson-annotations-2.8.0.jar:lib/jsr305-3.0.0.jar:lib/curator-framework-2.7.1.jar:lib/jersey-server-1.9.jar:lib/jets3t-0.9.0.jar:lib/leveldb-0.7.jar:lib/jetty-6.1.26.jar:lib/stax-api-1.0-2.jar:lib/flamestream-core-1.0-SNAPSHOT.jar:lib/reflectasm-1.07-shaded.jar:lib/apacheds-kerberos-codec-2.0.0-M15.jar:lib/api-asn1-api-1.0.0-M20.jar:lib/commons-lang-2.6.jar:lib/commons-beanutils-1.7.0.jar:lib/jackson-xc-1.8.3.jar:lib/jetty-util-6.1.26.jar:lib/logback-classic-1.2.3.jar:lib/jool-0.9.12.jar:lib/flamestream-runtime-1.0-SNAPSHOT-tests.jar:lib/httpcore-4.1.2.jar:lib/kryo-4.0.0.jar:lib/ant-1.8.1.jar:lib/jaxb-impl-2.2.3-1.jar:lib/jersey-json-1.9.jar:lib/commons-compress-1.4.1.jar:lib/leveldbjni-all-1.8.jar:lib/paranamer-2.3.jar:lib/jackson-core-2.8.4.jar:lib/commons-math3-3.6.1.jar:lib/scala-parser-combinators_2.11-1.0.4.jar:lib/netty-3.10.6.Final.jar:lib/trove4j-3.0.3.jar:lib/jaxb-api-2.2.2.jar:lib/logback-core-1.2.3.jar:lib/snappy-java-1.0.4.1.jar:lib/protobuf-java-2.5.0.jar:lib/reactive-streams-1.0.1.jar:lib/flamestream-examples-1.0-SNAPSHOT.jar:lib/commons-codec-1.4.jar:lib/activation-1.1.jar:lib/commons-net-3.1.jar:lib/curator-recipes-2.7.1.jar:lib/jackson-mapper-asl-1.9.13.jar:lib/jackson-databind-2.8.4.jar:lib/flamestream-runtime-1.0-SNAPSHOT.jar:lib/jackson-jaxrs-1.8.3.jar:lib/slf4j-api-1.7.24.jar:lib/akka-remote_2.11-2.5.6.jar:lib/akka-testkit_2.11-2.5.6.jar:lib/jline-0.9.94.jar:lib/akka-stream_2.11-2.5.6.jar:lib/jsp-api-2.1.jar:lib/kryonet-2.21.jar:lib/akka-kryo-serialization_2.11-0.5.0.jar:lib/config-1.3.1.jar:lib/ant-launcher-1.8.1.jar:lib/commons-logging-1.2.jar:lib/ssl-config-core_2.11-0.2.2.jar:lib/testng-6.10.jar:lib/leveldb-api-0.7.jar:lib/reflectasm-1.11.3.jar:lib/jcommander-1.48.jar:lib/commons-1.1.jar:lib/commons-digester-1.8.jar:lib/minlog-1.2.jar:lib/java-xmlbuilder-0.4.jar:lib/jettison-1.1.jar:lib/gson-2.2.4.jar:lib/jdk.tools-1.8.jar:lib/aeron-driver-1.3.0.jar:lib/zookeeper-3.4.9.jar:lib/commons-beanutils-core-1.8.0.jar:lib/commons-math3-3.1.1.jar:lib/akka-actor_2.11-2.5.6.jar:lib/curator-client-2.7.1.jar:lib/servlet-api-2.5.jar:lib/apacheds-i18n-2.0.0-M15.jar:lib/commons-io-2.4.jar:lib/commons-codec-1.6.jar:lib/akka-protobuf_2.11-2.5.6.jar:lib/protobuf-java-3.5.1.jar:lib/jdom-2.0.2.jar:lib/api-util-1.0.0-M20.jar:lib/hadoop-common-2.7.3.jar:lib/agrona-0.9.6.jar:lib/xmlenc-0.52.jar:lib/guava-21.0.jar:lib/commons-collections-3.2.2.jar:lib/avro-1.7.4.jar:lib/httpclient-4.1.2.jar:lib/flamestream-core-1.0-SNAPSHOT-tests.jar:lib/annotations-12.0.jar:lib/jsch-0.1.42.jar:flamestream-runtime-1.0-SNAPSHOT.jar
11:44:57.064 [worker-akka.actor.default-dispatcher-2] INFO  o.a.z.ZooKeeper  - Client environment:java.library.path=/usr/java/packages/lib/amd64:/usr/lib/x86_64-linux-gnu/jni:/lib/x86_64-linux-gnu:/usr/lib/x86_64-linux-gnu:/usr/lib/jni:/lib:/usr/lib
11:44:57.064 [worker-akka.actor.default-dispatcher-2] INFO  o.a.z.ZooKeeper  - Client environment:java.io.tmpdir=/tmp
11:44:57.064 [worker-akka.actor.default-dispatcher-2] INFO  o.a.z.ZooKeeper  - Client environment:java.compiler=<NA>
11:44:57.064 [worker-akka.actor.default-dispatcher-2] INFO  o.a.z.ZooKeeper  - Client environment:os.name=Linux
11:44:57.064 [worker-akka.actor.default-dispatcher-2] INFO  o.a.z.ZooKeeper  - Client environment:os.arch=amd64
11:44:57.064 [worker-akka.actor.default-dispatcher-2] INFO  o.a.z.ZooKeeper  - Client environment:os.version=4.4.0-1049-aws
11:44:57.064 [worker-akka.actor.default-dispatcher-2] INFO  o.a.z.ZooKeeper  - Client environment:user.name=root
11:44:57.066 [worker-akka.actor.default-dispatcher-2] INFO  o.a.z.ZooKeeper  - Client environment:user.home=/root
11:44:57.067 [worker-akka.actor.default-dispatcher-2] INFO  o.a.z.ZooKeeper  - Client environment:user.dir=/opt/flamestream
11:44:57.069 [worker-akka.actor.default-dispatcher-2] INFO  o.a.z.ZooKeeper  - Initiating client connection, connectString=172.31.34.147:2181 sessionTimeout=5000 watcher=com.spbsu.flamestream.runtime.application.LifecycleWatcher$$Lambda$29/764839090@3d5d5f13
11:44:57.103 [worker-akka.actor.default-dispatcher-2] INFO  a.a.RepointableActorRef akka://worker/user/watcher - Starting...
11:44:57.106 [worker-akka.actor.default-dispatcher-2-SendThread(172.31.34.147:2181)] INFO  o.a.z.ClientCnxn  - Opening socket connection to server 172.31.34.147/172.31.34.147:2181. Will not attempt to authenticate using SASL (unknown error)
11:44:57.110 [worker-akka.actor.default-dispatcher-2-SendThread(172.31.34.147:2181)] INFO  o.a.z.ClientCnxn  - Socket connection established to 172.31.34.147/172.31.34.147:2181, initiating session
11:44:57.120 [worker-akka.actor.default-dispatcher-2-SendThread(172.31.34.147:2181)] INFO  o.a.z.ClientCnxn  - Session establishment complete on server 172.31.34.147/172.31.34.147:2181, sessionid = 0x161b82d7c4f0008, negotiated timeout = 6000
11:44:57.214 [worker-akka.actor.default-dispatcher-2] INFO  a.a.RepointableActorRef akka://worker/user/watcher - Connected to ZK
11:45:06.125 [worker-akka.actor.default-dispatcher-2] INFO  a.a.RepointableActorRef akka://worker/user/watcher - Creating node with watchGraphs: 'com.spbsu.flamestream.core.Graph$Builder$MyGraph@cf23589', config: 'ClusterConfig{paths={172.31.33.155=akka://worker@172.31.33.155:5412/user/watcher/graph0000000000, 172.31.47.83=akka://worker@172.31.47.83:5412/user/watcher/graph0000000000, 172.31.45.197=akka://worker@172.31.45.197:5412/user/watcher/graph0000000000, 172.31.42.36=akka://worker@172.31.42.36:5412/user/watcher/graph0000000000, 172.31.44.83=akka://worker@172.31.44.83:5412/user/watcher/graph0000000000, 172.31.39.64=akka://worker@172.31.39.64:5412/user/watcher/graph0000000000, 172.31.35.79=akka://worker@172.31.35.79:5412/user/watcher/graph0000000000, 172.31.34.169=akka://worker@172.31.34.169:5412/user/watcher/graph0000000000, 172.31.47.100=akka://worker@172.31.47.100:5412/user/watcher/graph0000000000, 172.31.37.101=akka://worker@172.31.37.101:5412/user/watcher/graph0000000000}, ackerLocation='172.31.35.79', props=ComputationLayout{ranges={172.31.33.155=HashRange{from=-1670265060, to=-1193046472}, 172.31.47.83=HashRange{from=1670265056, to=2147483644}, 172.31.45.197=HashRange{from=-715827884, to=-238609296}, 172.31.42.36=HashRange{from=1193046468, to=1670265056}, 172.31.44.83=HashRange{from=-238609296, to=238609292}, 172.31.39.64=HashRange{from=715827880, to=1193046468}, 172.31.35.79=HashRange{from=0, to=0}, 172.31.34.169=HashRange{from=-2147483648, to=-1670265060}, 172.31.47.100=HashRange{from=238609292, to=715827880}, 172.31.37.101=HashRange{from=-1193046472, to=-715827884}}}}'
11:45:07.032 [worker-akka.actor.default-dispatcher-2] INFO  a.a.LocalActorRef akka://worker/user/watcher/graph0000000000/graph - Starting...
11:45:07.033 [worker-akka.actor.default-dispatcher-2] INFO  a.a.LocalActorRef akka://worker/user/watcher/graph0000000000/graph/local-acker - Starting...
11:45:07.038 [worker-akka.actor.default-dispatcher-2] INFO  a.a.LocalActorRef akka://worker/user/watcher/graph0000000000/graph/local-acker/$a - Starting...
Warning: space is running low in /dev/shm (tmpfs) threshold=167,772,160 usable=158,621,696
Warning: space is running low in /dev/shm (tmpfs) threshold=167,772,160 usable=146,034,688
Warning: space is running low in /dev/shm (tmpfs) threshold=167,772,160 usable=133,447,680
Warning: space is running low in /dev/shm (tmpfs) threshold=167,772,160 usable=120,860,672
Warning: space is running low in /dev/shm (tmpfs) threshold=167,772,160 usable=108,273,664
Warning: space is running low in /dev/shm (tmpfs) threshold=167,772,160 usable=95,686,656
Warning: space is running low in /dev/shm (tmpfs) threshold=167,772,160 usable=83,099,648
Warning: space is running low in /dev/shm (tmpfs) threshold=167,772,160 usable=70,512,640
11:45:08.897 [worker-akka.actor.default-dispatcher-2] INFO  a.a.LocalActorRef akka://worker/user/watcher/graph0000000000/graph - Finishing constructor
11:45:08.899 [worker-akka.actor.default-dispatcher-2] INFO  a.a.LocalActorRef akka://worker/user/watcher/graph0000000000 - Starting...
11:45:08.968 [worker-akka.actor.default-dispatcher-2] INFO  a.a.LocalActorRef akka://worker/user/watcher/graph0000000000/negotiator - Starting...
11:45:08.970 [worker-akka.actor.default-dispatcher-2] INFO  a.a.LocalActorRef akka://worker/user/watcher/graph0000000000/edge - Starting...
11:45:08.971 [worker-akka.actor.default-dispatcher-2] INFO  a.a.LocalActorRef akka://worker/user/watcher/graph0000000000/graph/$a - Starting...
11:45:08.973 [worker-akka.actor.default-dispatcher-2] INFO  a.a.LocalActorRef akka://worker/user/watcher/graph0000000000/graph/$b - Starting...
11:45:08.974 [worker-akka.actor.default-dispatcher-2] INFO  a.a.LocalActorRef akka://worker/user/watcher/graph0000000000/graph/$c - Starting...
11:45:09.002 [worker-akka.actor.default-dispatcher-2] INFO  c.s.f.r.e.s.SocketRear  - FlameSocketGraphDeployerRear@172.31.34.169: connecting to 172.31.34.147:5678
11:45:09.006 [worker-akka.actor.default-dispatcher-2] INFO  c.s.f.r.e.s.SocketRear  - FlameSocketGraphDeployerRear@172.31.34.169: connected to 172.31.34.147:5678
11:45:09.023 [worker-akka.actor.default-dispatcher-2] INFO  a.a.LocalActorRef akka://worker/user/watcher/graph0000000000/edge/FlameSocketGraphDeployerRear - Starting...
11:45:09.024 [worker-akka.actor.default-dispatcher-2] INFO  a.a.LocalActorRef akka://worker/user/watcher/graph0000000000/edge/FlameSocketGraphDeployerFront - Starting...
11:45:09.024 [worker-akka.actor.default-dispatcher-2] INFO  a.a.LocalActorRef akka://worker/user/watcher/graph0000000000/negotiator - Requesting ticket for the frontClass FlameSocketGraphDeployerFront@172.31.34.169
11:45:09.036 [worker-akka.actor.default-dispatcher-2] INFO  a.a.LocalActorRef akka://worker/user/watcher/graph0000000000/negotiator - Ticket for the frontClass received: FrontTicket{allowedTimestamp=(1519213506133, FlameSocketGraphDeployerFront@172.31.34.169)}
11:45:09.037 [worker-akka.actor.default-dispatcher-2] INFO  c.s.f.r.e.s.SocketFront  - FlameSocketGraphDeployerFront@172.31.34.169: connecting to 172.31.34.147:4567
11:45:09.049 [Client] INFO  c.s.f.r.e.s.SocketFront  - FlameSocketGraphDeployerFront@172.31.34.169 has been disconnected from Connection 9
2018-02-21T11:45:12.420+0000: 18.395: [GC (Allocation Failure) 2018-02-21T11:45:12.420+0000: 18.395: [DefNew: 136576K->17024K(153600K), 0.0393867 secs] 151987K->53425K(494976K), 0.0394545 secs] [Times: user=0.01 sys=0.02, real=0.04 secs] 
2018-02-21T11:45:25.154+0000: 31.129: [GC (Allocation Failure) 2018-02-21T11:45:25.154+0000: 31.129: [DefNew: 153600K->3334K(153600K), 0.0175329 secs] 190001K->50391K(494976K), 0.0176019 secs] [Times: user=0.01 sys=0.00, real=0.02 secs] 
2018-02-21T11:45:44.661+0000: 50.637: [GC (Allocation Failure) 2018-02-21T11:45:44.661+0000: 50.637: [DefNew: 139910K->5921K(153600K), 0.0126599 secs] 186967K->52978K(494976K), 0.0134620 secs] [Times: user=0.01 sys=0.00, real=0.01 secs] 
2018-02-21T11:45:59.598+0000: 65.574: [GC (Allocation Failure) 2018-02-21T11:45:59.598+0000: 65.574: [DefNew: 142497K->7123K(153600K), 0.0152079 secs] 189554K->54181K(494976K), 0.0152765 secs] [Times: user=0.01 sys=0.00, real=0.01 secs] 
2018-02-21T11:46:17.722+0000: 83.697: [GC (Allocation Failure) 2018-02-21T11:46:17.722+0000: 83.697: [DefNew: 143699K->8816K(153600K), 0.0161943 secs] 190757K->55874K(494976K), 0.0162644 secs] [Times: user=0.02 sys=0.00, real=0.02 secs] 
2018-02-21T11:46:31.660+0000: 97.635: [GC (Allocation Failure) 2018-02-21T11:46:31.660+0000: 97.635: [DefNew: 145392K->8468K(153600K), 0.0158156 secs] 192450K->56971K(494976K), 0.0158738 secs] [Times: user=0.02 sys=0.00, real=0.01 secs] 
2018-02-21T11:46:45.747+0000: 111.722: [GC (Allocation Failure) 2018-02-21T11:46:45.747+0000: 111.722: [DefNew: 145044K->10052K(153600K), 0.0159113 secs] 193547K->58556K(494976K), 0.0159747 secs] [Times: user=0.02 sys=0.00, real=0.02 secs] 
2018-02-21T11:47:04.670+0000: 130.645: [GC (Allocation Failure) 2018-02-21T11:47:04.670+0000: 130.645: [DefNew: 146628K->8364K(153600K), 0.0200745 secs] 195132K->59347K(494976K), 0.0201442 secs] [Times: user=0.01 sys=0.02, real=0.02 secs] 
2018-02-21T11:47:25.323+0000: 151.298: [GC (Allocation Failure) 2018-02-21T11:47:25.323+0000: 151.298: [DefNew: 144940K->9939K(153600K), 0.0152264 secs] 195923K->60922K(494976K), 0.0152930 secs] [Times: user=0.02 sys=0.00, real=0.02 secs] 
2018-02-21T11:47:40.649+0000: 166.624: [GC (Allocation Failure) 2018-02-21T11:47:40.649+0000: 166.624: [DefNew: 146515K->8755K(153600K), 0.0184801 secs] 197498K->62118K(494976K), 0.0185588 secs] [Times: user=0.01 sys=0.01, real=0.02 secs] 
2018-02-21T11:47:57.949+0000: 183.924: [GC (Allocation Failure) 2018-02-21T11:47:57.949+0000: 183.924: [DefNew: 145331K->8607K(153600K), 0.0150344 secs] 198694K->63189K(494976K), 0.0150957 secs] [Times: user=0.02 sys=0.00, real=0.02 secs] 
2018-02-21T11:48:19.303+0000: 205.278: [GC (Allocation Failure) 2018-02-21T11:48:19.303+0000: 205.278: [DefNew: 145183K->8907K(153600K), 0.0245271 secs] 199765K->64534K(494976K), 0.0245893 secs] [Times: user=0.01 sys=0.01, real=0.02 secs] 
2018-02-21T11:48:37.574+0000: 223.549: [GC (Allocation Failure) 2018-02-21T11:48:37.574+0000: 223.549: [DefNew: 145483K->9050K(153600K), 0.0174895 secs] 201110K->66117K(494976K), 0.0175604 secs] [Times: user=0.02 sys=0.00, real=0.02 secs] 
2018-02-21T11:48:56.928+0000: 242.903: [GC (Allocation Failure) 2018-02-21T11:48:56.928+0000: 242.903: [DefNew: 145626K->9073K(153600K), 0.0162936 secs] 202693K->67302K(494976K), 0.0163671 secs] [Times: user=0.02 sys=0.00, real=0.02 secs] 
2018-02-21T11:49:15.238+0000: 261.214: [GC (Allocation Failure) 2018-02-21T11:49:15.238+0000: 261.214: [DefNew: 145649K->8966K(153600K), 0.0228075 secs] 203878K->68159K(494976K), 0.0228697 secs] [Times: user=0.01 sys=0.02, real=0.02 secs] 
2018-02-21T11:49:34.146+0000: 280.121: [GC (Allocation Failure) 2018-02-21T11:49:34.146+0000: 280.121: [DefNew: 145542K->8928K(153600K), 0.0152242 secs] 204735K->69202K(494976K), 0.0153049 secs] [Times: user=0.01 sys=0.00, real=0.02 secs] 
2018-02-21T11:49:52.498+0000: 298.473: [GC (Allocation Failure) 2018-02-21T11:49:52.498+0000: 298.473: [DefNew: 145504K->9312K(153600K), 0.0179211 secs] 205778K->70716K(494976K), 0.0180239 secs] [Times: user=0.02 sys=0.00, real=0.01 secs] 
2018-02-21T11:50:11.764+0000: 317.739: [GC (Allocation Failure) 2018-02-21T11:50:11.764+0000: 317.739: [DefNew: 145888K->9957K(153600K), 0.0162166 secs] 207292K->72420K(494976K), 0.0162772 secs] [Times: user=0.02 sys=0.00, real=0.02 secs] 
2018-02-21T11:50:31.307+0000: 337.282: [GC (Allocation Failure) 2018-02-21T11:50:31.307+0000: 337.282: [DefNew: 146533K->8860K(153600K), 0.0172169 secs] 208996K->73456K(494976K), 0.0172882 secs] [Times: user=0.01 sys=0.00, real=0.02 secs] 
2018-02-21T11:50:50.900+0000: 356.875: [GC (Allocation Failure) 2018-02-21T11:50:50.900+0000: 356.875: [DefNew: 145436K->8728K(153600K), 0.0224370 secs] 210032K->74582K(494976K), 0.0224983 secs] [Times: user=0.01 sys=0.01, real=0.02 secs] 
2018-02-21T11:51:07.784+0000: 373.759: [GC (Allocation Failure) 2018-02-21T11:51:07.784+0000: 373.759: [DefNew: 145304K->8754K(153600K), 0.0160098 secs] 211158K->75938K(494976K), 0.0160804 secs] [Times: user=0.02 sys=0.00, real=0.02 secs] 
2018-02-21T11:51:24.767+0000: 390.742: [GC (Allocation Failure) 2018-02-21T11:51:24.767+0000: 390.742: [DefNew: 145330K->9090K(153600K), 0.0162937 secs] 212514K->77499K(494976K), 0.0163604 secs] [Times: user=0.02 sys=0.00, real=0.02 secs] 
2018-02-21T11:51:39.002+0000: 404.977: [GC (Allocation Failure) 2018-02-21T11:51:39.002+0000: 404.977: [DefNew: 145666K->9140K(153600K), 0.0164683 secs] 214075K->78598K(494976K), 0.0165278 secs] [Times: user=0.02 sys=0.01, real=0.02 secs] 
2018-02-21T11:51:55.340+0000: 421.315: [GC (Allocation Failure) 2018-02-21T11:51:55.340+0000: 421.315: [DefNew: 145716K->10180K(153600K), 0.0164185 secs] 215174K->80944K(494976K), 0.0164917 secs] [Times: user=0.02 sys=0.00, real=0.01 secs] 
2018-02-21T11:52:12.053+0000: 438.028: [GC (Allocation Failure) 2018-02-21T11:52:12.053+0000: 438.028: [DefNew: 146756K->8902K(153600K), 0.0188068 secs] 217520K->82327K(494976K), 0.0188681 secs] [Times: user=0.02 sys=0.00, real=0.02 secs] 
2018-02-21T11:52:28.030+0000: 454.005: [GC (Allocation Failure) 2018-02-21T11:52:28.030+0000: 454.005: [DefNew: 145478K->8478K(153600K), 0.0168752 secs] 218903K->84074K(494976K), 0.0169367 secs] [Times: user=0.02 sys=0.00, real=0.01 secs] 
2018-02-21T11:52:47.419+0000: 473.394: [GC (Allocation Failure) 2018-02-21T11:52:47.419+0000: 473.394: [DefNew: 145054K->10195K(153600K), 0.0159679 secs] 220650K->85791K(494976K), 0.0160625 secs] [Times: user=0.02 sys=0.00, real=0.01 secs] 
2018-02-21T11:53:07.049+0000: 493.024: [GC (Allocation Failure) 2018-02-21T11:53:07.049+0000: 493.024: [DefNew: 146771K->8809K(153600K), 0.0177525 secs] 222367K->87037K(494976K), 0.0178248 secs] [Times: user=0.00 sys=0.00, real=0.02 secs] 
2018-02-21T11:53:20.547+0000: 506.522: [GC (Allocation Failure) 2018-02-21T11:53:20.547+0000: 506.522: [DefNew: 145385K->8457K(153600K), 0.0151452 secs] 223613K->88255K(494976K), 0.0152050 secs] [Times: user=0.01 sys=0.00, real=0.02 secs] 
2018-02-21T11:53:37.931+0000: 523.907: [GC (Allocation Failure) 2018-02-21T11:53:37.932+0000: 523.907: [DefNew: 145033K->9788K(153600K), 0.0143693 secs] 224831K->89586K(494976K), 0.0144373 secs] [Times: user=0.02 sys=0.00, real=0.01 secs] 
2018-02-21T11:53:54.605+0000: 540.580: [GC (Allocation Failure) 2018-02-21T11:53:54.605+0000: 540.580: [DefNew: 146364K->10334K(153600K), 0.0164341 secs] 226162K->91341K(494976K), 0.0164956 secs] [Times: user=0.01 sys=0.00, real=0.02 secs] 
2018-02-21T11:54:13.317+0000: 559.293: [GC (Allocation Failure) 2018-02-21T11:54:13.318+0000: 559.293: [DefNew: 146910K->9059K(153600K), 0.0176031 secs] 227917K->92382K(494976K), 0.0176666 secs] [Times: user=0.01 sys=0.00, real=0.01 secs] 
2018-02-21T11:54:29.261+0000: 575.236: [GC (Allocation Failure) 2018-02-21T11:54:29.261+0000: 575.236: [DefNew: 145635K->9127K(153600K), 0.0162387 secs] 228958K->93974K(494976K), 0.0163068 secs] [Times: user=0.01 sys=0.00, real=0.01 secs] 
2018-02-21T11:54:46.148+0000: 592.124: [GC (Allocation Failure) 2018-02-21T11:54:46.149+0000: 592.124: [DefNew: 145703K->9398K(153600K), 0.0163208 secs] 230550K->95680K(494976K), 0.0164185 secs] [Times: user=0.01 sys=0.00, real=0.02 secs] 
2018-02-21T11:55:02.015+0000: 607.990: [GC (Allocation Failure) 2018-02-21T11:55:02.015+0000: 607.990: [DefNew: 145974K->9858K(153600K), 0.0305940 secs] 232256K->97626K(494976K), 0.0306603 secs] [Times: user=0.00 sys=0.04, real=0.03 secs] 
2018-02-21T11:55:20.172+0000: 626.147: [GC (Allocation Failure) 2018-02-21T11:55:20.172+0000: 626.147: [DefNew: 146434K->9827K(153600K), 0.0160905 secs] 234202K->99009K(494976K), 0.0161673 secs] [Times: user=0.01 sys=0.00, real=0.01 secs] 
2018-02-21T11:55:34.990+0000: 640.965: [GC (Allocation Failure) 2018-02-21T11:55:34.990+0000: 640.965: [DefNew: 146403K->10274K(153600K), 0.0201080 secs] 235585K->101077K(494976K), 0.0201814 secs] [Times: user=0.02 sys=0.00, real=0.02 secs] 
2018-02-21T11:55:55.385+0000: 661.360: [GC (Allocation Failure) 2018-02-21T11:55:55.385+0000: 661.360: [DefNew: 146850K->9982K(153600K), 0.0163070 secs] 237653K->102200K(494976K), 0.0163711 secs] [Times: user=0.02 sys=0.00, real=0.02 secs] 
2018-02-21T11:56:09.034+0000: 675.009: [GC (Allocation Failure) 2018-02-21T11:56:09.034+0000: 675.009: [DefNew: 146558K->10210K(153600K), 0.0170253 secs] 238776K->103885K(494976K), 0.0170865 secs] [Times: user=0.02 sys=0.00, real=0.02 secs] 
2018-02-21T11:56:25.201+0000: 691.177: [GC (Allocation Failure) 2018-02-21T11:56:25.201+0000: 691.177: [DefNew: 146786K->10211K(153600K), 0.0167252 secs] 240461K->105316K(494976K), 0.0167917 secs] [Times: user=0.02 sys=0.00, real=0.02 secs] 
2018-02-21T11:56:42.533+0000: 708.509: [GC (Allocation Failure) 2018-02-21T11:56:42.533+0000: 708.509: [DefNew: 146787K->10198K(153600K), 0.0169901 secs] 241892K->106761K(494976K), 0.0170558 secs] [Times: user=0.02 sys=0.00, real=0.02 secs] 
2018-02-21T11:56:57.520+0000: 723.495: [GC (Allocation Failure) 2018-02-21T11:56:57.520+0000: 723.495: [DefNew: 146774K->10462K(153600K), 0.0172723 secs] 243337K->108466K(494976K), 0.0173392 secs] [Times: user=0.02 sys=0.00, real=0.01 secs] 
11:57:10.025 [Client] INFO  c.s.f.r.e.s.SocketRear  - FlameSocketGraphDeployerRear@172.31.34.169: has been disconnected from Connection 10
11:57:23.803 [worker-akka.actor.default-dispatcher-2] INFO  a.a.CoordinatedShutdown CoordinatedShutdown(akka://worker) - Starting coordinated shutdown from JVM shutdown hook
11:57:23.844 [worker-akka.actor.default-dispatcher-2] INFO  a.a.LocalActorRef akka://worker/user/watcher/graph0000000000/negotiator - Stopped
11:57:23.845 [worker-akka.actor.default-dispatcher-2] INFO  a.a.LocalActorRef akka://worker/user/watcher/graph0000000000/edge/FlameSocketGraphDeployerFront - Stopped
11:57:23.846 [worker-akka.actor.default-dispatcher-2] INFO  a.a.LocalActorRef akka://worker/user/watcher/graph0000000000/edge/FlameSocketGraphDeployerRear - Stopped
11:57:23.847 [worker-akka.actor.default-dispatcher-2] INFO  a.a.LocalActorRef akka://worker/user/watcher/graph0000000000/graph/$a - Stopped
11:57:23.848 [worker-akka.actor.default-dispatcher-2] INFO  a.a.LocalActorRef akka://worker/user/watcher/graph0000000000/graph/$b - Stopped
11:57:23.849 [worker-akka.actor.default-dispatcher-2] INFO  a.a.LocalActorRef akka://worker/user/watcher/graph0000000000/graph/$c - Stopped
11:57:23.850 [worker-akka.actor.default-dispatcher-2] INFO  a.a.LocalActorRef akka://worker/user/watcher/graph0000000000/graph/local-acker/$a - Stopped
11:57:23.856 [worker-akka.actor.default-dispatcher-2] INFO  a.a.LocalActorRef akka://worker/user/watcher/graph0000000000/graph/local-acker/$a - Message [com.spbsu.flamestream.runtime.utils.akka.PingActor$InnerPing] from Actor[akka://worker/user/watcher/graph0000000000/graph/local-acker/$a#-703360383] to Actor[akka://worker/user/watcher/graph0000000000/graph/local-acker/$a#-703360383] was not delivered. [1] dead letters encountered. This logging can be turned off or adjusted with configuration settings 'akka.log-dead-letters' and 'akka.log-dead-letters-during-shutdown'.
11:57:23.857 [worker-akka.actor.default-dispatcher-2] INFO  a.a.LocalActorRef akka://worker/user/watcher/graph0000000000/edge - Stopped
11:57:23.859 [worker-akka.actor.default-dispatcher-2] INFO  a.a.LocalActorRef akka://worker/user/watcher/graph0000000000/graph/local-acker - Stopped
11:57:23.861 [worker-akka.actor.default-dispatcher-2] INFO  a.a.LocalActorRef akka://worker/user/watcher/graph0000000000/graph/local-acker/$a - Message [com.spbsu.flamestream.runtime.utils.akka.PingActor$Stop] from Actor[akka://worker/user/watcher/graph0000000000/graph/local-acker#1021802720] to Actor[akka://worker/user/watcher/graph0000000000/graph/local-acker/$a#-703360383] was not delivered. [2] dead letters encountered. This logging can be turned off or adjusted with configuration settings 'akka.log-dead-letters' and 'akka.log-dead-letters-during-shutdown'.
11:57:23.862 [worker-akka.actor.default-dispatcher-2] INFO  a.a.LocalActorRef akka://worker/user/watcher/graph0000000000/graph/local-acker - Message [com.spbsu.flamestream.runtime.acker.LocalAcker$Flush] from Actor[akka://worker/user/watcher/graph0000000000/graph/local-acker#1021802720] to Actor[akka://worker/user/watcher/graph0000000000/graph/local-acker#1021802720] was not delivered. [3] dead letters encountered. This logging can be turned off or adjusted with configuration settings 'akka.log-dead-letters' and 'akka.log-dead-letters-during-shutdown'.
11:57:23.864 [worker-akka.actor.default-dispatcher-2] INFO  a.a.LocalActorRef akka://worker/user/watcher/graph0000000000/graph/local-acker - Message [com.spbsu.flamestream.runtime.acker.LocalAcker$Flush] from Actor[akka://worker/user/watcher/graph0000000000/graph/local-acker#1021802720] to Actor[akka://worker/user/watcher/graph0000000000/graph/local-acker#1021802720] was not delivered. [4] dead letters encountered. This logging can be turned off or adjusted with configuration settings 'akka.log-dead-letters' and 'akka.log-dead-letters-during-shutdown'.
11:57:23.864 [worker-akka.actor.default-dispatcher-2] INFO  a.a.LocalActorRef akka://worker/user/watcher/graph0000000000/graph/local-acker - Message [com.spbsu.flamestream.runtime.acker.LocalAcker$Flush] from Actor[akka://worker/user/watcher/graph0000000000/graph/local-acker#1021802720] to Actor[akka://worker/user/watcher/graph0000000000/graph/local-acker#1021802720] was not delivered. [5] dead letters encountered. This logging can be turned off or adjusted with configuration settings 'akka.log-dead-letters' and 'akka.log-dead-letters-during-shutdown'.
11:57:23.864 [worker-akka.actor.default-dispatcher-2] INFO  a.a.LocalActorRef akka://worker/user/watcher/graph0000000000/graph/local-acker - Message [com.spbsu.flamestream.runtime.acker.LocalAcker$Flush] from Actor[akka://worker/user/watcher/graph0000000000/graph/local-acker#1021802720] to Actor[akka://worker/user/watcher/graph0000000000/graph/local-acker#1021802720] was not delivered. [6] dead letters encountered. This logging can be turned off or adjusted with configuration settings 'akka.log-dead-letters' and 'akka.log-dead-letters-during-shutdown'.
11:57:23.866 [worker-akka.actor.default-dispatcher-2] INFO  a.a.LocalActorRef akka://worker/user/watcher/graph0000000000/graph/local-acker - Message [com.spbsu.flamestream.runtime.acker.LocalAcker$Flush] from Actor[akka://worker/user/watcher/graph0000000000/graph/local-acker#1021802720] to Actor[akka://worker/user/watcher/graph0000000000/graph/local-acker#1021802720] was not delivered. [7] dead letters encountered. This logging can be turned off or adjusted with configuration settings 'akka.log-dead-letters' and 'akka.log-dead-letters-during-shutdown'.
11:57:23.867 [worker-akka.actor.default-dispatcher-2] INFO  a.a.LocalActorRef akka://worker/user/watcher/graph0000000000/graph/local-acker - Message [com.spbsu.flamestream.runtime.acker.LocalAcker$Flush] from Actor[akka://worker/user/watcher/graph0000000000/graph/local-acker#1021802720] to Actor[akka://worker/user/watcher/graph0000000000/graph/local-acker#1021802720] was not delivered. [8] dead letters encountered. This logging can be turned off or adjusted with configuration settings 'akka.log-dead-letters' and 'akka.log-dead-letters-during-shutdown'.
11:57:23.869 [worker-akka.actor.default-dispatcher-2] INFO  a.a.LocalActorRef akka://worker/user/watcher/graph0000000000/graph - Stopped
11:57:23.871 [worker-akka.actor.default-dispatcher-2] INFO  a.a.LocalActorRef akka://worker/user/watcher/graph0000000000 - Stopped
11:57:23.875 [worker-akka.actor.default-dispatcher-2] INFO  o.a.z.ZooKeeper  - Session: 0x161b82d7c4f0008 closed
11:57:23.876 [worker-akka.actor.default-dispatcher-2] INFO  a.a.RepointableActorRef akka://worker/user/watcher - Stopped
11:57:23.876 [worker-akka.actor.default-dispatcher-2-EventThread] INFO  o.a.z.ClientCnxn  - EventThread shut down for session: 0x161b82d7c4f0008
11:57:23.888 [worker-akka.actor.default-dispatcher-2] INFO  a.r.RemoteActorRefProvider$RemotingTerminator akka://worker@172.31.34.169:5412/system/remoting-terminator - Shutting down remote daemon.
11:57:23.892 [worker-akka.actor.default-dispatcher-2] INFO  a.r.RemoteActorRefProvider$RemotingTerminator akka://worker@172.31.34.169:5412/system/remoting-terminator - Remote daemon shut down; proceeding with flushing remote transports.
11:57:25.050 [worker-akka.actor.default-dispatcher-2] INFO  a.r.RemoteActorRefProvider$RemotingTerminator akka://worker@172.31.34.169:5412/system/remoting-terminator - Remoting shut down.
Attempts of event 'sink-receive' - 614527
Attempts of event 'sink-send' - 605899
Heap
 def new generation   total 153600K, used 134790K [0x00000000e0c00000, 0x00000000eb2a0000, 0x00000000eb2a0000)
  eden space 136576K,  91% used [0x00000000e0c00000, 0x00000000e8569e38, 0x00000000e9160000)
  from space 17024K,  61% used [0x00000000e9160000, 0x00000000e9b97af0, 0x00000000ea200000)
  to   space 17024K,   0% used [0x00000000ea200000, 0x00000000ea200000, 0x00000000eb2a0000)
 tenured generation   total 341376K, used 98003K [0x00000000eb2a0000, 0x0000000100000000, 0x0000000100000000)
   the space 341376K,  28% used [0x00000000eb2a0000, 0x00000000f1254d68, 0x00000000f1254e00, 0x0000000100000000)
 Metaspace       used 33489K, capacity 34298K, committed 34688K, reserved 1079296K
  class space    used 4451K, capacity 4624K, committed 4736K, reserved 1048576K
