12:52:56.741 [worker-akka.actor.default-dispatcher-2] INFO  a.e.s.Slf4jLogger  - Slf4jLogger started
2018-02-19T12:52:56.903+0000: 2.598: [Full GC (Metadata GC Threshold) 2018-02-19T12:52:56.903+0000: 2.598: [Tenured: 0K->15468K(341376K), 0.0339576 secs] 117531K->15468K(494976K), [Metaspace: 20953K->20953K(1067008K)], 0.0340174 secs] [Times: user=0.03 sys=0.00, real=0.03 secs] 
Ama winner
Ama winner
12:52:57.322 [worker-akka.actor.default-dispatcher-2] INFO  a.r.a.ArteryTransport(akka://worker) akka.remote.artery.ArteryTransport(akka://worker) - Started embedded media driver in directory [/dev/shm/aeron-root-worker-191acc01-d2c1-4646-b837-da3e778e7017]
12:52:57.522 [worker-akka.actor.default-dispatcher-2] INFO  a.r.a.ArteryTransport(akka://worker) akka.remote.artery.ArteryTransport(akka://worker) - Remoting started; listening on address: [akka://worker@172.31.42.36:5412] with UID [4412707021086889891]
12:52:57.586 [worker-akka.actor.default-dispatcher-2] INFO  o.a.z.ZooKeeper  - Client environment:zookeeper.version=3.4.9-1757313, built on 08/23/2016 06:50 GMT
12:52:57.586 [worker-akka.actor.default-dispatcher-2] INFO  o.a.z.ZooKeeper  - Client environment:host.name=ip-172-31-42-36.us-east-2.compute.internal
12:52:57.587 [worker-akka.actor.default-dispatcher-2] INFO  o.a.z.ZooKeeper  - Client environment:java.version=1.8.0_151
12:52:57.587 [worker-akka.actor.default-dispatcher-2] INFO  o.a.z.ZooKeeper  - Client environment:java.vendor=Oracle Corporation
12:52:57.588 [worker-akka.actor.default-dispatcher-2] INFO  o.a.z.ZooKeeper  - Client environment:java.home=/usr/lib/jvm/java-8-openjdk-amd64/jre
12:52:57.588 [worker-akka.actor.default-dispatcher-2] INFO  o.a.z.ZooKeeper  - Client environment:java.class.path=lib/commons-cli-1.4.jar:lib/minlog-1.3.0.jar:lib/asm-5.0.4.jar:lib/hadoop-annotations-2.7.3.jar:lib/hadoop-auth-2.7.3.jar:lib/akka-slf4j_2.11-2.5.6.jar:lib/jersey-core-1.9.jar:lib/lz4-1.3.0.jar:lib/jackson-core-asl-1.9.13.jar:lib/aeron-client-1.3.0.jar:lib/htrace-core-3.1.0-incubating.jar:lib/xz-1.0.jar:lib/commons-httpclient-3.1.jar:lib/asm-3.1.jar:lib/commons-lang3-3.4.jar:lib/scala-library-2.11.11.jar:lib/scala-java8-compat_2.11-0.7.0.jar:lib/commons-configuration-1.6.jar:lib/objenesis-2.1.jar:lib/jackson-annotations-2.8.0.jar:lib/jsr305-3.0.0.jar:lib/curator-framework-2.7.1.jar:lib/jersey-server-1.9.jar:lib/jets3t-0.9.0.jar:lib/leveldb-0.7.jar:lib/jetty-6.1.26.jar:lib/stax-api-1.0-2.jar:lib/flamestream-core-1.0-SNAPSHOT.jar:lib/reflectasm-1.07-shaded.jar:lib/apacheds-kerberos-codec-2.0.0-M15.jar:lib/api-asn1-api-1.0.0-M20.jar:lib/commons-lang-2.6.jar:lib/commons-beanutils-1.7.0.jar:lib/jackson-xc-1.8.3.jar:lib/jetty-util-6.1.26.jar:lib/logback-classic-1.2.3.jar:lib/jool-0.9.12.jar:lib/flamestream-runtime-1.0-SNAPSHOT-tests.jar:lib/httpcore-4.1.2.jar:lib/kryo-4.0.0.jar:lib/ant-1.8.1.jar:lib/jaxb-impl-2.2.3-1.jar:lib/jersey-json-1.9.jar:lib/commons-compress-1.4.1.jar:lib/leveldbjni-all-1.8.jar:lib/paranamer-2.3.jar:lib/jackson-core-2.8.4.jar:lib/commons-math3-3.6.1.jar:lib/scala-parser-combinators_2.11-1.0.4.jar:lib/netty-3.10.6.Final.jar:lib/trove4j-3.0.3.jar:lib/jaxb-api-2.2.2.jar:lib/logback-core-1.2.3.jar:lib/snappy-java-1.0.4.1.jar:lib/protobuf-java-2.5.0.jar:lib/reactive-streams-1.0.1.jar:lib/flamestream-examples-1.0-SNAPSHOT.jar:lib/commons-codec-1.4.jar:lib/activation-1.1.jar:lib/commons-net-3.1.jar:lib/curator-recipes-2.7.1.jar:lib/jackson-mapper-asl-1.9.13.jar:lib/jackson-databind-2.8.4.jar:lib/flamestream-runtime-1.0-SNAPSHOT.jar:lib/jackson-jaxrs-1.8.3.jar:lib/slf4j-api-1.7.24.jar:lib/akka-remote_2.11-2.5.6.jar:lib/akka-testkit_2.11-2.5.6.jar:lib/jline-0.9.94.jar:lib/akka-stream_2.11-2.5.6.jar:lib/jsp-api-2.1.jar:lib/kryonet-2.21.jar:lib/akka-kryo-serialization_2.11-0.5.0.jar:lib/config-1.3.1.jar:lib/ant-launcher-1.8.1.jar:lib/commons-logging-1.2.jar:lib/ssl-config-core_2.11-0.2.2.jar:lib/testng-6.10.jar:lib/leveldb-api-0.7.jar:lib/reflectasm-1.11.3.jar:lib/jcommander-1.48.jar:lib/commons-1.1.jar:lib/commons-digester-1.8.jar:lib/minlog-1.2.jar:lib/java-xmlbuilder-0.4.jar:lib/jettison-1.1.jar:lib/gson-2.2.4.jar:lib/jdk.tools-1.8.jar:lib/aeron-driver-1.3.0.jar:lib/zookeeper-3.4.9.jar:lib/commons-beanutils-core-1.8.0.jar:lib/commons-math3-3.1.1.jar:lib/akka-actor_2.11-2.5.6.jar:lib/curator-client-2.7.1.jar:lib/servlet-api-2.5.jar:lib/apacheds-i18n-2.0.0-M15.jar:lib/commons-io-2.4.jar:lib/commons-codec-1.6.jar:lib/akka-protobuf_2.11-2.5.6.jar:lib/protobuf-java-3.5.1.jar:lib/jdom-2.0.2.jar:lib/api-util-1.0.0-M20.jar:lib/hadoop-common-2.7.3.jar:lib/agrona-0.9.6.jar:lib/xmlenc-0.52.jar:lib/guava-21.0.jar:lib/commons-collections-3.2.2.jar:lib/avro-1.7.4.jar:lib/httpclient-4.1.2.jar:lib/flamestream-core-1.0-SNAPSHOT-tests.jar:lib/annotations-12.0.jar:lib/jsch-0.1.42.jar:flamestream-runtime-1.0-SNAPSHOT.jar
12:52:57.588 [worker-akka.actor.default-dispatcher-2] INFO  o.a.z.ZooKeeper  - Client environment:java.library.path=/usr/java/packages/lib/amd64:/usr/lib/x86_64-linux-gnu/jni:/lib/x86_64-linux-gnu:/usr/lib/x86_64-linux-gnu:/usr/lib/jni:/lib:/usr/lib
12:52:57.588 [worker-akka.actor.default-dispatcher-2] INFO  o.a.z.ZooKeeper  - Client environment:java.io.tmpdir=/tmp
12:52:57.588 [worker-akka.actor.default-dispatcher-2] INFO  o.a.z.ZooKeeper  - Client environment:java.compiler=<NA>
12:52:57.588 [worker-akka.actor.default-dispatcher-2] INFO  o.a.z.ZooKeeper  - Client environment:os.name=Linux
12:52:57.588 [worker-akka.actor.default-dispatcher-2] INFO  o.a.z.ZooKeeper  - Client environment:os.arch=amd64
12:52:57.588 [worker-akka.actor.default-dispatcher-2] INFO  o.a.z.ZooKeeper  - Client environment:os.version=4.4.0-1049-aws
12:52:57.588 [worker-akka.actor.default-dispatcher-2] INFO  o.a.z.ZooKeeper  - Client environment:user.name=root
12:52:57.589 [worker-akka.actor.default-dispatcher-2] INFO  o.a.z.ZooKeeper  - Client environment:user.home=/root
12:52:57.590 [worker-akka.actor.default-dispatcher-2] INFO  o.a.z.ZooKeeper  - Client environment:user.dir=/opt/flamestream
12:52:57.591 [worker-akka.actor.default-dispatcher-2] INFO  o.a.z.ZooKeeper  - Initiating client connection, connectString=172.31.34.147:2181 sessionTimeout=5000 watcher=com.spbsu.flamestream.runtime.application.LifecycleWatcher$$Lambda$29/2091173542@1b48f905
12:52:57.613 [worker-akka.actor.default-dispatcher-2] INFO  a.a.RepointableActorRef akka://worker/user/watcher - Starting...
12:52:57.616 [worker-akka.actor.default-dispatcher-2-SendThread(172.31.34.147:2181)] INFO  o.a.z.ClientCnxn  - Opening socket connection to server 172.31.34.147/172.31.34.147:2181. Will not attempt to authenticate using SASL (unknown error)
12:52:57.619 [worker-akka.actor.default-dispatcher-2-SendThread(172.31.34.147:2181)] INFO  o.a.z.ClientCnxn  - Socket connection established to 172.31.34.147/172.31.34.147:2181, initiating session
12:52:57.628 [worker-akka.actor.default-dispatcher-2-SendThread(172.31.34.147:2181)] INFO  o.a.z.ClientCnxn  - Session establishment complete on server 172.31.34.147/172.31.34.147:2181, sessionid = 0x161ae1f07550003, negotiated timeout = 6000
12:52:57.707 [worker-akka.actor.default-dispatcher-2] INFO  a.a.RepointableActorRef akka://worker/user/watcher - Connected to ZK
12:53:07.732 [worker-akka.actor.default-dispatcher-2] INFO  a.a.RepointableActorRef akka://worker/user/watcher - Creating node with watchGraphs: 'com.spbsu.flamestream.core.Graph$Builder$MyGraph@a3be827', config: 'ClusterConfig{paths={172.31.33.155=akka://worker@172.31.33.155:5412/user/watcher/graph0000000000, 172.31.47.83=akka://worker@172.31.47.83:5412/user/watcher/graph0000000000, 172.31.45.197=akka://worker@172.31.45.197:5412/user/watcher/graph0000000000, 172.31.42.36=akka://worker@172.31.42.36:5412/user/watcher/graph0000000000, 172.31.44.83=akka://worker@172.31.44.83:5412/user/watcher/graph0000000000, 172.31.39.64=akka://worker@172.31.39.64:5412/user/watcher/graph0000000000, 172.31.35.79=akka://worker@172.31.35.79:5412/user/watcher/graph0000000000, 172.31.34.169=akka://worker@172.31.34.169:5412/user/watcher/graph0000000000, 172.31.47.100=akka://worker@172.31.47.100:5412/user/watcher/graph0000000000, 172.31.37.101=akka://worker@172.31.37.101:5412/user/watcher/graph0000000000}, ackerLocation='172.31.35.79', props=ComputationLayout{ranges={172.31.33.155=HashRange{from=-1670265060, to=-1193046472}, 172.31.47.83=HashRange{from=1670265056, to=2147483644}, 172.31.45.197=HashRange{from=-715827884, to=-238609296}, 172.31.42.36=HashRange{from=1193046468, to=1670265056}, 172.31.44.83=HashRange{from=-238609296, to=238609292}, 172.31.39.64=HashRange{from=715827880, to=1193046468}, 172.31.35.79=HashRange{from=0, to=0}, 172.31.34.169=HashRange{from=-2147483648, to=-1670265060}, 172.31.47.100=HashRange{from=238609292, to=715827880}, 172.31.37.101=HashRange{from=-1193046472, to=-715827884}}}}'
12:53:08.428 [worker-akka.actor.default-dispatcher-2] INFO  a.a.LocalActorRef akka://worker/user/watcher/graph0000000000/graph - Starting...
12:53:08.429 [worker-akka.actor.default-dispatcher-2] INFO  a.a.LocalActorRef akka://worker/user/watcher/graph0000000000/graph/local-acker - Starting...
12:53:08.433 [worker-akka.actor.default-dispatcher-2] INFO  a.a.LocalActorRef akka://worker/user/watcher/graph0000000000/graph/local-acker/$a - Starting...
Warning: space is running low in /dev/shm (tmpfs) threshold=167,772,160 usable=158,621,696
Warning: space is running low in /dev/shm (tmpfs) threshold=167,772,160 usable=146,034,688
Warning: space is running low in /dev/shm (tmpfs) threshold=167,772,160 usable=133,447,680
Warning: space is running low in /dev/shm (tmpfs) threshold=167,772,160 usable=120,860,672
Warning: space is running low in /dev/shm (tmpfs) threshold=167,772,160 usable=108,273,664
Warning: space is running low in /dev/shm (tmpfs) threshold=167,772,160 usable=95,686,656
Warning: space is running low in /dev/shm (tmpfs) threshold=167,772,160 usable=83,099,648
Warning: space is running low in /dev/shm (tmpfs) threshold=167,772,160 usable=70,512,640
12:53:09.502 [worker-akka.actor.default-dispatcher-2] INFO  a.a.LocalActorRef akka://worker/user/watcher/graph0000000000/graph - Finishing constructor
12:53:09.504 [worker-akka.actor.default-dispatcher-2] INFO  a.a.LocalActorRef akka://worker/user/watcher/graph0000000000 - Starting...
12:53:09.504 [worker-akka.actor.default-dispatcher-2] INFO  a.a.LocalActorRef akka://worker/user/watcher/graph0000000000/negotiator - Starting...
12:53:09.565 [worker-akka.actor.default-dispatcher-2] INFO  a.a.LocalActorRef akka://worker/user/watcher/graph0000000000/edge - Starting...
12:53:09.566 [worker-akka.actor.default-dispatcher-2] INFO  a.a.LocalActorRef akka://worker/user/watcher/graph0000000000/graph/$a - Starting...
12:53:09.566 [worker-akka.actor.default-dispatcher-2] INFO  a.a.LocalActorRef akka://worker/user/watcher/graph0000000000/graph/$b - Starting...
12:53:09.567 [worker-akka.actor.default-dispatcher-2] INFO  a.a.LocalActorRef akka://worker/user/watcher/graph0000000000/graph/$c - Starting...
12:53:09.596 [worker-akka.actor.default-dispatcher-2] INFO  c.s.f.r.e.s.SocketRear  - FlameSocketGraphDeployerRear@172.31.42.36: connecting to 172.31.34.147:5678
12:53:09.603 [worker-akka.actor.default-dispatcher-2] INFO  c.s.f.r.e.s.SocketRear  - FlameSocketGraphDeployerRear@172.31.42.36: connected to 172.31.34.147:5678
12:53:09.628 [worker-akka.actor.default-dispatcher-2] INFO  a.a.LocalActorRef akka://worker/user/watcher/graph0000000000/edge/FlameSocketGraphDeployerRear - Starting...
12:53:09.629 [worker-akka.actor.default-dispatcher-2] INFO  a.a.LocalActorRef akka://worker/user/watcher/graph0000000000/edge/FlameSocketGraphDeployerFront - Starting...
12:53:09.630 [worker-akka.actor.default-dispatcher-2] INFO  a.a.LocalActorRef akka://worker/user/watcher/graph0000000000/negotiator - Requesting ticket for the frontClass FlameSocketGraphDeployerFront@172.31.42.36
12:53:09.644 [worker-akka.actor.default-dispatcher-2] INFO  a.a.LocalActorRef akka://worker/user/watcher/graph0000000000/negotiator - Ticket for the frontClass received: FrontTicket{allowedTimestamp=(1519044787745, FlameSocketGraphDeployerFront@172.31.42.36)}
12:53:09.645 [worker-akka.actor.default-dispatcher-2] INFO  c.s.f.r.e.s.SocketFront  - FlameSocketGraphDeployerFront@172.31.42.36: connecting to 172.31.34.147:4567
12:53:09.665 [Client] INFO  c.s.f.r.e.s.SocketFront  - FlameSocketGraphDeployerFront@172.31.42.36 has been disconnected from Connection 3
2018-02-19T12:53:14.226+0000: 19.921: [GC (Allocation Failure) 2018-02-19T12:53:14.226+0000: 19.921: [DefNew: 136576K->15469K(153600K), 0.0285841 secs] 152044K->50468K(494976K), 0.0286578 secs] [Times: user=0.02 sys=0.00, real=0.03 secs] 
2018-02-19T12:53:36.164+0000: 41.858: [GC (Allocation Failure) 2018-02-19T12:53:36.164+0000: 41.858: [DefNew: 152045K->3479K(153600K), 0.0160385 secs] 187044K->46044K(494976K), 0.0160966 secs] [Times: user=0.01 sys=0.00, real=0.01 secs] 
2018-02-19T12:54:02.318+0000: 68.012: [GC (Allocation Failure) 2018-02-19T12:54:02.318+0000: 68.012: [DefNew: 140055K->5629K(153600K), 0.0115038 secs] 182620K->48194K(494976K), 0.0115823 secs] [Times: user=0.01 sys=0.00, real=0.02 secs] 
2018-02-19T12:54:28.710+0000: 94.405: [GC (Allocation Failure) 2018-02-19T12:54:28.710+0000: 94.405: [DefNew: 142205K->7279K(153600K), 0.0157888 secs] 184770K->49844K(494976K), 0.0158455 secs] [Times: user=0.00 sys=0.02, real=0.01 secs] 
2018-02-19T12:54:50.099+0000: 115.793: [GC (Allocation Failure) 2018-02-19T12:54:50.099+0000: 115.793: [DefNew: 143855K->8701K(153600K), 0.0139039 secs] 186420K->51266K(494976K), 0.0139591 secs] [Times: user=0.02 sys=0.00, real=0.02 secs] 
2018-02-19T12:55:09.970+0000: 135.665: [GC (Allocation Failure) 2018-02-19T12:55:09.970+0000: 135.665: [DefNew: 145277K->9087K(153600K), 0.0161100 secs] 187842K->52967K(494976K), 0.0161810 secs] [Times: user=0.02 sys=0.00, real=0.01 secs] 
2018-02-19T12:55:32.360+0000: 158.055: [GC (Allocation Failure) 2018-02-19T12:55:32.360+0000: 158.055: [DefNew: 145663K->8528K(153600K), 0.0152797 secs] 189543K->53678K(494976K), 0.0153723 secs] [Times: user=0.01 sys=0.00, real=0.02 secs] 
2018-02-19T12:56:02.697+0000: 188.391: [GC (Allocation Failure) 2018-02-19T12:56:02.697+0000: 188.391: [DefNew: 145104K->8172K(153600K), 0.0157174 secs] 190254K->54879K(494976K), 0.0157860 secs] [Times: user=0.02 sys=0.00, real=0.02 secs] 
2018-02-19T12:56:27.187+0000: 212.882: [GC (Allocation Failure) 2018-02-19T12:56:27.187+0000: 212.882: [DefNew: 144748K->9589K(153600K), 0.0248380 secs] 191455K->56296K(494976K), 0.0248965 secs] [Times: user=0.03 sys=0.00, real=0.03 secs] 
2018-02-19T12:56:48.361+0000: 234.056: [GC (Allocation Failure) 2018-02-19T12:56:48.361+0000: 234.056: [DefNew: 146165K->10142K(153600K), 0.0162547 secs] 192872K->57882K(494976K), 0.0163137 secs] [Times: user=0.01 sys=0.00, real=0.01 secs] 
2018-02-19T12:57:18.173+0000: 263.867: [GC (Allocation Failure) 2018-02-19T12:57:18.173+0000: 263.867: [DefNew: 146718K->8719K(153600K), 0.0173006 secs] 194458K->58821K(494976K), 0.0173624 secs] [Times: user=0.02 sys=0.00, real=0.02 secs] 
2018-02-19T12:57:46.841+0000: 292.535: [GC (Allocation Failure) 2018-02-19T12:57:46.841+0000: 292.535: [DefNew: 145295K->8552K(153600K), 0.0153832 secs] 195397K->59823K(494976K), 0.0154472 secs] [Times: user=0.01 sys=0.00, real=0.02 secs] 
2018-02-19T12:58:15.452+0000: 321.147: [GC (Allocation Failure) 2018-02-19T12:58:15.452+0000: 321.147: [DefNew: 145128K->8699K(153600K), 0.0162433 secs] 196399K->61314K(494976K), 0.0163186 secs] [Times: user=0.02 sys=0.00, real=0.01 secs] 
2018-02-19T12:58:38.602+0000: 344.297: [GC (Allocation Failure) 2018-02-19T12:58:38.602+0000: 344.297: [DefNew: 145275K->8739K(153600K), 0.0147880 secs] 197890K->62412K(494976K), 0.0148503 secs] [Times: user=0.02 sys=0.00, real=0.01 secs] 
2018-02-19T12:59:07.281+0000: 372.976: [GC (Allocation Failure) 2018-02-19T12:59:07.281+0000: 372.976: [DefNew: 145315K->8767K(153600K), 0.0151806 secs] 198988K->63615K(494976K), 0.0152394 secs] [Times: user=0.01 sys=0.00, real=0.01 secs] 
2018-02-19T12:59:34.841+0000: 400.535: [GC (Allocation Failure) 2018-02-19T12:59:34.841+0000: 400.535: [DefNew: 145343K->8912K(153600K), 0.0154892 secs] 200191K->64814K(494976K), 0.0155552 secs] [Times: user=0.02 sys=0.00, real=0.02 secs] 
2018-02-19T12:59:54.688+0000: 420.383: [GC (Allocation Failure) 2018-02-19T12:59:54.688+0000: 420.383: [DefNew: 145488K->8788K(153600K), 0.0145657 secs] 201390K->65806K(494976K), 0.0146308 secs] [Times: user=0.01 sys=0.00, real=0.02 secs] 
2018-02-19T13:00:20.454+0000: 446.148: [GC (Allocation Failure) 2018-02-19T13:00:20.454+0000: 446.148: [DefNew: 145364K->8971K(153600K), 0.0161969 secs] 202382K->66979K(494976K), 0.0162575 secs] [Times: user=0.02 sys=0.00, real=0.02 secs] 
2018-02-19T13:00:42.679+0000: 468.374: [GC (Allocation Failure) 2018-02-19T13:00:42.679+0000: 468.374: [DefNew: 145547K->8882K(153600K), 0.0153856 secs] 203555K->68020K(494976K), 0.0154485 secs] [Times: user=0.02 sys=0.00, real=0.02 secs] 
2018-02-19T13:01:14.226+0000: 499.921: [GC (Allocation Failure) 2018-02-19T13:01:14.226+0000: 499.921: [DefNew: 145458K->9054K(153600K), 0.0153326 secs] 204596K->69226K(494976K), 0.0154051 secs] [Times: user=0.01 sys=0.00, real=0.02 secs] 
2018-02-19T13:01:36.408+0000: 522.103: [GC (Allocation Failure) 2018-02-19T13:01:36.408+0000: 522.103: [DefNew: 145630K->9173K(153600K), 0.0154898 secs] 205802K->70244K(494976K), 0.0155504 secs] [Times: user=0.02 sys=0.00, real=0.02 secs] 
2018-02-19T13:01:57.547+0000: 543.241: [GC (Allocation Failure) 2018-02-19T13:01:57.547+0000: 543.241: [DefNew: 145749K->9368K(153600K), 0.0155497 secs] 206820K->71475K(494976K), 0.0156087 secs] [Times: user=0.02 sys=0.00, real=0.02 secs] 
2018-02-19T13:02:20.335+0000: 566.029: [GC (Allocation Failure) 2018-02-19T13:02:20.335+0000: 566.029: [DefNew: 145944K->10969K(153600K), 0.0219108 secs] 208051K->74036K(494976K), 0.0219722 secs] [Times: user=0.02 sys=0.00, real=0.02 secs] 
2018-02-19T13:02:46.467+0000: 592.162: [GC (Allocation Failure) 2018-02-19T13:02:46.467+0000: 592.162: [DefNew: 147545K->8733K(153600K), 0.0175655 secs] 210612K->75194K(494976K), 0.0176268 secs] [Times: user=0.02 sys=0.00, real=0.02 secs] 
2018-02-19T13:03:07.017+0000: 612.712: [GC (Allocation Failure) 2018-02-19T13:03:07.017+0000: 612.712: [DefNew: 145309K->9042K(153600K), 0.0166379 secs] 211770K->77023K(494976K), 0.0166981 secs] [Times: user=0.02 sys=0.00, real=0.02 secs] 
2018-02-19T13:03:28.085+0000: 633.780: [GC (Allocation Failure) 2018-02-19T13:03:28.085+0000: 633.780: [DefNew: 145618K->7637K(153600K), 0.0156332 secs] 213599K->77808K(494976K), 0.0156915 secs] [Times: user=0.01 sys=0.01, real=0.01 secs] 
2018-02-19T13:03:50.821+0000: 656.515: [GC (Allocation Failure) 2018-02-19T13:03:50.821+0000: 656.515: [DefNew: 144213K->9240K(153600K), 0.0133808 secs] 214384K->79410K(494976K), 0.0134358 secs] [Times: user=0.02 sys=0.00, real=0.02 secs] 
2018-02-19T13:04:18.078+0000: 683.773: [GC (Allocation Failure) 2018-02-19T13:04:18.078+0000: 683.773: [DefNew: 145816K->9292K(153600K), 0.0168509 secs] 215986K->80627K(494976K), 0.0169096 secs] [Times: user=0.01 sys=0.01, real=0.02 secs] 
2018-02-19T13:04:43.013+0000: 708.708: [GC (Allocation Failure) 2018-02-19T13:04:43.013+0000: 708.708: [DefNew: 145868K->9392K(153600K), 0.0147680 secs] 217203K->81783K(494976K), 0.0148257 secs] [Times: user=0.01 sys=0.00, real=0.01 secs] 
2018-02-19T13:05:07.037+0000: 732.732: [GC (Allocation Failure) 2018-02-19T13:05:07.037+0000: 732.732: [DefNew: 145968K->9750K(153600K), 0.0162851 secs] 218359K->83225K(494976K), 0.0163506 secs] [Times: user=0.02 sys=0.00, real=0.02 secs] 
2018-02-19T13:05:32.875+0000: 758.570: [GC (Allocation Failure) 2018-02-19T13:05:32.875+0000: 758.570: [DefNew: 146326K->10234K(153600K), 0.0164687 secs] 219801K->84820K(494976K), 0.0165271 secs] [Times: user=0.02 sys=0.00, real=0.02 secs] 
2018-02-19T13:05:57.752+0000: 783.446: [GC (Allocation Failure) 2018-02-19T13:05:57.752+0000: 783.446: [DefNew: 146810K->8963K(153600K), 0.0170881 secs] 221396K->86028K(494976K), 0.0171605 secs] [Times: user=0.02 sys=0.00, real=0.01 secs] 
2018-02-19T13:06:22.583+0000: 808.278: [GC (Allocation Failure) 2018-02-19T13:06:22.583+0000: 808.278: [DefNew: 145539K->9025K(153600K), 0.0164376 secs] 222604K->87571K(494976K), 0.0164959 secs] [Times: user=0.01 sys=0.00, real=0.01 secs] 
2018-02-19T13:06:46.347+0000: 832.042: [GC (Allocation Failure) 2018-02-19T13:06:46.347+0000: 832.042: [DefNew: 145601K->9053K(153600K), 0.0162081 secs] 224147K->89316K(494976K), 0.0162793 secs] [Times: user=0.01 sys=0.00, real=0.02 secs] 
2018-02-19T13:07:10.653+0000: 856.348: [GC (Allocation Failure) 2018-02-19T13:07:10.653+0000: 856.348: [DefNew: 145629K->9464K(153600K), 0.0169138 secs] 225892K->91152K(494976K), 0.0169821 secs] [Times: user=0.01 sys=0.00, real=0.02 secs] 
2018-02-19T13:07:34.940+0000: 880.634: [GC (Allocation Failure) 2018-02-19T13:07:34.940+0000: 880.634: [DefNew: 146040K->9709K(153600K), 0.0152878 secs] 227728K->92920K(494976K), 0.0153727 secs] [Times: user=0.02 sys=0.00, real=0.02 secs] 
2018-02-19T13:07:59.256+0000: 904.951: [GC (Allocation Failure) 2018-02-19T13:07:59.256+0000: 904.951: [DefNew: 146285K->9140K(153600K), 0.0161930 secs] 229496K->93938K(494976K), 0.0162611 secs] [Times: user=0.01 sys=0.00, real=0.02 secs] 
2018-02-19T13:08:24.847+0000: 930.542: [GC (Allocation Failure) 2018-02-19T13:08:24.847+0000: 930.542: [DefNew: 145716K->9552K(153600K), 0.0159025 secs] 230514K->95730K(494976K), 0.0159780 secs] [Times: user=0.01 sys=0.01, real=0.02 secs] 
2018-02-19T13:08:51.163+0000: 956.857: [GC (Allocation Failure) 2018-02-19T13:08:51.163+0000: 956.857: [DefNew: 146128K->9575K(153600K), 0.0166732 secs] 232306K->97178K(494976K), 0.0167426 secs] [Times: user=0.02 sys=0.00, real=0.01 secs] 
2018-02-19T13:09:15.632+0000: 981.327: [GC (Allocation Failure) 2018-02-19T13:09:15.632+0000: 981.327: [DefNew: 146151K->10085K(153600K), 0.0159107 secs] 233754K->99084K(494976K), 0.0159737 secs] [Times: user=0.02 sys=0.00, real=0.01 secs] 
2018-02-19T13:09:39.185+0000: 1004.879: [GC (Allocation Failure) 2018-02-19T13:09:39.185+0000: 1004.879: [DefNew: 146661K->9747K(153600K), 0.0289118 secs] 235660K->100247K(494976K), 0.0289715 secs] [Times: user=0.00 sys=0.02, real=0.03 secs] 
2018-02-19T13:09:59.022+0000: 1024.717: [GC (Allocation Failure) 2018-02-19T13:09:59.023+0000: 1024.717: [DefNew: 146323K->9694K(153600K), 0.0164801 secs] 236823K->101803K(494976K), 0.0165400 secs] [Times: user=0.02 sys=0.00, real=0.01 secs] 
13:10:18.174 [Client] INFO  c.s.f.r.e.s.SocketRear  - FlameSocketGraphDeployerRear@172.31.42.36: has been disconnected from Connection 3
13:10:31.504 [worker-akka.actor.default-dispatcher-2] INFO  a.a.CoordinatedShutdown CoordinatedShutdown(akka://worker) - Starting coordinated shutdown from JVM shutdown hook
13:10:31.545 [worker-akka.actor.default-dispatcher-2] INFO  a.a.LocalActorRef akka://worker/user/watcher/graph0000000000/negotiator - Stopped
13:10:31.546 [worker-akka.actor.default-dispatcher-2] INFO  a.a.LocalActorRef akka://worker/user/watcher/graph0000000000/edge/FlameSocketGraphDeployerFront - Stopped
13:10:31.547 [worker-akka.actor.default-dispatcher-2] INFO  a.a.LocalActorRef akka://worker/user/watcher/graph0000000000/edge/FlameSocketGraphDeployerRear - Stopped
13:10:31.548 [worker-akka.actor.default-dispatcher-2] INFO  a.a.LocalActorRef akka://worker/user/watcher/graph0000000000/graph/$a - Stopped
13:10:31.550 [worker-akka.actor.default-dispatcher-2] INFO  a.a.LocalActorRef akka://worker/user/watcher/graph0000000000/graph/$b - Stopped
13:10:31.552 [worker-akka.actor.default-dispatcher-2] INFO  a.a.LocalActorRef akka://worker/user/watcher/graph0000000000/graph/$c - Stopped
13:10:31.552 [worker-akka.actor.default-dispatcher-2] INFO  a.a.LocalActorRef akka://worker/user/watcher/graph0000000000/graph/local-acker/$a - Stopped
13:10:31.556 [worker-akka.actor.default-dispatcher-2] INFO  a.a.LocalActorRef akka://worker/user/watcher/graph0000000000/graph/local-acker/$a - Message [com.spbsu.flamestream.runtime.utils.akka.PingActor$InnerPing] from Actor[akka://worker/user/watcher/graph0000000000/graph/local-acker/$a#2074060630] to Actor[akka://worker/user/watcher/graph0000000000/graph/local-acker/$a#2074060630] was not delivered. [1] dead letters encountered. This logging can be turned off or adjusted with configuration settings 'akka.log-dead-letters' and 'akka.log-dead-letters-during-shutdown'.
13:10:31.557 [worker-akka.actor.default-dispatcher-2] INFO  a.a.LocalActorRef akka://worker/user/watcher/graph0000000000/edge - Stopped
13:10:31.558 [worker-akka.actor.default-dispatcher-2] INFO  a.a.LocalActorRef akka://worker/user/watcher/graph0000000000/graph/local-acker - Stopped
13:10:31.559 [worker-akka.actor.default-dispatcher-2] INFO  a.a.LocalActorRef akka://worker/user/watcher/graph0000000000/graph - Stopped
13:10:31.559 [worker-akka.actor.default-dispatcher-2] INFO  a.a.LocalActorRef akka://worker/user/watcher/graph0000000000 - Stopped
13:10:31.562 [worker-akka.actor.default-dispatcher-2-EventThread] INFO  o.a.z.ClientCnxn  - EventThread shut down for session: 0x161ae1f07550003
13:10:31.562 [worker-akka.actor.default-dispatcher-2] INFO  o.a.z.ZooKeeper  - Session: 0x161ae1f07550003 closed
13:10:31.565 [worker-akka.actor.default-dispatcher-2] INFO  a.a.RepointableActorRef akka://worker/user/watcher - Stopped
13:10:31.565 [worker-akka.actor.default-dispatcher-2] INFO  a.a.LocalActorRef akka://worker/user/watcher/graph0000000000/graph/local-acker/$a - Message [com.spbsu.flamestream.runtime.utils.akka.PingActor$Stop] from Actor[akka://worker/user/watcher/graph0000000000/graph/local-acker#172693348] to Actor[akka://worker/user/watcher/graph0000000000/graph/local-acker/$a#2074060630] was not delivered. [2] dead letters encountered. This logging can be turned off or adjusted with configuration settings 'akka.log-dead-letters' and 'akka.log-dead-letters-during-shutdown'.
13:10:31.565 [worker-akka.actor.default-dispatcher-2] INFO  a.a.LocalActorRef akka://worker/user/watcher/graph0000000000/graph/local-acker - Message [com.spbsu.flamestream.runtime.acker.LocalAcker$Flush] from Actor[akka://worker/user/watcher/graph0000000000/graph/local-acker#172693348] to Actor[akka://worker/user/watcher/graph0000000000/graph/local-acker#172693348] was not delivered. [3] dead letters encountered. This logging can be turned off or adjusted with configuration settings 'akka.log-dead-letters' and 'akka.log-dead-letters-during-shutdown'.
13:10:31.566 [worker-akka.actor.default-dispatcher-2] INFO  a.a.LocalActorRef akka://worker/user/watcher/graph0000000000/graph/local-acker - Message [com.spbsu.flamestream.runtime.acker.LocalAcker$Flush] from Actor[akka://worker/user/watcher/graph0000000000/graph/local-acker#172693348] to Actor[akka://worker/user/watcher/graph0000000000/graph/local-acker#172693348] was not delivered. [4] dead letters encountered. This logging can be turned off or adjusted with configuration settings 'akka.log-dead-letters' and 'akka.log-dead-letters-during-shutdown'.
13:10:31.566 [worker-akka.actor.default-dispatcher-2] INFO  a.a.LocalActorRef akka://worker/user/watcher/graph0000000000/graph/local-acker - Message [com.spbsu.flamestream.runtime.acker.LocalAcker$Flush] from Actor[akka://worker/user/watcher/graph0000000000/graph/local-acker#172693348] to Actor[akka://worker/user/watcher/graph0000000000/graph/local-acker#172693348] was not delivered. [5] dead letters encountered. This logging can be turned off or adjusted with configuration settings 'akka.log-dead-letters' and 'akka.log-dead-letters-during-shutdown'.
13:10:31.567 [worker-akka.actor.default-dispatcher-2] INFO  a.a.LocalActorRef akka://worker/user/watcher/graph0000000000/graph/local-acker - Message [com.spbsu.flamestream.runtime.acker.LocalAcker$Flush] from Actor[akka://worker/user/watcher/graph0000000000/graph/local-acker#172693348] to Actor[akka://worker/user/watcher/graph0000000000/graph/local-acker#172693348] was not delivered. [6] dead letters encountered. This logging can be turned off or adjusted with configuration settings 'akka.log-dead-letters' and 'akka.log-dead-letters-during-shutdown'.
13:10:31.568 [worker-akka.actor.default-dispatcher-2] INFO  a.a.LocalActorRef akka://worker/user/watcher/graph0000000000/graph/local-acker - Message [com.spbsu.flamestream.runtime.acker.LocalAcker$Flush] from Actor[akka://worker/user/watcher/graph0000000000/graph/local-acker#172693348] to Actor[akka://worker/user/watcher/graph0000000000/graph/local-acker#172693348] was not delivered. [7] dead letters encountered. This logging can be turned off or adjusted with configuration settings 'akka.log-dead-letters' and 'akka.log-dead-letters-during-shutdown'.
13:10:31.568 [worker-akka.actor.default-dispatcher-2] INFO  a.a.LocalActorRef akka://worker/user/watcher/graph0000000000/graph/local-acker - Message [com.spbsu.flamestream.runtime.acker.LocalAcker$Flush] from Actor[akka://worker/user/watcher/graph0000000000/graph/local-acker#172693348] to Actor[akka://worker/user/watcher/graph0000000000/graph/local-acker#172693348] was not delivered. [8] dead letters encountered. This logging can be turned off or adjusted with configuration settings 'akka.log-dead-letters' and 'akka.log-dead-letters-during-shutdown'.
13:10:31.568 [worker-akka.actor.default-dispatcher-2] INFO  a.a.LocalActorRef akka://worker/user/watcher/graph0000000000/graph/local-acker - Message [com.spbsu.flamestream.runtime.acker.LocalAcker$Flush] from Actor[akka://worker/user/watcher/graph0000000000/graph/local-acker#172693348] to Actor[akka://worker/user/watcher/graph0000000000/graph/local-acker#172693348] was not delivered. [9] dead letters encountered. This logging can be turned off or adjusted with configuration settings 'akka.log-dead-letters' and 'akka.log-dead-letters-during-shutdown'.
13:10:31.581 [worker-akka.actor.default-dispatcher-2] INFO  a.r.RemoteActorRefProvider$RemotingTerminator akka://worker@172.31.42.36:5412/system/remoting-terminator - Shutting down remote daemon.
13:10:31.584 [worker-akka.actor.default-dispatcher-2] INFO  a.r.RemoteActorRefProvider$RemotingTerminator akka://worker@172.31.42.36:5412/system/remoting-terminator - Remote daemon shut down; proceeding with flushing remote transports.
13:10:31.828 [worker-akka.actor.default-dispatcher-2] INFO  a.r.RemoteActorRefProvider$RemotingTerminator akka://worker@172.31.42.36:5412/system/remoting-terminator - Remoting shut down.
Heap
 def new generation   total 153600K, used 143050K [0x00000000e0c00000, 0x00000000eb2a0000, 0x00000000eb2a0000)
  eden space 136576K,  97% used [0x00000000e0c00000, 0x00000000e8e3b200, 0x00000000e9160000)
  from space 17024K,  56% used [0x00000000e9160000, 0x00000000e9ad78d0, 0x00000000ea200000)
  to   space 17024K,   0% used [0x00000000ea200000, 0x00000000ea200000, 0x00000000eb2a0000)
 tenured generation   total 341376K, used 92109K [0x00000000eb2a0000, 0x0000000100000000, 0x0000000100000000)
   the space 341376K,  26% used [0x00000000eb2a0000, 0x00000000f0c93648, 0x00000000f0c93800, 0x0000000100000000)
 Metaspace       used 33646K, capacity 34462K, committed 34688K, reserved 1079296K
  class space    used 4470K, capacity 4658K, committed 4736K, reserved 1048576K
