15:07:30,245 |-INFO in ch.qos.logback.classic.LoggerContext[default] - Could NOT find resource [logback-test.xml]
15:07:30,245 |-INFO in ch.qos.logback.classic.LoggerContext[default] - Could NOT find resource [logback.groovy]
15:07:30,245 |-INFO in ch.qos.logback.classic.LoggerContext[default] - Found resource [logback.xml] at [jar:file:/opt/flamestream/lib/flamestream-runtime-1.0-SNAPSHOT.jar!/logback.xml]
15:07:30,245 |-WARN in ch.qos.logback.classic.LoggerContext[default] - Resource [logback.xml] occurs multiple times on the classpath.
15:07:30,245 |-WARN in ch.qos.logback.classic.LoggerContext[default] - Resource [logback.xml] occurs at [jar:file:/opt/flamestream/flamestream-runtime-1.0-SNAPSHOT.jar!/logback.xml]
15:07:30,245 |-WARN in ch.qos.logback.classic.LoggerContext[default] - Resource [logback.xml] occurs at [jar:file:/opt/flamestream/lib/flamestream-runtime-1.0-SNAPSHOT.jar!/logback.xml]
15:07:30,268 |-INFO in ch.qos.logback.core.joran.spi.ConfigurationWatchList@69b794e2 - URL [jar:file:/opt/flamestream/lib/flamestream-runtime-1.0-SNAPSHOT.jar!/logback.xml] is not of type file
15:07:30,351 |-INFO in ch.qos.logback.classic.joran.action.ConfigurationAction - debug attribute not set
15:07:30,352 |-INFO in ch.qos.logback.core.joran.action.AppenderAction - About to instantiate appender of type [ch.qos.logback.core.ConsoleAppender]
15:07:30,365 |-INFO in ch.qos.logback.core.joran.action.AppenderAction - Naming appender as [STDOUT]
15:07:30,372 |-INFO in ch.qos.logback.core.joran.action.NestedComplexPropertyIA - Assuming default type [ch.qos.logback.classic.encoder.PatternLayoutEncoder] for [encoder] property
15:07:30,404 |-INFO in ch.qos.logback.core.joran.action.AppenderAction - About to instantiate appender of type [ch.qos.logback.core.rolling.RollingFileAppender]
15:07:30,412 |-INFO in ch.qos.logback.core.joran.action.AppenderAction - Naming appender as [FILE]
15:07:30,430 |-INFO in c.q.l.core.rolling.TimeBasedRollingPolicy@1059063940 - No compression will be used
15:07:30,431 |-INFO in c.q.l.core.rolling.TimeBasedRollingPolicy@1059063940 - Will use the pattern /tmp/application_%d{yyyy-MM-dd}.%i.log for the active file
15:07:30,435 |-INFO in ch.qos.logback.core.rolling.SizeAndTimeBasedFNATP@4d339552 - The date pattern is 'yyyy-MM-dd' from file name pattern '/tmp/application_%d{yyyy-MM-dd}.%i.log'.
15:07:30,435 |-INFO in ch.qos.logback.core.rolling.SizeAndTimeBasedFNATP@4d339552 - Roll-over at midnight.
15:07:30,439 |-INFO in ch.qos.logback.core.rolling.SizeAndTimeBasedFNATP@4d339552 - Setting initial period to Thu Mar 29 15:02:56 UTC 2018
15:07:30,439 |-WARN in ch.qos.logback.core.rolling.SizeAndTimeBasedFNATP@4d339552 - SizeAndTimeBasedFNATP is deprecated. Use SizeAndTimeBasedRollingPolicy instead
15:07:30,439 |-WARN in ch.qos.logback.core.rolling.SizeAndTimeBasedFNATP@4d339552 - For more information see http://logback.qos.ch/manual/appenders.html#SizeAndTimeBasedRollingPolicy
15:07:30,444 |-INFO in ch.qos.logback.core.joran.action.NestedComplexPropertyIA - Assuming default type [ch.qos.logback.classic.encoder.PatternLayoutEncoder] for [encoder] property
15:07:30,448 |-INFO in ch.qos.logback.core.rolling.RollingFileAppender[FILE] - Active log file name: /tmp/application.log
15:07:30,448 |-INFO in ch.qos.logback.core.rolling.RollingFileAppender[FILE] - File property is set to [/tmp/application.log]
15:07:30,449 |-INFO in ch.qos.logback.classic.joran.action.RootLoggerAction - Setting level of ROOT logger to INFO
15:07:30,449 |-INFO in ch.qos.logback.core.joran.action.AppenderRefAction - Attaching appender named [STDOUT] to Logger[ROOT]
15:07:30,450 |-INFO in ch.qos.logback.core.joran.action.AppenderRefAction - Attaching appender named [FILE] to Logger[ROOT]
15:07:30,450 |-INFO in ch.qos.logback.classic.joran.action.ConfigurationAction - End of configuration.
15:07:30,450 |-INFO in ch.qos.logback.classic.joran.JoranConfigurator@f0f2775 - Registering current configuration as safe fallback point

15:07:30.453 [main] INFO  c.s.f.r.a.WorkerApplication  - Starting worker with id: '10.0.0.102', host: '10.0.0.102:5412', zkString: '10.0.0.14:2181'
15:07:31.339 [worker-akka.actor.default-dispatcher-6] INFO  a.e.s.Slf4jLogger  - Slf4jLogger started
2018-03-29T15:07:31.479+0000: 1.794: [Full GC (Metadata GC Threshold) 2018-03-29T15:07:31.480+0000: 1.794: [Tenured: 0K->15874K(341376K), 0.0396837 secs] 131339K->15874K(494976K), [Metaspace: 20937K->20937K(1067008K)], 0.0397474 secs] [Times: user=0.03 sys=0.00, real=0.04 secs] 
Ama winner
Ama winner
15:07:31.870 [worker-akka.actor.default-dispatcher-6] INFO  a.r.a.ArteryTransport(akka://worker) akka.remote.artery.ArteryTransport(akka://worker) - Started embedded media driver in directory [/dev/shm/aeron-10.0.0.102]
15:07:32.044 [worker-akka.actor.default-dispatcher-6] INFO  a.r.a.ArteryTransport(akka://worker) akka.remote.artery.ArteryTransport(akka://worker) - Remoting started; listening on address: [akka://worker@10.0.0.102:5412] with UID [-5551199368215269723]
15:07:32.097 [worker-akka.actor.default-dispatcher-4] INFO  a.a.RepointableActorRef akka://worker/user/watcher - Starting...
15:07:32.157 [worker-akka.actor.default-dispatcher-3] INFO  o.a.z.ZooKeeper  - Client environment:zookeeper.version=3.4.9-1757313, built on 08/23/2016 06:50 GMT
15:07:32.158 [worker-akka.actor.default-dispatcher-3] INFO  o.a.z.ZooKeeper  - Client environment:host.name=localhost
15:07:32.160 [worker-akka.actor.default-dispatcher-3] INFO  o.a.z.ZooKeeper  - Client environment:java.version=1.8.0_151
15:07:32.160 [worker-akka.actor.default-dispatcher-3] INFO  o.a.z.ZooKeeper  - Client environment:java.vendor=Oracle Corporation
15:07:32.160 [worker-akka.actor.default-dispatcher-3] INFO  o.a.z.ZooKeeper  - Client environment:java.home=/usr/lib/jvm/java-8-openjdk-amd64/jre
15:07:32.160 [worker-akka.actor.default-dispatcher-3] INFO  o.a.z.ZooKeeper  - Client environment:java.class.path=lib/commons-cli-1.4.jar:lib/minlog-1.3.0.jar:lib/asm-5.0.4.jar:lib/hadoop-annotations-2.7.3.jar:lib/hadoop-auth-2.7.3.jar:lib/akka-slf4j_2.11-2.5.6.jar:lib/jersey-core-1.9.jar:lib/lz4-1.3.0.jar:lib/jackson-core-asl-1.9.13.jar:lib/aeron-client-1.3.0.jar:lib/htrace-core-3.1.0-incubating.jar:lib/xz-1.0.jar:lib/commons-httpclient-3.1.jar:lib/asm-3.1.jar:lib/commons-lang3-3.4.jar:lib/scala-library-2.11.11.jar:lib/scala-java8-compat_2.11-0.7.0.jar:lib/commons-configuration-1.6.jar:lib/objenesis-2.1.jar:lib/jackson-annotations-2.8.0.jar:lib/jsr305-3.0.0.jar:lib/curator-framework-2.7.1.jar:lib/jersey-server-1.9.jar:lib/jets3t-0.9.0.jar:lib/leveldb-0.7.jar:lib/jetty-6.1.26.jar:lib/stax-api-1.0-2.jar:lib/flamestream-core-1.0-SNAPSHOT.jar:lib/reflectasm-1.07-shaded.jar:lib/apacheds-kerberos-codec-2.0.0-M15.jar:lib/api-asn1-api-1.0.0-M20.jar:lib/commons-lang-2.6.jar:lib/commons-beanutils-1.7.0.jar:lib/jackson-xc-1.8.3.jar:lib/jetty-util-6.1.26.jar:lib/logback-classic-1.2.3.jar:lib/jool-0.9.12.jar:lib/httpcore-4.1.2.jar:lib/kryo-4.0.0.jar:lib/ant-1.8.1.jar:lib/jaxb-impl-2.2.3-1.jar:lib/jersey-json-1.9.jar:lib/commons-compress-1.4.1.jar:lib/leveldbjni-all-1.8.jar:lib/paranamer-2.3.jar:lib/jackson-core-2.8.4.jar:lib/commons-math3-3.6.1.jar:lib/scala-parser-combinators_2.11-1.0.4.jar:lib/netty-3.10.6.Final.jar:lib/trove4j-3.0.3.jar:lib/jaxb-api-2.2.2.jar:lib/logback-core-1.2.3.jar:lib/snappy-java-1.0.4.1.jar:lib/protobuf-java-2.5.0.jar:lib/reactive-streams-1.0.1.jar:lib/flamestream-examples-1.0-SNAPSHOT.jar:lib/commons-codec-1.4.jar:lib/activation-1.1.jar:lib/commons-net-3.1.jar:lib/curator-recipes-2.7.1.jar:lib/jackson-mapper-asl-1.9.13.jar:lib/jackson-databind-2.8.4.jar:lib/flamestream-runtime-1.0-SNAPSHOT.jar:lib/jackson-jaxrs-1.8.3.jar:lib/slf4j-api-1.7.24.jar:lib/akka-remote_2.11-2.5.6.jar:lib/akka-testkit_2.11-2.5.6.jar:lib/jline-0.9.94.jar:lib/jedis-2.9.0.jar:lib/akka-stream_2.11-2.5.6.jar:lib/jsp-api-2.1.jar:lib/kryonet-2.21.jar:lib/akka-kryo-serialization_2.11-0.5.0.jar:lib/config-1.3.1.jar:lib/ant-launcher-1.8.1.jar:lib/commons-logging-1.2.jar:lib/ssl-config-core_2.11-0.2.2.jar:lib/testng-6.10.jar:lib/leveldb-api-0.7.jar:lib/reflectasm-1.11.3.jar:lib/jcommander-1.48.jar:lib/commons-1.1.jar:lib/commons-digester-1.8.jar:lib/minlog-1.2.jar:lib/java-xmlbuilder-0.4.jar:lib/jettison-1.1.jar:lib/gson-2.2.4.jar:lib/jdk.tools-1.8.jar:lib/aeron-driver-1.3.0.jar:lib/zookeeper-3.4.9.jar:lib/commons-beanutils-core-1.8.0.jar:lib/commons-math3-3.1.1.jar:lib/akka-actor_2.11-2.5.6.jar:lib/curator-client-2.7.1.jar:lib/servlet-api-2.5.jar:lib/commons-pool2-2.4.2.jar:lib/apacheds-i18n-2.0.0-M15.jar:lib/commons-io-2.4.jar:lib/commons-codec-1.6.jar:lib/akka-protobuf_2.11-2.5.6.jar:lib/jdom-2.0.2.jar:lib/rocksdbjni-5.5.1.jar:lib/api-util-1.0.0-M20.jar:lib/hadoop-common-2.7.3.jar:lib/agrona-0.9.6.jar:lib/xmlenc-0.52.jar:lib/guava-21.0.jar:lib/commons-collections-3.2.2.jar:lib/avro-1.7.4.jar:lib/httpclient-4.1.2.jar:lib/flamestream-core-1.0-SNAPSHOT-tests.jar:lib/annotations-12.0.jar:lib/jsch-0.1.42.jar:flamestream-runtime-1.0-SNAPSHOT.jar
15:07:32.160 [worker-akka.actor.default-dispatcher-3] INFO  o.a.z.ZooKeeper  - Client environment:java.library.path=/usr/java/packages/lib/amd64:/usr/lib/x86_64-linux-gnu/jni:/lib/x86_64-linux-gnu:/usr/lib/x86_64-linux-gnu:/usr/lib/jni:/lib:/usr/lib
15:07:32.160 [worker-akka.actor.default-dispatcher-3] INFO  o.a.z.ZooKeeper  - Client environment:java.io.tmpdir=/tmp
15:07:32.161 [worker-akka.actor.default-dispatcher-3] INFO  o.a.z.ZooKeeper  - Client environment:java.compiler=<NA>
15:07:32.161 [worker-akka.actor.default-dispatcher-3] INFO  o.a.z.ZooKeeper  - Client environment:os.name=Linux
15:07:32.161 [worker-akka.actor.default-dispatcher-3] INFO  o.a.z.ZooKeeper  - Client environment:os.arch=amd64
15:07:32.162 [worker-akka.actor.default-dispatcher-3] INFO  o.a.z.ZooKeeper  - Client environment:os.version=4.4.0-1049-aws
15:07:32.164 [worker-akka.actor.default-dispatcher-3] INFO  o.a.z.ZooKeeper  - Client environment:user.name=root
15:07:32.165 [worker-akka.actor.default-dispatcher-3] INFO  o.a.z.ZooKeeper  - Client environment:user.home=/root
15:07:32.165 [worker-akka.actor.default-dispatcher-3] INFO  o.a.z.ZooKeeper  - Client environment:user.dir=/opt/flamestream
15:07:32.167 [worker-akka.actor.default-dispatcher-3] INFO  o.a.z.ZooKeeper  - Initiating client connection, connectString=10.0.0.14:2181 sessionTimeout=5000 watcher=com.spbsu.flamestream.runtime.application.LifecycleWatcher$$Lambda$30/1411738478@672151a8
15:07:32.204 [worker-akka.actor.default-dispatcher-3-SendThread(10.0.0.14:2181)] INFO  o.a.z.ClientCnxn  - Opening socket connection to server 10.0.0.14/10.0.0.14:2181. Will not attempt to authenticate using SASL (unknown error)
15:07:32.214 [worker-akka.actor.default-dispatcher-3-SendThread(10.0.0.14:2181)] INFO  o.a.z.ClientCnxn  - Socket connection established to 10.0.0.14/10.0.0.14:2181, initiating session
15:07:32.223 [worker-akka.actor.default-dispatcher-3-SendThread(10.0.0.14:2181)] INFO  o.a.z.ClientCnxn  - Session establishment complete on server 10.0.0.14/10.0.0.14:2181, sessionid = 0x162724b934d0008, negotiated timeout = 6000
15:07:32.235 [worker-akka.actor.default-dispatcher-4] INFO  a.a.RepointableActorRef akka://worker/user/watcher - Initializing rocksDB backend
15:07:32.409 [worker-akka.actor.default-dispatcher-4] INFO  a.a.RepointableActorRef akka://worker/user/watcher - Connected to ZK
15:07:40.611 [worker-akka.actor.default-dispatcher-4] INFO  a.a.RepointableActorRef akka://worker/user/watcher - Creating node with watchGraphs: 'com.spbsu.flamestream.core.Graph$Builder$MyGraph@640b424', config: 'ClusterConfig{paths={10.0.0.82=akka://worker@10.0.0.82:5412/user/watcher, 10.0.0.102=akka://worker@10.0.0.102:5412/user/watcher, 10.0.0.39=akka://worker@10.0.0.39:5412/user/watcher, 10.0.0.225=akka://worker@10.0.0.225:5412/user/watcher, 10.0.0.27=akka://worker@10.0.0.27:5412/user/watcher, 10.0.0.236=akka://worker@10.0.0.236:5412/user/watcher, 10.0.0.25=akka://worker@10.0.0.25:5412/user/watcher, 10.0.0.167=akka://worker@10.0.0.167:5412/user/watcher, 10.0.0.46=akka://worker@10.0.0.46:5412/user/watcher, 10.0.0.189=akka://worker@10.0.0.189:5412/user/watcher}, ackerLocation='10.0.0.46', props=ComputationLayout{hashGroups={10.0.0.82=com.spbsu.flamestream.runtime.config.HashGroup@1ffe1b9d, 10.0.0.102=com.spbsu.flamestream.runtime.config.HashGroup@5d5c21bc, 10.0.0.39=com.spbsu.flamestream.runtime.config.HashGroup@56dcaf5d, 10.0.0.225=com.spbsu.flamestream.runtime.config.HashGroup@c65a7748, 10.0.0.27=com.spbsu.flamestream.runtime.config.HashGroup@231425fe, 10.0.0.236=com.spbsu.flamestream.runtime.config.HashGroup@fbc82752, 10.0.0.25=com.spbsu.flamestream.runtime.config.HashGroup@ccbcd570, 10.0.0.167=com.spbsu.flamestream.runtime.config.HashGroup@4276a447, 10.0.0.46=com.spbsu.flamestream.runtime.config.HashGroup@c01f, 10.0.0.189=com.spbsu.flamestream.runtime.config.HashGroup@3fc198ed}}}'
15:07:41.477 [worker-akka.actor.default-dispatcher-3] INFO  a.a.LocalActorRef akka://worker/user/watcher/graph_at_0/graph - Starting...
15:07:41.484 [worker-akka.actor.default-dispatcher-5] INFO  a.a.LocalActorRef akka://worker/user/watcher/graph_at_0/graph/local-acker/$a - Starting...
15:07:41.490 [worker-akka.actor.default-dispatcher-3] INFO  a.a.LocalActorRef akka://worker/user/watcher/graph_at_0/graph/local-acker - Starting...
15:07:42.288 [worker-akka.actor.default-dispatcher-2] INFO  a.a.LocalActorRef akka://worker/user/watcher/graph_at_0/graph - Finishing constructor
15:07:42.291 [worker-akka.actor.default-dispatcher-3] INFO  a.a.LocalActorRef akka://worker/user/watcher/graph_at_0/negotiator - Starting...
15:07:42.295 [worker-akka.actor.default-dispatcher-5] INFO  a.a.LocalActorRef akka://worker/user/watcher/graph_at_0/edge - Starting...
15:07:42.297 [worker-akka.actor.default-dispatcher-2] INFO  a.a.LocalActorRef akka://worker/user/watcher/graph_at_0 - Starting FlameNode with config 'ClusterConfig{paths={10.0.0.82=akka://worker@10.0.0.82:5412/user/watcher/graph_at_0, 10.0.0.102=akka://worker@10.0.0.102:5412/user/watcher/graph_at_0, 10.0.0.39=akka://worker@10.0.0.39:5412/user/watcher/graph_at_0, 10.0.0.225=akka://worker@10.0.0.225:5412/user/watcher/graph_at_0, 10.0.0.27=akka://worker@10.0.0.27:5412/user/watcher/graph_at_0, 10.0.0.236=akka://worker@10.0.0.236:5412/user/watcher/graph_at_0, 10.0.0.25=akka://worker@10.0.0.25:5412/user/watcher/graph_at_0, 10.0.0.167=akka://worker@10.0.0.167:5412/user/watcher/graph_at_0, 10.0.0.46=akka://worker@10.0.0.46:5412/user/watcher/graph_at_0, 10.0.0.189=akka://worker@10.0.0.189:5412/user/watcher/graph_at_0}, ackerLocation='10.0.0.46', props=ComputationLayout{hashGroups={10.0.0.82=com.spbsu.flamestream.runtime.config.HashGroup@1ffe1b9d, 10.0.0.102=com.spbsu.flamestream.runtime.config.HashGroup@5d5c21bc, 10.0.0.39=com.spbsu.flamestream.runtime.config.HashGroup@56dcaf5d, 10.0.0.225=com.spbsu.flamestream.runtime.config.HashGroup@c65a7748, 10.0.0.27=com.spbsu.flamestream.runtime.config.HashGroup@231425fe, 10.0.0.236=com.spbsu.flamestream.runtime.config.HashGroup@fbc82752, 10.0.0.25=com.spbsu.flamestream.runtime.config.HashGroup@ccbcd570, 10.0.0.167=com.spbsu.flamestream.runtime.config.HashGroup@4276a447, 10.0.0.46=com.spbsu.flamestream.runtime.config.HashGroup@c01f, 10.0.0.189=com.spbsu.flamestream.runtime.config.HashGroup@3fc198ed}}}'
15:07:42.332 [worker-akka.actor.default-dispatcher-3] INFO  a.a.LocalActorRef akka://worker/user/watcher/graph_at_0/negotiator - Requesting ticket for the frontClass FlameSocketGraphDeployerFront@10.0.0.102
15:07:42.338 [worker-akka.actor.default-dispatcher-5] INFO  a.a.LocalActorRef akka://worker/user/watcher/graph_at_0/graph - Received last commit 'LastCommit{globalTime=(0000000, min@min)}'
15:07:42.367 [worker-akka.actor.default-dispatcher-2] INFO  c.s.f.r.e.s.SocketRear  - FlameSocketGraphDeployerRear@10.0.0.102: connecting to 10.0.0.14:5678
15:07:42.373 [worker-akka.actor.default-dispatcher-4] INFO  a.a.LocalActorRef akka://worker/user/watcher/graph_at_0/edge/FlameSocketGraphDeployerFront - Starting...
15:07:42.384 [worker-akka.actor.default-dispatcher-2] INFO  c.s.f.r.e.s.SocketRear  - FlameSocketGraphDeployerRear@10.0.0.102: connected to 10.0.0.14:5678
15:07:42.386 [worker-akka.actor.default-dispatcher-2] INFO  a.a.LocalActorRef akka://worker/user/watcher/graph_at_0/edge/FlameSocketGraphDeployerRear - Starting...
15:07:42.434 [worker-akka.actor.default-dispatcher-2] INFO  a.a.LocalActorRef akka://worker/user/watcher/graph_at_0/graph/$a - Starting...
15:07:42.451 [worker-akka.actor.default-dispatcher-2] INFO  a.a.LocalActorRef akka://worker/user/watcher/graph_at_0/graph/$b - Starting...
15:07:42.483 [worker-akka.actor.default-dispatcher-2] INFO  a.a.LocalActorRef akka://worker/user/watcher/graph_at_0/graph/$b - Attached rear to graph (-9223372036854775808, min@min)
15:07:42.485 [worker-akka.actor.default-dispatcher-2] INFO  a.a.LocalActorRef akka://worker/user/watcher/graph_at_0/graph/$c - Starting...
15:07:43.534 [worker-akka.actor.default-dispatcher-2] INFO  a.a.LocalActorRef akka://worker/user/watcher/graph_at_0/negotiator - Ticket for the frontClass received: FrontTicket{allowedTimestamp=(0000000, FlameSocketGraphDeployerFront@10.0.0.102)}
15:07:43.535 [worker-akka.actor.default-dispatcher-2] INFO  c.s.f.r.e.s.SocketFront  - FlameSocketGraphDeployerFront@10.0.0.102: connecting to 10.0.0.14:4567
15:07:43.547 [Client] INFO  c.s.f.r.e.s.SocketFront  - FlameSocketGraphDeployerFront@10.0.0.102 has been disconnected from Connection 1
2018-03-29T15:07:47.670+0000: 17.984: [GC (Allocation Failure) 2018-03-29T15:07:47.670+0000: 17.984: [DefNew: 136576K->16545K(153600K), 0.0253769 secs] 152450K->51951K(494976K), 0.0254433 secs] [Times: user=0.02 sys=0.00, real=0.02 secs] 
2018-03-29T15:07:57.965+0000: 28.280: [GC (Allocation Failure) 2018-03-29T15:07:57.965+0000: 28.280: [DefNew: 153121K->6208K(153600K), 0.0249459 secs] 188527K->49947K(494976K), 0.0250179 secs] [Times: user=0.03 sys=0.00, real=0.03 secs] 
2018-03-29T15:08:10.200+0000: 40.515: [GC (Allocation Failure) 2018-03-29T15:08:10.200+0000: 40.515: [DefNew: 142784K->10295K(153600K), 0.0143880 secs] 186523K->54034K(494976K), 0.0144568 secs] [Times: user=0.02 sys=0.00, real=0.01 secs] 
2018-03-29T15:08:19.453+0000: 49.767: [GC (Allocation Failure) 2018-03-29T15:08:19.453+0000: 49.767: [DefNew: 146871K->9986K(153600K), 0.0186694 secs] 190610K->55901K(494976K), 0.0187344 secs] [Times: user=0.02 sys=0.00, real=0.02 secs] 
2018-03-29T15:08:29.092+0000: 59.406: [GC (Allocation Failure) 2018-03-29T15:08:29.092+0000: 59.406: [DefNew: 146562K->9817K(153600K), 0.0162338 secs] 192477K->59465K(494976K), 0.0163009 secs] [Times: user=0.02 sys=0.00, real=0.02 secs] 
2018-03-29T15:08:36.733+0000: 67.047: [GC (Allocation Failure) 2018-03-29T15:08:36.733+0000: 67.047: [DefNew: 144944K->16341K(153600K), 0.0217502 secs] 194592K->67673K(494976K), 0.0218237 secs] [Times: user=0.02 sys=0.00, real=0.02 secs] 
2018-03-29T15:08:44.785+0000: 75.100: [GC (Allocation Failure) 2018-03-29T15:08:44.785+0000: 75.100: [DefNew: 152917K->5284K(153600K), 0.0199972 secs] 204249K->68755K(494976K), 0.0200653 secs] [Times: user=0.02 sys=0.00, real=0.02 secs] 
2018-03-29T15:08:53.459+0000: 83.773: [GC (Allocation Failure) 2018-03-29T15:08:53.459+0000: 83.773: [DefNew: 141860K->6576K(153600K), 0.0132493 secs] 205331K->70048K(494976K), 0.0133066 secs] [Times: user=0.01 sys=0.00, real=0.02 secs] 
2018-03-29T15:09:02.720+0000: 93.035: [GC (Allocation Failure) 2018-03-29T15:09:02.720+0000: 93.035: [DefNew: 143152K->8967K(153600K), 0.0161037 secs] 206624K->72438K(494976K), 0.0161775 secs] [Times: user=0.01 sys=0.00, real=0.01 secs] 
2018-03-29T15:09:13.722+0000: 104.036: [GC (Allocation Failure) 2018-03-29T15:09:13.722+0000: 104.036: [DefNew: 145543K->8929K(153600K), 0.0190168 secs] 209014K->74221K(494976K), 0.0190853 secs] [Times: user=0.02 sys=0.01, real=0.02 secs] 
2018-03-29T15:09:21.818+0000: 112.132: [GC (Allocation Failure) 2018-03-29T15:09:21.818+0000: 112.132: [DefNew: 145505K->7168K(153600K), 0.0156179 secs] 210797K->73776K(494976K), 0.0156853 secs] [Times: user=0.01 sys=0.00, real=0.02 secs] 
2018-03-29T15:09:30.650+0000: 120.964: [GC (Allocation Failure) 2018-03-29T15:09:30.650+0000: 120.964: [DefNew: 143744K->9244K(153600K), 0.0155777 secs] 210352K->75853K(494976K), 0.0156535 secs] [Times: user=0.01 sys=0.00, real=0.01 secs] 
2018-03-29T15:09:36.883+0000: 127.197: [GC (Allocation Failure) 2018-03-29T15:09:36.883+0000: 127.198: [DefNew: 145820K->17024K(153600K), 0.0222478 secs] 212429K->93152K(494976K), 0.0223247 secs] [Times: user=0.03 sys=0.00, real=0.02 secs] 
2018-03-29T15:09:45.750+0000: 136.064: [GC (Allocation Failure) 2018-03-29T15:09:45.750+0000: 136.064: [DefNew: 152015K->5778K(153600K), 0.0185758 secs] 228143K->98745K(494976K), 0.0186465 secs] [Times: user=0.02 sys=0.00, real=0.02 secs] 
2018-03-29T15:09:54.410+0000: 144.725: [GC (Allocation Failure) 2018-03-29T15:09:54.410+0000: 144.725: [DefNew: 142354K->5712K(153600K), 0.0114181 secs] 235321K->98678K(494976K), 0.0114909 secs] [Times: user=0.01 sys=0.00, real=0.01 secs] 
2018-03-29T15:10:02.754+0000: 153.069: [GC (Allocation Failure) 2018-03-29T15:10:02.754+0000: 153.069: [DefNew: 138096K->9137K(153600K), 0.0164704 secs] 231063K->102104K(494976K), 0.0165344 secs] [Times: user=0.02 sys=0.00, real=0.02 secs] 
2018-03-29T15:10:10.371+0000: 160.685: [GC (Allocation Failure) 2018-03-29T15:10:10.371+0000: 160.685: [DefNew: 145713K->7376K(153600K), 0.0151341 secs] 238680K->101430K(494976K), 0.0152051 secs] [Times: user=0.01 sys=0.00, real=0.01 secs] 
2018-03-29T15:10:18.899+0000: 169.213: [GC (Allocation Failure) 2018-03-29T15:10:18.899+0000: 169.213: [DefNew: 143952K->8326K(153600K), 0.0222216 secs] 238006K->102380K(494976K), 0.0222982 secs] [Times: user=0.03 sys=0.00, real=0.03 secs] 
2018-03-29T15:10:26.765+0000: 177.079: [GC (Allocation Failure) 2018-03-29T15:10:26.765+0000: 177.079: [DefNew: 141271K->11138K(153600K), 0.0186082 secs] 235325K->105192K(494976K), 0.0186794 secs] [Times: user=0.02 sys=0.00, real=0.02 secs] 
2018-03-29T15:10:33.755+0000: 184.069: [GC (Allocation Failure) 2018-03-29T15:10:33.755+0000: 184.069: [DefNew: 145463K->9411K(153600K), 0.0211753 secs] 239517K->106445K(494976K), 0.0212595 secs] [Times: user=0.02 sys=0.00, real=0.02 secs] 
2018-03-29T15:10:40.980+0000: 191.294: [GC (Allocation Failure) 2018-03-29T15:10:40.980+0000: 191.294: [DefNew: 145987K->7492K(153600K), 0.0143803 secs] 243021K->105533K(494976K), 0.0144466 secs] [Times: user=0.01 sys=0.00, real=0.01 secs] 
2018-03-29T15:10:48.753+0000: 199.067: [GC (Allocation Failure) 2018-03-29T15:10:48.753+0000: 199.067: [DefNew: 144068K->10660K(153600K), 0.0177034 secs] 242109K->108701K(494976K), 0.0177780 secs] [Times: user=0.02 sys=0.00, real=0.02 secs] 
2018-03-29T15:10:55.759+0000: 206.073: [GC (Allocation Failure) 2018-03-29T15:10:55.759+0000: 206.073: [DefNew: 146320K->9748K(153600K), 0.0197988 secs] 244361K->109937K(494976K), 0.0198715 secs] [Times: user=0.02 sys=0.00, real=0.02 secs] 
2018-03-29T15:11:02.320+0000: 212.635: [GC (Allocation Failure) 2018-03-29T15:11:02.320+0000: 212.635: [DefNew: 146324K->7398K(153600K), 0.0143053 secs] 246513K->108700K(494976K), 0.0143823 secs] [Times: user=0.01 sys=0.00, real=0.01 secs] 
2018-03-29T15:11:08.770+0000: 219.085: [GC (Allocation Failure) 2018-03-29T15:11:08.771+0000: 219.085: [DefNew: 141475K->10963K(153600K), 0.0179075 secs] 242777K->112265K(494976K), 0.0179768 secs] [Times: user=0.02 sys=0.00, real=0.02 secs] 
2018-03-29T15:11:16.275+0000: 226.589: [GC (Allocation Failure) 2018-03-29T15:11:16.275+0000: 226.589: [DefNew: 147539K->6690K(153600K), 0.0161122 secs] 248841K->111141K(494976K), 0.0161803 secs] [Times: user=0.01 sys=0.01, real=0.02 secs] 
2018-03-29T15:11:22.763+0000: 233.077: [GC (Allocation Failure) 2018-03-29T15:11:22.763+0000: 233.077: [DefNew: 141071K->10601K(153600K), 0.0179962 secs] 245523K->115053K(494976K), 0.0180690 secs] [Times: user=0.02 sys=0.00, real=0.02 secs] 
2018-03-29T15:11:29.776+0000: 240.091: [GC (Allocation Failure) 2018-03-29T15:11:29.776+0000: 240.091: [DefNew: 143087K->8523K(153600K), 0.0185018 secs] 247539K->115527K(494976K), 0.0185832 secs] [Times: user=0.02 sys=0.00, real=0.02 secs] 
2018-03-29T15:11:36.769+0000: 247.083: [GC (Allocation Failure) 2018-03-29T15:11:36.769+0000: 247.083: [DefNew: 144573K->8353K(153600K), 0.0173454 secs] 251578K->116829K(494976K), 0.0174146 secs] [Times: user=0.01 sys=0.00, real=0.01 secs] 
2018-03-29T15:11:43.728+0000: 254.042: [GC (Allocation Failure) 2018-03-29T15:11:43.728+0000: 254.042: [DefNew: 144929K->8297K(153600K), 0.0220699 secs] 253405K->116774K(494976K), 0.0221395 secs] [Times: user=0.02 sys=0.00, real=0.02 secs] 
2018-03-29T15:11:50.467+0000: 260.781: [GC (Allocation Failure) 2018-03-29T15:11:50.467+0000: 260.781: [DefNew: 144873K->9009K(153600K), 0.0135645 secs] 253350K->117485K(494976K), 0.0136287 secs] [Times: user=0.02 sys=0.00, real=0.02 secs] 
2018-03-29T15:11:56.777+0000: 267.091: [GC (Allocation Failure) 2018-03-29T15:11:56.777+0000: 267.091: [DefNew: 143270K->11182K(153600K), 0.0194751 secs] 251746K->120495K(494976K), 0.0195397 secs] [Times: user=0.02 sys=0.00, real=0.02 secs] 
2018-03-29T15:12:02.727+0000: 273.042: [GC (Allocation Failure) 2018-03-29T15:12:02.727+0000: 273.042: [DefNew: 147758K->9210K(153600K), 0.0206748 secs] 257071K->121293K(494976K), 0.0207679 secs] [Times: user=0.02 sys=0.00, real=0.03 secs] 
2018-03-29T15:12:08.778+0000: 279.092: [GC (Allocation Failure) 2018-03-29T15:12:08.778+0000: 279.092: [DefNew: 144257K->7070K(153600K), 0.0135942 secs] 256339K->120421K(494976K), 0.0136680 secs] [Times: user=0.02 sys=0.00, real=0.02 secs] 
2018-03-29T15:12:14.114+0000: 284.428: [GC (Allocation Failure) 2018-03-29T15:12:14.114+0000: 284.428: [DefNew: 143646K->8441K(153600K), 0.0131788 secs] 256997K->121792K(494976K), 0.0132486 secs] [Times: user=0.01 sys=0.00, real=0.01 secs] 
2018-03-29T15:12:19.729+0000: 290.043: [GC (Allocation Failure) 2018-03-29T15:12:19.729+0000: 290.043: [DefNew: 144763K->12265K(153600K), 0.0203909 secs] 258114K->125616K(494976K), 0.0204703 secs] [Times: user=0.02 sys=0.00, real=0.02 secs] 
2018-03-29T15:12:25.084+0000: 295.399: [GC (Allocation Failure) 2018-03-29T15:12:25.085+0000: 295.399: [DefNew: 148841K->7057K(153600K), 0.0167127 secs] 262192K->124003K(494976K), 0.0167965 secs] [Times: user=0.02 sys=0.00, real=0.02 secs] 
2018-03-29T15:12:31.722+0000: 302.036: [GC (Allocation Failure) 2018-03-29T15:12:31.722+0000: 302.036: [DefNew: 143633K->9863K(153600K), 0.0151840 secs] 260579K->126809K(494976K), 0.0152632 secs] [Times: user=0.02 sys=0.00, real=0.01 secs] 
2018-03-29T15:12:35.781+0000: 306.095: [GC (Allocation Failure) 2018-03-29T15:12:35.781+0000: 306.095: [DefNew: 144453K->17024K(153600K), 0.0247263 secs] 261399K->159196K(494976K), 0.0248020 secs] [Times: user=0.03 sys=0.00, real=0.02 secs] 
2018-03-29T15:12:41.718+0000: 312.032: [GC (Allocation Failure) 2018-03-29T15:12:41.718+0000: 312.032: [DefNew: 153600K->6522K(153600K), 0.0225486 secs] 295772K->165488K(494976K), 0.0226158 secs] [Times: user=0.01 sys=0.01, real=0.03 secs] 
2018-03-29T15:12:46.761+0000: 317.076: [GC (Allocation Failure) 2018-03-29T15:12:46.761+0000: 317.076: [DefNew: 143098K->10159K(153600K), 0.0160666 secs] 302064K->169125K(494976K), 0.0161358 secs] [Times: user=0.02 sys=0.00, real=0.01 secs] 
2018-03-29T15:12:52.639+0000: 322.954: [GC (Allocation Failure) 2018-03-29T15:12:52.639+0000: 322.954: [DefNew: 146735K->6983K(153600K), 0.0135197 secs] 305701K->167543K(494976K), 0.0135906 secs] [Times: user=0.02 sys=0.00, real=0.02 secs] 
2018-03-29T15:12:57.729+0000: 328.043: [GC (Allocation Failure) 2018-03-29T15:12:57.729+0000: 328.043: [DefNew: 143358K->10831K(153600K), 0.0172034 secs] 303918K->171390K(494976K), 0.0172722 secs] [Times: user=0.02 sys=0.00, real=0.01 secs] 
2018-03-29T15:13:03.021+0000: 333.335: [GC (Allocation Failure) 2018-03-29T15:13:03.021+0000: 333.335: [DefNew: 147407K->6792K(153600K), 0.0146146 secs] 307966K->169640K(494976K), 0.0146894 secs] [Times: user=0.00 sys=0.00, real=0.01 secs] 
2018-03-29T15:13:08.575+0000: 338.890: [GC (Allocation Failure) 2018-03-29T15:13:08.575+0000: 338.890: [DefNew: 143368K->8708K(153600K), 0.0128601 secs] 306216K->171556K(494976K), 0.0129344 secs] [Times: user=0.01 sys=0.00, real=0.02 secs] 
2018-03-29T15:13:14.541+0000: 344.856: [GC (Allocation Failure) 2018-03-29T15:13:14.541+0000: 344.856: [DefNew: 145284K->8138K(153600K), 0.0135320 secs] 308132K->172109K(494976K), 0.0136010 secs] [Times: user=0.02 sys=0.00, real=0.01 secs] 
2018-03-29T15:13:19.879+0000: 350.193: [GC (Allocation Failure) 2018-03-29T15:13:19.879+0000: 350.193: [DefNew: 143336K->9145K(153600K), 0.0248666 secs] 307307K->173116K(494976K), 0.0249461 secs] [Times: user=0.02 sys=0.00, real=0.03 secs] 
2018-03-29T15:13:25.304+0000: 355.618: [GC (Allocation Failure) 2018-03-29T15:13:25.304+0000: 355.618: [DefNew: 145721K->9207K(153600K), 0.0136052 secs] 309692K->174012K(494976K), 0.0136752 secs] [Times: user=0.01 sys=0.00, real=0.01 secs] 
2018-03-29T15:13:30.715+0000: 361.030: [GC (Allocation Failure) 2018-03-29T15:13:30.716+0000: 361.030: [DefNew: 145783K->10516K(153600K), 0.0171785 secs] 310588K->176349K(494976K), 0.0172622 secs] [Times: user=0.02 sys=0.00, real=0.02 secs] 
2018-03-29T15:13:35.740+0000: 366.054: [GC (Allocation Failure) 2018-03-29T15:13:35.740+0000: 366.054: [DefNew: 147092K->11939K(153600K), 0.0204680 secs] 312925K->179603K(494976K), 0.0205398 secs] [Times: user=0.02 sys=0.00, real=0.02 secs] 
2018-03-29T15:13:40.750+0000: 371.064: [GC (Allocation Failure) 2018-03-29T15:13:40.750+0000: 371.064: [DefNew: 148384K->9399K(153600K), 0.0325265 secs] 316048K->179829K(494976K), 0.0326033 secs] [Times: user=0.02 sys=0.01, real=0.03 secs] 
2018-03-29T15:13:46.714+0000: 377.028: [GC (Allocation Failure) 2018-03-29T15:13:46.714+0000: 377.028: [DefNew: 145975K->6894K(153600K), 0.0127925 secs] 316405K->178844K(494976K), 0.0128626 secs] [Times: user=0.01 sys=0.00, real=0.01 secs] 
2018-03-29T15:13:51.792+0000: 382.106: [GC (Allocation Failure) 2018-03-29T15:13:51.792+0000: 382.106: [DefNew: 138306K->8400K(153600K), 0.0123348 secs] 310256K->180350K(494976K), 0.0124143 secs] [Times: user=0.01 sys=0.00, real=0.01 secs] 
2018-03-29T15:13:56.789+0000: 387.103: [GC (Allocation Failure) 2018-03-29T15:13:56.789+0000: 387.103: [DefNew: 137194K->9493K(153600K), 0.0134326 secs] 309143K->181443K(494976K), 0.0135046 secs] [Times: user=0.02 sys=0.00, real=0.01 secs] 
2018-03-29T15:14:01.725+0000: 392.040: [GC (Allocation Failure) 2018-03-29T15:14:01.725+0000: 392.040: [DefNew: 146069K->11359K(153600K), 0.0336936 secs] 318019K->184173K(494976K), 0.0337726 secs] [Times: user=0.03 sys=0.00, real=0.03 secs] 
2018-03-29T15:14:07.719+0000: 398.033: [GC (Allocation Failure) 2018-03-29T15:14:07.719+0000: 398.033: [DefNew: 147935K->7942K(153600K), 0.0163246 secs] 320749K->184108K(494976K), 0.0163933 secs] [Times: user=0.02 sys=0.00, real=0.02 secs] 
2018-03-29T15:14:12.722+0000: 403.037: [GC (Allocation Failure) 2018-03-29T15:14:12.722+0000: 403.037: [DefNew: 144518K->10701K(153600K), 0.0152628 secs] 320684K->186867K(494976K), 0.0153517 secs] [Times: user=0.02 sys=0.00, real=0.01 secs] 
2018-03-29T15:14:17.794+0000: 408.109: [GC (Allocation Failure) 2018-03-29T15:14:17.795+0000: 408.109: [DefNew: 143002K->7324K(153600K), 0.0138264 secs] 319168K->186212K(494976K), 0.0139077 secs] [Times: user=0.01 sys=0.00, real=0.02 secs] 
2018-03-29T15:14:22.711+0000: 413.025: [GC (Allocation Failure) 2018-03-29T15:14:22.711+0000: 413.025: [DefNew: 143900K->9224K(153600K), 0.0128906 secs] 322788K->188113K(494976K), 0.0129590 secs] [Times: user=0.01 sys=0.00, real=0.01 secs] 
2018-03-29T15:14:27.073+0000: 417.387: [GC (Allocation Failure) 2018-03-29T15:14:27.073+0000: 417.387: [DefNew: 145800K->8922K(153600K), 0.0287157 secs] 324689K->189010K(494976K), 0.0287981 secs] [Times: user=0.02 sys=0.00, real=0.03 secs] 
2018-03-29T15:14:32.727+0000: 423.041: [GC (Allocation Failure) 2018-03-29T15:14:32.727+0000: 423.041: [DefNew: 145498K->10166K(153600K), 0.0243320 secs] 325586K->191100K(494976K), 0.0244104 secs] [Times: user=0.03 sys=0.00, real=0.03 secs] 
2018-03-29T15:14:37.720+0000: 428.034: [GC (Allocation Failure) 2018-03-29T15:14:37.720+0000: 428.034: [DefNew: 146742K->8511K(153600K), 0.0168459 secs] 327676K->192315K(494976K), 0.0169276 secs] [Times: user=0.01 sys=0.01, real=0.02 secs] 
2018-03-29T15:14:42.685+0000: 432.999: [GC (Allocation Failure) 2018-03-29T15:14:42.685+0000: 432.999: [DefNew: 145087K->9352K(153600K), 0.0131626 secs] 328891K->193156K(494976K), 0.0132320 secs] [Times: user=0.01 sys=0.00, real=0.01 secs] 
2018-03-29T15:14:47.280+0000: 437.594: [GC (Allocation Failure) 2018-03-29T15:14:47.280+0000: 437.594: [DefNew: 145928K->9319K(153600K), 0.0145331 secs] 329732K->194342K(494976K), 0.0146111 secs] [Times: user=0.01 sys=0.00, real=0.01 secs] 
2018-03-29T15:14:51.798+0000: 442.112: [GC (Allocation Failure) 2018-03-29T15:14:51.798+0000: 442.112: [DefNew: 135955K->9173K(153600K), 0.0140994 secs] 320979K->195290K(494976K), 0.0141733 secs] [Times: user=0.02 sys=0.00, real=0.02 secs] 
2018-03-29T15:14:55.812+0000: 446.127: [GC (Allocation Failure) 2018-03-29T15:14:55.812+0000: 446.127: [DefNew: 140633K->8300K(153600K), 0.0128710 secs] 326751K->195801K(494976K), 0.0129363 secs] [Times: user=0.02 sys=0.00, real=0.01 secs] 
2018-03-29T15:15:00.803+0000: 451.117: [GC (Allocation Failure) 2018-03-29T15:15:00.803+0000: 451.117: [DefNew: 138464K->9501K(153600K), 0.0119624 secs] 325965K->197001K(494976K), 0.0120313 secs] [Times: user=0.02 sys=0.00, real=0.01 secs] 
2018-03-29T15:15:04.815+0000: 455.129: [GC (Allocation Failure) 2018-03-29T15:15:04.815+0000: 455.129: [DefNew: 137434K->9161K(153600K), 0.0136764 secs] 324935K->197789K(494976K), 0.0137465 secs] [Times: user=0.01 sys=0.00, real=0.02 secs] 
2018-03-29T15:15:09.779+0000: 460.094: [GC (Allocation Failure) 2018-03-29T15:15:09.780+0000: 460.094: [DefNew: 145737K->13108K(153600K), 0.0205442 secs] 334365K->202737K(494976K), 0.0206163 secs] [Times: user=0.02 sys=0.00, real=0.03 secs] 
2018-03-29T15:15:13.805+0000: 464.119: [GC (Allocation Failure) 2018-03-29T15:15:13.805+0000: 464.119: [DefNew: 145590K->7430K(153600K), 0.0148462 secs] 335219K->200249K(494976K), 0.0149248 secs] [Times: user=0.02 sys=0.00, real=0.02 secs] 
2018-03-29T15:15:18.475+0000: 468.789: [GC (Allocation Failure) 2018-03-29T15:15:18.475+0000: 468.789: [DefNew: 144006K->9084K(153600K), 0.0120646 secs] 336825K->201903K(494976K), 0.0121298 secs] [Times: user=0.01 sys=0.00, real=0.01 secs] 
2018-03-29T15:15:23.543+0000: 473.857: [GC (Allocation Failure) 2018-03-29T15:15:23.543+0000: 473.857: [DefNew: 145660K->8873K(153600K), 0.0131160 secs] 338479K->202800K(494976K), 0.0131832 secs] [Times: user=0.01 sys=0.00, real=0.01 secs] 
2018-03-29T15:15:28.820+0000: 479.134: [GC (Allocation Failure) 2018-03-29T15:15:28.820+0000: 479.134: [DefNew: 144531K->8107K(153600K), 0.0119491 secs] 338459K->203560K(494976K), 0.0120216 secs] [Times: user=0.01 sys=0.00, real=0.02 secs] 
2018-03-29T15:15:32.942+0000: 483.257: [GC (Allocation Failure) 2018-03-29T15:15:32.942+0000: 483.257: [DefNew: 138803K->9912K(153600K), 0.0207228 secs] 334256K->205365K(494976K), 0.0208047 secs] [Times: user=0.02 sys=0.00, real=0.02 secs] 
2018-03-29T15:15:37.724+0000: 488.038: [GC (Allocation Failure) 2018-03-29T15:15:37.724+0000: 488.038: [DefNew: 146427K->10099K(153600K), 0.0169577 secs] 341879K->207671K(494976K), 0.0170320 secs] [Times: user=0.02 sys=0.00, real=0.02 secs] 
2018-03-29T15:15:41.832+0000: 492.147: [GC (Allocation Failure) 2018-03-29T15:15:41.832+0000: 492.147: [DefNew: 136566K->6909K(153600K), 0.0133536 secs] 334138K->207230K(494976K), 0.0134177 secs] [Times: user=0.02 sys=0.00, real=0.01 secs] 
2018-03-29T15:15:46.737+0000: 497.051: [GC (Allocation Failure) 2018-03-29T15:15:46.737+0000: 497.051: [DefNew: 143485K->11960K(153600K), 0.0166956 secs] 343806K->212280K(494976K), 0.0167659 secs] [Times: user=0.02 sys=0.00, real=0.02 secs] 
2018-03-29T15:15:50.729+0000: 501.043: [GC (Allocation Failure) 2018-03-29T15:15:50.729+0000: 501.043: [DefNew: 148536K->9778K(153600K), 0.0334537 secs] 348856K->212934K(494976K), 0.0335176 secs] [Times: user=0.04 sys=0.00, real=0.03 secs] 
2018-03-29T15:15:55.140+0000: 505.454: [GC (Allocation Failure) 2018-03-29T15:15:55.140+0000: 505.454: [DefNew: 146354K->7900K(153600K), 0.0245263 secs] 349510K->212414K(494976K), 0.0245866 secs] [Times: user=0.02 sys=0.00, real=0.02 secs] 
2018-03-29T15:15:59.809+0000: 510.123: [GC (Allocation Failure) 2018-03-29T15:15:59.809+0000: 510.123: [DefNew: 132436K->9382K(153600K), 0.0120252 secs] 336950K->213896K(494976K), 0.0120914 secs] [Times: user=0.01 sys=0.00, real=0.01 secs] 
2018-03-29T15:16:04.557+0000: 514.872: [GC (Allocation Failure) 2018-03-29T15:16:04.557+0000: 514.872: [DefNew: 145958K->8562K(153600K), 0.0142452 secs] 350472K->215173K(494976K), 0.0143375 secs] [Times: user=0.01 sys=0.00, real=0.02 secs] 
2018-03-29T15:16:08.816+0000: 519.130: [GC (Allocation Failure) 2018-03-29T15:16:08.816+0000: 519.130: [DefNew: 143777K->8823K(153600K), 0.0140362 secs] 350387K->216759K(494976K), 0.0141091 secs] [Times: user=0.02 sys=0.00, real=0.02 secs] 
2018-03-29T15:16:12.731+0000: 523.046: [GC (Allocation Failure) 2018-03-29T15:16:12.731+0000: 523.046: [DefNew: 145399K->11882K(153600K), 0.0186136 secs] 353335K->220957K(494976K), 0.0187162 secs] [Times: user=0.02 sys=0.00, real=0.02 secs] 
2018-03-29T15:16:16.816+0000: 527.130: [GC (Allocation Failure) 2018-03-29T15:16:16.816+0000: 527.130: [DefNew: 137719K->7624K(153600K), 0.0141953 secs] 346794K->219959K(494976K), 0.0142741 secs] [Times: user=0.01 sys=0.00, real=0.02 secs] 
2018-03-29T15:16:20.970+0000: 531.284: [GC (Allocation Failure) 2018-03-29T15:16:20.970+0000: 531.284: [DefNew: 144200K->17024K(153600K), 0.0587399 secs] 356535K->234515K(494976K), 0.0587991 secs] [Times: user=0.06 sys=0.00, real=0.06 secs] 
15:16:21.040 [Client] INFO  c.s.f.r.e.s.SocketRear  - FlameSocketGraphDeployerRear@10.0.0.102: has been disconnected from Connection 3
15:16:33.131 [worker-akka.actor.default-dispatcher-12] INFO  a.a.CoordinatedShutdown CoordinatedShutdown(akka://worker) - Starting coordinated shutdown from JVM shutdown hook
15:16:33.155 [worker-akka.actor.default-dispatcher-16] INFO  a.a.LocalActorRef akka://worker/user/watcher/graph_at_0/negotiator - Stopped
15:16:33.155 [worker-akka.actor.default-dispatcher-16] INFO  a.a.LocalActorRef akka://worker/user/watcher/graph_at_0/graph/$a - Stopped
15:16:33.155 [worker-akka.actor.default-dispatcher-16] INFO  a.a.LocalActorRef akka://worker/user/watcher/graph_at_0/graph/$b - Stopped
15:16:33.155 [worker-akka.actor.default-dispatcher-16] INFO  a.a.LocalActorRef akka://worker/user/watcher/graph_at_0/graph/$c - Stopped
15:16:33.155 [worker-akka.actor.default-dispatcher-16] INFO  a.a.LocalActorRef akka://worker/user/watcher/graph_at_0/graph/local-acker/$a - Stopped
15:16:33.155 [worker-akka.actor.default-dispatcher-16] INFO  a.a.LocalActorRef akka://worker/user/watcher/graph_at_0/edge/FlameSocketGraphDeployerFront - Stopped
15:16:33.158 [worker-akka.actor.default-dispatcher-2] INFO  a.a.LocalActorRef akka://worker/user/watcher/graph_at_0/edge/FlameSocketGraphDeployerRear - Stopped
15:16:33.160 [worker-akka.actor.default-dispatcher-3] INFO  a.a.LocalActorRef akka://worker/user/watcher/graph_at_0/graph/local-acker/$a - Message [com.spbsu.flamestream.runtime.utils.akka.PingActor$InnerPing] from Actor[akka://worker/user/watcher/graph_at_0/graph/local-acker/$a#-704670982] to Actor[akka://worker/user/watcher/graph_at_0/graph/local-acker/$a#-704670982] was not delivered. [1] dead letters encountered. This logging can be turned off or adjusted with configuration settings 'akka.log-dead-letters' and 'akka.log-dead-letters-during-shutdown'.
15:16:33.161 [worker-akka.actor.default-dispatcher-2] INFO  a.a.LocalActorRef akka://worker/user/watcher/graph_at_0/edge - Stopped
15:16:33.165 [worker-akka.actor.default-dispatcher-2] INFO  a.a.LocalActorRef akka://worker/user/watcher/graph_at_0/graph/local-acker - Stopped
15:16:33.165 [worker-akka.actor.default-dispatcher-2] INFO  a.a.LocalActorRef akka://worker/user/watcher/graph_at_0/graph - Stopped
15:16:33.165 [worker-akka.actor.default-dispatcher-2] INFO  a.a.LocalActorRef akka://worker/user/watcher/graph_at_0 - Stopped
15:16:33.166 [worker-akka.actor.default-dispatcher-2] INFO  a.a.LocalActorRef akka://worker/user/watcher/graph_at_0/graph/local-acker/$a - Message [com.spbsu.flamestream.runtime.utils.akka.PingActor$Stop] from Actor[akka://worker/user/watcher/graph_at_0/graph/local-acker#-1212827120] to Actor[akka://worker/user/watcher/graph_at_0/graph/local-acker/$a#-704670982] was not delivered. [2] dead letters encountered. This logging can be turned off or adjusted with configuration settings 'akka.log-dead-letters' and 'akka.log-dead-letters-during-shutdown'.
15:16:33.166 [worker-akka.actor.default-dispatcher-3] INFO  a.a.RepointableActorRef akka://worker/user/watcher - Stopped
15:16:33.167 [worker-akka.actor.default-dispatcher-3-EventThread] INFO  o.a.z.ClientCnxn  - EventThread shut down for session: 0x162724b934d0008
15:16:33.167 [worker-akka.actor.default-dispatcher-4] INFO  o.a.z.ZooKeeper  - Session: 0x162724b934d0008 closed
15:16:33.176 [worker-akka.actor.default-dispatcher-4] INFO  a.r.RemoteActorRefProvider$RemotingTerminator akka://worker@10.0.0.102:5412/system/remoting-terminator - Shutting down remote daemon.
15:16:33.176 [worker-akka.actor.default-dispatcher-4] INFO  a.r.RemoteActorRefProvider$RemotingTerminator akka://worker@10.0.0.102:5412/system/remoting-terminator - Remote daemon shut down; proceeding with flushing remote transports.
15:16:34.339 [worker-akka.actor.default-dispatcher-3] INFO  a.r.RemoteActorRefProvider$RemotingTerminator akka://worker@10.0.0.102:5412/system/remoting-terminator - Remoting shut down.
Heap
 def new generation   total 153600K, used 52027K [0x00000000e0c00000, 0x00000000eb2a0000, 0x00000000eb2a0000)
  eden space 136576K,  25% used [0x00000000e0c00000, 0x00000000e2e2efc0, 0x00000000e9160000)
  from space 17024K, 100% used [0x00000000ea200000, 0x00000000eb2a0000, 0x00000000eb2a0000)
  to   space 17024K,   0% used [0x00000000e9160000, 0x00000000e9160000, 0x00000000ea200000)
 tenured generation   total 341376K, used 217491K [0x00000000eb2a0000, 0x0000000100000000, 0x0000000100000000)
   the space 341376K,  63% used [0x00000000eb2a0000, 0x00000000f8704dd8, 0x00000000f8704e00, 0x0000000100000000)
 Metaspace       used 34407K, capacity 35288K, committed 35456K, reserved 1079296K
  class space    used 4531K, capacity 4703K, committed 4736K, reserved 1048576K
