12:29:36.303 [worker-akka.actor.default-dispatcher-2] INFO  a.e.s.Slf4jLogger  - Slf4jLogger started
2018-02-19T12:29:36.458+0000: 2.522: [Full GC (Metadata GC Threshold) 2018-02-19T12:29:36.458+0000: 2.522: [Tenured: 0K->15491K(341376K), 0.0364628 secs] 117538K->15491K(494976K), [Metaspace: 20934K->20934K(1067008K)], 0.0365216 secs] [Times: user=0.04 sys=0.00, real=0.04 secs] 
Ama winner
Ama winner
12:29:36.893 [worker-akka.actor.default-dispatcher-2] INFO  a.r.a.ArteryTransport(akka://worker) akka.remote.artery.ArteryTransport(akka://worker) - Started embedded media driver in directory [/dev/shm/aeron-root-worker-2366eaa4-2b7b-4c5c-810a-f57cae09595e]
12:29:37.106 [worker-akka.actor.default-dispatcher-2] INFO  a.r.a.ArteryTransport(akka://worker) akka.remote.artery.ArteryTransport(akka://worker) - Remoting started; listening on address: [akka://worker@172.31.34.169:5412] with UID [835033750296808714]
12:29:37.204 [worker-akka.actor.default-dispatcher-2] INFO  o.a.z.ZooKeeper  - Client environment:zookeeper.version=3.4.9-1757313, built on 08/23/2016 06:50 GMT
12:29:37.204 [worker-akka.actor.default-dispatcher-2] INFO  o.a.z.ZooKeeper  - Client environment:host.name=ip-172-31-34-169.us-east-2.compute.internal
12:29:37.205 [worker-akka.actor.default-dispatcher-2] INFO  o.a.z.ZooKeeper  - Client environment:java.version=1.8.0_151
12:29:37.205 [worker-akka.actor.default-dispatcher-2] INFO  o.a.z.ZooKeeper  - Client environment:java.vendor=Oracle Corporation
12:29:37.205 [worker-akka.actor.default-dispatcher-2] INFO  o.a.z.ZooKeeper  - Client environment:java.home=/usr/lib/jvm/java-8-openjdk-amd64/jre
12:29:37.205 [worker-akka.actor.default-dispatcher-2] INFO  o.a.z.ZooKeeper  - Client environment:java.class.path=lib/commons-cli-1.4.jar:lib/minlog-1.3.0.jar:lib/asm-5.0.4.jar:lib/hadoop-annotations-2.7.3.jar:lib/hadoop-auth-2.7.3.jar:lib/akka-slf4j_2.11-2.5.6.jar:lib/jersey-core-1.9.jar:lib/lz4-1.3.0.jar:lib/jackson-core-asl-1.9.13.jar:lib/aeron-client-1.3.0.jar:lib/htrace-core-3.1.0-incubating.jar:lib/xz-1.0.jar:lib/commons-httpclient-3.1.jar:lib/asm-3.1.jar:lib/commons-lang3-3.4.jar:lib/scala-library-2.11.11.jar:lib/scala-java8-compat_2.11-0.7.0.jar:lib/commons-configuration-1.6.jar:lib/objenesis-2.1.jar:lib/jackson-annotations-2.8.0.jar:lib/jsr305-3.0.0.jar:lib/curator-framework-2.7.1.jar:lib/jersey-server-1.9.jar:lib/jets3t-0.9.0.jar:lib/leveldb-0.7.jar:lib/jetty-6.1.26.jar:lib/stax-api-1.0-2.jar:lib/flamestream-core-1.0-SNAPSHOT.jar:lib/reflectasm-1.07-shaded.jar:lib/apacheds-kerberos-codec-2.0.0-M15.jar:lib/api-asn1-api-1.0.0-M20.jar:lib/commons-lang-2.6.jar:lib/commons-beanutils-1.7.0.jar:lib/jackson-xc-1.8.3.jar:lib/jetty-util-6.1.26.jar:lib/logback-classic-1.2.3.jar:lib/jool-0.9.12.jar:lib/flamestream-runtime-1.0-SNAPSHOT-tests.jar:lib/httpcore-4.1.2.jar:lib/kryo-4.0.0.jar:lib/ant-1.8.1.jar:lib/jaxb-impl-2.2.3-1.jar:lib/jersey-json-1.9.jar:lib/commons-compress-1.4.1.jar:lib/leveldbjni-all-1.8.jar:lib/paranamer-2.3.jar:lib/jackson-core-2.8.4.jar:lib/commons-math3-3.6.1.jar:lib/scala-parser-combinators_2.11-1.0.4.jar:lib/netty-3.10.6.Final.jar:lib/trove4j-3.0.3.jar:lib/jaxb-api-2.2.2.jar:lib/logback-core-1.2.3.jar:lib/snappy-java-1.0.4.1.jar:lib/protobuf-java-2.5.0.jar:lib/reactive-streams-1.0.1.jar:lib/flamestream-examples-1.0-SNAPSHOT.jar:lib/commons-codec-1.4.jar:lib/activation-1.1.jar:lib/commons-net-3.1.jar:lib/curator-recipes-2.7.1.jar:lib/jackson-mapper-asl-1.9.13.jar:lib/jackson-databind-2.8.4.jar:lib/flamestream-runtime-1.0-SNAPSHOT.jar:lib/jackson-jaxrs-1.8.3.jar:lib/slf4j-api-1.7.24.jar:lib/akka-remote_2.11-2.5.6.jar:lib/akka-testkit_2.11-2.5.6.jar:lib/jline-0.9.94.jar:lib/akka-stream_2.11-2.5.6.jar:lib/jsp-api-2.1.jar:lib/kryonet-2.21.jar:lib/akka-kryo-serialization_2.11-0.5.0.jar:lib/config-1.3.1.jar:lib/ant-launcher-1.8.1.jar:lib/commons-logging-1.2.jar:lib/ssl-config-core_2.11-0.2.2.jar:lib/testng-6.10.jar:lib/leveldb-api-0.7.jar:lib/reflectasm-1.11.3.jar:lib/jcommander-1.48.jar:lib/commons-1.1.jar:lib/commons-digester-1.8.jar:lib/minlog-1.2.jar:lib/java-xmlbuilder-0.4.jar:lib/jettison-1.1.jar:lib/gson-2.2.4.jar:lib/jdk.tools-1.8.jar:lib/aeron-driver-1.3.0.jar:lib/zookeeper-3.4.9.jar:lib/commons-beanutils-core-1.8.0.jar:lib/commons-math3-3.1.1.jar:lib/akka-actor_2.11-2.5.6.jar:lib/curator-client-2.7.1.jar:lib/servlet-api-2.5.jar:lib/apacheds-i18n-2.0.0-M15.jar:lib/commons-io-2.4.jar:lib/commons-codec-1.6.jar:lib/akka-protobuf_2.11-2.5.6.jar:lib/protobuf-java-3.5.1.jar:lib/jdom-2.0.2.jar:lib/api-util-1.0.0-M20.jar:lib/hadoop-common-2.7.3.jar:lib/agrona-0.9.6.jar:lib/xmlenc-0.52.jar:lib/guava-21.0.jar:lib/commons-collections-3.2.2.jar:lib/avro-1.7.4.jar:lib/httpclient-4.1.2.jar:lib/flamestream-core-1.0-SNAPSHOT-tests.jar:lib/annotations-12.0.jar:lib/jsch-0.1.42.jar:flamestream-runtime-1.0-SNAPSHOT.jar
12:29:37.205 [worker-akka.actor.default-dispatcher-2] INFO  o.a.z.ZooKeeper  - Client environment:java.library.path=/usr/java/packages/lib/amd64:/usr/lib/x86_64-linux-gnu/jni:/lib/x86_64-linux-gnu:/usr/lib/x86_64-linux-gnu:/usr/lib/jni:/lib:/usr/lib
12:29:37.205 [worker-akka.actor.default-dispatcher-2] INFO  o.a.z.ZooKeeper  - Client environment:java.io.tmpdir=/tmp
12:29:37.205 [worker-akka.actor.default-dispatcher-2] INFO  o.a.z.ZooKeeper  - Client environment:java.compiler=<NA>
12:29:37.205 [worker-akka.actor.default-dispatcher-2] INFO  o.a.z.ZooKeeper  - Client environment:os.name=Linux
12:29:37.205 [worker-akka.actor.default-dispatcher-2] INFO  o.a.z.ZooKeeper  - Client environment:os.arch=amd64
12:29:37.205 [worker-akka.actor.default-dispatcher-2] INFO  o.a.z.ZooKeeper  - Client environment:os.version=4.4.0-1049-aws
12:29:37.205 [worker-akka.actor.default-dispatcher-2] INFO  o.a.z.ZooKeeper  - Client environment:user.name=root
12:29:37.206 [worker-akka.actor.default-dispatcher-2] INFO  o.a.z.ZooKeeper  - Client environment:user.home=/root
12:29:37.207 [worker-akka.actor.default-dispatcher-2] INFO  o.a.z.ZooKeeper  - Client environment:user.dir=/opt/flamestream
12:29:37.210 [worker-akka.actor.default-dispatcher-2] INFO  o.a.z.ZooKeeper  - Initiating client connection, connectString=172.31.34.147:2181 sessionTimeout=5000 watcher=com.spbsu.flamestream.runtime.application.LifecycleWatcher$$Lambda$29/2091173542@1b48f905
12:29:37.243 [worker-akka.actor.default-dispatcher-2] INFO  a.a.RepointableActorRef akka://worker/user/watcher - Starting...
12:29:37.247 [worker-akka.actor.default-dispatcher-2-SendThread(172.31.34.147:2181)] INFO  o.a.z.ClientCnxn  - Opening socket connection to server 172.31.34.147/172.31.34.147:2181. Will not attempt to authenticate using SASL (unknown error)
12:29:37.251 [worker-akka.actor.default-dispatcher-2-SendThread(172.31.34.147:2181)] INFO  o.a.z.ClientCnxn  - Socket connection established to 172.31.34.147/172.31.34.147:2181, initiating session
12:29:37.259 [worker-akka.actor.default-dispatcher-2-SendThread(172.31.34.147:2181)] INFO  o.a.z.ClientCnxn  - Session establishment complete on server 172.31.34.147/172.31.34.147:2181, sessionid = 0x161ae09abc60009, negotiated timeout = 6000
12:29:37.354 [worker-akka.actor.default-dispatcher-2] INFO  a.a.RepointableActorRef akka://worker/user/watcher - Connected to ZK
12:29:46.730 [worker-akka.actor.default-dispatcher-2] INFO  a.a.RepointableActorRef akka://worker/user/watcher - Creating node with watchGraphs: 'com.spbsu.flamestream.core.Graph$Builder$MyGraph@22aae96d', config: 'ClusterConfig{paths={172.31.33.155=akka://worker@172.31.33.155:5412/user/watcher/graph0000000000, 172.31.47.83=akka://worker@172.31.47.83:5412/user/watcher/graph0000000000, 172.31.45.197=akka://worker@172.31.45.197:5412/user/watcher/graph0000000000, 172.31.42.36=akka://worker@172.31.42.36:5412/user/watcher/graph0000000000, 172.31.44.83=akka://worker@172.31.44.83:5412/user/watcher/graph0000000000, 172.31.39.64=akka://worker@172.31.39.64:5412/user/watcher/graph0000000000, 172.31.35.79=akka://worker@172.31.35.79:5412/user/watcher/graph0000000000, 172.31.34.169=akka://worker@172.31.34.169:5412/user/watcher/graph0000000000, 172.31.47.100=akka://worker@172.31.47.100:5412/user/watcher/graph0000000000, 172.31.37.101=akka://worker@172.31.37.101:5412/user/watcher/graph0000000000}, ackerLocation='172.31.35.79', props=ComputationLayout{ranges={172.31.33.155=HashRange{from=-1670265060, to=-1193046472}, 172.31.47.83=HashRange{from=1670265056, to=2147483644}, 172.31.45.197=HashRange{from=-715827884, to=-238609296}, 172.31.42.36=HashRange{from=1193046468, to=1670265056}, 172.31.44.83=HashRange{from=-238609296, to=238609292}, 172.31.39.64=HashRange{from=715827880, to=1193046468}, 172.31.35.79=HashRange{from=0, to=0}, 172.31.34.169=HashRange{from=-2147483648, to=-1670265060}, 172.31.47.100=HashRange{from=238609292, to=715827880}, 172.31.37.101=HashRange{from=-1193046472, to=-715827884}}}}'
12:29:47.584 [worker-akka.actor.default-dispatcher-2] INFO  a.a.LocalActorRef akka://worker/user/watcher/graph0000000000/graph - Starting...
12:29:47.585 [worker-akka.actor.default-dispatcher-2] INFO  a.a.LocalActorRef akka://worker/user/watcher/graph0000000000/graph/local-acker/$a - Starting...
12:29:47.585 [worker-akka.actor.default-dispatcher-2] INFO  a.a.LocalActorRef akka://worker/user/watcher/graph0000000000/graph/local-acker - Starting...
Warning: space is running low in /dev/shm (tmpfs) threshold=167,772,160 usable=158,621,696
Warning: space is running low in /dev/shm (tmpfs) threshold=167,772,160 usable=146,034,688
Warning: space is running low in /dev/shm (tmpfs) threshold=167,772,160 usable=133,447,680
Warning: space is running low in /dev/shm (tmpfs) threshold=167,772,160 usable=120,860,672
Warning: space is running low in /dev/shm (tmpfs) threshold=167,772,160 usable=108,273,664
Warning: space is running low in /dev/shm (tmpfs) threshold=167,772,160 usable=95,686,656
Warning: space is running low in /dev/shm (tmpfs) threshold=167,772,160 usable=83,099,648
Warning: space is running low in /dev/shm (tmpfs) threshold=167,772,160 usable=70,512,640
12:29:49.271 [worker-akka.actor.default-dispatcher-2] INFO  a.a.LocalActorRef akka://worker/user/watcher/graph0000000000/graph - Finishing constructor
12:29:49.272 [worker-akka.actor.default-dispatcher-2] INFO  a.a.LocalActorRef akka://worker/user/watcher/graph0000000000 - Starting...
12:29:49.273 [worker-akka.actor.default-dispatcher-2] INFO  a.a.LocalActorRef akka://worker/user/watcher/graph0000000000/negotiator - Starting...
12:29:49.274 [worker-akka.actor.default-dispatcher-2] INFO  a.a.LocalActorRef akka://worker/user/watcher/graph0000000000/edge - Starting...
12:29:49.354 [worker-akka.actor.default-dispatcher-2] INFO  c.s.f.r.e.s.SocketRear  - FlameSocketGraphDeployerRear@172.31.34.169: connecting to 172.31.34.147:5678
12:29:49.362 [worker-akka.actor.default-dispatcher-2] INFO  c.s.f.r.e.s.SocketRear  - FlameSocketGraphDeployerRear@172.31.34.169: connected to 172.31.34.147:5678
12:29:49.389 [worker-akka.actor.default-dispatcher-2] INFO  a.a.LocalActorRef akka://worker/user/watcher/graph0000000000/graph/$a - Starting...
12:29:49.390 [worker-akka.actor.default-dispatcher-2] INFO  a.a.LocalActorRef akka://worker/user/watcher/graph0000000000/graph/$b - Starting...
12:29:49.392 [worker-akka.actor.default-dispatcher-2] INFO  a.a.LocalActorRef akka://worker/user/watcher/graph0000000000/graph/$c - Starting...
12:29:49.393 [worker-akka.actor.default-dispatcher-2] INFO  a.a.LocalActorRef akka://worker/user/watcher/graph0000000000/edge/FlameSocketGraphDeployerRear - Starting...
12:29:49.394 [worker-akka.actor.default-dispatcher-2] INFO  a.a.LocalActorRef akka://worker/user/watcher/graph0000000000/edge/FlameSocketGraphDeployerFront - Starting...
12:29:49.395 [worker-akka.actor.default-dispatcher-2] INFO  a.a.LocalActorRef akka://worker/user/watcher/graph0000000000/negotiator - Requesting ticket for the frontClass FlameSocketGraphDeployerFront@172.31.34.169
12:29:49.405 [worker-akka.actor.default-dispatcher-2] INFO  a.a.LocalActorRef akka://worker/user/watcher/graph0000000000/negotiator - Ticket for the frontClass received: FrontTicket{allowedTimestamp=(1519043386735, FlameSocketGraphDeployerFront@172.31.34.169)}
12:29:49.407 [worker-akka.actor.default-dispatcher-2] INFO  c.s.f.r.e.s.SocketFront  - FlameSocketGraphDeployerFront@172.31.34.169: connecting to 172.31.34.147:4567
12:29:49.418 [Client] INFO  c.s.f.r.e.s.SocketFront  - FlameSocketGraphDeployerFront@172.31.34.169 has been disconnected from Connection 8
2018-02-19T12:29:54.091+0000: 20.156: [GC (Allocation Failure) 2018-02-19T12:29:54.091+0000: 20.156: [DefNew: 136576K->15135K(153600K), 0.0239234 secs] 152067K->50158K(494976K), 0.0239837 secs] [Times: user=0.00 sys=0.02, real=0.02 secs] 
2018-02-19T12:30:23.249+0000: 49.314: [GC (Allocation Failure) 2018-02-19T12:30:23.249+0000: 49.314: [DefNew: 151711K->3470K(153600K), 0.0189714 secs] 186734K->46101K(494976K), 0.0190360 secs] [Times: user=0.02 sys=0.01, real=0.02 secs] 
2018-02-19T12:30:53.575+0000: 79.639: [GC (Allocation Failure) 2018-02-19T12:30:53.575+0000: 79.639: [DefNew: 140046K->5686K(153600K), 0.0116579 secs] 182677K->48316K(494976K), 0.0117173 secs] [Times: user=0.01 sys=0.00, real=0.01 secs] 
2018-02-19T12:31:22.806+0000: 108.870: [GC (Allocation Failure) 2018-02-19T12:31:22.806+0000: 108.870: [DefNew: 142262K->7239K(153600K), 0.0159538 secs] 184892K->49869K(494976K), 0.0160174 secs] [Times: user=0.01 sys=0.00, real=0.02 secs] 
2018-02-19T12:31:49.838+0000: 135.903: [GC (Allocation Failure) 2018-02-19T12:31:49.838+0000: 135.903: [DefNew: 143815K->8732K(153600K), 0.0147829 secs] 186445K->51363K(494976K), 0.0148512 secs] [Times: user=0.02 sys=0.00, real=0.02 secs] 
2018-02-19T12:32:14.356+0000: 160.420: [GC (Allocation Failure) 2018-02-19T12:32:14.356+0000: 160.420: [DefNew: 145308K->8556K(153600K), 0.0164694 secs] 187939K->52610K(494976K), 0.0165315 secs] [Times: user=0.02 sys=0.00, real=0.02 secs] 
2018-02-19T12:32:39.694+0000: 185.758: [GC (Allocation Failure) 2018-02-19T12:32:39.694+0000: 185.759: [DefNew: 145132K->8532K(153600K), 0.0159311 secs] 189186K->53819K(494976K), 0.0159908 secs] [Times: user=0.02 sys=0.00, real=0.02 secs] 
2018-02-19T12:33:08.707+0000: 214.771: [GC (Allocation Failure) 2018-02-19T12:33:08.707+0000: 214.771: [DefNew: 145108K->8187K(153600K), 0.0158758 secs] 190395K->54937K(494976K), 0.0159369 secs] [Times: user=0.02 sys=0.00, real=0.01 secs] 
2018-02-19T12:33:44.353+0000: 250.418: [GC (Allocation Failure) 2018-02-19T12:33:44.353+0000: 250.418: [DefNew: 144763K->9598K(153600K), 0.0146914 secs] 191513K->56348K(494976K), 0.0147870 secs] [Times: user=0.02 sys=0.00, real=0.02 secs] 
2018-02-19T12:34:10.905+0000: 276.969: [GC (Allocation Failure) 2018-02-19T12:34:10.905+0000: 276.969: [DefNew: 146174K->9488K(153600K), 0.0171710 secs] 192924K->57415K(494976K), 0.0172335 secs] [Times: user=0.01 sys=0.00, real=0.02 secs] 
2018-02-19T12:34:36.065+0000: 302.130: [GC (Allocation Failure) 2018-02-19T12:34:36.065+0000: 302.130: [DefNew: 146064K->9279K(153600K), 0.0165907 secs] 193991K->58259K(494976K), 0.0166600 secs] [Times: user=0.01 sys=0.00, real=0.02 secs] 
2018-02-19T12:35:07.653+0000: 333.717: [GC (Allocation Failure) 2018-02-19T12:35:07.653+0000: 333.717: [DefNew: 145855K->9326K(153600K), 0.0162996 secs] 194835K->59465K(494976K), 0.0163626 secs] [Times: user=0.01 sys=0.00, real=0.02 secs] 
2018-02-19T12:35:43.029+0000: 369.093: [GC (Allocation Failure) 2018-02-19T12:35:43.029+0000: 369.093: [DefNew: 145902K->9457K(153600K), 0.0158586 secs] 196041K->60511K(494976K), 0.0159410 secs] [Times: user=0.02 sys=0.00, real=0.01 secs] 
2018-02-19T12:36:14.867+0000: 400.932: [GC (Allocation Failure) 2018-02-19T12:36:14.868+0000: 400.932: [DefNew: 146033K->9514K(153600K), 0.0171369 secs] 197087K->61897K(494976K), 0.0171982 secs] [Times: user=0.01 sys=0.01, real=0.01 secs] 
2018-02-19T12:36:42.521+0000: 428.585: [GC (Allocation Failure) 2018-02-19T12:36:42.521+0000: 428.585: [DefNew: 146090K->8660K(153600K), 0.0173734 secs] 198473K->62913K(494976K), 0.0174380 secs] [Times: user=0.02 sys=0.00, real=0.01 secs] 
2018-02-19T12:37:17.125+0000: 463.189: [GC (Allocation Failure) 2018-02-19T12:37:17.125+0000: 463.189: [DefNew: 145236K->8851K(153600K), 0.0164357 secs] 199489K->64077K(494976K), 0.0165020 secs] [Times: user=0.02 sys=0.00, real=0.02 secs] 
2018-02-19T12:37:46.713+0000: 492.777: [GC (Allocation Failure) 2018-02-19T12:37:46.713+0000: 492.777: [DefNew: 145427K->8487K(153600K), 0.0156843 secs] 200653K->64782K(494976K), 0.0157702 secs] [Times: user=0.02 sys=0.00, real=0.02 secs] 
2018-02-19T12:38:14.255+0000: 520.320: [GC (Allocation Failure) 2018-02-19T12:38:14.255+0000: 520.320: [DefNew: 145063K->9877K(153600K), 0.0159331 secs] 201358K->66172K(494976K), 0.0160008 secs] [Times: user=0.01 sys=0.00, real=0.02 secs] 
2018-02-19T12:38:45.108+0000: 551.173: [GC (Allocation Failure) 2018-02-19T12:38:45.108+0000: 551.173: [DefNew: 146453K->8939K(153600K), 0.0178275 secs] 202748K->67207K(494976K), 0.0178908 secs] [Times: user=0.02 sys=0.00, real=0.01 secs] 
2018-02-19T12:39:14.429+0000: 580.494: [GC (Allocation Failure) 2018-02-19T12:39:14.429+0000: 580.494: [DefNew: 145515K->9087K(153600K), 0.0162527 secs] 203783K->68371K(494976K), 0.0163149 secs] [Times: user=0.02 sys=0.00, real=0.01 secs] 
2018-02-19T12:39:49.077+0000: 615.141: [GC (Allocation Failure) 2018-02-19T12:39:49.077+0000: 615.141: [DefNew: 145663K->9364K(153600K), 0.0161494 secs] 204947K->69536K(494976K), 0.0162158 secs] [Times: user=0.02 sys=0.00, real=0.02 secs] 
2018-02-19T12:40:18.105+0000: 644.169: [GC (Allocation Failure) 2018-02-19T12:40:18.105+0000: 644.169: [DefNew: 145940K->9437K(153600K), 0.0164586 secs] 206112K->70631K(494976K), 0.0165228 secs] [Times: user=0.02 sys=0.00, real=0.02 secs] 
2018-02-19T12:40:42.851+0000: 668.916: [GC (Allocation Failure) 2018-02-19T12:40:42.851+0000: 668.916: [DefNew: 146013K->9395K(153600K), 0.0159771 secs] 207207K->71586K(494976K), 0.0160393 secs] [Times: user=0.01 sys=0.01, real=0.02 secs] 
2018-02-19T12:41:06.095+0000: 692.160: [GC (Allocation Failure) 2018-02-19T12:41:06.095+0000: 692.160: [DefNew: 145971K->9816K(153600K), 0.0173262 secs] 208162K->73056K(494976K), 0.0174029 secs] [Times: user=0.02 sys=0.00, real=0.02 secs] 
2018-02-19T12:41:34.666+0000: 720.730: [GC (Allocation Failure) 2018-02-19T12:41:34.666+0000: 720.730: [DefNew: 146392K->9595K(153600K), 0.0176117 secs] 209632K->74844K(494976K), 0.0176798 secs] [Times: user=0.01 sys=0.00, real=0.02 secs] 
2018-02-19T12:42:05.386+0000: 751.450: [GC (Allocation Failure) 2018-02-19T12:42:05.386+0000: 751.450: [DefNew: 146171K->9798K(153600K), 0.0164227 secs] 211420K->76165K(494976K), 0.0164850 secs] [Times: user=0.02 sys=0.00, real=0.02 secs] 
2018-02-19T12:42:33.861+0000: 779.926: [GC (Allocation Failure) 2018-02-19T12:42:33.861+0000: 779.926: [DefNew: 146374K->8007K(153600K), 0.0174042 secs] 212741K->77562K(494976K), 0.0174658 secs] [Times: user=0.00 sys=0.02, real=0.02 secs] 
2018-02-19T12:43:00.632+0000: 806.696: [GC (Allocation Failure) 2018-02-19T12:43:00.632+0000: 806.696: [DefNew: 144583K->9377K(153600K), 0.0143755 secs] 214138K->78932K(494976K), 0.0144489 secs] [Times: user=0.02 sys=0.00, real=0.01 secs] 
2018-02-19T12:43:33.204+0000: 839.268: [GC (Allocation Failure) 2018-02-19T12:43:33.204+0000: 839.268: [DefNew: 145953K->9565K(153600K), 0.0167381 secs] 215508K->80324K(494976K), 0.0168239 secs] [Times: user=0.01 sys=0.00, real=0.02 secs] 
2018-02-19T12:44:03.187+0000: 869.252: [GC (Allocation Failure) 2018-02-19T12:44:03.187+0000: 869.252: [DefNew: 146141K->9831K(153600K), 0.0212093 secs] 216900K->81739K(494976K), 0.0212807 secs] [Times: user=0.00 sys=0.02, real=0.02 secs] 
2018-02-19T12:44:32.078+0000: 898.142: [GC (Allocation Failure) 2018-02-19T12:44:32.078+0000: 898.143: [DefNew: 146407K->9009K(153600K), 0.0178616 secs] 218315K->83415K(494976K), 0.0179379 secs] [Times: user=0.01 sys=0.00, real=0.02 secs] 
2018-02-19T12:45:04.031+0000: 930.095: [GC (Allocation Failure) 2018-02-19T12:45:04.031+0000: 930.095: [DefNew: 145585K->8721K(153600K), 0.0160124 secs] 219991K->84522K(494976K), 0.0160733 secs] [Times: user=0.02 sys=0.00, real=0.02 secs] 
2018-02-19T12:45:32.030+0000: 958.095: [GC (Allocation Failure) 2018-02-19T12:45:32.030+0000: 958.095: [DefNew: 145297K->9049K(153600K), 0.0210215 secs] 221098K->86346K(494976K), 0.0210962 secs] [Times: user=0.02 sys=0.01, real=0.02 secs] 
2018-02-19T12:46:06.178+0000: 992.242: [GC (Allocation Failure) 2018-02-19T12:46:06.178+0000: 992.242: [DefNew: 145625K->8885K(153600K), 0.0149102 secs] 222922K->87520K(494976K), 0.0149831 secs] [Times: user=0.01 sys=0.00, real=0.02 secs] 
2018-02-19T12:46:34.514+0000: 1020.578: [GC (Allocation Failure) 2018-02-19T12:46:34.514+0000: 1020.578: [DefNew: 145461K->9347K(153600K), 0.0171301 secs] 224096K->89303K(494976K), 0.0171906 secs] [Times: user=0.01 sys=0.00, real=0.02 secs] 
2018-02-19T12:47:03.743+0000: 1049.808: [GC (Allocation Failure) 2018-02-19T12:47:03.743+0000: 1049.808: [DefNew: 145923K->9784K(153600K), 0.0174731 secs] 225879K->91215K(494976K), 0.0175482 secs] [Times: user=0.02 sys=0.00, real=0.02 secs] 
2018-02-19T12:47:29.027+0000: 1075.091: [GC (Allocation Failure) 2018-02-19T12:47:29.027+0000: 1075.091: [DefNew: 146360K->9324K(153600K), 0.0157901 secs] 227791K->92285K(494976K), 0.0158547 secs] [Times: user=0.02 sys=0.00, real=0.02 secs] 
2018-02-19T12:48:03.134+0000: 1109.198: [GC (Allocation Failure) 2018-02-19T12:48:03.134+0000: 1109.198: [DefNew: 145900K->9414K(153600K), 0.0168708 secs] 228861K->93822K(494976K), 0.0169636 secs] [Times: user=0.02 sys=0.00, real=0.02 secs] 
2018-02-19T12:48:31.769+0000: 1137.834: [GC (Allocation Failure) 2018-02-19T12:48:31.769+0000: 1137.834: [DefNew: 145990K->9699K(153600K), 0.0166665 secs] 230398K->95477K(494976K), 0.0167288 secs] [Times: user=0.02 sys=0.00, real=0.01 secs] 
2018-02-19T12:49:05.934+0000: 1171.999: [GC (Allocation Failure) 2018-02-19T12:49:05.934+0000: 1171.999: [DefNew: 146275K->10197K(153600K), 0.0158548 secs] 232053K->97420K(494976K), 0.0159165 secs] [Times: user=0.01 sys=0.00, real=0.02 secs] 
2018-02-19T12:49:33.140+0000: 1199.204: [GC (Allocation Failure) 2018-02-19T12:49:33.140+0000: 1199.204: [DefNew: 146773K->10120K(153600K), 0.0179903 secs] 233996K->98862K(494976K), 0.0180533 secs] [Times: user=0.02 sys=0.00, real=0.01 secs] 
2018-02-19T12:49:58.535+0000: 1224.600: [GC (Allocation Failure) 2018-02-19T12:49:58.535+0000: 1224.600: [DefNew: 146696K->11181K(153600K), 0.0322047 secs] 235438K->101318K(494976K), 0.0322793 secs] [Times: user=0.00 sys=0.03, real=0.04 secs] 
2018-02-19T12:50:33.637+0000: 1259.701: [GC (Allocation Failure) 2018-02-19T12:50:33.637+0000: 1259.701: [DefNew: 147757K->7959K(153600K), 0.0184006 secs] 237894K->102373K(494976K), 0.0184660 secs] [Times: user=0.01 sys=0.00, real=0.02 secs] 
2018-02-19T12:50:57.427+0000: 1283.492: [GC (Allocation Failure) 2018-02-19T12:50:57.427+0000: 1283.492: [DefNew: 144535K->11343K(153600K), 0.0155743 secs] 238949K->105756K(494976K), 0.0156385 secs] [Times: user=0.01 sys=0.00, real=0.01 secs] 
12:51:12.890 [Client] INFO  c.s.f.r.e.s.SocketRear  - FlameSocketGraphDeployerRear@172.31.34.169: has been disconnected from Connection 8
12:51:27.718 [worker-akka.actor.default-dispatcher-2] INFO  a.a.CoordinatedShutdown CoordinatedShutdown(akka://worker) - Starting coordinated shutdown from JVM shutdown hook
12:51:27.764 [worker-akka.actor.default-dispatcher-2] INFO  a.a.LocalActorRef akka://worker/user/watcher/graph0000000000/edge/FlameSocketGraphDeployerFront - Stopped
12:51:27.765 [worker-akka.actor.default-dispatcher-2] INFO  a.a.LocalActorRef akka://worker/user/watcher/graph0000000000/negotiator - Stopped
12:51:27.767 [worker-akka.actor.default-dispatcher-2] INFO  a.a.LocalActorRef akka://worker/user/watcher/graph0000000000/edge/FlameSocketGraphDeployerRear - Stopped
12:51:27.767 [worker-akka.actor.default-dispatcher-2] INFO  a.a.LocalActorRef akka://worker/user/watcher/graph0000000000/graph/$a - Stopped
12:51:27.768 [worker-akka.actor.default-dispatcher-2] INFO  a.a.LocalActorRef akka://worker/user/watcher/graph0000000000/graph/$b - Stopped
12:51:27.769 [worker-akka.actor.default-dispatcher-2] INFO  a.a.LocalActorRef akka://worker/user/watcher/graph0000000000/graph/$c - Stopped
12:51:27.770 [worker-akka.actor.default-dispatcher-2] INFO  a.a.LocalActorRef akka://worker/user/watcher/graph0000000000/graph/local-acker/$a - Stopped
12:51:27.774 [worker-akka.actor.default-dispatcher-2] INFO  a.a.LocalActorRef akka://worker/user/watcher/graph0000000000/edge - Stopped
12:51:27.774 [worker-akka.actor.default-dispatcher-2] INFO  a.a.LocalActorRef akka://worker/user/watcher/graph0000000000/graph/local-acker/$a - Message [com.spbsu.flamestream.runtime.utils.akka.PingActor$InnerPing] from Actor[akka://worker/user/watcher/graph0000000000/graph/local-acker/$a#1129248652] to Actor[akka://worker/user/watcher/graph0000000000/graph/local-acker/$a#1129248652] was not delivered. [1] dead letters encountered. This logging can be turned off or adjusted with configuration settings 'akka.log-dead-letters' and 'akka.log-dead-letters-during-shutdown'.
12:51:27.774 [worker-akka.actor.default-dispatcher-2] INFO  a.a.LocalActorRef akka://worker/user/watcher/graph0000000000/graph/local-acker - Stopped
12:51:27.777 [worker-akka.actor.default-dispatcher-2] INFO  a.a.LocalActorRef akka://worker/user/watcher/graph0000000000/graph/local-acker/$a - Message [com.spbsu.flamestream.runtime.utils.akka.PingActor$Stop] from Actor[akka://worker/user/watcher/graph0000000000/graph/local-acker#-1650612109] to Actor[akka://worker/user/watcher/graph0000000000/graph/local-acker/$a#1129248652] was not delivered. [2] dead letters encountered. This logging can be turned off or adjusted with configuration settings 'akka.log-dead-letters' and 'akka.log-dead-letters-during-shutdown'.
12:51:27.778 [worker-akka.actor.default-dispatcher-2] INFO  a.a.LocalActorRef akka://worker/user/watcher/graph0000000000/graph/local-acker - Message [com.spbsu.flamestream.runtime.acker.LocalAcker$Flush] from Actor[akka://worker/user/watcher/graph0000000000/graph/local-acker#-1650612109] to Actor[akka://worker/user/watcher/graph0000000000/graph/local-acker#-1650612109] was not delivered. [3] dead letters encountered. This logging can be turned off or adjusted with configuration settings 'akka.log-dead-letters' and 'akka.log-dead-letters-during-shutdown'.
12:51:27.779 [worker-akka.actor.default-dispatcher-2] INFO  a.a.LocalActorRef akka://worker/user/watcher/graph0000000000/graph/local-acker - Message [com.spbsu.flamestream.runtime.acker.LocalAcker$Flush] from Actor[akka://worker/user/watcher/graph0000000000/graph/local-acker#-1650612109] to Actor[akka://worker/user/watcher/graph0000000000/graph/local-acker#-1650612109] was not delivered. [4] dead letters encountered. This logging can be turned off or adjusted with configuration settings 'akka.log-dead-letters' and 'akka.log-dead-letters-during-shutdown'.
12:51:27.781 [worker-akka.actor.default-dispatcher-2] INFO  a.a.LocalActorRef akka://worker/user/watcher/graph0000000000/graph/local-acker - Message [com.spbsu.flamestream.runtime.acker.LocalAcker$Flush] from Actor[akka://worker/user/watcher/graph0000000000/graph/local-acker#-1650612109] to Actor[akka://worker/user/watcher/graph0000000000/graph/local-acker#-1650612109] was not delivered. [5] dead letters encountered. This logging can be turned off or adjusted with configuration settings 'akka.log-dead-letters' and 'akka.log-dead-letters-during-shutdown'.
12:51:27.781 [worker-akka.actor.default-dispatcher-2] INFO  a.a.LocalActorRef akka://worker/user/watcher/graph0000000000/graph/local-acker - Message [com.spbsu.flamestream.runtime.acker.LocalAcker$Flush] from Actor[akka://worker/user/watcher/graph0000000000/graph/local-acker#-1650612109] to Actor[akka://worker/user/watcher/graph0000000000/graph/local-acker#-1650612109] was not delivered. [6] dead letters encountered. This logging can be turned off or adjusted with configuration settings 'akka.log-dead-letters' and 'akka.log-dead-letters-during-shutdown'.
12:51:27.781 [worker-akka.actor.default-dispatcher-2] INFO  a.a.LocalActorRef akka://worker/user/watcher/graph0000000000/graph/local-acker - Message [com.spbsu.flamestream.runtime.acker.LocalAcker$Flush] from Actor[akka://worker/user/watcher/graph0000000000/graph/local-acker#-1650612109] to Actor[akka://worker/user/watcher/graph0000000000/graph/local-acker#-1650612109] was not delivered. [7] dead letters encountered. This logging can be turned off or adjusted with configuration settings 'akka.log-dead-letters' and 'akka.log-dead-letters-during-shutdown'.
12:51:27.782 [worker-akka.actor.default-dispatcher-2] INFO  a.a.LocalActorRef akka://worker/user/watcher/graph0000000000/graph/local-acker - Message [com.spbsu.flamestream.runtime.acker.LocalAcker$Flush] from Actor[akka://worker/user/watcher/graph0000000000/graph/local-acker#-1650612109] to Actor[akka://worker/user/watcher/graph0000000000/graph/local-acker#-1650612109] was not delivered. [8] dead letters encountered. This logging can be turned off or adjusted with configuration settings 'akka.log-dead-letters' and 'akka.log-dead-letters-during-shutdown'.
12:51:27.782 [worker-akka.actor.default-dispatcher-2] INFO  a.a.LocalActorRef akka://worker/user/watcher/graph0000000000/graph/local-acker - Message [com.spbsu.flamestream.runtime.acker.LocalAcker$Flush] from Actor[akka://worker/user/watcher/graph0000000000/graph/local-acker#-1650612109] to Actor[akka://worker/user/watcher/graph0000000000/graph/local-acker#-1650612109] was not delivered. [9] dead letters encountered. This logging can be turned off or adjusted with configuration settings 'akka.log-dead-letters' and 'akka.log-dead-letters-during-shutdown'.
12:51:27.782 [worker-akka.actor.default-dispatcher-2] INFO  a.a.LocalActorRef akka://worker/user/watcher/graph0000000000/graph - Stopped
12:51:27.784 [worker-akka.actor.default-dispatcher-2] INFO  a.a.LocalActorRef akka://worker/user/watcher/graph0000000000 - Stopped
12:51:27.788 [worker-akka.actor.default-dispatcher-2-EventThread] INFO  o.a.z.ClientCnxn  - EventThread shut down for session: 0x161ae09abc60009
12:51:27.788 [worker-akka.actor.default-dispatcher-2] INFO  o.a.z.ZooKeeper  - Session: 0x161ae09abc60009 closed
12:51:27.789 [worker-akka.actor.default-dispatcher-2] INFO  a.a.RepointableActorRef akka://worker/user/watcher - Stopped
12:51:27.805 [worker-akka.actor.default-dispatcher-2] INFO  a.r.RemoteActorRefProvider$RemotingTerminator akka://worker@172.31.34.169:5412/system/remoting-terminator - Shutting down remote daemon.
12:51:27.808 [worker-akka.actor.default-dispatcher-2] INFO  a.r.RemoteActorRefProvider$RemotingTerminator akka://worker@172.31.34.169:5412/system/remoting-terminator - Remote daemon shut down; proceeding with flushing remote transports.
12:51:28.945 [worker-akka.actor.default-dispatcher-2] INFO  a.r.RemoteActorRefProvider$RemotingTerminator akka://worker@172.31.34.169:5412/system/remoting-terminator - Remoting shut down.
Heap
 def new generation   total 153600K, used 99637K [0x00000000e0c00000, 0x00000000eb2a0000, 0x00000000eb2a0000)
  eden space 136576K,  64% used [0x00000000e0c00000, 0x00000000e6239770, 0x00000000e9160000)
  from space 17024K,  66% used [0x00000000e9160000, 0x00000000e9c73df8, 0x00000000ea200000)
  to   space 17024K,   0% used [0x00000000ea200000, 0x00000000ea200000, 0x00000000eb2a0000)
 tenured generation   total 341376K, used 94413K [0x00000000eb2a0000, 0x0000000100000000, 0x0000000100000000)
   the space 341376K,  27% used [0x00000000eb2a0000, 0x00000000f0ed34d8, 0x00000000f0ed3600, 0x0000000100000000)
 Metaspace       used 33622K, capacity 34426K, committed 34688K, reserved 1079296K
  class space    used 4457K, capacity 4624K, committed 4736K, reserved 1048576K
