13:29:21.533 [worker-akka.actor.default-dispatcher-2] INFO  a.e.s.Slf4jLogger  - Slf4jLogger started
2018-02-19T13:29:21.695+0000: 2.684: [Full GC (Metadata GC Threshold) 2018-02-19T13:29:21.695+0000: 2.684: [Tenured: 0K->15416K(341376K), 0.0353143 secs] 117532K->15416K(494976K), [Metaspace: 20878K->20878K(1067008K)], 0.0353751 secs] [Times: user=0.03 sys=0.01, real=0.04 secs] 
Ama winner
Ama winner
13:29:22.107 [worker-akka.actor.default-dispatcher-2] INFO  a.r.a.ArteryTransport(akka://worker) akka.remote.artery.ArteryTransport(akka://worker) - Started embedded media driver in directory [/dev/shm/aeron-root-worker-0ca00436-bd67-456f-b457-9f75a67644bd]
13:29:22.304 [worker-akka.actor.default-dispatcher-2] INFO  a.r.a.ArteryTransport(akka://worker) akka.remote.artery.ArteryTransport(akka://worker) - Remoting started; listening on address: [akka://worker@172.31.42.36:5412] with UID [690348213269612274]
13:29:22.371 [worker-akka.actor.default-dispatcher-2] INFO  o.a.z.ZooKeeper  - Client environment:zookeeper.version=3.4.9-1757313, built on 08/23/2016 06:50 GMT
13:29:22.371 [worker-akka.actor.default-dispatcher-2] INFO  o.a.z.ZooKeeper  - Client environment:host.name=ip-172-31-42-36.us-east-2.compute.internal
13:29:22.372 [worker-akka.actor.default-dispatcher-2] INFO  o.a.z.ZooKeeper  - Client environment:java.version=1.8.0_151
13:29:22.372 [worker-akka.actor.default-dispatcher-2] INFO  o.a.z.ZooKeeper  - Client environment:java.vendor=Oracle Corporation
13:29:22.372 [worker-akka.actor.default-dispatcher-2] INFO  o.a.z.ZooKeeper  - Client environment:java.home=/usr/lib/jvm/java-8-openjdk-amd64/jre
13:29:22.372 [worker-akka.actor.default-dispatcher-2] INFO  o.a.z.ZooKeeper  - Client environment:java.class.path=lib/commons-cli-1.4.jar:lib/minlog-1.3.0.jar:lib/asm-5.0.4.jar:lib/hadoop-annotations-2.7.3.jar:lib/hadoop-auth-2.7.3.jar:lib/akka-slf4j_2.11-2.5.6.jar:lib/jersey-core-1.9.jar:lib/lz4-1.3.0.jar:lib/jackson-core-asl-1.9.13.jar:lib/aeron-client-1.3.0.jar:lib/htrace-core-3.1.0-incubating.jar:lib/xz-1.0.jar:lib/commons-httpclient-3.1.jar:lib/asm-3.1.jar:lib/commons-lang3-3.4.jar:lib/scala-library-2.11.11.jar:lib/scala-java8-compat_2.11-0.7.0.jar:lib/commons-configuration-1.6.jar:lib/objenesis-2.1.jar:lib/jackson-annotations-2.8.0.jar:lib/jsr305-3.0.0.jar:lib/curator-framework-2.7.1.jar:lib/jersey-server-1.9.jar:lib/jets3t-0.9.0.jar:lib/leveldb-0.7.jar:lib/jetty-6.1.26.jar:lib/stax-api-1.0-2.jar:lib/flamestream-core-1.0-SNAPSHOT.jar:lib/reflectasm-1.07-shaded.jar:lib/apacheds-kerberos-codec-2.0.0-M15.jar:lib/api-asn1-api-1.0.0-M20.jar:lib/commons-lang-2.6.jar:lib/commons-beanutils-1.7.0.jar:lib/jackson-xc-1.8.3.jar:lib/jetty-util-6.1.26.jar:lib/logback-classic-1.2.3.jar:lib/jool-0.9.12.jar:lib/flamestream-runtime-1.0-SNAPSHOT-tests.jar:lib/httpcore-4.1.2.jar:lib/kryo-4.0.0.jar:lib/ant-1.8.1.jar:lib/jaxb-impl-2.2.3-1.jar:lib/jersey-json-1.9.jar:lib/commons-compress-1.4.1.jar:lib/leveldbjni-all-1.8.jar:lib/paranamer-2.3.jar:lib/jackson-core-2.8.4.jar:lib/commons-math3-3.6.1.jar:lib/scala-parser-combinators_2.11-1.0.4.jar:lib/netty-3.10.6.Final.jar:lib/trove4j-3.0.3.jar:lib/jaxb-api-2.2.2.jar:lib/logback-core-1.2.3.jar:lib/snappy-java-1.0.4.1.jar:lib/protobuf-java-2.5.0.jar:lib/reactive-streams-1.0.1.jar:lib/flamestream-examples-1.0-SNAPSHOT.jar:lib/commons-codec-1.4.jar:lib/activation-1.1.jar:lib/commons-net-3.1.jar:lib/curator-recipes-2.7.1.jar:lib/jackson-mapper-asl-1.9.13.jar:lib/jackson-databind-2.8.4.jar:lib/flamestream-runtime-1.0-SNAPSHOT.jar:lib/jackson-jaxrs-1.8.3.jar:lib/slf4j-api-1.7.24.jar:lib/akka-remote_2.11-2.5.6.jar:lib/akka-testkit_2.11-2.5.6.jar:lib/jline-0.9.94.jar:lib/akka-stream_2.11-2.5.6.jar:lib/jsp-api-2.1.jar:lib/kryonet-2.21.jar:lib/akka-kryo-serialization_2.11-0.5.0.jar:lib/config-1.3.1.jar:lib/ant-launcher-1.8.1.jar:lib/commons-logging-1.2.jar:lib/ssl-config-core_2.11-0.2.2.jar:lib/testng-6.10.jar:lib/leveldb-api-0.7.jar:lib/reflectasm-1.11.3.jar:lib/jcommander-1.48.jar:lib/commons-1.1.jar:lib/commons-digester-1.8.jar:lib/minlog-1.2.jar:lib/java-xmlbuilder-0.4.jar:lib/jettison-1.1.jar:lib/gson-2.2.4.jar:lib/jdk.tools-1.8.jar:lib/aeron-driver-1.3.0.jar:lib/zookeeper-3.4.9.jar:lib/commons-beanutils-core-1.8.0.jar:lib/commons-math3-3.1.1.jar:lib/akka-actor_2.11-2.5.6.jar:lib/curator-client-2.7.1.jar:lib/servlet-api-2.5.jar:lib/apacheds-i18n-2.0.0-M15.jar:lib/commons-io-2.4.jar:lib/commons-codec-1.6.jar:lib/akka-protobuf_2.11-2.5.6.jar:lib/protobuf-java-3.5.1.jar:lib/jdom-2.0.2.jar:lib/api-util-1.0.0-M20.jar:lib/hadoop-common-2.7.3.jar:lib/agrona-0.9.6.jar:lib/xmlenc-0.52.jar:lib/guava-21.0.jar:lib/commons-collections-3.2.2.jar:lib/avro-1.7.4.jar:lib/httpclient-4.1.2.jar:lib/flamestream-core-1.0-SNAPSHOT-tests.jar:lib/annotations-12.0.jar:lib/jsch-0.1.42.jar:flamestream-runtime-1.0-SNAPSHOT.jar
13:29:22.372 [worker-akka.actor.default-dispatcher-2] INFO  o.a.z.ZooKeeper  - Client environment:java.library.path=/usr/java/packages/lib/amd64:/usr/lib/x86_64-linux-gnu/jni:/lib/x86_64-linux-gnu:/usr/lib/x86_64-linux-gnu:/usr/lib/jni:/lib:/usr/lib
13:29:22.372 [worker-akka.actor.default-dispatcher-2] INFO  o.a.z.ZooKeeper  - Client environment:java.io.tmpdir=/tmp
13:29:22.372 [worker-akka.actor.default-dispatcher-2] INFO  o.a.z.ZooKeeper  - Client environment:java.compiler=<NA>
13:29:22.372 [worker-akka.actor.default-dispatcher-2] INFO  o.a.z.ZooKeeper  - Client environment:os.name=Linux
13:29:22.372 [worker-akka.actor.default-dispatcher-2] INFO  o.a.z.ZooKeeper  - Client environment:os.arch=amd64
13:29:22.372 [worker-akka.actor.default-dispatcher-2] INFO  o.a.z.ZooKeeper  - Client environment:os.version=4.4.0-1049-aws
13:29:22.372 [worker-akka.actor.default-dispatcher-2] INFO  o.a.z.ZooKeeper  - Client environment:user.name=root
13:29:22.373 [worker-akka.actor.default-dispatcher-2] INFO  o.a.z.ZooKeeper  - Client environment:user.home=/root
13:29:22.373 [worker-akka.actor.default-dispatcher-2] INFO  o.a.z.ZooKeeper  - Client environment:user.dir=/opt/flamestream
13:29:22.375 [worker-akka.actor.default-dispatcher-2] INFO  o.a.z.ZooKeeper  - Initiating client connection, connectString=172.31.34.147:2181 sessionTimeout=5000 watcher=com.spbsu.flamestream.runtime.application.LifecycleWatcher$$Lambda$29/2091173542@1b48f905
13:29:22.397 [worker-akka.actor.default-dispatcher-2] INFO  a.a.RepointableActorRef akka://worker/user/watcher - Starting...
13:29:22.400 [worker-akka.actor.default-dispatcher-2-SendThread(172.31.34.147:2181)] INFO  o.a.z.ClientCnxn  - Opening socket connection to server 172.31.34.147/172.31.34.147:2181. Will not attempt to authenticate using SASL (unknown error)
13:29:22.402 [worker-akka.actor.default-dispatcher-2-SendThread(172.31.34.147:2181)] INFO  o.a.z.ClientCnxn  - Socket connection established to 172.31.34.147/172.31.34.147:2181, initiating session
13:29:22.410 [worker-akka.actor.default-dispatcher-2-SendThread(172.31.34.147:2181)] INFO  o.a.z.ClientCnxn  - Session establishment complete on server 172.31.34.147/172.31.34.147:2181, sessionid = 0x161ae4056810004, negotiated timeout = 6000
13:29:22.502 [worker-akka.actor.default-dispatcher-2] INFO  a.a.RepointableActorRef akka://worker/user/watcher - Connected to ZK
13:29:32.698 [worker-akka.actor.default-dispatcher-2] INFO  a.a.RepointableActorRef akka://worker/user/watcher - Creating node with watchGraphs: 'com.spbsu.flamestream.core.Graph$Builder$MyGraph@22aae96d', config: 'ClusterConfig{paths={172.31.33.155=akka://worker@172.31.33.155:5412/user/watcher/graph0000000000, 172.31.47.83=akka://worker@172.31.47.83:5412/user/watcher/graph0000000000, 172.31.45.197=akka://worker@172.31.45.197:5412/user/watcher/graph0000000000, 172.31.42.36=akka://worker@172.31.42.36:5412/user/watcher/graph0000000000, 172.31.44.83=akka://worker@172.31.44.83:5412/user/watcher/graph0000000000, 172.31.39.64=akka://worker@172.31.39.64:5412/user/watcher/graph0000000000, 172.31.35.79=akka://worker@172.31.35.79:5412/user/watcher/graph0000000000, 172.31.34.169=akka://worker@172.31.34.169:5412/user/watcher/graph0000000000, 172.31.47.100=akka://worker@172.31.47.100:5412/user/watcher/graph0000000000, 172.31.37.101=akka://worker@172.31.37.101:5412/user/watcher/graph0000000000}, ackerLocation='172.31.35.79', props=ComputationLayout{ranges={172.31.33.155=HashRange{from=-1670265060, to=-1193046472}, 172.31.47.83=HashRange{from=1670265056, to=2147483644}, 172.31.45.197=HashRange{from=-715827884, to=-238609296}, 172.31.42.36=HashRange{from=1193046468, to=1670265056}, 172.31.44.83=HashRange{from=-238609296, to=238609292}, 172.31.39.64=HashRange{from=715827880, to=1193046468}, 172.31.35.79=HashRange{from=0, to=0}, 172.31.34.169=HashRange{from=-2147483648, to=-1670265060}, 172.31.47.100=HashRange{from=238609292, to=715827880}, 172.31.37.101=HashRange{from=-1193046472, to=-715827884}}}}'
13:29:33.536 [worker-akka.actor.default-dispatcher-2] INFO  a.a.LocalActorRef akka://worker/user/watcher/graph0000000000/graph - Starting...
13:29:33.538 [worker-akka.actor.default-dispatcher-2] INFO  a.a.LocalActorRef akka://worker/user/watcher/graph0000000000/graph/local-acker/$a - Starting...
13:29:33.540 [worker-akka.actor.default-dispatcher-2] INFO  a.a.LocalActorRef akka://worker/user/watcher/graph0000000000/graph/local-acker - Starting...
Warning: space is running low in /dev/shm (tmpfs) threshold=167,772,160 usable=158,621,696
Warning: space is running low in /dev/shm (tmpfs) threshold=167,772,160 usable=146,034,688
Warning: space is running low in /dev/shm (tmpfs) threshold=167,772,160 usable=133,447,680
Warning: space is running low in /dev/shm (tmpfs) threshold=167,772,160 usable=120,860,672
Warning: space is running low in /dev/shm (tmpfs) threshold=167,772,160 usable=108,273,664
Warning: space is running low in /dev/shm (tmpfs) threshold=167,772,160 usable=95,686,656
Warning: space is running low in /dev/shm (tmpfs) threshold=167,772,160 usable=83,099,648
Warning: space is running low in /dev/shm (tmpfs) threshold=167,772,160 usable=70,512,640
13:29:34.852 [worker-akka.actor.default-dispatcher-2] INFO  a.a.LocalActorRef akka://worker/user/watcher/graph0000000000/graph - Finishing constructor
13:29:34.854 [worker-akka.actor.default-dispatcher-2] INFO  a.a.LocalActorRef akka://worker/user/watcher/graph0000000000 - Starting...
13:29:34.855 [worker-akka.actor.default-dispatcher-2] INFO  a.a.LocalActorRef akka://worker/user/watcher/graph0000000000/negotiator - Starting...
13:29:34.907 [worker-akka.actor.default-dispatcher-2] INFO  a.a.LocalActorRef akka://worker/user/watcher/graph0000000000/edge - Starting...
13:29:34.908 [worker-akka.actor.default-dispatcher-2] INFO  a.a.LocalActorRef akka://worker/user/watcher/graph0000000000/graph/$a - Starting...
13:29:34.909 [worker-akka.actor.default-dispatcher-2] INFO  a.a.LocalActorRef akka://worker/user/watcher/graph0000000000/graph/$b - Starting...
13:29:34.909 [worker-akka.actor.default-dispatcher-2] INFO  a.a.LocalActorRef akka://worker/user/watcher/graph0000000000/graph/$c - Starting...
13:29:34.925 [worker-akka.actor.default-dispatcher-2] INFO  c.s.f.r.e.s.SocketRear  - FlameSocketGraphDeployerRear@172.31.42.36: connecting to 172.31.34.147:5678
13:29:34.928 [worker-akka.actor.default-dispatcher-2] INFO  c.s.f.r.e.s.SocketRear  - FlameSocketGraphDeployerRear@172.31.42.36: connected to 172.31.34.147:5678
13:29:34.950 [worker-akka.actor.default-dispatcher-2] INFO  a.a.LocalActorRef akka://worker/user/watcher/graph0000000000/edge/FlameSocketGraphDeployerRear - Starting...
13:29:34.951 [worker-akka.actor.default-dispatcher-2] INFO  a.a.LocalActorRef akka://worker/user/watcher/graph0000000000/edge/FlameSocketGraphDeployerFront - Starting...
13:29:34.952 [worker-akka.actor.default-dispatcher-2] INFO  a.a.LocalActorRef akka://worker/user/watcher/graph0000000000/negotiator - Requesting ticket for the frontClass FlameSocketGraphDeployerFront@172.31.42.36
13:29:34.965 [worker-akka.actor.default-dispatcher-2] INFO  a.a.LocalActorRef akka://worker/user/watcher/graph0000000000/negotiator - Ticket for the frontClass received: FrontTicket{allowedTimestamp=(1519046972703, FlameSocketGraphDeployerFront@172.31.42.36)}
13:29:34.966 [worker-akka.actor.default-dispatcher-2] INFO  c.s.f.r.e.s.SocketFront  - FlameSocketGraphDeployerFront@172.31.42.36: connecting to 172.31.34.147:4567
13:29:34.976 [Client] INFO  c.s.f.r.e.s.SocketFront  - FlameSocketGraphDeployerFront@172.31.42.36 has been disconnected from Connection 6
2018-02-19T13:29:38.885+0000: 19.874: [GC (Allocation Failure) 2018-02-19T13:29:38.885+0000: 19.874: [DefNew: 136576K->16112K(153600K), 0.0520845 secs] 151992K->51060K(494976K), 0.0521454 secs] [Times: user=0.05 sys=0.00, real=0.05 secs] 
2018-02-19T13:29:53.263+0000: 34.252: [GC (Allocation Failure) 2018-02-19T13:29:53.263+0000: 34.252: [DefNew: 152688K->3013K(153600K), 0.0157246 secs] 187636K->45680K(494976K), 0.0157864 secs] [Times: user=0.01 sys=0.01, real=0.01 secs] 
2018-02-19T13:30:15.791+0000: 56.780: [GC (Allocation Failure) 2018-02-19T13:30:15.791+0000: 56.780: [DefNew: 139589K->5226K(153600K), 0.0117818 secs] 182256K->47892K(494976K), 0.0118611 secs] [Times: user=0.00 sys=0.00, real=0.01 secs] 
2018-02-19T13:30:32.762+0000: 73.751: [GC (Allocation Failure) 2018-02-19T13:30:32.762+0000: 73.751: [DefNew: 141802K->6895K(153600K), 0.0149738 secs] 184468K->49562K(494976K), 0.0150474 secs] [Times: user=0.02 sys=0.00, real=0.01 secs] 
2018-02-19T13:30:52.144+0000: 93.133: [GC (Allocation Failure) 2018-02-19T13:30:52.144+0000: 93.133: [DefNew: 143471K->8268K(153600K), 0.0138895 secs] 186138K->50935K(494976K), 0.0139446 secs] [Times: user=0.01 sys=0.01, real=0.01 secs] 
2018-02-19T13:31:09.261+0000: 110.250: [GC (Allocation Failure) 2018-02-19T13:31:09.261+0000: 110.250: [DefNew: 144844K->9628K(153600K), 0.0163437 secs] 187511K->52295K(494976K), 0.0164136 secs] [Times: user=0.02 sys=0.00, real=0.01 secs] 
2018-02-19T13:31:28.554+0000: 129.543: [GC (Allocation Failure) 2018-02-19T13:31:28.554+0000: 129.543: [DefNew: 146204K->9519K(153600K), 0.0161284 secs] 188871K->53385K(494976K), 0.0161910 secs] [Times: user=0.01 sys=0.00, real=0.02 secs] 
2018-02-19T13:31:54.365+0000: 155.355: [GC (Allocation Failure) 2018-02-19T13:31:54.366+0000: 155.355: [DefNew: 146095K->9811K(153600K), 0.0166711 secs] 189961K->54853K(494976K), 0.0167592 secs] [Times: user=0.01 sys=0.00, real=0.02 secs] 
2018-02-19T13:32:15.776+0000: 176.765: [GC (Allocation Failure) 2018-02-19T13:32:15.776+0000: 176.766: [DefNew: 146387K->8750K(153600K), 0.0203539 secs] 191429K->56022K(494976K), 0.0204310 secs] [Times: user=0.02 sys=0.00, real=0.02 secs] 
2018-02-19T13:32:30.958+0000: 191.947: [GC (Allocation Failure) 2018-02-19T13:32:30.958+0000: 191.947: [DefNew: 145326K->8842K(153600K), 0.0147969 secs] 192598K->57339K(494976K), 0.0148549 secs] [Times: user=0.01 sys=0.00, real=0.02 secs] 
2018-02-19T13:32:53.661+0000: 214.650: [GC (Allocation Failure) 2018-02-19T13:32:53.661+0000: 214.650: [DefNew: 145418K->8968K(153600K), 0.0156896 secs] 193915K->58524K(494976K), 0.0157611 secs] [Times: user=0.01 sys=0.00, real=0.02 secs] 
2018-02-19T13:33:17.930+0000: 238.919: [GC (Allocation Failure) 2018-02-19T13:33:17.930+0000: 238.919: [DefNew: 145544K->9199K(153600K), 0.0156802 secs] 195100K->59960K(494976K), 0.0157375 secs] [Times: user=0.01 sys=0.00, real=0.01 secs] 
2018-02-19T13:33:41.128+0000: 262.118: [GC (Allocation Failure) 2018-02-19T13:33:41.128+0000: 262.118: [DefNew: 145775K->9209K(153600K), 0.0159742 secs] 196536K->61507K(494976K), 0.0160634 secs] [Times: user=0.02 sys=0.00, real=0.02 secs] 
2018-02-19T13:34:03.675+0000: 284.664: [GC (Allocation Failure) 2018-02-19T13:34:03.675+0000: 284.664: [DefNew: 145785K->9084K(153600K), 0.0160644 secs] 198083K->62546K(494976K), 0.0161442 secs] [Times: user=0.01 sys=0.00, real=0.02 secs] 
2018-02-19T13:34:25.909+0000: 306.898: [GC (Allocation Failure) 2018-02-19T13:34:25.909+0000: 306.898: [DefNew: 145660K->9622K(153600K), 0.0161069 secs] 199122K->64148K(494976K), 0.0161767 secs] [Times: user=0.01 sys=0.00, real=0.01 secs] 
2018-02-19T13:34:46.836+0000: 327.825: [GC (Allocation Failure) 2018-02-19T13:34:46.836+0000: 327.825: [DefNew: 146198K->9052K(153600K), 0.0155574 secs] 200724K->64666K(494976K), 0.0156198 secs] [Times: user=0.02 sys=0.00, real=0.02 secs] 
2018-02-19T13:35:04.581+0000: 345.570: [GC (Allocation Failure) 2018-02-19T13:35:04.581+0000: 345.570: [DefNew: 145628K->9421K(153600K), 0.0162548 secs] 201242K->66225K(494976K), 0.0163244 secs] [Times: user=0.02 sys=0.00, real=0.02 secs] 
2018-02-19T13:35:23.376+0000: 364.365: [GC (Allocation Failure) 2018-02-19T13:35:23.376+0000: 364.365: [DefNew: 145997K->9426K(153600K), 0.0166974 secs] 202801K->67335K(494976K), 0.0167584 secs] [Times: user=0.01 sys=0.00, real=0.02 secs] 
2018-02-19T13:35:47.988+0000: 388.977: [GC (Allocation Failure) 2018-02-19T13:35:47.988+0000: 388.977: [DefNew: 146002K->9335K(153600K), 0.0169202 secs] 203911K->68445K(494976K), 0.0169785 secs] [Times: user=0.02 sys=0.00, real=0.02 secs] 
2018-02-19T13:36:09.741+0000: 410.730: [GC (Allocation Failure) 2018-02-19T13:36:09.741+0000: 410.730: [DefNew: 145911K->9269K(153600K), 0.0148520 secs] 205021K->69386K(494976K), 0.0149190 secs] [Times: user=0.01 sys=0.00, real=0.02 secs] 
2018-02-19T13:36:25.624+0000: 426.614: [GC (Allocation Failure) 2018-02-19T13:36:25.624+0000: 426.614: [DefNew: 145845K->9396K(153600K), 0.0176409 secs] 205962K->70556K(494976K), 0.0177124 secs] [Times: user=0.01 sys=0.01, real=0.02 secs] 
2018-02-19T13:36:44.526+0000: 445.515: [GC (Allocation Failure) 2018-02-19T13:36:44.526+0000: 445.515: [DefNew: 145972K->9557K(153600K), 0.0158174 secs] 207132K->71753K(494976K), 0.0158762 secs] [Times: user=0.02 sys=0.00, real=0.02 secs] 
2018-02-19T13:37:03.919+0000: 464.908: [GC (Allocation Failure) 2018-02-19T13:37:03.919+0000: 464.908: [DefNew: 146133K->10070K(153600K), 0.0178363 secs] 208329K->73296K(494976K), 0.0179151 secs] [Times: user=0.02 sys=0.00, real=0.02 secs] 
2018-02-19T13:37:21.998+0000: 482.987: [GC (Allocation Failure) 2018-02-19T13:37:21.998+0000: 482.987: [DefNew: 146646K->9794K(153600K), 0.0160461 secs] 209872K->75012K(494976K), 0.0161051 secs] [Times: user=0.02 sys=0.00, real=0.02 secs] 
2018-02-19T13:37:39.293+0000: 500.282: [GC (Allocation Failure) 2018-02-19T13:37:39.293+0000: 500.282: [DefNew: 146370K->9743K(153600K), 0.0159850 secs] 211588K->76226K(494976K), 0.0160521 secs] [Times: user=0.01 sys=0.00, real=0.02 secs] 
2018-02-19T13:37:56.437+0000: 517.426: [GC (Allocation Failure) 2018-02-19T13:37:56.437+0000: 517.426: [DefNew: 146319K->9623K(153600K), 0.0156170 secs] 212802K->77352K(494976K), 0.0156762 secs] [Times: user=0.02 sys=0.00, real=0.02 secs] 
2018-02-19T13:38:17.797+0000: 538.786: [GC (Allocation Failure) 2018-02-19T13:38:17.797+0000: 538.786: [DefNew: 146199K->8932K(153600K), 0.0189202 secs] 213928K->78606K(494976K), 0.0189766 secs] [Times: user=0.01 sys=0.01, real=0.02 secs] 
2018-02-19T13:38:37.988+0000: 558.977: [GC (Allocation Failure) 2018-02-19T13:38:37.988+0000: 558.977: [DefNew: 145508K->9069K(153600K), 0.0157781 secs] 215182K->79870K(494976K), 0.0158394 secs] [Times: user=0.01 sys=0.00, real=0.02 secs] 
2018-02-19T13:38:57.028+0000: 578.017: [GC (Allocation Failure) 2018-02-19T13:38:57.028+0000: 578.017: [DefNew: 145645K->9697K(153600K), 0.0161062 secs] 216446K->81551K(494976K), 0.0161934 secs] [Times: user=0.01 sys=0.00, real=0.02 secs] 
2018-02-19T13:39:20.488+0000: 601.477: [GC (Allocation Failure) 2018-02-19T13:39:20.488+0000: 601.477: [DefNew: 146273K->10292K(153600K), 0.0165366 secs] 218127K->83254K(494976K), 0.0165939 secs] [Times: user=0.01 sys=0.00, real=0.02 secs] 
2018-02-19T13:39:38.081+0000: 619.071: [GC (Allocation Failure) 2018-02-19T13:39:38.081+0000: 619.071: [DefNew: 146868K->8829K(153600K), 0.0186268 secs] 219830K->84425K(494976K), 0.0187080 secs] [Times: user=0.02 sys=0.00, real=0.01 secs] 
2018-02-19T13:40:01.868+0000: 642.857: [GC (Allocation Failure) 2018-02-19T13:40:01.868+0000: 642.857: [DefNew: 145405K->8965K(153600K), 0.0165079 secs] 221001K->85996K(494976K), 0.0165768 secs] [Times: user=0.02 sys=0.00, real=0.02 secs] 
2018-02-19T13:40:18.985+0000: 659.975: [GC (Allocation Failure) 2018-02-19T13:40:18.985+0000: 659.975: [DefNew: 145541K->8966K(153600K), 0.0156756 secs] 222572K->87430K(494976K), 0.0157391 secs] [Times: user=0.02 sys=0.01, real=0.02 secs] 
2018-02-19T13:40:37.984+0000: 678.973: [GC (Allocation Failure) 2018-02-19T13:40:37.984+0000: 678.973: [DefNew: 145542K->9747K(153600K), 0.0169651 secs] 224006K->89854K(494976K), 0.0170496 secs] [Times: user=0.02 sys=0.00, real=0.02 secs] 
2018-02-19T13:40:56.520+0000: 697.509: [GC (Allocation Failure) 2018-02-19T13:40:56.520+0000: 697.509: [DefNew: 146323K->9348K(153600K), 0.0201602 secs] 226430K->90850K(494976K), 0.0202325 secs] [Times: user=0.02 sys=0.00, real=0.02 secs] 
2018-02-19T13:41:16.350+0000: 717.339: [GC (Allocation Failure) 2018-02-19T13:41:16.350+0000: 717.339: [DefNew: 145924K->10112K(153600K), 0.0159831 secs] 227426K->92950K(494976K), 0.0160558 secs] [Times: user=0.02 sys=0.00, real=0.01 secs] 
2018-02-19T13:41:35.116+0000: 736.105: [GC (Allocation Failure) 2018-02-19T13:41:35.116+0000: 736.105: [DefNew: 146688K->9602K(153600K), 0.0169825 secs] 229526K->94103K(494976K), 0.0170421 secs] [Times: user=0.02 sys=0.00, real=0.02 secs] 
2018-02-19T13:41:56.875+0000: 757.864: [GC (Allocation Failure) 2018-02-19T13:41:56.875+0000: 757.865: [DefNew: 146178K->9566K(153600K), 0.0270296 secs] 230679K->95762K(494976K), 0.0270935 secs] [Times: user=0.00 sys=0.03, real=0.03 secs] 
2018-02-19T13:42:12.484+0000: 773.473: [GC (Allocation Failure) 2018-02-19T13:42:12.484+0000: 773.473: [DefNew: 146142K->9266K(153600K), 0.0158663 secs] 232338K->97032K(494976K), 0.0159320 secs] [Times: user=0.02 sys=0.00, real=0.01 secs] 
2018-02-19T13:42:28.598+0000: 789.587: [GC (Allocation Failure) 2018-02-19T13:42:28.598+0000: 789.587: [DefNew: 145842K->9686K(153600K), 0.0151723 secs] 233608K->98890K(494976K), 0.0152506 secs] [Times: user=0.01 sys=0.00, real=0.02 secs] 
2018-02-19T13:42:48.418+0000: 809.407: [GC (Allocation Failure) 2018-02-19T13:42:48.418+0000: 809.407: [DefNew: 146262K->9768K(153600K), 0.0207845 secs] 235466K->100390K(494976K), 0.0208664 secs] [Times: user=0.00 sys=0.01, real=0.02 secs] 
2018-02-19T13:43:06.372+0000: 827.361: [GC (Allocation Failure) 2018-02-19T13:43:06.372+0000: 827.361: [DefNew: 146344K->10325K(153600K), 0.0170601 secs] 236966K->102349K(494976K), 0.0171330 secs] [Times: user=0.02 sys=0.00, real=0.01 secs] 
13:43:18.386 [Client] INFO  c.s.f.r.e.s.SocketRear  - FlameSocketGraphDeployerRear@172.31.42.36: has been disconnected from Connection 6
13:43:31.563 [worker-akka.actor.default-dispatcher-2] INFO  a.a.CoordinatedShutdown CoordinatedShutdown(akka://worker) - Starting coordinated shutdown from JVM shutdown hook
13:43:31.613 [worker-akka.actor.default-dispatcher-2] INFO  a.a.LocalActorRef akka://worker/user/watcher/graph0000000000/negotiator - Stopped
13:43:31.613 [worker-akka.actor.default-dispatcher-2] INFO  a.a.LocalActorRef akka://worker/user/watcher/graph0000000000/edge/FlameSocketGraphDeployerFront - Stopped
13:43:31.614 [worker-akka.actor.default-dispatcher-2] INFO  a.a.LocalActorRef akka://worker/user/watcher/graph0000000000/graph/local-acker/$a - Stopped
13:43:31.615 [worker-akka.actor.default-dispatcher-2] INFO  a.a.LocalActorRef akka://worker/user/watcher/graph0000000000/edge/FlameSocketGraphDeployerRear - Stopped
13:43:31.616 [worker-akka.actor.default-dispatcher-2] INFO  a.a.LocalActorRef akka://worker/user/watcher/graph0000000000/graph/$a - Stopped
13:43:31.617 [worker-akka.actor.default-dispatcher-2] INFO  a.a.LocalActorRef akka://worker/user/watcher/graph0000000000/graph/local-acker/$a - Message [com.spbsu.flamestream.runtime.utils.akka.PingActor$InnerPing] from Actor[akka://worker/user/watcher/graph0000000000/graph/local-acker/$a#274792105] to Actor[akka://worker/user/watcher/graph0000000000/graph/local-acker/$a#274792105] was not delivered. [1] dead letters encountered. This logging can be turned off or adjusted with configuration settings 'akka.log-dead-letters' and 'akka.log-dead-letters-during-shutdown'.
13:43:31.617 [worker-akka.actor.default-dispatcher-2] INFO  a.a.LocalActorRef akka://worker/user/watcher/graph0000000000/graph/$b - Stopped
13:43:31.618 [worker-akka.actor.default-dispatcher-2] INFO  a.a.LocalActorRef akka://worker/user/watcher/graph0000000000/graph/$c - Stopped
13:43:31.625 [worker-akka.actor.default-dispatcher-2-EventThread] INFO  o.a.z.ClientCnxn  - EventThread shut down for session: 0x161ae4056810004
13:43:31.626 [worker-akka.actor.default-dispatcher-2] INFO  o.a.z.ZooKeeper  - Session: 0x161ae4056810004 closed
13:43:31.626 [worker-akka.actor.default-dispatcher-2] INFO  a.a.LocalActorRef akka://worker/user/watcher/graph0000000000/graph/local-acker - Stopped
13:43:31.627 [worker-akka.actor.default-dispatcher-2] INFO  a.a.LocalActorRef akka://worker/user/watcher/graph0000000000/edge - Stopped
13:43:31.628 [worker-akka.actor.default-dispatcher-2] INFO  a.a.LocalActorRef akka://worker/user/watcher/graph0000000000/graph - Stopped
13:43:31.629 [worker-akka.actor.default-dispatcher-2] INFO  a.a.LocalActorRef akka://worker/user/watcher/graph0000000000 - Stopped
13:43:31.630 [worker-akka.actor.default-dispatcher-2] INFO  a.a.LocalActorRef akka://worker/user/watcher/graph0000000000/graph/local-acker/$a - Message [com.spbsu.flamestream.runtime.utils.akka.PingActor$Stop] from Actor[akka://worker/user/watcher/graph0000000000/graph/local-acker#-1268282193] to Actor[akka://worker/user/watcher/graph0000000000/graph/local-acker/$a#274792105] was not delivered. [2] dead letters encountered. This logging can be turned off or adjusted with configuration settings 'akka.log-dead-letters' and 'akka.log-dead-letters-during-shutdown'.
13:43:31.631 [worker-akka.actor.default-dispatcher-2] INFO  a.a.LocalActorRef akka://worker/user/watcher/graph0000000000/graph/local-acker - Message [com.spbsu.flamestream.runtime.acker.LocalAcker$Flush] from Actor[akka://worker/user/watcher/graph0000000000/graph/local-acker#-1268282193] to Actor[akka://worker/user/watcher/graph0000000000/graph/local-acker#-1268282193] was not delivered. [3] dead letters encountered. This logging can be turned off or adjusted with configuration settings 'akka.log-dead-letters' and 'akka.log-dead-letters-during-shutdown'.
13:43:31.631 [worker-akka.actor.default-dispatcher-2] INFO  a.a.LocalActorRef akka://worker/user/watcher/graph0000000000/graph/local-acker - Message [com.spbsu.flamestream.runtime.acker.LocalAcker$Flush] from Actor[akka://worker/user/watcher/graph0000000000/graph/local-acker#-1268282193] to Actor[akka://worker/user/watcher/graph0000000000/graph/local-acker#-1268282193] was not delivered. [4] dead letters encountered. This logging can be turned off or adjusted with configuration settings 'akka.log-dead-letters' and 'akka.log-dead-letters-during-shutdown'.
13:43:31.631 [worker-akka.actor.default-dispatcher-2] INFO  a.a.LocalActorRef akka://worker/user/watcher/graph0000000000/graph/local-acker - Message [com.spbsu.flamestream.runtime.acker.LocalAcker$Flush] from Actor[akka://worker/user/watcher/graph0000000000/graph/local-acker#-1268282193] to Actor[akka://worker/user/watcher/graph0000000000/graph/local-acker#-1268282193] was not delivered. [5] dead letters encountered. This logging can be turned off or adjusted with configuration settings 'akka.log-dead-letters' and 'akka.log-dead-letters-during-shutdown'.
13:43:31.632 [worker-akka.actor.default-dispatcher-2] INFO  a.a.LocalActorRef akka://worker/user/watcher/graph0000000000/graph/local-acker - Message [com.spbsu.flamestream.runtime.acker.LocalAcker$Flush] from Actor[akka://worker/user/watcher/graph0000000000/graph/local-acker#-1268282193] to Actor[akka://worker/user/watcher/graph0000000000/graph/local-acker#-1268282193] was not delivered. [6] dead letters encountered. This logging can be turned off or adjusted with configuration settings 'akka.log-dead-letters' and 'akka.log-dead-letters-during-shutdown'.
13:43:31.633 [worker-akka.actor.default-dispatcher-2] INFO  a.a.LocalActorRef akka://worker/user/watcher/graph0000000000/graph/local-acker - Message [com.spbsu.flamestream.runtime.acker.LocalAcker$Flush] from Actor[akka://worker/user/watcher/graph0000000000/graph/local-acker#-1268282193] to Actor[akka://worker/user/watcher/graph0000000000/graph/local-acker#-1268282193] was not delivered. [7] dead letters encountered. This logging can be turned off or adjusted with configuration settings 'akka.log-dead-letters' and 'akka.log-dead-letters-during-shutdown'.
13:43:31.636 [worker-akka.actor.default-dispatcher-2] INFO  a.a.LocalActorRef akka://worker/user/watcher/graph0000000000/graph/local-acker - Message [com.spbsu.flamestream.runtime.acker.LocalAcker$Flush] from Actor[akka://worker/user/watcher/graph0000000000/graph/local-acker#-1268282193] to Actor[akka://worker/user/watcher/graph0000000000/graph/local-acker#-1268282193] was not delivered. [8] dead letters encountered. This logging can be turned off or adjusted with configuration settings 'akka.log-dead-letters' and 'akka.log-dead-letters-during-shutdown'.
13:43:31.639 [worker-akka.actor.default-dispatcher-2] INFO  a.a.LocalActorRef akka://worker/user/watcher/graph0000000000/graph/local-acker - Message [com.spbsu.flamestream.runtime.acker.LocalAcker$Flush] from Actor[akka://worker/user/watcher/graph0000000000/graph/local-acker#-1268282193] to Actor[akka://worker/user/watcher/graph0000000000/graph/local-acker#-1268282193] was not delivered. [9] dead letters encountered. This logging can be turned off or adjusted with configuration settings 'akka.log-dead-letters' and 'akka.log-dead-letters-during-shutdown'.
13:43:31.639 [worker-akka.actor.default-dispatcher-2] INFO  a.a.LocalActorRef akka://worker/user/watcher/graph0000000000/graph/local-acker - Message [com.spbsu.flamestream.runtime.acker.LocalAcker$Flush] from Actor[akka://worker/user/watcher/graph0000000000/graph/local-acker#-1268282193] to Actor[akka://worker/user/watcher/graph0000000000/graph/local-acker#-1268282193] was not delivered. [10] dead letters encountered. This logging can be turned off or adjusted with configuration settings 'akka.log-dead-letters' and 'akka.log-dead-letters-during-shutdown'.
13:43:31.640 [worker-akka.actor.default-dispatcher-2] INFO  a.a.LocalActorRef akka://worker/user/watcher/graph0000000000/graph/local-acker - Message [com.spbsu.flamestream.runtime.acker.LocalAcker$Flush] from Actor[akka://worker/user/watcher/graph0000000000/graph/local-acker#-1268282193] to Actor[akka://worker/user/watcher/graph0000000000/graph/local-acker#-1268282193] was not delivered. [11] dead letters encountered. This logging can be turned off or adjusted with configuration settings 'akka.log-dead-letters' and 'akka.log-dead-letters-during-shutdown'.
13:43:31.640 [worker-akka.actor.default-dispatcher-2] INFO  a.a.RepointableActorRef akka://worker/user/watcher - Stopped
13:43:31.641 [worker-akka.actor.default-dispatcher-2] INFO  a.a.LocalActorRef akka://worker/user/watcher/graph0000000000/graph/local-acker - Message [com.spbsu.flamestream.runtime.acker.LocalAcker$Flush] from Actor[akka://worker/user/watcher/graph0000000000/graph/local-acker#-1268282193] to Actor[akka://worker/user/watcher/graph0000000000/graph/local-acker#-1268282193] was not delivered. [12] dead letters encountered. This logging can be turned off or adjusted with configuration settings 'akka.log-dead-letters' and 'akka.log-dead-letters-during-shutdown'.
13:43:31.642 [worker-akka.actor.default-dispatcher-2] INFO  a.a.LocalActorRef akka://worker/user/watcher/graph0000000000/graph/local-acker - Message [com.spbsu.flamestream.runtime.acker.LocalAcker$Flush] from Actor[akka://worker/user/watcher/graph0000000000/graph/local-acker#-1268282193] to Actor[akka://worker/user/watcher/graph0000000000/graph/local-acker#-1268282193] was not delivered. [13] dead letters encountered. This logging can be turned off or adjusted with configuration settings 'akka.log-dead-letters' and 'akka.log-dead-letters-during-shutdown'.
13:43:31.652 [worker-akka.actor.default-dispatcher-2] INFO  a.r.RemoteActorRefProvider$RemotingTerminator akka://worker@172.31.42.36:5412/system/remoting-terminator - Shutting down remote daemon.
13:43:31.655 [worker-akka.actor.default-dispatcher-2] INFO  a.r.RemoteActorRefProvider$RemotingTerminator akka://worker@172.31.42.36:5412/system/remoting-terminator - Remote daemon shut down; proceeding with flushing remote transports.
13:43:31.839 [worker-akka.actor.default-dispatcher-2] INFO  a.r.RemoteActorRefProvider$RemotingTerminator akka://worker@172.31.42.36:5412/system/remoting-terminator - Remoting shut down.
Heap
 def new generation   total 153600K, used 119686K [0x00000000e0c00000, 0x00000000eb2a0000, 0x00000000eb2a0000)
  eden space 136576K,  80% used [0x00000000e0c00000, 0x00000000e76cc3e8, 0x00000000e9160000)
  from space 17024K,  60% used [0x00000000e9160000, 0x00000000e9b754c8, 0x00000000ea200000)
  to   space 17024K,   0% used [0x00000000ea200000, 0x00000000ea200000, 0x00000000eb2a0000)
 tenured generation   total 341376K, used 92024K [0x00000000eb2a0000, 0x0000000100000000, 0x0000000100000000)
   the space 341376K,  26% used [0x00000000eb2a0000, 0x00000000f0c7e268, 0x00000000f0c7e400, 0x0000000100000000)
 Metaspace       used 33527K, capacity 34298K, committed 34688K, reserved 1079296K
  class space    used 4457K, capacity 4624K, committed 4736K, reserved 1048576K
