10:39:10.061 [worker-akka.actor.default-dispatcher-2] INFO  a.e.s.Slf4jLogger  - Slf4jLogger started
2018-02-23T10:39:10.244+0000: 2.738: [Full GC (Metadata GC Threshold) 2018-02-23T10:39:10.244+0000: 2.738: [Tenured: 0K->15413K(341376K), 0.0388943 secs] 117531K->15413K(494976K), [Metaspace: 20873K->20873K(1067008K)], 0.0389705 secs] [Times: user=0.03 sys=0.01, real=0.04 secs] 
Ama winner
Ama winner
10:39:10.712 [worker-akka.actor.default-dispatcher-2] INFO  a.r.a.ArteryTransport(akka://worker) akka.remote.artery.ArteryTransport(akka://worker) - Started embedded media driver in directory [/dev/shm/aeron-root-worker-3ec69577-8b80-4d92-9750-cc00207c66ef]
10:39:10.943 [worker-akka.actor.default-dispatcher-2] INFO  a.r.a.ArteryTransport(akka://worker) akka.remote.artery.ArteryTransport(akka://worker) - Remoting started; listening on address: [akka://worker@172.31.47.83:5412] with UID [1914305462285917151]
10:39:11.053 [worker-akka.actor.default-dispatcher-2] INFO  o.a.z.ZooKeeper  - Client environment:zookeeper.version=3.4.9-1757313, built on 08/23/2016 06:50 GMT
10:39:11.053 [worker-akka.actor.default-dispatcher-2] INFO  o.a.z.ZooKeeper  - Client environment:host.name=ip-172-31-47-83.us-east-2.compute.internal
10:39:11.053 [worker-akka.actor.default-dispatcher-2] INFO  o.a.z.ZooKeeper  - Client environment:java.version=1.8.0_151
10:39:11.053 [worker-akka.actor.default-dispatcher-2] INFO  o.a.z.ZooKeeper  - Client environment:java.vendor=Oracle Corporation
10:39:11.053 [worker-akka.actor.default-dispatcher-2] INFO  o.a.z.ZooKeeper  - Client environment:java.home=/usr/lib/jvm/java-8-openjdk-amd64/jre
10:39:11.053 [worker-akka.actor.default-dispatcher-2] INFO  o.a.z.ZooKeeper  - Client environment:java.class.path=lib/commons-cli-1.4.jar:lib/minlog-1.3.0.jar:lib/asm-5.0.4.jar:lib/hadoop-annotations-2.7.3.jar:lib/hadoop-auth-2.7.3.jar:lib/akka-slf4j_2.11-2.5.6.jar:lib/jersey-core-1.9.jar:lib/lz4-1.3.0.jar:lib/jackson-core-asl-1.9.13.jar:lib/aeron-client-1.3.0.jar:lib/htrace-core-3.1.0-incubating.jar:lib/xz-1.0.jar:lib/commons-httpclient-3.1.jar:lib/asm-3.1.jar:lib/commons-lang3-3.4.jar:lib/scala-library-2.11.11.jar:lib/scala-java8-compat_2.11-0.7.0.jar:lib/commons-configuration-1.6.jar:lib/objenesis-2.1.jar:lib/jackson-annotations-2.8.0.jar:lib/jsr305-3.0.0.jar:lib/curator-framework-2.7.1.jar:lib/jersey-server-1.9.jar:lib/jets3t-0.9.0.jar:lib/leveldb-0.7.jar:lib/jetty-6.1.26.jar:lib/stax-api-1.0-2.jar:lib/flamestream-core-1.0-SNAPSHOT.jar:lib/reflectasm-1.07-shaded.jar:lib/apacheds-kerberos-codec-2.0.0-M15.jar:lib/api-asn1-api-1.0.0-M20.jar:lib/commons-lang-2.6.jar:lib/commons-beanutils-1.7.0.jar:lib/jackson-xc-1.8.3.jar:lib/jetty-util-6.1.26.jar:lib/logback-classic-1.2.3.jar:lib/jool-0.9.12.jar:lib/flamestream-runtime-1.0-SNAPSHOT-tests.jar:lib/httpcore-4.1.2.jar:lib/kryo-4.0.0.jar:lib/ant-1.8.1.jar:lib/jaxb-impl-2.2.3-1.jar:lib/jersey-json-1.9.jar:lib/commons-compress-1.4.1.jar:lib/leveldbjni-all-1.8.jar:lib/paranamer-2.3.jar:lib/jackson-core-2.8.4.jar:lib/commons-math3-3.6.1.jar:lib/scala-parser-combinators_2.11-1.0.4.jar:lib/netty-3.10.6.Final.jar:lib/trove4j-3.0.3.jar:lib/jaxb-api-2.2.2.jar:lib/logback-core-1.2.3.jar:lib/snappy-java-1.0.4.1.jar:lib/protobuf-java-2.5.0.jar:lib/reactive-streams-1.0.1.jar:lib/flamestream-examples-1.0-SNAPSHOT.jar:lib/commons-codec-1.4.jar:lib/activation-1.1.jar:lib/commons-net-3.1.jar:lib/curator-recipes-2.7.1.jar:lib/jackson-mapper-asl-1.9.13.jar:lib/jackson-databind-2.8.4.jar:lib/flamestream-runtime-1.0-SNAPSHOT.jar:lib/jackson-jaxrs-1.8.3.jar:lib/slf4j-api-1.7.24.jar:lib/akka-remote_2.11-2.5.6.jar:lib/akka-testkit_2.11-2.5.6.jar:lib/jline-0.9.94.jar:lib/akka-stream_2.11-2.5.6.jar:lib/jsp-api-2.1.jar:lib/kryonet-2.21.jar:lib/akka-kryo-serialization_2.11-0.5.0.jar:lib/config-1.3.1.jar:lib/ant-launcher-1.8.1.jar:lib/commons-logging-1.2.jar:lib/ssl-config-core_2.11-0.2.2.jar:lib/testng-6.10.jar:lib/leveldb-api-0.7.jar:lib/reflectasm-1.11.3.jar:lib/jcommander-1.48.jar:lib/commons-1.1.jar:lib/commons-digester-1.8.jar:lib/minlog-1.2.jar:lib/java-xmlbuilder-0.4.jar:lib/jettison-1.1.jar:lib/gson-2.2.4.jar:lib/jdk.tools-1.8.jar:lib/aeron-driver-1.3.0.jar:lib/zookeeper-3.4.9.jar:lib/commons-beanutils-core-1.8.0.jar:lib/commons-math3-3.1.1.jar:lib/akka-actor_2.11-2.5.6.jar:lib/curator-client-2.7.1.jar:lib/servlet-api-2.5.jar:lib/apacheds-i18n-2.0.0-M15.jar:lib/commons-io-2.4.jar:lib/commons-codec-1.6.jar:lib/akka-protobuf_2.11-2.5.6.jar:lib/jdom-2.0.2.jar:lib/api-util-1.0.0-M20.jar:lib/hadoop-common-2.7.3.jar:lib/agrona-0.9.6.jar:lib/xmlenc-0.52.jar:lib/guava-21.0.jar:lib/commons-collections-3.2.2.jar:lib/avro-1.7.4.jar:lib/httpclient-4.1.2.jar:lib/flamestream-core-1.0-SNAPSHOT-tests.jar:lib/annotations-12.0.jar:lib/jsch-0.1.42.jar:flamestream-runtime-1.0-SNAPSHOT.jar
10:39:11.053 [worker-akka.actor.default-dispatcher-2] INFO  o.a.z.ZooKeeper  - Client environment:java.library.path=/usr/java/packages/lib/amd64:/usr/lib/x86_64-linux-gnu/jni:/lib/x86_64-linux-gnu:/usr/lib/x86_64-linux-gnu:/usr/lib/jni:/lib:/usr/lib
10:39:11.053 [worker-akka.actor.default-dispatcher-2] INFO  o.a.z.ZooKeeper  - Client environment:java.io.tmpdir=/tmp
10:39:11.053 [worker-akka.actor.default-dispatcher-2] INFO  o.a.z.ZooKeeper  - Client environment:java.compiler=<NA>
10:39:11.054 [worker-akka.actor.default-dispatcher-2] INFO  o.a.z.ZooKeeper  - Client environment:os.name=Linux
10:39:11.054 [worker-akka.actor.default-dispatcher-2] INFO  o.a.z.ZooKeeper  - Client environment:os.arch=amd64
10:39:11.054 [worker-akka.actor.default-dispatcher-2] INFO  o.a.z.ZooKeeper  - Client environment:os.version=4.4.0-1049-aws
10:39:11.054 [worker-akka.actor.default-dispatcher-2] INFO  o.a.z.ZooKeeper  - Client environment:user.name=root
10:39:11.055 [worker-akka.actor.default-dispatcher-2] INFO  o.a.z.ZooKeeper  - Client environment:user.home=/root
10:39:11.055 [worker-akka.actor.default-dispatcher-2] INFO  o.a.z.ZooKeeper  - Client environment:user.dir=/opt/flamestream
10:39:11.059 [worker-akka.actor.default-dispatcher-2] INFO  o.a.z.ZooKeeper  - Initiating client connection, connectString=172.31.34.147:2181 sessionTimeout=5000 watcher=com.spbsu.flamestream.runtime.application.LifecycleWatcher$$Lambda$29/2091173542@1b48f905
10:39:11.095 [worker-akka.actor.default-dispatcher-2] INFO  a.a.RepointableActorRef akka://worker/user/watcher - Starting...
10:39:11.101 [worker-akka.actor.default-dispatcher-2-SendThread(172.31.34.147:2181)] INFO  o.a.z.ClientCnxn  - Opening socket connection to server 172.31.34.147/172.31.34.147:2181. Will not attempt to authenticate using SASL (unknown error)
10:39:11.104 [worker-akka.actor.default-dispatcher-2-SendThread(172.31.34.147:2181)] INFO  o.a.z.ClientCnxn  - Socket connection established to 172.31.34.147/172.31.34.147:2181, initiating session
10:39:11.116 [worker-akka.actor.default-dispatcher-2-SendThread(172.31.34.147:2181)] INFO  o.a.z.ClientCnxn  - Session establishment complete on server 172.31.34.147/172.31.34.147:2181, sessionid = 0x161c23e272f000b, negotiated timeout = 6000
10:39:11.214 [worker-akka.actor.default-dispatcher-2] INFO  a.a.RepointableActorRef akka://worker/user/watcher - Connected to ZK
10:39:17.827 [worker-akka.actor.default-dispatcher-2] INFO  a.a.RepointableActorRef akka://worker/user/watcher - Creating node with watchGraphs: 'com.spbsu.flamestream.core.Graph$Builder$MyGraph@22aae96d', config: 'ClusterConfig{paths={172.31.33.155=akka://worker@172.31.33.155:5412/user/watcher/graph0000000000, 172.31.47.83=akka://worker@172.31.47.83:5412/user/watcher/graph0000000000, 172.31.45.197=akka://worker@172.31.45.197:5412/user/watcher/graph0000000000, 172.31.42.36=akka://worker@172.31.42.36:5412/user/watcher/graph0000000000, 172.31.44.83=akka://worker@172.31.44.83:5412/user/watcher/graph0000000000, 172.31.39.64=akka://worker@172.31.39.64:5412/user/watcher/graph0000000000, 172.31.35.79=akka://worker@172.31.35.79:5412/user/watcher/graph0000000000, 172.31.34.169=akka://worker@172.31.34.169:5412/user/watcher/graph0000000000, 172.31.47.100=akka://worker@172.31.47.100:5412/user/watcher/graph0000000000, 172.31.37.101=akka://worker@172.31.37.101:5412/user/watcher/graph0000000000}, ackerLocation='172.31.35.79', props=ComputationLayout{ranges={172.31.33.155=HashRange{from=-1670265060, to=-1193046472}, 172.31.47.83=HashRange{from=1670265056, to=2147483644}, 172.31.45.197=HashRange{from=-715827884, to=-238609296}, 172.31.42.36=HashRange{from=1193046468, to=1670265056}, 172.31.44.83=HashRange{from=-238609296, to=238609292}, 172.31.39.64=HashRange{from=715827880, to=1193046468}, 172.31.35.79=HashRange{from=0, to=0}, 172.31.34.169=HashRange{from=-2147483648, to=-1670265060}, 172.31.47.100=HashRange{from=238609292, to=715827880}, 172.31.37.101=HashRange{from=-1193046472, to=-715827884}}}}'
10:39:18.770 [worker-akka.actor.default-dispatcher-2] INFO  a.a.LocalActorRef akka://worker/user/watcher/graph0000000000/graph - Starting...
10:39:18.773 [worker-akka.actor.default-dispatcher-2] INFO  a.a.LocalActorRef akka://worker/user/watcher/graph0000000000/graph/local-acker - Starting...
10:39:18.775 [worker-akka.actor.default-dispatcher-2] INFO  a.a.LocalActorRef akka://worker/user/watcher/graph0000000000/graph/local-acker/$a - Starting...
Warning: space is running low in /dev/shm (tmpfs) threshold=167,772,160 usable=158,621,696
Warning: space is running low in /dev/shm (tmpfs) threshold=167,772,160 usable=146,034,688
Warning: space is running low in /dev/shm (tmpfs) threshold=167,772,160 usable=133,447,680
Warning: space is running low in /dev/shm (tmpfs) threshold=167,772,160 usable=120,860,672
Warning: space is running low in /dev/shm (tmpfs) threshold=167,772,160 usable=108,273,664
Warning: space is running low in /dev/shm (tmpfs) threshold=167,772,160 usable=95,686,656
Warning: space is running low in /dev/shm (tmpfs) threshold=167,772,160 usable=83,099,648
Warning: space is running low in /dev/shm (tmpfs) threshold=167,772,160 usable=70,512,640
10:39:19.907 [worker-akka.actor.default-dispatcher-2] INFO  a.a.LocalActorRef akka://worker/user/watcher/graph0000000000/graph - Finishing constructor
10:39:19.908 [worker-akka.actor.default-dispatcher-2] INFO  a.a.LocalActorRef akka://worker/user/watcher/graph0000000000 - Starting...
10:39:19.972 [worker-akka.actor.default-dispatcher-2] INFO  a.a.LocalActorRef akka://worker/user/watcher/graph0000000000/negotiator - Starting...
10:39:19.973 [worker-akka.actor.default-dispatcher-2] INFO  a.a.LocalActorRef akka://worker/user/watcher/graph0000000000/edge - Starting...
10:39:19.974 [worker-akka.actor.default-dispatcher-2] INFO  a.a.LocalActorRef akka://worker/user/watcher/graph0000000000/graph/$a - Starting...
10:39:19.974 [worker-akka.actor.default-dispatcher-2] INFO  a.a.LocalActorRef akka://worker/user/watcher/graph0000000000/graph/$b - Starting...
10:39:19.976 [worker-akka.actor.default-dispatcher-2] INFO  a.a.LocalActorRef akka://worker/user/watcher/graph0000000000/graph/$c - Starting...
10:39:20.006 [worker-akka.actor.default-dispatcher-2] INFO  c.s.f.r.e.s.SocketRear  - FlameSocketGraphDeployerRear@172.31.47.83: connecting to 172.31.34.147:5678
10:39:20.013 [worker-akka.actor.default-dispatcher-2] INFO  c.s.f.r.e.s.SocketRear  - FlameSocketGraphDeployerRear@172.31.47.83: connected to 172.31.34.147:5678
10:39:20.037 [worker-akka.actor.default-dispatcher-2] INFO  a.a.LocalActorRef akka://worker/user/watcher/graph0000000000/edge/FlameSocketGraphDeployerRear - Starting...
10:39:20.038 [worker-akka.actor.default-dispatcher-2] INFO  a.a.LocalActorRef akka://worker/user/watcher/graph0000000000/edge/FlameSocketGraphDeployerFront - Starting...
10:39:20.039 [worker-akka.actor.default-dispatcher-2] INFO  a.a.LocalActorRef akka://worker/user/watcher/graph0000000000/negotiator - Requesting ticket for the frontClass FlameSocketGraphDeployerFront@172.31.47.83
10:39:20.052 [worker-akka.actor.default-dispatcher-2] INFO  a.a.LocalActorRef akka://worker/user/watcher/graph0000000000/negotiator - Ticket for the frontClass received: FrontTicket{allowedTimestamp=(1519382357832, FlameSocketGraphDeployerFront@172.31.47.83)}
10:39:20.053 [worker-akka.actor.default-dispatcher-2] INFO  c.s.f.r.e.s.SocketFront  - FlameSocketGraphDeployerFront@172.31.47.83: connecting to 172.31.34.147:4567
10:39:20.073 [Client] INFO  c.s.f.r.e.s.SocketFront  - FlameSocketGraphDeployerFront@172.31.47.83 has been disconnected from Connection 4
2018-02-23T10:39:24.048+0000: 16.542: [GC (Allocation Failure) 2018-02-23T10:39:24.048+0000: 16.542: [DefNew: 136576K->15602K(153600K), 0.0465685 secs] 151989K->50547K(494976K), 0.0466393 secs] [Times: user=0.03 sys=0.01, real=0.05 secs] 
2018-02-23T10:39:26.326+0000: 18.820: [GC (Allocation Failure) 2018-02-23T10:39:26.326+0000: 18.820: [DefNew: 152178K->4356K(153600K), 0.0353166 secs] 187123K->47133K(494976K), 0.0353887 secs] [Times: user=0.03 sys=0.00, real=0.04 secs] 
2018-02-23T10:39:31.794+0000: 24.288: [GC (Allocation Failure) 2018-02-23T10:39:31.794+0000: 24.288: [DefNew: 140932K->5631K(153600K), 0.0126879 secs] 183709K->48408K(494976K), 0.0127696 secs] [Times: user=0.01 sys=0.00, real=0.01 secs] 
2018-02-23T10:39:35.818+0000: 28.312: [GC (Allocation Failure) 2018-02-23T10:39:35.818+0000: 28.312: [DefNew: 142207K->7356K(153600K), 0.0154955 secs] 184984K->50133K(494976K), 0.0155479 secs] [Times: user=0.02 sys=0.00, real=0.01 secs] 
2018-02-23T10:39:40.657+0000: 33.151: [GC (Allocation Failure) 2018-02-23T10:39:40.657+0000: 33.152: [DefNew: 143932K->9368K(153600K), 0.0157986 secs] 186709K->52144K(494976K), 0.0158579 secs] [Times: user=0.01 sys=0.00, real=0.01 secs] 
2018-02-23T10:39:44.187+0000: 36.681: [GC (Allocation Failure) 2018-02-23T10:39:44.187+0000: 36.681: [DefNew: 145944K->8842K(153600K), 0.0172841 secs] 188720K->52976K(494976K), 0.0173567 secs] [Times: user=0.02 sys=0.00, real=0.01 secs] 
2018-02-23T10:39:48.064+0000: 40.558: [GC (Allocation Failure) 2018-02-23T10:39:48.064+0000: 40.558: [DefNew: 145418K->8604K(153600K), 0.0162729 secs] 189552K->54182K(494976K), 0.0163253 secs] [Times: user=0.02 sys=0.00, real=0.02 secs] 
2018-02-23T10:39:51.803+0000: 44.297: [GC (Allocation Failure) 2018-02-23T10:39:51.803+0000: 44.297: [DefNew: 145180K->7842K(153600K), 0.0162204 secs] 190758K->54857K(494976K), 0.0162887 secs] [Times: user=0.01 sys=0.00, real=0.02 secs] 
2018-02-23T10:39:56.941+0000: 49.435: [GC (Allocation Failure) 2018-02-23T10:39:56.941+0000: 49.435: [DefNew: 144418K->9443K(153600K), 0.0145128 secs] 191433K->56459K(494976K), 0.0145750 secs] [Times: user=0.02 sys=0.00, real=0.02 secs] 
2018-02-23T10:40:01.680+0000: 54.174: [GC (Allocation Failure) 2018-02-23T10:40:01.680+0000: 54.174: [DefNew: 146019K->9540K(153600K), 0.0163102 secs] 193035K->57775K(494976K), 0.0163989 secs] [Times: user=0.01 sys=0.00, real=0.02 secs] 
2018-02-23T10:40:05.888+0000: 58.383: [GC (Allocation Failure) 2018-02-23T10:40:05.888+0000: 58.383: [DefNew: 146116K->9638K(153600K), 0.0187894 secs] 194351K->59061K(494976K), 0.0188487 secs] [Times: user=0.02 sys=0.00, real=0.02 secs] 
2018-02-23T10:40:10.887+0000: 63.381: [GC (Allocation Failure) 2018-02-23T10:40:10.887+0000: 63.381: [DefNew: 146214K->9648K(153600K), 0.0190567 secs] 195637K->60903K(494976K), 0.0191278 secs] [Times: user=0.02 sys=0.00, real=0.01 secs] 
2018-02-23T10:40:16.540+0000: 69.035: [GC (Allocation Failure) 2018-02-23T10:40:16.540+0000: 69.035: [DefNew: 146224K->8320K(153600K), 0.0170610 secs] 197479K->61267K(494976K), 0.0171320 secs] [Times: user=0.02 sys=0.00, real=0.02 secs] 
2018-02-23T10:40:20.718+0000: 73.212: [GC (Allocation Failure) 2018-02-23T10:40:20.718+0000: 73.212: [DefNew: 144896K->9606K(153600K), 0.0155737 secs] 197843K->62553K(494976K), 0.0156560 secs] [Times: user=0.01 sys=0.00, real=0.01 secs] 
2018-02-23T10:40:26.744+0000: 79.238: [GC (Allocation Failure) 2018-02-23T10:40:26.744+0000: 79.238: [DefNew: 146182K->8773K(153600K), 0.0182989 secs] 199129K->63611K(494976K), 0.0183637 secs] [Times: user=0.02 sys=0.00, real=0.02 secs] 
2018-02-23T10:40:31.910+0000: 84.404: [GC (Allocation Failure) 2018-02-23T10:40:31.910+0000: 84.404: [DefNew: 145349K->9321K(153600K), 0.0170786 secs] 200187K->65312K(494976K), 0.0171519 secs] [Times: user=0.01 sys=0.00, real=0.02 secs] 
2018-02-23T10:40:37.956+0000: 90.450: [GC (Allocation Failure) 2018-02-23T10:40:37.956+0000: 90.450: [DefNew: 145897K->9465K(153600K), 0.0194750 secs] 201888K->66541K(494976K), 0.0195364 secs] [Times: user=0.01 sys=0.01, real=0.02 secs] 
2018-02-23T10:40:43.308+0000: 95.802: [GC (Allocation Failure) 2018-02-23T10:40:43.308+0000: 95.802: [DefNew: 146041K->9966K(153600K), 0.0171205 secs] 203117K->68021K(494976K), 0.0171908 secs] [Times: user=0.02 sys=0.00, real=0.01 secs] 
2018-02-23T10:40:48.551+0000: 101.045: [GC (Allocation Failure) 2018-02-23T10:40:48.551+0000: 101.045: [DefNew: 146542K->8876K(153600K), 0.0186444 secs] 204597K->69404K(494976K), 0.0187040 secs] [Times: user=0.02 sys=0.00, real=0.02 secs] 
2018-02-23T10:40:53.348+0000: 105.842: [GC (Allocation Failure) 2018-02-23T10:40:53.348+0000: 105.842: [DefNew: 145452K->9036K(153600K), 0.0174605 secs] 205980K->70857K(494976K), 0.0175258 secs] [Times: user=0.02 sys=0.00, real=0.01 secs] 
2018-02-23T10:40:59.672+0000: 112.166: [GC (Allocation Failure) 2018-02-23T10:40:59.672+0000: 112.166: [DefNew: 145612K->9038K(153600K), 0.0168184 secs] 207433K->72170K(494976K), 0.0168880 secs] [Times: user=0.02 sys=0.00, real=0.02 secs] 
2018-02-23T10:41:04.484+0000: 116.978: [GC (Allocation Failure) 2018-02-23T10:41:04.484+0000: 116.978: [DefNew: 145614K->9066K(153600K), 0.0166272 secs] 208746K->73453K(494976K), 0.0166912 secs] [Times: user=0.02 sys=0.00, real=0.02 secs] 
2018-02-23T10:41:09.222+0000: 121.716: [GC (Allocation Failure) 2018-02-23T10:41:09.222+0000: 121.717: [DefNew: 145642K->9309K(153600K), 0.0175293 secs] 210029K->74943K(494976K), 0.0175902 secs] [Times: user=0.02 sys=0.00, real=0.02 secs] 
2018-02-23T10:41:13.255+0000: 125.749: [GC (Allocation Failure) 2018-02-23T10:41:13.255+0000: 125.749: [DefNew: 145885K->9455K(153600K), 0.0208531 secs] 211519K->76421K(494976K), 0.0209150 secs] [Times: user=0.02 sys=0.00, real=0.02 secs] 
2018-02-23T10:41:18.128+0000: 130.622: [GC (Allocation Failure) 2018-02-23T10:41:18.128+0000: 130.622: [DefNew: 146031K->10112K(153600K), 0.0164361 secs] 212997K->78224K(494976K), 0.0164963 secs] [Times: user=0.02 sys=0.00, real=0.01 secs] 
2018-02-23T10:41:23.035+0000: 135.529: [GC (Allocation Failure) 2018-02-23T10:41:23.035+0000: 135.529: [DefNew: 146688K->9130K(153600K), 0.0190949 secs] 214800K->80019K(494976K), 0.0191565 secs] [Times: user=0.02 sys=0.00, real=0.02 secs] 
2018-02-23T10:41:26.949+0000: 139.443: [GC (Allocation Failure) 2018-02-23T10:41:26.949+0000: 139.443: [DefNew: 145706K->8583K(153600K), 0.0192287 secs] 216595K->81721K(494976K), 0.0193208 secs] [Times: user=0.02 sys=0.00, real=0.02 secs] 
2018-02-23T10:41:31.321+0000: 143.815: [GC (Allocation Failure) 2018-02-23T10:41:31.321+0000: 143.815: [DefNew: 145159K->8101K(153600K), 0.0156085 secs] 218297K->82932K(494976K), 0.0156722 secs] [Times: user=0.02 sys=0.00, real=0.02 secs] 
2018-02-23T10:41:36.351+0000: 148.845: [GC (Allocation Failure) 2018-02-23T10:41:36.351+0000: 148.845: [DefNew: 144677K->10445K(153600K), 0.0159291 secs] 219508K->85276K(494976K), 0.0160109 secs] [Times: user=0.02 sys=0.00, real=0.02 secs] 
2018-02-23T10:41:41.652+0000: 154.146: [GC (Allocation Failure) 2018-02-23T10:41:41.652+0000: 154.146: [DefNew: 147021K->8669K(153600K), 0.0202163 secs] 221852K->85923K(494976K), 0.0202803 secs] [Times: user=0.01 sys=0.01, real=0.02 secs] 
2018-02-23T10:41:46.773+0000: 159.267: [GC (Allocation Failure) 2018-02-23T10:41:46.773+0000: 159.267: [DefNew: 145245K->9058K(153600K), 0.0162397 secs] 222499K->87785K(494976K), 0.0163005 secs] [Times: user=0.02 sys=0.00, real=0.02 secs] 
2018-02-23T10:41:51.772+0000: 164.266: [GC (Allocation Failure) 2018-02-23T10:41:51.772+0000: 164.266: [DefNew: 145634K->9259K(153600K), 0.0192024 secs] 224361K->89447K(494976K), 0.0192653 secs] [Times: user=0.02 sys=0.00, real=0.02 secs] 
2018-02-23T10:41:56.935+0000: 169.430: [GC (Allocation Failure) 2018-02-23T10:41:56.936+0000: 169.430: [DefNew: 145835K->9471K(153600K), 0.0176401 secs] 226023K->91231K(494976K), 0.0177013 secs] [Times: user=0.02 sys=0.00, real=0.01 secs] 
2018-02-23T10:42:01.949+0000: 174.444: [GC (Allocation Failure) 2018-02-23T10:42:01.950+0000: 174.444: [DefNew: 146047K->9706K(153600K), 0.0168554 secs] 227807K->93063K(494976K), 0.0176491 secs] [Times: user=0.02 sys=0.00, real=0.01 secs] 
2018-02-23T10:42:05.563+0000: 178.057: [GC (Allocation Failure) 2018-02-23T10:42:05.563+0000: 178.057: [DefNew: 146282K->8573K(153600K), 0.0153000 secs] 229639K->93638K(494976K), 0.0153748 secs] [Times: user=0.02 sys=0.00, real=0.02 secs] 
2018-02-23T10:42:10.200+0000: 182.694: [GC (Allocation Failure) 2018-02-23T10:42:10.200+0000: 182.694: [DefNew: 145149K->9093K(153600K), 0.0165577 secs] 230214K->95741K(494976K), 0.0166190 secs] [Times: user=0.02 sys=0.00, real=0.02 secs] 
2018-02-23T10:42:14.046+0000: 186.541: [GC (Allocation Failure) 2018-02-23T10:42:14.047+0000: 186.541: [DefNew: 145669K->9213K(153600K), 0.0155811 secs] 232317K->97158K(494976K), 0.0156584 secs] [Times: user=0.02 sys=0.00, real=0.02 secs] 
2018-02-23T10:42:19.679+0000: 192.173: [GC (Allocation Failure) 2018-02-23T10:42:19.679+0000: 192.173: [DefNew: 145789K->9127K(153600K), 0.0160346 secs] 233734K->98559K(494976K), 0.0160992 secs] [Times: user=0.02 sys=0.00, real=0.02 secs] 
2018-02-23T10:42:23.753+0000: 196.247: [GC (Allocation Failure) 2018-02-23T10:42:23.753+0000: 196.247: [DefNew: 145703K->9462K(153600K), 0.0199795 secs] 235135K->100288K(494976K), 0.0200615 secs] [Times: user=0.01 sys=0.00, real=0.02 secs] 
2018-02-23T10:42:29.137+0000: 201.631: [GC (Allocation Failure) 2018-02-23T10:42:29.137+0000: 201.631: [DefNew: 146038K->9212K(153600K), 0.0201723 secs] 236864K->101596K(494976K), 0.0202406 secs] [Times: user=0.02 sys=0.00, real=0.02 secs] 
2018-02-23T10:42:33.710+0000: 206.204: [GC (Allocation Failure) 2018-02-23T10:42:33.710+0000: 206.204: [DefNew: 145788K->9774K(153600K), 0.0177893 secs] 238172K->103700K(494976K), 0.0178537 secs] [Times: user=0.02 sys=0.01, real=0.02 secs] 
2018-02-23T10:42:37.843+0000: 210.337: [GC (Allocation Failure) 2018-02-23T10:42:37.843+0000: 210.337: [DefNew: 146350K->10601K(153600K), 0.0164342 secs] 240276K->105818K(494976K), 0.0164983 secs] [Times: user=0.01 sys=0.01, real=0.02 secs] 
2018-02-23T10:42:42.673+0000: 215.167: [GC (Allocation Failure) 2018-02-23T10:42:42.673+0000: 215.167: [DefNew: 147177K->10540K(153600K), 0.0178844 secs] 242394K->107570K(494976K), 0.0179401 secs] [Times: user=0.01 sys=0.00, real=0.02 secs] 
2018-02-23T10:42:46.993+0000: 219.488: [GC (Allocation Failure) 2018-02-23T10:42:46.993+0000: 219.488: [DefNew: 147116K->10702K(153600K), 0.0186416 secs] 244146K->109601K(494976K), 0.0187059 secs] [Times: user=0.02 sys=0.00, real=0.02 secs] 
10:42:50.607 [Client] INFO  c.s.f.r.e.s.SocketRear  - FlameSocketGraphDeployerRear@172.31.47.83: has been disconnected from Connection 4
10:43:09.489 [worker-akka.actor.default-dispatcher-2] INFO  a.a.CoordinatedShutdown CoordinatedShutdown(akka://worker) - Starting coordinated shutdown from JVM shutdown hook
10:43:09.534 [worker-akka.actor.default-dispatcher-2] INFO  a.a.LocalActorRef akka://worker/user/watcher/graph0000000000/negotiator - Stopped
10:43:09.535 [worker-akka.actor.default-dispatcher-2] INFO  a.a.LocalActorRef akka://worker/user/watcher/graph0000000000/edge/FlameSocketGraphDeployerFront - Stopped
10:43:09.535 [worker-akka.actor.default-dispatcher-2] INFO  a.a.LocalActorRef akka://worker/user/watcher/graph0000000000/graph/local-acker/$a - Stopped
10:43:09.538 [worker-akka.actor.default-dispatcher-2] INFO  a.a.LocalActorRef akka://worker/user/watcher/graph0000000000/edge/FlameSocketGraphDeployerRear - Stopped
10:43:09.540 [worker-akka.actor.default-dispatcher-2] INFO  a.a.LocalActorRef akka://worker/user/watcher/graph0000000000/graph/$a - Stopped
10:43:09.541 [worker-akka.actor.default-dispatcher-2] INFO  a.a.LocalActorRef akka://worker/user/watcher/graph0000000000/graph/$b - Stopped
10:43:09.542 [worker-akka.actor.default-dispatcher-2] INFO  a.a.LocalActorRef akka://worker/user/watcher/graph0000000000/graph/$c - Stopped
10:43:09.551 [worker-akka.actor.default-dispatcher-2] INFO  a.a.LocalActorRef akka://worker/user/watcher/graph0000000000/edge - Stopped
10:43:09.553 [worker-akka.actor.default-dispatcher-2] INFO  a.a.LocalActorRef akka://worker/user/watcher/graph0000000000/graph/local-acker/$a - Message [com.spbsu.flamestream.runtime.utils.akka.PingActor$InnerPing] from Actor[akka://worker/user/watcher/graph0000000000/graph/local-acker/$a#-1335688014] to Actor[akka://worker/user/watcher/graph0000000000/graph/local-acker/$a#-1335688014] was not delivered. [1] dead letters encountered. This logging can be turned off or adjusted with configuration settings 'akka.log-dead-letters' and 'akka.log-dead-letters-during-shutdown'.
10:43:09.553 [worker-akka.actor.default-dispatcher-2] INFO  a.a.LocalActorRef akka://worker/user/watcher/graph0000000000/graph/local-acker - Stopped
10:43:09.553 [worker-akka.actor.default-dispatcher-2] INFO  a.a.LocalActorRef akka://worker/user/watcher/graph0000000000/graph - Stopped
10:43:09.554 [worker-akka.actor.default-dispatcher-2] INFO  a.a.LocalActorRef akka://worker/user/watcher/graph0000000000 - Stopped
10:43:09.556 [worker-akka.actor.default-dispatcher-2-EventThread] INFO  o.a.z.ClientCnxn  - EventThread shut down for session: 0x161c23e272f000b
10:43:09.557 [worker-akka.actor.default-dispatcher-2] INFO  o.a.z.ZooKeeper  - Session: 0x161c23e272f000b closed
10:43:09.558 [worker-akka.actor.default-dispatcher-2] INFO  a.a.LocalActorRef akka://worker/user/watcher/graph0000000000/graph/local-acker/$a - Message [com.spbsu.flamestream.runtime.utils.akka.PingActor$Stop] from Actor[akka://worker/user/watcher/graph0000000000/graph/local-acker#1447647824] to Actor[akka://worker/user/watcher/graph0000000000/graph/local-acker/$a#-1335688014] was not delivered. [2] dead letters encountered. This logging can be turned off or adjusted with configuration settings 'akka.log-dead-letters' and 'akka.log-dead-letters-during-shutdown'.
10:43:09.558 [worker-akka.actor.default-dispatcher-2] INFO  a.a.LocalActorRef akka://worker/user/watcher/graph0000000000/graph/local-acker - Message [com.spbsu.flamestream.runtime.acker.LocalAcker$Flush] from Actor[akka://worker/user/watcher/graph0000000000/graph/local-acker#1447647824] to Actor[akka://worker/user/watcher/graph0000000000/graph/local-acker#1447647824] was not delivered. [3] dead letters encountered. This logging can be turned off or adjusted with configuration settings 'akka.log-dead-letters' and 'akka.log-dead-letters-during-shutdown'.
10:43:09.558 [worker-akka.actor.default-dispatcher-2] INFO  a.a.LocalActorRef akka://worker/user/watcher/graph0000000000/graph/local-acker - Message [com.spbsu.flamestream.runtime.acker.LocalAcker$Flush] from Actor[akka://worker/user/watcher/graph0000000000/graph/local-acker#1447647824] to Actor[akka://worker/user/watcher/graph0000000000/graph/local-acker#1447647824] was not delivered. [4] dead letters encountered. This logging can be turned off or adjusted with configuration settings 'akka.log-dead-letters' and 'akka.log-dead-letters-during-shutdown'.
10:43:09.559 [worker-akka.actor.default-dispatcher-2] INFO  a.a.RepointableActorRef akka://worker/user/watcher - Stopped
10:43:09.571 [worker-akka.actor.default-dispatcher-2] INFO  a.r.RemoteActorRefProvider$RemotingTerminator akka://worker@172.31.47.83:5412/system/remoting-terminator - Shutting down remote daemon.
10:43:09.577 [worker-akka.actor.default-dispatcher-2] INFO  a.r.RemoteActorRefProvider$RemotingTerminator akka://worker@172.31.47.83:5412/system/remoting-terminator - Remote daemon shut down; proceeding with flushing remote transports.
10:43:10.713 [worker-akka.actor.default-dispatcher-2] INFO  a.r.RemoteActorRefProvider$RemotingTerminator akka://worker@172.31.47.83:5412/system/remoting-terminator - Remoting shut down.
Heap
 def new generation   total 153600K, used 122957K [0x00000000e0c00000, 0x00000000eb2a0000, 0x00000000eb2a0000)
  eden space 136576K,  82% used [0x00000000e0c00000, 0x00000000e799fbf0, 0x00000000e9160000)
  from space 17024K,  62% used [0x00000000e9160000, 0x00000000e9bd3908, 0x00000000ea200000)
  to   space 17024K,   0% used [0x00000000ea200000, 0x00000000ea200000, 0x00000000eb2a0000)
 tenured generation   total 341376K, used 98899K [0x00000000eb2a0000, 0x0000000100000000, 0x0000000100000000)
   the space 341376K,  28% used [0x00000000eb2a0000, 0x00000000f1334db8, 0x00000000f1334e00, 0x0000000100000000)
 Metaspace       used 33374K, capacity 34170K, committed 34432K, reserved 1079296K
  class space    used 4455K, capacity 4624K, committed 4736K, reserved 1048576K
