16:49:22,186 |-INFO in ch.qos.logback.classic.LoggerContext[default] - Could NOT find resource [logback-test.xml]
16:49:22,186 |-INFO in ch.qos.logback.classic.LoggerContext[default] - Could NOT find resource [logback.groovy]
16:49:22,186 |-INFO in ch.qos.logback.classic.LoggerContext[default] - Found resource [logback.xml] at [jar:file:/opt/flamestream/lib/flamestream-runtime-1.0-SNAPSHOT.jar!/logback.xml]
16:49:22,187 |-WARN in ch.qos.logback.classic.LoggerContext[default] - Resource [logback.xml] occurs multiple times on the classpath.
16:49:22,187 |-WARN in ch.qos.logback.classic.LoggerContext[default] - Resource [logback.xml] occurs at [jar:file:/opt/flamestream/flamestream-runtime-1.0-SNAPSHOT.jar!/logback.xml]
16:49:22,187 |-WARN in ch.qos.logback.classic.LoggerContext[default] - Resource [logback.xml] occurs at [jar:file:/opt/flamestream/lib/flamestream-runtime-1.0-SNAPSHOT.jar!/logback.xml]
16:49:22,210 |-INFO in ch.qos.logback.core.joran.spi.ConfigurationWatchList@69b794e2 - URL [jar:file:/opt/flamestream/lib/flamestream-runtime-1.0-SNAPSHOT.jar!/logback.xml] is not of type file
16:49:22,287 |-INFO in ch.qos.logback.classic.joran.action.ConfigurationAction - debug attribute not set
16:49:22,287 |-INFO in ch.qos.logback.core.joran.action.AppenderAction - About to instantiate appender of type [ch.qos.logback.core.ConsoleAppender]
16:49:22,296 |-INFO in ch.qos.logback.core.joran.action.AppenderAction - Naming appender as [STDOUT]
16:49:22,303 |-INFO in ch.qos.logback.core.joran.action.NestedComplexPropertyIA - Assuming default type [ch.qos.logback.classic.encoder.PatternLayoutEncoder] for [encoder] property
16:49:22,350 |-INFO in ch.qos.logback.core.joran.action.AppenderAction - About to instantiate appender of type [ch.qos.logback.core.rolling.RollingFileAppender]
16:49:22,352 |-INFO in ch.qos.logback.core.joran.action.AppenderAction - Naming appender as [FILE]
16:49:22,374 |-INFO in c.q.l.core.rolling.TimeBasedRollingPolicy@1059063940 - No compression will be used
16:49:22,375 |-INFO in c.q.l.core.rolling.TimeBasedRollingPolicy@1059063940 - Will use the pattern /tmp/application_%d{yyyy-MM-dd}.%i.log for the active file
16:49:22,380 |-INFO in ch.qos.logback.core.rolling.SizeAndTimeBasedFNATP@4d339552 - The date pattern is 'yyyy-MM-dd' from file name pattern '/tmp/application_%d{yyyy-MM-dd}.%i.log'.
16:49:22,380 |-INFO in ch.qos.logback.core.rolling.SizeAndTimeBasedFNATP@4d339552 - Roll-over at midnight.
16:49:22,384 |-INFO in ch.qos.logback.core.rolling.SizeAndTimeBasedFNATP@4d339552 - Setting initial period to Fri Mar 23 16:46:49 UTC 2018
16:49:22,384 |-WARN in ch.qos.logback.core.rolling.SizeAndTimeBasedFNATP@4d339552 - SizeAndTimeBasedFNATP is deprecated. Use SizeAndTimeBasedRollingPolicy instead
16:49:22,384 |-WARN in ch.qos.logback.core.rolling.SizeAndTimeBasedFNATP@4d339552 - For more information see http://logback.qos.ch/manual/appenders.html#SizeAndTimeBasedRollingPolicy
16:49:22,388 |-INFO in ch.qos.logback.core.joran.action.NestedComplexPropertyIA - Assuming default type [ch.qos.logback.classic.encoder.PatternLayoutEncoder] for [encoder] property
16:49:22,392 |-INFO in ch.qos.logback.core.rolling.RollingFileAppender[FILE] - Active log file name: /tmp/application.log
16:49:22,393 |-INFO in ch.qos.logback.core.rolling.RollingFileAppender[FILE] - File property is set to [/tmp/application.log]
16:49:22,394 |-INFO in ch.qos.logback.classic.joran.action.RootLoggerAction - Setting level of ROOT logger to INFO
16:49:22,394 |-INFO in ch.qos.logback.core.joran.action.AppenderRefAction - Attaching appender named [STDOUT] to Logger[ROOT]
16:49:22,394 |-INFO in ch.qos.logback.core.joran.action.AppenderRefAction - Attaching appender named [FILE] to Logger[ROOT]
16:49:22,394 |-INFO in ch.qos.logback.classic.joran.action.ConfigurationAction - End of configuration.
16:49:22,395 |-INFO in ch.qos.logback.classic.joran.JoranConfigurator@f0f2775 - Registering current configuration as safe fallback point

16:49:22.398 [main] INFO  c.s.f.r.a.WorkerApplication  - Starting worker with id: '10.0.0.37', host: '10.0.0.37:5412', zkString: '10.0.0.70:2181'
16:49:23.243 [worker-akka.actor.default-dispatcher-2] INFO  a.e.s.Slf4jLogger  - Slf4jLogger started
2018-03-23T16:49:23.381+0000: 1.779: [Full GC (Metadata GC Threshold) 2018-03-23T16:49:23.381+0000: 1.779: [Tenured: 0K->15820K(341376K), 0.0394446 secs] 134103K->15820K(494976K), [Metaspace: 20949K->20949K(1067008K)], 0.0395095 secs] [Times: user=0.03 sys=0.00, real=0.04 secs] 
Ama winner
Ama winner
16:49:23.763 [worker-akka.actor.default-dispatcher-2] INFO  a.r.a.ArteryTransport(akka://worker) akka.remote.artery.ArteryTransport(akka://worker) - Started embedded media driver in directory [/dev/shm/aeron-root-worker-0ed2aa7a-c536-43f0-a6e7-da4af4753bc3]
16:49:23.942 [worker-akka.actor.default-dispatcher-2] INFO  a.r.a.ArteryTransport(akka://worker) akka.remote.artery.ArteryTransport(akka://worker) - Remoting started; listening on address: [akka://worker@10.0.0.37:5412] with UID [4949694797328247833]
16:49:23.999 [worker-akka.actor.default-dispatcher-7] INFO  a.a.RepointableActorRef akka://worker/user/watcher - Starting...
16:49:24.010 [worker-akka.actor.default-dispatcher-6] INFO  o.a.z.ZooKeeper  - Client environment:zookeeper.version=3.4.9-1757313, built on 08/23/2016 06:50 GMT
16:49:24.011 [worker-akka.actor.default-dispatcher-6] INFO  o.a.z.ZooKeeper  - Client environment:host.name=localhost
16:49:24.011 [worker-akka.actor.default-dispatcher-6] INFO  o.a.z.ZooKeeper  - Client environment:java.version=1.8.0_151
16:49:24.011 [worker-akka.actor.default-dispatcher-6] INFO  o.a.z.ZooKeeper  - Client environment:java.vendor=Oracle Corporation
16:49:24.011 [worker-akka.actor.default-dispatcher-6] INFO  o.a.z.ZooKeeper  - Client environment:java.home=/usr/lib/jvm/java-8-openjdk-amd64/jre
16:49:24.011 [worker-akka.actor.default-dispatcher-6] INFO  o.a.z.ZooKeeper  - Client environment:java.class.path=lib/commons-cli-1.4.jar:lib/minlog-1.3.0.jar:lib/asm-5.0.4.jar:lib/hadoop-annotations-2.7.3.jar:lib/hadoop-auth-2.7.3.jar:lib/akka-slf4j_2.11-2.5.6.jar:lib/jersey-core-1.9.jar:lib/lz4-1.3.0.jar:lib/jackson-core-asl-1.9.13.jar:lib/aeron-client-1.3.0.jar:lib/htrace-core-3.1.0-incubating.jar:lib/xz-1.0.jar:lib/commons-httpclient-3.1.jar:lib/asm-3.1.jar:lib/commons-lang3-3.4.jar:lib/scala-library-2.11.11.jar:lib/scala-java8-compat_2.11-0.7.0.jar:lib/commons-configuration-1.6.jar:lib/objenesis-2.1.jar:lib/jackson-annotations-2.8.0.jar:lib/jsr305-3.0.0.jar:lib/curator-framework-2.7.1.jar:lib/jersey-server-1.9.jar:lib/jets3t-0.9.0.jar:lib/leveldb-0.7.jar:lib/jetty-6.1.26.jar:lib/stax-api-1.0-2.jar:lib/flamestream-core-1.0-SNAPSHOT.jar:lib/reflectasm-1.07-shaded.jar:lib/apacheds-kerberos-codec-2.0.0-M15.jar:lib/api-asn1-api-1.0.0-M20.jar:lib/commons-lang-2.6.jar:lib/commons-beanutils-1.7.0.jar:lib/jackson-xc-1.8.3.jar:lib/jetty-util-6.1.26.jar:lib/logback-classic-1.2.3.jar:lib/jool-0.9.12.jar:lib/httpcore-4.1.2.jar:lib/kryo-4.0.0.jar:lib/ant-1.8.1.jar:lib/jaxb-impl-2.2.3-1.jar:lib/jersey-json-1.9.jar:lib/commons-compress-1.4.1.jar:lib/leveldbjni-all-1.8.jar:lib/paranamer-2.3.jar:lib/jackson-core-2.8.4.jar:lib/commons-math3-3.6.1.jar:lib/scala-parser-combinators_2.11-1.0.4.jar:lib/netty-3.10.6.Final.jar:lib/trove4j-3.0.3.jar:lib/jaxb-api-2.2.2.jar:lib/logback-core-1.2.3.jar:lib/snappy-java-1.0.4.1.jar:lib/protobuf-java-2.5.0.jar:lib/reactive-streams-1.0.1.jar:lib/flamestream-examples-1.0-SNAPSHOT.jar:lib/commons-codec-1.4.jar:lib/activation-1.1.jar:lib/commons-net-3.1.jar:lib/curator-recipes-2.7.1.jar:lib/jackson-mapper-asl-1.9.13.jar:lib/jackson-databind-2.8.4.jar:lib/flamestream-runtime-1.0-SNAPSHOT.jar:lib/jackson-jaxrs-1.8.3.jar:lib/slf4j-api-1.7.24.jar:lib/akka-remote_2.11-2.5.6.jar:lib/akka-testkit_2.11-2.5.6.jar:lib/jline-0.9.94.jar:lib/jedis-2.9.0.jar:lib/akka-stream_2.11-2.5.6.jar:lib/jsp-api-2.1.jar:lib/kryonet-2.21.jar:lib/akka-kryo-serialization_2.11-0.5.0.jar:lib/config-1.3.1.jar:lib/ant-launcher-1.8.1.jar:lib/commons-logging-1.2.jar:lib/ssl-config-core_2.11-0.2.2.jar:lib/testng-6.10.jar:lib/leveldb-api-0.7.jar:lib/reflectasm-1.11.3.jar:lib/jcommander-1.48.jar:lib/commons-1.1.jar:lib/commons-digester-1.8.jar:lib/minlog-1.2.jar:lib/java-xmlbuilder-0.4.jar:lib/jettison-1.1.jar:lib/gson-2.2.4.jar:lib/jdk.tools-1.8.jar:lib/aeron-driver-1.3.0.jar:lib/zookeeper-3.4.9.jar:lib/commons-beanutils-core-1.8.0.jar:lib/commons-math3-3.1.1.jar:lib/akka-actor_2.11-2.5.6.jar:lib/curator-client-2.7.1.jar:lib/servlet-api-2.5.jar:lib/commons-pool2-2.4.2.jar:lib/apacheds-i18n-2.0.0-M15.jar:lib/commons-io-2.4.jar:lib/commons-codec-1.6.jar:lib/akka-protobuf_2.11-2.5.6.jar:lib/jdom-2.0.2.jar:lib/rocksdbjni-5.5.1.jar:lib/api-util-1.0.0-M20.jar:lib/hadoop-common-2.7.3.jar:lib/agrona-0.9.6.jar:lib/xmlenc-0.52.jar:lib/guava-21.0.jar:lib/commons-collections-3.2.2.jar:lib/avro-1.7.4.jar:lib/httpclient-4.1.2.jar:lib/flamestream-core-1.0-SNAPSHOT-tests.jar:lib/annotations-12.0.jar:lib/jsch-0.1.42.jar:flamestream-runtime-1.0-SNAPSHOT.jar
16:49:24.011 [worker-akka.actor.default-dispatcher-6] INFO  o.a.z.ZooKeeper  - Client environment:java.library.path=/usr/java/packages/lib/amd64:/usr/lib/x86_64-linux-gnu/jni:/lib/x86_64-linux-gnu:/usr/lib/x86_64-linux-gnu:/usr/lib/jni:/lib:/usr/lib
16:49:24.011 [worker-akka.actor.default-dispatcher-6] INFO  o.a.z.ZooKeeper  - Client environment:java.io.tmpdir=/tmp
16:49:24.011 [worker-akka.actor.default-dispatcher-6] INFO  o.a.z.ZooKeeper  - Client environment:java.compiler=<NA>
16:49:24.011 [worker-akka.actor.default-dispatcher-6] INFO  o.a.z.ZooKeeper  - Client environment:os.name=Linux
16:49:24.011 [worker-akka.actor.default-dispatcher-6] INFO  o.a.z.ZooKeeper  - Client environment:os.arch=amd64
16:49:24.012 [worker-akka.actor.default-dispatcher-6] INFO  o.a.z.ZooKeeper  - Client environment:os.version=4.4.0-1049-aws
16:49:24.013 [worker-akka.actor.default-dispatcher-6] INFO  o.a.z.ZooKeeper  - Client environment:user.name=root
16:49:24.013 [worker-akka.actor.default-dispatcher-6] INFO  o.a.z.ZooKeeper  - Client environment:user.home=/root
16:49:24.013 [worker-akka.actor.default-dispatcher-6] INFO  o.a.z.ZooKeeper  - Client environment:user.dir=/opt/flamestream
16:49:24.015 [worker-akka.actor.default-dispatcher-6] INFO  o.a.z.ZooKeeper  - Initiating client connection, connectString=10.0.0.70:2181 sessionTimeout=5000 watcher=com.spbsu.flamestream.runtime.application.LifecycleWatcher$$Lambda$29/1927349721@33dcd8bb
16:49:24.046 [worker-akka.actor.default-dispatcher-6-SendThread(10.0.0.70:2181)] INFO  o.a.z.ClientCnxn  - Opening socket connection to server 10.0.0.70/10.0.0.70:2181. Will not attempt to authenticate using SASL (unknown error)
16:49:24.050 [worker-akka.actor.default-dispatcher-7] INFO  a.a.RepointableActorRef akka://worker/user/watcher - Initializing rocksDB backend
16:49:24.055 [worker-akka.actor.default-dispatcher-6-SendThread(10.0.0.70:2181)] INFO  o.a.z.ClientCnxn  - Socket connection established to 10.0.0.70/10.0.0.70:2181, initiating session
16:49:24.070 [worker-akka.actor.default-dispatcher-6-SendThread(10.0.0.70:2181)] INFO  o.a.z.ClientCnxn  - Session establishment complete on server 10.0.0.70/10.0.0.70:2181, sessionid = 0x16253c2d3b80009, negotiated timeout = 6000
16:49:24.239 [worker-akka.actor.default-dispatcher-7] INFO  a.a.RepointableActorRef akka://worker/user/watcher - Connected to ZK
16:49:32.102 [worker-akka.actor.default-dispatcher-7] INFO  a.a.RepointableActorRef akka://worker/user/watcher - Creating node with watchGraphs: 'com.spbsu.flamestream.core.Graph$Builder$MyGraph@1bc011a5', config: 'ClusterConfig{paths={10.0.0.239=akka://worker@10.0.0.239:5412/user/watcher/graph, 10.0.0.205=akka://worker@10.0.0.205:5412/user/watcher/graph, 10.0.0.139=akka://worker@10.0.0.139:5412/user/watcher/graph, 10.0.0.218=akka://worker@10.0.0.218:5412/user/watcher/graph, 10.0.0.225=akka://worker@10.0.0.225:5412/user/watcher/graph, 10.0.0.15=akka://worker@10.0.0.15:5412/user/watcher/graph, 10.0.0.37=akka://worker@10.0.0.37:5412/user/watcher/graph, 10.0.0.57=akka://worker@10.0.0.57:5412/user/watcher/graph, 10.0.0.155=akka://worker@10.0.0.155:5412/user/watcher/graph, 10.0.0.188=akka://worker@10.0.0.188:5412/user/watcher/graph}, ackerLocation='10.0.0.188', props=ComputationLayout{hashGroups={10.0.0.239=com.spbsu.flamestream.runtime.config.HashGroup@1ffe1b9d, 10.0.0.205=com.spbsu.flamestream.runtime.config.HashGroup@5d5c21bc, 10.0.0.139=com.spbsu.flamestream.runtime.config.HashGroup@56dcaf5d, 10.0.0.218=com.spbsu.flamestream.runtime.config.HashGroup@c65a7748, 10.0.0.225=com.spbsu.flamestream.runtime.config.HashGroup@231425fe, 10.0.0.15=com.spbsu.flamestream.runtime.config.HashGroup@fbc82752, 10.0.0.37=com.spbsu.flamestream.runtime.config.HashGroup@ccbcd570, 10.0.0.57=com.spbsu.flamestream.runtime.config.HashGroup@4276a447, 10.0.0.155=com.spbsu.flamestream.runtime.config.HashGroup@3fc198ed, 10.0.0.188=com.spbsu.flamestream.runtime.config.HashGroup@c01f}}}'
16:49:32.931 [worker-akka.actor.default-dispatcher-6] INFO  a.a.LocalActorRef akka://worker/user/watcher/graph/graph - Starting...
16:49:32.938 [worker-akka.actor.default-dispatcher-3] INFO  a.a.LocalActorRef akka://worker/user/watcher/graph/graph/local-acker/$a - Starting...
16:49:32.944 [worker-akka.actor.default-dispatcher-2] INFO  a.a.LocalActorRef akka://worker/user/watcher/graph/graph/local-acker - Starting...
16:49:34.197 [worker-akka.actor.default-dispatcher-2] INFO  a.a.LocalActorRef akka://worker/user/watcher/graph/graph - Finishing constructor
16:49:34.199 [worker-akka.actor.default-dispatcher-5] INFO  a.a.LocalActorRef akka://worker/user/watcher/graph/edge - Starting...
16:49:34.205 [worker-akka.actor.default-dispatcher-3] INFO  a.a.LocalActorRef akka://worker/user/watcher/graph - Starting...
16:49:34.209 [worker-akka.actor.default-dispatcher-2] INFO  a.a.LocalActorRef akka://worker/user/watcher/graph/negotiator - Starting...
16:49:34.230 [worker-akka.actor.default-dispatcher-3] INFO  a.a.LocalActorRef akka://worker/user/watcher/graph/negotiator - Requesting ticket for the frontClass FlameSocketGraphDeployerFront@10.0.0.37
16:49:34.257 [worker-akka.actor.default-dispatcher-7] INFO  a.a.LocalActorRef akka://worker/user/watcher/graph/graph - Received last commit 'LastCommit{globalTime=(0000000, min@min)}'
16:49:34.268 [worker-akka.actor.default-dispatcher-11] INFO  c.s.f.r.e.s.SocketRear  - FlameSocketGraphDeployerRear@10.0.0.37: connecting to 10.0.0.70:5678
16:49:34.287 [worker-akka.actor.default-dispatcher-2] INFO  a.a.LocalActorRef akka://worker/user/watcher/graph/edge/FlameSocketGraphDeployerFront - Starting...
16:49:34.289 [worker-akka.actor.default-dispatcher-11] INFO  c.s.f.r.e.s.SocketRear  - FlameSocketGraphDeployerRear@10.0.0.37: connected to 10.0.0.70:5678
16:49:34.290 [worker-akka.actor.default-dispatcher-11] INFO  a.a.LocalActorRef akka://worker/user/watcher/graph/edge/FlameSocketGraphDeployerRear - Starting...
16:49:34.337 [worker-akka.actor.default-dispatcher-7] INFO  a.a.LocalActorRef akka://worker/user/watcher/graph/graph/$a - Starting...
16:49:34.350 [worker-akka.actor.default-dispatcher-7] INFO  a.a.LocalActorRef akka://worker/user/watcher/graph/graph/$b - Starting...
16:49:34.377 [worker-akka.actor.default-dispatcher-7] INFO  a.a.LocalActorRef akka://worker/user/watcher/graph/graph/$b - Attached rear to graph (-9223372036854775808, min@min)
16:49:34.382 [worker-akka.actor.default-dispatcher-7] INFO  a.a.LocalActorRef akka://worker/user/watcher/graph/graph/$c - Starting...
16:49:34.522 [worker-akka.actor.default-dispatcher-7] INFO  a.a.LocalActorRef akka://worker/user/watcher/graph/negotiator - Ticket for the frontClass received: FrontTicket{allowedTimestamp=(0000000, FlameSocketGraphDeployerFront@10.0.0.37)}
16:49:34.523 [worker-akka.actor.default-dispatcher-7] INFO  c.s.f.r.e.s.SocketFront  - FlameSocketGraphDeployerFront@10.0.0.37: connecting to 10.0.0.70:4567
16:49:34.534 [Client] INFO  c.s.f.r.e.s.SocketFront  - FlameSocketGraphDeployerFront@10.0.0.37 has been disconnected from Connection 6
2018-03-23T16:49:38.627+0000: 17.025: [GC (Allocation Failure) 2018-03-23T16:49:38.627+0000: 17.025: [DefNew: 136576K->15994K(153600K), 0.0279535 secs] 152396K->51347K(494976K), 0.0280190 secs] [Times: user=0.02 sys=0.01, real=0.03 secs] 
2018-03-23T16:49:43.581+0000: 21.979: [GC (Allocation Failure) 2018-03-23T16:49:43.581+0000: 21.979: [DefNew: 152450K->4808K(153600K), 0.0164485 secs] 187803K->48393K(494976K), 0.0165146 secs] [Times: user=0.01 sys=0.00, real=0.02 secs] 
2018-03-23T16:49:48.684+0000: 27.082: [GC (Allocation Failure) 2018-03-23T16:49:48.684+0000: 27.082: [DefNew: 141384K->5743K(153600K), 0.0093556 secs] 184969K->49328K(494976K), 0.0094311 secs] [Times: user=0.01 sys=0.00, real=0.02 secs] 
2018-03-23T16:49:52.497+0000: 30.895: [GC (Allocation Failure) 2018-03-23T16:49:52.497+0000: 30.895: [DefNew: 142319K->6535K(153600K), 0.0155678 secs] 185904K->50120K(494976K), 0.0156296 secs] [Times: user=0.01 sys=0.00, real=0.01 secs] 
2018-03-23T16:49:56.405+0000: 34.803: [GC (Allocation Failure) 2018-03-23T16:49:56.405+0000: 34.803: [DefNew: 143111K->8930K(153600K), 0.0106092 secs] 186696K->52515K(494976K), 0.0106834 secs] [Times: user=0.01 sys=0.00, real=0.01 secs] 
2018-03-23T16:50:00.063+0000: 38.460: [GC (Allocation Failure) 2018-03-23T16:50:00.063+0000: 38.460: [DefNew: 145506K->8586K(153600K), 0.0134957 secs] 189091K->53518K(494976K), 0.0135670 secs] [Times: user=0.01 sys=0.00, real=0.02 secs] 
2018-03-23T16:50:03.280+0000: 41.678: [GC (Allocation Failure) 2018-03-23T16:50:03.280+0000: 41.678: [DefNew: 144429K->8325K(153600K), 0.0115669 secs] 189360K->53980K(494976K), 0.0116333 secs] [Times: user=0.00 sys=0.00, real=0.01 secs] 
2018-03-23T16:50:06.640+0000: 45.038: [GC (Allocation Failure) 2018-03-23T16:50:06.640+0000: 45.038: [DefNew: 144099K->8736K(153600K), 0.0097519 secs] 189754K->54391K(494976K), 0.0098225 secs] [Times: user=0.01 sys=0.00, real=0.01 secs] 
2018-03-23T16:50:09.937+0000: 48.334: [GC (Allocation Failure) 2018-03-23T16:50:09.937+0000: 48.334: [DefNew: 145312K->9615K(153600K), 0.0117004 secs] 190967K->55817K(494976K), 0.0117697 secs] [Times: user=0.01 sys=0.00, real=0.01 secs] 
2018-03-23T16:50:12.839+0000: 51.237: [GC (Allocation Failure) 2018-03-23T16:50:12.840+0000: 51.237: [DefNew: 146191K->5154K(153600K), 0.0252049 secs] 192393K->55962K(494976K), 0.0252735 secs] [Times: user=0.02 sys=0.00, real=0.02 secs] 
2018-03-23T16:50:16.218+0000: 54.615: [GC (Allocation Failure) 2018-03-23T16:50:16.218+0000: 54.615: [DefNew: 141730K->6164K(153600K), 0.0175710 secs] 192538K->56971K(494976K), 0.0176403 secs] [Times: user=0.01 sys=0.01, real=0.02 secs] 
2018-03-23T16:50:18.721+0000: 57.119: [GC (Allocation Failure) 2018-03-23T16:50:18.721+0000: 57.119: [DefNew: 142465K->13905K(153600K), 0.0160817 secs] 193272K->64712K(494976K), 0.0161564 secs] [Times: user=0.02 sys=0.00, real=0.02 secs] 
2018-03-23T16:50:21.574+0000: 59.972: [GC (Allocation Failure) 2018-03-23T16:50:21.574+0000: 59.972: [DefNew: 150223K->1682K(153600K), 0.0167183 secs] 201031K->64916K(494976K), 0.0167907 secs] [Times: user=0.01 sys=0.01, real=0.01 secs] 
2018-03-23T16:50:24.616+0000: 63.014: [GC (Allocation Failure) 2018-03-23T16:50:24.616+0000: 63.014: [DefNew: 138258K->2988K(153600K), 0.0098491 secs] 201492K->66221K(494976K), 0.0099122 secs] [Times: user=0.01 sys=0.00, real=0.01 secs] 
2018-03-23T16:50:27.356+0000: 65.754: [GC (Allocation Failure) 2018-03-23T16:50:27.357+0000: 65.754: [DefNew: 139564K->4149K(153600K), 0.0087761 secs] 202797K->67383K(494976K), 0.0088386 secs] [Times: user=0.00 sys=0.00, real=0.01 secs] 
2018-03-23T16:50:30.034+0000: 68.432: [GC (Allocation Failure) 2018-03-23T16:50:30.034+0000: 68.432: [DefNew: 140725K->5466K(153600K), 0.0186949 secs] 203959K->68700K(494976K), 0.0187713 secs] [Times: user=0.01 sys=0.00, real=0.01 secs] 
2018-03-23T16:50:32.782+0000: 71.180: [GC (Allocation Failure) 2018-03-23T16:50:32.782+0000: 71.180: [DefNew: 140759K->5464K(153600K), 0.0195957 secs] 203993K->68697K(494976K), 0.0196706 secs] [Times: user=0.02 sys=0.00, real=0.02 secs] 
2018-03-23T16:50:35.594+0000: 73.991: [GC (Allocation Failure) 2018-03-23T16:50:35.594+0000: 73.991: [DefNew: 142040K->6798K(153600K), 0.0234034 secs] 205273K->70032K(494976K), 0.0234731 secs] [Times: user=0.02 sys=0.00, real=0.02 secs] 
2018-03-23T16:50:37.899+0000: 76.297: [GC (Allocation Failure) 2018-03-23T16:50:37.899+0000: 76.297: [DefNew: 142808K->6200K(153600K), 0.0177812 secs] 206041K->69434K(494976K), 0.0178533 secs] [Times: user=0.02 sys=0.00, real=0.02 secs] 
2018-03-23T16:50:40.655+0000: 79.053: [GC (Allocation Failure) 2018-03-23T16:50:40.655+0000: 79.053: [DefNew: 142776K->6921K(153600K), 0.0129063 secs] 206010K->70155K(494976K), 0.0129660 secs] [Times: user=0.01 sys=0.01, real=0.01 secs] 
2018-03-23T16:50:43.131+0000: 81.529: [GC (Allocation Failure) 2018-03-23T16:50:43.131+0000: 81.529: [DefNew: 141599K->6988K(153600K), 0.0105305 secs] 204833K->70222K(494976K), 0.0105979 secs] [Times: user=0.01 sys=0.00, real=0.01 secs] 
2018-03-23T16:50:45.613+0000: 84.011: [GC (Allocation Failure) 2018-03-23T16:50:45.613+0000: 84.011: [DefNew: 143564K->7462K(153600K), 0.0111229 secs] 206798K->70696K(494976K), 0.0111910 secs] [Times: user=0.01 sys=0.00, real=0.01 secs] 
2018-03-23T16:50:48.245+0000: 86.643: [GC (Allocation Failure) 2018-03-23T16:50:48.245+0000: 86.643: [DefNew: 142646K->7721K(153600K), 0.0117854 secs] 205880K->70954K(494976K), 0.0118542 secs] [Times: user=0.01 sys=0.00, real=0.01 secs] 
2018-03-23T16:50:50.599+0000: 88.997: [GC (Allocation Failure) 2018-03-23T16:50:50.599+0000: 88.997: [DefNew: 144123K->7994K(153600K), 0.0116387 secs] 207356K->71228K(494976K), 0.0117053 secs] [Times: user=0.01 sys=0.00, real=0.01 secs] 
2018-03-23T16:50:53.528+0000: 91.926: [GC (Allocation Failure) 2018-03-23T16:50:53.528+0000: 91.926: [DefNew: 144570K->8579K(153600K), 0.0119836 secs] 207804K->71813K(494976K), 0.0120540 secs] [Times: user=0.01 sys=0.00, real=0.01 secs] 
2018-03-23T16:50:55.866+0000: 94.264: [GC (Allocation Failure) 2018-03-23T16:50:55.866+0000: 94.264: [DefNew: 142817K->8449K(153600K), 0.0129437 secs] 206051K->72245K(494976K), 0.0130145 secs] [Times: user=0.01 sys=0.00, real=0.01 secs] 
2018-03-23T16:50:58.295+0000: 96.693: [GC (Allocation Failure) 2018-03-23T16:50:58.295+0000: 96.693: [DefNew: 145025K->9490K(153600K), 0.0133765 secs] 208821K->73285K(494976K), 0.0134560 secs] [Times: user=0.01 sys=0.00, real=0.01 secs] 
2018-03-23T16:51:00.929+0000: 99.327: [GC (Allocation Failure) 2018-03-23T16:51:00.929+0000: 99.327: [DefNew: 145186K->7853K(153600K), 0.0134978 secs] 208982K->72636K(494976K), 0.0135750 secs] [Times: user=0.01 sys=0.00, real=0.01 secs] 
2018-03-23T16:51:03.608+0000: 102.006: [GC (Allocation Failure) 2018-03-23T16:51:03.609+0000: 102.006: [DefNew: 144305K->9360K(153600K), 0.0138388 secs] 209087K->74143K(494976K), 0.0139068 secs] [Times: user=0.01 sys=0.00, real=0.01 secs] 
2018-03-23T16:51:05.933+0000: 104.331: [GC (Allocation Failure) 2018-03-23T16:51:05.933+0000: 104.331: [DefNew: 145936K->8850K(153600K), 0.0182160 secs] 210719K->74755K(494976K), 0.0182667 secs] [Times: user=0.01 sys=0.01, real=0.01 secs] 
2018-03-23T16:51:08.494+0000: 106.892: [GC (Allocation Failure) 2018-03-23T16:51:08.494+0000: 106.892: [DefNew: 145426K->8612K(153600K), 0.0140855 secs] 211331K->75060K(494976K), 0.0141586 secs] [Times: user=0.01 sys=0.00, real=0.01 secs] 
2018-03-23T16:51:11.202+0000: 109.600: [GC (Allocation Failure) 2018-03-23T16:51:11.202+0000: 109.600: [DefNew: 141786K->6972K(153600K), 0.0109928 secs] 208234K->73857K(494976K), 0.0110637 secs] [Times: user=0.01 sys=0.00, real=0.01 secs] 
2018-03-23T16:51:13.543+0000: 111.941: [GC (Allocation Failure) 2018-03-23T16:51:13.543+0000: 111.941: [DefNew: 143548K->8894K(153600K), 0.0133205 secs] 210433K->75779K(494976K), 0.0133885 secs] [Times: user=0.01 sys=0.00, real=0.02 secs] 
2018-03-23T16:51:15.962+0000: 114.359: [GC (Allocation Failure) 2018-03-23T16:51:15.962+0000: 114.359: [DefNew: 145414K->6993K(153600K), 0.0130402 secs] 212300K->74559K(494976K), 0.0131212 secs] [Times: user=0.01 sys=0.00, real=0.02 secs] 
2018-03-23T16:51:18.327+0000: 116.725: [GC (Allocation Failure) 2018-03-23T16:51:18.327+0000: 116.725: [DefNew: 141104K->7280K(153600K), 0.0222363 secs] 208671K->74846K(494976K), 0.0223224 secs] [Times: user=0.02 sys=0.00, real=0.02 secs] 
2018-03-23T16:51:20.562+0000: 118.960: [GC (Allocation Failure) 2018-03-23T16:51:20.562+0000: 118.960: [DefNew: 141145K->7596K(153600K), 0.0219578 secs] 208711K->75163K(494976K), 0.0220375 secs] [Times: user=0.03 sys=0.00, real=0.02 secs] 
2018-03-23T16:51:22.917+0000: 121.315: [GC (Allocation Failure) 2018-03-23T16:51:22.917+0000: 121.315: [DefNew: 142754K->8198K(153600K), 0.0198495 secs] 210320K->75765K(494976K), 0.0199124 secs] [Times: user=0.02 sys=0.00, real=0.02 secs] 
2018-03-23T16:51:25.222+0000: 123.619: [GC (Allocation Failure) 2018-03-23T16:51:25.222+0000: 123.619: [DefNew: 143163K->9715K(153600K), 0.0256276 secs] 210730K->77604K(494976K), 0.0256974 secs] [Times: user=0.03 sys=0.00, real=0.03 secs] 
2018-03-23T16:51:27.340+0000: 125.738: [GC (Allocation Failure) 2018-03-23T16:51:27.340+0000: 125.738: [DefNew: 146291K->17024K(153600K), 0.0392790 secs] 214180K->92820K(494976K), 0.0393445 secs] [Times: user=0.04 sys=0.00, real=0.04 secs] 
2018-03-23T16:51:29.859+0000: 128.257: [GC (Allocation Failure) 2018-03-23T16:51:29.859+0000: 128.257: [DefNew: 153600K->2359K(153600K), 0.0187618 secs] 229396K->95090K(494976K), 0.0188414 secs] [Times: user=0.01 sys=0.02, real=0.02 secs] 
2018-03-23T16:51:32.348+0000: 130.745: [GC (Allocation Failure) 2018-03-23T16:51:32.348+0000: 130.745: [DefNew: 138935K->2894K(153600K), 0.0064414 secs] 231666K->95625K(494976K), 0.0065059 secs] [Times: user=0.00 sys=0.00, real=0.01 secs] 
2018-03-23T16:51:34.708+0000: 133.106: [GC (Allocation Failure) 2018-03-23T16:51:34.708+0000: 133.106: [DefNew: 136734K->3658K(153600K), 0.0074557 secs] 229465K->96389K(494976K), 0.0075331 secs] [Times: user=0.01 sys=0.00, real=0.01 secs] 
2018-03-23T16:51:37.211+0000: 135.609: [GC (Allocation Failure) 2018-03-23T16:51:37.211+0000: 135.609: [DefNew: 135828K->4102K(153600K), 0.0075224 secs] 228559K->96833K(494976K), 0.0075967 secs] [Times: user=0.01 sys=0.00, real=0.01 secs] 
2018-03-23T16:51:39.419+0000: 137.817: [GC (Allocation Failure) 2018-03-23T16:51:39.419+0000: 137.817: [DefNew: 140531K->4765K(153600K), 0.0109012 secs] 233262K->97496K(494976K), 0.0109639 secs] [Times: user=0.01 sys=0.00, real=0.01 secs] 
2018-03-23T16:51:42.017+0000: 140.415: [GC (Allocation Failure) 2018-03-23T16:51:42.017+0000: 140.415: [DefNew: 141341K->6754K(153600K), 0.0114278 secs] 234072K->99485K(494976K), 0.0114975 secs] [Times: user=0.01 sys=0.00, real=0.01 secs] 
2018-03-23T16:51:44.229+0000: 142.627: [GC (Allocation Failure) 2018-03-23T16:51:44.229+0000: 142.627: [DefNew: 139958K->5508K(153600K), 0.0091007 secs] 232689K->98239K(494976K), 0.0091668 secs] [Times: user=0.00 sys=0.00, real=0.01 secs] 
2018-03-23T16:51:46.598+0000: 144.996: [GC (Allocation Failure) 2018-03-23T16:51:46.598+0000: 144.996: [DefNew: 142084K->5820K(153600K), 0.0090110 secs] 234815K->98551K(494976K), 0.0090787 secs] [Times: user=0.01 sys=0.00, real=0.01 secs] 
2018-03-23T16:51:49.008+0000: 147.406: [GC (Allocation Failure) 2018-03-23T16:51:49.008+0000: 147.406: [DefNew: 142396K->6873K(153600K), 0.0102786 secs] 235127K->99604K(494976K), 0.0103468 secs] [Times: user=0.02 sys=0.00, real=0.01 secs] 
2018-03-23T16:51:51.094+0000: 149.492: [GC (Allocation Failure) 2018-03-23T16:51:51.094+0000: 149.492: [DefNew: 141226K->6080K(153600K), 0.0095817 secs] 233957K->98811K(494976K), 0.0096592 secs] [Times: user=0.02 sys=0.00, real=0.00 secs] 
2018-03-23T16:51:53.358+0000: 151.756: [GC (Allocation Failure) 2018-03-23T16:51:53.358+0000: 151.756: [DefNew: 140014K->6624K(153600K), 0.0107613 secs] 232745K->99355K(494976K), 0.0108301 secs] [Times: user=0.01 sys=0.00, real=0.01 secs] 
2018-03-23T16:51:55.973+0000: 154.371: [GC (Allocation Failure) 2018-03-23T16:51:55.973+0000: 154.371: [DefNew: 143200K->7492K(153600K), 0.0115174 secs] 235931K->100223K(494976K), 0.0115833 secs] [Times: user=0.01 sys=0.00, real=0.00 secs] 
2018-03-23T16:51:58.227+0000: 156.625: [GC (Allocation Failure) 2018-03-23T16:51:58.227+0000: 156.625: [DefNew: 144068K->8009K(153600K), 0.0116022 secs] 236799K->100740K(494976K), 0.0116810 secs] [Times: user=0.01 sys=0.00, real=0.01 secs] 
2018-03-23T16:52:00.466+0000: 158.863: [GC (Allocation Failure) 2018-03-23T16:52:00.466+0000: 158.863: [DefNew: 144070K->7648K(153600K), 0.0117305 secs] 236801K->100379K(494976K), 0.0118025 secs] [Times: user=0.01 sys=0.00, real=0.01 secs] 
2018-03-23T16:52:02.934+0000: 161.332: [GC (Allocation Failure) 2018-03-23T16:52:02.934+0000: 161.332: [DefNew: 144224K->8467K(153600K), 0.0127069 secs] 236955K->101198K(494976K), 0.0127855 secs] [Times: user=0.01 sys=0.00, real=0.01 secs] 
2018-03-23T16:52:05.179+0000: 163.577: [GC (Allocation Failure) 2018-03-23T16:52:05.179+0000: 163.577: [DefNew: 141611K->7997K(153600K), 0.0119979 secs] 234342K->101070K(494976K), 0.0120710 secs] [Times: user=0.01 sys=0.00, real=0.01 secs] 
2018-03-23T16:52:07.644+0000: 166.042: [GC (Allocation Failure) 2018-03-23T16:52:07.644+0000: 166.042: [DefNew: 144332K->7845K(153600K), 0.0167560 secs] 237405K->101182K(494976K), 0.0168242 secs] [Times: user=0.01 sys=0.00, real=0.02 secs] 
2018-03-23T16:52:09.751+0000: 168.149: [GC (Allocation Failure) 2018-03-23T16:52:09.751+0000: 168.149: [DefNew: 143962K->7813K(153600K), 0.0121139 secs] 237298K->101494K(494976K), 0.0121842 secs] [Times: user=0.01 sys=0.00, real=0.01 secs] 
2018-03-23T16:52:12.120+0000: 170.518: [GC (Allocation Failure) 2018-03-23T16:52:12.120+0000: 170.518: [DefNew: 144389K->8655K(153600K), 0.0273776 secs] 238070K->102537K(494976K), 0.0274512 secs] [Times: user=0.02 sys=0.00, real=0.03 secs] 
2018-03-23T16:52:14.527+0000: 172.925: [GC (Allocation Failure) 2018-03-23T16:52:14.527+0000: 172.925: [DefNew: 145231K->9705K(153600K), 0.0281158 secs] 239113K->103894K(494976K), 0.0281849 secs] [Times: user=0.03 sys=0.00, real=0.03 secs] 
2018-03-23T16:52:16.715+0000: 175.112: [GC (Allocation Failure) 2018-03-23T16:52:16.715+0000: 175.112: [DefNew: 146281K->6949K(153600K), 0.0242041 secs] 240470K->102649K(494976K), 0.0242745 secs] [Times: user=0.02 sys=0.00, real=0.02 secs] 
2018-03-23T16:52:18.887+0000: 177.285: [GC (Allocation Failure) 2018-03-23T16:52:18.887+0000: 177.285: [DefNew: 143525K->8914K(153600K), 0.0262166 secs] 239225K->104613K(494976K), 0.0262870 secs] [Times: user=0.03 sys=0.00, real=0.03 secs] 
2018-03-23T16:52:21.092+0000: 179.490: [GC (Allocation Failure) 2018-03-23T16:52:21.092+0000: 179.490: [DefNew: 145490K->8312K(153600K), 0.0262459 secs] 241189K->104598K(494976K), 0.0263158 secs] [Times: user=0.02 sys=0.00, real=0.03 secs] 
2018-03-23T16:52:23.319+0000: 181.716: [GC (Allocation Failure) 2018-03-23T16:52:23.319+0000: 181.716: [DefNew: 140849K->7190K(153600K), 0.0186714 secs] 237135K->103476K(494976K), 0.0187537 secs] [Times: user=0.02 sys=0.00, real=0.02 secs] 
2018-03-23T16:52:25.579+0000: 183.977: [GC (Allocation Failure) 2018-03-23T16:52:25.579+0000: 183.977: [DefNew: 141291K->7465K(153600K), 0.0185665 secs] 237578K->103751K(494976K), 0.0186513 secs] [Times: user=0.02 sys=0.00, real=0.02 secs] 
2018-03-23T16:52:27.941+0000: 186.339: [GC (Allocation Failure) 2018-03-23T16:52:27.941+0000: 186.339: [DefNew: 139654K->7875K(153600K), 0.0238727 secs] 235940K->104162K(494976K), 0.0239420 secs] [Times: user=0.02 sys=0.00, real=0.03 secs] 
2018-03-23T16:52:30.494+0000: 188.892: [GC (Allocation Failure) 2018-03-23T16:52:30.494+0000: 188.892: [DefNew: 144451K->8315K(153600K), 0.0185554 secs] 240738K->104601K(494976K), 0.0186287 secs] [Times: user=0.02 sys=0.00, real=0.01 secs] 
2018-03-23T16:52:32.855+0000: 191.252: [GC (Allocation Failure) 2018-03-23T16:52:32.855+0000: 191.252: [DefNew: 144636K->8486K(153600K), 0.0199856 secs] 240922K->104772K(494976K), 0.0200570 secs] [Times: user=0.02 sys=0.00, real=0.02 secs] 
2018-03-23T16:52:35.153+0000: 193.551: [GC (Allocation Failure) 2018-03-23T16:52:35.153+0000: 193.551: [DefNew: 144039K->8375K(153600K), 0.0247718 secs] 240326K->105122K(494976K), 0.0248421 secs] [Times: user=0.03 sys=0.00, real=0.02 secs] 
2018-03-23T16:52:37.357+0000: 195.755: [GC (Allocation Failure) 2018-03-23T16:52:37.358+0000: 195.755: [DefNew: 139255K->8501K(153600K), 0.0241379 secs] 236002K->105541K(494976K), 0.0242187 secs] [Times: user=0.02 sys=0.00, real=0.02 secs] 
2018-03-23T16:52:39.613+0000: 198.011: [GC (Allocation Failure) 2018-03-23T16:52:39.613+0000: 198.011: [DefNew: 142937K->8643K(153600K), 0.0198184 secs] 239977K->105836K(494976K), 0.0198874 secs] [Times: user=0.02 sys=0.00, real=0.02 secs] 
2018-03-23T16:52:42.047+0000: 200.445: [GC (Allocation Failure) 2018-03-23T16:52:42.047+0000: 200.445: [DefNew: 145219K->10667K(153600K), 0.0282117 secs] 242412K->108008K(494976K), 0.0282860 secs] [Times: user=0.03 sys=0.00, real=0.03 secs] 
2018-03-23T16:52:44.531+0000: 202.929: [GC (Allocation Failure) 2018-03-23T16:52:44.531+0000: 202.929: [DefNew: 147243K->7494K(153600K), 0.0300736 secs] 244584K->107037K(494976K), 0.0301533 secs] [Times: user=0.03 sys=0.00, real=0.03 secs] 
2018-03-23T16:52:46.864+0000: 205.262: [GC (Allocation Failure) 2018-03-23T16:52:46.864+0000: 205.262: [DefNew: 144070K->9265K(153600K), 0.0175600 secs] 243613K->108808K(494976K), 0.0176323 secs] [Times: user=0.02 sys=0.00, real=0.02 secs] 
2018-03-23T16:52:49.163+0000: 207.561: [GC (Allocation Failure) 2018-03-23T16:52:49.163+0000: 207.561: [DefNew: 142352K->6198K(153600K), 0.0124629 secs] 241895K->106847K(494976K), 0.0125247 secs] [Times: user=0.01 sys=0.00, real=0.02 secs] 
2018-03-23T16:52:51.359+0000: 209.757: [GC (Allocation Failure) 2018-03-23T16:52:51.359+0000: 209.757: [DefNew: 142774K->8409K(153600K), 0.0249781 secs] 243423K->109057K(494976K), 0.0250562 secs] [Times: user=0.02 sys=0.00, real=0.02 secs] 
2018-03-23T16:52:53.623+0000: 212.021: [GC (Allocation Failure) 2018-03-23T16:52:53.623+0000: 212.021: [DefNew: 144985K->9033K(153600K), 0.0292284 secs] 245633K->109681K(494976K), 0.0293050 secs] [Times: user=0.03 sys=0.00, real=0.03 secs] 
2018-03-23T16:52:55.805+0000: 214.203: [GC (Allocation Failure) 2018-03-23T16:52:55.806+0000: 214.204: [DefNew: 145609K->7151K(153600K), 0.0218634 secs] 246257K->108396K(494976K), 0.0234980 secs] [Times: user=0.02 sys=0.00, real=0.03 secs] 
2018-03-23T16:52:57.811+0000: 216.209: [GC (Allocation Failure) 2018-03-23T16:52:57.811+0000: 216.209: [DefNew: 137661K->7612K(153600K), 0.0193303 secs] 238906K->108858K(494976K), 0.0194013 secs] [Times: user=0.02 sys=0.00, real=0.02 secs] 
2018-03-23T16:52:59.829+0000: 218.227: [GC (Allocation Failure) 2018-03-23T16:52:59.829+0000: 218.227: [DefNew: 139296K->8022K(153600K), 0.0207393 secs] 240542K->109268K(494976K), 0.0208145 secs] [Times: user=0.02 sys=0.00, real=0.02 secs] 
2018-03-23T16:53:02.127+0000: 220.525: [GC (Allocation Failure) 2018-03-23T16:53:02.127+0000: 220.525: [DefNew: 140412K->8183K(153600K), 0.0108510 secs] 241658K->109428K(494976K), 0.0109216 secs] [Times: user=0.01 sys=0.00, real=0.01 secs] 
2018-03-23T16:53:04.224+0000: 222.622: [GC (Allocation Failure) 2018-03-23T16:53:04.224+0000: 222.622: [DefNew: 144759K->9060K(153600K), 0.0150065 secs] 246004K->110306K(494976K), 0.0150605 secs] [Times: user=0.01 sys=0.01, real=0.02 secs] 
2018-03-23T16:53:06.525+0000: 224.923: [GC (Allocation Failure) 2018-03-23T16:53:06.525+0000: 224.923: [DefNew: 144631K->8127K(153600K), 0.0117686 secs] 245876K->109984K(494976K), 0.0118390 secs] [Times: user=0.01 sys=0.00, real=0.01 secs] 
2018-03-23T16:53:08.580+0000: 226.977: [GC (Allocation Failure) 2018-03-23T16:53:08.580+0000: 226.977: [DefNew: 138813K->8380K(153600K), 0.0117060 secs] 240670K->110238K(494976K), 0.0117818 secs] [Times: user=0.02 sys=0.00, real=0.01 secs] 
2018-03-23T16:53:10.790+0000: 229.187: [GC (Allocation Failure) 2018-03-23T16:53:10.790+0000: 229.187: [DefNew: 144956K->8675K(153600K), 0.0246156 secs] 246814K->110532K(494976K), 0.0246814 secs] [Times: user=0.02 sys=0.00, real=0.03 secs] 
2018-03-23T16:53:13.211+0000: 231.609: [GC (Allocation Failure) 2018-03-23T16:53:13.211+0000: 231.609: [DefNew: 144435K->9072K(153600K), 0.0134289 secs] 246292K->111164K(494976K), 0.0135101 secs] [Times: user=0.02 sys=0.00, real=0.01 secs] 
2018-03-23T16:53:15.305+0000: 233.703: [GC (Allocation Failure) 2018-03-23T16:53:15.305+0000: 233.703: [DefNew: 145648K->10919K(153600K), 0.0174407 secs] 247740K->113616K(494976K), 0.0175150 secs] [Times: user=0.02 sys=0.00, real=0.02 secs] 
2018-03-23T16:53:17.447+0000: 235.845: [GC (Allocation Failure) 2018-03-23T16:53:17.447+0000: 235.845: [DefNew: 147495K->7039K(153600K), 0.0136610 secs] 250192K->112165K(494976K), 0.0137357 secs] [Times: user=0.02 sys=0.00, real=0.01 secs] 
2018-03-23T16:53:19.720+0000: 238.117: [GC (Allocation Failure) 2018-03-23T16:53:19.720+0000: 238.117: [DefNew: 143615K->8075K(153600K), 0.0201423 secs] 248741K->113200K(494976K), 0.0202238 secs] [Times: user=0.02 sys=0.00, real=0.02 secs] 
2018-03-23T16:53:21.938+0000: 240.336: [GC (Allocation Failure) 2018-03-23T16:53:21.938+0000: 240.336: [DefNew: 144651K->9046K(153600K), 0.0214783 secs] 249776K->114172K(494976K), 0.0215472 secs] [Times: user=0.02 sys=0.00, real=0.02 secs] 
2018-03-23T16:53:24.270+0000: 242.668: [GC (Allocation Failure) 2018-03-23T16:53:24.270+0000: 242.668: [DefNew: 143611K->6806K(153600K), 0.0140488 secs] 248736K->112554K(494976K), 0.0141249 secs] [Times: user=0.02 sys=0.00, real=0.01 secs] 
2018-03-23T16:53:26.383+0000: 244.781: [GC (Allocation Failure) 2018-03-23T16:53:26.383+0000: 244.781: [DefNew: 143382K->7155K(153600K), 0.0156016 secs] 249130K->112903K(494976K), 0.0156677 secs] [Times: user=0.02 sys=0.00, real=0.02 secs] 
2018-03-23T16:53:28.445+0000: 246.843: [GC (Allocation Failure) 2018-03-23T16:53:28.445+0000: 246.843: [DefNew: 143731K->7410K(153600K), 0.0199779 secs] 249479K->113158K(494976K), 0.0200727 secs] [Times: user=0.02 sys=0.00, real=0.03 secs] 
2018-03-23T16:53:30.783+0000: 249.180: [GC (Allocation Failure) 2018-03-23T16:53:30.783+0000: 249.180: [DefNew: 143986K->8130K(153600K), 0.0201555 secs] 249734K->113877K(494976K), 0.0202226 secs] [Times: user=0.02 sys=0.00, real=0.02 secs] 
2018-03-23T16:53:32.998+0000: 251.396: [GC (Allocation Failure) 2018-03-23T16:53:32.998+0000: 251.396: [DefNew: 144706K->9140K(153600K), 0.0288387 secs] 250453K->114888K(494976K), 0.0289168 secs] [Times: user=0.03 sys=0.00, real=0.03 secs] 
2018-03-23T16:53:35.156+0000: 253.553: [GC (Allocation Failure) 2018-03-23T16:53:35.156+0000: 253.553: [DefNew: 144561K->7571K(153600K), 0.0205629 secs] 250308K->113985K(494976K), 0.0206257 secs] [Times: user=0.00 sys=0.01, real=0.02 secs] 
2018-03-23T16:53:37.192+0000: 255.589: [GC (Allocation Failure) 2018-03-23T16:53:37.192+0000: 255.590: [DefNew: 144147K->8463K(153600K), 0.0119208 secs] 250561K->114877K(494976K), 0.0119908 secs] [Times: user=0.01 sys=0.00, real=0.01 secs] 
2018-03-23T16:53:39.158+0000: 257.556: [GC (Allocation Failure) 2018-03-23T16:53:39.158+0000: 257.556: [DefNew: 139645K->8295K(153600K), 0.0111551 secs] 246058K->114709K(494976K), 0.0112223 secs] [Times: user=0.02 sys=0.00, real=0.01 secs] 
2018-03-23T16:53:41.318+0000: 259.716: [GC (Allocation Failure) 2018-03-23T16:53:41.318+0000: 259.716: [DefNew: 144871K->10160K(153600K), 0.0272777 secs] 251285K->116573K(494976K), 0.0273509 secs] [Times: user=0.02 sys=0.00, real=0.03 secs] 
2018-03-23T16:53:43.375+0000: 261.773: [GC (Allocation Failure) 2018-03-23T16:53:43.375+0000: 261.773: [DefNew: 146736K->14745K(153600K), 0.0334176 secs] 253149K->122905K(494976K), 0.0334775 secs] [Times: user=0.03 sys=0.01, real=0.03 secs] 
2018-03-23T16:53:45.689+0000: 264.087: [GC (Allocation Failure) 2018-03-23T16:53:45.689+0000: 264.087: [DefNew: 147903K->2297K(153600K), 0.0191722 secs] 256063K->115839K(494976K), 0.0192529 secs] [Times: user=0.02 sys=0.00, real=0.02 secs] 
2018-03-23T16:53:47.660+0000: 266.058: [GC (Allocation Failure) 2018-03-23T16:53:47.660+0000: 266.058: [DefNew: 138873K->6134K(153600K), 0.0215227 secs] 252415K->119676K(494976K), 0.0216035 secs] [Times: user=0.03 sys=0.00, real=0.02 secs] 
2018-03-23T16:53:49.714+0000: 268.111: [GC (Allocation Failure) 2018-03-23T16:53:49.714+0000: 268.111: [DefNew: 142710K->7598K(153600K), 0.0233170 secs] 256252K->121140K(494976K), 0.0273966 secs] [Times: user=0.03 sys=0.00, real=0.02 secs] 
2018-03-23T16:53:51.759+0000: 270.156: [GC (Allocation Failure) 2018-03-23T16:53:51.759+0000: 270.156: [DefNew: 144174K->7148K(153600K), 0.0175126 secs] 257716K->120690K(494976K), 0.0175883 secs] [Times: user=0.02 sys=0.00, real=0.02 secs] 
2018-03-23T16:53:53.885+0000: 272.283: [GC (Allocation Failure) 2018-03-23T16:53:53.885+0000: 272.283: [DefNew: 143724K->6674K(153600K), 0.0163154 secs] 257266K->120216K(494976K), 0.0163859 secs] [Times: user=0.02 sys=0.00, real=0.01 secs] 
2018-03-23T16:53:56.053+0000: 274.451: [GC (Allocation Failure) 2018-03-23T16:53:56.053+0000: 274.451: [DefNew: 143250K->8103K(153600K), 0.0204528 secs] 256792K->121645K(494976K), 0.0205289 secs] [Times: user=0.02 sys=0.00, real=0.03 secs] 
2018-03-23T16:53:58.465+0000: 276.863: [GC (Allocation Failure) 2018-03-23T16:53:58.465+0000: 276.863: [DefNew: 142423K->7068K(153600K), 0.0182023 secs] 255965K->120610K(494976K), 0.0182718 secs] [Times: user=0.01 sys=0.01, real=0.02 secs] 
2018-03-23T16:54:00.523+0000: 278.921: [GC (Allocation Failure) 2018-03-23T16:54:00.523+0000: 278.921: [DefNew: 136710K->7604K(153600K), 0.0196764 secs] 250252K->121146K(494976K), 0.0197411 secs] [Times: user=0.02 sys=0.00, real=0.02 secs] 
2018-03-23T16:54:02.520+0000: 280.918: [GC (Allocation Failure) 2018-03-23T16:54:02.520+0000: 280.918: [DefNew: 139885K->8352K(153600K), 0.0118246 secs] 253427K->121894K(494976K), 0.0118967 secs] [Times: user=0.01 sys=0.00, real=0.01 secs] 
2018-03-23T16:54:04.584+0000: 282.982: [GC (Allocation Failure) 2018-03-23T16:54:04.584+0000: 282.982: [DefNew: 144928K->16511K(153600K), 0.0133693 secs] 258470K->130053K(494976K), 0.0134399 secs] [Times: user=0.01 sys=0.00, real=0.02 secs] 
2018-03-23T16:54:06.669+0000: 285.066: [GC (Allocation Failure) 2018-03-23T16:54:06.669+0000: 285.067: [DefNew: 153087K->5617K(153600K), 0.0180139 secs] 266629K->125102K(494976K), 0.0180861 secs] [Times: user=0.01 sys=0.00, real=0.02 secs] 
2018-03-23T16:54:08.878+0000: 287.276: [GC (Allocation Failure) 2018-03-23T16:54:08.878+0000: 287.276: [DefNew: 136483K->4580K(153600K), 0.0077068 secs] 255967K->124065K(494976K), 0.0077740 secs] [Times: user=0.01 sys=0.00, real=0.01 secs] 
2018-03-23T16:54:11.142+0000: 289.540: [GC (Allocation Failure) 2018-03-23T16:54:11.143+0000: 289.540: [DefNew: 141156K->7257K(153600K), 0.0205523 secs] 260641K->126742K(494976K), 0.0206256 secs] [Times: user=0.02 sys=0.00, real=0.02 secs] 
2018-03-23T16:54:13.033+0000: 291.431: [GC (Allocation Failure) 2018-03-23T16:54:13.034+0000: 291.431: [DefNew: 136772K->6135K(153600K), 0.0092750 secs] 256257K->125620K(494976K), 0.0093501 secs] [Times: user=0.01 sys=0.00, real=0.00 secs] 
2018-03-23T16:54:15.101+0000: 293.499: [GC (Allocation Failure) 2018-03-23T16:54:15.101+0000: 293.499: [DefNew: 142711K->6646K(153600K), 0.0105270 secs] 262196K->126131K(494976K), 0.0105957 secs] [Times: user=0.01 sys=0.00, real=0.01 secs] 
2018-03-23T16:54:17.092+0000: 295.489: [GC (Allocation Failure) 2018-03-23T16:54:17.092+0000: 295.490: [DefNew: 143222K->17024K(153600K), 0.0227811 secs] 262707K->145474K(494976K), 0.0228542 secs] [Times: user=0.02 sys=0.01, real=0.03 secs] 
2018-03-23T16:54:19.348+0000: 297.746: [GC (Allocation Failure) 2018-03-23T16:54:19.348+0000: 297.746: [DefNew: 153600K->2486K(153600K), 0.0129364 secs] 282050K->147571K(494976K), 0.0130078 secs] [Times: user=0.01 sys=0.00, real=0.01 secs] 
2018-03-23T16:54:21.230+0000: 299.628: [GC (Allocation Failure) 2018-03-23T16:54:21.230+0000: 299.628: [DefNew: 135312K->17023K(153600K), 0.0127308 secs] 280397K->164963K(494976K), 0.0128226 secs] [Times: user=0.01 sys=0.00, real=0.01 secs] 
2018-03-23T16:54:23.495+0000: 301.892: [GC (Allocation Failure) 2018-03-23T16:54:23.495+0000: 301.892: [DefNew: 153599K->2401K(153600K), 0.0126578 secs] 301539K->167155K(494976K), 0.0127294 secs] [Times: user=0.01 sys=0.00, real=0.01 secs] 
2018-03-23T16:54:25.666+0000: 304.064: [GC (Allocation Failure) 2018-03-23T16:54:25.666+0000: 304.064: [DefNew: 136469K->3388K(153600K), 0.0065722 secs] 301224K->168143K(494976K), 0.0066395 secs] [Times: user=0.01 sys=0.00, real=0.00 secs] 
2018-03-23T16:54:27.812+0000: 306.209: [GC (Allocation Failure) 2018-03-23T16:54:27.812+0000: 306.209: [DefNew: 139964K->6415K(153600K), 0.0104313 secs] 304719K->171170K(494976K), 0.0105051 secs] [Times: user=0.01 sys=0.00, real=0.01 secs] 
2018-03-23T16:54:29.875+0000: 308.272: [GC (Allocation Failure) 2018-03-23T16:54:29.875+0000: 308.272: [DefNew: 142991K->8239K(153600K), 0.0125282 secs] 307746K->172994K(494976K), 0.0125953 secs] [Times: user=0.01 sys=0.00, real=0.01 secs] 
2018-03-23T16:54:32.083+0000: 310.481: [GC (Allocation Failure) 2018-03-23T16:54:32.083+0000: 310.481: [DefNew: 143554K->6415K(153600K), 0.0089228 secs] 308309K->171169K(494976K), 0.0089951 secs] [Times: user=0.01 sys=0.00, real=0.01 secs] 
2018-03-23T16:54:34.270+0000: 312.668: [GC (Allocation Failure) 2018-03-23T16:54:34.270+0000: 312.668: [DefNew: 142991K->7947K(153600K), 0.0113721 secs] 307745K->172702K(494976K), 0.0114540 secs] [Times: user=0.01 sys=0.00, real=0.01 secs] 
2018-03-23T16:54:36.316+0000: 314.714: [GC (Allocation Failure) 2018-03-23T16:54:36.316+0000: 314.714: [DefNew: 136636K->7781K(153600K), 0.0105846 secs] 301391K->172535K(494976K), 0.0106525 secs] [Times: user=0.01 sys=0.00, real=0.01 secs] 
2018-03-23T16:54:38.500+0000: 316.897: [GC (Allocation Failure) 2018-03-23T16:54:38.500+0000: 316.898: [DefNew: 144357K->11006K(153600K), 0.0160475 secs] 309111K->175761K(494976K), 0.0161021 secs] [Times: user=0.01 sys=0.00, real=0.02 secs] 
2018-03-23T16:54:40.549+0000: 318.947: [GC (Allocation Failure) 2018-03-23T16:54:40.549+0000: 318.947: [DefNew: 147582K->7280K(153600K), 0.0196229 secs] 312337K->174565K(494976K), 0.0197101 secs] [Times: user=0.02 sys=0.00, real=0.02 secs] 
2018-03-23T16:54:42.711+0000: 321.109: [GC (Allocation Failure) 2018-03-23T16:54:42.711+0000: 321.109: [DefNew: 143856K->15437K(153600K), 0.0297863 secs] 311141K->182722K(494976K), 0.0298488 secs] [Times: user=0.03 sys=0.00, real=0.03 secs] 
2018-03-23T16:54:44.908+0000: 323.306: [GC (Allocation Failure) 2018-03-23T16:54:44.908+0000: 323.306: [DefNew: 152013K->5683K(153600K), 0.0368908 secs] 319298K->177369K(494976K), 0.0369615 secs] [Times: user=0.03 sys=0.00, real=0.03 secs] 
2018-03-23T16:54:47.025+0000: 325.423: [GC (Allocation Failure) 2018-03-23T16:54:47.025+0000: 325.423: [DefNew: 142259K->4360K(153600K), 0.0132640 secs] 313945K->176046K(494976K), 0.0133294 secs] [Times: user=0.01 sys=0.00, real=0.01 secs] 
2018-03-23T16:54:49.241+0000: 327.639: [GC (Allocation Failure) 2018-03-23T16:54:49.242+0000: 327.639: [DefNew: 139344K->5385K(153600K), 0.0150930 secs] 311030K->177071K(494976K), 0.0151563 secs] [Times: user=0.02 sys=0.00, real=0.02 secs] 
2018-03-23T16:54:51.354+0000: 329.752: [GC (Allocation Failure) 2018-03-23T16:54:51.354+0000: 329.752: [DefNew: 140267K->5954K(153600K), 0.0123074 secs] 311953K->177640K(494976K), 0.0123824 secs] [Times: user=0.01 sys=0.00, real=0.01 secs] 
2018-03-23T16:54:53.473+0000: 331.870: [GC (Allocation Failure) 2018-03-23T16:54:53.473+0000: 331.870: [DefNew: 142530K->7633K(153600K), 0.0141356 secs] 314216K->179318K(494976K), 0.0141873 secs] [Times: user=0.01 sys=0.00, real=0.02 secs] 
2018-03-23T16:54:55.506+0000: 333.904: [GC (Allocation Failure) 2018-03-23T16:54:55.506+0000: 333.904: [DefNew: 143603K->7446K(153600K), 0.0101150 secs] 315289K->179132K(494976K), 0.0101840 secs] [Times: user=0.01 sys=0.00, real=0.01 secs] 
2018-03-23T16:54:57.641+0000: 336.039: [GC (Allocation Failure) 2018-03-23T16:54:57.641+0000: 336.039: [DefNew: 138162K->7938K(153600K), 0.0106160 secs] 309847K->179624K(494976K), 0.0106898 secs] [Times: user=0.01 sys=0.00, real=0.01 secs] 
2018-03-23T16:54:59.763+0000: 338.161: [GC (Allocation Failure) 2018-03-23T16:54:59.763+0000: 338.161: [DefNew: 136445K->8363K(153600K), 0.0108904 secs] 308130K->180048K(494976K), 0.0109620 secs] [Times: user=0.01 sys=0.00, real=0.02 secs] 
2018-03-23T16:55:02.524+0000: 340.922: [GC (Allocation Failure) 2018-03-23T16:55:02.524+0000: 340.922: [DefNew: 144939K->11523K(153600K), 0.0331422 secs] 316624K->183209K(494976K), 0.0332126 secs] [Times: user=0.04 sys=0.00, real=0.04 secs] 
2018-03-23T16:55:04.798+0000: 343.196: [GC (Allocation Failure) 2018-03-23T16:55:04.798+0000: 343.196: [DefNew: 140229K->5998K(153600K), 0.0243994 secs] 311915K->180812K(494976K), 0.0244780 secs] [Times: user=0.02 sys=0.01, real=0.02 secs] 
2018-03-23T16:55:06.850+0000: 345.248: [GC (Allocation Failure) 2018-03-23T16:55:06.850+0000: 345.248: [DefNew: 135488K->6487K(153600K), 0.0151737 secs] 310302K->181301K(494976K), 0.0152466 secs] [Times: user=0.01 sys=0.00, real=0.02 secs] 
2018-03-23T16:55:08.906+0000: 347.304: [GC (Allocation Failure) 2018-03-23T16:55:08.906+0000: 347.304: [DefNew: 143063K->8280K(153600K), 0.0178145 secs] 317877K->183094K(494976K), 0.0178921 secs] [Times: user=0.02 sys=0.00, real=0.01 secs] 
2018-03-23T16:55:11.110+0000: 349.508: [GC (Allocation Failure) 2018-03-23T16:55:11.110+0000: 349.508: [DefNew: 137954K->7782K(153600K), 0.0155507 secs] 312768K->182596K(494976K), 0.0156220 secs] [Times: user=0.01 sys=0.00, real=0.02 secs] 
2018-03-23T16:55:13.114+0000: 351.512: [GC (Allocation Failure) 2018-03-23T16:55:13.114+0000: 351.512: [DefNew: 137961K->8292K(153600K), 0.0204001 secs] 312775K->183106K(494976K), 0.0204727 secs] [Times: user=0.02 sys=0.00, real=0.02 secs] 
2018-03-23T16:55:15.223+0000: 353.621: [GC (Allocation Failure) 2018-03-23T16:55:15.223+0000: 353.621: [DefNew: 142181K->8556K(153600K), 0.0159931 secs] 316995K->183370K(494976K), 0.0160757 secs] [Times: user=0.02 sys=0.00, real=0.02 secs] 
2018-03-23T16:55:17.384+0000: 355.782: [GC (Allocation Failure) 2018-03-23T16:55:17.384+0000: 355.782: [DefNew: 145132K->8557K(153600K), 0.0190706 secs] 319946K->183808K(494976K), 0.0191332 secs] [Times: user=0.02 sys=0.00, real=0.02 secs] 
2018-03-23T16:55:19.382+0000: 357.780: [GC (Allocation Failure) 2018-03-23T16:55:19.382+0000: 357.780: [DefNew: 145133K->11329K(153600K), 0.0299848 secs] 320384K->187019K(494976K), 0.0300523 secs] [Times: user=0.03 sys=0.00, real=0.03 secs] 
2018-03-23T16:55:21.467+0000: 359.865: [GC (Allocation Failure) 2018-03-23T16:55:21.467+0000: 359.865: [DefNew: 147905K->8792K(153600K), 0.0356917 secs] 323595K->187496K(494976K), 0.0357637 secs] [Times: user=0.03 sys=0.00, real=0.03 secs] 
2018-03-23T16:55:23.646+0000: 362.044: [GC (Allocation Failure) 2018-03-23T16:55:23.646+0000: 362.044: [DefNew: 145368K->8904K(153600K), 0.0273726 secs] 324072K->188249K(494976K), 0.0274450 secs] [Times: user=0.03 sys=0.01, real=0.03 secs] 
2018-03-23T16:55:25.780+0000: 364.177: [GC (Allocation Failure) 2018-03-23T16:55:25.780+0000: 364.178: [DefNew: 145480K->9076K(153600K), 0.0333255 secs] 324825K->189002K(494976K), 0.0333983 secs] [Times: user=0.04 sys=0.00, real=0.04 secs] 
2018-03-23T16:55:27.682+0000: 366.079: [GC (Allocation Failure) 2018-03-23T16:55:27.682+0000: 366.079: [DefNew: 145652K->16335K(153600K), 0.0231413 secs] 325578K->197058K(494976K), 0.0232036 secs] [Times: user=0.02 sys=0.01, real=0.02 secs] 
2018-03-23T16:55:30.094+0000: 368.491: [GC (Allocation Failure) 2018-03-23T16:55:30.094+0000: 368.491: [DefNew: 152911K->4801K(153600K), 0.0273316 secs] 333634K->190377K(494976K), 0.0274192 secs] [Times: user=0.01 sys=0.01, real=0.02 secs] 
2018-03-23T16:55:32.410+0000: 370.808: [GC (Allocation Failure) 2018-03-23T16:55:32.410+0000: 370.808: [DefNew: 138044K->3747K(153600K), 0.0110355 secs] 323621K->189324K(494976K), 0.0111022 secs] [Times: user=0.01 sys=0.00, real=0.01 secs] 
2018-03-23T16:55:34.569+0000: 372.967: [GC (Allocation Failure) 2018-03-23T16:55:34.569+0000: 372.967: [DefNew: 136610K->4666K(153600K), 0.0102763 secs] 322186K->190242K(494976K), 0.0103569 secs] [Times: user=0.01 sys=0.00, real=0.01 secs] 
2018-03-23T16:55:36.770+0000: 375.168: [GC (Allocation Failure) 2018-03-23T16:55:36.770+0000: 375.168: [DefNew: 137261K->5741K(153600K), 0.0122918 secs] 322838K->191318K(494976K), 0.0123709 secs] [Times: user=0.01 sys=0.00, real=0.01 secs] 
2018-03-23T16:55:39.077+0000: 377.475: [GC (Allocation Failure) 2018-03-23T16:55:39.077+0000: 377.475: [DefNew: 142239K->6626K(153600K), 0.0170594 secs] 327816K->192202K(494976K), 0.0171288 secs] [Times: user=0.01 sys=0.00, real=0.02 secs] 
2018-03-23T16:55:41.180+0000: 379.578: [GC (Allocation Failure) 2018-03-23T16:55:41.180+0000: 379.578: [DefNew: 139460K->7128K(153600K), 0.0116102 secs] 325037K->192705K(494976K), 0.0116941 secs] [Times: user=0.01 sys=0.00, real=0.01 secs] 
2018-03-23T16:55:43.243+0000: 381.640: [GC (Allocation Failure) 2018-03-23T16:55:43.243+0000: 381.640: [DefNew: 143704K->9058K(153600K), 0.0217280 secs] 329281K->194634K(494976K), 0.0217983 secs] [Times: user=0.02 sys=0.00, real=0.02 secs] 
2018-03-23T16:55:45.406+0000: 383.803: [GC (Allocation Failure) 2018-03-23T16:55:45.406+0000: 383.803: [DefNew: 135710K->7488K(153600K), 0.0116695 secs] 321287K->194138K(494976K), 0.0117481 secs] [Times: user=0.02 sys=0.00, real=0.01 secs] 
2018-03-23T16:55:47.649+0000: 386.046: [GC (Allocation Failure) 2018-03-23T16:55:47.649+0000: 386.046: [DefNew: 144064K->10935K(153600K), 0.0146789 secs] 330714K->197585K(494976K), 0.0147521 secs] [Times: user=0.02 sys=0.00, real=0.01 secs] 
2018-03-23T16:55:49.660+0000: 388.058: [GC (Allocation Failure) 2018-03-23T16:55:49.660+0000: 388.058: [DefNew: 145236K->6720K(153600K), 0.0231301 secs] 331886K->195463K(494976K), 0.0231995 secs] [Times: user=0.03 sys=0.00, real=0.02 secs] 
2018-03-23T16:55:51.787+0000: 390.185: [GC (Allocation Failure) 2018-03-23T16:55:51.787+0000: 390.185: [DefNew: 143296K->10792K(153600K), 0.0276275 secs] 332039K->199534K(494976K), 0.0277072 secs] [Times: user=0.03 sys=0.00, real=0.03 secs] 
2018-03-23T16:55:54.026+0000: 392.424: [GC (Allocation Failure) 2018-03-23T16:55:54.026+0000: 392.424: [DefNew: 147368K->7556K(153600K), 0.0271319 secs] 336110K->198827K(494976K), 0.0272022 secs] [Times: user=0.02 sys=0.00, real=0.02 secs] 
2018-03-23T16:55:56.276+0000: 394.674: [GC (Allocation Failure) 2018-03-23T16:55:56.276+0000: 394.674: [DefNew: 144132K->8346K(153600K), 0.0163062 secs] 335403K->199616K(494976K), 0.0163784 secs] [Times: user=0.01 sys=0.00, real=0.01 secs] 
2018-03-23T16:55:58.353+0000: 396.751: [GC (Allocation Failure) 2018-03-23T16:55:58.353+0000: 396.751: [DefNew: 135878K->7135K(153600K), 0.0084026 secs] 327149K->198406K(494976K), 0.0084710 secs] [Times: user=0.01 sys=0.00, real=0.00 secs] 
2018-03-23T16:56:00.430+0000: 398.828: [GC (Allocation Failure) 2018-03-23T16:56:00.430+0000: 398.828: [DefNew: 143711K->7700K(153600K), 0.0106796 secs] 334982K->198970K(494976K), 0.0107457 secs] [Times: user=0.02 sys=0.00, real=0.01 secs] 
2018-03-23T16:56:02.872+0000: 401.270: [GC (Allocation Failure) 2018-03-23T16:56:02.872+0000: 401.270: [DefNew: 142258K->8582K(153600K), 0.0161195 secs] 333528K->199853K(494976K), 0.0161917 secs] [Times: user=0.01 sys=0.00, real=0.02 secs] 
2018-03-23T16:56:04.993+0000: 403.391: [GC (Allocation Failure) 2018-03-23T16:56:04.993+0000: 403.391: [DefNew: 142588K->7990K(153600K), 0.0190063 secs] 333859K->200112K(494976K), 0.0190755 secs] [Times: user=0.02 sys=0.00, real=0.02 secs] 
2018-03-23T16:56:07.146+0000: 405.544: [GC (Allocation Failure) 2018-03-23T16:56:07.146+0000: 405.544: [DefNew: 144566K->8752K(153600K), 0.0190986 secs] 336688K->200874K(494976K), 0.0191801 secs] [Times: user=0.02 sys=0.00, real=0.02 secs] 
2018-03-23T16:56:09.401+0000: 407.799: [GC (Allocation Failure) 2018-03-23T16:56:09.401+0000: 407.799: [DefNew: 142834K->8628K(153600K), 0.0180918 secs] 334956K->201221K(494976K), 0.0181627 secs] [Times: user=0.02 sys=0.00, real=0.02 secs] 
2018-03-23T16:56:11.512+0000: 409.910: [GC (Allocation Failure) 2018-03-23T16:56:11.513+0000: 409.910: [DefNew: 145204K->9057K(153600K), 0.0194932 secs] 337797K->202156K(494976K), 0.0195642 secs] [Times: user=0.02 sys=0.00, real=0.02 secs] 
2018-03-23T16:56:13.711+0000: 412.109: [GC (Allocation Failure) 2018-03-23T16:56:13.711+0000: 412.109: [DefNew: 145633K->10059K(153600K), 0.0250460 secs] 338732K->203802K(494976K), 0.0251269 secs] [Times: user=0.03 sys=0.00, real=0.03 secs] 
2018-03-23T16:56:16.058+0000: 414.456: [GC (Allocation Failure) 2018-03-23T16:56:16.058+0000: 414.456: [DefNew: 144693K->8115K(153600K), 0.0282124 secs] 338436K->203500K(494976K), 0.0282750 secs] [Times: user=0.02 sys=0.00, real=0.03 secs] 
2018-03-23T16:56:18.019+0000: 416.417: [GC (Allocation Failure) 2018-03-23T16:56:18.019+0000: 416.417: [DefNew: 144691K->11723K(153600K), 0.0319201 secs] 340076K->207108K(494976K), 0.0319975 secs] [Times: user=0.03 sys=0.00, real=0.03 secs] 
2018-03-23T16:56:20.254+0000: 418.652: [GC (Allocation Failure) 2018-03-23T16:56:20.254+0000: 418.652: [DefNew: 137733K->5876K(153600K), 0.0222764 secs] 333118K->204185K(494976K), 0.0223512 secs] [Times: user=0.02 sys=0.00, real=0.02 secs] 
2018-03-23T16:56:22.373+0000: 420.771: [GC (Allocation Failure) 2018-03-23T16:56:22.373+0000: 420.771: [DefNew: 142452K->7375K(153600K), 0.0189320 secs] 340761K->205684K(494976K), 0.0191339 secs] [Times: user=0.02 sys=0.00, real=0.02 secs] 
2018-03-23T16:56:24.663+0000: 423.061: [GC (Allocation Failure) 2018-03-23T16:56:24.663+0000: 423.061: [DefNew: 141928K->7594K(153600K), 0.0161401 secs] 340238K->205903K(494976K), 0.0162140 secs] [Times: user=0.01 sys=0.00, real=0.02 secs] 
2018-03-23T16:56:26.598+0000: 424.995: [GC (Allocation Failure) 2018-03-23T16:56:26.598+0000: 424.995: [DefNew: 144170K->11620K(153600K), 0.0296097 secs] 342479K->209930K(494976K), 0.0296791 secs] [Times: user=0.02 sys=0.00, real=0.03 secs] 
2018-03-23T16:56:28.712+0000: 427.110: [GC (Allocation Failure) 2018-03-23T16:56:28.712+0000: 427.110: [DefNew: 142170K->5560K(153600K), 0.0186418 secs] 340479K->207055K(494976K), 0.0187132 secs] [Times: user=0.02 sys=0.00, real=0.02 secs] 
2018-03-23T16:56:30.977+0000: 429.375: [GC (Allocation Failure) 2018-03-23T16:56:30.977+0000: 429.375: [DefNew: 132680K->6252K(153600K), 0.0080899 secs] 334175K->207748K(494976K), 0.0081630 secs] [Times: user=0.01 sys=0.00, real=0.01 secs] 
2018-03-23T16:56:33.057+0000: 431.455: [GC (Allocation Failure) 2018-03-23T16:56:33.058+0000: 431.455: [DefNew: 142828K->9252K(153600K), 0.0253549 secs] 344324K->210748K(494976K), 0.0254372 secs] [Times: user=0.02 sys=0.00, real=0.02 secs] 
2018-03-23T16:56:35.222+0000: 433.620: [GC (Allocation Failure) 2018-03-23T16:56:35.223+0000: 433.620: [DefNew: 145828K->10947K(153600K), 0.0370961 secs] 347324K->213175K(494976K), 0.0371685 secs] [Times: user=0.04 sys=0.00, real=0.04 secs] 
2018-03-23T16:56:37.423+0000: 435.821: [GC (Allocation Failure) 2018-03-23T16:56:37.423+0000: 435.821: [DefNew: 143914K->6147K(153600K), 0.0110458 secs] 346142K->210460K(494976K), 0.0111014 secs] [Times: user=0.01 sys=0.00, real=0.02 secs] 
2018-03-23T16:56:42.894+0000: 441.292: [GC (Allocation Failure) 2018-03-23T16:56:42.894+0000: 441.292: [DefNew: 142723K->11610K(153600K), 0.0156729 secs] 347036K->215923K(494976K), 0.0157399 secs] [Times: user=0.01 sys=0.00, real=0.01 secs] 
2018-03-23T16:56:59.645+0000: 458.042: [GC (Allocation Failure) 2018-03-23T16:56:59.645+0000: 458.042: [DefNew: 148186K->17024K(153600K), 0.0485392 secs] 352499K->237320K(494976K), 0.0486181 secs] [Times: user=0.05 sys=0.00, real=0.06 secs] 
2018-03-23T16:57:11.802+0000: 470.199: [GC (Allocation Failure) 2018-03-23T16:57:11.802+0000: 470.199: [DefNew: 153600K->17024K(153600K), 0.0506078 secs] 373896K->257780K(494976K), 0.0506735 secs] [Times: user=0.04 sys=0.01, real=0.05 secs] 
2018-03-23T16:57:27.027+0000: 485.425: [GC (Allocation Failure) 2018-03-23T16:57:27.027+0000: 485.425: [DefNew: 153600K->17024K(153600K), 0.0553823 secs] 394356K->278104K(494976K), 0.0554587 secs] [Times: user=0.04 sys=0.02, real=0.05 secs] 
2018-03-23T16:57:40.133+0000: 498.531: [GC (Allocation Failure) 2018-03-23T16:57:40.133+0000: 498.531: [DefNew: 153600K->17023K(153600K), 0.0544879 secs] 414680K->297421K(494976K), 0.0545478 secs] [Times: user=0.05 sys=0.00, real=0.05 secs] 
2018-03-23T16:57:54.350+0000: 512.747: [GC (Allocation Failure) 2018-03-23T16:57:54.350+0000: 512.747: [DefNew: 153599K->17023K(153600K), 0.0523843 secs] 433997K->317292K(494976K), 0.0524535 secs] [Times: user=0.04 sys=0.00, real=0.05 secs] 
2018-03-23T16:58:06.132+0000: 524.530: [GC (Allocation Failure) 2018-03-23T16:58:06.132+0000: 524.530: [DefNew: 153599K->17023K(153600K), 0.0530672 secs] 453868K->336999K(494976K), 0.0531515 secs] [Times: user=0.04 sys=0.01, real=0.06 secs] 
16:58:11.931 [Client] INFO  c.s.f.r.e.s.SocketRear  - FlameSocketGraphDeployerRear@10.0.0.37: has been disconnected from Connection 10
16:58:23.558 [worker-akka.actor.default-dispatcher-15] INFO  a.a.CoordinatedShutdown CoordinatedShutdown(akka://worker) - Starting coordinated shutdown from JVM shutdown hook
16:58:23.577 [worker-akka.actor.default-dispatcher-14] INFO  a.a.LocalActorRef akka://worker/user/watcher/graph/edge/FlameSocketGraphDeployerRear - Stopped
16:58:23.577 [worker-akka.actor.default-dispatcher-4] INFO  a.a.LocalActorRef akka://worker/user/watcher/graph/negotiator - Stopped
16:58:23.580 [worker-akka.actor.default-dispatcher-12] INFO  a.a.LocalActorRef akka://worker/user/watcher/graph/edge/FlameSocketGraphDeployerFront - Stopped
16:58:23.585 [worker-akka.actor.default-dispatcher-2] INFO  a.a.LocalActorRef akka://worker/user/watcher/graph/edge - Stopped
16:58:23.588 [worker-akka.actor.default-dispatcher-15] INFO  a.a.LocalActorRef akka://worker/user/watcher/graph/graph/$a - Stopped
16:58:23.588 [worker-akka.actor.default-dispatcher-15] INFO  a.a.LocalActorRef akka://worker/user/watcher/graph/graph/$b - Stopped
16:58:23.588 [worker-akka.actor.default-dispatcher-15] INFO  a.a.LocalActorRef akka://worker/user/watcher/graph/graph/$c - Stopped
16:58:23.592 [worker-akka.actor.default-dispatcher-17] INFO  a.a.LocalActorRef akka://worker/user/watcher/graph/graph/local-acker/$a - Stopped
16:58:23.596 [worker-akka.actor.default-dispatcher-2] INFO  a.a.LocalActorRef akka://worker/user/watcher/graph/graph/local-acker - Stopped
16:58:23.598 [worker-akka.actor.default-dispatcher-2] INFO  a.a.LocalActorRef akka://worker/user/watcher/graph/graph - Stopped
16:58:23.599 [worker-akka.actor.default-dispatcher-2] INFO  a.a.LocalActorRef akka://worker/user/watcher/graph - Stopped
16:58:23.599 [worker-akka.actor.default-dispatcher-2] INFO  a.a.RepointableActorRef akka://worker/user/watcher - Stopped
16:58:23.600 [worker-akka.actor.default-dispatcher-2] INFO  a.a.LocalActorRef akka://worker/user/watcher/graph/graph/local-acker/$a - Message [com.spbsu.flamestream.runtime.utils.akka.PingActor$InnerPing] from Actor[akka://worker/user/watcher/graph/graph/local-acker/$a#-2047833293] to Actor[akka://worker/user/watcher/graph/graph/local-acker/$a#-2047833293] was not delivered. [1] dead letters encountered. This logging can be turned off or adjusted with configuration settings 'akka.log-dead-letters' and 'akka.log-dead-letters-during-shutdown'.
16:58:23.600 [worker-akka.actor.default-dispatcher-2] INFO  a.a.LocalActorRef akka://worker/user/watcher/graph/graph/local-acker/$a - Message [com.spbsu.flamestream.runtime.utils.akka.PingActor$Stop] from Actor[akka://worker/user/watcher/graph/graph/local-acker#767659078] to Actor[akka://worker/user/watcher/graph/graph/local-acker/$a#-2047833293] was not delivered. [2] dead letters encountered. This logging can be turned off or adjusted with configuration settings 'akka.log-dead-letters' and 'akka.log-dead-letters-during-shutdown'.
16:58:23.601 [worker-akka.actor.default-dispatcher-2] INFO  a.a.LocalActorRef akka://worker/user/watcher/graph/graph/local-acker - Message [com.spbsu.flamestream.runtime.acker.LocalAcker$Flush] from Actor[akka://worker/user/watcher/graph/graph/local-acker/$a#-2047833293] to Actor[akka://worker/user/watcher/graph/graph/local-acker#767659078] was not delivered. [3] dead letters encountered. This logging can be turned off or adjusted with configuration settings 'akka.log-dead-letters' and 'akka.log-dead-letters-during-shutdown'.
16:58:23.601 [worker-akka.actor.default-dispatcher-2] INFO  a.a.LocalActorRef akka://worker/user/watcher/graph/graph/local-acker - Message [com.spbsu.flamestream.runtime.acker.LocalAcker$Flush] from Actor[akka://worker/user/watcher/graph/graph/local-acker/$a#-2047833293] to Actor[akka://worker/user/watcher/graph/graph/local-acker#767659078] was not delivered. [4] dead letters encountered. This logging can be turned off or adjusted with configuration settings 'akka.log-dead-letters' and 'akka.log-dead-letters-during-shutdown'.
16:58:23.601 [worker-akka.actor.default-dispatcher-2] INFO  a.a.LocalActorRef akka://worker/user/watcher/graph/graph/local-acker - Message [com.spbsu.flamestream.runtime.acker.LocalAcker$Flush] from Actor[akka://worker/user/watcher/graph/graph/local-acker/$a#-2047833293] to Actor[akka://worker/user/watcher/graph/graph/local-acker#767659078] was not delivered. [5] dead letters encountered. This logging can be turned off or adjusted with configuration settings 'akka.log-dead-letters' and 'akka.log-dead-letters-during-shutdown'.
16:58:23.604 [worker-akka.actor.default-dispatcher-6-EventThread] INFO  o.a.z.ClientCnxn  - EventThread shut down for session: 0x16253c2d3b80009
16:58:23.604 [worker-akka.actor.default-dispatcher-11] INFO  o.a.z.ZooKeeper  - Session: 0x16253c2d3b80009 closed
16:58:23.620 [worker-akka.actor.default-dispatcher-11] INFO  a.r.RemoteActorRefProvider$RemotingTerminator akka://worker@10.0.0.37:5412/system/remoting-terminator - Shutting down remote daemon.
16:58:23.621 [worker-akka.actor.default-dispatcher-11] INFO  a.r.RemoteActorRefProvider$RemotingTerminator akka://worker@10.0.0.37:5412/system/remoting-terminator - Remote daemon shut down; proceeding with flushing remote transports.
16:58:24.755 [worker-akka.actor.default-dispatcher-7] INFO  a.r.RemoteActorRefProvider$RemotingTerminator akka://worker@10.0.0.37:5412/system/remoting-terminator - Remoting shut down.
Heap
 def new generation   total 153600K, used 90325K [0x00000000e0c00000, 0x00000000eb2a0000, 0x00000000eb2a0000)
  eden space 136576K,  53% used [0x00000000e0c00000, 0x00000000e53954a8, 0x00000000e9160000)
  from space 17024K,  99% used [0x00000000ea200000, 0x00000000eb29fff0, 0x00000000eb2a0000)
  to   space 17024K,   0% used [0x00000000e9160000, 0x00000000e9160000, 0x00000000ea200000)
 tenured generation   total 341376K, used 319975K [0x00000000eb2a0000, 0x0000000100000000, 0x0000000100000000)
   the space 341376K,  93% used [0x00000000eb2a0000, 0x00000000feb19d00, 0x00000000feb19e00, 0x0000000100000000)
 Metaspace       used 34012K, capacity 34894K, committed 35200K, reserved 1079296K
  class space    used 4479K, capacity 4664K, committed 4736K, reserved 1048576K
