11:39:29.195 [main] INFO  c.s.f.r.a.WorkerApplication  - Starting worker with id: '172.31.45.197', host: '172.31.45.197:5412', zkString: '172.31.34.147:2181'
11:39:30.153 [worker-akka.actor.default-dispatcher-2] INFO  a.e.s.Slf4jLogger  - Slf4jLogger started
2018-02-15T11:39:30.309+0000: 2.162: [Full GC (Metadata GC Threshold) 2018-02-15T11:39:30.309+0000: 2.162: [Tenured: 0K->15448K(341376K), 0.0375828 secs] 117522K->15448K(494976K), [Metaspace: 20941K->20941K(1067008K)], 0.0376485 secs] [Times: user=0.04 sys=0.01, real=0.03 secs] 
11:39:30.660 [worker-akka.actor.default-dispatcher-2] INFO  a.r.a.ArteryTransport(akka://worker) akka.remote.artery.ArteryTransport(akka://worker) - Started embedded media driver in directory [/dev/shm/aeron-root-worker-aecac9c0-bc93-4827-8485-e3148c1ec784]
11:39:30.881 [worker-akka.actor.default-dispatcher-2] INFO  a.r.a.ArteryTransport(akka://worker) akka.remote.artery.ArteryTransport(akka://worker) - Remoting started; listening on address: [akka://worker@172.31.45.197:5412] with UID [-245188307818727110]
11:39:30.984 [worker-akka.actor.default-dispatcher-2] INFO  o.a.z.ZooKeeper  - Client environment:zookeeper.version=3.4.9-1757313, built on 08/23/2016 06:50 GMT
11:39:30.984 [worker-akka.actor.default-dispatcher-2] INFO  o.a.z.ZooKeeper  - Client environment:host.name=ip-172-31-45-197.us-east-2.compute.internal
11:39:30.985 [worker-akka.actor.default-dispatcher-2] INFO  o.a.z.ZooKeeper  - Client environment:java.version=1.8.0_151
11:39:30.985 [worker-akka.actor.default-dispatcher-2] INFO  o.a.z.ZooKeeper  - Client environment:java.vendor=Oracle Corporation
11:39:30.985 [worker-akka.actor.default-dispatcher-2] INFO  o.a.z.ZooKeeper  - Client environment:java.home=/usr/lib/jvm/java-8-openjdk-amd64/jre
11:39:30.985 [worker-akka.actor.default-dispatcher-2] INFO  o.a.z.ZooKeeper  - Client environment:java.class.path=lib/commons-cli-1.4.jar:lib/minlog-1.3.0.jar:lib/asm-5.0.4.jar:lib/hadoop-annotations-2.7.3.jar:lib/hadoop-auth-2.7.3.jar:lib/akka-slf4j_2.11-2.5.6.jar:lib/jersey-core-1.9.jar:lib/lz4-1.3.0.jar:lib/jackson-core-asl-1.9.13.jar:lib/aeron-client-1.3.0.jar:lib/htrace-core-3.1.0-incubating.jar:lib/xz-1.0.jar:lib/commons-httpclient-3.1.jar:lib/asm-3.1.jar:lib/commons-lang3-3.4.jar:lib/scala-library-2.11.11.jar:lib/scala-java8-compat_2.11-0.7.0.jar:lib/commons-configuration-1.6.jar:lib/objenesis-2.1.jar:lib/jackson-annotations-2.8.0.jar:lib/jsr305-3.0.0.jar:lib/curator-framework-2.7.1.jar:lib/jersey-server-1.9.jar:lib/jets3t-0.9.0.jar:lib/leveldb-0.7.jar:lib/jetty-6.1.26.jar:lib/stax-api-1.0-2.jar:lib/flamestream-core-1.0-SNAPSHOT.jar:lib/reflectasm-1.07-shaded.jar:lib/apacheds-kerberos-codec-2.0.0-M15.jar:lib/api-asn1-api-1.0.0-M20.jar:lib/commons-lang-2.6.jar:lib/commons-beanutils-1.7.0.jar:lib/jackson-xc-1.8.3.jar:lib/jetty-util-6.1.26.jar:lib/logback-classic-1.2.3.jar:lib/jool-0.9.12.jar:lib/flamestream-runtime-1.0-SNAPSHOT-tests.jar:lib/httpcore-4.1.2.jar:lib/kryo-4.0.0.jar:lib/ant-1.8.1.jar:lib/jaxb-impl-2.2.3-1.jar:lib/jersey-json-1.9.jar:lib/commons-compress-1.4.1.jar:lib/leveldbjni-all-1.8.jar:lib/paranamer-2.3.jar:lib/jackson-core-2.8.4.jar:lib/commons-math3-3.6.1.jar:lib/scala-parser-combinators_2.11-1.0.4.jar:lib/netty-3.10.6.Final.jar:lib/trove4j-3.0.3.jar:lib/jaxb-api-2.2.2.jar:lib/logback-core-1.2.3.jar:lib/snappy-java-1.0.4.1.jar:lib/protobuf-java-2.5.0.jar:lib/reactive-streams-1.0.1.jar:lib/flamestream-examples-1.0-SNAPSHOT.jar:lib/commons-codec-1.4.jar:lib/activation-1.1.jar:lib/commons-net-3.1.jar:lib/curator-recipes-2.7.1.jar:lib/jackson-mapper-asl-1.9.13.jar:lib/jackson-databind-2.8.4.jar:lib/flamestream-runtime-1.0-SNAPSHOT.jar:lib/jackson-jaxrs-1.8.3.jar:lib/slf4j-api-1.7.24.jar:lib/akka-remote_2.11-2.5.6.jar:lib/akka-testkit_2.11-2.5.6.jar:lib/jline-0.9.94.jar:lib/akka-stream_2.11-2.5.6.jar:lib/jsp-api-2.1.jar:lib/kryonet-2.21.jar:lib/akka-kryo-serialization_2.11-0.5.0.jar:lib/config-1.3.1.jar:lib/ant-launcher-1.8.1.jar:lib/commons-logging-1.2.jar:lib/ssl-config-core_2.11-0.2.2.jar:lib/testng-6.10.jar:lib/guava-19.0.jar:lib/leveldb-api-0.7.jar:lib/reflectasm-1.11.3.jar:lib/jcommander-1.48.jar:lib/commons-1.1.jar:lib/commons-digester-1.8.jar:lib/minlog-1.2.jar:lib/java-xmlbuilder-0.4.jar:lib/jettison-1.1.jar:lib/gson-2.2.4.jar:lib/jdk.tools-1.8.jar:lib/aeron-driver-1.3.0.jar:lib/zookeeper-3.4.9.jar:lib/commons-beanutils-core-1.8.0.jar:lib/commons-math3-3.1.1.jar:lib/akka-actor_2.11-2.5.6.jar:lib/curator-client-2.7.1.jar:lib/servlet-api-2.5.jar:lib/apacheds-i18n-2.0.0-M15.jar:lib/commons-io-2.4.jar:lib/commons-codec-1.6.jar:lib/akka-protobuf_2.11-2.5.6.jar:lib/jdom-2.0.2.jar:lib/api-util-1.0.0-M20.jar:lib/hadoop-common-2.7.3.jar:lib/agrona-0.9.6.jar:lib/xmlenc-0.52.jar:lib/guava-21.0.jar:lib/commons-collections-3.2.2.jar:lib/avro-1.7.4.jar:lib/commons-1.0-SNAPSHOT.jar:lib/httpclient-4.1.2.jar:lib/flamestream-core-1.0-SNAPSHOT-tests.jar:lib/annotations-12.0.jar:lib/jsch-0.1.42.jar:flamestream-runtime-1.0-SNAPSHOT.jar
11:39:30.985 [worker-akka.actor.default-dispatcher-2] INFO  o.a.z.ZooKeeper  - Client environment:java.library.path=/usr/java/packages/lib/amd64:/usr/lib/x86_64-linux-gnu/jni:/lib/x86_64-linux-gnu:/usr/lib/x86_64-linux-gnu:/usr/lib/jni:/lib:/usr/lib
11:39:30.985 [worker-akka.actor.default-dispatcher-2] INFO  o.a.z.ZooKeeper  - Client environment:java.io.tmpdir=/tmp
11:39:30.985 [worker-akka.actor.default-dispatcher-2] INFO  o.a.z.ZooKeeper  - Client environment:java.compiler=<NA>
11:39:30.985 [worker-akka.actor.default-dispatcher-2] INFO  o.a.z.ZooKeeper  - Client environment:os.name=Linux
11:39:30.985 [worker-akka.actor.default-dispatcher-2] INFO  o.a.z.ZooKeeper  - Client environment:os.arch=amd64
11:39:30.986 [worker-akka.actor.default-dispatcher-2] INFO  o.a.z.ZooKeeper  - Client environment:os.version=4.4.0-1049-aws
11:39:30.987 [worker-akka.actor.default-dispatcher-2] INFO  o.a.z.ZooKeeper  - Client environment:user.name=root
11:39:30.988 [worker-akka.actor.default-dispatcher-2] INFO  o.a.z.ZooKeeper  - Client environment:user.home=/root
11:39:30.988 [worker-akka.actor.default-dispatcher-2] INFO  o.a.z.ZooKeeper  - Client environment:user.dir=/opt/flamestream
11:39:30.991 [worker-akka.actor.default-dispatcher-2] INFO  o.a.z.ZooKeeper  - Initiating client connection, connectString=172.31.34.147:2181 sessionTimeout=5000 watcher=com.spbsu.flamestream.runtime.application.LifecycleWatcher$$Lambda$29/163846144@70e0cc66
11:39:31.027 [worker-akka.actor.default-dispatcher-2-SendThread(172.31.34.147:2181)] INFO  o.a.z.ClientCnxn  - Opening socket connection to server 172.31.34.147/172.31.34.147:2181. Will not attempt to authenticate using SASL (unknown error)
11:39:31.028 [worker-akka.actor.default-dispatcher-2] INFO  a.a.RepointableActorRef akka://worker/user/watcher - Starting...
11:39:31.033 [worker-akka.actor.default-dispatcher-2-SendThread(172.31.34.147:2181)] INFO  o.a.z.ClientCnxn  - Socket connection established to 172.31.34.147/172.31.34.147:2181, initiating session
11:39:31.042 [worker-akka.actor.default-dispatcher-2-SendThread(172.31.34.147:2181)] INFO  o.a.z.ClientCnxn  - Session establishment complete on server 172.31.34.147/172.31.34.147:2181, sessionid = 0x161994201fa0005, negotiated timeout = 6000
11:39:31.122 [worker-akka.actor.default-dispatcher-2] INFO  a.a.RepointableActorRef akka://worker/user/watcher - Connected to ZK
11:39:42.776 [worker-akka.actor.default-dispatcher-2] INFO  a.a.RepointableActorRef akka://worker/user/watcher - Creating node with watchGraphs: 'com.spbsu.flamestream.core.Graph$Builder$MyGraph@658a92f6', config: 'ClusterConfig{paths={172.31.33.155=akka://worker@172.31.33.155:5412/user/watcher/graph0000000000, 172.31.47.83=akka://worker@172.31.47.83:5412/user/watcher/graph0000000000, 172.31.45.197=akka://worker@172.31.45.197:5412/user/watcher/graph0000000000, 172.31.42.36=akka://worker@172.31.42.36:5412/user/watcher/graph0000000000, 172.31.44.83=akka://worker@172.31.44.83:5412/user/watcher/graph0000000000, 172.31.39.64=akka://worker@172.31.39.64:5412/user/watcher/graph0000000000, 172.31.35.79=akka://worker@172.31.35.79:5412/user/watcher/graph0000000000, 172.31.34.169=akka://worker@172.31.34.169:5412/user/watcher/graph0000000000, 172.31.47.100=akka://worker@172.31.47.100:5412/user/watcher/graph0000000000, 172.31.37.101=akka://worker@172.31.37.101:5412/user/watcher/graph0000000000}, ackerLocation='172.31.35.79', props=ComputationLayout{ranges={172.31.33.155=HashRange{from=1670265056, to=2147483644}, 172.31.47.83=HashRange{from=715827880, to=1193046468}, 172.31.45.197=HashRange{from=-1670265060, to=-1193046472}, 172.31.42.36=HashRange{from=238609292, to=715827880}, 172.31.44.83=HashRange{from=-1193046472, to=-715827884}, 172.31.39.64=HashRange{from=-238609296, to=238609292}, 172.31.35.79=HashRange{from=0, to=0}, 172.31.34.169=HashRange{from=1193046468, to=1670265056}, 172.31.47.100=HashRange{from=-715827884, to=-238609296}, 172.31.37.101=HashRange{from=-2147483648, to=-1670265060}}}}'
11:39:43.586 [worker-akka.actor.default-dispatcher-2] INFO  a.a.LocalActorRef akka://worker/user/watcher/graph0000000000/graph - Starting...
11:39:43.587 [worker-akka.actor.default-dispatcher-2] INFO  a.a.LocalActorRef akka://worker/user/watcher/graph0000000000/graph/local-acker/$a - Starting...
11:39:43.589 [worker-akka.actor.default-dispatcher-2] INFO  a.a.LocalActorRef akka://worker/user/watcher/graph0000000000/graph/local-acker - Starting...
Warning: space is running low in /dev/shm (tmpfs) threshold=167,772,160 usable=158,621,696
Warning: space is running low in /dev/shm (tmpfs) threshold=167,772,160 usable=146,034,688
Warning: space is running low in /dev/shm (tmpfs) threshold=167,772,160 usable=133,447,680
Warning: space is running low in /dev/shm (tmpfs) threshold=167,772,160 usable=120,860,672
Warning: space is running low in /dev/shm (tmpfs) threshold=167,772,160 usable=108,273,664
Warning: space is running low in /dev/shm (tmpfs) threshold=167,772,160 usable=95,686,656
Warning: space is running low in /dev/shm (tmpfs) threshold=167,772,160 usable=83,099,648
Warning: space is running low in /dev/shm (tmpfs) threshold=167,772,160 usable=70,512,640
11:39:44.727 [worker-akka.actor.default-dispatcher-2] INFO  a.a.LocalActorRef akka://worker/user/watcher/graph0000000000/graph - Finishing constructor
11:39:44.728 [worker-akka.actor.default-dispatcher-2] INFO  a.a.LocalActorRef akka://worker/user/watcher/graph0000000000 - Starting...
11:39:44.730 [worker-akka.actor.default-dispatcher-2] INFO  a.a.LocalActorRef akka://worker/user/watcher/graph0000000000/negotiator - Starting...
11:39:44.731 [worker-akka.actor.default-dispatcher-2] INFO  a.a.LocalActorRef akka://worker/user/watcher/graph0000000000/edge - Starting...
11:39:44.816 [worker-akka.actor.default-dispatcher-2] INFO  c.s.f.r.e.s.SocketRear  - FlameSocketGraphDeployerRear@172.31.45.197: connecting to 172.31.34.147:5678
11:39:44.822 [worker-akka.actor.default-dispatcher-2] INFO  c.s.f.r.e.s.SocketRear  - FlameSocketGraphDeployerRear@172.31.45.197: connected to 172.31.34.147:5678
2018-02-15T11:39:44.829+0000: 16.681: [GC (Allocation Failure) 2018-02-15T11:39:44.829+0000: 16.681: [DefNew: 122562K->17023K(153600K), 0.0302358 secs] 138011K->43110K(494976K), 0.0303133 secs] [Times: user=0.02 sys=0.01, real=0.02 secs] 
11:39:44.875 [worker-akka.actor.default-dispatcher-2] INFO  a.a.LocalActorRef akka://worker/user/watcher/graph0000000000/graph/$a - Starting...
11:39:44.879 [worker-akka.actor.default-dispatcher-2] INFO  a.a.LocalActorRef akka://worker/user/watcher/graph0000000000/graph/$b - Starting...
11:39:44.879 [worker-akka.actor.default-dispatcher-2] INFO  a.a.LocalActorRef akka://worker/user/watcher/graph0000000000/graph/$c - Starting...
11:39:44.880 [worker-akka.actor.default-dispatcher-2] INFO  a.a.LocalActorRef akka://worker/user/watcher/graph0000000000/edge/FlameSocketGraphDeployerRear - Starting...
11:39:44.880 [worker-akka.actor.default-dispatcher-2] INFO  a.a.LocalActorRef akka://worker/user/watcher/graph0000000000/edge/FlameSocketGraphDeployerFront - Starting...
11:39:44.888 [worker-akka.actor.default-dispatcher-2] INFO  a.a.LocalActorRef akka://worker/user/watcher/graph0000000000/negotiator - Requesting ticket for the frontClass FlameSocketGraphDeployerFront@172.31.45.197
11:39:44.894 [worker-akka.actor.default-dispatcher-2] INFO  a.a.LocalActorRef akka://worker/user/watcher/graph0000000000/negotiator - Ticket for the frontClass received: FrontTicket{allowedTimestamp=(1518694782799, FlameSocketGraphDeployerFront@172.31.45.197)}
11:39:44.895 [worker-akka.actor.default-dispatcher-2] INFO  c.s.f.r.e.s.SocketFront  - FlameSocketGraphDeployerFront@172.31.45.197: connecting to 172.31.34.147:4567
11:39:44.921 [Client] INFO  c.s.f.r.e.s.SocketFront  - FlameSocketGraphDeployerFront@172.31.45.197 has been disconnected from Connection 5
2018-02-15T11:39:56.598+0000: 28.450: [GC (Allocation Failure) 2018-02-15T11:39:56.598+0000: 28.450: [DefNew: 153599K->3370K(153600K), 0.0809054 secs] 179686K->65972K(494976K), 0.0809765 secs] [Times: user=0.02 sys=0.06, real=0.08 secs] 
2018-02-15T11:40:19.030+0000: 50.882: [GC (Allocation Failure) 2018-02-15T11:40:19.030+0000: 50.883: [DefNew: 139946K->5817K(153600K), 0.0139172 secs] 202548K->68419K(494976K), 0.0139848 secs] [Times: user=0.01 sys=0.00, real=0.01 secs] 
2018-02-15T11:40:34.239+0000: 66.091: [GC (Allocation Failure) 2018-02-15T11:40:34.239+0000: 66.091: [DefNew: 142393K->7596K(153600K), 0.0166169 secs] 204995K->70199K(494976K), 0.0166784 secs] [Times: user=0.01 sys=0.01, real=0.02 secs] 
2018-02-15T11:40:49.462+0000: 81.314: [GC (Allocation Failure) 2018-02-15T11:40:49.462+0000: 81.314: [DefNew: 144172K->8751K(153600K), 0.0152439 secs] 206775K->71353K(494976K), 0.0153072 secs] [Times: user=0.02 sys=0.00, real=0.01 secs] 
2018-02-15T11:41:01.859+0000: 93.711: [GC (Allocation Failure) 2018-02-15T11:41:01.859+0000: 93.711: [DefNew: 145327K->8143K(153600K), 0.0169017 secs] 207929K->72435K(494976K), 0.0169673 secs] [Times: user=0.01 sys=0.00, real=0.02 secs] 
2018-02-15T11:41:18.860+0000: 110.713: [GC (Allocation Failure) 2018-02-15T11:41:18.860+0000: 110.713: [DefNew: 144719K->9462K(153600K), 0.0153110 secs] 209011K->73755K(494976K), 0.0153874 secs] [Times: user=0.01 sys=0.00, real=0.01 secs] 
2018-02-15T11:41:37.952+0000: 129.804: [GC (Allocation Failure) 2018-02-15T11:41:37.952+0000: 129.804: [DefNew: 146038K->9362K(153600K), 0.0233423 secs] 210331K->75077K(494976K), 0.0234180 secs] [Times: user=0.02 sys=0.00, real=0.02 secs] 
2018-02-15T11:41:59.274+0000: 151.126: [GC (Allocation Failure) 2018-02-15T11:41:59.274+0000: 151.126: [DefNew: 145938K->9556K(153600K), 0.0200689 secs] 211653K->76307K(494976K), 0.0201588 secs] [Times: user=0.01 sys=0.00, real=0.02 secs] 
2018-02-15T11:42:14.381+0000: 166.233: [GC (Allocation Failure) 2018-02-15T11:42:14.381+0000: 166.233: [DefNew: 146132K->9768K(153600K), 0.0172318 secs] 212883K->77545K(494976K), 0.0173101 secs] [Times: user=0.01 sys=0.01, real=0.01 secs] 
2018-02-15T11:42:32.903+0000: 184.755: [GC (Allocation Failure) 2018-02-15T11:42:32.903+0000: 184.755: [DefNew: 146344K->9048K(153600K), 0.0191148 secs] 214121K->78905K(494976K), 0.0191938 secs] [Times: user=0.01 sys=0.01, real=0.02 secs] 
2018-02-15T11:42:55.090+0000: 206.943: [GC (Allocation Failure) 2018-02-15T11:42:55.091+0000: 206.943: [DefNew: 145624K->8589K(153600K), 0.0226209 secs] 215481K->79739K(494976K), 0.0226860 secs] [Times: user=0.00 sys=0.01, real=0.02 secs] 
2018-02-15T11:43:15.151+0000: 227.003: [GC (Allocation Failure) 2018-02-15T11:43:15.151+0000: 227.003: [DefNew: 145165K->8659K(153600K), 0.0167652 secs] 216315K->81201K(494976K), 0.0168305 secs] [Times: user=0.01 sys=0.00, real=0.01 secs] 
2018-02-15T11:43:32.990+0000: 244.842: [GC (Allocation Failure) 2018-02-15T11:43:32.990+0000: 244.842: [DefNew: 145235K->8727K(153600K), 0.0287419 secs] 217777K->82355K(494976K), 0.0288074 secs] [Times: user=0.01 sys=0.02, real=0.02 secs] 
2018-02-15T11:43:51.413+0000: 263.265: [GC (Allocation Failure) 2018-02-15T11:43:51.413+0000: 263.265: [DefNew: 145303K->8686K(153600K), 0.0162970 secs] 218931K->83444K(494976K), 0.0163612 secs] [Times: user=0.02 sys=0.00, real=0.02 secs] 
2018-02-15T11:44:13.486+0000: 285.338: [GC (Allocation Failure) 2018-02-15T11:44:13.486+0000: 285.338: [DefNew: 145262K->9129K(153600K), 0.0170390 secs] 220020K->84991K(494976K), 0.0171024 secs] [Times: user=0.01 sys=0.00, real=0.02 secs] 
2018-02-15T11:44:29.678+0000: 301.530: [GC (Allocation Failure) 2018-02-15T11:44:29.678+0000: 301.530: [DefNew: 145705K->9183K(153600K), 0.0169466 secs] 221567K->86239K(494976K), 0.0170103 secs] [Times: user=0.01 sys=0.00, real=0.02 secs] 
2018-02-15T11:44:50.115+0000: 321.967: [GC (Allocation Failure) 2018-02-15T11:44:50.115+0000: 321.967: [DefNew: 145759K->9840K(153600K), 0.0175632 secs] 222815K->87923K(494976K), 0.0176280 secs] [Times: user=0.01 sys=0.00, real=0.02 secs] 
2018-02-15T11:45:10.622+0000: 342.474: [GC (Allocation Failure) 2018-02-15T11:45:10.622+0000: 342.474: [DefNew: 146416K->8257K(153600K), 0.0176613 secs] 224499K->88690K(494976K), 0.0177256 secs] [Times: user=0.02 sys=0.00, real=0.01 secs] 
2018-02-15T11:45:29.453+0000: 361.305: [GC (Allocation Failure) 2018-02-15T11:45:29.453+0000: 361.305: [DefNew: 144833K->9979K(153600K), 0.0156247 secs] 225266K->90412K(494976K), 0.0156898 secs] [Times: user=0.01 sys=0.00, real=0.02 secs] 
2018-02-15T11:45:43.949+0000: 375.801: [GC (Allocation Failure) 2018-02-15T11:45:43.949+0000: 375.801: [DefNew: 146555K->8185K(153600K), 0.0180072 secs] 226988K->91162K(494976K), 0.0180755 secs] [Times: user=0.01 sys=0.00, real=0.01 secs] 
2018-02-15T11:46:00.995+0000: 392.847: [GC (Allocation Failure) 2018-02-15T11:46:00.995+0000: 392.847: [DefNew: 144761K->9521K(153600K), 0.0149690 secs] 227738K->92498K(494976K), 0.0150433 secs] [Times: user=0.01 sys=0.00, real=0.02 secs] 
2018-02-15T11:46:15.575+0000: 407.428: [GC (Allocation Failure) 2018-02-15T11:46:15.576+0000: 407.428: [DefNew: 146097K->10242K(153600K), 0.0307424 secs] 229074K->94246K(494976K), 0.0308064 secs] [Times: user=0.00 sys=0.03, real=0.03 secs] 
2018-02-15T11:46:34.938+0000: 426.791: [GC (Allocation Failure) 2018-02-15T11:46:34.938+0000: 426.791: [DefNew: 146818K->10041K(153600K), 0.0200364 secs] 230822K->96074K(494976K), 0.0201039 secs] [Times: user=0.02 sys=0.01, real=0.02 secs] 
2018-02-15T11:46:51.965+0000: 443.817: [GC (Allocation Failure) 2018-02-15T11:46:51.965+0000: 443.817: [DefNew: 146617K->9015K(153600K), 0.0312821 secs] 232650K->97616K(494976K), 0.0313477 secs] [Times: user=0.01 sys=0.02, real=0.03 secs] 
2018-02-15T11:47:05.450+0000: 457.302: [GC (Allocation Failure) 2018-02-15T11:47:05.450+0000: 457.302: [DefNew: 145591K->7521K(153600K), 0.0155456 secs] 234192K->98566K(494976K), 0.0156061 secs] [Times: user=0.02 sys=0.00, real=0.01 secs] 
2018-02-15T11:47:24.541+0000: 476.393: [GC (Allocation Failure) 2018-02-15T11:47:24.541+0000: 476.393: [DefNew: 144097K->9225K(153600K), 0.0150238 secs] 235142K->100269K(494976K), 0.0150993 secs] [Times: user=0.01 sys=0.00, real=0.01 secs] 
2018-02-15T11:47:44.002+0000: 495.854: [GC (Allocation Failure) 2018-02-15T11:47:44.002+0000: 495.854: [DefNew: 145801K->9376K(153600K), 0.0168202 secs] 236845K->101680K(494976K), 0.0168848 secs] [Times: user=0.02 sys=0.00, real=0.01 secs] 
2018-02-15T11:47:58.281+0000: 510.133: [GC (Allocation Failure) 2018-02-15T11:47:58.281+0000: 510.133: [DefNew: 145952K->9997K(153600K), 0.0173511 secs] 238256K->103274K(494976K), 0.0174305 secs] [Times: user=0.02 sys=0.00, real=0.01 secs] 
2018-02-15T11:48:19.138+0000: 530.990: [GC (Allocation Failure) 2018-02-15T11:48:19.138+0000: 530.990: [DefNew: 146573K->9922K(153600K), 0.0174829 secs] 239850K->104454K(494976K), 0.0175482 secs] [Times: user=0.02 sys=0.00, real=0.02 secs] 
2018-02-15T11:48:34.890+0000: 546.742: [GC (Allocation Failure) 2018-02-15T11:48:34.890+0000: 546.742: [DefNew: 146498K->8653K(153600K), 0.0182866 secs] 241030K->105895K(494976K), 0.0183545 secs] [Times: user=0.02 sys=0.00, real=0.01 secs] 
2018-02-15T11:48:52.944+0000: 564.796: [GC (Allocation Failure) 2018-02-15T11:48:52.944+0000: 564.796: [DefNew: 145229K->8442K(153600K), 0.0191686 secs] 242471K->107207K(494976K), 0.0192322 secs] [Times: user=0.01 sys=0.00, real=0.02 secs] 
2018-02-15T11:49:07.756+0000: 579.608: [GC (Allocation Failure) 2018-02-15T11:49:07.756+0000: 579.608: [DefNew: 145018K->9826K(153600K), 0.0147282 secs] 243783K->108591K(494976K), 0.0147931 secs] [Times: user=0.01 sys=0.00, real=0.02 secs] 
2018-02-15T11:49:24.890+0000: 596.742: [GC (Allocation Failure) 2018-02-15T11:49:24.890+0000: 596.742: [DefNew: 146402K->9984K(153600K), 0.0162752 secs] 245167K->109959K(494976K), 0.0163640 secs] [Times: user=0.02 sys=0.00, real=0.01 secs] 
2018-02-15T11:49:41.142+0000: 612.994: [GC (Allocation Failure) 2018-02-15T11:49:41.142+0000: 612.994: [DefNew: 146560K->9002K(153600K), 0.0182711 secs] 246535K->111461K(494976K), 0.0183425 secs] [Times: user=0.02 sys=0.00, real=0.02 secs] 
2018-02-15T11:50:00.638+0000: 632.490: [GC (Allocation Failure) 2018-02-15T11:50:00.638+0000: 632.490: [DefNew: 145578K->9322K(153600K), 0.0166330 secs] 248037K->113104K(494976K), 0.0167011 secs] [Times: user=0.02 sys=0.00, real=0.02 secs] 
2018-02-15T11:50:17.248+0000: 649.100: [GC (Allocation Failure) 2018-02-15T11:50:17.248+0000: 649.101: [DefNew: 145898K->9466K(153600K), 0.0168360 secs] 249680K->114825K(494976K), 0.0168994 secs] [Times: user=0.01 sys=0.00, real=0.01 secs] 
2018-02-15T11:50:38.615+0000: 670.467: [GC (Allocation Failure) 2018-02-15T11:50:38.615+0000: 670.467: [DefNew: 146042K->9546K(153600K), 0.0163457 secs] 251401K->116354K(494976K), 0.0164196 secs] [Times: user=0.01 sys=0.00, real=0.02 secs] 
2018-02-15T11:50:56.511+0000: 688.363: [GC (Allocation Failure) 2018-02-15T11:50:56.511+0000: 688.363: [DefNew: 146122K->9838K(153600K), 0.0168588 secs] 252930K->118187K(494976K), 0.0169231 secs] [Times: user=0.01 sys=0.00, real=0.01 secs] 
2018-02-15T11:51:11.363+0000: 703.215: [GC (Allocation Failure) 2018-02-15T11:51:11.363+0000: 703.215: [DefNew: 146414K->9773K(153600K), 0.0166924 secs] 254763K->119656K(494976K), 0.0167662 secs] [Times: user=0.01 sys=0.00, real=0.01 secs] 
2018-02-15T11:51:29.671+0000: 721.523: [GC (Allocation Failure) 2018-02-15T11:51:29.671+0000: 721.523: [DefNew: 146349K->10175K(153600K), 0.0171659 secs] 256232K->121586K(494976K), 0.0172302 secs] [Times: user=0.01 sys=0.01, real=0.02 secs] 
2018-02-15T11:51:46.020+0000: 737.872: [GC (Allocation Failure) 2018-02-15T11:51:46.020+0000: 737.872: [DefNew: 146751K->10198K(153600K), 0.0176652 secs] 258162K->123182K(494976K), 0.0177329 secs] [Times: user=0.02 sys=0.00, real=0.01 secs] 
11:51:46.068 [Client] INFO  c.s.f.r.e.s.SocketRear  - FlameSocketGraphDeployerRear@172.31.45.197: has been disconnected from Connection 5
11:55:22.203 [worker-akka.actor.default-dispatcher-2] INFO  a.a.CoordinatedShutdown CoordinatedShutdown(akka://worker) - Starting coordinated shutdown from JVM shutdown hook
11:55:22.236 [worker-akka.actor.default-dispatcher-2] INFO  a.a.LocalActorRef akka://worker/user/watcher/graph0000000000/edge/FlameSocketGraphDeployerFront - Stopped
11:55:22.237 [worker-akka.actor.default-dispatcher-2] INFO  a.a.LocalActorRef akka://worker/user/watcher/graph0000000000/edge/FlameSocketGraphDeployerRear - Stopped
11:55:22.243 [worker-akka.actor.default-dispatcher-2] INFO  a.a.LocalActorRef akka://worker/user/watcher/graph0000000000/negotiator - Stopped
11:55:22.243 [worker-akka.actor.default-dispatcher-2] INFO  a.a.LocalActorRef akka://worker/user/watcher/graph0000000000/graph/$a - Stopped
11:55:22.245 [worker-akka.actor.default-dispatcher-2] INFO  a.a.LocalActorRef akka://worker/user/watcher/graph0000000000/graph/$b - Stopped
11:55:22.246 [worker-akka.actor.default-dispatcher-2] INFO  a.a.LocalActorRef akka://worker/user/watcher/graph0000000000/graph/$c - Stopped
11:55:22.246 [worker-akka.actor.default-dispatcher-2] INFO  a.a.LocalActorRef akka://worker/user/watcher/graph0000000000/graph/local-acker/$a - Stopped
11:55:22.252 [worker-akka.actor.default-dispatcher-2] INFO  a.a.LocalActorRef akka://worker/user/watcher/graph0000000000/edge - Stopped
11:55:22.252 [worker-akka.actor.default-dispatcher-2] INFO  a.a.LocalActorRef akka://worker/user/watcher/graph0000000000/graph/local-acker/$a - Message [com.spbsu.flamestream.runtime.utils.akka.PingActor$InnerPing] from Actor[akka://worker/user/watcher/graph0000000000/graph/local-acker/$a#602674373] to Actor[akka://worker/user/watcher/graph0000000000/graph/local-acker/$a#602674373] was not delivered. [1] dead letters encountered. This logging can be turned off or adjusted with configuration settings 'akka.log-dead-letters' and 'akka.log-dead-letters-during-shutdown'.
11:55:22.253 [worker-akka.actor.default-dispatcher-2] INFO  a.a.LocalActorRef akka://worker/user/watcher/graph0000000000/graph/local-acker - Stopped
11:55:22.256 [worker-akka.actor.default-dispatcher-2] INFO  a.a.LocalActorRef akka://worker/user/watcher/graph0000000000/graph/local-acker/$a - Message [com.spbsu.flamestream.runtime.utils.akka.PingActor$Stop] from Actor[akka://worker/user/watcher/graph0000000000/graph/local-acker#333928583] to Actor[akka://worker/user/watcher/graph0000000000/graph/local-acker/$a#602674373] was not delivered. [2] dead letters encountered. This logging can be turned off or adjusted with configuration settings 'akka.log-dead-letters' and 'akka.log-dead-letters-during-shutdown'.
11:55:22.256 [worker-akka.actor.default-dispatcher-2] INFO  a.a.LocalActorRef akka://worker/user/watcher/graph0000000000/graph/local-acker - Message [com.spbsu.flamestream.runtime.acker.LocalAcker$Flush] from Actor[akka://worker/user/watcher/graph0000000000/graph/local-acker#333928583] to Actor[akka://worker/user/watcher/graph0000000000/graph/local-acker#333928583] was not delivered. [3] dead letters encountered. This logging can be turned off or adjusted with configuration settings 'akka.log-dead-letters' and 'akka.log-dead-letters-during-shutdown'.
11:55:22.256 [worker-akka.actor.default-dispatcher-2] INFO  a.a.LocalActorRef akka://worker/user/watcher/graph0000000000/graph - Stopped
11:55:22.256 [worker-akka.actor.default-dispatcher-2] INFO  a.a.LocalActorRef akka://worker/user/watcher/graph0000000000 - Stopped
11:55:22.262 [worker-akka.actor.default-dispatcher-2] INFO  o.a.z.ZooKeeper  - Session: 0x161994201fa0005 closed
11:55:22.262 [worker-akka.actor.default-dispatcher-2] INFO  a.a.RepointableActorRef akka://worker/user/watcher - Stopped
11:55:22.262 [worker-akka.actor.default-dispatcher-2-EventThread] INFO  o.a.z.ClientCnxn  - EventThread shut down for session: 0x161994201fa0005
11:55:22.277 [worker-akka.actor.default-dispatcher-2] INFO  a.r.RemoteActorRefProvider$RemotingTerminator akka://worker@172.31.45.197:5412/system/remoting-terminator - Shutting down remote daemon.
11:55:22.282 [worker-akka.actor.default-dispatcher-2] INFO  a.r.RemoteActorRefProvider$RemotingTerminator akka://worker@172.31.45.197:5412/system/remoting-terminator - Remote daemon shut down; proceeding with flushing remote transports.
11:55:23.427 [worker-akka.actor.default-dispatcher-2] INFO  a.r.RemoteActorRefProvider$RemotingTerminator akka://worker@172.31.45.197:5412/system/remoting-terminator - Remoting shut down.
Attempts of event 'shuffle-send' - 0
Attempts of event 'front-receive-send' - 0
Attempts of event 'inject-out' - 550024
Attempts of event 'sink-receive' - 555073
Attempts of event 'flatmap-receive' - 1169
Attempts of event 'fm-send' - 581680
Attempts of event 'rear-in' - 548855
Attempts of event 'flatmap-send' - 581680
Attempts of event 'inject-in' - 550024
Attempts of event 'wrong-ordering-filter-receive' - 555073
Attempts of event 'accept-in' - 0
Attempts of event 'grouping-receive' - 1103928
Heap
 def new generation   total 153600K, used 70358K [0x00000000e0c00000, 0x00000000eb2a0000, 0x00000000eb2a0000)
  eden space 136576K,  44% used [0x00000000e0c00000, 0x00000000e46bff40, 0x00000000e9160000)
  from space 17024K,  59% used [0x00000000e9160000, 0x00000000e9b55b18, 0x00000000ea200000)
  to   space 17024K,   0% used [0x00000000ea200000, 0x00000000ea200000, 0x00000000eb2a0000)
 tenured generation   total 341376K, used 112983K [0x00000000eb2a0000, 0x0000000100000000, 0x0000000100000000)
   the space 341376K,  33% used [0x00000000eb2a0000, 0x00000000f20f5d68, 0x00000000f20f5e00, 0x0000000100000000)
 Metaspace       used 33529K, capacity 34368K, committed 34688K, reserved 1079296K
  class space    used 4454K, capacity 4627K, committed 4736K, reserved 1048576K
