14:34:38,849 |-INFO in ch.qos.logback.classic.LoggerContext[default] - Could NOT find resource [logback-test.xml]
14:34:38,850 |-INFO in ch.qos.logback.classic.LoggerContext[default] - Could NOT find resource [logback.groovy]
14:34:38,850 |-INFO in ch.qos.logback.classic.LoggerContext[default] - Found resource [logback.xml] at [jar:file:/opt/flamestream/lib/flamestream-runtime-1.0-SNAPSHOT.jar!/logback.xml]
14:34:38,850 |-WARN in ch.qos.logback.classic.LoggerContext[default] - Resource [logback.xml] occurs multiple times on the classpath.
14:34:38,850 |-WARN in ch.qos.logback.classic.LoggerContext[default] - Resource [logback.xml] occurs at [jar:file:/opt/flamestream/flamestream-runtime-1.0-SNAPSHOT.jar!/logback.xml]
14:34:38,850 |-WARN in ch.qos.logback.classic.LoggerContext[default] - Resource [logback.xml] occurs at [jar:file:/opt/flamestream/lib/flamestream-runtime-1.0-SNAPSHOT.jar!/logback.xml]
14:34:38,870 |-INFO in ch.qos.logback.core.joran.spi.ConfigurationWatchList@69b794e2 - URL [jar:file:/opt/flamestream/lib/flamestream-runtime-1.0-SNAPSHOT.jar!/logback.xml] is not of type file
14:34:38,948 |-INFO in ch.qos.logback.classic.joran.action.ConfigurationAction - debug attribute not set
14:34:38,948 |-INFO in ch.qos.logback.core.joran.action.AppenderAction - About to instantiate appender of type [ch.qos.logback.core.ConsoleAppender]
14:34:38,960 |-INFO in ch.qos.logback.core.joran.action.AppenderAction - Naming appender as [STDOUT]
14:34:38,967 |-INFO in ch.qos.logback.core.joran.action.NestedComplexPropertyIA - Assuming default type [ch.qos.logback.classic.encoder.PatternLayoutEncoder] for [encoder] property
14:34:39,006 |-INFO in ch.qos.logback.core.joran.action.AppenderAction - About to instantiate appender of type [ch.qos.logback.core.rolling.RollingFileAppender]
14:34:39,014 |-INFO in ch.qos.logback.core.joran.action.AppenderAction - Naming appender as [FILE]
14:34:39,031 |-INFO in c.q.l.core.rolling.TimeBasedRollingPolicy@1059063940 - No compression will be used
14:34:39,032 |-INFO in c.q.l.core.rolling.TimeBasedRollingPolicy@1059063940 - Will use the pattern /tmp/application_%d{yyyy-MM-dd}.%i.log for the active file
14:34:39,035 |-INFO in ch.qos.logback.core.rolling.SizeAndTimeBasedFNATP@4d339552 - The date pattern is 'yyyy-MM-dd' from file name pattern '/tmp/application_%d{yyyy-MM-dd}.%i.log'.
14:34:39,035 |-INFO in ch.qos.logback.core.rolling.SizeAndTimeBasedFNATP@4d339552 - Roll-over at midnight.
14:34:39,040 |-INFO in ch.qos.logback.core.rolling.SizeAndTimeBasedFNATP@4d339552 - Setting initial period to Mon Mar 26 13:53:06 UTC 2018
14:34:39,040 |-WARN in ch.qos.logback.core.rolling.SizeAndTimeBasedFNATP@4d339552 - SizeAndTimeBasedFNATP is deprecated. Use SizeAndTimeBasedRollingPolicy instead
14:34:39,040 |-WARN in ch.qos.logback.core.rolling.SizeAndTimeBasedFNATP@4d339552 - For more information see http://logback.qos.ch/manual/appenders.html#SizeAndTimeBasedRollingPolicy
14:34:39,044 |-INFO in ch.qos.logback.core.joran.action.NestedComplexPropertyIA - Assuming default type [ch.qos.logback.classic.encoder.PatternLayoutEncoder] for [encoder] property
14:34:39,049 |-INFO in ch.qos.logback.core.rolling.RollingFileAppender[FILE] - Active log file name: /tmp/application.log
14:34:39,049 |-INFO in ch.qos.logback.core.rolling.RollingFileAppender[FILE] - File property is set to [/tmp/application.log]
14:34:39,050 |-INFO in ch.qos.logback.classic.joran.action.RootLoggerAction - Setting level of ROOT logger to INFO
14:34:39,050 |-INFO in ch.qos.logback.core.joran.action.AppenderRefAction - Attaching appender named [STDOUT] to Logger[ROOT]
14:34:39,050 |-INFO in ch.qos.logback.core.joran.action.AppenderRefAction - Attaching appender named [FILE] to Logger[ROOT]
14:34:39,051 |-INFO in ch.qos.logback.classic.joran.action.ConfigurationAction - End of configuration.
14:34:39,051 |-INFO in ch.qos.logback.classic.joran.JoranConfigurator@f0f2775 - Registering current configuration as safe fallback point

14:34:39.054 [main] INFO  c.s.f.r.a.WorkerApplication  - Starting worker with id: '10.0.0.97', host: '10.0.0.97:5412', zkString: '10.0.0.132:2181'
14:34:39.949 [worker-akka.actor.default-dispatcher-7] INFO  a.e.s.Slf4jLogger  - Slf4jLogger started
2018-03-26T14:34:40.088+0000: 1.820: [Full GC (Metadata GC Threshold) 2018-03-26T14:34:40.088+0000: 1.820: [Tenured: 0K->15853K(341376K), 0.0388805 secs] 134112K->15853K(494976K), [Metaspace: 20937K->20937K(1067008K)], 0.0389447 secs] [Times: user=0.04 sys=0.01, real=0.04 secs] 
Ama winner
Ama winner
14:34:40.480 [worker-akka.actor.default-dispatcher-7] INFO  a.r.a.ArteryTransport(akka://worker) akka.remote.artery.ArteryTransport(akka://worker) - Started embedded media driver in directory [/dev/shm/aeron-root-worker-0a70edb9-9926-4d0d-b8bc-c8a3b92820df]
14:34:40.660 [worker-akka.actor.default-dispatcher-7] INFO  a.r.a.ArteryTransport(akka://worker) akka.remote.artery.ArteryTransport(akka://worker) - Remoting started; listening on address: [akka://worker@10.0.0.97:5412] with UID [4040414096988714826]
14:34:40.711 [worker-akka.actor.default-dispatcher-2] INFO  a.a.RepointableActorRef akka://worker/user/watcher - Starting...
14:34:40.722 [worker-akka.actor.default-dispatcher-7] INFO  o.a.z.ZooKeeper  - Client environment:zookeeper.version=3.4.9-1757313, built on 08/23/2016 06:50 GMT
14:34:40.722 [worker-akka.actor.default-dispatcher-7] INFO  o.a.z.ZooKeeper  - Client environment:host.name=localhost
14:34:40.722 [worker-akka.actor.default-dispatcher-7] INFO  o.a.z.ZooKeeper  - Client environment:java.version=1.8.0_151
14:34:40.723 [worker-akka.actor.default-dispatcher-7] INFO  o.a.z.ZooKeeper  - Client environment:java.vendor=Oracle Corporation
14:34:40.723 [worker-akka.actor.default-dispatcher-7] INFO  o.a.z.ZooKeeper  - Client environment:java.home=/usr/lib/jvm/java-8-openjdk-amd64/jre
14:34:40.723 [worker-akka.actor.default-dispatcher-7] INFO  o.a.z.ZooKeeper  - Client environment:java.class.path=lib/commons-cli-1.4.jar:lib/minlog-1.3.0.jar:lib/asm-5.0.4.jar:lib/hadoop-annotations-2.7.3.jar:lib/hadoop-auth-2.7.3.jar:lib/akka-slf4j_2.11-2.5.6.jar:lib/jersey-core-1.9.jar:lib/lz4-1.3.0.jar:lib/jackson-core-asl-1.9.13.jar:lib/aeron-client-1.3.0.jar:lib/htrace-core-3.1.0-incubating.jar:lib/xz-1.0.jar:lib/commons-httpclient-3.1.jar:lib/asm-3.1.jar:lib/commons-lang3-3.4.jar:lib/scala-library-2.11.11.jar:lib/scala-java8-compat_2.11-0.7.0.jar:lib/commons-configuration-1.6.jar:lib/objenesis-2.1.jar:lib/jackson-annotations-2.8.0.jar:lib/jsr305-3.0.0.jar:lib/curator-framework-2.7.1.jar:lib/jersey-server-1.9.jar:lib/jets3t-0.9.0.jar:lib/leveldb-0.7.jar:lib/jetty-6.1.26.jar:lib/stax-api-1.0-2.jar:lib/flamestream-core-1.0-SNAPSHOT.jar:lib/reflectasm-1.07-shaded.jar:lib/apacheds-kerberos-codec-2.0.0-M15.jar:lib/api-asn1-api-1.0.0-M20.jar:lib/commons-lang-2.6.jar:lib/commons-beanutils-1.7.0.jar:lib/jackson-xc-1.8.3.jar:lib/jetty-util-6.1.26.jar:lib/logback-classic-1.2.3.jar:lib/jool-0.9.12.jar:lib/httpcore-4.1.2.jar:lib/kryo-4.0.0.jar:lib/ant-1.8.1.jar:lib/jaxb-impl-2.2.3-1.jar:lib/jersey-json-1.9.jar:lib/commons-compress-1.4.1.jar:lib/leveldbjni-all-1.8.jar:lib/paranamer-2.3.jar:lib/jackson-core-2.8.4.jar:lib/commons-math3-3.6.1.jar:lib/scala-parser-combinators_2.11-1.0.4.jar:lib/netty-3.10.6.Final.jar:lib/trove4j-3.0.3.jar:lib/jaxb-api-2.2.2.jar:lib/logback-core-1.2.3.jar:lib/snappy-java-1.0.4.1.jar:lib/protobuf-java-2.5.0.jar:lib/reactive-streams-1.0.1.jar:lib/flamestream-examples-1.0-SNAPSHOT.jar:lib/commons-codec-1.4.jar:lib/activation-1.1.jar:lib/commons-net-3.1.jar:lib/curator-recipes-2.7.1.jar:lib/jackson-mapper-asl-1.9.13.jar:lib/jackson-databind-2.8.4.jar:lib/flamestream-runtime-1.0-SNAPSHOT.jar:lib/jackson-jaxrs-1.8.3.jar:lib/slf4j-api-1.7.24.jar:lib/akka-remote_2.11-2.5.6.jar:lib/akka-testkit_2.11-2.5.6.jar:lib/jline-0.9.94.jar:lib/jedis-2.9.0.jar:lib/akka-stream_2.11-2.5.6.jar:lib/jsp-api-2.1.jar:lib/kryonet-2.21.jar:lib/akka-kryo-serialization_2.11-0.5.0.jar:lib/config-1.3.1.jar:lib/ant-launcher-1.8.1.jar:lib/commons-logging-1.2.jar:lib/ssl-config-core_2.11-0.2.2.jar:lib/testng-6.10.jar:lib/leveldb-api-0.7.jar:lib/reflectasm-1.11.3.jar:lib/jcommander-1.48.jar:lib/commons-1.1.jar:lib/commons-digester-1.8.jar:lib/minlog-1.2.jar:lib/java-xmlbuilder-0.4.jar:lib/jettison-1.1.jar:lib/gson-2.2.4.jar:lib/jdk.tools-1.8.jar:lib/aeron-driver-1.3.0.jar:lib/zookeeper-3.4.9.jar:lib/commons-beanutils-core-1.8.0.jar:lib/commons-math3-3.1.1.jar:lib/akka-actor_2.11-2.5.6.jar:lib/curator-client-2.7.1.jar:lib/servlet-api-2.5.jar:lib/commons-pool2-2.4.2.jar:lib/apacheds-i18n-2.0.0-M15.jar:lib/commons-io-2.4.jar:lib/commons-codec-1.6.jar:lib/akka-protobuf_2.11-2.5.6.jar:lib/jdom-2.0.2.jar:lib/rocksdbjni-5.5.1.jar:lib/api-util-1.0.0-M20.jar:lib/hadoop-common-2.7.3.jar:lib/agrona-0.9.6.jar:lib/xmlenc-0.52.jar:lib/guava-21.0.jar:lib/commons-collections-3.2.2.jar:lib/avro-1.7.4.jar:lib/httpclient-4.1.2.jar:lib/flamestream-core-1.0-SNAPSHOT-tests.jar:lib/annotations-12.0.jar:lib/jsch-0.1.42.jar:flamestream-runtime-1.0-SNAPSHOT.jar
14:34:40.723 [worker-akka.actor.default-dispatcher-7] INFO  o.a.z.ZooKeeper  - Client environment:java.library.path=/usr/java/packages/lib/amd64:/usr/lib/x86_64-linux-gnu/jni:/lib/x86_64-linux-gnu:/usr/lib/x86_64-linux-gnu:/usr/lib/jni:/lib:/usr/lib
14:34:40.723 [worker-akka.actor.default-dispatcher-7] INFO  o.a.z.ZooKeeper  - Client environment:java.io.tmpdir=/tmp
14:34:40.723 [worker-akka.actor.default-dispatcher-7] INFO  o.a.z.ZooKeeper  - Client environment:java.compiler=<NA>
14:34:40.723 [worker-akka.actor.default-dispatcher-7] INFO  o.a.z.ZooKeeper  - Client environment:os.name=Linux
14:34:40.723 [worker-akka.actor.default-dispatcher-7] INFO  o.a.z.ZooKeeper  - Client environment:os.arch=amd64
14:34:40.724 [worker-akka.actor.default-dispatcher-7] INFO  o.a.z.ZooKeeper  - Client environment:os.version=4.4.0-1049-aws
14:34:40.725 [worker-akka.actor.default-dispatcher-7] INFO  o.a.z.ZooKeeper  - Client environment:user.name=root
14:34:40.725 [worker-akka.actor.default-dispatcher-7] INFO  o.a.z.ZooKeeper  - Client environment:user.home=/root
14:34:40.725 [worker-akka.actor.default-dispatcher-7] INFO  o.a.z.ZooKeeper  - Client environment:user.dir=/opt/flamestream
14:34:40.727 [worker-akka.actor.default-dispatcher-7] INFO  o.a.z.ZooKeeper  - Initiating client connection, connectString=10.0.0.132:2181 sessionTimeout=5000 watcher=com.spbsu.flamestream.runtime.application.LifecycleWatcher$$Lambda$30/1153660753@67584b5b
14:34:40.758 [worker-akka.actor.default-dispatcher-7-SendThread(10.0.0.132:2181)] INFO  o.a.z.ClientCnxn  - Opening socket connection to server 10.0.0.132/10.0.0.132:2181. Will not attempt to authenticate using SASL (unknown error)
14:34:40.768 [worker-akka.actor.default-dispatcher-7-SendThread(10.0.0.132:2181)] INFO  o.a.z.ClientCnxn  - Socket connection established to 10.0.0.132/10.0.0.132:2181, initiating session
14:34:40.779 [worker-akka.actor.default-dispatcher-7-SendThread(10.0.0.132:2181)] INFO  o.a.z.ClientCnxn  - Session establishment complete on server 10.0.0.132/10.0.0.132:2181, sessionid = 0x16262bac5490009, negotiated timeout = 6000
14:34:40.784 [worker-akka.actor.default-dispatcher-2] INFO  a.a.RepointableActorRef akka://worker/user/watcher - Initializing rocksDB backend
14:34:40.957 [worker-akka.actor.default-dispatcher-2] INFO  a.a.RepointableActorRef akka://worker/user/watcher - Connected to ZK
14:34:49.250 [worker-akka.actor.default-dispatcher-2] INFO  a.a.RepointableActorRef akka://worker/user/watcher - Creating node with watchGraphs: 'com.spbsu.flamestream.core.Graph$Builder$MyGraph@43624566', config: 'ClusterConfig{paths={10.0.0.51=akka://worker@10.0.0.51:5412/user/watcher/graph, 10.0.0.118=akka://worker@10.0.0.118:5412/user/watcher/graph, 10.0.0.49=akka://worker@10.0.0.49:5412/user/watcher/graph, 10.0.0.48=akka://worker@10.0.0.48:5412/user/watcher/graph, 10.0.0.14=akka://worker@10.0.0.14:5412/user/watcher/graph, 10.0.0.197=akka://worker@10.0.0.197:5412/user/watcher/graph, 10.0.0.13=akka://worker@10.0.0.13:5412/user/watcher/graph, 10.0.0.166=akka://worker@10.0.0.166:5412/user/watcher/graph, 10.0.0.64=akka://worker@10.0.0.64:5412/user/watcher/graph, 10.0.0.97=akka://worker@10.0.0.97:5412/user/watcher/graph}, ackerLocation='10.0.0.166', props=ComputationLayout{hashGroups={10.0.0.51=com.spbsu.flamestream.runtime.config.HashGroup@1ffe1b9d, 10.0.0.118=com.spbsu.flamestream.runtime.config.HashGroup@5d5c21bc, 10.0.0.49=com.spbsu.flamestream.runtime.config.HashGroup@56dcaf5d, 10.0.0.48=com.spbsu.flamestream.runtime.config.HashGroup@c65a7748, 10.0.0.14=com.spbsu.flamestream.runtime.config.HashGroup@231425fe, 10.0.0.197=com.spbsu.flamestream.runtime.config.HashGroup@fbc82752, 10.0.0.13=com.spbsu.flamestream.runtime.config.HashGroup@ccbcd570, 10.0.0.166=com.spbsu.flamestream.runtime.config.HashGroup@c01f, 10.0.0.64=com.spbsu.flamestream.runtime.config.HashGroup@4276a447, 10.0.0.97=com.spbsu.flamestream.runtime.config.HashGroup@3fc198ed}}}'
14:34:50.157 [worker-akka.actor.default-dispatcher-7] INFO  a.a.LocalActorRef akka://worker/user/watcher/graph/graph - Starting...
14:34:50.165 [worker-akka.actor.default-dispatcher-3] INFO  a.a.LocalActorRef akka://worker/user/watcher/graph/graph/local-acker/$a - Starting...
14:34:50.172 [worker-akka.actor.default-dispatcher-7] INFO  a.a.LocalActorRef akka://worker/user/watcher/graph/graph/local-acker - Starting...
14:34:51.601 [worker-akka.actor.default-dispatcher-7] INFO  a.a.LocalActorRef akka://worker/user/watcher/graph/graph - Finishing constructor
14:34:51.603 [worker-akka.actor.default-dispatcher-3] INFO  a.a.LocalActorRef akka://worker/user/watcher/graph/negotiator - Starting...
14:34:51.605 [worker-akka.actor.default-dispatcher-4] INFO  a.a.LocalActorRef akka://worker/user/watcher/graph/edge - Starting...
14:34:51.608 [worker-akka.actor.default-dispatcher-6] INFO  a.a.LocalActorRef akka://worker/user/watcher/graph - Starting...
14:34:51.646 [worker-akka.actor.default-dispatcher-7] INFO  a.a.LocalActorRef akka://worker/user/watcher/graph/negotiator - Requesting ticket for the frontClass FlameSocketGraphDeployerFront@10.0.0.97
14:34:51.653 [worker-akka.actor.default-dispatcher-2] INFO  a.a.LocalActorRef akka://worker/user/watcher/graph/graph - Received last commit 'LastCommit{globalTime=(0000000, min@min)}'
14:34:51.674 [worker-akka.actor.default-dispatcher-5] INFO  c.s.f.r.e.s.SocketRear  - FlameSocketGraphDeployerRear@10.0.0.97: connecting to 10.0.0.132:5678
14:34:51.691 [worker-akka.actor.default-dispatcher-11] INFO  a.a.LocalActorRef akka://worker/user/watcher/graph/edge/FlameSocketGraphDeployerFront - Starting...
14:34:51.692 [worker-akka.actor.default-dispatcher-5] INFO  c.s.f.r.e.s.SocketRear  - FlameSocketGraphDeployerRear@10.0.0.97: connected to 10.0.0.132:5678
14:34:51.693 [worker-akka.actor.default-dispatcher-5] INFO  a.a.LocalActorRef akka://worker/user/watcher/graph/edge/FlameSocketGraphDeployerRear - Starting...
14:34:51.729 [worker-akka.actor.default-dispatcher-3] INFO  a.a.LocalActorRef akka://worker/user/watcher/graph/graph/$a - Starting...
14:34:51.747 [worker-akka.actor.default-dispatcher-3] INFO  a.a.LocalActorRef akka://worker/user/watcher/graph/graph/$b - Starting...
14:34:51.780 [worker-akka.actor.default-dispatcher-3] INFO  a.a.LocalActorRef akka://worker/user/watcher/graph/graph/$b - Attached rear to graph (-9223372036854775808, min@min)
14:34:51.782 [worker-akka.actor.default-dispatcher-3] INFO  a.a.LocalActorRef akka://worker/user/watcher/graph/graph/$c - Starting...
14:34:51.909 [worker-akka.actor.default-dispatcher-3] INFO  a.a.LocalActorRef akka://worker/user/watcher/graph/negotiator - Ticket for the frontClass received: FrontTicket{allowedTimestamp=(0000000, FlameSocketGraphDeployerFront@10.0.0.97)}
14:34:51.913 [worker-akka.actor.default-dispatcher-3] INFO  c.s.f.r.e.s.SocketFront  - FlameSocketGraphDeployerFront@10.0.0.97: connecting to 10.0.0.132:4567
14:34:51.942 [Client] INFO  c.s.f.r.e.s.SocketFront  - FlameSocketGraphDeployerFront@10.0.0.97 has been disconnected from Connection 9
2018-03-26T14:34:56.278+0000: 18.010: [GC (Allocation Failure) 2018-03-26T14:34:56.278+0000: 18.010: [DefNew: 136576K->15985K(153600K), 0.0248705 secs] 152429K->51370K(494976K), 0.0249346 secs] [Times: user=0.02 sys=0.00, real=0.02 secs] 
2018-03-26T14:35:05.028+0000: 26.760: [GC (Allocation Failure) 2018-03-26T14:35:05.028+0000: 26.760: [DefNew: 152561K->6770K(153600K), 0.0209681 secs] 187946K->50267K(494976K), 0.0210349 secs] [Times: user=0.02 sys=0.01, real=0.03 secs] 
2018-03-26T14:35:17.339+0000: 39.070: [GC (Allocation Failure) 2018-03-26T14:35:17.339+0000: 39.070: [DefNew: 143232K->10978K(153600K), 0.0148829 secs] 186729K->54475K(494976K), 0.0149506 secs] [Times: user=0.02 sys=0.00, real=0.01 secs] 
2018-03-26T14:35:27.329+0000: 49.061: [GC (Allocation Failure) 2018-03-26T14:35:27.329+0000: 49.061: [DefNew: 147554K->9953K(153600K), 0.0181839 secs] 191051K->55602K(494976K), 0.0182473 secs] [Times: user=0.02 sys=0.00, real=0.01 secs] 
2018-03-26T14:35:37.511+0000: 59.243: [GC (Allocation Failure) 2018-03-26T14:35:37.511+0000: 59.243: [DefNew: 146529K->10039K(153600K), 0.0166991 secs] 192178K->59434K(494976K), 0.0167636 secs] [Times: user=0.01 sys=0.00, real=0.01 secs] 
2018-03-26T14:35:44.715+0000: 66.447: [GC (Allocation Failure) 2018-03-26T14:35:44.716+0000: 66.447: [DefNew: 146615K->14788K(153600K), 0.0178999 secs] 196010K->65884K(494976K), 0.0179826 secs] [Times: user=0.02 sys=0.00, real=0.02 secs] 
2018-03-26T14:35:53.346+0000: 75.078: [GC (Allocation Failure) 2018-03-26T14:35:53.346+0000: 75.078: [DefNew: 149036K->5757K(153600K), 0.0210691 secs] 200132K->68844K(494976K), 0.0211453 secs] [Times: user=0.02 sys=0.00, real=0.02 secs] 
2018-03-26T14:36:02.545+0000: 84.277: [GC (Allocation Failure) 2018-03-26T14:36:02.545+0000: 84.277: [DefNew: 142333K->6479K(153600K), 0.0134727 secs] 205420K->69566K(494976K), 0.0135482 secs] [Times: user=0.02 sys=0.00, real=0.02 secs] 
2018-03-26T14:36:11.352+0000: 93.084: [GC (Allocation Failure) 2018-03-26T14:36:11.352+0000: 93.084: [DefNew: 142199K->9003K(153600K), 0.0164724 secs] 205286K->72090K(494976K), 0.0165383 secs] [Times: user=0.02 sys=0.00, real=0.02 secs] 
2018-03-26T14:36:21.355+0000: 103.087: [GC (Allocation Failure) 2018-03-26T14:36:21.356+0000: 103.087: [DefNew: 144881K->8932K(153600K), 0.0193553 secs] 207968K->73713K(494976K), 0.0194239 secs] [Times: user=0.02 sys=0.00, real=0.02 secs] 
2018-03-26T14:36:30.205+0000: 111.937: [GC (Allocation Failure) 2018-03-26T14:36:30.205+0000: 111.937: [DefNew: 145508K->7859K(153600K), 0.0165079 secs] 210289K->74012K(494976K), 0.0166221 secs] [Times: user=0.01 sys=0.00, real=0.02 secs] 
2018-03-26T14:36:37.877+0000: 119.608: [GC (Allocation Failure) 2018-03-26T14:36:37.877+0000: 119.609: [DefNew: 144435K->8570K(153600K), 0.0147165 secs] 210588K->74723K(494976K), 0.0147795 secs] [Times: user=0.02 sys=0.00, real=0.01 secs] 
2018-03-26T14:36:44.367+0000: 126.099: [GC (Allocation Failure) 2018-03-26T14:36:44.368+0000: 126.099: [DefNew: 139845K->10267K(153600K), 0.0201439 secs] 205998K->77613K(494976K), 0.0202200 secs] [Times: user=0.02 sys=0.00, real=0.02 secs] 
2018-03-26T14:36:51.583+0000: 133.315: [GC (Allocation Failure) 2018-03-26T14:36:51.583+0000: 133.315: [DefNew: 146843K->17024K(153600K), 0.0207236 secs] 214189K->92983K(494976K), 0.0207919 secs] [Times: user=0.02 sys=0.00, real=0.02 secs] 
2018-03-26T14:36:59.939+0000: 141.670: [GC (Allocation Failure) 2018-03-26T14:36:59.939+0000: 141.670: [DefNew: 153600K->4566K(153600K), 0.0162035 secs] 229559K->97357K(494976K), 0.0162714 secs] [Times: user=0.01 sys=0.00, real=0.01 secs] 
2018-03-26T14:37:08.367+0000: 150.098: [GC (Allocation Failure) 2018-03-26T14:37:08.367+0000: 150.098: [DefNew: 137967K->7749K(153600K), 0.0140622 secs] 230758K->100540K(494976K), 0.0141338 secs] [Times: user=0.01 sys=0.00, real=0.02 secs] 
2018-03-26T14:37:16.367+0000: 158.098: [GC (Allocation Failure) 2018-03-26T14:37:16.367+0000: 158.098: [DefNew: 144277K->9357K(153600K), 0.0167385 secs] 237068K->102149K(494976K), 0.0168193 secs] [Times: user=0.02 sys=0.00, real=0.02 secs] 
2018-03-26T14:37:23.842+0000: 165.573: [GC (Allocation Failure) 2018-03-26T14:37:23.842+0000: 165.573: [DefNew: 145933K->7179K(153600K), 0.0147235 secs] 238725K->101058K(494976K), 0.0148009 secs] [Times: user=0.01 sys=0.00, real=0.02 secs] 
2018-03-26T14:37:31.988+0000: 173.719: [GC (Allocation Failure) 2018-03-26T14:37:31.988+0000: 173.719: [DefNew: 143755K->8296K(153600K), 0.0140696 secs] 237634K->102175K(494976K), 0.0141487 secs] [Times: user=0.01 sys=0.00, real=0.02 secs] 
2018-03-26T14:37:39.074+0000: 180.806: [GC (Allocation Failure) 2018-03-26T14:37:39.074+0000: 180.806: [DefNew: 144872K->9670K(153600K), 0.0152921 secs] 238751K->103549K(494976K), 0.0153561 secs] [Times: user=0.01 sys=0.00, real=0.02 secs] 
2018-03-26T14:37:46.402+0000: 188.134: [GC (Allocation Failure) 2018-03-26T14:37:46.402+0000: 188.134: [DefNew: 146246K->8895K(153600K), 0.0166381 secs] 240125K->104600K(494976K), 0.0167000 secs] [Times: user=0.02 sys=0.00, real=0.02 secs] 
2018-03-26T14:37:54.332+0000: 196.064: [GC (Allocation Failure) 2018-03-26T14:37:54.332+0000: 196.064: [DefNew: 145471K->10155K(153600K), 0.0178846 secs] 241176K->106782K(494976K), 0.0179731 secs] [Times: user=0.02 sys=0.00, real=0.02 secs] 
2018-03-26T14:38:01.203+0000: 202.935: [GC (Allocation Failure) 2018-03-26T14:38:01.203+0000: 202.935: [DefNew: 146731K->7768K(153600K), 0.0315756 secs] 243358K->106530K(494976K), 0.0316418 secs] [Times: user=0.03 sys=0.00, real=0.03 secs] 
2018-03-26T14:38:08.292+0000: 210.024: [GC (Allocation Failure) 2018-03-26T14:38:08.292+0000: 210.024: [DefNew: 144344K->9286K(153600K), 0.0145742 secs] 243106K->108047K(494976K), 0.0146626 secs] [Times: user=0.01 sys=0.01, real=0.01 secs] 
2018-03-26T14:38:14.375+0000: 216.106: [GC (Allocation Failure) 2018-03-26T14:38:14.375+0000: 216.106: [DefNew: 144014K->11263K(153600K), 0.0199182 secs] 242775K->111008K(494976K), 0.0199989 secs] [Times: user=0.02 sys=0.00, real=0.02 secs] 
2018-03-26T14:38:20.378+0000: 222.109: [GC (Allocation Failure) 2018-03-26T14:38:20.378+0000: 222.109: [DefNew: 142755K->8638K(153600K), 0.0195363 secs] 242500K->111485K(494976K), 0.0196027 secs] [Times: user=0.02 sys=0.00, real=0.02 secs] 
2018-03-26T14:38:27.377+0000: 229.108: [GC (Allocation Failure) 2018-03-26T14:38:27.377+0000: 229.108: [DefNew: 140983K->8325K(153600K), 0.0164813 secs] 243830K->112423K(494976K), 0.0165538 secs] [Times: user=0.02 sys=0.00, real=0.01 secs] 
2018-03-26T14:38:33.377+0000: 235.108: [GC (Allocation Failure) 2018-03-26T14:38:33.377+0000: 235.108: [DefNew: 144870K->10239K(153600K), 0.0170927 secs] 248967K->114336K(494976K), 0.0171620 secs] [Times: user=0.02 sys=0.00, real=0.01 secs] 
2018-03-26T14:38:40.378+0000: 242.109: [GC (Allocation Failure) 2018-03-26T14:38:40.378+0000: 242.109: [DefNew: 140960K->9365K(153600K), 0.0185005 secs] 245057K->115427K(494976K), 0.0185775 secs] [Times: user=0.02 sys=0.00, real=0.01 secs] 
2018-03-26T14:38:47.384+0000: 249.116: [GC (Allocation Failure) 2018-03-26T14:38:47.384+0000: 249.116: [DefNew: 143735K->8537K(153600K), 0.0171488 secs] 249797K->116172K(494976K), 0.0172206 secs] [Times: user=0.01 sys=0.00, real=0.02 secs] 
2018-03-26T14:38:54.311+0000: 256.042: [GC (Allocation Failure) 2018-03-26T14:38:54.311+0000: 256.042: [DefNew: 145113K->6273K(153600K), 0.0122869 secs] 252748K->115138K(494976K), 0.0123522 secs] [Times: user=0.01 sys=0.00, real=0.01 secs] 
2018-03-26T14:39:00.445+0000: 262.176: [GC (Allocation Failure) 2018-03-26T14:39:00.445+0000: 262.176: [DefNew: 138794K->9880K(153600K), 0.0329518 secs] 247659K->118745K(494976K), 0.0330239 secs] [Times: user=0.03 sys=0.00, real=0.04 secs] 
2018-03-26T14:39:06.321+0000: 268.053: [GC (Allocation Failure) 2018-03-26T14:39:06.321+0000: 268.053: [DefNew: 146456K->7191K(153600K), 0.0147344 secs] 255321K->118071K(494976K), 0.0148024 secs] [Times: user=0.01 sys=0.00, real=0.01 secs] 
2018-03-26T14:39:12.383+0000: 274.115: [GC (Allocation Failure) 2018-03-26T14:39:12.383+0000: 274.115: [DefNew: 141512K->8272K(153600K), 0.0135667 secs] 252392K->119152K(494976K), 0.0136373 secs] [Times: user=0.01 sys=0.00, real=0.02 secs] 
2018-03-26T14:39:17.801+0000: 279.532: [GC (Allocation Failure) 2018-03-26T14:39:17.801+0000: 279.532: [DefNew: 144848K->9659K(153600K), 0.0229696 secs] 255728K->120539K(494976K), 0.0230376 secs] [Times: user=0.02 sys=0.00, real=0.02 secs] 
2018-03-26T14:39:23.330+0000: 285.062: [GC (Allocation Failure) 2018-03-26T14:39:23.330+0000: 285.062: [DefNew: 146235K->10169K(153600K), 0.0192060 secs] 257115K->122881K(494976K), 0.0192926 secs] [Times: user=0.02 sys=0.01, real=0.02 secs] 
2018-03-26T14:39:28.406+0000: 290.138: [GC (Allocation Failure) 2018-03-26T14:39:28.406+0000: 290.138: [DefNew: 146745K->15417K(153600K), 0.0271468 secs] 259457K->130480K(494976K), 0.0272124 secs] [Times: user=0.03 sys=0.00, real=0.03 secs] 
2018-03-26T14:39:34.344+0000: 296.075: [GC (Allocation Failure) 2018-03-26T14:39:34.344+0000: 296.075: [DefNew: 151969K->6753K(153600K), 0.0285687 secs] 267032K->125267K(494976K), 0.0286446 secs] [Times: user=0.03 sys=0.00, real=0.03 secs] 
2018-03-26T14:39:38.390+0000: 300.122: [GC (Allocation Failure) 2018-03-26T14:39:38.390+0000: 300.122: [DefNew: 138660K->17024K(153600K), 0.0202694 secs] 257173K->158465K(494976K), 0.0203392 secs] [Times: user=0.01 sys=0.01, real=0.02 secs] 
2018-03-26T14:39:44.398+0000: 306.130: [GC (Allocation Failure) 2018-03-26T14:39:44.398+0000: 306.130: [DefNew: 150853K->5238K(153600K), 0.0203847 secs] 292294K->163447K(494976K), 0.0204564 secs] [Times: user=0.02 sys=0.00, real=0.02 secs] 
2018-03-26T14:39:50.124+0000: 311.856: [GC (Allocation Failure) 2018-03-26T14:39:50.125+0000: 311.856: [DefNew: 141814K->7635K(153600K), 0.0242061 secs] 300023K->165844K(494976K), 0.0242862 secs] [Times: user=0.02 sys=0.00, real=0.03 secs] 
2018-03-26T14:39:55.394+0000: 317.126: [GC (Allocation Failure) 2018-03-26T14:39:55.394+0000: 317.126: [DefNew: 138544K->9052K(153600K), 0.0128995 secs] 296753K->167261K(494976K), 0.0129700 secs] [Times: user=0.02 sys=0.00, real=0.01 secs] 
2018-03-26T14:40:01.160+0000: 322.892: [GC (Allocation Failure) 2018-03-26T14:40:01.160+0000: 322.892: [DefNew: 145628K->8650K(153600K), 0.0149523 secs] 303837K->167898K(494976K), 0.0150416 secs] [Times: user=0.01 sys=0.00, real=0.01 secs] 
2018-03-26T14:40:06.487+0000: 328.218: [GC (Allocation Failure) 2018-03-26T14:40:06.487+0000: 328.218: [DefNew: 143984K->8429K(153600K), 0.0251978 secs] 303232K->168890K(494976K), 0.0252717 secs] [Times: user=0.03 sys=0.00, real=0.03 secs] 
2018-03-26T14:40:12.328+0000: 334.059: [GC (Allocation Failure) 2018-03-26T14:40:12.328+0000: 334.059: [DefNew: 145005K->10689K(153600K), 0.0154088 secs] 305466K->171149K(494976K), 0.0154775 secs] [Times: user=0.01 sys=0.00, real=0.02 secs] 
2018-03-26T14:40:17.397+0000: 339.128: [GC (Allocation Failure) 2018-03-26T14:40:17.397+0000: 339.128: [DefNew: 140972K->9002K(153600K), 0.0151991 secs] 301433K->171351K(494976K), 0.0152780 secs] [Times: user=0.02 sys=0.00, real=0.01 secs] 
2018-03-26T14:40:23.340+0000: 345.072: [GC (Allocation Failure) 2018-03-26T14:40:23.340+0000: 345.072: [DefNew: 145578K->10642K(153600K), 0.0173904 secs] 307927K->174125K(494976K), 0.0174572 secs] [Times: user=0.02 sys=0.00, real=0.02 secs] 
2018-03-26T14:40:28.407+0000: 350.139: [GC (Allocation Failure) 2018-03-26T14:40:28.408+0000: 350.139: [DefNew: 141137K->6867K(153600K), 0.0140082 secs] 304620K->172966K(494976K), 0.0140884 secs] [Times: user=0.01 sys=0.01, real=0.02 secs] 
2018-03-26T14:40:34.359+0000: 356.091: [GC (Allocation Failure) 2018-03-26T14:40:34.359+0000: 356.091: [DefNew: 143443K->10602K(153600K), 0.0314424 secs] 309542K->176701K(494976K), 0.0315194 secs] [Times: user=0.03 sys=0.00, real=0.03 secs] 
2018-03-26T14:40:38.927+0000: 360.658: [GC (Allocation Failure) 2018-03-26T14:40:38.927+0000: 360.658: [DefNew: 147178K->6947K(153600K), 0.0134677 secs] 313277K->175428K(494976K), 0.0135363 secs] [Times: user=0.01 sys=0.00, real=0.02 secs] 
2018-03-26T14:40:43.571+0000: 365.302: [GC (Allocation Failure) 2018-03-26T14:40:43.571+0000: 365.302: [DefNew: 143523K->8920K(153600K), 0.0123623 secs] 312004K->177401K(494976K), 0.0124415 secs] [Times: user=0.01 sys=0.00, real=0.01 secs] 
2018-03-26T14:40:48.501+0000: 370.232: [GC (Allocation Failure) 2018-03-26T14:40:48.501+0000: 370.232: [DefNew: 138697K->8566K(153600K), 0.0274997 secs] 307179K->178129K(494976K), 0.0275681 secs] [Times: user=0.02 sys=0.00, real=0.02 secs] 
2018-03-26T14:40:54.328+0000: 376.060: [GC (Allocation Failure) 2018-03-26T14:40:54.328+0000: 376.060: [DefNew: 145142K->9766K(153600K), 0.0155068 secs] 314705K->180287K(494976K), 0.0155784 secs] [Times: user=0.01 sys=0.00, real=0.02 secs] 
2018-03-26T14:40:59.406+0000: 381.138: [GC (Allocation Failure) 2018-03-26T14:40:59.406+0000: 381.138: [DefNew: 140851K->9006K(153600K), 0.0140024 secs] 311371K->180587K(494976K), 0.0140738 secs] [Times: user=0.02 sys=0.00, real=0.02 secs] 
2018-03-26T14:41:04.343+0000: 386.075: [GC (Allocation Failure) 2018-03-26T14:41:04.343+0000: 386.075: [DefNew: 145582K->12311K(153600K), 0.0201997 secs] 317163K->185091K(494976K), 0.0202721 secs] [Times: user=0.02 sys=0.00, real=0.02 secs] 
2018-03-26T14:41:09.492+0000: 391.224: [GC (Allocation Failure) 2018-03-26T14:41:09.492+0000: 391.224: [DefNew: 146534K->5104K(153600K), 0.0341806 secs] 319313K->182855K(494976K), 0.0342478 secs] [Times: user=0.03 sys=0.01, real=0.03 secs] 
2018-03-26T14:41:14.473+0000: 396.204: [GC (Allocation Failure) 2018-03-26T14:41:14.473+0000: 396.204: [DefNew: 141680K->7123K(153600K), 0.0104350 secs] 319431K->184874K(494976K), 0.0105002 secs] [Times: user=0.01 sys=0.00, real=0.01 secs] 
2018-03-26T14:41:19.637+0000: 401.369: [GC (Allocation Failure) 2018-03-26T14:41:19.637+0000: 401.369: [DefNew: 143699K->8691K(153600K), 0.0123185 secs] 321450K->186442K(494976K), 0.0123907 secs] [Times: user=0.01 sys=0.00, real=0.01 secs] 
2018-03-26T14:41:25.384+0000: 407.116: [GC (Allocation Failure) 2018-03-26T14:41:25.384+0000: 407.116: [DefNew: 145267K->11970K(153600K), 0.0191696 secs] 323018K->190948K(494976K), 0.0192445 secs] [Times: user=0.02 sys=0.00, real=0.02 secs] 
2018-03-26T14:41:30.067+0000: 411.798: [GC (Allocation Failure) 2018-03-26T14:41:30.067+0000: 411.799: [DefNew: 148546K->7736K(153600K), 0.0145356 secs] 327524K->189227K(494976K), 0.0146083 secs] [Times: user=0.02 sys=0.00, real=0.02 secs] 
2018-03-26T14:41:34.521+0000: 416.253: [GC (Allocation Failure) 2018-03-26T14:41:34.521+0000: 416.253: [DefNew: 136975K->9310K(153600K), 0.0228589 secs] 318466K->190801K(494976K), 0.0229327 secs] [Times: user=0.02 sys=0.00, real=0.02 secs] 
2018-03-26T14:41:39.400+0000: 421.131: [GC (Allocation Failure) 2018-03-26T14:41:39.400+0000: 421.131: [DefNew: 145886K->12574K(153600K), 0.0200771 secs] 327377K->195057K(494976K), 0.0201480 secs] [Times: user=0.02 sys=0.00, real=0.02 secs] 
2018-03-26T14:41:44.411+0000: 426.143: [GC (Allocation Failure) 2018-03-26T14:41:44.411+0000: 426.143: [DefNew: 147739K->7528K(153600K), 0.0141698 secs] 330222K->192827K(494976K), 0.0142531 secs] [Times: user=0.02 sys=0.00, real=0.01 secs] 
2018-03-26T14:41:49.434+0000: 431.165: [GC (Allocation Failure) 2018-03-26T14:41:49.434+0000: 431.165: [DefNew: 142876K->9086K(153600K), 0.0121422 secs] 328175K->194385K(494976K), 0.0122112 secs] [Times: user=0.01 sys=0.00, real=0.01 secs] 
2018-03-26T14:41:54.341+0000: 436.073: [GC (Allocation Failure) 2018-03-26T14:41:54.341+0000: 436.073: [DefNew: 145662K->12209K(153600K), 0.0189839 secs] 330961K->198663K(494976K), 0.0190570 secs] [Times: user=0.02 sys=0.00, real=0.02 secs] 
2018-03-26T14:41:58.511+0000: 440.242: [GC (Allocation Failure) 2018-03-26T14:41:58.511+0000: 440.242: [DefNew: 139397K->7890K(153600K), 0.0270962 secs] 325851K->197169K(494976K), 0.0271656 secs] [Times: user=0.02 sys=0.01, real=0.03 secs] 
2018-03-26T14:42:03.323+0000: 445.055: [GC (Allocation Failure) 2018-03-26T14:42:03.323+0000: 445.055: [DefNew: 144466K->10258K(153600K), 0.0145278 secs] 333745K->199537K(494976K), 0.0146064 secs] [Times: user=0.02 sys=0.00, real=0.02 secs] 
2018-03-26T14:42:08.411+0000: 450.142: [GC (Allocation Failure) 2018-03-26T14:42:08.411+0000: 450.142: [DefNew: 144477K->7592K(153600K), 0.0143575 secs] 333756K->200012K(494976K), 0.0144304 secs] [Times: user=0.02 sys=0.00, real=0.01 secs] 
2018-03-26T14:42:13.362+0000: 455.093: [GC (Allocation Failure) 2018-03-26T14:42:13.362+0000: 455.093: [DefNew: 144168K->12844K(153600K), 0.0193375 secs] 336588K->205264K(494976K), 0.0194098 secs] [Times: user=0.02 sys=0.00, real=0.02 secs] 
2018-03-26T14:42:18.177+0000: 459.909: [GC (Allocation Failure) 2018-03-26T14:42:18.178+0000: 459.909: [DefNew: 149420K->7191K(153600K), 0.0133729 secs] 341840K->202607K(494976K), 0.0134673 secs] [Times: user=0.02 sys=0.00, real=0.01 secs] 
2018-03-26T14:42:22.513+0000: 464.245: [GC (Allocation Failure) 2018-03-26T14:42:22.513+0000: 464.245: [DefNew: 137811K->9356K(153600K), 0.0249684 secs] 333227K->204772K(494976K), 0.0250486 secs] [Times: user=0.02 sys=0.00, real=0.03 secs] 
2018-03-26T14:42:26.413+0000: 468.145: [GC (Allocation Failure) 2018-03-26T14:42:26.413+0000: 468.145: [DefNew: 134671K->9226K(153600K), 0.0137695 secs] 330087K->205742K(494976K), 0.0138406 secs] [Times: user=0.01 sys=0.00, real=0.01 secs] 
2018-03-26T14:42:30.798+0000: 472.530: [GC (Allocation Failure) 2018-03-26T14:42:30.798+0000: 472.530: [DefNew: 145802K->9142K(153600K), 0.0131899 secs] 342318K->206758K(494976K), 0.0132656 secs] [Times: user=0.01 sys=0.00, real=0.01 secs] 
2018-03-26T14:42:36.401+0000: 478.133: [GC (Allocation Failure) 2018-03-26T14:42:36.401+0000: 478.133: [DefNew: 145718K->11375K(153600K), 0.0187562 secs] 343334K->210822K(494976K), 0.0188271 secs] [Times: user=0.02 sys=0.00, real=0.02 secs] 
2018-03-26T14:42:40.522+0000: 482.254: [GC (Allocation Failure) 2018-03-26T14:42:40.522+0000: 482.254: [DefNew: 140927K->6891K(153600K), 0.0244592 secs] 340373K->209175K(494976K), 0.0245216 secs] [Times: user=0.02 sys=0.00, real=0.02 secs] 
2018-03-26T14:42:44.421+0000: 486.152: [GC (Allocation Failure) 2018-03-26T14:42:44.421+0000: 486.152: [DefNew: 133454K->8926K(153600K), 0.0119928 secs] 335737K->211209K(494976K), 0.0120679 secs] [Times: user=0.02 sys=0.00, real=0.01 secs] 
2018-03-26T14:42:48.877+0000: 490.609: [GC (Allocation Failure) 2018-03-26T14:42:48.877+0000: 490.609: [DefNew: 145502K->9494K(153600K), 0.0134028 secs] 347785K->212621K(494976K), 0.0134726 secs] [Times: user=0.01 sys=0.00, real=0.01 secs] 
2018-03-26T14:42:53.419+0000: 495.151: [GC (Allocation Failure) 2018-03-26T14:42:53.419+0000: 495.151: [DefNew: 142551K->8996K(153600K), 0.0133586 secs] 345678K->213462K(494976K), 0.0134338 secs] [Times: user=0.02 sys=0.00, real=0.01 secs] 
2018-03-26T14:42:57.595+0000: 499.327: [GC (Allocation Failure) 2018-03-26T14:42:57.595+0000: 499.327: [DefNew: 145572K->17024K(153600K), 0.0575897 secs] 350038K->227532K(494976K), 0.0576716 secs] [Times: user=0.05 sys=0.01, real=0.06 secs] 
2018-03-26T14:43:01.425+0000: 503.157: [GC (Allocation Failure) 2018-03-26T14:43:01.425+0000: 503.157: [DefNew: 150721K->5978K(153600K), 0.0133974 secs] 361229K->218910K(494976K), 0.0134692 secs] [Times: user=0.01 sys=0.00, real=0.02 secs] 
2018-03-26T14:43:05.469+0000: 507.201: [GC (Allocation Failure) 2018-03-26T14:43:05.469+0000: 507.201: [DefNew: 134740K->7536K(153600K), 0.0104425 secs] 347671K->220468K(494976K), 0.0105149 secs] [Times: user=0.01 sys=0.00, real=0.01 secs] 
2018-03-26T14:43:10.416+0000: 512.148: [GC (Allocation Failure) 2018-03-26T14:43:10.416+0000: 512.148: [DefNew: 141132K->9176K(153600K), 0.0113154 secs] 354064K->222107K(494976K), 0.0113871 secs] [Times: user=0.01 sys=0.00, real=0.01 secs] 
2018-03-26T14:43:14.671+0000: 516.402: [GC (Allocation Failure) 2018-03-26T14:43:14.671+0000: 516.402: [DefNew: 145752K->8580K(153600K), 0.0141362 secs] 358683K->223581K(494976K), 0.0142059 secs] [Times: user=0.01 sys=0.00, real=0.01 secs] 
2018-03-26T14:43:19.328+0000: 521.060: [GC (Allocation Failure) 2018-03-26T14:43:19.328+0000: 521.060: [DefNew: 145156K->10430K(153600K), 0.0152058 secs] 360157K->226528K(494976K), 0.0152740 secs] [Times: user=0.01 sys=0.00, real=0.02 secs] 
2018-03-26T14:43:23.329+0000: 525.060: [GC (Allocation Failure) 2018-03-26T14:43:23.329+0000: 525.060: [DefNew: 147006K->9513K(153600K), 0.0167345 secs] 363104K->228318K(494976K), 0.0168120 secs] [Times: user=0.02 sys=0.00, real=0.01 secs] 
2018-03-26T14:43:27.522+0000: 529.253: [GC (Allocation Failure) 2018-03-26T14:43:27.522+0000: 529.254: [DefNew: 140389K->7671K(153600K), 0.0244640 secs] 359194K->228744K(494976K), 0.0245349 secs] [Times: user=0.02 sys=0.00, real=0.02 secs] 
14:43:29.782 [Client] INFO  c.s.f.r.e.s.SocketRear  - FlameSocketGraphDeployerRear@10.0.0.97: has been disconnected from Connection 10
14:43:41.902 [worker-akka.actor.default-dispatcher-4] INFO  a.a.CoordinatedShutdown CoordinatedShutdown(akka://worker) - Starting coordinated shutdown from JVM shutdown hook
14:43:41.917 [worker-akka.actor.default-dispatcher-3] INFO  a.a.LocalActorRef akka://worker/user/watcher/graph/edge/FlameSocketGraphDeployerFront - Stopped
14:43:41.917 [worker-akka.actor.default-dispatcher-14] INFO  a.a.LocalActorRef akka://worker/user/watcher/graph/edge/FlameSocketGraphDeployerRear - Stopped
14:43:41.918 [worker-akka.actor.default-dispatcher-5] INFO  a.a.LocalActorRef akka://worker/user/watcher/graph/edge - Stopped
14:43:41.921 [worker-akka.actor.default-dispatcher-14] INFO  a.a.LocalActorRef akka://worker/user/watcher/graph/graph/$a - Stopped
14:43:41.921 [worker-akka.actor.default-dispatcher-14] INFO  a.a.LocalActorRef akka://worker/user/watcher/graph/graph/$b - Stopped
14:43:41.924 [worker-akka.actor.default-dispatcher-14] INFO  a.a.LocalActorRef akka://worker/user/watcher/graph/graph/$c - Stopped
14:43:41.924 [worker-akka.actor.default-dispatcher-14] INFO  a.a.LocalActorRef akka://worker/user/watcher/graph/graph/local-acker/$a - Stopped
14:43:41.925 [worker-akka.actor.default-dispatcher-14] INFO  a.a.LocalActorRef akka://worker/user/watcher/graph/graph/local-acker/$a - Message [com.spbsu.flamestream.runtime.utils.akka.PingActor$InnerPing] from Actor[akka://worker/user/watcher/graph/graph/local-acker/$a#-816044257] to Actor[akka://worker/user/watcher/graph/graph/local-acker/$a#-816044257] was not delivered. [1] dead letters encountered. This logging can be turned off or adjusted with configuration settings 'akka.log-dead-letters' and 'akka.log-dead-letters-during-shutdown'.
14:43:41.926 [worker-akka.actor.default-dispatcher-14] INFO  a.a.LocalActorRef akka://worker/user/watcher/graph/graph/local-acker - Stopped
14:43:41.927 [worker-akka.actor.default-dispatcher-14] INFO  a.a.LocalActorRef akka://worker/user/watcher/graph/graph - Stopped
14:43:41.927 [worker-akka.actor.default-dispatcher-14] INFO  a.a.LocalActorRef akka://worker/user/watcher/graph/graph/local-acker/$a - Message [com.spbsu.flamestream.runtime.utils.akka.PingActor$Stop] from Actor[akka://worker/user/watcher/graph/graph/local-acker#-1394240623] to Actor[akka://worker/user/watcher/graph/graph/local-acker/$a#-816044257] was not delivered. [2] dead letters encountered. This logging can be turned off or adjusted with configuration settings 'akka.log-dead-letters' and 'akka.log-dead-letters-during-shutdown'.
14:43:41.927 [worker-akka.actor.default-dispatcher-14] INFO  a.a.LocalActorRef akka://worker/user/watcher/graph/negotiator - Stopped
14:43:41.928 [worker-akka.actor.default-dispatcher-6] INFO  a.a.LocalActorRef akka://worker/user/watcher/graph - Stopped
14:43:41.929 [worker-akka.actor.default-dispatcher-7] INFO  a.a.RepointableActorRef akka://worker/user/watcher - Stopped
14:43:41.933 [worker-akka.actor.default-dispatcher-7-EventThread] INFO  o.a.z.ClientCnxn  - EventThread shut down for session: 0x16262bac5490009
14:43:41.933 [worker-akka.actor.default-dispatcher-2] INFO  o.a.z.ZooKeeper  - Session: 0x16262bac5490009 closed
14:43:41.941 [worker-akka.actor.default-dispatcher-2] INFO  a.r.RemoteActorRefProvider$RemotingTerminator akka://worker@10.0.0.97:5412/system/remoting-terminator - Shutting down remote daemon.
14:43:41.942 [worker-akka.actor.default-dispatcher-2] INFO  a.r.RemoteActorRefProvider$RemotingTerminator akka://worker@10.0.0.97:5412/system/remoting-terminator - Remote daemon shut down; proceeding with flushing remote transports.
14:43:43.072 [worker-akka.actor.default-dispatcher-6] INFO  a.r.RemoteActorRefProvider$RemotingTerminator akka://worker@10.0.0.97:5412/system/remoting-terminator - Remoting shut down.
Heap
 def new generation   total 153600K, used 124280K [0x00000000e0c00000, 0x00000000eb2a0000, 0x00000000eb2a0000)
  eden space 136576K,  85% used [0x00000000e0c00000, 0x00000000e7de0460, 0x00000000e9160000)
  from space 17024K,  45% used [0x00000000e9160000, 0x00000000e98ddc88, 0x00000000ea200000)
  to   space 17024K,   0% used [0x00000000ea200000, 0x00000000ea200000, 0x00000000eb2a0000)
 tenured generation   total 341376K, used 221073K [0x00000000eb2a0000, 0x0000000100000000, 0x0000000100000000)
   the space 341376K,  64% used [0x00000000eb2a0000, 0x00000000f8a84718, 0x00000000f8a84800, 0x0000000100000000)
 Metaspace       used 34041K, capacity 34902K, committed 35200K, reserved 1079296K
  class space    used 4479K, capacity 4668K, committed 4736K, reserved 1048576K
