16:49:22,146 |-INFO in ch.qos.logback.classic.LoggerContext[default] - Could NOT find resource [logback-test.xml]
16:49:22,146 |-INFO in ch.qos.logback.classic.LoggerContext[default] - Could NOT find resource [logback.groovy]
16:49:22,147 |-INFO in ch.qos.logback.classic.LoggerContext[default] - Found resource [logback.xml] at [jar:file:/opt/flamestream/lib/flamestream-runtime-1.0-SNAPSHOT.jar!/logback.xml]
16:49:22,150 |-WARN in ch.qos.logback.classic.LoggerContext[default] - Resource [logback.xml] occurs multiple times on the classpath.
16:49:22,150 |-WARN in ch.qos.logback.classic.LoggerContext[default] - Resource [logback.xml] occurs at [jar:file:/opt/flamestream/flamestream-runtime-1.0-SNAPSHOT.jar!/logback.xml]
16:49:22,150 |-WARN in ch.qos.logback.classic.LoggerContext[default] - Resource [logback.xml] occurs at [jar:file:/opt/flamestream/lib/flamestream-runtime-1.0-SNAPSHOT.jar!/logback.xml]
16:49:22,174 |-INFO in ch.qos.logback.core.joran.spi.ConfigurationWatchList@69b794e2 - URL [jar:file:/opt/flamestream/lib/flamestream-runtime-1.0-SNAPSHOT.jar!/logback.xml] is not of type file
16:49:22,252 |-INFO in ch.qos.logback.classic.joran.action.ConfigurationAction - debug attribute not set
16:49:22,253 |-INFO in ch.qos.logback.core.joran.action.AppenderAction - About to instantiate appender of type [ch.qos.logback.core.ConsoleAppender]
16:49:22,259 |-INFO in ch.qos.logback.core.joran.action.AppenderAction - Naming appender as [STDOUT]
16:49:22,267 |-INFO in ch.qos.logback.core.joran.action.NestedComplexPropertyIA - Assuming default type [ch.qos.logback.classic.encoder.PatternLayoutEncoder] for [encoder] property
16:49:22,303 |-INFO in ch.qos.logback.core.joran.action.AppenderAction - About to instantiate appender of type [ch.qos.logback.core.rolling.RollingFileAppender]
16:49:22,311 |-INFO in ch.qos.logback.core.joran.action.AppenderAction - Naming appender as [FILE]
16:49:22,328 |-INFO in c.q.l.core.rolling.TimeBasedRollingPolicy@1059063940 - No compression will be used
16:49:22,329 |-INFO in c.q.l.core.rolling.TimeBasedRollingPolicy@1059063940 - Will use the pattern /tmp/application_%d{yyyy-MM-dd}.%i.log for the active file
16:49:22,335 |-INFO in ch.qos.logback.core.rolling.SizeAndTimeBasedFNATP@4d339552 - The date pattern is 'yyyy-MM-dd' from file name pattern '/tmp/application_%d{yyyy-MM-dd}.%i.log'.
16:49:22,335 |-INFO in ch.qos.logback.core.rolling.SizeAndTimeBasedFNATP@4d339552 - Roll-over at midnight.
16:49:22,340 |-INFO in ch.qos.logback.core.rolling.SizeAndTimeBasedFNATP@4d339552 - Setting initial period to Fri Mar 23 16:46:49 UTC 2018
16:49:22,340 |-WARN in ch.qos.logback.core.rolling.SizeAndTimeBasedFNATP@4d339552 - SizeAndTimeBasedFNATP is deprecated. Use SizeAndTimeBasedRollingPolicy instead
16:49:22,340 |-WARN in ch.qos.logback.core.rolling.SizeAndTimeBasedFNATP@4d339552 - For more information see http://logback.qos.ch/manual/appenders.html#SizeAndTimeBasedRollingPolicy
16:49:22,343 |-INFO in ch.qos.logback.core.joran.action.NestedComplexPropertyIA - Assuming default type [ch.qos.logback.classic.encoder.PatternLayoutEncoder] for [encoder] property
16:49:22,348 |-INFO in ch.qos.logback.core.rolling.RollingFileAppender[FILE] - Active log file name: /tmp/application.log
16:49:22,348 |-INFO in ch.qos.logback.core.rolling.RollingFileAppender[FILE] - File property is set to [/tmp/application.log]
16:49:22,349 |-INFO in ch.qos.logback.classic.joran.action.RootLoggerAction - Setting level of ROOT logger to INFO
16:49:22,349 |-INFO in ch.qos.logback.core.joran.action.AppenderRefAction - Attaching appender named [STDOUT] to Logger[ROOT]
16:49:22,349 |-INFO in ch.qos.logback.core.joran.action.AppenderRefAction - Attaching appender named [FILE] to Logger[ROOT]
16:49:22,349 |-INFO in ch.qos.logback.classic.joran.action.ConfigurationAction - End of configuration.
16:49:22,350 |-INFO in ch.qos.logback.classic.joran.JoranConfigurator@f0f2775 - Registering current configuration as safe fallback point

16:49:22.353 [main] INFO  c.s.f.r.a.WorkerApplication  - Starting worker with id: '10.0.0.218', host: '10.0.0.218:5412', zkString: '10.0.0.70:2181'
16:49:23.232 [worker-akka.actor.default-dispatcher-5] INFO  a.e.s.Slf4jLogger  - Slf4jLogger started
2018-03-23T16:49:23.368+0000: 1.798: [Full GC (Metadata GC Threshold) 2018-03-23T16:49:23.368+0000: 1.798: [Tenured: 0K->15784K(341376K), 0.0385575 secs] 128576K->15784K(494976K), [Metaspace: 20891K->20891K(1067008K)], 0.0386231 secs] [Times: user=0.04 sys=0.01, real=0.04 secs] 
Ama winner
Ama winner
16:49:23.762 [worker-akka.actor.default-dispatcher-5] INFO  a.r.a.ArteryTransport(akka://worker) akka.remote.artery.ArteryTransport(akka://worker) - Started embedded media driver in directory [/dev/shm/aeron-root-worker-e9d72e48-66ef-4917-bf0e-a994da6fb668]
16:49:23.944 [worker-akka.actor.default-dispatcher-5] INFO  a.r.a.ArteryTransport(akka://worker) akka.remote.artery.ArteryTransport(akka://worker) - Remoting started; listening on address: [akka://worker@10.0.0.218:5412] with UID [-6722714612956064910]
16:49:23.995 [worker-akka.actor.default-dispatcher-2] INFO  a.a.RepointableActorRef akka://worker/user/watcher - Starting...
16:49:24.009 [worker-akka.actor.default-dispatcher-5] INFO  o.a.z.ZooKeeper  - Client environment:zookeeper.version=3.4.9-1757313, built on 08/23/2016 06:50 GMT
16:49:24.009 [worker-akka.actor.default-dispatcher-5] INFO  o.a.z.ZooKeeper  - Client environment:host.name=localhost
16:49:24.009 [worker-akka.actor.default-dispatcher-5] INFO  o.a.z.ZooKeeper  - Client environment:java.version=1.8.0_151
16:49:24.009 [worker-akka.actor.default-dispatcher-5] INFO  o.a.z.ZooKeeper  - Client environment:java.vendor=Oracle Corporation
16:49:24.009 [worker-akka.actor.default-dispatcher-5] INFO  o.a.z.ZooKeeper  - Client environment:java.home=/usr/lib/jvm/java-8-openjdk-amd64/jre
16:49:24.009 [worker-akka.actor.default-dispatcher-5] INFO  o.a.z.ZooKeeper  - Client environment:java.class.path=lib/commons-cli-1.4.jar:lib/minlog-1.3.0.jar:lib/asm-5.0.4.jar:lib/hadoop-annotations-2.7.3.jar:lib/hadoop-auth-2.7.3.jar:lib/akka-slf4j_2.11-2.5.6.jar:lib/jersey-core-1.9.jar:lib/lz4-1.3.0.jar:lib/jackson-core-asl-1.9.13.jar:lib/aeron-client-1.3.0.jar:lib/htrace-core-3.1.0-incubating.jar:lib/xz-1.0.jar:lib/commons-httpclient-3.1.jar:lib/asm-3.1.jar:lib/commons-lang3-3.4.jar:lib/scala-library-2.11.11.jar:lib/scala-java8-compat_2.11-0.7.0.jar:lib/commons-configuration-1.6.jar:lib/objenesis-2.1.jar:lib/jackson-annotations-2.8.0.jar:lib/jsr305-3.0.0.jar:lib/curator-framework-2.7.1.jar:lib/jersey-server-1.9.jar:lib/jets3t-0.9.0.jar:lib/leveldb-0.7.jar:lib/jetty-6.1.26.jar:lib/stax-api-1.0-2.jar:lib/flamestream-core-1.0-SNAPSHOT.jar:lib/reflectasm-1.07-shaded.jar:lib/apacheds-kerberos-codec-2.0.0-M15.jar:lib/api-asn1-api-1.0.0-M20.jar:lib/commons-lang-2.6.jar:lib/commons-beanutils-1.7.0.jar:lib/jackson-xc-1.8.3.jar:lib/jetty-util-6.1.26.jar:lib/logback-classic-1.2.3.jar:lib/jool-0.9.12.jar:lib/httpcore-4.1.2.jar:lib/kryo-4.0.0.jar:lib/ant-1.8.1.jar:lib/jaxb-impl-2.2.3-1.jar:lib/jersey-json-1.9.jar:lib/commons-compress-1.4.1.jar:lib/leveldbjni-all-1.8.jar:lib/paranamer-2.3.jar:lib/jackson-core-2.8.4.jar:lib/commons-math3-3.6.1.jar:lib/scala-parser-combinators_2.11-1.0.4.jar:lib/netty-3.10.6.Final.jar:lib/trove4j-3.0.3.jar:lib/jaxb-api-2.2.2.jar:lib/logback-core-1.2.3.jar:lib/snappy-java-1.0.4.1.jar:lib/protobuf-java-2.5.0.jar:lib/reactive-streams-1.0.1.jar:lib/flamestream-examples-1.0-SNAPSHOT.jar:lib/commons-codec-1.4.jar:lib/activation-1.1.jar:lib/commons-net-3.1.jar:lib/curator-recipes-2.7.1.jar:lib/jackson-mapper-asl-1.9.13.jar:lib/jackson-databind-2.8.4.jar:lib/flamestream-runtime-1.0-SNAPSHOT.jar:lib/jackson-jaxrs-1.8.3.jar:lib/slf4j-api-1.7.24.jar:lib/akka-remote_2.11-2.5.6.jar:lib/akka-testkit_2.11-2.5.6.jar:lib/jline-0.9.94.jar:lib/jedis-2.9.0.jar:lib/akka-stream_2.11-2.5.6.jar:lib/jsp-api-2.1.jar:lib/kryonet-2.21.jar:lib/akka-kryo-serialization_2.11-0.5.0.jar:lib/config-1.3.1.jar:lib/ant-launcher-1.8.1.jar:lib/commons-logging-1.2.jar:lib/ssl-config-core_2.11-0.2.2.jar:lib/testng-6.10.jar:lib/leveldb-api-0.7.jar:lib/reflectasm-1.11.3.jar:lib/jcommander-1.48.jar:lib/commons-1.1.jar:lib/commons-digester-1.8.jar:lib/minlog-1.2.jar:lib/java-xmlbuilder-0.4.jar:lib/jettison-1.1.jar:lib/gson-2.2.4.jar:lib/jdk.tools-1.8.jar:lib/aeron-driver-1.3.0.jar:lib/zookeeper-3.4.9.jar:lib/commons-beanutils-core-1.8.0.jar:lib/commons-math3-3.1.1.jar:lib/akka-actor_2.11-2.5.6.jar:lib/curator-client-2.7.1.jar:lib/servlet-api-2.5.jar:lib/commons-pool2-2.4.2.jar:lib/apacheds-i18n-2.0.0-M15.jar:lib/commons-io-2.4.jar:lib/commons-codec-1.6.jar:lib/akka-protobuf_2.11-2.5.6.jar:lib/jdom-2.0.2.jar:lib/rocksdbjni-5.5.1.jar:lib/api-util-1.0.0-M20.jar:lib/hadoop-common-2.7.3.jar:lib/agrona-0.9.6.jar:lib/xmlenc-0.52.jar:lib/guava-21.0.jar:lib/commons-collections-3.2.2.jar:lib/avro-1.7.4.jar:lib/httpclient-4.1.2.jar:lib/flamestream-core-1.0-SNAPSHOT-tests.jar:lib/annotations-12.0.jar:lib/jsch-0.1.42.jar:flamestream-runtime-1.0-SNAPSHOT.jar
16:49:24.010 [worker-akka.actor.default-dispatcher-5] INFO  o.a.z.ZooKeeper  - Client environment:java.library.path=/usr/java/packages/lib/amd64:/usr/lib/x86_64-linux-gnu/jni:/lib/x86_64-linux-gnu:/usr/lib/x86_64-linux-gnu:/usr/lib/jni:/lib:/usr/lib
16:49:24.010 [worker-akka.actor.default-dispatcher-5] INFO  o.a.z.ZooKeeper  - Client environment:java.io.tmpdir=/tmp
16:49:24.010 [worker-akka.actor.default-dispatcher-5] INFO  o.a.z.ZooKeeper  - Client environment:java.compiler=<NA>
16:49:24.010 [worker-akka.actor.default-dispatcher-5] INFO  o.a.z.ZooKeeper  - Client environment:os.name=Linux
16:49:24.010 [worker-akka.actor.default-dispatcher-5] INFO  o.a.z.ZooKeeper  - Client environment:os.arch=amd64
16:49:24.011 [worker-akka.actor.default-dispatcher-5] INFO  o.a.z.ZooKeeper  - Client environment:os.version=4.4.0-1049-aws
16:49:24.012 [worker-akka.actor.default-dispatcher-5] INFO  o.a.z.ZooKeeper  - Client environment:user.name=root
16:49:24.012 [worker-akka.actor.default-dispatcher-5] INFO  o.a.z.ZooKeeper  - Client environment:user.home=/root
16:49:24.012 [worker-akka.actor.default-dispatcher-5] INFO  o.a.z.ZooKeeper  - Client environment:user.dir=/opt/flamestream
16:49:24.013 [worker-akka.actor.default-dispatcher-5] INFO  o.a.z.ZooKeeper  - Initiating client connection, connectString=10.0.0.70:2181 sessionTimeout=5000 watcher=com.spbsu.flamestream.runtime.application.LifecycleWatcher$$Lambda$29/470521942@49ccf367
16:49:24.048 [worker-akka.actor.default-dispatcher-2] INFO  a.a.RepointableActorRef akka://worker/user/watcher - Initializing rocksDB backend
16:49:24.047 [worker-akka.actor.default-dispatcher-5-SendThread(10.0.0.70:2181)] INFO  o.a.z.ClientCnxn  - Opening socket connection to server 10.0.0.70/10.0.0.70:2181. Will not attempt to authenticate using SASL (unknown error)
16:49:24.057 [worker-akka.actor.default-dispatcher-5-SendThread(10.0.0.70:2181)] INFO  o.a.z.ClientCnxn  - Socket connection established to 10.0.0.70/10.0.0.70:2181, initiating session
16:49:24.071 [worker-akka.actor.default-dispatcher-5-SendThread(10.0.0.70:2181)] INFO  o.a.z.ClientCnxn  - Session establishment complete on server 10.0.0.70/10.0.0.70:2181, sessionid = 0x16253c2d3b8000a, negotiated timeout = 6000
16:49:24.236 [worker-akka.actor.default-dispatcher-2] INFO  a.a.RepointableActorRef akka://worker/user/watcher - Connected to ZK
16:49:32.110 [worker-akka.actor.default-dispatcher-2] INFO  a.a.RepointableActorRef akka://worker/user/watcher - Creating node with watchGraphs: 'com.spbsu.flamestream.core.Graph$Builder$MyGraph@187b34a8', config: 'ClusterConfig{paths={10.0.0.239=akka://worker@10.0.0.239:5412/user/watcher/graph, 10.0.0.205=akka://worker@10.0.0.205:5412/user/watcher/graph, 10.0.0.139=akka://worker@10.0.0.139:5412/user/watcher/graph, 10.0.0.218=akka://worker@10.0.0.218:5412/user/watcher/graph, 10.0.0.225=akka://worker@10.0.0.225:5412/user/watcher/graph, 10.0.0.15=akka://worker@10.0.0.15:5412/user/watcher/graph, 10.0.0.37=akka://worker@10.0.0.37:5412/user/watcher/graph, 10.0.0.57=akka://worker@10.0.0.57:5412/user/watcher/graph, 10.0.0.155=akka://worker@10.0.0.155:5412/user/watcher/graph, 10.0.0.188=akka://worker@10.0.0.188:5412/user/watcher/graph}, ackerLocation='10.0.0.188', props=ComputationLayout{hashGroups={10.0.0.239=com.spbsu.flamestream.runtime.config.HashGroup@1ffe1b9d, 10.0.0.205=com.spbsu.flamestream.runtime.config.HashGroup@5d5c21bc, 10.0.0.139=com.spbsu.flamestream.runtime.config.HashGroup@56dcaf5d, 10.0.0.218=com.spbsu.flamestream.runtime.config.HashGroup@c65a7748, 10.0.0.225=com.spbsu.flamestream.runtime.config.HashGroup@231425fe, 10.0.0.15=com.spbsu.flamestream.runtime.config.HashGroup@fbc82752, 10.0.0.37=com.spbsu.flamestream.runtime.config.HashGroup@ccbcd570, 10.0.0.57=com.spbsu.flamestream.runtime.config.HashGroup@4276a447, 10.0.0.155=com.spbsu.flamestream.runtime.config.HashGroup@3fc198ed, 10.0.0.188=com.spbsu.flamestream.runtime.config.HashGroup@c01f}}}'
16:49:32.932 [worker-akka.actor.default-dispatcher-5] INFO  a.a.LocalActorRef akka://worker/user/watcher/graph/graph - Starting...
16:49:32.939 [worker-akka.actor.default-dispatcher-4] INFO  a.a.LocalActorRef akka://worker/user/watcher/graph/graph/local-acker/$a - Starting...
16:49:32.947 [worker-akka.actor.default-dispatcher-5] INFO  a.a.LocalActorRef akka://worker/user/watcher/graph/graph/local-acker - Starting...
16:49:34.012 [worker-akka.actor.default-dispatcher-5] INFO  a.a.LocalActorRef akka://worker/user/watcher/graph/graph - Finishing constructor
16:49:34.016 [worker-akka.actor.default-dispatcher-3] INFO  a.a.LocalActorRef akka://worker/user/watcher/graph/edge - Starting...
16:49:34.017 [worker-akka.actor.default-dispatcher-3] INFO  a.a.LocalActorRef akka://worker/user/watcher/graph - Starting...
16:49:34.027 [worker-akka.actor.default-dispatcher-4] INFO  a.a.LocalActorRef akka://worker/user/watcher/graph/negotiator - Starting...
16:49:34.048 [worker-akka.actor.default-dispatcher-2] INFO  a.a.LocalActorRef akka://worker/user/watcher/graph/negotiator - Requesting ticket for the frontClass FlameSocketGraphDeployerFront@10.0.0.218
16:49:34.074 [worker-akka.actor.default-dispatcher-11] INFO  a.a.LocalActorRef akka://worker/user/watcher/graph/graph - Received last commit 'LastCommit{globalTime=(0000000, min@min)}'
16:49:34.098 [worker-akka.actor.default-dispatcher-12] INFO  c.s.f.r.e.s.SocketRear  - FlameSocketGraphDeployerRear@10.0.0.218: connecting to 10.0.0.70:5678
16:49:34.110 [worker-akka.actor.default-dispatcher-10] INFO  a.a.LocalActorRef akka://worker/user/watcher/graph/edge/FlameSocketGraphDeployerFront - Starting...
16:49:34.112 [worker-akka.actor.default-dispatcher-12] INFO  c.s.f.r.e.s.SocketRear  - FlameSocketGraphDeployerRear@10.0.0.218: connected to 10.0.0.70:5678
16:49:34.113 [worker-akka.actor.default-dispatcher-12] INFO  a.a.LocalActorRef akka://worker/user/watcher/graph/edge/FlameSocketGraphDeployerRear - Starting...
16:49:34.157 [worker-akka.actor.default-dispatcher-10] INFO  a.a.LocalActorRef akka://worker/user/watcher/graph/graph/$a - Starting...
16:49:34.166 [worker-akka.actor.default-dispatcher-12] INFO  a.a.LocalActorRef akka://worker/user/watcher/graph/graph/$b - Starting...
16:49:34.181 [worker-akka.actor.default-dispatcher-12] INFO  a.a.LocalActorRef akka://worker/user/watcher/graph/graph/$c - Starting...
16:49:34.213 [worker-akka.actor.default-dispatcher-12] INFO  a.a.LocalActorRef akka://worker/user/watcher/graph/graph/$c - Attached rear to graph (-9223372036854775808, min@min)
16:49:34.507 [worker-akka.actor.default-dispatcher-12] INFO  a.a.LocalActorRef akka://worker/user/watcher/graph/negotiator - Ticket for the frontClass received: FrontTicket{allowedTimestamp=(0000000, FlameSocketGraphDeployerFront@10.0.0.218)}
16:49:34.508 [worker-akka.actor.default-dispatcher-12] INFO  c.s.f.r.e.s.SocketFront  - FlameSocketGraphDeployerFront@10.0.0.218: connecting to 10.0.0.70:4567
16:49:34.521 [Client] INFO  c.s.f.r.e.s.SocketFront  - FlameSocketGraphDeployerFront@10.0.0.218 has been disconnected from Connection 5
2018-03-23T16:49:38.343+0000: 16.773: [GC (Allocation Failure) 2018-03-23T16:49:38.343+0000: 16.773: [DefNew: 136576K->15701K(153600K), 0.0250810 secs] 152360K->51017K(494976K), 0.0251491 secs] [Times: user=0.02 sys=0.00, real=0.02 secs] 
2018-03-23T16:49:42.256+0000: 20.686: [GC (Allocation Failure) 2018-03-23T16:49:42.256+0000: 20.686: [DefNew: 152277K->4476K(153600K), 0.0156541 secs] 187593K->48112K(494976K), 0.0157198 secs] [Times: user=0.01 sys=0.00, real=0.02 secs] 
2018-03-23T16:49:46.848+0000: 25.278: [GC (Allocation Failure) 2018-03-23T16:49:46.848+0000: 25.278: [DefNew: 140551K->5812K(153600K), 0.0131800 secs] 184188K->49448K(494976K), 0.0132434 secs] [Times: user=0.01 sys=0.00, real=0.01 secs] 
2018-03-23T16:49:50.993+0000: 29.423: [GC (Allocation Failure) 2018-03-23T16:49:50.993+0000: 29.423: [DefNew: 142388K->6482K(153600K), 0.0101245 secs] 186024K->50118K(494976K), 0.0101983 secs] [Times: user=0.01 sys=0.00, real=0.01 secs] 
2018-03-23T16:49:55.017+0000: 33.447: [GC (Allocation Failure) 2018-03-23T16:49:55.017+0000: 33.447: [DefNew: 142522K->9315K(153600K), 0.0107379 secs] 186158K->52951K(494976K), 0.0108109 secs] [Times: user=0.02 sys=0.00, real=0.01 secs] 
2018-03-23T16:49:58.421+0000: 36.851: [GC (Allocation Failure) 2018-03-23T16:49:58.421+0000: 36.851: [DefNew: 145363K->8505K(153600K), 0.0124822 secs] 188999K->53600K(494976K), 0.0125626 secs] [Times: user=0.01 sys=0.00, real=0.02 secs] 
2018-03-23T16:50:01.854+0000: 40.284: [GC (Allocation Failure) 2018-03-23T16:50:01.854+0000: 40.284: [DefNew: 144595K->8870K(153600K), 0.0116720 secs] 189691K->53965K(494976K), 0.0117482 secs] [Times: user=0.01 sys=0.00, real=0.01 secs] 
2018-03-23T16:50:04.827+0000: 43.257: [GC (Allocation Failure) 2018-03-23T16:50:04.827+0000: 43.257: [DefNew: 145446K->8968K(153600K), 0.0126885 secs] 190541K->54794K(494976K), 0.0127561 secs] [Times: user=0.01 sys=0.00, real=0.01 secs] 
2018-03-23T16:50:07.911+0000: 46.341: [GC (Allocation Failure) 2018-03-23T16:50:07.911+0000: 46.341: [DefNew: 144358K->8778K(153600K), 0.0226645 secs] 190183K->55236K(494976K), 0.0227422 secs] [Times: user=0.02 sys=0.00, real=0.02 secs] 
2018-03-23T16:50:11.250+0000: 49.680: [GC (Allocation Failure) 2018-03-23T16:50:11.250+0000: 49.680: [DefNew: 145354K->5086K(153600K), 0.0183426 secs] 191812K->56122K(494976K), 0.0184072 secs] [Times: user=0.02 sys=0.00, real=0.01 secs] 
2018-03-23T16:50:14.011+0000: 52.441: [GC (Allocation Failure) 2018-03-23T16:50:14.011+0000: 52.441: [DefNew: 139953K->5261K(153600K), 0.0103279 secs] 190989K->56297K(494976K), 0.0104079 secs] [Times: user=0.00 sys=0.00, real=0.00 secs] 
2018-03-23T16:50:17.126+0000: 55.556: [GC (Allocation Failure) 2018-03-23T16:50:17.126+0000: 55.556: [DefNew: 141333K->6403K(153600K), 0.0108822 secs] 192369K->57439K(494976K), 0.0109616 secs] [Times: user=0.01 sys=0.00, real=0.01 secs] 
2018-03-23T16:50:20.079+0000: 58.509: [GC (Allocation Failure) 2018-03-23T16:50:20.079+0000: 58.509: [DefNew: 142979K->14851K(153600K), 0.0123788 secs] 194015K->65887K(494976K), 0.0124448 secs] [Times: user=0.01 sys=0.00, real=0.02 secs] 
2018-03-23T16:50:22.846+0000: 61.277: [GC (Allocation Failure) 2018-03-23T16:50:22.847+0000: 61.277: [DefNew: 151306K->2484K(153600K), 0.0141405 secs] 202342K->66053K(494976K), 0.0142086 secs] [Times: user=0.02 sys=0.00, real=0.01 secs] 
2018-03-23T16:50:25.941+0000: 64.371: [GC (Allocation Failure) 2018-03-23T16:50:25.941+0000: 64.371: [DefNew: 137380K->3104K(153600K), 0.0075800 secs] 200949K->66673K(494976K), 0.0076362 secs] [Times: user=0.00 sys=0.00, real=0.01 secs] 
2018-03-23T16:50:28.430+0000: 66.860: [GC (Allocation Failure) 2018-03-23T16:50:28.430+0000: 66.860: [DefNew: 137693K->4177K(153600K), 0.0167056 secs] 201262K->67746K(494976K), 0.0167724 secs] [Times: user=0.01 sys=0.00, real=0.01 secs] 
2018-03-23T16:50:30.936+0000: 69.366: [GC (Allocation Failure) 2018-03-23T16:50:30.936+0000: 69.366: [DefNew: 139817K->4776K(153600K), 0.0162825 secs] 203386K->68344K(494976K), 0.0163511 secs] [Times: user=0.02 sys=0.00, real=0.02 secs] 
2018-03-23T16:50:33.637+0000: 72.067: [GC (Allocation Failure) 2018-03-23T16:50:33.637+0000: 72.067: [DefNew: 141352K->5485K(153600K), 0.0105902 secs] 204920K->69054K(494976K), 0.0106537 secs] [Times: user=0.01 sys=0.00, real=0.01 secs] 
2018-03-23T16:50:36.113+0000: 74.543: [GC (Allocation Failure) 2018-03-23T16:50:36.113+0000: 74.543: [DefNew: 139725K->5683K(153600K), 0.0092881 secs] 203294K->69252K(494976K), 0.0093709 secs] [Times: user=0.01 sys=0.00, real=0.01 secs] 
2018-03-23T16:50:38.583+0000: 77.013: [GC (Allocation Failure) 2018-03-23T16:50:38.583+0000: 77.013: [DefNew: 142259K->6182K(153600K), 0.0099753 secs] 205828K->69751K(494976K), 0.0100421 secs] [Times: user=0.02 sys=0.00, real=0.01 secs] 
2018-03-23T16:50:41.121+0000: 79.551: [GC (Allocation Failure) 2018-03-23T16:50:41.121+0000: 79.551: [DefNew: 142758K->7766K(153600K), 0.0249684 secs] 206327K->71335K(494976K), 0.0250368 secs] [Times: user=0.02 sys=0.00, real=0.03 secs] 
2018-03-23T16:50:43.718+0000: 82.148: [GC (Allocation Failure) 2018-03-23T16:50:43.718+0000: 82.148: [DefNew: 142056K->6983K(153600K), 0.0189363 secs] 205625K->70551K(494976K), 0.0190293 secs] [Times: user=0.02 sys=0.00, real=0.02 secs] 
2018-03-23T16:50:46.066+0000: 84.496: [GC (Allocation Failure) 2018-03-23T16:50:46.066+0000: 84.496: [DefNew: 143559K->7554K(153600K), 0.0125012 secs] 207127K->71122K(494976K), 0.0125633 secs] [Times: user=0.01 sys=0.00, real=0.01 secs] 
2018-03-23T16:50:48.646+0000: 87.076: [GC (Allocation Failure) 2018-03-23T16:50:48.646+0000: 87.076: [DefNew: 141772K->7878K(153600K), 0.0114411 secs] 205341K->71447K(494976K), 0.0115182 secs] [Times: user=0.01 sys=0.01, real=0.01 secs] 
2018-03-23T16:50:51.202+0000: 89.632: [GC (Allocation Failure) 2018-03-23T16:50:51.202+0000: 89.632: [DefNew: 142347K->7843K(153600K), 0.0115373 secs] 205916K->71412K(494976K), 0.0116056 secs] [Times: user=0.01 sys=0.00, real=0.01 secs] 
2018-03-23T16:50:53.812+0000: 92.242: [GC (Allocation Failure) 2018-03-23T16:50:53.812+0000: 92.242: [DefNew: 144219K->8616K(153600K), 0.0132128 secs] 207788K->72185K(494976K), 0.0132837 secs] [Times: user=0.01 sys=0.00, real=0.01 secs] 
2018-03-23T16:50:56.193+0000: 94.623: [GC (Allocation Failure) 2018-03-23T16:50:56.193+0000: 94.623: [DefNew: 145192K->8842K(153600K), 0.0268362 secs] 208761K->72914K(494976K), 0.0268953 secs] [Times: user=0.02 sys=0.00, real=0.02 secs] 
2018-03-23T16:50:58.598+0000: 97.028: [GC (Allocation Failure) 2018-03-23T16:50:58.598+0000: 97.028: [DefNew: 145418K->8948K(153600K), 0.0150035 secs] 209490K->73424K(494976K), 0.0150803 secs] [Times: user=0.02 sys=0.00, real=0.02 secs] 
2018-03-23T16:51:01.118+0000: 99.548: [GC (Allocation Failure) 2018-03-23T16:51:01.118+0000: 99.548: [DefNew: 142746K->7750K(153600K), 0.0180829 secs] 207222K->72929K(494976K), 0.0181552 secs] [Times: user=0.01 sys=0.00, real=0.02 secs] 
2018-03-23T16:51:03.609+0000: 102.039: [GC (Allocation Failure) 2018-03-23T16:51:03.609+0000: 102.040: [DefNew: 144326K->8744K(153600K), 0.0127517 secs] 209505K->73922K(494976K), 0.0128199 secs] [Times: user=0.01 sys=0.00, real=0.01 secs] 
2018-03-23T16:51:05.934+0000: 104.364: [GC (Allocation Failure) 2018-03-23T16:51:05.934+0000: 104.364: [DefNew: 145320K->8838K(153600K), 0.0226456 secs] 210498K->74489K(494976K), 0.0227103 secs] [Times: user=0.02 sys=0.00, real=0.02 secs] 
2018-03-23T16:51:08.165+0000: 106.595: [GC (Allocation Failure) 2018-03-23T16:51:08.165+0000: 106.595: [DefNew: 145414K->7739K(153600K), 0.0245109 secs] 211065K->73755K(494976K), 0.0245771 secs] [Times: user=0.03 sys=0.00, real=0.03 secs] 
2018-03-23T16:51:10.804+0000: 109.234: [GC (Allocation Failure) 2018-03-23T16:51:10.804+0000: 109.235: [DefNew: 144115K->7927K(153600K), 0.0119180 secs] 210131K->73944K(494976K), 0.0119870 secs] [Times: user=0.01 sys=0.00, real=0.01 secs] 
2018-03-23T16:51:13.227+0000: 111.657: [GC (Allocation Failure) 2018-03-23T16:51:13.227+0000: 111.657: [DefNew: 144503K->8346K(153600K), 0.0210753 secs] 210520K->74651K(494976K), 0.0211416 secs] [Times: user=0.02 sys=0.00, real=0.02 secs] 
2018-03-23T16:51:15.644+0000: 114.074: [GC (Allocation Failure) 2018-03-23T16:51:15.644+0000: 114.074: [DefNew: 144922K->9096K(153600K), 0.0270998 secs] 211227K->75706K(494976K), 0.0271783 secs] [Times: user=0.03 sys=0.00, real=0.03 secs] 
2018-03-23T16:51:18.152+0000: 116.582: [GC (Allocation Failure) 2018-03-23T16:51:18.152+0000: 116.582: [DefNew: 143990K->7616K(153600K), 0.0145962 secs] 210600K->74915K(494976K), 0.0146638 secs] [Times: user=0.01 sys=0.00, real=0.01 secs] 
2018-03-23T16:51:20.493+0000: 118.923: [GC (Allocation Failure) 2018-03-23T16:51:20.493+0000: 118.923: [DefNew: 144192K->8337K(153600K), 0.0226318 secs] 211491K->75636K(494976K), 0.0226964 secs] [Times: user=0.03 sys=0.00, real=0.02 secs] 
2018-03-23T16:51:22.518+0000: 120.948: [GC (Allocation Failure) 2018-03-23T16:51:22.518+0000: 120.948: [DefNew: 143547K->17024K(153600K), 0.0518295 secs] 210846K->92119K(494976K), 0.0518907 secs] [Times: user=0.05 sys=0.01, real=0.06 secs] 
2018-03-23T16:51:24.912+0000: 123.342: [GC (Allocation Failure) 2018-03-23T16:51:24.912+0000: 123.342: [DefNew: 153575K->3042K(153600K), 0.0557694 secs] 228670K->95059K(494976K), 0.0558723 secs] [Times: user=0.04 sys=0.02, real=0.05 secs] 
2018-03-23T16:51:27.359+0000: 125.789: [GC (Allocation Failure) 2018-03-23T16:51:27.359+0000: 125.789: [DefNew: 139618K->3978K(153600K), 0.0162164 secs] 231635K->95995K(494976K), 0.0162843 secs] [Times: user=0.01 sys=0.00, real=0.02 secs] 
2018-03-23T16:51:29.958+0000: 128.388: [GC (Allocation Failure) 2018-03-23T16:51:29.958+0000: 128.388: [DefNew: 140554K->4145K(153600K), 0.0088211 secs] 232571K->96162K(494976K), 0.0088833 secs] [Times: user=0.01 sys=0.00, real=0.01 secs] 
2018-03-23T16:51:32.355+0000: 130.785: [GC (Allocation Failure) 2018-03-23T16:51:32.355+0000: 130.785: [DefNew: 140721K->4659K(153600K), 0.0082221 secs] 232738K->96677K(494976K), 0.0082939 secs] [Times: user=0.01 sys=0.00, real=0.01 secs] 
2018-03-23T16:51:34.555+0000: 132.985: [GC (Allocation Failure) 2018-03-23T16:51:34.555+0000: 132.985: [DefNew: 137449K->5069K(153600K), 0.0084451 secs] 229466K->97086K(494976K), 0.0085135 secs] [Times: user=0.01 sys=0.00, real=0.01 secs] 
2018-03-23T16:51:37.031+0000: 135.461: [GC (Allocation Failure) 2018-03-23T16:51:37.031+0000: 135.461: [DefNew: 141645K->6627K(153600K), 0.0105169 secs] 233662K->98644K(494976K), 0.0105941 secs] [Times: user=0.01 sys=0.00, real=0.01 secs] 
2018-03-23T16:51:39.247+0000: 137.677: [GC (Allocation Failure) 2018-03-23T16:51:39.247+0000: 137.677: [DefNew: 138905K->5796K(153600K), 0.0098924 secs] 230922K->97814K(494976K), 0.0099594 secs] [Times: user=0.01 sys=0.00, real=0.01 secs] 
2018-03-23T16:51:41.577+0000: 140.007: [GC (Allocation Failure) 2018-03-23T16:51:41.577+0000: 140.007: [DefNew: 141372K->6165K(153600K), 0.0179919 secs] 233389K->98182K(494976K), 0.0180713 secs] [Times: user=0.02 sys=0.00, real=0.02 secs] 
2018-03-23T16:51:43.779+0000: 142.209: [GC (Allocation Failure) 2018-03-23T16:51:43.779+0000: 142.209: [DefNew: 142741K->6314K(153600K), 0.0178864 secs] 234758K->98331K(494976K), 0.0179570 secs] [Times: user=0.02 sys=0.00, real=0.02 secs] 
2018-03-23T16:51:45.965+0000: 144.395: [GC (Allocation Failure) 2018-03-23T16:51:45.965+0000: 144.395: [DefNew: 142890K->6837K(153600K), 0.0219181 secs] 234907K->98854K(494976K), 0.0219876 secs] [Times: user=0.02 sys=0.00, real=0.02 secs] 
2018-03-23T16:51:48.219+0000: 146.649: [GC (Allocation Failure) 2018-03-23T16:51:48.219+0000: 146.649: [DefNew: 143330K->7919K(153600K), 0.0204082 secs] 235348K->99936K(494976K), 0.0204875 secs] [Times: user=0.02 sys=0.00, real=0.02 secs] 
2018-03-23T16:51:50.471+0000: 148.901: [GC (Allocation Failure) 2018-03-23T16:51:50.471+0000: 148.901: [DefNew: 144495K->7492K(153600K), 0.0211724 secs] 236512K->99509K(494976K), 0.0212505 secs] [Times: user=0.02 sys=0.00, real=0.02 secs] 
2018-03-23T16:51:52.631+0000: 151.061: [GC (Allocation Failure) 2018-03-23T16:51:52.631+0000: 151.061: [DefNew: 144068K->8506K(153600K), 0.0211087 secs] 236085K->100523K(494976K), 0.0211812 secs] [Times: user=0.02 sys=0.00, real=0.02 secs] 
2018-03-23T16:51:55.064+0000: 153.494: [GC (Allocation Failure) 2018-03-23T16:51:55.064+0000: 153.494: [DefNew: 145082K->7822K(153600K), 0.0166141 secs] 237099K->99839K(494976K), 0.0166903 secs] [Times: user=0.02 sys=0.00, real=0.01 secs] 
2018-03-23T16:51:57.358+0000: 155.788: [GC (Allocation Failure) 2018-03-23T16:51:57.358+0000: 155.788: [DefNew: 139833K->8031K(153600K), 0.0190415 secs] 231850K->100049K(494976K), 0.0191131 secs] [Times: user=0.02 sys=0.00, real=0.02 secs] 
2018-03-23T16:51:59.423+0000: 157.853: [GC (Allocation Failure) 2018-03-23T16:51:59.423+0000: 157.853: [DefNew: 140589K->8040K(153600K), 0.0191277 secs] 232606K->100439K(494976K), 0.0191984 secs] [Times: user=0.01 sys=0.00, real=0.02 secs] 
2018-03-23T16:52:01.691+0000: 160.121: [GC (Allocation Failure) 2018-03-23T16:52:01.691+0000: 160.121: [DefNew: 144616K->9823K(153600K), 0.0380172 secs] 237015K->102657K(494976K), 0.0380911 secs] [Times: user=0.04 sys=0.00, real=0.03 secs] 
2018-03-23T16:52:03.907+0000: 162.337: [GC (Allocation Failure) 2018-03-23T16:52:03.907+0000: 162.337: [DefNew: 146399K->8096K(153600K), 0.0311580 secs] 239233K->102324K(494976K), 0.0312317 secs] [Times: user=0.02 sys=0.01, real=0.03 secs] 
2018-03-23T16:52:06.433+0000: 164.864: [GC (Allocation Failure) 2018-03-23T16:52:06.433+0000: 164.864: [DefNew: 144672K->8873K(153600K), 0.0251453 secs] 238900K->103102K(494976K), 0.0252162 secs] [Times: user=0.02 sys=0.00, real=0.02 secs] 
2018-03-23T16:52:08.550+0000: 166.980: [GC (Allocation Failure) 2018-03-23T16:52:08.550+0000: 166.980: [DefNew: 141170K->6497K(153600K), 0.0190520 secs] 235399K->101310K(494976K), 0.0191144 secs] [Times: user=0.02 sys=0.00, real=0.02 secs] 
2018-03-23T16:52:10.576+0000: 169.006: [GC (Allocation Failure) 2018-03-23T16:52:10.576+0000: 169.006: [DefNew: 141729K->6905K(153600K), 0.0188939 secs] 236541K->101718K(494976K), 0.0189648 secs] [Times: user=0.02 sys=0.00, real=0.02 secs] 
2018-03-23T16:52:12.826+0000: 171.257: [GC (Allocation Failure) 2018-03-23T16:52:12.826+0000: 171.257: [DefNew: 143481K->8568K(153600K), 0.0218530 secs] 238294K->103380K(494976K), 0.0219235 secs] [Times: user=0.02 sys=0.00, real=0.02 secs] 
2018-03-23T16:52:15.130+0000: 173.560: [GC (Allocation Failure) 2018-03-23T16:52:15.130+0000: 173.560: [DefNew: 142171K->7386K(153600K), 0.0187533 secs] 236983K->102379K(494976K), 0.0188337 secs] [Times: user=0.02 sys=0.00, real=0.01 secs] 
2018-03-23T16:52:17.171+0000: 175.601: [GC (Allocation Failure) 2018-03-23T16:52:17.171+0000: 175.601: [DefNew: 140212K->7551K(153600K), 0.0188481 secs] 235205K->102544K(494976K), 0.0189181 secs] [Times: user=0.02 sys=0.00, real=0.02 secs] 
2018-03-23T16:52:19.157+0000: 177.588: [GC (Allocation Failure) 2018-03-23T16:52:19.157+0000: 177.588: [DefNew: 140769K->8139K(153600K), 0.0239081 secs] 235762K->103133K(494976K), 0.0239887 secs] [Times: user=0.02 sys=0.00, real=0.03 secs] 
2018-03-23T16:52:21.294+0000: 179.724: [GC (Allocation Failure) 2018-03-23T16:52:21.294+0000: 179.724: [DefNew: 144715K->9286K(153600K), 0.0256399 secs] 239709K->104432K(494976K), 0.0257220 secs] [Times: user=0.03 sys=0.00, real=0.02 secs] 
2018-03-23T16:52:23.446+0000: 181.876: [GC (Allocation Failure) 2018-03-23T16:52:23.446+0000: 181.876: [DefNew: 145862K->7494K(153600K), 0.0250398 secs] 241008K->103532K(494976K), 0.0251180 secs] [Times: user=0.03 sys=0.00, real=0.03 secs] 
2018-03-23T16:52:25.641+0000: 184.071: [GC (Allocation Failure) 2018-03-23T16:52:25.641+0000: 184.071: [DefNew: 144070K->7947K(153600K), 0.0209905 secs] 240108K->103985K(494976K), 0.0210622 secs] [Times: user=0.01 sys=0.01, real=0.02 secs] 
2018-03-23T16:52:27.948+0000: 186.378: [GC (Allocation Failure) 2018-03-23T16:52:27.948+0000: 186.378: [DefNew: 140715K->8313K(153600K), 0.0198721 secs] 236753K->104351K(494976K), 0.0199442 secs] [Times: user=0.02 sys=0.00, real=0.02 secs] 
2018-03-23T16:52:30.296+0000: 188.726: [GC (Allocation Failure) 2018-03-23T16:52:30.296+0000: 188.726: [DefNew: 139790K->8490K(153600K), 0.0205009 secs] 235828K->104722K(494976K), 0.0205807 secs] [Times: user=0.02 sys=0.00, real=0.02 secs] 
2018-03-23T16:52:32.556+0000: 190.986: [GC (Allocation Failure) 2018-03-23T16:52:32.556+0000: 190.986: [DefNew: 145066K->8675K(153600K), 0.0203250 secs] 241298K->105221K(494976K), 0.0203967 secs] [Times: user=0.02 sys=0.00, real=0.02 secs] 
2018-03-23T16:52:34.754+0000: 193.184: [GC (Allocation Failure) 2018-03-23T16:52:34.754+0000: 193.184: [DefNew: 144136K->8246K(153600K), 0.0216045 secs] 240682K->105203K(494976K), 0.0216877 secs] [Times: user=0.02 sys=0.00, real=0.02 secs] 
2018-03-23T16:52:37.074+0000: 195.504: [GC (Allocation Failure) 2018-03-23T16:52:37.074+0000: 195.504: [DefNew: 144822K->9385K(153600K), 0.0288980 secs] 241779K->106469K(494976K), 0.0289685 secs] [Times: user=0.02 sys=0.00, real=0.03 secs] 
2018-03-23T16:52:39.277+0000: 197.707: [GC (Allocation Failure) 2018-03-23T16:52:39.277+0000: 197.707: [DefNew: 145961K->8609K(153600K), 0.0312070 secs] 243045K->106695K(494976K), 0.0312822 secs] [Times: user=0.02 sys=0.01, real=0.03 secs] 
2018-03-23T16:52:41.818+0000: 200.248: [GC (Allocation Failure) 2018-03-23T16:52:41.818+0000: 200.248: [DefNew: 145185K->7969K(153600K), 0.0112669 secs] 243271K->106286K(494976K), 0.0113375 secs] [Times: user=0.01 sys=0.00, real=0.01 secs] 
2018-03-23T16:52:43.921+0000: 202.351: [GC (Allocation Failure) 2018-03-23T16:52:43.921+0000: 202.351: [DefNew: 139619K->8397K(153600K), 0.0115645 secs] 237936K->106714K(494976K), 0.0116498 secs] [Times: user=0.02 sys=0.00, real=0.02 secs] 
2018-03-23T16:52:46.278+0000: 204.708: [GC (Allocation Failure) 2018-03-23T16:52:46.278+0000: 204.708: [DefNew: 142875K->8637K(153600K), 0.0117889 secs] 241192K->106954K(494976K), 0.0118591 secs] [Times: user=0.01 sys=0.00, real=0.02 secs] 
2018-03-23T16:52:48.494+0000: 206.924: [GC (Allocation Failure) 2018-03-23T16:52:48.494+0000: 206.924: [DefNew: 142461K->8155K(153600K), 0.0111646 secs] 240778K->106716K(494976K), 0.0112365 secs] [Times: user=0.01 sys=0.00, real=0.01 secs] 
2018-03-23T16:52:50.624+0000: 209.054: [GC (Allocation Failure) 2018-03-23T16:52:50.624+0000: 209.054: [DefNew: 141049K->8930K(153600K), 0.0211746 secs] 239610K->107490K(494976K), 0.0212470 secs] [Times: user=0.02 sys=0.00, real=0.02 secs] 
2018-03-23T16:52:52.686+0000: 211.116: [GC (Allocation Failure) 2018-03-23T16:52:52.686+0000: 211.116: [DefNew: 142443K->8582K(153600K), 0.0125139 secs] 241004K->107785K(494976K), 0.0125720 secs] [Times: user=0.01 sys=0.00, real=0.01 secs] 
2018-03-23T16:52:54.808+0000: 213.238: [GC (Allocation Failure) 2018-03-23T16:52:54.808+0000: 213.238: [DefNew: 145158K->10568K(153600K), 0.0152970 secs] 244361K->109983K(494976K), 0.0153674 secs] [Times: user=0.01 sys=0.00, real=0.02 secs] 
2018-03-23T16:52:56.954+0000: 215.384: [GC (Allocation Failure) 2018-03-23T16:52:56.954+0000: 215.384: [DefNew: 144316K->6856K(153600K), 0.0132396 secs] 243731K->108462K(494976K), 0.0133101 secs] [Times: user=0.01 sys=0.00, real=0.01 secs] 
2018-03-23T16:52:58.993+0000: 217.424: [GC (Allocation Failure) 2018-03-23T16:52:58.994+0000: 217.424: [DefNew: 143432K->7079K(153600K), 0.0102284 secs] 245038K->108684K(494976K), 0.0102917 secs] [Times: user=0.01 sys=0.00, real=0.01 secs] 
2018-03-23T16:53:01.103+0000: 219.533: [GC (Allocation Failure) 2018-03-23T16:53:01.103+0000: 219.533: [DefNew: 139835K->7591K(153600K), 0.0108853 secs] 241441K->109196K(494976K), 0.0109650 secs] [Times: user=0.01 sys=0.00, real=0.01 secs] 
2018-03-23T16:53:03.219+0000: 221.649: [GC (Allocation Failure) 2018-03-23T16:53:03.219+0000: 221.649: [DefNew: 144167K->8732K(153600K), 0.0117678 secs] 245772K->110337K(494976K), 0.0118363 secs] [Times: user=0.02 sys=0.00, real=0.02 secs] 
2018-03-23T16:53:05.274+0000: 223.704: [GC (Allocation Failure) 2018-03-23T16:53:05.274+0000: 223.704: [DefNew: 140074K->7917K(153600K), 0.0115469 secs] 241679K->109780K(494976K), 0.0116192 secs] [Times: user=0.01 sys=0.00, real=0.01 secs] 
2018-03-23T16:53:07.330+0000: 225.760: [GC (Allocation Failure) 2018-03-23T16:53:07.330+0000: 225.760: [DefNew: 138945K->8200K(153600K), 0.0112254 secs] 240808K->110063K(494976K), 0.0112924 secs] [Times: user=0.01 sys=0.00, real=0.01 secs] 
2018-03-23T16:53:09.578+0000: 228.008: [GC (Allocation Failure) 2018-03-23T16:53:09.578+0000: 228.008: [DefNew: 144776K->10510K(153600K), 0.0295230 secs] 246639K->112373K(494976K), 0.0295944 secs] [Times: user=0.02 sys=0.00, real=0.03 secs] 
2018-03-23T16:53:11.651+0000: 230.081: [GC (Allocation Failure) 2018-03-23T16:53:11.651+0000: 230.081: [DefNew: 147086K->7523K(153600K), 0.0299279 secs] 248949K->111282K(494976K), 0.0300084 secs] [Times: user=0.03 sys=0.00, real=0.02 secs] 
2018-03-23T16:53:14.017+0000: 232.447: [GC (Allocation Failure) 2018-03-23T16:53:14.017+0000: 232.447: [DefNew: 144099K->9545K(153600K), 0.0146751 secs] 247858K->113303K(494976K), 0.0147546 secs] [Times: user=0.01 sys=0.00, real=0.02 secs] 
2018-03-23T16:53:16.056+0000: 234.487: [GC (Allocation Failure) 2018-03-23T16:53:16.057+0000: 234.487: [DefNew: 141514K->6645K(153600K), 0.0120043 secs] 245273K->111604K(494976K), 0.0120580 secs] [Times: user=0.01 sys=0.01, real=0.01 secs] 
2018-03-23T16:53:18.131+0000: 236.561: [GC (Allocation Failure) 2018-03-23T16:53:18.131+0000: 236.561: [DefNew: 140830K->7112K(153600K), 0.0103616 secs] 245789K->112071K(494976K), 0.0104406 secs] [Times: user=0.02 sys=0.00, real=0.01 secs] 
2018-03-23T16:53:20.469+0000: 238.899: [GC (Allocation Failure) 2018-03-23T16:53:20.469+0000: 238.899: [DefNew: 143019K->7188K(153600K), 0.0176251 secs] 247978K->112147K(494976K), 0.0176981 secs] [Times: user=0.02 sys=0.00, real=0.02 secs] 
2018-03-23T16:53:22.534+0000: 240.964: [GC (Allocation Failure) 2018-03-23T16:53:22.534+0000: 240.964: [DefNew: 143764K->9163K(153600K), 0.0215230 secs] 248723K->114122K(494976K), 0.0215950 secs] [Times: user=0.02 sys=0.00, real=0.02 secs] 
2018-03-23T16:53:24.828+0000: 243.258: [GC (Allocation Failure) 2018-03-23T16:53:24.828+0000: 243.258: [DefNew: 145739K->7894K(153600K), 0.0212624 secs] 250698K->113782K(494976K), 0.0213354 secs] [Times: user=0.02 sys=0.00, real=0.02 secs] 
2018-03-23T16:53:26.990+0000: 245.420: [GC (Allocation Failure) 2018-03-23T16:53:26.990+0000: 245.420: [DefNew: 142479K->7156K(153600K), 0.0169013 secs] 248367K->113043K(494976K), 0.0169728 secs] [Times: user=0.01 sys=0.00, real=0.01 secs] 
2018-03-23T16:53:29.050+0000: 247.480: [GC (Allocation Failure) 2018-03-23T16:53:29.050+0000: 247.480: [DefNew: 143322K->7615K(153600K), 0.0182511 secs] 249209K->113503K(494976K), 0.0183351 secs] [Times: user=0.02 sys=0.00, real=0.01 secs] 
2018-03-23T16:53:31.319+0000: 249.749: [GC (Allocation Failure) 2018-03-23T16:53:31.319+0000: 249.749: [DefNew: 143018K->7849K(153600K), 0.0181485 secs] 248906K->113737K(494976K), 0.0182189 secs] [Times: user=0.02 sys=0.00, real=0.02 secs] 
2018-03-23T16:53:33.407+0000: 251.837: [GC (Allocation Failure) 2018-03-23T16:53:33.407+0000: 251.837: [DefNew: 144425K->9373K(153600K), 0.0209725 secs] 250313K->115260K(494976K), 0.0210426 secs] [Times: user=0.02 sys=0.00, real=0.02 secs] 
2018-03-23T16:53:35.546+0000: 253.976: [GC (Allocation Failure) 2018-03-23T16:53:35.546+0000: 253.976: [DefNew: 145882K->7156K(153600K), 0.0113339 secs] 251769K->114255K(494976K), 0.0114061 secs] [Times: user=0.01 sys=0.00, real=0.01 secs] 
2018-03-23T16:53:37.499+0000: 255.929: [GC (Allocation Failure) 2018-03-23T16:53:37.499+0000: 255.929: [DefNew: 138534K->7952K(153600K), 0.0112745 secs] 245634K->115052K(494976K), 0.0113492 secs] [Times: user=0.01 sys=0.00, real=0.02 secs] 
2018-03-23T16:53:39.652+0000: 258.082: [GC (Allocation Failure) 2018-03-23T16:53:39.652+0000: 258.082: [DefNew: 144528K->10254K(153600K), 0.0310261 secs] 251628K->117354K(494976K), 0.0310973 secs] [Times: user=0.03 sys=0.00, real=0.03 secs] 
2018-03-23T16:53:41.672+0000: 260.102: [GC (Allocation Failure) 2018-03-23T16:53:41.672+0000: 260.102: [DefNew: 140729K->6502K(153600K), 0.0230310 secs] 247829K->115459K(494976K), 0.0231021 secs] [Times: user=0.02 sys=0.00, real=0.02 secs] 
2018-03-23T16:53:43.501+0000: 261.932: [GC (Allocation Failure) 2018-03-23T16:53:43.502+0000: 261.932: [DefNew: 143078K->9191K(153600K), 0.0246601 secs] 252035K->118149K(494976K), 0.0247307 secs] [Times: user=0.03 sys=0.00, real=0.02 secs] 
2018-03-23T16:53:45.811+0000: 264.241: [GC (Allocation Failure) 2018-03-23T16:53:45.811+0000: 264.241: [DefNew: 145767K->6787K(153600K), 0.0142884 secs] 254725K->116384K(494976K), 0.0143584 secs] [Times: user=0.01 sys=0.00, real=0.01 secs] 
2018-03-23T16:53:47.923+0000: 266.353: [GC (Allocation Failure) 2018-03-23T16:53:47.923+0000: 266.353: [DefNew: 143363K->9481K(153600K), 0.0326269 secs] 252960K->119077K(494976K), 0.0326958 secs] [Times: user=0.03 sys=0.00, real=0.03 secs] 
2018-03-23T16:53:49.999+0000: 268.429: [GC (Allocation Failure) 2018-03-23T16:53:49.999+0000: 268.429: [DefNew: 144295K->6435K(153600K), 0.0198696 secs] 253892K->117146K(494976K), 0.0199448 secs] [Times: user=0.02 sys=0.00, real=0.02 secs] 
2018-03-23T16:53:52.103+0000: 270.534: [GC (Allocation Failure) 2018-03-23T16:53:52.103+0000: 270.534: [DefNew: 138938K->6637K(153600K), 0.0145980 secs] 249648K->117348K(494976K), 0.0146775 secs] [Times: user=0.02 sys=0.00, real=0.01 secs] 
2018-03-23T16:53:54.184+0000: 272.614: [GC (Allocation Failure) 2018-03-23T16:53:54.184+0000: 272.614: [DefNew: 143213K->7744K(153600K), 0.0173094 secs] 253924K->118455K(494976K), 0.0173861 secs] [Times: user=0.02 sys=0.00, real=0.01 secs] 
2018-03-23T16:53:56.285+0000: 274.715: [GC (Allocation Failure) 2018-03-23T16:53:56.285+0000: 274.715: [DefNew: 144320K->8059K(153600K), 0.0180910 secs] 255031K->118770K(494976K), 0.0181565 secs] [Times: user=0.02 sys=0.00, real=0.02 secs] 
2018-03-23T16:53:58.596+0000: 277.026: [GC (Allocation Failure) 2018-03-23T16:53:58.596+0000: 277.026: [DefNew: 144635K->8590K(153600K), 0.0194409 secs] 255346K->119301K(494976K), 0.0195187 secs] [Times: user=0.02 sys=0.00, real=0.02 secs] 
2018-03-23T16:54:00.648+0000: 279.078: [GC (Allocation Failure) 2018-03-23T16:54:00.648+0000: 279.078: [DefNew: 145166K->9313K(153600K), 0.0213048 secs] 255877K->120236K(494976K), 0.0213759 secs] [Times: user=0.02 sys=0.00, real=0.02 secs] 
2018-03-23T16:54:02.795+0000: 281.225: [GC (Allocation Failure) 2018-03-23T16:54:02.795+0000: 281.226: [DefNew: 145889K->11028K(153600K), 0.0324366 secs] 256812K->122813K(494976K), 0.0324986 secs] [Times: user=0.03 sys=0.00, real=0.03 secs] 
2018-03-23T16:54:04.913+0000: 283.343: [GC (Allocation Failure) 2018-03-23T16:54:04.913+0000: 283.343: [DefNew: 146135K->6466K(153600K), 0.0247929 secs] 257920K->120680K(494976K), 0.0248755 secs] [Times: user=0.02 sys=0.01, real=0.02 secs] 
2018-03-23T16:54:06.841+0000: 285.271: [GC (Allocation Failure) 2018-03-23T16:54:06.841+0000: 285.271: [DefNew: 142156K->7382K(153600K), 0.0172119 secs] 256370K->121596K(494976K), 0.0172865 secs] [Times: user=0.02 sys=0.00, real=0.02 secs] 
2018-03-23T16:54:08.449+0000: 286.879: [GC (Allocation Failure) 2018-03-23T16:54:08.449+0000: 286.879: [DefNew: 143116K->17023K(153600K), 0.0539050 secs] 257330K->154731K(494976K), 0.0539780 secs] [Times: user=0.04 sys=0.01, real=0.06 secs] 
2018-03-23T16:54:10.518+0000: 288.948: [GC (Allocation Failure) 2018-03-23T16:54:10.518+0000: 288.948: [DefNew: 150851K->2160K(153600K), 0.0223425 secs] 288558K->156817K(494976K), 0.0224207 secs] [Times: user=0.02 sys=0.00, real=0.02 secs] 
2018-03-23T16:54:12.570+0000: 291.000: [GC (Allocation Failure) 2018-03-23T16:54:12.570+0000: 291.000: [DefNew: 135969K->3822K(153600K), 0.0095612 secs] 290627K->158479K(494976K), 0.0096420 secs] [Times: user=0.01 sys=0.00, real=0.00 secs] 
2018-03-23T16:54:14.622+0000: 293.052: [GC (Allocation Failure) 2018-03-23T16:54:14.622+0000: 293.052: [DefNew: 132135K->4647K(153600K), 0.0123587 secs] 286792K->159304K(494976K), 0.0124287 secs] [Times: user=0.01 sys=0.00, real=0.01 secs] 
2018-03-23T16:54:16.596+0000: 295.026: [GC (Allocation Failure) 2018-03-23T16:54:16.596+0000: 295.026: [DefNew: 141223K->6999K(153600K), 0.0216521 secs] 295880K->161656K(494976K), 0.0217236 secs] [Times: user=0.02 sys=0.00, real=0.02 secs] 
2018-03-23T16:54:18.632+0000: 297.062: [GC (Allocation Failure) 2018-03-23T16:54:18.632+0000: 297.062: [DefNew: 143575K->6529K(153600K), 0.0126735 secs] 298232K->161186K(494976K), 0.0127568 secs] [Times: user=0.01 sys=0.00, real=0.01 secs] 
2018-03-23T16:54:20.720+0000: 299.150: [GC (Allocation Failure) 2018-03-23T16:54:20.720+0000: 299.150: [DefNew: 143105K->6992K(153600K), 0.0104069 secs] 297762K->161649K(494976K), 0.0104732 secs] [Times: user=0.01 sys=0.00, real=0.02 secs] 
2018-03-23T16:54:22.964+0000: 301.394: [GC (Allocation Failure) 2018-03-23T16:54:22.964+0000: 301.395: [DefNew: 143568K->8320K(153600K), 0.0164803 secs] 298225K->162978K(494976K), 0.0165512 secs] [Times: user=0.02 sys=0.00, real=0.01 secs] 
2018-03-23T16:54:25.128+0000: 303.558: [GC (Allocation Failure) 2018-03-23T16:54:25.128+0000: 303.558: [DefNew: 144896K->9770K(153600K), 0.0252448 secs] 299554K->164428K(494976K), 0.0253256 secs] [Times: user=0.02 sys=0.00, real=0.03 secs] 
2018-03-23T16:54:26.999+0000: 305.429: [GC (Allocation Failure) 2018-03-23T16:54:26.999+0000: 305.429: [DefNew: 146346K->7164K(153600K), 0.0227277 secs] 301004K->162943K(494976K), 0.0227875 secs] [Times: user=0.01 sys=0.01, real=0.03 secs] 
2018-03-23T16:54:29.149+0000: 307.579: [GC (Allocation Failure) 2018-03-23T16:54:29.149+0000: 307.579: [DefNew: 142350K->7474K(153600K), 0.0097988 secs] 298130K->163254K(494976K), 0.0098744 secs] [Times: user=0.01 sys=0.00, real=0.01 secs] 
2018-03-23T16:54:31.283+0000: 309.713: [GC (Allocation Failure) 2018-03-23T16:54:31.283+0000: 309.713: [DefNew: 141691K->7942K(153600K), 0.0099933 secs] 297471K->163722K(494976K), 0.0100611 secs] [Times: user=0.01 sys=0.00, real=0.01 secs] 
2018-03-23T16:54:33.484+0000: 311.915: [GC (Allocation Failure) 2018-03-23T16:54:33.484+0000: 311.915: [DefNew: 144518K->10181K(153600K), 0.0136598 secs] 300298K->165961K(494976K), 0.0137306 secs] [Times: user=0.01 sys=0.00, real=0.01 secs] 
2018-03-23T16:54:35.519+0000: 313.949: [GC (Allocation Failure) 2018-03-23T16:54:35.519+0000: 313.949: [DefNew: 144045K->7430K(153600K), 0.0202758 secs] 299824K->164767K(494976K), 0.0203462 secs] [Times: user=0.02 sys=0.00, real=0.02 secs] 
2018-03-23T16:54:37.445+0000: 315.875: [GC (Allocation Failure) 2018-03-23T16:54:37.445+0000: 315.875: [DefNew: 140022K->8077K(153600K), 0.0163447 secs] 297359K->165414K(494976K), 0.0164157 secs] [Times: user=0.01 sys=0.00, real=0.01 secs] 
2018-03-23T16:54:39.457+0000: 317.888: [GC (Allocation Failure) 2018-03-23T16:54:39.457+0000: 317.888: [DefNew: 144653K->11471K(153600K), 0.0261201 secs] 301990K->168808K(494976K), 0.0261927 secs] [Times: user=0.02 sys=0.00, real=0.03 secs] 
2018-03-23T16:54:41.500+0000: 319.931: [GC (Allocation Failure) 2018-03-23T16:54:41.501+0000: 319.931: [DefNew: 141839K->6114K(153600K), 0.0222129 secs] 299176K->166145K(494976K), 0.0222956 secs] [Times: user=0.02 sys=0.00, real=0.03 secs] 
2018-03-23T16:54:43.388+0000: 321.818: [GC (Allocation Failure) 2018-03-23T16:54:43.388+0000: 321.818: [DefNew: 142690K->15683K(153600K), 0.0108579 secs] 302721K->175714K(494976K), 0.0109267 secs] [Times: user=0.01 sys=0.00, real=0.01 secs] 
2018-03-23T16:54:45.744+0000: 324.174: [GC (Allocation Failure) 2018-03-23T16:54:45.744+0000: 324.175: [DefNew: 152259K->3669K(153600K), 0.0174296 secs] 312290K->167753K(494976K), 0.0175121 secs] [Times: user=0.02 sys=0.00, real=0.02 secs] 
2018-03-23T16:54:47.806+0000: 326.237: [GC (Allocation Failure) 2018-03-23T16:54:47.806+0000: 326.237: [DefNew: 133437K->4613K(153600K), 0.0126734 secs] 297521K->168697K(494976K), 0.0127505 secs] [Times: user=0.01 sys=0.00, real=0.01 secs] 
2018-03-23T16:54:49.755+0000: 328.185: [GC (Allocation Failure) 2018-03-23T16:54:49.755+0000: 328.185: [DefNew: 134955K->5659K(153600K), 0.0119283 secs] 299039K->169743K(494976K), 0.0119986 secs] [Times: user=0.01 sys=0.00, real=0.01 secs] 
2018-03-23T16:54:51.807+0000: 330.237: [GC (Allocation Failure) 2018-03-23T16:54:51.807+0000: 330.237: [DefNew: 142235K->6250K(153600K), 0.0124706 secs] 306319K->170334K(494976K), 0.0125509 secs] [Times: user=0.01 sys=0.00, real=0.01 secs] 
2018-03-23T16:54:53.872+0000: 332.303: [GC (Allocation Failure) 2018-03-23T16:54:53.872+0000: 332.303: [DefNew: 140300K->7075K(153600K), 0.0189934 secs] 304384K->171159K(494976K), 0.0190594 secs] [Times: user=0.02 sys=0.00, real=0.02 secs] 
2018-03-23T16:54:55.881+0000: 334.311: [GC (Allocation Failure) 2018-03-23T16:54:55.881+0000: 334.311: [DefNew: 141740K->7675K(153600K), 0.0206500 secs] 305824K->171759K(494976K), 0.0207211 secs] [Times: user=0.02 sys=0.00, real=0.03 secs] 
2018-03-23T16:54:58.046+0000: 336.476: [GC (Allocation Failure) 2018-03-23T16:54:58.046+0000: 336.476: [DefNew: 138200K->8270K(153600K), 0.0180773 secs] 302284K->172354K(494976K), 0.0181578 secs] [Times: user=0.01 sys=0.00, real=0.02 secs] 
2018-03-23T16:55:00.294+0000: 338.724: [GC (Allocation Failure) 2018-03-23T16:55:00.294+0000: 338.724: [DefNew: 144846K->8678K(153600K), 0.0238244 secs] 308930K->172762K(494976K), 0.0238936 secs] [Times: user=0.02 sys=0.00, real=0.02 secs] 
2018-03-23T16:55:02.897+0000: 341.327: [GC (Allocation Failure) 2018-03-23T16:55:02.897+0000: 341.327: [DefNew: 140171K->8188K(153600K), 0.0153230 secs] 304255K->172963K(494976K), 0.0153952 secs] [Times: user=0.02 sys=0.00, real=0.02 secs] 
2018-03-23T16:55:05.102+0000: 343.532: [GC (Allocation Failure) 2018-03-23T16:55:05.102+0000: 343.532: [DefNew: 143884K->8720K(153600K), 0.0148649 secs] 308659K->173496K(494976K), 0.0149386 secs] [Times: user=0.01 sys=0.00, real=0.01 secs] 
2018-03-23T16:55:07.163+0000: 345.593: [GC (Allocation Failure) 2018-03-23T16:55:07.163+0000: 345.593: [DefNew: 135987K->8784K(153600K), 0.0197529 secs] 300763K->173855K(494976K), 0.0198342 secs] [Times: user=0.02 sys=0.00, real=0.02 secs] 
2018-03-23T16:55:09.248+0000: 347.678: [GC (Allocation Failure) 2018-03-23T16:55:09.248+0000: 347.678: [DefNew: 145360K->11805K(153600K), 0.0315813 secs] 310431K->177261K(494976K), 0.0316550 secs] [Times: user=0.03 sys=0.00, real=0.03 secs] 
2018-03-23T16:55:11.385+0000: 349.815: [GC (Allocation Failure) 2018-03-23T16:55:11.385+0000: 349.815: [DefNew: 141080K->6366K(153600K), 0.0223029 secs] 306536K->174892K(494976K), 0.0223757 secs] [Times: user=0.02 sys=0.00, real=0.02 secs] 
2018-03-23T16:55:13.448+0000: 351.879: [GC (Allocation Failure) 2018-03-23T16:55:13.448+0000: 351.879: [DefNew: 139805K->7144K(153600K), 0.0178640 secs] 308331K->175671K(494976K), 0.0179334 secs] [Times: user=0.01 sys=0.00, real=0.02 secs] 
2018-03-23T16:55:15.532+0000: 353.962: [GC (Allocation Failure) 2018-03-23T16:55:15.532+0000: 353.962: [DefNew: 136771K->7457K(153600K), 0.0129606 secs] 305298K->175984K(494976K), 0.0130360 secs] [Times: user=0.01 sys=0.00, real=0.01 secs] 
2018-03-23T16:55:17.586+0000: 356.016: [GC (Allocation Failure) 2018-03-23T16:55:17.586+0000: 356.016: [DefNew: 136276K->7885K(153600K), 0.0177596 secs] 304803K->176411K(494976K), 0.0178347 secs] [Times: user=0.02 sys=0.00, real=0.02 secs] 
2018-03-23T16:55:19.637+0000: 358.068: [GC (Allocation Failure) 2018-03-23T16:55:19.638+0000: 358.068: [DefNew: 144461K->8775K(153600K), 0.0153642 secs] 312987K->177301K(494976K), 0.0154364 secs] [Times: user=0.02 sys=0.00, real=0.02 secs] 
2018-03-23T16:55:21.708+0000: 360.138: [GC (Allocation Failure) 2018-03-23T16:55:21.708+0000: 360.138: [DefNew: 145351K->10578K(153600K), 0.0323411 secs] 313877K->179531K(494976K), 0.0324242 secs] [Times: user=0.03 sys=0.00, real=0.03 secs] 
2018-03-23T16:55:23.929+0000: 362.359: [GC (Allocation Failure) 2018-03-23T16:55:23.929+0000: 362.359: [DefNew: 147154K->9756K(153600K), 0.0299958 secs] 316107K->180848K(494976K), 0.0300802 secs] [Times: user=0.03 sys=0.00, real=0.03 secs] 
2018-03-23T16:55:26.072+0000: 364.502: [GC (Allocation Failure) 2018-03-23T16:55:26.072+0000: 364.502: [DefNew: 146294K->9080K(153600K), 0.0236829 secs] 317386K->181121K(494976K), 0.0237589 secs] [Times: user=0.02 sys=0.00, real=0.02 secs] 
2018-03-23T16:55:28.066+0000: 366.496: [GC (Allocation Failure) 2018-03-23T16:55:28.066+0000: 366.496: [DefNew: 138719K->6779K(153600K), 0.0179405 secs] 310760K->179745K(494976K), 0.0180158 secs] [Times: user=0.01 sys=0.00, real=0.02 secs] 
2018-03-23T16:55:30.145+0000: 368.576: [GC (Allocation Failure) 2018-03-23T16:55:30.146+0000: 368.576: [DefNew: 143355K->10448K(153600K), 0.0231071 secs] 316321K->183414K(494976K), 0.0231806 secs] [Times: user=0.02 sys=0.00, real=0.02 secs] 
2018-03-23T16:55:32.416+0000: 370.847: [GC (Allocation Failure) 2018-03-23T16:55:32.416+0000: 370.847: [DefNew: 144825K->5410K(153600K), 0.0184640 secs] 317791K->180811K(494976K), 0.0185360 secs] [Times: user=0.01 sys=0.00, real=0.02 secs] 
2018-03-23T16:55:34.410+0000: 372.840: [GC (Allocation Failure) 2018-03-23T16:55:34.410+0000: 372.840: [DefNew: 141986K->6567K(153600K), 0.0142248 secs] 317387K->181967K(494976K), 0.0143016 secs] [Times: user=0.01 sys=0.00, real=0.01 secs] 
2018-03-23T16:55:36.488+0000: 374.918: [GC (Allocation Failure) 2018-03-23T16:55:36.488+0000: 374.918: [DefNew: 135691K->6898K(153600K), 0.0179186 secs] 311092K->182298K(494976K), 0.0179886 secs] [Times: user=0.02 sys=0.00, real=0.02 secs] 
2018-03-23T16:55:38.447+0000: 376.877: [GC (Allocation Failure) 2018-03-23T16:55:38.447+0000: 376.877: [DefNew: 143474K->17024K(153600K), 0.0122961 secs] 318874K->193238K(494976K), 0.0123788 secs] [Times: user=0.01 sys=0.00, real=0.01 secs] 
2018-03-23T16:55:40.583+0000: 379.013: [GC (Allocation Failure) 2018-03-23T16:55:40.583+0000: 379.013: [DefNew: 149535K->1949K(153600K), 0.0192468 secs] 325749K->183458K(494976K), 0.0193188 secs] [Times: user=0.01 sys=0.00, real=0.02 secs] 
2018-03-23T16:55:42.648+0000: 381.078: [GC (Allocation Failure) 2018-03-23T16:55:42.648+0000: 381.078: [DefNew: 138525K->5698K(153600K), 0.0139326 secs] 320034K->187207K(494976K), 0.0140157 secs] [Times: user=0.01 sys=0.00, real=0.02 secs] 
2018-03-23T16:55:44.810+0000: 383.240: [GC (Allocation Failure) 2018-03-23T16:55:44.810+0000: 383.240: [DefNew: 142274K->8753K(153600K), 0.0270178 secs] 323783K->190262K(494976K), 0.0270987 secs] [Times: user=0.03 sys=0.00, real=0.02 secs] 
2018-03-23T16:55:46.895+0000: 385.325: [GC (Allocation Failure) 2018-03-23T16:55:46.895+0000: 385.325: [DefNew: 145329K->7791K(153600K), 0.0146716 secs] 326838K->190052K(494976K), 0.0147510 secs] [Times: user=0.01 sys=0.00, real=0.02 secs] 
2018-03-23T16:55:49.178+0000: 387.608: [GC (Allocation Failure) 2018-03-23T16:55:49.178+0000: 387.608: [DefNew: 144367K->9182K(153600K), 0.0258348 secs] 326628K->191443K(494976K), 0.0259184 secs] [Times: user=0.03 sys=0.00, real=0.03 secs] 
2018-03-23T16:55:51.229+0000: 389.660: [GC (Allocation Failure) 2018-03-23T16:55:51.229+0000: 389.660: [DefNew: 140922K->6990K(153600K), 0.0199420 secs] 323183K->190046K(494976K), 0.0200327 secs] [Times: user=0.02 sys=0.01, real=0.03 secs] 
2018-03-23T16:55:53.220+0000: 391.650: [GC (Allocation Failure) 2018-03-23T16:55:53.220+0000: 391.650: [DefNew: 135515K->7661K(153600K), 0.0192272 secs] 318571K->190717K(494976K), 0.0193090 secs] [Times: user=0.02 sys=0.00, real=0.02 secs] 
2018-03-23T16:55:55.243+0000: 393.673: [GC (Allocation Failure) 2018-03-23T16:55:55.243+0000: 393.673: [DefNew: 144237K->17024K(153600K), 0.0291782 secs] 327293K->202003K(494976K), 0.0292455 secs] [Times: user=0.02 sys=0.00, real=0.03 secs] 
2018-03-23T16:55:57.385+0000: 395.815: [GC (Allocation Failure) 2018-03-23T16:55:57.385+0000: 395.815: [DefNew: 143695K->1805K(153600K), 0.0157847 secs] 328675K->192005K(494976K), 0.0158589 secs] [Times: user=0.01 sys=0.01, real=0.01 secs] 
2018-03-23T16:55:59.473+0000: 397.903: [GC (Allocation Failure) 2018-03-23T16:55:59.473+0000: 397.903: [DefNew: 138381K->3363K(153600K), 0.0102788 secs] 328581K->193564K(494976K), 0.0103481 secs] [Times: user=0.02 sys=0.00, real=0.01 secs] 
2018-03-23T16:56:01.768+0000: 400.198: [GC (Allocation Failure) 2018-03-23T16:56:01.768+0000: 400.198: [DefNew: 139939K->8165K(153600K), 0.0245994 secs] 330140K->198366K(494976K), 0.0246971 secs] [Times: user=0.03 sys=0.00, real=0.03 secs] 
2018-03-23T16:56:03.807+0000: 402.237: [GC (Allocation Failure) 2018-03-23T16:56:03.807+0000: 402.237: [DefNew: 140982K->6091K(153600K), 0.0153443 secs] 331182K->196292K(494976K), 0.0154152 secs] [Times: user=0.01 sys=0.00, real=0.02 secs] 
2018-03-23T16:56:05.891+0000: 404.321: [GC (Allocation Failure) 2018-03-23T16:56:05.891+0000: 404.321: [DefNew: 142667K->7983K(153600K), 0.0225963 secs] 332868K->198184K(494976K), 0.0226784 secs] [Times: user=0.02 sys=0.00, real=0.02 secs] 
2018-03-23T16:56:08.101+0000: 406.531: [GC (Allocation Failure) 2018-03-23T16:56:08.101+0000: 406.531: [DefNew: 138256K->7644K(153600K), 0.0165047 secs] 328457K->197844K(494976K), 0.0165791 secs] [Times: user=0.02 sys=0.00, real=0.02 secs] 
2018-03-23T16:56:10.138+0000: 408.568: [GC (Allocation Failure) 2018-03-23T16:56:10.138+0000: 408.568: [DefNew: 133699K->8214K(153600K), 0.0164123 secs] 323899K->198415K(494976K), 0.0164932 secs] [Times: user=0.02 sys=0.00, real=0.02 secs] 
2018-03-23T16:56:12.181+0000: 410.611: [GC (Allocation Failure) 2018-03-23T16:56:12.181+0000: 410.611: [DefNew: 140610K->8893K(153600K), 0.0178290 secs] 330811K->199093K(494976K), 0.0179015 secs] [Times: user=0.02 sys=0.00, real=0.02 secs] 
2018-03-23T16:56:14.315+0000: 412.745: [GC (Allocation Failure) 2018-03-23T16:56:14.315+0000: 412.745: [DefNew: 138106K->8592K(153600K), 0.0219832 secs] 328307K->199536K(494976K), 0.0220483 secs] [Times: user=0.02 sys=0.01, real=0.02 secs] 
2018-03-23T16:56:16.435+0000: 414.866: [GC (Allocation Failure) 2018-03-23T16:56:16.435+0000: 414.866: [DefNew: 144486K->9108K(153600K), 0.0206773 secs] 335430K->200618K(494976K), 0.0207494 secs] [Times: user=0.02 sys=0.00, real=0.02 secs] 
2018-03-23T16:56:18.484+0000: 416.914: [GC (Allocation Failure) 2018-03-23T16:56:18.484+0000: 416.914: [DefNew: 142592K->8447K(153600K), 0.0191509 secs] 334102K->200878K(494976K), 0.0192219 secs] [Times: user=0.02 sys=0.00, real=0.02 secs] 
2018-03-23T16:56:20.603+0000: 419.033: [GC (Allocation Failure) 2018-03-23T16:56:20.603+0000: 419.033: [DefNew: 138252K->8877K(153600K), 0.0166373 secs] 330683K->201308K(494976K), 0.0167120 secs] [Times: user=0.02 sys=0.00, real=0.01 secs] 
2018-03-23T16:56:22.603+0000: 421.033: [GC (Allocation Failure) 2018-03-23T16:56:22.603+0000: 421.033: [DefNew: 145453K->17023K(153600K), 0.0413051 secs] 337884K->212922K(494976K), 0.0413676 secs] [Times: user=0.04 sys=0.00, real=0.04 secs] 
2018-03-23T16:56:24.943+0000: 423.373: [GC (Allocation Failure) 2018-03-23T16:56:24.943+0000: 423.373: [DefNew: 153599K->5867K(153600K), 0.0171737 secs] 349498K->206399K(494976K), 0.0172480 secs] [Times: user=0.02 sys=0.00, real=0.01 secs] 
2018-03-23T16:56:26.767+0000: 425.197: [GC (Allocation Failure) 2018-03-23T16:56:26.767+0000: 425.197: [DefNew: 142443K->16546K(153600K), 0.0319336 secs] 342975K->217079K(494976K), 0.0320053 secs] [Times: user=0.02 sys=0.01, real=0.03 secs] 
2018-03-23T16:56:28.913+0000: 427.343: [GC (Allocation Failure) 2018-03-23T16:56:28.913+0000: 427.343: [DefNew: 152981K->4870K(153600K), 0.0254705 secs] 353513K->208702K(494976K), 0.0255410 secs] [Times: user=0.03 sys=0.00, real=0.02 secs] 
2018-03-23T16:56:31.314+0000: 429.744: [GC (Allocation Failure) 2018-03-23T16:56:31.314+0000: 429.744: [DefNew: 138237K->4344K(153600K), 0.0070087 secs] 342069K->208177K(494976K), 0.0070857 secs] [Times: user=0.00 sys=0.00, real=0.01 secs] 
2018-03-23T16:56:33.442+0000: 431.873: [GC (Allocation Failure) 2018-03-23T16:56:33.442+0000: 431.873: [DefNew: 137908K->5757K(153600K), 0.0084678 secs] 341741K->209589K(494976K), 0.0085399 secs] [Times: user=0.01 sys=0.00, real=0.01 secs] 
2018-03-23T16:56:35.477+0000: 433.907: [GC (Allocation Failure) 2018-03-23T16:56:35.477+0000: 433.907: [DefNew: 142333K->8918K(153600K), 0.0250220 secs] 346165K->212750K(494976K), 0.0250983 secs] [Times: user=0.03 sys=0.00, real=0.03 secs] 
2018-03-23T16:56:37.630+0000: 436.060: [GC (Allocation Failure) 2018-03-23T16:56:37.630+0000: 436.060: [DefNew: 145494K->9429K(153600K), 0.0269264 secs] 349326K->213958K(494976K), 0.0269979 secs] [Times: user=0.03 sys=0.00, real=0.02 secs] 
2018-03-23T16:56:43.642+0000: 442.073: [GC (Allocation Failure) 2018-03-23T16:56:43.643+0000: 442.073: [DefNew: 146005K->13795K(153600K), 0.0201231 secs] 350534K->219101K(494976K), 0.0201933 secs] [Times: user=0.02 sys=0.00, real=0.02 secs] 
2018-03-23T16:56:59.956+0000: 458.386: [GC (Allocation Failure) 2018-03-23T16:56:59.956+0000: 458.387: [DefNew: 150371K->17023K(153600K), 0.0628964 secs] 355677K->240799K(494976K), 0.0629660 secs] [Times: user=0.06 sys=0.00, real=0.06 secs] 
2018-03-23T16:57:13.192+0000: 471.622: [GC (Allocation Failure) 2018-03-23T16:57:13.192+0000: 471.622: [DefNew: 153599K->17024K(153600K), 0.0522473 secs] 377375K->262834K(494976K), 0.0523247 secs] [Times: user=0.04 sys=0.01, real=0.05 secs] 
2018-03-23T16:57:26.967+0000: 485.397: [GC (Allocation Failure) 2018-03-23T16:57:26.967+0000: 485.397: [DefNew: 153600K->17024K(153600K), 0.0559840 secs] 399410K->283221K(494976K), 0.0560600 secs] [Times: user=0.05 sys=0.00, real=0.06 secs] 
2018-03-23T16:57:39.861+0000: 498.291: [GC (Allocation Failure) 2018-03-23T16:57:39.861+0000: 498.291: [DefNew: 153600K->17023K(153600K), 0.0509635 secs] 419797K->303370K(494976K), 0.0510376 secs] [Times: user=0.05 sys=0.01, real=0.06 secs] 
2018-03-23T16:57:53.585+0000: 512.015: [GC (Allocation Failure) 2018-03-23T16:57:53.585+0000: 512.015: [DefNew: 153599K->17024K(153600K), 0.0554611 secs] 439946K->324436K(494976K), 0.0555303 secs] [Times: user=0.04 sys=0.02, real=0.05 secs] 
2018-03-23T16:58:05.434+0000: 523.864: [GC (Allocation Failure) 2018-03-23T16:58:05.434+0000: 523.864: [DefNew: 153600K->17023K(153600K), 0.0571505 secs] 461012K->345589K(494976K), 0.0572198 secs] [Times: user=0.04 sys=0.02, real=0.06 secs] 
16:58:11.934 [Client] INFO  c.s.f.r.e.s.SocketRear  - FlameSocketGraphDeployerRear@10.0.0.218: has been disconnected from Connection 5
16:58:23.518 [worker-akka.actor.default-dispatcher-11] INFO  a.a.CoordinatedShutdown CoordinatedShutdown(akka://worker) - Starting coordinated shutdown from JVM shutdown hook
16:58:23.539 [worker-akka.actor.default-dispatcher-10] INFO  a.a.LocalActorRef akka://worker/user/watcher/graph/edge/FlameSocketGraphDeployerFront - Stopped
16:58:23.539 [worker-akka.actor.default-dispatcher-10] INFO  a.a.LocalActorRef akka://worker/user/watcher/graph/negotiator - Stopped
16:58:23.539 [worker-akka.actor.default-dispatcher-10] INFO  a.a.LocalActorRef akka://worker/user/watcher/graph/edge/FlameSocketGraphDeployerRear - Stopped
16:58:23.544 [worker-akka.actor.default-dispatcher-12] INFO  a.a.LocalActorRef akka://worker/user/watcher/graph/graph/$a - Stopped
16:58:23.545 [worker-akka.actor.default-dispatcher-12] INFO  a.a.LocalActorRef akka://worker/user/watcher/graph/graph/$b - Stopped
16:58:23.545 [worker-akka.actor.default-dispatcher-12] INFO  a.a.LocalActorRef akka://worker/user/watcher/graph/graph/$c - Stopped
16:58:23.545 [worker-akka.actor.default-dispatcher-12] INFO  a.a.LocalActorRef akka://worker/user/watcher/graph/edge - Stopped
16:58:23.548 [worker-akka.actor.default-dispatcher-2] INFO  a.a.LocalActorRef akka://worker/user/watcher/graph/graph/local-acker/$a - Stopped
16:58:23.551 [worker-akka.actor.default-dispatcher-9] INFO  a.a.LocalActorRef akka://worker/user/watcher/graph/graph/local-acker - Stopped
16:58:23.551 [worker-akka.actor.default-dispatcher-9] INFO  a.a.LocalActorRef akka://worker/user/watcher/graph/graph - Stopped
16:58:23.551 [worker-akka.actor.default-dispatcher-9] INFO  a.a.LocalActorRef akka://worker/user/watcher/graph - Stopped
16:58:23.553 [worker-akka.actor.default-dispatcher-16] INFO  a.a.RepointableActorRef akka://worker/user/watcher - Stopped
16:58:23.554 [worker-akka.actor.default-dispatcher-3] INFO  a.a.LocalActorRef akka://worker/user/watcher/graph/graph/local-acker/$a - Message [com.spbsu.flamestream.runtime.utils.akka.PingActor$InnerPing] from Actor[akka://worker/user/watcher/graph/graph/local-acker/$a#-1271275465] to Actor[akka://worker/user/watcher/graph/graph/local-acker/$a#-1271275465] was not delivered. [1] dead letters encountered. This logging can be turned off or adjusted with configuration settings 'akka.log-dead-letters' and 'akka.log-dead-letters-during-shutdown'.
16:58:23.554 [worker-akka.actor.default-dispatcher-3] INFO  a.a.LocalActorRef akka://worker/user/watcher/graph/graph/local-acker/$a - Message [com.spbsu.flamestream.runtime.utils.akka.PingActor$Stop] from Actor[akka://worker/user/watcher/graph/graph/local-acker#-543576146] to Actor[akka://worker/user/watcher/graph/graph/local-acker/$a#-1271275465] was not delivered. [2] dead letters encountered. This logging can be turned off or adjusted with configuration settings 'akka.log-dead-letters' and 'akka.log-dead-letters-during-shutdown'.
16:58:23.554 [worker-akka.actor.default-dispatcher-3] INFO  a.a.LocalActorRef akka://worker/user/watcher/graph/graph/local-acker - Message [com.spbsu.flamestream.runtime.acker.LocalAcker$Flush] from Actor[akka://worker/user/watcher/graph/graph/local-acker/$a#-1271275465] to Actor[akka://worker/user/watcher/graph/graph/local-acker#-543576146] was not delivered. [3] dead letters encountered. This logging can be turned off or adjusted with configuration settings 'akka.log-dead-letters' and 'akka.log-dead-letters-during-shutdown'.
16:58:23.562 [worker-akka.actor.default-dispatcher-5-EventThread] INFO  o.a.z.ClientCnxn  - EventThread shut down for session: 0x16253c2d3b8000a
16:58:23.562 [worker-akka.actor.default-dispatcher-9] INFO  o.a.z.ZooKeeper  - Session: 0x16253c2d3b8000a closed
16:58:23.569 [worker-akka.actor.default-dispatcher-17] INFO  a.r.RemoteActorRefProvider$RemotingTerminator akka://worker@10.0.0.218:5412/system/remoting-terminator - Shutting down remote daemon.
16:58:23.571 [worker-akka.actor.default-dispatcher-17] INFO  a.r.RemoteActorRefProvider$RemotingTerminator akka://worker@10.0.0.218:5412/system/remoting-terminator - Remote daemon shut down; proceeding with flushing remote transports.
16:58:24.705 [worker-akka.actor.default-dispatcher-12] INFO  a.r.RemoteActorRefProvider$RemotingTerminator akka://worker@10.0.0.218:5412/system/remoting-terminator - Remoting shut down.
Heap
 def new generation   total 153600K, used 106092K [0x00000000e0c00000, 0x00000000eb2a0000, 0x00000000eb2a0000)
  eden space 136576K,  65% used [0x00000000e0c00000, 0x00000000e62fb318, 0x00000000e9160000)
  from space 17024K,  99% used [0x00000000e9160000, 0x00000000ea1ffff0, 0x00000000ea200000)
  to   space 17024K,   0% used [0x00000000ea200000, 0x00000000ea200000, 0x00000000eb2a0000)
 tenured generation   total 341376K, used 328565K [0x00000000eb2a0000, 0x0000000100000000, 0x0000000100000000)
   the space 341376K,  96% used [0x00000000eb2a0000, 0x00000000ff37d610, 0x00000000ff37d800, 0x0000000100000000)
 Metaspace       used 34023K, capacity 34894K, committed 35200K, reserved 1079296K
  class space    used 4479K, capacity 4664K, committed 4736K, reserved 1048576K
