10:15:15.144 [worker-akka.actor.default-dispatcher-2] INFO  a.e.s.Slf4jLogger  - Slf4jLogger started
2018-02-23T10:15:15.301+0000: 1.809: [Full GC (Metadata GC Threshold) 2018-02-23T10:15:15.301+0000: 1.809: [Tenured: 0K->15407K(341376K), 0.0375429 secs] 117531K->15407K(494976K), [Metaspace: 20868K->20868K(1067008K)], 0.0376090 secs] [Times: user=0.04 sys=0.00, real=0.04 secs] 
Ama winner
Ama winner
10:15:15.645 [worker-akka.actor.default-dispatcher-2] INFO  a.r.a.ArteryTransport(akka://worker) akka.remote.artery.ArteryTransport(akka://worker) - Started embedded media driver in directory [/dev/shm/aeron-root-worker-3f6def3c-6fe5-46d5-87b1-9e99a3f6c4b5]
10:15:15.855 [worker-akka.actor.default-dispatcher-2] INFO  a.r.a.ArteryTransport(akka://worker) akka.remote.artery.ArteryTransport(akka://worker) - Remoting started; listening on address: [akka://worker@172.31.34.169:5412] with UID [-9103113158447880223]
10:15:15.915 [worker-akka.actor.default-dispatcher-2] INFO  o.a.z.ZooKeeper  - Client environment:zookeeper.version=3.4.9-1757313, built on 08/23/2016 06:50 GMT
10:15:15.915 [worker-akka.actor.default-dispatcher-2] INFO  o.a.z.ZooKeeper  - Client environment:host.name=ip-172-31-34-169.us-east-2.compute.internal
10:15:15.915 [worker-akka.actor.default-dispatcher-2] INFO  o.a.z.ZooKeeper  - Client environment:java.version=1.8.0_151
10:15:15.915 [worker-akka.actor.default-dispatcher-2] INFO  o.a.z.ZooKeeper  - Client environment:java.vendor=Oracle Corporation
10:15:15.915 [worker-akka.actor.default-dispatcher-2] INFO  o.a.z.ZooKeeper  - Client environment:java.home=/usr/lib/jvm/java-8-openjdk-amd64/jre
10:15:15.915 [worker-akka.actor.default-dispatcher-2] INFO  o.a.z.ZooKeeper  - Client environment:java.class.path=lib/commons-cli-1.4.jar:lib/minlog-1.3.0.jar:lib/asm-5.0.4.jar:lib/hadoop-annotations-2.7.3.jar:lib/hadoop-auth-2.7.3.jar:lib/akka-slf4j_2.11-2.5.6.jar:lib/jersey-core-1.9.jar:lib/lz4-1.3.0.jar:lib/jackson-core-asl-1.9.13.jar:lib/aeron-client-1.3.0.jar:lib/htrace-core-3.1.0-incubating.jar:lib/xz-1.0.jar:lib/commons-httpclient-3.1.jar:lib/asm-3.1.jar:lib/commons-lang3-3.4.jar:lib/scala-library-2.11.11.jar:lib/scala-java8-compat_2.11-0.7.0.jar:lib/commons-configuration-1.6.jar:lib/objenesis-2.1.jar:lib/jackson-annotations-2.8.0.jar:lib/jsr305-3.0.0.jar:lib/curator-framework-2.7.1.jar:lib/jersey-server-1.9.jar:lib/jets3t-0.9.0.jar:lib/leveldb-0.7.jar:lib/jetty-6.1.26.jar:lib/stax-api-1.0-2.jar:lib/flamestream-core-1.0-SNAPSHOT.jar:lib/reflectasm-1.07-shaded.jar:lib/apacheds-kerberos-codec-2.0.0-M15.jar:lib/api-asn1-api-1.0.0-M20.jar:lib/commons-lang-2.6.jar:lib/commons-beanutils-1.7.0.jar:lib/jackson-xc-1.8.3.jar:lib/jetty-util-6.1.26.jar:lib/logback-classic-1.2.3.jar:lib/jool-0.9.12.jar:lib/flamestream-runtime-1.0-SNAPSHOT-tests.jar:lib/httpcore-4.1.2.jar:lib/kryo-4.0.0.jar:lib/ant-1.8.1.jar:lib/jaxb-impl-2.2.3-1.jar:lib/jersey-json-1.9.jar:lib/commons-compress-1.4.1.jar:lib/leveldbjni-all-1.8.jar:lib/paranamer-2.3.jar:lib/jackson-core-2.8.4.jar:lib/commons-math3-3.6.1.jar:lib/scala-parser-combinators_2.11-1.0.4.jar:lib/netty-3.10.6.Final.jar:lib/trove4j-3.0.3.jar:lib/jaxb-api-2.2.2.jar:lib/logback-core-1.2.3.jar:lib/snappy-java-1.0.4.1.jar:lib/protobuf-java-2.5.0.jar:lib/reactive-streams-1.0.1.jar:lib/flamestream-examples-1.0-SNAPSHOT.jar:lib/commons-codec-1.4.jar:lib/activation-1.1.jar:lib/commons-net-3.1.jar:lib/curator-recipes-2.7.1.jar:lib/jackson-mapper-asl-1.9.13.jar:lib/jackson-databind-2.8.4.jar:lib/flamestream-runtime-1.0-SNAPSHOT.jar:lib/jackson-jaxrs-1.8.3.jar:lib/slf4j-api-1.7.24.jar:lib/akka-remote_2.11-2.5.6.jar:lib/akka-testkit_2.11-2.5.6.jar:lib/jline-0.9.94.jar:lib/akka-stream_2.11-2.5.6.jar:lib/jsp-api-2.1.jar:lib/kryonet-2.21.jar:lib/akka-kryo-serialization_2.11-0.5.0.jar:lib/config-1.3.1.jar:lib/ant-launcher-1.8.1.jar:lib/commons-logging-1.2.jar:lib/ssl-config-core_2.11-0.2.2.jar:lib/testng-6.10.jar:lib/leveldb-api-0.7.jar:lib/reflectasm-1.11.3.jar:lib/jcommander-1.48.jar:lib/commons-1.1.jar:lib/commons-digester-1.8.jar:lib/minlog-1.2.jar:lib/java-xmlbuilder-0.4.jar:lib/jettison-1.1.jar:lib/gson-2.2.4.jar:lib/jdk.tools-1.8.jar:lib/aeron-driver-1.3.0.jar:lib/zookeeper-3.4.9.jar:lib/commons-beanutils-core-1.8.0.jar:lib/commons-math3-3.1.1.jar:lib/akka-actor_2.11-2.5.6.jar:lib/curator-client-2.7.1.jar:lib/servlet-api-2.5.jar:lib/apacheds-i18n-2.0.0-M15.jar:lib/commons-io-2.4.jar:lib/commons-codec-1.6.jar:lib/akka-protobuf_2.11-2.5.6.jar:lib/jdom-2.0.2.jar:lib/api-util-1.0.0-M20.jar:lib/hadoop-common-2.7.3.jar:lib/agrona-0.9.6.jar:lib/xmlenc-0.52.jar:lib/guava-21.0.jar:lib/commons-collections-3.2.2.jar:lib/avro-1.7.4.jar:lib/httpclient-4.1.2.jar:lib/flamestream-core-1.0-SNAPSHOT-tests.jar:lib/annotations-12.0.jar:lib/jsch-0.1.42.jar:flamestream-runtime-1.0-SNAPSHOT.jar
10:15:15.916 [worker-akka.actor.default-dispatcher-2] INFO  o.a.z.ZooKeeper  - Client environment:java.library.path=/usr/java/packages/lib/amd64:/usr/lib/x86_64-linux-gnu/jni:/lib/x86_64-linux-gnu:/usr/lib/x86_64-linux-gnu:/usr/lib/jni:/lib:/usr/lib
10:15:15.916 [worker-akka.actor.default-dispatcher-2] INFO  o.a.z.ZooKeeper  - Client environment:java.io.tmpdir=/tmp
10:15:15.916 [worker-akka.actor.default-dispatcher-2] INFO  o.a.z.ZooKeeper  - Client environment:java.compiler=<NA>
10:15:15.916 [worker-akka.actor.default-dispatcher-2] INFO  o.a.z.ZooKeeper  - Client environment:os.name=Linux
10:15:15.916 [worker-akka.actor.default-dispatcher-2] INFO  o.a.z.ZooKeeper  - Client environment:os.arch=amd64
10:15:15.916 [worker-akka.actor.default-dispatcher-2] INFO  o.a.z.ZooKeeper  - Client environment:os.version=4.4.0-1049-aws
10:15:15.916 [worker-akka.actor.default-dispatcher-2] INFO  o.a.z.ZooKeeper  - Client environment:user.name=root
10:15:15.917 [worker-akka.actor.default-dispatcher-2] INFO  o.a.z.ZooKeeper  - Client environment:user.home=/root
10:15:15.917 [worker-akka.actor.default-dispatcher-2] INFO  o.a.z.ZooKeeper  - Client environment:user.dir=/opt/flamestream
10:15:15.919 [worker-akka.actor.default-dispatcher-2] INFO  o.a.z.ZooKeeper  - Initiating client connection, connectString=172.31.34.147:2181 sessionTimeout=5000 watcher=com.spbsu.flamestream.runtime.application.LifecycleWatcher$$Lambda$29/764839090@3d5d5f13
10:15:15.937 [worker-akka.actor.default-dispatcher-2] INFO  a.a.RepointableActorRef akka://worker/user/watcher - Starting...
10:15:15.940 [worker-akka.actor.default-dispatcher-2-SendThread(172.31.34.147:2181)] INFO  o.a.z.ClientCnxn  - Opening socket connection to server 172.31.34.147/172.31.34.147:2181. Will not attempt to authenticate using SASL (unknown error)
10:15:15.943 [worker-akka.actor.default-dispatcher-2-SendThread(172.31.34.147:2181)] INFO  o.a.z.ClientCnxn  - Socket connection established to 172.31.34.147/172.31.34.147:2181, initiating session
10:15:15.949 [worker-akka.actor.default-dispatcher-2-SendThread(172.31.34.147:2181)] INFO  o.a.z.ClientCnxn  - Session establishment complete on server 172.31.34.147/172.31.34.147:2181, sessionid = 0x161c2283ddd0008, negotiated timeout = 6000
10:15:16.038 [worker-akka.actor.default-dispatcher-2] INFO  a.a.RepointableActorRef akka://worker/user/watcher - Connected to ZK
10:15:22.725 [worker-akka.actor.default-dispatcher-2] INFO  a.a.RepointableActorRef akka://worker/user/watcher - Creating node with watchGraphs: 'com.spbsu.flamestream.core.Graph$Builder$MyGraph@4084ed8a', config: 'ClusterConfig{paths={172.31.33.155=akka://worker@172.31.33.155:5412/user/watcher/graph0000000000, 172.31.47.83=akka://worker@172.31.47.83:5412/user/watcher/graph0000000000, 172.31.45.197=akka://worker@172.31.45.197:5412/user/watcher/graph0000000000, 172.31.42.36=akka://worker@172.31.42.36:5412/user/watcher/graph0000000000, 172.31.44.83=akka://worker@172.31.44.83:5412/user/watcher/graph0000000000, 172.31.39.64=akka://worker@172.31.39.64:5412/user/watcher/graph0000000000, 172.31.35.79=akka://worker@172.31.35.79:5412/user/watcher/graph0000000000, 172.31.34.169=akka://worker@172.31.34.169:5412/user/watcher/graph0000000000, 172.31.47.100=akka://worker@172.31.47.100:5412/user/watcher/graph0000000000, 172.31.37.101=akka://worker@172.31.37.101:5412/user/watcher/graph0000000000}, ackerLocation='172.31.35.79', props=ComputationLayout{ranges={172.31.33.155=HashRange{from=-1670265060, to=-1193046472}, 172.31.47.83=HashRange{from=1670265056, to=2147483644}, 172.31.45.197=HashRange{from=-715827884, to=-238609296}, 172.31.42.36=HashRange{from=1193046468, to=1670265056}, 172.31.44.83=HashRange{from=-238609296, to=238609292}, 172.31.39.64=HashRange{from=715827880, to=1193046468}, 172.31.35.79=HashRange{from=0, to=0}, 172.31.34.169=HashRange{from=-2147483648, to=-1670265060}, 172.31.47.100=HashRange{from=238609292, to=715827880}, 172.31.37.101=HashRange{from=-1193046472, to=-715827884}}}}'
10:15:23.635 [worker-akka.actor.default-dispatcher-2] INFO  a.a.LocalActorRef akka://worker/user/watcher/graph0000000000/graph - Starting...
10:15:23.636 [worker-akka.actor.default-dispatcher-2] INFO  a.a.LocalActorRef akka://worker/user/watcher/graph0000000000/graph/local-acker - Starting...
10:15:23.643 [worker-akka.actor.default-dispatcher-2] INFO  a.a.LocalActorRef akka://worker/user/watcher/graph0000000000/graph/local-acker/$a - Starting...
Warning: space is running low in /dev/shm (tmpfs) threshold=167,772,160 usable=158,621,696
Warning: space is running low in /dev/shm (tmpfs) threshold=167,772,160 usable=146,034,688
Warning: space is running low in /dev/shm (tmpfs) threshold=167,772,160 usable=133,447,680
Warning: space is running low in /dev/shm (tmpfs) threshold=167,772,160 usable=120,860,672
Warning: space is running low in /dev/shm (tmpfs) threshold=167,772,160 usable=108,273,664
Warning: space is running low in /dev/shm (tmpfs) threshold=167,772,160 usable=95,686,656
Warning: space is running low in /dev/shm (tmpfs) threshold=167,772,160 usable=83,099,648
Warning: space is running low in /dev/shm (tmpfs) threshold=167,772,160 usable=70,512,640
10:15:25.162 [worker-akka.actor.default-dispatcher-2] INFO  a.a.LocalActorRef akka://worker/user/watcher/graph0000000000/graph - Finishing constructor
10:15:25.163 [worker-akka.actor.default-dispatcher-2] INFO  a.a.LocalActorRef akka://worker/user/watcher/graph0000000000 - Starting...
10:15:25.226 [worker-akka.actor.default-dispatcher-2] INFO  a.a.LocalActorRef akka://worker/user/watcher/graph0000000000/negotiator - Starting...
10:15:25.226 [worker-akka.actor.default-dispatcher-2] INFO  a.a.LocalActorRef akka://worker/user/watcher/graph0000000000/edge - Starting...
10:15:25.228 [worker-akka.actor.default-dispatcher-2] INFO  a.a.LocalActorRef akka://worker/user/watcher/graph0000000000/graph/$a - Starting...
10:15:25.230 [worker-akka.actor.default-dispatcher-2] INFO  a.a.LocalActorRef akka://worker/user/watcher/graph0000000000/graph/$b - Starting...
10:15:25.231 [worker-akka.actor.default-dispatcher-2] INFO  a.a.LocalActorRef akka://worker/user/watcher/graph0000000000/graph/$c - Starting...
10:15:25.250 [worker-akka.actor.default-dispatcher-2] INFO  c.s.f.r.e.s.SocketRear  - FlameSocketGraphDeployerRear@172.31.34.169: connecting to 172.31.34.147:5678
10:15:25.254 [worker-akka.actor.default-dispatcher-2] INFO  c.s.f.r.e.s.SocketRear  - FlameSocketGraphDeployerRear@172.31.34.169: connected to 172.31.34.147:5678
10:15:25.273 [worker-akka.actor.default-dispatcher-2] INFO  a.a.LocalActorRef akka://worker/user/watcher/graph0000000000/edge/FlameSocketGraphDeployerRear - Starting...
10:15:25.274 [worker-akka.actor.default-dispatcher-2] INFO  a.a.LocalActorRef akka://worker/user/watcher/graph0000000000/edge/FlameSocketGraphDeployerFront - Starting...
10:15:25.275 [worker-akka.actor.default-dispatcher-2] INFO  a.a.LocalActorRef akka://worker/user/watcher/graph0000000000/negotiator - Requesting ticket for the frontClass FlameSocketGraphDeployerFront@172.31.34.169
10:15:25.286 [worker-akka.actor.default-dispatcher-2] INFO  a.a.LocalActorRef akka://worker/user/watcher/graph0000000000/negotiator - Ticket for the frontClass received: FrontTicket{allowedTimestamp=(1519380922738, FlameSocketGraphDeployerFront@172.31.34.169)}
10:15:25.288 [worker-akka.actor.default-dispatcher-2] INFO  c.s.f.r.e.s.SocketFront  - FlameSocketGraphDeployerFront@172.31.34.169: connecting to 172.31.34.147:4567
10:15:25.301 [Client] INFO  c.s.f.r.e.s.SocketFront  - FlameSocketGraphDeployerFront@172.31.34.169 has been disconnected from Connection 8
2018-02-23T10:15:29.228+0000: 15.736: [GC (Allocation Failure) 2018-02-23T10:15:29.228+0000: 15.736: [DefNew: 136576K->16027K(153600K), 0.1084106 secs] 151983K->50965K(494976K), 0.1084789 secs] [Times: user=0.02 sys=0.10, real=0.11 secs] 
2018-02-23T10:15:36.567+0000: 23.076: [GC (Allocation Failure) 2018-02-23T10:15:36.567+0000: 23.076: [DefNew: 152603K->3553K(153600K), 0.0172548 secs] 187541K->46076K(494976K), 0.0173212 secs] [Times: user=0.01 sys=0.00, real=0.02 secs] 
2018-02-23T10:15:46.544+0000: 33.052: [GC (Allocation Failure) 2018-02-23T10:15:46.544+0000: 33.052: [DefNew: 140129K->5390K(153600K), 0.0112867 secs] 182652K->47913K(494976K), 0.0113464 secs] [Times: user=0.01 sys=0.00, real=0.01 secs] 
2018-02-23T10:15:55.710+0000: 42.218: [GC (Allocation Failure) 2018-02-23T10:15:55.710+0000: 42.218: [DefNew: 141966K->7106K(153600K), 0.0156136 secs] 184489K->49628K(494976K), 0.0156774 secs] [Times: user=0.01 sys=0.01, real=0.02 secs] 
2018-02-23T10:16:03.771+0000: 50.279: [GC (Allocation Failure) 2018-02-23T10:16:03.771+0000: 50.279: [DefNew: 143682K->8550K(153600K), 0.0151025 secs] 186204K->51073K(494976K), 0.0151787 secs] [Times: user=0.02 sys=0.00, real=0.02 secs] 
2018-02-23T10:16:10.488+0000: 56.996: [GC (Allocation Failure) 2018-02-23T10:16:10.488+0000: 56.996: [DefNew: 145126K->8544K(153600K), 0.0166310 secs] 187649K->52510K(494976K), 0.0166963 secs] [Times: user=0.02 sys=0.00, real=0.02 secs] 
2018-02-23T10:16:19.987+0000: 66.495: [GC (Allocation Failure) 2018-02-23T10:16:19.987+0000: 66.495: [DefNew: 145120K->8819K(153600K), 0.0253825 secs] 189086K->53979K(494976K), 0.0254624 secs] [Times: user=0.01 sys=0.02, real=0.02 secs] 
2018-02-23T10:16:29.980+0000: 76.488: [GC (Allocation Failure) 2018-02-23T10:16:29.980+0000: 76.488: [DefNew: 145395K->8355K(153600K), 0.0174740 secs] 190555K->54966K(494976K), 0.0175393 secs] [Times: user=0.02 sys=0.00, real=0.02 secs] 
2018-02-23T10:16:43.155+0000: 89.664: [GC (Allocation Failure) 2018-02-23T10:16:43.155+0000: 89.664: [DefNew: 144931K->10174K(153600K), 0.0156243 secs] 191542K->56784K(494976K), 0.0157080 secs] [Times: user=0.01 sys=0.00, real=0.01 secs] 
2018-02-23T10:16:51.291+0000: 97.800: [GC (Allocation Failure) 2018-02-23T10:16:51.291+0000: 97.800: [DefNew: 146750K->8955K(153600K), 0.0283591 secs] 193360K->57898K(494976K), 0.0284350 secs] [Times: user=0.02 sys=0.00, real=0.03 secs] 
2018-02-23T10:17:00.853+0000: 107.361: [GC (Allocation Failure) 2018-02-23T10:17:00.853+0000: 107.361: [DefNew: 145531K->8737K(153600K), 0.0161801 secs] 194474K->58841K(494976K), 0.0162536 secs] [Times: user=0.01 sys=0.00, real=0.02 secs] 
2018-02-23T10:17:12.167+0000: 118.676: [GC (Allocation Failure) 2018-02-23T10:17:12.167+0000: 118.676: [DefNew: 145313K->9086K(153600K), 0.0266075 secs] 195417K->60358K(494976K), 0.0266704 secs] [Times: user=0.02 sys=0.02, real=0.03 secs] 
2018-02-23T10:17:22.019+0000: 128.527: [GC (Allocation Failure) 2018-02-23T10:17:22.019+0000: 128.527: [DefNew: 145662K->9270K(153600K), 0.0181225 secs] 196934K->62037K(494976K), 0.0181834 secs] [Times: user=0.02 sys=0.00, real=0.02 secs] 
2018-02-23T10:17:34.355+0000: 140.863: [GC (Allocation Failure) 2018-02-23T10:17:34.355+0000: 140.863: [DefNew: 145846K->8981K(153600K), 0.0163158 secs] 198613K->62751K(494976K), 0.0164002 secs] [Times: user=0.02 sys=0.00, real=0.01 secs] 
2018-02-23T10:17:44.267+0000: 150.775: [GC (Allocation Failure) 2018-02-23T10:17:44.267+0000: 150.775: [DefNew: 145557K->9279K(153600K), 0.0187040 secs] 199327K->64135K(494976K), 0.0187655 secs] [Times: user=0.02 sys=0.01, real=0.02 secs] 
2018-02-23T10:17:55.491+0000: 162.000: [GC (Allocation Failure) 2018-02-23T10:17:55.491+0000: 162.000: [DefNew: 145855K->9014K(153600K), 0.0156907 secs] 200711K->64877K(494976K), 0.0157529 secs] [Times: user=0.02 sys=0.00, real=0.02 secs] 
2018-02-23T10:18:05.349+0000: 171.858: [GC (Allocation Failure) 2018-02-23T10:18:05.349+0000: 171.858: [DefNew: 145590K->9642K(153600K), 0.0229210 secs] 201453K->66629K(494976K), 0.0229931 secs] [Times: user=0.02 sys=0.01, real=0.02 secs] 
2018-02-23T10:18:12.706+0000: 179.214: [GC (Allocation Failure) 2018-02-23T10:18:12.706+0000: 179.214: [DefNew: 146218K->9128K(153600K), 0.0159716 secs] 203205K->67272K(494976K), 0.0160403 secs] [Times: user=0.02 sys=0.00, real=0.02 secs] 
2018-02-23T10:18:22.814+0000: 189.322: [GC (Allocation Failure) 2018-02-23T10:18:22.814+0000: 189.322: [DefNew: 145704K->9442K(153600K), 0.0239843 secs] 203848K->68718K(494976K), 0.0240450 secs] [Times: user=0.01 sys=0.02, real=0.02 secs] 
2018-02-23T10:18:34.679+0000: 201.187: [GC (Allocation Failure) 2018-02-23T10:18:34.679+0000: 201.187: [DefNew: 146018K->9441K(153600K), 0.0164353 secs] 205294K->69778K(494976K), 0.0165172 secs] [Times: user=0.01 sys=0.00, real=0.02 secs] 
2018-02-23T10:18:45.458+0000: 211.966: [GC (Allocation Failure) 2018-02-23T10:18:45.458+0000: 211.966: [DefNew: 146017K->9466K(153600K), 0.0168290 secs] 206354K->70858K(494976K), 0.0169014 secs] [Times: user=0.02 sys=0.00, real=0.02 secs] 
2018-02-23T10:18:55.551+0000: 222.059: [GC (Allocation Failure) 2018-02-23T10:18:55.551+0000: 222.059: [DefNew: 146042K->9017K(153600K), 0.0194433 secs] 207434K->72469K(494976K), 0.0195079 secs] [Times: user=0.02 sys=0.00, real=0.02 secs] 
2018-02-23T10:19:03.278+0000: 229.786: [GC (Allocation Failure) 2018-02-23T10:19:03.278+0000: 229.786: [DefNew: 145593K->9358K(153600K), 0.0162998 secs] 209045K->73941K(494976K), 0.0163596 secs] [Times: user=0.02 sys=0.00, real=0.02 secs] 
2018-02-23T10:19:12.494+0000: 239.002: [GC (Allocation Failure) 2018-02-23T10:19:12.494+0000: 239.002: [DefNew: 145934K->10172K(153600K), 0.0267018 secs] 210517K->75980K(494976K), 0.0267693 secs] [Times: user=0.02 sys=0.01, real=0.02 secs] 
2018-02-23T10:19:22.311+0000: 248.819: [GC (Allocation Failure) 2018-02-23T10:19:22.311+0000: 248.819: [DefNew: 146748K->8819K(153600K), 0.0189496 secs] 212556K->77442K(494976K), 0.0190215 secs] [Times: user=0.02 sys=0.00, real=0.02 secs] 
2018-02-23T10:19:30.275+0000: 256.784: [GC (Allocation Failure) 2018-02-23T10:19:30.275+0000: 256.784: [DefNew: 145395K->8294K(153600K), 0.0260730 secs] 214018K->79146K(494976K), 0.0261482 secs] [Times: user=0.00 sys=0.02, real=0.03 secs] 
2018-02-23T10:19:39.968+0000: 266.476: [GC (Allocation Failure) 2018-02-23T10:19:39.968+0000: 266.477: [DefNew: 144870K->9511K(153600K), 0.0147837 secs] 215722K->80363K(494976K), 0.0148575 secs] [Times: user=0.01 sys=0.00, real=0.02 secs] 
2018-02-23T10:19:50.453+0000: 276.961: [GC (Allocation Failure) 2018-02-23T10:19:50.453+0000: 276.961: [DefNew: 146087K->9921K(153600K), 0.0170840 secs] 216939K->81976K(494976K), 0.0171534 secs] [Times: user=0.01 sys=0.00, real=0.02 secs] 
2018-02-23T10:20:01.102+0000: 287.610: [GC (Allocation Failure) 2018-02-23T10:20:01.102+0000: 287.610: [DefNew: 146497K->8688K(153600K), 0.0282716 secs] 218552K->83222K(494976K), 0.0283390 secs] [Times: user=0.02 sys=0.01, real=0.02 secs] 
2018-02-23T10:20:10.190+0000: 296.698: [GC (Allocation Failure) 2018-02-23T10:20:10.190+0000: 296.698: [DefNew: 145264K->8904K(153600K), 0.0245066 secs] 219798K->84955K(494976K), 0.0245688 secs] [Times: user=0.00 sys=0.03, real=0.03 secs] 
2018-02-23T10:20:21.089+0000: 307.598: [GC (Allocation Failure) 2018-02-23T10:20:21.089+0000: 307.598: [DefNew: 145480K->9150K(153600K), 0.0213975 secs] 221531K->86556K(494976K), 0.0214620 secs] [Times: user=0.01 sys=0.02, real=0.02 secs] 
2018-02-23T10:20:27.709+0000: 314.217: [GC (Allocation Failure) 2018-02-23T10:20:27.709+0000: 314.217: [DefNew: 145726K->9051K(153600K), 0.0151116 secs] 223132K->88125K(494976K), 0.0151765 secs] [Times: user=0.01 sys=0.00, real=0.02 secs] 
2018-02-23T10:20:36.774+0000: 323.282: [GC (Allocation Failure) 2018-02-23T10:20:36.774+0000: 323.282: [DefNew: 145627K->9630K(153600K), 0.0228167 secs] 224701K->90318K(494976K), 0.0228963 secs] [Times: user=0.01 sys=0.02, real=0.02 secs] 
2018-02-23T10:20:47.168+0000: 333.677: [GC (Allocation Failure) 2018-02-23T10:20:47.168+0000: 333.677: [DefNew: 146206K->9654K(153600K), 0.0162733 secs] 226894K->92001K(494976K), 0.0163374 secs] [Times: user=0.01 sys=0.00, real=0.02 secs] 
2018-02-23T10:20:55.807+0000: 342.316: [GC (Allocation Failure) 2018-02-23T10:20:55.807+0000: 342.316: [DefNew: 146230K->9665K(153600K), 0.0158644 secs] 228577K->93299K(494976K), 0.0159262 secs] [Times: user=0.02 sys=0.00, real=0.02 secs] 
2018-02-23T10:21:05.335+0000: 351.844: [GC (Allocation Failure) 2018-02-23T10:21:05.336+0000: 351.844: [DefNew: 146241K->9753K(153600K), 0.0168253 secs] 229875K->95038K(494976K), 0.0168993 secs] [Times: user=0.01 sys=0.00, real=0.01 secs] 
2018-02-23T10:21:15.582+0000: 362.091: [GC (Allocation Failure) 2018-02-23T10:21:15.582+0000: 362.091: [DefNew: 146329K->9728K(153600K), 0.0162734 secs] 231614K->96388K(494976K), 0.0163339 secs] [Times: user=0.00 sys=0.00, real=0.01 secs] 
2018-02-23T10:21:24.335+0000: 370.843: [GC (Allocation Failure) 2018-02-23T10:21:24.335+0000: 370.843: [DefNew: 146304K->9909K(153600K), 0.0166073 secs] 232964K->98166K(494976K), 0.0166716 secs] [Times: user=0.01 sys=0.00, real=0.01 secs] 
2018-02-23T10:21:33.887+0000: 380.395: [GC (Allocation Failure) 2018-02-23T10:21:33.887+0000: 380.395: [DefNew: 146485K->9812K(153600K), 0.0211010 secs] 234742K->99599K(494976K), 0.0211670 secs] [Times: user=0.02 sys=0.01, real=0.02 secs] 
2018-02-23T10:21:44.460+0000: 390.968: [GC (Allocation Failure) 2018-02-23T10:21:44.460+0000: 390.968: [DefNew: 146388K->10119K(153600K), 0.0170733 secs] 236175K->101324K(494976K), 0.0171394 secs] [Times: user=0.01 sys=0.00, real=0.02 secs] 
2018-02-23T10:21:53.724+0000: 400.232: [GC (Allocation Failure) 2018-02-23T10:21:53.724+0000: 400.232: [DefNew: 146695K->10232K(153600K), 0.0163712 secs] 237900K->102873K(494976K), 0.0164561 secs] [Times: user=0.01 sys=0.00, real=0.01 secs] 
2018-02-23T10:22:00.334+0000: 406.842: [GC (Allocation Failure) 2018-02-23T10:22:00.334+0000: 406.842: [DefNew: 146808K->10408K(153600K), 0.0178146 secs] 239449K->104792K(494976K), 0.0178780 secs] [Times: user=0.01 sys=0.00, real=0.01 secs] 
2018-02-23T10:22:10.401+0000: 416.909: [GC (Allocation Failure) 2018-02-23T10:22:10.401+0000: 416.909: [DefNew: 146984K->10154K(153600K), 0.0164968 secs] 241368K->105995K(494976K), 0.0165802 secs] [Times: user=0.01 sys=0.00, real=0.02 secs] 
2018-02-23T10:22:19.282+0000: 425.791: [GC (Allocation Failure) 2018-02-23T10:22:19.282+0000: 425.791: [DefNew: 146730K->10537K(153600K), 0.0163943 secs] 242571K->107641K(494976K), 0.0164593 secs] [Times: user=0.01 sys=0.00, real=0.01 secs] 
10:22:19.903 [Client] INFO  c.s.f.r.e.s.SocketRear  - FlameSocketGraphDeployerRear@172.31.34.169: has been disconnected from Connection 8
10:22:32.631 [worker-akka.actor.default-dispatcher-2] INFO  a.a.CoordinatedShutdown CoordinatedShutdown(akka://worker) - Starting coordinated shutdown from JVM shutdown hook
10:22:32.674 [worker-akka.actor.default-dispatcher-2] INFO  a.a.LocalActorRef akka://worker/user/watcher/graph0000000000/negotiator - Stopped
10:22:32.674 [worker-akka.actor.default-dispatcher-2] INFO  a.a.LocalActorRef akka://worker/user/watcher/graph0000000000/edge/FlameSocketGraphDeployerFront - Stopped
10:22:32.675 [worker-akka.actor.default-dispatcher-2] INFO  a.a.LocalActorRef akka://worker/user/watcher/graph0000000000/graph/local-acker/$a - Stopped
10:22:32.675 [worker-akka.actor.default-dispatcher-2] INFO  a.a.LocalActorRef akka://worker/user/watcher/graph0000000000/edge/FlameSocketGraphDeployerRear - Stopped
10:22:32.676 [worker-akka.actor.default-dispatcher-2] INFO  a.a.LocalActorRef akka://worker/user/watcher/graph0000000000/graph/$a - Stopped
10:22:32.677 [worker-akka.actor.default-dispatcher-2] INFO  a.a.LocalActorRef akka://worker/user/watcher/graph0000000000/graph/$b - Stopped
10:22:32.677 [worker-akka.actor.default-dispatcher-2] INFO  a.a.LocalActorRef akka://worker/user/watcher/graph0000000000/graph/$c - Stopped
10:22:32.683 [worker-akka.actor.default-dispatcher-2] INFO  a.a.LocalActorRef akka://worker/user/watcher/graph0000000000/graph/local-acker/$a - Message [com.spbsu.flamestream.runtime.utils.akka.PingActor$InnerPing] from Actor[akka://worker/user/watcher/graph0000000000/graph/local-acker/$a#-1488595696] to Actor[akka://worker/user/watcher/graph0000000000/graph/local-acker/$a#-1488595696] was not delivered. [1] dead letters encountered. This logging can be turned off or adjusted with configuration settings 'akka.log-dead-letters' and 'akka.log-dead-letters-during-shutdown'.
10:22:32.684 [worker-akka.actor.default-dispatcher-2] INFO  a.a.LocalActorRef akka://worker/user/watcher/graph0000000000/edge - Stopped
10:22:32.685 [worker-akka.actor.default-dispatcher-2] INFO  a.a.LocalActorRef akka://worker/user/watcher/graph0000000000/graph/local-acker - Stopped
10:22:32.686 [worker-akka.actor.default-dispatcher-2] INFO  a.a.LocalActorRef akka://worker/user/watcher/graph0000000000/graph - Stopped
10:22:32.686 [worker-akka.actor.default-dispatcher-2] INFO  a.a.LocalActorRef akka://worker/user/watcher/graph0000000000 - Stopped
10:22:32.692 [worker-akka.actor.default-dispatcher-2-EventThread] INFO  o.a.z.ClientCnxn  - EventThread shut down for session: 0x161c2283ddd0008
10:22:32.692 [worker-akka.actor.default-dispatcher-2] INFO  o.a.z.ZooKeeper  - Session: 0x161c2283ddd0008 closed
10:22:32.695 [worker-akka.actor.default-dispatcher-2] INFO  a.a.RepointableActorRef akka://worker/user/watcher - Stopped
10:22:32.695 [worker-akka.actor.default-dispatcher-2] INFO  a.a.LocalActorRef akka://worker/user/watcher/graph0000000000/graph/local-acker/$a - Message [com.spbsu.flamestream.runtime.utils.akka.PingActor$Stop] from Actor[akka://worker/user/watcher/graph0000000000/graph/local-acker#-1381497584] to Actor[akka://worker/user/watcher/graph0000000000/graph/local-acker/$a#-1488595696] was not delivered. [2] dead letters encountered. This logging can be turned off or adjusted with configuration settings 'akka.log-dead-letters' and 'akka.log-dead-letters-during-shutdown'.
10:22:32.695 [worker-akka.actor.default-dispatcher-2] INFO  a.a.LocalActorRef akka://worker/user/watcher/graph0000000000/graph/local-acker - Message [com.spbsu.flamestream.runtime.acker.LocalAcker$Flush] from Actor[akka://worker/user/watcher/graph0000000000/graph/local-acker#-1381497584] to Actor[akka://worker/user/watcher/graph0000000000/graph/local-acker#-1381497584] was not delivered. [3] dead letters encountered. This logging can be turned off or adjusted with configuration settings 'akka.log-dead-letters' and 'akka.log-dead-letters-during-shutdown'.
10:22:32.696 [worker-akka.actor.default-dispatcher-2] INFO  a.a.LocalActorRef akka://worker/user/watcher/graph0000000000/graph/local-acker - Message [com.spbsu.flamestream.runtime.acker.LocalAcker$Flush] from Actor[akka://worker/user/watcher/graph0000000000/graph/local-acker#-1381497584] to Actor[akka://worker/user/watcher/graph0000000000/graph/local-acker#-1381497584] was not delivered. [4] dead letters encountered. This logging can be turned off or adjusted with configuration settings 'akka.log-dead-letters' and 'akka.log-dead-letters-during-shutdown'.
10:22:32.696 [worker-akka.actor.default-dispatcher-2] INFO  a.a.LocalActorRef akka://worker/user/watcher/graph0000000000/graph/local-acker - Message [com.spbsu.flamestream.runtime.acker.LocalAcker$Flush] from Actor[akka://worker/user/watcher/graph0000000000/graph/local-acker#-1381497584] to Actor[akka://worker/user/watcher/graph0000000000/graph/local-acker#-1381497584] was not delivered. [5] dead letters encountered. This logging can be turned off or adjusted with configuration settings 'akka.log-dead-letters' and 'akka.log-dead-letters-during-shutdown'.
10:22:32.698 [worker-akka.actor.default-dispatcher-2] INFO  a.a.LocalActorRef akka://worker/user/watcher/graph0000000000/graph/local-acker - Message [com.spbsu.flamestream.runtime.acker.LocalAcker$Flush] from Actor[akka://worker/user/watcher/graph0000000000/graph/local-acker#-1381497584] to Actor[akka://worker/user/watcher/graph0000000000/graph/local-acker#-1381497584] was not delivered. [6] dead letters encountered. This logging can be turned off or adjusted with configuration settings 'akka.log-dead-letters' and 'akka.log-dead-letters-during-shutdown'.
10:22:32.699 [worker-akka.actor.default-dispatcher-2] INFO  a.a.LocalActorRef akka://worker/user/watcher/graph0000000000/graph/local-acker - Message [com.spbsu.flamestream.runtime.acker.LocalAcker$Flush] from Actor[akka://worker/user/watcher/graph0000000000/graph/local-acker#-1381497584] to Actor[akka://worker/user/watcher/graph0000000000/graph/local-acker#-1381497584] was not delivered. [7] dead letters encountered. This logging can be turned off or adjusted with configuration settings 'akka.log-dead-letters' and 'akka.log-dead-letters-during-shutdown'.
10:22:32.699 [worker-akka.actor.default-dispatcher-2] INFO  a.a.LocalActorRef akka://worker/user/watcher/graph0000000000/graph/local-acker - Message [com.spbsu.flamestream.runtime.acker.LocalAcker$Flush] from Actor[akka://worker/user/watcher/graph0000000000/graph/local-acker#-1381497584] to Actor[akka://worker/user/watcher/graph0000000000/graph/local-acker#-1381497584] was not delivered. [8] dead letters encountered. This logging can be turned off or adjusted with configuration settings 'akka.log-dead-letters' and 'akka.log-dead-letters-during-shutdown'.
10:22:32.700 [worker-akka.actor.default-dispatcher-2] INFO  a.a.LocalActorRef akka://worker/user/watcher/graph0000000000/graph/local-acker - Message [com.spbsu.flamestream.runtime.acker.LocalAcker$Flush] from Actor[akka://worker/user/watcher/graph0000000000/graph/local-acker#-1381497584] to Actor[akka://worker/user/watcher/graph0000000000/graph/local-acker#-1381497584] was not delivered. [9] dead letters encountered. This logging can be turned off or adjusted with configuration settings 'akka.log-dead-letters' and 'akka.log-dead-letters-during-shutdown'.
10:22:32.711 [worker-akka.actor.default-dispatcher-2] INFO  a.r.RemoteActorRefProvider$RemotingTerminator akka://worker@172.31.34.169:5412/system/remoting-terminator - Shutting down remote daemon.
10:22:32.714 [worker-akka.actor.default-dispatcher-2] INFO  a.r.RemoteActorRefProvider$RemotingTerminator akka://worker@172.31.34.169:5412/system/remoting-terminator - Remote daemon shut down; proceeding with flushing remote transports.
10:22:33.900 [worker-akka.actor.default-dispatcher-2] INFO  a.r.RemoteActorRefProvider$RemotingTerminator akka://worker@172.31.34.169:5412/system/remoting-terminator - Remoting shut down.
Heap
 def new generation   total 153600K, used 33910K [0x00000000e0c00000, 0x00000000eb2a0000, 0x00000000eb2a0000)
  eden space 136576K,  17% used [0x00000000e0c00000, 0x00000000e22d3320, 0x00000000e9160000)
  from space 17024K,  61% used [0x00000000e9160000, 0x00000000e9baa5f8, 0x00000000ea200000)
  to   space 17024K,   0% used [0x00000000ea200000, 0x00000000ea200000, 0x00000000eb2a0000)
 tenured generation   total 341376K, used 97103K [0x00000000eb2a0000, 0x0000000100000000, 0x0000000100000000)
   the space 341376K,  28% used [0x00000000eb2a0000, 0x00000000f1173f50, 0x00000000f1174000, 0x0000000100000000)
 Metaspace       used 33445K, capacity 34286K, committed 34688K, reserved 1079296K
  class space    used 4456K, capacity 4624K, committed 4736K, reserved 1048576K
