13:45:01.271 [worker-akka.actor.default-dispatcher-2] INFO  a.e.s.Slf4jLogger  - Slf4jLogger started
2018-02-19T13:45:01.451+0000: 2.750: [Full GC (Metadata GC Threshold) 2018-02-19T13:45:01.451+0000: 2.750: [Tenured: 0K->15410K(341376K), 0.0391003 secs] 117538K->15410K(494976K), [Metaspace: 20875K->20875K(1067008K)], 0.0391696 secs] [Times: user=0.04 sys=0.00, real=0.04 secs] 
Ama winner
Ama winner
13:45:01.923 [worker-akka.actor.default-dispatcher-2] INFO  a.r.a.ArteryTransport(akka://worker) akka.remote.artery.ArteryTransport(akka://worker) - Started embedded media driver in directory [/dev/shm/aeron-root-worker-bbc31ada-2186-41a1-8337-66b28a798555]
13:45:02.150 [worker-akka.actor.default-dispatcher-2] INFO  a.r.a.ArteryTransport(akka://worker) akka.remote.artery.ArteryTransport(akka://worker) - Remoting started; listening on address: [akka://worker@172.31.39.64:5412] with UID [5825283665385544991]
13:45:02.257 [worker-akka.actor.default-dispatcher-2] INFO  o.a.z.ZooKeeper  - Client environment:zookeeper.version=3.4.9-1757313, built on 08/23/2016 06:50 GMT
13:45:02.257 [worker-akka.actor.default-dispatcher-2] INFO  o.a.z.ZooKeeper  - Client environment:host.name=ip-172-31-39-64.us-east-2.compute.internal
13:45:02.257 [worker-akka.actor.default-dispatcher-2] INFO  o.a.z.ZooKeeper  - Client environment:java.version=1.8.0_151
13:45:02.258 [worker-akka.actor.default-dispatcher-2] INFO  o.a.z.ZooKeeper  - Client environment:java.vendor=Oracle Corporation
13:45:02.258 [worker-akka.actor.default-dispatcher-2] INFO  o.a.z.ZooKeeper  - Client environment:java.home=/usr/lib/jvm/java-8-openjdk-amd64/jre
13:45:02.258 [worker-akka.actor.default-dispatcher-2] INFO  o.a.z.ZooKeeper  - Client environment:java.class.path=lib/commons-cli-1.4.jar:lib/minlog-1.3.0.jar:lib/asm-5.0.4.jar:lib/hadoop-annotations-2.7.3.jar:lib/hadoop-auth-2.7.3.jar:lib/akka-slf4j_2.11-2.5.6.jar:lib/jersey-core-1.9.jar:lib/lz4-1.3.0.jar:lib/jackson-core-asl-1.9.13.jar:lib/aeron-client-1.3.0.jar:lib/htrace-core-3.1.0-incubating.jar:lib/xz-1.0.jar:lib/commons-httpclient-3.1.jar:lib/asm-3.1.jar:lib/commons-lang3-3.4.jar:lib/scala-library-2.11.11.jar:lib/scala-java8-compat_2.11-0.7.0.jar:lib/commons-configuration-1.6.jar:lib/objenesis-2.1.jar:lib/jackson-annotations-2.8.0.jar:lib/jsr305-3.0.0.jar:lib/curator-framework-2.7.1.jar:lib/jersey-server-1.9.jar:lib/jets3t-0.9.0.jar:lib/leveldb-0.7.jar:lib/jetty-6.1.26.jar:lib/stax-api-1.0-2.jar:lib/flamestream-core-1.0-SNAPSHOT.jar:lib/reflectasm-1.07-shaded.jar:lib/apacheds-kerberos-codec-2.0.0-M15.jar:lib/api-asn1-api-1.0.0-M20.jar:lib/commons-lang-2.6.jar:lib/commons-beanutils-1.7.0.jar:lib/jackson-xc-1.8.3.jar:lib/jetty-util-6.1.26.jar:lib/logback-classic-1.2.3.jar:lib/jool-0.9.12.jar:lib/flamestream-runtime-1.0-SNAPSHOT-tests.jar:lib/httpcore-4.1.2.jar:lib/kryo-4.0.0.jar:lib/ant-1.8.1.jar:lib/jaxb-impl-2.2.3-1.jar:lib/jersey-json-1.9.jar:lib/commons-compress-1.4.1.jar:lib/leveldbjni-all-1.8.jar:lib/paranamer-2.3.jar:lib/jackson-core-2.8.4.jar:lib/commons-math3-3.6.1.jar:lib/scala-parser-combinators_2.11-1.0.4.jar:lib/netty-3.10.6.Final.jar:lib/trove4j-3.0.3.jar:lib/jaxb-api-2.2.2.jar:lib/logback-core-1.2.3.jar:lib/snappy-java-1.0.4.1.jar:lib/protobuf-java-2.5.0.jar:lib/reactive-streams-1.0.1.jar:lib/flamestream-examples-1.0-SNAPSHOT.jar:lib/commons-codec-1.4.jar:lib/activation-1.1.jar:lib/commons-net-3.1.jar:lib/curator-recipes-2.7.1.jar:lib/jackson-mapper-asl-1.9.13.jar:lib/jackson-databind-2.8.4.jar:lib/flamestream-runtime-1.0-SNAPSHOT.jar:lib/jackson-jaxrs-1.8.3.jar:lib/slf4j-api-1.7.24.jar:lib/akka-remote_2.11-2.5.6.jar:lib/akka-testkit_2.11-2.5.6.jar:lib/jline-0.9.94.jar:lib/akka-stream_2.11-2.5.6.jar:lib/jsp-api-2.1.jar:lib/kryonet-2.21.jar:lib/akka-kryo-serialization_2.11-0.5.0.jar:lib/config-1.3.1.jar:lib/ant-launcher-1.8.1.jar:lib/commons-logging-1.2.jar:lib/ssl-config-core_2.11-0.2.2.jar:lib/testng-6.10.jar:lib/leveldb-api-0.7.jar:lib/reflectasm-1.11.3.jar:lib/jcommander-1.48.jar:lib/commons-1.1.jar:lib/commons-digester-1.8.jar:lib/minlog-1.2.jar:lib/java-xmlbuilder-0.4.jar:lib/jettison-1.1.jar:lib/gson-2.2.4.jar:lib/jdk.tools-1.8.jar:lib/aeron-driver-1.3.0.jar:lib/zookeeper-3.4.9.jar:lib/commons-beanutils-core-1.8.0.jar:lib/commons-math3-3.1.1.jar:lib/akka-actor_2.11-2.5.6.jar:lib/curator-client-2.7.1.jar:lib/servlet-api-2.5.jar:lib/apacheds-i18n-2.0.0-M15.jar:lib/commons-io-2.4.jar:lib/commons-codec-1.6.jar:lib/akka-protobuf_2.11-2.5.6.jar:lib/protobuf-java-3.5.1.jar:lib/jdom-2.0.2.jar:lib/api-util-1.0.0-M20.jar:lib/hadoop-common-2.7.3.jar:lib/agrona-0.9.6.jar:lib/xmlenc-0.52.jar:lib/guava-21.0.jar:lib/commons-collections-3.2.2.jar:lib/avro-1.7.4.jar:lib/httpclient-4.1.2.jar:lib/flamestream-core-1.0-SNAPSHOT-tests.jar:lib/annotations-12.0.jar:lib/jsch-0.1.42.jar:flamestream-runtime-1.0-SNAPSHOT.jar
13:45:02.258 [worker-akka.actor.default-dispatcher-2] INFO  o.a.z.ZooKeeper  - Client environment:java.library.path=/usr/java/packages/lib/amd64:/usr/lib/x86_64-linux-gnu/jni:/lib/x86_64-linux-gnu:/usr/lib/x86_64-linux-gnu:/usr/lib/jni:/lib:/usr/lib
13:45:02.258 [worker-akka.actor.default-dispatcher-2] INFO  o.a.z.ZooKeeper  - Client environment:java.io.tmpdir=/tmp
13:45:02.258 [worker-akka.actor.default-dispatcher-2] INFO  o.a.z.ZooKeeper  - Client environment:java.compiler=<NA>
13:45:02.258 [worker-akka.actor.default-dispatcher-2] INFO  o.a.z.ZooKeeper  - Client environment:os.name=Linux
13:45:02.258 [worker-akka.actor.default-dispatcher-2] INFO  o.a.z.ZooKeeper  - Client environment:os.arch=amd64
13:45:02.258 [worker-akka.actor.default-dispatcher-2] INFO  o.a.z.ZooKeeper  - Client environment:os.version=4.4.0-1049-aws
13:45:02.258 [worker-akka.actor.default-dispatcher-2] INFO  o.a.z.ZooKeeper  - Client environment:user.name=root
13:45:02.260 [worker-akka.actor.default-dispatcher-2] INFO  o.a.z.ZooKeeper  - Client environment:user.home=/root
13:45:02.260 [worker-akka.actor.default-dispatcher-2] INFO  o.a.z.ZooKeeper  - Client environment:user.dir=/opt/flamestream
13:45:02.264 [worker-akka.actor.default-dispatcher-2] INFO  o.a.z.ZooKeeper  - Initiating client connection, connectString=172.31.34.147:2181 sessionTimeout=5000 watcher=com.spbsu.flamestream.runtime.application.LifecycleWatcher$$Lambda$29/2091173542@1b48f905
13:45:02.300 [worker-akka.actor.default-dispatcher-2] INFO  a.a.RepointableActorRef akka://worker/user/watcher - Starting...
13:45:02.304 [worker-akka.actor.default-dispatcher-2-SendThread(172.31.34.147:2181)] INFO  o.a.z.ClientCnxn  - Opening socket connection to server 172.31.34.147/172.31.34.147:2181. Will not attempt to authenticate using SASL (unknown error)
13:45:02.308 [worker-akka.actor.default-dispatcher-2-SendThread(172.31.34.147:2181)] INFO  o.a.z.ClientCnxn  - Socket connection established to 172.31.34.147/172.31.34.147:2181, initiating session
13:45:02.321 [worker-akka.actor.default-dispatcher-2-SendThread(172.31.34.147:2181)] INFO  o.a.z.ClientCnxn  - Session establishment complete on server 172.31.34.147/172.31.34.147:2181, sessionid = 0x161ae4eb1e20006, negotiated timeout = 6000
13:45:02.415 [worker-akka.actor.default-dispatcher-2] INFO  a.a.RepointableActorRef akka://worker/user/watcher - Connected to ZK
13:45:12.677 [worker-akka.actor.default-dispatcher-2] INFO  a.a.RepointableActorRef akka://worker/user/watcher - Creating node with watchGraphs: 'com.spbsu.flamestream.core.Graph$Builder$MyGraph@22aae96d', config: 'ClusterConfig{paths={172.31.33.155=akka://worker@172.31.33.155:5412/user/watcher/graph0000000000, 172.31.47.83=akka://worker@172.31.47.83:5412/user/watcher/graph0000000000, 172.31.45.197=akka://worker@172.31.45.197:5412/user/watcher/graph0000000000, 172.31.42.36=akka://worker@172.31.42.36:5412/user/watcher/graph0000000000, 172.31.44.83=akka://worker@172.31.44.83:5412/user/watcher/graph0000000000, 172.31.39.64=akka://worker@172.31.39.64:5412/user/watcher/graph0000000000, 172.31.35.79=akka://worker@172.31.35.79:5412/user/watcher/graph0000000000, 172.31.34.169=akka://worker@172.31.34.169:5412/user/watcher/graph0000000000, 172.31.47.100=akka://worker@172.31.47.100:5412/user/watcher/graph0000000000, 172.31.37.101=akka://worker@172.31.37.101:5412/user/watcher/graph0000000000}, ackerLocation='172.31.35.79', props=ComputationLayout{ranges={172.31.33.155=HashRange{from=-1670265060, to=-1193046472}, 172.31.47.83=HashRange{from=1670265056, to=2147483644}, 172.31.45.197=HashRange{from=-715827884, to=-238609296}, 172.31.42.36=HashRange{from=1193046468, to=1670265056}, 172.31.44.83=HashRange{from=-238609296, to=238609292}, 172.31.39.64=HashRange{from=715827880, to=1193046468}, 172.31.35.79=HashRange{from=0, to=0}, 172.31.34.169=HashRange{from=-2147483648, to=-1670265060}, 172.31.47.100=HashRange{from=238609292, to=715827880}, 172.31.37.101=HashRange{from=-1193046472, to=-715827884}}}}'
13:45:13.487 [worker-akka.actor.default-dispatcher-2] INFO  a.a.LocalActorRef akka://worker/user/watcher/graph0000000000/graph - Starting...
13:45:13.487 [worker-akka.actor.default-dispatcher-2] INFO  a.a.LocalActorRef akka://worker/user/watcher/graph0000000000/graph/local-acker - Starting...
13:45:13.489 [worker-akka.actor.default-dispatcher-2] INFO  a.a.LocalActorRef akka://worker/user/watcher/graph0000000000/graph/local-acker/$a - Starting...
Warning: space is running low in /dev/shm (tmpfs) threshold=167,772,160 usable=158,621,696
Warning: space is running low in /dev/shm (tmpfs) threshold=167,772,160 usable=146,034,688
Warning: space is running low in /dev/shm (tmpfs) threshold=167,772,160 usable=133,447,680
Warning: space is running low in /dev/shm (tmpfs) threshold=167,772,160 usable=120,860,672
Warning: space is running low in /dev/shm (tmpfs) threshold=167,772,160 usable=108,273,664
Warning: space is running low in /dev/shm (tmpfs) threshold=167,772,160 usable=95,686,656
Warning: space is running low in /dev/shm (tmpfs) threshold=167,772,160 usable=83,099,648
Warning: space is running low in /dev/shm (tmpfs) threshold=167,772,160 usable=70,512,640
13:45:15.121 [worker-akka.actor.default-dispatcher-2] INFO  a.a.LocalActorRef akka://worker/user/watcher/graph0000000000/graph - Finishing constructor
13:45:15.121 [worker-akka.actor.default-dispatcher-2] INFO  a.a.LocalActorRef akka://worker/user/watcher/graph0000000000 - Starting...
13:45:15.122 [worker-akka.actor.default-dispatcher-2] INFO  a.a.LocalActorRef akka://worker/user/watcher/graph0000000000/negotiator - Starting...
13:45:15.183 [worker-akka.actor.default-dispatcher-2] INFO  a.a.LocalActorRef akka://worker/user/watcher/graph0000000000/edge - Starting...
13:45:15.184 [worker-akka.actor.default-dispatcher-2] INFO  a.a.LocalActorRef akka://worker/user/watcher/graph0000000000/graph/$a - Starting...
13:45:15.184 [worker-akka.actor.default-dispatcher-2] INFO  a.a.LocalActorRef akka://worker/user/watcher/graph0000000000/graph/$b - Starting...
13:45:15.184 [worker-akka.actor.default-dispatcher-2] INFO  a.a.LocalActorRef akka://worker/user/watcher/graph0000000000/graph/$c - Starting...
13:45:15.210 [worker-akka.actor.default-dispatcher-2] INFO  c.s.f.r.e.s.SocketRear  - FlameSocketGraphDeployerRear@172.31.39.64: connecting to 172.31.34.147:5678
13:45:15.216 [worker-akka.actor.default-dispatcher-2] INFO  c.s.f.r.e.s.SocketRear  - FlameSocketGraphDeployerRear@172.31.39.64: connected to 172.31.34.147:5678
13:45:15.245 [worker-akka.actor.default-dispatcher-2] INFO  a.a.LocalActorRef akka://worker/user/watcher/graph0000000000/edge/FlameSocketGraphDeployerRear - Starting...
13:45:15.257 [worker-akka.actor.default-dispatcher-2] INFO  a.a.LocalActorRef akka://worker/user/watcher/graph0000000000/edge/FlameSocketGraphDeployerFront - Starting...
13:45:15.257 [worker-akka.actor.default-dispatcher-2] INFO  a.a.LocalActorRef akka://worker/user/watcher/graph0000000000/negotiator - Requesting ticket for the frontClass FlameSocketGraphDeployerFront@172.31.39.64
13:45:15.257 [worker-akka.actor.default-dispatcher-2] INFO  a.a.LocalActorRef akka://worker/user/watcher/graph0000000000/negotiator - Ticket for the frontClass received: FrontTicket{allowedTimestamp=(1519047912661, FlameSocketGraphDeployerFront@172.31.39.64)}
13:45:15.258 [worker-akka.actor.default-dispatcher-2] INFO  c.s.f.r.e.s.SocketFront  - FlameSocketGraphDeployerFront@172.31.39.64: connecting to 172.31.34.147:4567
13:45:15.272 [Client] INFO  c.s.f.r.e.s.SocketFront  - FlameSocketGraphDeployerFront@172.31.39.64 has been disconnected from Connection 7
2018-02-19T13:45:18.815+0000: 20.114: [GC (Allocation Failure) 2018-02-19T13:45:18.815+0000: 20.114: [DefNew: 136576K->15485K(153600K), 0.0294839 secs] 151986K->50427K(494976K), 0.0295519 secs] [Times: user=0.01 sys=0.01, real=0.03 secs] 
2018-02-19T13:45:34.839+0000: 36.138: [GC (Allocation Failure) 2018-02-19T13:45:34.839+0000: 36.138: [DefNew: 152061K->3386K(153600K), 0.0170214 secs] 187003K->45987K(494976K), 0.0170919 secs] [Times: user=0.02 sys=0.00, real=0.02 secs] 
2018-02-19T13:45:52.439+0000: 53.738: [GC (Allocation Failure) 2018-02-19T13:45:52.439+0000: 53.738: [DefNew: 139962K->5407K(153600K), 0.0115348 secs] 182563K->48008K(494976K), 0.0115973 secs] [Times: user=0.01 sys=0.00, real=0.02 secs] 
2018-02-19T13:46:08.066+0000: 69.365: [GC (Allocation Failure) 2018-02-19T13:46:08.066+0000: 69.365: [DefNew: 141983K->7295K(153600K), 0.0155098 secs] 184584K->49896K(494976K), 0.0155867 secs] [Times: user=0.02 sys=0.00, real=0.02 secs] 
2018-02-19T13:46:25.462+0000: 86.761: [GC (Allocation Failure) 2018-02-19T13:46:25.462+0000: 86.761: [DefNew: 143871K->8626K(153600K), 0.0148676 secs] 186472K->51227K(494976K), 0.0149303 secs] [Times: user=0.02 sys=0.00, real=0.01 secs] 
2018-02-19T13:46:40.593+0000: 101.892: [GC (Allocation Failure) 2018-02-19T13:46:40.594+0000: 101.892: [DefNew: 145202K->8589K(153600K), 0.0167147 secs] 187803K->52600K(494976K), 0.0167807 secs] [Times: user=0.01 sys=0.00, real=0.02 secs] 
2018-02-19T13:46:58.876+0000: 120.175: [GC (Allocation Failure) 2018-02-19T13:46:58.876+0000: 120.175: [DefNew: 145165K->8725K(153600K), 0.0171203 secs] 189176K->53929K(494976K), 0.0171879 secs] [Times: user=0.02 sys=0.00, real=0.02 secs] 
2018-02-19T13:47:19.372+0000: 140.671: [GC (Allocation Failure) 2018-02-19T13:47:19.372+0000: 140.671: [DefNew: 145301K->8443K(153600K), 0.0164457 secs] 190505K->54942K(494976K), 0.0165167 secs] [Times: user=0.02 sys=0.00, real=0.02 secs] 
2018-02-19T13:47:40.034+0000: 161.333: [GC (Allocation Failure) 2018-02-19T13:47:40.034+0000: 161.333: [DefNew: 145019K->10191K(153600K), 0.0165350 secs] 191518K->56690K(494976K), 0.0166161 secs] [Times: user=0.02 sys=0.00, real=0.02 secs] 
2018-02-19T13:47:55.148+0000: 176.447: [GC (Allocation Failure) 2018-02-19T13:47:55.148+0000: 176.447: [DefNew: 146767K->8583K(153600K), 0.0177163 secs] 193266K->57608K(494976K), 0.0177846 secs] [Times: user=0.02 sys=0.00, real=0.01 secs] 
2018-02-19T13:48:14.003+0000: 195.302: [GC (Allocation Failure) 2018-02-19T13:48:14.003+0000: 195.302: [DefNew: 145159K->8617K(153600K), 0.0160390 secs] 194184K->58855K(494976K), 0.0161064 secs] [Times: user=0.02 sys=0.00, real=0.01 secs] 
2018-02-19T13:48:35.793+0000: 217.092: [GC (Allocation Failure) 2018-02-19T13:48:35.793+0000: 217.092: [DefNew: 145193K->9058K(153600K), 0.0171072 secs] 195431K->60320K(494976K), 0.0171757 secs] [Times: user=0.01 sys=0.00, real=0.02 secs] 
2018-02-19T13:48:58.320+0000: 239.619: [GC (Allocation Failure) 2018-02-19T13:48:58.320+0000: 239.619: [DefNew: 145634K->8959K(153600K), 0.0171667 secs] 196896K->61809K(494976K), 0.0172344 secs] [Times: user=0.01 sys=0.00, real=0.02 secs] 
2018-02-19T13:49:15.476+0000: 256.775: [GC (Allocation Failure) 2018-02-19T13:49:15.476+0000: 256.775: [DefNew: 145535K->9121K(153600K), 0.0166928 secs] 198385K->62990K(494976K), 0.0167584 secs] [Times: user=0.02 sys=0.00, real=0.02 secs] 
2018-02-19T13:49:36.062+0000: 277.361: [GC (Allocation Failure) 2018-02-19T13:49:36.062+0000: 277.361: [DefNew: 145697K->9443K(153600K), 0.0172073 secs] 199566K->64371K(494976K), 0.0172800 secs] [Times: user=0.02 sys=0.00, real=0.01 secs] 
2018-02-19T13:49:55.413+0000: 296.712: [GC (Allocation Failure) 2018-02-19T13:49:55.413+0000: 296.712: [DefNew: 146019K->9271K(153600K), 0.0167568 secs] 200947K->65392K(494976K), 0.0168217 secs] [Times: user=0.01 sys=0.00, real=0.02 secs] 
2018-02-19T13:50:14.385+0000: 315.684: [GC (Allocation Failure) 2018-02-19T13:50:14.385+0000: 315.684: [DefNew: 145847K->9088K(153600K), 0.0170501 secs] 201968K->66442K(494976K), 0.0171328 secs] [Times: user=0.02 sys=0.00, real=0.02 secs] 
2018-02-19T13:50:32.824+0000: 334.122: [GC (Allocation Failure) 2018-02-19T13:50:32.824+0000: 334.123: [DefNew: 145664K->9953K(153600K), 0.0182479 secs] 203018K->68374K(494976K), 0.0183144 secs] [Times: user=0.02 sys=0.01, real=0.02 secs] 
2018-02-19T13:50:56.077+0000: 357.376: [GC (Allocation Failure) 2018-02-19T13:50:56.077+0000: 357.376: [DefNew: 146529K->8466K(153600K), 0.0220496 secs] 204950K->69223K(494976K), 0.0221188 secs] [Times: user=0.01 sys=0.00, real=0.02 secs] 
2018-02-19T13:51:11.656+0000: 372.955: [GC (Allocation Failure) 2018-02-19T13:51:11.656+0000: 372.955: [DefNew: 145042K->9434K(153600K), 0.0146588 secs] 205799K->70191K(494976K), 0.0147248 secs] [Times: user=0.01 sys=0.00, real=0.02 secs] 
2018-02-19T13:51:28.698+0000: 389.997: [GC (Allocation Failure) 2018-02-19T13:51:28.698+0000: 389.997: [DefNew: 146010K->9765K(153600K), 0.0183428 secs] 206767K->71537K(494976K), 0.0184114 secs] [Times: user=0.02 sys=0.00, real=0.02 secs] 
2018-02-19T13:51:43.774+0000: 405.073: [GC (Allocation Failure) 2018-02-19T13:51:43.774+0000: 405.073: [DefNew: 146341K->8629K(153600K), 0.0187532 secs] 208113K->72814K(494976K), 0.0188200 secs] [Times: user=0.02 sys=0.00, real=0.02 secs] 
2018-02-19T13:52:01.183+0000: 422.482: [GC (Allocation Failure) 2018-02-19T13:52:01.184+0000: 422.482: [DefNew: 145205K->10503K(153600K), 0.0182192 secs] 209390K->75681K(494976K), 0.0182874 secs] [Times: user=0.02 sys=0.01, real=0.02 secs] 
2018-02-19T13:52:16.624+0000: 437.923: [GC (Allocation Failure) 2018-02-19T13:52:16.624+0000: 437.923: [DefNew: 147079K->8384K(153600K), 0.0179320 secs] 212257K->76299K(494976K), 0.0180045 secs] [Times: user=0.01 sys=0.01, real=0.02 secs] 
2018-02-19T13:52:32.524+0000: 453.823: [GC (Allocation Failure) 2018-02-19T13:52:32.524+0000: 453.823: [DefNew: 144960K->9837K(153600K), 0.0142322 secs] 212875K->77751K(494976K), 0.0142983 secs] [Times: user=0.01 sys=0.00, real=0.01 secs] 
2018-02-19T13:52:52.072+0000: 473.371: [GC (Allocation Failure) 2018-02-19T13:52:52.072+0000: 473.371: [DefNew: 146413K->9768K(153600K), 0.0183168 secs] 214327K->79697K(494976K), 0.0183854 secs] [Times: user=0.02 sys=0.00, real=0.02 secs] 
2018-02-19T13:53:11.175+0000: 492.474: [GC (Allocation Failure) 2018-02-19T13:53:11.175+0000: 492.474: [DefNew: 146344K->9426K(153600K), 0.0169570 secs] 216273K->80561K(494976K), 0.0170224 secs] [Times: user=0.02 sys=0.00, real=0.02 secs] 
2018-02-19T13:53:26.094+0000: 507.393: [GC (Allocation Failure) 2018-02-19T13:53:26.094+0000: 507.393: [DefNew: 146002K->9848K(153600K), 0.0167621 secs] 217137K->82102K(494976K), 0.0168250 secs] [Times: user=0.02 sys=0.00, real=0.02 secs] 
2018-02-19T13:53:46.143+0000: 527.442: [GC (Allocation Failure) 2018-02-19T13:53:46.143+0000: 527.442: [DefNew: 146424K->9668K(153600K), 0.0173217 secs] 218678K->83194K(494976K), 0.0174010 secs] [Times: user=0.02 sys=0.00, real=0.02 secs] 
2018-02-19T13:54:03.326+0000: 544.625: [GC (Allocation Failure) 2018-02-19T13:54:03.326+0000: 544.625: [DefNew: 146244K->9886K(153600K), 0.0173155 secs] 219770K->84581K(494976K), 0.0173828 secs] [Times: user=0.02 sys=0.00, real=0.02 secs] 
2018-02-19T13:54:23.314+0000: 564.613: [GC (Allocation Failure) 2018-02-19T13:54:23.314+0000: 564.613: [DefNew: 146462K->10196K(153600K), 0.0184651 secs] 221157K->86080K(494976K), 0.0185688 secs] [Times: user=0.02 sys=0.00, real=0.02 secs] 
2018-02-19T13:54:39.794+0000: 581.093: [GC (Allocation Failure) 2018-02-19T13:54:39.794+0000: 581.093: [DefNew: 146772K->8995K(153600K), 0.0275222 secs] 222656K->87570K(494976K), 0.0276078 secs] [Times: user=0.01 sys=0.02, real=0.03 secs] 
2018-02-19T13:54:56.825+0000: 598.124: [GC (Allocation Failure) 2018-02-19T13:54:56.825+0000: 598.124: [DefNew: 145571K->9522K(153600K), 0.0183010 secs] 224146K->89524K(494976K), 0.0183660 secs] [Times: user=0.02 sys=0.00, real=0.02 secs] 
2018-02-19T13:55:13.986+0000: 615.285: [GC (Allocation Failure) 2018-02-19T13:55:13.986+0000: 615.285: [DefNew: 146098K->9535K(153600K), 0.0294870 secs] 226100K->90997K(494976K), 0.0295673 secs] [Times: user=0.00 sys=0.02, real=0.03 secs] 
2018-02-19T13:55:35.062+0000: 636.361: [GC (Allocation Failure) 2018-02-19T13:55:35.062+0000: 636.361: [DefNew: 146111K->9920K(153600K), 0.0169669 secs] 227573K->92811K(494976K), 0.0170279 secs] [Times: user=0.02 sys=0.00, real=0.01 secs] 
2018-02-19T13:55:51.373+0000: 652.672: [GC (Allocation Failure) 2018-02-19T13:55:51.373+0000: 652.672: [DefNew: 146496K->9593K(153600K), 0.0297894 secs] 229387K->94250K(494976K), 0.0298558 secs] [Times: user=0.00 sys=0.03, real=0.03 secs] 
2018-02-19T13:56:10.777+0000: 672.076: [GC (Allocation Failure) 2018-02-19T13:56:10.777+0000: 672.076: [DefNew: 146169K->9521K(153600K), 0.0278070 secs] 230826K->95585K(494976K), 0.0278745 secs] [Times: user=0.00 sys=0.03, real=0.03 secs] 
2018-02-19T13:56:30.537+0000: 691.836: [GC (Allocation Failure) 2018-02-19T13:56:30.537+0000: 691.836: [DefNew: 146097K->10291K(153600K), 0.0173593 secs] 232161K->97791K(494976K), 0.0174295 secs] [Times: user=0.02 sys=0.00, real=0.02 secs] 
2018-02-19T13:56:42.975+0000: 704.274: [GC (Allocation Failure) 2018-02-19T13:56:42.975+0000: 704.274: [DefNew: 146867K->9921K(153600K), 0.0170611 secs] 234367K->98972K(494976K), 0.0171268 secs] [Times: user=0.02 sys=0.00, real=0.02 secs] 
2018-02-19T13:57:01.607+0000: 722.906: [GC (Allocation Failure) 2018-02-19T13:57:01.607+0000: 722.906: [DefNew: 146497K->9953K(153600K), 0.0168921 secs] 235548K->100567K(494976K), 0.0169576 secs] [Times: user=0.02 sys=0.00, real=0.02 secs] 
13:57:15.962 [Client] INFO  c.s.f.r.e.s.SocketRear  - FlameSocketGraphDeployerRear@172.31.39.64: has been disconnected from Connection 7
13:57:29.330 [worker-akka.actor.default-dispatcher-2] INFO  a.a.CoordinatedShutdown CoordinatedShutdown(akka://worker) - Starting coordinated shutdown from JVM shutdown hook
13:57:29.376 [worker-akka.actor.default-dispatcher-2] INFO  a.a.LocalActorRef akka://worker/user/watcher/graph0000000000/negotiator - Stopped
13:57:29.377 [worker-akka.actor.default-dispatcher-2] INFO  a.a.LocalActorRef akka://worker/user/watcher/graph0000000000/edge/FlameSocketGraphDeployerFront - Stopped
13:57:29.380 [worker-akka.actor.default-dispatcher-2] INFO  a.a.LocalActorRef akka://worker/user/watcher/graph0000000000/edge/FlameSocketGraphDeployerRear - Stopped
13:57:29.381 [worker-akka.actor.default-dispatcher-2] INFO  a.a.LocalActorRef akka://worker/user/watcher/graph0000000000/graph/$a - Stopped
13:57:29.383 [worker-akka.actor.default-dispatcher-2] INFO  a.a.LocalActorRef akka://worker/user/watcher/graph0000000000/graph/$b - Stopped
13:57:29.389 [worker-akka.actor.default-dispatcher-2] INFO  a.a.LocalActorRef akka://worker/user/watcher/graph0000000000/graph/$c - Stopped
13:57:29.390 [worker-akka.actor.default-dispatcher-2] INFO  a.a.LocalActorRef akka://worker/user/watcher/graph0000000000/graph/local-acker/$a - Stopped
13:57:29.394 [worker-akka.actor.default-dispatcher-2] INFO  a.a.LocalActorRef akka://worker/user/watcher/graph0000000000/edge - Stopped
13:57:29.394 [worker-akka.actor.default-dispatcher-2] INFO  a.a.LocalActorRef akka://worker/user/watcher/graph0000000000/graph/local-acker/$a - Message [com.spbsu.flamestream.runtime.utils.akka.PingActor$InnerPing] from Actor[akka://worker/user/watcher/graph0000000000/graph/local-acker/$a#1299418426] to Actor[akka://worker/user/watcher/graph0000000000/graph/local-acker/$a#1299418426] was not delivered. [1] dead letters encountered. This logging can be turned off or adjusted with configuration settings 'akka.log-dead-letters' and 'akka.log-dead-letters-during-shutdown'.
13:57:29.395 [worker-akka.actor.default-dispatcher-2] INFO  a.a.LocalActorRef akka://worker/user/watcher/graph0000000000/graph/local-acker - Stopped
13:57:29.401 [worker-akka.actor.default-dispatcher-2] INFO  a.a.LocalActorRef akka://worker/user/watcher/graph0000000000/graph/local-acker/$a - Message [com.spbsu.flamestream.runtime.utils.akka.PingActor$Stop] from Actor[akka://worker/user/watcher/graph0000000000/graph/local-acker#954714561] to Actor[akka://worker/user/watcher/graph0000000000/graph/local-acker/$a#1299418426] was not delivered. [2] dead letters encountered. This logging can be turned off or adjusted with configuration settings 'akka.log-dead-letters' and 'akka.log-dead-letters-during-shutdown'.
13:57:29.402 [worker-akka.actor.default-dispatcher-2] INFO  a.a.LocalActorRef akka://worker/user/watcher/graph0000000000/graph/local-acker - Message [com.spbsu.flamestream.runtime.acker.LocalAcker$Flush] from Actor[akka://worker/user/watcher/graph0000000000/graph/local-acker#954714561] to Actor[akka://worker/user/watcher/graph0000000000/graph/local-acker#954714561] was not delivered. [3] dead letters encountered. This logging can be turned off or adjusted with configuration settings 'akka.log-dead-letters' and 'akka.log-dead-letters-during-shutdown'.
13:57:29.403 [worker-akka.actor.default-dispatcher-2] INFO  a.a.LocalActorRef akka://worker/user/watcher/graph0000000000/graph/local-acker - Message [com.spbsu.flamestream.runtime.acker.LocalAcker$Flush] from Actor[akka://worker/user/watcher/graph0000000000/graph/local-acker#954714561] to Actor[akka://worker/user/watcher/graph0000000000/graph/local-acker#954714561] was not delivered. [4] dead letters encountered. This logging can be turned off or adjusted with configuration settings 'akka.log-dead-letters' and 'akka.log-dead-letters-during-shutdown'.
13:57:29.404 [worker-akka.actor.default-dispatcher-2] INFO  a.a.LocalActorRef akka://worker/user/watcher/graph0000000000/graph/local-acker - Message [com.spbsu.flamestream.runtime.acker.LocalAcker$Flush] from Actor[akka://worker/user/watcher/graph0000000000/graph/local-acker#954714561] to Actor[akka://worker/user/watcher/graph0000000000/graph/local-acker#954714561] was not delivered. [5] dead letters encountered. This logging can be turned off or adjusted with configuration settings 'akka.log-dead-letters' and 'akka.log-dead-letters-during-shutdown'.
13:57:29.404 [worker-akka.actor.default-dispatcher-2] INFO  a.a.LocalActorRef akka://worker/user/watcher/graph0000000000/graph/local-acker - Message [com.spbsu.flamestream.runtime.acker.LocalAcker$Flush] from Actor[akka://worker/user/watcher/graph0000000000/graph/local-acker#954714561] to Actor[akka://worker/user/watcher/graph0000000000/graph/local-acker#954714561] was not delivered. [6] dead letters encountered. This logging can be turned off or adjusted with configuration settings 'akka.log-dead-letters' and 'akka.log-dead-letters-during-shutdown'.
13:57:29.404 [worker-akka.actor.default-dispatcher-2] INFO  a.a.LocalActorRef akka://worker/user/watcher/graph0000000000/graph/local-acker - Message [com.spbsu.flamestream.runtime.acker.LocalAcker$Flush] from Actor[akka://worker/user/watcher/graph0000000000/graph/local-acker#954714561] to Actor[akka://worker/user/watcher/graph0000000000/graph/local-acker#954714561] was not delivered. [7] dead letters encountered. This logging can be turned off or adjusted with configuration settings 'akka.log-dead-letters' and 'akka.log-dead-letters-during-shutdown'.
13:57:29.405 [worker-akka.actor.default-dispatcher-2] INFO  a.a.LocalActorRef akka://worker/user/watcher/graph0000000000/graph/local-acker - Message [com.spbsu.flamestream.runtime.acker.LocalAcker$Flush] from Actor[akka://worker/user/watcher/graph0000000000/graph/local-acker#954714561] to Actor[akka://worker/user/watcher/graph0000000000/graph/local-acker#954714561] was not delivered. [8] dead letters encountered. This logging can be turned off or adjusted with configuration settings 'akka.log-dead-letters' and 'akka.log-dead-letters-during-shutdown'.
13:57:29.405 [worker-akka.actor.default-dispatcher-2] INFO  a.a.LocalActorRef akka://worker/user/watcher/graph0000000000/graph/local-acker - Message [com.spbsu.flamestream.runtime.acker.LocalAcker$Flush] from Actor[akka://worker/user/watcher/graph0000000000/graph/local-acker#954714561] to Actor[akka://worker/user/watcher/graph0000000000/graph/local-acker#954714561] was not delivered. [9] dead letters encountered. This logging can be turned off or adjusted with configuration settings 'akka.log-dead-letters' and 'akka.log-dead-letters-during-shutdown'.
13:57:29.407 [worker-akka.actor.default-dispatcher-2] INFO  a.a.LocalActorRef akka://worker/user/watcher/graph0000000000/graph/local-acker - Message [com.spbsu.flamestream.runtime.acker.LocalAcker$Flush] from Actor[akka://worker/user/watcher/graph0000000000/graph/local-acker#954714561] to Actor[akka://worker/user/watcher/graph0000000000/graph/local-acker#954714561] was not delivered. [10] dead letters encountered. This logging can be turned off or adjusted with configuration settings 'akka.log-dead-letters' and 'akka.log-dead-letters-during-shutdown'.
13:57:29.408 [worker-akka.actor.default-dispatcher-2] INFO  a.a.LocalActorRef akka://worker/user/watcher/graph0000000000/graph - Stopped
13:57:29.411 [worker-akka.actor.default-dispatcher-2-EventThread] INFO  o.a.z.ClientCnxn  - EventThread shut down for session: 0x161ae4eb1e20006
13:57:29.411 [worker-akka.actor.default-dispatcher-2] INFO  o.a.z.ZooKeeper  - Session: 0x161ae4eb1e20006 closed
13:57:29.411 [worker-akka.actor.default-dispatcher-2] INFO  a.a.LocalActorRef akka://worker/user/watcher/graph0000000000 - Stopped
13:57:29.411 [worker-akka.actor.default-dispatcher-2] INFO  a.a.RepointableActorRef akka://worker/user/watcher - Stopped
13:57:29.425 [worker-akka.actor.default-dispatcher-2] INFO  a.r.RemoteActorRefProvider$RemotingTerminator akka://worker@172.31.39.64:5412/system/remoting-terminator - Shutting down remote daemon.
13:57:29.427 [worker-akka.actor.default-dispatcher-2] INFO  a.r.RemoteActorRefProvider$RemotingTerminator akka://worker@172.31.39.64:5412/system/remoting-terminator - Remote daemon shut down; proceeding with flushing remote transports.
13:57:30.555 [worker-akka.actor.default-dispatcher-2] INFO  a.r.RemoteActorRefProvider$RemotingTerminator akka://worker@172.31.39.64:5412/system/remoting-terminator - Remoting shut down.
Heap
 def new generation   total 153600K, used 142762K [0x00000000e0c00000, 0x00000000eb2a0000, 0x00000000eb2a0000)
  eden space 136576K,  97% used [0x00000000e0c00000, 0x00000000e8db2328, 0x00000000e9160000)
  from space 17024K,  58% used [0x00000000e9160000, 0x00000000e9b18780, 0x00000000ea200000)
  to   space 17024K,   0% used [0x00000000ea200000, 0x00000000ea200000, 0x00000000eb2a0000)
 tenured generation   total 341376K, used 90613K [0x00000000eb2a0000, 0x0000000100000000, 0x0000000100000000)
   the space 341376K,  26% used [0x00000000eb2a0000, 0x00000000f0b1d4a8, 0x00000000f0b1d600, 0x0000000100000000)
 Metaspace       used 33524K, capacity 34294K, committed 34688K, reserved 1079296K
  class space    used 4457K, capacity 4624K, committed 4736K, reserved 1048576K
