14:34:38,834 |-INFO in ch.qos.logback.classic.LoggerContext[default] - Could NOT find resource [logback-test.xml]
14:34:38,834 |-INFO in ch.qos.logback.classic.LoggerContext[default] - Could NOT find resource [logback.groovy]
14:34:38,834 |-INFO in ch.qos.logback.classic.LoggerContext[default] - Found resource [logback.xml] at [jar:file:/opt/flamestream/lib/flamestream-runtime-1.0-SNAPSHOT.jar!/logback.xml]
14:34:38,834 |-WARN in ch.qos.logback.classic.LoggerContext[default] - Resource [logback.xml] occurs multiple times on the classpath.
14:34:38,834 |-WARN in ch.qos.logback.classic.LoggerContext[default] - Resource [logback.xml] occurs at [jar:file:/opt/flamestream/flamestream-runtime-1.0-SNAPSHOT.jar!/logback.xml]
14:34:38,834 |-WARN in ch.qos.logback.classic.LoggerContext[default] - Resource [logback.xml] occurs at [jar:file:/opt/flamestream/lib/flamestream-runtime-1.0-SNAPSHOT.jar!/logback.xml]
14:34:38,857 |-INFO in ch.qos.logback.core.joran.spi.ConfigurationWatchList@69b794e2 - URL [jar:file:/opt/flamestream/lib/flamestream-runtime-1.0-SNAPSHOT.jar!/logback.xml] is not of type file
14:34:38,936 |-INFO in ch.qos.logback.classic.joran.action.ConfigurationAction - debug attribute not set
14:34:38,937 |-INFO in ch.qos.logback.core.joran.action.AppenderAction - About to instantiate appender of type [ch.qos.logback.core.ConsoleAppender]
14:34:38,943 |-INFO in ch.qos.logback.core.joran.action.AppenderAction - Naming appender as [STDOUT]
14:34:38,950 |-INFO in ch.qos.logback.core.joran.action.NestedComplexPropertyIA - Assuming default type [ch.qos.logback.classic.encoder.PatternLayoutEncoder] for [encoder] property
14:34:38,992 |-INFO in ch.qos.logback.core.joran.action.AppenderAction - About to instantiate appender of type [ch.qos.logback.core.rolling.RollingFileAppender]
14:34:39,000 |-INFO in ch.qos.logback.core.joran.action.AppenderAction - Naming appender as [FILE]
14:34:39,019 |-INFO in c.q.l.core.rolling.TimeBasedRollingPolicy@1059063940 - No compression will be used
14:34:39,020 |-INFO in c.q.l.core.rolling.TimeBasedRollingPolicy@1059063940 - Will use the pattern /tmp/application_%d{yyyy-MM-dd}.%i.log for the active file
14:34:39,024 |-INFO in ch.qos.logback.core.rolling.SizeAndTimeBasedFNATP@4d339552 - The date pattern is 'yyyy-MM-dd' from file name pattern '/tmp/application_%d{yyyy-MM-dd}.%i.log'.
14:34:39,024 |-INFO in ch.qos.logback.core.rolling.SizeAndTimeBasedFNATP@4d339552 - Roll-over at midnight.
14:34:39,028 |-INFO in ch.qos.logback.core.rolling.SizeAndTimeBasedFNATP@4d339552 - Setting initial period to Mon Mar 26 13:53:06 UTC 2018
14:34:39,028 |-WARN in ch.qos.logback.core.rolling.SizeAndTimeBasedFNATP@4d339552 - SizeAndTimeBasedFNATP is deprecated. Use SizeAndTimeBasedRollingPolicy instead
14:34:39,028 |-WARN in ch.qos.logback.core.rolling.SizeAndTimeBasedFNATP@4d339552 - For more information see http://logback.qos.ch/manual/appenders.html#SizeAndTimeBasedRollingPolicy
14:34:39,033 |-INFO in ch.qos.logback.core.joran.action.NestedComplexPropertyIA - Assuming default type [ch.qos.logback.classic.encoder.PatternLayoutEncoder] for [encoder] property
14:34:39,037 |-INFO in ch.qos.logback.core.rolling.RollingFileAppender[FILE] - Active log file name: /tmp/application.log
14:34:39,037 |-INFO in ch.qos.logback.core.rolling.RollingFileAppender[FILE] - File property is set to [/tmp/application.log]
14:34:39,038 |-INFO in ch.qos.logback.classic.joran.action.RootLoggerAction - Setting level of ROOT logger to INFO
14:34:39,038 |-INFO in ch.qos.logback.core.joran.action.AppenderRefAction - Attaching appender named [STDOUT] to Logger[ROOT]
14:34:39,038 |-INFO in ch.qos.logback.core.joran.action.AppenderRefAction - Attaching appender named [FILE] to Logger[ROOT]
14:34:39,038 |-INFO in ch.qos.logback.classic.joran.action.ConfigurationAction - End of configuration.
14:34:39,039 |-INFO in ch.qos.logback.classic.joran.JoranConfigurator@f0f2775 - Registering current configuration as safe fallback point

14:34:39.042 [main] INFO  c.s.f.r.a.WorkerApplication  - Starting worker with id: '10.0.0.48', host: '10.0.0.48:5412', zkString: '10.0.0.132:2181'
14:34:39.910 [worker-akka.actor.default-dispatcher-6] INFO  a.e.s.Slf4jLogger  - Slf4jLogger started
2018-03-26T14:34:40.061+0000: 1.798: [Full GC (Metadata GC Threshold) 2018-03-26T14:34:40.061+0000: 1.798: [Tenured: 0K->15852K(341376K), 0.0391601 secs] 134102K->15852K(494976K), [Metaspace: 20949K->20949K(1067008K)], 0.0392263 secs] [Times: user=0.04 sys=0.01, real=0.04 secs] 
Ama winner
Ama winner
14:34:40.448 [worker-akka.actor.default-dispatcher-6] INFO  a.r.a.ArteryTransport(akka://worker) akka.remote.artery.ArteryTransport(akka://worker) - Started embedded media driver in directory [/dev/shm/aeron-root-worker-c2382bc4-f2d1-457f-bac5-5d759cb9dda6]
14:34:40.629 [worker-akka.actor.default-dispatcher-6] INFO  a.r.a.ArteryTransport(akka://worker) akka.remote.artery.ArteryTransport(akka://worker) - Remoting started; listening on address: [akka://worker@10.0.0.48:5412] with UID [7535693698281568969]
14:34:40.683 [worker-akka.actor.default-dispatcher-7] INFO  a.a.RepointableActorRef akka://worker/user/watcher - Starting...
14:34:40.694 [worker-akka.actor.default-dispatcher-6] INFO  o.a.z.ZooKeeper  - Client environment:zookeeper.version=3.4.9-1757313, built on 08/23/2016 06:50 GMT
14:34:40.698 [worker-akka.actor.default-dispatcher-6] INFO  o.a.z.ZooKeeper  - Client environment:host.name=localhost
14:34:40.698 [worker-akka.actor.default-dispatcher-6] INFO  o.a.z.ZooKeeper  - Client environment:java.version=1.8.0_151
14:34:40.698 [worker-akka.actor.default-dispatcher-6] INFO  o.a.z.ZooKeeper  - Client environment:java.vendor=Oracle Corporation
14:34:40.698 [worker-akka.actor.default-dispatcher-6] INFO  o.a.z.ZooKeeper  - Client environment:java.home=/usr/lib/jvm/java-8-openjdk-amd64/jre
14:34:40.698 [worker-akka.actor.default-dispatcher-6] INFO  o.a.z.ZooKeeper  - Client environment:java.class.path=lib/commons-cli-1.4.jar:lib/minlog-1.3.0.jar:lib/asm-5.0.4.jar:lib/hadoop-annotations-2.7.3.jar:lib/hadoop-auth-2.7.3.jar:lib/akka-slf4j_2.11-2.5.6.jar:lib/jersey-core-1.9.jar:lib/lz4-1.3.0.jar:lib/jackson-core-asl-1.9.13.jar:lib/aeron-client-1.3.0.jar:lib/htrace-core-3.1.0-incubating.jar:lib/xz-1.0.jar:lib/commons-httpclient-3.1.jar:lib/asm-3.1.jar:lib/commons-lang3-3.4.jar:lib/scala-library-2.11.11.jar:lib/scala-java8-compat_2.11-0.7.0.jar:lib/commons-configuration-1.6.jar:lib/objenesis-2.1.jar:lib/jackson-annotations-2.8.0.jar:lib/jsr305-3.0.0.jar:lib/curator-framework-2.7.1.jar:lib/jersey-server-1.9.jar:lib/jets3t-0.9.0.jar:lib/leveldb-0.7.jar:lib/jetty-6.1.26.jar:lib/stax-api-1.0-2.jar:lib/flamestream-core-1.0-SNAPSHOT.jar:lib/reflectasm-1.07-shaded.jar:lib/apacheds-kerberos-codec-2.0.0-M15.jar:lib/api-asn1-api-1.0.0-M20.jar:lib/commons-lang-2.6.jar:lib/commons-beanutils-1.7.0.jar:lib/jackson-xc-1.8.3.jar:lib/jetty-util-6.1.26.jar:lib/logback-classic-1.2.3.jar:lib/jool-0.9.12.jar:lib/httpcore-4.1.2.jar:lib/kryo-4.0.0.jar:lib/ant-1.8.1.jar:lib/jaxb-impl-2.2.3-1.jar:lib/jersey-json-1.9.jar:lib/commons-compress-1.4.1.jar:lib/leveldbjni-all-1.8.jar:lib/paranamer-2.3.jar:lib/jackson-core-2.8.4.jar:lib/commons-math3-3.6.1.jar:lib/scala-parser-combinators_2.11-1.0.4.jar:lib/netty-3.10.6.Final.jar:lib/trove4j-3.0.3.jar:lib/jaxb-api-2.2.2.jar:lib/logback-core-1.2.3.jar:lib/snappy-java-1.0.4.1.jar:lib/protobuf-java-2.5.0.jar:lib/reactive-streams-1.0.1.jar:lib/flamestream-examples-1.0-SNAPSHOT.jar:lib/commons-codec-1.4.jar:lib/activation-1.1.jar:lib/commons-net-3.1.jar:lib/curator-recipes-2.7.1.jar:lib/jackson-mapper-asl-1.9.13.jar:lib/jackson-databind-2.8.4.jar:lib/flamestream-runtime-1.0-SNAPSHOT.jar:lib/jackson-jaxrs-1.8.3.jar:lib/slf4j-api-1.7.24.jar:lib/akka-remote_2.11-2.5.6.jar:lib/akka-testkit_2.11-2.5.6.jar:lib/jline-0.9.94.jar:lib/jedis-2.9.0.jar:lib/akka-stream_2.11-2.5.6.jar:lib/jsp-api-2.1.jar:lib/kryonet-2.21.jar:lib/akka-kryo-serialization_2.11-0.5.0.jar:lib/config-1.3.1.jar:lib/ant-launcher-1.8.1.jar:lib/commons-logging-1.2.jar:lib/ssl-config-core_2.11-0.2.2.jar:lib/testng-6.10.jar:lib/leveldb-api-0.7.jar:lib/reflectasm-1.11.3.jar:lib/jcommander-1.48.jar:lib/commons-1.1.jar:lib/commons-digester-1.8.jar:lib/minlog-1.2.jar:lib/java-xmlbuilder-0.4.jar:lib/jettison-1.1.jar:lib/gson-2.2.4.jar:lib/jdk.tools-1.8.jar:lib/aeron-driver-1.3.0.jar:lib/zookeeper-3.4.9.jar:lib/commons-beanutils-core-1.8.0.jar:lib/commons-math3-3.1.1.jar:lib/akka-actor_2.11-2.5.6.jar:lib/curator-client-2.7.1.jar:lib/servlet-api-2.5.jar:lib/commons-pool2-2.4.2.jar:lib/apacheds-i18n-2.0.0-M15.jar:lib/commons-io-2.4.jar:lib/commons-codec-1.6.jar:lib/akka-protobuf_2.11-2.5.6.jar:lib/jdom-2.0.2.jar:lib/rocksdbjni-5.5.1.jar:lib/api-util-1.0.0-M20.jar:lib/hadoop-common-2.7.3.jar:lib/agrona-0.9.6.jar:lib/xmlenc-0.52.jar:lib/guava-21.0.jar:lib/commons-collections-3.2.2.jar:lib/avro-1.7.4.jar:lib/httpclient-4.1.2.jar:lib/flamestream-core-1.0-SNAPSHOT-tests.jar:lib/annotations-12.0.jar:lib/jsch-0.1.42.jar:flamestream-runtime-1.0-SNAPSHOT.jar
14:34:40.698 [worker-akka.actor.default-dispatcher-6] INFO  o.a.z.ZooKeeper  - Client environment:java.library.path=/usr/java/packages/lib/amd64:/usr/lib/x86_64-linux-gnu/jni:/lib/x86_64-linux-gnu:/usr/lib/x86_64-linux-gnu:/usr/lib/jni:/lib:/usr/lib
14:34:40.698 [worker-akka.actor.default-dispatcher-6] INFO  o.a.z.ZooKeeper  - Client environment:java.io.tmpdir=/tmp
14:34:40.699 [worker-akka.actor.default-dispatcher-6] INFO  o.a.z.ZooKeeper  - Client environment:java.compiler=<NA>
14:34:40.699 [worker-akka.actor.default-dispatcher-6] INFO  o.a.z.ZooKeeper  - Client environment:os.name=Linux
14:34:40.699 [worker-akka.actor.default-dispatcher-6] INFO  o.a.z.ZooKeeper  - Client environment:os.arch=amd64
14:34:40.701 [worker-akka.actor.default-dispatcher-6] INFO  o.a.z.ZooKeeper  - Client environment:os.version=4.4.0-1049-aws
14:34:40.701 [worker-akka.actor.default-dispatcher-6] INFO  o.a.z.ZooKeeper  - Client environment:user.name=root
14:34:40.701 [worker-akka.actor.default-dispatcher-6] INFO  o.a.z.ZooKeeper  - Client environment:user.home=/root
14:34:40.701 [worker-akka.actor.default-dispatcher-6] INFO  o.a.z.ZooKeeper  - Client environment:user.dir=/opt/flamestream
14:34:40.703 [worker-akka.actor.default-dispatcher-6] INFO  o.a.z.ZooKeeper  - Initiating client connection, connectString=10.0.0.132:2181 sessionTimeout=5000 watcher=com.spbsu.flamestream.runtime.application.LifecycleWatcher$$Lambda$30/1887825425@27a58f03
14:34:40.735 [worker-akka.actor.default-dispatcher-6-SendThread(10.0.0.132:2181)] INFO  o.a.z.ClientCnxn  - Opening socket connection to server 10.0.0.132/10.0.0.132:2181. Will not attempt to authenticate using SASL (unknown error)
14:34:40.746 [worker-akka.actor.default-dispatcher-6-SendThread(10.0.0.132:2181)] INFO  o.a.z.ClientCnxn  - Socket connection established to 10.0.0.132/10.0.0.132:2181, initiating session
14:34:40.756 [worker-akka.actor.default-dispatcher-6-SendThread(10.0.0.132:2181)] INFO  o.a.z.ClientCnxn  - Session establishment complete on server 10.0.0.132/10.0.0.132:2181, sessionid = 0x16262bac5490008, negotiated timeout = 6000
14:34:40.763 [worker-akka.actor.default-dispatcher-7] INFO  a.a.RepointableActorRef akka://worker/user/watcher - Initializing rocksDB backend
14:34:40.934 [worker-akka.actor.default-dispatcher-7] INFO  a.a.RepointableActorRef akka://worker/user/watcher - Connected to ZK
14:34:49.247 [worker-akka.actor.default-dispatcher-7] INFO  a.a.RepointableActorRef akka://worker/user/watcher - Creating node with watchGraphs: 'com.spbsu.flamestream.core.Graph$Builder$MyGraph@4f4ccf41', config: 'ClusterConfig{paths={10.0.0.51=akka://worker@10.0.0.51:5412/user/watcher/graph, 10.0.0.118=akka://worker@10.0.0.118:5412/user/watcher/graph, 10.0.0.49=akka://worker@10.0.0.49:5412/user/watcher/graph, 10.0.0.48=akka://worker@10.0.0.48:5412/user/watcher/graph, 10.0.0.14=akka://worker@10.0.0.14:5412/user/watcher/graph, 10.0.0.197=akka://worker@10.0.0.197:5412/user/watcher/graph, 10.0.0.13=akka://worker@10.0.0.13:5412/user/watcher/graph, 10.0.0.166=akka://worker@10.0.0.166:5412/user/watcher/graph, 10.0.0.64=akka://worker@10.0.0.64:5412/user/watcher/graph, 10.0.0.97=akka://worker@10.0.0.97:5412/user/watcher/graph}, ackerLocation='10.0.0.166', props=ComputationLayout{hashGroups={10.0.0.51=com.spbsu.flamestream.runtime.config.HashGroup@1ffe1b9d, 10.0.0.118=com.spbsu.flamestream.runtime.config.HashGroup@5d5c21bc, 10.0.0.49=com.spbsu.flamestream.runtime.config.HashGroup@56dcaf5d, 10.0.0.48=com.spbsu.flamestream.runtime.config.HashGroup@c65a7748, 10.0.0.14=com.spbsu.flamestream.runtime.config.HashGroup@231425fe, 10.0.0.197=com.spbsu.flamestream.runtime.config.HashGroup@fbc82752, 10.0.0.13=com.spbsu.flamestream.runtime.config.HashGroup@ccbcd570, 10.0.0.166=com.spbsu.flamestream.runtime.config.HashGroup@c01f, 10.0.0.64=com.spbsu.flamestream.runtime.config.HashGroup@4276a447, 10.0.0.97=com.spbsu.flamestream.runtime.config.HashGroup@3fc198ed}}}'
14:34:50.147 [worker-akka.actor.default-dispatcher-6] INFO  a.a.LocalActorRef akka://worker/user/watcher/graph/graph - Starting...
14:34:50.155 [worker-akka.actor.default-dispatcher-3] INFO  a.a.LocalActorRef akka://worker/user/watcher/graph/graph/local-acker/$a - Starting...
14:34:50.160 [worker-akka.actor.default-dispatcher-6] INFO  a.a.LocalActorRef akka://worker/user/watcher/graph/graph/local-acker - Starting...
14:34:51.218 [worker-akka.actor.default-dispatcher-2] INFO  a.a.LocalActorRef akka://worker/user/watcher/graph/graph - Finishing constructor
14:34:51.221 [worker-akka.actor.default-dispatcher-2] INFO  a.a.LocalActorRef akka://worker/user/watcher/graph/edge - Starting...
14:34:51.222 [worker-akka.actor.default-dispatcher-2] INFO  a.a.LocalActorRef akka://worker/user/watcher/graph/negotiator - Starting...
14:34:51.224 [worker-akka.actor.default-dispatcher-5] INFO  a.a.LocalActorRef akka://worker/user/watcher/graph - Starting...
14:34:51.251 [worker-akka.actor.default-dispatcher-3] INFO  a.a.LocalActorRef akka://worker/user/watcher/graph/negotiator - Requesting ticket for the frontClass FlameSocketGraphDeployerFront@10.0.0.48
14:34:51.277 [worker-akka.actor.default-dispatcher-7] INFO  a.a.LocalActorRef akka://worker/user/watcher/graph/graph - Received last commit 'LastCommit{globalTime=(0000000, min@min)}'
14:34:51.289 [worker-akka.actor.default-dispatcher-4] INFO  c.s.f.r.e.s.SocketRear  - FlameSocketGraphDeployerRear@10.0.0.48: connecting to 10.0.0.132:5678
14:34:51.305 [worker-akka.actor.default-dispatcher-7] INFO  a.a.LocalActorRef akka://worker/user/watcher/graph/edge/FlameSocketGraphDeployerFront - Starting...
14:34:51.310 [worker-akka.actor.default-dispatcher-4] INFO  c.s.f.r.e.s.SocketRear  - FlameSocketGraphDeployerRear@10.0.0.48: connected to 10.0.0.132:5678
14:34:51.311 [worker-akka.actor.default-dispatcher-4] INFO  a.a.LocalActorRef akka://worker/user/watcher/graph/edge/FlameSocketGraphDeployerRear - Starting...
14:34:51.357 [worker-akka.actor.default-dispatcher-11] INFO  a.a.LocalActorRef akka://worker/user/watcher/graph/graph/$a - Starting...
14:34:51.361 [worker-akka.actor.default-dispatcher-11] INFO  a.a.LocalActorRef akka://worker/user/watcher/graph/graph/$b - Starting...
14:34:51.378 [worker-akka.actor.default-dispatcher-11] INFO  a.a.LocalActorRef akka://worker/user/watcher/graph/graph/$c - Starting...
14:34:51.405 [worker-akka.actor.default-dispatcher-11] INFO  a.a.LocalActorRef akka://worker/user/watcher/graph/graph/$c - Attached rear to graph (-9223372036854775808, min@min)
14:34:51.890 [worker-akka.actor.default-dispatcher-11] INFO  a.a.LocalActorRef akka://worker/user/watcher/graph/negotiator - Ticket for the frontClass received: FrontTicket{allowedTimestamp=(0000000, FlameSocketGraphDeployerFront@10.0.0.48)}
14:34:51.895 [worker-akka.actor.default-dispatcher-11] INFO  c.s.f.r.e.s.SocketFront  - FlameSocketGraphDeployerFront@10.0.0.48: connecting to 10.0.0.132:4567
14:34:51.912 [Client] INFO  c.s.f.r.e.s.SocketFront  - FlameSocketGraphDeployerFront@10.0.0.48 has been disconnected from Connection 5
2018-03-26T14:34:56.352+0000: 18.089: [GC (Allocation Failure) 2018-03-26T14:34:56.352+0000: 18.089: [DefNew: 136576K->15912K(153600K), 0.0251154 secs] 152428K->51296K(494976K), 0.0251841 secs] [Times: user=0.02 sys=0.01, real=0.03 secs] 
2018-03-26T14:35:04.861+0000: 26.598: [GC (Allocation Failure) 2018-03-26T14:35:04.861+0000: 26.598: [DefNew: 152488K->6009K(153600K), 0.0190989 secs] 187872K->49522K(494976K), 0.0191683 secs] [Times: user=0.01 sys=0.01, real=0.02 secs] 
2018-03-26T14:35:16.500+0000: 38.237: [GC (Allocation Failure) 2018-03-26T14:35:16.500+0000: 38.237: [DefNew: 142585K->10873K(153600K), 0.0177630 secs] 186098K->54387K(494976K), 0.0178316 secs] [Times: user=0.02 sys=0.00, real=0.02 secs] 
2018-03-26T14:35:24.342+0000: 46.079: [GC (Allocation Failure) 2018-03-26T14:35:24.342+0000: 46.079: [DefNew: 145982K->4287K(153600K), 0.0187047 secs] 189496K->56122K(494976K), 0.0187799 secs] [Times: user=0.02 sys=0.00, real=0.02 secs] 
2018-03-26T14:35:34.461+0000: 56.198: [GC (Allocation Failure) 2018-03-26T14:35:34.461+0000: 56.198: [DefNew: 140863K->6046K(153600K), 0.0135252 secs] 192698K->57881K(494976K), 0.0135913 secs] [Times: user=0.02 sys=0.00, real=0.01 secs] 
2018-03-26T14:35:41.347+0000: 63.084: [GC (Allocation Failure) 2018-03-26T14:35:41.347+0000: 63.084: [DefNew: 142263K->16747K(153600K), 0.0191266 secs] 194098K->68582K(494976K), 0.0191996 secs] [Times: user=0.02 sys=0.00, real=0.02 secs] 
2018-03-26T14:35:48.508+0000: 70.245: [GC (Allocation Failure) 2018-03-26T14:35:48.508+0000: 70.245: [DefNew: 153323K->5101K(153600K), 0.0206683 secs] 205158K->69751K(494976K), 0.0207403 secs] [Times: user=0.02 sys=0.00, real=0.02 secs] 
2018-03-26T14:35:57.490+0000: 79.227: [GC (Allocation Failure) 2018-03-26T14:35:57.491+0000: 79.227: [DefNew: 141677K->6953K(153600K), 0.0139239 secs] 206327K->71603K(494976K), 0.0139884 secs] [Times: user=0.01 sys=0.00, real=0.01 secs] 
2018-03-26T14:36:06.009+0000: 87.746: [GC (Allocation Failure) 2018-03-26T14:36:06.009+0000: 87.746: [DefNew: 143529K->8236K(153600K), 0.0147116 secs] 208179K->72886K(494976K), 0.0147814 secs] [Times: user=0.02 sys=0.00, real=0.01 secs] 
2018-03-26T14:36:15.357+0000: 97.094: [GC (Allocation Failure) 2018-03-26T14:36:15.357+0000: 97.094: [DefNew: 143602K->10726K(153600K), 0.0178030 secs] 208252K->75375K(494976K), 0.0178816 secs] [Times: user=0.02 sys=0.00, real=0.01 secs] 
2018-03-26T14:36:24.198+0000: 105.935: [GC (Allocation Failure) 2018-03-26T14:36:24.198+0000: 105.935: [DefNew: 147302K->7605K(153600K), 0.0178543 secs] 211951K->75224K(494976K), 0.0179230 secs] [Times: user=0.02 sys=0.00, real=0.01 secs] 
2018-03-26T14:36:32.730+0000: 114.467: [GC (Allocation Failure) 2018-03-26T14:36:32.730+0000: 114.467: [DefNew: 144181K->8468K(153600K), 0.0140980 secs] 211800K->76087K(494976K), 0.0141671 secs] [Times: user=0.01 sys=0.00, real=0.01 secs] 
2018-03-26T14:36:40.176+0000: 121.913: [GC (Allocation Failure) 2018-03-26T14:36:40.176+0000: 121.913: [DefNew: 145044K->10036K(153600K), 0.0314940 secs] 212663K->77655K(494976K), 0.0315557 secs] [Times: user=0.03 sys=0.00, real=0.04 secs] 
2018-03-26T14:36:46.334+0000: 128.071: [GC (Allocation Failure) 2018-03-26T14:36:46.334+0000: 128.071: [DefNew: 146612K->17023K(153600K), 0.0265328 secs] 214231K->96151K(494976K), 0.0266020 secs] [Times: user=0.01 sys=0.01, real=0.03 secs] 
2018-03-26T14:36:54.351+0000: 136.088: [GC (Allocation Failure) 2018-03-26T14:36:54.351+0000: 136.088: [DefNew: 153599K->6091K(153600K), 0.0197663 secs] 232727K->102007K(494976K), 0.0198332 secs] [Times: user=0.01 sys=0.01, real=0.02 secs] 
2018-03-26T14:37:02.365+0000: 144.102: [GC (Allocation Failure) 2018-03-26T14:37:02.365+0000: 144.102: [DefNew: 138479K->7474K(153600K), 0.0142763 secs] 234395K->103391K(494976K), 0.0143494 secs] [Times: user=0.02 sys=0.00, real=0.01 secs] 
2018-03-26T14:37:10.377+0000: 152.114: [GC (Allocation Failure) 2018-03-26T14:37:10.377+0000: 152.114: [DefNew: 140909K->8916K(153600K), 0.0163160 secs] 236825K->104833K(494976K), 0.0163852 secs] [Times: user=0.02 sys=0.00, real=0.01 secs] 
2018-03-26T14:37:17.385+0000: 159.122: [GC (Allocation Failure) 2018-03-26T14:37:17.385+0000: 159.122: [DefNew: 144425K->8873K(153600K), 0.0174639 secs] 240341K->105855K(494976K), 0.0175335 secs] [Times: user=0.02 sys=0.00, real=0.01 secs] 
2018-03-26T14:37:25.497+0000: 167.234: [GC (Allocation Failure) 2018-03-26T14:37:25.497+0000: 167.234: [DefNew: 145449K->6954K(153600K), 0.0138974 secs] 242431K->104969K(494976K), 0.0139774 secs] [Times: user=0.01 sys=0.00, real=0.01 secs] 
2018-03-26T14:37:33.325+0000: 175.062: [GC (Allocation Failure) 2018-03-26T14:37:33.325+0000: 175.062: [DefNew: 143530K->8564K(153600K), 0.0148442 secs] 241545K->106579K(494976K), 0.0149111 secs] [Times: user=0.02 sys=0.00, real=0.01 secs] 
2018-03-26T14:37:39.916+0000: 181.653: [GC (Allocation Failure) 2018-03-26T14:37:39.916+0000: 181.653: [DefNew: 145140K->8742K(153600K), 0.0160699 secs] 243155K->107617K(494976K), 0.0161403 secs] [Times: user=0.02 sys=0.00, real=0.02 secs] 
2018-03-26T14:37:46.372+0000: 188.109: [GC (Allocation Failure) 2018-03-26T14:37:46.372+0000: 188.109: [DefNew: 140548K->10660K(153600K), 0.0194658 secs] 239423K->110497K(494976K), 0.0195384 secs] [Times: user=0.02 sys=0.00, real=0.02 secs] 
2018-03-26T14:37:53.791+0000: 195.528: [GC (Allocation Failure) 2018-03-26T14:37:53.791+0000: 195.528: [DefNew: 147236K->7294K(153600K), 0.0153150 secs] 247073K->109129K(494976K), 0.0153916 secs] [Times: user=0.02 sys=0.00, real=0.02 secs] 
2018-03-26T14:38:01.324+0000: 203.061: [GC (Allocation Failure) 2018-03-26T14:38:01.324+0000: 203.061: [DefNew: 143870K->8939K(153600K), 0.0147160 secs] 245705K->110773K(494976K), 0.0147878 secs] [Times: user=0.02 sys=0.00, real=0.02 secs] 
2018-03-26T14:38:08.253+0000: 209.990: [GC (Allocation Failure) 2018-03-26T14:38:08.253+0000: 209.990: [DefNew: 145515K->8824K(153600K), 0.0152399 secs] 247349K->111702K(494976K), 0.0153070 secs] [Times: user=0.02 sys=0.00, real=0.02 secs] 
2018-03-26T14:38:14.377+0000: 216.114: [GC (Allocation Failure) 2018-03-26T14:38:14.377+0000: 216.114: [DefNew: 139085K->11374K(153600K), 0.0202425 secs] 241964K->115082K(494976K), 0.0203139 secs] [Times: user=0.02 sys=0.00, real=0.02 secs] 
2018-03-26T14:38:20.439+0000: 222.176: [GC (Allocation Failure) 2018-03-26T14:38:20.439+0000: 222.176: [DefNew: 146315K->8814K(153600K), 0.0369656 secs] 250023K->115602K(494976K), 0.0370432 secs] [Times: user=0.04 sys=0.00, real=0.03 secs] 
2018-03-26T14:38:27.379+0000: 229.116: [GC (Allocation Failure) 2018-03-26T14:38:27.379+0000: 229.116: [DefNew: 143688K->8658K(153600K), 0.0174817 secs] 250477K->116693K(494976K), 0.0175547 secs] [Times: user=0.01 sys=0.01, real=0.01 secs] 
2018-03-26T14:38:33.379+0000: 235.116: [GC (Allocation Failure) 2018-03-26T14:38:33.379+0000: 235.116: [DefNew: 145173K->9263K(153600K), 0.0181957 secs] 253207K->118620K(494976K), 0.0182790 secs] [Times: user=0.01 sys=0.00, real=0.02 secs] 
2018-03-26T14:38:39.752+0000: 241.489: [GC (Allocation Failure) 2018-03-26T14:38:39.752+0000: 241.489: [DefNew: 145839K->6873K(153600K), 0.0133270 secs] 255196K->117300K(494976K), 0.0133956 secs] [Times: user=0.01 sys=0.01, real=0.02 secs] 
2018-03-26T14:38:46.621+0000: 248.358: [GC (Allocation Failure) 2018-03-26T14:38:46.621+0000: 248.358: [DefNew: 143449K->7799K(153600K), 0.0120068 secs] 253876K->118226K(494976K), 0.0120807 secs] [Times: user=0.02 sys=0.00, real=0.01 secs] 
2018-03-26T14:38:53.573+0000: 255.310: [GC (Allocation Failure) 2018-03-26T14:38:53.573+0000: 255.310: [DefNew: 144375K->8729K(153600K), 0.0130161 secs] 254802K->119156K(494976K), 0.0130915 secs] [Times: user=0.02 sys=0.00, real=0.02 secs] 
2018-03-26T14:39:00.384+0000: 262.121: [GC (Allocation Failure) 2018-03-26T14:39:00.384+0000: 262.121: [DefNew: 145305K->10966K(153600K), 0.0195388 secs] 255732K->122615K(494976K), 0.0196274 secs] [Times: user=0.02 sys=0.00, real=0.02 secs] 
2018-03-26T14:39:06.228+0000: 267.965: [GC (Allocation Failure) 2018-03-26T14:39:06.228+0000: 267.965: [DefNew: 147542K->7583K(153600K), 0.0285762 secs] 259191K->121890K(494976K), 0.0286437 secs] [Times: user=0.03 sys=0.00, real=0.02 secs] 
2018-03-26T14:39:12.137+0000: 273.874: [GC (Allocation Failure) 2018-03-26T14:39:12.137+0000: 273.874: [DefNew: 144159K->8264K(153600K), 0.0133100 secs] 258466K->122570K(494976K), 0.0133808 secs] [Times: user=0.01 sys=0.00, real=0.01 secs] 
2018-03-26T14:39:17.745+0000: 279.482: [GC (Allocation Failure) 2018-03-26T14:39:17.745+0000: 279.482: [DefNew: 144840K->10109K(153600K), 0.0153927 secs] 259146K->124415K(494976K), 0.0154738 secs] [Times: user=0.01 sys=0.00, real=0.01 secs] 
2018-03-26T14:39:22.711+0000: 284.448: [GC (Allocation Failure) 2018-03-26T14:39:22.711+0000: 284.448: [DefNew: 146685K->8700K(153600K), 0.0285054 secs] 260991K->124942K(494976K), 0.0285660 secs] [Times: user=0.02 sys=0.01, real=0.03 secs] 
2018-03-26T14:39:27.327+0000: 289.064: [GC (Allocation Failure) 2018-03-26T14:39:27.327+0000: 289.064: [DefNew: 145276K->17023K(153600K), 0.0225103 secs] 261518K->143468K(494976K), 0.0225763 secs] [Times: user=0.02 sys=0.00, real=0.02 secs] 
2018-03-26T14:39:32.396+0000: 294.132: [GC (Allocation Failure) 2018-03-26T14:39:32.396+0000: 294.132: [DefNew: 149263K->17023K(153600K), 0.0202189 secs] 275707K->164165K(494976K), 0.0202884 secs] [Times: user=0.01 sys=0.01, real=0.02 secs] 
2018-03-26T14:39:37.397+0000: 299.134: [GC (Allocation Failure) 2018-03-26T14:39:37.397+0000: 299.134: [DefNew: 145722K->5005K(153600K), 0.0210280 secs] 292863K->168890K(494976K), 0.0210995 secs] [Times: user=0.01 sys=0.02, real=0.02 secs] 
2018-03-26T14:39:43.392+0000: 305.129: [GC (Allocation Failure) 2018-03-26T14:39:43.392+0000: 305.129: [DefNew: 140901K->7340K(153600K), 0.0111731 secs] 304786K->171225K(494976K), 0.0112430 secs] [Times: user=0.01 sys=0.00, real=0.01 secs] 
2018-03-26T14:39:48.389+0000: 310.126: [GC (Allocation Failure) 2018-03-26T14:39:48.389+0000: 310.126: [DefNew: 135742K->8774K(153600K), 0.0128339 secs] 299626K->172659K(494976K), 0.0129062 secs] [Times: user=0.01 sys=0.00, real=0.01 secs] 
2018-03-26T14:39:53.756+0000: 315.492: [GC (Allocation Failure) 2018-03-26T14:39:53.756+0000: 315.493: [DefNew: 145350K->8792K(153600K), 0.0144408 secs] 309235K->173689K(494976K), 0.0145075 secs] [Times: user=0.01 sys=0.00, real=0.02 secs] 
2018-03-26T14:39:59.346+0000: 321.083: [GC (Allocation Failure) 2018-03-26T14:39:59.346+0000: 321.083: [DefNew: 145368K->11160K(153600K), 0.0190515 secs] 310265K->176965K(494976K), 0.0191267 secs] [Times: user=0.02 sys=0.00, real=0.02 secs] 
2018-03-26T14:40:04.415+0000: 326.152: [GC (Allocation Failure) 2018-03-26T14:40:04.415+0000: 326.152: [DefNew: 145064K->7525K(153600K), 0.0149022 secs] 310869K->175781K(494976K), 0.0149839 secs] [Times: user=0.02 sys=0.00, real=0.02 secs] 
2018-03-26T14:40:09.987+0000: 331.724: [GC (Allocation Failure) 2018-03-26T14:40:09.988+0000: 331.724: [DefNew: 144101K->8755K(153600K), 0.0128840 secs] 312357K->177011K(494976K), 0.0129574 secs] [Times: user=0.02 sys=0.00, real=0.01 secs] 
2018-03-26T14:40:15.335+0000: 337.072: [GC (Allocation Failure) 2018-03-26T14:40:15.335+0000: 337.072: [DefNew: 145331K->10865K(153600K), 0.0185725 secs] 313587K->180169K(494976K), 0.0186412 secs] [Times: user=0.02 sys=0.00, real=0.02 secs] 
2018-03-26T14:40:20.813+0000: 342.550: [GC (Allocation Failure) 2018-03-26T14:40:20.813+0000: 342.550: [DefNew: 147441K->7094K(153600K), 0.0139352 secs] 316745K->178978K(494976K), 0.0140046 secs] [Times: user=0.01 sys=0.00, real=0.02 secs] 
2018-03-26T14:40:25.612+0000: 347.349: [GC (Allocation Failure) 2018-03-26T14:40:25.612+0000: 347.349: [DefNew: 143670K->8889K(153600K), 0.0126737 secs] 315554K->180773K(494976K), 0.0127501 secs] [Times: user=0.02 sys=0.00, real=0.02 secs] 
2018-03-26T14:40:31.325+0000: 353.062: [GC (Allocation Failure) 2018-03-26T14:40:31.325+0000: 353.062: [DefNew: 145465K->9053K(153600K), 0.0147556 secs] 317349K->182213K(494976K), 0.0148277 secs] [Times: user=0.02 sys=0.00, real=0.01 secs] 
2018-03-26T14:40:36.654+0000: 358.390: [GC (Allocation Failure) 2018-03-26T14:40:36.654+0000: 358.390: [DefNew: 145629K->8265K(153600K), 0.0244719 secs] 318789K->182280K(494976K), 0.0245399 secs] [Times: user=0.02 sys=0.00, real=0.03 secs] 
2018-03-26T14:40:42.012+0000: 363.749: [GC (Allocation Failure) 2018-03-26T14:40:42.013+0000: 363.749: [DefNew: 144841K->9884K(153600K), 0.0146151 secs] 318856K->183899K(494976K), 0.0146869 secs] [Times: user=0.02 sys=0.00, real=0.02 secs] 
2018-03-26T14:40:46.460+0000: 368.197: [GC (Allocation Failure) 2018-03-26T14:40:46.460+0000: 368.197: [DefNew: 146460K->8888K(153600K), 0.0149199 secs] 320475K->184844K(494976K), 0.0149925 secs] [Times: user=0.02 sys=0.00, real=0.01 secs] 
2018-03-26T14:40:51.686+0000: 373.422: [GC (Allocation Failure) 2018-03-26T14:40:51.686+0000: 373.422: [DefNew: 145464K->9071K(153600K), 0.0256001 secs] 321420K->185843K(494976K), 0.0256800 secs] [Times: user=0.03 sys=0.00, real=0.02 secs] 
2018-03-26T14:40:57.143+0000: 378.880: [GC (Allocation Failure) 2018-03-26T14:40:57.143+0000: 378.880: [DefNew: 145647K->8851K(153600K), 0.0147319 secs] 322419K->187114K(494976K), 0.0148027 secs] [Times: user=0.01 sys=0.00, real=0.02 secs] 
2018-03-26T14:41:01.952+0000: 383.689: [GC (Allocation Failure) 2018-03-26T14:41:01.952+0000: 383.689: [DefNew: 145427K->9027K(153600K), 0.0141377 secs] 323690K->188423K(494976K), 0.0142134 secs] [Times: user=0.02 sys=0.00, real=0.02 secs] 
2018-03-26T14:41:07.150+0000: 388.887: [GC (Allocation Failure) 2018-03-26T14:41:07.150+0000: 388.887: [DefNew: 145603K->8918K(153600K), 0.0172197 secs] 324999K->189283K(494976K), 0.0172979 secs] [Times: user=0.01 sys=0.00, real=0.02 secs] 
2018-03-26T14:41:11.870+0000: 393.606: [GC (Allocation Failure) 2018-03-26T14:41:11.870+0000: 393.606: [DefNew: 145494K->9488K(153600K), 0.0147324 secs] 325859K->190915K(494976K), 0.0148045 secs] [Times: user=0.01 sys=0.00, real=0.01 secs] 
2018-03-26T14:41:17.342+0000: 399.078: [GC (Allocation Failure) 2018-03-26T14:41:17.342+0000: 399.079: [DefNew: 146064K->10037K(153600K), 0.0356214 secs] 327491K->192687K(494976K), 0.0357004 secs] [Times: user=0.04 sys=0.00, real=0.04 secs] 
2018-03-26T14:41:22.336+0000: 404.073: [GC (Allocation Failure) 2018-03-26T14:41:22.336+0000: 404.073: [DefNew: 146613K->9431K(153600K), 0.0178133 secs] 329263K->194957K(494976K), 0.0178861 secs] [Times: user=0.02 sys=0.00, real=0.02 secs] 
2018-03-26T14:41:27.336+0000: 409.073: [GC (Allocation Failure) 2018-03-26T14:41:27.336+0000: 409.073: [DefNew: 146007K->9050K(153600K), 0.0161893 secs] 331533K->196091K(494976K), 0.0162644 secs] [Times: user=0.02 sys=0.00, real=0.02 secs] 
2018-03-26T14:41:31.420+0000: 413.157: [GC (Allocation Failure) 2018-03-26T14:41:31.420+0000: 413.157: [DefNew: 138618K->7400K(153600K), 0.0128736 secs] 325658K->196068K(494976K), 0.0129470 secs] [Times: user=0.01 sys=0.00, real=0.01 secs] 
2018-03-26T14:41:35.519+0000: 417.255: [GC (Allocation Failure) 2018-03-26T14:41:35.519+0000: 417.255: [DefNew: 138112K->9481K(153600K), 0.0267144 secs] 326780K->198149K(494976K), 0.0267825 secs] [Times: user=0.02 sys=0.00, real=0.03 secs] 
2018-03-26T14:41:40.400+0000: 422.137: [GC (Allocation Failure) 2018-03-26T14:41:40.400+0000: 422.137: [DefNew: 146057K->12157K(153600K), 0.0188504 secs] 334725K->201873K(494976K), 0.0189298 secs] [Times: user=0.02 sys=0.00, real=0.02 secs] 
2018-03-26T14:41:45.019+0000: 426.756: [GC (Allocation Failure) 2018-03-26T14:41:45.019+0000: 426.756: [DefNew: 148733K->7792K(153600K), 0.0156332 secs] 338449K->200334K(494976K), 0.0157110 secs] [Times: user=0.01 sys=0.00, real=0.01 secs] 
2018-03-26T14:41:49.436+0000: 431.173: [GC (Allocation Failure) 2018-03-26T14:41:49.436+0000: 431.173: [DefNew: 134194K->8912K(153600K), 0.0118013 secs] 326736K->201455K(494976K), 0.0118811 secs] [Times: user=0.02 sys=0.00, real=0.02 secs] 
2018-03-26T14:41:54.343+0000: 436.080: [GC (Allocation Failure) 2018-03-26T14:41:54.343+0000: 436.080: [DefNew: 145488K->12269K(153600K), 0.0187946 secs] 338031K->205793K(494976K), 0.0188692 secs] [Times: user=0.02 sys=0.00, real=0.02 secs] 
2018-03-26T14:41:58.759+0000: 440.495: [GC (Allocation Failure) 2018-03-26T14:41:58.759+0000: 440.495: [DefNew: 148845K->7873K(153600K), 0.0273416 secs] 342369K->204142K(494976K), 0.0274121 secs] [Times: user=0.03 sys=0.00, real=0.03 secs] 
2018-03-26T14:42:03.300+0000: 445.037: [GC (Allocation Failure) 2018-03-26T14:42:03.300+0000: 445.037: [DefNew: 144449K->10092K(153600K), 0.0135291 secs] 340718K->206361K(494976K), 0.0135959 secs] [Times: user=0.02 sys=0.00, real=0.01 secs] 
2018-03-26T14:42:08.228+0000: 449.965: [GC (Allocation Failure) 2018-03-26T14:42:08.228+0000: 449.965: [DefNew: 146668K->9450K(153600K), 0.0134787 secs] 342937K->207061K(494976K), 0.0135508 secs] [Times: user=0.01 sys=0.00, real=0.01 secs] 
2018-03-26T14:42:13.301+0000: 455.038: [GC (Allocation Failure) 2018-03-26T14:42:13.301+0000: 455.038: [DefNew: 146026K->9508K(153600K), 0.0139383 secs] 343637K->208472K(494976K), 0.0140193 secs] [Times: user=0.02 sys=0.00, real=0.01 secs] 
2018-03-26T14:42:17.551+0000: 459.288: [GC (Allocation Failure) 2018-03-26T14:42:17.552+0000: 459.288: [DefNew: 146084K->17024K(153600K), 0.0613741 secs] 345048K->221109K(494976K), 0.0614460 secs] [Times: user=0.05 sys=0.01, real=0.06 secs] 
2018-03-26T14:42:21.419+0000: 463.156: [GC (Allocation Failure) 2018-03-26T14:42:21.419+0000: 463.156: [DefNew: 148216K->5606K(153600K), 0.0132685 secs] 352301K->212321K(494976K), 0.0133374 secs] [Times: user=0.01 sys=0.00, real=0.01 secs] 
2018-03-26T14:42:25.950+0000: 467.686: [GC (Allocation Failure) 2018-03-26T14:42:25.950+0000: 467.686: [DefNew: 142182K->7866K(153600K), 0.0109945 secs] 348897K->214581K(494976K), 0.0110606 secs] [Times: user=0.01 sys=0.00, real=0.01 secs] 
2018-03-26T14:42:30.418+0000: 472.155: [GC (Allocation Failure) 2018-03-26T14:42:30.418+0000: 472.155: [DefNew: 136789K->9748K(153600K), 0.0125718 secs] 343505K->216464K(494976K), 0.0126499 secs] [Times: user=0.02 sys=0.00, real=0.01 secs] 
2018-03-26T14:42:35.519+0000: 477.255: [GC (Allocation Failure) 2018-03-26T14:42:35.519+0000: 477.255: [DefNew: 136819K->8265K(153600K), 0.0226652 secs] 343534K->216667K(494976K), 0.0227359 secs] [Times: user=0.02 sys=0.00, real=0.02 secs] 
2018-03-26T14:42:39.435+0000: 481.172: [GC (Allocation Failure) 2018-03-26T14:42:39.435+0000: 481.172: [DefNew: 132570K->9834K(153600K), 0.0128542 secs] 340972K->218236K(494976K), 0.0129275 secs] [Times: user=0.01 sys=0.00, real=0.02 secs] 
2018-03-26T14:42:43.426+0000: 485.163: [GC (Allocation Failure) 2018-03-26T14:42:43.426+0000: 485.163: [DefNew: 143594K->10221K(153600K), 0.0142087 secs] 351996K->219716K(494976K), 0.0142813 secs] [Times: user=0.01 sys=0.00, real=0.01 secs] 
2018-03-26T14:42:47.437+0000: 489.174: [GC (Allocation Failure) 2018-03-26T14:42:47.437+0000: 489.174: [DefNew: 138615K->9324K(153600K), 0.0141217 secs] 348110K->220517K(494976K), 0.0142182 secs] [Times: user=0.01 sys=0.00, real=0.02 secs] 
2018-03-26T14:42:51.424+0000: 493.161: [GC (Allocation Failure) 2018-03-26T14:42:51.424+0000: 493.161: [DefNew: 134904K->9531K(153600K), 0.0139137 secs] 346096K->221982K(494976K), 0.0139874 secs] [Times: user=0.01 sys=0.00, real=0.02 secs] 
2018-03-26T14:42:56.347+0000: 498.084: [GC (Allocation Failure) 2018-03-26T14:42:56.347+0000: 498.084: [DefNew: 146107K->12047K(153600K), 0.0180312 secs] 358558K->226254K(494976K), 0.0181011 secs] [Times: user=0.02 sys=0.00, real=0.02 secs] 
2018-03-26T14:42:59.521+0000: 501.258: [GC (Allocation Failure) 2018-03-26T14:42:59.521+0000: 501.258: [DefNew: 148623K->8497K(153600K), 0.0177646 secs] 362830K->225687K(494976K), 0.0178248 secs] [Times: user=0.01 sys=0.00, real=0.02 secs] 
2018-03-26T14:43:04.295+0000: 506.032: [GC (Allocation Failure) 2018-03-26T14:43:04.295+0000: 506.032: [DefNew: 145073K->10373K(153600K), 0.0138294 secs] 362263K->227562K(494976K), 0.0138998 secs] [Times: user=0.01 sys=0.00, real=0.02 secs] 
2018-03-26T14:43:08.430+0000: 510.166: [GC (Allocation Failure) 2018-03-26T14:43:08.430+0000: 510.166: [DefNew: 143980K->7205K(153600K), 0.0138648 secs] 361170K->227836K(494976K), 0.0139377 secs] [Times: user=0.01 sys=0.00, real=0.01 secs] 
2018-03-26T14:43:13.335+0000: 515.072: [GC (Allocation Failure) 2018-03-26T14:43:13.335+0000: 515.072: [DefNew: 143781K->10877K(153600K), 0.0141243 secs] 364412K->231508K(494976K), 0.0142020 secs] [Times: user=0.01 sys=0.00, real=0.02 secs] 
2018-03-26T14:43:17.408+0000: 519.145: [GC (Allocation Failure) 2018-03-26T14:43:17.408+0000: 519.145: [DefNew: 147453K->11169K(153600K), 0.0217863 secs] 368084K->234885K(494976K), 0.0218786 secs] [Times: user=0.02 sys=0.01, real=0.02 secs] 
2018-03-26T14:43:21.069+0000: 522.806: [GC (Allocation Failure) 2018-03-26T14:43:21.069+0000: 522.806: [DefNew: 147745K->5653K(153600K), 0.0136305 secs] 371461K->233698K(494976K), 0.0136967 secs] [Times: user=0.02 sys=0.00, real=0.01 secs] 
2018-03-26T14:43:25.550+0000: 527.287: [GC (Allocation Failure) 2018-03-26T14:43:25.551+0000: 527.287: [DefNew: 141355K->7717K(153600K), 0.0197261 secs] 369399K->235761K(494976K), 0.0198265 secs] [Times: user=0.02 sys=0.00, real=0.02 secs] 
2018-03-26T14:43:29.432+0000: 531.169: [GC (Allocation Failure) 2018-03-26T14:43:29.432+0000: 531.169: [DefNew: 131410K->9356K(153600K), 0.0115934 secs] 359455K->237401K(494976K), 0.0116624 secs] [Times: user=0.02 sys=0.00, real=0.01 secs] 
14:43:29.784 [Client] INFO  c.s.f.r.e.s.SocketRear  - FlameSocketGraphDeployerRear@10.0.0.48: has been disconnected from Connection 5
14:43:41.903 [worker-akka.actor.default-dispatcher-2] INFO  a.a.CoordinatedShutdown CoordinatedShutdown(akka://worker) - Starting coordinated shutdown from JVM shutdown hook
14:43:41.934 [worker-akka.actor.default-dispatcher-5] INFO  a.a.LocalActorRef akka://worker/user/watcher/graph/negotiator - Stopped
14:43:41.934 [worker-akka.actor.default-dispatcher-5] INFO  a.a.LocalActorRef akka://worker/user/watcher/graph/edge/FlameSocketGraphDeployerFront - Stopped
14:43:41.934 [worker-akka.actor.default-dispatcher-5] INFO  a.a.LocalActorRef akka://worker/user/watcher/graph/graph/$a - Stopped
14:43:41.935 [worker-akka.actor.default-dispatcher-5] INFO  a.a.LocalActorRef akka://worker/user/watcher/graph/graph/$b - Stopped
14:43:41.935 [worker-akka.actor.default-dispatcher-5] INFO  a.a.LocalActorRef akka://worker/user/watcher/graph/graph/$c - Stopped
14:43:41.935 [worker-akka.actor.default-dispatcher-5] INFO  a.a.LocalActorRef akka://worker/user/watcher/graph/graph/local-acker/$a - Stopped
14:43:41.935 [worker-akka.actor.default-dispatcher-5] INFO  a.a.LocalActorRef akka://worker/user/watcher/graph/graph/local-acker/$a - Message [com.spbsu.flamestream.runtime.utils.akka.PingActor$InnerPing] from Actor[akka://worker/user/watcher/graph/graph/local-acker/$a#358979438] to Actor[akka://worker/user/watcher/graph/graph/local-acker/$a#358979438] was not delivered. [1] dead letters encountered. This logging can be turned off or adjusted with configuration settings 'akka.log-dead-letters' and 'akka.log-dead-letters-during-shutdown'.
14:43:41.935 [worker-akka.actor.default-dispatcher-5] INFO  a.a.LocalActorRef akka://worker/user/watcher/graph/graph/local-acker - Stopped
14:43:41.935 [worker-akka.actor.default-dispatcher-5] INFO  a.a.LocalActorRef akka://worker/user/watcher/graph/graph - Stopped
14:43:41.935 [worker-akka.actor.default-dispatcher-5] INFO  a.a.LocalActorRef akka://worker/user/watcher/graph/graph/local-acker/$a - Message [com.spbsu.flamestream.runtime.utils.akka.PingActor$Stop] from Actor[akka://worker/user/watcher/graph/graph/local-acker#-512205388] to Actor[akka://worker/user/watcher/graph/graph/local-acker/$a#358979438] was not delivered. [2] dead letters encountered. This logging can be turned off or adjusted with configuration settings 'akka.log-dead-letters' and 'akka.log-dead-letters-during-shutdown'.
14:43:41.936 [worker-akka.actor.default-dispatcher-5] INFO  a.a.LocalActorRef akka://worker/user/watcher/graph/graph/local-acker - Message [com.spbsu.flamestream.runtime.acker.LocalAcker$Flush] from Actor[akka://worker/user/watcher/graph/graph/local-acker/$a#358979438] to Actor[akka://worker/user/watcher/graph/graph/local-acker#-512205388] was not delivered. [3] dead letters encountered. This logging can be turned off or adjusted with configuration settings 'akka.log-dead-letters' and 'akka.log-dead-letters-during-shutdown'.
14:43:41.936 [worker-akka.actor.default-dispatcher-5] INFO  a.a.LocalActorRef akka://worker/user/watcher/graph/edge/FlameSocketGraphDeployerRear - Stopped
14:43:41.936 [worker-akka.actor.default-dispatcher-5] INFO  a.a.LocalActorRef akka://worker/user/watcher/graph/edge - Stopped
14:43:41.936 [worker-akka.actor.default-dispatcher-5] INFO  a.a.LocalActorRef akka://worker/user/watcher/graph - Stopped
14:43:41.936 [worker-akka.actor.default-dispatcher-5] INFO  a.a.RepointableActorRef akka://worker/user/watcher - Stopped
14:43:41.939 [worker-akka.actor.default-dispatcher-13] INFO  o.a.z.ZooKeeper  - Session: 0x16262bac5490008 closed
14:43:41.940 [worker-akka.actor.default-dispatcher-6-EventThread] INFO  o.a.z.ClientCnxn  - EventThread shut down for session: 0x16262bac5490008
14:43:41.948 [worker-akka.actor.default-dispatcher-20] INFO  a.r.RemoteActorRefProvider$RemotingTerminator akka://worker@10.0.0.48:5412/system/remoting-terminator - Shutting down remote daemon.
14:43:41.951 [worker-akka.actor.default-dispatcher-17] INFO  a.r.RemoteActorRefProvider$RemotingTerminator akka://worker@10.0.0.48:5412/system/remoting-terminator - Remote daemon shut down; proceeding with flushing remote transports.
14:43:43.077 [worker-akka.actor.default-dispatcher-5] INFO  a.r.RemoteActorRefProvider$RemotingTerminator akka://worker@10.0.0.48:5412/system/remoting-terminator - Remoting shut down.
Heap
 def new generation   total 153600K, used 61837K [0x00000000e0c00000, 0x00000000eb2a0000, 0x00000000eb2a0000)
  eden space 136576K,  38% used [0x00000000e0c00000, 0x00000000e3f40538, 0x00000000e9160000)
  from space 17024K,  54% used [0x00000000ea200000, 0x00000000eab231c8, 0x00000000eb2a0000)
  to   space 17024K,   0% used [0x00000000e9160000, 0x00000000e9160000, 0x00000000ea200000)
 tenured generation   total 341376K, used 228044K [0x00000000eb2a0000, 0x0000000100000000, 0x0000000100000000)
   the space 341376K,  66% used [0x00000000eb2a0000, 0x00000000f9153258, 0x00000000f9153400, 0x0000000100000000)
 Metaspace       used 34037K, capacity 34978K, committed 35200K, reserved 1079296K
  class space    used 4480K, capacity 4668K, committed 4736K, reserved 1048576K
