13:11:59.989 [worker-akka.actor.default-dispatcher-2] INFO  a.e.s.Slf4jLogger  - Slf4jLogger started
2018-02-19T13:12:00.163+0000: 2.671: [Full GC (Metadata GC Threshold) 2018-02-19T13:12:00.163+0000: 2.671: [Tenured: 0K->15417K(341376K), 0.0376325 secs] 117538K->15417K(494976K), [Metaspace: 20873K->20873K(1067008K)], 0.0376961 secs] [Times: user=0.03 sys=0.01, real=0.04 secs] 
Ama winner
Ama winner
13:12:00.620 [worker-akka.actor.default-dispatcher-2] INFO  a.r.a.ArteryTransport(akka://worker) akka.remote.artery.ArteryTransport(akka://worker) - Started embedded media driver in directory [/dev/shm/aeron-root-worker-19360d4d-d09b-4d41-b73e-cd4e556b4c45]
13:12:00.841 [worker-akka.actor.default-dispatcher-2] INFO  a.r.a.ArteryTransport(akka://worker) akka.remote.artery.ArteryTransport(akka://worker) - Remoting started; listening on address: [akka://worker@172.31.47.100:5412] with UID [-5331720078786632]
13:12:00.948 [worker-akka.actor.default-dispatcher-2] INFO  o.a.z.ZooKeeper  - Client environment:zookeeper.version=3.4.9-1757313, built on 08/23/2016 06:50 GMT
13:12:00.948 [worker-akka.actor.default-dispatcher-2] INFO  o.a.z.ZooKeeper  - Client environment:host.name=ip-172-31-47-100.us-east-2.compute.internal
13:12:00.948 [worker-akka.actor.default-dispatcher-2] INFO  o.a.z.ZooKeeper  - Client environment:java.version=1.8.0_151
13:12:00.948 [worker-akka.actor.default-dispatcher-2] INFO  o.a.z.ZooKeeper  - Client environment:java.vendor=Oracle Corporation
13:12:00.948 [worker-akka.actor.default-dispatcher-2] INFO  o.a.z.ZooKeeper  - Client environment:java.home=/usr/lib/jvm/java-8-openjdk-amd64/jre
13:12:00.948 [worker-akka.actor.default-dispatcher-2] INFO  o.a.z.ZooKeeper  - Client environment:java.class.path=lib/commons-cli-1.4.jar:lib/minlog-1.3.0.jar:lib/asm-5.0.4.jar:lib/hadoop-annotations-2.7.3.jar:lib/hadoop-auth-2.7.3.jar:lib/akka-slf4j_2.11-2.5.6.jar:lib/jersey-core-1.9.jar:lib/lz4-1.3.0.jar:lib/jackson-core-asl-1.9.13.jar:lib/aeron-client-1.3.0.jar:lib/htrace-core-3.1.0-incubating.jar:lib/xz-1.0.jar:lib/commons-httpclient-3.1.jar:lib/asm-3.1.jar:lib/commons-lang3-3.4.jar:lib/scala-library-2.11.11.jar:lib/scala-java8-compat_2.11-0.7.0.jar:lib/commons-configuration-1.6.jar:lib/objenesis-2.1.jar:lib/jackson-annotations-2.8.0.jar:lib/jsr305-3.0.0.jar:lib/curator-framework-2.7.1.jar:lib/jersey-server-1.9.jar:lib/jets3t-0.9.0.jar:lib/leveldb-0.7.jar:lib/jetty-6.1.26.jar:lib/stax-api-1.0-2.jar:lib/flamestream-core-1.0-SNAPSHOT.jar:lib/reflectasm-1.07-shaded.jar:lib/apacheds-kerberos-codec-2.0.0-M15.jar:lib/api-asn1-api-1.0.0-M20.jar:lib/commons-lang-2.6.jar:lib/commons-beanutils-1.7.0.jar:lib/jackson-xc-1.8.3.jar:lib/jetty-util-6.1.26.jar:lib/logback-classic-1.2.3.jar:lib/jool-0.9.12.jar:lib/flamestream-runtime-1.0-SNAPSHOT-tests.jar:lib/httpcore-4.1.2.jar:lib/kryo-4.0.0.jar:lib/ant-1.8.1.jar:lib/jaxb-impl-2.2.3-1.jar:lib/jersey-json-1.9.jar:lib/commons-compress-1.4.1.jar:lib/leveldbjni-all-1.8.jar:lib/paranamer-2.3.jar:lib/jackson-core-2.8.4.jar:lib/commons-math3-3.6.1.jar:lib/scala-parser-combinators_2.11-1.0.4.jar:lib/netty-3.10.6.Final.jar:lib/trove4j-3.0.3.jar:lib/jaxb-api-2.2.2.jar:lib/logback-core-1.2.3.jar:lib/snappy-java-1.0.4.1.jar:lib/protobuf-java-2.5.0.jar:lib/reactive-streams-1.0.1.jar:lib/flamestream-examples-1.0-SNAPSHOT.jar:lib/commons-codec-1.4.jar:lib/activation-1.1.jar:lib/commons-net-3.1.jar:lib/curator-recipes-2.7.1.jar:lib/jackson-mapper-asl-1.9.13.jar:lib/jackson-databind-2.8.4.jar:lib/flamestream-runtime-1.0-SNAPSHOT.jar:lib/jackson-jaxrs-1.8.3.jar:lib/slf4j-api-1.7.24.jar:lib/akka-remote_2.11-2.5.6.jar:lib/akka-testkit_2.11-2.5.6.jar:lib/jline-0.9.94.jar:lib/akka-stream_2.11-2.5.6.jar:lib/jsp-api-2.1.jar:lib/kryonet-2.21.jar:lib/akka-kryo-serialization_2.11-0.5.0.jar:lib/config-1.3.1.jar:lib/ant-launcher-1.8.1.jar:lib/commons-logging-1.2.jar:lib/ssl-config-core_2.11-0.2.2.jar:lib/testng-6.10.jar:lib/leveldb-api-0.7.jar:lib/reflectasm-1.11.3.jar:lib/jcommander-1.48.jar:lib/commons-1.1.jar:lib/commons-digester-1.8.jar:lib/minlog-1.2.jar:lib/java-xmlbuilder-0.4.jar:lib/jettison-1.1.jar:lib/gson-2.2.4.jar:lib/jdk.tools-1.8.jar:lib/aeron-driver-1.3.0.jar:lib/zookeeper-3.4.9.jar:lib/commons-beanutils-core-1.8.0.jar:lib/commons-math3-3.1.1.jar:lib/akka-actor_2.11-2.5.6.jar:lib/curator-client-2.7.1.jar:lib/servlet-api-2.5.jar:lib/apacheds-i18n-2.0.0-M15.jar:lib/commons-io-2.4.jar:lib/commons-codec-1.6.jar:lib/akka-protobuf_2.11-2.5.6.jar:lib/protobuf-java-3.5.1.jar:lib/jdom-2.0.2.jar:lib/api-util-1.0.0-M20.jar:lib/hadoop-common-2.7.3.jar:lib/agrona-0.9.6.jar:lib/xmlenc-0.52.jar:lib/guava-21.0.jar:lib/commons-collections-3.2.2.jar:lib/avro-1.7.4.jar:lib/httpclient-4.1.2.jar:lib/flamestream-core-1.0-SNAPSHOT-tests.jar:lib/annotations-12.0.jar:lib/jsch-0.1.42.jar:flamestream-runtime-1.0-SNAPSHOT.jar
13:12:00.949 [worker-akka.actor.default-dispatcher-2] INFO  o.a.z.ZooKeeper  - Client environment:java.library.path=/usr/java/packages/lib/amd64:/usr/lib/x86_64-linux-gnu/jni:/lib/x86_64-linux-gnu:/usr/lib/x86_64-linux-gnu:/usr/lib/jni:/lib:/usr/lib
13:12:00.949 [worker-akka.actor.default-dispatcher-2] INFO  o.a.z.ZooKeeper  - Client environment:java.io.tmpdir=/tmp
13:12:00.949 [worker-akka.actor.default-dispatcher-2] INFO  o.a.z.ZooKeeper  - Client environment:java.compiler=<NA>
13:12:00.949 [worker-akka.actor.default-dispatcher-2] INFO  o.a.z.ZooKeeper  - Client environment:os.name=Linux
13:12:00.949 [worker-akka.actor.default-dispatcher-2] INFO  o.a.z.ZooKeeper  - Client environment:os.arch=amd64
13:12:00.949 [worker-akka.actor.default-dispatcher-2] INFO  o.a.z.ZooKeeper  - Client environment:os.version=4.4.0-1049-aws
13:12:00.949 [worker-akka.actor.default-dispatcher-2] INFO  o.a.z.ZooKeeper  - Client environment:user.name=root
13:12:00.950 [worker-akka.actor.default-dispatcher-2] INFO  o.a.z.ZooKeeper  - Client environment:user.home=/root
13:12:00.950 [worker-akka.actor.default-dispatcher-2] INFO  o.a.z.ZooKeeper  - Client environment:user.dir=/opt/flamestream
13:12:00.954 [worker-akka.actor.default-dispatcher-2] INFO  o.a.z.ZooKeeper  - Initiating client connection, connectString=172.31.34.147:2181 sessionTimeout=5000 watcher=com.spbsu.flamestream.runtime.application.LifecycleWatcher$$Lambda$29/2091173542@1b48f905
13:12:00.990 [worker-akka.actor.default-dispatcher-2] INFO  a.a.RepointableActorRef akka://worker/user/watcher - Starting...
13:12:00.992 [worker-akka.actor.default-dispatcher-2-SendThread(172.31.34.147:2181)] INFO  o.a.z.ClientCnxn  - Opening socket connection to server 172.31.34.147/172.31.34.147:2181. Will not attempt to authenticate using SASL (unknown error)
13:12:00.996 [worker-akka.actor.default-dispatcher-2-SendThread(172.31.34.147:2181)] INFO  o.a.z.ClientCnxn  - Socket connection established to 172.31.34.147/172.31.34.147:2181, initiating session
13:12:01.004 [worker-akka.actor.default-dispatcher-2-SendThread(172.31.34.147:2181)] INFO  o.a.z.ClientCnxn  - Session establishment complete on server 172.31.34.147/172.31.34.147:2181, sessionid = 0x161ae307a940006, negotiated timeout = 6000
13:12:01.104 [worker-akka.actor.default-dispatcher-2] INFO  a.a.RepointableActorRef akka://worker/user/watcher - Connected to ZK
13:12:10.872 [worker-akka.actor.default-dispatcher-2] INFO  a.a.RepointableActorRef akka://worker/user/watcher - Creating node with watchGraphs: 'com.spbsu.flamestream.core.Graph$Builder$MyGraph@22aae96d', config: 'ClusterConfig{paths={172.31.33.155=akka://worker@172.31.33.155:5412/user/watcher/graph0000000000, 172.31.47.83=akka://worker@172.31.47.83:5412/user/watcher/graph0000000000, 172.31.45.197=akka://worker@172.31.45.197:5412/user/watcher/graph0000000000, 172.31.42.36=akka://worker@172.31.42.36:5412/user/watcher/graph0000000000, 172.31.44.83=akka://worker@172.31.44.83:5412/user/watcher/graph0000000000, 172.31.39.64=akka://worker@172.31.39.64:5412/user/watcher/graph0000000000, 172.31.35.79=akka://worker@172.31.35.79:5412/user/watcher/graph0000000000, 172.31.34.169=akka://worker@172.31.34.169:5412/user/watcher/graph0000000000, 172.31.47.100=akka://worker@172.31.47.100:5412/user/watcher/graph0000000000, 172.31.37.101=akka://worker@172.31.37.101:5412/user/watcher/graph0000000000}, ackerLocation='172.31.35.79', props=ComputationLayout{ranges={172.31.33.155=HashRange{from=-1670265060, to=-1193046472}, 172.31.47.83=HashRange{from=1670265056, to=2147483644}, 172.31.45.197=HashRange{from=-715827884, to=-238609296}, 172.31.42.36=HashRange{from=1193046468, to=1670265056}, 172.31.44.83=HashRange{from=-238609296, to=238609292}, 172.31.39.64=HashRange{from=715827880, to=1193046468}, 172.31.35.79=HashRange{from=0, to=0}, 172.31.34.169=HashRange{from=-2147483648, to=-1670265060}, 172.31.47.100=HashRange{from=238609292, to=715827880}, 172.31.37.101=HashRange{from=-1193046472, to=-715827884}}}}'
13:12:11.725 [worker-akka.actor.default-dispatcher-2] INFO  a.a.LocalActorRef akka://worker/user/watcher/graph0000000000/graph - Starting...
13:12:11.727 [worker-akka.actor.default-dispatcher-2] INFO  a.a.LocalActorRef akka://worker/user/watcher/graph0000000000/graph/local-acker/$a - Starting...
13:12:11.729 [worker-akka.actor.default-dispatcher-2] INFO  a.a.LocalActorRef akka://worker/user/watcher/graph0000000000/graph/local-acker - Starting...
Warning: space is running low in /dev/shm (tmpfs) threshold=167,772,160 usable=158,621,696
Warning: space is running low in /dev/shm (tmpfs) threshold=167,772,160 usable=146,034,688
Warning: space is running low in /dev/shm (tmpfs) threshold=167,772,160 usable=133,447,680
Warning: space is running low in /dev/shm (tmpfs) threshold=167,772,160 usable=120,860,672
Warning: space is running low in /dev/shm (tmpfs) threshold=167,772,160 usable=108,273,664
Warning: space is running low in /dev/shm (tmpfs) threshold=167,772,160 usable=95,686,656
Warning: space is running low in /dev/shm (tmpfs) threshold=167,772,160 usable=83,099,648
Warning: space is running low in /dev/shm (tmpfs) threshold=167,772,160 usable=70,512,640
13:12:13.788 [worker-akka.actor.default-dispatcher-2] INFO  a.a.LocalActorRef akka://worker/user/watcher/graph0000000000 - Starting...
13:12:13.789 [worker-akka.actor.default-dispatcher-2] INFO  a.a.LocalActorRef akka://worker/user/watcher/graph0000000000/graph - Finishing constructor
13:12:13.790 [worker-akka.actor.default-dispatcher-2] INFO  a.a.LocalActorRef akka://worker/user/watcher/graph0000000000/negotiator - Starting...
13:12:13.791 [worker-akka.actor.default-dispatcher-2] INFO  a.a.LocalActorRef akka://worker/user/watcher/graph0000000000/edge - Starting...
13:12:13.875 [worker-akka.actor.default-dispatcher-2] INFO  c.s.f.r.e.s.SocketRear  - FlameSocketGraphDeployerRear@172.31.47.100: connecting to 172.31.34.147:5678
13:12:13.882 [worker-akka.actor.default-dispatcher-2] INFO  c.s.f.r.e.s.SocketRear  - FlameSocketGraphDeployerRear@172.31.47.100: connected to 172.31.34.147:5678
13:12:13.912 [worker-akka.actor.default-dispatcher-2] INFO  a.a.LocalActorRef akka://worker/user/watcher/graph0000000000/graph/$a - Starting...
13:12:13.922 [worker-akka.actor.default-dispatcher-2] INFO  a.a.LocalActorRef akka://worker/user/watcher/graph0000000000/graph/$b - Starting...
13:12:13.923 [worker-akka.actor.default-dispatcher-2] INFO  a.a.LocalActorRef akka://worker/user/watcher/graph0000000000/graph/$c - Starting...
13:12:13.923 [worker-akka.actor.default-dispatcher-2] INFO  a.a.LocalActorRef akka://worker/user/watcher/graph0000000000/edge/FlameSocketGraphDeployerRear - Starting...
13:12:13.923 [worker-akka.actor.default-dispatcher-2] INFO  a.a.LocalActorRef akka://worker/user/watcher/graph0000000000/edge/FlameSocketGraphDeployerFront - Starting...
13:12:13.924 [worker-akka.actor.default-dispatcher-2] INFO  a.a.LocalActorRef akka://worker/user/watcher/graph0000000000/negotiator - Requesting ticket for the frontClass FlameSocketGraphDeployerFront@172.31.47.100
13:12:13.925 [worker-akka.actor.default-dispatcher-2] INFO  a.a.LocalActorRef akka://worker/user/watcher/graph0000000000/negotiator - Ticket for the frontClass received: FrontTicket{allowedTimestamp=(1519045930868, FlameSocketGraphDeployerFront@172.31.47.100)}
13:12:13.929 [worker-akka.actor.default-dispatcher-2] INFO  c.s.f.r.e.s.SocketFront  - FlameSocketGraphDeployerFront@172.31.47.100: connecting to 172.31.34.147:4567
13:12:13.950 [Client] INFO  c.s.f.r.e.s.SocketFront  - FlameSocketGraphDeployerFront@172.31.47.100 has been disconnected from Connection 10
2018-02-19T13:12:17.234+0000: 19.742: [GC (Allocation Failure) 2018-02-19T13:12:17.234+0000: 19.742: [DefNew: 136576K->15110K(153600K), 0.0276595 secs] 151993K->50058K(494976K), 0.0277228 secs] [Times: user=0.02 sys=0.00, real=0.03 secs] 
2018-02-19T13:12:41.311+0000: 43.820: [GC (Allocation Failure) 2018-02-19T13:12:41.312+0000: 43.820: [DefNew: 151686K->3822K(153600K), 0.0196972 secs] 186634K->46322K(494976K), 0.0197608 secs] [Times: user=0.01 sys=0.01, real=0.02 secs] 
2018-02-19T13:13:03.008+0000: 65.516: [GC (Allocation Failure) 2018-02-19T13:13:03.008+0000: 65.517: [DefNew: 140398K->6005K(153600K), 0.0125146 secs] 182898K->48505K(494976K), 0.0125776 secs] [Times: user=0.01 sys=0.00, real=0.01 secs] 
2018-02-19T13:13:26.536+0000: 89.044: [GC (Allocation Failure) 2018-02-19T13:13:26.536+0000: 89.044: [DefNew: 142581K->8083K(153600K), 0.0172109 secs] 185081K->50583K(494976K), 0.0172743 secs] [Times: user=0.02 sys=0.00, real=0.02 secs] 
2018-02-19T13:13:45.316+0000: 107.824: [GC (Allocation Failure) 2018-02-19T13:13:45.316+0000: 107.824: [DefNew: 144659K->9034K(153600K), 0.0150250 secs] 187159K->51534K(494976K), 0.0150887 secs] [Times: user=0.02 sys=0.00, real=0.02 secs] 
2018-02-19T13:14:05.057+0000: 127.565: [GC (Allocation Failure) 2018-02-19T13:14:05.057+0000: 127.565: [DefNew: 145610K->8610K(153600K), 0.0169017 secs] 188110K->52680K(494976K), 0.0169757 secs] [Times: user=0.01 sys=0.00, real=0.02 secs] 
2018-02-19T13:14:24.984+0000: 147.492: [GC (Allocation Failure) 2018-02-19T13:14:24.984+0000: 147.492: [DefNew: 145186K->8224K(153600K), 0.0160656 secs] 189256K->53538K(494976K), 0.0161316 secs] [Times: user=0.01 sys=0.00, real=0.02 secs] 
2018-02-19T13:14:52.219+0000: 174.728: [GC (Allocation Failure) 2018-02-19T13:14:52.220+0000: 174.728: [DefNew: 144800K->9807K(153600K), 0.0181171 secs] 190114K->55121K(494976K), 0.0181828 secs] [Times: user=0.01 sys=0.01, real=0.02 secs] 
2018-02-19T13:15:17.209+0000: 199.717: [GC (Allocation Failure) 2018-02-19T13:15:17.209+0000: 199.717: [DefNew: 146383K->9662K(153600K), 0.0175638 secs] 191697K->56336K(494976K), 0.0176297 secs] [Times: user=0.00 sys=0.02, real=0.02 secs] 
2018-02-19T13:15:38.840+0000: 221.348: [GC (Allocation Failure) 2018-02-19T13:15:38.840+0000: 221.348: [DefNew: 146238K->9719K(153600K), 0.0167884 secs] 192912K->57484K(494976K), 0.0168575 secs] [Times: user=0.02 sys=0.00, real=0.01 secs] 
2018-02-19T13:16:06.068+0000: 248.576: [GC (Allocation Failure) 2018-02-19T13:16:06.068+0000: 248.576: [DefNew: 146295K->9193K(153600K), 0.0181155 secs] 194060K->58938K(494976K), 0.0181896 secs] [Times: user=0.01 sys=0.00, real=0.02 secs] 
2018-02-19T13:16:31.316+0000: 273.824: [GC (Allocation Failure) 2018-02-19T13:16:31.316+0000: 273.824: [DefNew: 145769K->8931K(153600K), 0.0167738 secs] 195514K->60208K(494976K), 0.0168388 secs] [Times: user=0.02 sys=0.00, real=0.02 secs] 
2018-02-19T13:16:57.593+0000: 300.101: [GC (Allocation Failure) 2018-02-19T13:16:57.593+0000: 300.101: [DefNew: 145507K->8819K(153600K), 0.0165782 secs] 196784K->61178K(494976K), 0.0166506 secs] [Times: user=0.02 sys=0.00, real=0.02 secs] 
2018-02-19T13:17:21.880+0000: 324.388: [GC (Allocation Failure) 2018-02-19T13:17:21.880+0000: 324.388: [DefNew: 145395K->8809K(153600K), 0.0168914 secs] 197754K->62345K(494976K), 0.0169707 secs] [Times: user=0.02 sys=0.00, real=0.01 secs] 
2018-02-19T13:17:47.518+0000: 350.026: [GC (Allocation Failure) 2018-02-19T13:17:47.518+0000: 350.026: [DefNew: 145385K->8794K(153600K), 0.0166518 secs] 198921K->63494K(494976K), 0.0167329 secs] [Times: user=0.02 sys=0.00, real=0.01 secs] 
2018-02-19T13:18:12.937+0000: 375.445: [GC (Allocation Failure) 2018-02-19T13:18:12.937+0000: 375.445: [DefNew: 145370K->9120K(153600K), 0.0168733 secs] 200070K->64869K(494976K), 0.0169380 secs] [Times: user=0.01 sys=0.00, real=0.02 secs] 
2018-02-19T13:18:37.296+0000: 399.804: [GC (Allocation Failure) 2018-02-19T13:18:37.296+0000: 399.804: [DefNew: 145696K->9497K(153600K), 0.0165169 secs] 201445K->66321K(494976K), 0.0165801 secs] [Times: user=0.02 sys=0.00, real=0.02 secs] 
2018-02-19T13:18:59.054+0000: 421.562: [GC (Allocation Failure) 2018-02-19T13:18:59.054+0000: 421.562: [DefNew: 146073K->9700K(153600K), 0.0174420 secs] 202897K->67672K(494976K), 0.0175072 secs] [Times: user=0.01 sys=0.00, real=0.02 secs] 
2018-02-19T13:19:29.783+0000: 452.291: [GC (Allocation Failure) 2018-02-19T13:19:29.783+0000: 452.291: [DefNew: 146276K->8701K(153600K), 0.0186202 secs] 204248K->69040K(494976K), 0.0186865 secs] [Times: user=0.02 sys=0.00, real=0.02 secs] 
2018-02-19T13:19:52.015+0000: 474.523: [GC (Allocation Failure) 2018-02-19T13:19:52.015+0000: 474.523: [DefNew: 145277K->8892K(153600K), 0.0167018 secs] 205616K->70451K(494976K), 0.0167689 secs] [Times: user=0.02 sys=0.00, real=0.02 secs] 
2018-02-19T13:20:10.038+0000: 492.546: [GC (Allocation Failure) 2018-02-19T13:20:10.038+0000: 492.546: [DefNew: 145409K->8336K(153600K), 0.0156757 secs] 206968K->71114K(494976K), 0.0157410 secs] [Times: user=0.02 sys=0.00, real=0.01 secs] 
2018-02-19T13:20:29.386+0000: 511.894: [GC (Allocation Failure) 2018-02-19T13:20:29.386+0000: 511.894: [DefNew: 144912K->9764K(153600K), 0.0151405 secs] 207690K->72542K(494976K), 0.0152018 secs] [Times: user=0.02 sys=0.00, real=0.01 secs] 
2018-02-19T13:20:53.461+0000: 535.969: [GC (Allocation Failure) 2018-02-19T13:20:53.461+0000: 535.969: [DefNew: 146340K->10763K(153600K), 0.0247064 secs] 209118K->74752K(494976K), 0.0247702 secs] [Times: user=0.02 sys=0.02, real=0.03 secs] 
2018-02-19T13:21:15.700+0000: 558.208: [GC (Allocation Failure) 2018-02-19T13:21:15.700+0000: 558.208: [DefNew: 147339K->10001K(153600K), 0.0198141 secs] 211328K->76020K(494976K), 0.0198895 secs] [Times: user=0.01 sys=0.00, real=0.02 secs] 
2018-02-19T13:21:36.220+0000: 578.728: [GC (Allocation Failure) 2018-02-19T13:21:36.220+0000: 578.728: [DefNew: 146577K->8246K(153600K), 0.0201203 secs] 212596K->77746K(494976K), 0.0201923 secs] [Times: user=0.00 sys=0.02, real=0.02 secs] 
2018-02-19T13:22:00.137+0000: 602.645: [GC (Allocation Failure) 2018-02-19T13:22:00.137+0000: 602.645: [DefNew: 144822K->9337K(153600K), 0.0146394 secs] 214322K->78837K(494976K), 0.0147138 secs] [Times: user=0.02 sys=0.00, real=0.02 secs] 
2018-02-19T13:22:23.826+0000: 626.334: [GC (Allocation Failure) 2018-02-19T13:22:23.826+0000: 626.334: [DefNew: 145913K->9462K(153600K), 0.0169322 secs] 215413K->80306K(494976K), 0.0170199 secs] [Times: user=0.02 sys=0.00, real=0.01 secs] 
2018-02-19T13:22:43.844+0000: 646.352: [GC (Allocation Failure) 2018-02-19T13:22:43.844+0000: 646.352: [DefNew: 146038K->9531K(153600K), 0.0181350 secs] 216882K->81514K(494976K), 0.0182110 secs] [Times: user=0.02 sys=0.00, real=0.02 secs] 
2018-02-19T13:23:09.612+0000: 672.120: [GC (Allocation Failure) 2018-02-19T13:23:09.612+0000: 672.120: [DefNew: 146107K->9587K(153600K), 0.0183375 secs] 218090K->82761K(494976K), 0.0183986 secs] [Times: user=0.02 sys=0.01, real=0.02 secs] 
2018-02-19T13:23:28.197+0000: 690.705: [GC (Allocation Failure) 2018-02-19T13:23:28.197+0000: 690.705: [DefNew: 146163K->10215K(153600K), 0.0167648 secs] 219337K->84530K(494976K), 0.0168395 secs] [Times: user=0.02 sys=0.00, real=0.02 secs] 
2018-02-19T13:23:54.682+0000: 717.190: [GC (Allocation Failure) 2018-02-19T13:23:54.682+0000: 717.190: [DefNew: 146791K->8724K(153600K), 0.0174936 secs] 221106K->85745K(494976K), 0.0175568 secs] [Times: user=0.02 sys=0.00, real=0.02 secs] 
2018-02-19T13:24:12.480+0000: 734.988: [GC (Allocation Failure) 2018-02-19T13:24:12.480+0000: 734.988: [DefNew: 145300K->8335K(153600K), 0.0274310 secs] 222321K->87098K(494976K), 0.0274991 secs] [Times: user=0.00 sys=0.03, real=0.03 secs] 
2018-02-19T13:24:37.499+0000: 760.007: [GC (Allocation Failure) 2018-02-19T13:24:37.499+0000: 760.007: [DefNew: 144911K->10096K(153600K), 0.0155553 secs] 223674K->88860K(494976K), 0.0156136 secs] [Times: user=0.01 sys=0.00, real=0.01 secs] 
2018-02-19T13:24:55.826+0000: 778.334: [GC (Allocation Failure) 2018-02-19T13:24:55.826+0000: 778.335: [DefNew: 146672K->8901K(153600K), 0.0317364 secs] 225436K->90239K(494976K), 0.0318322 secs] [Times: user=0.00 sys=0.03, real=0.03 secs] 
2018-02-19T13:25:22.287+0000: 804.795: [GC (Allocation Failure) 2018-02-19T13:25:22.287+0000: 804.795: [DefNew: 145477K->9404K(153600K), 0.0168248 secs] 226815K->92222K(494976K), 0.0168866 secs] [Times: user=0.02 sys=0.00, real=0.01 secs] 
2018-02-19T13:25:41.709+0000: 824.217: [GC (Allocation Failure) 2018-02-19T13:25:41.709+0000: 824.217: [DefNew: 145980K->8991K(153600K), 0.0290588 secs] 228798K->93234K(494976K), 0.0291252 secs] [Times: user=0.00 sys=0.03, real=0.03 secs] 
2018-02-19T13:26:07.513+0000: 850.021: [GC (Allocation Failure) 2018-02-19T13:26:07.513+0000: 850.022: [DefNew: 145567K->9174K(153600K), 0.0183522 secs] 229810K->95074K(494976K), 0.0184196 secs] [Times: user=0.02 sys=0.00, real=0.02 secs] 
2018-02-19T13:26:27.461+0000: 869.969: [GC (Allocation Failure) 2018-02-19T13:26:27.461+0000: 869.969: [DefNew: 145750K->9237K(153600K), 0.0155532 secs] 231650K->96539K(494976K), 0.0156165 secs] [Times: user=0.01 sys=0.00, real=0.01 secs] 
2018-02-19T13:26:45.563+0000: 888.071: [GC (Allocation Failure) 2018-02-19T13:26:45.563+0000: 888.071: [DefNew: 145813K->9444K(153600K), 0.0301973 secs] 233115K->98234K(494976K), 0.0302756 secs] [Times: user=0.00 sys=0.03, real=0.03 secs] 
2018-02-19T13:27:10.865+0000: 913.373: [GC (Allocation Failure) 2018-02-19T13:27:10.865+0000: 913.373: [DefNew: 146020K->9410K(153600K), 0.0176790 secs] 234810K->99756K(494976K), 0.0177517 secs] [Times: user=0.02 sys=0.01, real=0.02 secs] 
2018-02-19T13:27:29.787+0000: 932.295: [GC (Allocation Failure) 2018-02-19T13:27:29.787+0000: 932.295: [DefNew: 145986K->10679K(153600K), 0.0311769 secs] 236332K->102494K(494976K), 0.0312392 secs] [Times: user=0.00 sys=0.03, real=0.03 secs] 
13:27:39.137 [Client] INFO  c.s.f.r.e.s.SocketRear  - FlameSocketGraphDeployerRear@172.31.47.100: has been disconnected from Connection 10
13:27:51.953 [worker-akka.actor.default-dispatcher-2] INFO  a.a.CoordinatedShutdown CoordinatedShutdown(akka://worker) - Starting coordinated shutdown from JVM shutdown hook
13:27:52.003 [worker-akka.actor.default-dispatcher-2] INFO  a.a.LocalActorRef akka://worker/user/watcher/graph0000000000/negotiator - Stopped
13:27:52.008 [worker-akka.actor.default-dispatcher-2] INFO  a.a.LocalActorRef akka://worker/user/watcher/graph0000000000/edge/FlameSocketGraphDeployerFront - Stopped
13:27:52.009 [worker-akka.actor.default-dispatcher-2] INFO  a.a.LocalActorRef akka://worker/user/watcher/graph0000000000/edge/FlameSocketGraphDeployerRear - Stopped
13:27:52.009 [worker-akka.actor.default-dispatcher-2] INFO  a.a.LocalActorRef akka://worker/user/watcher/graph0000000000/graph/$a - Stopped
13:27:52.009 [worker-akka.actor.default-dispatcher-2] INFO  a.a.LocalActorRef akka://worker/user/watcher/graph0000000000/graph/$b - Stopped
13:27:52.009 [worker-akka.actor.default-dispatcher-2] INFO  a.a.LocalActorRef akka://worker/user/watcher/graph0000000000/graph/$c - Stopped
13:27:52.011 [worker-akka.actor.default-dispatcher-2] INFO  a.a.LocalActorRef akka://worker/user/watcher/graph0000000000/graph/local-acker/$a - Stopped
13:27:52.014 [worker-akka.actor.default-dispatcher-2] INFO  a.a.LocalActorRef akka://worker/user/watcher/graph0000000000/edge - Stopped
13:27:52.015 [worker-akka.actor.default-dispatcher-2] INFO  a.a.LocalActorRef akka://worker/user/watcher/graph0000000000/graph/local-acker/$a - Message [com.spbsu.flamestream.runtime.utils.akka.PingActor$InnerPing] from Actor[akka://worker/user/watcher/graph0000000000/graph/local-acker/$a#-1445854526] to Actor[akka://worker/user/watcher/graph0000000000/graph/local-acker/$a#-1445854526] was not delivered. [1] dead letters encountered. This logging can be turned off or adjusted with configuration settings 'akka.log-dead-letters' and 'akka.log-dead-letters-during-shutdown'.
13:27:52.015 [worker-akka.actor.default-dispatcher-2] INFO  a.a.LocalActorRef akka://worker/user/watcher/graph0000000000/graph/local-acker - Stopped
13:27:52.017 [worker-akka.actor.default-dispatcher-2] INFO  a.a.LocalActorRef akka://worker/user/watcher/graph0000000000/graph/local-acker/$a - Message [com.spbsu.flamestream.runtime.utils.akka.PingActor$Stop] from Actor[akka://worker/user/watcher/graph0000000000/graph/local-acker#1472273652] to Actor[akka://worker/user/watcher/graph0000000000/graph/local-acker/$a#-1445854526] was not delivered. [2] dead letters encountered. This logging can be turned off or adjusted with configuration settings 'akka.log-dead-letters' and 'akka.log-dead-letters-during-shutdown'.
13:27:52.017 [worker-akka.actor.default-dispatcher-2] INFO  a.a.LocalActorRef akka://worker/user/watcher/graph0000000000/graph/local-acker - Message [com.spbsu.flamestream.runtime.acker.LocalAcker$Flush] from Actor[akka://worker/user/watcher/graph0000000000/graph/local-acker#1472273652] to Actor[akka://worker/user/watcher/graph0000000000/graph/local-acker#1472273652] was not delivered. [3] dead letters encountered. This logging can be turned off or adjusted with configuration settings 'akka.log-dead-letters' and 'akka.log-dead-letters-during-shutdown'.
13:27:52.018 [worker-akka.actor.default-dispatcher-2] INFO  a.a.LocalActorRef akka://worker/user/watcher/graph0000000000/graph/local-acker - Message [com.spbsu.flamestream.runtime.acker.LocalAcker$Flush] from Actor[akka://worker/user/watcher/graph0000000000/graph/local-acker#1472273652] to Actor[akka://worker/user/watcher/graph0000000000/graph/local-acker#1472273652] was not delivered. [4] dead letters encountered. This logging can be turned off or adjusted with configuration settings 'akka.log-dead-letters' and 'akka.log-dead-letters-during-shutdown'.
13:27:52.018 [worker-akka.actor.default-dispatcher-2] INFO  a.a.LocalActorRef akka://worker/user/watcher/graph0000000000/graph/local-acker - Message [com.spbsu.flamestream.runtime.acker.LocalAcker$Flush] from Actor[akka://worker/user/watcher/graph0000000000/graph/local-acker#1472273652] to Actor[akka://worker/user/watcher/graph0000000000/graph/local-acker#1472273652] was not delivered. [5] dead letters encountered. This logging can be turned off or adjusted with configuration settings 'akka.log-dead-letters' and 'akka.log-dead-letters-during-shutdown'.
13:27:52.019 [worker-akka.actor.default-dispatcher-2] INFO  a.a.LocalActorRef akka://worker/user/watcher/graph0000000000/graph/local-acker - Message [com.spbsu.flamestream.runtime.acker.LocalAcker$Flush] from Actor[akka://worker/user/watcher/graph0000000000/graph/local-acker#1472273652] to Actor[akka://worker/user/watcher/graph0000000000/graph/local-acker#1472273652] was not delivered. [6] dead letters encountered. This logging can be turned off or adjusted with configuration settings 'akka.log-dead-letters' and 'akka.log-dead-letters-during-shutdown'.
13:27:52.025 [worker-akka.actor.default-dispatcher-2] INFO  a.a.LocalActorRef akka://worker/user/watcher/graph0000000000/graph/local-acker - Message [com.spbsu.flamestream.runtime.acker.LocalAcker$Flush] from Actor[akka://worker/user/watcher/graph0000000000/graph/local-acker#1472273652] to Actor[akka://worker/user/watcher/graph0000000000/graph/local-acker#1472273652] was not delivered. [7] dead letters encountered. This logging can be turned off or adjusted with configuration settings 'akka.log-dead-letters' and 'akka.log-dead-letters-during-shutdown'.
13:27:52.026 [worker-akka.actor.default-dispatcher-2] INFO  a.a.LocalActorRef akka://worker/user/watcher/graph0000000000/graph/local-acker - Message [com.spbsu.flamestream.runtime.acker.LocalAcker$Flush] from Actor[akka://worker/user/watcher/graph0000000000/graph/local-acker#1472273652] to Actor[akka://worker/user/watcher/graph0000000000/graph/local-acker#1472273652] was not delivered. [8] dead letters encountered. This logging can be turned off or adjusted with configuration settings 'akka.log-dead-letters' and 'akka.log-dead-letters-during-shutdown'.
13:27:52.027 [worker-akka.actor.default-dispatcher-2] INFO  a.a.LocalActorRef akka://worker/user/watcher/graph0000000000/graph/local-acker - Message [com.spbsu.flamestream.runtime.acker.LocalAcker$Flush] from Actor[akka://worker/user/watcher/graph0000000000/graph/local-acker#1472273652] to Actor[akka://worker/user/watcher/graph0000000000/graph/local-acker#1472273652] was not delivered. [9] dead letters encountered. This logging can be turned off or adjusted with configuration settings 'akka.log-dead-letters' and 'akka.log-dead-letters-during-shutdown'.
13:27:52.028 [worker-akka.actor.default-dispatcher-2] INFO  a.a.LocalActorRef akka://worker/user/watcher/graph0000000000/graph/local-acker - Message [com.spbsu.flamestream.runtime.acker.LocalAcker$Flush] from Actor[akka://worker/user/watcher/graph0000000000/graph/local-acker#1472273652] to Actor[akka://worker/user/watcher/graph0000000000/graph/local-acker#1472273652] was not delivered. [10] dead letters encountered. This logging can be turned off or adjusted with configuration settings 'akka.log-dead-letters' and 'akka.log-dead-letters-during-shutdown'.
13:27:52.029 [worker-akka.actor.default-dispatcher-2] INFO  a.a.LocalActorRef akka://worker/user/watcher/graph0000000000/graph - Stopped
13:27:52.031 [worker-akka.actor.default-dispatcher-2-EventThread] INFO  o.a.z.ClientCnxn  - EventThread shut down for session: 0x161ae307a940006
13:27:52.031 [worker-akka.actor.default-dispatcher-2] INFO  o.a.z.ZooKeeper  - Session: 0x161ae307a940006 closed
13:27:52.031 [worker-akka.actor.default-dispatcher-2] INFO  a.a.LocalActorRef akka://worker/user/watcher/graph0000000000 - Stopped
13:27:52.032 [worker-akka.actor.default-dispatcher-2] INFO  a.a.RepointableActorRef akka://worker/user/watcher - Stopped
13:27:52.049 [worker-akka.actor.default-dispatcher-2] INFO  a.r.RemoteActorRefProvider$RemotingTerminator akka://worker@172.31.47.100:5412/system/remoting-terminator - Shutting down remote daemon.
13:27:52.054 [worker-akka.actor.default-dispatcher-2] INFO  a.r.RemoteActorRefProvider$RemotingTerminator akka://worker@172.31.47.100:5412/system/remoting-terminator - Remote daemon shut down; proceeding with flushing remote transports.
13:27:52.224 [worker-akka.actor.default-dispatcher-2] INFO  a.r.RemoteActorRefProvider$RemotingTerminator akka://worker@172.31.47.100:5412/system/remoting-terminator - Remoting shut down.
Heap
 def new generation   total 153600K, used 87210K [0x00000000e0c00000, 0x00000000eb2a0000, 0x00000000eb2a0000)
  eden space 136576K,  56% used [0x00000000e0c00000, 0x00000000e56bcbb0, 0x00000000e9160000)
  from space 17024K,  62% used [0x00000000ea200000, 0x00000000eac6dd40, 0x00000000eb2a0000)
  to   space 17024K,   0% used [0x00000000e9160000, 0x00000000e9160000, 0x00000000ea200000)
 tenured generation   total 341376K, used 91815K [0x00000000eb2a0000, 0x0000000100000000, 0x0000000100000000)
   the space 341376K,  26% used [0x00000000eb2a0000, 0x00000000f0c49e90, 0x00000000f0c4a000, 0x0000000100000000)
 Metaspace       used 33542K, capacity 34298K, committed 34688K, reserved 1079296K
  class space    used 4456K, capacity 4624K, committed 4736K, reserved 1048576K
