11:39:29.067 [main] INFO  c.s.f.r.a.WorkerApplication  - Starting worker with id: '172.31.47.100', host: '172.31.47.100:5412', zkString: '172.31.34.147:2181'
11:39:29.992 [worker-akka.actor.default-dispatcher-2] INFO  a.e.s.Slf4jLogger  - Slf4jLogger started
2018-02-15T11:39:30.142+0000: 1.964: [Full GC (Metadata GC Threshold) 2018-02-15T11:39:30.142+0000: 1.964: [Tenured: 0K->15391K(341376K), 0.0369111 secs] 117530K->15391K(494976K), [Metaspace: 20870K->20870K(1067008K)], 0.0369771 secs] [Times: user=0.04 sys=0.00, real=0.04 secs] 
11:39:30.528 [worker-akka.actor.default-dispatcher-2] INFO  a.r.a.ArteryTransport(akka://worker) akka.remote.artery.ArteryTransport(akka://worker) - Started embedded media driver in directory [/dev/shm/aeron-root-worker-291a0edc-f921-46b1-93f6-0940287d0b4c]
11:39:30.755 [worker-akka.actor.default-dispatcher-2] INFO  a.r.a.ArteryTransport(akka://worker) akka.remote.artery.ArteryTransport(akka://worker) - Remoting started; listening on address: [akka://worker@172.31.47.100:5412] with UID [3971725217669616572]
11:39:30.859 [worker-akka.actor.default-dispatcher-2] INFO  o.a.z.ZooKeeper  - Client environment:zookeeper.version=3.4.9-1757313, built on 08/23/2016 06:50 GMT
11:39:30.859 [worker-akka.actor.default-dispatcher-2] INFO  o.a.z.ZooKeeper  - Client environment:host.name=ip-172-31-47-100.us-east-2.compute.internal
11:39:30.859 [worker-akka.actor.default-dispatcher-2] INFO  o.a.z.ZooKeeper  - Client environment:java.version=1.8.0_151
11:39:30.859 [worker-akka.actor.default-dispatcher-2] INFO  o.a.z.ZooKeeper  - Client environment:java.vendor=Oracle Corporation
11:39:30.859 [worker-akka.actor.default-dispatcher-2] INFO  o.a.z.ZooKeeper  - Client environment:java.home=/usr/lib/jvm/java-8-openjdk-amd64/jre
11:39:30.859 [worker-akka.actor.default-dispatcher-2] INFO  o.a.z.ZooKeeper  - Client environment:java.class.path=lib/commons-cli-1.4.jar:lib/minlog-1.3.0.jar:lib/asm-5.0.4.jar:lib/hadoop-annotations-2.7.3.jar:lib/hadoop-auth-2.7.3.jar:lib/akka-slf4j_2.11-2.5.6.jar:lib/jersey-core-1.9.jar:lib/lz4-1.3.0.jar:lib/jackson-core-asl-1.9.13.jar:lib/aeron-client-1.3.0.jar:lib/htrace-core-3.1.0-incubating.jar:lib/xz-1.0.jar:lib/commons-httpclient-3.1.jar:lib/asm-3.1.jar:lib/commons-lang3-3.4.jar:lib/scala-library-2.11.11.jar:lib/scala-java8-compat_2.11-0.7.0.jar:lib/commons-configuration-1.6.jar:lib/objenesis-2.1.jar:lib/jackson-annotations-2.8.0.jar:lib/jsr305-3.0.0.jar:lib/curator-framework-2.7.1.jar:lib/jersey-server-1.9.jar:lib/jets3t-0.9.0.jar:lib/leveldb-0.7.jar:lib/jetty-6.1.26.jar:lib/stax-api-1.0-2.jar:lib/flamestream-core-1.0-SNAPSHOT.jar:lib/reflectasm-1.07-shaded.jar:lib/apacheds-kerberos-codec-2.0.0-M15.jar:lib/api-asn1-api-1.0.0-M20.jar:lib/commons-lang-2.6.jar:lib/commons-beanutils-1.7.0.jar:lib/jackson-xc-1.8.3.jar:lib/jetty-util-6.1.26.jar:lib/logback-classic-1.2.3.jar:lib/jool-0.9.12.jar:lib/flamestream-runtime-1.0-SNAPSHOT-tests.jar:lib/httpcore-4.1.2.jar:lib/kryo-4.0.0.jar:lib/ant-1.8.1.jar:lib/jaxb-impl-2.2.3-1.jar:lib/jersey-json-1.9.jar:lib/commons-compress-1.4.1.jar:lib/leveldbjni-all-1.8.jar:lib/paranamer-2.3.jar:lib/jackson-core-2.8.4.jar:lib/commons-math3-3.6.1.jar:lib/scala-parser-combinators_2.11-1.0.4.jar:lib/netty-3.10.6.Final.jar:lib/trove4j-3.0.3.jar:lib/jaxb-api-2.2.2.jar:lib/logback-core-1.2.3.jar:lib/snappy-java-1.0.4.1.jar:lib/protobuf-java-2.5.0.jar:lib/reactive-streams-1.0.1.jar:lib/flamestream-examples-1.0-SNAPSHOT.jar:lib/commons-codec-1.4.jar:lib/activation-1.1.jar:lib/commons-net-3.1.jar:lib/curator-recipes-2.7.1.jar:lib/jackson-mapper-asl-1.9.13.jar:lib/jackson-databind-2.8.4.jar:lib/flamestream-runtime-1.0-SNAPSHOT.jar:lib/jackson-jaxrs-1.8.3.jar:lib/slf4j-api-1.7.24.jar:lib/akka-remote_2.11-2.5.6.jar:lib/akka-testkit_2.11-2.5.6.jar:lib/jline-0.9.94.jar:lib/akka-stream_2.11-2.5.6.jar:lib/jsp-api-2.1.jar:lib/kryonet-2.21.jar:lib/akka-kryo-serialization_2.11-0.5.0.jar:lib/config-1.3.1.jar:lib/ant-launcher-1.8.1.jar:lib/commons-logging-1.2.jar:lib/ssl-config-core_2.11-0.2.2.jar:lib/testng-6.10.jar:lib/guava-19.0.jar:lib/leveldb-api-0.7.jar:lib/reflectasm-1.11.3.jar:lib/jcommander-1.48.jar:lib/commons-1.1.jar:lib/commons-digester-1.8.jar:lib/minlog-1.2.jar:lib/java-xmlbuilder-0.4.jar:lib/jettison-1.1.jar:lib/gson-2.2.4.jar:lib/jdk.tools-1.8.jar:lib/aeron-driver-1.3.0.jar:lib/zookeeper-3.4.9.jar:lib/commons-beanutils-core-1.8.0.jar:lib/commons-math3-3.1.1.jar:lib/akka-actor_2.11-2.5.6.jar:lib/curator-client-2.7.1.jar:lib/servlet-api-2.5.jar:lib/apacheds-i18n-2.0.0-M15.jar:lib/commons-io-2.4.jar:lib/commons-codec-1.6.jar:lib/akka-protobuf_2.11-2.5.6.jar:lib/jdom-2.0.2.jar:lib/api-util-1.0.0-M20.jar:lib/hadoop-common-2.7.3.jar:lib/agrona-0.9.6.jar:lib/xmlenc-0.52.jar:lib/guava-21.0.jar:lib/commons-collections-3.2.2.jar:lib/avro-1.7.4.jar:lib/commons-1.0-SNAPSHOT.jar:lib/httpclient-4.1.2.jar:lib/flamestream-core-1.0-SNAPSHOT-tests.jar:lib/annotations-12.0.jar:lib/jsch-0.1.42.jar:flamestream-runtime-1.0-SNAPSHOT.jar
11:39:30.859 [worker-akka.actor.default-dispatcher-2] INFO  o.a.z.ZooKeeper  - Client environment:java.library.path=/usr/java/packages/lib/amd64:/usr/lib/x86_64-linux-gnu/jni:/lib/x86_64-linux-gnu:/usr/lib/x86_64-linux-gnu:/usr/lib/jni:/lib:/usr/lib
11:39:30.859 [worker-akka.actor.default-dispatcher-2] INFO  o.a.z.ZooKeeper  - Client environment:java.io.tmpdir=/tmp
11:39:30.859 [worker-akka.actor.default-dispatcher-2] INFO  o.a.z.ZooKeeper  - Client environment:java.compiler=<NA>
11:39:30.860 [worker-akka.actor.default-dispatcher-2] INFO  o.a.z.ZooKeeper  - Client environment:os.name=Linux
11:39:30.860 [worker-akka.actor.default-dispatcher-2] INFO  o.a.z.ZooKeeper  - Client environment:os.arch=amd64
11:39:30.860 [worker-akka.actor.default-dispatcher-2] INFO  o.a.z.ZooKeeper  - Client environment:os.version=4.4.0-1049-aws
11:39:30.861 [worker-akka.actor.default-dispatcher-2] INFO  o.a.z.ZooKeeper  - Client environment:user.name=root
11:39:30.862 [worker-akka.actor.default-dispatcher-2] INFO  o.a.z.ZooKeeper  - Client environment:user.home=/root
11:39:30.862 [worker-akka.actor.default-dispatcher-2] INFO  o.a.z.ZooKeeper  - Client environment:user.dir=/opt/flamestream
11:39:30.866 [worker-akka.actor.default-dispatcher-2] INFO  o.a.z.ZooKeeper  - Initiating client connection, connectString=172.31.34.147:2181 sessionTimeout=5000 watcher=com.spbsu.flamestream.runtime.application.LifecycleWatcher$$Lambda$29/801066142@59ccea0d
11:39:30.901 [worker-akka.actor.default-dispatcher-2] INFO  a.a.RepointableActorRef akka://worker/user/watcher - Starting...
11:39:30.904 [worker-akka.actor.default-dispatcher-2-SendThread(172.31.34.147:2181)] INFO  o.a.z.ClientCnxn  - Opening socket connection to server 172.31.34.147/172.31.34.147:2181. Will not attempt to authenticate using SASL (unknown error)
11:39:30.909 [worker-akka.actor.default-dispatcher-2-SendThread(172.31.34.147:2181)] INFO  o.a.z.ClientCnxn  - Socket connection established to 172.31.34.147/172.31.34.147:2181, initiating session
11:39:30.919 [worker-akka.actor.default-dispatcher-2-SendThread(172.31.34.147:2181)] INFO  o.a.z.ClientCnxn  - Session establishment complete on server 172.31.34.147/172.31.34.147:2181, sessionid = 0x161994201fa0003, negotiated timeout = 6000
11:39:30.991 [worker-akka.actor.default-dispatcher-2] INFO  a.a.RepointableActorRef akka://worker/user/watcher - Connected to ZK
11:39:42.796 [worker-akka.actor.default-dispatcher-2] INFO  a.a.RepointableActorRef akka://worker/user/watcher - Creating node with watchGraphs: 'com.spbsu.flamestream.core.Graph$Builder$MyGraph@3287b854', config: 'ClusterConfig{paths={172.31.33.155=akka://worker@172.31.33.155:5412/user/watcher/graph0000000000, 172.31.47.83=akka://worker@172.31.47.83:5412/user/watcher/graph0000000000, 172.31.45.197=akka://worker@172.31.45.197:5412/user/watcher/graph0000000000, 172.31.42.36=akka://worker@172.31.42.36:5412/user/watcher/graph0000000000, 172.31.44.83=akka://worker@172.31.44.83:5412/user/watcher/graph0000000000, 172.31.39.64=akka://worker@172.31.39.64:5412/user/watcher/graph0000000000, 172.31.35.79=akka://worker@172.31.35.79:5412/user/watcher/graph0000000000, 172.31.34.169=akka://worker@172.31.34.169:5412/user/watcher/graph0000000000, 172.31.47.100=akka://worker@172.31.47.100:5412/user/watcher/graph0000000000, 172.31.37.101=akka://worker@172.31.37.101:5412/user/watcher/graph0000000000}, ackerLocation='172.31.35.79', props=ComputationLayout{ranges={172.31.33.155=HashRange{from=1670265056, to=2147483644}, 172.31.47.83=HashRange{from=715827880, to=1193046468}, 172.31.45.197=HashRange{from=-1670265060, to=-1193046472}, 172.31.42.36=HashRange{from=238609292, to=715827880}, 172.31.44.83=HashRange{from=-1193046472, to=-715827884}, 172.31.39.64=HashRange{from=-238609296, to=238609292}, 172.31.35.79=HashRange{from=0, to=0}, 172.31.34.169=HashRange{from=1193046468, to=1670265056}, 172.31.47.100=HashRange{from=-715827884, to=-238609296}, 172.31.37.101=HashRange{from=-2147483648, to=-1670265060}}}}'
11:39:43.595 [worker-akka.actor.default-dispatcher-2] INFO  a.a.LocalActorRef akka://worker/user/watcher/graph0000000000/graph - Starting...
11:39:43.595 [worker-akka.actor.default-dispatcher-2] INFO  a.a.LocalActorRef akka://worker/user/watcher/graph0000000000/graph/local-acker - Starting...
11:39:43.597 [worker-akka.actor.default-dispatcher-2] INFO  a.a.LocalActorRef akka://worker/user/watcher/graph0000000000/graph/local-acker/$a - Starting...
Warning: space is running low in /dev/shm (tmpfs) threshold=167,772,160 usable=158,621,696
Warning: space is running low in /dev/shm (tmpfs) threshold=167,772,160 usable=146,034,688
Warning: space is running low in /dev/shm (tmpfs) threshold=167,772,160 usable=133,447,680
Warning: space is running low in /dev/shm (tmpfs) threshold=167,772,160 usable=120,860,672
Warning: space is running low in /dev/shm (tmpfs) threshold=167,772,160 usable=108,273,664
Warning: space is running low in /dev/shm (tmpfs) threshold=167,772,160 usable=95,686,656
Warning: space is running low in /dev/shm (tmpfs) threshold=167,772,160 usable=83,099,648
Warning: space is running low in /dev/shm (tmpfs) threshold=167,772,160 usable=70,512,640
11:39:45.271 [worker-akka.actor.default-dispatcher-2] INFO  a.a.LocalActorRef akka://worker/user/watcher/graph0000000000/graph - Finishing constructor
11:39:45.272 [worker-akka.actor.default-dispatcher-2] INFO  a.a.LocalActorRef akka://worker/user/watcher/graph0000000000 - Starting...
11:39:45.272 [worker-akka.actor.default-dispatcher-2] INFO  a.a.LocalActorRef akka://worker/user/watcher/graph0000000000/negotiator - Starting...
11:39:45.332 [worker-akka.actor.default-dispatcher-2] INFO  a.a.LocalActorRef akka://worker/user/watcher/graph0000000000/edge - Starting...
11:39:45.334 [worker-akka.actor.default-dispatcher-2] INFO  a.a.LocalActorRef akka://worker/user/watcher/graph0000000000/graph/$a - Starting...
11:39:45.334 [worker-akka.actor.default-dispatcher-2] INFO  a.a.LocalActorRef akka://worker/user/watcher/graph0000000000/graph/$b - Starting...
11:39:45.337 [worker-akka.actor.default-dispatcher-2] INFO  a.a.LocalActorRef akka://worker/user/watcher/graph0000000000/graph/$c - Starting...
11:39:45.360 [worker-akka.actor.default-dispatcher-2] INFO  c.s.f.r.e.s.SocketRear  - FlameSocketGraphDeployerRear@172.31.47.100: connecting to 172.31.34.147:5678
11:39:45.368 [worker-akka.actor.default-dispatcher-2] INFO  c.s.f.r.e.s.SocketRear  - FlameSocketGraphDeployerRear@172.31.47.100: connected to 172.31.34.147:5678
2018-02-15T11:39:45.375+0000: 17.198: [GC (Allocation Failure) 2018-02-15T11:39:45.375+0000: 17.198: [DefNew: 122160K->17024K(153600K), 0.0324815 secs] 137551K->43077K(494976K), 0.0325378 secs] [Times: user=0.03 sys=0.00, real=0.03 secs] 
11:39:45.421 [worker-akka.actor.default-dispatcher-2] INFO  a.a.LocalActorRef akka://worker/user/watcher/graph0000000000/edge/FlameSocketGraphDeployerRear - Starting...
11:39:45.422 [worker-akka.actor.default-dispatcher-2] INFO  a.a.LocalActorRef akka://worker/user/watcher/graph0000000000/edge/FlameSocketGraphDeployerFront - Starting...
11:39:45.423 [worker-akka.actor.default-dispatcher-2] INFO  a.a.LocalActorRef akka://worker/user/watcher/graph0000000000/negotiator - Requesting ticket for the frontClass FlameSocketGraphDeployerFront@172.31.47.100
11:39:45.438 [worker-akka.actor.default-dispatcher-2] INFO  a.a.LocalActorRef akka://worker/user/watcher/graph0000000000/negotiator - Ticket for the frontClass received: FrontTicket{allowedTimestamp=(1518694782799, FlameSocketGraphDeployerFront@172.31.47.100)}
11:39:45.439 [worker-akka.actor.default-dispatcher-2] INFO  c.s.f.r.e.s.SocketFront  - FlameSocketGraphDeployerFront@172.31.47.100: connecting to 172.31.34.147:4567
11:39:45.464 [Client] INFO  c.s.f.r.e.s.SocketFront  - FlameSocketGraphDeployerFront@172.31.47.100 has been disconnected from Connection 9
2018-02-15T11:40:00.633+0000: 32.455: [GC (Allocation Failure) 2018-02-15T11:40:00.633+0000: 32.455: [DefNew: 153600K->3820K(153600K), 0.0810014 secs] 179653K->66391K(494976K), 0.0810793 secs] [Times: user=0.00 sys=0.08, real=0.08 secs] 
2018-02-15T11:40:20.822+0000: 52.644: [GC (Allocation Failure) 2018-02-15T11:40:20.822+0000: 52.644: [DefNew: 140396K->5828K(153600K), 0.0121617 secs] 202967K->68399K(494976K), 0.0122356 secs] [Times: user=0.01 sys=0.00, real=0.02 secs] 
2018-02-15T11:40:36.905+0000: 68.728: [GC (Allocation Failure) 2018-02-15T11:40:36.905+0000: 68.728: [DefNew: 142404K->7820K(153600K), 0.0161065 secs] 204975K->70391K(494976K), 0.0161697 secs] [Times: user=0.02 sys=0.00, real=0.01 secs] 
2018-02-15T11:40:54.668+0000: 86.491: [GC (Allocation Failure) 2018-02-15T11:40:54.668+0000: 86.491: [DefNew: 144396K->8994K(153600K), 0.0154638 secs] 206967K->71565K(494976K), 0.0155260 secs] [Times: user=0.01 sys=0.00, real=0.02 secs] 
2018-02-15T11:41:11.831+0000: 103.653: [GC (Allocation Failure) 2018-02-15T11:41:11.831+0000: 103.653: [DefNew: 145570K->8821K(153600K), 0.0177886 secs] 208141K->73106K(494976K), 0.0178535 secs] [Times: user=0.02 sys=0.00, real=0.01 secs] 
2018-02-15T11:41:33.552+0000: 125.374: [GC (Allocation Failure) 2018-02-15T11:41:33.552+0000: 125.374: [DefNew: 145397K->9381K(153600K), 0.0187272 secs] 209682K->74892K(494976K), 0.0187900 secs] [Times: user=0.02 sys=0.00, real=0.02 secs] 
2018-02-15T11:41:56.960+0000: 148.782: [GC (Allocation Failure) 2018-02-15T11:41:56.960+0000: 148.782: [DefNew: 145957K->9373K(153600K), 0.0202471 secs] 211468K->76353K(494976K), 0.0203209 secs] [Times: user=0.02 sys=0.00, real=0.02 secs] 
2018-02-15T11:42:16.584+0000: 168.407: [GC (Allocation Failure) 2018-02-15T11:42:16.584+0000: 168.407: [DefNew: 145949K->9358K(153600K), 0.0167770 secs] 212929K->77472K(494976K), 0.0168398 secs] [Times: user=0.02 sys=0.00, real=0.01 secs] 
2018-02-15T11:42:39.409+0000: 191.232: [GC (Allocation Failure) 2018-02-15T11:42:39.409+0000: 191.232: [DefNew: 145934K->9637K(153600K), 0.0189870 secs] 214048K->79049K(494976K), 0.0190544 secs] [Times: user=0.01 sys=0.01, real=0.02 secs] 
2018-02-15T11:43:02.433+0000: 214.256: [GC (Allocation Failure) 2018-02-15T11:43:02.434+0000: 214.256: [DefNew: 146213K->9178K(153600K), 0.0169288 secs] 215625K->80041K(494976K), 0.0169938 secs] [Times: user=0.02 sys=0.00, real=0.02 secs] 
2018-02-15T11:43:26.085+0000: 237.907: [GC (Allocation Failure) 2018-02-15T11:43:26.085+0000: 237.907: [DefNew: 145754K->9307K(153600K), 0.0192984 secs] 216617K->81651K(494976K), 0.0193657 secs] [Times: user=0.02 sys=0.00, real=0.02 secs] 
2018-02-15T11:43:45.841+0000: 257.663: [GC (Allocation Failure) 2018-02-15T11:43:45.841+0000: 257.663: [DefNew: 145883K->9261K(153600K), 0.0192378 secs] 218227K->82879K(494976K), 0.0193109 secs] [Times: user=0.01 sys=0.00, real=0.02 secs] 
2018-02-15T11:44:07.701+0000: 279.523: [GC (Allocation Failure) 2018-02-15T11:44:07.701+0000: 279.523: [DefNew: 145837K->9549K(153600K), 0.0171627 secs] 219455K->84451K(494976K), 0.0172300 secs] [Times: user=0.01 sys=0.00, real=0.02 secs] 
2018-02-15T11:44:26.323+0000: 298.146: [GC (Allocation Failure) 2018-02-15T11:44:26.323+0000: 298.146: [DefNew: 146125K->9683K(153600K), 0.0175109 secs] 221027K->85696K(494976K), 0.0175803 secs] [Times: user=0.02 sys=0.00, real=0.01 secs] 
2018-02-15T11:44:48.530+0000: 320.352: [GC (Allocation Failure) 2018-02-15T11:44:48.530+0000: 320.352: [DefNew: 146259K->10019K(153600K), 0.0185112 secs] 222272K->87344K(494976K), 0.0185769 secs] [Times: user=0.02 sys=0.00, real=0.02 secs] 
2018-02-15T11:45:10.601+0000: 342.424: [GC (Allocation Failure) 2018-02-15T11:45:10.601+0000: 342.424: [DefNew: 146595K->8221K(153600K), 0.0219685 secs] 223920K->88073K(494976K), 0.0220388 secs] [Times: user=0.00 sys=0.01, real=0.03 secs] 
2018-02-15T11:45:34.242+0000: 366.065: [GC (Allocation Failure) 2018-02-15T11:45:34.243+0000: 366.065: [DefNew: 144797K->9843K(153600K), 0.0165246 secs] 224649K->89695K(494976K), 0.0165908 secs] [Times: user=0.01 sys=0.00, real=0.01 secs] 
2018-02-15T11:45:49.728+0000: 381.550: [GC (Allocation Failure) 2018-02-15T11:45:49.728+0000: 381.550: [DefNew: 146419K->8471K(153600K), 0.0183469 secs] 226271K->90877K(494976K), 0.0184130 secs] [Times: user=0.01 sys=0.00, real=0.02 secs] 
2018-02-15T11:46:02.628+0000: 394.450: [GC (Allocation Failure) 2018-02-15T11:46:02.628+0000: 394.450: [DefNew: 145047K->9737K(153600K), 0.0150414 secs] 227453K->92143K(494976K), 0.0151034 secs] [Times: user=0.01 sys=0.00, real=0.02 secs] 
2018-02-15T11:46:21.802+0000: 413.624: [GC (Allocation Failure) 2018-02-15T11:46:21.802+0000: 413.624: [DefNew: 146313K->11085K(153600K), 0.0230751 secs] 228719K->94635K(494976K), 0.0231406 secs] [Times: user=0.02 sys=0.00, real=0.03 secs] 
2018-02-15T11:46:42.666+0000: 434.488: [GC (Allocation Failure) 2018-02-15T11:46:42.666+0000: 434.488: [DefNew: 147661K->10143K(153600K), 0.0275685 secs] 231211K->96055K(494976K), 0.0276330 secs] [Times: user=0.02 sys=0.02, real=0.03 secs] 
2018-02-15T11:46:59.216+0000: 451.039: [GC (Allocation Failure) 2018-02-15T11:46:59.216+0000: 451.039: [DefNew: 146719K->7964K(153600K), 0.0178624 secs] 232631K->97394K(494976K), 0.0179347 secs] [Times: user=0.02 sys=0.00, real=0.02 secs] 
2018-02-15T11:47:21.343+0000: 473.166: [GC (Allocation Failure) 2018-02-15T11:47:21.343+0000: 473.166: [DefNew: 144540K->9645K(153600K), 0.0157591 secs] 233970K->99075K(494976K), 0.0158246 secs] [Times: user=0.02 sys=0.00, real=0.01 secs] 
2018-02-15T11:47:42.395+0000: 494.218: [GC (Allocation Failure) 2018-02-15T11:47:42.395+0000: 494.218: [DefNew: 146221K->9764K(153600K), 0.0306161 secs] 235651K->100673K(494976K), 0.0306813 secs] [Times: user=0.01 sys=0.02, real=0.03 secs] 
2018-02-15T11:47:59.335+0000: 511.158: [GC (Allocation Failure) 2018-02-15T11:47:59.336+0000: 511.158: [DefNew: 146340K->9860K(153600K), 0.0174613 secs] 237249K->101931K(494976K), 0.0175268 secs] [Times: user=0.02 sys=0.00, real=0.02 secs] 
2018-02-15T11:48:18.690+0000: 530.512: [GC (Allocation Failure) 2018-02-15T11:48:18.690+0000: 530.512: [DefNew: 146436K->9648K(153600K), 0.0174568 secs] 238507K->103190K(494976K), 0.0175205 secs] [Times: user=0.02 sys=0.00, real=0.02 secs] 
2018-02-15T11:48:39.152+0000: 550.974: [GC (Allocation Failure) 2018-02-15T11:48:39.152+0000: 550.974: [DefNew: 146224K->9768K(153600K), 0.0179304 secs] 239766K->104607K(494976K), 0.0179934 secs] [Times: user=0.01 sys=0.00, real=0.01 secs] 
2018-02-15T11:48:56.951+0000: 568.773: [GC (Allocation Failure) 2018-02-15T11:48:56.951+0000: 568.773: [DefNew: 146344K->10008K(153600K), 0.0172096 secs] 241183K->106221K(494976K), 0.0172734 secs] [Times: user=0.01 sys=0.01, real=0.01 secs] 
2018-02-15T11:49:13.601+0000: 585.423: [GC (Allocation Failure) 2018-02-15T11:49:13.601+0000: 585.423: [DefNew: 146584K->8728K(153600K), 0.0179686 secs] 242797K->107717K(494976K), 0.0180425 secs] [Times: user=0.02 sys=0.00, real=0.02 secs] 
2018-02-15T11:49:31.280+0000: 603.103: [GC (Allocation Failure) 2018-02-15T11:49:31.280+0000: 603.103: [DefNew: 145304K->8462K(153600K), 0.0160771 secs] 244293K->109249K(494976K), 0.0161512 secs] [Times: user=0.01 sys=0.00, real=0.02 secs] 
2018-02-15T11:49:50.756+0000: 622.578: [GC (Allocation Failure) 2018-02-15T11:49:50.756+0000: 622.578: [DefNew: 145038K->10127K(153600K), 0.0200288 secs] 245825K->110915K(494976K), 0.0201804 secs] [Times: user=0.01 sys=0.00, real=0.02 secs] 
2018-02-15T11:50:07.788+0000: 639.611: [GC (Allocation Failure) 2018-02-15T11:50:07.788+0000: 639.611: [DefNew: 146703K->8716K(153600K), 0.0309411 secs] 247491K->112186K(494976K), 0.0310169 secs] [Times: user=0.01 sys=0.02, real=0.03 secs] 
2018-02-15T11:50:24.633+0000: 656.455: [GC (Allocation Failure) 2018-02-15T11:50:24.633+0000: 656.455: [DefNew: 145292K->8509K(153600K), 0.0159101 secs] 248762K->113641K(494976K), 0.0159779 secs] [Times: user=0.01 sys=0.00, real=0.01 secs] 
2018-02-15T11:50:42.569+0000: 674.392: [GC (Allocation Failure) 2018-02-15T11:50:42.569+0000: 674.392: [DefNew: 145085K->10167K(153600K), 0.0154008 secs] 250217K->115299K(494976K), 0.0154675 secs] [Times: user=0.01 sys=0.00, real=0.02 secs] 
2018-02-15T11:51:02.372+0000: 694.194: [GC (Allocation Failure) 2018-02-15T11:51:02.372+0000: 694.194: [DefNew: 146743K->9376K(153600K), 0.0187450 secs] 251875K->117007K(494976K), 0.0188183 secs] [Times: user=0.02 sys=0.00, real=0.02 secs] 
2018-02-15T11:51:21.930+0000: 713.753: [GC (Allocation Failure) 2018-02-15T11:51:21.930+0000: 713.753: [DefNew: 145952K->9322K(153600K), 0.0164025 secs] 253583K->118300K(494976K), 0.0164797 secs] [Times: user=0.01 sys=0.00, real=0.02 secs] 
2018-02-15T11:51:38.463+0000: 730.285: [GC (Allocation Failure) 2018-02-15T11:51:38.463+0000: 730.285: [DefNew: 145898K->9924K(153600K), 0.0178777 secs] 254876K->120613K(494976K), 0.0179437 secs] [Times: user=0.02 sys=0.00, real=0.01 secs] 
11:51:46.109 [Client] INFO  c.s.f.r.e.s.SocketRear  - FlameSocketGraphDeployerRear@172.31.47.100: has been disconnected from Connection 9
11:55:22.403 [worker-akka.actor.default-dispatcher-2] INFO  a.a.CoordinatedShutdown CoordinatedShutdown(akka://worker) - Starting coordinated shutdown from JVM shutdown hook
11:55:22.438 [worker-akka.actor.default-dispatcher-2] INFO  a.a.LocalActorRef akka://worker/user/watcher/graph0000000000/negotiator - Stopped
11:55:22.442 [worker-akka.actor.default-dispatcher-2] INFO  a.a.LocalActorRef akka://worker/user/watcher/graph0000000000/edge/FlameSocketGraphDeployerFront - Stopped
11:55:22.442 [worker-akka.actor.default-dispatcher-2] INFO  a.a.LocalActorRef akka://worker/user/watcher/graph0000000000/edge/FlameSocketGraphDeployerRear - Stopped
11:55:22.444 [worker-akka.actor.default-dispatcher-2] INFO  a.a.LocalActorRef akka://worker/user/watcher/graph0000000000/graph/$a - Stopped
11:55:22.445 [worker-akka.actor.default-dispatcher-2] INFO  a.a.LocalActorRef akka://worker/user/watcher/graph0000000000/graph/$b - Stopped
11:55:22.445 [worker-akka.actor.default-dispatcher-2] INFO  a.a.LocalActorRef akka://worker/user/watcher/graph0000000000/graph/$c - Stopped
11:55:22.446 [worker-akka.actor.default-dispatcher-2] INFO  a.a.LocalActorRef akka://worker/user/watcher/graph0000000000/graph/local-acker/$a - Stopped
11:55:22.452 [worker-akka.actor.default-dispatcher-2] INFO  a.a.LocalActorRef akka://worker/user/watcher/graph0000000000/edge - Stopped
11:55:22.452 [worker-akka.actor.default-dispatcher-2] INFO  a.a.LocalActorRef akka://worker/user/watcher/graph0000000000/graph/local-acker/$a - Message [com.spbsu.flamestream.runtime.utils.akka.PingActor$InnerPing] from Actor[akka://worker/user/watcher/graph0000000000/graph/local-acker/$a#-846023272] to Actor[akka://worker/user/watcher/graph0000000000/graph/local-acker/$a#-846023272] was not delivered. [1] dead letters encountered. This logging can be turned off or adjusted with configuration settings 'akka.log-dead-letters' and 'akka.log-dead-letters-during-shutdown'.
11:55:22.452 [worker-akka.actor.default-dispatcher-2] INFO  a.a.LocalActorRef akka://worker/user/watcher/graph0000000000/graph/local-acker - Stopped
11:55:22.455 [worker-akka.actor.default-dispatcher-2] INFO  a.a.LocalActorRef akka://worker/user/watcher/graph0000000000/graph/local-acker/$a - Message [com.spbsu.flamestream.runtime.utils.akka.PingActor$Stop] from Actor[akka://worker/user/watcher/graph0000000000/graph/local-acker#1592045025] to Actor[akka://worker/user/watcher/graph0000000000/graph/local-acker/$a#-846023272] was not delivered. [2] dead letters encountered. This logging can be turned off or adjusted with configuration settings 'akka.log-dead-letters' and 'akka.log-dead-letters-during-shutdown'.
11:55:22.458 [worker-akka.actor.default-dispatcher-2] INFO  a.a.LocalActorRef akka://worker/user/watcher/graph0000000000/graph/local-acker - Message [com.spbsu.flamestream.runtime.acker.LocalAcker$Flush] from Actor[akka://worker/user/watcher/graph0000000000/graph/local-acker#1592045025] to Actor[akka://worker/user/watcher/graph0000000000/graph/local-acker#1592045025] was not delivered. [3] dead letters encountered. This logging can be turned off or adjusted with configuration settings 'akka.log-dead-letters' and 'akka.log-dead-letters-during-shutdown'.
11:55:22.458 [worker-akka.actor.default-dispatcher-2] INFO  a.a.LocalActorRef akka://worker/user/watcher/graph0000000000/graph/local-acker - Message [com.spbsu.flamestream.runtime.acker.LocalAcker$Flush] from Actor[akka://worker/user/watcher/graph0000000000/graph/local-acker#1592045025] to Actor[akka://worker/user/watcher/graph0000000000/graph/local-acker#1592045025] was not delivered. [4] dead letters encountered. This logging can be turned off or adjusted with configuration settings 'akka.log-dead-letters' and 'akka.log-dead-letters-during-shutdown'.
11:55:22.458 [worker-akka.actor.default-dispatcher-2] INFO  a.a.LocalActorRef akka://worker/user/watcher/graph0000000000/graph - Stopped
11:55:22.459 [worker-akka.actor.default-dispatcher-2] INFO  a.a.LocalActorRef akka://worker/user/watcher/graph0000000000 - Stopped
11:55:22.462 [worker-akka.actor.default-dispatcher-2-EventThread] INFO  o.a.z.ClientCnxn  - EventThread shut down for session: 0x161994201fa0003
11:55:22.463 [worker-akka.actor.default-dispatcher-2] INFO  o.a.z.ZooKeeper  - Session: 0x161994201fa0003 closed
11:55:22.463 [worker-akka.actor.default-dispatcher-2] INFO  a.a.RepointableActorRef akka://worker/user/watcher - Stopped
11:55:22.476 [worker-akka.actor.default-dispatcher-2] INFO  a.r.RemoteActorRefProvider$RemotingTerminator akka://worker@172.31.47.100:5412/system/remoting-terminator - Shutting down remote daemon.
11:55:22.479 [worker-akka.actor.default-dispatcher-2] INFO  a.r.RemoteActorRefProvider$RemotingTerminator akka://worker@172.31.47.100:5412/system/remoting-terminator - Remote daemon shut down; proceeding with flushing remote transports.
11:55:23.602 [worker-akka.actor.default-dispatcher-2] INFO  a.r.RemoteActorRefProvider$RemotingTerminator akka://worker@172.31.47.100:5412/system/remoting-terminator - Remoting shut down.
Attempts of event 'shuffle-send' - 0
Attempts of event 'front-receive-send' - 0
Attempts of event 'inject-out' - 489499
Attempts of event 'sink-receive' - 493061
Attempts of event 'flatmap-receive' - 1078
Attempts of event 'fm-send' - 556789
Attempts of event 'rear-in' - 488421
Attempts of event 'flatmap-send' - 556789
Attempts of event 'inject-in' - 489499
Attempts of event 'wrong-ordering-filter-receive' - 493061
Attempts of event 'accept-in' - 0
Attempts of event 'grouping-receive' - 981482
Heap
 def new generation   total 153600K, used 124466K [0x00000000e0c00000, 0x00000000eb2a0000, 0x00000000eb2a0000)
  eden space 136576K,  83% used [0x00000000e0c00000, 0x00000000e7bdb778, 0x00000000e9160000)
  from space 17024K,  58% used [0x00000000e9160000, 0x00000000e9b113f8, 0x00000000ea200000)
  to   space 17024K,   0% used [0x00000000ea200000, 0x00000000ea200000, 0x00000000eb2a0000)
 tenured generation   total 341376K, used 110688K [0x00000000eb2a0000, 0x0000000100000000, 0x0000000100000000)
   the space 341376K,  32% used [0x00000000eb2a0000, 0x00000000f1eb8058, 0x00000000f1eb8200, 0x0000000100000000)
 Metaspace       used 33509K, capacity 34304K, committed 34688K, reserved 1079296K
  class space    used 4455K, capacity 4627K, committed 4736K, reserved 1048576K
