13:59:01.022 [worker-akka.actor.default-dispatcher-2] INFO  a.e.s.Slf4jLogger  - Slf4jLogger started
2018-02-19T13:59:01.196+0000: 2.711: [Full GC (Metadata GC Threshold) 2018-02-19T13:59:01.196+0000: 2.711: [Tenured: 0K->15410K(341376K), 0.0395170 secs] 117538K->15410K(494976K), [Metaspace: 20879K->20879K(1067008K)], 0.0395932 secs] [Times: user=0.03 sys=0.00, real=0.04 secs] 
Ama winner
Ama winner
13:59:01.655 [worker-akka.actor.default-dispatcher-2] INFO  a.r.a.ArteryTransport(akka://worker) akka.remote.artery.ArteryTransport(akka://worker) - Started embedded media driver in directory [/dev/shm/aeron-root-worker-c1f1195d-a852-427b-8123-249c8f646abc]
13:59:01.855 [worker-akka.actor.default-dispatcher-2] INFO  a.r.a.ArteryTransport(akka://worker) akka.remote.artery.ArteryTransport(akka://worker) - Remoting started; listening on address: [akka://worker@172.31.44.83:5412] with UID [-4919770907655829878]
13:59:01.928 [worker-akka.actor.default-dispatcher-2] INFO  o.a.z.ZooKeeper  - Client environment:zookeeper.version=3.4.9-1757313, built on 08/23/2016 06:50 GMT
13:59:01.928 [worker-akka.actor.default-dispatcher-2] INFO  o.a.z.ZooKeeper  - Client environment:host.name=ip-172-31-44-83.us-east-2.compute.internal
13:59:01.929 [worker-akka.actor.default-dispatcher-2] INFO  o.a.z.ZooKeeper  - Client environment:java.version=1.8.0_151
13:59:01.929 [worker-akka.actor.default-dispatcher-2] INFO  o.a.z.ZooKeeper  - Client environment:java.vendor=Oracle Corporation
13:59:01.929 [worker-akka.actor.default-dispatcher-2] INFO  o.a.z.ZooKeeper  - Client environment:java.home=/usr/lib/jvm/java-8-openjdk-amd64/jre
13:59:01.929 [worker-akka.actor.default-dispatcher-2] INFO  o.a.z.ZooKeeper  - Client environment:java.class.path=lib/commons-cli-1.4.jar:lib/minlog-1.3.0.jar:lib/asm-5.0.4.jar:lib/hadoop-annotations-2.7.3.jar:lib/hadoop-auth-2.7.3.jar:lib/akka-slf4j_2.11-2.5.6.jar:lib/jersey-core-1.9.jar:lib/lz4-1.3.0.jar:lib/jackson-core-asl-1.9.13.jar:lib/aeron-client-1.3.0.jar:lib/htrace-core-3.1.0-incubating.jar:lib/xz-1.0.jar:lib/commons-httpclient-3.1.jar:lib/asm-3.1.jar:lib/commons-lang3-3.4.jar:lib/scala-library-2.11.11.jar:lib/scala-java8-compat_2.11-0.7.0.jar:lib/commons-configuration-1.6.jar:lib/objenesis-2.1.jar:lib/jackson-annotations-2.8.0.jar:lib/jsr305-3.0.0.jar:lib/curator-framework-2.7.1.jar:lib/jersey-server-1.9.jar:lib/jets3t-0.9.0.jar:lib/leveldb-0.7.jar:lib/jetty-6.1.26.jar:lib/stax-api-1.0-2.jar:lib/flamestream-core-1.0-SNAPSHOT.jar:lib/reflectasm-1.07-shaded.jar:lib/apacheds-kerberos-codec-2.0.0-M15.jar:lib/api-asn1-api-1.0.0-M20.jar:lib/commons-lang-2.6.jar:lib/commons-beanutils-1.7.0.jar:lib/jackson-xc-1.8.3.jar:lib/jetty-util-6.1.26.jar:lib/logback-classic-1.2.3.jar:lib/jool-0.9.12.jar:lib/flamestream-runtime-1.0-SNAPSHOT-tests.jar:lib/httpcore-4.1.2.jar:lib/kryo-4.0.0.jar:lib/ant-1.8.1.jar:lib/jaxb-impl-2.2.3-1.jar:lib/jersey-json-1.9.jar:lib/commons-compress-1.4.1.jar:lib/leveldbjni-all-1.8.jar:lib/paranamer-2.3.jar:lib/jackson-core-2.8.4.jar:lib/commons-math3-3.6.1.jar:lib/scala-parser-combinators_2.11-1.0.4.jar:lib/netty-3.10.6.Final.jar:lib/trove4j-3.0.3.jar:lib/jaxb-api-2.2.2.jar:lib/logback-core-1.2.3.jar:lib/snappy-java-1.0.4.1.jar:lib/protobuf-java-2.5.0.jar:lib/reactive-streams-1.0.1.jar:lib/flamestream-examples-1.0-SNAPSHOT.jar:lib/commons-codec-1.4.jar:lib/activation-1.1.jar:lib/commons-net-3.1.jar:lib/curator-recipes-2.7.1.jar:lib/jackson-mapper-asl-1.9.13.jar:lib/jackson-databind-2.8.4.jar:lib/flamestream-runtime-1.0-SNAPSHOT.jar:lib/jackson-jaxrs-1.8.3.jar:lib/slf4j-api-1.7.24.jar:lib/akka-remote_2.11-2.5.6.jar:lib/akka-testkit_2.11-2.5.6.jar:lib/jline-0.9.94.jar:lib/akka-stream_2.11-2.5.6.jar:lib/jsp-api-2.1.jar:lib/kryonet-2.21.jar:lib/akka-kryo-serialization_2.11-0.5.0.jar:lib/config-1.3.1.jar:lib/ant-launcher-1.8.1.jar:lib/commons-logging-1.2.jar:lib/ssl-config-core_2.11-0.2.2.jar:lib/testng-6.10.jar:lib/leveldb-api-0.7.jar:lib/reflectasm-1.11.3.jar:lib/jcommander-1.48.jar:lib/commons-1.1.jar:lib/commons-digester-1.8.jar:lib/minlog-1.2.jar:lib/java-xmlbuilder-0.4.jar:lib/jettison-1.1.jar:lib/gson-2.2.4.jar:lib/jdk.tools-1.8.jar:lib/aeron-driver-1.3.0.jar:lib/zookeeper-3.4.9.jar:lib/commons-beanutils-core-1.8.0.jar:lib/commons-math3-3.1.1.jar:lib/akka-actor_2.11-2.5.6.jar:lib/curator-client-2.7.1.jar:lib/servlet-api-2.5.jar:lib/apacheds-i18n-2.0.0-M15.jar:lib/commons-io-2.4.jar:lib/commons-codec-1.6.jar:lib/akka-protobuf_2.11-2.5.6.jar:lib/protobuf-java-3.5.1.jar:lib/jdom-2.0.2.jar:lib/api-util-1.0.0-M20.jar:lib/hadoop-common-2.7.3.jar:lib/agrona-0.9.6.jar:lib/xmlenc-0.52.jar:lib/guava-21.0.jar:lib/commons-collections-3.2.2.jar:lib/avro-1.7.4.jar:lib/httpclient-4.1.2.jar:lib/flamestream-core-1.0-SNAPSHOT-tests.jar:lib/annotations-12.0.jar:lib/jsch-0.1.42.jar:flamestream-runtime-1.0-SNAPSHOT.jar
13:59:01.929 [worker-akka.actor.default-dispatcher-2] INFO  o.a.z.ZooKeeper  - Client environment:java.library.path=/usr/java/packages/lib/amd64:/usr/lib/x86_64-linux-gnu/jni:/lib/x86_64-linux-gnu:/usr/lib/x86_64-linux-gnu:/usr/lib/jni:/lib:/usr/lib
13:59:01.929 [worker-akka.actor.default-dispatcher-2] INFO  o.a.z.ZooKeeper  - Client environment:java.io.tmpdir=/tmp
13:59:01.929 [worker-akka.actor.default-dispatcher-2] INFO  o.a.z.ZooKeeper  - Client environment:java.compiler=<NA>
13:59:01.929 [worker-akka.actor.default-dispatcher-2] INFO  o.a.z.ZooKeeper  - Client environment:os.name=Linux
13:59:01.929 [worker-akka.actor.default-dispatcher-2] INFO  o.a.z.ZooKeeper  - Client environment:os.arch=amd64
13:59:01.929 [worker-akka.actor.default-dispatcher-2] INFO  o.a.z.ZooKeeper  - Client environment:os.version=4.4.0-1049-aws
13:59:01.930 [worker-akka.actor.default-dispatcher-2] INFO  o.a.z.ZooKeeper  - Client environment:user.name=root
13:59:01.931 [worker-akka.actor.default-dispatcher-2] INFO  o.a.z.ZooKeeper  - Client environment:user.home=/root
13:59:01.931 [worker-akka.actor.default-dispatcher-2] INFO  o.a.z.ZooKeeper  - Client environment:user.dir=/opt/flamestream
13:59:01.932 [worker-akka.actor.default-dispatcher-2] INFO  o.a.z.ZooKeeper  - Initiating client connection, connectString=172.31.34.147:2181 sessionTimeout=5000 watcher=com.spbsu.flamestream.runtime.application.LifecycleWatcher$$Lambda$29/2091173542@1b48f905
13:59:01.954 [worker-akka.actor.default-dispatcher-2] INFO  a.a.RepointableActorRef akka://worker/user/watcher - Starting...
13:59:01.957 [worker-akka.actor.default-dispatcher-2-SendThread(172.31.34.147:2181)] INFO  o.a.z.ClientCnxn  - Opening socket connection to server 172.31.34.147/172.31.34.147:2181. Will not attempt to authenticate using SASL (unknown error)
13:59:01.961 [worker-akka.actor.default-dispatcher-2-SendThread(172.31.34.147:2181)] INFO  o.a.z.ClientCnxn  - Socket connection established to 172.31.34.147/172.31.34.147:2181, initiating session
13:59:01.968 [worker-akka.actor.default-dispatcher-2-SendThread(172.31.34.147:2181)] INFO  o.a.z.ClientCnxn  - Session establishment complete on server 172.31.34.147/172.31.34.147:2181, sessionid = 0x161ae5b8406000a, negotiated timeout = 6000
13:59:02.069 [worker-akka.actor.default-dispatcher-2] INFO  a.a.RepointableActorRef akka://worker/user/watcher - Connected to ZK
13:59:12.135 [worker-akka.actor.default-dispatcher-2] INFO  a.a.RepointableActorRef akka://worker/user/watcher - Creating node with watchGraphs: 'com.spbsu.flamestream.core.Graph$Builder$MyGraph@22aae96d', config: 'ClusterConfig{paths={172.31.33.155=akka://worker@172.31.33.155:5412/user/watcher/graph0000000000, 172.31.47.83=akka://worker@172.31.47.83:5412/user/watcher/graph0000000000, 172.31.45.197=akka://worker@172.31.45.197:5412/user/watcher/graph0000000000, 172.31.42.36=akka://worker@172.31.42.36:5412/user/watcher/graph0000000000, 172.31.44.83=akka://worker@172.31.44.83:5412/user/watcher/graph0000000000, 172.31.39.64=akka://worker@172.31.39.64:5412/user/watcher/graph0000000000, 172.31.35.79=akka://worker@172.31.35.79:5412/user/watcher/graph0000000000, 172.31.34.169=akka://worker@172.31.34.169:5412/user/watcher/graph0000000000, 172.31.47.100=akka://worker@172.31.47.100:5412/user/watcher/graph0000000000, 172.31.37.101=akka://worker@172.31.37.101:5412/user/watcher/graph0000000000}, ackerLocation='172.31.35.79', props=ComputationLayout{ranges={172.31.33.155=HashRange{from=-1670265060, to=-1193046472}, 172.31.47.83=HashRange{from=1670265056, to=2147483644}, 172.31.45.197=HashRange{from=-715827884, to=-238609296}, 172.31.42.36=HashRange{from=1193046468, to=1670265056}, 172.31.44.83=HashRange{from=-238609296, to=238609292}, 172.31.39.64=HashRange{from=715827880, to=1193046468}, 172.31.35.79=HashRange{from=0, to=0}, 172.31.34.169=HashRange{from=-2147483648, to=-1670265060}, 172.31.47.100=HashRange{from=238609292, to=715827880}, 172.31.37.101=HashRange{from=-1193046472, to=-715827884}}}}'
13:59:13.014 [worker-akka.actor.default-dispatcher-2] INFO  a.a.LocalActorRef akka://worker/user/watcher/graph0000000000/graph - Starting...
13:59:13.015 [worker-akka.actor.default-dispatcher-2] INFO  a.a.LocalActorRef akka://worker/user/watcher/graph0000000000/graph/local-acker/$a - Starting...
13:59:13.017 [worker-akka.actor.default-dispatcher-2] INFO  a.a.LocalActorRef akka://worker/user/watcher/graph0000000000/graph/local-acker - Starting...
Warning: space is running low in /dev/shm (tmpfs) threshold=167,772,160 usable=158,621,696
Warning: space is running low in /dev/shm (tmpfs) threshold=167,772,160 usable=146,034,688
Warning: space is running low in /dev/shm (tmpfs) threshold=167,772,160 usable=133,447,680
Warning: space is running low in /dev/shm (tmpfs) threshold=167,772,160 usable=120,860,672
Warning: space is running low in /dev/shm (tmpfs) threshold=167,772,160 usable=108,273,664
Warning: space is running low in /dev/shm (tmpfs) threshold=167,772,160 usable=95,686,656
Warning: space is running low in /dev/shm (tmpfs) threshold=167,772,160 usable=83,099,648
Warning: space is running low in /dev/shm (tmpfs) threshold=167,772,160 usable=70,512,640
13:59:14.443 [worker-akka.actor.default-dispatcher-2] INFO  a.a.LocalActorRef akka://worker/user/watcher/graph0000000000 - Starting...
13:59:14.444 [worker-akka.actor.default-dispatcher-2] INFO  a.a.LocalActorRef akka://worker/user/watcher/graph0000000000/graph - Finishing constructor
13:59:14.445 [worker-akka.actor.default-dispatcher-2] INFO  a.a.LocalActorRef akka://worker/user/watcher/graph0000000000/negotiator - Starting...
13:59:14.446 [worker-akka.actor.default-dispatcher-2] INFO  a.a.LocalActorRef akka://worker/user/watcher/graph0000000000/edge - Starting...
13:59:14.521 [worker-akka.actor.default-dispatcher-2] INFO  c.s.f.r.e.s.SocketRear  - FlameSocketGraphDeployerRear@172.31.44.83: connecting to 172.31.34.147:5678
13:59:14.527 [worker-akka.actor.default-dispatcher-2] INFO  c.s.f.r.e.s.SocketRear  - FlameSocketGraphDeployerRear@172.31.44.83: connected to 172.31.34.147:5678
13:59:14.547 [worker-akka.actor.default-dispatcher-2] INFO  a.a.LocalActorRef akka://worker/user/watcher/graph0000000000/graph/$a - Starting...
13:59:14.550 [worker-akka.actor.default-dispatcher-2] INFO  a.a.LocalActorRef akka://worker/user/watcher/graph0000000000/graph/$b - Starting...
13:59:14.551 [worker-akka.actor.default-dispatcher-2] INFO  a.a.LocalActorRef akka://worker/user/watcher/graph0000000000/graph/$c - Starting...
13:59:14.558 [worker-akka.actor.default-dispatcher-2] INFO  a.a.LocalActorRef akka://worker/user/watcher/graph0000000000/edge/FlameSocketGraphDeployerRear - Starting...
13:59:14.559 [worker-akka.actor.default-dispatcher-2] INFO  a.a.LocalActorRef akka://worker/user/watcher/graph0000000000/edge/FlameSocketGraphDeployerFront - Starting...
13:59:14.560 [worker-akka.actor.default-dispatcher-2] INFO  a.a.LocalActorRef akka://worker/user/watcher/graph0000000000/negotiator - Requesting ticket for the frontClass FlameSocketGraphDeployerFront@172.31.44.83
13:59:14.562 [worker-akka.actor.default-dispatcher-2] INFO  a.a.LocalActorRef akka://worker/user/watcher/graph0000000000/negotiator - Ticket for the frontClass received: FrontTicket{allowedTimestamp=(1519048752140, FlameSocketGraphDeployerFront@172.31.44.83)}
13:59:14.563 [worker-akka.actor.default-dispatcher-2] INFO  c.s.f.r.e.s.SocketFront  - FlameSocketGraphDeployerFront@172.31.44.83: connecting to 172.31.34.147:4567
13:59:14.591 [Client] INFO  c.s.f.r.e.s.SocketFront  - FlameSocketGraphDeployerFront@172.31.44.83 has been disconnected from Connection 6
2018-02-19T13:59:18.293+0000: 19.808: [GC (Allocation Failure) 2018-02-19T13:59:18.293+0000: 19.808: [DefNew: 136576K->15578K(153600K), 0.0260385 secs] 151986K->50520K(494976K), 0.0261023 secs] [Times: user=0.02 sys=0.01, real=0.03 secs] 
2018-02-19T13:59:32.983+0000: 34.498: [GC (Allocation Failure) 2018-02-19T13:59:32.983+0000: 34.498: [DefNew: 152154K->3695K(153600K), 0.0201205 secs] 187096K->46279K(494976K), 0.0201849 secs] [Times: user=0.02 sys=0.00, real=0.02 secs] 
2018-02-19T13:59:48.339+0000: 49.854: [GC (Allocation Failure) 2018-02-19T13:59:48.339+0000: 49.854: [DefNew: 140271K->5979K(153600K), 0.0166160 secs] 182855K->48563K(494976K), 0.0166874 secs] [Times: user=0.02 sys=0.00, real=0.02 secs] 
2018-02-19T14:00:00.723+0000: 62.239: [GC (Allocation Failure) 2018-02-19T14:00:00.723+0000: 62.239: [DefNew: 142555K->7369K(153600K), 0.0158104 secs] 185139K->49952K(494976K), 0.0158742 secs] [Times: user=0.01 sys=0.00, real=0.02 secs] 
2018-02-19T14:00:16.194+0000: 77.710: [GC (Allocation Failure) 2018-02-19T14:00:16.194+0000: 77.710: [DefNew: 143945K->8830K(153600K), 0.0148468 secs] 186528K->51413K(494976K), 0.0149117 secs] [Times: user=0.02 sys=0.00, real=0.01 secs] 
2018-02-19T14:00:27.660+0000: 89.175: [GC (Allocation Failure) 2018-02-19T14:00:27.660+0000: 89.175: [DefNew: 145406K->8331K(153600K), 0.0163839 secs] 187989K->52475K(494976K), 0.0164533 secs] [Times: user=0.02 sys=0.00, real=0.02 secs] 
2018-02-19T14:00:40.887+0000: 102.402: [GC (Allocation Failure) 2018-02-19T14:00:40.887+0000: 102.402: [DefNew: 144907K->9505K(153600K), 0.0152759 secs] 189051K->53649K(494976K), 0.0153420 secs] [Times: user=0.01 sys=0.00, real=0.01 secs] 
2018-02-19T14:01:01.306+0000: 122.821: [GC (Allocation Failure) 2018-02-19T14:01:01.306+0000: 122.821: [DefNew: 146081K->10187K(153600K), 0.0218588 secs] 190225K->55531K(494976K), 0.0219281 secs] [Times: user=0.02 sys=0.00, real=0.02 secs] 
2018-02-19T14:01:17.268+0000: 138.783: [GC (Allocation Failure) 2018-02-19T14:01:17.268+0000: 138.783: [DefNew: 146763K->8969K(153600K), 0.0181708 secs] 192107K->56481K(494976K), 0.0182320 secs] [Times: user=0.02 sys=0.00, real=0.02 secs] 
2018-02-19T14:01:32.314+0000: 153.829: [GC (Allocation Failure) 2018-02-19T14:01:32.314+0000: 153.829: [DefNew: 145545K->8968K(153600K), 0.0165532 secs] 193057K->57893K(494976K), 0.0166268 secs] [Times: user=0.02 sys=0.00, real=0.02 secs] 
2018-02-19T14:01:50.779+0000: 172.294: [GC (Allocation Failure) 2018-02-19T14:01:50.779+0000: 172.294: [DefNew: 145544K->9059K(153600K), 0.0159825 secs] 194469K->58994K(494976K), 0.0160441 secs] [Times: user=0.02 sys=0.00, real=0.02 secs] 
2018-02-19T14:02:07.934+0000: 189.449: [GC (Allocation Failure) 2018-02-19T14:02:07.934+0000: 189.449: [DefNew: 145635K->9189K(153600K), 0.0178903 secs] 195570K->60848K(494976K), 0.0179563 secs] [Times: user=0.01 sys=0.01, real=0.01 secs] 
2018-02-19T14:02:25.023+0000: 206.538: [GC (Allocation Failure) 2018-02-19T14:02:25.023+0000: 206.538: [DefNew: 145765K->8596K(153600K), 0.0169765 secs] 197424K->61308K(494976K), 0.0170419 secs] [Times: user=0.02 sys=0.00, real=0.02 secs] 
2018-02-19T14:02:38.775+0000: 220.290: [GC (Allocation Failure) 2018-02-19T14:02:38.775+0000: 220.290: [DefNew: 145172K->8900K(153600K), 0.0164070 secs] 197884K->62807K(494976K), 0.0164743 secs] [Times: user=0.01 sys=0.00, real=0.01 secs] 
2018-02-19T14:02:57.134+0000: 238.649: [GC (Allocation Failure) 2018-02-19T14:02:57.134+0000: 238.649: [DefNew: 145476K->8767K(153600K), 0.0169591 secs] 199383K->63816K(494976K), 0.0170243 secs] [Times: user=0.01 sys=0.01, real=0.02 secs] 
2018-02-19T14:03:14.637+0000: 256.152: [GC (Allocation Failure) 2018-02-19T14:03:14.637+0000: 256.152: [DefNew: 145343K->9349K(153600K), 0.0171073 secs] 200392K->65542K(494976K), 0.0171798 secs] [Times: user=0.02 sys=0.00, real=0.01 secs] 
2018-02-19T14:03:31.166+0000: 272.682: [GC (Allocation Failure) 2018-02-19T14:03:31.167+0000: 272.682: [DefNew: 145925K->10163K(153600K), 0.0178015 secs] 202118K->67378K(494976K), 0.0178745 secs] [Times: user=0.02 sys=0.00, real=0.01 secs] 
2018-02-19T14:03:46.255+0000: 287.770: [GC (Allocation Failure) 2018-02-19T14:03:46.255+0000: 287.770: [DefNew: 146739K->9260K(153600K), 0.0179235 secs] 203954K->68760K(494976K), 0.0180055 secs] [Times: user=0.02 sys=0.00, real=0.01 secs] 
2018-02-19T14:04:06.256+0000: 307.772: [GC (Allocation Failure) 2018-02-19T14:04:06.256+0000: 307.772: [DefNew: 145836K->9036K(153600K), 0.0169878 secs] 205336K->69918K(494976K), 0.0170724 secs] [Times: user=0.02 sys=0.00, real=0.01 secs] 
2018-02-19T14:04:21.657+0000: 323.172: [GC (Allocation Failure) 2018-02-19T14:04:21.657+0000: 323.172: [DefNew: 145612K->8733K(153600K), 0.0162641 secs] 206494K->71435K(494976K), 0.0163404 secs] [Times: user=0.02 sys=0.00, real=0.01 secs] 
2018-02-19T14:04:35.454+0000: 336.969: [GC (Allocation Failure) 2018-02-19T14:04:35.454+0000: 336.970: [DefNew: 145309K->8639K(153600K), 0.0162819 secs] 208011K->72630K(494976K), 0.0163461 secs] [Times: user=0.01 sys=0.00, real=0.01 secs] 
2018-02-19T14:04:47.834+0000: 349.350: [GC (Allocation Failure) 2018-02-19T14:04:47.834+0000: 349.350: [DefNew: 145215K->8720K(153600K), 0.0175971 secs] 209206K->73994K(494976K), 0.0176635 secs] [Times: user=0.02 sys=0.00, real=0.01 secs] 
2018-02-19T14:05:03.408+0000: 364.923: [GC (Allocation Failure) 2018-02-19T14:05:03.408+0000: 364.923: [DefNew: 145296K->9602K(153600K), 0.0165636 secs] 210570K->76021K(494976K), 0.0166278 secs] [Times: user=0.01 sys=0.00, real=0.01 secs] 
2018-02-19T14:05:18.174+0000: 379.689: [GC (Allocation Failure) 2018-02-19T14:05:18.174+0000: 379.689: [DefNew: 146178K->9793K(153600K), 0.0169834 secs] 212597K->77443K(494976K), 0.0170602 secs] [Times: user=0.02 sys=0.00, real=0.02 secs] 
2018-02-19T14:05:31.451+0000: 392.966: [GC (Allocation Failure) 2018-02-19T14:05:31.451+0000: 392.966: [DefNew: 146369K->9788K(153600K), 0.0168425 secs] 214019K->78580K(494976K), 0.0169164 secs] [Times: user=0.02 sys=0.00, real=0.02 secs] 
2018-02-19T14:05:48.377+0000: 409.894: [GC (Allocation Failure) 2018-02-19T14:05:48.378+0000: 409.894: [DefNew: 146364K->8979K(153600K), 0.0171583 secs] 215156K->79881K(494976K), 0.0181378 secs] [Times: user=0.01 sys=0.00, real=0.02 secs] 
2018-02-19T14:06:04.391+0000: 425.906: [GC (Allocation Failure) 2018-02-19T14:06:04.391+0000: 425.906: [DefNew: 145555K->9255K(153600K), 0.0170106 secs] 216457K->81404K(494976K), 0.0170809 secs] [Times: user=0.02 sys=0.00, real=0.02 secs] 
2018-02-19T14:06:17.966+0000: 439.481: [GC (Allocation Failure) 2018-02-19T14:06:17.966+0000: 439.481: [DefNew: 145831K->10280K(153600K), 0.0188743 secs] 217980K->83501K(494976K), 0.0189380 secs] [Times: user=0.02 sys=0.01, real=0.02 secs] 
2018-02-19T14:06:34.956+0000: 456.472: [GC (Allocation Failure) 2018-02-19T14:06:34.956+0000: 456.472: [DefNew: 146856K->8654K(153600K), 0.0298241 secs] 220077K->84506K(494976K), 0.0298987 secs] [Times: user=0.00 sys=0.03, real=0.03 secs] 
2018-02-19T14:06:49.316+0000: 470.832: [GC (Allocation Failure) 2018-02-19T14:06:49.316+0000: 470.832: [DefNew: 145203K->8551K(153600K), 0.0210334 secs] 221055K->85931K(494976K), 0.0211124 secs] [Times: user=0.01 sys=0.00, real=0.02 secs] 
2018-02-19T14:07:07.511+0000: 489.027: [GC (Allocation Failure) 2018-02-19T14:07:07.511+0000: 489.027: [DefNew: 145127K->8933K(153600K), 0.0163196 secs] 222507K->87622K(494976K), 0.0163849 secs] [Times: user=0.02 sys=0.00, real=0.02 secs] 
2018-02-19T14:07:21.497+0000: 503.012: [GC (Allocation Failure) 2018-02-19T14:07:21.497+0000: 503.012: [DefNew: 145509K->8897K(153600K), 0.0175511 secs] 224198K->89091K(494976K), 0.0176146 secs] [Times: user=0.01 sys=0.00, real=0.02 secs] 
2018-02-19T14:07:36.633+0000: 518.148: [GC (Allocation Failure) 2018-02-19T14:07:36.633+0000: 518.148: [DefNew: 145473K->9088K(153600K), 0.0178403 secs] 225667K->90827K(494976K), 0.0179143 secs] [Times: user=0.01 sys=0.00, real=0.02 secs] 
2018-02-19T14:07:51.169+0000: 532.685: [GC (Allocation Failure) 2018-02-19T14:07:51.169+0000: 532.685: [DefNew: 145664K->9185K(153600K), 0.0159215 secs] 227403K->92376K(494976K), 0.0159943 secs] [Times: user=0.02 sys=0.00, real=0.01 secs] 
2018-02-19T14:08:07.900+0000: 549.415: [GC (Allocation Failure) 2018-02-19T14:08:07.900+0000: 549.415: [DefNew: 145761K->9154K(153600K), 0.0175937 secs] 228952K->94030K(494976K), 0.0176612 secs] [Times: user=0.01 sys=0.00, real=0.02 secs] 
2018-02-19T14:08:23.059+0000: 564.574: [GC (Allocation Failure) 2018-02-19T14:08:23.059+0000: 564.574: [DefNew: 145730K->9184K(153600K), 0.0174584 secs] 230606K->95607K(494976K), 0.0175500 secs] [Times: user=0.01 sys=0.01, real=0.02 secs] 
2018-02-19T14:08:39.147+0000: 580.663: [GC (Allocation Failure) 2018-02-19T14:08:39.147+0000: 580.663: [DefNew: 145760K->9228K(153600K), 0.0170406 secs] 232183K->96983K(494976K), 0.0171040 secs] [Times: user=0.02 sys=0.00, real=0.01 secs] 
2018-02-19T14:08:53.971+0000: 595.486: [GC (Allocation Failure) 2018-02-19T14:08:53.971+0000: 595.486: [DefNew: 145804K->9039K(153600K), 0.0158896 secs] 233559K->98353K(494976K), 0.0159538 secs] [Times: user=0.02 sys=0.00, real=0.02 secs] 
2018-02-19T14:09:04.098+0000: 605.614: [GC (Allocation Failure) 2018-02-19T14:09:04.098+0000: 605.614: [DefNew: 145615K->9931K(153600K), 0.0188332 secs] 234929K->100814K(494976K), 0.0188986 secs] [Times: user=0.02 sys=0.00, real=0.02 secs] 
2018-02-19T14:09:19.313+0000: 620.828: [GC (Allocation Failure) 2018-02-19T14:09:19.313+0000: 620.828: [DefNew: 146507K->9224K(153600K), 0.0171781 secs] 237390K->101575K(494976K), 0.0172378 secs] [Times: user=0.01 sys=0.00, real=0.02 secs] 
14:09:33.363 [Client] INFO  c.s.f.r.e.s.SocketRear  - FlameSocketGraphDeployerRear@172.31.44.83: has been disconnected from Connection 6
14:09:47.429 [worker-akka.actor.default-dispatcher-2] INFO  a.a.CoordinatedShutdown CoordinatedShutdown(akka://worker) - Starting coordinated shutdown from JVM shutdown hook
14:09:47.478 [worker-akka.actor.default-dispatcher-2] INFO  a.a.LocalActorRef akka://worker/user/watcher/graph0000000000/negotiator - Stopped
14:09:47.478 [worker-akka.actor.default-dispatcher-2] INFO  a.a.LocalActorRef akka://worker/user/watcher/graph0000000000/edge/FlameSocketGraphDeployerFront - Stopped
14:09:47.478 [worker-akka.actor.default-dispatcher-2] INFO  a.a.LocalActorRef akka://worker/user/watcher/graph0000000000/edge/FlameSocketGraphDeployerRear - Stopped
14:09:47.479 [worker-akka.actor.default-dispatcher-2] INFO  a.a.LocalActorRef akka://worker/user/watcher/graph0000000000/graph/local-acker/$a - Stopped
14:09:47.479 [worker-akka.actor.default-dispatcher-2] INFO  a.a.LocalActorRef akka://worker/user/watcher/graph0000000000/graph/$a - Stopped
14:09:47.480 [worker-akka.actor.default-dispatcher-2] INFO  a.a.LocalActorRef akka://worker/user/watcher/graph0000000000/graph/$b - Stopped
14:09:47.480 [worker-akka.actor.default-dispatcher-2] INFO  a.a.LocalActorRef akka://worker/user/watcher/graph0000000000/graph/local-acker/$a - Message [com.spbsu.flamestream.runtime.utils.akka.PingActor$InnerPing] from Actor[akka://worker/user/watcher/graph0000000000/graph/local-acker/$a#352800912] to Actor[akka://worker/user/watcher/graph0000000000/graph/local-acker/$a#352800912] was not delivered. [1] dead letters encountered. This logging can be turned off or adjusted with configuration settings 'akka.log-dead-letters' and 'akka.log-dead-letters-during-shutdown'.
14:09:47.481 [worker-akka.actor.default-dispatcher-2] INFO  a.a.LocalActorRef akka://worker/user/watcher/graph0000000000/graph/local-acker - Stopped
14:09:47.481 [worker-akka.actor.default-dispatcher-2] INFO  a.a.LocalActorRef akka://worker/user/watcher/graph0000000000/graph/$c - Stopped
14:09:47.485 [worker-akka.actor.default-dispatcher-2] INFO  a.a.LocalActorRef akka://worker/user/watcher/graph0000000000/edge - Stopped
14:09:47.486 [worker-akka.actor.default-dispatcher-2] INFO  a.a.LocalActorRef akka://worker/user/watcher/graph0000000000/graph - Stopped
14:09:47.487 [worker-akka.actor.default-dispatcher-2] INFO  a.a.LocalActorRef akka://worker/user/watcher/graph0000000000 - Stopped
14:09:47.488 [worker-akka.actor.default-dispatcher-2] INFO  a.a.LocalActorRef akka://worker/user/watcher/graph0000000000/graph/local-acker/$a - Message [com.spbsu.flamestream.runtime.utils.akka.PingActor$Stop] from Actor[akka://worker/user/watcher/graph0000000000/graph/local-acker#-1395543509] to Actor[akka://worker/user/watcher/graph0000000000/graph/local-acker/$a#352800912] was not delivered. [2] dead letters encountered. This logging can be turned off or adjusted with configuration settings 'akka.log-dead-letters' and 'akka.log-dead-letters-during-shutdown'.
14:09:47.489 [worker-akka.actor.default-dispatcher-2] INFO  a.a.LocalActorRef akka://worker/user/watcher/graph0000000000/graph/local-acker - Message [com.spbsu.flamestream.runtime.acker.LocalAcker$Flush] from Actor[akka://worker/user/watcher/graph0000000000/graph/local-acker#-1395543509] to Actor[akka://worker/user/watcher/graph0000000000/graph/local-acker#-1395543509] was not delivered. [3] dead letters encountered. This logging can be turned off or adjusted with configuration settings 'akka.log-dead-letters' and 'akka.log-dead-letters-during-shutdown'.
14:09:47.490 [worker-akka.actor.default-dispatcher-2] INFO  a.a.LocalActorRef akka://worker/user/watcher/graph0000000000/graph/local-acker - Message [com.spbsu.flamestream.runtime.acker.LocalAcker$Flush] from Actor[akka://worker/user/watcher/graph0000000000/graph/local-acker#-1395543509] to Actor[akka://worker/user/watcher/graph0000000000/graph/local-acker#-1395543509] was not delivered. [4] dead letters encountered. This logging can be turned off or adjusted with configuration settings 'akka.log-dead-letters' and 'akka.log-dead-letters-during-shutdown'.
14:09:47.492 [worker-akka.actor.default-dispatcher-2] INFO  a.a.LocalActorRef akka://worker/user/watcher/graph0000000000/graph/local-acker - Message [com.spbsu.flamestream.runtime.acker.LocalAcker$Flush] from Actor[akka://worker/user/watcher/graph0000000000/graph/local-acker#-1395543509] to Actor[akka://worker/user/watcher/graph0000000000/graph/local-acker#-1395543509] was not delivered. [5] dead letters encountered. This logging can be turned off or adjusted with configuration settings 'akka.log-dead-letters' and 'akka.log-dead-letters-during-shutdown'.
2018-02-19T14:09:47.493+0000: 649.008: [GC (Allocation Failure) 2018-02-19T14:09:47.493+0000: 649.009: [DefNew: 145800K->9824K(153600K), 0.0209275 secs] 238151K->103569K(494976K), 0.0209856 secs] [Times: user=0.02 sys=0.00, real=0.03 secs] 
14:09:47.520 [worker-akka.actor.default-dispatcher-2] INFO  o.a.z.ZooKeeper  - Session: 0x161ae5b8406000a closed
14:09:47.520 [worker-akka.actor.default-dispatcher-2] INFO  a.a.RepointableActorRef akka://worker/user/watcher - Stopped
14:09:47.521 [worker-akka.actor.default-dispatcher-2-EventThread] INFO  o.a.z.ClientCnxn  - EventThread shut down for session: 0x161ae5b8406000a
14:09:47.536 [worker-akka.actor.default-dispatcher-2] INFO  a.r.RemoteActorRefProvider$RemotingTerminator akka://worker@172.31.44.83:5412/system/remoting-terminator - Shutting down remote daemon.
14:09:47.541 [worker-akka.actor.default-dispatcher-2] INFO  a.r.RemoteActorRefProvider$RemotingTerminator akka://worker@172.31.44.83:5412/system/remoting-terminator - Remote daemon shut down; proceeding with flushing remote transports.
14:09:48.693 [worker-akka.actor.default-dispatcher-2] INFO  a.r.RemoteActorRefProvider$RemotingTerminator akka://worker@172.31.44.83:5412/system/remoting-terminator - Remoting shut down.
Heap
 def new generation   total 153600K, used 17007K [0x00000000e0c00000, 0x00000000eb2a0000, 0x00000000eb2a0000)
  eden space 136576K,   5% used [0x00000000e0c00000, 0x00000000e1303cb0, 0x00000000e9160000)
  from space 17024K,  57% used [0x00000000ea200000, 0x00000000eab980a0, 0x00000000eb2a0000)
  to   space 17024K,   0% used [0x00000000e9160000, 0x00000000e9160000, 0x00000000ea200000)
 tenured generation   total 341376K, used 93745K [0x00000000eb2a0000, 0x0000000100000000, 0x0000000100000000)
   the space 341376K,  27% used [0x00000000eb2a0000, 0x00000000f0e2c628, 0x00000000f0e2c800, 0x0000000100000000)
 Metaspace       used 33479K, capacity 34234K, committed 34432K, reserved 1079296K
  class space    used 4456K, capacity 4624K, committed 4736K, reserved 1048576K
