15:07:28,227 |-INFO in ch.qos.logback.classic.LoggerContext[default] - Could NOT find resource [logback-test.xml]
15:07:28,227 |-INFO in ch.qos.logback.classic.LoggerContext[default] - Could NOT find resource [logback.groovy]
15:07:28,227 |-INFO in ch.qos.logback.classic.LoggerContext[default] - Found resource [logback.xml] at [jar:file:/opt/flamestream/lib/flamestream-runtime-1.0-SNAPSHOT.jar!/logback.xml]
15:07:28,228 |-WARN in ch.qos.logback.classic.LoggerContext[default] - Resource [logback.xml] occurs multiple times on the classpath.
15:07:28,228 |-WARN in ch.qos.logback.classic.LoggerContext[default] - Resource [logback.xml] occurs at [jar:file:/opt/flamestream/flamestream-runtime-1.0-SNAPSHOT.jar!/logback.xml]
15:07:28,228 |-WARN in ch.qos.logback.classic.LoggerContext[default] - Resource [logback.xml] occurs at [jar:file:/opt/flamestream/lib/flamestream-runtime-1.0-SNAPSHOT.jar!/logback.xml]
15:07:28,252 |-INFO in ch.qos.logback.core.joran.spi.ConfigurationWatchList@69b794e2 - URL [jar:file:/opt/flamestream/lib/flamestream-runtime-1.0-SNAPSHOT.jar!/logback.xml] is not of type file
15:07:28,335 |-INFO in ch.qos.logback.classic.joran.action.ConfigurationAction - debug attribute not set
15:07:28,335 |-INFO in ch.qos.logback.core.joran.action.AppenderAction - About to instantiate appender of type [ch.qos.logback.core.ConsoleAppender]
15:07:28,341 |-INFO in ch.qos.logback.core.joran.action.AppenderAction - Naming appender as [STDOUT]
15:07:28,349 |-INFO in ch.qos.logback.core.joran.action.NestedComplexPropertyIA - Assuming default type [ch.qos.logback.classic.encoder.PatternLayoutEncoder] for [encoder] property
15:07:28,381 |-INFO in ch.qos.logback.core.joran.action.AppenderAction - About to instantiate appender of type [ch.qos.logback.core.rolling.RollingFileAppender]
15:07:28,387 |-INFO in ch.qos.logback.core.joran.action.AppenderAction - Naming appender as [FILE]
15:07:28,404 |-INFO in c.q.l.core.rolling.TimeBasedRollingPolicy@1059063940 - No compression will be used
15:07:28,405 |-INFO in c.q.l.core.rolling.TimeBasedRollingPolicy@1059063940 - Will use the pattern /tmp/application_%d{yyyy-MM-dd}.%i.log for the active file
15:07:28,410 |-INFO in ch.qos.logback.core.rolling.SizeAndTimeBasedFNATP@4d339552 - The date pattern is 'yyyy-MM-dd' from file name pattern '/tmp/application_%d{yyyy-MM-dd}.%i.log'.
15:07:28,410 |-INFO in ch.qos.logback.core.rolling.SizeAndTimeBasedFNATP@4d339552 - Roll-over at midnight.
15:07:28,416 |-INFO in ch.qos.logback.core.rolling.SizeAndTimeBasedFNATP@4d339552 - Setting initial period to Thu Mar 29 15:02:55 UTC 2018
15:07:28,416 |-WARN in ch.qos.logback.core.rolling.SizeAndTimeBasedFNATP@4d339552 - SizeAndTimeBasedFNATP is deprecated. Use SizeAndTimeBasedRollingPolicy instead
15:07:28,416 |-WARN in ch.qos.logback.core.rolling.SizeAndTimeBasedFNATP@4d339552 - For more information see http://logback.qos.ch/manual/appenders.html#SizeAndTimeBasedRollingPolicy
15:07:28,421 |-INFO in ch.qos.logback.core.joran.action.NestedComplexPropertyIA - Assuming default type [ch.qos.logback.classic.encoder.PatternLayoutEncoder] for [encoder] property
15:07:28,425 |-INFO in ch.qos.logback.core.rolling.RollingFileAppender[FILE] - Active log file name: /tmp/application.log
15:07:28,425 |-INFO in ch.qos.logback.core.rolling.RollingFileAppender[FILE] - File property is set to [/tmp/application.log]
15:07:28,426 |-INFO in ch.qos.logback.classic.joran.action.RootLoggerAction - Setting level of ROOT logger to INFO
15:07:28,426 |-INFO in ch.qos.logback.core.joran.action.AppenderRefAction - Attaching appender named [STDOUT] to Logger[ROOT]
15:07:28,426 |-INFO in ch.qos.logback.core.joran.action.AppenderRefAction - Attaching appender named [FILE] to Logger[ROOT]
15:07:28,426 |-INFO in ch.qos.logback.classic.joran.action.ConfigurationAction - End of configuration.
15:07:28,427 |-INFO in ch.qos.logback.classic.joran.JoranConfigurator@f0f2775 - Registering current configuration as safe fallback point

15:07:28.430 [main] INFO  c.s.f.r.a.WorkerApplication  - Starting worker with id: '10.0.0.167', host: '10.0.0.167:5412', zkString: '10.0.0.14:2181'
15:07:29.319 [worker-akka.actor.default-dispatcher-2] INFO  a.e.s.Slf4jLogger  - Slf4jLogger started
2018-03-29T15:07:29.463+0000: 1.815: [Full GC (Metadata GC Threshold) 2018-03-29T15:07:29.465+0000: 1.815: [Tenured: 0K->15842K(341376K), 0.0386647 secs] 131339K->15842K(494976K), [Metaspace: 20937K->20937K(1067008K)], 0.0403743 secs] [Times: user=0.04 sys=0.00, real=0.04 secs] 
Ama winner
Ama winner
15:07:29.851 [worker-akka.actor.default-dispatcher-2] INFO  a.r.a.ArteryTransport(akka://worker) akka.remote.artery.ArteryTransport(akka://worker) - Started embedded media driver in directory [/dev/shm/aeron-10.0.0.167]
15:07:30.045 [worker-akka.actor.default-dispatcher-2] INFO  a.r.a.ArteryTransport(akka://worker) akka.remote.artery.ArteryTransport(akka://worker) - Remoting started; listening on address: [akka://worker@10.0.0.167:5412] with UID [4583485579284153876]
15:07:30.100 [worker-akka.actor.default-dispatcher-6] INFO  a.a.RepointableActorRef akka://worker/user/watcher - Starting...
15:07:30.164 [worker-akka.actor.default-dispatcher-3] INFO  o.a.z.ZooKeeper  - Client environment:zookeeper.version=3.4.9-1757313, built on 08/23/2016 06:50 GMT
15:07:30.166 [worker-akka.actor.default-dispatcher-3] INFO  o.a.z.ZooKeeper  - Client environment:host.name=localhost
15:07:30.166 [worker-akka.actor.default-dispatcher-3] INFO  o.a.z.ZooKeeper  - Client environment:java.version=1.8.0_151
15:07:30.166 [worker-akka.actor.default-dispatcher-3] INFO  o.a.z.ZooKeeper  - Client environment:java.vendor=Oracle Corporation
15:07:30.166 [worker-akka.actor.default-dispatcher-3] INFO  o.a.z.ZooKeeper  - Client environment:java.home=/usr/lib/jvm/java-8-openjdk-amd64/jre
15:07:30.166 [worker-akka.actor.default-dispatcher-3] INFO  o.a.z.ZooKeeper  - Client environment:java.class.path=lib/commons-cli-1.4.jar:lib/minlog-1.3.0.jar:lib/asm-5.0.4.jar:lib/hadoop-annotations-2.7.3.jar:lib/hadoop-auth-2.7.3.jar:lib/akka-slf4j_2.11-2.5.6.jar:lib/jersey-core-1.9.jar:lib/lz4-1.3.0.jar:lib/jackson-core-asl-1.9.13.jar:lib/aeron-client-1.3.0.jar:lib/htrace-core-3.1.0-incubating.jar:lib/xz-1.0.jar:lib/commons-httpclient-3.1.jar:lib/asm-3.1.jar:lib/commons-lang3-3.4.jar:lib/scala-library-2.11.11.jar:lib/scala-java8-compat_2.11-0.7.0.jar:lib/commons-configuration-1.6.jar:lib/objenesis-2.1.jar:lib/jackson-annotations-2.8.0.jar:lib/jsr305-3.0.0.jar:lib/curator-framework-2.7.1.jar:lib/jersey-server-1.9.jar:lib/jets3t-0.9.0.jar:lib/leveldb-0.7.jar:lib/jetty-6.1.26.jar:lib/stax-api-1.0-2.jar:lib/flamestream-core-1.0-SNAPSHOT.jar:lib/reflectasm-1.07-shaded.jar:lib/apacheds-kerberos-codec-2.0.0-M15.jar:lib/api-asn1-api-1.0.0-M20.jar:lib/commons-lang-2.6.jar:lib/commons-beanutils-1.7.0.jar:lib/jackson-xc-1.8.3.jar:lib/jetty-util-6.1.26.jar:lib/logback-classic-1.2.3.jar:lib/jool-0.9.12.jar:lib/httpcore-4.1.2.jar:lib/kryo-4.0.0.jar:lib/ant-1.8.1.jar:lib/jaxb-impl-2.2.3-1.jar:lib/jersey-json-1.9.jar:lib/commons-compress-1.4.1.jar:lib/leveldbjni-all-1.8.jar:lib/paranamer-2.3.jar:lib/jackson-core-2.8.4.jar:lib/commons-math3-3.6.1.jar:lib/scala-parser-combinators_2.11-1.0.4.jar:lib/netty-3.10.6.Final.jar:lib/trove4j-3.0.3.jar:lib/jaxb-api-2.2.2.jar:lib/logback-core-1.2.3.jar:lib/snappy-java-1.0.4.1.jar:lib/protobuf-java-2.5.0.jar:lib/reactive-streams-1.0.1.jar:lib/flamestream-examples-1.0-SNAPSHOT.jar:lib/commons-codec-1.4.jar:lib/activation-1.1.jar:lib/commons-net-3.1.jar:lib/curator-recipes-2.7.1.jar:lib/jackson-mapper-asl-1.9.13.jar:lib/jackson-databind-2.8.4.jar:lib/flamestream-runtime-1.0-SNAPSHOT.jar:lib/jackson-jaxrs-1.8.3.jar:lib/slf4j-api-1.7.24.jar:lib/akka-remote_2.11-2.5.6.jar:lib/akka-testkit_2.11-2.5.6.jar:lib/jline-0.9.94.jar:lib/jedis-2.9.0.jar:lib/akka-stream_2.11-2.5.6.jar:lib/jsp-api-2.1.jar:lib/kryonet-2.21.jar:lib/akka-kryo-serialization_2.11-0.5.0.jar:lib/config-1.3.1.jar:lib/ant-launcher-1.8.1.jar:lib/commons-logging-1.2.jar:lib/ssl-config-core_2.11-0.2.2.jar:lib/testng-6.10.jar:lib/leveldb-api-0.7.jar:lib/reflectasm-1.11.3.jar:lib/jcommander-1.48.jar:lib/commons-1.1.jar:lib/commons-digester-1.8.jar:lib/minlog-1.2.jar:lib/java-xmlbuilder-0.4.jar:lib/jettison-1.1.jar:lib/gson-2.2.4.jar:lib/jdk.tools-1.8.jar:lib/aeron-driver-1.3.0.jar:lib/zookeeper-3.4.9.jar:lib/commons-beanutils-core-1.8.0.jar:lib/commons-math3-3.1.1.jar:lib/akka-actor_2.11-2.5.6.jar:lib/curator-client-2.7.1.jar:lib/servlet-api-2.5.jar:lib/commons-pool2-2.4.2.jar:lib/apacheds-i18n-2.0.0-M15.jar:lib/commons-io-2.4.jar:lib/commons-codec-1.6.jar:lib/akka-protobuf_2.11-2.5.6.jar:lib/jdom-2.0.2.jar:lib/rocksdbjni-5.5.1.jar:lib/api-util-1.0.0-M20.jar:lib/hadoop-common-2.7.3.jar:lib/agrona-0.9.6.jar:lib/xmlenc-0.52.jar:lib/guava-21.0.jar:lib/commons-collections-3.2.2.jar:lib/avro-1.7.4.jar:lib/httpclient-4.1.2.jar:lib/flamestream-core-1.0-SNAPSHOT-tests.jar:lib/annotations-12.0.jar:lib/jsch-0.1.42.jar:flamestream-runtime-1.0-SNAPSHOT.jar
15:07:30.166 [worker-akka.actor.default-dispatcher-3] INFO  o.a.z.ZooKeeper  - Client environment:java.library.path=/usr/java/packages/lib/amd64:/usr/lib/x86_64-linux-gnu/jni:/lib/x86_64-linux-gnu:/usr/lib/x86_64-linux-gnu:/usr/lib/jni:/lib:/usr/lib
15:07:30.167 [worker-akka.actor.default-dispatcher-3] INFO  o.a.z.ZooKeeper  - Client environment:java.io.tmpdir=/tmp
15:07:30.168 [worker-akka.actor.default-dispatcher-3] INFO  o.a.z.ZooKeeper  - Client environment:java.compiler=<NA>
15:07:30.170 [worker-akka.actor.default-dispatcher-3] INFO  o.a.z.ZooKeeper  - Client environment:os.name=Linux
15:07:30.170 [worker-akka.actor.default-dispatcher-3] INFO  o.a.z.ZooKeeper  - Client environment:os.arch=amd64
15:07:30.171 [worker-akka.actor.default-dispatcher-3] INFO  o.a.z.ZooKeeper  - Client environment:os.version=4.4.0-1049-aws
15:07:30.171 [worker-akka.actor.default-dispatcher-3] INFO  o.a.z.ZooKeeper  - Client environment:user.name=root
15:07:30.172 [worker-akka.actor.default-dispatcher-3] INFO  o.a.z.ZooKeeper  - Client environment:user.home=/root
15:07:30.172 [worker-akka.actor.default-dispatcher-3] INFO  o.a.z.ZooKeeper  - Client environment:user.dir=/opt/flamestream
15:07:30.174 [worker-akka.actor.default-dispatcher-3] INFO  o.a.z.ZooKeeper  - Initiating client connection, connectString=10.0.0.14:2181 sessionTimeout=5000 watcher=com.spbsu.flamestream.runtime.application.LifecycleWatcher$$Lambda$30/413149241@4f04353c
15:07:30.210 [worker-akka.actor.default-dispatcher-3-SendThread(10.0.0.14:2181)] INFO  o.a.z.ClientCnxn  - Opening socket connection to server 10.0.0.14/10.0.0.14:2181. Will not attempt to authenticate using SASL (unknown error)
15:07:30.220 [worker-akka.actor.default-dispatcher-3-SendThread(10.0.0.14:2181)] INFO  o.a.z.ClientCnxn  - Socket connection established to 10.0.0.14/10.0.0.14:2181, initiating session
15:07:30.227 [worker-akka.actor.default-dispatcher-3-SendThread(10.0.0.14:2181)] INFO  o.a.z.ClientCnxn  - Session establishment complete on server 10.0.0.14/10.0.0.14:2181, sessionid = 0x162724b934d0005, negotiated timeout = 6000
15:07:30.240 [worker-akka.actor.default-dispatcher-6] INFO  a.a.RepointableActorRef akka://worker/user/watcher - Initializing rocksDB backend
15:07:30.412 [worker-akka.actor.default-dispatcher-6] INFO  a.a.RepointableActorRef akka://worker/user/watcher - Connected to ZK
15:07:40.610 [worker-akka.actor.default-dispatcher-6] INFO  a.a.RepointableActorRef akka://worker/user/watcher - Creating node with watchGraphs: 'com.spbsu.flamestream.core.Graph$Builder$MyGraph@45f825b7', config: 'ClusterConfig{paths={10.0.0.82=akka://worker@10.0.0.82:5412/user/watcher, 10.0.0.102=akka://worker@10.0.0.102:5412/user/watcher, 10.0.0.39=akka://worker@10.0.0.39:5412/user/watcher, 10.0.0.225=akka://worker@10.0.0.225:5412/user/watcher, 10.0.0.27=akka://worker@10.0.0.27:5412/user/watcher, 10.0.0.236=akka://worker@10.0.0.236:5412/user/watcher, 10.0.0.25=akka://worker@10.0.0.25:5412/user/watcher, 10.0.0.167=akka://worker@10.0.0.167:5412/user/watcher, 10.0.0.46=akka://worker@10.0.0.46:5412/user/watcher, 10.0.0.189=akka://worker@10.0.0.189:5412/user/watcher}, ackerLocation='10.0.0.46', props=ComputationLayout{hashGroups={10.0.0.82=com.spbsu.flamestream.runtime.config.HashGroup@1ffe1b9d, 10.0.0.102=com.spbsu.flamestream.runtime.config.HashGroup@5d5c21bc, 10.0.0.39=com.spbsu.flamestream.runtime.config.HashGroup@56dcaf5d, 10.0.0.225=com.spbsu.flamestream.runtime.config.HashGroup@c65a7748, 10.0.0.27=com.spbsu.flamestream.runtime.config.HashGroup@231425fe, 10.0.0.236=com.spbsu.flamestream.runtime.config.HashGroup@fbc82752, 10.0.0.25=com.spbsu.flamestream.runtime.config.HashGroup@ccbcd570, 10.0.0.167=com.spbsu.flamestream.runtime.config.HashGroup@4276a447, 10.0.0.46=com.spbsu.flamestream.runtime.config.HashGroup@c01f, 10.0.0.189=com.spbsu.flamestream.runtime.config.HashGroup@3fc198ed}}}'
15:07:41.458 [worker-akka.actor.default-dispatcher-3] INFO  a.a.LocalActorRef akka://worker/user/watcher/graph_at_0/graph - Starting...
15:07:41.466 [worker-akka.actor.default-dispatcher-4] INFO  a.a.LocalActorRef akka://worker/user/watcher/graph_at_0/graph/local-acker/$a - Starting...
15:07:41.474 [worker-akka.actor.default-dispatcher-3] INFO  a.a.LocalActorRef akka://worker/user/watcher/graph_at_0/graph/local-acker - Starting...
15:07:43.316 [worker-akka.actor.default-dispatcher-4] INFO  a.a.LocalActorRef akka://worker/user/watcher/graph_at_0/graph - Finishing constructor
15:07:43.317 [worker-akka.actor.default-dispatcher-4] INFO  a.a.LocalActorRef akka://worker/user/watcher/graph_at_0/negotiator - Starting...
15:07:43.321 [worker-akka.actor.default-dispatcher-4] INFO  a.a.LocalActorRef akka://worker/user/watcher/graph_at_0 - Starting FlameNode with config 'ClusterConfig{paths={10.0.0.82=akka://worker@10.0.0.82:5412/user/watcher/graph_at_0, 10.0.0.102=akka://worker@10.0.0.102:5412/user/watcher/graph_at_0, 10.0.0.39=akka://worker@10.0.0.39:5412/user/watcher/graph_at_0, 10.0.0.225=akka://worker@10.0.0.225:5412/user/watcher/graph_at_0, 10.0.0.27=akka://worker@10.0.0.27:5412/user/watcher/graph_at_0, 10.0.0.236=akka://worker@10.0.0.236:5412/user/watcher/graph_at_0, 10.0.0.25=akka://worker@10.0.0.25:5412/user/watcher/graph_at_0, 10.0.0.167=akka://worker@10.0.0.167:5412/user/watcher/graph_at_0, 10.0.0.46=akka://worker@10.0.0.46:5412/user/watcher/graph_at_0, 10.0.0.189=akka://worker@10.0.0.189:5412/user/watcher/graph_at_0}, ackerLocation='10.0.0.46', props=ComputationLayout{hashGroups={10.0.0.82=com.spbsu.flamestream.runtime.config.HashGroup@1ffe1b9d, 10.0.0.102=com.spbsu.flamestream.runtime.config.HashGroup@5d5c21bc, 10.0.0.39=com.spbsu.flamestream.runtime.config.HashGroup@56dcaf5d, 10.0.0.225=com.spbsu.flamestream.runtime.config.HashGroup@c65a7748, 10.0.0.27=com.spbsu.flamestream.runtime.config.HashGroup@231425fe, 10.0.0.236=com.spbsu.flamestream.runtime.config.HashGroup@fbc82752, 10.0.0.25=com.spbsu.flamestream.runtime.config.HashGroup@ccbcd570, 10.0.0.167=com.spbsu.flamestream.runtime.config.HashGroup@4276a447, 10.0.0.46=com.spbsu.flamestream.runtime.config.HashGroup@c01f, 10.0.0.189=com.spbsu.flamestream.runtime.config.HashGroup@3fc198ed}}}'
15:07:43.326 [worker-akka.actor.default-dispatcher-3] INFO  a.a.LocalActorRef akka://worker/user/watcher/graph_at_0/edge - Starting...
15:07:43.355 [worker-akka.actor.default-dispatcher-4] INFO  a.a.LocalActorRef akka://worker/user/watcher/graph_at_0/negotiator - Requesting ticket for the frontClass FlameSocketGraphDeployerFront@10.0.0.167
15:07:43.373 [worker-akka.actor.default-dispatcher-10] INFO  a.a.LocalActorRef akka://worker/user/watcher/graph_at_0/graph - Received last commit 'LastCommit{globalTime=(0000000, min@min)}'
15:07:43.382 [worker-akka.actor.default-dispatcher-2] INFO  c.s.f.r.e.s.SocketRear  - FlameSocketGraphDeployerRear@10.0.0.167: connecting to 10.0.0.14:5678
15:07:43.389 [worker-akka.actor.default-dispatcher-10] INFO  a.a.LocalActorRef akka://worker/user/watcher/graph_at_0/edge/FlameSocketGraphDeployerFront - Starting...
15:07:43.395 [worker-akka.actor.default-dispatcher-2] INFO  c.s.f.r.e.s.SocketRear  - FlameSocketGraphDeployerRear@10.0.0.167: connected to 10.0.0.14:5678
15:07:43.396 [worker-akka.actor.default-dispatcher-10] INFO  a.a.LocalActorRef akka://worker/user/watcher/graph_at_0/edge/FlameSocketGraphDeployerRear - Starting...
15:07:43.457 [worker-akka.actor.default-dispatcher-3] INFO  a.a.LocalActorRef akka://worker/user/watcher/graph_at_0/graph/$a - Starting...
15:07:43.479 [worker-akka.actor.default-dispatcher-3] INFO  a.a.LocalActorRef akka://worker/user/watcher/graph_at_0/graph/$a - Attached rear to graph (-9223372036854775808, min@min)
15:07:43.480 [worker-akka.actor.default-dispatcher-3] INFO  a.a.LocalActorRef akka://worker/user/watcher/graph_at_0/graph/$b - Starting...
15:07:43.484 [worker-akka.actor.default-dispatcher-3] INFO  a.a.LocalActorRef akka://worker/user/watcher/graph_at_0/graph/$c - Starting...
15:07:43.583 [worker-akka.actor.default-dispatcher-3] INFO  a.a.LocalActorRef akka://worker/user/watcher/graph_at_0/negotiator - Ticket for the frontClass received: FrontTicket{allowedTimestamp=(0000000, FlameSocketGraphDeployerFront@10.0.0.167)}
15:07:43.585 [worker-akka.actor.default-dispatcher-3] INFO  c.s.f.r.e.s.SocketFront  - FlameSocketGraphDeployerFront@10.0.0.167: connecting to 10.0.0.14:4567
2018-03-29T15:07:47.445+0000: 19.795: [GC (Allocation Failure) 2018-03-29T15:07:47.445+0000: 19.795: [DefNew: 136576K->16178K(153600K), 0.0242647 secs] 152418K->51551K(494976K), 0.0243265 secs] [Times: user=0.01 sys=0.01, real=0.02 secs] 
2018-03-29T15:07:56.550+0000: 28.900: [GC (Allocation Failure) 2018-03-29T15:07:56.550+0000: 28.900: [DefNew: 152754K->6334K(153600K), 0.0338238 secs] 188127K->49661K(494976K), 0.0338865 secs] [Times: user=0.04 sys=0.00, real=0.04 secs] 
2018-03-29T15:08:07.856+0000: 40.206: [GC (Allocation Failure) 2018-03-29T15:08:07.856+0000: 40.206: [DefNew: 142910K->10019K(153600K), 0.0128391 secs] 186237K->53347K(494976K), 0.0129054 secs] [Times: user=0.01 sys=0.00, real=0.01 secs] 
2018-03-29T15:08:15.723+0000: 48.073: [GC (Allocation Failure) 2018-03-29T15:08:15.723+0000: 48.073: [DefNew: 145434K->10197K(153600K), 0.0183783 secs] 188761K->55662K(494976K), 0.0184435 secs] [Times: user=0.01 sys=0.00, real=0.02 secs] 
2018-03-29T15:08:24.426+0000: 56.776: [GC (Allocation Failure) 2018-03-29T15:08:24.426+0000: 56.776: [DefNew: 146773K->5776K(153600K), 0.0156144 secs] 192238K->56796K(494976K), 0.0156893 secs] [Times: user=0.01 sys=0.00, real=0.02 secs] 
2018-03-29T15:08:31.224+0000: 63.574: [GC (Allocation Failure) 2018-03-29T15:08:31.224+0000: 63.574: [DefNew: 142352K->15937K(153600K), 0.0165396 secs] 193372K->66957K(494976K), 0.0166017 secs] [Times: user=0.01 sys=0.00, real=0.02 secs] 
2018-03-29T15:08:38.710+0000: 71.060: [GC (Allocation Failure) 2018-03-29T15:08:38.710+0000: 71.060: [DefNew: 152513K->4939K(153600K), 0.0196531 secs] 203533K->68606K(494976K), 0.0197237 secs] [Times: user=0.02 sys=0.00, real=0.02 secs] 
2018-03-29T15:08:47.708+0000: 80.058: [GC (Allocation Failure) 2018-03-29T15:08:47.708+0000: 80.058: [DefNew: 141515K->6929K(153600K), 0.0135543 secs] 205182K->70595K(494976K), 0.0136234 secs] [Times: user=0.01 sys=0.00, real=0.02 secs] 
2018-03-29T15:08:56.739+0000: 89.089: [GC (Allocation Failure) 2018-03-29T15:08:56.739+0000: 89.089: [DefNew: 143505K->9381K(153600K), 0.0163466 secs] 207171K->73048K(494976K), 0.0164076 secs] [Times: user=0.02 sys=0.00, real=0.01 secs] 
2018-03-29T15:09:04.738+0000: 97.088: [GC (Allocation Failure) 2018-03-29T15:09:04.738+0000: 97.088: [DefNew: 143581K->8943K(153600K), 0.0195416 secs] 207247K->74798K(494976K), 0.0196057 secs] [Times: user=0.02 sys=0.00, real=0.02 secs] 
2018-03-29T15:09:14.715+0000: 107.065: [GC (Allocation Failure) 2018-03-29T15:09:14.715+0000: 107.065: [DefNew: 145519K->9157K(153600K), 0.0175817 secs] 211374K->76183K(494976K), 0.0176486 secs] [Times: user=0.02 sys=0.00, real=0.02 secs] 
2018-03-29T15:09:23.741+0000: 116.091: [GC (Allocation Failure) 2018-03-29T15:09:23.742+0000: 116.091: [DefNew: 143520K->8507K(153600K), 0.0181133 secs] 210546K->76903K(494976K), 0.0181848 secs] [Times: user=0.02 sys=0.00, real=0.02 secs] 
2018-03-29T15:09:31.028+0000: 123.378: [GC (Allocation Failure) 2018-03-29T15:09:31.028+0000: 123.378: [DefNew: 145083K->8476K(153600K), 0.0145170 secs] 213479K->76871K(494976K), 0.0145819 secs] [Times: user=0.02 sys=0.00, real=0.02 secs] 
2018-03-29T15:09:37.749+0000: 130.099: [GC (Allocation Failure) 2018-03-29T15:09:37.749+0000: 130.099: [DefNew: 143451K->17024K(153600K), 0.0205817 secs] 211846K->87943K(494976K), 0.0206588 secs] [Times: user=0.02 sys=0.00, real=0.02 secs] 
2018-03-29T15:09:45.715+0000: 138.065: [GC (Allocation Failure) 2018-03-29T15:09:45.715+0000: 138.065: [DefNew: 153484K->13563K(153600K), 0.0223574 secs] 224403K->97081K(494976K), 0.0224229 secs] [Times: user=0.02 sys=0.01, real=0.02 secs] 
2018-03-29T15:09:52.747+0000: 145.097: [GC (Allocation Failure) 2018-03-29T15:09:52.747+0000: 145.097: [DefNew: 145634K->5702K(153600K), 0.0164362 secs] 229152K->98870K(494976K), 0.0165031 secs] [Times: user=0.01 sys=0.00, real=0.02 secs] 
2018-03-29T15:10:00.749+0000: 153.099: [GC (Allocation Failure) 2018-03-29T15:10:00.749+0000: 153.099: [DefNew: 141728K->7053K(153600K), 0.0135478 secs] 234896K->100221K(494976K), 0.0136230 secs] [Times: user=0.01 sys=0.00, real=0.02 secs] 
2018-03-29T15:10:07.730+0000: 160.080: [GC (Allocation Failure) 2018-03-29T15:10:07.730+0000: 160.080: [DefNew: 143629K->8293K(153600K), 0.0151321 secs] 236797K->101461K(494976K), 0.0152025 secs] [Times: user=0.01 sys=0.00, real=0.01 secs] 
2018-03-29T15:10:14.749+0000: 167.099: [GC (Allocation Failure) 2018-03-29T15:10:14.749+0000: 167.099: [DefNew: 143572K->9648K(153600K), 0.0166835 secs] 236740K->102816K(494976K), 0.0167538 secs] [Times: user=0.01 sys=0.00, real=0.02 secs] 
2018-03-29T15:10:22.718+0000: 175.068: [GC (Allocation Failure) 2018-03-29T15:10:22.718+0000: 175.068: [DefNew: 146224K->8654K(153600K), 0.0171752 secs] 239392K->103482K(494976K), 0.0172428 secs] [Times: user=0.02 sys=0.00, real=0.02 secs] 
2018-03-29T15:10:29.097+0000: 181.447: [GC (Allocation Failure) 2018-03-29T15:10:29.097+0000: 181.447: [DefNew: 145230K->7308K(153600K), 0.0144212 secs] 240058K->103133K(494976K), 0.0144865 secs] [Times: user=0.01 sys=0.00, real=0.02 secs] 
2018-03-29T15:10:36.719+0000: 189.069: [GC (Allocation Failure) 2018-03-29T15:10:36.719+0000: 189.069: [DefNew: 143884K->10250K(153600K), 0.0182534 secs] 239709K->106075K(494976K), 0.0183258 secs] [Times: user=0.01 sys=0.00, real=0.01 secs] 
2018-03-29T15:10:44.090+0000: 196.440: [GC (Allocation Failure) 2018-03-29T15:10:44.090+0000: 196.440: [DefNew: 146826K->7590K(153600K), 0.0158341 secs] 242651K->105380K(494976K), 0.0159122 secs] [Times: user=0.02 sys=0.00, real=0.02 secs] 
2018-03-29T15:10:51.370+0000: 203.720: [GC (Allocation Failure) 2018-03-29T15:10:51.370+0000: 203.720: [DefNew: 144166K->8688K(153600K), 0.0138609 secs] 241956K->106478K(494976K), 0.0139258 secs] [Times: user=0.02 sys=0.00, real=0.02 secs] 
2018-03-29T15:10:58.152+0000: 210.502: [GC (Allocation Failure) 2018-03-29T15:10:58.152+0000: 210.502: [DefNew: 145264K->8374K(153600K), 0.0142380 secs] 243054K->107107K(494976K), 0.0143051 secs] [Times: user=0.02 sys=0.00, real=0.01 secs] 
2018-03-29T15:11:04.739+0000: 217.089: [GC (Allocation Failure) 2018-03-29T15:11:04.739+0000: 217.089: [DefNew: 144950K->11227K(153600K), 0.0354954 secs] 243683K->109959K(494976K), 0.0355611 secs] [Times: user=0.04 sys=0.00, real=0.03 secs] 
2018-03-29T15:11:10.627+0000: 222.977: [GC (Allocation Failure) 2018-03-29T15:11:10.627+0000: 222.977: [DefNew: 147803K->8106K(153600K), 0.0166739 secs] 246535K->109720K(494976K), 0.0167425 secs] [Times: user=0.02 sys=0.00, real=0.02 secs] 
2018-03-29T15:11:16.925+0000: 229.275: [GC (Allocation Failure) 2018-03-29T15:11:16.925+0000: 229.275: [DefNew: 144682K->8837K(153600K), 0.0136307 secs] 246296K->110452K(494976K), 0.0137004 secs] [Times: user=0.01 sys=0.00, real=0.02 secs] 
2018-03-29T15:11:23.673+0000: 236.023: [GC (Allocation Failure) 2018-03-29T15:11:23.673+0000: 236.023: [DefNew: 145413K->9742K(153600K), 0.0165010 secs] 247028K->112212K(494976K), 0.0165651 secs] [Times: user=0.02 sys=0.00, real=0.01 secs] 
2018-03-29T15:11:30.710+0000: 243.060: [GC (Allocation Failure) 2018-03-29T15:11:30.710+0000: 243.060: [DefNew: 146318K->8372K(153600K), 0.0162195 secs] 248788K->112909K(494976K), 0.0162859 secs] [Times: user=0.02 sys=0.00, real=0.02 secs] 
2018-03-29T15:11:37.675+0000: 250.025: [GC (Allocation Failure) 2018-03-29T15:11:37.675+0000: 250.025: [DefNew: 144948K->9072K(153600K), 0.0134819 secs] 249485K->113610K(494976K), 0.0135503 secs] [Times: user=0.01 sys=0.00, real=0.01 secs] 
2018-03-29T15:11:43.831+0000: 256.181: [GC (Allocation Failure) 2018-03-29T15:11:43.831+0000: 256.181: [DefNew: 140145K->10978K(153600K), 0.0368983 secs] 244683K->116366K(494976K), 0.0369754 secs] [Times: user=0.04 sys=0.00, real=0.03 secs] 
2018-03-29T15:11:50.227+0000: 262.577: [GC (Allocation Failure) 2018-03-29T15:11:50.227+0000: 262.577: [DefNew: 147554K->7478K(153600K), 0.0146404 secs] 252942K->115062K(494976K), 0.0147237 secs] [Times: user=0.01 sys=0.00, real=0.02 secs] 
2018-03-29T15:11:55.999+0000: 268.349: [GC (Allocation Failure) 2018-03-29T15:11:55.999+0000: 268.349: [DefNew: 144054K->8545K(153600K), 0.0127852 secs] 251638K->116129K(494976K), 0.0128588 secs] [Times: user=0.02 sys=0.00, real=0.01 secs] 
2018-03-29T15:12:01.855+0000: 274.205: [GC (Allocation Failure) 2018-03-29T15:12:01.855+0000: 274.205: [DefNew: 142825K->8330K(153600K), 0.0282548 secs] 250409K->116785K(494976K), 0.0283249 secs] [Times: user=0.03 sys=0.00, real=0.03 secs] 
2018-03-29T15:12:07.723+0000: 280.073: [GC (Allocation Failure) 2018-03-29T15:12:07.723+0000: 280.073: [DefNew: 144906K->12279K(153600K), 0.0185188 secs] 253361K->120734K(494976K), 0.0185883 secs] [Times: user=0.02 sys=0.00, real=0.02 secs] 
2018-03-29T15:12:13.141+0000: 285.491: [GC (Allocation Failure) 2018-03-29T15:12:13.141+0000: 285.491: [DefNew: 148855K->7126K(153600K), 0.0166744 secs] 257310K->119397K(494976K), 0.0167418 secs] [Times: user=0.02 sys=0.00, real=0.01 secs] 
2018-03-29T15:12:17.822+0000: 290.172: [GC (Allocation Failure) 2018-03-29T15:12:17.822+0000: 290.172: [DefNew: 143702K->8679K(153600K), 0.0152329 secs] 255973K->120950K(494976K), 0.0152931 secs] [Times: user=0.02 sys=0.00, real=0.01 secs] 
2018-03-29T15:12:23.796+0000: 296.146: [GC (Allocation Failure) 2018-03-29T15:12:23.796+0000: 296.146: [DefNew: 144423K->8255K(153600K), 0.0140766 secs] 256694K->121515K(494976K), 0.0141456 secs] [Times: user=0.02 sys=0.00, real=0.01 secs] 
2018-03-29T15:12:28.781+0000: 301.131: [GC (Allocation Failure) 2018-03-29T15:12:28.781+0000: 301.131: [DefNew: 144791K->17024K(153600K), 0.0194910 secs] 258051K->139236K(494976K), 0.0195641 secs] [Times: user=0.02 sys=0.00, real=0.02 secs] 
2018-03-29T15:12:33.867+0000: 306.217: [GC (Allocation Failure) 2018-03-29T15:12:33.867+0000: 306.217: [DefNew: 153600K->17024K(153600K), 0.0203690 secs] 275812K->159308K(494976K), 0.0204298 secs] [Times: user=0.02 sys=0.00, real=0.02 secs] 
2018-03-29T15:12:38.796+0000: 311.146: [GC (Allocation Failure) 2018-03-29T15:12:38.796+0000: 311.146: [DefNew: 148551K->5126K(153600K), 0.0165794 secs] 290835K->164078K(494976K), 0.0166507 secs] [Times: user=0.02 sys=0.00, real=0.02 secs] 
2018-03-29T15:12:43.928+0000: 316.278: [GC (Allocation Failure) 2018-03-29T15:12:43.929+0000: 316.278: [DefNew: 141702K->7178K(153600K), 0.0109498 secs] 300654K->166131K(494976K), 0.0110239 secs] [Times: user=0.01 sys=0.00, real=0.02 secs] 
2018-03-29T15:12:48.778+0000: 321.128: [GC (Allocation Failure) 2018-03-29T15:12:48.778+0000: 321.128: [DefNew: 141015K->8857K(153600K), 0.0124882 secs] 299968K->167810K(494976K), 0.0125538 secs] [Times: user=0.01 sys=0.00, real=0.02 secs] 
2018-03-29T15:12:53.853+0000: 326.203: [GC (Allocation Failure) 2018-03-29T15:12:53.853+0000: 326.203: [DefNew: 145433K->8218K(153600K), 0.0142783 secs] 304386K->168397K(494976K), 0.0143514 secs] [Times: user=0.01 sys=0.00, real=0.01 secs] 
2018-03-29T15:12:58.997+0000: 331.347: [GC (Allocation Failure) 2018-03-29T15:12:58.997+0000: 331.347: [DefNew: 144794K->9134K(153600K), 0.0242526 secs] 304973K->169313K(494976K), 0.0243233 secs] [Times: user=0.02 sys=0.00, real=0.03 secs] 
2018-03-29T15:13:04.736+0000: 337.086: [GC (Allocation Failure) 2018-03-29T15:13:04.736+0000: 337.086: [DefNew: 145487K->11861K(153600K), 0.0188810 secs] 305666K->172874K(494976K), 0.0189481 secs] [Times: user=0.01 sys=0.00, real=0.02 secs] 
2018-03-29T15:13:09.795+0000: 342.145: [GC (Allocation Failure) 2018-03-29T15:13:09.795+0000: 342.145: [DefNew: 140031K->6928K(153600K), 0.0146268 secs] 301044K->171205K(494976K), 0.0147048 secs] [Times: user=0.01 sys=0.00, real=0.01 secs] 
2018-03-29T15:13:15.733+0000: 348.083: [GC (Allocation Failure) 2018-03-29T15:13:15.733+0000: 348.083: [DefNew: 143504K->11137K(153600K), 0.0163348 secs] 307781K->175414K(494976K), 0.0164094 secs] [Times: user=0.02 sys=0.00, real=0.01 secs] 
2018-03-29T15:13:20.789+0000: 353.139: [GC (Allocation Failure) 2018-03-29T15:13:20.789+0000: 353.139: [DefNew: 145707K->6792K(153600K), 0.0138629 secs] 309984K->173546K(494976K), 0.0139300 secs] [Times: user=0.01 sys=0.00, real=0.02 secs] 
2018-03-29T15:13:25.790+0000: 358.140: [GC (Allocation Failure) 2018-03-29T15:13:25.790+0000: 358.140: [DefNew: 137319K->7939K(153600K), 0.0114252 secs] 304073K->174693K(494976K), 0.0114925 secs] [Times: user=0.00 sys=0.00, real=0.02 secs] 
2018-03-29T15:13:30.788+0000: 363.138: [GC (Allocation Failure) 2018-03-29T15:13:30.788+0000: 363.138: [DefNew: 139823K->10316K(153600K), 0.0138554 secs] 306577K->177070K(494976K), 0.0139230 secs] [Times: user=0.02 sys=0.00, real=0.02 secs] 
2018-03-29T15:13:35.787+0000: 368.137: [GC (Allocation Failure) 2018-03-29T15:13:35.787+0000: 368.137: [DefNew: 144569K->9152K(153600K), 0.0154663 secs] 311323K->177789K(494976K), 0.0155403 secs] [Times: user=0.01 sys=0.00, real=0.02 secs] 
2018-03-29T15:13:40.880+0000: 373.230: [GC (Allocation Failure) 2018-03-29T15:13:40.880+0000: 373.230: [DefNew: 139545K->9163K(153600K), 0.0315727 secs] 308183K->178697K(494976K), 0.0316404 secs] [Times: user=0.03 sys=0.00, real=0.03 secs] 
2018-03-29T15:13:46.721+0000: 379.071: [GC (Allocation Failure) 2018-03-29T15:13:46.721+0000: 379.071: [DefNew: 145739K->10277K(153600K), 0.0163161 secs] 315273K->181434K(494976K), 0.0163871 secs] [Times: user=0.02 sys=0.00, real=0.01 secs] 
2018-03-29T15:13:50.889+0000: 383.239: [GC (Allocation Failure) 2018-03-29T15:13:50.889+0000: 383.239: [DefNew: 146853K->6485K(153600K), 0.0134595 secs] 318010K->180423K(494976K), 0.0135286 secs] [Times: user=0.01 sys=0.00, real=0.02 secs] 
2018-03-29T15:13:55.790+0000: 388.140: [GC (Allocation Failure) 2018-03-29T15:13:55.790+0000: 388.140: [DefNew: 136278K->8947K(153600K), 0.0124209 secs] 310216K->182885K(494976K), 0.0124877 secs] [Times: user=0.01 sys=0.00, real=0.02 secs] 
2018-03-29T15:14:00.794+0000: 393.144: [GC (Allocation Failure) 2018-03-29T15:14:00.794+0000: 393.144: [DefNew: 143215K->9301K(153600K), 0.0135388 secs] 317153K->184086K(494976K), 0.0136061 secs] [Times: user=0.02 sys=0.00, real=0.01 secs] 
2018-03-29T15:14:05.770+0000: 398.120: [GC (Allocation Failure) 2018-03-29T15:14:05.771+0000: 398.120: [DefNew: 145877K->12337K(153600K), 0.0189428 secs] 320662K->188089K(494976K), 0.0190138 secs] [Times: user=0.02 sys=0.00, real=0.01 secs] 
2018-03-29T15:14:10.710+0000: 403.060: [GC (Allocation Failure) 2018-03-29T15:14:10.710+0000: 403.060: [DefNew: 148913K->7725K(153600K), 0.0147630 secs] 324665K->186740K(494976K), 0.0148319 secs] [Times: user=0.02 sys=0.00, real=0.02 secs] 
2018-03-29T15:14:15.798+0000: 408.148: [GC (Allocation Failure) 2018-03-29T15:14:15.798+0000: 408.148: [DefNew: 142463K->8130K(153600K), 0.0107070 secs] 321478K->187145K(494976K), 0.0107740 secs] [Times: user=0.02 sys=0.00, real=0.01 secs] 
2018-03-29T15:14:20.725+0000: 413.075: [GC (Allocation Failure) 2018-03-29T15:14:20.725+0000: 413.075: [DefNew: 144706K->12426K(153600K), 0.0177142 secs] 323721K->191441K(494976K), 0.0177839 secs] [Times: user=0.02 sys=0.00, real=0.02 secs] 
2018-03-29T15:14:25.307+0000: 417.657: [GC (Allocation Failure) 2018-03-29T15:14:25.307+0000: 417.657: [DefNew: 149002K->7943K(153600K), 0.0324491 secs] 328017K->190112K(494976K), 0.0325143 secs] [Times: user=0.03 sys=0.00, real=0.04 secs] 
2018-03-29T15:14:29.791+0000: 422.141: [GC (Allocation Failure) 2018-03-29T15:14:29.791+0000: 422.141: [DefNew: 136018K->9272K(153600K), 0.0124807 secs] 318187K->191441K(494976K), 0.0125517 secs] [Times: user=0.02 sys=0.00, real=0.01 secs] 
2018-03-29T15:14:34.471+0000: 426.821: [GC (Allocation Failure) 2018-03-29T15:14:34.471+0000: 426.821: [DefNew: 145793K->8518K(153600K), 0.0127673 secs] 327962K->191962K(494976K), 0.0128439 secs] [Times: user=0.01 sys=0.00, real=0.01 secs] 
2018-03-29T15:14:39.403+0000: 431.753: [GC (Allocation Failure) 2018-03-29T15:14:39.403+0000: 431.753: [DefNew: 145094K->8557K(153600K), 0.0131538 secs] 328538K->193127K(494976K), 0.0132228 secs] [Times: user=0.01 sys=0.00, real=0.01 secs] 
2018-03-29T15:14:43.899+0000: 436.249: [GC (Allocation Failure) 2018-03-29T15:14:43.899+0000: 436.249: [DefNew: 142451K->9223K(153600K), 0.0354503 secs] 327022K->194984K(494976K), 0.0355190 secs] [Times: user=0.04 sys=0.00, real=0.03 secs] 
2018-03-29T15:14:48.166+0000: 440.516: [GC (Allocation Failure) 2018-03-29T15:14:48.166+0000: 440.516: [DefNew: 145799K->9702K(153600K), 0.0136686 secs] 331560K->196397K(494976K), 0.0137345 secs] [Times: user=0.01 sys=0.00, real=0.02 secs] 
2018-03-29T15:14:52.814+0000: 445.164: [GC (Allocation Failure) 2018-03-29T15:14:52.814+0000: 445.164: [DefNew: 141310K->8857K(153600K), 0.0129028 secs] 328005K->196623K(494976K), 0.0129748 secs] [Times: user=0.02 sys=0.00, real=0.01 secs] 
2018-03-29T15:14:57.805+0000: 450.155: [GC (Allocation Failure) 2018-03-29T15:14:57.805+0000: 450.155: [DefNew: 142384K->8650K(153600K), 0.0130040 secs] 330150K->197834K(494976K), 0.0130742 secs] [Times: user=0.01 sys=0.00, real=0.01 secs] 
2018-03-29T15:15:02.795+0000: 455.145: [GC (Allocation Failure) 2018-03-29T15:15:02.795+0000: 455.145: [DefNew: 138295K->8353K(153600K), 0.0126189 secs] 327478K->198954K(494976K), 0.0126901 secs] [Times: user=0.01 sys=0.00, real=0.01 secs] 
2018-03-29T15:15:07.226+0000: 459.576: [GC (Allocation Failure) 2018-03-29T15:15:07.226+0000: 459.576: [DefNew: 144929K->9723K(153600K), 0.0242476 secs] 335530K->200324K(494976K), 0.0243188 secs] [Times: user=0.02 sys=0.00, real=0.03 secs] 
2018-03-29T15:15:11.727+0000: 464.077: [GC (Allocation Failure) 2018-03-29T15:15:11.727+0000: 464.077: [DefNew: 146299K->13178K(153600K), 0.0197728 secs] 336900K->204857K(494976K), 0.0198438 secs] [Times: user=0.02 sys=0.00, real=0.02 secs] 
2018-03-29T15:15:15.799+0000: 468.149: [GC (Allocation Failure) 2018-03-29T15:15:15.800+0000: 468.149: [DefNew: 138527K->4184K(153600K), 0.0166772 secs] 330207K->202708K(494976K), 0.0167518 secs] [Times: user=0.02 sys=0.00, real=0.01 secs] 
2018-03-29T15:15:20.453+0000: 472.803: [GC (Allocation Failure) 2018-03-29T15:15:20.453+0000: 472.803: [DefNew: 140760K->7114K(153600K), 0.0098911 secs] 339284K->205637K(494976K), 0.0099572 secs] [Times: user=0.01 sys=0.00, real=0.01 secs] 
2018-03-29T15:15:25.208+0000: 477.558: [GC (Allocation Failure) 2018-03-29T15:15:25.208+0000: 477.558: [DefNew: 143690K->8080K(153600K), 0.0149327 secs] 342213K->206603K(494976K), 0.0150096 secs] [Times: user=0.01 sys=0.00, real=0.02 secs] 
2018-03-29T15:15:29.936+0000: 482.286: [GC (Allocation Failure) 2018-03-29T15:15:29.936+0000: 482.286: [DefNew: 144656K->8974K(153600K), 0.0109243 secs] 343179K->207498K(494976K), 0.0109936 secs] [Times: user=0.01 sys=0.00, real=0.01 secs] 
2018-03-29T15:15:33.805+0000: 486.155: [GC (Allocation Failure) 2018-03-29T15:15:33.805+0000: 486.155: [DefNew: 133953K->10264K(153600K), 0.0142832 secs] 332476K->209609K(494976K), 0.0143566 secs] [Times: user=0.02 sys=0.00, real=0.02 secs] 
2018-03-29T15:15:38.554+0000: 490.904: [GC (Allocation Failure) 2018-03-29T15:15:38.554+0000: 490.904: [DefNew: 146840K->8965K(153600K), 0.0140932 secs] 346185K->210250K(494976K), 0.0141607 secs] [Times: user=0.02 sys=0.00, real=0.01 secs] 
2018-03-29T15:15:42.890+0000: 495.240: [GC (Allocation Failure) 2018-03-29T15:15:42.890+0000: 495.240: [DefNew: 145541K->12902K(153600K), 0.0427751 secs] 346826K->215120K(494976K), 0.0428360 secs] [Times: user=0.05 sys=0.00, real=0.04 secs] 
2018-03-29T15:15:47.859+0000: 500.208: [GC (Allocation Failure) 2018-03-29T15:15:47.859+0000: 500.208: [DefNew: 149478K->7653K(153600K), 0.0352813 secs] 351696K->216024K(494976K), 0.0353425 secs] [Times: user=0.03 sys=0.01, real=0.03 secs] 
2018-03-29T15:15:51.462+0000: 503.812: [GC (Allocation Failure) 2018-03-29T15:15:51.462+0000: 503.812: [DefNew: 144229K->8324K(153600K), 0.0121941 secs] 352600K->216695K(494976K), 0.0122687 secs] [Times: user=0.02 sys=0.00, real=0.01 secs] 
2018-03-29T15:15:55.819+0000: 508.168: [GC (Allocation Failure) 2018-03-29T15:15:55.819+0000: 508.169: [DefNew: 139979K->9462K(153600K), 0.0117570 secs] 348350K->217833K(494976K), 0.0118253 secs] [Times: user=0.02 sys=0.00, real=0.01 secs] 
2018-03-29T15:16:00.811+0000: 513.161: [GC (Allocation Failure) 2018-03-29T15:16:00.811+0000: 513.161: [DefNew: 144528K->9322K(153600K), 0.0123083 secs] 352900K->218793K(494976K), 0.0123777 secs] [Times: user=0.01 sys=0.00, real=0.01 secs] 
2018-03-29T15:16:04.951+0000: 517.301: [GC (Allocation Failure) 2018-03-29T15:16:04.951+0000: 517.301: [DefNew: 145898K->8471K(153600K), 0.0133867 secs] 355369K->220073K(494976K), 0.0134548 secs] [Times: user=0.02 sys=0.00, real=0.01 secs] 
2018-03-29T15:16:09.562+0000: 521.912: [GC (Allocation Failure) 2018-03-29T15:16:09.562+0000: 521.912: [DefNew: 145047K->10602K(153600K), 0.0134200 secs] 356649K->222204K(494976K), 0.0134858 secs] [Times: user=0.01 sys=0.00, real=0.01 secs] 
2018-03-29T15:16:13.711+0000: 526.061: [GC (Allocation Failure) 2018-03-29T15:16:13.711+0000: 526.061: [DefNew: 147178K->10565K(153600K), 0.0163123 secs] 358780K->224117K(494976K), 0.0163805 secs] [Times: user=0.01 sys=0.00, real=0.01 secs] 
2018-03-29T15:16:17.744+0000: 530.093: [GC (Allocation Failure) 2018-03-29T15:16:17.744+0000: 530.093: [DefNew: 147141K->9966K(153600K), 0.0377733 secs] 360693K->226971K(494976K), 0.0378411 secs] [Times: user=0.04 sys=0.01, real=0.04 secs] 
15:16:21.034 [Client] INFO  c.s.f.r.e.s.SocketFront  - FlameSocketGraphDeployerFront@10.0.0.167 has been disconnected from Connection 9
15:16:21.035 [Client] INFO  c.s.f.r.e.s.SocketRear  - FlameSocketGraphDeployerRear@10.0.0.167: has been disconnected from Connection 9
2018-03-29T15:16:32.387+0000: 544.737: [GC (Allocation Failure) 2018-03-29T15:16:32.387+0000: 544.737: [DefNew: 146542K->6683K(153600K), 0.0176265 secs] 363547K->225911K(494976K), 0.0176825 secs] [Times: user=0.01 sys=0.00, real=0.02 secs] 
15:16:32.406 [worker-akka.actor.default-dispatcher-3] INFO  a.a.CoordinatedShutdown CoordinatedShutdown(akka://worker) - Starting coordinated shutdown from JVM shutdown hook
15:16:32.421 [worker-akka.actor.default-dispatcher-10] INFO  a.a.LocalActorRef akka://worker/user/watcher/graph_at_0/edge/FlameSocketGraphDeployerFront - Stopped
15:16:32.422 [worker-akka.actor.default-dispatcher-10] INFO  a.a.LocalActorRef akka://worker/user/watcher/graph_at_0/negotiator - Stopped
15:16:32.422 [worker-akka.actor.default-dispatcher-10] INFO  a.a.LocalActorRef akka://worker/user/watcher/graph_at_0/edge/FlameSocketGraphDeployerRear - Stopped
15:16:32.425 [worker-akka.actor.default-dispatcher-5] INFO  a.a.LocalActorRef akka://worker/user/watcher/graph_at_0/graph/$a - Stopped
15:16:32.425 [worker-akka.actor.default-dispatcher-5] INFO  a.a.LocalActorRef akka://worker/user/watcher/graph_at_0/graph/$b - Stopped
15:16:32.425 [worker-akka.actor.default-dispatcher-5] INFO  a.a.LocalActorRef akka://worker/user/watcher/graph_at_0/graph/$c - Stopped
15:16:32.425 [worker-akka.actor.default-dispatcher-5] INFO  a.a.LocalActorRef akka://worker/user/watcher/graph_at_0/edge - Stopped
15:16:32.426 [worker-akka.actor.default-dispatcher-14] INFO  a.a.LocalActorRef akka://worker/user/watcher/graph_at_0/graph/local-acker/$a - Stopped
15:16:32.428 [worker-akka.actor.default-dispatcher-4] INFO  a.a.LocalActorRef akka://worker/user/watcher/graph_at_0/graph/local-acker/$a - Message [com.spbsu.flamestream.runtime.utils.akka.PingActor$InnerPing] from Actor[akka://worker/user/watcher/graph_at_0/graph/local-acker/$a#746862291] to Actor[akka://worker/user/watcher/graph_at_0/graph/local-acker/$a#746862291] was not delivered. [1] dead letters encountered. This logging can be turned off or adjusted with configuration settings 'akka.log-dead-letters' and 'akka.log-dead-letters-during-shutdown'.
15:16:32.434 [worker-akka.actor.default-dispatcher-3-EventThread] INFO  o.a.z.ClientCnxn  - EventThread shut down for session: 0x162724b934d0005
15:16:32.435 [worker-akka.actor.default-dispatcher-14] INFO  o.a.z.ZooKeeper  - Session: 0x162724b934d0005 closed
15:16:32.435 [worker-akka.actor.default-dispatcher-4] INFO  a.a.LocalActorRef akka://worker/user/watcher/graph_at_0/graph/local-acker - Stopped
15:16:32.436 [worker-akka.actor.default-dispatcher-4] INFO  a.a.LocalActorRef akka://worker/user/watcher/graph_at_0/graph - Stopped
15:16:32.437 [worker-akka.actor.default-dispatcher-4] INFO  a.a.LocalActorRef akka://worker/user/watcher/graph_at_0/graph/local-acker/$a - Message [com.spbsu.flamestream.runtime.utils.akka.PingActor$Stop] from Actor[akka://worker/user/watcher/graph_at_0/graph/local-acker#-729031828] to Actor[akka://worker/user/watcher/graph_at_0/graph/local-acker/$a#746862291] was not delivered. [2] dead letters encountered. This logging can be turned off or adjusted with configuration settings 'akka.log-dead-letters' and 'akka.log-dead-letters-during-shutdown'.
15:16:32.439 [worker-akka.actor.default-dispatcher-4] INFO  a.a.LocalActorRef akka://worker/user/watcher/graph_at_0/graph/local-acker - Message [com.spbsu.flamestream.runtime.acker.LocalAcker$Flush] from Actor[akka://worker/user/watcher/graph_at_0/graph/local-acker/$a#746862291] to Actor[akka://worker/user/watcher/graph_at_0/graph/local-acker#-729031828] was not delivered. [3] dead letters encountered. This logging can be turned off or adjusted with configuration settings 'akka.log-dead-letters' and 'akka.log-dead-letters-during-shutdown'.
15:16:32.441 [worker-akka.actor.default-dispatcher-5] INFO  a.a.LocalActorRef akka://worker/user/watcher/graph_at_0/graph/local-acker - Message [com.spbsu.flamestream.runtime.acker.LocalAcker$Flush] from Actor[akka://worker/user/watcher/graph_at_0/graph/local-acker/$a#746862291] to Actor[akka://worker/user/watcher/graph_at_0/graph/local-acker#-729031828] was not delivered. [4] dead letters encountered. This logging can be turned off or adjusted with configuration settings 'akka.log-dead-letters' and 'akka.log-dead-letters-during-shutdown'.
15:16:32.441 [worker-akka.actor.default-dispatcher-5] INFO  a.a.LocalActorRef akka://worker/user/watcher/graph_at_0 - Stopped
15:16:32.441 [worker-akka.actor.default-dispatcher-5] INFO  a.a.RepointableActorRef akka://worker/user/watcher - Stopped
15:16:32.453 [worker-akka.actor.default-dispatcher-15] INFO  a.r.RemoteActorRefProvider$RemotingTerminator akka://worker@10.0.0.167:5412/system/remoting-terminator - Shutting down remote daemon.
15:16:32.454 [worker-akka.actor.default-dispatcher-15] INFO  a.r.RemoteActorRefProvider$RemotingTerminator akka://worker@10.0.0.167:5412/system/remoting-terminator - Remote daemon shut down; proceeding with flushing remote transports.
15:16:32.610 [worker-akka.actor.default-dispatcher-14] INFO  a.r.RemoteActorRefProvider$RemotingTerminator akka://worker@10.0.0.167:5412/system/remoting-terminator - Remoting shut down.
Heap
 def new generation   total 153600K, used 16941K [0x00000000e0c00000, 0x00000000eb2a0000, 0x00000000eb2a0000)
  eden space 136576K,   7% used [0x00000000e0c00000, 0x00000000e1604810, 0x00000000e9160000)
  from space 17024K,  39% used [0x00000000ea200000, 0x00000000ea886fa0, 0x00000000eb2a0000)
  to   space 17024K,   0% used [0x00000000e9160000, 0x00000000e9160000, 0x00000000ea200000)
 tenured generation   total 341376K, used 219227K [0x00000000eb2a0000, 0x0000000100000000, 0x0000000100000000)
   the space 341376K,  64% used [0x00000000eb2a0000, 0x00000000f88b6ee0, 0x00000000f88b7000, 0x0000000100000000)
 Metaspace       used 34448K, capacity 35384K, committed 35496K, reserved 1079296K
  class space    used 4536K, capacity 4737K, committed 4776K, reserved 1048576K
