15:18:49.528 [main] INFO  c.s.f.r.a.WorkerApplication  - Started embedded media driver in directory [/dev/shm/aeron-b4efe17c-166a-47b2-8ae0-393b1f63237c]
15:18:49.533 [main] INFO  c.s.f.r.a.WorkerApplication  - Starting worker with id: '172.31.44.83', host: '172.31.44.83:5412', zkString: '172.31.34.147:2181'
15:18:50.413 [worker-akka.actor.default-dispatcher-2] INFO  a.e.s.Slf4jLogger  - Slf4jLogger started
2018-02-15T15:18:50.476+0000: 2.380: [Full GC (Metadata GC Threshold) 2018-02-15T15:18:50.476+0000: 2.380: [Tenured: 0K->15170K(341376K), 0.0381189 secs] 114798K->15170K(494976K), [Metaspace: 20832K->20832K(1067008K)], 0.0381823 secs] [Times: user=0.04 sys=0.00, real=0.04 secs] 
15:18:51.071 [worker-akka.actor.default-dispatcher-2] INFO  a.r.a.ArteryTransport(akka://worker) akka.remote.artery.ArteryTransport(akka://worker) - Remoting started; listening on address: [akka://worker@172.31.44.83:5412] with UID [7874880131314464226]
15:18:51.168 [worker-akka.actor.default-dispatcher-2] INFO  o.a.z.ZooKeeper  - Client environment:zookeeper.version=3.4.9-1757313, built on 08/23/2016 06:50 GMT
15:18:51.168 [worker-akka.actor.default-dispatcher-2] INFO  o.a.z.ZooKeeper  - Client environment:host.name=ip-172-31-44-83.us-east-2.compute.internal
15:18:51.168 [worker-akka.actor.default-dispatcher-2] INFO  o.a.z.ZooKeeper  - Client environment:java.version=1.8.0_151
15:18:51.168 [worker-akka.actor.default-dispatcher-2] INFO  o.a.z.ZooKeeper  - Client environment:java.vendor=Oracle Corporation
15:18:51.168 [worker-akka.actor.default-dispatcher-2] INFO  o.a.z.ZooKeeper  - Client environment:java.home=/usr/lib/jvm/java-8-openjdk-amd64/jre
15:18:51.168 [worker-akka.actor.default-dispatcher-2] INFO  o.a.z.ZooKeeper  - Client environment:java.class.path=lib/commons-cli-1.4.jar:lib/minlog-1.3.0.jar:lib/asm-5.0.4.jar:lib/hadoop-annotations-2.7.3.jar:lib/hadoop-auth-2.7.3.jar:lib/akka-slf4j_2.11-2.5.6.jar:lib/jersey-core-1.9.jar:lib/lz4-1.3.0.jar:lib/jackson-core-asl-1.9.13.jar:lib/aeron-client-1.3.0.jar:lib/htrace-core-3.1.0-incubating.jar:lib/xz-1.0.jar:lib/commons-httpclient-3.1.jar:lib/asm-3.1.jar:lib/commons-lang3-3.4.jar:lib/scala-library-2.11.11.jar:lib/scala-java8-compat_2.11-0.7.0.jar:lib/commons-configuration-1.6.jar:lib/objenesis-2.1.jar:lib/jackson-annotations-2.8.0.jar:lib/jsr305-3.0.0.jar:lib/curator-framework-2.7.1.jar:lib/jersey-server-1.9.jar:lib/jets3t-0.9.0.jar:lib/leveldb-0.7.jar:lib/jetty-6.1.26.jar:lib/stax-api-1.0-2.jar:lib/flamestream-core-1.0-SNAPSHOT.jar:lib/reflectasm-1.07-shaded.jar:lib/apacheds-kerberos-codec-2.0.0-M15.jar:lib/api-asn1-api-1.0.0-M20.jar:lib/commons-lang-2.6.jar:lib/commons-beanutils-1.7.0.jar:lib/jackson-xc-1.8.3.jar:lib/jetty-util-6.1.26.jar:lib/logback-classic-1.2.3.jar:lib/jool-0.9.12.jar:lib/flamestream-runtime-1.0-SNAPSHOT-tests.jar:lib/httpcore-4.1.2.jar:lib/kryo-4.0.0.jar:lib/ant-1.8.1.jar:lib/jaxb-impl-2.2.3-1.jar:lib/jersey-json-1.9.jar:lib/commons-compress-1.4.1.jar:lib/leveldbjni-all-1.8.jar:lib/paranamer-2.3.jar:lib/jackson-core-2.8.4.jar:lib/commons-math3-3.6.1.jar:lib/scala-parser-combinators_2.11-1.0.4.jar:lib/netty-3.10.6.Final.jar:lib/trove4j-3.0.3.jar:lib/jaxb-api-2.2.2.jar:lib/logback-core-1.2.3.jar:lib/snappy-java-1.0.4.1.jar:lib/protobuf-java-2.5.0.jar:lib/reactive-streams-1.0.1.jar:lib/flamestream-examples-1.0-SNAPSHOT.jar:lib/commons-codec-1.4.jar:lib/activation-1.1.jar:lib/commons-net-3.1.jar:lib/curator-recipes-2.7.1.jar:lib/jackson-mapper-asl-1.9.13.jar:lib/jackson-databind-2.8.4.jar:lib/flamestream-runtime-1.0-SNAPSHOT.jar:lib/jackson-jaxrs-1.8.3.jar:lib/slf4j-api-1.7.24.jar:lib/akka-remote_2.11-2.5.6.jar:lib/akka-testkit_2.11-2.5.6.jar:lib/jline-0.9.94.jar:lib/akka-stream_2.11-2.5.6.jar:lib/jsp-api-2.1.jar:lib/kryonet-2.21.jar:lib/akka-kryo-serialization_2.11-0.5.0.jar:lib/config-1.3.1.jar:lib/ant-launcher-1.8.1.jar:lib/commons-logging-1.2.jar:lib/ssl-config-core_2.11-0.2.2.jar:lib/testng-6.10.jar:lib/guava-19.0.jar:lib/leveldb-api-0.7.jar:lib/reflectasm-1.11.3.jar:lib/jcommander-1.48.jar:lib/commons-1.1.jar:lib/commons-digester-1.8.jar:lib/minlog-1.2.jar:lib/java-xmlbuilder-0.4.jar:lib/jettison-1.1.jar:lib/gson-2.2.4.jar:lib/jdk.tools-1.8.jar:lib/aeron-driver-1.3.0.jar:lib/zookeeper-3.4.9.jar:lib/commons-beanutils-core-1.8.0.jar:lib/commons-math3-3.1.1.jar:lib/akka-actor_2.11-2.5.6.jar:lib/curator-client-2.7.1.jar:lib/servlet-api-2.5.jar:lib/apacheds-i18n-2.0.0-M15.jar:lib/commons-io-2.4.jar:lib/commons-codec-1.6.jar:lib/akka-protobuf_2.11-2.5.6.jar:lib/jdom-2.0.2.jar:lib/api-util-1.0.0-M20.jar:lib/hadoop-common-2.7.3.jar:lib/agrona-0.9.6.jar:lib/xmlenc-0.52.jar:lib/guava-21.0.jar:lib/commons-collections-3.2.2.jar:lib/avro-1.7.4.jar:lib/commons-1.0-SNAPSHOT.jar:lib/httpclient-4.1.2.jar:lib/flamestream-core-1.0-SNAPSHOT-tests.jar:lib/annotations-12.0.jar:lib/jsch-0.1.42.jar:flamestream-runtime-1.0-SNAPSHOT.jar
15:18:51.168 [worker-akka.actor.default-dispatcher-2] INFO  o.a.z.ZooKeeper  - Client environment:java.library.path=/usr/java/packages/lib/amd64:/usr/lib/x86_64-linux-gnu/jni:/lib/x86_64-linux-gnu:/usr/lib/x86_64-linux-gnu:/usr/lib/jni:/lib:/usr/lib
15:18:51.168 [worker-akka.actor.default-dispatcher-2] INFO  o.a.z.ZooKeeper  - Client environment:java.io.tmpdir=/tmp
15:18:51.168 [worker-akka.actor.default-dispatcher-2] INFO  o.a.z.ZooKeeper  - Client environment:java.compiler=<NA>
15:18:51.168 [worker-akka.actor.default-dispatcher-2] INFO  o.a.z.ZooKeeper  - Client environment:os.name=Linux
15:18:51.168 [worker-akka.actor.default-dispatcher-2] INFO  o.a.z.ZooKeeper  - Client environment:os.arch=amd64
15:18:51.168 [worker-akka.actor.default-dispatcher-2] INFO  o.a.z.ZooKeeper  - Client environment:os.version=4.4.0-1049-aws
15:18:51.170 [worker-akka.actor.default-dispatcher-2] INFO  o.a.z.ZooKeeper  - Client environment:user.name=root
15:18:51.170 [worker-akka.actor.default-dispatcher-2] INFO  o.a.z.ZooKeeper  - Client environment:user.home=/root
15:18:51.170 [worker-akka.actor.default-dispatcher-2] INFO  o.a.z.ZooKeeper  - Client environment:user.dir=/opt/flamestream
15:18:51.173 [worker-akka.actor.default-dispatcher-2] INFO  o.a.z.ZooKeeper  - Initiating client connection, connectString=172.31.34.147:2181 sessionTimeout=5000 watcher=com.spbsu.flamestream.runtime.application.LifecycleWatcher$$Lambda$29/1886765703@3f43213
15:18:51.208 [worker-akka.actor.default-dispatcher-2] INFO  a.a.RepointableActorRef akka://worker/user/watcher - Starting...
15:18:51.211 [worker-akka.actor.default-dispatcher-2-SendThread(172.31.34.147:2181)] INFO  o.a.z.ClientCnxn  - Opening socket connection to server 172.31.34.147/172.31.34.147:2181. Will not attempt to authenticate using SASL (unknown error)
15:18:51.215 [worker-akka.actor.default-dispatcher-2-SendThread(172.31.34.147:2181)] INFO  o.a.z.ClientCnxn  - Socket connection established to 172.31.34.147/172.31.34.147:2181, initiating session
15:18:51.222 [worker-akka.actor.default-dispatcher-2-SendThread(172.31.34.147:2181)] INFO  o.a.z.ClientCnxn  - Session establishment complete on server 172.31.34.147/172.31.34.147:2181, sessionid = 0x1619a0ace95000a, negotiated timeout = 6000
15:18:51.308 [worker-akka.actor.default-dispatcher-2] INFO  a.a.RepointableActorRef akka://worker/user/watcher - Connected to ZK
15:18:59.299 [worker-akka.actor.default-dispatcher-2] INFO  a.a.RepointableActorRef akka://worker/user/watcher - Creating node with watchGraphs: 'com.spbsu.flamestream.core.Graph$Builder$MyGraph@6adb4bee', config: 'ClusterConfig{paths={172.31.33.155=akka://worker@172.31.33.155:5412/user/watcher/graph0000000000, 172.31.47.83=akka://worker@172.31.47.83:5412/user/watcher/graph0000000000, 172.31.45.197=akka://worker@172.31.45.197:5412/user/watcher/graph0000000000, 172.31.42.36=akka://worker@172.31.42.36:5412/user/watcher/graph0000000000, 172.31.44.83=akka://worker@172.31.44.83:5412/user/watcher/graph0000000000, 172.31.39.64=akka://worker@172.31.39.64:5412/user/watcher/graph0000000000, 172.31.35.79=akka://worker@172.31.35.79:5412/user/watcher/graph0000000000, 172.31.34.169=akka://worker@172.31.34.169:5412/user/watcher/graph0000000000, 172.31.47.100=akka://worker@172.31.47.100:5412/user/watcher/graph0000000000, 172.31.37.101=akka://worker@172.31.37.101:5412/user/watcher/graph0000000000}, ackerLocation='172.31.35.79', props=ComputationLayout{ranges={172.31.33.155=HashRange{from=1670265056, to=2147483644}, 172.31.47.83=HashRange{from=715827880, to=1193046468}, 172.31.45.197=HashRange{from=-1670265060, to=-1193046472}, 172.31.42.36=HashRange{from=238609292, to=715827880}, 172.31.44.83=HashRange{from=-1193046472, to=-715827884}, 172.31.39.64=HashRange{from=-238609296, to=238609292}, 172.31.35.79=HashRange{from=0, to=0}, 172.31.34.169=HashRange{from=1193046468, to=1670265056}, 172.31.47.100=HashRange{from=-715827884, to=-238609296}, 172.31.37.101=HashRange{from=-2147483648, to=-1670265060}}}}'
15:19:00.235 [worker-akka.actor.default-dispatcher-2] INFO  a.a.LocalActorRef akka://worker/user/watcher/graph0000000000/graph - Starting...
15:19:00.235 [worker-akka.actor.default-dispatcher-2] INFO  a.a.LocalActorRef akka://worker/user/watcher/graph0000000000/graph/local-acker/$a - Starting...
15:19:00.235 [worker-akka.actor.default-dispatcher-2] INFO  a.a.LocalActorRef akka://worker/user/watcher/graph0000000000/graph/local-acker - Starting...
Warning: space is running low in /dev/shm (tmpfs) threshold=167,772,160 usable=158,621,696
Warning: space is running low in /dev/shm (tmpfs) threshold=167,772,160 usable=146,034,688
Warning: space is running low in /dev/shm (tmpfs) threshold=167,772,160 usable=133,447,680
Warning: space is running low in /dev/shm (tmpfs) threshold=167,772,160 usable=120,860,672
Warning: space is running low in /dev/shm (tmpfs) threshold=167,772,160 usable=108,273,664
Warning: space is running low in /dev/shm (tmpfs) threshold=167,772,160 usable=95,686,656
Warning: space is running low in /dev/shm (tmpfs) threshold=167,772,160 usable=83,099,648
Warning: space is running low in /dev/shm (tmpfs) threshold=167,772,160 usable=70,512,640
15:19:01.674 [worker-akka.actor.default-dispatcher-2] INFO  a.a.LocalActorRef akka://worker/user/watcher/graph0000000000/graph - Finishing constructor
15:19:01.674 [worker-akka.actor.default-dispatcher-2] INFO  a.a.LocalActorRef akka://worker/user/watcher/graph0000000000 - Starting...
15:19:01.675 [worker-akka.actor.default-dispatcher-2] INFO  a.a.LocalActorRef akka://worker/user/watcher/graph0000000000/negotiator - Starting...
15:19:01.676 [worker-akka.actor.default-dispatcher-2] INFO  a.a.LocalActorRef akka://worker/user/watcher/graph0000000000/edge - Starting...
15:19:01.771 [worker-akka.actor.default-dispatcher-2] INFO  c.s.f.r.e.s.SocketRear  - FlameSocketGraphDeployerRear@172.31.44.83: connecting to 172.31.34.147:5678
15:19:01.774 [worker-akka.actor.default-dispatcher-2] INFO  c.s.f.r.e.s.SocketRear  - FlameSocketGraphDeployerRear@172.31.44.83: connected to 172.31.34.147:5678
2018-02-15T15:19:01.779+0000: 13.683: [GC (Allocation Failure) 2018-02-15T15:19:01.779+0000: 13.683: [DefNew: 125604K->17024K(153600K), 0.0419763 secs] 140774K->43092K(494976K), 0.0420321 secs] [Times: user=0.01 sys=0.03, real=0.04 secs] 
15:19:01.839 [worker-akka.actor.default-dispatcher-2] INFO  a.a.LocalActorRef akka://worker/user/watcher/graph0000000000/graph/$a - Starting...
15:19:01.840 [worker-akka.actor.default-dispatcher-2] INFO  a.a.LocalActorRef akka://worker/user/watcher/graph0000000000/graph/$b - Starting...
15:19:01.841 [worker-akka.actor.default-dispatcher-2] INFO  a.a.LocalActorRef akka://worker/user/watcher/graph0000000000/graph/$c - Starting...
15:19:01.842 [worker-akka.actor.default-dispatcher-2] INFO  a.a.LocalActorRef akka://worker/user/watcher/graph0000000000/edge/FlameSocketGraphDeployerRear - Starting...
15:19:01.849 [worker-akka.actor.default-dispatcher-2] INFO  a.a.LocalActorRef akka://worker/user/watcher/graph0000000000/edge/FlameSocketGraphDeployerFront - Starting...
15:19:01.850 [worker-akka.actor.default-dispatcher-2] INFO  a.a.LocalActorRef akka://worker/user/watcher/graph0000000000/negotiator - Requesting ticket for the frontClass FlameSocketGraphDeployerFront@172.31.44.83
15:19:01.853 [worker-akka.actor.default-dispatcher-2] INFO  a.a.LocalActorRef akka://worker/user/watcher/graph0000000000/negotiator - Ticket for the frontClass received: FrontTicket{allowedTimestamp=(1518707939299, FlameSocketGraphDeployerFront@172.31.44.83)}
15:19:01.854 [worker-akka.actor.default-dispatcher-2] INFO  c.s.f.r.e.s.SocketFront  - FlameSocketGraphDeployerFront@172.31.44.83: connecting to 172.31.34.147:4567
15:19:01.888 [Client] INFO  c.s.f.r.e.s.SocketFront  - FlameSocketGraphDeployerFront@172.31.44.83 has been disconnected from Connection 6
2018-02-15T15:19:14.181+0000: 26.086: [GC (Allocation Failure) 2018-02-15T15:19:14.181+0000: 26.086: [DefNew: 153600K->3579K(153600K), 0.0728561 secs] 179668K->66165K(494976K), 0.0729194 secs] [Times: user=0.02 sys=0.06, real=0.08 secs] 
2018-02-15T15:19:34.699+0000: 46.603: [GC (Allocation Failure) 2018-02-15T15:19:34.699+0000: 46.603: [DefNew: 140155K->5506K(153600K), 0.0125839 secs] 202741K->68092K(494976K), 0.0126453 secs] [Times: user=0.01 sys=0.00, real=0.02 secs] 
2018-02-15T15:19:51.898+0000: 63.802: [GC (Allocation Failure) 2018-02-15T15:19:51.898+0000: 63.802: [DefNew: 142082K->7654K(153600K), 0.0167328 secs] 204668K->70240K(494976K), 0.0167918 secs] [Times: user=0.01 sys=0.00, real=0.02 secs] 
2018-02-15T15:20:07.899+0000: 79.803: [GC (Allocation Failure) 2018-02-15T15:20:07.899+0000: 79.803: [DefNew: 144230K->8777K(153600K), 0.0152499 secs] 206816K->71363K(494976K), 0.0153170 secs] [Times: user=0.02 sys=0.00, real=0.02 secs] 
2018-02-15T15:20:23.600+0000: 95.504: [GC (Allocation Failure) 2018-02-15T15:20:23.600+0000: 95.504: [DefNew: 145353K->8649K(153600K), 0.0183588 secs] 207939K->72699K(494976K), 0.0184213 secs] [Times: user=0.02 sys=0.00, real=0.02 secs] 
2018-02-15T15:20:42.035+0000: 113.940: [GC (Allocation Failure) 2018-02-15T15:20:42.035+0000: 113.940: [DefNew: 145225K->8206K(153600K), 0.0175878 secs] 209275K->73764K(494976K), 0.0176586 secs] [Times: user=0.01 sys=0.01, real=0.02 secs] 
2018-02-15T15:21:01.521+0000: 133.425: [GC (Allocation Failure) 2018-02-15T15:21:01.521+0000: 133.425: [DefNew: 144782K->9360K(153600K), 0.0149944 secs] 210340K->74918K(494976K), 0.0150593 secs] [Times: user=0.01 sys=0.00, real=0.02 secs] 
2018-02-15T15:21:22.362+0000: 154.266: [GC (Allocation Failure) 2018-02-15T15:21:22.362+0000: 154.266: [DefNew: 145936K->9924K(153600K), 0.0200579 secs] 211494K->76487K(494976K), 0.0201328 secs] [Times: user=0.02 sys=0.00, real=0.03 secs] 
2018-02-15T15:21:38.359+0000: 170.263: [GC (Allocation Failure) 2018-02-15T15:21:38.359+0000: 170.263: [DefNew: 146500K->8676K(153600K), 0.0182042 secs] 213063K->77594K(494976K), 0.0182654 secs] [Times: user=0.02 sys=0.00, real=0.02 secs] 
2018-02-15T15:21:56.287+0000: 188.191: [GC (Allocation Failure) 2018-02-15T15:21:56.287+0000: 188.191: [DefNew: 145252K->8529K(153600K), 0.0157245 secs] 214170K->78611K(494976K), 0.0157882 secs] [Times: user=0.01 sys=0.00, real=0.02 secs] 
2018-02-15T15:22:18.722+0000: 210.626: [GC (Allocation Failure) 2018-02-15T15:22:18.722+0000: 210.626: [DefNew: 145105K->8817K(153600K), 0.0216172 secs] 215187K->79898K(494976K), 0.0216808 secs] [Times: user=0.02 sys=0.01, real=0.03 secs] 
2018-02-15T15:22:37.805+0000: 229.709: [GC (Allocation Failure) 2018-02-15T15:22:37.805+0000: 229.709: [DefNew: 145393K->8667K(153600K), 0.0157532 secs] 216474K->81334K(494976K), 0.0158391 secs] [Times: user=0.01 sys=0.00, real=0.01 secs] 
2018-02-15T15:22:56.638+0000: 248.542: [GC (Allocation Failure) 2018-02-15T15:22:56.638+0000: 248.542: [DefNew: 145243K->8866K(153600K), 0.0165839 secs] 217910K->82770K(494976K), 0.0166455 secs] [Times: user=0.01 sys=0.00, real=0.02 secs] 
2018-02-15T15:23:15.386+0000: 267.290: [GC (Allocation Failure) 2018-02-15T15:23:15.386+0000: 267.290: [DefNew: 145442K->8953K(153600K), 0.0155197 secs] 219346K->83716K(494976K), 0.0156291 secs] [Times: user=0.01 sys=0.00, real=0.01 secs] 
2018-02-15T15:23:35.361+0000: 287.265: [GC (Allocation Failure) 2018-02-15T15:23:35.361+0000: 287.265: [DefNew: 145529K->9961K(153600K), 0.0172677 secs] 220292K->85847K(494976K), 0.0173312 secs] [Times: user=0.02 sys=0.00, real=0.02 secs] 
2018-02-15T15:23:52.894+0000: 304.799: [GC (Allocation Failure) 2018-02-15T15:23:52.894+0000: 304.799: [DefNew: 146537K->8135K(153600K), 0.0181236 secs] 222423K->86569K(494976K), 0.0181872 secs] [Times: user=0.02 sys=0.00, real=0.02 secs] 
2018-02-15T15:24:10.609+0000: 322.514: [GC (Allocation Failure) 2018-02-15T15:24:10.610+0000: 322.514: [DefNew: 144711K->9283K(153600K), 0.0150122 secs] 223145K->87716K(494976K), 0.0150719 secs] [Times: user=0.01 sys=0.00, real=0.02 secs] 
2018-02-15T15:24:32.098+0000: 344.002: [GC (Allocation Failure) 2018-02-15T15:24:32.098+0000: 344.002: [DefNew: 145859K->9184K(153600K), 0.0172817 secs] 224292K->88661K(494976K), 0.0173459 secs] [Times: user=0.00 sys=0.01, real=0.02 secs] 
2018-02-15T15:24:52.355+0000: 364.259: [GC (Allocation Failure) 2018-02-15T15:24:52.355+0000: 364.259: [DefNew: 145760K->9230K(153600K), 0.0159480 secs] 225237K->89846K(494976K), 0.0160106 secs] [Times: user=0.02 sys=0.00, real=0.02 secs] 
2018-02-15T15:25:08.534+0000: 380.438: [GC (Allocation Failure) 2018-02-15T15:25:08.534+0000: 380.438: [DefNew: 145806K->9275K(153600K), 0.0180047 secs] 226422K->90925K(494976K), 0.0181082 secs] [Times: user=0.02 sys=0.00, real=0.02 secs] 
2018-02-15T15:25:24.065+0000: 395.969: [GC (Allocation Failure) 2018-02-15T15:25:24.065+0000: 395.969: [DefNew: 145851K->9873K(153600K), 0.0174471 secs] 227501K->92574K(494976K), 0.0175129 secs] [Times: user=0.01 sys=0.00, real=0.02 secs] 
2018-02-15T15:25:42.451+0000: 414.355: [GC (Allocation Failure) 2018-02-15T15:25:42.451+0000: 414.355: [DefNew: 146449K->8748K(153600K), 0.0171041 secs] 229150K->93598K(494976K), 0.0171655 secs] [Times: user=0.02 sys=0.00, real=0.01 secs] 
2018-02-15T15:26:00.490+0000: 432.394: [GC (Allocation Failure) 2018-02-15T15:26:00.490+0000: 432.394: [DefNew: 145324K->9982K(153600K), 0.0306802 secs] 230174K->95913K(494976K), 0.0307683 secs] [Times: user=0.01 sys=0.02, real=0.03 secs] 
2018-02-15T15:26:18.037+0000: 449.941: [GC (Allocation Failure) 2018-02-15T15:26:18.037+0000: 449.941: [DefNew: 146558K->8740K(153600K), 0.0183865 secs] 232489K->97196K(494976K), 0.0184550 secs] [Times: user=0.01 sys=0.01, real=0.02 secs] 
2018-02-15T15:26:35.357+0000: 467.261: [GC (Allocation Failure) 2018-02-15T15:26:35.357+0000: 467.261: [DefNew: 145316K->7874K(153600K), 0.0301072 secs] 233772K->98729K(494976K), 0.0301927 secs] [Times: user=0.00 sys=0.03, real=0.03 secs] 
2018-02-15T15:26:53.154+0000: 485.058: [GC (Allocation Failure) 2018-02-15T15:26:53.154+0000: 485.058: [DefNew: 144450K->9206K(153600K), 0.0143404 secs] 235305K->100062K(494976K), 0.0144061 secs] [Times: user=0.01 sys=0.00, real=0.01 secs] 
2018-02-15T15:27:10.434+0000: 502.338: [GC (Allocation Failure) 2018-02-15T15:27:10.434+0000: 502.338: [DefNew: 145782K->9367K(153600K), 0.0174958 secs] 236638K->101398K(494976K), 0.0175632 secs] [Times: user=0.01 sys=0.01, real=0.02 secs] 
2018-02-15T15:27:28.740+0000: 520.644: [GC (Allocation Failure) 2018-02-15T15:27:28.740+0000: 520.644: [DefNew: 145943K->9607K(153600K), 0.0171179 secs] 237974K->102914K(494976K), 0.0171935 secs] [Times: user=0.01 sys=0.00, real=0.02 secs] 
2018-02-15T15:27:47.884+0000: 539.788: [GC (Allocation Failure) 2018-02-15T15:27:47.884+0000: 539.788: [DefNew: 146183K->10338K(153600K), 0.0179359 secs] 239490K->104690K(494976K), 0.0179982 secs] [Times: user=0.02 sys=0.00, real=0.01 secs] 
2018-02-15T15:28:06.823+0000: 558.727: [GC (Allocation Failure) 2018-02-15T15:28:06.823+0000: 558.727: [DefNew: 146914K->8759K(153600K), 0.0181254 secs] 241266K->105697K(494976K), 0.0181892 secs] [Times: user=0.01 sys=0.00, real=0.01 secs] 
2018-02-15T15:28:23.164+0000: 575.068: [GC (Allocation Failure) 2018-02-15T15:28:23.164+0000: 575.068: [DefNew: 145335K->8621K(153600K), 0.0212977 secs] 242273K->107256K(494976K), 0.0213622 secs] [Times: user=0.01 sys=0.00, real=0.02 secs] 
2018-02-15T15:28:42.452+0000: 594.357: [GC (Allocation Failure) 2018-02-15T15:28:42.452+0000: 594.357: [DefNew: 145197K->9019K(153600K), 0.0185297 secs] 243832K->108990K(494976K), 0.0185942 secs] [Times: user=0.01 sys=0.01, real=0.02 secs] 
2018-02-15T15:28:57.662+0000: 609.566: [GC (Allocation Failure) 2018-02-15T15:28:57.662+0000: 609.566: [DefNew: 145595K->8946K(153600K), 0.0158691 secs] 245566K->110368K(494976K), 0.0159320 secs] [Times: user=0.02 sys=0.00, real=0.02 secs] 
2018-02-15T15:29:18.857+0000: 630.761: [GC (Allocation Failure) 2018-02-15T15:29:18.857+0000: 630.761: [DefNew: 145522K->9370K(153600K), 0.0172173 secs] 246944K->112204K(494976K), 0.0172800 secs] [Times: user=0.02 sys=0.00, real=0.02 secs] 
2018-02-15T15:29:34.604+0000: 646.508: [GC (Allocation Failure) 2018-02-15T15:29:34.604+0000: 646.508: [DefNew: 145946K->9214K(153600K), 0.0169855 secs] 248780K->113527K(494976K), 0.0170701 secs] [Times: user=0.02 sys=0.00, real=0.01 secs] 
2018-02-15T15:29:56.546+0000: 668.450: [GC (Allocation Failure) 2018-02-15T15:29:56.546+0000: 668.450: [DefNew: 145790K->9491K(153600K), 0.0164047 secs] 250103K->115310K(494976K), 0.0164677 secs] [Times: user=0.01 sys=0.00, real=0.02 secs] 
2018-02-15T15:30:13.566+0000: 685.470: [GC (Allocation Failure) 2018-02-15T15:30:13.566+0000: 685.470: [DefNew: 146067K->9421K(153600K), 0.0157529 secs] 251886K->116641K(494976K), 0.0158258 secs] [Times: user=0.02 sys=0.00, real=0.01 secs] 
2018-02-15T15:30:27.940+0000: 699.844: [GC (Allocation Failure) 2018-02-15T15:30:27.940+0000: 699.844: [DefNew: 145997K->9854K(153600K), 0.0167252 secs] 253217K->118683K(494976K), 0.0167895 secs] [Times: user=0.02 sys=0.00, real=0.02 secs] 
2018-02-15T15:30:46.846+0000: 718.750: [GC (Allocation Failure) 2018-02-15T15:30:46.846+0000: 718.750: [DefNew: 146430K->10228K(153600K), 0.0174405 secs] 255259K->120407K(494976K), 0.0174988 secs] [Times: user=0.02 sys=0.00, real=0.02 secs] 
15:31:03.231 [Client] INFO  c.s.f.r.e.s.SocketRear  - FlameSocketGraphDeployerRear@172.31.44.83: has been disconnected from Connection 6
2018-02-15T15:31:28.871+0000: 760.776: [GC (Allocation Failure) 2018-02-15T15:31:28.871+0000: 760.776: [DefNew: 146804K->9770K(153600K), 0.0285239 secs] 256983K->121444K(494976K), 0.0288052 secs] [Times: user=0.02 sys=0.00, real=0.02 secs] 
15:35:44.286 [worker-akka.actor.default-dispatcher-2] INFO  a.a.CoordinatedShutdown CoordinatedShutdown(akka://worker) - Starting coordinated shutdown from JVM shutdown hook
15:35:44.319 [worker-akka.actor.default-dispatcher-2] INFO  a.a.LocalActorRef akka://worker/user/watcher/graph0000000000/negotiator - Stopped
15:35:44.320 [worker-akka.actor.default-dispatcher-2] INFO  a.a.LocalActorRef akka://worker/user/watcher/graph0000000000/edge/FlameSocketGraphDeployerFront - Stopped
15:35:44.329 [worker-akka.actor.default-dispatcher-2] INFO  a.a.LocalActorRef akka://worker/user/watcher/graph0000000000/edge/FlameSocketGraphDeployerRear - Stopped
15:35:44.329 [worker-akka.actor.default-dispatcher-2] INFO  a.a.LocalActorRef akka://worker/user/watcher/graph0000000000/graph/$a - Stopped
15:35:44.330 [worker-akka.actor.default-dispatcher-2] INFO  a.a.LocalActorRef akka://worker/user/watcher/graph0000000000/graph/$b - Stopped
15:35:44.331 [worker-akka.actor.default-dispatcher-2] INFO  a.a.LocalActorRef akka://worker/user/watcher/graph0000000000/graph/$c - Stopped
15:35:44.331 [worker-akka.actor.default-dispatcher-2] INFO  a.a.LocalActorRef akka://worker/user/watcher/graph0000000000/graph/local-acker/$a - Stopped
15:35:44.336 [worker-akka.actor.default-dispatcher-2] INFO  a.a.LocalActorRef akka://worker/user/watcher/graph0000000000/edge - Stopped
15:35:44.337 [worker-akka.actor.default-dispatcher-2] INFO  a.a.LocalActorRef akka://worker/user/watcher/graph0000000000/graph/local-acker/$a - Message [com.spbsu.flamestream.runtime.utils.akka.PingActor$InnerPing] from Actor[akka://worker/user/watcher/graph0000000000/graph/local-acker/$a#-1877261488] to Actor[akka://worker/user/watcher/graph0000000000/graph/local-acker/$a#-1877261488] was not delivered. [1] dead letters encountered. This logging can be turned off or adjusted with configuration settings 'akka.log-dead-letters' and 'akka.log-dead-letters-during-shutdown'.
15:35:44.338 [worker-akka.actor.default-dispatcher-2] INFO  a.a.LocalActorRef akka://worker/user/watcher/graph0000000000/graph/local-acker - Stopped
15:35:44.338 [worker-akka.actor.default-dispatcher-2] INFO  a.a.LocalActorRef akka://worker/user/watcher/graph0000000000/graph/local-acker/$a - Message [com.spbsu.flamestream.runtime.utils.akka.PingActor$Stop] from Actor[akka://worker/user/watcher/graph0000000000/graph/local-acker#575136229] to Actor[akka://worker/user/watcher/graph0000000000/graph/local-acker/$a#-1877261488] was not delivered. [2] dead letters encountered. This logging can be turned off or adjusted with configuration settings 'akka.log-dead-letters' and 'akka.log-dead-letters-during-shutdown'.
15:35:44.340 [worker-akka.actor.default-dispatcher-2] INFO  a.a.LocalActorRef akka://worker/user/watcher/graph0000000000/graph/local-acker - Message [com.spbsu.flamestream.runtime.acker.LocalAcker$Flush] from Actor[akka://worker/user/watcher/graph0000000000/graph/local-acker#575136229] to Actor[akka://worker/user/watcher/graph0000000000/graph/local-acker#575136229] was not delivered. [3] dead letters encountered. This logging can be turned off or adjusted with configuration settings 'akka.log-dead-letters' and 'akka.log-dead-letters-during-shutdown'.
15:35:44.341 [worker-akka.actor.default-dispatcher-2] INFO  a.a.LocalActorRef akka://worker/user/watcher/graph0000000000/graph/local-acker - Message [com.spbsu.flamestream.runtime.acker.LocalAcker$Flush] from Actor[akka://worker/user/watcher/graph0000000000/graph/local-acker#575136229] to Actor[akka://worker/user/watcher/graph0000000000/graph/local-acker#575136229] was not delivered. [4] dead letters encountered. This logging can be turned off or adjusted with configuration settings 'akka.log-dead-letters' and 'akka.log-dead-letters-during-shutdown'.
15:35:44.342 [worker-akka.actor.default-dispatcher-2] INFO  a.a.LocalActorRef akka://worker/user/watcher/graph0000000000/graph - Stopped
15:35:44.343 [worker-akka.actor.default-dispatcher-2] INFO  a.a.LocalActorRef akka://worker/user/watcher/graph0000000000 - Stopped
15:35:44.346 [worker-akka.actor.default-dispatcher-2-EventThread] INFO  o.a.z.ClientCnxn  - EventThread shut down for session: 0x1619a0ace95000a
15:35:44.346 [worker-akka.actor.default-dispatcher-2] INFO  o.a.z.ZooKeeper  - Session: 0x1619a0ace95000a closed
15:35:44.347 [worker-akka.actor.default-dispatcher-2] INFO  a.a.RepointableActorRef akka://worker/user/watcher - Stopped
15:35:44.364 [worker-akka.actor.default-dispatcher-2] INFO  a.r.RemoteActorRefProvider$RemotingTerminator akka://worker@172.31.44.83:5412/system/remoting-terminator - Shutting down remote daemon.
15:35:44.366 [worker-akka.actor.default-dispatcher-2] INFO  a.r.RemoteActorRefProvider$RemotingTerminator akka://worker@172.31.44.83:5412/system/remoting-terminator - Remote daemon shut down; proceeding with flushing remote transports.
15:35:45.456 [worker-akka.actor.default-dispatcher-2] INFO  a.r.RemoteActorRefProvider$RemotingTerminator akka://worker@172.31.44.83:5412/system/remoting-terminator - Remoting shut down.
Attempts of event 'shuffle-send' - 0
Attempts of event 'front-receive-send' - 0
Attempts of event 'inject-out' - 545273
Attempts of event 'sink-receive' - 552849
Attempts of event 'flatmap-receive' - 1104
Attempts of event 'fm-send' - 532289
Attempts of event 'rear-in' - 544169
Attempts of event 'flatmap-send' - 532289
Attempts of event 'inject-in' - 545273
Attempts of event 'wrong-ordering-filter-receive' - 552849
Attempts of event 'accept-in' - 0
Attempts of event 'grouping-receive' - 1097018
Heap
 def new generation   total 153600K, used 74996K [0x00000000e0c00000, 0x00000000eb2a0000, 0x00000000eb2a0000)
  eden space 136576K,  47% used [0x00000000e0c00000, 0x00000000e4bb2888, 0x00000000e9160000)
  from space 17024K,  57% used [0x00000000ea200000, 0x00000000eab8a9d0, 0x00000000eb2a0000)
  to   space 17024K,   0% used [0x00000000e9160000, 0x00000000e9160000, 0x00000000ea200000)
 tenured generation   total 341376K, used 111674K [0x00000000eb2a0000, 0x0000000100000000, 0x0000000100000000)
   the space 341376K,  32% used [0x00000000eb2a0000, 0x00000000f1fae878, 0x00000000f1faea00, 0x0000000100000000)
 Metaspace       used 33492K, capacity 34286K, committed 34688K, reserved 1079296K
  class space    used 4455K, capacity 4624K, committed 4736K, reserved 1048576K
