13:45:01.676 [worker-akka.actor.default-dispatcher-2] INFO  a.e.s.Slf4jLogger  - Slf4jLogger started
2018-02-19T13:45:01.907+0000: 3.206: [Full GC (Metadata GC Threshold) 2018-02-19T13:45:01.907+0000: 3.206: [Tenured: 0K->15408K(341376K), 0.0382161 secs] 117538K->15408K(494976K), [Metaspace: 20873K->20873K(1067008K)], 0.0382835 secs] [Times: user=0.03 sys=0.00, real=0.03 secs] 
Ama winner
Ama winner
13:45:02.422 [worker-akka.actor.default-dispatcher-2] INFO  a.r.a.ArteryTransport(akka://worker) akka.remote.artery.ArteryTransport(akka://worker) - Started embedded media driver in directory [/dev/shm/aeron-root-worker-effa1131-deb8-4ae4-961e-9e3336be7a7f]
13:45:02.639 [worker-akka.actor.default-dispatcher-2] INFO  a.r.a.ArteryTransport(akka://worker) akka.remote.artery.ArteryTransport(akka://worker) - Remoting started; listening on address: [akka://worker@172.31.47.100:5412] with UID [8264311106184797719]
13:45:02.752 [worker-akka.actor.default-dispatcher-2] INFO  o.a.z.ZooKeeper  - Client environment:zookeeper.version=3.4.9-1757313, built on 08/23/2016 06:50 GMT
13:45:02.752 [worker-akka.actor.default-dispatcher-2] INFO  o.a.z.ZooKeeper  - Client environment:host.name=ip-172-31-47-100.us-east-2.compute.internal
13:45:02.753 [worker-akka.actor.default-dispatcher-2] INFO  o.a.z.ZooKeeper  - Client environment:java.version=1.8.0_151
13:45:02.753 [worker-akka.actor.default-dispatcher-2] INFO  o.a.z.ZooKeeper  - Client environment:java.vendor=Oracle Corporation
13:45:02.753 [worker-akka.actor.default-dispatcher-2] INFO  o.a.z.ZooKeeper  - Client environment:java.home=/usr/lib/jvm/java-8-openjdk-amd64/jre
13:45:02.753 [worker-akka.actor.default-dispatcher-2] INFO  o.a.z.ZooKeeper  - Client environment:java.class.path=lib/commons-cli-1.4.jar:lib/minlog-1.3.0.jar:lib/asm-5.0.4.jar:lib/hadoop-annotations-2.7.3.jar:lib/hadoop-auth-2.7.3.jar:lib/akka-slf4j_2.11-2.5.6.jar:lib/jersey-core-1.9.jar:lib/lz4-1.3.0.jar:lib/jackson-core-asl-1.9.13.jar:lib/aeron-client-1.3.0.jar:lib/htrace-core-3.1.0-incubating.jar:lib/xz-1.0.jar:lib/commons-httpclient-3.1.jar:lib/asm-3.1.jar:lib/commons-lang3-3.4.jar:lib/scala-library-2.11.11.jar:lib/scala-java8-compat_2.11-0.7.0.jar:lib/commons-configuration-1.6.jar:lib/objenesis-2.1.jar:lib/jackson-annotations-2.8.0.jar:lib/jsr305-3.0.0.jar:lib/curator-framework-2.7.1.jar:lib/jersey-server-1.9.jar:lib/jets3t-0.9.0.jar:lib/leveldb-0.7.jar:lib/jetty-6.1.26.jar:lib/stax-api-1.0-2.jar:lib/flamestream-core-1.0-SNAPSHOT.jar:lib/reflectasm-1.07-shaded.jar:lib/apacheds-kerberos-codec-2.0.0-M15.jar:lib/api-asn1-api-1.0.0-M20.jar:lib/commons-lang-2.6.jar:lib/commons-beanutils-1.7.0.jar:lib/jackson-xc-1.8.3.jar:lib/jetty-util-6.1.26.jar:lib/logback-classic-1.2.3.jar:lib/jool-0.9.12.jar:lib/flamestream-runtime-1.0-SNAPSHOT-tests.jar:lib/httpcore-4.1.2.jar:lib/kryo-4.0.0.jar:lib/ant-1.8.1.jar:lib/jaxb-impl-2.2.3-1.jar:lib/jersey-json-1.9.jar:lib/commons-compress-1.4.1.jar:lib/leveldbjni-all-1.8.jar:lib/paranamer-2.3.jar:lib/jackson-core-2.8.4.jar:lib/commons-math3-3.6.1.jar:lib/scala-parser-combinators_2.11-1.0.4.jar:lib/netty-3.10.6.Final.jar:lib/trove4j-3.0.3.jar:lib/jaxb-api-2.2.2.jar:lib/logback-core-1.2.3.jar:lib/snappy-java-1.0.4.1.jar:lib/protobuf-java-2.5.0.jar:lib/reactive-streams-1.0.1.jar:lib/flamestream-examples-1.0-SNAPSHOT.jar:lib/commons-codec-1.4.jar:lib/activation-1.1.jar:lib/commons-net-3.1.jar:lib/curator-recipes-2.7.1.jar:lib/jackson-mapper-asl-1.9.13.jar:lib/jackson-databind-2.8.4.jar:lib/flamestream-runtime-1.0-SNAPSHOT.jar:lib/jackson-jaxrs-1.8.3.jar:lib/slf4j-api-1.7.24.jar:lib/akka-remote_2.11-2.5.6.jar:lib/akka-testkit_2.11-2.5.6.jar:lib/jline-0.9.94.jar:lib/akka-stream_2.11-2.5.6.jar:lib/jsp-api-2.1.jar:lib/kryonet-2.21.jar:lib/akka-kryo-serialization_2.11-0.5.0.jar:lib/config-1.3.1.jar:lib/ant-launcher-1.8.1.jar:lib/commons-logging-1.2.jar:lib/ssl-config-core_2.11-0.2.2.jar:lib/testng-6.10.jar:lib/leveldb-api-0.7.jar:lib/reflectasm-1.11.3.jar:lib/jcommander-1.48.jar:lib/commons-1.1.jar:lib/commons-digester-1.8.jar:lib/minlog-1.2.jar:lib/java-xmlbuilder-0.4.jar:lib/jettison-1.1.jar:lib/gson-2.2.4.jar:lib/jdk.tools-1.8.jar:lib/aeron-driver-1.3.0.jar:lib/zookeeper-3.4.9.jar:lib/commons-beanutils-core-1.8.0.jar:lib/commons-math3-3.1.1.jar:lib/akka-actor_2.11-2.5.6.jar:lib/curator-client-2.7.1.jar:lib/servlet-api-2.5.jar:lib/apacheds-i18n-2.0.0-M15.jar:lib/commons-io-2.4.jar:lib/commons-codec-1.6.jar:lib/akka-protobuf_2.11-2.5.6.jar:lib/protobuf-java-3.5.1.jar:lib/jdom-2.0.2.jar:lib/api-util-1.0.0-M20.jar:lib/hadoop-common-2.7.3.jar:lib/agrona-0.9.6.jar:lib/xmlenc-0.52.jar:lib/guava-21.0.jar:lib/commons-collections-3.2.2.jar:lib/avro-1.7.4.jar:lib/httpclient-4.1.2.jar:lib/flamestream-core-1.0-SNAPSHOT-tests.jar:lib/annotations-12.0.jar:lib/jsch-0.1.42.jar:flamestream-runtime-1.0-SNAPSHOT.jar
13:45:02.753 [worker-akka.actor.default-dispatcher-2] INFO  o.a.z.ZooKeeper  - Client environment:java.library.path=/usr/java/packages/lib/amd64:/usr/lib/x86_64-linux-gnu/jni:/lib/x86_64-linux-gnu:/usr/lib/x86_64-linux-gnu:/usr/lib/jni:/lib:/usr/lib
13:45:02.753 [worker-akka.actor.default-dispatcher-2] INFO  o.a.z.ZooKeeper  - Client environment:java.io.tmpdir=/tmp
13:45:02.753 [worker-akka.actor.default-dispatcher-2] INFO  o.a.z.ZooKeeper  - Client environment:java.compiler=<NA>
13:45:02.753 [worker-akka.actor.default-dispatcher-2] INFO  o.a.z.ZooKeeper  - Client environment:os.name=Linux
13:45:02.753 [worker-akka.actor.default-dispatcher-2] INFO  o.a.z.ZooKeeper  - Client environment:os.arch=amd64
13:45:02.753 [worker-akka.actor.default-dispatcher-2] INFO  o.a.z.ZooKeeper  - Client environment:os.version=4.4.0-1049-aws
13:45:02.753 [worker-akka.actor.default-dispatcher-2] INFO  o.a.z.ZooKeeper  - Client environment:user.name=root
13:45:02.755 [worker-akka.actor.default-dispatcher-2] INFO  o.a.z.ZooKeeper  - Client environment:user.home=/root
13:45:02.755 [worker-akka.actor.default-dispatcher-2] INFO  o.a.z.ZooKeeper  - Client environment:user.dir=/opt/flamestream
13:45:02.758 [worker-akka.actor.default-dispatcher-2] INFO  o.a.z.ZooKeeper  - Initiating client connection, connectString=172.31.34.147:2181 sessionTimeout=5000 watcher=com.spbsu.flamestream.runtime.application.LifecycleWatcher$$Lambda$29/1242108822@61293334
13:45:02.795 [worker-akka.actor.default-dispatcher-2] INFO  a.a.RepointableActorRef akka://worker/user/watcher - Starting...
13:45:02.799 [worker-akka.actor.default-dispatcher-2-SendThread(172.31.34.147:2181)] INFO  o.a.z.ClientCnxn  - Opening socket connection to server 172.31.34.147/172.31.34.147:2181. Will not attempt to authenticate using SASL (unknown error)
13:45:02.803 [worker-akka.actor.default-dispatcher-2-SendThread(172.31.34.147:2181)] INFO  o.a.z.ClientCnxn  - Socket connection established to 172.31.34.147/172.31.34.147:2181, initiating session
13:45:02.810 [worker-akka.actor.default-dispatcher-2-SendThread(172.31.34.147:2181)] INFO  o.a.z.ClientCnxn  - Session establishment complete on server 172.31.34.147/172.31.34.147:2181, sessionid = 0x161ae4eb1e20008, negotiated timeout = 6000
13:45:02.903 [worker-akka.actor.default-dispatcher-2] INFO  a.a.RepointableActorRef akka://worker/user/watcher - Connected to ZK
13:45:12.684 [worker-akka.actor.default-dispatcher-2] INFO  a.a.RepointableActorRef akka://worker/user/watcher - Creating node with watchGraphs: 'com.spbsu.flamestream.core.Graph$Builder$MyGraph@68bb32a', config: 'ClusterConfig{paths={172.31.33.155=akka://worker@172.31.33.155:5412/user/watcher/graph0000000000, 172.31.47.83=akka://worker@172.31.47.83:5412/user/watcher/graph0000000000, 172.31.45.197=akka://worker@172.31.45.197:5412/user/watcher/graph0000000000, 172.31.42.36=akka://worker@172.31.42.36:5412/user/watcher/graph0000000000, 172.31.44.83=akka://worker@172.31.44.83:5412/user/watcher/graph0000000000, 172.31.39.64=akka://worker@172.31.39.64:5412/user/watcher/graph0000000000, 172.31.35.79=akka://worker@172.31.35.79:5412/user/watcher/graph0000000000, 172.31.34.169=akka://worker@172.31.34.169:5412/user/watcher/graph0000000000, 172.31.47.100=akka://worker@172.31.47.100:5412/user/watcher/graph0000000000, 172.31.37.101=akka://worker@172.31.37.101:5412/user/watcher/graph0000000000}, ackerLocation='172.31.35.79', props=ComputationLayout{ranges={172.31.33.155=HashRange{from=-1670265060, to=-1193046472}, 172.31.47.83=HashRange{from=1670265056, to=2147483644}, 172.31.45.197=HashRange{from=-715827884, to=-238609296}, 172.31.42.36=HashRange{from=1193046468, to=1670265056}, 172.31.44.83=HashRange{from=-238609296, to=238609292}, 172.31.39.64=HashRange{from=715827880, to=1193046468}, 172.31.35.79=HashRange{from=0, to=0}, 172.31.34.169=HashRange{from=-2147483648, to=-1670265060}, 172.31.47.100=HashRange{from=238609292, to=715827880}, 172.31.37.101=HashRange{from=-1193046472, to=-715827884}}}}'
13:45:13.498 [worker-akka.actor.default-dispatcher-2] INFO  a.a.LocalActorRef akka://worker/user/watcher/graph0000000000/graph - Starting...
13:45:13.500 [worker-akka.actor.default-dispatcher-2] INFO  a.a.LocalActorRef akka://worker/user/watcher/graph0000000000/graph/local-acker/$a - Starting...
13:45:13.502 [worker-akka.actor.default-dispatcher-2] INFO  a.a.LocalActorRef akka://worker/user/watcher/graph0000000000/graph/local-acker - Starting...
Warning: space is running low in /dev/shm (tmpfs) threshold=167,772,160 usable=158,621,696
Warning: space is running low in /dev/shm (tmpfs) threshold=167,772,160 usable=146,034,688
Warning: space is running low in /dev/shm (tmpfs) threshold=167,772,160 usable=133,447,680
Warning: space is running low in /dev/shm (tmpfs) threshold=167,772,160 usable=120,860,672
Warning: space is running low in /dev/shm (tmpfs) threshold=167,772,160 usable=108,273,664
Warning: space is running low in /dev/shm (tmpfs) threshold=167,772,160 usable=95,686,656
Warning: space is running low in /dev/shm (tmpfs) threshold=167,772,160 usable=83,099,648
Warning: space is running low in /dev/shm (tmpfs) threshold=167,772,160 usable=70,512,640
13:45:15.269 [worker-akka.actor.default-dispatcher-2] INFO  a.a.LocalActorRef akka://worker/user/watcher/graph0000000000/graph - Finishing constructor
13:45:15.269 [worker-akka.actor.default-dispatcher-2] INFO  a.a.LocalActorRef akka://worker/user/watcher/graph0000000000 - Starting...
13:45:15.270 [worker-akka.actor.default-dispatcher-2] INFO  a.a.LocalActorRef akka://worker/user/watcher/graph0000000000/negotiator - Starting...
13:45:15.271 [worker-akka.actor.default-dispatcher-2] INFO  a.a.LocalActorRef akka://worker/user/watcher/graph0000000000/edge - Starting...
13:45:15.355 [worker-akka.actor.default-dispatcher-2] INFO  c.s.f.r.e.s.SocketRear  - FlameSocketGraphDeployerRear@172.31.47.100: connecting to 172.31.34.147:5678
13:45:15.361 [worker-akka.actor.default-dispatcher-2] INFO  c.s.f.r.e.s.SocketRear  - FlameSocketGraphDeployerRear@172.31.47.100: connected to 172.31.34.147:5678
13:45:15.382 [worker-akka.actor.default-dispatcher-2] INFO  a.a.LocalActorRef akka://worker/user/watcher/graph0000000000/graph/$a - Starting...
13:45:15.396 [worker-akka.actor.default-dispatcher-2] INFO  a.a.LocalActorRef akka://worker/user/watcher/graph0000000000/graph/$b - Starting...
13:45:15.396 [worker-akka.actor.default-dispatcher-2] INFO  a.a.LocalActorRef akka://worker/user/watcher/graph0000000000/graph/$c - Starting...
13:45:15.397 [worker-akka.actor.default-dispatcher-2] INFO  a.a.LocalActorRef akka://worker/user/watcher/graph0000000000/edge/FlameSocketGraphDeployerRear - Starting...
13:45:15.397 [worker-akka.actor.default-dispatcher-2] INFO  a.a.LocalActorRef akka://worker/user/watcher/graph0000000000/edge/FlameSocketGraphDeployerFront - Starting...
13:45:15.397 [worker-akka.actor.default-dispatcher-2] INFO  a.a.LocalActorRef akka://worker/user/watcher/graph0000000000/negotiator - Requesting ticket for the frontClass FlameSocketGraphDeployerFront@172.31.47.100
13:45:15.399 [worker-akka.actor.default-dispatcher-2] INFO  a.a.LocalActorRef akka://worker/user/watcher/graph0000000000/negotiator - Ticket for the frontClass received: FrontTicket{allowedTimestamp=(1519047912661, FlameSocketGraphDeployerFront@172.31.47.100)}
13:45:15.402 [worker-akka.actor.default-dispatcher-2] INFO  c.s.f.r.e.s.SocketFront  - FlameSocketGraphDeployerFront@172.31.47.100: connecting to 172.31.34.147:4567
13:45:15.414 [Client] INFO  c.s.f.r.e.s.SocketFront  - FlameSocketGraphDeployerFront@172.31.47.100 has been disconnected from Connection 9
2018-02-19T13:45:18.583+0000: 19.882: [GC (Allocation Failure) 2018-02-19T13:45:18.583+0000: 19.882: [DefNew: 136576K->15252K(153600K), 0.0363015 secs] 151984K->50192K(494976K), 0.0363684 secs] [Times: user=0.01 sys=0.02, real=0.04 secs] 
2018-02-19T13:45:31.082+0000: 32.381: [GC (Allocation Failure) 2018-02-19T13:45:31.082+0000: 32.381: [DefNew: 151828K->3915K(153600K), 0.0181408 secs] 186768K->46432K(494976K), 0.0182071 secs] [Times: user=0.02 sys=0.00, real=0.02 secs] 
2018-02-19T13:45:50.347+0000: 51.647: [GC (Allocation Failure) 2018-02-19T13:45:50.347+0000: 51.647: [DefNew: 140491K->5334K(153600K), 0.0140081 secs] 183008K->47851K(494976K), 0.0140747 secs] [Times: user=0.01 sys=0.00, real=0.01 secs] 
2018-02-19T13:46:07.691+0000: 68.990: [GC (Allocation Failure) 2018-02-19T13:46:07.691+0000: 68.990: [DefNew: 141910K->7298K(153600K), 0.0159193 secs] 184427K->49815K(494976K), 0.0159881 secs] [Times: user=0.01 sys=0.01, real=0.02 secs] 
2018-02-19T13:46:24.717+0000: 86.016: [GC (Allocation Failure) 2018-02-19T13:46:24.717+0000: 86.016: [DefNew: 143874K->8632K(153600K), 0.0151529 secs] 186391K->51149K(494976K), 0.0152290 secs] [Times: user=0.02 sys=0.00, real=0.02 secs] 
2018-02-19T13:46:38.901+0000: 100.200: [GC (Allocation Failure) 2018-02-19T13:46:38.901+0000: 100.200: [DefNew: 145208K->8802K(153600K), 0.0167903 secs] 187725K->52554K(494976K), 0.0168538 secs] [Times: user=0.02 sys=0.00, real=0.02 secs] 
2018-02-19T13:46:56.592+0000: 117.891: [GC (Allocation Failure) 2018-02-19T13:46:56.592+0000: 117.891: [DefNew: 145378K->8955K(153600K), 0.0169145 secs] 189130K->53888K(494976K), 0.0169805 secs] [Times: user=0.02 sys=0.00, real=0.02 secs] 
2018-02-19T13:47:19.390+0000: 140.689: [GC (Allocation Failure) 2018-02-19T13:47:19.390+0000: 140.689: [DefNew: 145531K->9220K(153600K), 0.0197813 secs] 190464K->55420K(494976K), 0.0198487 secs] [Times: user=0.02 sys=0.00, real=0.02 secs] 
2018-02-19T13:47:36.400+0000: 157.699: [GC (Allocation Failure) 2018-02-19T13:47:36.400+0000: 157.699: [DefNew: 145796K->8936K(153600K), 0.0162127 secs] 191996K->56365K(494976K), 0.0162749 secs] [Times: user=0.02 sys=0.00, real=0.01 secs] 
2018-02-19T13:47:52.397+0000: 173.696: [GC (Allocation Failure) 2018-02-19T13:47:52.397+0000: 173.696: [DefNew: 145512K->8640K(153600K), 0.0180773 secs] 192941K->57537K(494976K), 0.0181522 secs] [Times: user=0.01 sys=0.01, real=0.02 secs] 
2018-02-19T13:48:14.106+0000: 195.405: [GC (Allocation Failure) 2018-02-19T13:48:14.106+0000: 195.405: [DefNew: 145216K->8955K(153600K), 0.0164871 secs] 194113K->59008K(494976K), 0.0165541 secs] [Times: user=0.01 sys=0.00, real=0.01 secs] 
2018-02-19T13:48:33.568+0000: 214.868: [GC (Allocation Failure) 2018-02-19T13:48:33.568+0000: 214.868: [DefNew: 145531K->8657K(153600K), 0.0159766 secs] 195584K->60391K(494976K), 0.0160412 secs] [Times: user=0.01 sys=0.00, real=0.01 secs] 
2018-02-19T13:48:53.164+0000: 234.463: [GC (Allocation Failure) 2018-02-19T13:48:53.164+0000: 234.463: [DefNew: 145233K->9162K(153600K), 0.0174307 secs] 196967K->61844K(494976K), 0.0174966 secs] [Times: user=0.02 sys=0.00, real=0.02 secs] 
2018-02-19T13:49:10.960+0000: 252.260: [GC (Allocation Failure) 2018-02-19T13:49:10.960+0000: 252.260: [DefNew: 145738K->8745K(153600K), 0.0170218 secs] 198420K->62610K(494976K), 0.0170878 secs] [Times: user=0.02 sys=0.00, real=0.01 secs] 
2018-02-19T13:49:29.417+0000: 270.717: [GC (Allocation Failure) 2018-02-19T13:49:29.417+0000: 270.717: [DefNew: 145321K->8603K(153600K), 0.0163044 secs] 199186K->63678K(494976K), 0.0163656 secs] [Times: user=0.01 sys=0.00, real=0.02 secs] 
2018-02-19T13:49:49.091+0000: 290.390: [GC (Allocation Failure) 2018-02-19T13:49:49.091+0000: 290.390: [DefNew: 145179K->8841K(153600K), 0.0156997 secs] 200254K->64827K(494976K), 0.0157612 secs] [Times: user=0.01 sys=0.00, real=0.02 secs] 
2018-02-19T13:50:08.196+0000: 309.495: [GC (Allocation Failure) 2018-02-19T13:50:08.196+0000: 309.495: [DefNew: 145417K->9185K(153600K), 0.0176176 secs] 201403K->66356K(494976K), 0.0176954 secs] [Times: user=0.02 sys=0.00, real=0.02 secs] 
2018-02-19T13:50:23.328+0000: 324.628: [GC (Allocation Failure) 2018-02-19T13:50:23.328+0000: 324.628: [DefNew: 145761K->9698K(153600K), 0.0168621 secs] 202932K->67829K(494976K), 0.0169199 secs] [Times: user=0.02 sys=0.00, real=0.01 secs] 
2018-02-19T13:50:44.915+0000: 346.214: [GC (Allocation Failure) 2018-02-19T13:50:44.915+0000: 346.214: [DefNew: 146274K->9369K(153600K), 0.0162544 secs] 204405K->68593K(494976K), 0.0163172 secs] [Times: user=0.02 sys=0.00, real=0.02 secs] 
2018-02-19T13:51:04.332+0000: 365.632: [GC (Allocation Failure) 2018-02-19T13:51:04.332+0000: 365.632: [DefNew: 145945K->9553K(153600K), 0.0166849 secs] 205169K->69924K(494976K), 0.0167525 secs] [Times: user=0.01 sys=0.00, real=0.02 secs] 
2018-02-19T13:51:18.054+0000: 379.353: [GC (Allocation Failure) 2018-02-19T13:51:18.054+0000: 379.353: [DefNew: 146129K->9132K(153600K), 0.0163273 secs] 206500K->70662K(494976K), 0.0163930 secs] [Times: user=0.02 sys=0.00, real=0.02 secs] 
2018-02-19T13:51:32.257+0000: 393.556: [GC (Allocation Failure) 2018-02-19T13:51:32.257+0000: 393.556: [DefNew: 145708K->9332K(153600K), 0.0169572 secs] 207238K->71982K(494976K), 0.0170207 secs] [Times: user=0.02 sys=0.00, real=0.02 secs] 
2018-02-19T13:51:49.935+0000: 411.234: [GC (Allocation Failure) 2018-02-19T13:51:49.935+0000: 411.234: [DefNew: 145908K->10601K(153600K), 0.0181853 secs] 208558K->74245K(494976K), 0.0182587 secs] [Times: user=0.02 sys=0.00, real=0.02 secs] 
2018-02-19T13:52:08.707+0000: 430.006: [GC (Allocation Failure) 2018-02-19T13:52:08.707+0000: 430.006: [DefNew: 147177K->9932K(153600K), 0.0189095 secs] 210821K->75576K(494976K), 0.0189766 secs] [Times: user=0.02 sys=0.00, real=0.02 secs] 
2018-02-19T13:52:25.164+0000: 446.464: [GC (Allocation Failure) 2018-02-19T13:52:25.165+0000: 446.464: [DefNew: 146508K->8276K(153600K), 0.0191523 secs] 212152K->77486K(494976K), 0.0192346 secs] [Times: user=0.02 sys=0.01, real=0.02 secs] 
2018-02-19T13:52:42.188+0000: 463.488: [GC (Allocation Failure) 2018-02-19T13:52:42.188+0000: 463.488: [DefNew: 144852K->9347K(153600K), 0.0150074 secs] 214062K->78557K(494976K), 0.0150731 secs] [Times: user=0.01 sys=0.00, real=0.01 secs] 
2018-02-19T13:53:01.661+0000: 482.960: [GC (Allocation Failure) 2018-02-19T13:53:01.661+0000: 482.960: [DefNew: 145923K->9946K(153600K), 0.0183186 secs] 215133K->80453K(494976K), 0.0183803 secs] [Times: user=0.01 sys=0.01, real=0.02 secs] 
2018-02-19T13:53:18.469+0000: 499.769: [GC (Allocation Failure) 2018-02-19T13:53:18.470+0000: 499.769: [DefNew: 146522K->8420K(153600K), 0.0181929 secs] 217029K->81544K(494976K), 0.0182599 secs] [Times: user=0.01 sys=0.01, real=0.02 secs] 
2018-02-19T13:53:35.381+0000: 516.680: [GC (Allocation Failure) 2018-02-19T13:53:35.381+0000: 516.680: [DefNew: 144996K->9560K(153600K), 0.0147880 secs] 218120K->82683K(494976K), 0.0148605 secs] [Times: user=0.02 sys=0.00, real=0.01 secs] 
2018-02-19T13:53:53.504+0000: 534.804: [GC (Allocation Failure) 2018-02-19T13:53:53.504+0000: 534.804: [DefNew: 146136K->9593K(153600K), 0.0171407 secs] 219259K->84015K(494976K), 0.0172156 secs] [Times: user=0.02 sys=0.00, real=0.02 secs] 
2018-02-19T13:54:11.503+0000: 552.802: [GC (Allocation Failure) 2018-02-19T13:54:11.503+0000: 552.802: [DefNew: 146169K->9623K(153600K), 0.0219044 secs] 220591K->85204K(494976K), 0.0219843 secs] [Times: user=0.02 sys=0.00, real=0.02 secs] 
2018-02-19T13:54:29.879+0000: 571.178: [GC (Allocation Failure) 2018-02-19T13:54:29.879+0000: 571.178: [DefNew: 146199K->10164K(153600K), 0.0176172 secs] 221780K->86846K(494976K), 0.0177017 secs] [Times: user=0.02 sys=0.00, real=0.01 secs] 
2018-02-19T13:54:45.592+0000: 586.891: [GC (Allocation Failure) 2018-02-19T13:54:45.592+0000: 586.891: [DefNew: 146740K->8740K(153600K), 0.0198321 secs] 223422K->88121K(494976K), 0.0199005 secs] [Times: user=0.02 sys=0.00, real=0.02 secs] 
2018-02-19T13:55:03.836+0000: 605.136: [GC (Allocation Failure) 2018-02-19T13:55:03.836+0000: 605.136: [DefNew: 145316K->9168K(153600K), 0.0167095 secs] 224697K->89993K(494976K), 0.0167884 secs] [Times: user=0.02 sys=0.00, real=0.02 secs] 
2018-02-19T13:55:21.560+0000: 622.860: [GC (Allocation Failure) 2018-02-19T13:55:21.560+0000: 622.860: [DefNew: 145744K->9453K(153600K), 0.0174286 secs] 226569K->91678K(494976K), 0.0174882 secs] [Times: user=0.01 sys=0.00, real=0.02 secs] 
2018-02-19T13:55:37.786+0000: 639.085: [GC (Allocation Failure) 2018-02-19T13:55:37.786+0000: 639.085: [DefNew: 146029K->8877K(153600K), 0.0171000 secs] 228254K->92878K(494976K), 0.0171670 secs] [Times: user=0.01 sys=0.01, real=0.01 secs] 
2018-02-19T13:55:59.439+0000: 660.738: [GC (Allocation Failure) 2018-02-19T13:55:59.439+0000: 660.738: [DefNew: 145453K->9235K(153600K), 0.0159849 secs] 229454K->94688K(494976K), 0.0160613 secs] [Times: user=0.01 sys=0.00, real=0.01 secs] 
2018-02-19T13:56:18.021+0000: 679.320: [GC (Allocation Failure) 2018-02-19T13:56:18.021+0000: 679.320: [DefNew: 145811K->9723K(153600K), 0.0171399 secs] 231264K->96501K(494976K), 0.0172063 secs] [Times: user=0.01 sys=0.00, real=0.02 secs] 
2018-02-19T13:56:33.392+0000: 694.691: [GC (Allocation Failure) 2018-02-19T13:56:33.392+0000: 694.691: [DefNew: 146299K->9960K(153600K), 0.0298989 secs] 233077K->98176K(494976K), 0.0299871 secs] [Times: user=0.00 sys=0.03, real=0.03 secs] 
2018-02-19T13:56:53.604+0000: 714.903: [GC (Allocation Failure) 2018-02-19T13:56:53.604+0000: 714.903: [DefNew: 146536K->9697K(153600K), 0.0297453 secs] 234752K->99687K(494976K), 0.0298181 secs] [Times: user=0.00 sys=0.03, real=0.03 secs] 
2018-02-19T13:57:09.747+0000: 731.046: [GC (Allocation Failure) 2018-02-19T13:57:09.747+0000: 731.046: [DefNew: 146273K->10039K(153600K), 0.0164860 secs] 236263K->101527K(494976K), 0.0165665 secs] [Times: user=0.02 sys=0.00, real=0.01 secs] 
13:57:15.962 [Client] INFO  c.s.f.r.e.s.SocketRear  - FlameSocketGraphDeployerRear@172.31.47.100: has been disconnected from Connection 9
13:57:29.319 [worker-akka.actor.default-dispatcher-2] INFO  a.a.CoordinatedShutdown CoordinatedShutdown(akka://worker) - Starting coordinated shutdown from JVM shutdown hook
13:57:29.372 [worker-akka.actor.default-dispatcher-2] INFO  a.a.LocalActorRef akka://worker/user/watcher/graph0000000000/negotiator - Stopped
13:57:29.373 [worker-akka.actor.default-dispatcher-2] INFO  a.a.LocalActorRef akka://worker/user/watcher/graph0000000000/edge/FlameSocketGraphDeployerFront - Stopped
13:57:29.374 [worker-akka.actor.default-dispatcher-2] INFO  a.a.LocalActorRef akka://worker/user/watcher/graph0000000000/edge/FlameSocketGraphDeployerRear - Stopped
13:57:29.378 [worker-akka.actor.default-dispatcher-2] INFO  a.a.LocalActorRef akka://worker/user/watcher/graph0000000000/graph/$a - Stopped
13:57:29.381 [worker-akka.actor.default-dispatcher-2] INFO  a.a.LocalActorRef akka://worker/user/watcher/graph0000000000/graph/$b - Stopped
13:57:29.381 [worker-akka.actor.default-dispatcher-2] INFO  a.a.LocalActorRef akka://worker/user/watcher/graph0000000000/graph/$c - Stopped
13:57:29.382 [worker-akka.actor.default-dispatcher-2] INFO  a.a.LocalActorRef akka://worker/user/watcher/graph0000000000/graph/local-acker/$a - Stopped
13:57:29.387 [worker-akka.actor.default-dispatcher-2] INFO  a.a.LocalActorRef akka://worker/user/watcher/graph0000000000/graph/local-acker/$a - Message [com.spbsu.flamestream.runtime.utils.akka.PingActor$InnerPing] from Actor[akka://worker/user/watcher/graph0000000000/graph/local-acker/$a#1355732012] to Actor[akka://worker/user/watcher/graph0000000000/graph/local-acker/$a#1355732012] was not delivered. [1] dead letters encountered. This logging can be turned off or adjusted with configuration settings 'akka.log-dead-letters' and 'akka.log-dead-letters-during-shutdown'.
13:57:29.388 [worker-akka.actor.default-dispatcher-2] INFO  a.a.LocalActorRef akka://worker/user/watcher/graph0000000000/edge - Stopped
13:57:29.388 [worker-akka.actor.default-dispatcher-2] INFO  a.a.LocalActorRef akka://worker/user/watcher/graph0000000000/graph/local-acker - Stopped
13:57:29.391 [worker-akka.actor.default-dispatcher-2] INFO  a.a.LocalActorRef akka://worker/user/watcher/graph0000000000/graph/local-acker/$a - Message [com.spbsu.flamestream.runtime.utils.akka.PingActor$Stop] from Actor[akka://worker/user/watcher/graph0000000000/graph/local-acker#-907956132] to Actor[akka://worker/user/watcher/graph0000000000/graph/local-acker/$a#1355732012] was not delivered. [2] dead letters encountered. This logging can be turned off or adjusted with configuration settings 'akka.log-dead-letters' and 'akka.log-dead-letters-during-shutdown'.
13:57:29.391 [worker-akka.actor.default-dispatcher-2] INFO  a.a.LocalActorRef akka://worker/user/watcher/graph0000000000/graph/local-acker - Message [com.spbsu.flamestream.runtime.acker.LocalAcker$Flush] from Actor[akka://worker/user/watcher/graph0000000000/graph/local-acker#-907956132] to Actor[akka://worker/user/watcher/graph0000000000/graph/local-acker#-907956132] was not delivered. [3] dead letters encountered. This logging can be turned off or adjusted with configuration settings 'akka.log-dead-letters' and 'akka.log-dead-letters-during-shutdown'.
13:57:29.395 [worker-akka.actor.default-dispatcher-2] INFO  a.a.LocalActorRef akka://worker/user/watcher/graph0000000000/graph/local-acker - Message [com.spbsu.flamestream.runtime.acker.LocalAcker$Flush] from Actor[akka://worker/user/watcher/graph0000000000/graph/local-acker#-907956132] to Actor[akka://worker/user/watcher/graph0000000000/graph/local-acker#-907956132] was not delivered. [4] dead letters encountered. This logging can be turned off or adjusted with configuration settings 'akka.log-dead-letters' and 'akka.log-dead-letters-during-shutdown'.
13:57:29.395 [worker-akka.actor.default-dispatcher-2] INFO  a.a.LocalActorRef akka://worker/user/watcher/graph0000000000/graph/local-acker - Message [com.spbsu.flamestream.runtime.acker.LocalAcker$Flush] from Actor[akka://worker/user/watcher/graph0000000000/graph/local-acker#-907956132] to Actor[akka://worker/user/watcher/graph0000000000/graph/local-acker#-907956132] was not delivered. [5] dead letters encountered. This logging can be turned off or adjusted with configuration settings 'akka.log-dead-letters' and 'akka.log-dead-letters-during-shutdown'.
13:57:29.395 [worker-akka.actor.default-dispatcher-2] INFO  a.a.LocalActorRef akka://worker/user/watcher/graph0000000000/graph/local-acker - Message [com.spbsu.flamestream.runtime.acker.LocalAcker$Flush] from Actor[akka://worker/user/watcher/graph0000000000/graph/local-acker#-907956132] to Actor[akka://worker/user/watcher/graph0000000000/graph/local-acker#-907956132] was not delivered. [6] dead letters encountered. This logging can be turned off or adjusted with configuration settings 'akka.log-dead-letters' and 'akka.log-dead-letters-during-shutdown'.
13:57:29.395 [worker-akka.actor.default-dispatcher-2] INFO  a.a.LocalActorRef akka://worker/user/watcher/graph0000000000/graph/local-acker - Message [com.spbsu.flamestream.runtime.acker.LocalAcker$Flush] from Actor[akka://worker/user/watcher/graph0000000000/graph/local-acker#-907956132] to Actor[akka://worker/user/watcher/graph0000000000/graph/local-acker#-907956132] was not delivered. [7] dead letters encountered. This logging can be turned off or adjusted with configuration settings 'akka.log-dead-letters' and 'akka.log-dead-letters-during-shutdown'.
13:57:29.395 [worker-akka.actor.default-dispatcher-2] INFO  a.a.LocalActorRef akka://worker/user/watcher/graph0000000000/graph/local-acker - Message [com.spbsu.flamestream.runtime.acker.LocalAcker$Flush] from Actor[akka://worker/user/watcher/graph0000000000/graph/local-acker#-907956132] to Actor[akka://worker/user/watcher/graph0000000000/graph/local-acker#-907956132] was not delivered. [8] dead letters encountered. This logging can be turned off or adjusted with configuration settings 'akka.log-dead-letters' and 'akka.log-dead-letters-during-shutdown'.
13:57:29.395 [worker-akka.actor.default-dispatcher-2] INFO  a.a.LocalActorRef akka://worker/user/watcher/graph0000000000/graph/local-acker - Message [com.spbsu.flamestream.runtime.acker.LocalAcker$Flush] from Actor[akka://worker/user/watcher/graph0000000000/graph/local-acker#-907956132] to Actor[akka://worker/user/watcher/graph0000000000/graph/local-acker#-907956132] was not delivered. [9] dead letters encountered. This logging can be turned off or adjusted with configuration settings 'akka.log-dead-letters' and 'akka.log-dead-letters-during-shutdown'.
13:57:29.396 [worker-akka.actor.default-dispatcher-2] INFO  a.a.LocalActorRef akka://worker/user/watcher/graph0000000000/graph/local-acker - Message [com.spbsu.flamestream.runtime.acker.LocalAcker$Flush] from Actor[akka://worker/user/watcher/graph0000000000/graph/local-acker#-907956132] to Actor[akka://worker/user/watcher/graph0000000000/graph/local-acker#-907956132] was not delivered. [10] dead letters encountered. This logging can be turned off or adjusted with configuration settings 'akka.log-dead-letters' and 'akka.log-dead-letters-during-shutdown'.
13:57:29.397 [worker-akka.actor.default-dispatcher-2] INFO  a.a.LocalActorRef akka://worker/user/watcher/graph0000000000/graph/local-acker - Message [com.spbsu.flamestream.runtime.acker.LocalAcker$Flush] from Actor[akka://worker/user/watcher/graph0000000000/graph/local-acker#-907956132] to Actor[akka://worker/user/watcher/graph0000000000/graph/local-acker#-907956132] was not delivered. [11] dead letters encountered. This logging can be turned off or adjusted with configuration settings 'akka.log-dead-letters' and 'akka.log-dead-letters-during-shutdown'.
13:57:29.399 [worker-akka.actor.default-dispatcher-2-EventThread] INFO  o.a.z.ClientCnxn  - EventThread shut down for session: 0x161ae4eb1e20008
13:57:29.400 [worker-akka.actor.default-dispatcher-2] INFO  o.a.z.ZooKeeper  - Session: 0x161ae4eb1e20008 closed
13:57:29.400 [worker-akka.actor.default-dispatcher-2] INFO  a.a.LocalActorRef akka://worker/user/watcher/graph0000000000/graph - Stopped
13:57:29.400 [worker-akka.actor.default-dispatcher-2] INFO  a.a.LocalActorRef akka://worker/user/watcher/graph0000000000 - Stopped
13:57:29.400 [worker-akka.actor.default-dispatcher-2] INFO  a.a.RepointableActorRef akka://worker/user/watcher - Stopped
13:57:29.413 [worker-akka.actor.default-dispatcher-2] INFO  a.r.RemoteActorRefProvider$RemotingTerminator akka://worker@172.31.47.100:5412/system/remoting-terminator - Shutting down remote daemon.
13:57:29.415 [worker-akka.actor.default-dispatcher-2] INFO  a.r.RemoteActorRefProvider$RemotingTerminator akka://worker@172.31.47.100:5412/system/remoting-terminator - Remote daemon shut down; proceeding with flushing remote transports.
13:57:30.563 [worker-akka.actor.default-dispatcher-2] INFO  a.r.RemoteActorRefProvider$RemotingTerminator akka://worker@172.31.47.100:5412/system/remoting-terminator - Remoting shut down.
Heap
 def new generation   total 153600K, used 80978K [0x00000000e0c00000, 0x00000000eb2a0000, 0x00000000eb2a0000)
  eden space 136576K,  51% used [0x00000000e0c00000, 0x00000000e5146ad8, 0x00000000e9160000)
  from space 17024K,  58% used [0x00000000ea200000, 0x00000000eabcdfa8, 0x00000000eb2a0000)
  to   space 17024K,   0% used [0x00000000e9160000, 0x00000000e9160000, 0x00000000ea200000)
 tenured generation   total 341376K, used 91487K [0x00000000eb2a0000, 0x0000000100000000, 0x0000000100000000)
   the space 341376K,  26% used [0x00000000eb2a0000, 0x00000000f0bf7db8, 0x00000000f0bf7e00, 0x0000000100000000)
 Metaspace       used 33506K, capacity 34298K, committed 34688K, reserved 1079296K
  class space    used 4456K, capacity 4624K, committed 4736K, reserved 1048576K
