17:02:04,361 |-INFO in ch.qos.logback.classic.LoggerContext[default] - Could NOT find resource [logback-test.xml]
17:02:04,361 |-INFO in ch.qos.logback.classic.LoggerContext[default] - Could NOT find resource [logback.groovy]
17:02:04,361 |-INFO in ch.qos.logback.classic.LoggerContext[default] - Found resource [logback.xml] at [jar:file:/opt/flamestream/lib/flamestream-runtime-1.0-SNAPSHOT.jar!/logback.xml]
17:02:04,362 |-WARN in ch.qos.logback.classic.LoggerContext[default] - Resource [logback.xml] occurs multiple times on the classpath.
17:02:04,362 |-WARN in ch.qos.logback.classic.LoggerContext[default] - Resource [logback.xml] occurs at [jar:file:/opt/flamestream/flamestream-runtime-1.0-SNAPSHOT.jar!/logback.xml]
17:02:04,362 |-WARN in ch.qos.logback.classic.LoggerContext[default] - Resource [logback.xml] occurs at [jar:file:/opt/flamestream/lib/flamestream-runtime-1.0-SNAPSHOT.jar!/logback.xml]
17:02:04,379 |-INFO in ch.qos.logback.core.joran.spi.ConfigurationWatchList@69b794e2 - URL [jar:file:/opt/flamestream/lib/flamestream-runtime-1.0-SNAPSHOT.jar!/logback.xml] is not of type file
17:02:04,473 |-INFO in ch.qos.logback.classic.joran.action.ConfigurationAction - debug attribute not set
17:02:04,473 |-INFO in ch.qos.logback.core.joran.action.AppenderAction - About to instantiate appender of type [ch.qos.logback.core.ConsoleAppender]
17:02:04,480 |-INFO in ch.qos.logback.core.joran.action.AppenderAction - Naming appender as [STDOUT]
17:02:04,487 |-INFO in ch.qos.logback.core.joran.action.NestedComplexPropertyIA - Assuming default type [ch.qos.logback.classic.encoder.PatternLayoutEncoder] for [encoder] property
17:02:04,523 |-INFO in ch.qos.logback.core.joran.action.AppenderAction - About to instantiate appender of type [ch.qos.logback.core.rolling.RollingFileAppender]
17:02:04,526 |-INFO in ch.qos.logback.core.joran.action.AppenderAction - Naming appender as [FILE]
17:02:04,547 |-INFO in c.q.l.core.rolling.TimeBasedRollingPolicy@1059063940 - No compression will be used
17:02:04,548 |-INFO in c.q.l.core.rolling.TimeBasedRollingPolicy@1059063940 - Will use the pattern /tmp/application_%d{yyyy-MM-dd}.%i.log for the active file
17:02:04,553 |-INFO in ch.qos.logback.core.rolling.SizeAndTimeBasedFNATP@4d339552 - The date pattern is 'yyyy-MM-dd' from file name pattern '/tmp/application_%d{yyyy-MM-dd}.%i.log'.
17:02:04,553 |-INFO in ch.qos.logback.core.rolling.SizeAndTimeBasedFNATP@4d339552 - Roll-over at midnight.
17:02:04,558 |-INFO in ch.qos.logback.core.rolling.SizeAndTimeBasedFNATP@4d339552 - Setting initial period to Thu Mar 22 17:00:21 UTC 2018
17:02:04,558 |-WARN in ch.qos.logback.core.rolling.SizeAndTimeBasedFNATP@4d339552 - SizeAndTimeBasedFNATP is deprecated. Use SizeAndTimeBasedRollingPolicy instead
17:02:04,558 |-WARN in ch.qos.logback.core.rolling.SizeAndTimeBasedFNATP@4d339552 - For more information see http://logback.qos.ch/manual/appenders.html#SizeAndTimeBasedRollingPolicy
17:02:04,562 |-INFO in ch.qos.logback.core.joran.action.NestedComplexPropertyIA - Assuming default type [ch.qos.logback.classic.encoder.PatternLayoutEncoder] for [encoder] property
17:02:04,567 |-INFO in ch.qos.logback.core.rolling.RollingFileAppender[FILE] - Active log file name: /tmp/application.log
17:02:04,567 |-INFO in ch.qos.logback.core.rolling.RollingFileAppender[FILE] - File property is set to [/tmp/application.log]
17:02:04,568 |-INFO in ch.qos.logback.classic.joran.action.RootLoggerAction - Setting level of ROOT logger to INFO
17:02:04,568 |-INFO in ch.qos.logback.core.joran.action.AppenderRefAction - Attaching appender named [STDOUT] to Logger[ROOT]
17:02:04,568 |-INFO in ch.qos.logback.core.joran.action.AppenderRefAction - Attaching appender named [FILE] to Logger[ROOT]
17:02:04,568 |-INFO in ch.qos.logback.classic.joran.action.ConfigurationAction - End of configuration.
17:02:04,569 |-INFO in ch.qos.logback.classic.joran.JoranConfigurator@f0f2775 - Registering current configuration as safe fallback point

17:02:04.573 [main] INFO  c.s.f.r.a.WorkerApplication  - Starting worker with id: '10.0.0.45', host: '10.0.0.45:5412', zkString: '10.0.0.101:2181'
17:02:05.477 [worker-akka.actor.default-dispatcher-2] INFO  a.e.s.Slf4jLogger  - Slf4jLogger started
2018-03-22T17:02:05.616+0000: 1.844: [Full GC (Metadata GC Threshold) 2018-03-22T17:02:05.616+0000: 1.844: [Tenured: 0K->15788K(341376K), 0.0390889 secs] 131339K->15788K(494976K), [Metaspace: 20949K->20949K(1067008K)], 0.0391536 secs] [Times: user=0.04 sys=0.00, real=0.04 secs] 
Ama winner
Ama winner
17:02:06.024 [worker-akka.actor.default-dispatcher-2] INFO  a.r.a.ArteryTransport(akka://worker) akka.remote.artery.ArteryTransport(akka://worker) - Started embedded media driver in directory [/dev/shm/aeron-root-worker-b2447359-0d8a-49c3-86c8-b9d919309917]
17:02:06.211 [worker-akka.actor.default-dispatcher-2] INFO  a.r.a.ArteryTransport(akka://worker) akka.remote.artery.ArteryTransport(akka://worker) - Remoting started; listening on address: [akka://worker@10.0.0.45:5412] with UID [7016249170710867858]
17:02:06.265 [worker-akka.actor.default-dispatcher-6] INFO  a.a.RepointableActorRef akka://worker/user/watcher - Starting...
17:02:06.276 [worker-akka.actor.default-dispatcher-2] INFO  o.a.z.ZooKeeper  - Client environment:zookeeper.version=3.4.9-1757313, built on 08/23/2016 06:50 GMT
17:02:06.276 [worker-akka.actor.default-dispatcher-2] INFO  o.a.z.ZooKeeper  - Client environment:host.name=localhost
17:02:06.276 [worker-akka.actor.default-dispatcher-2] INFO  o.a.z.ZooKeeper  - Client environment:java.version=1.8.0_151
17:02:06.276 [worker-akka.actor.default-dispatcher-2] INFO  o.a.z.ZooKeeper  - Client environment:java.vendor=Oracle Corporation
17:02:06.276 [worker-akka.actor.default-dispatcher-2] INFO  o.a.z.ZooKeeper  - Client environment:java.home=/usr/lib/jvm/java-8-openjdk-amd64/jre
17:02:06.276 [worker-akka.actor.default-dispatcher-2] INFO  o.a.z.ZooKeeper  - Client environment:java.class.path=lib/commons-cli-1.4.jar:lib/minlog-1.3.0.jar:lib/asm-5.0.4.jar:lib/hadoop-annotations-2.7.3.jar:lib/hadoop-auth-2.7.3.jar:lib/akka-slf4j_2.11-2.5.6.jar:lib/jersey-core-1.9.jar:lib/lz4-1.3.0.jar:lib/jackson-core-asl-1.9.13.jar:lib/aeron-client-1.3.0.jar:lib/htrace-core-3.1.0-incubating.jar:lib/xz-1.0.jar:lib/commons-httpclient-3.1.jar:lib/asm-3.1.jar:lib/commons-lang3-3.4.jar:lib/scala-library-2.11.11.jar:lib/scala-java8-compat_2.11-0.7.0.jar:lib/commons-configuration-1.6.jar:lib/objenesis-2.1.jar:lib/jackson-annotations-2.8.0.jar:lib/jsr305-3.0.0.jar:lib/curator-framework-2.7.1.jar:lib/jersey-server-1.9.jar:lib/jets3t-0.9.0.jar:lib/leveldb-0.7.jar:lib/jetty-6.1.26.jar:lib/stax-api-1.0-2.jar:lib/flamestream-core-1.0-SNAPSHOT.jar:lib/reflectasm-1.07-shaded.jar:lib/apacheds-kerberos-codec-2.0.0-M15.jar:lib/api-asn1-api-1.0.0-M20.jar:lib/commons-lang-2.6.jar:lib/commons-beanutils-1.7.0.jar:lib/jackson-xc-1.8.3.jar:lib/jetty-util-6.1.26.jar:lib/logback-classic-1.2.3.jar:lib/jool-0.9.12.jar:lib/httpcore-4.1.2.jar:lib/kryo-4.0.0.jar:lib/ant-1.8.1.jar:lib/jaxb-impl-2.2.3-1.jar:lib/jersey-json-1.9.jar:lib/commons-compress-1.4.1.jar:lib/leveldbjni-all-1.8.jar:lib/paranamer-2.3.jar:lib/jackson-core-2.8.4.jar:lib/commons-math3-3.6.1.jar:lib/scala-parser-combinators_2.11-1.0.4.jar:lib/netty-3.10.6.Final.jar:lib/trove4j-3.0.3.jar:lib/jaxb-api-2.2.2.jar:lib/logback-core-1.2.3.jar:lib/snappy-java-1.0.4.1.jar:lib/protobuf-java-2.5.0.jar:lib/reactive-streams-1.0.1.jar:lib/flamestream-examples-1.0-SNAPSHOT.jar:lib/commons-codec-1.4.jar:lib/activation-1.1.jar:lib/commons-net-3.1.jar:lib/curator-recipes-2.7.1.jar:lib/jackson-mapper-asl-1.9.13.jar:lib/jackson-databind-2.8.4.jar:lib/flamestream-runtime-1.0-SNAPSHOT.jar:lib/jackson-jaxrs-1.8.3.jar:lib/slf4j-api-1.7.24.jar:lib/akka-remote_2.11-2.5.6.jar:lib/akka-testkit_2.11-2.5.6.jar:lib/jline-0.9.94.jar:lib/jedis-2.9.0.jar:lib/akka-stream_2.11-2.5.6.jar:lib/jsp-api-2.1.jar:lib/kryonet-2.21.jar:lib/akka-kryo-serialization_2.11-0.5.0.jar:lib/config-1.3.1.jar:lib/ant-launcher-1.8.1.jar:lib/commons-logging-1.2.jar:lib/ssl-config-core_2.11-0.2.2.jar:lib/testng-6.10.jar:lib/leveldb-api-0.7.jar:lib/reflectasm-1.11.3.jar:lib/jcommander-1.48.jar:lib/commons-1.1.jar:lib/commons-digester-1.8.jar:lib/minlog-1.2.jar:lib/java-xmlbuilder-0.4.jar:lib/jettison-1.1.jar:lib/gson-2.2.4.jar:lib/jdk.tools-1.8.jar:lib/aeron-driver-1.3.0.jar:lib/zookeeper-3.4.9.jar:lib/commons-beanutils-core-1.8.0.jar:lib/commons-math3-3.1.1.jar:lib/akka-actor_2.11-2.5.6.jar:lib/curator-client-2.7.1.jar:lib/servlet-api-2.5.jar:lib/commons-pool2-2.4.2.jar:lib/apacheds-i18n-2.0.0-M15.jar:lib/commons-io-2.4.jar:lib/commons-codec-1.6.jar:lib/akka-protobuf_2.11-2.5.6.jar:lib/jdom-2.0.2.jar:lib/rocksdbjni-5.5.1.jar:lib/api-util-1.0.0-M20.jar:lib/hadoop-common-2.7.3.jar:lib/agrona-0.9.6.jar:lib/xmlenc-0.52.jar:lib/guava-21.0.jar:lib/commons-collections-3.2.2.jar:lib/avro-1.7.4.jar:lib/httpclient-4.1.2.jar:lib/flamestream-core-1.0-SNAPSHOT-tests.jar:lib/annotations-12.0.jar:lib/jsch-0.1.42.jar:flamestream-runtime-1.0-SNAPSHOT.jar
17:02:06.276 [worker-akka.actor.default-dispatcher-2] INFO  o.a.z.ZooKeeper  - Client environment:java.library.path=/usr/java/packages/lib/amd64:/usr/lib/x86_64-linux-gnu/jni:/lib/x86_64-linux-gnu:/usr/lib/x86_64-linux-gnu:/usr/lib/jni:/lib:/usr/lib
17:02:06.276 [worker-akka.actor.default-dispatcher-2] INFO  o.a.z.ZooKeeper  - Client environment:java.io.tmpdir=/tmp
17:02:06.276 [worker-akka.actor.default-dispatcher-2] INFO  o.a.z.ZooKeeper  - Client environment:java.compiler=<NA>
17:02:06.276 [worker-akka.actor.default-dispatcher-2] INFO  o.a.z.ZooKeeper  - Client environment:os.name=Linux
17:02:06.276 [worker-akka.actor.default-dispatcher-2] INFO  o.a.z.ZooKeeper  - Client environment:os.arch=amd64
17:02:06.278 [worker-akka.actor.default-dispatcher-2] INFO  o.a.z.ZooKeeper  - Client environment:os.version=4.4.0-1049-aws
17:02:06.278 [worker-akka.actor.default-dispatcher-2] INFO  o.a.z.ZooKeeper  - Client environment:user.name=root
17:02:06.278 [worker-akka.actor.default-dispatcher-2] INFO  o.a.z.ZooKeeper  - Client environment:user.home=/root
17:02:06.278 [worker-akka.actor.default-dispatcher-2] INFO  o.a.z.ZooKeeper  - Client environment:user.dir=/opt/flamestream
17:02:06.279 [worker-akka.actor.default-dispatcher-2] INFO  o.a.z.ZooKeeper  - Initiating client connection, connectString=10.0.0.101:2181 sessionTimeout=5000 watcher=com.spbsu.flamestream.runtime.application.LifecycleWatcher$$Lambda$29/677428651@be46b65
17:02:06.313 [worker-akka.actor.default-dispatcher-2-SendThread(10.0.0.101:2181)] INFO  o.a.z.ClientCnxn  - Opening socket connection to server 10.0.0.101/10.0.0.101:2181. Will not attempt to authenticate using SASL (unknown error)
17:02:06.313 [worker-akka.actor.default-dispatcher-6] INFO  a.a.RepointableActorRef akka://worker/user/watcher - Initializing rocksDB backend
17:02:06.322 [worker-akka.actor.default-dispatcher-2-SendThread(10.0.0.101:2181)] INFO  o.a.z.ClientCnxn  - Socket connection established to 10.0.0.101/10.0.0.101:2181, initiating session
17:02:06.337 [worker-akka.actor.default-dispatcher-2-SendThread(10.0.0.101:2181)] INFO  o.a.z.ClientCnxn  - Session establishment complete on server 10.0.0.101/10.0.0.101:2181, sessionid = 0x1624ea83f70000c, negotiated timeout = 6000
17:02:06.502 [worker-akka.actor.default-dispatcher-6] INFO  a.a.RepointableActorRef akka://worker/user/watcher - Connected to ZK
17:02:13.205 [worker-akka.actor.default-dispatcher-6] INFO  a.a.RepointableActorRef akka://worker/user/watcher - Creating node with watchGraphs: 'com.spbsu.flamestream.core.Graph$Builder$MyGraph@1bbbb9eb', config: 'ClusterConfig{paths={10.0.0.62=akka://worker@10.0.0.62:5412/user/watcher/graph, 10.0.0.92=akka://worker@10.0.0.92:5412/user/watcher/graph, 10.0.0.19=akka://worker@10.0.0.19:5412/user/watcher/graph, 10.0.0.224=akka://worker@10.0.0.224:5412/user/watcher/graph, 10.0.0.16=akka://worker@10.0.0.16:5412/user/watcher/graph, 10.0.0.14=akka://worker@10.0.0.14:5412/user/watcher/graph, 10.0.0.45=akka://worker@10.0.0.45:5412/user/watcher/graph, 10.0.0.41=akka://worker@10.0.0.41:5412/user/watcher/graph, 10.0.0.52=akka://worker@10.0.0.52:5412/user/watcher/graph, 10.0.0.63=akka://worker@10.0.0.63:5412/user/watcher/graph}, ackerLocation='10.0.0.41', props=ComputationLayout{hashGroups={10.0.0.62=com.spbsu.flamestream.runtime.config.HashGroup@1ffe1b9d, 10.0.0.92=com.spbsu.flamestream.runtime.config.HashGroup@5d5c21bc, 10.0.0.19=com.spbsu.flamestream.runtime.config.HashGroup@56dcaf5d, 10.0.0.224=com.spbsu.flamestream.runtime.config.HashGroup@c65a7748, 10.0.0.16=com.spbsu.flamestream.runtime.config.HashGroup@231425fe, 10.0.0.14=com.spbsu.flamestream.runtime.config.HashGroup@fbc82752, 10.0.0.45=com.spbsu.flamestream.runtime.config.HashGroup@ccbcd570, 10.0.0.41=com.spbsu.flamestream.runtime.config.HashGroup@c01f, 10.0.0.52=com.spbsu.flamestream.runtime.config.HashGroup@4276a447, 10.0.0.63=com.spbsu.flamestream.runtime.config.HashGroup@3fc198ed}}}'
17:02:14.106 [worker-akka.actor.default-dispatcher-2] INFO  a.a.LocalActorRef akka://worker/user/watcher/graph/graph - Starting...
17:02:14.113 [worker-akka.actor.default-dispatcher-5] INFO  a.a.LocalActorRef akka://worker/user/watcher/graph/graph/local-acker/$a - Starting...
17:02:14.118 [worker-akka.actor.default-dispatcher-2] INFO  a.a.LocalActorRef akka://worker/user/watcher/graph/graph/local-acker - Starting...
17:02:15.223 [worker-akka.actor.default-dispatcher-5] INFO  a.a.LocalActorRef akka://worker/user/watcher/graph/graph - Finishing constructor
17:02:15.225 [worker-akka.actor.default-dispatcher-2] INFO  a.a.LocalActorRef akka://worker/user/watcher/graph/edge - Starting...
17:02:15.227 [worker-akka.actor.default-dispatcher-2] INFO  a.a.LocalActorRef akka://worker/user/watcher/graph - Starting...
17:02:15.229 [worker-akka.actor.default-dispatcher-5] INFO  a.a.LocalActorRef akka://worker/user/watcher/graph/negotiator - Starting...
17:02:15.260 [worker-akka.actor.default-dispatcher-2] INFO  a.a.LocalActorRef akka://worker/user/watcher/graph/negotiator - Requesting ticket for the frontClass FlameSocketGraphDeployerFront@10.0.0.45
17:02:15.284 [worker-akka.actor.default-dispatcher-6] INFO  a.a.LocalActorRef akka://worker/user/watcher/graph/graph - Received last commit 'LastCommit{globalTime=(0000000, min@min)}'
17:02:15.303 [worker-akka.actor.default-dispatcher-11] INFO  c.s.f.r.e.s.SocketRear  - FlameSocketGraphDeployerRear@10.0.0.45: connecting to 10.0.0.101:5678
17:02:15.310 [worker-akka.actor.default-dispatcher-6] INFO  a.a.LocalActorRef akka://worker/user/watcher/graph/edge/FlameSocketGraphDeployerFront - Starting...
17:02:15.315 [worker-akka.actor.default-dispatcher-11] INFO  c.s.f.r.e.s.SocketRear  - FlameSocketGraphDeployerRear@10.0.0.45: connected to 10.0.0.101:5678
17:02:15.316 [worker-akka.actor.default-dispatcher-11] INFO  a.a.LocalActorRef akka://worker/user/watcher/graph/edge/FlameSocketGraphDeployerRear - Starting...
17:02:15.363 [worker-akka.actor.default-dispatcher-4] INFO  a.a.LocalActorRef akka://worker/user/watcher/graph/graph/$a - Starting...
17:02:15.367 [worker-akka.actor.default-dispatcher-4] INFO  a.a.LocalActorRef akka://worker/user/watcher/graph/graph/$b - Starting...
17:02:15.380 [worker-akka.actor.default-dispatcher-4] INFO  a.a.LocalActorRef akka://worker/user/watcher/graph/graph/$c - Starting...
17:02:15.415 [worker-akka.actor.default-dispatcher-4] INFO  a.a.LocalActorRef akka://worker/user/watcher/graph/graph/$c - Attached rear to graph (-9223372036854775808, min@min)
17:02:15.575 [worker-akka.actor.default-dispatcher-4] INFO  a.a.LocalActorRef akka://worker/user/watcher/graph/negotiator - Ticket for the frontClass received: FrontTicket{allowedTimestamp=(0000000, FlameSocketGraphDeployerFront@10.0.0.45)}
17:02:15.576 [worker-akka.actor.default-dispatcher-4] INFO  c.s.f.r.e.s.SocketFront  - FlameSocketGraphDeployerFront@10.0.0.45: connecting to 10.0.0.101:4567
17:02:15.587 [Client] INFO  c.s.f.r.e.s.SocketFront  - FlameSocketGraphDeployerFront@10.0.0.45 has been disconnected from Connection 7
2018-03-22T17:02:19.696+0000: 15.924: [GC (Allocation Failure) 2018-03-22T17:02:19.696+0000: 15.924: [DefNew: 136576K->15958K(153600K), 0.0301392 secs] 152364K->51278K(494976K), 0.0302065 secs] [Times: user=0.02 sys=0.00, real=0.03 secs] 
2018-03-22T17:02:28.633+0000: 24.860: [GC (Allocation Failure) 2018-03-22T17:02:28.633+0000: 24.860: [DefNew: 152534K->6038K(153600K), 0.0188991 secs] 187854K->49446K(494976K), 0.0189752 secs] [Times: user=0.01 sys=0.00, real=0.01 secs] 
2018-03-22T17:02:39.684+0000: 35.912: [GC (Allocation Failure) 2018-03-22T17:02:39.684+0000: 35.912: [DefNew: 142614K->9875K(153600K), 0.0132483 secs] 186022K->53283K(494976K), 0.0133158 secs] [Times: user=0.01 sys=0.00, real=0.01 secs] 
2018-03-22T17:02:47.692+0000: 43.920: [GC (Allocation Failure) 2018-03-22T17:02:47.692+0000: 43.920: [DefNew: 146451K->9548K(153600K), 0.0173194 secs] 189859K->55032K(494976K), 0.0173845 secs] [Times: user=0.01 sys=0.01, real=0.02 secs] 
2018-03-22T17:02:56.229+0000: 52.457: [GC (Allocation Failure) 2018-03-22T17:02:56.229+0000: 52.457: [DefNew: 146124K->5460K(153600K), 0.0152456 secs] 191608K->56670K(494976K), 0.0153244 secs] [Times: user=0.01 sys=0.00, real=0.02 secs] 
2018-03-22T17:03:02.106+0000: 58.334: [GC (Allocation Failure) 2018-03-22T17:03:02.106+0000: 58.334: [DefNew: 142036K->15076K(153600K), 0.0169843 secs] 193246K->66287K(494976K), 0.0170503 secs] [Times: user=0.01 sys=0.00, real=0.02 secs] 
2018-03-22T17:03:08.506+0000: 64.734: [GC (Allocation Failure) 2018-03-22T17:03:08.506+0000: 64.734: [DefNew: 151652K->3958K(153600K), 0.0175250 secs] 202863K->67923K(494976K), 0.0175922 secs] [Times: user=0.01 sys=0.01, real=0.02 secs] 
2018-03-22T17:03:13.804+0000: 70.032: [GC (Allocation Failure) 2018-03-22T17:03:13.804+0000: 70.032: [DefNew: 138136K->7039K(153600K), 0.0137395 secs] 202101K->71003K(494976K), 0.0138092 secs] [Times: user=0.01 sys=0.00, real=0.01 secs] 
2018-03-22T17:03:21.283+0000: 77.511: [GC (Allocation Failure) 2018-03-22T17:03:21.283+0000: 77.511: [DefNew: 143615K->7535K(153600K), 0.0136453 secs] 207579K->71499K(494976K), 0.0137199 secs] [Times: user=0.01 sys=0.00, real=0.01 secs] 
2018-03-22T17:03:27.307+0000: 83.535: [GC (Allocation Failure) 2018-03-22T17:03:27.307+0000: 83.535: [DefNew: 143543K->8896K(153600K), 0.0152375 secs] 207508K->72861K(494976K), 0.0153094 secs] [Times: user=0.02 sys=0.00, real=0.02 secs] 
2018-03-22T17:03:34.284+0000: 90.512: [GC (Allocation Failure) 2018-03-22T17:03:34.284+0000: 90.512: [DefNew: 145472K->8002K(153600K), 0.0159849 secs] 209437K->73202K(494976K), 0.0160466 secs] [Times: user=0.02 sys=0.00, real=0.01 secs] 
2018-03-22T17:03:40.726+0000: 96.954: [GC (Allocation Failure) 2018-03-22T17:03:40.726+0000: 96.954: [DefNew: 144578K->8697K(153600K), 0.0141823 secs] 209778K->73897K(494976K), 0.0142488 secs] [Times: user=0.02 sys=0.00, real=0.02 secs] 
2018-03-22T17:03:47.350+0000: 103.578: [GC (Allocation Failure) 2018-03-22T17:03:47.351+0000: 103.578: [DefNew: 144010K->9297K(153600K), 0.0292058 secs] 209210K->76043K(494976K), 0.0292706 secs] [Times: user=0.03 sys=0.00, real=0.03 secs] 
2018-03-22T17:03:53.821+0000: 110.049: [GC (Allocation Failure) 2018-03-22T17:03:53.821+0000: 110.049: [DefNew: 144097K->9010K(153600K), 0.0177384 secs] 210843K->76604K(494976K), 0.0178131 secs] [Times: user=0.02 sys=0.00, real=0.01 secs] 
2018-03-22T17:03:59.816+0000: 116.044: [GC (Allocation Failure) 2018-03-22T17:03:59.816+0000: 116.044: [DefNew: 144917K->9057K(153600K), 0.0165889 secs] 212511K->77524K(494976K), 0.0166596 secs] [Times: user=0.02 sys=0.00, real=0.02 secs] 
2018-03-22T17:04:05.205+0000: 121.433: [GC (Allocation Failure) 2018-03-22T17:04:05.205+0000: 121.433: [DefNew: 145633K->8125K(153600K), 0.0225186 secs] 214100K->77489K(494976K), 0.0225871 secs] [Times: user=0.02 sys=0.00, real=0.02 secs] 
2018-03-22T17:04:09.764+0000: 125.992: [GC (Allocation Failure) 2018-03-22T17:04:09.764+0000: 125.992: [DefNew: 144701K->17024K(153600K), 0.0195240 secs] 214065K->94341K(494976K), 0.0195949 secs] [Times: user=0.02 sys=0.00, real=0.02 secs] 
2018-03-22T17:04:15.783+0000: 132.011: [GC (Allocation Failure) 2018-03-22T17:04:15.783+0000: 132.011: [DefNew: 153600K->3660K(153600K), 0.0148338 secs] 230917K->97863K(494976K), 0.0149014 secs] [Times: user=0.00 sys=0.01, real=0.01 secs] 
2018-03-22T17:04:21.348+0000: 137.576: [GC (Allocation Failure) 2018-03-22T17:04:21.348+0000: 137.576: [DefNew: 140236K->6293K(153600K), 0.0244477 secs] 234439K->100497K(494976K), 0.0245351 secs] [Times: user=0.02 sys=0.00, real=0.03 secs] 
2018-03-22T17:04:26.824+0000: 143.052: [GC (Allocation Failure) 2018-03-22T17:04:26.824+0000: 143.052: [DefNew: 140802K->5502K(153600K), 0.0099120 secs] 235005K->99705K(494976K), 0.0099731 secs] [Times: user=0.02 sys=0.00, real=0.01 secs] 
2018-03-22T17:04:32.785+0000: 149.013: [GC (Allocation Failure) 2018-03-22T17:04:32.785+0000: 149.013: [DefNew: 142078K->6945K(153600K), 0.0125129 secs] 236281K->101148K(494976K), 0.0125819 secs] [Times: user=0.01 sys=0.00, real=0.01 secs] 
2018-03-22T17:04:37.837+0000: 154.065: [GC (Allocation Failure) 2018-03-22T17:04:37.837+0000: 154.065: [DefNew: 143521K->11899K(153600K), 0.0127731 secs] 237724K->106102K(494976K), 0.0128470 secs] [Times: user=0.01 sys=0.00, real=0.01 secs] 
2018-03-22T17:04:42.790+0000: 159.017: [GC (Allocation Failure) 2018-03-22T17:04:42.790+0000: 159.017: [DefNew: 148475K->6194K(153600K), 0.0160416 secs] 242678K->103450K(494976K), 0.0161106 secs] [Times: user=0.02 sys=0.00, real=0.02 secs] 
2018-03-22T17:04:48.553+0000: 164.780: [GC (Allocation Failure) 2018-03-22T17:04:48.553+0000: 164.781: [DefNew: 142770K->5522K(153600K), 0.0104081 secs] 240026K->102778K(494976K), 0.0104668 secs] [Times: user=0.01 sys=0.00, real=0.01 secs] 
2018-03-22T17:04:53.325+0000: 169.553: [GC (Allocation Failure) 2018-03-22T17:04:53.325+0000: 169.553: [DefNew: 139237K->6541K(153600K), 0.0112432 secs] 236493K->103797K(494976K), 0.0113226 secs] [Times: user=0.01 sys=0.00, real=0.01 secs] 
2018-03-22T17:04:58.417+0000: 174.644: [GC (Allocation Failure) 2018-03-22T17:04:58.417+0000: 174.644: [DefNew: 143117K->7177K(153600K), 0.0116295 secs] 240373K->104433K(494976K), 0.0116954 secs] [Times: user=0.02 sys=0.00, real=0.01 secs] 
2018-03-22T17:05:02.828+0000: 179.056: [GC (Allocation Failure) 2018-03-22T17:05:02.828+0000: 179.056: [DefNew: 140753K->8294K(153600K), 0.0131268 secs] 238009K->105550K(494976K), 0.0132049 secs] [Times: user=0.01 sys=0.00, real=0.02 secs] 
2018-03-22T17:05:07.827+0000: 184.055: [GC (Allocation Failure) 2018-03-22T17:05:07.827+0000: 184.055: [DefNew: 142818K->8788K(153600K), 0.0136764 secs] 240074K->106044K(494976K), 0.0137468 secs] [Times: user=0.02 sys=0.00, real=0.02 secs] 
2018-03-22T17:05:12.885+0000: 189.113: [GC (Allocation Failure) 2018-03-22T17:05:12.885+0000: 189.113: [DefNew: 142017K->8850K(153600K), 0.0280274 secs] 239273K->106726K(494976K), 0.0281013 secs] [Times: user=0.02 sys=0.00, real=0.03 secs] 
2018-03-22T17:05:17.880+0000: 194.108: [GC (Allocation Failure) 2018-03-22T17:05:17.880+0000: 194.108: [DefNew: 143713K->8647K(153600K), 0.0263893 secs] 241589K->107322K(494976K), 0.0264686 secs] [Times: user=0.03 sys=0.00, real=0.03 secs] 
2018-03-22T17:05:22.408+0000: 198.635: [GC (Allocation Failure) 2018-03-22T17:05:22.408+0000: 198.635: [DefNew: 145223K->8779K(153600K), 0.0138344 secs] 243898K->107852K(494976K), 0.0139033 secs] [Times: user=0.02 sys=0.00, real=0.02 secs] 
2018-03-22T17:05:27.283+0000: 203.510: [GC (Allocation Failure) 2018-03-22T17:05:27.283+0000: 203.510: [DefNew: 145355K->9124K(153600K), 0.0151832 secs] 244428K->108875K(494976K), 0.0152498 secs] [Times: user=0.02 sys=0.00, real=0.01 secs] 
2018-03-22T17:05:31.490+0000: 207.718: [GC (Allocation Failure) 2018-03-22T17:05:31.490+0000: 207.718: [DefNew: 145700K->8100K(153600K), 0.0138578 secs] 245451K->109092K(494976K), 0.0139345 secs] [Times: user=0.01 sys=0.00, real=0.02 secs] 
2018-03-22T17:05:36.284+0000: 212.512: [GC (Allocation Failure) 2018-03-22T17:05:36.284+0000: 212.512: [DefNew: 144676K->9156K(153600K), 0.0137977 secs] 245668K->110149K(494976K), 0.0138634 secs] [Times: user=0.01 sys=0.00, real=0.01 secs] 
2018-03-22T17:05:40.676+0000: 216.903: [GC (Allocation Failure) 2018-03-22T17:05:40.676+0000: 216.903: [DefNew: 145732K->9451K(153600K), 0.0147758 secs] 246725K->111069K(494976K), 0.0148555 secs] [Times: user=0.01 sys=0.00, real=0.01 secs] 
2018-03-22T17:05:44.900+0000: 221.127: [GC (Allocation Failure) 2018-03-22T17:05:44.900+0000: 221.127: [DefNew: 140454K->8449K(153600K), 0.0290594 secs] 242071K->111230K(494976K), 0.0291453 secs] [Times: user=0.02 sys=0.00, real=0.03 secs] 
2018-03-22T17:05:49.476+0000: 225.704: [GC (Allocation Failure) 2018-03-22T17:05:49.476+0000: 225.704: [DefNew: 145025K->9046K(153600K), 0.0252554 secs] 247806K->111827K(494976K), 0.0253193 secs] [Times: user=0.03 sys=0.00, real=0.03 secs] 
2018-03-22T17:05:53.841+0000: 230.069: [GC (Allocation Failure) 2018-03-22T17:05:53.841+0000: 230.069: [DefNew: 145420K->9050K(153600K), 0.0141105 secs] 248202K->112407K(494976K), 0.0141758 secs] [Times: user=0.02 sys=0.00, real=0.01 secs] 
2018-03-22T17:05:57.791+0000: 234.019: [GC (Allocation Failure) 2018-03-22T17:05:57.791+0000: 234.019: [DefNew: 145626K->9917K(153600K), 0.0157128 secs] 248983K->113826K(494976K), 0.0157761 secs] [Times: user=0.02 sys=0.00, real=0.02 secs] 
2018-03-22T17:06:02.341+0000: 238.568: [GC (Allocation Failure) 2018-03-22T17:06:02.341+0000: 238.568: [DefNew: 139890K->7291K(153600K), 0.0139168 secs] 243800K->113214K(494976K), 0.0139851 secs] [Times: user=0.02 sys=0.00, real=0.01 secs] 
2018-03-22T17:06:06.337+0000: 242.565: [GC (Allocation Failure) 2018-03-22T17:06:06.337+0000: 242.565: [DefNew: 138324K->8221K(153600K), 0.0118536 secs] 244247K->114144K(494976K), 0.0119229 secs] [Times: user=0.01 sys=0.00, real=0.01 secs] 
2018-03-22T17:06:10.540+0000: 246.767: [GC (Allocation Failure) 2018-03-22T17:06:10.540+0000: 246.767: [DefNew: 144797K->8722K(153600K), 0.0123013 secs] 250720K->114646K(494976K), 0.0123674 secs] [Times: user=0.01 sys=0.00, real=0.01 secs] 
2018-03-22T17:06:14.836+0000: 251.063: [GC (Allocation Failure) 2018-03-22T17:06:14.836+0000: 251.063: [DefNew: 143379K->8719K(153600K), 0.0131569 secs] 249302K->115310K(494976K), 0.0132270 secs] [Times: user=0.02 sys=0.00, real=0.01 secs] 
2018-03-22T17:06:18.837+0000: 255.064: [GC (Allocation Failure) 2018-03-22T17:06:18.837+0000: 255.064: [DefNew: 138676K->8964K(153600K), 0.0132683 secs] 245267K->116048K(494976K), 0.0133430 secs] [Times: user=0.01 sys=0.00, real=0.01 secs] 
2018-03-22T17:06:22.918+0000: 259.146: [GC (Allocation Failure) 2018-03-22T17:06:22.918+0000: 259.146: [DefNew: 145540K->15804K(153600K), 0.0418081 secs] 252624K->123651K(494976K), 0.0418694 secs] [Times: user=0.03 sys=0.00, real=0.05 secs] 
2018-03-22T17:06:27.294+0000: 263.522: [GC (Allocation Failure) 2018-03-22T17:06:27.294+0000: 263.522: [DefNew: 152380K->4636K(153600K), 0.0350286 secs] 260227K->118050K(494976K), 0.0350948 secs] [Times: user=0.03 sys=0.00, real=0.03 secs] 
2018-03-22T17:06:30.854+0000: 267.082: [GC (Allocation Failure) 2018-03-22T17:06:30.854+0000: 267.082: [DefNew: 134422K->5376K(153600K), 0.0091415 secs] 247835K->118789K(494976K), 0.0092114 secs] [Times: user=0.01 sys=0.00, real=0.01 secs] 
2018-03-22T17:06:34.471+0000: 270.699: [GC (Allocation Failure) 2018-03-22T17:06:34.471+0000: 270.699: [DefNew: 141952K->6553K(153600K), 0.0105241 secs] 255365K->119966K(494976K), 0.0105865 secs] [Times: user=0.01 sys=0.00, real=0.02 secs] 
2018-03-22T17:06:38.794+0000: 275.022: [GC (Allocation Failure) 2018-03-22T17:06:38.794+0000: 275.022: [DefNew: 143129K->9438K(153600K), 0.0151179 secs] 256542K->122852K(494976K), 0.0151884 secs] [Times: user=0.02 sys=0.00, real=0.01 secs] 
2018-03-22T17:06:42.350+0000: 278.577: [GC (Allocation Failure) 2018-03-22T17:06:42.350+0000: 278.577: [DefNew: 138314K->6750K(153600K), 0.0132515 secs] 251727K->121694K(494976K), 0.0133204 secs] [Times: user=0.01 sys=0.00, real=0.02 secs] 
2018-03-22T17:06:45.908+0000: 282.135: [GC (Allocation Failure) 2018-03-22T17:06:45.908+0000: 282.135: [DefNew: 139793K->7949K(153600K), 0.0136282 secs] 254736K->122892K(494976K), 0.0136947 secs] [Times: user=0.01 sys=0.00, real=0.02 secs] 
2018-03-22T17:06:48.925+0000: 285.153: [GC (Allocation Failure) 2018-03-22T17:06:48.925+0000: 285.153: [DefNew: 140776K->8830K(153600K), 0.0184167 secs] 255719K->123774K(494976K), 0.0184874 secs] [Times: user=0.02 sys=0.00, real=0.02 secs] 
2018-03-22T17:06:52.758+0000: 288.986: [GC (Allocation Failure) 2018-03-22T17:06:52.758+0000: 288.986: [DefNew: 145406K->9065K(153600K), 0.0259746 secs] 260350K->124709K(494976K), 0.0260521 secs] [Times: user=0.03 sys=0.00, real=0.03 secs] 
2018-03-22T17:06:56.299+0000: 292.526: [GC (Allocation Failure) 2018-03-22T17:06:56.299+0000: 292.526: [DefNew: 145641K->11471K(153600K), 0.0189953 secs] 261285K->127781K(494976K), 0.0190614 secs] [Times: user=0.02 sys=0.00, real=0.02 secs] 
2018-03-22T17:06:59.842+0000: 296.070: [GC (Allocation Failure) 2018-03-22T17:06:59.842+0000: 296.070: [DefNew: 148047K->9233K(153600K), 0.0190215 secs] 264357K->128451K(494976K), 0.0190884 secs] [Times: user=0.02 sys=0.00, real=0.02 secs] 
2018-03-22T17:07:02.792+0000: 299.020: [GC (Allocation Failure) 2018-03-22T17:07:02.792+0000: 299.020: [DefNew: 145809K->17024K(153600K), 0.0236925 secs] 265027K->160735K(494976K), 0.0237613 secs] [Times: user=0.02 sys=0.00, real=0.03 secs] 
2018-03-22T17:07:06.352+0000: 302.580: [GC (Allocation Failure) 2018-03-22T17:07:06.352+0000: 302.580: [DefNew: 146193K->3462K(153600K), 0.0169921 secs] 289904K->163943K(494976K), 0.0170609 secs] [Times: user=0.02 sys=0.00, real=0.02 secs] 
2018-03-22T17:07:09.810+0000: 306.037: [GC (Allocation Failure) 2018-03-22T17:07:09.810+0000: 306.037: [DefNew: 140038K->8499K(153600K), 0.0161689 secs] 300519K->168980K(494976K), 0.0162326 secs] [Times: user=0.02 sys=0.00, real=0.02 secs] 
2018-03-22T17:07:13.299+0000: 309.527: [GC (Allocation Failure) 2018-03-22T17:07:13.299+0000: 309.527: [DefNew: 145075K->7794K(153600K), 0.0203430 secs] 305556K->168275K(494976K), 0.0204180 secs] [Times: user=0.02 sys=0.00, real=0.02 secs] 
2018-03-22T17:07:16.785+0000: 313.013: [GC (Allocation Failure) 2018-03-22T17:07:16.785+0000: 313.013: [DefNew: 144370K->8103K(153600K), 0.0203066 secs] 304851K->168584K(494976K), 0.0203736 secs] [Times: user=0.02 sys=0.00, real=0.02 secs] 
2018-03-22T17:07:19.886+0000: 316.114: [GC (Allocation Failure) 2018-03-22T17:07:19.886+0000: 316.114: [DefNew: 144679K->17023K(153600K), 0.0174990 secs] 305160K->177803K(494976K), 0.0175573 secs] [Times: user=0.02 sys=0.00, real=0.02 secs] 
2018-03-22T17:07:23.288+0000: 319.515: [GC (Allocation Failure) 2018-03-22T17:07:23.288+0000: 319.515: [DefNew: 153599K->4471K(153600K), 0.0156256 secs] 314379K->170721K(494976K), 0.0156964 secs] [Times: user=0.00 sys=0.01, real=0.02 secs] 
2018-03-22T17:07:26.356+0000: 322.584: [GC (Allocation Failure) 2018-03-22T17:07:26.356+0000: 322.584: [DefNew: 135866K->5670K(153600K), 0.0093283 secs] 302116K->171920K(494976K), 0.0093981 secs] [Times: user=0.01 sys=0.00, real=0.01 secs] 
2018-03-22T17:07:29.917+0000: 326.145: [GC (Allocation Failure) 2018-03-22T17:07:29.917+0000: 326.145: [DefNew: 141908K->6616K(153600K), 0.0114179 secs] 308158K->172866K(494976K), 0.0114845 secs] [Times: user=0.02 sys=0.00, real=0.01 secs] 
2018-03-22T17:07:33.320+0000: 329.548: [GC (Allocation Failure) 2018-03-22T17:07:33.320+0000: 329.548: [DefNew: 143192K->10100K(153600K), 0.0151404 secs] 309442K->176350K(494976K), 0.0152072 secs] [Times: user=0.01 sys=0.00, real=0.01 secs] 
2018-03-22T17:07:36.688+0000: 332.916: [GC (Allocation Failure) 2018-03-22T17:07:36.688+0000: 332.916: [DefNew: 146676K->6899K(153600K), 0.0218298 secs] 312926K->174940K(494976K), 0.0218967 secs] [Times: user=0.02 sys=0.00, real=0.02 secs] 
2018-03-22T17:07:39.946+0000: 336.174: [GC (Allocation Failure) 2018-03-22T17:07:39.946+0000: 336.174: [DefNew: 139262K->7459K(153600K), 0.0165816 secs] 307304K->175500K(494976K), 0.0166615 secs] [Times: user=0.02 sys=0.00, real=0.02 secs] 
2018-03-22T17:07:43.451+0000: 339.679: [GC (Allocation Failure) 2018-03-22T17:07:43.451+0000: 339.679: [DefNew: 138351K->8079K(153600K), 0.0185436 secs] 306393K->176120K(494976K), 0.0186105 secs] [Times: user=0.02 sys=0.00, real=0.02 secs] 
2018-03-22T17:07:46.914+0000: 343.142: [GC (Allocation Failure) 2018-03-22T17:07:46.914+0000: 343.142: [DefNew: 144655K->12056K(153600K), 0.0383656 secs] 312696K->180097K(494976K), 0.0384328 secs] [Times: user=0.03 sys=0.00, real=0.04 secs] 
2018-03-22T17:07:49.945+0000: 346.172: [GC (Allocation Failure) 2018-03-22T17:07:49.945+0000: 346.172: [DefNew: 141032K->6317K(153600K), 0.0246373 secs] 309074K->177451K(494976K), 0.0247177 secs] [Times: user=0.02 sys=0.00, real=0.02 secs] 
2018-03-22T17:07:53.461+0000: 349.689: [GC (Allocation Failure) 2018-03-22T17:07:53.461+0000: 349.689: [DefNew: 142106K->7334K(153600K), 0.0187120 secs] 313240K->178468K(494976K), 0.0187843 secs] [Times: user=0.01 sys=0.01, real=0.02 secs] 
2018-03-22T17:07:56.773+0000: 353.000: [GC (Allocation Failure) 2018-03-22T17:07:56.773+0000: 353.000: [DefNew: 143910K->7997K(153600K), 0.0198359 secs] 315044K->179131K(494976K), 0.0199022 secs] [Times: user=0.02 sys=0.00, real=0.02 secs] 
2018-03-22T17:08:00.071+0000: 356.299: [GC (Allocation Failure) 2018-03-22T17:08:00.071+0000: 356.299: [DefNew: 144573K->8562K(153600K), 0.0408008 secs] 315707K->179696K(494976K), 0.0408725 secs] [Times: user=0.04 sys=0.00, real=0.04 secs] 
2018-03-22T17:08:03.280+0000: 359.508: [GC (Allocation Failure) 2018-03-22T17:08:03.281+0000: 359.508: [DefNew: 145138K->9297K(153600K), 0.0142087 secs] 316272K->180891K(494976K), 0.0142768 secs] [Times: user=0.01 sys=0.00, real=0.01 secs] 
2018-03-22T17:08:06.367+0000: 362.595: [GC (Allocation Failure) 2018-03-22T17:08:06.367+0000: 362.595: [DefNew: 140288K->8057K(153600K), 0.0126356 secs] 311882K->180978K(494976K), 0.0127023 secs] [Times: user=0.01 sys=0.00, real=0.01 secs] 
2018-03-22T17:08:09.366+0000: 365.593: [GC (Allocation Failure) 2018-03-22T17:08:09.366+0000: 365.593: [DefNew: 143105K->8991K(153600K), 0.0124763 secs] 316027K->181912K(494976K), 0.0125477 secs] [Times: user=0.01 sys=0.00, real=0.01 secs] 
2018-03-22T17:08:12.371+0000: 368.598: [GC (Allocation Failure) 2018-03-22T17:08:12.371+0000: 368.598: [DefNew: 136641K->9084K(153600K), 0.0124443 secs] 309562K->182505K(494976K), 0.0125096 secs] [Times: user=0.01 sys=0.00, real=0.02 secs] 
2018-03-22T17:08:15.791+0000: 372.019: [GC (Allocation Failure) 2018-03-22T17:08:15.791+0000: 372.019: [DefNew: 145660K->10057K(153600K), 0.0149703 secs] 319081K->184492K(494976K), 0.0150416 secs] [Times: user=0.02 sys=0.00, real=0.02 secs] 
2018-03-22T17:08:18.916+0000: 375.144: [GC (Allocation Failure) 2018-03-22T17:08:18.916+0000: 375.144: [DefNew: 141277K->7140K(153600K), 0.0121846 secs] 315711K->183342K(494976K), 0.0122657 secs] [Times: user=0.02 sys=0.00, real=0.01 secs] 
2018-03-22T17:08:22.025+0000: 378.253: [GC (Allocation Failure) 2018-03-22T17:08:22.025+0000: 378.253: [DefNew: 143716K->8209K(153600K), 0.0176779 secs] 319918K->184411K(494976K), 0.0177475 secs] [Times: user=0.02 sys=0.00, real=0.02 secs] 
2018-03-22T17:08:25.260+0000: 381.488: [GC (Allocation Failure) 2018-03-22T17:08:25.260+0000: 381.488: [DefNew: 144785K->9345K(153600K), 0.0242598 secs] 320987K->185547K(494976K), 0.0243306 secs] [Times: user=0.02 sys=0.00, real=0.02 secs] 
2018-03-22T17:08:28.328+0000: 384.555: [GC (Allocation Failure) 2018-03-22T17:08:28.328+0000: 384.555: [DefNew: 145921K->11528K(153600K), 0.0272351 secs] 322123K->188483K(494976K), 0.0273070 secs] [Times: user=0.03 sys=0.00, real=0.03 secs] 
2018-03-22T17:08:31.295+0000: 387.523: [GC (Allocation Failure) 2018-03-22T17:08:31.295+0000: 387.523: [DefNew: 148104K->9186K(153600K), 0.0177231 secs] 325059K->188787K(494976K), 0.0178009 secs] [Times: user=0.01 sys=0.00, real=0.02 secs] 
2018-03-22T17:08:34.361+0000: 390.588: [GC (Allocation Failure) 2018-03-22T17:08:34.361+0000: 390.588: [DefNew: 142275K->6674K(153600K), 0.0110923 secs] 321876K->187500K(494976K), 0.0111705 secs] [Times: user=0.02 sys=0.00, real=0.00 secs] 
2018-03-22T17:08:37.364+0000: 393.591: [GC (Allocation Failure) 2018-03-22T17:08:37.364+0000: 393.592: [DefNew: 137359K->7056K(153600K), 0.0095140 secs] 318186K->187883K(494976K), 0.0095808 secs] [Times: user=0.01 sys=0.00, real=0.01 secs] 
2018-03-22T17:08:40.366+0000: 396.594: [GC (Allocation Failure) 2018-03-22T17:08:40.366+0000: 396.594: [DefNew: 134725K->8376K(153600K), 0.0108795 secs] 315551K->189202K(494976K), 0.0109496 secs] [Times: user=0.01 sys=0.00, real=0.01 secs] 
2018-03-22T17:08:43.365+0000: 399.593: [GC (Allocation Failure) 2018-03-22T17:08:43.365+0000: 399.593: [DefNew: 144824K->8550K(153600K), 0.0106510 secs] 325651K->189377K(494976K), 0.0107398 secs] [Times: user=0.01 sys=0.00, real=0.01 secs] 
2018-03-22T17:08:46.368+0000: 402.596: [GC (Allocation Failure) 2018-03-22T17:08:46.368+0000: 402.596: [DefNew: 140552K->8745K(153600K), 0.0117967 secs] 321379K->190198K(494976K), 0.0118619 secs] [Times: user=0.01 sys=0.00, real=0.01 secs] 
2018-03-22T17:08:49.302+0000: 405.530: [GC (Allocation Failure) 2018-03-22T17:08:49.302+0000: 405.530: [DefNew: 145321K->11624K(153600K), 0.0176275 secs] 326774K->193837K(494976K), 0.0176941 secs] [Times: user=0.02 sys=0.00, real=0.01 secs] 
2018-03-22T17:08:52.364+0000: 408.592: [GC (Allocation Failure) 2018-03-22T17:08:52.364+0000: 408.592: [DefNew: 148192K->6391K(153600K), 0.0126312 secs] 330405K->191594K(494976K), 0.0126988 secs] [Times: user=0.01 sys=0.00, real=0.01 secs] 
2018-03-22T17:08:55.292+0000: 411.520: [GC (Allocation Failure) 2018-03-22T17:08:55.292+0000: 411.520: [DefNew: 142967K->9206K(153600K), 0.0130477 secs] 328170K->194409K(494976K), 0.0131158 secs] [Times: user=0.01 sys=0.00, real=0.01 secs] 
2018-03-22T17:08:57.854+0000: 414.082: [GC (Allocation Failure) 2018-03-22T17:08:57.854+0000: 414.082: [DefNew: 145782K->11670K(153600K), 0.0423484 secs] 330985K->197547K(494976K), 0.0424154 secs] [Times: user=0.03 sys=0.00, real=0.04 secs] 
2018-03-22T17:09:00.817+0000: 417.045: [GC (Allocation Failure) 2018-03-22T17:09:00.818+0000: 417.045: [DefNew: 148246K->7975K(153600K), 0.0329998 secs] 334123K->197045K(494976K), 0.0330697 secs] [Times: user=0.03 sys=0.01, real=0.03 secs] 
2018-03-22T17:09:03.811+0000: 420.039: [GC (Allocation Failure) 2018-03-22T17:09:03.811+0000: 420.039: [DefNew: 144551K->7998K(153600K), 0.0220945 secs] 333621K->197067K(494976K), 0.0221611 secs] [Times: user=0.02 sys=0.00, real=0.03 secs] 
2018-03-22T17:09:06.640+0000: 422.868: [GC (Allocation Failure) 2018-03-22T17:09:06.640+0000: 422.868: [DefNew: 144574K->8059K(153600K), 0.0187648 secs] 333643K->197129K(494976K), 0.0188359 secs] [Times: user=0.02 sys=0.00, real=0.02 secs] 
2018-03-22T17:09:09.444+0000: 425.672: [GC (Allocation Failure) 2018-03-22T17:09:09.444+0000: 425.672: [DefNew: 144635K->12203K(153600K), 0.0366116 secs] 333705K->201272K(494976K), 0.0366795 secs] [Times: user=0.03 sys=0.00, real=0.04 secs] 
2018-03-22T17:09:12.540+0000: 428.768: [GC (Allocation Failure) 2018-03-22T17:09:12.540+0000: 428.768: [DefNew: 146669K->5285K(153600K), 0.0386629 secs] 335739K->198349K(494976K), 0.0387281 secs] [Times: user=0.04 sys=0.00, real=0.04 secs] 
2018-03-22T17:09:15.227+0000: 431.455: [GC (Allocation Failure) 2018-03-22T17:09:15.227+0000: 431.455: [DefNew: 141861K->7024K(153600K), 0.0212354 secs] 334925K->200087K(494976K), 0.0213012 secs] [Times: user=0.02 sys=0.00, real=0.02 secs] 
2018-03-22T17:09:17.982+0000: 434.210: [GC (Allocation Failure) 2018-03-22T17:09:17.982+0000: 434.210: [DefNew: 133313K->8191K(153600K), 0.0128344 secs] 326377K->201254K(494976K), 0.0129126 secs] [Times: user=0.01 sys=0.00, real=0.01 secs] 
2018-03-22T17:09:20.784+0000: 437.012: [GC (Allocation Failure) 2018-03-22T17:09:20.784+0000: 437.012: [DefNew: 144767K->9504K(153600K), 0.0225776 secs] 337830K->202567K(494976K), 0.0226548 secs] [Times: user=0.02 sys=0.00, real=0.02 secs] 
2018-03-22T17:09:23.677+0000: 439.904: [GC (Allocation Failure) 2018-03-22T17:09:23.677+0000: 439.905: [DefNew: 146080K->8168K(153600K), 0.0233819 secs] 339143K->202756K(494976K), 0.0234748 secs] [Times: user=0.03 sys=0.00, real=0.03 secs] 
2018-03-22T17:09:26.292+0000: 442.520: [GC (Allocation Failure) 2018-03-22T17:09:26.292+0000: 442.520: [DefNew: 144744K->11044K(153600K), 0.0144661 secs] 339332K->205632K(494976K), 0.0145349 secs] [Times: user=0.02 sys=0.00, real=0.01 secs] 
2018-03-22T17:09:29.287+0000: 445.515: [GC (Allocation Failure) 2018-03-22T17:09:29.287+0000: 445.515: [DefNew: 147620K->7561K(153600K), 0.0142482 secs] 342208K->205273K(494976K), 0.0143240 secs] [Times: user=0.01 sys=0.00, real=0.02 secs] 
2018-03-22T17:09:32.289+0000: 448.516: [GC (Allocation Failure) 2018-03-22T17:09:32.289+0000: 448.516: [DefNew: 144137K->8705K(153600K), 0.0112052 secs] 341849K->206416K(494976K), 0.0112849 secs] [Times: user=0.01 sys=0.00, real=0.01 secs] 
2018-03-22T17:09:35.299+0000: 451.526: [GC (Allocation Failure) 2018-03-22T17:09:35.299+0000: 451.526: [DefNew: 145281K->9206K(153600K), 0.0139711 secs] 342992K->207820K(494976K), 0.0140359 secs] [Times: user=0.02 sys=0.00, real=0.02 secs] 
2018-03-22T17:09:37.889+0000: 454.116: [GC (Allocation Failure) 2018-03-22T17:09:37.889+0000: 454.116: [DefNew: 135890K->6829K(153600K), 0.0104087 secs] 334504K->206704K(494976K), 0.0104820 secs] [Times: user=0.01 sys=0.00, real=0.01 secs] 
2018-03-22T17:09:40.787+0000: 457.014: [GC (Allocation Failure) 2018-03-22T17:09:40.787+0000: 457.015: [DefNew: 143405K->8450K(153600K), 0.0113285 secs] 343280K->208325K(494976K), 0.0113987 secs] [Times: user=0.02 sys=0.00, real=0.01 secs] 
2018-03-22T17:09:42.984+0000: 459.212: [GC (Allocation Failure) 2018-03-22T17:09:42.984+0000: 459.212: [DefNew: 133607K->9114K(153600K), 0.0193174 secs] 333482K->208989K(494976K), 0.0193849 secs] [Times: user=0.02 sys=0.00, real=0.02 secs] 
2018-03-22T17:09:45.553+0000: 461.781: [GC (Allocation Failure) 2018-03-22T17:09:45.553+0000: 461.781: [DefNew: 145690K->17024K(153600K), 0.0332770 secs] 345565K->221388K(494976K), 0.0333465 secs] [Times: user=0.04 sys=0.00, real=0.03 secs] 
2018-03-22T17:09:48.495+0000: 464.722: [GC (Allocation Failure) 2018-03-22T17:09:48.495+0000: 464.722: [DefNew: 150371K->3064K(153600K), 0.0200153 secs] 354735K->211214K(494976K), 0.0200826 secs] [Times: user=0.02 sys=0.00, real=0.02 secs] 
2018-03-22T17:09:50.980+0000: 467.208: [GC (Allocation Failure) 2018-03-22T17:09:50.980+0000: 467.208: [DefNew: 129271K->4935K(153600K), 0.0116777 secs] 337421K->213085K(494976K), 0.0117425 secs] [Times: user=0.01 sys=0.00, real=0.00 secs] 
2018-03-22T17:09:53.799+0000: 470.027: [GC (Allocation Failure) 2018-03-22T17:09:53.799+0000: 470.027: [DefNew: 141511K->7640K(153600K), 0.0189201 secs] 349661K->215790K(494976K), 0.0189864 secs] [Times: user=0.02 sys=0.00, real=0.02 secs] 
2018-03-22T17:09:56.788+0000: 473.016: [GC (Allocation Failure) 2018-03-22T17:09:56.788+0000: 473.016: [DefNew: 144216K->7709K(153600K), 0.0178021 secs] 352366K->215859K(494976K), 0.0178823 secs] [Times: user=0.02 sys=0.00, real=0.02 secs] 
2018-03-22T17:09:59.928+0000: 476.156: [GC (Allocation Failure) 2018-03-22T17:09:59.928+0000: 476.156: [DefNew: 144285K->11367K(153600K), 0.0266013 secs] 352435K->219517K(494976K), 0.0266691 secs] [Times: user=0.02 sys=0.00, real=0.03 secs] 
2018-03-22T17:10:02.389+0000: 478.617: [GC (Allocation Failure) 2018-03-22T17:10:02.389+0000: 478.617: [DefNew: 139158K->6338K(153600K), 0.0131101 secs] 347308K->217669K(494976K), 0.0131908 secs] [Times: user=0.02 sys=0.00, real=0.02 secs] 
2018-03-22T17:10:04.881+0000: 481.109: [GC (Allocation Failure) 2018-03-22T17:10:04.882+0000: 481.109: [DefNew: 130750K->7407K(153600K), 0.0100553 secs] 342081K->218738K(494976K), 0.0101344 secs] [Times: user=0.01 sys=0.00, real=0.00 secs] 
2018-03-22T17:10:07.378+0000: 483.606: [GC (Allocation Failure) 2018-03-22T17:10:07.378+0000: 483.606: [DefNew: 133295K->8555K(153600K), 0.0108677 secs] 344625K->219885K(494976K), 0.0109390 secs] [Times: user=0.01 sys=0.00, real=0.01 secs] 
2018-03-22T17:10:09.983+0000: 486.211: [GC (Allocation Failure) 2018-03-22T17:10:09.983+0000: 486.211: [DefNew: 132862K->8629K(153600K), 0.0202522 secs] 344192K->220540K(494976K), 0.0203341 secs] [Times: user=0.02 sys=0.00, real=0.02 secs] 
2018-03-22T17:10:12.487+0000: 488.715: [GC (Allocation Failure) 2018-03-22T17:10:12.487+0000: 488.715: [DefNew: 136802K->8909K(153600K), 0.0202804 secs] 348713K->221252K(494976K), 0.0203529 secs] [Times: user=0.02 sys=0.00, real=0.02 secs] 
2018-03-22T17:10:15.203+0000: 491.430: [GC (Allocation Failure) 2018-03-22T17:10:15.203+0000: 491.430: [DefNew: 145485K->8864K(153600K), 0.0244484 secs] 357828K->222098K(494976K), 0.0245170 secs] [Times: user=0.03 sys=0.00, real=0.02 secs] 
2018-03-22T17:10:17.989+0000: 494.217: [GC (Allocation Failure) 2018-03-22T17:10:17.989+0000: 494.217: [DefNew: 140263K->8370K(153600K), 0.0197938 secs] 353497K->222469K(494976K), 0.0198749 secs] [Times: user=0.02 sys=0.00, real=0.02 secs] 
2018-03-22T17:10:20.637+0000: 496.864: [GC (Allocation Failure) 2018-03-22T17:10:20.637+0000: 496.864: [DefNew: 144946K->9424K(153600K), 0.0208463 secs] 359045K->223523K(494976K), 0.0209151 secs] [Times: user=0.02 sys=0.00, real=0.02 secs] 
2018-03-22T17:10:22.989+0000: 499.217: [GC (Allocation Failure) 2018-03-22T17:10:22.989+0000: 499.217: [DefNew: 136307K->9678K(153600K), 0.0355049 secs] 350406K->225167K(494976K), 0.0355774 secs] [Times: user=0.03 sys=0.00, real=0.04 secs] 
2018-03-22T17:10:25.482+0000: 501.710: [GC (Allocation Failure) 2018-03-22T17:10:25.483+0000: 501.710: [DefNew: 135623K->8201K(153600K), 0.0243349 secs] 351112K->225363K(494976K), 0.0244047 secs] [Times: user=0.03 sys=0.00, real=0.02 secs] 
2018-03-22T17:10:28.178+0000: 504.406: [GC (Allocation Failure) 2018-03-22T17:10:28.178+0000: 504.406: [DefNew: 144777K->9081K(153600K), 0.0177613 secs] 361939K->226243K(494976K), 0.0178396 secs] [Times: user=0.02 sys=0.00, real=0.02 secs] 
2018-03-22T17:10:30.824+0000: 507.052: [GC (Allocation Failure) 2018-03-22T17:10:30.824+0000: 507.052: [DefNew: 145657K->12116K(153600K), 0.0326907 secs] 362819K->229838K(494976K), 0.0327601 secs] [Times: user=0.03 sys=0.00, real=0.03 secs] 
2018-03-22T17:10:33.803+0000: 510.031: [GC (Allocation Failure) 2018-03-22T17:10:33.803+0000: 510.031: [DefNew: 148692K->8855K(153600K), 0.0172052 secs] 366414K->230568K(494976K), 0.0172836 secs] [Times: user=0.02 sys=0.00, real=0.02 secs] 
2018-03-22T17:10:36.378+0000: 512.605: [GC (Allocation Failure) 2018-03-22T17:10:36.378+0000: 512.605: [DefNew: 136599K->5770K(153600K), 0.0099633 secs] 358312K->228648K(494976K), 0.0100322 secs] [Times: user=0.00 sys=0.00, real=0.01 secs] 
2018-03-22T17:10:38.670+0000: 514.898: [GC (Allocation Failure) 2018-03-22T17:10:38.670+0000: 514.898: [DefNew: 142346K->7777K(153600K), 0.0160351 secs] 365224K->230655K(494976K), 0.0161058 secs] [Times: user=0.01 sys=0.01, real=0.02 secs] 
2018-03-22T17:10:41.389+0000: 517.616: [GC (Allocation Failure) 2018-03-22T17:10:41.389+0000: 517.616: [DefNew: 142387K->8394K(153600K), 0.0101493 secs] 365266K->231272K(494976K), 0.0102186 secs] [Times: user=0.02 sys=0.00, real=0.01 secs] 
2018-03-22T17:10:43.849+0000: 520.076: [GC (Allocation Failure) 2018-03-22T17:10:43.849+0000: 520.076: [DefNew: 144970K->13253K(153600K), 0.0187395 secs] 367848K->236131K(494976K), 0.0188078 secs] [Times: user=0.02 sys=0.00, real=0.02 secs] 
2018-03-22T17:10:46.393+0000: 522.621: [GC (Allocation Failure) 2018-03-22T17:10:46.393+0000: 522.621: [DefNew: 139130K->5614K(153600K), 0.0133592 secs] 362008K->233223K(494976K), 0.0134268 secs] [Times: user=0.01 sys=0.00, real=0.01 secs] 
2018-03-22T17:10:48.882+0000: 525.110: [GC (Allocation Failure) 2018-03-22T17:10:48.882+0000: 525.110: [DefNew: 139416K->7189K(153600K), 0.0097438 secs] 367026K->234798K(494976K), 0.0098193 secs] [Times: user=0.01 sys=0.00, real=0.00 secs] 
2018-03-22T17:10:51.396+0000: 527.624: [GC (Allocation Failure) 2018-03-22T17:10:51.396+0000: 527.624: [DefNew: 134440K->8066K(153600K), 0.0095609 secs] 362049K->235676K(494976K), 0.0096388 secs] [Times: user=0.01 sys=0.00, real=0.01 secs] 
17:10:53.136 [Client] INFO  c.s.f.r.e.s.SocketRear  - FlameSocketGraphDeployerRear@10.0.0.45: has been disconnected from Connection 8
17:11:04.474 [worker-akka.actor.default-dispatcher-3] INFO  a.a.CoordinatedShutdown CoordinatedShutdown(akka://worker) - Starting coordinated shutdown from JVM shutdown hook
17:11:04.490 [worker-akka.actor.default-dispatcher-17] INFO  a.a.LocalActorRef akka://worker/user/watcher/graph/edge/FlameSocketGraphDeployerFront - Stopped
17:11:04.491 [worker-akka.actor.default-dispatcher-17] INFO  a.a.LocalActorRef akka://worker/user/watcher/graph/edge/FlameSocketGraphDeployerRear - Stopped
17:11:04.491 [worker-akka.actor.default-dispatcher-17] INFO  a.a.LocalActorRef akka://worker/user/watcher/graph/negotiator - Stopped
17:11:04.493 [worker-akka.actor.default-dispatcher-11] INFO  a.a.LocalActorRef akka://worker/user/watcher/graph/edge - Stopped
17:11:04.494 [worker-akka.actor.default-dispatcher-15] INFO  a.a.LocalActorRef akka://worker/user/watcher/graph/graph/$a - Stopped
17:11:04.494 [worker-akka.actor.default-dispatcher-15] INFO  a.a.LocalActorRef akka://worker/user/watcher/graph/graph/$b - Stopped
17:11:04.495 [worker-akka.actor.default-dispatcher-15] INFO  a.a.LocalActorRef akka://worker/user/watcher/graph/graph/$c - Stopped
17:11:04.496 [worker-akka.actor.default-dispatcher-13] INFO  a.a.LocalActorRef akka://worker/user/watcher/graph/graph/local-acker/$a - Stopped
17:11:04.498 [worker-akka.actor.default-dispatcher-11] INFO  a.a.LocalActorRef akka://worker/user/watcher/graph/graph/local-acker/$a - Message [com.spbsu.flamestream.runtime.utils.akka.PingActor$InnerPing] from Actor[akka://worker/user/watcher/graph/graph/local-acker/$a#-1106993440] to Actor[akka://worker/user/watcher/graph/graph/local-acker/$a#-1106993440] was not delivered. [1] dead letters encountered. This logging can be turned off or adjusted with configuration settings 'akka.log-dead-letters' and 'akka.log-dead-letters-during-shutdown'.
17:11:04.503 [worker-akka.actor.default-dispatcher-11] INFO  a.a.LocalActorRef akka://worker/user/watcher/graph/graph/local-acker - Stopped
17:11:04.504 [worker-akka.actor.default-dispatcher-11] INFO  a.a.LocalActorRef akka://worker/user/watcher/graph/graph - Stopped
17:11:04.504 [worker-akka.actor.default-dispatcher-11] INFO  a.a.LocalActorRef akka://worker/user/watcher/graph/graph/local-acker/$a - Message [com.spbsu.flamestream.runtime.utils.akka.PingActor$Stop] from Actor[akka://worker/user/watcher/graph/graph/local-acker#1300230948] to Actor[akka://worker/user/watcher/graph/graph/local-acker/$a#-1106993440] was not delivered. [2] dead letters encountered. This logging can be turned off or adjusted with configuration settings 'akka.log-dead-letters' and 'akka.log-dead-letters-during-shutdown'.
17:11:04.505 [worker-akka.actor.default-dispatcher-11] INFO  a.a.LocalActorRef akka://worker/user/watcher/graph/graph/local-acker - Message [com.spbsu.flamestream.runtime.acker.LocalAcker$Flush] from Actor[akka://worker/user/watcher/graph/graph/local-acker/$a#-1106993440] to Actor[akka://worker/user/watcher/graph/graph/local-acker#1300230948] was not delivered. [3] dead letters encountered. This logging can be turned off or adjusted with configuration settings 'akka.log-dead-letters' and 'akka.log-dead-letters-during-shutdown'.
17:11:04.505 [worker-akka.actor.default-dispatcher-11] INFO  a.a.LocalActorRef akka://worker/user/watcher/graph/graph/local-acker - Message [com.spbsu.flamestream.runtime.acker.LocalAcker$Flush] from Actor[akka://worker/user/watcher/graph/graph/local-acker/$a#-1106993440] to Actor[akka://worker/user/watcher/graph/graph/local-acker#1300230948] was not delivered. [4] dead letters encountered. This logging can be turned off or adjusted with configuration settings 'akka.log-dead-letters' and 'akka.log-dead-letters-during-shutdown'.
17:11:04.505 [worker-akka.actor.default-dispatcher-11] INFO  a.a.LocalActorRef akka://worker/user/watcher/graph - Stopped
17:11:04.506 [worker-akka.actor.default-dispatcher-11] INFO  a.a.RepointableActorRef akka://worker/user/watcher - Stopped
17:11:04.513 [worker-akka.actor.default-dispatcher-2-EventThread] INFO  o.a.z.ClientCnxn  - EventThread shut down for session: 0x1624ea83f70000c
17:11:04.514 [worker-akka.actor.default-dispatcher-3] INFO  o.a.z.ZooKeeper  - Session: 0x1624ea83f70000c closed
17:11:04.524 [worker-akka.actor.default-dispatcher-3] INFO  a.r.RemoteActorRefProvider$RemotingTerminator akka://worker@10.0.0.45:5412/system/remoting-terminator - Shutting down remote daemon.
17:11:04.525 [worker-akka.actor.default-dispatcher-3] INFO  a.r.RemoteActorRefProvider$RemotingTerminator akka://worker@10.0.0.45:5412/system/remoting-terminator - Remote daemon shut down; proceeding with flushing remote transports.
17:11:05.710 [worker-akka.actor.default-dispatcher-5] INFO  a.r.RemoteActorRefProvider$RemotingTerminator akka://worker@10.0.0.45:5412/system/remoting-terminator - Remoting shut down.
Heap
 def new generation   total 153600K, used 136115K [0x00000000e0c00000, 0x00000000eb2a0000, 0x00000000eb2a0000)
  eden space 136576K,  93% used [0x00000000e0c00000, 0x00000000e890c350, 0x00000000e9160000)
  from space 17024K,  47% used [0x00000000e9160000, 0x00000000e9940bc0, 0x00000000ea200000)
  to   space 17024K,   0% used [0x00000000ea200000, 0x00000000ea200000, 0x00000000eb2a0000)
 tenured generation   total 341376K, used 227609K [0x00000000eb2a0000, 0x0000000100000000, 0x0000000100000000)
   the space 341376K,  66% used [0x00000000eb2a0000, 0x00000000f90e6588, 0x00000000f90e6600, 0x0000000100000000)
 Metaspace       used 34014K, capacity 34958K, committed 35200K, reserved 1079296K
  class space    used 4479K, capacity 4664K, committed 4736K, reserved 1048576K
