12:13:12.689 [worker-akka.actor.default-dispatcher-2] INFO  a.e.s.Slf4jLogger  - Slf4jLogger started
2018-02-21T12:13:12.854+0000: 1.983: [Full GC (Metadata GC Threshold) 2018-02-21T12:13:12.854+0000: 1.983: [Tenured: 0K->15411K(341376K), 0.0381490 secs] 117538K->15411K(494976K), [Metaspace: 20875K->20875K(1067008K)], 0.0382142 secs] [Times: user=0.04 sys=0.00, real=0.04 secs] 
Ama winner
Ama winner
12:13:13.260 [worker-akka.actor.default-dispatcher-2] INFO  a.r.a.ArteryTransport(akka://worker) akka.remote.artery.ArteryTransport(akka://worker) - Started embedded media driver in directory [/dev/shm/aeron-root-worker-cfc5aa71-4dc2-4739-9517-46648e959b35]
12:13:13.488 [worker-akka.actor.default-dispatcher-2] INFO  a.r.a.ArteryTransport(akka://worker) akka.remote.artery.ArteryTransport(akka://worker) - Remoting started; listening on address: [akka://worker@172.31.33.155:5412] with UID [3039605582012545072]
12:13:13.595 [worker-akka.actor.default-dispatcher-2] INFO  o.a.z.ZooKeeper  - Client environment:zookeeper.version=3.4.9-1757313, built on 08/23/2016 06:50 GMT
12:13:13.595 [worker-akka.actor.default-dispatcher-2] INFO  o.a.z.ZooKeeper  - Client environment:host.name=ip-172-31-33-155.us-east-2.compute.internal
12:13:13.595 [worker-akka.actor.default-dispatcher-2] INFO  o.a.z.ZooKeeper  - Client environment:java.version=1.8.0_151
12:13:13.595 [worker-akka.actor.default-dispatcher-2] INFO  o.a.z.ZooKeeper  - Client environment:java.vendor=Oracle Corporation
12:13:13.595 [worker-akka.actor.default-dispatcher-2] INFO  o.a.z.ZooKeeper  - Client environment:java.home=/usr/lib/jvm/java-8-openjdk-amd64/jre
12:13:13.595 [worker-akka.actor.default-dispatcher-2] INFO  o.a.z.ZooKeeper  - Client environment:java.class.path=lib/commons-cli-1.4.jar:lib/minlog-1.3.0.jar:lib/asm-5.0.4.jar:lib/hadoop-annotations-2.7.3.jar:lib/hadoop-auth-2.7.3.jar:lib/akka-slf4j_2.11-2.5.6.jar:lib/jersey-core-1.9.jar:lib/lz4-1.3.0.jar:lib/jackson-core-asl-1.9.13.jar:lib/aeron-client-1.3.0.jar:lib/htrace-core-3.1.0-incubating.jar:lib/xz-1.0.jar:lib/commons-httpclient-3.1.jar:lib/asm-3.1.jar:lib/commons-lang3-3.4.jar:lib/scala-library-2.11.11.jar:lib/scala-java8-compat_2.11-0.7.0.jar:lib/commons-configuration-1.6.jar:lib/objenesis-2.1.jar:lib/jackson-annotations-2.8.0.jar:lib/jsr305-3.0.0.jar:lib/curator-framework-2.7.1.jar:lib/jersey-server-1.9.jar:lib/jets3t-0.9.0.jar:lib/leveldb-0.7.jar:lib/jetty-6.1.26.jar:lib/stax-api-1.0-2.jar:lib/flamestream-core-1.0-SNAPSHOT.jar:lib/reflectasm-1.07-shaded.jar:lib/apacheds-kerberos-codec-2.0.0-M15.jar:lib/api-asn1-api-1.0.0-M20.jar:lib/commons-lang-2.6.jar:lib/commons-beanutils-1.7.0.jar:lib/jackson-xc-1.8.3.jar:lib/jetty-util-6.1.26.jar:lib/logback-classic-1.2.3.jar:lib/jool-0.9.12.jar:lib/flamestream-runtime-1.0-SNAPSHOT-tests.jar:lib/httpcore-4.1.2.jar:lib/kryo-4.0.0.jar:lib/ant-1.8.1.jar:lib/jaxb-impl-2.2.3-1.jar:lib/jersey-json-1.9.jar:lib/commons-compress-1.4.1.jar:lib/leveldbjni-all-1.8.jar:lib/paranamer-2.3.jar:lib/jackson-core-2.8.4.jar:lib/commons-math3-3.6.1.jar:lib/scala-parser-combinators_2.11-1.0.4.jar:lib/netty-3.10.6.Final.jar:lib/trove4j-3.0.3.jar:lib/jaxb-api-2.2.2.jar:lib/logback-core-1.2.3.jar:lib/snappy-java-1.0.4.1.jar:lib/protobuf-java-2.5.0.jar:lib/reactive-streams-1.0.1.jar:lib/flamestream-examples-1.0-SNAPSHOT.jar:lib/commons-codec-1.4.jar:lib/activation-1.1.jar:lib/commons-net-3.1.jar:lib/curator-recipes-2.7.1.jar:lib/jackson-mapper-asl-1.9.13.jar:lib/jackson-databind-2.8.4.jar:lib/flamestream-runtime-1.0-SNAPSHOT.jar:lib/jackson-jaxrs-1.8.3.jar:lib/slf4j-api-1.7.24.jar:lib/akka-remote_2.11-2.5.6.jar:lib/akka-testkit_2.11-2.5.6.jar:lib/jline-0.9.94.jar:lib/akka-stream_2.11-2.5.6.jar:lib/jsp-api-2.1.jar:lib/kryonet-2.21.jar:lib/akka-kryo-serialization_2.11-0.5.0.jar:lib/config-1.3.1.jar:lib/ant-launcher-1.8.1.jar:lib/commons-logging-1.2.jar:lib/ssl-config-core_2.11-0.2.2.jar:lib/testng-6.10.jar:lib/leveldb-api-0.7.jar:lib/reflectasm-1.11.3.jar:lib/jcommander-1.48.jar:lib/commons-1.1.jar:lib/commons-digester-1.8.jar:lib/minlog-1.2.jar:lib/java-xmlbuilder-0.4.jar:lib/jettison-1.1.jar:lib/gson-2.2.4.jar:lib/jdk.tools-1.8.jar:lib/aeron-driver-1.3.0.jar:lib/zookeeper-3.4.9.jar:lib/commons-beanutils-core-1.8.0.jar:lib/commons-math3-3.1.1.jar:lib/akka-actor_2.11-2.5.6.jar:lib/curator-client-2.7.1.jar:lib/servlet-api-2.5.jar:lib/apacheds-i18n-2.0.0-M15.jar:lib/commons-io-2.4.jar:lib/commons-codec-1.6.jar:lib/akka-protobuf_2.11-2.5.6.jar:lib/protobuf-java-3.5.1.jar:lib/jdom-2.0.2.jar:lib/api-util-1.0.0-M20.jar:lib/hadoop-common-2.7.3.jar:lib/agrona-0.9.6.jar:lib/xmlenc-0.52.jar:lib/guava-21.0.jar:lib/commons-collections-3.2.2.jar:lib/avro-1.7.4.jar:lib/httpclient-4.1.2.jar:lib/flamestream-core-1.0-SNAPSHOT-tests.jar:lib/annotations-12.0.jar:lib/jsch-0.1.42.jar:flamestream-runtime-1.0-SNAPSHOT.jar
12:13:13.596 [worker-akka.actor.default-dispatcher-2] INFO  o.a.z.ZooKeeper  - Client environment:java.library.path=/usr/java/packages/lib/amd64:/usr/lib/x86_64-linux-gnu/jni:/lib/x86_64-linux-gnu:/usr/lib/x86_64-linux-gnu:/usr/lib/jni:/lib:/usr/lib
12:13:13.596 [worker-akka.actor.default-dispatcher-2] INFO  o.a.z.ZooKeeper  - Client environment:java.io.tmpdir=/tmp
12:13:13.596 [worker-akka.actor.default-dispatcher-2] INFO  o.a.z.ZooKeeper  - Client environment:java.compiler=<NA>
12:13:13.596 [worker-akka.actor.default-dispatcher-2] INFO  o.a.z.ZooKeeper  - Client environment:os.name=Linux
12:13:13.596 [worker-akka.actor.default-dispatcher-2] INFO  o.a.z.ZooKeeper  - Client environment:os.arch=amd64
12:13:13.596 [worker-akka.actor.default-dispatcher-2] INFO  o.a.z.ZooKeeper  - Client environment:os.version=4.4.0-1049-aws
12:13:13.596 [worker-akka.actor.default-dispatcher-2] INFO  o.a.z.ZooKeeper  - Client environment:user.name=root
12:13:13.598 [worker-akka.actor.default-dispatcher-2] INFO  o.a.z.ZooKeeper  - Client environment:user.home=/root
12:13:13.598 [worker-akka.actor.default-dispatcher-2] INFO  o.a.z.ZooKeeper  - Client environment:user.dir=/opt/flamestream
12:13:13.601 [worker-akka.actor.default-dispatcher-2] INFO  o.a.z.ZooKeeper  - Initiating client connection, connectString=172.31.34.147:2181 sessionTimeout=5000 watcher=com.spbsu.flamestream.runtime.application.LifecycleWatcher$$Lambda$29/2091173542@1b48f905
12:13:13.638 [worker-akka.actor.default-dispatcher-2-SendThread(172.31.34.147:2181)] INFO  o.a.z.ClientCnxn  - Opening socket connection to server 172.31.34.147/172.31.34.147:2181. Will not attempt to authenticate using SASL (unknown error)
12:13:13.638 [worker-akka.actor.default-dispatcher-2] INFO  a.a.RepointableActorRef akka://worker/user/watcher - Starting...
12:13:13.644 [worker-akka.actor.default-dispatcher-2-SendThread(172.31.34.147:2181)] INFO  o.a.z.ClientCnxn  - Socket connection established to 172.31.34.147/172.31.34.147:2181, initiating session
12:13:13.657 [worker-akka.actor.default-dispatcher-2-SendThread(172.31.34.147:2181)] INFO  o.a.z.ClientCnxn  - Session establishment complete on server 172.31.34.147/172.31.34.147:2181, sessionid = 0x161b84784c50006, negotiated timeout = 6000
12:13:13.750 [worker-akka.actor.default-dispatcher-2] INFO  a.a.RepointableActorRef akka://worker/user/watcher - Connected to ZK
12:13:21.556 [worker-akka.actor.default-dispatcher-2] INFO  a.a.RepointableActorRef akka://worker/user/watcher - Creating node with watchGraphs: 'com.spbsu.flamestream.core.Graph$Builder$MyGraph@62bcc0a1', config: 'ClusterConfig{paths={172.31.33.155=akka://worker@172.31.33.155:5412/user/watcher/graph0000000000, 172.31.47.83=akka://worker@172.31.47.83:5412/user/watcher/graph0000000000, 172.31.39.64=akka://worker@172.31.39.64:5412/user/watcher/graph0000000000, 172.31.35.79=akka://worker@172.31.35.79:5412/user/watcher/graph0000000000, 172.31.47.100=akka://worker@172.31.47.100:5412/user/watcher/graph0000000000, 172.31.37.101=akka://worker@172.31.37.101:5412/user/watcher/graph0000000000}, ackerLocation='172.31.35.79', props=ComputationLayout{ranges={172.31.33.155=HashRange{from=-1288490189, to=-429496730}, 172.31.47.83=HashRange{from=429496729, to=1288490188}, 172.31.39.64=HashRange{from=1288490188, to=2147483647}, 172.31.35.79=HashRange{from=0, to=0}, 172.31.47.100=HashRange{from=-2147483648, to=-1288490189}, 172.31.37.101=HashRange{from=-429496730, to=429496729}}}}'
12:13:22.192 [worker-akka.actor.default-dispatcher-2] INFO  a.a.LocalActorRef akka://worker/user/watcher/graph0000000000/graph - Starting...
12:13:22.193 [worker-akka.actor.default-dispatcher-2] INFO  a.a.LocalActorRef akka://worker/user/watcher/graph0000000000/graph/local-acker/$a - Starting...
12:13:22.195 [worker-akka.actor.default-dispatcher-2] INFO  a.a.LocalActorRef akka://worker/user/watcher/graph0000000000/graph/local-acker - Starting...
12:13:22.742 [worker-akka.actor.default-dispatcher-2] INFO  a.a.LocalActorRef akka://worker/user/watcher/graph0000000000 - Starting...
12:13:22.746 [worker-akka.actor.default-dispatcher-2] INFO  a.a.LocalActorRef akka://worker/user/watcher/graph0000000000/graph - Finishing constructor
12:13:22.746 [worker-akka.actor.default-dispatcher-2] INFO  a.a.LocalActorRef akka://worker/user/watcher/graph0000000000/negotiator - Starting...
12:13:22.746 [worker-akka.actor.default-dispatcher-2] INFO  a.a.LocalActorRef akka://worker/user/watcher/graph0000000000/edge - Starting...
12:13:22.829 [worker-akka.actor.default-dispatcher-2] INFO  c.s.f.r.e.s.SocketRear  - FlameSocketGraphDeployerRear@172.31.33.155: connecting to 172.31.34.147:5678
12:13:22.836 [worker-akka.actor.default-dispatcher-2] INFO  c.s.f.r.e.s.SocketRear  - FlameSocketGraphDeployerRear@172.31.33.155: connected to 172.31.34.147:5678
12:13:22.863 [worker-akka.actor.default-dispatcher-2] INFO  a.a.LocalActorRef akka://worker/user/watcher/graph0000000000/graph/$a - Starting...
12:13:22.864 [worker-akka.actor.default-dispatcher-2] INFO  a.a.LocalActorRef akka://worker/user/watcher/graph0000000000/graph/$b - Starting...
12:13:22.866 [worker-akka.actor.default-dispatcher-2] INFO  a.a.LocalActorRef akka://worker/user/watcher/graph0000000000/graph/$c - Starting...
12:13:22.877 [worker-akka.actor.default-dispatcher-2] INFO  a.a.LocalActorRef akka://worker/user/watcher/graph0000000000/edge/FlameSocketGraphDeployerRear - Starting...
12:13:22.878 [worker-akka.actor.default-dispatcher-2] INFO  a.a.LocalActorRef akka://worker/user/watcher/graph0000000000/edge/FlameSocketGraphDeployerFront - Starting...
12:13:22.879 [worker-akka.actor.default-dispatcher-2] INFO  a.a.LocalActorRef akka://worker/user/watcher/graph0000000000/negotiator - Requesting ticket for the frontClass FlameSocketGraphDeployerFront@172.31.33.155
12:13:22.882 [worker-akka.actor.default-dispatcher-2] INFO  a.a.LocalActorRef akka://worker/user/watcher/graph0000000000/negotiator - Ticket for the frontClass received: FrontTicket{allowedTimestamp=(1519215201547, FlameSocketGraphDeployerFront@172.31.33.155)}
12:13:22.884 [worker-akka.actor.default-dispatcher-2] INFO  c.s.f.r.e.s.SocketFront  - FlameSocketGraphDeployerFront@172.31.33.155: connecting to 172.31.34.147:4567
2018-02-21T12:13:26.843+0000: 15.972: [GC (Allocation Failure) 2018-02-21T12:13:26.843+0000: 15.972: [DefNew: 136576K->17023K(153600K), 0.0248650 secs] 151987K->52047K(494976K), 0.0249329 secs] [Times: user=0.01 sys=0.01, real=0.03 secs] 
2018-02-21T12:13:34.998+0000: 24.127: [GC (Allocation Failure) 2018-02-21T12:13:34.998+0000: 24.127: [DefNew: 153599K->4862K(153600K), 0.0198645 secs] 188623K->49025K(494976K), 0.0199263 secs] [Times: user=0.01 sys=0.00, real=0.02 secs] 
2018-02-21T12:13:46.936+0000: 36.065: [GC (Allocation Failure) 2018-02-21T12:13:46.936+0000: 36.065: [DefNew: 141438K->7469K(153600K), 0.0157247 secs] 185601K->51632K(494976K), 0.0157886 secs] [Times: user=0.01 sys=0.00, real=0.01 secs] 
2018-02-21T12:13:58.990+0000: 48.119: [GC (Allocation Failure) 2018-02-21T12:13:58.990+0000: 48.119: [DefNew: 144045K->9385K(153600K), 0.0169576 secs] 188208K->53548K(494976K), 0.0170275 secs] [Times: user=0.01 sys=0.00, real=0.02 secs] 
2018-02-21T12:14:06.665+0000: 55.794: [GC (Allocation Failure) 2018-02-21T12:14:06.665+0000: 55.794: [DefNew: 145961K->8746K(153600K), 0.0199736 secs] 190124K->55378K(494976K), 0.0200396 secs] [Times: user=0.02 sys=0.00, real=0.02 secs] 
2018-02-21T12:14:16.858+0000: 65.987: [GC (Allocation Failure) 2018-02-21T12:14:16.858+0000: 65.987: [DefNew: 145322K->8936K(153600K), 0.0215615 secs] 191954K->57405K(494976K), 0.0216487 secs] [Times: user=0.02 sys=0.00, real=0.02 secs] 
2018-02-21T12:14:27.790+0000: 76.919: [GC (Allocation Failure) 2018-02-21T12:14:27.790+0000: 76.919: [DefNew: 145512K->8891K(153600K), 0.0193888 secs] 193981K->59212K(494976K), 0.0194645 secs] [Times: user=0.02 sys=0.00, real=0.02 secs] 
2018-02-21T12:14:35.900+0000: 85.029: [GC (Allocation Failure) 2018-02-21T12:14:35.900+0000: 85.029: [DefNew: 145467K->9582K(153600K), 0.0196974 secs] 195788K->61294K(494976K), 0.0197619 secs] [Times: user=0.01 sys=0.01, real=0.02 secs] 
2018-02-21T12:14:46.124+0000: 95.254: [GC (Allocation Failure) 2018-02-21T12:14:46.125+0000: 95.254: [DefNew: 146158K->9664K(153600K), 0.0197905 secs] 197870K->63455K(494976K), 0.0198507 secs] [Times: user=0.02 sys=0.00, real=0.02 secs] 
2018-02-21T12:14:55.611+0000: 104.740: [GC (Allocation Failure) 2018-02-21T12:14:55.611+0000: 104.740: [DefNew: 146240K->9828K(153600K), 0.0193542 secs] 200031K->65194K(494976K), 0.0194197 secs] [Times: user=0.02 sys=0.00, real=0.02 secs] 
2018-02-21T12:15:06.626+0000: 115.755: [GC (Allocation Failure) 2018-02-21T12:15:06.626+0000: 115.755: [DefNew: 146404K->9773K(153600K), 0.0198639 secs] 201770K->66891K(494976K), 0.0199432 secs] [Times: user=0.02 sys=0.00, real=0.02 secs] 
2018-02-21T12:15:20.046+0000: 129.175: [GC (Allocation Failure) 2018-02-21T12:15:20.046+0000: 129.175: [DefNew: 146323K->9095K(153600K), 0.0201207 secs] 203442K->68698K(494976K), 0.0201976 secs] [Times: user=0.02 sys=0.00, real=0.02 secs] 
2018-02-21T12:15:34.014+0000: 143.143: [GC (Allocation Failure) 2018-02-21T12:15:34.014+0000: 143.143: [DefNew: 145671K->9374K(153600K), 0.0195588 secs] 205274K->70519K(494976K), 0.0196297 secs] [Times: user=0.02 sys=0.00, real=0.02 secs] 
2018-02-21T12:15:45.598+0000: 154.727: [GC (Allocation Failure) 2018-02-21T12:15:45.598+0000: 154.727: [DefNew: 145950K->9413K(153600K), 0.0189872 secs] 207095K->72092K(494976K), 0.0190566 secs] [Times: user=0.02 sys=0.00, real=0.02 secs] 
2018-02-21T12:15:55.271+0000: 164.400: [GC (Allocation Failure) 2018-02-21T12:15:55.271+0000: 164.400: [DefNew: 145989K->10362K(153600K), 0.0207661 secs] 208668K->74756K(494976K), 0.0208314 secs] [Times: user=0.02 sys=0.00, real=0.02 secs] 
2018-02-21T12:16:07.005+0000: 176.134: [GC (Allocation Failure) 2018-02-21T12:16:07.005+0000: 176.134: [DefNew: 146938K->8849K(153600K), 0.0204410 secs] 211332K->76509K(494976K), 0.0205093 secs] [Times: user=0.02 sys=0.00, real=0.02 secs] 
2018-02-21T12:16:20.154+0000: 189.283: [GC (Allocation Failure) 2018-02-21T12:16:20.154+0000: 189.283: [DefNew: 145425K->8062K(153600K), 0.0183417 secs] 213085K->78528K(494976K), 0.0184168 secs] [Times: user=0.02 sys=0.00, real=0.02 secs] 
2018-02-21T12:16:33.638+0000: 202.767: [GC (Allocation Failure) 2018-02-21T12:16:33.638+0000: 202.767: [DefNew: 144638K->10060K(153600K), 0.0173386 secs] 215104K->80527K(494976K), 0.0174425 secs] [Times: user=0.01 sys=0.00, real=0.02 secs] 
2018-02-21T12:16:45.044+0000: 214.173: [GC (Allocation Failure) 2018-02-21T12:16:45.044+0000: 214.173: [DefNew: 146636K->10277K(153600K), 0.0205247 secs] 217103K->82315K(494976K), 0.0205969 secs] [Times: user=0.03 sys=0.00, real=0.02 secs] 
2018-02-21T12:16:58.100+0000: 227.229: [GC (Allocation Failure) 2018-02-21T12:16:58.100+0000: 227.229: [DefNew: 146853K->9981K(153600K), 0.0202551 secs] 218891K->83688K(494976K), 0.0203252 secs] [Times: user=0.02 sys=0.00, real=0.02 secs] 
2018-02-21T12:17:09.322+0000: 238.451: [GC (Allocation Failure) 2018-02-21T12:17:09.322+0000: 238.451: [DefNew: 146557K->10531K(153600K), 0.0194598 secs] 220264K->85618K(494976K), 0.0195245 secs] [Times: user=0.02 sys=0.00, real=0.02 secs] 
2018-02-21T12:17:19.643+0000: 248.772: [GC (Allocation Failure) 2018-02-21T12:17:19.643+0000: 248.772: [DefNew: 147107K->10960K(153600K), 0.0213857 secs] 222194K->87882K(494976K), 0.0214516 secs] [Times: user=0.02 sys=0.01, real=0.02 secs] 
2018-02-21T12:17:31.892+0000: 261.021: [GC (Allocation Failure) 2018-02-21T12:17:31.892+0000: 261.021: [DefNew: 147536K->8760K(153600K), 0.0212278 secs] 224458K->88863K(494976K), 0.0213016 secs] [Times: user=0.02 sys=0.00, real=0.02 secs] 
2018-02-21T12:17:45.395+0000: 274.524: [GC (Allocation Failure) 2018-02-21T12:17:45.395+0000: 274.524: [DefNew: 145336K->9107K(153600K), 0.0189916 secs] 225439K->90883K(494976K), 0.0190550 secs] [Times: user=0.02 sys=0.00, real=0.02 secs] 
2018-02-21T12:17:56.763+0000: 285.892: [GC (Allocation Failure) 2018-02-21T12:17:56.763+0000: 285.892: [DefNew: 145683K->9372K(153600K), 0.0192860 secs] 227459K->92975K(494976K), 0.0193502 secs] [Times: user=0.01 sys=0.01, real=0.02 secs] 
2018-02-21T12:18:07.749+0000: 296.878: [GC (Allocation Failure) 2018-02-21T12:18:07.749+0000: 296.878: [DefNew: 145948K->9265K(153600K), 0.0188723 secs] 229551K->94944K(494976K), 0.0189371 secs] [Times: user=0.02 sys=0.00, real=0.02 secs] 
2018-02-21T12:18:19.674+0000: 308.803: [GC (Allocation Failure) 2018-02-21T12:18:19.674+0000: 308.803: [DefNew: 145841K->9837K(153600K), 0.0196903 secs] 231520K->97393K(494976K), 0.0197578 secs] [Times: user=0.02 sys=0.00, real=0.02 secs] 
2018-02-21T12:18:30.710+0000: 319.839: [GC (Allocation Failure) 2018-02-21T12:18:30.710+0000: 319.839: [DefNew: 146413K->10060K(153600K), 0.0200025 secs] 233969K->99397K(494976K), 0.0200669 secs] [Times: user=0.02 sys=0.00, real=0.02 secs] 
2018-02-21T12:18:45.837+0000: 334.966: [GC (Allocation Failure) 2018-02-21T12:18:45.837+0000: 334.966: [DefNew: 146636K->9889K(153600K), 0.0197463 secs] 235973K->101147K(494976K), 0.0198182 secs] [Times: user=0.02 sys=0.00, real=0.02 secs] 
2018-02-21T12:18:59.305+0000: 348.434: [GC (Allocation Failure) 2018-02-21T12:18:59.305+0000: 348.435: [DefNew: 146465K->9970K(153600K), 0.0193107 secs] 237723K->103186K(494976K), 0.0193755 secs] [Times: user=0.02 sys=0.00, real=0.02 secs] 
2018-02-21T12:19:11.771+0000: 360.900: [GC (Allocation Failure) 2018-02-21T12:19:11.771+0000: 360.900: [DefNew: 146546K->9782K(153600K), 0.0193246 secs] 239762K->105022K(494976K), 0.0194076 secs] [Times: user=0.02 sys=0.00, real=0.02 secs] 
2018-02-21T12:19:21.640+0000: 370.769: [GC (Allocation Failure) 2018-02-21T12:19:21.640+0000: 370.769: [DefNew: 146358K->11186K(153600K), 0.0207420 secs] 241598K->108116K(494976K), 0.0208199 secs] [Times: user=0.02 sys=0.00, real=0.02 secs] 
2018-02-21T12:19:32.128+0000: 381.257: [GC (Allocation Failure) 2018-02-21T12:19:32.128+0000: 381.257: [DefNew: 147762K->10733K(153600K), 0.0211604 secs] 244692K->109660K(494976K), 0.0212273 secs] [Times: user=0.02 sys=0.00, real=0.02 secs] 
2018-02-21T12:19:40.892+0000: 390.021: [GC (Allocation Failure) 2018-02-21T12:19:40.892+0000: 390.021: [DefNew: 147309K->10953K(153600K), 0.0213900 secs] 246236K->111787K(494976K), 0.0214550 secs] [Times: user=0.03 sys=0.00, real=0.02 secs] 
2018-02-21T12:19:51.161+0000: 400.290: [GC (Allocation Failure) 2018-02-21T12:19:51.161+0000: 400.290: [DefNew: 147529K->10571K(153600K), 0.0198318 secs] 248363K->113471K(494976K), 0.0198977 secs] [Times: user=0.02 sys=0.00, real=0.02 secs] 
2018-02-21T12:20:03.393+0000: 412.522: [GC (Allocation Failure) 2018-02-21T12:20:03.393+0000: 412.522: [DefNew: 147147K->10639K(153600K), 0.0198479 secs] 250047K->115550K(494976K), 0.0199220 secs] [Times: user=0.02 sys=0.00, real=0.02 secs] 
2018-02-21T12:20:13.477+0000: 422.606: [GC (Allocation Failure) 2018-02-21T12:20:13.477+0000: 422.606: [DefNew: 147215K->10933K(153600K), 0.0204848 secs] 252126K->117824K(494976K), 0.0205495 secs] [Times: user=0.02 sys=0.00, real=0.02 secs] 
2018-02-21T12:20:24.017+0000: 433.146: [GC (Allocation Failure) 2018-02-21T12:20:24.017+0000: 433.146: [DefNew: 147509K->11085K(153600K), 0.0205736 secs] 254400K->119972K(494976K), 0.0206400 secs] [Times: user=0.02 sys=0.00, real=0.02 secs] 
2018-02-21T12:20:33.834+0000: 442.963: [GC (Allocation Failure) 2018-02-21T12:20:33.834+0000: 442.963: [DefNew: 147661K->10948K(153600K), 0.0198622 secs] 256548K->121903K(494976K), 0.0199263 secs] [Times: user=0.02 sys=0.00, real=0.02 secs] 
2018-02-21T12:20:45.114+0000: 454.243: [GC (Allocation Failure) 2018-02-21T12:20:45.114+0000: 454.243: [DefNew: 147524K->10993K(153600K), 0.0197789 secs] 258479K->123921K(494976K), 0.0198460 secs] [Times: user=0.02 sys=0.00, real=0.02 secs] 
2018-02-21T12:20:55.254+0000: 464.383: [GC (Allocation Failure) 2018-02-21T12:20:55.254+0000: 464.383: [DefNew: 147569K->11667K(153600K), 0.0206789 secs] 260497K->126380K(494976K), 0.0207388 secs] [Times: user=0.01 sys=0.00, real=0.02 secs] 
2018-02-21T12:21:07.137+0000: 476.266: [GC (Allocation Failure) 2018-02-21T12:21:07.137+0000: 476.266: [DefNew: 148243K->12668K(153600K), 0.0221408 secs] 262956K->129441K(494976K), 0.0222007 secs] [Times: user=0.02 sys=0.00, real=0.02 secs] 
2018-02-21T12:21:20.141+0000: 489.270: [GC (Allocation Failure) 2018-02-21T12:21:20.141+0000: 489.270: [DefNew: 149244K->10140K(153600K), 0.0260130 secs] 266017K->132350K(494976K), 0.0260816 secs] [Times: user=0.03 sys=0.00, real=0.03 secs] 
2018-02-21T12:21:30.119+0000: 499.249: [GC (Allocation Failure) 2018-02-21T12:21:30.120+0000: 499.249: [DefNew: 146716K->8878K(153600K), 0.0191406 secs] 268926K->136230K(494976K), 0.0192036 secs] [Times: user=0.01 sys=0.00, real=0.02 secs] 
2018-02-21T12:21:39.807+0000: 508.936: [GC (Allocation Failure) 2018-02-21T12:21:39.807+0000: 508.936: [DefNew: 145454K->9220K(153600K), 0.0193415 secs] 272806K->140292K(494976K), 0.0194037 secs] [Times: user=0.02 sys=0.00, real=0.02 secs] 
2018-02-21T12:21:53.199+0000: 522.328: [GC (Allocation Failure) 2018-02-21T12:21:53.199+0000: 522.328: [DefNew: 145796K->8504K(153600K), 0.0175645 secs] 276868K->143147K(494976K), 0.0176369 secs] [Times: user=0.01 sys=0.00, real=0.02 secs] 
2018-02-21T12:22:03.575+0000: 532.704: [GC (Allocation Failure) 2018-02-21T12:22:03.575+0000: 532.704: [DefNew: 145080K->12289K(153600K), 0.0190748 secs] 279723K->146932K(494976K), 0.0191421 secs] [Times: user=0.02 sys=0.00, real=0.01 secs] 
2018-02-21T12:22:13.719+0000: 542.848: [GC (Allocation Failure) 2018-02-21T12:22:13.719+0000: 542.848: [DefNew: 148865K->9157K(153600K), 0.0204990 secs] 283508K->149255K(494976K), 0.0205624 secs] [Times: user=0.02 sys=0.00, real=0.02 secs] 
2018-02-21T12:22:26.447+0000: 555.576: [GC (Allocation Failure) 2018-02-21T12:22:26.447+0000: 555.576: [DefNew: 145733K->9067K(153600K), 0.0190981 secs] 285831K->152958K(494976K), 0.0191660 secs] [Times: user=0.02 sys=0.00, real=0.01 secs] 
2018-02-21T12:22:37.309+0000: 566.438: [GC (Allocation Failure) 2018-02-21T12:22:37.309+0000: 566.438: [DefNew: 145643K->9060K(153600K), 0.0186628 secs] 289534K->156835K(494976K), 0.0187273 secs] [Times: user=0.02 sys=0.00, real=0.02 secs] 
2018-02-21T12:22:46.678+0000: 575.807: [GC (Allocation Failure) 2018-02-21T12:22:46.678+0000: 575.807: [DefNew: 145636K->8689K(153600K), 0.0173887 secs] 293411K->160070K(494976K), 0.0174545 secs] [Times: user=0.01 sys=0.00, real=0.02 secs] 
2018-02-21T12:22:56.881+0000: 586.011: [GC (Allocation Failure) 2018-02-21T12:22:56.882+0000: 586.011: [DefNew: 145265K->9191K(153600K), 0.0186173 secs] 296646K->164205K(494976K), 0.0186799 secs] [Times: user=0.01 sys=0.00, real=0.02 secs] 
2018-02-21T12:23:07.792+0000: 596.921: [GC (Allocation Failure) 2018-02-21T12:23:07.792+0000: 596.921: [DefNew: 145767K->9761K(153600K), 0.0198038 secs] 300781K->168355K(494976K), 0.0198660 secs] [Times: user=0.01 sys=0.01, real=0.02 secs] 
2018-02-21T12:23:18.135+0000: 607.264: [GC (Allocation Failure) 2018-02-21T12:23:18.135+0000: 607.265: [DefNew: 146337K->9360K(153600K), 0.0210943 secs] 304931K->172063K(494976K), 0.0211615 secs] [Times: user=0.02 sys=0.00, real=0.02 secs] 
2018-02-21T12:23:30.150+0000: 619.279: [GC (Allocation Failure) 2018-02-21T12:23:30.150+0000: 619.279: [DefNew: 145936K->9644K(153600K), 0.0206331 secs] 308639K->175789K(494976K), 0.0206959 secs] [Times: user=0.01 sys=0.02, real=0.02 secs] 
2018-02-21T12:23:41.499+0000: 630.628: [GC (Allocation Failure) 2018-02-21T12:23:41.499+0000: 630.628: [DefNew: 146220K->9102K(153600K), 0.0204518 secs] 312365K->179569K(494976K), 0.0205144 secs] [Times: user=0.01 sys=0.00, real=0.02 secs] 
2018-02-21T12:23:51.141+0000: 640.270: [GC (Allocation Failure) 2018-02-21T12:23:51.141+0000: 640.270: [DefNew: 145678K->9500K(153600K), 0.0202282 secs] 316145K->183307K(494976K), 0.0202929 secs] [Times: user=0.02 sys=0.00, real=0.02 secs] 
2018-02-21T12:24:02.980+0000: 652.109: [GC (Allocation Failure) 2018-02-21T12:24:02.980+0000: 652.109: [DefNew: 146076K->9407K(153600K), 0.0210562 secs] 319883K->187452K(494976K), 0.0211233 secs] [Times: user=0.02 sys=0.00, real=0.02 secs] 
2018-02-21T12:24:15.777+0000: 664.906: [GC (Allocation Failure) 2018-02-21T12:24:15.777+0000: 664.906: [DefNew: 145983K->9476K(153600K), 0.0202473 secs] 324028K->191135K(494976K), 0.0203172 secs] [Times: user=0.01 sys=0.00, real=0.02 secs] 
2018-02-21T12:24:26.409+0000: 675.538: [GC (Allocation Failure) 2018-02-21T12:24:26.409+0000: 675.538: [DefNew: 146052K->10039K(153600K), 0.0236067 secs] 327711K->195674K(494976K), 0.0236716 secs] [Times: user=0.02 sys=0.00, real=0.02 secs] 
2018-02-21T12:24:38.207+0000: 687.337: [GC (Allocation Failure) 2018-02-21T12:24:38.207+0000: 687.337: [DefNew: 146615K->9467K(153600K), 0.0224156 secs] 332250K->199350K(494976K), 0.0224842 secs] [Times: user=0.01 sys=0.01, real=0.02 secs] 
2018-02-21T12:24:44.023+0000: 693.153: [GC (Allocation Failure) 2018-02-21T12:24:44.023+0000: 693.153: [DefNew: 146043K->9449K(153600K), 0.0196636 secs] 335926K->203578K(494976K), 0.0197279 secs] [Times: user=0.02 sys=0.00, real=0.02 secs] 
2018-02-21T12:24:58.301+0000: 707.431: [GC (Allocation Failure) 2018-02-21T12:24:58.301+0000: 707.431: [DefNew: 146025K->9297K(153600K), 0.0196097 secs] 340154K->207681K(494976K), 0.0196758 secs] [Times: user=0.02 sys=0.00, real=0.02 secs] 
2018-02-21T12:25:08.114+0000: 717.243: [GC (Allocation Failure) 2018-02-21T12:25:08.114+0000: 717.243: [DefNew: 145873K->9772K(153600K), 0.0228349 secs] 344257K->212338K(494976K), 0.0229000 secs] [Times: user=0.01 sys=0.01, real=0.02 secs] 
2018-02-21T12:25:17.476+0000: 726.605: [GC (Allocation Failure) 2018-02-21T12:25:17.476+0000: 726.605: [DefNew: 146348K->10147K(153600K), 0.0277235 secs] 348914K->217182K(494976K), 0.0277958 secs] [Times: user=0.02 sys=0.01, real=0.02 secs] 
12:25:24.516 [Client] INFO  c.s.f.r.e.s.SocketFront  - FlameSocketGraphDeployerFront@172.31.33.155 has been disconnected from Connection 2
12:25:24.517 [Client] INFO  c.s.f.r.e.s.SocketRear  - FlameSocketGraphDeployerRear@172.31.33.155: has been disconnected from Connection 2
12:25:37.437 [worker-akka.actor.default-dispatcher-2] INFO  a.a.CoordinatedShutdown CoordinatedShutdown(akka://worker) - Starting coordinated shutdown from JVM shutdown hook
12:25:37.469 [worker-akka.actor.default-dispatcher-2] INFO  a.a.LocalActorRef akka://worker/user/watcher/graph0000000000/negotiator - Stopped
12:25:37.471 [worker-akka.actor.default-dispatcher-2] INFO  a.a.LocalActorRef akka://worker/user/watcher/graph0000000000/edge/FlameSocketGraphDeployerFront - Stopped
12:25:37.476 [worker-akka.actor.default-dispatcher-2] INFO  a.a.LocalActorRef akka://worker/user/watcher/graph0000000000/edge/FlameSocketGraphDeployerRear - Stopped
12:25:37.477 [worker-akka.actor.default-dispatcher-2] INFO  a.a.LocalActorRef akka://worker/user/watcher/graph0000000000/graph/$a - Stopped
12:25:37.477 [worker-akka.actor.default-dispatcher-2] INFO  a.a.LocalActorRef akka://worker/user/watcher/graph0000000000/graph/$b - Stopped
12:25:37.478 [worker-akka.actor.default-dispatcher-2] INFO  a.a.LocalActorRef akka://worker/user/watcher/graph0000000000/graph/$c - Stopped
12:25:37.479 [worker-akka.actor.default-dispatcher-2] INFO  a.a.LocalActorRef akka://worker/user/watcher/graph0000000000/graph/local-acker/$a - Stopped
12:25:37.486 [worker-akka.actor.default-dispatcher-2] INFO  a.a.LocalActorRef akka://worker/user/watcher/graph0000000000/graph/local-acker/$a - Message [com.spbsu.flamestream.runtime.utils.akka.PingActor$InnerPing] from Actor[akka://worker/user/watcher/graph0000000000/graph/local-acker/$a#-1682351247] to Actor[akka://worker/user/watcher/graph0000000000/graph/local-acker/$a#-1682351247] was not delivered. [1] dead letters encountered. This logging can be turned off or adjusted with configuration settings 'akka.log-dead-letters' and 'akka.log-dead-letters-during-shutdown'.
12:25:37.486 [worker-akka.actor.default-dispatcher-2] INFO  a.a.LocalActorRef akka://worker/user/watcher/graph0000000000/graph/local-acker - Stopped
12:25:37.487 [worker-akka.actor.default-dispatcher-2] INFO  a.a.LocalActorRef akka://worker/user/watcher/graph0000000000/edge - Stopped
12:25:37.488 [worker-akka.actor.default-dispatcher-2] INFO  a.a.LocalActorRef akka://worker/user/watcher/graph0000000000/graph - Stopped
12:25:37.489 [worker-akka.actor.default-dispatcher-2] INFO  a.a.LocalActorRef akka://worker/user/watcher/graph0000000000 - Stopped
12:25:37.492 [worker-akka.actor.default-dispatcher-2-EventThread] INFO  o.a.z.ClientCnxn  - EventThread shut down for session: 0x161b84784c50006
12:25:37.492 [worker-akka.actor.default-dispatcher-2] INFO  o.a.z.ZooKeeper  - Session: 0x161b84784c50006 closed
12:25:37.493 [worker-akka.actor.default-dispatcher-2] INFO  a.a.RepointableActorRef akka://worker/user/watcher - Stopped
12:25:37.494 [worker-akka.actor.default-dispatcher-2] INFO  a.a.LocalActorRef akka://worker/user/watcher/graph0000000000/graph/local-acker/$a - Message [com.spbsu.flamestream.runtime.utils.akka.PingActor$Stop] from Actor[akka://worker/user/watcher/graph0000000000/graph/local-acker#316386159] to Actor[akka://worker/user/watcher/graph0000000000/graph/local-acker/$a#-1682351247] was not delivered. [2] dead letters encountered. This logging can be turned off or adjusted with configuration settings 'akka.log-dead-letters' and 'akka.log-dead-letters-during-shutdown'.
12:25:37.495 [worker-akka.actor.default-dispatcher-2] INFO  a.a.LocalActorRef akka://worker/user/watcher/graph0000000000/graph/local-acker - Message [com.spbsu.flamestream.runtime.acker.LocalAcker$Flush] from Actor[akka://worker/user/watcher/graph0000000000/graph/local-acker#316386159] to Actor[akka://worker/user/watcher/graph0000000000/graph/local-acker#316386159] was not delivered. [3] dead letters encountered. This logging can be turned off or adjusted with configuration settings 'akka.log-dead-letters' and 'akka.log-dead-letters-during-shutdown'.
12:25:37.496 [worker-akka.actor.default-dispatcher-2] INFO  a.a.LocalActorRef akka://worker/user/watcher/graph0000000000/graph/local-acker - Message [com.spbsu.flamestream.runtime.acker.LocalAcker$Flush] from Actor[akka://worker/user/watcher/graph0000000000/graph/local-acker#316386159] to Actor[akka://worker/user/watcher/graph0000000000/graph/local-acker#316386159] was not delivered. [4] dead letters encountered. This logging can be turned off or adjusted with configuration settings 'akka.log-dead-letters' and 'akka.log-dead-letters-during-shutdown'.
12:25:37.496 [worker-akka.actor.default-dispatcher-2] INFO  a.a.LocalActorRef akka://worker/user/watcher/graph0000000000/graph/local-acker - Message [com.spbsu.flamestream.runtime.acker.LocalAcker$Flush] from Actor[akka://worker/user/watcher/graph0000000000/graph/local-acker#316386159] to Actor[akka://worker/user/watcher/graph0000000000/graph/local-acker#316386159] was not delivered. [5] dead letters encountered. This logging can be turned off or adjusted with configuration settings 'akka.log-dead-letters' and 'akka.log-dead-letters-during-shutdown'.
12:25:37.496 [worker-akka.actor.default-dispatcher-2] INFO  a.a.LocalActorRef akka://worker/user/watcher/graph0000000000/graph/local-acker - Message [com.spbsu.flamestream.runtime.acker.LocalAcker$Flush] from Actor[akka://worker/user/watcher/graph0000000000/graph/local-acker#316386159] to Actor[akka://worker/user/watcher/graph0000000000/graph/local-acker#316386159] was not delivered. [6] dead letters encountered. This logging can be turned off or adjusted with configuration settings 'akka.log-dead-letters' and 'akka.log-dead-letters-during-shutdown'.
12:25:37.496 [worker-akka.actor.default-dispatcher-2] INFO  a.a.LocalActorRef akka://worker/user/watcher/graph0000000000/graph/local-acker - Message [com.spbsu.flamestream.runtime.acker.LocalAcker$Flush] from Actor[akka://worker/user/watcher/graph0000000000/graph/local-acker#316386159] to Actor[akka://worker/user/watcher/graph0000000000/graph/local-acker#316386159] was not delivered. [7] dead letters encountered. This logging can be turned off or adjusted with configuration settings 'akka.log-dead-letters' and 'akka.log-dead-letters-during-shutdown'.
12:25:37.498 [worker-akka.actor.default-dispatcher-2] INFO  a.a.LocalActorRef akka://worker/user/watcher/graph0000000000/graph/local-acker - Message [com.spbsu.flamestream.runtime.acker.LocalAcker$Flush] from Actor[akka://worker/user/watcher/graph0000000000/graph/local-acker#316386159] to Actor[akka://worker/user/watcher/graph0000000000/graph/local-acker#316386159] was not delivered. [8] dead letters encountered. This logging can be turned off or adjusted with configuration settings 'akka.log-dead-letters' and 'akka.log-dead-letters-during-shutdown'.
12:25:37.521 [worker-akka.actor.default-dispatcher-2] INFO  a.r.RemoteActorRefProvider$RemotingTerminator akka://worker@172.31.33.155:5412/system/remoting-terminator - Shutting down remote daemon.
12:25:37.526 [worker-akka.actor.default-dispatcher-2] INFO  a.r.RemoteActorRefProvider$RemotingTerminator akka://worker@172.31.33.155:5412/system/remoting-terminator - Remote daemon shut down; proceeding with flushing remote transports.
12:25:37.620 [worker-akka.actor.default-dispatcher-2] INFO  a.r.RemoteActorRefProvider$RemotingTerminator akka://worker@172.31.33.155:5412/system/remoting-terminator - Remoting shut down.
Attempts of event 'sink-receive' - 947292
Attempts of event 'sink-send' - 935874
Heap
 def new generation   total 153600K, used 118726K [0x00000000e0c00000, 0x00000000eb2a0000, 0x00000000eb2a0000)
  eden space 136576K,  79% used [0x00000000e0c00000, 0x00000000e7608d70, 0x00000000e9160000)
  from space 17024K,  59% used [0x00000000ea200000, 0x00000000eabe8da0, 0x00000000eb2a0000)
  to   space 17024K,   0% used [0x00000000e9160000, 0x00000000e9160000, 0x00000000ea200000)
 tenured generation   total 341376K, used 207035K [0x00000000eb2a0000, 0x0000000100000000, 0x0000000100000000)
   the space 341376K,  60% used [0x00000000eb2a0000, 0x00000000f7ccec40, 0x00000000f7ccee00, 0x0000000100000000)
 Metaspace       used 33506K, capacity 34326K, committed 34688K, reserved 1079296K
  class space    used 4469K, capacity 4656K, committed 4736K, reserved 1048576K
