14:11:22.930 [worker-akka.actor.default-dispatcher-2] INFO  a.e.s.Slf4jLogger  - Slf4jLogger started
2018-02-19T14:11:23.107+0000: 2.670: [Full GC (Metadata GC Threshold) 2018-02-19T14:11:23.107+0000: 2.670: [Tenured: 0K->15410K(341376K), 0.0378632 secs] 117538K->15410K(494976K), [Metaspace: 20874K->20874K(1067008K)], 0.0379264 secs] [Times: user=0.03 sys=0.00, real=0.03 secs] 
Ama winner
Ama winner
14:11:23.569 [worker-akka.actor.default-dispatcher-2] INFO  a.r.a.ArteryTransport(akka://worker) akka.remote.artery.ArteryTransport(akka://worker) - Started embedded media driver in directory [/dev/shm/aeron-root-worker-e1be6a97-f098-47d6-8bea-5af3db259e31]
14:11:23.786 [worker-akka.actor.default-dispatcher-2] INFO  a.r.a.ArteryTransport(akka://worker) akka.remote.artery.ArteryTransport(akka://worker) - Remoting started; listening on address: [akka://worker@172.31.44.83:5412] with UID [-7741646274307813591]
14:11:23.896 [worker-akka.actor.default-dispatcher-2] INFO  o.a.z.ZooKeeper  - Client environment:zookeeper.version=3.4.9-1757313, built on 08/23/2016 06:50 GMT
14:11:23.896 [worker-akka.actor.default-dispatcher-2] INFO  o.a.z.ZooKeeper  - Client environment:host.name=ip-172-31-44-83.us-east-2.compute.internal
14:11:23.896 [worker-akka.actor.default-dispatcher-2] INFO  o.a.z.ZooKeeper  - Client environment:java.version=1.8.0_151
14:11:23.896 [worker-akka.actor.default-dispatcher-2] INFO  o.a.z.ZooKeeper  - Client environment:java.vendor=Oracle Corporation
14:11:23.896 [worker-akka.actor.default-dispatcher-2] INFO  o.a.z.ZooKeeper  - Client environment:java.home=/usr/lib/jvm/java-8-openjdk-amd64/jre
14:11:23.896 [worker-akka.actor.default-dispatcher-2] INFO  o.a.z.ZooKeeper  - Client environment:java.class.path=lib/commons-cli-1.4.jar:lib/minlog-1.3.0.jar:lib/asm-5.0.4.jar:lib/hadoop-annotations-2.7.3.jar:lib/hadoop-auth-2.7.3.jar:lib/akka-slf4j_2.11-2.5.6.jar:lib/jersey-core-1.9.jar:lib/lz4-1.3.0.jar:lib/jackson-core-asl-1.9.13.jar:lib/aeron-client-1.3.0.jar:lib/htrace-core-3.1.0-incubating.jar:lib/xz-1.0.jar:lib/commons-httpclient-3.1.jar:lib/asm-3.1.jar:lib/commons-lang3-3.4.jar:lib/scala-library-2.11.11.jar:lib/scala-java8-compat_2.11-0.7.0.jar:lib/commons-configuration-1.6.jar:lib/objenesis-2.1.jar:lib/jackson-annotations-2.8.0.jar:lib/jsr305-3.0.0.jar:lib/curator-framework-2.7.1.jar:lib/jersey-server-1.9.jar:lib/jets3t-0.9.0.jar:lib/leveldb-0.7.jar:lib/jetty-6.1.26.jar:lib/stax-api-1.0-2.jar:lib/flamestream-core-1.0-SNAPSHOT.jar:lib/reflectasm-1.07-shaded.jar:lib/apacheds-kerberos-codec-2.0.0-M15.jar:lib/api-asn1-api-1.0.0-M20.jar:lib/commons-lang-2.6.jar:lib/commons-beanutils-1.7.0.jar:lib/jackson-xc-1.8.3.jar:lib/jetty-util-6.1.26.jar:lib/logback-classic-1.2.3.jar:lib/jool-0.9.12.jar:lib/flamestream-runtime-1.0-SNAPSHOT-tests.jar:lib/httpcore-4.1.2.jar:lib/kryo-4.0.0.jar:lib/ant-1.8.1.jar:lib/jaxb-impl-2.2.3-1.jar:lib/jersey-json-1.9.jar:lib/commons-compress-1.4.1.jar:lib/leveldbjni-all-1.8.jar:lib/paranamer-2.3.jar:lib/jackson-core-2.8.4.jar:lib/commons-math3-3.6.1.jar:lib/scala-parser-combinators_2.11-1.0.4.jar:lib/netty-3.10.6.Final.jar:lib/trove4j-3.0.3.jar:lib/jaxb-api-2.2.2.jar:lib/logback-core-1.2.3.jar:lib/snappy-java-1.0.4.1.jar:lib/protobuf-java-2.5.0.jar:lib/reactive-streams-1.0.1.jar:lib/flamestream-examples-1.0-SNAPSHOT.jar:lib/commons-codec-1.4.jar:lib/activation-1.1.jar:lib/commons-net-3.1.jar:lib/curator-recipes-2.7.1.jar:lib/jackson-mapper-asl-1.9.13.jar:lib/jackson-databind-2.8.4.jar:lib/flamestream-runtime-1.0-SNAPSHOT.jar:lib/jackson-jaxrs-1.8.3.jar:lib/slf4j-api-1.7.24.jar:lib/akka-remote_2.11-2.5.6.jar:lib/akka-testkit_2.11-2.5.6.jar:lib/jline-0.9.94.jar:lib/akka-stream_2.11-2.5.6.jar:lib/jsp-api-2.1.jar:lib/kryonet-2.21.jar:lib/akka-kryo-serialization_2.11-0.5.0.jar:lib/config-1.3.1.jar:lib/ant-launcher-1.8.1.jar:lib/commons-logging-1.2.jar:lib/ssl-config-core_2.11-0.2.2.jar:lib/testng-6.10.jar:lib/leveldb-api-0.7.jar:lib/reflectasm-1.11.3.jar:lib/jcommander-1.48.jar:lib/commons-1.1.jar:lib/commons-digester-1.8.jar:lib/minlog-1.2.jar:lib/java-xmlbuilder-0.4.jar:lib/jettison-1.1.jar:lib/gson-2.2.4.jar:lib/jdk.tools-1.8.jar:lib/aeron-driver-1.3.0.jar:lib/zookeeper-3.4.9.jar:lib/commons-beanutils-core-1.8.0.jar:lib/commons-math3-3.1.1.jar:lib/akka-actor_2.11-2.5.6.jar:lib/curator-client-2.7.1.jar:lib/servlet-api-2.5.jar:lib/apacheds-i18n-2.0.0-M15.jar:lib/commons-io-2.4.jar:lib/commons-codec-1.6.jar:lib/akka-protobuf_2.11-2.5.6.jar:lib/protobuf-java-3.5.1.jar:lib/jdom-2.0.2.jar:lib/api-util-1.0.0-M20.jar:lib/hadoop-common-2.7.3.jar:lib/agrona-0.9.6.jar:lib/xmlenc-0.52.jar:lib/guava-21.0.jar:lib/commons-collections-3.2.2.jar:lib/avro-1.7.4.jar:lib/httpclient-4.1.2.jar:lib/flamestream-core-1.0-SNAPSHOT-tests.jar:lib/annotations-12.0.jar:lib/jsch-0.1.42.jar:flamestream-runtime-1.0-SNAPSHOT.jar
14:11:23.896 [worker-akka.actor.default-dispatcher-2] INFO  o.a.z.ZooKeeper  - Client environment:java.library.path=/usr/java/packages/lib/amd64:/usr/lib/x86_64-linux-gnu/jni:/lib/x86_64-linux-gnu:/usr/lib/x86_64-linux-gnu:/usr/lib/jni:/lib:/usr/lib
14:11:23.896 [worker-akka.actor.default-dispatcher-2] INFO  o.a.z.ZooKeeper  - Client environment:java.io.tmpdir=/tmp
14:11:23.896 [worker-akka.actor.default-dispatcher-2] INFO  o.a.z.ZooKeeper  - Client environment:java.compiler=<NA>
14:11:23.896 [worker-akka.actor.default-dispatcher-2] INFO  o.a.z.ZooKeeper  - Client environment:os.name=Linux
14:11:23.897 [worker-akka.actor.default-dispatcher-2] INFO  o.a.z.ZooKeeper  - Client environment:os.arch=amd64
14:11:23.897 [worker-akka.actor.default-dispatcher-2] INFO  o.a.z.ZooKeeper  - Client environment:os.version=4.4.0-1049-aws
14:11:23.897 [worker-akka.actor.default-dispatcher-2] INFO  o.a.z.ZooKeeper  - Client environment:user.name=root
14:11:23.898 [worker-akka.actor.default-dispatcher-2] INFO  o.a.z.ZooKeeper  - Client environment:user.home=/root
14:11:23.898 [worker-akka.actor.default-dispatcher-2] INFO  o.a.z.ZooKeeper  - Client environment:user.dir=/opt/flamestream
14:11:23.901 [worker-akka.actor.default-dispatcher-2] INFO  o.a.z.ZooKeeper  - Initiating client connection, connectString=172.31.34.147:2181 sessionTimeout=5000 watcher=com.spbsu.flamestream.runtime.application.LifecycleWatcher$$Lambda$29/764839090@3d5d5f13
14:11:23.936 [worker-akka.actor.default-dispatcher-2] INFO  a.a.RepointableActorRef akka://worker/user/watcher - Starting...
14:11:23.940 [worker-akka.actor.default-dispatcher-2-SendThread(172.31.34.147:2181)] INFO  o.a.z.ClientCnxn  - Opening socket connection to server 172.31.34.147/172.31.34.147:2181. Will not attempt to authenticate using SASL (unknown error)
14:11:23.944 [worker-akka.actor.default-dispatcher-2-SendThread(172.31.34.147:2181)] INFO  o.a.z.ClientCnxn  - Socket connection established to 172.31.34.147/172.31.34.147:2181, initiating session
14:11:23.955 [worker-akka.actor.default-dispatcher-2-SendThread(172.31.34.147:2181)] INFO  o.a.z.ClientCnxn  - Session establishment complete on server 172.31.34.147/172.31.34.147:2181, sessionid = 0x161ae66be2d000a, negotiated timeout = 6000
14:11:24.051 [worker-akka.actor.default-dispatcher-2] INFO  a.a.RepointableActorRef akka://worker/user/watcher - Connected to ZK
14:11:33.908 [worker-akka.actor.default-dispatcher-2] INFO  a.a.RepointableActorRef akka://worker/user/watcher - Creating node with watchGraphs: 'com.spbsu.flamestream.core.Graph$Builder$MyGraph@4084ed8a', config: 'ClusterConfig{paths={172.31.33.155=akka://worker@172.31.33.155:5412/user/watcher/graph0000000000, 172.31.47.83=akka://worker@172.31.47.83:5412/user/watcher/graph0000000000, 172.31.45.197=akka://worker@172.31.45.197:5412/user/watcher/graph0000000000, 172.31.42.36=akka://worker@172.31.42.36:5412/user/watcher/graph0000000000, 172.31.44.83=akka://worker@172.31.44.83:5412/user/watcher/graph0000000000, 172.31.39.64=akka://worker@172.31.39.64:5412/user/watcher/graph0000000000, 172.31.35.79=akka://worker@172.31.35.79:5412/user/watcher/graph0000000000, 172.31.34.169=akka://worker@172.31.34.169:5412/user/watcher/graph0000000000, 172.31.47.100=akka://worker@172.31.47.100:5412/user/watcher/graph0000000000, 172.31.37.101=akka://worker@172.31.37.101:5412/user/watcher/graph0000000000}, ackerLocation='172.31.35.79', props=ComputationLayout{ranges={172.31.33.155=HashRange{from=-1670265060, to=-1193046472}, 172.31.47.83=HashRange{from=1670265056, to=2147483644}, 172.31.45.197=HashRange{from=-715827884, to=-238609296}, 172.31.42.36=HashRange{from=1193046468, to=1670265056}, 172.31.44.83=HashRange{from=-238609296, to=238609292}, 172.31.39.64=HashRange{from=715827880, to=1193046468}, 172.31.35.79=HashRange{from=0, to=0}, 172.31.34.169=HashRange{from=-2147483648, to=-1670265060}, 172.31.47.100=HashRange{from=238609292, to=715827880}, 172.31.37.101=HashRange{from=-1193046472, to=-715827884}}}}'
14:11:34.692 [worker-akka.actor.default-dispatcher-2] INFO  a.a.LocalActorRef akka://worker/user/watcher/graph0000000000/graph - Starting...
14:11:34.694 [worker-akka.actor.default-dispatcher-2] INFO  a.a.LocalActorRef akka://worker/user/watcher/graph0000000000/graph/local-acker/$a - Starting...
14:11:34.696 [worker-akka.actor.default-dispatcher-2] INFO  a.a.LocalActorRef akka://worker/user/watcher/graph0000000000/graph/local-acker - Starting...
Warning: space is running low in /dev/shm (tmpfs) threshold=167,772,160 usable=158,621,696
Warning: space is running low in /dev/shm (tmpfs) threshold=167,772,160 usable=146,034,688
Warning: space is running low in /dev/shm (tmpfs) threshold=167,772,160 usable=133,447,680
Warning: space is running low in /dev/shm (tmpfs) threshold=167,772,160 usable=120,860,672
Warning: space is running low in /dev/shm (tmpfs) threshold=167,772,160 usable=108,273,664
Warning: space is running low in /dev/shm (tmpfs) threshold=167,772,160 usable=95,686,656
Warning: space is running low in /dev/shm (tmpfs) threshold=167,772,160 usable=83,099,648
Warning: space is running low in /dev/shm (tmpfs) threshold=167,772,160 usable=70,512,640
14:11:36.307 [worker-akka.actor.default-dispatcher-2] INFO  a.a.LocalActorRef akka://worker/user/watcher/graph0000000000/graph - Finishing constructor
14:11:36.308 [worker-akka.actor.default-dispatcher-2] INFO  a.a.LocalActorRef akka://worker/user/watcher/graph0000000000 - Starting...
14:11:36.309 [worker-akka.actor.default-dispatcher-2] INFO  a.a.LocalActorRef akka://worker/user/watcher/graph0000000000/negotiator - Starting...
14:11:36.310 [worker-akka.actor.default-dispatcher-2] INFO  a.a.LocalActorRef akka://worker/user/watcher/graph0000000000/edge - Starting...
14:11:36.391 [worker-akka.actor.default-dispatcher-2] INFO  c.s.f.r.e.s.SocketRear  - FlameSocketGraphDeployerRear@172.31.44.83: connecting to 172.31.34.147:5678
14:11:36.394 [worker-akka.actor.default-dispatcher-2] INFO  c.s.f.r.e.s.SocketRear  - FlameSocketGraphDeployerRear@172.31.44.83: connected to 172.31.34.147:5678
14:11:36.414 [worker-akka.actor.default-dispatcher-2] INFO  a.a.LocalActorRef akka://worker/user/watcher/graph0000000000/graph/$a - Starting...
14:11:36.415 [worker-akka.actor.default-dispatcher-2] INFO  a.a.LocalActorRef akka://worker/user/watcher/graph0000000000/graph/$b - Starting...
14:11:36.416 [worker-akka.actor.default-dispatcher-2] INFO  a.a.LocalActorRef akka://worker/user/watcher/graph0000000000/graph/$c - Starting...
14:11:36.417 [worker-akka.actor.default-dispatcher-2] INFO  a.a.LocalActorRef akka://worker/user/watcher/graph0000000000/edge/FlameSocketGraphDeployerRear - Starting...
14:11:36.418 [worker-akka.actor.default-dispatcher-2] INFO  a.a.LocalActorRef akka://worker/user/watcher/graph0000000000/edge/FlameSocketGraphDeployerFront - Starting...
14:11:36.419 [worker-akka.actor.default-dispatcher-2] INFO  a.a.LocalActorRef akka://worker/user/watcher/graph0000000000/negotiator - Requesting ticket for the frontClass FlameSocketGraphDeployerFront@172.31.44.83
14:11:36.431 [worker-akka.actor.default-dispatcher-2] INFO  a.a.LocalActorRef akka://worker/user/watcher/graph0000000000/negotiator - Ticket for the frontClass received: FrontTicket{allowedTimestamp=(1519049493891, FlameSocketGraphDeployerFront@172.31.44.83)}
14:11:36.432 [worker-akka.actor.default-dispatcher-2] INFO  c.s.f.r.e.s.SocketFront  - FlameSocketGraphDeployerFront@172.31.44.83: connecting to 172.31.34.147:4567
14:11:36.444 [Client] INFO  c.s.f.r.e.s.SocketFront  - FlameSocketGraphDeployerFront@172.31.44.83 has been disconnected from Connection 7
2018-02-19T14:11:39.704+0000: 19.268: [GC (Allocation Failure) 2018-02-19T14:11:39.705+0000: 19.268: [DefNew: 136576K->15523K(153600K), 0.0290455 secs] 151986K->50465K(494976K), 0.0307993 secs] [Times: user=0.02 sys=0.00, real=0.04 secs] 
2018-02-19T14:11:50.613+0000: 30.176: [GC (Allocation Failure) 2018-02-19T14:11:50.614+0000: 30.176: [DefNew: 152099K->3646K(153600K), 0.0175900 secs] 187041K->46148K(494976K), 0.0176485 secs] [Times: user=0.02 sys=0.01, real=0.02 secs] 
2018-02-19T14:12:05.466+0000: 45.029: [GC (Allocation Failure) 2018-02-19T14:12:05.466+0000: 45.029: [DefNew: 140222K->5972K(153600K), 0.0126380 secs] 182724K->48473K(494976K), 0.0127071 secs] [Times: user=0.01 sys=0.00, real=0.01 secs] 
2018-02-19T14:12:17.568+0000: 57.130: [GC (Allocation Failure) 2018-02-19T14:12:17.568+0000: 57.131: [DefNew: 142548K->7307K(153600K), 0.0156125 secs] 185049K->49809K(494976K), 0.0156877 secs] [Times: user=0.02 sys=0.00, real=0.01 secs] 
2018-02-19T14:12:28.840+0000: 68.403: [GC (Allocation Failure) 2018-02-19T14:12:28.840+0000: 68.403: [DefNew: 143883K->9776K(153600K), 0.0168790 secs] 186385K->52277K(494976K), 0.0169423 secs] [Times: user=0.01 sys=0.00, real=0.02 secs] 
2018-02-19T14:12:41.691+0000: 81.254: [GC (Allocation Failure) 2018-02-19T14:12:41.691+0000: 81.254: [DefNew: 146352K->9043K(153600K), 0.0179516 secs] 188853K->52980K(494976K), 0.0180178 secs] [Times: user=0.02 sys=0.00, real=0.02 secs] 
2018-02-19T14:12:54.984+0000: 94.547: [GC (Allocation Failure) 2018-02-19T14:12:54.984+0000: 94.547: [DefNew: 145619K->9000K(153600K), 0.0179577 secs] 189556K->54398K(494976K), 0.0180223 secs] [Times: user=0.02 sys=0.00, real=0.02 secs] 
2018-02-19T14:13:11.601+0000: 111.163: [GC (Allocation Failure) 2018-02-19T14:13:11.601+0000: 111.164: [DefNew: 145576K->9575K(153600K), 0.0200166 secs] 190974K->56066K(494976K), 0.0200877 secs] [Times: user=0.02 sys=0.00, real=0.02 secs] 
2018-02-19T14:13:24.982+0000: 124.545: [GC (Allocation Failure) 2018-02-19T14:13:24.982+0000: 124.545: [DefNew: 146151K->9786K(153600K), 0.0312426 secs] 192642K->57607K(494976K), 0.0313096 secs] [Times: user=0.03 sys=0.00, real=0.03 secs] 
2018-02-19T14:13:39.885+0000: 139.448: [GC (Allocation Failure) 2018-02-19T14:13:39.885+0000: 139.448: [DefNew: 146362K->9248K(153600K), 0.0177856 secs] 194183K->58519K(494976K), 0.0178505 secs] [Times: user=0.02 sys=0.00, real=0.02 secs] 
2018-02-19T14:13:54.928+0000: 154.491: [GC (Allocation Failure) 2018-02-19T14:13:54.928+0000: 154.491: [DefNew: 145824K->9243K(153600K), 0.0169175 secs] 195095K->59742K(494976K), 0.0169853 secs] [Times: user=0.02 sys=0.00, real=0.01 secs] 
2018-02-19T14:14:09.640+0000: 169.203: [GC (Allocation Failure) 2018-02-19T14:14:09.640+0000: 169.203: [DefNew: 145819K->8784K(153600K), 0.0168552 secs] 196318K->60815K(494976K), 0.0169173 secs] [Times: user=0.02 sys=0.00, real=0.02 secs] 
2018-02-19T14:14:22.497+0000: 182.060: [GC (Allocation Failure) 2018-02-19T14:14:22.497+0000: 182.060: [DefNew: 145360K->8761K(153600K), 0.0170137 secs] 197391K->62066K(494976K), 0.0170866 secs] [Times: user=0.01 sys=0.00, real=0.02 secs] 
2018-02-19T14:14:37.858+0000: 197.421: [GC (Allocation Failure) 2018-02-19T14:14:37.858+0000: 197.421: [DefNew: 145337K->8897K(153600K), 0.0164335 secs] 198642K->63425K(494976K), 0.0165047 secs] [Times: user=0.01 sys=0.00, real=0.02 secs] 
2018-02-19T14:14:51.894+0000: 211.457: [GC (Allocation Failure) 2018-02-19T14:14:51.894+0000: 211.457: [DefNew: 145473K->9032K(153600K), 0.0170864 secs] 200001K->64623K(494976K), 0.0171561 secs] [Times: user=0.01 sys=0.01, real=0.01 secs] 
2018-02-19T14:15:03.432+0000: 222.995: [GC (Allocation Failure) 2018-02-19T14:15:03.432+0000: 222.995: [DefNew: 145608K->9271K(153600K), 0.0164531 secs] 201199K->65963K(494976K), 0.0165198 secs] [Times: user=0.01 sys=0.00, real=0.02 secs] 
2018-02-19T14:15:17.201+0000: 236.764: [GC (Allocation Failure) 2018-02-19T14:15:17.201+0000: 236.764: [DefNew: 145847K->9564K(153600K), 0.0178296 secs] 202539K->67340K(494976K), 0.0179023 secs] [Times: user=0.01 sys=0.01, real=0.02 secs] 
2018-02-19T14:15:33.820+0000: 253.383: [GC (Allocation Failure) 2018-02-19T14:15:33.820+0000: 253.383: [DefNew: 146140K->9764K(153600K), 0.0173526 secs] 203916K->68757K(494976K), 0.0174232 secs] [Times: user=0.02 sys=0.00, real=0.02 secs] 
2018-02-19T14:15:48.464+0000: 268.026: [GC (Allocation Failure) 2018-02-19T14:15:48.464+0000: 268.026: [DefNew: 146340K->8794K(153600K), 0.0180712 secs] 205333K->70023K(494976K), 0.0181312 secs] [Times: user=0.02 sys=0.00, real=0.02 secs] 
2018-02-19T14:16:00.583+0000: 280.146: [GC (Allocation Failure) 2018-02-19T14:16:00.583+0000: 280.146: [DefNew: 145370K->8689K(153600K), 0.0167424 secs] 206599K->71271K(494976K), 0.0168160 secs] [Times: user=0.02 sys=0.00, real=0.02 secs] 
2018-02-19T14:16:10.507+0000: 290.070: [GC (Allocation Failure) 2018-02-19T14:16:10.507+0000: 290.070: [DefNew: 145265K->9010K(153600K), 0.0167704 secs] 207847K->72855K(494976K), 0.0168460 secs] [Times: user=0.02 sys=0.00, real=0.01 secs] 
2018-02-19T14:16:26.260+0000: 305.823: [GC (Allocation Failure) 2018-02-19T14:16:26.260+0000: 305.823: [DefNew: 145586K->9885K(153600K), 0.0176168 secs] 209431K->74926K(494976K), 0.0176854 secs] [Times: user=0.02 sys=0.00, real=0.02 secs] 
2018-02-19T14:16:36.604+0000: 316.167: [GC (Allocation Failure) 2018-02-19T14:16:36.604+0000: 316.167: [DefNew: 146461K->9829K(153600K), 0.0164311 secs] 211502K->76162K(494976K), 0.0165021 secs] [Times: user=0.01 sys=0.00, real=0.02 secs] 
2018-02-19T14:16:48.738+0000: 328.301: [GC (Allocation Failure) 2018-02-19T14:16:48.738+0000: 328.301: [DefNew: 146405K->7621K(153600K), 0.0196828 secs] 212738K->77607K(494976K), 0.0197651 secs] [Times: user=0.01 sys=0.00, real=0.02 secs] 
2018-02-19T14:17:00.100+0000: 339.663: [GC (Allocation Failure) 2018-02-19T14:17:00.100+0000: 339.663: [DefNew: 144197K->8811K(153600K), 0.0139053 secs] 214183K->78798K(494976K), 0.0139820 secs] [Times: user=0.01 sys=0.00, real=0.02 secs] 
2018-02-19T14:17:15.473+0000: 355.036: [GC (Allocation Failure) 2018-02-19T14:17:15.474+0000: 355.036: [DefNew: 145387K->9213K(153600K), 0.0161838 secs] 215374K->80307K(494976K), 0.0162450 secs] [Times: user=0.02 sys=0.00, real=0.02 secs] 
2018-02-19T14:17:28.373+0000: 367.936: [GC (Allocation Failure) 2018-02-19T14:17:28.373+0000: 367.936: [DefNew: 145789K->9910K(153600K), 0.0174944 secs] 216883K->82181K(494976K), 0.0175600 secs] [Times: user=0.02 sys=0.00, real=0.02 secs] 
2018-02-19T14:17:41.568+0000: 381.131: [GC (Allocation Failure) 2018-02-19T14:17:41.568+0000: 381.131: [DefNew: 146486K->8068K(153600K), 0.0199726 secs] 218757K->83014K(494976K), 0.0200389 secs] [Times: user=0.02 sys=0.00, real=0.02 secs] 
2018-02-19T14:17:53.320+0000: 392.883: [GC (Allocation Failure) 2018-02-19T14:17:53.321+0000: 392.883: [DefNew: 144644K->10115K(153600K), 0.0155554 secs] 219590K->85061K(494976K), 0.0156168 secs] [Times: user=0.00 sys=0.01, real=0.02 secs] 
2018-02-19T14:18:09.671+0000: 409.234: [GC (Allocation Failure) 2018-02-19T14:18:09.671+0000: 409.234: [DefNew: 146691K->9948K(153600K), 0.0187185 secs] 221637K->86298K(494976K), 0.0187927 secs] [Times: user=0.01 sys=0.00, real=0.02 secs] 
2018-02-19T14:18:21.689+0000: 421.252: [GC (Allocation Failure) 2018-02-19T14:18:21.689+0000: 421.252: [DefNew: 146524K->8940K(153600K), 0.0177874 secs] 222874K->87757K(494976K), 0.0178613 secs] [Times: user=0.02 sys=0.00, real=0.02 secs] 
2018-02-19T14:18:34.986+0000: 434.549: [GC (Allocation Failure) 2018-02-19T14:18:34.986+0000: 434.549: [DefNew: 145516K->9261K(153600K), 0.0187672 secs] 224333K->89645K(494976K), 0.0188295 secs] [Times: user=0.01 sys=0.00, real=0.02 secs] 
2018-02-19T14:18:47.658+0000: 447.221: [GC (Allocation Failure) 2018-02-19T14:18:47.658+0000: 447.221: [DefNew: 145837K->9528K(153600K), 0.0179152 secs] 226221K->91396K(494976K), 0.0179762 secs] [Times: user=0.01 sys=0.01, real=0.02 secs] 
2018-02-19T14:19:02.757+0000: 462.320: [GC (Allocation Failure) 2018-02-19T14:19:02.757+0000: 462.320: [DefNew: 146104K->9377K(153600K), 0.0180976 secs] 227972K->92917K(494976K), 0.0181707 secs] [Times: user=0.01 sys=0.01, real=0.02 secs] 
2018-02-19T14:19:18.072+0000: 477.635: [GC (Allocation Failure) 2018-02-19T14:19:18.072+0000: 477.635: [DefNew: 145953K->9480K(153600K), 0.0163013 secs] 229493K->94623K(494976K), 0.0163606 secs] [Times: user=0.01 sys=0.00, real=0.02 secs] 
2018-02-19T14:19:31.059+0000: 490.622: [GC (Allocation Failure) 2018-02-19T14:19:31.059+0000: 490.622: [DefNew: 146056K->9807K(153600K), 0.0172440 secs] 231199K->96583K(494976K), 0.0173120 secs] [Times: user=0.02 sys=0.00, real=0.02 secs] 
2018-02-19T14:19:42.149+0000: 501.712: [GC (Allocation Failure) 2018-02-19T14:19:42.149+0000: 501.712: [DefNew: 146383K->10120K(153600K), 0.0170073 secs] 233159K->98333K(494976K), 0.0170684 secs] [Times: user=0.01 sys=0.00, real=0.02 secs] 
2018-02-19T14:19:56.912+0000: 516.475: [GC (Allocation Failure) 2018-02-19T14:19:56.912+0000: 516.475: [DefNew: 146696K->10045K(153600K), 0.0174697 secs] 234909K->99887K(494976K), 0.0175346 secs] [Times: user=0.02 sys=0.00, real=0.02 secs] 
2018-02-19T14:20:08.394+0000: 527.957: [GC (Allocation Failure) 2018-02-19T14:20:08.394+0000: 527.957: [DefNew: 146621K->9925K(153600K), 0.0180243 secs] 236463K->101665K(494976K), 0.0181028 secs] [Times: user=0.01 sys=0.00, real=0.01 secs] 
14:20:12.840 [Client] INFO  c.s.f.r.e.s.SocketRear  - FlameSocketGraphDeployerRear@172.31.44.83: has been disconnected from Connection 7
14:20:26.784 [worker-akka.actor.default-dispatcher-2] INFO  a.a.CoordinatedShutdown CoordinatedShutdown(akka://worker) - Starting coordinated shutdown from JVM shutdown hook
14:20:26.833 [worker-akka.actor.default-dispatcher-2] INFO  a.a.LocalActorRef akka://worker/user/watcher/graph0000000000/negotiator - Stopped
14:20:26.834 [worker-akka.actor.default-dispatcher-2] INFO  a.a.LocalActorRef akka://worker/user/watcher/graph0000000000/edge/FlameSocketGraphDeployerFront - Stopped
14:20:26.834 [worker-akka.actor.default-dispatcher-2] INFO  a.a.LocalActorRef akka://worker/user/watcher/graph0000000000/graph/local-acker/$a - Stopped
14:20:26.834 [worker-akka.actor.default-dispatcher-2] INFO  a.a.LocalActorRef akka://worker/user/watcher/graph0000000000/edge/FlameSocketGraphDeployerRear - Stopped
14:20:26.835 [worker-akka.actor.default-dispatcher-2] INFO  a.a.LocalActorRef akka://worker/user/watcher/graph0000000000/graph/$a - Stopped
14:20:26.835 [worker-akka.actor.default-dispatcher-2] INFO  a.a.LocalActorRef akka://worker/user/watcher/graph0000000000/graph/local-acker/$a - Message [com.spbsu.flamestream.runtime.utils.akka.PingActor$InnerPing] from Actor[akka://worker/user/watcher/graph0000000000/graph/local-acker/$a#-1730038554] to Actor[akka://worker/user/watcher/graph0000000000/graph/local-acker/$a#-1730038554] was not delivered. [1] dead letters encountered. This logging can be turned off or adjusted with configuration settings 'akka.log-dead-letters' and 'akka.log-dead-letters-during-shutdown'.
14:20:26.836 [worker-akka.actor.default-dispatcher-2] INFO  a.a.LocalActorRef akka://worker/user/watcher/graph0000000000/graph/$b - Stopped
14:20:26.836 [worker-akka.actor.default-dispatcher-2] INFO  a.a.LocalActorRef akka://worker/user/watcher/graph0000000000/graph/local-acker - Stopped
14:20:26.836 [worker-akka.actor.default-dispatcher-2] INFO  a.a.LocalActorRef akka://worker/user/watcher/graph0000000000/graph/$c - Stopped
14:20:26.838 [worker-akka.actor.default-dispatcher-2] INFO  a.a.LocalActorRef akka://worker/user/watcher/graph0000000000/edge - Stopped
14:20:26.840 [worker-akka.actor.default-dispatcher-2] INFO  a.a.LocalActorRef akka://worker/user/watcher/graph0000000000/graph - Stopped
14:20:26.840 [worker-akka.actor.default-dispatcher-2] INFO  a.a.LocalActorRef akka://worker/user/watcher/graph0000000000 - Stopped
14:20:26.841 [worker-akka.actor.default-dispatcher-2] INFO  a.a.LocalActorRef akka://worker/user/watcher/graph0000000000/graph/local-acker/$a - Message [com.spbsu.flamestream.runtime.utils.akka.PingActor$Stop] from Actor[akka://worker/user/watcher/graph0000000000/graph/local-acker#-630593805] to Actor[akka://worker/user/watcher/graph0000000000/graph/local-acker/$a#-1730038554] was not delivered. [2] dead letters encountered. This logging can be turned off or adjusted with configuration settings 'akka.log-dead-letters' and 'akka.log-dead-letters-during-shutdown'.
14:20:26.842 [worker-akka.actor.default-dispatcher-2] INFO  a.a.LocalActorRef akka://worker/user/watcher/graph0000000000/graph/local-acker - Message [com.spbsu.flamestream.runtime.acker.LocalAcker$Flush] from Actor[akka://worker/user/watcher/graph0000000000/graph/local-acker#-630593805] to Actor[akka://worker/user/watcher/graph0000000000/graph/local-acker#-630593805] was not delivered. [3] dead letters encountered. This logging can be turned off or adjusted with configuration settings 'akka.log-dead-letters' and 'akka.log-dead-letters-during-shutdown'.
14:20:26.842 [worker-akka.actor.default-dispatcher-2] INFO  a.a.LocalActorRef akka://worker/user/watcher/graph0000000000/graph/local-acker - Message [com.spbsu.flamestream.runtime.acker.LocalAcker$Flush] from Actor[akka://worker/user/watcher/graph0000000000/graph/local-acker#-630593805] to Actor[akka://worker/user/watcher/graph0000000000/graph/local-acker#-630593805] was not delivered. [4] dead letters encountered. This logging can be turned off or adjusted with configuration settings 'akka.log-dead-letters' and 'akka.log-dead-letters-during-shutdown'.
14:20:26.844 [worker-akka.actor.default-dispatcher-2-EventThread] INFO  o.a.z.ClientCnxn  - EventThread shut down for session: 0x161ae66be2d000a
14:20:26.844 [worker-akka.actor.default-dispatcher-2] INFO  o.a.z.ZooKeeper  - Session: 0x161ae66be2d000a closed
14:20:26.845 [worker-akka.actor.default-dispatcher-2] INFO  a.a.RepointableActorRef akka://worker/user/watcher - Stopped
14:20:26.856 [worker-akka.actor.default-dispatcher-2] INFO  a.r.RemoteActorRefProvider$RemotingTerminator akka://worker@172.31.44.83:5412/system/remoting-terminator - Shutting down remote daemon.
14:20:26.863 [worker-akka.actor.default-dispatcher-2] INFO  a.r.RemoteActorRefProvider$RemotingTerminator akka://worker@172.31.44.83:5412/system/remoting-terminator - Remote daemon shut down; proceeding with flushing remote transports.
14:20:28.011 [worker-akka.actor.default-dispatcher-2] INFO  a.r.RemoteActorRefProvider$RemotingTerminator akka://worker@172.31.44.83:5412/system/remoting-terminator - Remoting shut down.
Heap
 def new generation   total 153600K, used 78935K [0x00000000e0c00000, 0x00000000eb2a0000, 0x00000000eb2a0000)
  eden space 136576K,  50% used [0x00000000e0c00000, 0x00000000e4f64a70, 0x00000000e9160000)
  from space 17024K,  58% used [0x00000000ea200000, 0x00000000eabb1410, 0x00000000eb2a0000)
  to   space 17024K,   0% used [0x00000000e9160000, 0x00000000e9160000, 0x00000000ea200000)
 tenured generation   total 341376K, used 91740K [0x00000000eb2a0000, 0x0000000100000000, 0x0000000100000000)
   the space 341376K,  26% used [0x00000000eb2a0000, 0x00000000f0c37250, 0x00000000f0c37400, 0x0000000100000000)
 Metaspace       used 33470K, capacity 34234K, committed 34432K, reserved 1079296K
  class space    used 4457K, capacity 4624K, committed 4736K, reserved 1048576K
