11:28:34,015 |-INFO in ch.qos.logback.classic.LoggerContext[default] - Could NOT find resource [logback-test.xml]
11:28:34,015 |-INFO in ch.qos.logback.classic.LoggerContext[default] - Could NOT find resource [logback.groovy]
11:28:34,016 |-INFO in ch.qos.logback.classic.LoggerContext[default] - Found resource [logback.xml] at [jar:file:/opt/flamestream/lib/flamestream-runtime-1.0-SNAPSHOT.jar!/logback.xml]
11:28:34,016 |-WARN in ch.qos.logback.classic.LoggerContext[default] - Resource [logback.xml] occurs multiple times on the classpath.
11:28:34,016 |-WARN in ch.qos.logback.classic.LoggerContext[default] - Resource [logback.xml] occurs at [jar:file:/opt/flamestream/flamestream-runtime-1.0-SNAPSHOT.jar!/logback.xml]
11:28:34,016 |-WARN in ch.qos.logback.classic.LoggerContext[default] - Resource [logback.xml] occurs at [jar:file:/opt/flamestream/lib/flamestream-runtime-1.0-SNAPSHOT.jar!/logback.xml]
11:28:34,042 |-INFO in ch.qos.logback.core.joran.spi.ConfigurationWatchList@69b794e2 - URL [jar:file:/opt/flamestream/lib/flamestream-runtime-1.0-SNAPSHOT.jar!/logback.xml] is not of type file
11:28:34,123 |-INFO in ch.qos.logback.classic.joran.action.ConfigurationAction - debug attribute not set
11:28:34,124 |-INFO in ch.qos.logback.core.joran.action.AppenderAction - About to instantiate appender of type [ch.qos.logback.core.ConsoleAppender]
11:28:34,132 |-INFO in ch.qos.logback.core.joran.action.AppenderAction - Naming appender as [STDOUT]
11:28:34,139 |-INFO in ch.qos.logback.core.joran.action.NestedComplexPropertyIA - Assuming default type [ch.qos.logback.classic.encoder.PatternLayoutEncoder] for [encoder] property
11:28:34,173 |-INFO in ch.qos.logback.core.joran.action.AppenderAction - About to instantiate appender of type [ch.qos.logback.core.rolling.RollingFileAppender]
11:28:34,179 |-INFO in ch.qos.logback.core.joran.action.AppenderAction - Naming appender as [FILE]
11:28:34,196 |-INFO in c.q.l.core.rolling.TimeBasedRollingPolicy@1059063940 - No compression will be used
11:28:34,197 |-INFO in c.q.l.core.rolling.TimeBasedRollingPolicy@1059063940 - Will use the pattern /tmp/application_%d{yyyy-MM-dd}.%i.log for the active file
11:28:34,201 |-INFO in ch.qos.logback.core.rolling.SizeAndTimeBasedFNATP@4d339552 - The date pattern is 'yyyy-MM-dd' from file name pattern '/tmp/application_%d{yyyy-MM-dd}.%i.log'.
11:28:34,201 |-INFO in ch.qos.logback.core.rolling.SizeAndTimeBasedFNATP@4d339552 - Roll-over at midnight.
11:28:34,205 |-INFO in ch.qos.logback.core.rolling.SizeAndTimeBasedFNATP@4d339552 - Setting initial period to Fri Mar 30 10:41:22 UTC 2018
11:28:34,205 |-WARN in ch.qos.logback.core.rolling.SizeAndTimeBasedFNATP@4d339552 - SizeAndTimeBasedFNATP is deprecated. Use SizeAndTimeBasedRollingPolicy instead
11:28:34,205 |-WARN in ch.qos.logback.core.rolling.SizeAndTimeBasedFNATP@4d339552 - For more information see http://logback.qos.ch/manual/appenders.html#SizeAndTimeBasedRollingPolicy
11:28:34,210 |-INFO in ch.qos.logback.core.joran.action.NestedComplexPropertyIA - Assuming default type [ch.qos.logback.classic.encoder.PatternLayoutEncoder] for [encoder] property
11:28:34,214 |-INFO in ch.qos.logback.core.rolling.RollingFileAppender[FILE] - Active log file name: /tmp/application.log
11:28:34,214 |-INFO in ch.qos.logback.core.rolling.RollingFileAppender[FILE] - File property is set to [/tmp/application.log]
11:28:34,215 |-INFO in ch.qos.logback.classic.joran.action.RootLoggerAction - Setting level of ROOT logger to INFO
11:28:34,215 |-INFO in ch.qos.logback.core.joran.action.AppenderRefAction - Attaching appender named [STDOUT] to Logger[ROOT]
11:28:34,216 |-INFO in ch.qos.logback.core.joran.action.AppenderRefAction - Attaching appender named [FILE] to Logger[ROOT]
11:28:34,216 |-INFO in ch.qos.logback.classic.joran.action.ConfigurationAction - End of configuration.
11:28:34,216 |-INFO in ch.qos.logback.classic.joran.JoranConfigurator@f0f2775 - Registering current configuration as safe fallback point

11:28:34.220 [main] INFO  c.s.f.r.a.WorkerApplication  - Starting worker with id: '10.0.0.205', host: '10.0.0.205:5412', zkString: '10.0.0.107:2181'
11:28:35.090 [worker-akka.actor.default-dispatcher-3] INFO  a.e.s.Slf4jLogger  - Slf4jLogger started
2018-03-30T11:28:35.229+0000: 1.791: [Full GC (Metadata GC Threshold) 2018-03-30T11:28:35.229+0000: 1.791: [Tenured: 0K->15842K(341376K), 0.0390554 secs] 131339K->15842K(494976K), [Metaspace: 20928K->20928K(1067008K)], 0.0391202 secs] [Times: user=0.04 sys=0.00, real=0.04 secs] 
Ama winner
Ama winner
11:28:35.602 [worker-akka.actor.default-dispatcher-3] INFO  a.r.a.ArteryTransport(akka://worker) akka.remote.artery.ArteryTransport(akka://worker) - Started embedded media driver in directory [/dev/shm/aeron-10.0.0.205]
11:28:35.798 [worker-akka.actor.default-dispatcher-3] INFO  a.r.a.ArteryTransport(akka://worker) akka.remote.artery.ArteryTransport(akka://worker) - Remoting started; listening on address: [akka://worker@10.0.0.205:5412] with UID [5412981646654799194]
11:28:35.855 [worker-akka.actor.default-dispatcher-6] INFO  a.a.RepointableActorRef akka://worker/user/watcher - Starting...
11:28:35.925 [worker-akka.actor.default-dispatcher-3] INFO  o.a.z.ZooKeeper  - Client environment:zookeeper.version=3.4.9-1757313, built on 08/23/2016 06:50 GMT
11:28:35.926 [worker-akka.actor.default-dispatcher-3] INFO  o.a.z.ZooKeeper  - Client environment:host.name=localhost
11:28:35.926 [worker-akka.actor.default-dispatcher-3] INFO  o.a.z.ZooKeeper  - Client environment:java.version=1.8.0_151
11:28:35.927 [worker-akka.actor.default-dispatcher-3] INFO  o.a.z.ZooKeeper  - Client environment:java.vendor=Oracle Corporation
11:28:35.927 [worker-akka.actor.default-dispatcher-3] INFO  o.a.z.ZooKeeper  - Client environment:java.home=/usr/lib/jvm/java-8-openjdk-amd64/jre
11:28:35.927 [worker-akka.actor.default-dispatcher-3] INFO  o.a.z.ZooKeeper  - Client environment:java.class.path=lib/commons-cli-1.4.jar:lib/minlog-1.3.0.jar:lib/asm-5.0.4.jar:lib/hadoop-annotations-2.7.3.jar:lib/hadoop-auth-2.7.3.jar:lib/akka-slf4j_2.11-2.5.6.jar:lib/jersey-core-1.9.jar:lib/lz4-1.3.0.jar:lib/jackson-core-asl-1.9.13.jar:lib/aeron-client-1.3.0.jar:lib/htrace-core-3.1.0-incubating.jar:lib/xz-1.0.jar:lib/commons-httpclient-3.1.jar:lib/asm-3.1.jar:lib/commons-lang3-3.4.jar:lib/scala-library-2.11.11.jar:lib/scala-java8-compat_2.11-0.7.0.jar:lib/commons-configuration-1.6.jar:lib/objenesis-2.1.jar:lib/jackson-annotations-2.8.0.jar:lib/jsr305-3.0.0.jar:lib/curator-framework-2.7.1.jar:lib/jersey-server-1.9.jar:lib/jets3t-0.9.0.jar:lib/leveldb-0.7.jar:lib/jetty-6.1.26.jar:lib/stax-api-1.0-2.jar:lib/flamestream-core-1.0-SNAPSHOT.jar:lib/reflectasm-1.07-shaded.jar:lib/apacheds-kerberos-codec-2.0.0-M15.jar:lib/api-asn1-api-1.0.0-M20.jar:lib/commons-lang-2.6.jar:lib/commons-beanutils-1.7.0.jar:lib/jackson-xc-1.8.3.jar:lib/jetty-util-6.1.26.jar:lib/logback-classic-1.2.3.jar:lib/jool-0.9.12.jar:lib/httpcore-4.1.2.jar:lib/kryo-4.0.0.jar:lib/ant-1.8.1.jar:lib/jaxb-impl-2.2.3-1.jar:lib/jersey-json-1.9.jar:lib/commons-compress-1.4.1.jar:lib/leveldbjni-all-1.8.jar:lib/paranamer-2.3.jar:lib/jackson-core-2.8.4.jar:lib/commons-math3-3.6.1.jar:lib/scala-parser-combinators_2.11-1.0.4.jar:lib/netty-3.10.6.Final.jar:lib/trove4j-3.0.3.jar:lib/jaxb-api-2.2.2.jar:lib/logback-core-1.2.3.jar:lib/snappy-java-1.0.4.1.jar:lib/protobuf-java-2.5.0.jar:lib/reactive-streams-1.0.1.jar:lib/flamestream-examples-1.0-SNAPSHOT.jar:lib/commons-codec-1.4.jar:lib/activation-1.1.jar:lib/commons-net-3.1.jar:lib/curator-recipes-2.7.1.jar:lib/jackson-mapper-asl-1.9.13.jar:lib/jackson-databind-2.8.4.jar:lib/flamestream-runtime-1.0-SNAPSHOT.jar:lib/jackson-jaxrs-1.8.3.jar:lib/slf4j-api-1.7.24.jar:lib/akka-remote_2.11-2.5.6.jar:lib/akka-testkit_2.11-2.5.6.jar:lib/jline-0.9.94.jar:lib/jedis-2.9.0.jar:lib/akka-stream_2.11-2.5.6.jar:lib/jsp-api-2.1.jar:lib/kryonet-2.21.jar:lib/akka-kryo-serialization_2.11-0.5.0.jar:lib/config-1.3.1.jar:lib/ant-launcher-1.8.1.jar:lib/commons-logging-1.2.jar:lib/ssl-config-core_2.11-0.2.2.jar:lib/testng-6.10.jar:lib/leveldb-api-0.7.jar:lib/reflectasm-1.11.3.jar:lib/jcommander-1.48.jar:lib/commons-1.1.jar:lib/commons-digester-1.8.jar:lib/minlog-1.2.jar:lib/java-xmlbuilder-0.4.jar:lib/jettison-1.1.jar:lib/gson-2.2.4.jar:lib/jdk.tools-1.8.jar:lib/aeron-driver-1.3.0.jar:lib/zookeeper-3.4.9.jar:lib/commons-beanutils-core-1.8.0.jar:lib/commons-math3-3.1.1.jar:lib/akka-actor_2.11-2.5.6.jar:lib/curator-client-2.7.1.jar:lib/servlet-api-2.5.jar:lib/commons-pool2-2.4.2.jar:lib/apacheds-i18n-2.0.0-M15.jar:lib/commons-io-2.4.jar:lib/commons-codec-1.6.jar:lib/akka-protobuf_2.11-2.5.6.jar:lib/jdom-2.0.2.jar:lib/rocksdbjni-5.5.1.jar:lib/api-util-1.0.0-M20.jar:lib/hadoop-common-2.7.3.jar:lib/agrona-0.9.6.jar:lib/xmlenc-0.52.jar:lib/guava-21.0.jar:lib/commons-collections-3.2.2.jar:lib/avro-1.7.4.jar:lib/httpclient-4.1.2.jar:lib/flamestream-core-1.0-SNAPSHOT-tests.jar:lib/annotations-12.0.jar:lib/jsch-0.1.42.jar:flamestream-runtime-1.0-SNAPSHOT.jar
11:28:35.927 [worker-akka.actor.default-dispatcher-3] INFO  o.a.z.ZooKeeper  - Client environment:java.library.path=/usr/java/packages/lib/amd64:/usr/lib/x86_64-linux-gnu/jni:/lib/x86_64-linux-gnu:/usr/lib/x86_64-linux-gnu:/usr/lib/jni:/lib:/usr/lib
11:28:35.927 [worker-akka.actor.default-dispatcher-3] INFO  o.a.z.ZooKeeper  - Client environment:java.io.tmpdir=/tmp
11:28:35.927 [worker-akka.actor.default-dispatcher-3] INFO  o.a.z.ZooKeeper  - Client environment:java.compiler=<NA>
11:28:35.927 [worker-akka.actor.default-dispatcher-3] INFO  o.a.z.ZooKeeper  - Client environment:os.name=Linux
11:28:35.927 [worker-akka.actor.default-dispatcher-3] INFO  o.a.z.ZooKeeper  - Client environment:os.arch=amd64
11:28:35.929 [worker-akka.actor.default-dispatcher-3] INFO  o.a.z.ZooKeeper  - Client environment:os.version=4.4.0-1049-aws
11:28:35.930 [worker-akka.actor.default-dispatcher-3] INFO  o.a.z.ZooKeeper  - Client environment:user.name=root
11:28:35.930 [worker-akka.actor.default-dispatcher-3] INFO  o.a.z.ZooKeeper  - Client environment:user.home=/root
11:28:35.930 [worker-akka.actor.default-dispatcher-3] INFO  o.a.z.ZooKeeper  - Client environment:user.dir=/opt/flamestream
11:28:35.933 [worker-akka.actor.default-dispatcher-3] INFO  o.a.z.ZooKeeper  - Initiating client connection, connectString=10.0.0.107:2181 sessionTimeout=5000 watcher=com.spbsu.flamestream.runtime.application.LifecycleWatcher$$Lambda$30/1920140588@4f5e72ce
11:28:35.969 [worker-akka.actor.default-dispatcher-3-SendThread(10.0.0.107:2181)] INFO  o.a.z.ClientCnxn  - Opening socket connection to server 10.0.0.107/10.0.0.107:2181. Will not attempt to authenticate using SASL (unknown error)
11:28:35.978 [worker-akka.actor.default-dispatcher-3-SendThread(10.0.0.107:2181)] INFO  o.a.z.ClientCnxn  - Socket connection established to 10.0.0.107/10.0.0.107:2181, initiating session
11:28:35.987 [worker-akka.actor.default-dispatcher-3-SendThread(10.0.0.107:2181)] INFO  o.a.z.ClientCnxn  - Session establishment complete on server 10.0.0.107/10.0.0.107:2181, sessionid = 0x16276a9cd3d0003, negotiated timeout = 6000
11:28:35.999 [worker-akka.actor.default-dispatcher-6] INFO  a.a.RepointableActorRef akka://worker/user/watcher - Initializing rocksDB backend
11:28:36.176 [worker-akka.actor.default-dispatcher-6] INFO  a.a.RepointableActorRef akka://worker/user/watcher - Connected to ZK
11:28:46.730 [worker-akka.actor.default-dispatcher-6] INFO  a.a.RepointableActorRef akka://worker/user/watcher - Creating node with watchGraphs: 'com.spbsu.flamestream.core.Graph$Builder$MyGraph@6e4a0772', config: 'ClusterConfig{paths={10.0.0.205=akka://worker@10.0.0.205:5412/user/watcher, 10.0.0.60=akka://worker@10.0.0.60:5412/user/watcher, 10.0.0.170=akka://worker@10.0.0.170:5412/user/watcher, 10.0.0.124=akka://worker@10.0.0.124:5412/user/watcher, 10.0.0.49=akka://worker@10.0.0.49:5412/user/watcher, 10.0.0.42=akka://worker@10.0.0.42:5412/user/watcher, 10.0.0.97=akka://worker@10.0.0.97:5412/user/watcher, 10.0.0.251=akka://worker@10.0.0.251:5412/user/watcher, 10.0.0.162=akka://worker@10.0.0.162:5412/user/watcher, 10.0.0.173=akka://worker@10.0.0.173:5412/user/watcher}, ackerLocation='10.0.0.60', props=ComputationLayout{hashGroups={10.0.0.205=com.spbsu.flamestream.runtime.config.HashGroup@1ffe1b9d, 10.0.0.60=com.spbsu.flamestream.runtime.config.HashGroup@c01f, 10.0.0.170=com.spbsu.flamestream.runtime.config.HashGroup@5d5c21bc, 10.0.0.124=com.spbsu.flamestream.runtime.config.HashGroup@56dcaf5d, 10.0.0.49=com.spbsu.flamestream.runtime.config.HashGroup@c65a7748, 10.0.0.42=com.spbsu.flamestream.runtime.config.HashGroup@231425fe, 10.0.0.97=com.spbsu.flamestream.runtime.config.HashGroup@fbc82752, 10.0.0.251=com.spbsu.flamestream.runtime.config.HashGroup@ccbcd570, 10.0.0.162=com.spbsu.flamestream.runtime.config.HashGroup@4276a447, 10.0.0.173=com.spbsu.flamestream.runtime.config.HashGroup@3fc198ed}}}'
11:28:47.623 [worker-akka.actor.default-dispatcher-4] INFO  a.a.LocalActorRef akka://worker/user/watcher/graph_at_0/graph - Starting...
11:28:47.646 [worker-akka.actor.default-dispatcher-4] INFO  a.a.LocalActorRef akka://worker/user/watcher/graph_at_0/graph/local-acker - Starting...
11:28:47.647 [worker-akka.actor.default-dispatcher-4] INFO  a.a.LocalActorRef akka://worker/user/watcher/graph_at_0/graph/local-acker/$a - Starting...
11:28:48.153 [worker-akka.actor.default-dispatcher-4] INFO  a.a.LocalActorRef akka://worker/user/watcher/graph_at_0/graph - Finishing constructor
11:28:48.160 [worker-akka.actor.default-dispatcher-5] INFO  a.a.LocalActorRef akka://worker/user/watcher/graph_at_0/edge - Starting...
11:28:48.163 [worker-akka.actor.default-dispatcher-5] INFO  a.a.LocalActorRef akka://worker/user/watcher/graph_at_0 - Starting FlameNode with config 'ClusterConfig{paths={10.0.0.205=akka://worker@10.0.0.205:5412/user/watcher/graph_at_0, 10.0.0.60=akka://worker@10.0.0.60:5412/user/watcher/graph_at_0, 10.0.0.170=akka://worker@10.0.0.170:5412/user/watcher/graph_at_0, 10.0.0.124=akka://worker@10.0.0.124:5412/user/watcher/graph_at_0, 10.0.0.49=akka://worker@10.0.0.49:5412/user/watcher/graph_at_0, 10.0.0.42=akka://worker@10.0.0.42:5412/user/watcher/graph_at_0, 10.0.0.97=akka://worker@10.0.0.97:5412/user/watcher/graph_at_0, 10.0.0.251=akka://worker@10.0.0.251:5412/user/watcher/graph_at_0, 10.0.0.162=akka://worker@10.0.0.162:5412/user/watcher/graph_at_0, 10.0.0.173=akka://worker@10.0.0.173:5412/user/watcher/graph_at_0}, ackerLocation='10.0.0.60', props=ComputationLayout{hashGroups={10.0.0.205=com.spbsu.flamestream.runtime.config.HashGroup@1ffe1b9d, 10.0.0.60=com.spbsu.flamestream.runtime.config.HashGroup@c01f, 10.0.0.170=com.spbsu.flamestream.runtime.config.HashGroup@5d5c21bc, 10.0.0.124=com.spbsu.flamestream.runtime.config.HashGroup@56dcaf5d, 10.0.0.49=com.spbsu.flamestream.runtime.config.HashGroup@c65a7748, 10.0.0.42=com.spbsu.flamestream.runtime.config.HashGroup@231425fe, 10.0.0.97=com.spbsu.flamestream.runtime.config.HashGroup@fbc82752, 10.0.0.251=com.spbsu.flamestream.runtime.config.HashGroup@ccbcd570, 10.0.0.162=com.spbsu.flamestream.runtime.config.HashGroup@4276a447, 10.0.0.173=com.spbsu.flamestream.runtime.config.HashGroup@3fc198ed}}}'
11:28:48.163 [worker-akka.actor.default-dispatcher-5] INFO  a.a.LocalActorRef akka://worker/user/watcher/graph_at_0/negotiator - Starting...
11:28:48.181 [worker-akka.actor.default-dispatcher-4] INFO  a.a.LocalActorRef akka://worker/user/watcher/graph_at_0/negotiator - Requesting ticket for the frontClass FlameSocketGraphDeployerFront@10.0.0.205
11:28:48.217 [worker-akka.actor.default-dispatcher-11] INFO  a.a.LocalActorRef akka://worker/user/watcher/graph_at_0/edge/FlameSocketGraphDeployerFront - Starting...
11:28:48.223 [worker-akka.actor.default-dispatcher-5] INFO  c.s.f.r.e.s.SocketRear  - FlameSocketGraphDeployerRear@10.0.0.205: connecting to 10.0.0.107:5678
11:28:48.243 [worker-akka.actor.default-dispatcher-6] INFO  a.a.LocalActorRef akka://worker/user/watcher/graph_at_0/graph - Received last commit 'LastCommit{globalTime=(0000000, min@min)}'
11:28:48.244 [worker-akka.actor.default-dispatcher-5] INFO  c.s.f.r.e.s.SocketRear  - FlameSocketGraphDeployerRear@10.0.0.205: connected to 10.0.0.107:5678
11:28:48.245 [worker-akka.actor.default-dispatcher-5] INFO  a.a.LocalActorRef akka://worker/user/watcher/graph_at_0/edge/FlameSocketGraphDeployerRear - Starting...
11:28:48.299 [worker-akka.actor.default-dispatcher-6] INFO  a.a.LocalActorRef akka://worker/user/watcher/graph_at_0/graph/$a - Starting...
11:28:48.321 [worker-akka.actor.default-dispatcher-5] INFO  a.a.LocalActorRef akka://worker/user/watcher/graph_at_0/graph/$b - Starting...
11:28:48.351 [worker-akka.actor.default-dispatcher-6] INFO  a.a.LocalActorRef akka://worker/user/watcher/graph_at_0/graph/$b - Attached rear to graph (-9223372036854775808, min@min)
11:28:48.352 [worker-akka.actor.default-dispatcher-6] INFO  a.a.LocalActorRef akka://worker/user/watcher/graph_at_0/graph/$c - Starting...
11:28:49.345 [worker-akka.actor.default-dispatcher-6] INFO  a.a.LocalActorRef akka://worker/user/watcher/graph_at_0/negotiator - Ticket for the frontClass received: FrontTicket{allowedTimestamp=(0000000, FlameSocketGraphDeployerFront@10.0.0.205)}
11:28:49.346 [worker-akka.actor.default-dispatcher-6] INFO  c.s.f.r.e.s.SocketFront  - FlameSocketGraphDeployerFront@10.0.0.205: connecting to 10.0.0.107:4567
11:28:49.357 [Client] INFO  c.s.f.r.e.s.SocketFront  - FlameSocketGraphDeployerFront@10.0.0.205 has been disconnected from Connection 1
2018-03-30T11:28:53.511+0000: 20.074: [GC (Allocation Failure) 2018-03-30T11:28:53.511+0000: 20.074: [DefNew: 136576K->16156K(153600K), 0.0252983 secs] 152418K->51529K(494976K), 0.0253643 secs] [Times: user=0.02 sys=0.00, real=0.02 secs] 
2018-03-30T11:29:01.741+0000: 28.303: [GC (Allocation Failure) 2018-03-30T11:29:01.741+0000: 28.303: [DefNew: 152732K->6519K(153600K), 0.0193033 secs] 188105K->50089K(494976K), 0.0193726 secs] [Times: user=0.01 sys=0.02, real=0.02 secs] 
2018-03-30T11:29:10.584+0000: 37.146: [GC (Allocation Failure) 2018-03-30T11:29:10.584+0000: 37.146: [DefNew: 143095K->9705K(153600K), 0.0126229 secs] 186665K->53276K(494976K), 0.0126930 secs] [Times: user=0.01 sys=0.00, real=0.01 secs] 
2018-03-30T11:29:18.781+0000: 45.343: [GC (Allocation Failure) 2018-03-30T11:29:18.781+0000: 45.343: [DefNew: 146281K->9519K(153600K), 0.0173668 secs] 189852K->55171K(494976K), 0.0174337 secs] [Times: user=0.02 sys=0.00, real=0.01 secs] 
2018-03-30T11:29:27.070+0000: 53.632: [GC (Allocation Failure) 2018-03-30T11:29:27.070+0000: 53.632: [DefNew: 146095K->5426K(153600K), 0.0153771 secs] 191747K->56583K(494976K), 0.0154477 secs] [Times: user=0.02 sys=0.00, real=0.01 secs] 
2018-03-30T11:29:34.068+0000: 60.630: [GC (Allocation Failure) 2018-03-30T11:29:34.068+0000: 60.630: [DefNew: 142002K->15100K(153600K), 0.0155193 secs] 193159K->66256K(494976K), 0.0155974 secs] [Times: user=0.01 sys=0.00, real=0.01 secs] 
2018-03-30T11:29:40.564+0000: 67.126: [GC (Allocation Failure) 2018-03-30T11:29:40.564+0000: 67.126: [DefNew: 151676K->3917K(153600K), 0.0176257 secs] 202832K->67811K(494976K), 0.0176924 secs] [Times: user=0.01 sys=0.00, real=0.02 secs] 
2018-03-30T11:29:45.820+0000: 72.382: [GC (Allocation Failure) 2018-03-30T11:29:45.820+0000: 72.382: [DefNew: 140493K->6630K(153600K), 0.0137892 secs] 204387K->70524K(494976K), 0.0138567 secs] [Times: user=0.01 sys=0.00, real=0.01 secs] 
2018-03-30T11:29:52.467+0000: 79.029: [GC (Allocation Failure) 2018-03-30T11:29:52.467+0000: 79.029: [DefNew: 143206K->6983K(153600K), 0.0127866 secs] 207100K->70876K(494976K), 0.0128548 secs] [Times: user=0.01 sys=0.00, real=0.01 secs] 
2018-03-30T11:29:58.744+0000: 85.306: [GC (Allocation Failure) 2018-03-30T11:29:58.744+0000: 85.306: [DefNew: 143559K->8075K(153600K), 0.0133060 secs] 207452K->71969K(494976K), 0.0133708 secs] [Times: user=0.01 sys=0.00, real=0.01 secs] 
2018-03-30T11:30:04.826+0000: 91.388: [GC (Allocation Failure) 2018-03-30T11:30:04.826+0000: 91.388: [DefNew: 144501K->10101K(153600K), 0.0174738 secs] 208395K->73995K(494976K), 0.0175432 secs] [Times: user=0.02 sys=0.00, real=0.02 secs] 
2018-03-30T11:30:11.372+0000: 97.934: [GC (Allocation Failure) 2018-03-30T11:30:11.372+0000: 97.934: [DefNew: 146677K->8431K(153600K), 0.0367814 secs] 210571K->74997K(494976K), 0.0368477 secs] [Times: user=0.04 sys=0.00, real=0.04 secs] 
2018-03-30T11:30:18.304+0000: 104.866: [GC (Allocation Failure) 2018-03-30T11:30:18.304+0000: 104.866: [DefNew: 145007K->9084K(153600K), 0.0155747 secs] 211573K->75650K(494976K), 0.0156582 secs] [Times: user=0.02 sys=0.00, real=0.02 secs] 
2018-03-30T11:30:23.328+0000: 109.890: [GC (Allocation Failure) 2018-03-30T11:30:23.328+0000: 109.890: [DefNew: 143259K->9162K(153600K), 0.0171145 secs] 209825K->76592K(494976K), 0.0171935 secs] [Times: user=0.02 sys=0.00, real=0.01 secs] 
2018-03-30T11:30:29.367+0000: 115.929: [GC (Allocation Failure) 2018-03-30T11:30:29.367+0000: 115.929: [DefNew: 144488K->9120K(153600K), 0.0274515 secs] 211919K->77482K(494976K), 0.0275226 secs] [Times: user=0.03 sys=0.00, real=0.02 secs] 
2018-03-30T11:30:34.834+0000: 121.396: [GC (Allocation Failure) 2018-03-30T11:30:34.834+0000: 121.396: [DefNew: 143058K->9222K(153600K), 0.0171912 secs] 211421K->78485K(494976K), 0.0172671 secs] [Times: user=0.02 sys=0.00, real=0.02 secs] 
2018-03-30T11:30:39.307+0000: 125.869: [GC (Allocation Failure) 2018-03-30T11:30:39.307+0000: 125.869: [DefNew: 145798K->17023K(153600K), 0.0226759 secs] 215061K->95841K(494976K), 0.0227460 secs] [Times: user=0.02 sys=0.00, real=0.02 secs] 
2018-03-30T11:30:44.336+0000: 130.898: [GC (Allocation Failure) 2018-03-30T11:30:44.336+0000: 130.898: [DefNew: 149928K->5207K(153600K), 0.0171124 secs] 228746K->100660K(494976K), 0.0171820 secs] [Times: user=0.02 sys=0.00, real=0.02 secs] 
2018-03-30T11:30:49.834+0000: 136.396: [GC (Allocation Failure) 2018-03-30T11:30:49.834+0000: 136.396: [DefNew: 141569K->6751K(153600K), 0.0121163 secs] 237023K->102204K(494976K), 0.0121833 secs] [Times: user=0.02 sys=0.00, real=0.01 secs] 
2018-03-30T11:30:54.965+0000: 141.527: [GC (Allocation Failure) 2018-03-30T11:30:54.965+0000: 141.527: [DefNew: 143327K->5960K(153600K), 0.0101558 secs] 238780K->101413K(494976K), 0.0102294 secs] [Times: user=0.01 sys=0.00, real=0.01 secs] 
2018-03-30T11:31:00.400+0000: 146.962: [GC (Allocation Failure) 2018-03-30T11:31:00.400+0000: 146.962: [DefNew: 142536K->11752K(153600K), 0.0340787 secs] 237989K->107205K(494976K), 0.0341369 secs] [Times: user=0.03 sys=0.00, real=0.03 secs] 
2018-03-30T11:31:06.141+0000: 152.703: [GC (Allocation Failure) 2018-03-30T11:31:06.141+0000: 152.703: [DefNew: 148328K->4632K(153600K), 0.0131025 secs] 243781K->102842K(494976K), 0.0131773 secs] [Times: user=0.02 sys=0.00, real=0.01 secs] 
2018-03-30T11:31:11.308+0000: 157.870: [GC (Allocation Failure) 2018-03-30T11:31:11.308+0000: 157.870: [DefNew: 141208K->7701K(153600K), 0.0140271 secs] 239418K->105911K(494976K), 0.0140961 secs] [Times: user=0.01 sys=0.00, real=0.01 secs] 
2018-03-30T11:31:16.057+0000: 162.619: [GC (Allocation Failure) 2018-03-30T11:31:16.057+0000: 162.619: [DefNew: 144277K->7046K(153600K), 0.0117312 secs] 242487K->105256K(494976K), 0.0117963 secs] [Times: user=0.02 sys=0.00, real=0.02 secs] 
2018-03-30T11:31:21.395+0000: 167.958: [GC (Allocation Failure) 2018-03-30T11:31:21.395+0000: 167.958: [DefNew: 140474K->7547K(153600K), 0.0202839 secs] 238684K->105757K(494976K), 0.0203527 secs] [Times: user=0.02 sys=0.00, real=0.02 secs] 
2018-03-30T11:31:26.258+0000: 172.820: [GC (Allocation Failure) 2018-03-30T11:31:26.258+0000: 172.820: [DefNew: 144123K->7938K(153600K), 0.0125217 secs] 242333K->106149K(494976K), 0.0125979 secs] [Times: user=0.02 sys=0.00, real=0.02 secs] 
2018-03-30T11:31:30.893+0000: 177.455: [GC (Allocation Failure) 2018-03-30T11:31:30.893+0000: 177.455: [DefNew: 144514K->8947K(153600K), 0.0131650 secs] 242725K->107157K(494976K), 0.0132303 secs] [Times: user=0.01 sys=0.00, real=0.01 secs] 
2018-03-30T11:31:35.344+0000: 181.906: [GC (Allocation Failure) 2018-03-30T11:31:35.344+0000: 181.906: [DefNew: 140411K->8868K(153600K), 0.0138821 secs] 238621K->107633K(494976K), 0.0139579 secs] [Times: user=0.02 sys=0.00, real=0.01 secs] 
2018-03-30T11:31:39.847+0000: 186.409: [GC (Allocation Failure) 2018-03-30T11:31:39.847+0000: 186.409: [DefNew: 142848K->8758K(153600K), 0.0136582 secs] 241613K->108061K(494976K), 0.0137265 secs] [Times: user=0.01 sys=0.00, real=0.01 secs] 
2018-03-30T11:31:44.478+0000: 191.040: [GC (Allocation Failure) 2018-03-30T11:31:44.478+0000: 191.040: [DefNew: 145334K->8918K(153600K), 0.0258968 secs] 244637K->108874K(494976K), 0.0259662 secs] [Times: user=0.02 sys=0.00, real=0.03 secs] 
2018-03-30T11:31:48.815+0000: 195.377: [GC (Allocation Failure) 2018-03-30T11:31:48.815+0000: 195.377: [DefNew: 145494K->10841K(153600K), 0.0177260 secs] 245450K->111611K(494976K), 0.0178020 secs] [Times: user=0.02 sys=0.00, real=0.02 secs] 
2018-03-30T11:31:53.313+0000: 199.875: [GC (Allocation Failure) 2018-03-30T11:31:53.313+0000: 199.875: [DefNew: 147417K->8499K(153600K), 0.0175933 secs] 248187K->111630K(494976K), 0.0176586 secs] [Times: user=0.02 sys=0.00, real=0.02 secs] 
2018-03-30T11:31:57.845+0000: 204.407: [GC (Allocation Failure) 2018-03-30T11:31:57.845+0000: 204.407: [DefNew: 142270K->8069K(153600K), 0.0117356 secs] 245401K->111199K(494976K), 0.0118003 secs] [Times: user=0.01 sys=0.00, real=0.01 secs] 
2018-03-30T11:32:02.345+0000: 208.907: [GC (Allocation Failure) 2018-03-30T11:32:02.345+0000: 208.907: [DefNew: 139687K->8193K(153600K), 0.0124704 secs] 242817K->111324K(494976K), 0.0125383 secs] [Times: user=0.02 sys=0.00, real=0.01 secs] 
2018-03-30T11:32:06.348+0000: 212.910: [GC (Allocation Failure) 2018-03-30T11:32:06.348+0000: 212.910: [DefNew: 144769K->10952K(153600K), 0.0318437 secs] 247900K->114083K(494976K), 0.0319137 secs] [Times: user=0.03 sys=0.00, real=0.03 secs] 
2018-03-30T11:32:10.349+0000: 216.911: [GC (Allocation Failure) 2018-03-30T11:32:10.349+0000: 216.911: [DefNew: 141159K->6865K(153600K), 0.0149526 secs] 244290K->112611K(494976K), 0.0150227 secs] [Times: user=0.01 sys=0.00, real=0.01 secs] 
2018-03-30T11:32:14.304+0000: 220.866: [GC (Allocation Failure) 2018-03-30T11:32:14.304+0000: 220.866: [DefNew: 143441K->8842K(153600K), 0.0139796 secs] 249187K->114589K(494976K), 0.0140491 secs] [Times: user=0.01 sys=0.00, real=0.01 secs] 
2018-03-30T11:32:18.349+0000: 224.912: [GC (Allocation Failure) 2018-03-30T11:32:18.349+0000: 224.912: [DefNew: 143649K->8112K(153600K), 0.0139570 secs] 249395K->114457K(494976K), 0.0140297 secs] [Times: user=0.02 sys=0.00, real=0.01 secs] 
2018-03-30T11:32:22.800+0000: 229.362: [GC (Allocation Failure) 2018-03-30T11:32:22.800+0000: 229.363: [DefNew: 144688K->9218K(153600K), 0.0136020 secs] 251033K->115563K(494976K), 0.0136783 secs] [Times: user=0.01 sys=0.00, real=0.01 secs] 
2018-03-30T11:32:27.232+0000: 233.795: [GC (Allocation Failure) 2018-03-30T11:32:27.232+0000: 233.795: [DefNew: 145794K->8152K(153600K), 0.0133799 secs] 252139K->115569K(494976K), 0.0134468 secs] [Times: user=0.02 sys=0.00, real=0.01 secs] 
2018-03-30T11:32:30.913+0000: 237.475: [GC (Allocation Failure) 2018-03-30T11:32:30.913+0000: 237.475: [DefNew: 140764K->8980K(153600K), 0.0253893 secs] 248181K->116397K(494976K), 0.0254564 secs] [Times: user=0.03 sys=0.00, real=0.03 secs] 
2018-03-30T11:32:35.409+0000: 241.971: [GC (Allocation Failure) 2018-03-30T11:32:35.409+0000: 241.971: [DefNew: 141567K->8764K(153600K), 0.0246532 secs] 248984K->116753K(494976K), 0.0247315 secs] [Times: user=0.02 sys=0.00, real=0.02 secs] 
2018-03-30T11:32:39.416+0000: 245.978: [GC (Allocation Failure) 2018-03-30T11:32:39.416+0000: 245.978: [DefNew: 141768K->8870K(153600K), 0.0241673 secs] 249757K->117486K(494976K), 0.0242485 secs] [Times: user=0.03 sys=0.00, real=0.03 secs] 
2018-03-30T11:32:43.627+0000: 250.189: [GC (Allocation Failure) 2018-03-30T11:32:43.627+0000: 250.189: [DefNew: 145446K->8696K(153600K), 0.0240456 secs] 254062K->118041K(494976K), 0.0241119 secs] [Times: user=0.02 sys=0.00, real=0.02 secs] 
2018-03-30T11:32:47.852+0000: 254.414: [GC (Allocation Failure) 2018-03-30T11:32:47.852+0000: 254.414: [DefNew: 144485K->8594K(153600K), 0.0123982 secs] 253830K->118471K(494976K), 0.0124744 secs] [Times: user=0.01 sys=0.00, real=0.01 secs] 
2018-03-30T11:32:51.880+0000: 258.442: [GC (Allocation Failure) 2018-03-30T11:32:51.880+0000: 258.442: [DefNew: 145170K->16027K(153600K), 0.0209512 secs] 255047K->126464K(494976K), 0.0210093 secs] [Times: user=0.03 sys=0.00, real=0.02 secs] 
2018-03-30T11:32:55.856+0000: 262.418: [GC (Allocation Failure) 2018-03-30T11:32:55.856+0000: 262.418: [DefNew: 147371K->3789K(153600K), 0.0136132 secs] 257808K->119775K(494976K), 0.0136878 secs] [Times: user=0.01 sys=0.00, real=0.02 secs] 
2018-03-30T11:32:59.376+0000: 265.938: [GC (Allocation Failure) 2018-03-30T11:32:59.376+0000: 265.938: [DefNew: 133130K->5441K(153600K), 0.0087554 secs] 249117K->121428K(494976K), 0.0088273 secs] [Times: user=0.01 sys=0.00, real=0.01 secs] 
2018-03-30T11:33:03.092+0000: 269.654: [GC (Allocation Failure) 2018-03-30T11:33:03.092+0000: 269.654: [DefNew: 142017K->6725K(153600K), 0.0100108 secs] 258004K->122712K(494976K), 0.0100853 secs] [Times: user=0.01 sys=0.00, real=0.01 secs] 
2018-03-30T11:33:06.926+0000: 273.488: [GC (Allocation Failure) 2018-03-30T11:33:06.926+0000: 273.488: [DefNew: 142219K->7552K(153600K), 0.0185871 secs] 258206K->123538K(494976K), 0.0186551 secs] [Times: user=0.02 sys=0.00, real=0.02 secs] 
2018-03-30T11:33:10.422+0000: 276.984: [GC (Allocation Failure) 2018-03-30T11:33:10.422+0000: 276.984: [DefNew: 139357K->8458K(153600K), 0.0200613 secs] 255344K->124445K(494976K), 0.0201316 secs] [Times: user=0.02 sys=0.00, real=0.02 secs] 
2018-03-30T11:33:13.857+0000: 280.419: [GC (Allocation Failure) 2018-03-30T11:33:13.857+0000: 280.419: [DefNew: 137240K->9229K(153600K), 0.0134424 secs] 253227K->125216K(494976K), 0.0135139 secs] [Times: user=0.02 sys=0.00, real=0.02 secs] 
2018-03-30T11:33:17.366+0000: 283.928: [GC (Allocation Failure) 2018-03-30T11:33:17.366+0000: 283.928: [DefNew: 144158K->9116K(153600K), 0.0152570 secs] 260145K->126266K(494976K), 0.0153248 secs] [Times: user=0.01 sys=0.00, real=0.01 secs] 
2018-03-30T11:33:20.160+0000: 286.722: [GC (Allocation Failure) 2018-03-30T11:33:20.160+0000: 286.722: [DefNew: 145692K->17024K(153600K), 0.0203895 secs] 262842K->143880K(494976K), 0.0204588 secs] [Times: user=0.02 sys=0.00, real=0.02 secs] 
2018-03-30T11:33:23.139+0000: 289.701: [GC (Allocation Failure) 2018-03-30T11:33:23.139+0000: 289.702: [DefNew: 153600K->17024K(153600K), 0.0600799 secs] 280456K->164026K(494976K), 0.0601432 secs] [Times: user=0.04 sys=0.02, real=0.06 secs] 
2018-03-30T11:33:26.539+0000: 293.102: [GC (Allocation Failure) 2018-03-30T11:33:26.539+0000: 293.102: [DefNew: 153600K->3585K(153600K), 0.0433330 secs] 300602K->167292K(494976K), 0.0433910 secs] [Times: user=0.02 sys=0.01, real=0.04 secs] 
2018-03-30T11:33:30.281+0000: 296.843: [GC (Allocation Failure) 2018-03-30T11:33:30.281+0000: 296.843: [DefNew: 140161K->6178K(153600K), 0.0156410 secs] 303868K->169885K(494976K), 0.0157075 secs] [Times: user=0.02 sys=0.00, real=0.01 secs] 
2018-03-30T11:33:33.721+0000: 300.283: [GC (Allocation Failure) 2018-03-30T11:33:33.721+0000: 300.283: [DefNew: 142754K->7654K(153600K), 0.0112572 secs] 306461K->171361K(494976K), 0.0113239 secs] [Times: user=0.01 sys=0.00, real=0.01 secs] 
2018-03-30T11:33:37.377+0000: 303.940: [GC (Allocation Failure) 2018-03-30T11:33:37.378+0000: 303.940: [DefNew: 142842K->7532K(153600K), 0.0104211 secs] 306549K->171240K(494976K), 0.0104871 secs] [Times: user=0.01 sys=0.00, real=0.02 secs] 
2018-03-30T11:33:40.873+0000: 307.435: [GC (Allocation Failure) 2018-03-30T11:33:40.873+0000: 307.435: [DefNew: 140565K->8662K(153600K), 0.0113594 secs] 304272K->172370K(494976K), 0.0114358 secs] [Times: user=0.01 sys=0.00, real=0.01 secs] 
2018-03-30T11:33:44.271+0000: 310.833: [GC (Allocation Failure) 2018-03-30T11:33:44.271+0000: 310.833: [DefNew: 145238K->9038K(153600K), 0.0132898 secs] 308946K->173310K(494976K), 0.0133659 secs] [Times: user=0.02 sys=0.00, real=0.01 secs] 
2018-03-30T11:33:47.457+0000: 314.019: [GC (Allocation Failure) 2018-03-30T11:33:47.457+0000: 314.019: [DefNew: 136693K->8616K(153600K), 0.0239838 secs] 300966K->173688K(494976K), 0.0240677 secs] [Times: user=0.02 sys=0.00, real=0.03 secs] 
2018-03-30T11:33:50.820+0000: 317.382: [GC (Allocation Failure) 2018-03-30T11:33:50.820+0000: 317.382: [DefNew: 145192K->10308K(153600K), 0.0159426 secs] 310264K->176032K(494976K), 0.0160077 secs] [Times: user=0.02 sys=0.00, real=0.01 secs] 
2018-03-30T11:33:53.954+0000: 320.516: [GC (Allocation Failure) 2018-03-30T11:33:53.954+0000: 320.516: [DefNew: 140607K->7100K(153600K), 0.0226802 secs] 306332K->175159K(494976K), 0.0227512 secs] [Times: user=0.02 sys=0.00, real=0.02 secs] 
2018-03-30T11:33:56.958+0000: 323.520: [GC (Allocation Failure) 2018-03-30T11:33:56.958+0000: 323.520: [DefNew: 141753K->8030K(153600K), 0.0202621 secs] 309811K->176089K(494976K), 0.0203368 secs] [Times: user=0.02 sys=0.00, real=0.03 secs] 
2018-03-30T11:33:59.886+0000: 326.448: [GC (Allocation Failure) 2018-03-30T11:33:59.886+0000: 326.448: [DefNew: 135794K->8779K(153600K), 0.0115009 secs] 303853K->176838K(494976K), 0.0115749 secs] [Times: user=0.01 sys=0.00, real=0.01 secs] 
2018-03-30T11:34:03.351+0000: 329.913: [GC (Allocation Failure) 2018-03-30T11:34:03.351+0000: 329.913: [DefNew: 145355K->11352K(153600K), 0.0175173 secs] 313414K->180106K(494976K), 0.0175863 secs] [Times: user=0.02 sys=0.00, real=0.02 secs] 
2018-03-30T11:34:06.374+0000: 332.936: [GC (Allocation Failure) 2018-03-30T11:34:06.374+0000: 332.936: [DefNew: 138664K->6902K(153600K), 0.0128879 secs] 307418K->178018K(494976K), 0.0129569 secs] [Times: user=0.02 sys=0.00, real=0.02 secs] 
2018-03-30T11:34:09.596+0000: 336.158: [GC (Allocation Failure) 2018-03-30T11:34:09.596+0000: 336.158: [DefNew: 143478K->7977K(153600K), 0.0110708 secs] 314594K->179093K(494976K), 0.0111365 secs] [Times: user=0.02 sys=0.00, real=0.02 secs] 
2018-03-30T11:34:12.614+0000: 339.177: [GC (Allocation Failure) 2018-03-30T11:34:12.614+0000: 339.177: [DefNew: 144553K->8970K(153600K), 0.0115985 secs] 315669K->180086K(494976K), 0.0116648 secs] [Times: user=0.01 sys=0.00, real=0.01 secs] 
2018-03-30T11:34:15.876+0000: 342.438: [GC (Allocation Failure) 2018-03-30T11:34:15.876+0000: 342.438: [DefNew: 140489K->8574K(153600K), 0.0124125 secs] 311605K->180436K(494976K), 0.0124851 secs] [Times: user=0.01 sys=0.00, real=0.02 secs] 
2018-03-30T11:34:19.302+0000: 345.864: [GC (Allocation Failure) 2018-03-30T11:34:19.302+0000: 345.864: [DefNew: 145150K->9625K(153600K), 0.0133443 secs] 317012K->182055K(494976K), 0.0134104 secs] [Times: user=0.01 sys=0.00, real=0.01 secs] 
2018-03-30T11:34:22.466+0000: 349.028: [GC (Allocation Failure) 2018-03-30T11:34:22.466+0000: 349.028: [DefNew: 139458K->7840K(153600K), 0.0208793 secs] 311889K->181821K(494976K), 0.0209529 secs] [Times: user=0.02 sys=0.01, real=0.03 secs] 
2018-03-30T11:34:25.563+0000: 352.125: [GC (Allocation Failure) 2018-03-30T11:34:25.563+0000: 352.125: [DefNew: 144416K->8792K(153600K), 0.0191801 secs] 318397K->182773K(494976K), 0.0192579 secs] [Times: user=0.02 sys=0.00, real=0.02 secs] 
2018-03-30T11:34:28.844+0000: 355.406: [GC (Allocation Failure) 2018-03-30T11:34:28.844+0000: 355.406: [DefNew: 145368K->11022K(153600K), 0.0314637 secs] 319349K->185733K(494976K), 0.0315344 secs] [Times: user=0.03 sys=0.01, real=0.03 secs] 
2018-03-30T11:34:31.976+0000: 358.538: [GC (Allocation Failure) 2018-03-30T11:34:31.976+0000: 358.538: [DefNew: 138348K->6910K(153600K), 0.0208384 secs] 313058K->183853K(494976K), 0.0209134 secs] [Times: user=0.02 sys=0.00, real=0.02 secs] 
2018-03-30T11:34:34.876+0000: 361.438: [GC (Allocation Failure) 2018-03-30T11:34:34.876+0000: 361.438: [DefNew: 138544K->8220K(153600K), 0.0107575 secs] 315488K->185164K(494976K), 0.0108216 secs] [Times: user=0.00 sys=0.00, real=0.02 secs] 
2018-03-30T11:34:37.874+0000: 364.436: [GC (Allocation Failure) 2018-03-30T11:34:37.874+0000: 364.437: [DefNew: 144796K->12062K(153600K), 0.0178641 secs] 321740K->189005K(494976K), 0.0179371 secs] [Times: user=0.02 sys=0.00, real=0.02 secs] 
2018-03-30T11:34:41.087+0000: 367.649: [GC (Allocation Failure) 2018-03-30T11:34:41.087+0000: 367.649: [DefNew: 148638K->5659K(153600K), 0.0130623 secs] 325581K->186529K(494976K), 0.0131301 secs] [Times: user=0.01 sys=0.00, real=0.01 secs] 
2018-03-30T11:34:43.904+0000: 370.467: [GC (Allocation Failure) 2018-03-30T11:34:43.904+0000: 370.467: [DefNew: 137088K->7004K(153600K), 0.0097057 secs] 317958K->187875K(494976K), 0.0097818 secs] [Times: user=0.01 sys=0.00, real=0.01 secs] 
2018-03-30T11:34:46.966+0000: 373.528: [GC (Allocation Failure) 2018-03-30T11:34:46.966+0000: 373.528: [DefNew: 135194K->8059K(153600K), 0.0206593 secs] 316064K->188930K(494976K), 0.0207442 secs] [Times: user=0.02 sys=0.01, real=0.03 secs] 
2018-03-30T11:34:49.910+0000: 376.472: [GC (Allocation Failure) 2018-03-30T11:34:49.910+0000: 376.472: [DefNew: 136895K->8571K(153600K), 0.0103912 secs] 317766K->189441K(494976K), 0.0104503 secs] [Times: user=0.02 sys=0.00, real=0.01 secs] 
2018-03-30T11:34:52.956+0000: 379.518: [GC (Allocation Failure) 2018-03-30T11:34:52.956+0000: 379.518: [DefNew: 145147K->8391K(153600K), 0.0114126 secs] 326017K->190072K(494976K), 0.0114776 secs] [Times: user=0.01 sys=0.00, real=0.02 secs] 
2018-03-30T11:34:56.264+0000: 382.826: [GC (Allocation Failure) 2018-03-30T11:34:56.264+0000: 382.826: [DefNew: 144967K->9501K(153600K), 0.0122304 secs] 326648K->191182K(494976K), 0.0122960 secs] [Times: user=0.01 sys=0.00, real=0.01 secs] 
2018-03-30T11:34:59.080+0000: 385.642: [GC (Allocation Failure) 2018-03-30T11:34:59.080+0000: 385.642: [DefNew: 146077K->8821K(153600K), 0.0133102 secs] 327758K->191947K(494976K), 0.0133741 secs] [Times: user=0.01 sys=0.00, real=0.01 secs] 
2018-03-30T11:35:02.192+0000: 388.754: [GC (Allocation Failure) 2018-03-30T11:35:02.192+0000: 388.754: [DefNew: 145397K->8777K(153600K), 0.0178731 secs] 328523K->192511K(494976K), 0.0184086 secs] [Times: user=0.01 sys=0.01, real=0.02 secs] 
2018-03-30T11:35:05.172+0000: 391.734: [GC (Allocation Failure) 2018-03-30T11:35:05.172+0000: 391.734: [DefNew: 145353K->9549K(153600K), 0.0133633 secs] 329087K->193780K(494976K), 0.0134413 secs] [Times: user=0.01 sys=0.00, real=0.01 secs] 
2018-03-30T11:35:08.292+0000: 394.854: [GC (Allocation Failure) 2018-03-30T11:35:08.292+0000: 394.854: [DefNew: 146125K->8655K(153600K), 0.0133193 secs] 330356K->194303K(494976K), 0.0134001 secs] [Times: user=0.01 sys=0.00, real=0.01 secs] 
2018-03-30T11:35:11.380+0000: 397.942: [GC (Allocation Failure) 2018-03-30T11:35:11.380+0000: 397.942: [DefNew: 143954K->8141K(153600K), 0.0114307 secs] 329601K->194744K(494976K), 0.0115085 secs] [Times: user=0.02 sys=0.00, real=0.01 secs] 
2018-03-30T11:35:14.390+0000: 400.952: [GC (Allocation Failure) 2018-03-30T11:35:14.390+0000: 400.952: [DefNew: 142652K->9081K(153600K), 0.0113039 secs] 329255K->195684K(494976K), 0.0113816 secs] [Times: user=0.01 sys=0.00, real=0.01 secs] 
2018-03-30T11:35:17.316+0000: 403.878: [GC (Allocation Failure) 2018-03-30T11:35:17.316+0000: 403.878: [DefNew: 145657K->11094K(153600K), 0.0156563 secs] 332260K->198396K(494976K), 0.0157314 secs] [Times: user=0.01 sys=0.00, real=0.02 secs] 
2018-03-30T11:35:20.300+0000: 406.862: [GC (Allocation Failure) 2018-03-30T11:35:20.300+0000: 406.862: [DefNew: 147670K->7614K(153600K), 0.0135832 secs] 334972K->197694K(494976K), 0.0136514 secs] [Times: user=0.01 sys=0.00, real=0.01 secs] 
2018-03-30T11:35:23.259+0000: 409.821: [GC (Allocation Failure) 2018-03-30T11:35:23.259+0000: 409.821: [DefNew: 144190K->8632K(153600K), 0.0108291 secs] 334270K->198712K(494976K), 0.0108935 secs] [Times: user=0.01 sys=0.01, real=0.01 secs] 
2018-03-30T11:35:26.299+0000: 412.862: [GC (Allocation Failure) 2018-03-30T11:35:26.300+0000: 412.862: [DefNew: 145208K->8620K(153600K), 0.0123643 secs] 335288K->199630K(494976K), 0.0124349 secs] [Times: user=0.02 sys=0.00, real=0.01 secs] 
2018-03-30T11:35:28.994+0000: 415.556: [GC (Allocation Failure) 2018-03-30T11:35:28.994+0000: 415.556: [DefNew: 137088K->8234K(153600K), 0.0256485 secs] 328098K->200126K(494976K), 0.0257223 secs] [Times: user=0.03 sys=0.00, real=0.03 secs] 
2018-03-30T11:35:31.503+0000: 418.065: [GC (Allocation Failure) 2018-03-30T11:35:31.503+0000: 418.065: [DefNew: 139916K->9257K(153600K), 0.0198896 secs] 331808K->201149K(494976K), 0.0199674 secs] [Times: user=0.02 sys=0.00, real=0.02 secs] 
2018-03-30T11:35:34.304+0000: 420.866: [GC (Allocation Failure) 2018-03-30T11:35:34.304+0000: 420.866: [DefNew: 145833K->9679K(153600K), 0.0237379 secs] 337725K->202277K(494976K), 0.0238043 secs] [Times: user=0.02 sys=0.00, real=0.03 secs] 
2018-03-30T11:35:37.303+0000: 423.865: [GC (Allocation Failure) 2018-03-30T11:35:37.303+0000: 423.865: [DefNew: 146255K->8887K(153600K), 0.0226687 secs] 338853K->202915K(494976K), 0.0227500 secs] [Times: user=0.02 sys=0.00, real=0.02 secs] 
2018-03-30T11:35:40.039+0000: 426.601: [GC (Allocation Failure) 2018-03-30T11:35:40.039+0000: 426.601: [DefNew: 145463K->17024K(153600K), 0.0394292 secs] 339491K->214973K(494976K), 0.0394912 secs] [Times: user=0.03 sys=0.00, real=0.03 secs] 
2018-03-30T11:35:42.844+0000: 429.406: [GC (Allocation Failure) 2018-03-30T11:35:42.844+0000: 429.406: [DefNew: 153600K->6543K(153600K), 0.0279213 secs] 351549K->207981K(494976K), 0.0280006 secs] [Times: user=0.03 sys=0.00, real=0.03 secs] 
2018-03-30T11:35:45.914+0000: 432.476: [GC (Allocation Failure) 2018-03-30T11:35:45.914+0000: 432.476: [DefNew: 143119K->9284K(153600K), 0.0249618 secs] 344557K->210721K(494976K), 0.0250297 secs] [Times: user=0.03 sys=0.00, real=0.03 secs] 
2018-03-30T11:35:48.420+0000: 434.982: [GC (Allocation Failure) 2018-03-30T11:35:48.420+0000: 434.982: [DefNew: 145860K->17012K(153600K), 0.0128535 secs] 347297K->220537K(494976K), 0.0129199 secs] [Times: user=0.01 sys=0.00, real=0.01 secs] 
2018-03-30T11:35:51.423+0000: 437.985: [GC (Allocation Failure) 2018-03-30T11:35:51.423+0000: 437.985: [DefNew: 151200K->3508K(153600K), 0.0105270 secs] 354725K->210555K(494976K), 0.0106040 secs] [Times: user=0.01 sys=0.00, real=0.01 secs] 
2018-03-30T11:35:53.902+0000: 440.464: [GC (Allocation Failure) 2018-03-30T11:35:53.902+0000: 440.464: [DefNew: 139533K->6094K(153600K), 0.0089051 secs] 346579K->213141K(494976K), 0.0089733 secs] [Times: user=0.01 sys=0.00, real=0.01 secs] 
2018-03-30T11:35:56.804+0000: 443.366: [GC (Allocation Failure) 2018-03-30T11:35:56.804+0000: 443.366: [DefNew: 142670K->8882K(153600K), 0.0123027 secs] 349717K->215929K(494976K), 0.0123816 secs] [Times: user=0.01 sys=0.00, real=0.01 secs] 
2018-03-30T11:35:59.391+0000: 445.953: [GC (Allocation Failure) 2018-03-30T11:35:59.391+0000: 445.953: [DefNew: 139381K->7655K(153600K), 0.0111742 secs] 346428K->215880K(494976K), 0.0112521 secs] [Times: user=0.01 sys=0.00, real=0.01 secs] 
2018-03-30T11:36:02.314+0000: 448.876: [GC (Allocation Failure) 2018-03-30T11:36:02.314+0000: 448.876: [DefNew: 144231K->11050K(153600K), 0.0148453 secs] 352456K->219275K(494976K), 0.0149273 secs] [Times: user=0.02 sys=0.00, real=0.02 secs] 
2018-03-30T11:36:05.316+0000: 451.878: [GC (Allocation Failure) 2018-03-30T11:36:05.316+0000: 451.878: [DefNew: 147626K->8712K(153600K), 0.0147009 secs] 355851K->219272K(494976K), 0.0147697 secs] [Times: user=0.00 sys=0.01, real=0.02 secs] 
2018-03-30T11:36:08.307+0000: 454.869: [GC (Allocation Failure) 2018-03-30T11:36:08.307+0000: 454.869: [DefNew: 145288K->7667K(153600K), 0.0126360 secs] 355848K->219948K(494976K), 0.0127084 secs] [Times: user=0.01 sys=0.00, real=0.01 secs] 
2018-03-30T11:36:10.984+0000: 457.546: [GC (Allocation Failure) 2018-03-30T11:36:10.984+0000: 457.546: [DefNew: 142847K->7987K(153600K), 0.0171886 secs] 355128K->220269K(494976K), 0.0172605 secs] [Times: user=0.02 sys=0.00, real=0.02 secs] 
2018-03-30T11:36:13.599+0000: 460.161: [GC (Allocation Failure) 2018-03-30T11:36:13.599+0000: 460.161: [DefNew: 144563K->8811K(153600K), 0.0181097 secs] 356845K->221092K(494976K), 0.0181694 secs] [Times: user=0.02 sys=0.00, real=0.01 secs] 
2018-03-30T11:36:16.332+0000: 462.894: [GC (Allocation Failure) 2018-03-30T11:36:16.332+0000: 462.894: [DefNew: 145387K->11892K(153600K), 0.0350028 secs] 357668K->224950K(494976K), 0.0350691 secs] [Times: user=0.03 sys=0.00, real=0.04 secs] 
2018-03-30T11:36:19.003+0000: 465.565: [GC (Allocation Failure) 2018-03-30T11:36:19.003+0000: 465.565: [DefNew: 145212K->5912K(153600K), 0.0189865 secs] 358270K->222522K(494976K), 0.0190487 secs] [Times: user=0.02 sys=0.00, real=0.02 secs] 
2018-03-30T11:36:21.493+0000: 468.055: [GC (Allocation Failure) 2018-03-30T11:36:21.493+0000: 468.055: [DefNew: 130462K->7378K(153600K), 0.0133410 secs] 347072K->223988K(494976K), 0.0134109 secs] [Times: user=0.02 sys=0.00, real=0.02 secs] 
2018-03-30T11:36:24.136+0000: 470.698: [GC (Allocation Failure) 2018-03-30T11:36:24.136+0000: 470.698: [DefNew: 143954K->8563K(153600K), 0.0140295 secs] 360564K->225173K(494976K), 0.0141047 secs] [Times: user=0.01 sys=0.00, real=0.02 secs] 
2018-03-30T11:36:26.807+0000: 473.369: [GC (Allocation Failure) 2018-03-30T11:36:26.807+0000: 473.369: [DefNew: 145139K->9458K(153600K), 0.0224893 secs] 361749K->227309K(494976K), 0.0225547 secs] [Times: user=0.02 sys=0.00, real=0.02 secs] 
2018-03-30T11:36:29.496+0000: 476.058: [GC (Allocation Failure) 2018-03-30T11:36:29.496+0000: 476.058: [DefNew: 136100K->8067K(153600K), 0.0245465 secs] 353952K->227071K(494976K), 0.0246127 secs] [Times: user=0.02 sys=0.00, real=0.03 secs] 
2018-03-30T11:36:32.425+0000: 478.987: [GC (Allocation Failure) 2018-03-30T11:36:32.425+0000: 478.987: [DefNew: 142304K->8218K(153600K), 0.0161738 secs] 361308K->227222K(494976K), 0.0162887 secs] [Times: user=0.01 sys=0.01, real=0.02 secs] 
2018-03-30T11:36:35.075+0000: 481.637: [GC (Allocation Failure) 2018-03-30T11:36:35.075+0000: 481.637: [DefNew: 144794K->9142K(153600K), 0.0105251 secs] 363798K->228146K(494976K), 0.0105999 secs] [Times: user=0.01 sys=0.00, real=0.01 secs] 
2018-03-30T11:36:37.502+0000: 484.065: [GC (Allocation Failure) 2018-03-30T11:36:37.502+0000: 484.065: [DefNew: 145718K->13316K(153600K), 0.0396358 secs] 364722K->232940K(494976K), 0.0397028 secs] [Times: user=0.03 sys=0.00, real=0.04 secs] 
2018-03-30T11:36:39.961+0000: 486.523: [GC (Allocation Failure) 2018-03-30T11:36:39.961+0000: 486.523: [DefNew: 141602K->6082K(153600K), 0.0148633 secs] 361227K->230210K(494976K), 0.0149345 secs] [Times: user=0.01 sys=0.01, real=0.01 secs] 
2018-03-30T11:36:42.483+0000: 489.046: [GC (Allocation Failure) 2018-03-30T11:36:42.484+0000: 489.046: [DefNew: 137652K->7628K(153600K), 0.0111101 secs] 361780K->231756K(494976K), 0.0111844 secs] [Times: user=0.01 sys=0.01, real=0.01 secs] 
2018-03-30T11:36:44.999+0000: 491.561: [GC (Allocation Failure) 2018-03-30T11:36:44.999+0000: 491.561: [DefNew: 138601K->8473K(153600K), 0.0127247 secs] 362729K->232601K(494976K), 0.0127890 secs] [Times: user=0.01 sys=0.00, real=0.01 secs] 
2018-03-30T11:36:47.480+0000: 494.042: [GC (Allocation Failure) 2018-03-30T11:36:47.480+0000: 494.042: [DefNew: 144848K->9796K(153600K), 0.0136654 secs] 368976K->233924K(494976K), 0.0137284 secs] [Times: user=0.01 sys=0.00, real=0.01 secs] 
2018-03-30T11:36:49.983+0000: 496.545: [GC (Allocation Failure) 2018-03-30T11:36:49.983+0000: 496.545: [DefNew: 137291K->8316K(153600K), 0.0172697 secs] 361419K->234502K(494976K), 0.0173426 secs] [Times: user=0.02 sys=0.00, real=0.02 secs] 
2018-03-30T11:36:52.501+0000: 499.063: [GC (Allocation Failure) 2018-03-30T11:36:52.501+0000: 499.063: [DefNew: 133189K->9162K(153600K), 0.0183937 secs] 359374K->235347K(494976K), 0.0184643 secs] [Times: user=0.02 sys=0.00, real=0.02 secs] 
2018-03-30T11:36:54.993+0000: 501.555: [GC (Allocation Failure) 2018-03-30T11:36:54.993+0000: 501.555: [DefNew: 145738K->13040K(153600K), 0.0389452 secs] 371923K->240162K(494976K), 0.0390112 secs] [Times: user=0.04 sys=0.00, real=0.04 secs] 
2018-03-30T11:36:57.004+0000: 503.566: [GC (Allocation Failure) 2018-03-30T11:36:57.004+0000: 503.566: [DefNew: 137780K->6678K(153600K), 0.0267055 secs] 364901K->237620K(494976K), 0.0267720 secs] [Times: user=0.03 sys=0.01, real=0.03 secs] 
2018-03-30T11:36:59.526+0000: 506.088: [GC (Allocation Failure) 2018-03-30T11:36:59.526+0000: 506.088: [DefNew: 140374K->7927K(153600K), 0.0203635 secs] 371315K->238868K(494976K), 0.0204337 secs] [Times: user=0.02 sys=0.00, real=0.03 secs] 
2018-03-30T11:37:02.022+0000: 508.584: [GC (Allocation Failure) 2018-03-30T11:37:02.022+0000: 508.584: [DefNew: 141733K->8691K(153600K), 0.0117050 secs] 372674K->239632K(494976K), 0.0117769 secs] [Times: user=0.01 sys=0.00, real=0.01 secs] 
2018-03-30T11:37:04.512+0000: 511.074: [GC (Allocation Failure) 2018-03-30T11:37:04.512+0000: 511.074: [DefNew: 145267K->8614K(153600K), 0.0219794 secs] 376208K->240668K(494976K), 0.0220461 secs] [Times: user=0.03 sys=0.00, real=0.02 secs] 
2018-03-30T11:37:07.332+0000: 513.895: [GC (Allocation Failure) 2018-03-30T11:37:07.332+0000: 513.895: [DefNew: 145190K->9583K(153600K), 0.0274807 secs] 377244K->243203K(494976K), 0.0275706 secs] [Times: user=0.02 sys=0.00, real=0.03 secs] 
2018-03-30T11:37:10.019+0000: 516.581: [GC (Allocation Failure) 2018-03-30T11:37:10.019+0000: 516.581: [DefNew: 143586K->7026K(153600K), 0.0210910 secs] 377206K->241993K(494976K), 0.0211628 secs] [Times: user=0.02 sys=0.00, real=0.02 secs] 
2018-03-30T11:37:12.306+0000: 518.868: [GC (Allocation Failure) 2018-03-30T11:37:12.306+0000: 518.868: [DefNew: 143602K->9065K(153600K), 0.0249520 secs] 378569K->244032K(494976K), 0.0250127 secs] [Times: user=0.02 sys=0.00, real=0.03 secs] 
2018-03-30T11:37:14.922+0000: 521.485: [GC (Allocation Failure) 2018-03-30T11:37:14.922+0000: 521.485: [DefNew: 145641K->12671K(153600K), 0.0338309 secs] 380608K->248354K(494976K), 0.0338983 secs] [Times: user=0.04 sys=0.00, real=0.03 secs] 
2018-03-30T11:37:17.338+0000: 523.900: [GC (Allocation Failure) 2018-03-30T11:37:17.338+0000: 523.900: [DefNew: 149247K->8484K(153600K), 0.0340364 secs] 384930K->248568K(494976K), 0.0341022 secs] [Times: user=0.04 sys=0.00, real=0.03 secs] 
2018-03-30T11:37:19.864+0000: 526.426: [GC (Allocation Failure) 2018-03-30T11:37:19.864+0000: 526.426: [DefNew: 145060K->11208K(153600K), 0.0298676 secs] 385144K->251293K(494976K), 0.0299396 secs] [Times: user=0.02 sys=0.00, real=0.03 secs] 
2018-03-30T11:37:22.348+0000: 528.910: [GC (Allocation Failure) 2018-03-30T11:37:22.348+0000: 528.910: [DefNew: 147784K->8537K(153600K), 0.0348650 secs] 387869K->251953K(494976K), 0.0349305 secs] [Times: user=0.04 sys=0.00, real=0.03 secs] 
2018-03-30T11:37:24.845+0000: 531.407: [GC (Allocation Failure) 2018-03-30T11:37:24.845+0000: 531.407: [DefNew: 145113K->8806K(153600K), 0.0250065 secs] 388529K->253827K(494976K), 0.0250760 secs] [Times: user=0.03 sys=0.00, real=0.03 secs] 
11:37:26.817 [Client] INFO  c.s.f.r.e.s.SocketRear  - FlameSocketGraphDeployerRear@10.0.0.205: has been disconnected from Connection 2
2018-03-30T11:37:27.368+0000: 533.930: [GC (Allocation Failure) 2018-03-30T11:37:27.368+0000: 533.930: [DefNew: 145382K->8802K(153600K), 0.0264595 secs] 390403K->255856K(494976K), 0.0265288 secs] [Times: user=0.02 sys=0.00, real=0.02 secs] 
11:37:38.632 [worker-akka.actor.default-dispatcher-11] INFO  a.a.CoordinatedShutdown CoordinatedShutdown(akka://worker) - Starting coordinated shutdown from JVM shutdown hook
11:37:38.659 [worker-akka.actor.default-dispatcher-4] INFO  a.a.LocalActorRef akka://worker/user/watcher/graph_at_0/negotiator - Stopped
11:37:38.659 [worker-akka.actor.default-dispatcher-4] INFO  a.a.LocalActorRef akka://worker/user/watcher/graph_at_0/edge/FlameSocketGraphDeployerFront - Stopped
11:37:38.660 [worker-akka.actor.default-dispatcher-4] INFO  a.a.LocalActorRef akka://worker/user/watcher/graph_at_0/edge/FlameSocketGraphDeployerRear - Stopped
11:37:38.660 [worker-akka.actor.default-dispatcher-4] INFO  a.a.LocalActorRef akka://worker/user/watcher/graph_at_0/graph/$a - Stopped
11:37:38.660 [worker-akka.actor.default-dispatcher-4] INFO  a.a.LocalActorRef akka://worker/user/watcher/graph_at_0/graph/$b - Stopped
11:37:38.660 [worker-akka.actor.default-dispatcher-4] INFO  a.a.LocalActorRef akka://worker/user/watcher/graph_at_0/graph/$c - Stopped
11:37:38.660 [worker-akka.actor.default-dispatcher-4] INFO  a.a.LocalActorRef akka://worker/user/watcher/graph_at_0/edge - Stopped
11:37:38.660 [worker-akka.actor.default-dispatcher-4] INFO  a.a.LocalActorRef akka://worker/user/watcher/graph_at_0/graph/local-acker/$a - Stopped
11:37:38.662 [worker-akka.actor.default-dispatcher-3] INFO  o.a.z.ZooKeeper  - Session: 0x16276a9cd3d0003 closed
11:37:38.662 [worker-akka.actor.default-dispatcher-3-EventThread] INFO  o.a.z.ClientCnxn  - EventThread shut down for session: 0x16276a9cd3d0003
11:37:38.664 [worker-akka.actor.default-dispatcher-4] INFO  a.a.LocalActorRef akka://worker/user/watcher/graph_at_0/graph/local-acker/$a - Message [com.spbsu.flamestream.runtime.utils.akka.PingActor$InnerPing] from Actor[akka://worker/user/watcher/graph_at_0/graph/local-acker/$a#1655879658] to Actor[akka://worker/user/watcher/graph_at_0/graph/local-acker/$a#1655879658] was not delivered. [1] dead letters encountered. This logging can be turned off or adjusted with configuration settings 'akka.log-dead-letters' and 'akka.log-dead-letters-during-shutdown'.
11:37:38.664 [worker-akka.actor.default-dispatcher-4] INFO  a.a.LocalActorRef akka://worker/user/watcher/graph_at_0/graph/local-acker - Stopped
11:37:38.666 [worker-akka.actor.default-dispatcher-4] INFO  a.a.LocalActorRef akka://worker/user/watcher/graph_at_0/graph - Stopped
11:37:38.667 [worker-akka.actor.default-dispatcher-4] INFO  a.a.LocalActorRef akka://worker/user/watcher/graph_at_0/graph/local-acker/$a - Message [com.spbsu.flamestream.runtime.utils.akka.PingActor$Stop] from Actor[akka://worker/user/watcher/graph_at_0/graph/local-acker#2089114375] to Actor[akka://worker/user/watcher/graph_at_0/graph/local-acker/$a#1655879658] was not delivered. [2] dead letters encountered. This logging can be turned off or adjusted with configuration settings 'akka.log-dead-letters' and 'akka.log-dead-letters-during-shutdown'.
11:37:38.667 [worker-akka.actor.default-dispatcher-4] INFO  a.a.LocalActorRef akka://worker/user/watcher/graph_at_0/graph/local-acker - Message [com.spbsu.flamestream.runtime.acker.LocalAcker$Flush] from Actor[akka://worker/user/watcher/graph_at_0/graph/local-acker/$a#1655879658] to Actor[akka://worker/user/watcher/graph_at_0/graph/local-acker#2089114375] was not delivered. [3] dead letters encountered. This logging can be turned off or adjusted with configuration settings 'akka.log-dead-letters' and 'akka.log-dead-letters-during-shutdown'.
11:37:38.669 [worker-akka.actor.default-dispatcher-4] INFO  a.a.LocalActorRef akka://worker/user/watcher/graph_at_0 - Stopped
11:37:38.669 [worker-akka.actor.default-dispatcher-4] INFO  a.a.RepointableActorRef akka://worker/user/watcher - Stopped
11:37:38.675 [worker-akka.actor.default-dispatcher-18] INFO  a.r.RemoteActorRefProvider$RemotingTerminator akka://worker@10.0.0.205:5412/system/remoting-terminator - Shutting down remote daemon.
11:37:38.677 [worker-akka.actor.default-dispatcher-18] INFO  a.r.RemoteActorRefProvider$RemotingTerminator akka://worker@10.0.0.205:5412/system/remoting-terminator - Remote daemon shut down; proceeding with flushing remote transports.
11:37:38.902 [worker-akka.actor.default-dispatcher-3] INFO  a.r.RemoteActorRefProvider$RemotingTerminator akka://worker@10.0.0.205:5412/system/remoting-terminator - Remoting shut down.
Heap
 def new generation   total 153600K, used 38440K [0x00000000e0c00000, 0x00000000eb2a0000, 0x00000000eb2a0000)
  eden space 136576K,  21% used [0x00000000e0c00000, 0x00000000e28f1768, 0x00000000e9160000)
  from space 17024K,  51% used [0x00000000e9160000, 0x00000000e99f89f8, 0x00000000ea200000)
  to   space 17024K,   0% used [0x00000000ea200000, 0x00000000ea200000, 0x00000000eb2a0000)
 tenured generation   total 341376K, used 247053K [0x00000000eb2a0000, 0x0000000100000000, 0x0000000100000000)
   the space 341376K,  72% used [0x00000000eb2a0000, 0x00000000fa3e37f0, 0x00000000fa3e3800, 0x0000000100000000)
 Metaspace       used 34486K, capacity 35382K, committed 35496K, reserved 1079296K
  class space    used 4548K, capacity 4740K, committed 4776K, reserved 1048576K
