13:59:00.069 [worker-akka.actor.default-dispatcher-2] INFO  a.e.s.Slf4jLogger  - Slf4jLogger started
2018-02-19T13:59:00.239+0000: 2.579: [Full GC (Metadata GC Threshold) 2018-02-19T13:59:00.239+0000: 2.579: [Tenured: 0K->15411K(341376K), 0.0370011 secs] 117532K->15411K(494976K), [Metaspace: 20874K->20874K(1067008K)], 0.0370698 secs] [Times: user=0.04 sys=0.00, real=0.04 secs] 
Ama winner
Ama winner
13:59:00.675 [worker-akka.actor.default-dispatcher-2] INFO  a.r.a.ArteryTransport(akka://worker) akka.remote.artery.ArteryTransport(akka://worker) - Started embedded media driver in directory [/dev/shm/aeron-root-worker-c8b514ff-cea4-4be5-8608-0f80c922d952]
13:59:00.888 [worker-akka.actor.default-dispatcher-2] INFO  a.r.a.ArteryTransport(akka://worker) akka.remote.artery.ArteryTransport(akka://worker) - Remoting started; listening on address: [akka://worker@172.31.42.36:5412] with UID [-1734874357603624502]
13:59:00.988 [worker-akka.actor.default-dispatcher-2] INFO  o.a.z.ZooKeeper  - Client environment:zookeeper.version=3.4.9-1757313, built on 08/23/2016 06:50 GMT
13:59:00.988 [worker-akka.actor.default-dispatcher-2] INFO  o.a.z.ZooKeeper  - Client environment:host.name=ip-172-31-42-36.us-east-2.compute.internal
13:59:00.989 [worker-akka.actor.default-dispatcher-2] INFO  o.a.z.ZooKeeper  - Client environment:java.version=1.8.0_151
13:59:00.989 [worker-akka.actor.default-dispatcher-2] INFO  o.a.z.ZooKeeper  - Client environment:java.vendor=Oracle Corporation
13:59:00.989 [worker-akka.actor.default-dispatcher-2] INFO  o.a.z.ZooKeeper  - Client environment:java.home=/usr/lib/jvm/java-8-openjdk-amd64/jre
13:59:00.989 [worker-akka.actor.default-dispatcher-2] INFO  o.a.z.ZooKeeper  - Client environment:java.class.path=lib/commons-cli-1.4.jar:lib/minlog-1.3.0.jar:lib/asm-5.0.4.jar:lib/hadoop-annotations-2.7.3.jar:lib/hadoop-auth-2.7.3.jar:lib/akka-slf4j_2.11-2.5.6.jar:lib/jersey-core-1.9.jar:lib/lz4-1.3.0.jar:lib/jackson-core-asl-1.9.13.jar:lib/aeron-client-1.3.0.jar:lib/htrace-core-3.1.0-incubating.jar:lib/xz-1.0.jar:lib/commons-httpclient-3.1.jar:lib/asm-3.1.jar:lib/commons-lang3-3.4.jar:lib/scala-library-2.11.11.jar:lib/scala-java8-compat_2.11-0.7.0.jar:lib/commons-configuration-1.6.jar:lib/objenesis-2.1.jar:lib/jackson-annotations-2.8.0.jar:lib/jsr305-3.0.0.jar:lib/curator-framework-2.7.1.jar:lib/jersey-server-1.9.jar:lib/jets3t-0.9.0.jar:lib/leveldb-0.7.jar:lib/jetty-6.1.26.jar:lib/stax-api-1.0-2.jar:lib/flamestream-core-1.0-SNAPSHOT.jar:lib/reflectasm-1.07-shaded.jar:lib/apacheds-kerberos-codec-2.0.0-M15.jar:lib/api-asn1-api-1.0.0-M20.jar:lib/commons-lang-2.6.jar:lib/commons-beanutils-1.7.0.jar:lib/jackson-xc-1.8.3.jar:lib/jetty-util-6.1.26.jar:lib/logback-classic-1.2.3.jar:lib/jool-0.9.12.jar:lib/flamestream-runtime-1.0-SNAPSHOT-tests.jar:lib/httpcore-4.1.2.jar:lib/kryo-4.0.0.jar:lib/ant-1.8.1.jar:lib/jaxb-impl-2.2.3-1.jar:lib/jersey-json-1.9.jar:lib/commons-compress-1.4.1.jar:lib/leveldbjni-all-1.8.jar:lib/paranamer-2.3.jar:lib/jackson-core-2.8.4.jar:lib/commons-math3-3.6.1.jar:lib/scala-parser-combinators_2.11-1.0.4.jar:lib/netty-3.10.6.Final.jar:lib/trove4j-3.0.3.jar:lib/jaxb-api-2.2.2.jar:lib/logback-core-1.2.3.jar:lib/snappy-java-1.0.4.1.jar:lib/protobuf-java-2.5.0.jar:lib/reactive-streams-1.0.1.jar:lib/flamestream-examples-1.0-SNAPSHOT.jar:lib/commons-codec-1.4.jar:lib/activation-1.1.jar:lib/commons-net-3.1.jar:lib/curator-recipes-2.7.1.jar:lib/jackson-mapper-asl-1.9.13.jar:lib/jackson-databind-2.8.4.jar:lib/flamestream-runtime-1.0-SNAPSHOT.jar:lib/jackson-jaxrs-1.8.3.jar:lib/slf4j-api-1.7.24.jar:lib/akka-remote_2.11-2.5.6.jar:lib/akka-testkit_2.11-2.5.6.jar:lib/jline-0.9.94.jar:lib/akka-stream_2.11-2.5.6.jar:lib/jsp-api-2.1.jar:lib/kryonet-2.21.jar:lib/akka-kryo-serialization_2.11-0.5.0.jar:lib/config-1.3.1.jar:lib/ant-launcher-1.8.1.jar:lib/commons-logging-1.2.jar:lib/ssl-config-core_2.11-0.2.2.jar:lib/testng-6.10.jar:lib/leveldb-api-0.7.jar:lib/reflectasm-1.11.3.jar:lib/jcommander-1.48.jar:lib/commons-1.1.jar:lib/commons-digester-1.8.jar:lib/minlog-1.2.jar:lib/java-xmlbuilder-0.4.jar:lib/jettison-1.1.jar:lib/gson-2.2.4.jar:lib/jdk.tools-1.8.jar:lib/aeron-driver-1.3.0.jar:lib/zookeeper-3.4.9.jar:lib/commons-beanutils-core-1.8.0.jar:lib/commons-math3-3.1.1.jar:lib/akka-actor_2.11-2.5.6.jar:lib/curator-client-2.7.1.jar:lib/servlet-api-2.5.jar:lib/apacheds-i18n-2.0.0-M15.jar:lib/commons-io-2.4.jar:lib/commons-codec-1.6.jar:lib/akka-protobuf_2.11-2.5.6.jar:lib/protobuf-java-3.5.1.jar:lib/jdom-2.0.2.jar:lib/api-util-1.0.0-M20.jar:lib/hadoop-common-2.7.3.jar:lib/agrona-0.9.6.jar:lib/xmlenc-0.52.jar:lib/guava-21.0.jar:lib/commons-collections-3.2.2.jar:lib/avro-1.7.4.jar:lib/httpclient-4.1.2.jar:lib/flamestream-core-1.0-SNAPSHOT-tests.jar:lib/annotations-12.0.jar:lib/jsch-0.1.42.jar:flamestream-runtime-1.0-SNAPSHOT.jar
13:59:00.989 [worker-akka.actor.default-dispatcher-2] INFO  o.a.z.ZooKeeper  - Client environment:java.library.path=/usr/java/packages/lib/amd64:/usr/lib/x86_64-linux-gnu/jni:/lib/x86_64-linux-gnu:/usr/lib/x86_64-linux-gnu:/usr/lib/jni:/lib:/usr/lib
13:59:00.989 [worker-akka.actor.default-dispatcher-2] INFO  o.a.z.ZooKeeper  - Client environment:java.io.tmpdir=/tmp
13:59:00.989 [worker-akka.actor.default-dispatcher-2] INFO  o.a.z.ZooKeeper  - Client environment:java.compiler=<NA>
13:59:00.989 [worker-akka.actor.default-dispatcher-2] INFO  o.a.z.ZooKeeper  - Client environment:os.name=Linux
13:59:00.989 [worker-akka.actor.default-dispatcher-2] INFO  o.a.z.ZooKeeper  - Client environment:os.arch=amd64
13:59:00.989 [worker-akka.actor.default-dispatcher-2] INFO  o.a.z.ZooKeeper  - Client environment:os.version=4.4.0-1049-aws
13:59:00.989 [worker-akka.actor.default-dispatcher-2] INFO  o.a.z.ZooKeeper  - Client environment:user.name=root
13:59:00.991 [worker-akka.actor.default-dispatcher-2] INFO  o.a.z.ZooKeeper  - Client environment:user.home=/root
13:59:00.991 [worker-akka.actor.default-dispatcher-2] INFO  o.a.z.ZooKeeper  - Client environment:user.dir=/opt/flamestream
13:59:00.994 [worker-akka.actor.default-dispatcher-2] INFO  o.a.z.ZooKeeper  - Initiating client connection, connectString=172.31.34.147:2181 sessionTimeout=5000 watcher=com.spbsu.flamestream.runtime.application.LifecycleWatcher$$Lambda$29/2091173542@1b48f905
13:59:01.025 [worker-akka.actor.default-dispatcher-2] INFO  a.a.RepointableActorRef akka://worker/user/watcher - Starting...
13:59:01.030 [worker-akka.actor.default-dispatcher-2-SendThread(172.31.34.147:2181)] INFO  o.a.z.ClientCnxn  - Opening socket connection to server 172.31.34.147/172.31.34.147:2181. Will not attempt to authenticate using SASL (unknown error)
13:59:01.034 [worker-akka.actor.default-dispatcher-2-SendThread(172.31.34.147:2181)] INFO  o.a.z.ClientCnxn  - Socket connection established to 172.31.34.147/172.31.34.147:2181, initiating session
13:59:01.043 [worker-akka.actor.default-dispatcher-2-SendThread(172.31.34.147:2181)] INFO  o.a.z.ClientCnxn  - Session establishment complete on server 172.31.34.147/172.31.34.147:2181, sessionid = 0x161ae5b84060003, negotiated timeout = 6000
13:59:01.127 [worker-akka.actor.default-dispatcher-2] INFO  a.a.RepointableActorRef akka://worker/user/watcher - Connected to ZK
13:59:12.134 [worker-akka.actor.default-dispatcher-2] INFO  a.a.RepointableActorRef akka://worker/user/watcher - Creating node with watchGraphs: 'com.spbsu.flamestream.core.Graph$Builder$MyGraph@a3be827', config: 'ClusterConfig{paths={172.31.33.155=akka://worker@172.31.33.155:5412/user/watcher/graph0000000000, 172.31.47.83=akka://worker@172.31.47.83:5412/user/watcher/graph0000000000, 172.31.45.197=akka://worker@172.31.45.197:5412/user/watcher/graph0000000000, 172.31.42.36=akka://worker@172.31.42.36:5412/user/watcher/graph0000000000, 172.31.44.83=akka://worker@172.31.44.83:5412/user/watcher/graph0000000000, 172.31.39.64=akka://worker@172.31.39.64:5412/user/watcher/graph0000000000, 172.31.35.79=akka://worker@172.31.35.79:5412/user/watcher/graph0000000000, 172.31.34.169=akka://worker@172.31.34.169:5412/user/watcher/graph0000000000, 172.31.47.100=akka://worker@172.31.47.100:5412/user/watcher/graph0000000000, 172.31.37.101=akka://worker@172.31.37.101:5412/user/watcher/graph0000000000}, ackerLocation='172.31.35.79', props=ComputationLayout{ranges={172.31.33.155=HashRange{from=-1670265060, to=-1193046472}, 172.31.47.83=HashRange{from=1670265056, to=2147483644}, 172.31.45.197=HashRange{from=-715827884, to=-238609296}, 172.31.42.36=HashRange{from=1193046468, to=1670265056}, 172.31.44.83=HashRange{from=-238609296, to=238609292}, 172.31.39.64=HashRange{from=715827880, to=1193046468}, 172.31.35.79=HashRange{from=0, to=0}, 172.31.34.169=HashRange{from=-2147483648, to=-1670265060}, 172.31.47.100=HashRange{from=238609292, to=715827880}, 172.31.37.101=HashRange{from=-1193046472, to=-715827884}}}}'
13:59:12.949 [worker-akka.actor.default-dispatcher-2] INFO  a.a.LocalActorRef akka://worker/user/watcher/graph0000000000/graph - Starting...
13:59:12.954 [worker-akka.actor.default-dispatcher-2] INFO  a.a.LocalActorRef akka://worker/user/watcher/graph0000000000/graph/local-acker - Starting...
13:59:12.959 [worker-akka.actor.default-dispatcher-2] INFO  a.a.LocalActorRef akka://worker/user/watcher/graph0000000000/graph/local-acker/$a - Starting...
Warning: space is running low in /dev/shm (tmpfs) threshold=167,772,160 usable=158,621,696
Warning: space is running low in /dev/shm (tmpfs) threshold=167,772,160 usable=146,034,688
Warning: space is running low in /dev/shm (tmpfs) threshold=167,772,160 usable=133,447,680
Warning: space is running low in /dev/shm (tmpfs) threshold=167,772,160 usable=120,860,672
Warning: space is running low in /dev/shm (tmpfs) threshold=167,772,160 usable=108,273,664
Warning: space is running low in /dev/shm (tmpfs) threshold=167,772,160 usable=95,686,656
Warning: space is running low in /dev/shm (tmpfs) threshold=167,772,160 usable=83,099,648
Warning: space is running low in /dev/shm (tmpfs) threshold=167,772,160 usable=70,512,640
13:59:14.332 [worker-akka.actor.default-dispatcher-2] INFO  a.a.LocalActorRef akka://worker/user/watcher/graph0000000000/graph - Finishing constructor
13:59:14.335 [worker-akka.actor.default-dispatcher-2] INFO  a.a.LocalActorRef akka://worker/user/watcher/graph0000000000 - Starting...
13:59:14.335 [worker-akka.actor.default-dispatcher-2] INFO  a.a.LocalActorRef akka://worker/user/watcher/graph0000000000/negotiator - Starting...
13:59:14.400 [worker-akka.actor.default-dispatcher-2] INFO  a.a.LocalActorRef akka://worker/user/watcher/graph0000000000/edge - Starting...
13:59:14.400 [worker-akka.actor.default-dispatcher-2] INFO  a.a.LocalActorRef akka://worker/user/watcher/graph0000000000/graph/$a - Starting...
13:59:14.402 [worker-akka.actor.default-dispatcher-2] INFO  a.a.LocalActorRef akka://worker/user/watcher/graph0000000000/graph/$b - Starting...
13:59:14.403 [worker-akka.actor.default-dispatcher-2] INFO  a.a.LocalActorRef akka://worker/user/watcher/graph0000000000/graph/$c - Starting...
13:59:14.429 [worker-akka.actor.default-dispatcher-2] INFO  c.s.f.r.e.s.SocketRear  - FlameSocketGraphDeployerRear@172.31.42.36: connecting to 172.31.34.147:5678
13:59:14.438 [worker-akka.actor.default-dispatcher-2] INFO  c.s.f.r.e.s.SocketRear  - FlameSocketGraphDeployerRear@172.31.42.36: connected to 172.31.34.147:5678
13:59:14.463 [worker-akka.actor.default-dispatcher-2] INFO  a.a.LocalActorRef akka://worker/user/watcher/graph0000000000/edge/FlameSocketGraphDeployerRear - Starting...
13:59:14.464 [worker-akka.actor.default-dispatcher-2] INFO  a.a.LocalActorRef akka://worker/user/watcher/graph0000000000/edge/FlameSocketGraphDeployerFront - Starting...
13:59:14.464 [worker-akka.actor.default-dispatcher-2] INFO  a.a.LocalActorRef akka://worker/user/watcher/graph0000000000/negotiator - Requesting ticket for the frontClass FlameSocketGraphDeployerFront@172.31.42.36
13:59:14.480 [worker-akka.actor.default-dispatcher-2] INFO  a.a.LocalActorRef akka://worker/user/watcher/graph0000000000/negotiator - Ticket for the frontClass received: FrontTicket{allowedTimestamp=(1519048752140, FlameSocketGraphDeployerFront@172.31.42.36)}
13:59:14.481 [worker-akka.actor.default-dispatcher-2] INFO  c.s.f.r.e.s.SocketFront  - FlameSocketGraphDeployerFront@172.31.42.36: connecting to 172.31.34.147:4567
13:59:14.499 [Client] INFO  c.s.f.r.e.s.SocketFront  - FlameSocketGraphDeployerFront@172.31.42.36 has been disconnected from Connection 4
2018-02-19T13:59:18.166+0000: 20.506: [GC (Allocation Failure) 2018-02-19T13:59:18.166+0000: 20.506: [DefNew: 136576K->15819K(153600K), 0.0296471 secs] 151987K->50761K(494976K), 0.0297072 secs] [Times: user=0.03 sys=0.01, real=0.03 secs] 
2018-02-19T13:59:30.397+0000: 32.736: [GC (Allocation Failure) 2018-02-19T13:59:30.397+0000: 32.736: [DefNew: 152395K->3425K(153600K), 0.0166916 secs] 187337K->45943K(494976K), 0.0167483 secs] [Times: user=0.02 sys=0.00, real=0.02 secs] 
2018-02-19T13:59:46.532+0000: 48.871: [GC (Allocation Failure) 2018-02-19T13:59:46.532+0000: 48.871: [DefNew: 140001K->5453K(153600K), 0.0115384 secs] 182519K->47971K(494976K), 0.0115943 secs] [Times: user=0.02 sys=0.00, real=0.01 secs] 
2018-02-19T13:59:59.059+0000: 61.399: [GC (Allocation Failure) 2018-02-19T13:59:59.059+0000: 61.399: [DefNew: 142029K->7504K(153600K), 0.0157801 secs] 184547K->50023K(494976K), 0.0158374 secs] [Times: user=0.02 sys=0.00, real=0.02 secs] 
2018-02-19T14:00:11.532+0000: 73.872: [GC (Allocation Failure) 2018-02-19T14:00:11.532+0000: 73.872: [DefNew: 144080K->8591K(153600K), 0.0135287 secs] 186599K->51109K(494976K), 0.0136125 secs] [Times: user=0.01 sys=0.00, real=0.01 secs] 
2018-02-19T14:00:20.945+0000: 83.285: [GC (Allocation Failure) 2018-02-19T14:00:20.945+0000: 83.285: [DefNew: 145167K->9132K(153600K), 0.0164943 secs] 187685K->53021K(494976K), 0.0165557 secs] [Times: user=0.02 sys=0.00, real=0.02 secs] 
2018-02-19T14:00:35.947+0000: 98.286: [GC (Allocation Failure) 2018-02-19T14:00:35.947+0000: 98.286: [DefNew: 145708K->8180K(153600K), 0.0147585 secs] 189597K->53346K(494976K), 0.0148129 secs] [Times: user=0.02 sys=0.00, real=0.02 secs] 
2018-02-19T14:00:51.385+0000: 113.725: [GC (Allocation Failure) 2018-02-19T14:00:51.385+0000: 113.725: [DefNew: 144756K->9500K(153600K), 0.0147435 secs] 189922K->54666K(494976K), 0.0148004 secs] [Times: user=0.01 sys=0.00, real=0.01 secs] 
2018-02-19T14:01:08.507+0000: 130.847: [GC (Allocation Failure) 2018-02-19T14:01:08.508+0000: 130.847: [DefNew: 146076K->9861K(153600K), 0.0190705 secs] 191242K->56057K(494976K), 0.0191311 secs] [Times: user=0.02 sys=0.00, real=0.02 secs] 
2018-02-19T14:01:22.908+0000: 145.247: [GC (Allocation Failure) 2018-02-19T14:01:22.908+0000: 145.247: [DefNew: 146437K->8502K(153600K), 0.0171831 secs] 192633K->57175K(494976K), 0.0172436 secs] [Times: user=0.01 sys=0.01, real=0.02 secs] 
2018-02-19T14:01:38.665+0000: 161.005: [GC (Allocation Failure) 2018-02-19T14:01:38.665+0000: 161.005: [DefNew: 145078K->9871K(153600K), 0.0146253 secs] 193751K->58544K(494976K), 0.0146866 secs] [Times: user=0.02 sys=0.00, real=0.01 secs] 
2018-02-19T14:01:56.146+0000: 178.486: [GC (Allocation Failure) 2018-02-19T14:01:56.146+0000: 178.486: [DefNew: 146447K->8877K(153600K), 0.0167851 secs] 195120K->59689K(494976K), 0.0168632 secs] [Times: user=0.01 sys=0.00, real=0.02 secs] 
2018-02-19T14:02:08.928+0000: 191.267: [GC (Allocation Failure) 2018-02-19T14:02:08.928+0000: 191.267: [DefNew: 145453K->8294K(153600K), 0.0150497 secs] 196265K->60502K(494976K), 0.0151074 secs] [Times: user=0.01 sys=0.00, real=0.02 secs] 
2018-02-19T14:02:28.273+0000: 210.613: [GC (Allocation Failure) 2018-02-19T14:02:28.273+0000: 210.613: [DefNew: 144870K->9767K(153600K), 0.0144515 secs] 197078K->61976K(494976K), 0.0145132 secs] [Times: user=0.01 sys=0.00, real=0.01 secs] 
2018-02-19T14:02:44.216+0000: 226.556: [GC (Allocation Failure) 2018-02-19T14:02:44.216+0000: 226.556: [DefNew: 146343K->9093K(153600K), 0.0170663 secs] 198552K->63477K(494976K), 0.0171604 secs] [Times: user=0.02 sys=0.00, real=0.02 secs] 
2018-02-19T14:03:01.818+0000: 244.158: [GC (Allocation Failure) 2018-02-19T14:03:01.819+0000: 244.158: [DefNew: 145669K->9593K(153600K), 0.0163714 secs] 200053K->64982K(494976K), 0.0164349 secs] [Times: user=0.02 sys=0.00, real=0.02 secs] 
2018-02-19T14:03:16.189+0000: 258.528: [GC (Allocation Failure) 2018-02-19T14:03:16.189+0000: 258.528: [DefNew: 146169K->8092K(153600K), 0.0169812 secs] 201558K->65685K(494976K), 0.0170700 secs] [Times: user=0.02 sys=0.00, real=0.02 secs] 
2018-02-19T14:03:32.488+0000: 274.827: [GC (Allocation Failure) 2018-02-19T14:03:32.488+0000: 274.827: [DefNew: 144668K->10270K(153600K), 0.0155981 secs] 202261K->67863K(494976K), 0.0156587 secs] [Times: user=0.01 sys=0.00, real=0.02 secs] 
2018-02-19T14:03:49.253+0000: 291.593: [GC (Allocation Failure) 2018-02-19T14:03:49.253+0000: 291.593: [DefNew: 146846K->9110K(153600K), 0.0214615 secs] 204439K->69112K(494976K), 0.0215356 secs] [Times: user=0.01 sys=0.02, real=0.02 secs] 
2018-02-19T14:04:08.290+0000: 310.630: [GC (Allocation Failure) 2018-02-19T14:04:08.290+0000: 310.630: [DefNew: 145686K->9110K(153600K), 0.0178768 secs] 205688K->70378K(494976K), 0.0179490 secs] [Times: user=0.02 sys=0.00, real=0.01 secs] 
2018-02-19T14:04:22.069+0000: 324.408: [GC (Allocation Failure) 2018-02-19T14:04:22.069+0000: 324.408: [DefNew: 145686K->8624K(153600K), 0.0155915 secs] 206954K->71693K(494976K), 0.0156802 secs] [Times: user=0.02 sys=0.00, real=0.02 secs] 
2018-02-19T14:04:37.101+0000: 339.440: [GC (Allocation Failure) 2018-02-19T14:04:37.101+0000: 339.440: [DefNew: 145200K->8963K(153600K), 0.0163193 secs] 208269K->73236K(494976K), 0.0163806 secs] [Times: user=0.02 sys=0.00, real=0.02 secs] 
2018-02-19T14:04:49.857+0000: 352.196: [GC (Allocation Failure) 2018-02-19T14:04:49.857+0000: 352.196: [DefNew: 145539K->9155K(153600K), 0.0163848 secs] 209812K->74716K(494976K), 0.0164422 secs] [Times: user=0.02 sys=0.00, real=0.02 secs] 
2018-02-19T14:05:06.407+0000: 368.747: [GC (Allocation Failure) 2018-02-19T14:05:06.407+0000: 368.747: [DefNew: 145731K->10196K(153600K), 0.0164018 secs] 211292K->76821K(494976K), 0.0164651 secs] [Times: user=0.02 sys=0.00, real=0.02 secs] 
2018-02-19T14:05:21.227+0000: 383.567: [GC (Allocation Failure) 2018-02-19T14:05:21.227+0000: 383.567: [DefNew: 146772K->8802K(153600K), 0.0190977 secs] 213397K->78085K(494976K), 0.0191547 secs] [Times: user=0.01 sys=0.01, real=0.02 secs] 
2018-02-19T14:05:35.509+0000: 397.849: [GC (Allocation Failure) 2018-02-19T14:05:35.509+0000: 397.849: [DefNew: 145378K->8048K(153600K), 0.0161819 secs] 214661K->79618K(494976K), 0.0162414 secs] [Times: user=0.02 sys=0.00, real=0.01 secs] 
2018-02-19T14:05:51.862+0000: 414.202: [GC (Allocation Failure) 2018-02-19T14:05:51.862+0000: 414.202: [DefNew: 144624K->9449K(153600K), 0.0143022 secs] 216194K->81018K(494976K), 0.0143743 secs] [Times: user=0.02 sys=0.00, real=0.01 secs] 
2018-02-19T14:06:05.982+0000: 428.321: [GC (Allocation Failure) 2018-02-19T14:06:05.982+0000: 428.321: [DefNew: 146025K->9633K(153600K), 0.0162710 secs] 217594K->82499K(494976K), 0.0163458 secs] [Times: user=0.02 sys=0.00, real=0.01 secs] 
2018-02-19T14:06:19.852+0000: 442.191: [GC (Allocation Failure) 2018-02-19T14:06:19.852+0000: 442.191: [DefNew: 146209K->10299K(153600K), 0.0297029 secs] 219075K->84340K(494976K), 0.0297618 secs] [Times: user=0.01 sys=0.02, real=0.03 secs] 
2018-02-19T14:06:36.137+0000: 458.476: [GC (Allocation Failure) 2018-02-19T14:06:36.137+0000: 458.476: [DefNew: 146875K->9225K(153600K), 0.0185116 secs] 220916K->85646K(494976K), 0.0185872 secs] [Times: user=0.01 sys=0.00, real=0.02 secs] 
2018-02-19T14:06:49.206+0000: 471.546: [GC (Allocation Failure) 2018-02-19T14:06:49.206+0000: 471.546: [DefNew: 145801K->9070K(153600K), 0.0162646 secs] 222222K->87154K(494976K), 0.0163224 secs] [Times: user=0.01 sys=0.01, real=0.02 secs] 
2018-02-19T14:07:05.254+0000: 487.593: [GC (Allocation Failure) 2018-02-19T14:07:05.254+0000: 487.593: [DefNew: 145646K->9446K(153600K), 0.0167790 secs] 223730K->89027K(494976K), 0.0168392 secs] [Times: user=0.01 sys=0.01, real=0.02 secs] 
2018-02-19T14:07:19.738+0000: 502.078: [GC (Allocation Failure) 2018-02-19T14:07:19.738+0000: 502.078: [DefNew: 146022K->8988K(153600K), 0.0161179 secs] 225603K->90365K(494976K), 0.0162091 secs] [Times: user=0.02 sys=0.00, real=0.02 secs] 
2018-02-19T14:07:34.107+0000: 516.447: [GC (Allocation Failure) 2018-02-19T14:07:34.107+0000: 516.447: [DefNew: 145564K->9629K(153600K), 0.0153637 secs] 226941K->92457K(494976K), 0.0154575 secs] [Times: user=0.01 sys=0.00, real=0.02 secs] 
2018-02-19T14:07:46.909+0000: 529.248: [GC (Allocation Failure) 2018-02-19T14:07:46.909+0000: 529.248: [DefNew: 146205K->9485K(153600K), 0.0166629 secs] 229033K->93924K(494976K), 0.0167194 secs] [Times: user=0.02 sys=0.00, real=0.02 secs] 
2018-02-19T14:08:05.430+0000: 547.769: [GC (Allocation Failure) 2018-02-19T14:08:05.430+0000: 547.769: [DefNew: 146061K->9562K(153600K), 0.0173752 secs] 230500K->95436K(494976K), 0.0174391 secs] [Times: user=0.02 sys=0.00, real=0.01 secs] 
2018-02-19T14:08:18.248+0000: 560.587: [GC (Allocation Failure) 2018-02-19T14:08:18.248+0000: 560.588: [DefNew: 146138K->9621K(153600K), 0.0155967 secs] 232012K->96954K(494976K), 0.0156576 secs] [Times: user=0.01 sys=0.00, real=0.02 secs] 
2018-02-19T14:08:34.625+0000: 576.964: [GC (Allocation Failure) 2018-02-19T14:08:34.625+0000: 576.964: [DefNew: 146197K->9363K(153600K), 0.0168460 secs] 233530K->98266K(494976K), 0.0169174 secs] [Times: user=0.01 sys=0.01, real=0.02 secs] 
2018-02-19T14:08:49.559+0000: 591.898: [GC (Allocation Failure) 2018-02-19T14:08:49.559+0000: 591.898: [DefNew: 145939K->9538K(153600K), 0.0160204 secs] 234842K->99857K(494976K), 0.0160903 secs] [Times: user=0.01 sys=0.00, real=0.02 secs] 
2018-02-19T14:09:04.082+0000: 606.422: [GC (Allocation Failure) 2018-02-19T14:09:04.082+0000: 606.422: [DefNew: 146114K->10269K(153600K), 0.0168362 secs] 236433K->101951K(494976K), 0.0168976 secs] [Times: user=0.02 sys=0.00, real=0.01 secs] 
2018-02-19T14:09:19.665+0000: 622.004: [GC (Allocation Failure) 2018-02-19T14:09:19.665+0000: 622.004: [DefNew: 146845K->10357K(153600K), 0.0162601 secs] 238527K->103480K(494976K), 0.0163389 secs] [Times: user=0.01 sys=0.00, real=0.02 secs] 
14:09:33.359 [Client] INFO  c.s.f.r.e.s.SocketRear  - FlameSocketGraphDeployerRear@172.31.42.36: has been disconnected from Connection 4
2018-02-19T14:09:46.638+0000: 648.977: [GC (Allocation Failure) 2018-02-19T14:09:46.638+0000: 648.977: [DefNew: 146933K->10175K(153600K), 0.0191548 secs] 240056K->105058K(494976K), 0.0194460 secs] [Times: user=0.02 sys=0.00, real=0.02 secs] 
14:09:46.658 [worker-akka.actor.default-dispatcher-2] INFO  a.a.CoordinatedShutdown CoordinatedShutdown(akka://worker) - Starting coordinated shutdown from JVM shutdown hook
14:09:46.705 [worker-akka.actor.default-dispatcher-2] INFO  a.a.LocalActorRef akka://worker/user/watcher/graph0000000000/negotiator - Stopped
14:09:46.705 [worker-akka.actor.default-dispatcher-2] INFO  a.a.LocalActorRef akka://worker/user/watcher/graph0000000000/edge/FlameSocketGraphDeployerFront - Stopped
14:09:46.706 [worker-akka.actor.default-dispatcher-2] INFO  a.a.LocalActorRef akka://worker/user/watcher/graph0000000000/edge/FlameSocketGraphDeployerRear - Stopped
14:09:46.707 [worker-akka.actor.default-dispatcher-2] INFO  a.a.LocalActorRef akka://worker/user/watcher/graph0000000000/graph/$a - Stopped
14:09:46.708 [worker-akka.actor.default-dispatcher-2] INFO  a.a.LocalActorRef akka://worker/user/watcher/graph0000000000/graph/$b - Stopped
14:09:46.709 [worker-akka.actor.default-dispatcher-2] INFO  a.a.LocalActorRef akka://worker/user/watcher/graph0000000000/graph/$c - Stopped
14:09:46.709 [worker-akka.actor.default-dispatcher-2] INFO  a.a.LocalActorRef akka://worker/user/watcher/graph0000000000/graph/local-acker/$a - Stopped
14:09:46.717 [worker-akka.actor.default-dispatcher-2] INFO  a.a.LocalActorRef akka://worker/user/watcher/graph0000000000/edge - Stopped
14:09:46.718 [worker-akka.actor.default-dispatcher-2] INFO  a.a.LocalActorRef akka://worker/user/watcher/graph0000000000/graph/local-acker/$a - Message [com.spbsu.flamestream.runtime.utils.akka.PingActor$InnerPing] from Actor[akka://worker/user/watcher/graph0000000000/graph/local-acker/$a#-749211323] to Actor[akka://worker/user/watcher/graph0000000000/graph/local-acker/$a#-749211323] was not delivered. [1] dead letters encountered. This logging can be turned off or adjusted with configuration settings 'akka.log-dead-letters' and 'akka.log-dead-letters-during-shutdown'.
14:09:46.718 [worker-akka.actor.default-dispatcher-2] INFO  a.a.LocalActorRef akka://worker/user/watcher/graph0000000000/graph/local-acker - Stopped
14:09:46.722 [worker-akka.actor.default-dispatcher-2] INFO  a.a.LocalActorRef akka://worker/user/watcher/graph0000000000/graph/local-acker/$a - Message [com.spbsu.flamestream.runtime.utils.akka.PingActor$Stop] from Actor[akka://worker/user/watcher/graph0000000000/graph/local-acker#2023199773] to Actor[akka://worker/user/watcher/graph0000000000/graph/local-acker/$a#-749211323] was not delivered. [2] dead letters encountered. This logging can be turned off or adjusted with configuration settings 'akka.log-dead-letters' and 'akka.log-dead-letters-during-shutdown'.
14:09:46.723 [worker-akka.actor.default-dispatcher-2] INFO  a.a.LocalActorRef akka://worker/user/watcher/graph0000000000/graph/local-acker - Message [com.spbsu.flamestream.runtime.acker.LocalAcker$Flush] from Actor[akka://worker/user/watcher/graph0000000000/graph/local-acker#2023199773] to Actor[akka://worker/user/watcher/graph0000000000/graph/local-acker#2023199773] was not delivered. [3] dead letters encountered. This logging can be turned off or adjusted with configuration settings 'akka.log-dead-letters' and 'akka.log-dead-letters-during-shutdown'.
14:09:46.723 [worker-akka.actor.default-dispatcher-2] INFO  a.a.LocalActorRef akka://worker/user/watcher/graph0000000000/graph/local-acker - Message [com.spbsu.flamestream.runtime.acker.LocalAcker$Flush] from Actor[akka://worker/user/watcher/graph0000000000/graph/local-acker#2023199773] to Actor[akka://worker/user/watcher/graph0000000000/graph/local-acker#2023199773] was not delivered. [4] dead letters encountered. This logging can be turned off or adjusted with configuration settings 'akka.log-dead-letters' and 'akka.log-dead-letters-during-shutdown'.
14:09:46.723 [worker-akka.actor.default-dispatcher-2] INFO  a.a.LocalActorRef akka://worker/user/watcher/graph0000000000/graph/local-acker - Message [com.spbsu.flamestream.runtime.acker.LocalAcker$Flush] from Actor[akka://worker/user/watcher/graph0000000000/graph/local-acker#2023199773] to Actor[akka://worker/user/watcher/graph0000000000/graph/local-acker#2023199773] was not delivered. [5] dead letters encountered. This logging can be turned off or adjusted with configuration settings 'akka.log-dead-letters' and 'akka.log-dead-letters-during-shutdown'.
14:09:46.725 [worker-akka.actor.default-dispatcher-2] INFO  a.a.LocalActorRef akka://worker/user/watcher/graph0000000000/graph/local-acker - Message [com.spbsu.flamestream.runtime.acker.LocalAcker$Flush] from Actor[akka://worker/user/watcher/graph0000000000/graph/local-acker#2023199773] to Actor[akka://worker/user/watcher/graph0000000000/graph/local-acker#2023199773] was not delivered. [6] dead letters encountered. This logging can be turned off or adjusted with configuration settings 'akka.log-dead-letters' and 'akka.log-dead-letters-during-shutdown'.
14:09:46.725 [worker-akka.actor.default-dispatcher-2] INFO  a.a.LocalActorRef akka://worker/user/watcher/graph0000000000/graph/local-acker - Message [com.spbsu.flamestream.runtime.acker.LocalAcker$Flush] from Actor[akka://worker/user/watcher/graph0000000000/graph/local-acker#2023199773] to Actor[akka://worker/user/watcher/graph0000000000/graph/local-acker#2023199773] was not delivered. [7] dead letters encountered. This logging can be turned off or adjusted with configuration settings 'akka.log-dead-letters' and 'akka.log-dead-letters-during-shutdown'.
14:09:46.725 [worker-akka.actor.default-dispatcher-2] INFO  a.a.LocalActorRef akka://worker/user/watcher/graph0000000000/graph/local-acker - Message [com.spbsu.flamestream.runtime.acker.LocalAcker$Flush] from Actor[akka://worker/user/watcher/graph0000000000/graph/local-acker#2023199773] to Actor[akka://worker/user/watcher/graph0000000000/graph/local-acker#2023199773] was not delivered. [8] dead letters encountered. This logging can be turned off or adjusted with configuration settings 'akka.log-dead-letters' and 'akka.log-dead-letters-during-shutdown'.
14:09:46.726 [worker-akka.actor.default-dispatcher-2] INFO  a.a.LocalActorRef akka://worker/user/watcher/graph0000000000/graph/local-acker - Message [com.spbsu.flamestream.runtime.acker.LocalAcker$Flush] from Actor[akka://worker/user/watcher/graph0000000000/graph/local-acker#2023199773] to Actor[akka://worker/user/watcher/graph0000000000/graph/local-acker#2023199773] was not delivered. [9] dead letters encountered. This logging can be turned off or adjusted with configuration settings 'akka.log-dead-letters' and 'akka.log-dead-letters-during-shutdown'.
14:09:46.726 [worker-akka.actor.default-dispatcher-2] INFO  a.a.LocalActorRef akka://worker/user/watcher/graph0000000000/graph/local-acker - Message [com.spbsu.flamestream.runtime.acker.LocalAcker$Flush] from Actor[akka://worker/user/watcher/graph0000000000/graph/local-acker#2023199773] to Actor[akka://worker/user/watcher/graph0000000000/graph/local-acker#2023199773] was not delivered. [10] dead letters encountered. This logging can be turned off or adjusted with configuration settings 'akka.log-dead-letters' and 'akka.log-dead-letters-during-shutdown'.
14:09:46.727 [worker-akka.actor.default-dispatcher-2] INFO  a.a.LocalActorRef akka://worker/user/watcher/graph0000000000/graph/local-acker - Message [com.spbsu.flamestream.runtime.acker.LocalAcker$Flush] from Actor[akka://worker/user/watcher/graph0000000000/graph/local-acker#2023199773] to Actor[akka://worker/user/watcher/graph0000000000/graph/local-acker#2023199773] was not delivered. [11] dead letters encountered. This logging can be turned off or adjusted with configuration settings 'akka.log-dead-letters' and 'akka.log-dead-letters-during-shutdown'.
14:09:46.729 [worker-akka.actor.default-dispatcher-2-EventThread] INFO  o.a.z.ClientCnxn  - EventThread shut down for session: 0x161ae5b84060003
14:09:46.730 [worker-akka.actor.default-dispatcher-2] INFO  o.a.z.ZooKeeper  - Session: 0x161ae5b84060003 closed
14:09:46.730 [worker-akka.actor.default-dispatcher-2] INFO  a.a.LocalActorRef akka://worker/user/watcher/graph0000000000/graph - Stopped
14:09:46.730 [worker-akka.actor.default-dispatcher-2] INFO  a.a.LocalActorRef akka://worker/user/watcher/graph0000000000 - Stopped
14:09:46.730 [worker-akka.actor.default-dispatcher-2] INFO  a.a.RepointableActorRef akka://worker/user/watcher - Stopped
14:09:46.743 [worker-akka.actor.default-dispatcher-2] INFO  a.r.RemoteActorRefProvider$RemotingTerminator akka://worker@172.31.42.36:5412/system/remoting-terminator - Shutting down remote daemon.
14:09:46.746 [worker-akka.actor.default-dispatcher-2] INFO  a.r.RemoteActorRefProvider$RemotingTerminator akka://worker@172.31.42.36:5412/system/remoting-terminator - Remote daemon shut down; proceeding with flushing remote transports.
14:09:46.913 [worker-akka.actor.default-dispatcher-2] INFO  a.r.RemoteActorRefProvider$RemotingTerminator akka://worker@172.31.42.36:5412/system/remoting-terminator - Remoting shut down.
Heap
 def new generation   total 153600K, used 20382K [0x00000000e0c00000, 0x00000000eb2a0000, 0x00000000eb2a0000)
  eden space 136576K,   7% used [0x00000000e0c00000, 0x00000000e15f79e8, 0x00000000e9160000)
  from space 17024K,  59% used [0x00000000e9160000, 0x00000000e9b4ff48, 0x00000000ea200000)
  to   space 17024K,   0% used [0x00000000ea200000, 0x00000000ea200000, 0x00000000eb2a0000)
 tenured generation   total 341376K, used 94883K [0x00000000eb2a0000, 0x0000000100000000, 0x0000000100000000)
   the space 341376K,  27% used [0x00000000eb2a0000, 0x00000000f0f48ca0, 0x00000000f0f48e00, 0x0000000100000000)
 Metaspace       used 33458K, capacity 34234K, committed 34432K, reserved 1079296K
  class space    used 4457K, capacity 4624K, committed 4736K, reserved 1048576K
