14:54:18.982 [worker-akka.actor.default-dispatcher-2] INFO  a.e.s.Slf4jLogger  - Slf4jLogger started
2018-02-16T14:54:19.124+0000: 2.140: [Full GC (Metadata GC Threshold) 2018-02-16T14:54:19.124+0000: 2.140: [Tenured: 0K->15410K(341376K), 0.0374181 secs] 117538K->15410K(494976K), [Metaspace: 20870K->20870K(1067008K)], 0.0374826 secs] [Times: user=0.03 sys=0.00, real=0.04 secs] 
Ama winner
Ama winner
14:54:19.512 [worker-akka.actor.default-dispatcher-2] INFO  a.r.a.ArteryTransport(akka://worker) akka.remote.artery.ArteryTransport(akka://worker) - Started embedded media driver in directory [/dev/shm/aeron-root-worker-2ceab9c8-7d4e-47b1-b517-512fdab688e0]
14:54:19.714 [worker-akka.actor.default-dispatcher-2] INFO  a.r.a.ArteryTransport(akka://worker) akka.remote.artery.ArteryTransport(akka://worker) - Remoting started; listening on address: [akka://worker@172.31.44.83:5412] with UID [1425363318418111033]
14:54:19.782 [worker-akka.actor.default-dispatcher-2] INFO  o.a.z.ZooKeeper  - Client environment:zookeeper.version=3.4.9-1757313, built on 08/23/2016 06:50 GMT
14:54:19.782 [worker-akka.actor.default-dispatcher-2] INFO  o.a.z.ZooKeeper  - Client environment:host.name=ip-172-31-44-83.us-east-2.compute.internal
14:54:19.782 [worker-akka.actor.default-dispatcher-2] INFO  o.a.z.ZooKeeper  - Client environment:java.version=1.8.0_151
14:54:19.782 [worker-akka.actor.default-dispatcher-2] INFO  o.a.z.ZooKeeper  - Client environment:java.vendor=Oracle Corporation
14:54:19.783 [worker-akka.actor.default-dispatcher-2] INFO  o.a.z.ZooKeeper  - Client environment:java.home=/usr/lib/jvm/java-8-openjdk-amd64/jre
14:54:19.783 [worker-akka.actor.default-dispatcher-2] INFO  o.a.z.ZooKeeper  - Client environment:java.class.path=lib/commons-cli-1.4.jar:lib/minlog-1.3.0.jar:lib/asm-5.0.4.jar:lib/hadoop-annotations-2.7.3.jar:lib/hadoop-auth-2.7.3.jar:lib/akka-slf4j_2.11-2.5.6.jar:lib/jersey-core-1.9.jar:lib/lz4-1.3.0.jar:lib/jackson-core-asl-1.9.13.jar:lib/aeron-client-1.3.0.jar:lib/htrace-core-3.1.0-incubating.jar:lib/xz-1.0.jar:lib/commons-httpclient-3.1.jar:lib/asm-3.1.jar:lib/commons-lang3-3.4.jar:lib/scala-library-2.11.11.jar:lib/scala-java8-compat_2.11-0.7.0.jar:lib/commons-configuration-1.6.jar:lib/objenesis-2.1.jar:lib/jackson-annotations-2.8.0.jar:lib/jsr305-3.0.0.jar:lib/curator-framework-2.7.1.jar:lib/jersey-server-1.9.jar:lib/jets3t-0.9.0.jar:lib/leveldb-0.7.jar:lib/jetty-6.1.26.jar:lib/stax-api-1.0-2.jar:lib/flamestream-core-1.0-SNAPSHOT.jar:lib/reflectasm-1.07-shaded.jar:lib/apacheds-kerberos-codec-2.0.0-M15.jar:lib/api-asn1-api-1.0.0-M20.jar:lib/commons-lang-2.6.jar:lib/commons-beanutils-1.7.0.jar:lib/jackson-xc-1.8.3.jar:lib/jetty-util-6.1.26.jar:lib/logback-classic-1.2.3.jar:lib/jool-0.9.12.jar:lib/flamestream-runtime-1.0-SNAPSHOT-tests.jar:lib/httpcore-4.1.2.jar:lib/kryo-4.0.0.jar:lib/ant-1.8.1.jar:lib/jaxb-impl-2.2.3-1.jar:lib/jersey-json-1.9.jar:lib/commons-compress-1.4.1.jar:lib/leveldbjni-all-1.8.jar:lib/paranamer-2.3.jar:lib/jackson-core-2.8.4.jar:lib/commons-math3-3.6.1.jar:lib/scala-parser-combinators_2.11-1.0.4.jar:lib/netty-3.10.6.Final.jar:lib/trove4j-3.0.3.jar:lib/jaxb-api-2.2.2.jar:lib/logback-core-1.2.3.jar:lib/snappy-java-1.0.4.1.jar:lib/protobuf-java-2.5.0.jar:lib/reactive-streams-1.0.1.jar:lib/flamestream-examples-1.0-SNAPSHOT.jar:lib/commons-codec-1.4.jar:lib/activation-1.1.jar:lib/commons-net-3.1.jar:lib/curator-recipes-2.7.1.jar:lib/jackson-mapper-asl-1.9.13.jar:lib/jackson-databind-2.8.4.jar:lib/flamestream-runtime-1.0-SNAPSHOT.jar:lib/jackson-jaxrs-1.8.3.jar:lib/slf4j-api-1.7.24.jar:lib/akka-remote_2.11-2.5.6.jar:lib/akka-testkit_2.11-2.5.6.jar:lib/jline-0.9.94.jar:lib/akka-stream_2.11-2.5.6.jar:lib/jsp-api-2.1.jar:lib/kryonet-2.21.jar:lib/akka-kryo-serialization_2.11-0.5.0.jar:lib/config-1.3.1.jar:lib/ant-launcher-1.8.1.jar:lib/commons-logging-1.2.jar:lib/ssl-config-core_2.11-0.2.2.jar:lib/testng-6.10.jar:lib/leveldb-api-0.7.jar:lib/reflectasm-1.11.3.jar:lib/jcommander-1.48.jar:lib/commons-1.1.jar:lib/commons-digester-1.8.jar:lib/minlog-1.2.jar:lib/java-xmlbuilder-0.4.jar:lib/jettison-1.1.jar:lib/gson-2.2.4.jar:lib/jdk.tools-1.8.jar:lib/aeron-driver-1.3.0.jar:lib/zookeeper-3.4.9.jar:lib/commons-beanutils-core-1.8.0.jar:lib/commons-math3-3.1.1.jar:lib/akka-actor_2.11-2.5.6.jar:lib/curator-client-2.7.1.jar:lib/servlet-api-2.5.jar:lib/apacheds-i18n-2.0.0-M15.jar:lib/commons-io-2.4.jar:lib/commons-codec-1.6.jar:lib/akka-protobuf_2.11-2.5.6.jar:lib/protobuf-java-3.5.1.jar:lib/jdom-2.0.2.jar:lib/api-util-1.0.0-M20.jar:lib/hadoop-common-2.7.3.jar:lib/agrona-0.9.6.jar:lib/xmlenc-0.52.jar:lib/guava-21.0.jar:lib/commons-collections-3.2.2.jar:lib/avro-1.7.4.jar:lib/httpclient-4.1.2.jar:lib/flamestream-core-1.0-SNAPSHOT-tests.jar:lib/annotations-12.0.jar:lib/jsch-0.1.42.jar:flamestream-runtime-1.0-SNAPSHOT.jar
14:54:19.783 [worker-akka.actor.default-dispatcher-2] INFO  o.a.z.ZooKeeper  - Client environment:java.library.path=/usr/java/packages/lib/amd64:/usr/lib/x86_64-linux-gnu/jni:/lib/x86_64-linux-gnu:/usr/lib/x86_64-linux-gnu:/usr/lib/jni:/lib:/usr/lib
14:54:19.783 [worker-akka.actor.default-dispatcher-2] INFO  o.a.z.ZooKeeper  - Client environment:java.io.tmpdir=/tmp
14:54:19.783 [worker-akka.actor.default-dispatcher-2] INFO  o.a.z.ZooKeeper  - Client environment:java.compiler=<NA>
14:54:19.783 [worker-akka.actor.default-dispatcher-2] INFO  o.a.z.ZooKeeper  - Client environment:os.name=Linux
14:54:19.783 [worker-akka.actor.default-dispatcher-2] INFO  o.a.z.ZooKeeper  - Client environment:os.arch=amd64
14:54:19.783 [worker-akka.actor.default-dispatcher-2] INFO  o.a.z.ZooKeeper  - Client environment:os.version=4.4.0-1049-aws
14:54:19.783 [worker-akka.actor.default-dispatcher-2] INFO  o.a.z.ZooKeeper  - Client environment:user.name=root
14:54:19.785 [worker-akka.actor.default-dispatcher-2] INFO  o.a.z.ZooKeeper  - Client environment:user.home=/root
14:54:19.785 [worker-akka.actor.default-dispatcher-2] INFO  o.a.z.ZooKeeper  - Client environment:user.dir=/opt/flamestream
14:54:19.787 [worker-akka.actor.default-dispatcher-2] INFO  o.a.z.ZooKeeper  - Initiating client connection, connectString=172.31.34.147:2181 sessionTimeout=5000 watcher=com.spbsu.flamestream.runtime.application.LifecycleWatcher$$Lambda$29/2091173542@1b48f905
14:54:19.804 [worker-akka.actor.default-dispatcher-2-SendThread(172.31.34.147:2181)] INFO  o.a.z.ClientCnxn  - Opening socket connection to server 172.31.34.147/172.31.34.147:2181. Will not attempt to authenticate using SASL (unknown error)
14:54:19.805 [worker-akka.actor.default-dispatcher-2] INFO  a.a.RepointableActorRef akka://worker/user/watcher - Starting...
14:54:19.808 [worker-akka.actor.default-dispatcher-2-SendThread(172.31.34.147:2181)] INFO  o.a.z.ClientCnxn  - Socket connection established to 172.31.34.147/172.31.34.147:2181, initiating session
14:54:19.814 [worker-akka.actor.default-dispatcher-2-SendThread(172.31.34.147:2181)] INFO  o.a.z.ClientCnxn  - Session establishment complete on server 172.31.34.147/172.31.34.147:2181, sessionid = 0x1619f1aca19000a, negotiated timeout = 6000
14:54:19.899 [worker-akka.actor.default-dispatcher-2] INFO  a.a.RepointableActorRef akka://worker/user/watcher - Connected to ZK
14:54:30.526 [worker-akka.actor.default-dispatcher-2] INFO  a.a.RepointableActorRef akka://worker/user/watcher - Creating node with watchGraphs: 'com.spbsu.flamestream.core.Graph$Builder$MyGraph@22aae96d', config: 'ClusterConfig{paths={172.31.33.155=akka://worker@172.31.33.155:5412/user/watcher/graph0000000000, 172.31.47.83=akka://worker@172.31.47.83:5412/user/watcher/graph0000000000, 172.31.45.197=akka://worker@172.31.45.197:5412/user/watcher/graph0000000000, 172.31.42.36=akka://worker@172.31.42.36:5412/user/watcher/graph0000000000, 172.31.44.83=akka://worker@172.31.44.83:5412/user/watcher/graph0000000000, 172.31.39.64=akka://worker@172.31.39.64:5412/user/watcher/graph0000000000, 172.31.35.79=akka://worker@172.31.35.79:5412/user/watcher/graph0000000000, 172.31.34.169=akka://worker@172.31.34.169:5412/user/watcher/graph0000000000, 172.31.47.100=akka://worker@172.31.47.100:5412/user/watcher/graph0000000000, 172.31.37.101=akka://worker@172.31.37.101:5412/user/watcher/graph0000000000}, ackerLocation='172.31.35.79', props=ComputationLayout{ranges={172.31.33.155=HashRange{from=-1670265060, to=-1193046472}, 172.31.47.83=HashRange{from=1670265056, to=2147483644}, 172.31.45.197=HashRange{from=-715827884, to=-238609296}, 172.31.42.36=HashRange{from=1193046468, to=1670265056}, 172.31.44.83=HashRange{from=-238609296, to=238609292}, 172.31.39.64=HashRange{from=715827880, to=1193046468}, 172.31.35.79=HashRange{from=0, to=0}, 172.31.34.169=HashRange{from=-2147483648, to=-1670265060}, 172.31.47.100=HashRange{from=238609292, to=715827880}, 172.31.37.101=HashRange{from=-1193046472, to=-715827884}}}}'
14:54:31.264 [worker-akka.actor.default-dispatcher-2] INFO  a.a.LocalActorRef akka://worker/user/watcher/graph0000000000/graph - Starting...
14:54:31.266 [worker-akka.actor.default-dispatcher-2] INFO  a.a.LocalActorRef akka://worker/user/watcher/graph0000000000/graph/local-acker/$a - Starting...
14:54:31.268 [worker-akka.actor.default-dispatcher-2] INFO  a.a.LocalActorRef akka://worker/user/watcher/graph0000000000/graph/local-acker - Starting...
Warning: space is running low in /dev/shm (tmpfs) threshold=167,772,160 usable=158,621,696
Warning: space is running low in /dev/shm (tmpfs) threshold=167,772,160 usable=146,034,688
Warning: space is running low in /dev/shm (tmpfs) threshold=167,772,160 usable=133,447,680
Warning: space is running low in /dev/shm (tmpfs) threshold=167,772,160 usable=120,860,672
Warning: space is running low in /dev/shm (tmpfs) threshold=167,772,160 usable=108,273,664
Warning: space is running low in /dev/shm (tmpfs) threshold=167,772,160 usable=95,686,656
Warning: space is running low in /dev/shm (tmpfs) threshold=167,772,160 usable=83,099,648
Warning: space is running low in /dev/shm (tmpfs) threshold=167,772,160 usable=70,512,640
14:54:32.813 [worker-akka.actor.default-dispatcher-2] INFO  a.a.LocalActorRef akka://worker/user/watcher/graph0000000000/graph - Finishing constructor
14:54:32.814 [worker-akka.actor.default-dispatcher-2] INFO  a.a.LocalActorRef akka://worker/user/watcher/graph0000000000 - Starting...
14:54:32.815 [worker-akka.actor.default-dispatcher-2] INFO  a.a.LocalActorRef akka://worker/user/watcher/graph0000000000/negotiator - Starting...
14:54:32.881 [worker-akka.actor.default-dispatcher-2] INFO  a.a.LocalActorRef akka://worker/user/watcher/graph0000000000/edge - Starting...
14:54:32.882 [worker-akka.actor.default-dispatcher-2] INFO  a.a.LocalActorRef akka://worker/user/watcher/graph0000000000/graph/$a - Starting...
14:54:32.883 [worker-akka.actor.default-dispatcher-2] INFO  a.a.LocalActorRef akka://worker/user/watcher/graph0000000000/graph/$b - Starting...
14:54:32.883 [worker-akka.actor.default-dispatcher-2] INFO  a.a.LocalActorRef akka://worker/user/watcher/graph0000000000/graph/$c - Starting...
14:54:32.906 [worker-akka.actor.default-dispatcher-2] INFO  c.s.f.r.e.s.SocketRear  - FlameSocketGraphDeployerRear@172.31.44.83: connecting to 172.31.34.147:5678
14:54:32.913 [worker-akka.actor.default-dispatcher-2] INFO  c.s.f.r.e.s.SocketRear  - FlameSocketGraphDeployerRear@172.31.44.83: connected to 172.31.34.147:5678
2018-02-16T14:54:32.918+0000: 15.934: [GC (Allocation Failure) 2018-02-16T14:54:32.918+0000: 15.934: [DefNew: 125202K->17024K(153600K), 0.0323155 secs] 140613K->43159K(494976K), 0.0323694 secs] [Times: user=0.03 sys=0.00, real=0.03 secs] 
14:54:32.966 [worker-akka.actor.default-dispatcher-2] INFO  a.a.LocalActorRef akka://worker/user/watcher/graph0000000000/edge/FlameSocketGraphDeployerRear - Starting...
14:54:32.967 [worker-akka.actor.default-dispatcher-2] INFO  a.a.LocalActorRef akka://worker/user/watcher/graph0000000000/edge/FlameSocketGraphDeployerFront - Starting...
14:54:32.967 [worker-akka.actor.default-dispatcher-2] INFO  a.a.LocalActorRef akka://worker/user/watcher/graph0000000000/negotiator - Requesting ticket for the frontClass FlameSocketGraphDeployerFront@172.31.44.83
14:54:32.978 [worker-akka.actor.default-dispatcher-2] INFO  a.a.LocalActorRef akka://worker/user/watcher/graph0000000000/negotiator - Ticket for the frontClass received: FrontTicket{allowedTimestamp=(1518792870514, FlameSocketGraphDeployerFront@172.31.44.83)}
14:54:32.980 [worker-akka.actor.default-dispatcher-2] INFO  c.s.f.r.e.s.SocketFront  - FlameSocketGraphDeployerFront@172.31.44.83: connecting to 172.31.34.147:4567
14:54:33.024 [Client] INFO  c.s.f.r.e.s.SocketFront  - FlameSocketGraphDeployerFront@172.31.44.83 has been disconnected from Connection 6
2018-02-16T14:54:44.886+0000: 27.902: [GC (Allocation Failure) 2018-02-16T14:54:44.886+0000: 27.902: [DefNew: 153600K->3895K(153600K), 0.0786375 secs] 179735K->66547K(494976K), 0.0787159 secs] [Times: user=0.02 sys=0.06, real=0.07 secs] 
2018-02-16T14:54:57.084+0000: 40.100: [GC (Allocation Failure) 2018-02-16T14:54:57.084+0000: 40.100: [DefNew: 140471K->5519K(153600K), 0.0120564 secs] 203123K->68171K(494976K), 0.0121150 secs] [Times: user=0.01 sys=0.00, real=0.02 secs] 
2018-02-16T14:55:09.674+0000: 52.690: [GC (Allocation Failure) 2018-02-16T14:55:09.674+0000: 52.690: [DefNew: 142095K->7287K(153600K), 0.0163750 secs] 204747K->69940K(494976K), 0.0164376 secs] [Times: user=0.02 sys=0.00, real=0.01 secs] 
2018-02-16T14:55:19.763+0000: 62.779: [GC (Allocation Failure) 2018-02-16T14:55:19.763+0000: 62.779: [DefNew: 143863K->9147K(153600K), 0.0258478 secs] 206516K->71799K(494976K), 0.0259124 secs] [Times: user=0.02 sys=0.00, real=0.03 secs] 
2018-02-16T14:55:29.486+0000: 72.502: [GC (Allocation Failure) 2018-02-16T14:55:29.486+0000: 72.502: [DefNew: 145723K->8478K(153600K), 0.0177936 secs] 208375K->72854K(494976K), 0.0178577 secs] [Times: user=0.01 sys=0.01, real=0.01 secs] 
2018-02-16T14:55:42.090+0000: 85.105: [GC (Allocation Failure) 2018-02-16T14:55:42.090+0000: 85.106: [DefNew: 145054K->9827K(153600K), 0.0158674 secs] 209430K->74203K(494976K), 0.0159439 secs] [Times: user=0.01 sys=0.01, real=0.01 secs] 
2018-02-16T14:55:57.708+0000: 100.724: [GC (Allocation Failure) 2018-02-16T14:55:57.708+0000: 100.724: [DefNew: 146403K->8535K(153600K), 0.0182920 secs] 210779K->75394K(494976K), 0.0183573 secs] [Times: user=0.01 sys=0.00, real=0.02 secs] 
2018-02-16T14:56:13.974+0000: 116.990: [GC (Allocation Failure) 2018-02-16T14:56:13.974+0000: 116.990: [DefNew: 145111K->9197K(153600K), 0.0171660 secs] 211970K->77158K(494976K), 0.0172300 secs] [Times: user=0.02 sys=0.01, real=0.01 secs] 
2018-02-16T14:56:24.977+0000: 127.993: [GC (Allocation Failure) 2018-02-16T14:56:24.977+0000: 127.993: [DefNew: 145773K->9243K(153600K), 0.0180314 secs] 213734K->78761K(494976K), 0.0180991 secs] [Times: user=0.02 sys=0.00, real=0.02 secs] 
2018-02-16T14:56:41.120+0000: 144.136: [GC (Allocation Failure) 2018-02-16T14:56:41.120+0000: 144.136: [DefNew: 145819K->9203K(153600K), 0.0169720 secs] 215337K->79788K(494976K), 0.0170402 secs] [Times: user=0.02 sys=0.00, real=0.02 secs] 
2018-02-16T14:56:56.888+0000: 159.904: [GC (Allocation Failure) 2018-02-16T14:56:56.888+0000: 159.904: [DefNew: 145779K->9196K(153600K), 0.0170802 secs] 216364K->81133K(494976K), 0.0171562 secs] [Times: user=0.02 sys=0.00, real=0.01 secs] 
2018-02-16T14:57:12.259+0000: 175.275: [GC (Allocation Failure) 2018-02-16T14:57:12.259+0000: 175.275: [DefNew: 145772K->8883K(153600K), 0.0196241 secs] 217709K->82380K(494976K), 0.0196857 secs] [Times: user=0.02 sys=0.00, real=0.02 secs] 
2018-02-16T14:57:25.953+0000: 188.969: [GC (Allocation Failure) 2018-02-16T14:57:25.953+0000: 188.969: [DefNew: 145459K->9123K(153600K), 0.0176068 secs] 218956K->83805K(494976K), 0.0176753 secs] [Times: user=0.02 sys=0.00, real=0.02 secs] 
2018-02-16T14:57:42.129+0000: 205.145: [GC (Allocation Failure) 2018-02-16T14:57:42.129+0000: 205.145: [DefNew: 145699K->9696K(153600K), 0.0183074 secs] 220381K->85579K(494976K), 0.0183719 secs] [Times: user=0.01 sys=0.00, real=0.02 secs] 
2018-02-16T14:57:55.580+0000: 218.596: [GC (Allocation Failure) 2018-02-16T14:57:55.580+0000: 218.596: [DefNew: 146272K->8495K(153600K), 0.0184956 secs] 222155K->86718K(494976K), 0.0185621 secs] [Times: user=0.02 sys=0.00, real=0.02 secs] 
2018-02-16T14:58:10.396+0000: 233.412: [GC (Allocation Failure) 2018-02-16T14:58:10.396+0000: 233.412: [DefNew: 145071K->9928K(153600K), 0.0163135 secs] 223294K->88151K(494976K), 0.0163950 secs] [Times: user=0.01 sys=0.00, real=0.01 secs] 
2018-02-16T14:58:25.505+0000: 248.521: [GC (Allocation Failure) 2018-02-16T14:58:25.505+0000: 248.521: [DefNew: 146504K->8613K(153600K), 0.0188198 secs] 224727K->89427K(494976K), 0.0188868 secs] [Times: user=0.02 sys=0.00, real=0.02 secs] 
2018-02-16T14:58:41.468+0000: 264.483: [GC (Allocation Failure) 2018-02-16T14:58:41.468+0000: 264.483: [DefNew: 145189K->8530K(153600K), 0.0175273 secs] 226003K->90646K(494976K), 0.0175872 secs] [Times: user=0.02 sys=0.00, real=0.01 secs] 
2018-02-16T14:58:53.214+0000: 276.230: [GC (Allocation Failure) 2018-02-16T14:58:53.214+0000: 276.230: [DefNew: 145106K->8630K(153600K), 0.0183548 secs] 227222K->91961K(494976K), 0.0184182 secs] [Times: user=0.02 sys=0.00, real=0.01 secs] 
2018-02-16T14:59:04.165+0000: 287.181: [GC (Allocation Failure) 2018-02-16T14:59:04.165+0000: 287.181: [DefNew: 145206K->8889K(153600K), 0.0168755 secs] 228537K->93616K(494976K), 0.0169623 secs] [Times: user=0.02 sys=0.00, real=0.02 secs] 
2018-02-16T14:59:16.936+0000: 299.952: [GC (Allocation Failure) 2018-02-16T14:59:16.936+0000: 299.952: [DefNew: 145465K->9774K(153600K), 0.0300895 secs] 230192K->95777K(494976K), 0.0301571 secs] [Times: user=0.01 sys=0.02, real=0.03 secs] 
2018-02-16T14:59:30.795+0000: 313.811: [GC (Allocation Failure) 2018-02-16T14:59:30.795+0000: 313.811: [DefNew: 146350K->10065K(153600K), 0.0175877 secs] 232353K->97182K(494976K), 0.0176542 secs] [Times: user=0.02 sys=0.00, real=0.01 secs] 
2018-02-16T14:59:42.109+0000: 325.125: [GC (Allocation Failure) 2018-02-16T14:59:42.109+0000: 325.125: [DefNew: 146641K->7720K(153600K), 0.0372810 secs] 233758K->98460K(494976K), 0.0373467 secs] [Times: user=0.00 sys=0.03, real=0.04 secs] 
2018-02-16T14:59:55.610+0000: 338.626: [GC (Allocation Failure) 2018-02-16T14:59:55.610+0000: 338.626: [DefNew: 144296K->9498K(153600K), 0.0152783 secs] 235036K->100238K(494976K), 0.0153413 secs] [Times: user=0.02 sys=0.00, real=0.01 secs] 
2018-02-16T15:00:10.221+0000: 353.237: [GC (Allocation Failure) 2018-02-16T15:00:10.221+0000: 353.237: [DefNew: 146074K->9447K(153600K), 0.0292446 secs] 236814K->101528K(494976K), 0.0293113 secs] [Times: user=0.00 sys=0.03, real=0.03 secs] 
2018-02-16T15:00:23.772+0000: 366.788: [GC (Allocation Failure) 2018-02-16T15:00:23.772+0000: 366.788: [DefNew: 146023K->10114K(153600K), 0.0180873 secs] 238104K->103267K(494976K), 0.0181509 secs] [Times: user=0.02 sys=0.00, real=0.02 secs] 
2018-02-16T15:00:38.755+0000: 381.771: [GC (Allocation Failure) 2018-02-16T15:00:38.755+0000: 381.771: [DefNew: 146690K->8824K(153600K), 0.0371034 secs] 239843K->104723K(494976K), 0.0371773 secs] [Times: user=0.00 sys=0.04, real=0.03 secs] 
2018-02-16T15:00:49.130+0000: 392.146: [GC (Allocation Failure) 2018-02-16T15:00:49.130+0000: 392.146: [DefNew: 145400K->8315K(153600K), 0.0163018 secs] 241299K->105810K(494976K), 0.0163787 secs] [Times: user=0.02 sys=0.00, real=0.02 secs] 
2018-02-16T15:01:03.295+0000: 406.311: [GC (Allocation Failure) 2018-02-16T15:01:03.295+0000: 406.311: [DefNew: 144891K->9813K(153600K), 0.0151655 secs] 242386K->107308K(494976K), 0.0152278 secs] [Times: user=0.01 sys=0.00, real=0.01 secs] 
2018-02-16T15:01:15.101+0000: 418.117: [GC (Allocation Failure) 2018-02-16T15:01:15.101+0000: 418.117: [DefNew: 146389K->9920K(153600K), 0.0175163 secs] 243884K->108698K(494976K), 0.0175810 secs] [Times: user=0.01 sys=0.00, real=0.02 secs] 
2018-02-16T15:01:27.854+0000: 430.870: [GC (Allocation Failure) 2018-02-16T15:01:27.854+0000: 430.870: [DefNew: 146496K->8477K(153600K), 0.0177627 secs] 245274K->109820K(494976K), 0.0178317 secs] [Times: user=0.01 sys=0.01, real=0.01 secs] 
2018-02-16T15:01:39.753+0000: 442.769: [GC (Allocation Failure) 2018-02-16T15:01:39.753+0000: 442.769: [DefNew: 145053K->10651K(153600K), 0.0161194 secs] 246396K->111994K(494976K), 0.0161846 secs] [Times: user=0.02 sys=0.00, real=0.02 secs] 
2018-02-16T15:01:54.670+0000: 457.686: [GC (Allocation Failure) 2018-02-16T15:01:54.670+0000: 457.686: [DefNew: 147227K->9687K(153600K), 0.0321559 secs] 248570K->113592K(494976K), 0.0322318 secs] [Times: user=0.00 sys=0.03, real=0.03 secs] 
2018-02-16T15:02:06.161+0000: 469.177: [GC (Allocation Failure) 2018-02-16T15:02:06.161+0000: 469.177: [DefNew: 146263K->9141K(153600K), 0.0166619 secs] 250168K->114737K(494976K), 0.0167256 secs] [Times: user=0.02 sys=0.00, real=0.02 secs] 
2018-02-16T15:02:19.904+0000: 482.920: [GC (Allocation Failure) 2018-02-16T15:02:19.904+0000: 482.920: [DefNew: 145717K->8965K(153600K), 0.0162443 secs] 251313K->116143K(494976K), 0.0163172 secs] [Times: user=0.00 sys=0.01, real=0.02 secs] 
2018-02-16T15:02:34.327+0000: 497.343: [GC (Allocation Failure) 2018-02-16T15:02:34.327+0000: 497.343: [DefNew: 145541K->9466K(153600K), 0.0169734 secs] 252719K->118158K(494976K), 0.0170385 secs] [Times: user=0.02 sys=0.00, real=0.01 secs] 
2018-02-16T15:02:43.618+0000: 506.634: [GC (Allocation Failure) 2018-02-16T15:02:43.618+0000: 506.634: [DefNew: 146042K->9730K(153600K), 0.0168876 secs] 254734K->119778K(494976K), 0.0169528 secs] [Times: user=0.02 sys=0.00, real=0.02 secs] 
2018-02-16T15:02:57.550+0000: 520.566: [GC (Allocation Failure) 2018-02-16T15:02:57.550+0000: 520.566: [DefNew: 146306K->9563K(153600K), 0.0174006 secs] 256354K->121313K(494976K), 0.0174662 secs] [Times: user=0.02 sys=0.00, real=0.02 secs] 
2018-02-16T15:03:09.720+0000: 532.736: [GC (Allocation Failure) 2018-02-16T15:03:09.720+0000: 532.736: [DefNew: 146139K->9863K(153600K), 0.0170604 secs] 257889K->123110K(494976K), 0.0171244 secs] [Times: user=0.02 sys=0.00, real=0.02 secs] 
15:03:09.980 [Client] INFO  c.s.f.r.e.s.SocketRear  - FlameSocketGraphDeployerRear@172.31.44.83: has been disconnected from Connection 6
15:03:30.636 [worker-akka.actor.default-dispatcher-2] INFO  a.a.CoordinatedShutdown CoordinatedShutdown(akka://worker) - Starting coordinated shutdown from JVM shutdown hook
15:03:30.668 [worker-akka.actor.default-dispatcher-2] INFO  a.a.LocalActorRef akka://worker/user/watcher/graph0000000000/negotiator - Stopped
15:03:30.670 [worker-akka.actor.default-dispatcher-2] INFO  a.a.LocalActorRef akka://worker/user/watcher/graph0000000000/edge/FlameSocketGraphDeployerFront - Stopped
15:03:30.670 [worker-akka.actor.default-dispatcher-2] INFO  a.a.LocalActorRef akka://worker/user/watcher/graph0000000000/edge/FlameSocketGraphDeployerRear - Stopped
15:03:30.671 [worker-akka.actor.default-dispatcher-2] INFO  a.a.LocalActorRef akka://worker/user/watcher/graph0000000000/graph/$a - Stopped
15:03:30.672 [worker-akka.actor.default-dispatcher-2] INFO  a.a.LocalActorRef akka://worker/user/watcher/graph0000000000/graph/$b - Stopped
15:03:30.673 [worker-akka.actor.default-dispatcher-2] INFO  a.a.LocalActorRef akka://worker/user/watcher/graph0000000000/graph/$c - Stopped
15:03:30.673 [worker-akka.actor.default-dispatcher-2] INFO  a.a.LocalActorRef akka://worker/user/watcher/graph0000000000/graph/local-acker/$a - Stopped
15:03:30.680 [worker-akka.actor.default-dispatcher-2] INFO  a.a.LocalActorRef akka://worker/user/watcher/graph0000000000/edge - Stopped
15:03:30.680 [worker-akka.actor.default-dispatcher-2] INFO  a.a.LocalActorRef akka://worker/user/watcher/graph0000000000/graph/local-acker/$a - Message [com.spbsu.flamestream.runtime.utils.akka.PingActor$InnerPing] from Actor[akka://worker/user/watcher/graph0000000000/graph/local-acker/$a#1917503155] to Actor[akka://worker/user/watcher/graph0000000000/graph/local-acker/$a#1917503155] was not delivered. [1] dead letters encountered. This logging can be turned off or adjusted with configuration settings 'akka.log-dead-letters' and 'akka.log-dead-letters-during-shutdown'.
15:03:30.680 [worker-akka.actor.default-dispatcher-2] INFO  a.a.LocalActorRef akka://worker/user/watcher/graph0000000000/graph/local-acker - Stopped
15:03:30.681 [worker-akka.actor.default-dispatcher-2] INFO  a.a.LocalActorRef akka://worker/user/watcher/graph0000000000/graph/local-acker/$a - Message [com.spbsu.flamestream.runtime.utils.akka.PingActor$Stop] from Actor[akka://worker/user/watcher/graph0000000000/graph/local-acker#-1487307480] to Actor[akka://worker/user/watcher/graph0000000000/graph/local-acker/$a#1917503155] was not delivered. [2] dead letters encountered. This logging can be turned off or adjusted with configuration settings 'akka.log-dead-letters' and 'akka.log-dead-letters-during-shutdown'.
15:03:30.683 [worker-akka.actor.default-dispatcher-2] INFO  a.a.LocalActorRef akka://worker/user/watcher/graph0000000000/graph/local-acker - Message [com.spbsu.flamestream.runtime.acker.LocalAcker$Flush] from Actor[akka://worker/user/watcher/graph0000000000/graph/local-acker#-1487307480] to Actor[akka://worker/user/watcher/graph0000000000/graph/local-acker#-1487307480] was not delivered. [3] dead letters encountered. This logging can be turned off or adjusted with configuration settings 'akka.log-dead-letters' and 'akka.log-dead-letters-during-shutdown'.
15:03:30.683 [worker-akka.actor.default-dispatcher-2] INFO  a.a.LocalActorRef akka://worker/user/watcher/graph0000000000/graph - Stopped
15:03:30.685 [worker-akka.actor.default-dispatcher-2] INFO  a.a.LocalActorRef akka://worker/user/watcher/graph0000000000 - Stopped
15:03:30.686 [worker-akka.actor.default-dispatcher-2-EventThread] INFO  o.a.z.ClientCnxn  - EventThread shut down for session: 0x1619f1aca19000a
15:03:30.687 [worker-akka.actor.default-dispatcher-2] INFO  o.a.z.ZooKeeper  - Session: 0x1619f1aca19000a closed
15:03:30.688 [worker-akka.actor.default-dispatcher-2] INFO  a.a.RepointableActorRef akka://worker/user/watcher - Stopped
15:03:30.698 [worker-akka.actor.default-dispatcher-2] INFO  a.r.RemoteActorRefProvider$RemotingTerminator akka://worker@172.31.44.83:5412/system/remoting-terminator - Shutting down remote daemon.
15:03:30.700 [worker-akka.actor.default-dispatcher-2] INFO  a.r.RemoteActorRefProvider$RemotingTerminator akka://worker@172.31.44.83:5412/system/remoting-terminator - Remote daemon shut down; proceeding with flushing remote transports.
15:03:31.852 [worker-akka.actor.default-dispatcher-2] INFO  a.r.RemoteActorRefProvider$RemotingTerminator akka://worker@172.31.44.83:5412/system/remoting-terminator - Remoting shut down.
Attempts of event 'shuffle-send' - 0
Attempts of event 'front-receive-send' - 0
Attempts of event 'inject-out' - 531439
Attempts of event 'sink-receive' - 540231
Attempts of event 'flatmap-receive' - 1060
Attempts of event 'fm-send' - 527485
Attempts of event 'rear-in' - 530379
Attempts of event 'flatmap-send' - 527485
Attempts of event 'inject-in' - 531439
Attempts of event 'wrong-ordering-filter-receive' - 540231
Attempts of event 'accept-in' - 0
Attempts of event 'grouping-receive' - 1070610
Heap
 def new generation   total 153600K, used 48779K [0x00000000e0c00000, 0x00000000eb2a0000, 0x00000000eb2a0000)
  eden space 136576K,  28% used [0x00000000e0c00000, 0x00000000e3200f50, 0x00000000e9160000)
  from space 17024K,  57% used [0x00000000e9160000, 0x00000000e9b01fb0, 0x00000000ea200000)
  to   space 17024K,   0% used [0x00000000ea200000, 0x00000000ea200000, 0x00000000eb2a0000)
 tenured generation   total 341376K, used 113246K [0x00000000eb2a0000, 0x0000000100000000, 0x0000000100000000)
   the space 341376K,  33% used [0x00000000eb2a0000, 0x00000000f2137a60, 0x00000000f2137c00, 0x0000000100000000)
 Metaspace       used 33481K, capacity 34278K, committed 34688K, reserved 1079296K
  class space    used 4454K, capacity 4622K, committed 4736K, reserved 1048576K
