14:11:22.880 [worker-akka.actor.default-dispatcher-2] INFO  a.e.s.Slf4jLogger  - Slf4jLogger started
2018-02-19T14:11:23.048+0000: 2.624: [Full GC (Metadata GC Threshold) 2018-02-19T14:11:23.048+0000: 2.624: [Tenured: 0K->15416K(341376K), 0.0377258 secs] 117538K->15416K(494976K), [Metaspace: 20878K->20878K(1067008K)], 0.0377913 secs] [Times: user=0.03 sys=0.00, real=0.03 secs] 
Ama winner
Ama winner
14:11:23.515 [worker-akka.actor.default-dispatcher-2] INFO  a.r.a.ArteryTransport(akka://worker) akka.remote.artery.ArteryTransport(akka://worker) - Started embedded media driver in directory [/dev/shm/aeron-root-worker-06cbf05b-9ea5-4855-a646-caf8cc11323b]
14:11:23.709 [worker-akka.actor.default-dispatcher-2] INFO  a.r.a.ArteryTransport(akka://worker) akka.remote.artery.ArteryTransport(akka://worker) - Remoting started; listening on address: [akka://worker@172.31.34.169:5412] with UID [-486183815259284335]
14:11:23.809 [worker-akka.actor.default-dispatcher-2] INFO  o.a.z.ZooKeeper  - Client environment:zookeeper.version=3.4.9-1757313, built on 08/23/2016 06:50 GMT
14:11:23.809 [worker-akka.actor.default-dispatcher-2] INFO  o.a.z.ZooKeeper  - Client environment:host.name=ip-172-31-34-169.us-east-2.compute.internal
14:11:23.809 [worker-akka.actor.default-dispatcher-2] INFO  o.a.z.ZooKeeper  - Client environment:java.version=1.8.0_151
14:11:23.809 [worker-akka.actor.default-dispatcher-2] INFO  o.a.z.ZooKeeper  - Client environment:java.vendor=Oracle Corporation
14:11:23.809 [worker-akka.actor.default-dispatcher-2] INFO  o.a.z.ZooKeeper  - Client environment:java.home=/usr/lib/jvm/java-8-openjdk-amd64/jre
14:11:23.810 [worker-akka.actor.default-dispatcher-2] INFO  o.a.z.ZooKeeper  - Client environment:java.class.path=lib/commons-cli-1.4.jar:lib/minlog-1.3.0.jar:lib/asm-5.0.4.jar:lib/hadoop-annotations-2.7.3.jar:lib/hadoop-auth-2.7.3.jar:lib/akka-slf4j_2.11-2.5.6.jar:lib/jersey-core-1.9.jar:lib/lz4-1.3.0.jar:lib/jackson-core-asl-1.9.13.jar:lib/aeron-client-1.3.0.jar:lib/htrace-core-3.1.0-incubating.jar:lib/xz-1.0.jar:lib/commons-httpclient-3.1.jar:lib/asm-3.1.jar:lib/commons-lang3-3.4.jar:lib/scala-library-2.11.11.jar:lib/scala-java8-compat_2.11-0.7.0.jar:lib/commons-configuration-1.6.jar:lib/objenesis-2.1.jar:lib/jackson-annotations-2.8.0.jar:lib/jsr305-3.0.0.jar:lib/curator-framework-2.7.1.jar:lib/jersey-server-1.9.jar:lib/jets3t-0.9.0.jar:lib/leveldb-0.7.jar:lib/jetty-6.1.26.jar:lib/stax-api-1.0-2.jar:lib/flamestream-core-1.0-SNAPSHOT.jar:lib/reflectasm-1.07-shaded.jar:lib/apacheds-kerberos-codec-2.0.0-M15.jar:lib/api-asn1-api-1.0.0-M20.jar:lib/commons-lang-2.6.jar:lib/commons-beanutils-1.7.0.jar:lib/jackson-xc-1.8.3.jar:lib/jetty-util-6.1.26.jar:lib/logback-classic-1.2.3.jar:lib/jool-0.9.12.jar:lib/flamestream-runtime-1.0-SNAPSHOT-tests.jar:lib/httpcore-4.1.2.jar:lib/kryo-4.0.0.jar:lib/ant-1.8.1.jar:lib/jaxb-impl-2.2.3-1.jar:lib/jersey-json-1.9.jar:lib/commons-compress-1.4.1.jar:lib/leveldbjni-all-1.8.jar:lib/paranamer-2.3.jar:lib/jackson-core-2.8.4.jar:lib/commons-math3-3.6.1.jar:lib/scala-parser-combinators_2.11-1.0.4.jar:lib/netty-3.10.6.Final.jar:lib/trove4j-3.0.3.jar:lib/jaxb-api-2.2.2.jar:lib/logback-core-1.2.3.jar:lib/snappy-java-1.0.4.1.jar:lib/protobuf-java-2.5.0.jar:lib/reactive-streams-1.0.1.jar:lib/flamestream-examples-1.0-SNAPSHOT.jar:lib/commons-codec-1.4.jar:lib/activation-1.1.jar:lib/commons-net-3.1.jar:lib/curator-recipes-2.7.1.jar:lib/jackson-mapper-asl-1.9.13.jar:lib/jackson-databind-2.8.4.jar:lib/flamestream-runtime-1.0-SNAPSHOT.jar:lib/jackson-jaxrs-1.8.3.jar:lib/slf4j-api-1.7.24.jar:lib/akka-remote_2.11-2.5.6.jar:lib/akka-testkit_2.11-2.5.6.jar:lib/jline-0.9.94.jar:lib/akka-stream_2.11-2.5.6.jar:lib/jsp-api-2.1.jar:lib/kryonet-2.21.jar:lib/akka-kryo-serialization_2.11-0.5.0.jar:lib/config-1.3.1.jar:lib/ant-launcher-1.8.1.jar:lib/commons-logging-1.2.jar:lib/ssl-config-core_2.11-0.2.2.jar:lib/testng-6.10.jar:lib/leveldb-api-0.7.jar:lib/reflectasm-1.11.3.jar:lib/jcommander-1.48.jar:lib/commons-1.1.jar:lib/commons-digester-1.8.jar:lib/minlog-1.2.jar:lib/java-xmlbuilder-0.4.jar:lib/jettison-1.1.jar:lib/gson-2.2.4.jar:lib/jdk.tools-1.8.jar:lib/aeron-driver-1.3.0.jar:lib/zookeeper-3.4.9.jar:lib/commons-beanutils-core-1.8.0.jar:lib/commons-math3-3.1.1.jar:lib/akka-actor_2.11-2.5.6.jar:lib/curator-client-2.7.1.jar:lib/servlet-api-2.5.jar:lib/apacheds-i18n-2.0.0-M15.jar:lib/commons-io-2.4.jar:lib/commons-codec-1.6.jar:lib/akka-protobuf_2.11-2.5.6.jar:lib/protobuf-java-3.5.1.jar:lib/jdom-2.0.2.jar:lib/api-util-1.0.0-M20.jar:lib/hadoop-common-2.7.3.jar:lib/agrona-0.9.6.jar:lib/xmlenc-0.52.jar:lib/guava-21.0.jar:lib/commons-collections-3.2.2.jar:lib/avro-1.7.4.jar:lib/httpclient-4.1.2.jar:lib/flamestream-core-1.0-SNAPSHOT-tests.jar:lib/annotations-12.0.jar:lib/jsch-0.1.42.jar:flamestream-runtime-1.0-SNAPSHOT.jar
14:11:23.810 [worker-akka.actor.default-dispatcher-2] INFO  o.a.z.ZooKeeper  - Client environment:java.library.path=/usr/java/packages/lib/amd64:/usr/lib/x86_64-linux-gnu/jni:/lib/x86_64-linux-gnu:/usr/lib/x86_64-linux-gnu:/usr/lib/jni:/lib:/usr/lib
14:11:23.810 [worker-akka.actor.default-dispatcher-2] INFO  o.a.z.ZooKeeper  - Client environment:java.io.tmpdir=/tmp
14:11:23.810 [worker-akka.actor.default-dispatcher-2] INFO  o.a.z.ZooKeeper  - Client environment:java.compiler=<NA>
14:11:23.810 [worker-akka.actor.default-dispatcher-2] INFO  o.a.z.ZooKeeper  - Client environment:os.name=Linux
14:11:23.810 [worker-akka.actor.default-dispatcher-2] INFO  o.a.z.ZooKeeper  - Client environment:os.arch=amd64
14:11:23.810 [worker-akka.actor.default-dispatcher-2] INFO  o.a.z.ZooKeeper  - Client environment:os.version=4.4.0-1049-aws
14:11:23.810 [worker-akka.actor.default-dispatcher-2] INFO  o.a.z.ZooKeeper  - Client environment:user.name=root
14:11:23.811 [worker-akka.actor.default-dispatcher-2] INFO  o.a.z.ZooKeeper  - Client environment:user.home=/root
14:11:23.811 [worker-akka.actor.default-dispatcher-2] INFO  o.a.z.ZooKeeper  - Client environment:user.dir=/opt/flamestream
14:11:23.815 [worker-akka.actor.default-dispatcher-2] INFO  o.a.z.ZooKeeper  - Initiating client connection, connectString=172.31.34.147:2181 sessionTimeout=5000 watcher=com.spbsu.flamestream.runtime.application.LifecycleWatcher$$Lambda$29/2091173542@1b48f905
14:11:23.847 [worker-akka.actor.default-dispatcher-2] INFO  a.a.RepointableActorRef akka://worker/user/watcher - Starting...
14:11:23.851 [worker-akka.actor.default-dispatcher-2-SendThread(172.31.34.147:2181)] INFO  o.a.z.ClientCnxn  - Opening socket connection to server 172.31.34.147/172.31.34.147:2181. Will not attempt to authenticate using SASL (unknown error)
14:11:23.855 [worker-akka.actor.default-dispatcher-2-SendThread(172.31.34.147:2181)] INFO  o.a.z.ClientCnxn  - Socket connection established to 172.31.34.147/172.31.34.147:2181, initiating session
14:11:23.862 [worker-akka.actor.default-dispatcher-2-SendThread(172.31.34.147:2181)] INFO  o.a.z.ClientCnxn  - Session establishment complete on server 172.31.34.147/172.31.34.147:2181, sessionid = 0x161ae66be2d0009, negotiated timeout = 6000
14:11:23.954 [worker-akka.actor.default-dispatcher-2] INFO  a.a.RepointableActorRef akka://worker/user/watcher - Connected to ZK
14:11:33.885 [worker-akka.actor.default-dispatcher-2] INFO  a.a.RepointableActorRef akka://worker/user/watcher - Creating node with watchGraphs: 'com.spbsu.flamestream.core.Graph$Builder$MyGraph@22aae96d', config: 'ClusterConfig{paths={172.31.33.155=akka://worker@172.31.33.155:5412/user/watcher/graph0000000000, 172.31.47.83=akka://worker@172.31.47.83:5412/user/watcher/graph0000000000, 172.31.45.197=akka://worker@172.31.45.197:5412/user/watcher/graph0000000000, 172.31.42.36=akka://worker@172.31.42.36:5412/user/watcher/graph0000000000, 172.31.44.83=akka://worker@172.31.44.83:5412/user/watcher/graph0000000000, 172.31.39.64=akka://worker@172.31.39.64:5412/user/watcher/graph0000000000, 172.31.35.79=akka://worker@172.31.35.79:5412/user/watcher/graph0000000000, 172.31.34.169=akka://worker@172.31.34.169:5412/user/watcher/graph0000000000, 172.31.47.100=akka://worker@172.31.47.100:5412/user/watcher/graph0000000000, 172.31.37.101=akka://worker@172.31.37.101:5412/user/watcher/graph0000000000}, ackerLocation='172.31.35.79', props=ComputationLayout{ranges={172.31.33.155=HashRange{from=-1670265060, to=-1193046472}, 172.31.47.83=HashRange{from=1670265056, to=2147483644}, 172.31.45.197=HashRange{from=-715827884, to=-238609296}, 172.31.42.36=HashRange{from=1193046468, to=1670265056}, 172.31.44.83=HashRange{from=-238609296, to=238609292}, 172.31.39.64=HashRange{from=715827880, to=1193046468}, 172.31.35.79=HashRange{from=0, to=0}, 172.31.34.169=HashRange{from=-2147483648, to=-1670265060}, 172.31.47.100=HashRange{from=238609292, to=715827880}, 172.31.37.101=HashRange{from=-1193046472, to=-715827884}}}}'
14:11:34.664 [worker-akka.actor.default-dispatcher-2] INFO  a.a.LocalActorRef akka://worker/user/watcher/graph0000000000/graph - Starting...
14:11:34.665 [worker-akka.actor.default-dispatcher-2] INFO  a.a.LocalActorRef akka://worker/user/watcher/graph0000000000/graph/local-acker - Starting...
14:11:34.667 [worker-akka.actor.default-dispatcher-2] INFO  a.a.LocalActorRef akka://worker/user/watcher/graph0000000000/graph/local-acker/$a - Starting...
Warning: space is running low in /dev/shm (tmpfs) threshold=167,772,160 usable=158,621,696
Warning: space is running low in /dev/shm (tmpfs) threshold=167,772,160 usable=146,034,688
Warning: space is running low in /dev/shm (tmpfs) threshold=167,772,160 usable=133,447,680
Warning: space is running low in /dev/shm (tmpfs) threshold=167,772,160 usable=120,860,672
Warning: space is running low in /dev/shm (tmpfs) threshold=167,772,160 usable=108,273,664
Warning: space is running low in /dev/shm (tmpfs) threshold=167,772,160 usable=95,686,656
Warning: space is running low in /dev/shm (tmpfs) threshold=167,772,160 usable=83,099,648
Warning: space is running low in /dev/shm (tmpfs) threshold=167,772,160 usable=70,512,640
14:11:36.382 [worker-akka.actor.default-dispatcher-2] INFO  a.a.LocalActorRef akka://worker/user/watcher/graph0000000000/graph - Finishing constructor
14:11:36.383 [worker-akka.actor.default-dispatcher-2] INFO  a.a.LocalActorRef akka://worker/user/watcher/graph0000000000 - Starting...
14:11:36.384 [worker-akka.actor.default-dispatcher-2] INFO  a.a.LocalActorRef akka://worker/user/watcher/graph0000000000/negotiator - Starting...
14:11:36.445 [worker-akka.actor.default-dispatcher-2] INFO  a.a.LocalActorRef akka://worker/user/watcher/graph0000000000/edge - Starting...
14:11:36.446 [worker-akka.actor.default-dispatcher-2] INFO  a.a.LocalActorRef akka://worker/user/watcher/graph0000000000/graph/$a - Starting...
14:11:36.448 [worker-akka.actor.default-dispatcher-2] INFO  a.a.LocalActorRef akka://worker/user/watcher/graph0000000000/graph/$b - Starting...
14:11:36.448 [worker-akka.actor.default-dispatcher-2] INFO  a.a.LocalActorRef akka://worker/user/watcher/graph0000000000/graph/$c - Starting...
14:11:36.474 [worker-akka.actor.default-dispatcher-2] INFO  c.s.f.r.e.s.SocketRear  - FlameSocketGraphDeployerRear@172.31.34.169: connecting to 172.31.34.147:5678
14:11:36.482 [worker-akka.actor.default-dispatcher-2] INFO  c.s.f.r.e.s.SocketRear  - FlameSocketGraphDeployerRear@172.31.34.169: connected to 172.31.34.147:5678
14:11:36.512 [worker-akka.actor.default-dispatcher-2] INFO  a.a.LocalActorRef akka://worker/user/watcher/graph0000000000/edge/FlameSocketGraphDeployerRear - Starting...
14:11:36.513 [worker-akka.actor.default-dispatcher-2] INFO  a.a.LocalActorRef akka://worker/user/watcher/graph0000000000/edge/FlameSocketGraphDeployerFront - Starting...
14:11:36.514 [worker-akka.actor.default-dispatcher-2] INFO  a.a.LocalActorRef akka://worker/user/watcher/graph0000000000/negotiator - Requesting ticket for the frontClass FlameSocketGraphDeployerFront@172.31.34.169
14:11:36.530 [worker-akka.actor.default-dispatcher-2] INFO  a.a.LocalActorRef akka://worker/user/watcher/graph0000000000/negotiator - Ticket for the frontClass received: FrontTicket{allowedTimestamp=(1519049493891, FlameSocketGraphDeployerFront@172.31.34.169)}
14:11:36.531 [worker-akka.actor.default-dispatcher-2] INFO  c.s.f.r.e.s.SocketFront  - FlameSocketGraphDeployerFront@172.31.34.169: connecting to 172.31.34.147:4567
14:11:36.543 [Client] INFO  c.s.f.r.e.s.SocketFront  - FlameSocketGraphDeployerFront@172.31.34.169 has been disconnected from Connection 9
2018-02-19T14:11:39.614+0000: 19.189: [GC (Allocation Failure) 2018-02-19T14:11:39.614+0000: 19.189: [DefNew: 136576K->15416K(153600K), 0.0280078 secs] 151992K->50364K(494976K), 0.0280836 secs] [Times: user=0.01 sys=0.02, real=0.03 secs] 
2018-02-19T14:11:49.702+0000: 29.278: [GC (Allocation Failure) 2018-02-19T14:11:49.702+0000: 29.278: [DefNew: 151992K->3532K(153600K), 0.0172230 secs] 186940K->46031K(494976K), 0.0172842 secs] [Times: user=0.01 sys=0.00, real=0.02 secs] 
2018-02-19T14:12:02.140+0000: 41.716: [GC (Allocation Failure) 2018-02-19T14:12:02.140+0000: 41.716: [DefNew: 140108K->5298K(153600K), 0.0112539 secs] 182607K->47797K(494976K), 0.0113107 secs] [Times: user=0.01 sys=0.00, real=0.01 secs] 
2018-02-19T14:12:12.134+0000: 51.710: [GC (Allocation Failure) 2018-02-19T14:12:12.134+0000: 51.710: [DefNew: 141874K->6843K(153600K), 0.0165707 secs] 184373K->49341K(494976K), 0.0166344 secs] [Times: user=0.02 sys=0.00, real=0.02 secs] 
2018-02-19T14:12:22.988+0000: 62.564: [GC (Allocation Failure) 2018-02-19T14:12:22.988+0000: 62.564: [DefNew: 143419K->8798K(153600K), 0.0148033 secs] 185917K->51297K(494976K), 0.0148627 secs] [Times: user=0.02 sys=0.00, real=0.01 secs] 
2018-02-19T14:12:31.984+0000: 71.559: [GC (Allocation Failure) 2018-02-19T14:12:31.984+0000: 71.559: [DefNew: 145374K->8574K(153600K), 0.0165756 secs] 187873K->52502K(494976K), 0.0166476 secs] [Times: user=0.02 sys=0.00, real=0.02 secs] 
2018-02-19T14:12:44.315+0000: 83.891: [GC (Allocation Failure) 2018-02-19T14:12:44.315+0000: 83.891: [DefNew: 145150K->8285K(153600K), 0.0157062 secs] 189078K->53371K(494976K), 0.0157802 secs] [Times: user=0.01 sys=0.00, real=0.02 secs] 
2018-02-19T14:12:57.705+0000: 97.281: [GC (Allocation Failure) 2018-02-19T14:12:57.705+0000: 97.281: [DefNew: 144861K->9698K(153600K), 0.0155017 secs] 189947K->54783K(494976K), 0.0155604 secs] [Times: user=0.01 sys=0.00, real=0.02 secs] 
2018-02-19T14:13:13.546+0000: 113.122: [GC (Allocation Failure) 2018-02-19T14:13:13.546+0000: 113.122: [DefNew: 146274K->9917K(153600K), 0.0199886 secs] 191359K->56109K(494976K), 0.0200492 secs] [Times: user=0.02 sys=0.00, real=0.02 secs] 
2018-02-19T14:13:23.702+0000: 123.278: [GC (Allocation Failure) 2018-02-19T14:13:23.702+0000: 123.278: [DefNew: 146493K->8925K(153600K), 0.0172936 secs] 192685K->57422K(494976K), 0.0173767 secs] [Times: user=0.02 sys=0.00, real=0.02 secs] 
2018-02-19T14:13:36.774+0000: 136.350: [GC (Allocation Failure) 2018-02-19T14:13:36.774+0000: 136.350: [DefNew: 145501K->9209K(153600K), 0.0161293 secs] 193998K->58764K(494976K), 0.0162025 secs] [Times: user=0.02 sys=0.00, real=0.02 secs] 
2018-02-19T14:13:51.840+0000: 151.416: [GC (Allocation Failure) 2018-02-19T14:13:51.840+0000: 151.416: [DefNew: 145785K->9052K(153600K), 0.0157267 secs] 195340K->59790K(494976K), 0.0157908 secs] [Times: user=0.01 sys=0.00, real=0.01 secs] 
2018-02-19T14:14:05.626+0000: 165.201: [GC (Allocation Failure) 2018-02-19T14:14:05.626+0000: 165.201: [DefNew: 145628K->9013K(153600K), 0.0158730 secs] 196366K->61243K(494976K), 0.0159494 secs] [Times: user=0.02 sys=0.00, real=0.02 secs] 
2018-02-19T14:14:18.598+0000: 178.174: [GC (Allocation Failure) 2018-02-19T14:14:18.598+0000: 178.174: [DefNew: 145589K->9039K(153600K), 0.0170078 secs] 197819K->62533K(494976K), 0.0170856 secs] [Times: user=0.02 sys=0.00, real=0.02 secs] 
2018-02-19T14:14:31.297+0000: 190.873: [GC (Allocation Failure) 2018-02-19T14:14:31.297+0000: 190.873: [DefNew: 145615K->8975K(153600K), 0.0161741 secs] 199109K->63582K(494976K), 0.0162363 secs] [Times: user=0.02 sys=0.00, real=0.02 secs] 
2018-02-19T14:14:44.756+0000: 204.331: [GC (Allocation Failure) 2018-02-19T14:14:44.756+0000: 204.331: [DefNew: 145551K->9452K(153600K), 0.0168086 secs] 200158K->65114K(494976K), 0.0168909 secs] [Times: user=0.01 sys=0.00, real=0.02 secs] 
2018-02-19T14:14:58.027+0000: 217.602: [GC (Allocation Failure) 2018-02-19T14:14:58.027+0000: 217.602: [DefNew: 146028K->9302K(153600K), 0.0169851 secs] 201690K->66135K(494976K), 0.0170619 secs] [Times: user=0.02 sys=0.00, real=0.02 secs] 
2018-02-19T14:15:10.972+0000: 230.548: [GC (Allocation Failure) 2018-02-19T14:15:10.972+0000: 230.548: [DefNew: 145852K->9523K(153600K), 0.0159058 secs] 202685K->67364K(494976K), 0.0159735 secs] [Times: user=0.02 sys=0.00, real=0.02 secs] 
2018-02-19T14:15:22.524+0000: 242.100: [GC (Allocation Failure) 2018-02-19T14:15:22.524+0000: 242.100: [DefNew: 146099K->9987K(153600K), 0.0171971 secs] 203940K->68882K(494976K), 0.0172575 secs] [Times: user=0.02 sys=0.00, real=0.02 secs] 
2018-02-19T14:15:38.243+0000: 257.819: [GC (Allocation Failure) 2018-02-19T14:15:38.243+0000: 257.819: [DefNew: 146563K->8937K(153600K), 0.0181451 secs] 205458K->70157K(494976K), 0.0182109 secs] [Times: user=0.01 sys=0.00, real=0.02 secs] 
2018-02-19T14:15:50.222+0000: 269.797: [GC (Allocation Failure) 2018-02-19T14:15:50.222+0000: 269.797: [DefNew: 145513K->8799K(153600K), 0.0158880 secs] 206733K->71127K(494976K), 0.0159573 secs] [Times: user=0.02 sys=0.00, real=0.01 secs] 
2018-02-19T14:16:00.570+0000: 280.145: [GC (Allocation Failure) 2018-02-19T14:16:00.570+0000: 280.145: [DefNew: 145375K->8536K(153600K), 0.0156541 secs] 207703K->72044K(494976K), 0.0157177 secs] [Times: user=0.01 sys=0.00, real=0.01 secs] 
2018-02-19T14:16:11.284+0000: 290.860: [GC (Allocation Failure) 2018-02-19T14:16:11.284+0000: 290.860: [DefNew: 145112K->9584K(153600K), 0.0167856 secs] 208620K->74342K(494976K), 0.0168482 secs] [Times: user=0.02 sys=0.00, real=0.02 secs] 
2018-02-19T14:16:23.318+0000: 302.894: [GC (Allocation Failure) 2018-02-19T14:16:23.318+0000: 302.894: [DefNew: 146160K->10012K(153600K), 0.0172228 secs] 210918K->75890K(494976K), 0.0172817 secs] [Times: user=0.01 sys=0.00, real=0.02 secs] 
2018-02-19T14:16:34.413+0000: 313.989: [GC (Allocation Failure) 2018-02-19T14:16:34.413+0000: 313.989: [DefNew: 146588K->8974K(153600K), 0.0184292 secs] 212466K->77471K(494976K), 0.0184914 secs] [Times: user=0.01 sys=0.00, real=0.02 secs] 
2018-02-19T14:16:44.754+0000: 324.330: [GC (Allocation Failure) 2018-02-19T14:16:44.754+0000: 324.330: [DefNew: 145550K->8732K(153600K), 0.0169639 secs] 214047K->79517K(494976K), 0.0170243 secs] [Times: user=0.01 sys=0.00, real=0.02 secs] 
2018-02-19T14:16:55.586+0000: 335.162: [GC (Allocation Failure) 2018-02-19T14:16:55.586+0000: 335.162: [DefNew: 145308K->8193K(153600K), 0.0153798 secs] 216093K->80477K(494976K), 0.0154406 secs] [Times: user=0.01 sys=0.00, real=0.02 secs] 
2018-02-19T14:17:09.019+0000: 348.595: [GC (Allocation Failure) 2018-02-19T14:17:09.019+0000: 348.595: [DefNew: 144769K->9878K(153600K), 0.0149250 secs] 217053K->82162K(494976K), 0.0149939 secs] [Times: user=0.02 sys=0.00, real=0.02 secs] 
2018-02-19T14:17:22.095+0000: 361.671: [GC (Allocation Failure) 2018-02-19T14:17:22.095+0000: 361.671: [DefNew: 146454K->8661K(153600K), 0.0215277 secs] 218738K->83305K(494976K), 0.0215898 secs] [Times: user=0.01 sys=0.01, real=0.02 secs] 
2018-02-19T14:17:34.943+0000: 374.519: [GC (Allocation Failure) 2018-02-19T14:17:34.943+0000: 374.519: [DefNew: 145237K->9542K(153600K), 0.0176390 secs] 219881K->85655K(494976K), 0.0177085 secs] [Times: user=0.01 sys=0.01, real=0.02 secs] 
2018-02-19T14:17:47.139+0000: 386.715: [GC (Allocation Failure) 2018-02-19T14:17:47.139+0000: 386.715: [DefNew: 146118K->8854K(153600K), 0.0222251 secs] 222231K->86336K(494976K), 0.0222910 secs] [Times: user=0.01 sys=0.02, real=0.02 secs] 
2018-02-19T14:17:59.166+0000: 398.742: [GC (Allocation Failure) 2018-02-19T14:17:59.167+0000: 398.742: [DefNew: 145430K->8635K(153600K), 0.0152493 secs] 222912K->87699K(494976K), 0.0153138 secs] [Times: user=0.01 sys=0.00, real=0.02 secs] 
2018-02-19T14:18:09.680+0000: 409.256: [GC (Allocation Failure) 2018-02-19T14:18:09.680+0000: 409.256: [DefNew: 145211K->9053K(153600K), 0.0163725 secs] 224275K->89628K(494976K), 0.0164460 secs] [Times: user=0.02 sys=0.00, real=0.01 secs] 
2018-02-19T14:18:20.043+0000: 419.619: [GC (Allocation Failure) 2018-02-19T14:18:20.043+0000: 419.619: [DefNew: 145629K->9189K(153600K), 0.0156762 secs] 226204K->91116K(494976K), 0.0157535 secs] [Times: user=0.02 sys=0.00, real=0.02 secs] 
2018-02-19T14:18:32.939+0000: 432.515: [GC (Allocation Failure) 2018-02-19T14:18:32.939+0000: 432.515: [DefNew: 145765K->9965K(153600K), 0.0171785 secs] 227692K->93483K(494976K), 0.0172389 secs] [Times: user=0.02 sys=0.00, real=0.01 secs] 
2018-02-19T14:18:43.947+0000: 443.522: [GC (Allocation Failure) 2018-02-19T14:18:43.947+0000: 443.522: [DefNew: 146541K->10028K(153600K), 0.0168029 secs] 230059K->94896K(494976K), 0.0168634 secs] [Times: user=0.02 sys=0.00, real=0.02 secs] 
2018-02-19T14:18:58.324+0000: 457.900: [GC (Allocation Failure) 2018-02-19T14:18:58.324+0000: 457.900: [DefNew: 146604K->9906K(153600K), 0.0173120 secs] 231472K->96413K(494976K), 0.0173760 secs] [Times: user=0.01 sys=0.01, real=0.02 secs] 
2018-02-19T14:19:08.148+0000: 467.723: [GC (Allocation Failure) 2018-02-19T14:19:08.148+0000: 467.723: [DefNew: 146482K->10063K(153600K), 0.0172596 secs] 232989K->98159K(494976K), 0.0173214 secs] [Times: user=0.01 sys=0.01, real=0.01 secs] 
2018-02-19T14:19:22.044+0000: 481.619: [GC (Allocation Failure) 2018-02-19T14:19:22.044+0000: 481.619: [DefNew: 146639K->10033K(153600K), 0.0165700 secs] 234735K->99621K(494976K), 0.0166633 secs] [Times: user=0.01 sys=0.00, real=0.02 secs] 
2018-02-19T14:19:32.713+0000: 492.289: [GC (Allocation Failure) 2018-02-19T14:19:32.713+0000: 492.289: [DefNew: 146609K->9981K(153600K), 0.0160700 secs] 236197K->101016K(494976K), 0.0161331 secs] [Times: user=0.01 sys=0.00, real=0.02 secs] 
2018-02-19T14:19:41.756+0000: 501.331: [GC (Allocation Failure) 2018-02-19T14:19:41.756+0000: 501.331: [DefNew: 146557K->10122K(153600K), 0.0167923 secs] 237592K->102720K(494976K), 0.0168655 secs] [Times: user=0.02 sys=0.00, real=0.02 secs] 
2018-02-19T14:19:52.366+0000: 511.942: [GC (Allocation Failure) 2018-02-19T14:19:52.366+0000: 511.942: [DefNew: 146698K->9485K(153600K), 0.0298378 secs] 239296K->103713K(494976K), 0.0299048 secs] [Times: user=0.00 sys=0.02, real=0.03 secs] 
2018-02-19T14:20:02.569+0000: 522.145: [GC (Allocation Failure) 2018-02-19T14:20:02.569+0000: 522.145: [DefNew: 146061K->10139K(153600K), 0.0172302 secs] 240289K->105808K(494976K), 0.0173026 secs] [Times: user=0.02 sys=0.00, real=0.01 secs] 
14:20:12.828 [Client] INFO  c.s.f.r.e.s.SocketRear  - FlameSocketGraphDeployerRear@172.31.34.169: has been disconnected from Connection 9
14:20:26.817 [worker-akka.actor.default-dispatcher-2] INFO  a.a.CoordinatedShutdown CoordinatedShutdown(akka://worker) - Starting coordinated shutdown from JVM shutdown hook
14:20:26.870 [worker-akka.actor.default-dispatcher-2] INFO  a.a.LocalActorRef akka://worker/user/watcher/graph0000000000/negotiator - Stopped
14:20:26.871 [worker-akka.actor.default-dispatcher-2] INFO  a.a.LocalActorRef akka://worker/user/watcher/graph0000000000/edge/FlameSocketGraphDeployerFront - Stopped
14:20:26.872 [worker-akka.actor.default-dispatcher-2] INFO  a.a.LocalActorRef akka://worker/user/watcher/graph0000000000/edge/FlameSocketGraphDeployerRear - Stopped
14:20:26.874 [worker-akka.actor.default-dispatcher-2] INFO  a.a.LocalActorRef akka://worker/user/watcher/graph0000000000/graph/$a - Stopped
14:20:26.875 [worker-akka.actor.default-dispatcher-2] INFO  a.a.LocalActorRef akka://worker/user/watcher/graph0000000000/graph/$b - Stopped
14:20:26.876 [worker-akka.actor.default-dispatcher-2] INFO  a.a.LocalActorRef akka://worker/user/watcher/graph0000000000/graph/$c - Stopped
14:20:26.876 [worker-akka.actor.default-dispatcher-2] INFO  a.a.LocalActorRef akka://worker/user/watcher/graph0000000000/graph/local-acker/$a - Stopped
14:20:26.881 [worker-akka.actor.default-dispatcher-2] INFO  a.a.LocalActorRef akka://worker/user/watcher/graph0000000000/edge - Stopped
14:20:26.882 [worker-akka.actor.default-dispatcher-2] INFO  a.a.LocalActorRef akka://worker/user/watcher/graph0000000000/graph/local-acker/$a - Message [com.spbsu.flamestream.runtime.utils.akka.PingActor$InnerPing] from Actor[akka://worker/user/watcher/graph0000000000/graph/local-acker/$a#1669065189] to Actor[akka://worker/user/watcher/graph0000000000/graph/local-acker/$a#1669065189] was not delivered. [1] dead letters encountered. This logging can be turned off or adjusted with configuration settings 'akka.log-dead-letters' and 'akka.log-dead-letters-during-shutdown'.
14:20:26.883 [worker-akka.actor.default-dispatcher-2] INFO  a.a.LocalActorRef akka://worker/user/watcher/graph0000000000/graph/local-acker - Stopped
14:20:26.886 [worker-akka.actor.default-dispatcher-2] INFO  a.a.LocalActorRef akka://worker/user/watcher/graph0000000000/graph/local-acker/$a - Message [com.spbsu.flamestream.runtime.utils.akka.PingActor$Stop] from Actor[akka://worker/user/watcher/graph0000000000/graph/local-acker#1640563804] to Actor[akka://worker/user/watcher/graph0000000000/graph/local-acker/$a#1669065189] was not delivered. [2] dead letters encountered. This logging can be turned off or adjusted with configuration settings 'akka.log-dead-letters' and 'akka.log-dead-letters-during-shutdown'.
14:20:26.888 [worker-akka.actor.default-dispatcher-2] INFO  a.a.LocalActorRef akka://worker/user/watcher/graph0000000000/graph/local-acker - Message [com.spbsu.flamestream.runtime.acker.LocalAcker$Flush] from Actor[akka://worker/user/watcher/graph0000000000/graph/local-acker#1640563804] to Actor[akka://worker/user/watcher/graph0000000000/graph/local-acker#1640563804] was not delivered. [3] dead letters encountered. This logging can be turned off or adjusted with configuration settings 'akka.log-dead-letters' and 'akka.log-dead-letters-during-shutdown'.
14:20:26.888 [worker-akka.actor.default-dispatcher-2] INFO  a.a.LocalActorRef akka://worker/user/watcher/graph0000000000/graph/local-acker - Message [com.spbsu.flamestream.runtime.acker.LocalAcker$Flush] from Actor[akka://worker/user/watcher/graph0000000000/graph/local-acker#1640563804] to Actor[akka://worker/user/watcher/graph0000000000/graph/local-acker#1640563804] was not delivered. [4] dead letters encountered. This logging can be turned off or adjusted with configuration settings 'akka.log-dead-letters' and 'akka.log-dead-letters-during-shutdown'.
14:20:26.889 [worker-akka.actor.default-dispatcher-2] INFO  a.a.LocalActorRef akka://worker/user/watcher/graph0000000000/graph/local-acker - Message [com.spbsu.flamestream.runtime.acker.LocalAcker$Flush] from Actor[akka://worker/user/watcher/graph0000000000/graph/local-acker#1640563804] to Actor[akka://worker/user/watcher/graph0000000000/graph/local-acker#1640563804] was not delivered. [5] dead letters encountered. This logging can be turned off or adjusted with configuration settings 'akka.log-dead-letters' and 'akka.log-dead-letters-during-shutdown'.
14:20:26.890 [worker-akka.actor.default-dispatcher-2] INFO  a.a.LocalActorRef akka://worker/user/watcher/graph0000000000/graph/local-acker - Message [com.spbsu.flamestream.runtime.acker.LocalAcker$Flush] from Actor[akka://worker/user/watcher/graph0000000000/graph/local-acker#1640563804] to Actor[akka://worker/user/watcher/graph0000000000/graph/local-acker#1640563804] was not delivered. [6] dead letters encountered. This logging can be turned off or adjusted with configuration settings 'akka.log-dead-letters' and 'akka.log-dead-letters-during-shutdown'.
14:20:26.890 [worker-akka.actor.default-dispatcher-2] INFO  a.a.LocalActorRef akka://worker/user/watcher/graph0000000000/graph/local-acker - Message [com.spbsu.flamestream.runtime.acker.LocalAcker$Flush] from Actor[akka://worker/user/watcher/graph0000000000/graph/local-acker#1640563804] to Actor[akka://worker/user/watcher/graph0000000000/graph/local-acker#1640563804] was not delivered. [7] dead letters encountered. This logging can be turned off or adjusted with configuration settings 'akka.log-dead-letters' and 'akka.log-dead-letters-during-shutdown'.
14:20:26.891 [worker-akka.actor.default-dispatcher-2] INFO  a.a.LocalActorRef akka://worker/user/watcher/graph0000000000/graph/local-acker - Message [com.spbsu.flamestream.runtime.acker.LocalAcker$Flush] from Actor[akka://worker/user/watcher/graph0000000000/graph/local-acker#1640563804] to Actor[akka://worker/user/watcher/graph0000000000/graph/local-acker#1640563804] was not delivered. [8] dead letters encountered. This logging can be turned off or adjusted with configuration settings 'akka.log-dead-letters' and 'akka.log-dead-letters-during-shutdown'.
14:20:26.892 [worker-akka.actor.default-dispatcher-2] INFO  a.a.LocalActorRef akka://worker/user/watcher/graph0000000000/graph/local-acker - Message [com.spbsu.flamestream.runtime.acker.LocalAcker$Flush] from Actor[akka://worker/user/watcher/graph0000000000/graph/local-acker#1640563804] to Actor[akka://worker/user/watcher/graph0000000000/graph/local-acker#1640563804] was not delivered. [9] dead letters encountered. This logging can be turned off or adjusted with configuration settings 'akka.log-dead-letters' and 'akka.log-dead-letters-during-shutdown'.
14:20:26.893 [worker-akka.actor.default-dispatcher-2] INFO  a.a.LocalActorRef akka://worker/user/watcher/graph0000000000/graph/local-acker - Message [com.spbsu.flamestream.runtime.acker.LocalAcker$Flush] from Actor[akka://worker/user/watcher/graph0000000000/graph/local-acker#1640563804] to Actor[akka://worker/user/watcher/graph0000000000/graph/local-acker#1640563804] was not delivered. [10] dead letters encountered. This logging can be turned off or adjusted with configuration settings 'akka.log-dead-letters' and 'akka.log-dead-letters-during-shutdown'.
14:20:26.895 [worker-akka.actor.default-dispatcher-2] INFO  a.a.LocalActorRef akka://worker/user/watcher/graph0000000000/graph - Stopped
14:20:26.899 [worker-akka.actor.default-dispatcher-2-EventThread] INFO  o.a.z.ClientCnxn  - EventThread shut down for session: 0x161ae66be2d0009
14:20:26.899 [worker-akka.actor.default-dispatcher-2] INFO  o.a.z.ZooKeeper  - Session: 0x161ae66be2d0009 closed
14:20:26.899 [worker-akka.actor.default-dispatcher-2] INFO  a.a.LocalActorRef akka://worker/user/watcher/graph0000000000 - Stopped
14:20:26.900 [worker-akka.actor.default-dispatcher-2] INFO  a.a.RepointableActorRef akka://worker/user/watcher - Stopped
14:20:26.918 [worker-akka.actor.default-dispatcher-2] INFO  a.r.RemoteActorRefProvider$RemotingTerminator akka://worker@172.31.34.169:5412/system/remoting-terminator - Shutting down remote daemon.
14:20:26.919 [worker-akka.actor.default-dispatcher-2] INFO  a.r.RemoteActorRefProvider$RemotingTerminator akka://worker@172.31.34.169:5412/system/remoting-terminator - Remote daemon shut down; proceeding with flushing remote transports.
14:20:28.069 [worker-akka.actor.default-dispatcher-2] INFO  a.r.RemoteActorRefProvider$RemotingTerminator akka://worker@172.31.34.169:5412/system/remoting-terminator - Remoting shut down.
Heap
 def new generation   total 153600K, used 138991K [0x00000000e0c00000, 0x00000000eb2a0000, 0x00000000eb2a0000)
  eden space 136576K,  94% used [0x00000000e0c00000, 0x00000000e89d4cf0, 0x00000000e9160000)
  from space 17024K,  59% used [0x00000000ea200000, 0x00000000eabe6fa0, 0x00000000eb2a0000)
  to   space 17024K,   0% used [0x00000000e9160000, 0x00000000e9160000, 0x00000000ea200000)
 tenured generation   total 341376K, used 95668K [0x00000000eb2a0000, 0x0000000100000000, 0x0000000100000000)
   the space 341376K,  28% used [0x00000000eb2a0000, 0x00000000f100d368, 0x00000000f100d400, 0x0000000100000000)
 Metaspace       used 33479K, capacity 34230K, committed 34432K, reserved 1079296K
  class space    used 4457K, capacity 4624K, committed 4736K, reserved 1048576K
