16:49:21,498 |-INFO in ch.qos.logback.classic.LoggerContext[default] - Could NOT find resource [logback-test.xml]
16:49:21,498 |-INFO in ch.qos.logback.classic.LoggerContext[default] - Could NOT find resource [logback.groovy]
16:49:21,498 |-INFO in ch.qos.logback.classic.LoggerContext[default] - Found resource [logback.xml] at [jar:file:/opt/flamestream/lib/flamestream-runtime-1.0-SNAPSHOT.jar!/logback.xml]
16:49:21,498 |-WARN in ch.qos.logback.classic.LoggerContext[default] - Resource [logback.xml] occurs multiple times on the classpath.
16:49:21,498 |-WARN in ch.qos.logback.classic.LoggerContext[default] - Resource [logback.xml] occurs at [jar:file:/opt/flamestream/flamestream-runtime-1.0-SNAPSHOT.jar!/logback.xml]
16:49:21,498 |-WARN in ch.qos.logback.classic.LoggerContext[default] - Resource [logback.xml] occurs at [jar:file:/opt/flamestream/lib/flamestream-runtime-1.0-SNAPSHOT.jar!/logback.xml]
16:49:21,517 |-INFO in ch.qos.logback.core.joran.spi.ConfigurationWatchList@69b794e2 - URL [jar:file:/opt/flamestream/lib/flamestream-runtime-1.0-SNAPSHOT.jar!/logback.xml] is not of type file
16:49:21,602 |-INFO in ch.qos.logback.classic.joran.action.ConfigurationAction - debug attribute not set
16:49:21,602 |-INFO in ch.qos.logback.core.joran.action.AppenderAction - About to instantiate appender of type [ch.qos.logback.core.ConsoleAppender]
16:49:21,611 |-INFO in ch.qos.logback.core.joran.action.AppenderAction - Naming appender as [STDOUT]
16:49:21,619 |-INFO in ch.qos.logback.core.joran.action.NestedComplexPropertyIA - Assuming default type [ch.qos.logback.classic.encoder.PatternLayoutEncoder] for [encoder] property
16:49:21,653 |-INFO in ch.qos.logback.core.joran.action.AppenderAction - About to instantiate appender of type [ch.qos.logback.core.rolling.RollingFileAppender]
16:49:21,661 |-INFO in ch.qos.logback.core.joran.action.AppenderAction - Naming appender as [FILE]
16:49:21,679 |-INFO in c.q.l.core.rolling.TimeBasedRollingPolicy@1059063940 - No compression will be used
16:49:21,680 |-INFO in c.q.l.core.rolling.TimeBasedRollingPolicy@1059063940 - Will use the pattern /tmp/application_%d{yyyy-MM-dd}.%i.log for the active file
16:49:21,683 |-INFO in ch.qos.logback.core.rolling.SizeAndTimeBasedFNATP@4d339552 - The date pattern is 'yyyy-MM-dd' from file name pattern '/tmp/application_%d{yyyy-MM-dd}.%i.log'.
16:49:21,683 |-INFO in ch.qos.logback.core.rolling.SizeAndTimeBasedFNATP@4d339552 - Roll-over at midnight.
16:49:21,689 |-INFO in ch.qos.logback.core.rolling.SizeAndTimeBasedFNATP@4d339552 - Setting initial period to Fri Mar 23 16:46:48 UTC 2018
16:49:21,689 |-WARN in ch.qos.logback.core.rolling.SizeAndTimeBasedFNATP@4d339552 - SizeAndTimeBasedFNATP is deprecated. Use SizeAndTimeBasedRollingPolicy instead
16:49:21,689 |-WARN in ch.qos.logback.core.rolling.SizeAndTimeBasedFNATP@4d339552 - For more information see http://logback.qos.ch/manual/appenders.html#SizeAndTimeBasedRollingPolicy
16:49:21,693 |-INFO in ch.qos.logback.core.joran.action.NestedComplexPropertyIA - Assuming default type [ch.qos.logback.classic.encoder.PatternLayoutEncoder] for [encoder] property
16:49:21,698 |-INFO in ch.qos.logback.core.rolling.RollingFileAppender[FILE] - Active log file name: /tmp/application.log
16:49:21,698 |-INFO in ch.qos.logback.core.rolling.RollingFileAppender[FILE] - File property is set to [/tmp/application.log]
16:49:21,699 |-INFO in ch.qos.logback.classic.joran.action.RootLoggerAction - Setting level of ROOT logger to INFO
16:49:21,699 |-INFO in ch.qos.logback.core.joran.action.AppenderRefAction - Attaching appender named [STDOUT] to Logger[ROOT]
16:49:21,699 |-INFO in ch.qos.logback.core.joran.action.AppenderRefAction - Attaching appender named [FILE] to Logger[ROOT]
16:49:21,699 |-INFO in ch.qos.logback.classic.joran.action.ConfigurationAction - End of configuration.
16:49:21,700 |-INFO in ch.qos.logback.classic.joran.JoranConfigurator@f0f2775 - Registering current configuration as safe fallback point

16:49:21.704 [main] INFO  c.s.f.r.a.WorkerApplication  - Starting worker with id: '10.0.0.57', host: '10.0.0.57:5412', zkString: '10.0.0.70:2181'
16:49:22.557 [worker-akka.actor.default-dispatcher-2] INFO  a.e.s.Slf4jLogger  - Slf4jLogger started
2018-03-23T16:49:22.699+0000: 1.784: [Full GC (Metadata GC Threshold) 2018-03-23T16:49:22.699+0000: 1.784: [Tenured: 0K->15853K(341376K), 0.0393058 secs] 134073K->15853K(494976K), [Metaspace: 20941K->20941K(1067008K)], 0.0393704 secs] [Times: user=0.04 sys=0.00, real=0.04 secs] 
Ama winner
Ama winner
16:49:23.148 [worker-akka.actor.default-dispatcher-2] INFO  a.r.a.ArteryTransport(akka://worker) akka.remote.artery.ArteryTransport(akka://worker) - Started embedded media driver in directory [/dev/shm/aeron-root-worker-866a6df2-96c8-47eb-89f2-8b50cc0ed275]
16:49:23.365 [worker-akka.actor.default-dispatcher-2] INFO  a.r.a.ArteryTransport(akka://worker) akka.remote.artery.ArteryTransport(akka://worker) - Remoting started; listening on address: [akka://worker@10.0.0.57:5412] with UID [6500947302843645802]
16:49:23.456 [worker-akka.actor.default-dispatcher-7] INFO  a.a.RepointableActorRef akka://worker/user/watcher - Starting...
16:49:23.478 [worker-akka.actor.default-dispatcher-2] INFO  o.a.z.ZooKeeper  - Client environment:zookeeper.version=3.4.9-1757313, built on 08/23/2016 06:50 GMT
16:49:23.479 [worker-akka.actor.default-dispatcher-2] INFO  o.a.z.ZooKeeper  - Client environment:host.name=localhost
16:49:23.479 [worker-akka.actor.default-dispatcher-2] INFO  o.a.z.ZooKeeper  - Client environment:java.version=1.8.0_151
16:49:23.479 [worker-akka.actor.default-dispatcher-2] INFO  o.a.z.ZooKeeper  - Client environment:java.vendor=Oracle Corporation
16:49:23.479 [worker-akka.actor.default-dispatcher-2] INFO  o.a.z.ZooKeeper  - Client environment:java.home=/usr/lib/jvm/java-8-openjdk-amd64/jre
16:49:23.479 [worker-akka.actor.default-dispatcher-2] INFO  o.a.z.ZooKeeper  - Client environment:java.class.path=lib/commons-cli-1.4.jar:lib/minlog-1.3.0.jar:lib/asm-5.0.4.jar:lib/hadoop-annotations-2.7.3.jar:lib/hadoop-auth-2.7.3.jar:lib/akka-slf4j_2.11-2.5.6.jar:lib/jersey-core-1.9.jar:lib/lz4-1.3.0.jar:lib/jackson-core-asl-1.9.13.jar:lib/aeron-client-1.3.0.jar:lib/htrace-core-3.1.0-incubating.jar:lib/xz-1.0.jar:lib/commons-httpclient-3.1.jar:lib/asm-3.1.jar:lib/commons-lang3-3.4.jar:lib/scala-library-2.11.11.jar:lib/scala-java8-compat_2.11-0.7.0.jar:lib/commons-configuration-1.6.jar:lib/objenesis-2.1.jar:lib/jackson-annotations-2.8.0.jar:lib/jsr305-3.0.0.jar:lib/curator-framework-2.7.1.jar:lib/jersey-server-1.9.jar:lib/jets3t-0.9.0.jar:lib/leveldb-0.7.jar:lib/jetty-6.1.26.jar:lib/stax-api-1.0-2.jar:lib/flamestream-core-1.0-SNAPSHOT.jar:lib/reflectasm-1.07-shaded.jar:lib/apacheds-kerberos-codec-2.0.0-M15.jar:lib/api-asn1-api-1.0.0-M20.jar:lib/commons-lang-2.6.jar:lib/commons-beanutils-1.7.0.jar:lib/jackson-xc-1.8.3.jar:lib/jetty-util-6.1.26.jar:lib/logback-classic-1.2.3.jar:lib/jool-0.9.12.jar:lib/httpcore-4.1.2.jar:lib/kryo-4.0.0.jar:lib/ant-1.8.1.jar:lib/jaxb-impl-2.2.3-1.jar:lib/jersey-json-1.9.jar:lib/commons-compress-1.4.1.jar:lib/leveldbjni-all-1.8.jar:lib/paranamer-2.3.jar:lib/jackson-core-2.8.4.jar:lib/commons-math3-3.6.1.jar:lib/scala-parser-combinators_2.11-1.0.4.jar:lib/netty-3.10.6.Final.jar:lib/trove4j-3.0.3.jar:lib/jaxb-api-2.2.2.jar:lib/logback-core-1.2.3.jar:lib/snappy-java-1.0.4.1.jar:lib/protobuf-java-2.5.0.jar:lib/reactive-streams-1.0.1.jar:lib/flamestream-examples-1.0-SNAPSHOT.jar:lib/commons-codec-1.4.jar:lib/activation-1.1.jar:lib/commons-net-3.1.jar:lib/curator-recipes-2.7.1.jar:lib/jackson-mapper-asl-1.9.13.jar:lib/jackson-databind-2.8.4.jar:lib/flamestream-runtime-1.0-SNAPSHOT.jar:lib/jackson-jaxrs-1.8.3.jar:lib/slf4j-api-1.7.24.jar:lib/akka-remote_2.11-2.5.6.jar:lib/akka-testkit_2.11-2.5.6.jar:lib/jline-0.9.94.jar:lib/jedis-2.9.0.jar:lib/akka-stream_2.11-2.5.6.jar:lib/jsp-api-2.1.jar:lib/kryonet-2.21.jar:lib/akka-kryo-serialization_2.11-0.5.0.jar:lib/config-1.3.1.jar:lib/ant-launcher-1.8.1.jar:lib/commons-logging-1.2.jar:lib/ssl-config-core_2.11-0.2.2.jar:lib/testng-6.10.jar:lib/leveldb-api-0.7.jar:lib/reflectasm-1.11.3.jar:lib/jcommander-1.48.jar:lib/commons-1.1.jar:lib/commons-digester-1.8.jar:lib/minlog-1.2.jar:lib/java-xmlbuilder-0.4.jar:lib/jettison-1.1.jar:lib/gson-2.2.4.jar:lib/jdk.tools-1.8.jar:lib/aeron-driver-1.3.0.jar:lib/zookeeper-3.4.9.jar:lib/commons-beanutils-core-1.8.0.jar:lib/commons-math3-3.1.1.jar:lib/akka-actor_2.11-2.5.6.jar:lib/curator-client-2.7.1.jar:lib/servlet-api-2.5.jar:lib/commons-pool2-2.4.2.jar:lib/apacheds-i18n-2.0.0-M15.jar:lib/commons-io-2.4.jar:lib/commons-codec-1.6.jar:lib/akka-protobuf_2.11-2.5.6.jar:lib/jdom-2.0.2.jar:lib/rocksdbjni-5.5.1.jar:lib/api-util-1.0.0-M20.jar:lib/hadoop-common-2.7.3.jar:lib/agrona-0.9.6.jar:lib/xmlenc-0.52.jar:lib/guava-21.0.jar:lib/commons-collections-3.2.2.jar:lib/avro-1.7.4.jar:lib/httpclient-4.1.2.jar:lib/flamestream-core-1.0-SNAPSHOT-tests.jar:lib/annotations-12.0.jar:lib/jsch-0.1.42.jar:flamestream-runtime-1.0-SNAPSHOT.jar
16:49:23.479 [worker-akka.actor.default-dispatcher-2] INFO  o.a.z.ZooKeeper  - Client environment:java.library.path=/usr/java/packages/lib/amd64:/usr/lib/x86_64-linux-gnu/jni:/lib/x86_64-linux-gnu:/usr/lib/x86_64-linux-gnu:/usr/lib/jni:/lib:/usr/lib
16:49:23.479 [worker-akka.actor.default-dispatcher-2] INFO  o.a.z.ZooKeeper  - Client environment:java.io.tmpdir=/tmp
16:49:23.480 [worker-akka.actor.default-dispatcher-2] INFO  o.a.z.ZooKeeper  - Client environment:java.compiler=<NA>
16:49:23.480 [worker-akka.actor.default-dispatcher-2] INFO  o.a.z.ZooKeeper  - Client environment:os.name=Linux
16:49:23.480 [worker-akka.actor.default-dispatcher-2] INFO  o.a.z.ZooKeeper  - Client environment:os.arch=amd64
16:49:23.482 [worker-akka.actor.default-dispatcher-2] INFO  o.a.z.ZooKeeper  - Client environment:os.version=4.4.0-1049-aws
16:49:23.483 [worker-akka.actor.default-dispatcher-2] INFO  o.a.z.ZooKeeper  - Client environment:user.name=root
16:49:23.483 [worker-akka.actor.default-dispatcher-2] INFO  o.a.z.ZooKeeper  - Client environment:user.home=/root
16:49:23.483 [worker-akka.actor.default-dispatcher-2] INFO  o.a.z.ZooKeeper  - Client environment:user.dir=/opt/flamestream
16:49:23.487 [worker-akka.actor.default-dispatcher-2] INFO  o.a.z.ZooKeeper  - Initiating client connection, connectString=10.0.0.70:2181 sessionTimeout=5000 watcher=com.spbsu.flamestream.runtime.application.LifecycleWatcher$$Lambda$29/887606636@50f375b0
16:49:23.523 [worker-akka.actor.default-dispatcher-7] INFO  a.a.RepointableActorRef akka://worker/user/watcher - Initializing rocksDB backend
16:49:23.523 [worker-akka.actor.default-dispatcher-2-SendThread(10.0.0.70:2181)] INFO  o.a.z.ClientCnxn  - Opening socket connection to server 10.0.0.70/10.0.0.70:2181. Will not attempt to authenticate using SASL (unknown error)
16:49:23.532 [worker-akka.actor.default-dispatcher-2-SendThread(10.0.0.70:2181)] INFO  o.a.z.ClientCnxn  - Socket connection established to 10.0.0.70/10.0.0.70:2181, initiating session
16:49:23.548 [worker-akka.actor.default-dispatcher-2-SendThread(10.0.0.70:2181)] INFO  o.a.z.ClientCnxn  - Session establishment complete on server 10.0.0.70/10.0.0.70:2181, sessionid = 0x16253c2d3b80006, negotiated timeout = 6000
16:49:23.716 [worker-akka.actor.default-dispatcher-7] INFO  a.a.RepointableActorRef akka://worker/user/watcher - Connected to ZK
16:49:32.089 [worker-akka.actor.default-dispatcher-7] INFO  a.a.RepointableActorRef akka://worker/user/watcher - Creating node with watchGraphs: 'com.spbsu.flamestream.core.Graph$Builder$MyGraph@4026c064', config: 'ClusterConfig{paths={10.0.0.239=akka://worker@10.0.0.239:5412/user/watcher/graph, 10.0.0.205=akka://worker@10.0.0.205:5412/user/watcher/graph, 10.0.0.139=akka://worker@10.0.0.139:5412/user/watcher/graph, 10.0.0.218=akka://worker@10.0.0.218:5412/user/watcher/graph, 10.0.0.225=akka://worker@10.0.0.225:5412/user/watcher/graph, 10.0.0.15=akka://worker@10.0.0.15:5412/user/watcher/graph, 10.0.0.37=akka://worker@10.0.0.37:5412/user/watcher/graph, 10.0.0.57=akka://worker@10.0.0.57:5412/user/watcher/graph, 10.0.0.155=akka://worker@10.0.0.155:5412/user/watcher/graph, 10.0.0.188=akka://worker@10.0.0.188:5412/user/watcher/graph}, ackerLocation='10.0.0.188', props=ComputationLayout{hashGroups={10.0.0.239=com.spbsu.flamestream.runtime.config.HashGroup@1ffe1b9d, 10.0.0.205=com.spbsu.flamestream.runtime.config.HashGroup@5d5c21bc, 10.0.0.139=com.spbsu.flamestream.runtime.config.HashGroup@56dcaf5d, 10.0.0.218=com.spbsu.flamestream.runtime.config.HashGroup@c65a7748, 10.0.0.225=com.spbsu.flamestream.runtime.config.HashGroup@231425fe, 10.0.0.15=com.spbsu.flamestream.runtime.config.HashGroup@fbc82752, 10.0.0.37=com.spbsu.flamestream.runtime.config.HashGroup@ccbcd570, 10.0.0.57=com.spbsu.flamestream.runtime.config.HashGroup@4276a447, 10.0.0.155=com.spbsu.flamestream.runtime.config.HashGroup@3fc198ed, 10.0.0.188=com.spbsu.flamestream.runtime.config.HashGroup@c01f}}}'
16:49:32.816 [worker-akka.actor.default-dispatcher-2] INFO  a.a.LocalActorRef akka://worker/user/watcher/graph/graph - Starting...
16:49:32.824 [worker-akka.actor.default-dispatcher-3] INFO  a.a.LocalActorRef akka://worker/user/watcher/graph/graph/local-acker/$a - Starting...
16:49:32.834 [worker-akka.actor.default-dispatcher-6] INFO  a.a.LocalActorRef akka://worker/user/watcher/graph/graph/local-acker - Starting...
16:49:34.180 [worker-akka.actor.default-dispatcher-2] INFO  a.a.LocalActorRef akka://worker/user/watcher/graph/graph - Finishing constructor
16:49:34.182 [worker-akka.actor.default-dispatcher-2] INFO  a.a.LocalActorRef akka://worker/user/watcher/graph/negotiator - Starting...
16:49:34.188 [worker-akka.actor.default-dispatcher-3] INFO  a.a.LocalActorRef akka://worker/user/watcher/graph/edge - Starting...
16:49:34.189 [worker-akka.actor.default-dispatcher-2] INFO  a.a.LocalActorRef akka://worker/user/watcher/graph - Starting...
16:49:34.218 [worker-akka.actor.default-dispatcher-2] INFO  a.a.LocalActorRef akka://worker/user/watcher/graph/negotiator - Requesting ticket for the frontClass FlameSocketGraphDeployerFront@10.0.0.57
16:49:34.237 [worker-akka.actor.default-dispatcher-4] INFO  a.a.LocalActorRef akka://worker/user/watcher/graph/graph - Received last commit 'LastCommit{globalTime=(0000000, min@min)}'
16:49:34.249 [worker-akka.actor.default-dispatcher-3] INFO  c.s.f.r.e.s.SocketRear  - FlameSocketGraphDeployerRear@10.0.0.57: connecting to 10.0.0.70:5678
16:49:34.261 [worker-akka.actor.default-dispatcher-11] INFO  a.a.LocalActorRef akka://worker/user/watcher/graph/edge/FlameSocketGraphDeployerFront - Starting...
16:49:34.265 [worker-akka.actor.default-dispatcher-3] INFO  c.s.f.r.e.s.SocketRear  - FlameSocketGraphDeployerRear@10.0.0.57: connected to 10.0.0.70:5678
16:49:34.266 [worker-akka.actor.default-dispatcher-3] INFO  a.a.LocalActorRef akka://worker/user/watcher/graph/edge/FlameSocketGraphDeployerRear - Starting...
16:49:34.307 [worker-akka.actor.default-dispatcher-5] INFO  a.a.LocalActorRef akka://worker/user/watcher/graph/graph/$a - Starting...
16:49:34.310 [worker-akka.actor.default-dispatcher-5] INFO  a.a.LocalActorRef akka://worker/user/watcher/graph/graph/$b - Starting...
16:49:34.320 [worker-akka.actor.default-dispatcher-5] INFO  a.a.LocalActorRef akka://worker/user/watcher/graph/graph/$c - Starting...
16:49:34.347 [worker-akka.actor.default-dispatcher-5] INFO  a.a.LocalActorRef akka://worker/user/watcher/graph/graph/$c - Attached rear to graph (-9223372036854775808, min@min)
16:49:34.519 [worker-akka.actor.default-dispatcher-5] INFO  a.a.LocalActorRef akka://worker/user/watcher/graph/negotiator - Ticket for the frontClass received: FrontTicket{allowedTimestamp=(0000000, FlameSocketGraphDeployerFront@10.0.0.57)}
16:49:34.523 [worker-akka.actor.default-dispatcher-5] INFO  c.s.f.r.e.s.SocketFront  - FlameSocketGraphDeployerFront@10.0.0.57: connecting to 10.0.0.70:4567
16:49:34.549 [Client] INFO  c.s.f.r.e.s.SocketFront  - FlameSocketGraphDeployerFront@10.0.0.57 has been disconnected from Connection 7
2018-03-23T16:49:38.806+0000: 17.892: [GC (Allocation Failure) 2018-03-23T16:49:38.806+0000: 17.892: [DefNew: 136576K->16405K(153600K), 0.0262307 secs] 152429K->51789K(494976K), 0.0262958 secs] [Times: user=0.02 sys=0.00, real=0.03 secs] 
2018-03-23T16:49:43.280+0000: 22.365: [GC (Allocation Failure) 2018-03-23T16:49:43.280+0000: 22.365: [DefNew: 152981K->4784K(153600K), 0.0192472 secs] 188365K->48466K(494976K), 0.0193119 secs] [Times: user=0.02 sys=0.00, real=0.02 secs] 
2018-03-23T16:49:48.045+0000: 27.131: [GC (Allocation Failure) 2018-03-23T16:49:48.045+0000: 27.131: [DefNew: 140806K->5819K(153600K), 0.0153956 secs] 184488K->49501K(494976K), 0.0154650 secs] [Times: user=0.02 sys=0.00, real=0.02 secs] 
2018-03-23T16:49:52.058+0000: 31.144: [GC (Allocation Failure) 2018-03-23T16:49:52.058+0000: 31.144: [DefNew: 142004K->6592K(153600K), 0.0193022 secs] 185686K->50274K(494976K), 0.0193683 secs] [Times: user=0.02 sys=0.00, real=0.02 secs] 
2018-03-23T16:49:56.251+0000: 35.337: [GC (Allocation Failure) 2018-03-23T16:49:56.251+0000: 35.337: [DefNew: 143168K->9334K(153600K), 0.0104116 secs] 186850K->53016K(494976K), 0.0104796 secs] [Times: user=0.02 sys=0.00, real=0.01 secs] 
2018-03-23T16:49:59.814+0000: 38.900: [GC (Allocation Failure) 2018-03-23T16:49:59.814+0000: 38.900: [DefNew: 144671K->8305K(153600K), 0.0114739 secs] 188353K->53331K(494976K), 0.0115404 secs] [Times: user=0.01 sys=0.00, real=0.01 secs] 
2018-03-23T16:50:02.928+0000: 42.014: [GC (Allocation Failure) 2018-03-23T16:50:02.928+0000: 42.014: [DefNew: 144881K->9114K(153600K), 0.0106313 secs] 189907K->54140K(494976K), 0.0107018 secs] [Times: user=0.01 sys=0.00, real=0.02 secs] 
2018-03-23T16:50:06.285+0000: 45.371: [GC (Allocation Failure) 2018-03-23T16:50:06.285+0000: 45.371: [DefNew: 144972K->8835K(153600K), 0.0115942 secs] 189998K->54615K(494976K), 0.0116776 secs] [Times: user=0.00 sys=0.01, real=0.02 secs] 
2018-03-23T16:50:09.743+0000: 48.828: [GC (Allocation Failure) 2018-03-23T16:50:09.743+0000: 48.828: [DefNew: 144181K->8814K(153600K), 0.0101018 secs] 189961K->55106K(494976K), 0.0101691 secs] [Times: user=0.01 sys=0.00, real=0.01 secs] 
2018-03-23T16:50:12.847+0000: 51.933: [GC (Allocation Failure) 2018-03-23T16:50:12.847+0000: 51.933: [DefNew: 145390K->5925K(153600K), 0.0159434 secs] 191682K->56857K(494976K), 0.0160124 secs] [Times: user=0.01 sys=0.01, real=0.02 secs] 
2018-03-23T16:50:16.027+0000: 55.113: [GC (Allocation Failure) 2018-03-23T16:50:16.027+0000: 55.113: [DefNew: 142501K->6041K(153600K), 0.0185163 secs] 193433K->56973K(494976K), 0.0185850 secs] [Times: user=0.02 sys=0.00, real=0.02 secs] 
2018-03-23T16:50:19.090+0000: 58.176: [GC (Allocation Failure) 2018-03-23T16:50:19.090+0000: 58.176: [DefNew: 140827K->5739K(153600K), 0.0170320 secs] 191759K->56670K(494976K), 0.0170933 secs] [Times: user=0.01 sys=0.00, real=0.01 secs] 
2018-03-23T16:50:21.850+0000: 60.936: [GC (Allocation Failure) 2018-03-23T16:50:21.850+0000: 60.936: [DefNew: 142315K->14433K(153600K), 0.0122399 secs] 193246K->65365K(494976K), 0.0123074 secs] [Times: user=0.01 sys=0.00, real=0.01 secs] 
2018-03-23T16:50:25.009+0000: 64.094: [GC (Allocation Failure) 2018-03-23T16:50:25.009+0000: 64.094: [DefNew: 151009K->2250K(153600K), 0.0271115 secs] 201941K->66071K(494976K), 0.0271938 secs] [Times: user=0.02 sys=0.01, real=0.03 secs] 
2018-03-23T16:50:27.587+0000: 66.673: [GC (Allocation Failure) 2018-03-23T16:50:27.587+0000: 66.673: [DefNew: 138725K->3529K(153600K), 0.0146933 secs] 202547K->67350K(494976K), 0.0147517 secs] [Times: user=0.00 sys=0.01, real=0.02 secs] 
2018-03-23T16:50:30.233+0000: 69.319: [GC (Allocation Failure) 2018-03-23T16:50:30.233+0000: 69.319: [DefNew: 140105K->5384K(153600K), 0.0198624 secs] 203926K->69206K(494976K), 0.0199314 secs] [Times: user=0.02 sys=0.00, real=0.02 secs] 
2018-03-23T16:50:32.895+0000: 71.980: [GC (Allocation Failure) 2018-03-23T16:50:32.895+0000: 71.980: [DefNew: 141960K->4958K(153600K), 0.0139827 secs] 205782K->68779K(494976K), 0.0140397 secs] [Times: user=0.02 sys=0.00, real=0.01 secs] 
2018-03-23T16:50:35.813+0000: 74.898: [GC (Allocation Failure) 2018-03-23T16:50:35.813+0000: 74.898: [DefNew: 141534K->6482K(153600K), 0.0177953 secs] 205355K->70303K(494976K), 0.0178733 secs] [Times: user=0.02 sys=0.00, real=0.02 secs] 
2018-03-23T16:50:38.193+0000: 77.279: [GC (Allocation Failure) 2018-03-23T16:50:38.193+0000: 77.279: [DefNew: 141122K->5816K(153600K), 0.0200116 secs] 204943K->69637K(494976K), 0.0200863 secs] [Times: user=0.02 sys=0.00, real=0.02 secs] 
2018-03-23T16:50:40.799+0000: 79.885: [GC (Allocation Failure) 2018-03-23T16:50:40.799+0000: 79.885: [DefNew: 142392K->6322K(153600K), 0.0106876 secs] 206213K->70143K(494976K), 0.0107514 secs] [Times: user=0.01 sys=0.00, real=0.01 secs] 
2018-03-23T16:50:43.379+0000: 82.464: [GC (Allocation Failure) 2018-03-23T16:50:43.379+0000: 82.464: [DefNew: 140449K->6626K(153600K), 0.0096173 secs] 204270K->70447K(494976K), 0.0096787 secs] [Times: user=0.01 sys=0.00, real=0.00 secs] 
2018-03-23T16:50:45.832+0000: 84.918: [GC (Allocation Failure) 2018-03-23T16:50:45.832+0000: 84.918: [DefNew: 143202K->8178K(153600K), 0.0127144 secs] 207023K->72000K(494976K), 0.0127786 secs] [Times: user=0.02 sys=0.00, real=0.01 secs] 
2018-03-23T16:50:48.467+0000: 87.552: [GC (Allocation Failure) 2018-03-23T16:50:48.467+0000: 87.552: [DefNew: 144754K->7935K(153600K), 0.0120481 secs] 208576K->71756K(494976K), 0.0121166 secs] [Times: user=0.01 sys=0.00, real=0.02 secs] 
2018-03-23T16:50:50.872+0000: 89.958: [GC (Allocation Failure) 2018-03-23T16:50:50.872+0000: 89.958: [DefNew: 144511K->8328K(153600K), 0.0123051 secs] 208332K->72150K(494976K), 0.0123784 secs] [Times: user=0.01 sys=0.00, real=0.01 secs] 
2018-03-23T16:50:53.802+0000: 92.887: [GC (Allocation Failure) 2018-03-23T16:50:53.802+0000: 92.887: [DefNew: 144874K->8279K(153600K), 0.0121519 secs] 208695K->72100K(494976K), 0.0122202 secs] [Times: user=0.01 sys=0.00, real=0.01 secs] 
2018-03-23T16:50:56.209+0000: 95.295: [GC (Allocation Failure) 2018-03-23T16:50:56.209+0000: 95.295: [DefNew: 141974K->8745K(153600K), 0.0128568 secs] 205795K->72566K(494976K), 0.0129255 secs] [Times: user=0.01 sys=0.00, real=0.01 secs] 
2018-03-23T16:50:58.627+0000: 97.712: [GC (Allocation Failure) 2018-03-23T16:50:58.627+0000: 97.712: [DefNew: 142207K->8494K(153600K), 0.0124605 secs] 206028K->72813K(494976K), 0.0125262 secs] [Times: user=0.01 sys=0.00, real=0.02 secs] 
2018-03-23T16:51:01.071+0000: 100.157: [GC (Allocation Failure) 2018-03-23T16:51:01.071+0000: 100.157: [DefNew: 142105K->8623K(153600K), 0.0118886 secs] 206425K->72943K(494976K), 0.0119567 secs] [Times: user=0.01 sys=0.00, real=0.01 secs] 
2018-03-23T16:51:03.754+0000: 102.839: [GC (Allocation Failure) 2018-03-23T16:51:03.754+0000: 102.839: [DefNew: 145124K->9297K(153600K), 0.0165143 secs] 209443K->74485K(494976K), 0.0165930 secs] [Times: user=0.01 sys=0.01, real=0.02 secs] 
2018-03-23T16:51:06.165+0000: 105.251: [GC (Allocation Failure) 2018-03-23T16:51:06.165+0000: 105.251: [DefNew: 145873K->8433K(153600K), 0.0298391 secs] 211061K->74566K(494976K), 0.0299117 secs] [Times: user=0.03 sys=0.00, real=0.03 secs] 
2018-03-23T16:51:08.710+0000: 107.796: [GC (Allocation Failure) 2018-03-23T16:51:08.711+0000: 107.796: [DefNew: 145009K->7691K(153600K), 0.0112472 secs] 211142K->73823K(494976K), 0.0113185 secs] [Times: user=0.01 sys=0.00, real=0.01 secs] 
2018-03-23T16:51:11.401+0000: 110.486: [GC (Allocation Failure) 2018-03-23T16:51:11.401+0000: 110.486: [DefNew: 143565K->7754K(153600K), 0.0111728 secs] 209697K->73887K(494976K), 0.0112585 secs] [Times: user=0.00 sys=0.01, real=0.01 secs] 
2018-03-23T16:51:13.702+0000: 112.787: [GC (Allocation Failure) 2018-03-23T16:51:13.702+0000: 112.787: [DefNew: 141469K->7942K(153600K), 0.0120134 secs] 207601K->74410K(494976K), 0.0120956 secs] [Times: user=0.01 sys=0.00, real=0.01 secs] 
2018-03-23T16:51:16.226+0000: 115.312: [GC (Allocation Failure) 2018-03-23T16:51:16.226+0000: 115.312: [DefNew: 144518K->8926K(153600K), 0.0135261 secs] 210986K->75644K(494976K), 0.0135928 secs] [Times: user=0.01 sys=0.00, real=0.02 secs] 
2018-03-23T16:51:18.762+0000: 117.847: [GC (Allocation Failure) 2018-03-23T16:51:18.762+0000: 117.847: [DefNew: 145502K->7726K(153600K), 0.0126961 secs] 212220K->75113K(494976K), 0.0127752 secs] [Times: user=0.01 sys=0.00, real=0.01 secs] 
2018-03-23T16:51:21.014+0000: 120.100: [GC (Allocation Failure) 2018-03-23T16:51:21.014+0000: 120.100: [DefNew: 143303K->8182K(153600K), 0.0247174 secs] 210691K->75569K(494976K), 0.0247844 secs] [Times: user=0.03 sys=0.00, real=0.03 secs] 
2018-03-23T16:51:23.364+0000: 122.450: [GC (Allocation Failure) 2018-03-23T16:51:23.364+0000: 122.450: [DefNew: 141670K->8244K(153600K), 0.0223750 secs] 209057K->76006K(494976K), 0.0224426 secs] [Times: user=0.02 sys=0.00, real=0.02 secs] 
2018-03-23T16:51:25.569+0000: 124.655: [GC (Allocation Failure) 2018-03-23T16:51:25.569+0000: 124.655: [DefNew: 141854K->17024K(153600K), 0.0576705 secs] 209616K->92708K(494976K), 0.0577478 secs] [Times: user=0.04 sys=0.02, real=0.05 secs] 
2018-03-23T16:51:28.101+0000: 127.186: [GC (Allocation Failure) 2018-03-23T16:51:28.101+0000: 127.186: [DefNew: 153600K->2603K(153600K), 0.0423714 secs] 229284K->95211K(494976K), 0.0424371 secs] [Times: user=0.03 sys=0.01, real=0.04 secs] 
2018-03-23T16:51:30.770+0000: 129.856: [GC (Allocation Failure) 2018-03-23T16:51:30.771+0000: 129.856: [DefNew: 139179K->4785K(153600K), 0.0173080 secs] 231787K->97392K(494976K), 0.0173753 secs] [Times: user=0.01 sys=0.00, real=0.01 secs] 
2018-03-23T16:51:33.224+0000: 132.309: [GC (Allocation Failure) 2018-03-23T16:51:33.224+0000: 132.309: [DefNew: 141361K->4832K(153600K), 0.0166034 secs] 233968K->97440K(494976K), 0.0166806 secs] [Times: user=0.01 sys=0.00, real=0.02 secs] 
2018-03-23T16:51:35.699+0000: 134.784: [GC (Allocation Failure) 2018-03-23T16:51:35.699+0000: 134.784: [DefNew: 139709K->4481K(153600K), 0.0122848 secs] 232316K->97088K(494976K), 0.0123636 secs] [Times: user=0.01 sys=0.00, real=0.01 secs] 
2018-03-23T16:51:38.133+0000: 137.219: [GC (Allocation Failure) 2018-03-23T16:51:38.133+0000: 137.219: [DefNew: 140174K->4942K(153600K), 0.0133828 secs] 232781K->97549K(494976K), 0.0134532 secs] [Times: user=0.01 sys=0.00, real=0.01 secs] 
2018-03-23T16:51:40.415+0000: 139.501: [GC (Allocation Failure) 2018-03-23T16:51:40.415+0000: 139.501: [DefNew: 138340K->5321K(153600K), 0.0088931 secs] 230948K->97928K(494976K), 0.0089756 secs] [Times: user=0.01 sys=0.00, real=0.01 secs] 
2018-03-23T16:51:42.771+0000: 141.856: [GC (Allocation Failure) 2018-03-23T16:51:42.771+0000: 141.856: [DefNew: 137556K->5768K(153600K), 0.0093072 secs] 230164K->98375K(494976K), 0.0093949 secs] [Times: user=0.01 sys=0.00, real=0.01 secs] 
2018-03-23T16:51:45.119+0000: 144.205: [GC (Allocation Failure) 2018-03-23T16:51:45.119+0000: 144.205: [DefNew: 142344K->6027K(153600K), 0.0092729 secs] 234951K->98634K(494976K), 0.0093494 secs] [Times: user=0.01 sys=0.00, real=0.01 secs] 
2018-03-23T16:51:47.378+0000: 146.463: [GC (Allocation Failure) 2018-03-23T16:51:47.378+0000: 146.463: [DefNew: 138449K->6103K(153600K), 0.0094123 secs] 231056K->98710K(494976K), 0.0094808 secs] [Times: user=0.00 sys=0.00, real=0.00 secs] 
2018-03-23T16:51:49.635+0000: 148.720: [GC (Allocation Failure) 2018-03-23T16:51:49.635+0000: 148.720: [DefNew: 139664K->6335K(153600K), 0.0095933 secs] 232271K->98942K(494976K), 0.0096616 secs] [Times: user=0.01 sys=0.00, real=0.01 secs] 
2018-03-23T16:51:51.948+0000: 151.034: [GC (Allocation Failure) 2018-03-23T16:51:51.948+0000: 151.034: [DefNew: 142459K->6779K(153600K), 0.0105797 secs] 235067K->99387K(494976K), 0.0106301 secs] [Times: user=0.01 sys=0.00, real=0.02 secs] 
2018-03-23T16:51:54.253+0000: 153.339: [GC (Allocation Failure) 2018-03-23T16:51:54.253+0000: 153.339: [DefNew: 139654K->7399K(153600K), 0.0256360 secs] 232261K->100006K(494976K), 0.0257058 secs] [Times: user=0.02 sys=0.00, real=0.03 secs] 
2018-03-23T16:51:56.867+0000: 155.953: [GC (Allocation Failure) 2018-03-23T16:51:56.867+0000: 155.953: [DefNew: 139336K->7621K(153600K), 0.0106750 secs] 231943K->100228K(494976K), 0.0107441 secs] [Times: user=0.02 sys=0.00, real=0.02 secs] 
2018-03-23T16:51:59.020+0000: 158.106: [GC (Allocation Failure) 2018-03-23T16:51:59.020+0000: 158.106: [DefNew: 144197K->9886K(153600K), 0.0404425 secs] 236804K->102493K(494976K), 0.0405100 secs] [Times: user=0.04 sys=0.00, real=0.04 secs] 
2018-03-23T16:52:01.277+0000: 160.363: [GC (Allocation Failure) 2018-03-23T16:52:01.277+0000: 160.363: [DefNew: 142309K->6921K(153600K), 0.0216383 secs] 234916K->100953K(494976K), 0.0217090 secs] [Times: user=0.02 sys=0.01, real=0.02 secs] 
2018-03-23T16:52:03.540+0000: 162.625: [GC (Allocation Failure) 2018-03-23T16:52:03.540+0000: 162.625: [DefNew: 143497K->7688K(153600K), 0.0232750 secs] 237529K->101721K(494976K), 0.0233515 secs] [Times: user=0.01 sys=0.00, real=0.02 secs] 
2018-03-23T16:52:06.079+0000: 165.164: [GC (Allocation Failure) 2018-03-23T16:52:06.079+0000: 165.164: [DefNew: 140105K->7318K(153600K), 0.0107547 secs] 234138K->101351K(494976K), 0.0108313 secs] [Times: user=0.01 sys=0.00, real=0.01 secs] 
2018-03-23T16:52:08.308+0000: 167.394: [GC (Allocation Failure) 2018-03-23T16:52:08.308+0000: 167.394: [DefNew: 143894K->8912K(153600K), 0.0205134 secs] 237927K->102945K(494976K), 0.0205857 secs] [Times: user=0.02 sys=0.00, real=0.02 secs] 
2018-03-23T16:52:10.484+0000: 169.569: [GC (Allocation Failure) 2018-03-23T16:52:10.484+0000: 169.569: [DefNew: 142370K->7076K(153600K), 0.0111547 secs] 236403K->101642K(494976K), 0.0112321 secs] [Times: user=0.01 sys=0.00, real=0.01 secs] 
2018-03-23T16:52:12.854+0000: 171.939: [GC (Allocation Failure) 2018-03-23T16:52:12.854+0000: 171.939: [DefNew: 142980K->7515K(153600K), 0.0121639 secs] 237546K->102081K(494976K), 0.0122467 secs] [Times: user=0.01 sys=0.00, real=0.01 secs] 
2018-03-23T16:52:15.214+0000: 174.299: [GC (Allocation Failure) 2018-03-23T16:52:15.214+0000: 174.299: [DefNew: 144091K->9659K(153600K), 0.0144918 secs] 238657K->104225K(494976K), 0.0145632 secs] [Times: user=0.01 sys=0.00, real=0.01 secs] 
2018-03-23T16:52:17.304+0000: 176.390: [GC (Allocation Failure) 2018-03-23T16:52:17.304+0000: 176.390: [DefNew: 143046K->6942K(153600K), 0.0126738 secs] 237613K->102726K(494976K), 0.0127493 secs] [Times: user=0.01 sys=0.00, real=0.01 secs] 
2018-03-23T16:52:19.428+0000: 178.514: [GC (Allocation Failure) 2018-03-23T16:52:19.428+0000: 178.514: [DefNew: 143518K->8672K(153600K), 0.0132869 secs] 239302K->104455K(494976K), 0.0133545 secs] [Times: user=0.02 sys=0.00, real=0.02 secs] 
2018-03-23T16:52:21.719+0000: 180.805: [GC (Allocation Failure) 2018-03-23T16:52:21.719+0000: 180.805: [DefNew: 141374K->7316K(153600K), 0.0111739 secs] 237157K->103546K(494976K), 0.0112488 secs] [Times: user=0.01 sys=0.00, real=0.01 secs] 
2018-03-23T16:52:24.071+0000: 183.157: [GC (Allocation Failure) 2018-03-23T16:52:24.072+0000: 183.157: [DefNew: 143892K->7769K(153600K), 0.0109056 secs] 240122K->103999K(494976K), 0.0109776 secs] [Times: user=0.01 sys=0.00, real=0.01 secs] 
2018-03-23T16:52:26.426+0000: 185.512: [GC (Allocation Failure) 2018-03-23T16:52:26.426+0000: 185.512: [DefNew: 143783K->8067K(153600K), 0.0111065 secs] 240013K->104297K(494976K), 0.0111786 secs] [Times: user=0.02 sys=0.00, real=0.02 secs] 
2018-03-23T16:52:28.679+0000: 187.764: [GC (Allocation Failure) 2018-03-23T16:52:28.679+0000: 187.764: [DefNew: 139496K->8434K(153600K), 0.0118963 secs] 235726K->104664K(494976K), 0.0119738 secs] [Times: user=0.01 sys=0.00, real=0.01 secs] 
2018-03-23T16:52:31.199+0000: 190.284: [GC (Allocation Failure) 2018-03-23T16:52:31.199+0000: 190.285: [DefNew: 145010K->10137K(153600K), 0.0147207 secs] 241240K->106570K(494976K), 0.0147934 secs] [Times: user=0.01 sys=0.00, real=0.01 secs] 
2018-03-23T16:52:33.567+0000: 192.653: [GC (Allocation Failure) 2018-03-23T16:52:33.568+0000: 192.653: [DefNew: 146713K->8461K(153600K), 0.0279775 secs] 243146K->106613K(494976K), 0.0280534 secs] [Times: user=0.03 sys=0.00, real=0.03 secs] 
2018-03-23T16:52:35.863+0000: 194.948: [GC (Allocation Failure) 2018-03-23T16:52:35.863+0000: 194.948: [DefNew: 145037K->8269K(153600K), 0.0199412 secs] 243189K->106421K(494976K), 0.0200168 secs] [Times: user=0.02 sys=0.00, real=0.02 secs] 
2018-03-23T16:52:38.081+0000: 197.167: [GC (Allocation Failure) 2018-03-23T16:52:38.081+0000: 197.167: [DefNew: 144845K->9167K(153600K), 0.0263784 secs] 242997K->107319K(494976K), 0.0264571 secs] [Times: user=0.03 sys=0.00, real=0.02 secs] 
2018-03-23T16:52:40.412+0000: 199.497: [GC (Allocation Failure) 2018-03-23T16:52:40.412+0000: 199.497: [DefNew: 145380K->7058K(153600K), 0.0180479 secs] 243532K->106011K(494976K), 0.0181308 secs] [Times: user=0.02 sys=0.00, real=0.02 secs] 
2018-03-23T16:52:42.719+0000: 201.805: [GC (Allocation Failure) 2018-03-23T16:52:42.719+0000: 201.805: [DefNew: 143634K->7822K(153600K), 0.0193506 secs] 242587K->106774K(494976K), 0.0194256 secs] [Times: user=0.02 sys=0.00, real=0.02 secs] 
2018-03-23T16:52:45.048+0000: 204.134: [GC (Allocation Failure) 2018-03-23T16:52:45.048+0000: 204.134: [DefNew: 140360K->7967K(153600K), 0.0197185 secs] 239312K->106919K(494976K), 0.0197954 secs] [Times: user=0.02 sys=0.00, real=0.02 secs] 
2018-03-23T16:52:47.330+0000: 206.416: [GC (Allocation Failure) 2018-03-23T16:52:47.331+0000: 206.416: [DefNew: 142247K->8111K(153600K), 0.0232181 secs] 241199K->107063K(494976K), 0.0232907 secs] [Times: user=0.02 sys=0.00, real=0.02 secs] 
2018-03-23T16:52:49.587+0000: 208.673: [GC (Allocation Failure) 2018-03-23T16:52:49.587+0000: 208.673: [DefNew: 143200K->8282K(153600K), 0.0198666 secs] 242152K->107234K(494976K), 0.0199508 secs] [Times: user=0.02 sys=0.00, real=0.02 secs] 
2018-03-23T16:52:51.696+0000: 210.781: [GC (Allocation Failure) 2018-03-23T16:52:51.696+0000: 210.781: [DefNew: 139226K->8766K(153600K), 0.0249859 secs] 238178K->107718K(494976K), 0.0250665 secs] [Times: user=0.03 sys=0.00, real=0.03 secs] 
2018-03-23T16:52:53.793+0000: 212.879: [GC (Allocation Failure) 2018-03-23T16:52:53.793+0000: 212.879: [DefNew: 145342K->8933K(153600K), 0.0230250 secs] 244294K->108264K(494976K), 0.0230981 secs] [Times: user=0.02 sys=0.00, real=0.02 secs] 
2018-03-23T16:52:55.993+0000: 215.078: [GC (Allocation Failure) 2018-03-23T16:52:55.993+0000: 215.078: [DefNew: 145509K->8368K(153600K), 0.0245989 secs] 244840K->108242K(494976K), 0.0246707 secs] [Times: user=0.02 sys=0.01, real=0.03 secs] 
2018-03-23T16:52:58.006+0000: 217.091: [GC (Allocation Failure) 2018-03-23T16:52:58.006+0000: 217.091: [DefNew: 141114K->8768K(153600K), 0.0183685 secs] 240988K->108642K(494976K), 0.0184442 secs] [Times: user=0.01 sys=0.00, real=0.02 secs] 
2018-03-23T16:53:00.175+0000: 219.261: [GC (Allocation Failure) 2018-03-23T16:53:00.175+0000: 219.261: [DefNew: 145344K->10277K(153600K), 0.0322049 secs] 245218K->110427K(494976K), 0.0322772 secs] [Times: user=0.03 sys=0.00, real=0.03 secs] 
2018-03-23T16:53:02.414+0000: 221.500: [GC (Allocation Failure) 2018-03-23T16:53:02.414+0000: 221.500: [DefNew: 146831K->7613K(153600K), 0.0244324 secs] 246982K->109788K(494976K), 0.0245071 secs] [Times: user=0.02 sys=0.01, real=0.03 secs] 
2018-03-23T16:53:04.519+0000: 223.604: [GC (Allocation Failure) 2018-03-23T16:53:04.519+0000: 223.605: [DefNew: 139794K->7371K(153600K), 0.0187002 secs] 241969K->109546K(494976K), 0.0187706 secs] [Times: user=0.02 sys=0.00, real=0.02 secs] 
2018-03-23T16:53:06.780+0000: 225.865: [GC (Allocation Failure) 2018-03-23T16:53:06.780+0000: 225.865: [DefNew: 140854K->7575K(153600K), 0.0157175 secs] 243029K->109750K(494976K), 0.0157925 secs] [Times: user=0.01 sys=0.00, real=0.01 secs] 
2018-03-23T16:53:08.949+0000: 228.035: [GC (Allocation Failure) 2018-03-23T16:53:08.950+0000: 228.035: [DefNew: 144151K->9074K(153600K), 0.0259125 secs] 246326K->111249K(494976K), 0.0259984 secs] [Times: user=0.03 sys=0.00, real=0.02 secs] 
2018-03-23T16:53:11.139+0000: 230.225: [GC (Allocation Failure) 2018-03-23T16:53:11.139+0000: 230.225: [DefNew: 140877K->7633K(153600K), 0.0165094 secs] 243052K->110382K(494976K), 0.0165789 secs] [Times: user=0.01 sys=0.00, real=0.01 secs] 
2018-03-23T16:53:13.381+0000: 232.467: [GC (Allocation Failure) 2018-03-23T16:53:13.381+0000: 232.467: [DefNew: 144209K->10242K(153600K), 0.0330685 secs] 246958K->112991K(494976K), 0.0331466 secs] [Times: user=0.03 sys=0.00, real=0.03 secs] 
2018-03-23T16:53:15.514+0000: 234.600: [GC (Allocation Failure) 2018-03-23T16:53:15.515+0000: 234.600: [DefNew: 146818K->8609K(153600K), 0.0297402 secs] 249567K->113378K(494976K), 0.0298136 secs] [Times: user=0.02 sys=0.01, real=0.03 secs] 
2018-03-23T16:53:17.757+0000: 236.843: [GC (Allocation Failure) 2018-03-23T16:53:17.757+0000: 236.843: [DefNew: 144105K->6730K(153600K), 0.0177067 secs] 248875K->111839K(494976K), 0.0177795 secs] [Times: user=0.02 sys=0.00, real=0.01 secs] 
2018-03-23T16:53:20.034+0000: 239.119: [GC (Allocation Failure) 2018-03-23T16:53:20.034+0000: 239.119: [DefNew: 139524K->6742K(153600K), 0.0144597 secs] 244633K->111851K(494976K), 0.0145433 secs] [Times: user=0.01 sys=0.00, real=0.01 secs] 
2018-03-23T16:53:22.123+0000: 241.208: [GC (Allocation Failure) 2018-03-23T16:53:22.123+0000: 241.208: [DefNew: 143318K->8642K(153600K), 0.0209396 secs] 248427K->113751K(494976K), 0.0210172 secs] [Times: user=0.02 sys=0.00, real=0.02 secs] 
2018-03-23T16:53:24.476+0000: 243.562: [GC (Allocation Failure) 2018-03-23T16:53:24.476+0000: 243.562: [DefNew: 141026K->7146K(153600K), 0.0193017 secs] 246135K->112593K(494976K), 0.0193738 secs] [Times: user=0.02 sys=0.00, real=0.02 secs] 
2018-03-23T16:53:26.531+0000: 245.617: [GC (Allocation Failure) 2018-03-23T16:53:26.531+0000: 245.617: [DefNew: 136842K->7384K(153600K), 0.0200443 secs] 242290K->112831K(494976K), 0.0201139 secs] [Times: user=0.02 sys=0.00, real=0.02 secs] 
2018-03-23T16:53:28.644+0000: 247.729: [GC (Allocation Failure) 2018-03-23T16:53:28.644+0000: 247.729: [DefNew: 141225K->7710K(153600K), 0.0211182 secs] 246672K->113157K(494976K), 0.0211876 secs] [Times: user=0.03 sys=0.00, real=0.02 secs] 
2018-03-23T16:53:30.830+0000: 249.916: [GC (Allocation Failure) 2018-03-23T16:53:30.830+0000: 249.916: [DefNew: 140950K->8020K(153600K), 0.0103639 secs] 246398K->113467K(494976K), 0.0104538 secs] [Times: user=0.02 sys=0.00, real=0.01 secs] 
2018-03-23T16:53:32.976+0000: 252.061: [GC (Allocation Failure) 2018-03-23T16:53:32.976+0000: 252.061: [DefNew: 144596K->8436K(153600K), 0.0197192 secs] 250043K->113883K(494976K), 0.0197922 secs] [Times: user=0.02 sys=0.00, real=0.02 secs] 
2018-03-23T16:53:35.059+0000: 254.144: [GC (Allocation Failure) 2018-03-23T16:53:35.059+0000: 254.144: [DefNew: 145012K->10323K(153600K), 0.0305048 secs] 250459K->115770K(494976K), 0.0305791 secs] [Times: user=0.03 sys=0.00, real=0.03 secs] 
2018-03-23T16:53:37.214+0000: 256.300: [GC (Allocation Failure) 2018-03-23T16:53:37.214+0000: 256.300: [DefNew: 146899K->8379K(153600K), 0.0312299 secs] 252346K->116017K(494976K), 0.0313082 secs] [Times: user=0.03 sys=0.00, real=0.03 secs] 
2018-03-23T16:53:39.255+0000: 258.341: [GC (Allocation Failure) 2018-03-23T16:53:39.255+0000: 258.341: [DefNew: 139262K->7041K(153600K), 0.0198790 secs] 246900K->114679K(494976K), 0.0199631 secs] [Times: user=0.02 sys=0.00, real=0.02 secs] 
2018-03-23T16:53:41.291+0000: 260.377: [GC (Allocation Failure) 2018-03-23T16:53:41.291+0000: 260.377: [DefNew: 143617K->7446K(153600K), 0.0184171 secs] 251255K->115085K(494976K), 0.0184871 secs] [Times: user=0.02 sys=0.00, real=0.02 secs] 
2018-03-23T16:53:43.217+0000: 262.302: [GC (Allocation Failure) 2018-03-23T16:53:43.217+0000: 262.303: [DefNew: 144022K->8975K(153600K), 0.0212680 secs] 251661K->116614K(494976K), 0.0213634 secs] [Times: user=0.02 sys=0.00, real=0.02 secs] 
2018-03-23T16:53:45.423+0000: 264.509: [GC (Allocation Failure) 2018-03-23T16:53:45.423+0000: 264.509: [DefNew: 144504K->7606K(153600K), 0.0216730 secs] 252142K->115698K(494976K), 0.0217392 secs] [Times: user=0.02 sys=0.00, real=0.02 secs] 
2018-03-23T16:53:47.479+0000: 266.565: [GC (Allocation Failure) 2018-03-23T16:53:47.479+0000: 266.565: [DefNew: 137157K->8006K(153600K), 0.0148645 secs] 245249K->116098K(494976K), 0.0149333 secs] [Times: user=0.02 sys=0.00, real=0.01 secs] 
2018-03-23T16:53:49.381+0000: 268.467: [GC (Allocation Failure) 2018-03-23T16:53:49.381+0000: 268.467: [DefNew: 144582K->9687K(153600K), 0.0256497 secs] 252674K->117778K(494976K), 0.0257221 secs] [Times: user=0.03 sys=0.00, real=0.02 secs] 
2018-03-23T16:53:51.592+0000: 270.677: [GC (Allocation Failure) 2018-03-23T16:53:51.592+0000: 270.677: [DefNew: 143503K->7322K(153600K), 0.0233470 secs] 251595K->116771K(494976K), 0.0234165 secs] [Times: user=0.02 sys=0.00, real=0.02 secs] 
2018-03-23T16:53:53.546+0000: 272.631: [GC (Allocation Failure) 2018-03-23T16:53:53.546+0000: 272.631: [DefNew: 140553K->7709K(153600K), 0.0176471 secs] 250002K->117158K(494976K), 0.0177349 secs] [Times: user=0.01 sys=0.00, real=0.02 secs] 
2018-03-23T16:53:55.649+0000: 274.734: [GC (Allocation Failure) 2018-03-23T16:53:55.649+0000: 274.734: [DefNew: 138852K->7894K(153600K), 0.0187331 secs] 248301K->117343K(494976K), 0.0188139 secs] [Times: user=0.01 sys=0.00, real=0.02 secs] 
2018-03-23T16:53:57.885+0000: 276.970: [GC (Allocation Failure) 2018-03-23T16:53:57.885+0000: 276.971: [DefNew: 144470K->10906K(153600K), 0.0292553 secs] 253919K->120355K(494976K), 0.0293294 secs] [Times: user=0.03 sys=0.00, real=0.03 secs] 
2018-03-23T16:53:59.966+0000: 279.051: [GC (Allocation Failure) 2018-03-23T16:53:59.966+0000: 279.051: [DefNew: 141071K->6394K(153600K), 0.0296780 secs] 250520K->118429K(494976K), 0.0297443 secs] [Times: user=0.03 sys=0.00, real=0.03 secs] 
2018-03-23T16:54:02.210+0000: 281.296: [GC (Allocation Failure) 2018-03-23T16:54:02.210+0000: 281.296: [DefNew: 142970K->8804K(153600K), 0.0183194 secs] 255005K->120840K(494976K), 0.0183899 secs] [Times: user=0.02 sys=0.00, real=0.01 secs] 
2018-03-23T16:54:04.291+0000: 283.376: [GC (Allocation Failure) 2018-03-23T16:54:04.291+0000: 283.376: [DefNew: 145380K->9706K(153600K), 0.0305963 secs] 257416K->122146K(494976K), 0.0306665 secs] [Times: user=0.03 sys=0.00, real=0.03 secs] 
2018-03-23T16:54:06.165+0000: 285.251: [GC (Allocation Failure) 2018-03-23T16:54:06.165+0000: 285.251: [DefNew: 146282K->8798K(153600K), 0.0327447 secs] 258722K->122738K(494976K), 0.0328281 secs] [Times: user=0.03 sys=0.00, real=0.04 secs] 
2018-03-23T16:54:08.445+0000: 287.531: [GC (Allocation Failure) 2018-03-23T16:54:08.445+0000: 287.531: [DefNew: 138628K->6367K(153600K), 0.0170300 secs] 252567K->121023K(494976K), 0.0171003 secs] [Times: user=0.02 sys=0.00, real=0.02 secs] 
2018-03-23T16:54:10.649+0000: 289.734: [GC (Allocation Failure) 2018-03-23T16:54:10.649+0000: 289.735: [DefNew: 142943K->9147K(153600K), 0.0217842 secs] 257599K->123803K(494976K), 0.0218571 secs] [Times: user=0.02 sys=0.00, real=0.02 secs] 
2018-03-23T16:54:12.760+0000: 291.845: [GC (Allocation Failure) 2018-03-23T16:54:12.760+0000: 291.845: [DefNew: 145723K->9196K(153600K), 0.0278601 secs] 260379K->124725K(494976K), 0.0279429 secs] [Times: user=0.02 sys=0.00, real=0.02 secs] 
2018-03-23T16:54:14.754+0000: 293.840: [GC (Allocation Failure) 2018-03-23T16:54:14.754+0000: 293.840: [DefNew: 145772K->7833K(153600K), 0.0258975 secs] 261301K->124794K(494976K), 0.0259725 secs] [Times: user=0.03 sys=0.00, real=0.03 secs] 
2018-03-23T16:54:16.421+0000: 295.507: [GC (Allocation Failure) 2018-03-23T16:54:16.421+0000: 295.507: [DefNew: 144176K->17024K(153600K), 0.0446208 secs] 261136K->155906K(494976K), 0.0446987 secs] [Times: user=0.04 sys=0.01, real=0.04 secs] 
2018-03-23T16:54:18.519+0000: 297.604: [GC (Allocation Failure) 2018-03-23T16:54:18.519+0000: 297.604: [DefNew: 146305K->1925K(153600K), 0.0355255 secs] 285188K->157698K(494976K), 0.0356049 secs] [Times: user=0.02 sys=0.00, real=0.03 secs] 
2018-03-23T16:54:20.722+0000: 299.808: [GC (Allocation Failure) 2018-03-23T16:54:20.722+0000: 299.808: [DefNew: 136166K->3758K(153600K), 0.0148926 secs] 291939K->159532K(494976K), 0.0149615 secs] [Times: user=0.01 sys=0.00, real=0.02 secs] 
2018-03-23T16:54:22.940+0000: 302.025: [GC (Allocation Failure) 2018-03-23T16:54:22.940+0000: 302.026: [DefNew: 140334K->4930K(153600K), 0.0128746 secs] 296108K->160703K(494976K), 0.0129611 secs] [Times: user=0.01 sys=0.00, real=0.01 secs] 
2018-03-23T16:54:25.100+0000: 304.185: [GC (Allocation Failure) 2018-03-23T16:54:25.100+0000: 304.185: [DefNew: 141506K->5858K(153600K), 0.0127737 secs] 297279K->161632K(494976K), 0.0128444 secs] [Times: user=0.01 sys=0.00, real=0.01 secs] 
2018-03-23T16:54:27.189+0000: 306.275: [GC (Allocation Failure) 2018-03-23T16:54:27.189+0000: 306.275: [DefNew: 139262K->6391K(153600K), 0.0178099 secs] 295035K->162164K(494976K), 0.0178925 secs] [Times: user=0.02 sys=0.00, real=0.01 secs] 
2018-03-23T16:54:29.216+0000: 308.302: [GC (Allocation Failure) 2018-03-23T16:54:29.216+0000: 308.302: [DefNew: 139189K->6883K(153600K), 0.0147922 secs] 294962K->162656K(494976K), 0.0148692 secs] [Times: user=0.02 sys=0.00, real=0.02 secs] 
2018-03-23T16:54:31.360+0000: 310.446: [GC (Allocation Failure) 2018-03-23T16:54:31.360+0000: 310.446: [DefNew: 142542K->7233K(153600K), 0.0152246 secs] 298316K->163007K(494976K), 0.0152964 secs] [Times: user=0.01 sys=0.00, real=0.01 secs] 
2018-03-23T16:54:33.503+0000: 312.589: [GC (Allocation Failure) 2018-03-23T16:54:33.503+0000: 312.589: [DefNew: 143809K->10517K(153600K), 0.0313300 secs] 299583K->166290K(494976K), 0.0314036 secs] [Times: user=0.03 sys=0.00, real=0.03 secs] 
2018-03-23T16:54:35.633+0000: 314.719: [GC (Allocation Failure) 2018-03-23T16:54:35.633+0000: 314.719: [DefNew: 147093K->6910K(153600K), 0.0234350 secs] 302866K->165332K(494976K), 0.0235080 secs] [Times: user=0.02 sys=0.00, real=0.02 secs] 
2018-03-23T16:54:37.637+0000: 316.723: [GC (Allocation Failure) 2018-03-23T16:54:37.637+0000: 316.723: [DefNew: 142080K->6516K(153600K), 0.0089714 secs] 300502K->164938K(494976K), 0.0090385 secs] [Times: user=0.01 sys=0.00, real=0.00 secs] 
2018-03-23T16:54:39.548+0000: 318.634: [GC (Allocation Failure) 2018-03-23T16:54:39.548+0000: 318.634: [DefNew: 135022K->7378K(153600K), 0.0168958 secs] 293444K->165800K(494976K), 0.0169678 secs] [Times: user=0.01 sys=0.00, real=0.02 secs] 
2018-03-23T16:54:41.612+0000: 320.698: [GC (Allocation Failure) 2018-03-23T16:54:41.612+0000: 320.698: [DefNew: 143954K->9861K(153600K), 0.0252867 secs] 302376K->168283K(494976K), 0.0253598 secs] [Times: user=0.03 sys=0.00, real=0.03 secs] 
2018-03-23T16:54:43.918+0000: 323.004: [GC (Allocation Failure) 2018-03-23T16:54:43.918+0000: 323.004: [DefNew: 146437K->8249K(153600K), 0.0285764 secs] 304859K->168079K(494976K), 0.0286715 secs] [Times: user=0.03 sys=0.00, real=0.02 secs] 
2018-03-23T16:54:46.187+0000: 325.272: [GC (Allocation Failure) 2018-03-23T16:54:46.187+0000: 325.272: [DefNew: 142167K->7422K(153600K), 0.0183635 secs] 301997K->167252K(494976K), 0.0184447 secs] [Times: user=0.02 sys=0.00, real=0.02 secs] 
2018-03-23T16:54:48.303+0000: 327.388: [GC (Allocation Failure) 2018-03-23T16:54:48.303+0000: 327.388: [DefNew: 143656K->7737K(153600K), 0.0181343 secs] 303486K->167567K(494976K), 0.0182159 secs] [Times: user=0.01 sys=0.00, real=0.02 secs] 
2018-03-23T16:54:50.314+0000: 329.399: [GC (Allocation Failure) 2018-03-23T16:54:50.314+0000: 329.399: [DefNew: 138973K->8361K(153600K), 0.0179858 secs] 298803K->168191K(494976K), 0.0180586 secs] [Times: user=0.02 sys=0.00, real=0.02 secs] 
2018-03-23T16:54:52.333+0000: 331.419: [GC (Allocation Failure) 2018-03-23T16:54:52.333+0000: 331.419: [DefNew: 144937K->10442K(153600K), 0.0248243 secs] 304767K->170272K(494976K), 0.0248958 secs] [Times: user=0.02 sys=0.00, real=0.03 secs] 
2018-03-23T16:54:54.401+0000: 333.486: [GC (Allocation Failure) 2018-03-23T16:54:54.401+0000: 333.486: [DefNew: 138668K->6691K(153600K), 0.0123862 secs] 298498K->168851K(494976K), 0.0124542 secs] [Times: user=0.01 sys=0.00, real=0.01 secs] 
2018-03-23T16:54:56.399+0000: 335.484: [GC (Allocation Failure) 2018-03-23T16:54:56.399+0000: 335.484: [DefNew: 137954K->7483K(153600K), 0.0101912 secs] 300114K->169642K(494976K), 0.0102634 secs] [Times: user=0.01 sys=0.00, real=0.01 secs] 
2018-03-23T16:54:58.776+0000: 337.862: [GC (Allocation Failure) 2018-03-23T16:54:58.776+0000: 337.862: [DefNew: 144059K->8668K(153600K), 0.0198981 secs] 306218K->170828K(494976K), 0.0199738 secs] [Times: user=0.02 sys=0.00, real=0.02 secs] 
2018-03-23T16:55:01.027+0000: 340.112: [GC (Allocation Failure) 2018-03-23T16:55:01.027+0000: 340.112: [DefNew: 139879K->7714K(153600K), 0.0200651 secs] 302039K->170478K(494976K), 0.0201373 secs] [Times: user=0.02 sys=0.00, real=0.02 secs] 
2018-03-23T16:55:03.697+0000: 342.783: [GC (Allocation Failure) 2018-03-23T16:55:03.697+0000: 342.783: [DefNew: 144269K->9276K(153600K), 0.0246148 secs] 307032K->172039K(494976K), 0.0246933 secs] [Times: user=0.02 sys=0.00, real=0.02 secs] 
2018-03-23T16:55:06.001+0000: 345.087: [GC (Allocation Failure) 2018-03-23T16:55:06.002+0000: 345.087: [DefNew: 145852K->10513K(153600K), 0.0340717 secs] 308615K->174240K(494976K), 0.0341476 secs] [Times: user=0.03 sys=0.00, real=0.03 secs] 
2018-03-23T16:55:08.135+0000: 347.221: [GC (Allocation Failure) 2018-03-23T16:55:08.135+0000: 347.221: [DefNew: 147089K->9287K(153600K), 0.0355705 secs] 310816K->175274K(494976K), 0.0356475 secs] [Times: user=0.03 sys=0.00, real=0.04 secs] 
2018-03-23T16:55:10.414+0000: 349.499: [GC (Allocation Failure) 2018-03-23T16:55:10.414+0000: 349.499: [DefNew: 145863K->7010K(153600K), 0.0187023 secs] 311850K->174227K(494976K), 0.0187831 secs] [Times: user=0.02 sys=0.00, real=0.02 secs] 
2018-03-23T16:55:12.509+0000: 351.595: [GC (Allocation Failure) 2018-03-23T16:55:12.509+0000: 351.595: [DefNew: 143586K->9502K(153600K), 0.0284116 secs] 310803K->176719K(494976K), 0.0284834 secs] [Times: user=0.02 sys=0.00, real=0.03 secs] 
2018-03-23T16:55:14.553+0000: 353.639: [GC (Allocation Failure) 2018-03-23T16:55:14.553+0000: 353.639: [DefNew: 146078K->7645K(153600K), 0.0261906 secs] 313295K->177074K(494976K), 0.0262710 secs] [Times: user=0.03 sys=0.01, real=0.03 secs] 
2018-03-23T16:55:16.858+0000: 355.944: [GC (Allocation Failure) 2018-03-23T16:55:16.858+0000: 355.944: [DefNew: 144221K->5566K(153600K), 0.0142022 secs] 313650K->174995K(494976K), 0.0142747 secs] [Times: user=0.02 sys=0.00, real=0.01 secs] 
2018-03-23T16:55:19.073+0000: 358.159: [GC (Allocation Failure) 2018-03-23T16:55:19.073+0000: 358.159: [DefNew: 142142K->9625K(153600K), 0.0269663 secs] 311571K->179054K(494976K), 0.0270425 secs] [Times: user=0.03 sys=0.00, real=0.03 secs] 
2018-03-23T16:55:21.244+0000: 360.330: [GC (Allocation Failure) 2018-03-23T16:55:21.244+0000: 360.330: [DefNew: 145568K->6171K(153600K), 0.0166884 secs] 314997K->176869K(494976K), 0.0167585 secs] [Times: user=0.02 sys=0.00, real=0.02 secs] 
2018-03-23T16:55:23.453+0000: 362.539: [GC (Allocation Failure) 2018-03-23T16:55:23.453+0000: 362.539: [DefNew: 137360K->6876K(153600K), 0.0143738 secs] 308058K->177574K(494976K), 0.0144460 secs] [Times: user=0.02 sys=0.00, real=0.01 secs] 
2018-03-23T16:55:25.589+0000: 364.674: [GC (Allocation Failure) 2018-03-23T16:55:25.589+0000: 364.674: [DefNew: 141379K->7631K(153600K), 0.0142559 secs] 312077K->178329K(494976K), 0.0143260 secs] [Times: user=0.01 sys=0.00, real=0.02 secs] 
2018-03-23T16:55:27.605+0000: 366.691: [GC (Allocation Failure) 2018-03-23T16:55:27.606+0000: 366.691: [DefNew: 144207K->10463K(153600K), 0.0272840 secs] 314905K->181161K(494976K), 0.0273608 secs] [Times: user=0.03 sys=0.00, real=0.03 secs] 
2018-03-23T16:55:29.800+0000: 368.885: [GC (Allocation Failure) 2018-03-23T16:55:29.800+0000: 368.885: [DefNew: 147039K->9416K(153600K), 0.0325573 secs] 317737K->182466K(494976K), 0.0326296 secs] [Times: user=0.03 sys=0.00, real=0.03 secs] 
2018-03-23T16:55:32.011+0000: 371.096: [GC (Allocation Failure) 2018-03-23T16:55:32.011+0000: 371.097: [DefNew: 145338K->5383K(153600K), 0.0131479 secs] 318389K->180105K(494976K), 0.0132225 secs] [Times: user=0.01 sys=0.00, real=0.01 secs] 
2018-03-23T16:55:34.222+0000: 373.308: [GC (Allocation Failure) 2018-03-23T16:55:34.222+0000: 373.308: [DefNew: 139494K->6040K(153600K), 0.0122925 secs] 314217K->180762K(494976K), 0.0123649 secs] [Times: user=0.01 sys=0.00, real=0.01 secs] 
2018-03-23T16:55:36.477+0000: 375.563: [GC (Allocation Failure) 2018-03-23T16:55:36.477+0000: 375.563: [DefNew: 142371K->6803K(153600K), 0.0129218 secs] 317093K->181525K(494976K), 0.0129999 secs] [Times: user=0.01 sys=0.00, real=0.01 secs] 
2018-03-23T16:55:38.777+0000: 377.863: [GC (Allocation Failure) 2018-03-23T16:55:38.777+0000: 377.863: [DefNew: 140000K->7566K(153600K), 0.0161791 secs] 314723K->182289K(494976K), 0.0162589 secs] [Times: user=0.02 sys=0.00, real=0.01 secs] 
2018-03-23T16:55:40.880+0000: 379.965: [GC (Allocation Failure) 2018-03-23T16:55:40.880+0000: 379.965: [DefNew: 137802K->7925K(153600K), 0.0184958 secs] 312525K->182647K(494976K), 0.0185652 secs] [Times: user=0.02 sys=0.00, real=0.02 secs] 
2018-03-23T16:55:43.083+0000: 382.169: [GC (Allocation Failure) 2018-03-23T16:55:43.083+0000: 382.169: [DefNew: 141506K->8403K(153600K), 0.0180352 secs] 316228K->183125K(494976K), 0.0181072 secs] [Times: user=0.02 sys=0.00, real=0.02 secs] 
2018-03-23T16:55:45.333+0000: 384.418: [GC (Allocation Failure) 2018-03-23T16:55:45.333+0000: 384.418: [DefNew: 144979K->9951K(153600K), 0.0256333 secs] 319701K->184673K(494976K), 0.0267453 secs] [Times: user=0.02 sys=0.00, real=0.03 secs] 
2018-03-23T16:55:47.354+0000: 386.439: [GC (Allocation Failure) 2018-03-23T16:55:47.354+0000: 386.439: [DefNew: 137506K->8129K(153600K), 0.0212455 secs] 312229K->184213K(494976K), 0.0213136 secs] [Times: user=0.02 sys=0.00, real=0.02 secs] 
2018-03-23T16:55:49.517+0000: 388.603: [GC (Allocation Failure) 2018-03-23T16:55:49.517+0000: 388.603: [DefNew: 144705K->10816K(153600K), 0.0228231 secs] 320789K->186901K(494976K), 0.0228907 secs] [Times: user=0.03 sys=0.00, real=0.02 secs] 
2018-03-23T16:55:51.603+0000: 390.689: [GC (Allocation Failure) 2018-03-23T16:55:51.603+0000: 390.689: [DefNew: 138573K->6980K(153600K), 0.0221345 secs] 314657K->185496K(494976K), 0.0222179 secs] [Times: user=0.02 sys=0.00, real=0.02 secs] 
2018-03-23T16:55:53.726+0000: 392.812: [GC (Allocation Failure) 2018-03-23T16:55:53.726+0000: 392.812: [DefNew: 143556K->10131K(153600K), 0.0247348 secs] 322072K->188648K(494976K), 0.0248084 secs] [Times: user=0.02 sys=0.00, real=0.03 secs] 
2018-03-23T16:55:55.821+0000: 394.906: [GC (Allocation Failure) 2018-03-23T16:55:55.821+0000: 394.906: [DefNew: 143382K->6112K(153600K), 0.0199684 secs] 321899K->186373K(494976K), 0.0200506 secs] [Times: user=0.02 sys=0.00, real=0.02 secs] 
2018-03-23T16:55:58.057+0000: 397.143: [GC (Allocation Failure) 2018-03-23T16:55:58.057+0000: 397.143: [DefNew: 142688K->9966K(153600K), 0.0263631 secs] 322949K->190228K(494976K), 0.0264366 secs] [Times: user=0.02 sys=0.01, real=0.02 secs] 
2018-03-23T16:56:00.028+0000: 399.113: [GC (Allocation Failure) 2018-03-23T16:56:00.028+0000: 399.113: [DefNew: 146487K->5564K(153600K), 0.0184552 secs] 326749K->187460K(494976K), 0.0185310 secs] [Times: user=0.01 sys=0.00, real=0.02 secs] 
2018-03-23T16:56:02.363+0000: 401.449: [GC (Allocation Failure) 2018-03-23T16:56:02.364+0000: 401.449: [DefNew: 142140K->6822K(153600K), 0.0160538 secs] 324036K->188719K(494976K), 0.0161179 secs] [Times: user=0.01 sys=0.01, real=0.02 secs] 
2018-03-23T16:56:04.402+0000: 403.487: [GC (Allocation Failure) 2018-03-23T16:56:04.402+0000: 403.487: [DefNew: 134841K->7239K(153600K), 0.0134656 secs] 316737K->189135K(494976K), 0.0135404 secs] [Times: user=0.01 sys=0.00, real=0.01 secs] 
2018-03-23T16:56:06.590+0000: 405.675: [GC (Allocation Failure) 2018-03-23T16:56:06.590+0000: 405.675: [DefNew: 143815K->10860K(153600K), 0.0154027 secs] 325711K->192756K(494976K), 0.0154748 secs] [Times: user=0.01 sys=0.00, real=0.01 secs] 
2018-03-23T16:56:08.616+0000: 407.702: [GC (Allocation Failure) 2018-03-23T16:56:08.616+0000: 407.702: [DefNew: 142755K->6274K(153600K), 0.0111543 secs] 324651K->190403K(494976K), 0.0112321 secs] [Times: user=0.01 sys=0.00, real=0.01 secs] 
2018-03-23T16:56:10.683+0000: 409.769: [GC (Allocation Failure) 2018-03-23T16:56:10.683+0000: 409.769: [DefNew: 142850K->17023K(153600K), 0.0193868 secs] 326979K->201758K(494976K), 0.0194504 secs] [Times: user=0.02 sys=0.00, real=0.02 secs] 
2018-03-23T16:56:13.119+0000: 412.205: [GC (Allocation Failure) 2018-03-23T16:56:13.119+0000: 412.205: [DefNew: 150381K->2665K(153600K), 0.0180847 secs] 335116K->191890K(494976K), 0.0181547 secs] [Times: user=0.01 sys=0.00, real=0.02 secs] 
2018-03-23T16:56:15.315+0000: 414.401: [GC (Allocation Failure) 2018-03-23T16:56:15.315+0000: 414.401: [DefNew: 133627K->4626K(153600K), 0.0118218 secs] 322851K->193851K(494976K), 0.0119038 secs] [Times: user=0.02 sys=0.00, real=0.01 secs] 
2018-03-23T16:56:17.438+0000: 416.524: [GC (Allocation Failure) 2018-03-23T16:56:17.438+0000: 416.524: [DefNew: 140519K->6504K(153600K), 0.0134558 secs] 329744K->195729K(494976K), 0.0135290 secs] [Times: user=0.01 sys=0.00, real=0.01 secs] 
2018-03-23T16:56:19.585+0000: 418.670: [GC (Allocation Failure) 2018-03-23T16:56:19.585+0000: 418.670: [DefNew: 134113K->6990K(153600K), 0.0103011 secs] 323338K->196214K(494976K), 0.0103795 secs] [Times: user=0.01 sys=0.00, real=0.01 secs] 
2018-03-23T16:56:21.528+0000: 420.614: [GC (Allocation Failure) 2018-03-23T16:56:21.528+0000: 420.614: [DefNew: 133213K->7625K(153600K), 0.0170803 secs] 322437K->196849K(494976K), 0.0171509 secs] [Times: user=0.02 sys=0.01, real=0.02 secs] 
2018-03-23T16:56:23.540+0000: 422.626: [GC (Allocation Failure) 2018-03-23T16:56:23.540+0000: 422.626: [DefNew: 136358K->8407K(153600K), 0.0142970 secs] 325583K->197631K(494976K), 0.0143659 secs] [Times: user=0.01 sys=0.01, real=0.01 secs] 
2018-03-23T16:56:25.660+0000: 424.746: [GC (Allocation Failure) 2018-03-23T16:56:25.660+0000: 424.746: [DefNew: 137880K->8951K(153600K), 0.0203543 secs] 327105K->198175K(494976K), 0.0204369 secs] [Times: user=0.02 sys=0.00, real=0.02 secs] 
2018-03-23T16:56:27.708+0000: 426.794: [GC (Allocation Failure) 2018-03-23T16:56:27.708+0000: 426.794: [DefNew: 139229K->8966K(153600K), 0.0193304 secs] 328454K->198701K(494976K), 0.0193993 secs] [Times: user=0.02 sys=0.00, real=0.02 secs] 
2018-03-23T16:56:29.747+0000: 428.832: [GC (Allocation Failure) 2018-03-23T16:56:29.747+0000: 428.832: [DefNew: 135435K->8562K(153600K), 0.0184034 secs] 325170K->198855K(494976K), 0.0184738 secs] [Times: user=0.02 sys=0.00, real=0.02 secs] 
2018-03-23T16:56:32.083+0000: 431.169: [GC (Allocation Failure) 2018-03-23T16:56:32.083+0000: 431.169: [DefNew: 142972K->8367K(153600K), 0.0197654 secs] 333265K->199466K(494976K), 0.0198447 secs] [Times: user=0.02 sys=0.00, real=0.02 secs] 
2018-03-23T16:56:34.123+0000: 433.209: [GC (Allocation Failure) 2018-03-23T16:56:34.123+0000: 433.209: [DefNew: 134983K->9046K(153600K), 0.0186454 secs] 326082K->200145K(494976K), 0.0187185 secs] [Times: user=0.02 sys=0.00, real=0.02 secs] 
2018-03-23T16:56:36.420+0000: 435.506: [GC (Allocation Failure) 2018-03-23T16:56:36.420+0000: 435.506: [DefNew: 135249K->8665K(153600K), 0.0192371 secs] 326349K->200600K(494976K), 0.0193146 secs] [Times: user=0.02 sys=0.00, real=0.02 secs] 
2018-03-23T16:56:38.416+0000: 437.501: [GC (Allocation Failure) 2018-03-23T16:56:38.416+0000: 437.501: [DefNew: 145241K->10576K(153600K), 0.0262290 secs] 337176K->203044K(494976K), 0.0263059 secs] [Times: user=0.03 sys=0.00, real=0.03 secs] 
2018-03-23T16:56:46.904+0000: 445.990: [GC (Allocation Failure) 2018-03-23T16:56:46.904+0000: 445.990: [DefNew: 147152K->16517K(153600K), 0.0251023 secs] 339620K->211432K(494976K), 0.0251794 secs] [Times: user=0.03 sys=0.01, real=0.03 secs] 
2018-03-23T16:57:01.857+0000: 460.943: [GC (Allocation Failure) 2018-03-23T16:57:01.857+0000: 460.943: [DefNew: 153093K->17024K(153600K), 0.0602761 secs] 348008K->232194K(494976K), 0.0603488 secs] [Times: user=0.05 sys=0.01, real=0.06 secs] 
2018-03-23T16:57:16.924+0000: 476.010: [GC (Allocation Failure) 2018-03-23T16:57:16.925+0000: 476.010: [DefNew: 153600K->17024K(153600K), 0.0532756 secs] 368770K->251334K(494976K), 0.0533457 secs] [Times: user=0.05 sys=0.01, real=0.06 secs] 
2018-03-23T16:57:30.340+0000: 489.426: [GC (Allocation Failure) 2018-03-23T16:57:30.340+0000: 489.426: [DefNew: 153600K->17024K(153600K), 0.0567673 secs] 387910K->271671K(494976K), 0.0568382 secs] [Times: user=0.05 sys=0.01, real=0.05 secs] 
2018-03-23T16:57:42.116+0000: 501.202: [GC (Allocation Failure) 2018-03-23T16:57:42.117+0000: 501.202: [DefNew: 153600K->17023K(153600K), 0.0549545 secs] 408247K->292104K(494976K), 0.0550321 secs] [Times: user=0.03 sys=0.02, real=0.06 secs] 
2018-03-23T16:57:57.511+0000: 516.597: [GC (Allocation Failure) 2018-03-23T16:57:57.511+0000: 516.597: [DefNew: 153599K->17023K(153600K), 0.0550107 secs] 428680K->313261K(494976K), 0.0550750 secs] [Times: user=0.05 sys=0.01, real=0.05 secs] 
2018-03-23T16:58:10.724+0000: 529.810: [GC (Allocation Failure) 2018-03-23T16:58:10.724+0000: 529.810: [DefNew: 153599K->17023K(153600K), 0.0586193 secs] 449837K->334029K(494976K), 0.0586938 secs] [Times: user=0.04 sys=0.02, real=0.06 secs] 
16:58:11.926 [Client] INFO  c.s.f.r.e.s.SocketRear  - FlameSocketGraphDeployerRear@10.0.0.57: has been disconnected from Connection 6
16:58:22.827 [worker-akka.actor.default-dispatcher-2] INFO  a.a.CoordinatedShutdown CoordinatedShutdown(akka://worker) - Starting coordinated shutdown from JVM shutdown hook
16:58:22.851 [worker-akka.actor.default-dispatcher-11] INFO  a.a.LocalActorRef akka://worker/user/watcher/graph/edge/FlameSocketGraphDeployerFront - Stopped
16:58:22.851 [worker-akka.actor.default-dispatcher-11] INFO  a.a.LocalActorRef akka://worker/user/watcher/graph/edge/FlameSocketGraphDeployerRear - Stopped
16:58:22.851 [worker-akka.actor.default-dispatcher-11] INFO  a.a.LocalActorRef akka://worker/user/watcher/graph/negotiator - Stopped
16:58:22.855 [worker-akka.actor.default-dispatcher-6] INFO  a.a.LocalActorRef akka://worker/user/watcher/graph/graph/$a - Stopped
16:58:22.855 [worker-akka.actor.default-dispatcher-6] INFO  a.a.LocalActorRef akka://worker/user/watcher/graph/graph/$b - Stopped
16:58:22.855 [worker-akka.actor.default-dispatcher-6] INFO  a.a.LocalActorRef akka://worker/user/watcher/graph/graph/$c - Stopped
16:58:22.855 [worker-akka.actor.default-dispatcher-6] INFO  a.a.LocalActorRef akka://worker/user/watcher/graph/edge - Stopped
16:58:22.856 [worker-akka.actor.default-dispatcher-18] INFO  a.a.LocalActorRef akka://worker/user/watcher/graph/graph/local-acker/$a - Stopped
16:58:22.859 [worker-akka.actor.default-dispatcher-18] INFO  a.a.LocalActorRef akka://worker/user/watcher/graph/graph/local-acker/$a - Message [com.spbsu.flamestream.runtime.utils.akka.PingActor$InnerPing] from Actor[akka://worker/user/watcher/graph/graph/local-acker/$a#-160211052] to Actor[akka://worker/user/watcher/graph/graph/local-acker/$a#-160211052] was not delivered. [1] dead letters encountered. This logging can be turned off or adjusted with configuration settings 'akka.log-dead-letters' and 'akka.log-dead-letters-during-shutdown'.
16:58:22.859 [worker-akka.actor.default-dispatcher-18] INFO  a.a.LocalActorRef akka://worker/user/watcher/graph/graph/local-acker - Stopped
16:58:22.859 [worker-akka.actor.default-dispatcher-18] INFO  a.a.LocalActorRef akka://worker/user/watcher/graph/graph - Stopped
16:58:22.859 [worker-akka.actor.default-dispatcher-18] INFO  a.a.LocalActorRef akka://worker/user/watcher/graph - Stopped
16:58:22.859 [worker-akka.actor.default-dispatcher-15] INFO  a.a.RepointableActorRef akka://worker/user/watcher - Stopped
16:58:22.860 [worker-akka.actor.default-dispatcher-17] INFO  a.a.LocalActorRef akka://worker/user/watcher/graph/graph/local-acker/$a - Message [com.spbsu.flamestream.runtime.utils.akka.PingActor$Stop] from Actor[akka://worker/user/watcher/graph/graph/local-acker#-417086369] to Actor[akka://worker/user/watcher/graph/graph/local-acker/$a#-160211052] was not delivered. [2] dead letters encountered. This logging can be turned off or adjusted with configuration settings 'akka.log-dead-letters' and 'akka.log-dead-letters-during-shutdown'.
16:58:22.861 [worker-akka.actor.default-dispatcher-17] INFO  a.a.LocalActorRef akka://worker/user/watcher/graph/graph/local-acker - Message [com.spbsu.flamestream.runtime.acker.LocalAcker$Flush] from Actor[akka://worker/user/watcher/graph/graph/local-acker/$a#-160211052] to Actor[akka://worker/user/watcher/graph/graph/local-acker#-417086369] was not delivered. [3] dead letters encountered. This logging can be turned off or adjusted with configuration settings 'akka.log-dead-letters' and 'akka.log-dead-letters-during-shutdown'.
16:58:22.861 [worker-akka.actor.default-dispatcher-17] INFO  a.a.LocalActorRef akka://worker/user/watcher/graph/graph/local-acker - Message [com.spbsu.flamestream.runtime.acker.LocalAcker$Flush] from Actor[akka://worker/user/watcher/graph/graph/local-acker/$a#-160211052] to Actor[akka://worker/user/watcher/graph/graph/local-acker#-417086369] was not delivered. [4] dead letters encountered. This logging can be turned off or adjusted with configuration settings 'akka.log-dead-letters' and 'akka.log-dead-letters-during-shutdown'.
16:58:22.861 [worker-akka.actor.default-dispatcher-14] INFO  a.a.LocalActorRef akka://worker/user/watcher/graph/graph/local-acker - Message [com.spbsu.flamestream.runtime.acker.LocalAcker$Flush] from Actor[akka://worker/user/watcher/graph/graph/local-acker/$a#-160211052] to Actor[akka://worker/user/watcher/graph/graph/local-acker#-417086369] was not delivered. [5] dead letters encountered. This logging can be turned off or adjusted with configuration settings 'akka.log-dead-letters' and 'akka.log-dead-letters-during-shutdown'.
16:58:22.869 [worker-akka.actor.default-dispatcher-2-EventThread] INFO  o.a.z.ClientCnxn  - EventThread shut down for session: 0x16253c2d3b80006
16:58:22.869 [worker-akka.actor.default-dispatcher-18] INFO  o.a.z.ZooKeeper  - Session: 0x16253c2d3b80006 closed
16:58:22.878 [worker-akka.actor.default-dispatcher-4] INFO  a.r.RemoteActorRefProvider$RemotingTerminator akka://worker@10.0.0.57:5412/system/remoting-terminator - Shutting down remote daemon.
16:58:22.878 [worker-akka.actor.default-dispatcher-4] INFO  a.r.RemoteActorRefProvider$RemotingTerminator akka://worker@10.0.0.57:5412/system/remoting-terminator - Remote daemon shut down; proceeding with flushing remote transports.
16:58:23.025 [worker-akka.actor.default-dispatcher-14] INFO  a.r.RemoteActorRefProvider$RemotingTerminator akka://worker@10.0.0.57:5412/system/remoting-terminator - Remoting shut down.
Heap
 def new generation   total 153600K, used 46154K [0x00000000e0c00000, 0x00000000eb2a0000, 0x00000000eb2a0000)
  eden space 136576K,  21% used [0x00000000e0c00000, 0x00000000e28729d8, 0x00000000e9160000)
  from space 17024K,  99% used [0x00000000e9160000, 0x00000000ea1ffff8, 0x00000000ea200000)
  to   space 17024K,   0% used [0x00000000ea200000, 0x00000000ea200000, 0x00000000eb2a0000)
 tenured generation   total 341376K, used 317005K [0x00000000eb2a0000, 0x0000000100000000, 0x0000000100000000)
   the space 341376K,  92% used [0x00000000eb2a0000, 0x00000000fe8335e0, 0x00000000fe833600, 0x0000000100000000)
 Metaspace       used 34052K, capacity 34946K, committed 35200K, reserved 1079296K
  class space    used 4480K, capacity 4664K, committed 4736K, reserved 1048576K
