14:11:22.153 [worker-akka.actor.default-dispatcher-2] INFO  a.e.s.Slf4jLogger  - Slf4jLogger started
2018-02-19T14:11:22.327+0000: 2.716: [Full GC (Metadata GC Threshold) 2018-02-19T14:11:22.327+0000: 2.716: [Tenured: 0K->15415K(341376K), 0.0386978 secs] 117538K->15415K(494976K), [Metaspace: 20868K->20868K(1067008K)], 0.0387656 secs] [Times: user=0.04 sys=0.01, real=0.04 secs] 
Ama winner
Ama winner
14:11:22.796 [worker-akka.actor.default-dispatcher-2] INFO  a.r.a.ArteryTransport(akka://worker) akka.remote.artery.ArteryTransport(akka://worker) - Started embedded media driver in directory [/dev/shm/aeron-root-worker-5918e5ff-ced9-4b8d-9da6-373f4e6e60bc]
14:11:23.017 [worker-akka.actor.default-dispatcher-2] INFO  a.r.a.ArteryTransport(akka://worker) akka.remote.artery.ArteryTransport(akka://worker) - Remoting started; listening on address: [akka://worker@172.31.47.100:5412] with UID [-7443614179357452805]
14:11:23.122 [worker-akka.actor.default-dispatcher-2] INFO  o.a.z.ZooKeeper  - Client environment:zookeeper.version=3.4.9-1757313, built on 08/23/2016 06:50 GMT
14:11:23.122 [worker-akka.actor.default-dispatcher-2] INFO  o.a.z.ZooKeeper  - Client environment:host.name=ip-172-31-47-100.us-east-2.compute.internal
14:11:23.123 [worker-akka.actor.default-dispatcher-2] INFO  o.a.z.ZooKeeper  - Client environment:java.version=1.8.0_151
14:11:23.123 [worker-akka.actor.default-dispatcher-2] INFO  o.a.z.ZooKeeper  - Client environment:java.vendor=Oracle Corporation
14:11:23.123 [worker-akka.actor.default-dispatcher-2] INFO  o.a.z.ZooKeeper  - Client environment:java.home=/usr/lib/jvm/java-8-openjdk-amd64/jre
14:11:23.123 [worker-akka.actor.default-dispatcher-2] INFO  o.a.z.ZooKeeper  - Client environment:java.class.path=lib/commons-cli-1.4.jar:lib/minlog-1.3.0.jar:lib/asm-5.0.4.jar:lib/hadoop-annotations-2.7.3.jar:lib/hadoop-auth-2.7.3.jar:lib/akka-slf4j_2.11-2.5.6.jar:lib/jersey-core-1.9.jar:lib/lz4-1.3.0.jar:lib/jackson-core-asl-1.9.13.jar:lib/aeron-client-1.3.0.jar:lib/htrace-core-3.1.0-incubating.jar:lib/xz-1.0.jar:lib/commons-httpclient-3.1.jar:lib/asm-3.1.jar:lib/commons-lang3-3.4.jar:lib/scala-library-2.11.11.jar:lib/scala-java8-compat_2.11-0.7.0.jar:lib/commons-configuration-1.6.jar:lib/objenesis-2.1.jar:lib/jackson-annotations-2.8.0.jar:lib/jsr305-3.0.0.jar:lib/curator-framework-2.7.1.jar:lib/jersey-server-1.9.jar:lib/jets3t-0.9.0.jar:lib/leveldb-0.7.jar:lib/jetty-6.1.26.jar:lib/stax-api-1.0-2.jar:lib/flamestream-core-1.0-SNAPSHOT.jar:lib/reflectasm-1.07-shaded.jar:lib/apacheds-kerberos-codec-2.0.0-M15.jar:lib/api-asn1-api-1.0.0-M20.jar:lib/commons-lang-2.6.jar:lib/commons-beanutils-1.7.0.jar:lib/jackson-xc-1.8.3.jar:lib/jetty-util-6.1.26.jar:lib/logback-classic-1.2.3.jar:lib/jool-0.9.12.jar:lib/flamestream-runtime-1.0-SNAPSHOT-tests.jar:lib/httpcore-4.1.2.jar:lib/kryo-4.0.0.jar:lib/ant-1.8.1.jar:lib/jaxb-impl-2.2.3-1.jar:lib/jersey-json-1.9.jar:lib/commons-compress-1.4.1.jar:lib/leveldbjni-all-1.8.jar:lib/paranamer-2.3.jar:lib/jackson-core-2.8.4.jar:lib/commons-math3-3.6.1.jar:lib/scala-parser-combinators_2.11-1.0.4.jar:lib/netty-3.10.6.Final.jar:lib/trove4j-3.0.3.jar:lib/jaxb-api-2.2.2.jar:lib/logback-core-1.2.3.jar:lib/snappy-java-1.0.4.1.jar:lib/protobuf-java-2.5.0.jar:lib/reactive-streams-1.0.1.jar:lib/flamestream-examples-1.0-SNAPSHOT.jar:lib/commons-codec-1.4.jar:lib/activation-1.1.jar:lib/commons-net-3.1.jar:lib/curator-recipes-2.7.1.jar:lib/jackson-mapper-asl-1.9.13.jar:lib/jackson-databind-2.8.4.jar:lib/flamestream-runtime-1.0-SNAPSHOT.jar:lib/jackson-jaxrs-1.8.3.jar:lib/slf4j-api-1.7.24.jar:lib/akka-remote_2.11-2.5.6.jar:lib/akka-testkit_2.11-2.5.6.jar:lib/jline-0.9.94.jar:lib/akka-stream_2.11-2.5.6.jar:lib/jsp-api-2.1.jar:lib/kryonet-2.21.jar:lib/akka-kryo-serialization_2.11-0.5.0.jar:lib/config-1.3.1.jar:lib/ant-launcher-1.8.1.jar:lib/commons-logging-1.2.jar:lib/ssl-config-core_2.11-0.2.2.jar:lib/testng-6.10.jar:lib/leveldb-api-0.7.jar:lib/reflectasm-1.11.3.jar:lib/jcommander-1.48.jar:lib/commons-1.1.jar:lib/commons-digester-1.8.jar:lib/minlog-1.2.jar:lib/java-xmlbuilder-0.4.jar:lib/jettison-1.1.jar:lib/gson-2.2.4.jar:lib/jdk.tools-1.8.jar:lib/aeron-driver-1.3.0.jar:lib/zookeeper-3.4.9.jar:lib/commons-beanutils-core-1.8.0.jar:lib/commons-math3-3.1.1.jar:lib/akka-actor_2.11-2.5.6.jar:lib/curator-client-2.7.1.jar:lib/servlet-api-2.5.jar:lib/apacheds-i18n-2.0.0-M15.jar:lib/commons-io-2.4.jar:lib/commons-codec-1.6.jar:lib/akka-protobuf_2.11-2.5.6.jar:lib/protobuf-java-3.5.1.jar:lib/jdom-2.0.2.jar:lib/api-util-1.0.0-M20.jar:lib/hadoop-common-2.7.3.jar:lib/agrona-0.9.6.jar:lib/xmlenc-0.52.jar:lib/guava-21.0.jar:lib/commons-collections-3.2.2.jar:lib/avro-1.7.4.jar:lib/httpclient-4.1.2.jar:lib/flamestream-core-1.0-SNAPSHOT-tests.jar:lib/annotations-12.0.jar:lib/jsch-0.1.42.jar:flamestream-runtime-1.0-SNAPSHOT.jar
14:11:23.123 [worker-akka.actor.default-dispatcher-2] INFO  o.a.z.ZooKeeper  - Client environment:java.library.path=/usr/java/packages/lib/amd64:/usr/lib/x86_64-linux-gnu/jni:/lib/x86_64-linux-gnu:/usr/lib/x86_64-linux-gnu:/usr/lib/jni:/lib:/usr/lib
14:11:23.123 [worker-akka.actor.default-dispatcher-2] INFO  o.a.z.ZooKeeper  - Client environment:java.io.tmpdir=/tmp
14:11:23.123 [worker-akka.actor.default-dispatcher-2] INFO  o.a.z.ZooKeeper  - Client environment:java.compiler=<NA>
14:11:23.123 [worker-akka.actor.default-dispatcher-2] INFO  o.a.z.ZooKeeper  - Client environment:os.name=Linux
14:11:23.123 [worker-akka.actor.default-dispatcher-2] INFO  o.a.z.ZooKeeper  - Client environment:os.arch=amd64
14:11:23.123 [worker-akka.actor.default-dispatcher-2] INFO  o.a.z.ZooKeeper  - Client environment:os.version=4.4.0-1049-aws
14:11:23.123 [worker-akka.actor.default-dispatcher-2] INFO  o.a.z.ZooKeeper  - Client environment:user.name=root
14:11:23.125 [worker-akka.actor.default-dispatcher-2] INFO  o.a.z.ZooKeeper  - Client environment:user.home=/root
14:11:23.125 [worker-akka.actor.default-dispatcher-2] INFO  o.a.z.ZooKeeper  - Client environment:user.dir=/opt/flamestream
14:11:23.128 [worker-akka.actor.default-dispatcher-2] INFO  o.a.z.ZooKeeper  - Initiating client connection, connectString=172.31.34.147:2181 sessionTimeout=5000 watcher=com.spbsu.flamestream.runtime.application.LifecycleWatcher$$Lambda$29/2091173542@1b48f905
14:11:23.162 [worker-akka.actor.default-dispatcher-2] INFO  a.a.RepointableActorRef akka://worker/user/watcher - Starting...
14:11:23.166 [worker-akka.actor.default-dispatcher-2-SendThread(172.31.34.147:2181)] INFO  o.a.z.ClientCnxn  - Opening socket connection to server 172.31.34.147/172.31.34.147:2181. Will not attempt to authenticate using SASL (unknown error)
14:11:23.170 [worker-akka.actor.default-dispatcher-2-SendThread(172.31.34.147:2181)] INFO  o.a.z.ClientCnxn  - Socket connection established to 172.31.34.147/172.31.34.147:2181, initiating session
14:11:23.178 [worker-akka.actor.default-dispatcher-2-SendThread(172.31.34.147:2181)] INFO  o.a.z.ClientCnxn  - Session establishment complete on server 172.31.34.147/172.31.34.147:2181, sessionid = 0x161ae66be2d0006, negotiated timeout = 6000
14:11:23.276 [worker-akka.actor.default-dispatcher-2] INFO  a.a.RepointableActorRef akka://worker/user/watcher - Connected to ZK
14:11:33.892 [worker-akka.actor.default-dispatcher-2] INFO  a.a.RepointableActorRef akka://worker/user/watcher - Creating node with watchGraphs: 'com.spbsu.flamestream.core.Graph$Builder$MyGraph@22aae96d', config: 'ClusterConfig{paths={172.31.33.155=akka://worker@172.31.33.155:5412/user/watcher/graph0000000000, 172.31.47.83=akka://worker@172.31.47.83:5412/user/watcher/graph0000000000, 172.31.45.197=akka://worker@172.31.45.197:5412/user/watcher/graph0000000000, 172.31.42.36=akka://worker@172.31.42.36:5412/user/watcher/graph0000000000, 172.31.44.83=akka://worker@172.31.44.83:5412/user/watcher/graph0000000000, 172.31.39.64=akka://worker@172.31.39.64:5412/user/watcher/graph0000000000, 172.31.35.79=akka://worker@172.31.35.79:5412/user/watcher/graph0000000000, 172.31.34.169=akka://worker@172.31.34.169:5412/user/watcher/graph0000000000, 172.31.47.100=akka://worker@172.31.47.100:5412/user/watcher/graph0000000000, 172.31.37.101=akka://worker@172.31.37.101:5412/user/watcher/graph0000000000}, ackerLocation='172.31.35.79', props=ComputationLayout{ranges={172.31.33.155=HashRange{from=-1670265060, to=-1193046472}, 172.31.47.83=HashRange{from=1670265056, to=2147483644}, 172.31.45.197=HashRange{from=-715827884, to=-238609296}, 172.31.42.36=HashRange{from=1193046468, to=1670265056}, 172.31.44.83=HashRange{from=-238609296, to=238609292}, 172.31.39.64=HashRange{from=715827880, to=1193046468}, 172.31.35.79=HashRange{from=0, to=0}, 172.31.34.169=HashRange{from=-2147483648, to=-1670265060}, 172.31.47.100=HashRange{from=238609292, to=715827880}, 172.31.37.101=HashRange{from=-1193046472, to=-715827884}}}}'
14:11:34.678 [worker-akka.actor.default-dispatcher-2] INFO  a.a.LocalActorRef akka://worker/user/watcher/graph0000000000/graph - Starting...
14:11:34.681 [worker-akka.actor.default-dispatcher-2] INFO  a.a.LocalActorRef akka://worker/user/watcher/graph0000000000/graph/local-acker/$a - Starting...
14:11:34.683 [worker-akka.actor.default-dispatcher-2] INFO  a.a.LocalActorRef akka://worker/user/watcher/graph0000000000/graph/local-acker - Starting...
Warning: space is running low in /dev/shm (tmpfs) threshold=167,772,160 usable=158,621,696
Warning: space is running low in /dev/shm (tmpfs) threshold=167,772,160 usable=146,034,688
Warning: space is running low in /dev/shm (tmpfs) threshold=167,772,160 usable=133,447,680
Warning: space is running low in /dev/shm (tmpfs) threshold=167,772,160 usable=120,860,672
Warning: space is running low in /dev/shm (tmpfs) threshold=167,772,160 usable=108,273,664
Warning: space is running low in /dev/shm (tmpfs) threshold=167,772,160 usable=95,686,656
Warning: space is running low in /dev/shm (tmpfs) threshold=167,772,160 usable=83,099,648
Warning: space is running low in /dev/shm (tmpfs) threshold=167,772,160 usable=70,512,640
14:11:36.401 [worker-akka.actor.default-dispatcher-2] INFO  a.a.LocalActorRef akka://worker/user/watcher/graph0000000000 - Starting...
14:11:36.402 [worker-akka.actor.default-dispatcher-2] INFO  a.a.LocalActorRef akka://worker/user/watcher/graph0000000000/graph - Finishing constructor
14:11:36.403 [worker-akka.actor.default-dispatcher-2] INFO  a.a.LocalActorRef akka://worker/user/watcher/graph0000000000/negotiator - Starting...
14:11:36.403 [worker-akka.actor.default-dispatcher-2] INFO  a.a.LocalActorRef akka://worker/user/watcher/graph0000000000/edge - Starting...
14:11:36.491 [worker-akka.actor.default-dispatcher-2] INFO  c.s.f.r.e.s.SocketRear  - FlameSocketGraphDeployerRear@172.31.47.100: connecting to 172.31.34.147:5678
14:11:36.498 [worker-akka.actor.default-dispatcher-2] INFO  c.s.f.r.e.s.SocketRear  - FlameSocketGraphDeployerRear@172.31.47.100: connected to 172.31.34.147:5678
14:11:36.526 [worker-akka.actor.default-dispatcher-2] INFO  a.a.LocalActorRef akka://worker/user/watcher/graph0000000000/graph/$a - Starting...
14:11:36.539 [worker-akka.actor.default-dispatcher-2] INFO  a.a.LocalActorRef akka://worker/user/watcher/graph0000000000/graph/$b - Starting...
14:11:36.540 [worker-akka.actor.default-dispatcher-2] INFO  a.a.LocalActorRef akka://worker/user/watcher/graph0000000000/graph/$c - Starting...
14:11:36.540 [worker-akka.actor.default-dispatcher-2] INFO  a.a.LocalActorRef akka://worker/user/watcher/graph0000000000/edge/FlameSocketGraphDeployerRear - Starting...
14:11:36.540 [worker-akka.actor.default-dispatcher-2] INFO  a.a.LocalActorRef akka://worker/user/watcher/graph0000000000/edge/FlameSocketGraphDeployerFront - Starting...
14:11:36.540 [worker-akka.actor.default-dispatcher-2] INFO  a.a.LocalActorRef akka://worker/user/watcher/graph0000000000/negotiator - Requesting ticket for the frontClass FlameSocketGraphDeployerFront@172.31.47.100
14:11:36.541 [worker-akka.actor.default-dispatcher-2] INFO  a.a.LocalActorRef akka://worker/user/watcher/graph0000000000/negotiator - Ticket for the frontClass received: FrontTicket{allowedTimestamp=(1519049493891, FlameSocketGraphDeployerFront@172.31.47.100)}
14:11:36.543 [worker-akka.actor.default-dispatcher-2] INFO  c.s.f.r.e.s.SocketFront  - FlameSocketGraphDeployerFront@172.31.47.100: connecting to 172.31.34.147:4567
14:11:36.565 [Client] INFO  c.s.f.r.e.s.SocketFront  - FlameSocketGraphDeployerFront@172.31.47.100 has been disconnected from Connection 10
2018-02-19T14:11:39.643+0000: 20.032: [GC (Allocation Failure) 2018-02-19T14:11:39.643+0000: 20.032: [DefNew: 136576K->15426K(153600K), 0.0518166 secs] 151991K->50373K(494976K), 0.0518925 secs] [Times: user=0.05 sys=0.00, real=0.05 secs] 
2018-02-19T14:11:52.599+0000: 32.988: [GC (Allocation Failure) 2018-02-19T14:11:52.599+0000: 32.988: [DefNew: 152002K->3702K(153600K), 0.0178329 secs] 186949K->46219K(494976K), 0.0178943 secs] [Times: user=0.01 sys=0.00, real=0.01 secs] 
2018-02-19T14:12:05.753+0000: 46.142: [GC (Allocation Failure) 2018-02-19T14:12:05.753+0000: 46.142: [DefNew: 140278K->5876K(153600K), 0.0125899 secs] 182795K->48392K(494976K), 0.0126512 secs] [Times: user=0.02 sys=0.00, real=0.01 secs] 
2018-02-19T14:12:17.891+0000: 58.281: [GC (Allocation Failure) 2018-02-19T14:12:17.891+0000: 58.281: [DefNew: 142452K->7908K(153600K), 0.0168345 secs] 184968K->50424K(494976K), 0.0169021 secs] [Times: user=0.02 sys=0.00, real=0.02 secs] 
2018-02-19T14:12:27.707+0000: 68.097: [GC (Allocation Failure) 2018-02-19T14:12:27.707+0000: 68.097: [DefNew: 144484K->9336K(153600K), 0.0150516 secs] 187000K->51852K(494976K), 0.0151196 secs] [Times: user=0.01 sys=0.00, real=0.01 secs] 
2018-02-19T14:12:37.969+0000: 78.358: [GC (Allocation Failure) 2018-02-19T14:12:37.969+0000: 78.358: [DefNew: 145912K->8835K(153600K), 0.0171416 secs] 188428K->52978K(494976K), 0.0172030 secs] [Times: user=0.01 sys=0.01, real=0.02 secs] 
2018-02-19T14:12:49.378+0000: 89.767: [GC (Allocation Failure) 2018-02-19T14:12:49.378+0000: 89.767: [DefNew: 145411K->8566K(153600K), 0.0164965 secs] 189554K->54085K(494976K), 0.0165626 secs] [Times: user=0.02 sys=0.00, real=0.01 secs] 
2018-02-19T14:13:05.740+0000: 106.130: [GC (Allocation Failure) 2018-02-19T14:13:05.740+0000: 106.130: [DefNew: 145142K->8968K(153600K), 0.0191303 secs] 190661K->55656K(494976K), 0.0192095 secs] [Times: user=0.02 sys=0.00, real=0.02 secs] 
2018-02-19T14:13:20.548+0000: 120.938: [GC (Allocation Failure) 2018-02-19T14:13:20.548+0000: 120.938: [DefNew: 145544K->9302K(153600K), 0.0165034 secs] 192232K->57002K(494976K), 0.0165751 secs] [Times: user=0.02 sys=0.00, real=0.01 secs] 
2018-02-19T14:13:31.841+0000: 132.230: [GC (Allocation Failure) 2018-02-19T14:13:31.841+0000: 132.230: [DefNew: 145878K->9037K(153600K), 0.0168465 secs] 193578K->58182K(494976K), 0.0169547 secs] [Times: user=0.02 sys=0.00, real=0.02 secs] 
2018-02-19T14:13:45.759+0000: 146.148: [GC (Allocation Failure) 2018-02-19T14:13:45.759+0000: 146.148: [DefNew: 145613K->8999K(153600K), 0.0159299 secs] 194758K->59204K(494976K), 0.0159913 secs] [Times: user=0.02 sys=0.00, real=0.01 secs] 
2018-02-19T14:14:00.730+0000: 161.119: [GC (Allocation Failure) 2018-02-19T14:14:00.730+0000: 161.119: [DefNew: 145575K->8671K(153600K), 0.0168122 secs] 195780K->60539K(494976K), 0.0168773 secs] [Times: user=0.01 sys=0.01, real=0.02 secs] 
2018-02-19T14:14:13.770+0000: 174.159: [GC (Allocation Failure) 2018-02-19T14:14:13.770+0000: 174.159: [DefNew: 145247K->8905K(153600K), 0.0170164 secs] 197115K->62019K(494976K), 0.0170807 secs] [Times: user=0.02 sys=0.00, real=0.02 secs] 
2018-02-19T14:14:26.531+0000: 186.920: [GC (Allocation Failure) 2018-02-19T14:14:26.531+0000: 186.920: [DefNew: 145481K->8604K(153600K), 0.0164343 secs] 198595K->62795K(494976K), 0.0164990 secs] [Times: user=0.01 sys=0.00, real=0.02 secs] 
2018-02-19T14:14:41.905+0000: 202.295: [GC (Allocation Failure) 2018-02-19T14:14:41.905+0000: 202.295: [DefNew: 145180K->8701K(153600K), 0.0164568 secs] 199371K->63965K(494976K), 0.0165181 secs] [Times: user=0.02 sys=0.00, real=0.02 secs] 
2018-02-19T14:14:55.051+0000: 215.440: [GC (Allocation Failure) 2018-02-19T14:14:55.051+0000: 215.440: [DefNew: 145277K->8881K(153600K), 0.0166363 secs] 200541K->65286K(494976K), 0.0167114 secs] [Times: user=0.01 sys=0.00, real=0.02 secs] 
2018-02-19T14:15:07.989+0000: 228.378: [GC (Allocation Failure) 2018-02-19T14:15:07.989+0000: 228.378: [DefNew: 145457K->9465K(153600K), 0.0174428 secs] 201862K->66844K(494976K), 0.0175244 secs] [Times: user=0.01 sys=0.00, real=0.02 secs] 
2018-02-19T14:15:22.592+0000: 242.981: [GC (Allocation Failure) 2018-02-19T14:15:22.592+0000: 242.981: [DefNew: 146041K->10015K(153600K), 0.0178409 secs] 203420K->68398K(494976K), 0.0179021 secs] [Times: user=0.02 sys=0.00, real=0.02 secs] 
2018-02-19T14:15:40.013+0000: 260.403: [GC (Allocation Failure) 2018-02-19T14:15:40.013+0000: 260.403: [DefNew: 146591K->8902K(153600K), 0.0227960 secs] 204974K->69686K(494976K), 0.0228536 secs] [Times: user=0.01 sys=0.01, real=0.02 secs] 
2018-02-19T14:15:51.566+0000: 271.956: [GC (Allocation Failure) 2018-02-19T14:15:51.566+0000: 271.956: [DefNew: 145478K->8785K(153600K), 0.0176925 secs] 206262K->70757K(494976K), 0.0177587 secs] [Times: user=0.01 sys=0.01, real=0.01 secs] 
2018-02-19T14:16:04.876+0000: 285.265: [GC (Allocation Failure) 2018-02-19T14:16:04.876+0000: 285.265: [DefNew: 145361K->8752K(153600K), 0.0181358 secs] 207333K->72128K(494976K), 0.0182008 secs] [Times: user=0.02 sys=0.00, real=0.02 secs] 
2018-02-19T14:16:14.551+0000: 294.940: [GC (Allocation Failure) 2018-02-19T14:16:14.551+0000: 294.940: [DefNew: 145328K->8788K(153600K), 0.0160082 secs] 208704K->73525K(494976K), 0.0160712 secs] [Times: user=0.02 sys=0.00, real=0.02 secs] 
2018-02-19T14:16:27.897+0000: 308.286: [GC (Allocation Failure) 2018-02-19T14:16:27.897+0000: 308.286: [DefNew: 145364K->10091K(153600K), 0.0180517 secs] 210101K->75840K(494976K), 0.0181162 secs] [Times: user=0.01 sys=0.00, real=0.02 secs] 
2018-02-19T14:16:40.354+0000: 320.744: [GC (Allocation Failure) 2018-02-19T14:16:40.354+0000: 320.744: [DefNew: 146667K->9979K(153600K), 0.0186024 secs] 212416K->77154K(494976K), 0.0186687 secs] [Times: user=0.02 sys=0.00, real=0.02 secs] 
2018-02-19T14:16:52.825+0000: 333.214: [GC (Allocation Failure) 2018-02-19T14:16:52.825+0000: 333.214: [DefNew: 146555K->7753K(153600K), 0.0176573 secs] 213730K->78412K(494976K), 0.0177327 secs] [Times: user=0.02 sys=0.00, real=0.02 secs] 
2018-02-19T14:17:06.611+0000: 347.000: [GC (Allocation Failure) 2018-02-19T14:17:06.611+0000: 347.000: [DefNew: 144329K->9468K(153600K), 0.0150538 secs] 214988K->80127K(494976K), 0.0151199 secs] [Times: user=0.02 sys=0.00, real=0.02 secs] 
2018-02-19T14:17:19.828+0000: 360.217: [GC (Allocation Failure) 2018-02-19T14:17:19.828+0000: 360.217: [DefNew: 146044K->9515K(153600K), 0.0172929 secs] 216703K->81416K(494976K), 0.0173707 secs] [Times: user=0.02 sys=0.00, real=0.01 secs] 
2018-02-19T14:17:30.956+0000: 371.345: [GC (Allocation Failure) 2018-02-19T14:17:30.956+0000: 371.345: [DefNew: 146091K->10236K(153600K), 0.0190098 secs] 217992K->83329K(494976K), 0.0190720 secs] [Times: user=0.02 sys=0.00, real=0.02 secs] 
2018-02-19T14:17:44.921+0000: 385.310: [GC (Allocation Failure) 2018-02-19T14:17:44.921+0000: 385.310: [DefNew: 146812K->8359K(153600K), 0.0173064 secs] 219905K->84063K(494976K), 0.0173821 secs] [Times: user=0.01 sys=0.00, real=0.02 secs] 
2018-02-19T14:17:56.668+0000: 397.058: [GC (Allocation Failure) 2018-02-19T14:17:56.668+0000: 397.058: [DefNew: 144935K->9943K(153600K), 0.0145732 secs] 220639K->85648K(494976K), 0.0146622 secs] [Times: user=0.01 sys=0.00, real=0.01 secs] 
2018-02-19T14:18:11.531+0000: 411.920: [GC (Allocation Failure) 2018-02-19T14:18:11.531+0000: 411.920: [DefNew: 146519K->10399K(153600K), 0.0184397 secs] 222224K->87419K(494976K), 0.0185029 secs] [Times: user=0.01 sys=0.00, real=0.02 secs] 
2018-02-19T14:18:23.243+0000: 423.632: [GC (Allocation Failure) 2018-02-19T14:18:23.243+0000: 423.633: [DefNew: 146975K->8924K(153600K), 0.0182413 secs] 223995K->88538K(494976K), 0.0183056 secs] [Times: user=0.02 sys=0.01, real=0.02 secs] 
2018-02-19T14:18:34.720+0000: 435.110: [GC (Allocation Failure) 2018-02-19T14:18:34.720+0000: 435.110: [DefNew: 145500K->9029K(153600K), 0.0207065 secs] 225114K->90262K(494976K), 0.0207871 secs] [Times: user=0.01 sys=0.00, real=0.02 secs] 
2018-02-19T14:18:47.887+0000: 448.276: [GC (Allocation Failure) 2018-02-19T14:18:47.887+0000: 448.276: [DefNew: 145605K->9381K(153600K), 0.0180253 secs] 226838K->92061K(494976K), 0.0180938 secs] [Times: user=0.01 sys=0.00, real=0.01 secs] 
2018-02-19T14:19:02.569+0000: 462.958: [GC (Allocation Failure) 2018-02-19T14:19:02.569+0000: 462.958: [DefNew: 145957K->9488K(153600K), 0.0174441 secs] 228637K->93660K(494976K), 0.0175051 secs] [Times: user=0.02 sys=0.00, real=0.02 secs] 
2018-02-19T14:19:15.311+0000: 475.700: [GC (Allocation Failure) 2018-02-19T14:19:15.311+0000: 475.700: [DefNew: 146064K->9589K(153600K), 0.0180370 secs] 230236K->95399K(494976K), 0.0181071 secs] [Times: user=0.01 sys=0.00, real=0.02 secs] 
2018-02-19T14:19:29.914+0000: 490.303: [GC (Allocation Failure) 2018-02-19T14:19:29.914+0000: 490.303: [DefNew: 146165K->9650K(153600K), 0.0183079 secs] 231975K->97075K(494976K), 0.0183835 secs] [Times: user=0.02 sys=0.00, real=0.02 secs] 
2018-02-19T14:19:41.596+0000: 501.985: [GC (Allocation Failure) 2018-02-19T14:19:41.596+0000: 501.985: [DefNew: 146226K->10154K(153600K), 0.0167305 secs] 233651K->98993K(494976K), 0.0168020 secs] [Times: user=0.01 sys=0.00, real=0.02 secs] 
2018-02-19T14:19:54.919+0000: 515.308: [GC (Allocation Failure) 2018-02-19T14:19:54.919+0000: 515.308: [DefNew: 146730K->9797K(153600K), 0.0177854 secs] 235569K->100380K(494976K), 0.0178462 secs] [Times: user=0.02 sys=0.00, real=0.01 secs] 
2018-02-19T14:20:06.060+0000: 526.449: [GC (Allocation Failure) 2018-02-19T14:20:06.060+0000: 526.449: [DefNew: 146373K->9970K(153600K), 0.0184147 secs] 236956K->102112K(494976K), 0.0184757 secs] [Times: user=0.02 sys=0.01, real=0.02 secs] 
14:20:12.826 [Client] INFO  c.s.f.r.e.s.SocketRear  - FlameSocketGraphDeployerRear@172.31.47.100: has been disconnected from Connection 10
14:20:25.979 [worker-akka.actor.default-dispatcher-2] INFO  a.a.CoordinatedShutdown CoordinatedShutdown(akka://worker) - Starting coordinated shutdown from JVM shutdown hook
14:20:26.069 [worker-akka.actor.default-dispatcher-2] INFO  a.a.LocalActorRef akka://worker/user/watcher/graph0000000000/negotiator - Stopped
14:20:26.071 [worker-akka.actor.default-dispatcher-2] INFO  a.a.LocalActorRef akka://worker/user/watcher/graph0000000000/edge/FlameSocketGraphDeployerFront - Stopped
14:20:26.072 [worker-akka.actor.default-dispatcher-2] INFO  a.a.LocalActorRef akka://worker/user/watcher/graph0000000000/graph/local-acker/$a - Stopped
14:20:26.076 [worker-akka.actor.default-dispatcher-2] INFO  a.a.LocalActorRef akka://worker/user/watcher/graph0000000000/edge/FlameSocketGraphDeployerRear - Stopped
14:20:26.077 [worker-akka.actor.default-dispatcher-2] INFO  a.a.LocalActorRef akka://worker/user/watcher/graph0000000000/graph/$a - Stopped
14:20:26.077 [worker-akka.actor.default-dispatcher-2] INFO  a.a.LocalActorRef akka://worker/user/watcher/graph0000000000/graph/$b - Stopped
14:20:26.077 [worker-akka.actor.default-dispatcher-2] INFO  a.a.LocalActorRef akka://worker/user/watcher/graph0000000000/graph/$c - Stopped
14:20:26.082 [worker-akka.actor.default-dispatcher-2] INFO  a.a.LocalActorRef akka://worker/user/watcher/graph0000000000/edge - Stopped
14:20:26.082 [worker-akka.actor.default-dispatcher-2] INFO  a.a.LocalActorRef akka://worker/user/watcher/graph0000000000/graph/local-acker/$a - Message [com.spbsu.flamestream.runtime.utils.akka.PingActor$InnerPing] from Actor[akka://worker/user/watcher/graph0000000000/graph/local-acker/$a#1218295054] to Actor[akka://worker/user/watcher/graph0000000000/graph/local-acker/$a#1218295054] was not delivered. [1] dead letters encountered. This logging can be turned off or adjusted with configuration settings 'akka.log-dead-letters' and 'akka.log-dead-letters-during-shutdown'.
14:20:26.082 [worker-akka.actor.default-dispatcher-2] INFO  a.a.LocalActorRef akka://worker/user/watcher/graph0000000000/graph/local-acker - Stopped
14:20:26.085 [worker-akka.actor.default-dispatcher-2] INFO  a.a.LocalActorRef akka://worker/user/watcher/graph0000000000/graph/local-acker/$a - Message [com.spbsu.flamestream.runtime.utils.akka.PingActor$Stop] from Actor[akka://worker/user/watcher/graph0000000000/graph/local-acker#811998625] to Actor[akka://worker/user/watcher/graph0000000000/graph/local-acker/$a#1218295054] was not delivered. [2] dead letters encountered. This logging can be turned off or adjusted with configuration settings 'akka.log-dead-letters' and 'akka.log-dead-letters-during-shutdown'.
14:20:26.087 [worker-akka.actor.default-dispatcher-2] INFO  a.a.LocalActorRef akka://worker/user/watcher/graph0000000000/graph/local-acker - Message [com.spbsu.flamestream.runtime.acker.LocalAcker$Flush] from Actor[akka://worker/user/watcher/graph0000000000/graph/local-acker#811998625] to Actor[akka://worker/user/watcher/graph0000000000/graph/local-acker#811998625] was not delivered. [3] dead letters encountered. This logging can be turned off or adjusted with configuration settings 'akka.log-dead-letters' and 'akka.log-dead-letters-during-shutdown'.
14:20:26.087 [worker-akka.actor.default-dispatcher-2] INFO  a.a.LocalActorRef akka://worker/user/watcher/graph0000000000/graph/local-acker - Message [com.spbsu.flamestream.runtime.acker.LocalAcker$Flush] from Actor[akka://worker/user/watcher/graph0000000000/graph/local-acker#811998625] to Actor[akka://worker/user/watcher/graph0000000000/graph/local-acker#811998625] was not delivered. [4] dead letters encountered. This logging can be turned off or adjusted with configuration settings 'akka.log-dead-letters' and 'akka.log-dead-letters-during-shutdown'.
14:20:26.087 [worker-akka.actor.default-dispatcher-2] INFO  a.a.LocalActorRef akka://worker/user/watcher/graph0000000000/graph - Stopped
14:20:26.087 [worker-akka.actor.default-dispatcher-2] INFO  a.a.LocalActorRef akka://worker/user/watcher/graph0000000000 - Stopped
14:20:26.091 [worker-akka.actor.default-dispatcher-2-EventThread] INFO  o.a.z.ClientCnxn  - EventThread shut down for session: 0x161ae66be2d0006
14:20:26.092 [worker-akka.actor.default-dispatcher-2] INFO  o.a.z.ZooKeeper  - Session: 0x161ae66be2d0006 closed
14:20:26.092 [worker-akka.actor.default-dispatcher-2] INFO  a.a.RepointableActorRef akka://worker/user/watcher - Stopped
14:20:26.117 [worker-akka.actor.default-dispatcher-2] INFO  a.r.RemoteActorRefProvider$RemotingTerminator akka://worker@172.31.47.100:5412/system/remoting-terminator - Shutting down remote daemon.
14:20:26.120 [worker-akka.actor.default-dispatcher-2] INFO  a.r.RemoteActorRefProvider$RemotingTerminator akka://worker@172.31.47.100:5412/system/remoting-terminator - Remote daemon shut down; proceeding with flushing remote transports.
14:20:27.320 [worker-akka.actor.default-dispatcher-2] INFO  a.r.RemoteActorRefProvider$RemotingTerminator akka://worker@172.31.47.100:5412/system/remoting-terminator - Remoting shut down.
Heap
 def new generation   total 153600K, used 108369K [0x00000000e0c00000, 0x00000000eb2a0000, 0x00000000eb2a0000)
  eden space 136576K,  72% used [0x00000000e0c00000, 0x00000000e6c17b00, 0x00000000e9160000)
  from space 17024K,  58% used [0x00000000e9160000, 0x00000000e9b1cb08, 0x00000000ea200000)
  to   space 17024K,   0% used [0x00000000ea200000, 0x00000000ea200000, 0x00000000eb2a0000)
 tenured generation   total 341376K, used 92141K [0x00000000eb2a0000, 0x0000000100000000, 0x0000000100000000)
   the space 341376K,  26% used [0x00000000eb2a0000, 0x00000000f0c9b588, 0x00000000f0c9b600, 0x0000000100000000)
 Metaspace       used 33460K, capacity 34230K, committed 34432K, reserved 1079296K
  class space    used 4456K, capacity 4624K, committed 4736K, reserved 1048576K
