17:02:03,958 |-INFO in ch.qos.logback.classic.LoggerContext[default] - Could NOT find resource [logback-test.xml]
17:02:03,958 |-INFO in ch.qos.logback.classic.LoggerContext[default] - Could NOT find resource [logback.groovy]
17:02:03,958 |-INFO in ch.qos.logback.classic.LoggerContext[default] - Found resource [logback.xml] at [jar:file:/opt/flamestream/lib/flamestream-runtime-1.0-SNAPSHOT.jar!/logback.xml]
17:02:03,966 |-WARN in ch.qos.logback.classic.LoggerContext[default] - Resource [logback.xml] occurs multiple times on the classpath.
17:02:03,966 |-WARN in ch.qos.logback.classic.LoggerContext[default] - Resource [logback.xml] occurs at [jar:file:/opt/flamestream/flamestream-runtime-1.0-SNAPSHOT.jar!/logback.xml]
17:02:03,966 |-WARN in ch.qos.logback.classic.LoggerContext[default] - Resource [logback.xml] occurs at [jar:file:/opt/flamestream/lib/flamestream-runtime-1.0-SNAPSHOT.jar!/logback.xml]
17:02:03,983 |-INFO in ch.qos.logback.core.joran.spi.ConfigurationWatchList@69b794e2 - URL [jar:file:/opt/flamestream/lib/flamestream-runtime-1.0-SNAPSHOT.jar!/logback.xml] is not of type file
17:02:04,075 |-INFO in ch.qos.logback.classic.joran.action.ConfigurationAction - debug attribute not set
17:02:04,075 |-INFO in ch.qos.logback.core.joran.action.AppenderAction - About to instantiate appender of type [ch.qos.logback.core.ConsoleAppender]
17:02:04,084 |-INFO in ch.qos.logback.core.joran.action.AppenderAction - Naming appender as [STDOUT]
17:02:04,092 |-INFO in ch.qos.logback.core.joran.action.NestedComplexPropertyIA - Assuming default type [ch.qos.logback.classic.encoder.PatternLayoutEncoder] for [encoder] property
17:02:04,129 |-INFO in ch.qos.logback.core.joran.action.AppenderAction - About to instantiate appender of type [ch.qos.logback.core.rolling.RollingFileAppender]
17:02:04,131 |-INFO in ch.qos.logback.core.joran.action.AppenderAction - Naming appender as [FILE]
17:02:04,150 |-INFO in c.q.l.core.rolling.TimeBasedRollingPolicy@1059063940 - No compression will be used
17:02:04,151 |-INFO in c.q.l.core.rolling.TimeBasedRollingPolicy@1059063940 - Will use the pattern /tmp/application_%d{yyyy-MM-dd}.%i.log for the active file
17:02:04,157 |-INFO in ch.qos.logback.core.rolling.SizeAndTimeBasedFNATP@4d339552 - The date pattern is 'yyyy-MM-dd' from file name pattern '/tmp/application_%d{yyyy-MM-dd}.%i.log'.
17:02:04,157 |-INFO in ch.qos.logback.core.rolling.SizeAndTimeBasedFNATP@4d339552 - Roll-over at midnight.
17:02:04,161 |-INFO in ch.qos.logback.core.rolling.SizeAndTimeBasedFNATP@4d339552 - Setting initial period to Thu Mar 22 17:00:21 UTC 2018
17:02:04,162 |-WARN in ch.qos.logback.core.rolling.SizeAndTimeBasedFNATP@4d339552 - SizeAndTimeBasedFNATP is deprecated. Use SizeAndTimeBasedRollingPolicy instead
17:02:04,162 |-WARN in ch.qos.logback.core.rolling.SizeAndTimeBasedFNATP@4d339552 - For more information see http://logback.qos.ch/manual/appenders.html#SizeAndTimeBasedRollingPolicy
17:02:04,165 |-INFO in ch.qos.logback.core.joran.action.NestedComplexPropertyIA - Assuming default type [ch.qos.logback.classic.encoder.PatternLayoutEncoder] for [encoder] property
17:02:04,170 |-INFO in ch.qos.logback.core.rolling.RollingFileAppender[FILE] - Active log file name: /tmp/application.log
17:02:04,170 |-INFO in ch.qos.logback.core.rolling.RollingFileAppender[FILE] - File property is set to [/tmp/application.log]
17:02:04,171 |-INFO in ch.qos.logback.classic.joran.action.RootLoggerAction - Setting level of ROOT logger to INFO
17:02:04,171 |-INFO in ch.qos.logback.core.joran.action.AppenderRefAction - Attaching appender named [STDOUT] to Logger[ROOT]
17:02:04,171 |-INFO in ch.qos.logback.core.joran.action.AppenderRefAction - Attaching appender named [FILE] to Logger[ROOT]
17:02:04,172 |-INFO in ch.qos.logback.classic.joran.action.ConfigurationAction - End of configuration.
17:02:04,172 |-INFO in ch.qos.logback.classic.joran.JoranConfigurator@f0f2775 - Registering current configuration as safe fallback point

17:02:04.176 [main] INFO  c.s.f.r.a.WorkerApplication  - Starting worker with id: '10.0.0.92', host: '10.0.0.92:5412', zkString: '10.0.0.101:2181'
17:02:05.081 [worker-akka.actor.default-dispatcher-6] INFO  a.e.s.Slf4jLogger  - Slf4jLogger started
2018-03-22T17:02:05.211+0000: 1.845: [Full GC (Metadata GC Threshold) 2018-03-22T17:02:05.211+0000: 1.845: [Tenured: 0K->15852K(341376K), 0.0391742 secs] 134103K->15852K(494976K), [Metaspace: 20944K->20944K(1067008K)], 0.0392416 secs] [Times: user=0.04 sys=0.00, real=0.04 secs] 
Ama winner
Ama winner
17:02:05.613 [worker-akka.actor.default-dispatcher-6] INFO  a.r.a.ArteryTransport(akka://worker) akka.remote.artery.ArteryTransport(akka://worker) - Started embedded media driver in directory [/dev/shm/aeron-root-worker-d82d71cf-b81c-4ae2-97ab-910cbf943b0a]
17:02:05.799 [worker-akka.actor.default-dispatcher-6] INFO  a.r.a.ArteryTransport(akka://worker) akka.remote.artery.ArteryTransport(akka://worker) - Remoting started; listening on address: [akka://worker@10.0.0.92:5412] with UID [7335513948629336350]
17:02:05.855 [worker-akka.actor.default-dispatcher-2] INFO  a.a.RepointableActorRef akka://worker/user/watcher - Starting...
17:02:05.866 [worker-akka.actor.default-dispatcher-7] INFO  o.a.z.ZooKeeper  - Client environment:zookeeper.version=3.4.9-1757313, built on 08/23/2016 06:50 GMT
17:02:05.866 [worker-akka.actor.default-dispatcher-7] INFO  o.a.z.ZooKeeper  - Client environment:host.name=localhost
17:02:05.866 [worker-akka.actor.default-dispatcher-7] INFO  o.a.z.ZooKeeper  - Client environment:java.version=1.8.0_151
17:02:05.866 [worker-akka.actor.default-dispatcher-7] INFO  o.a.z.ZooKeeper  - Client environment:java.vendor=Oracle Corporation
17:02:05.866 [worker-akka.actor.default-dispatcher-7] INFO  o.a.z.ZooKeeper  - Client environment:java.home=/usr/lib/jvm/java-8-openjdk-amd64/jre
17:02:05.867 [worker-akka.actor.default-dispatcher-7] INFO  o.a.z.ZooKeeper  - Client environment:java.class.path=lib/commons-cli-1.4.jar:lib/minlog-1.3.0.jar:lib/asm-5.0.4.jar:lib/hadoop-annotations-2.7.3.jar:lib/hadoop-auth-2.7.3.jar:lib/akka-slf4j_2.11-2.5.6.jar:lib/jersey-core-1.9.jar:lib/lz4-1.3.0.jar:lib/jackson-core-asl-1.9.13.jar:lib/aeron-client-1.3.0.jar:lib/htrace-core-3.1.0-incubating.jar:lib/xz-1.0.jar:lib/commons-httpclient-3.1.jar:lib/asm-3.1.jar:lib/commons-lang3-3.4.jar:lib/scala-library-2.11.11.jar:lib/scala-java8-compat_2.11-0.7.0.jar:lib/commons-configuration-1.6.jar:lib/objenesis-2.1.jar:lib/jackson-annotations-2.8.0.jar:lib/jsr305-3.0.0.jar:lib/curator-framework-2.7.1.jar:lib/jersey-server-1.9.jar:lib/jets3t-0.9.0.jar:lib/leveldb-0.7.jar:lib/jetty-6.1.26.jar:lib/stax-api-1.0-2.jar:lib/flamestream-core-1.0-SNAPSHOT.jar:lib/reflectasm-1.07-shaded.jar:lib/apacheds-kerberos-codec-2.0.0-M15.jar:lib/api-asn1-api-1.0.0-M20.jar:lib/commons-lang-2.6.jar:lib/commons-beanutils-1.7.0.jar:lib/jackson-xc-1.8.3.jar:lib/jetty-util-6.1.26.jar:lib/logback-classic-1.2.3.jar:lib/jool-0.9.12.jar:lib/httpcore-4.1.2.jar:lib/kryo-4.0.0.jar:lib/ant-1.8.1.jar:lib/jaxb-impl-2.2.3-1.jar:lib/jersey-json-1.9.jar:lib/commons-compress-1.4.1.jar:lib/leveldbjni-all-1.8.jar:lib/paranamer-2.3.jar:lib/jackson-core-2.8.4.jar:lib/commons-math3-3.6.1.jar:lib/scala-parser-combinators_2.11-1.0.4.jar:lib/netty-3.10.6.Final.jar:lib/trove4j-3.0.3.jar:lib/jaxb-api-2.2.2.jar:lib/logback-core-1.2.3.jar:lib/snappy-java-1.0.4.1.jar:lib/protobuf-java-2.5.0.jar:lib/reactive-streams-1.0.1.jar:lib/flamestream-examples-1.0-SNAPSHOT.jar:lib/commons-codec-1.4.jar:lib/activation-1.1.jar:lib/commons-net-3.1.jar:lib/curator-recipes-2.7.1.jar:lib/jackson-mapper-asl-1.9.13.jar:lib/jackson-databind-2.8.4.jar:lib/flamestream-runtime-1.0-SNAPSHOT.jar:lib/jackson-jaxrs-1.8.3.jar:lib/slf4j-api-1.7.24.jar:lib/akka-remote_2.11-2.5.6.jar:lib/akka-testkit_2.11-2.5.6.jar:lib/jline-0.9.94.jar:lib/jedis-2.9.0.jar:lib/akka-stream_2.11-2.5.6.jar:lib/jsp-api-2.1.jar:lib/kryonet-2.21.jar:lib/akka-kryo-serialization_2.11-0.5.0.jar:lib/config-1.3.1.jar:lib/ant-launcher-1.8.1.jar:lib/commons-logging-1.2.jar:lib/ssl-config-core_2.11-0.2.2.jar:lib/testng-6.10.jar:lib/leveldb-api-0.7.jar:lib/reflectasm-1.11.3.jar:lib/jcommander-1.48.jar:lib/commons-1.1.jar:lib/commons-digester-1.8.jar:lib/minlog-1.2.jar:lib/java-xmlbuilder-0.4.jar:lib/jettison-1.1.jar:lib/gson-2.2.4.jar:lib/jdk.tools-1.8.jar:lib/aeron-driver-1.3.0.jar:lib/zookeeper-3.4.9.jar:lib/commons-beanutils-core-1.8.0.jar:lib/commons-math3-3.1.1.jar:lib/akka-actor_2.11-2.5.6.jar:lib/curator-client-2.7.1.jar:lib/servlet-api-2.5.jar:lib/commons-pool2-2.4.2.jar:lib/apacheds-i18n-2.0.0-M15.jar:lib/commons-io-2.4.jar:lib/commons-codec-1.6.jar:lib/akka-protobuf_2.11-2.5.6.jar:lib/jdom-2.0.2.jar:lib/rocksdbjni-5.5.1.jar:lib/api-util-1.0.0-M20.jar:lib/hadoop-common-2.7.3.jar:lib/agrona-0.9.6.jar:lib/xmlenc-0.52.jar:lib/guava-21.0.jar:lib/commons-collections-3.2.2.jar:lib/avro-1.7.4.jar:lib/httpclient-4.1.2.jar:lib/flamestream-core-1.0-SNAPSHOT-tests.jar:lib/annotations-12.0.jar:lib/jsch-0.1.42.jar:flamestream-runtime-1.0-SNAPSHOT.jar
17:02:05.867 [worker-akka.actor.default-dispatcher-7] INFO  o.a.z.ZooKeeper  - Client environment:java.library.path=/usr/java/packages/lib/amd64:/usr/lib/x86_64-linux-gnu/jni:/lib/x86_64-linux-gnu:/usr/lib/x86_64-linux-gnu:/usr/lib/jni:/lib:/usr/lib
17:02:05.867 [worker-akka.actor.default-dispatcher-7] INFO  o.a.z.ZooKeeper  - Client environment:java.io.tmpdir=/tmp
17:02:05.867 [worker-akka.actor.default-dispatcher-7] INFO  o.a.z.ZooKeeper  - Client environment:java.compiler=<NA>
17:02:05.867 [worker-akka.actor.default-dispatcher-7] INFO  o.a.z.ZooKeeper  - Client environment:os.name=Linux
17:02:05.867 [worker-akka.actor.default-dispatcher-7] INFO  o.a.z.ZooKeeper  - Client environment:os.arch=amd64
17:02:05.868 [worker-akka.actor.default-dispatcher-7] INFO  o.a.z.ZooKeeper  - Client environment:os.version=4.4.0-1049-aws
17:02:05.869 [worker-akka.actor.default-dispatcher-7] INFO  o.a.z.ZooKeeper  - Client environment:user.name=root
17:02:05.869 [worker-akka.actor.default-dispatcher-7] INFO  o.a.z.ZooKeeper  - Client environment:user.home=/root
17:02:05.869 [worker-akka.actor.default-dispatcher-7] INFO  o.a.z.ZooKeeper  - Client environment:user.dir=/opt/flamestream
17:02:05.871 [worker-akka.actor.default-dispatcher-7] INFO  o.a.z.ZooKeeper  - Initiating client connection, connectString=10.0.0.101:2181 sessionTimeout=5000 watcher=com.spbsu.flamestream.runtime.application.LifecycleWatcher$$Lambda$29/384816599@6ce76d52
17:02:05.905 [worker-akka.actor.default-dispatcher-2] INFO  a.a.RepointableActorRef akka://worker/user/watcher - Initializing rocksDB backend
17:02:05.907 [worker-akka.actor.default-dispatcher-7-SendThread(10.0.0.101:2181)] INFO  o.a.z.ClientCnxn  - Opening socket connection to server 10.0.0.101/10.0.0.101:2181. Will not attempt to authenticate using SASL (unknown error)
17:02:05.914 [worker-akka.actor.default-dispatcher-7-SendThread(10.0.0.101:2181)] INFO  o.a.z.ClientCnxn  - Socket connection established to 10.0.0.101/10.0.0.101:2181, initiating session
17:02:05.929 [worker-akka.actor.default-dispatcher-7-SendThread(10.0.0.101:2181)] INFO  o.a.z.ClientCnxn  - Session establishment complete on server 10.0.0.101/10.0.0.101:2181, sessionid = 0x1624ea83f700009, negotiated timeout = 6000
17:02:06.098 [worker-akka.actor.default-dispatcher-2] INFO  a.a.RepointableActorRef akka://worker/user/watcher - Connected to ZK
17:02:13.207 [worker-akka.actor.default-dispatcher-2] INFO  a.a.RepointableActorRef akka://worker/user/watcher - Creating node with watchGraphs: 'com.spbsu.flamestream.core.Graph$Builder$MyGraph@64b718cd', config: 'ClusterConfig{paths={10.0.0.62=akka://worker@10.0.0.62:5412/user/watcher/graph, 10.0.0.92=akka://worker@10.0.0.92:5412/user/watcher/graph, 10.0.0.19=akka://worker@10.0.0.19:5412/user/watcher/graph, 10.0.0.224=akka://worker@10.0.0.224:5412/user/watcher/graph, 10.0.0.16=akka://worker@10.0.0.16:5412/user/watcher/graph, 10.0.0.14=akka://worker@10.0.0.14:5412/user/watcher/graph, 10.0.0.45=akka://worker@10.0.0.45:5412/user/watcher/graph, 10.0.0.41=akka://worker@10.0.0.41:5412/user/watcher/graph, 10.0.0.52=akka://worker@10.0.0.52:5412/user/watcher/graph, 10.0.0.63=akka://worker@10.0.0.63:5412/user/watcher/graph}, ackerLocation='10.0.0.41', props=ComputationLayout{hashGroups={10.0.0.62=com.spbsu.flamestream.runtime.config.HashGroup@1ffe1b9d, 10.0.0.92=com.spbsu.flamestream.runtime.config.HashGroup@5d5c21bc, 10.0.0.19=com.spbsu.flamestream.runtime.config.HashGroup@56dcaf5d, 10.0.0.224=com.spbsu.flamestream.runtime.config.HashGroup@c65a7748, 10.0.0.16=com.spbsu.flamestream.runtime.config.HashGroup@231425fe, 10.0.0.14=com.spbsu.flamestream.runtime.config.HashGroup@fbc82752, 10.0.0.45=com.spbsu.flamestream.runtime.config.HashGroup@ccbcd570, 10.0.0.41=com.spbsu.flamestream.runtime.config.HashGroup@c01f, 10.0.0.52=com.spbsu.flamestream.runtime.config.HashGroup@4276a447, 10.0.0.63=com.spbsu.flamestream.runtime.config.HashGroup@3fc198ed}}}'
17:02:14.128 [worker-akka.actor.default-dispatcher-6] INFO  a.a.LocalActorRef akka://worker/user/watcher/graph/graph - Starting...
17:02:14.140 [worker-akka.actor.default-dispatcher-7] INFO  a.a.LocalActorRef akka://worker/user/watcher/graph/graph/local-acker/$a - Starting...
17:02:14.152 [worker-akka.actor.default-dispatcher-6] INFO  a.a.LocalActorRef akka://worker/user/watcher/graph/graph/local-acker - Starting...
17:02:14.737 [worker-akka.actor.default-dispatcher-6] INFO  a.a.LocalActorRef akka://worker/user/watcher/graph/graph - Finishing constructor
17:02:14.737 [worker-akka.actor.default-dispatcher-6] INFO  a.a.LocalActorRef akka://worker/user/watcher/graph/edge - Starting...
17:02:14.738 [worker-akka.actor.default-dispatcher-6] INFO  a.a.LocalActorRef akka://worker/user/watcher/graph - Starting...
17:02:14.740 [worker-akka.actor.default-dispatcher-4] INFO  a.a.LocalActorRef akka://worker/user/watcher/graph/negotiator - Starting...
17:02:14.763 [worker-akka.actor.default-dispatcher-6] INFO  a.a.LocalActorRef akka://worker/user/watcher/graph/negotiator - Requesting ticket for the frontClass FlameSocketGraphDeployerFront@10.0.0.92
17:02:14.801 [worker-akka.actor.default-dispatcher-2] INFO  a.a.LocalActorRef akka://worker/user/watcher/graph/graph - Received last commit 'LastCommit{globalTime=(0000000, min@min)}'
17:02:14.824 [worker-akka.actor.default-dispatcher-11] INFO  a.a.LocalActorRef akka://worker/user/watcher/graph/edge/FlameSocketGraphDeployerFront - Starting...
17:02:14.824 [worker-akka.actor.default-dispatcher-12] INFO  c.s.f.r.e.s.SocketRear  - FlameSocketGraphDeployerRear@10.0.0.92: connecting to 10.0.0.101:5678
17:02:14.837 [worker-akka.actor.default-dispatcher-12] INFO  c.s.f.r.e.s.SocketRear  - FlameSocketGraphDeployerRear@10.0.0.92: connected to 10.0.0.101:5678
17:02:14.838 [worker-akka.actor.default-dispatcher-12] INFO  a.a.LocalActorRef akka://worker/user/watcher/graph/edge/FlameSocketGraphDeployerRear - Starting...
17:02:14.871 [worker-akka.actor.default-dispatcher-2] INFO  a.a.LocalActorRef akka://worker/user/watcher/graph/graph/$a - Starting...
17:02:14.904 [worker-akka.actor.default-dispatcher-2] INFO  a.a.LocalActorRef akka://worker/user/watcher/graph/graph/$a - Attached rear to graph (-9223372036854775808, min@min)
17:02:14.906 [worker-akka.actor.default-dispatcher-2] INFO  a.a.LocalActorRef akka://worker/user/watcher/graph/graph/$b - Starting...
17:02:14.911 [worker-akka.actor.default-dispatcher-2] INFO  a.a.LocalActorRef akka://worker/user/watcher/graph/graph/$c - Starting...
17:02:15.536 [worker-akka.actor.default-dispatcher-2] INFO  a.a.LocalActorRef akka://worker/user/watcher/graph/negotiator - Ticket for the frontClass received: FrontTicket{allowedTimestamp=(0000000, FlameSocketGraphDeployerFront@10.0.0.92)}
17:02:15.537 [worker-akka.actor.default-dispatcher-2] INFO  c.s.f.r.e.s.SocketFront  - FlameSocketGraphDeployerFront@10.0.0.92: connecting to 10.0.0.101:4567
2018-03-22T17:02:19.889+0000: 16.523: [GC (Allocation Failure) 2018-03-22T17:02:19.889+0000: 16.523: [DefNew: 136576K->15757K(153600K), 0.0363550 secs] 152428K->51141K(494976K), 0.0364217 secs] [Times: user=0.03 sys=0.01, real=0.04 secs] 
2018-03-22T17:02:28.234+0000: 24.868: [GC (Allocation Failure) 2018-03-22T17:02:28.234+0000: 24.868: [DefNew: 152333K->5936K(153600K), 0.0191186 secs] 187717K->49260K(494976K), 0.0191848 secs] [Times: user=0.02 sys=0.00, real=0.02 secs] 
2018-03-22T17:02:37.201+0000: 33.834: [GC (Allocation Failure) 2018-03-22T17:02:37.201+0000: 33.834: [DefNew: 142512K->9344K(153600K), 0.0120251 secs] 185836K->52668K(494976K), 0.0120975 secs] [Times: user=0.01 sys=0.00, real=0.01 secs] 
2018-03-22T17:02:45.795+0000: 42.428: [GC (Allocation Failure) 2018-03-22T17:02:45.795+0000: 42.428: [DefNew: 145488K->9924K(153600K), 0.0182479 secs] 188812K->55194K(494976K), 0.0183248 secs] [Times: user=0.02 sys=0.00, real=0.01 secs] 
2018-03-22T17:02:53.881+0000: 50.515: [GC (Allocation Failure) 2018-03-22T17:02:53.881+0000: 50.515: [DefNew: 146500K->5819K(153600K), 0.0155610 secs] 191770K->56409K(494976K), 0.0156358 secs] [Times: user=0.01 sys=0.00, real=0.01 secs] 
2018-03-22T17:03:01.285+0000: 57.919: [GC (Allocation Failure) 2018-03-22T17:03:01.285+0000: 57.919: [DefNew: 142395K->11382K(153600K), 0.0144025 secs] 192985K->61972K(494976K), 0.0144689 secs] [Times: user=0.01 sys=0.00, real=0.01 secs] 
2018-03-22T17:03:07.503+0000: 64.136: [GC (Allocation Failure) 2018-03-22T17:03:07.503+0000: 64.136: [DefNew: 147958K->13587K(153600K), 0.0166276 secs] 198548K->67028K(494976K), 0.0166930 secs] [Times: user=0.02 sys=0.00, real=0.01 secs] 
2018-03-22T17:03:13.473+0000: 70.107: [GC (Allocation Failure) 2018-03-22T17:03:13.473+0000: 70.107: [DefNew: 150163K->9943K(153600K), 0.0163392 secs] 203604K->68747K(494976K), 0.0164157 secs] [Times: user=0.01 sys=0.00, real=0.01 secs] 
2018-03-22T17:03:20.888+0000: 77.522: [GC (Allocation Failure) 2018-03-22T17:03:20.888+0000: 77.522: [DefNew: 146519K->5623K(153600K), 0.0139441 secs] 205323K->69734K(494976K), 0.0140136 secs] [Times: user=0.02 sys=0.00, real=0.02 secs] 
2018-03-22T17:03:26.857+0000: 83.491: [GC (Allocation Failure) 2018-03-22T17:03:26.857+0000: 83.491: [DefNew: 142199K->6785K(153600K), 0.0123332 secs] 206310K->70896K(494976K), 0.0123992 secs] [Times: user=0.01 sys=0.00, real=0.01 secs] 
2018-03-22T17:03:33.809+0000: 90.443: [GC (Allocation Failure) 2018-03-22T17:03:33.809+0000: 90.443: [DefNew: 140255K->9195K(153600K), 0.0160522 secs] 204366K->73306K(494976K), 0.0161239 secs] [Times: user=0.01 sys=0.00, real=0.02 secs] 
2018-03-22T17:03:40.350+0000: 96.984: [GC (Allocation Failure) 2018-03-22T17:03:40.350+0000: 96.984: [DefNew: 145771K->6986K(153600K), 0.0149225 secs] 209882K->73007K(494976K), 0.0150009 secs] [Times: user=0.01 sys=0.00, real=0.02 secs] 
2018-03-22T17:03:47.079+0000: 103.713: [GC (Allocation Failure) 2018-03-22T17:03:47.079+0000: 103.713: [DefNew: 143562K->8007K(153600K), 0.0140239 secs] 209583K->74029K(494976K), 0.0140961 secs] [Times: user=0.01 sys=0.00, real=0.02 secs] 
2018-03-22T17:03:53.721+0000: 110.354: [GC (Allocation Failure) 2018-03-22T17:03:53.721+0000: 110.354: [DefNew: 144583K->8670K(153600K), 0.0139384 secs] 210605K->74692K(494976K), 0.0140068 secs] [Times: user=0.02 sys=0.00, real=0.02 secs] 
2018-03-22T17:03:59.169+0000: 115.803: [GC (Allocation Failure) 2018-03-22T17:03:59.170+0000: 115.803: [DefNew: 145246K->8510K(153600K), 0.0145311 secs] 211268K->75318K(494976K), 0.0146052 secs] [Times: user=0.02 sys=0.00, real=0.02 secs] 
2018-03-22T17:04:04.442+0000: 121.076: [GC (Allocation Failure) 2018-03-22T17:04:04.442+0000: 121.076: [DefNew: 145086K->9542K(153600K), 0.0172159 secs] 211894K->76350K(494976K), 0.0172912 secs] [Times: user=0.01 sys=0.00, real=0.01 secs] 
2018-03-22T17:04:09.290+0000: 125.924: [GC (Allocation Failure) 2018-03-22T17:04:09.290+0000: 125.924: [DefNew: 146118K->17024K(153600K), 0.0252136 secs] 212926K->94959K(494976K), 0.0252876 secs] [Times: user=0.02 sys=0.00, real=0.03 secs] 
2018-03-22T17:04:15.086+0000: 131.720: [GC (Allocation Failure) 2018-03-22T17:04:15.086+0000: 131.720: [DefNew: 153600K->3209K(153600K), 0.0142906 secs] 231535K->97936K(494976K), 0.0143583 secs] [Times: user=0.01 sys=0.00, real=0.01 secs] 
2018-03-22T17:04:20.790+0000: 137.424: [GC (Allocation Failure) 2018-03-22T17:04:20.791+0000: 137.424: [DefNew: 139785K->6169K(153600K), 0.0116820 secs] 234512K->100896K(494976K), 0.0117619 secs] [Times: user=0.01 sys=0.00, real=0.02 secs] 
2018-03-22T17:04:26.483+0000: 143.116: [GC (Allocation Failure) 2018-03-22T17:04:26.483+0000: 143.116: [DefNew: 142745K->5318K(153600K), 0.0101006 secs] 237472K->100045K(494976K), 0.0101765 secs] [Times: user=0.01 sys=0.00, real=0.00 secs] 
2018-03-22T17:04:32.281+0000: 148.915: [GC (Allocation Failure) 2018-03-22T17:04:32.281+0000: 148.915: [DefNew: 141894K->6364K(153600K), 0.0107357 secs] 236621K->101091K(494976K), 0.0108007 secs] [Times: user=0.01 sys=0.00, real=0.00 secs] 
2018-03-22T17:04:37.325+0000: 153.958: [GC (Allocation Failure) 2018-03-22T17:04:37.325+0000: 153.958: [DefNew: 142366K->6944K(153600K), 0.0113709 secs] 237093K->101671K(494976K), 0.0114375 secs] [Times: user=0.01 sys=0.00, real=0.01 secs] 
2018-03-22T17:04:42.096+0000: 158.729: [GC (Allocation Failure) 2018-03-22T17:04:42.096+0000: 158.729: [DefNew: 143520K->7703K(153600K), 0.0228394 secs] 238247K->102430K(494976K), 0.0229045 secs] [Times: user=0.02 sys=0.00, real=0.02 secs] 
2018-03-22T17:04:47.826+0000: 164.460: [GC (Allocation Failure) 2018-03-22T17:04:47.826+0000: 164.460: [DefNew: 141907K->8238K(153600K), 0.0126860 secs] 236634K->102965K(494976K), 0.0127521 secs] [Times: user=0.01 sys=0.00, real=0.01 secs] 
2018-03-22T17:04:52.811+0000: 169.445: [GC (Allocation Failure) 2018-03-22T17:04:52.811+0000: 169.445: [DefNew: 144814K->10745K(153600K), 0.0173173 secs] 239541K->105472K(494976K), 0.0173866 secs] [Times: user=0.02 sys=0.00, real=0.02 secs] 
2018-03-22T17:04:57.829+0000: 174.463: [GC (Allocation Failure) 2018-03-22T17:04:57.830+0000: 174.463: [DefNew: 145750K->7011K(153600K), 0.0151259 secs] 240477K->104135K(494976K), 0.0151956 secs] [Times: user=0.01 sys=0.00, real=0.02 secs] 
2018-03-22T17:05:02.328+0000: 178.962: [GC (Allocation Failure) 2018-03-22T17:05:02.328+0000: 178.962: [DefNew: 139406K->8114K(153600K), 0.0132513 secs] 236529K->105238K(494976K), 0.0133215 secs] [Times: user=0.02 sys=0.00, real=0.02 secs] 
2018-03-22T17:05:07.284+0000: 183.917: [GC (Allocation Failure) 2018-03-22T17:05:07.284+0000: 183.917: [DefNew: 144690K->8866K(153600K), 0.0267926 secs] 241814K->105989K(494976K), 0.0268620 secs] [Times: user=0.02 sys=0.00, real=0.02 secs] 
2018-03-22T17:05:11.824+0000: 188.457: [GC (Allocation Failure) 2018-03-22T17:05:11.824+0000: 188.457: [DefNew: 145442K->10430K(153600K), 0.0176531 secs] 242565K->108120K(494976K), 0.0177247 secs] [Times: user=0.02 sys=0.01, real=0.02 secs] 
2018-03-22T17:05:16.521+0000: 193.155: [GC (Allocation Failure) 2018-03-22T17:05:16.521+0000: 193.155: [DefNew: 147006K->7033K(153600K), 0.0135348 secs] 244696K->106636K(494976K), 0.0136050 secs] [Times: user=0.01 sys=0.00, real=0.01 secs] 
2018-03-22T17:05:21.381+0000: 198.014: [GC (Allocation Failure) 2018-03-22T17:05:21.381+0000: 198.014: [DefNew: 143609K->7865K(153600K), 0.0121404 secs] 243212K->107468K(494976K), 0.0122025 secs] [Times: user=0.01 sys=0.00, real=0.01 secs] 
2018-03-22T17:05:26.274+0000: 202.908: [GC (Allocation Failure) 2018-03-22T17:05:26.274+0000: 202.908: [DefNew: 144441K->8457K(153600K), 0.0127101 secs] 244044K->108059K(494976K), 0.0127768 secs] [Times: user=0.01 sys=0.00, real=0.01 secs] 
2018-03-22T17:05:30.581+0000: 207.214: [GC (Allocation Failure) 2018-03-22T17:05:30.581+0000: 207.214: [DefNew: 145033K->9044K(153600K), 0.0134378 secs] 244635K->108647K(494976K), 0.0135068 secs] [Times: user=0.01 sys=0.00, real=0.02 secs] 
2018-03-22T17:05:34.890+0000: 211.523: [GC (Allocation Failure) 2018-03-22T17:05:34.890+0000: 211.523: [DefNew: 143603K->8555K(153600K), 0.0270202 secs] 243206K->109315K(494976K), 0.0270985 secs] [Times: user=0.03 sys=0.00, real=0.03 secs] 
2018-03-22T17:05:38.832+0000: 215.466: [GC (Allocation Failure) 2018-03-22T17:05:38.832+0000: 215.466: [DefNew: 143203K->8963K(153600K), 0.0141689 secs] 243963K->110345K(494976K), 0.0142376 secs] [Times: user=0.01 sys=0.00, real=0.02 secs] 
2018-03-22T17:05:43.338+0000: 219.972: [GC (Allocation Failure) 2018-03-22T17:05:43.338+0000: 219.972: [DefNew: 140767K->8746K(153600K), 0.0139874 secs] 242149K->110661K(494976K), 0.0140591 secs] [Times: user=0.02 sys=0.00, real=0.01 secs] 
2018-03-22T17:05:47.793+0000: 224.426: [GC (Allocation Failure) 2018-03-22T17:05:47.793+0000: 224.426: [DefNew: 145322K->10542K(153600K), 0.0167665 secs] 247237K->112973K(494976K), 0.0168475 secs] [Times: user=0.02 sys=0.00, real=0.02 secs] 
2018-03-22T17:05:51.834+0000: 228.468: [GC (Allocation Failure) 2018-03-22T17:05:51.834+0000: 228.468: [DefNew: 142947K->6539K(153600K), 0.0142024 secs] 245378K->111554K(494976K), 0.0142719 secs] [Times: user=0.01 sys=0.00, real=0.01 secs] 
2018-03-22T17:05:55.710+0000: 232.344: [GC (Allocation Failure) 2018-03-22T17:05:55.710+0000: 232.344: [DefNew: 143115K->7968K(153600K), 0.0272401 secs] 248130K->112983K(494976K), 0.0273142 secs] [Times: user=0.03 sys=0.00, real=0.03 secs] 
2018-03-22T17:06:00.074+0000: 236.707: [GC (Allocation Failure) 2018-03-22T17:06:00.074+0000: 236.707: [DefNew: 144544K->8252K(153600K), 0.0246937 secs] 249559K->113267K(494976K), 0.0247772 secs] [Times: user=0.02 sys=0.00, real=0.02 secs] 
2018-03-22T17:06:04.341+0000: 240.974: [GC (Allocation Failure) 2018-03-22T17:06:04.341+0000: 240.974: [DefNew: 142843K->8802K(153600K), 0.0123186 secs] 247857K->113817K(494976K), 0.0123834 secs] [Times: user=0.01 sys=0.00, real=0.01 secs] 
2018-03-22T17:06:08.840+0000: 245.474: [GC (Allocation Failure) 2018-03-22T17:06:08.840+0000: 245.474: [DefNew: 142407K->8603K(153600K), 0.0131922 secs] 247422K->114276K(494976K), 0.0132621 secs] [Times: user=0.01 sys=0.00, real=0.02 secs] 
2018-03-22T17:06:12.975+0000: 249.608: [GC (Allocation Failure) 2018-03-22T17:06:12.975+0000: 249.608: [DefNew: 145179K->8547K(153600K), 0.0134724 secs] 250852K->114810K(494976K), 0.0135388 secs] [Times: user=0.01 sys=0.00, real=0.01 secs] 
2018-03-22T17:06:17.339+0000: 253.972: [GC (Allocation Failure) 2018-03-22T17:06:17.339+0000: 253.972: [DefNew: 142081K->8504K(153600K), 0.0134988 secs] 248345K->115250K(494976K), 0.0135686 secs] [Times: user=0.02 sys=0.00, real=0.01 secs] 
2018-03-22T17:06:21.339+0000: 257.972: [GC (Allocation Failure) 2018-03-22T17:06:21.339+0000: 257.972: [DefNew: 137946K->9188K(153600K), 0.0130458 secs] 244692K->115934K(494976K), 0.0131248 secs] [Times: user=0.01 sys=0.00, real=0.01 secs] 
2018-03-22T17:06:25.306+0000: 261.940: [GC (Allocation Failure) 2018-03-22T17:06:25.306+0000: 261.940: [DefNew: 145764K->10854K(153600K), 0.0192930 secs] 252510K->118940K(494976K), 0.0193714 secs] [Times: user=0.02 sys=0.00, real=0.02 secs] 
2018-03-22T17:06:29.291+0000: 265.927: [GC (Allocation Failure) 2018-03-22T17:06:29.294+0000: 265.927: [DefNew: 147430K->8633K(153600K), 0.0246351 secs] 255516K->118857K(494976K), 0.0268999 secs] [Times: user=0.02 sys=0.00, real=0.03 secs] 
2018-03-22T17:06:33.288+0000: 269.922: [GC (Allocation Failure) 2018-03-22T17:06:33.288+0000: 269.922: [DefNew: 145209K->7760K(153600K), 0.0233175 secs] 255433K->118546K(494976K), 0.0233853 secs] [Times: user=0.03 sys=0.00, real=0.02 secs] 
2018-03-22T17:06:36.888+0000: 273.522: [GC (Allocation Failure) 2018-03-22T17:06:36.888+0000: 273.522: [DefNew: 144336K->7850K(153600K), 0.0132081 secs] 255122K->118636K(494976K), 0.0133148 secs] [Times: user=0.01 sys=0.00, real=0.02 secs] 
2018-03-22T17:06:40.846+0000: 277.479: [GC (Allocation Failure) 2018-03-22T17:06:40.846+0000: 277.479: [DefNew: 141991K->8768K(153600K), 0.0127910 secs] 252777K->119554K(494976K), 0.0128702 secs] [Times: user=0.02 sys=0.00, real=0.01 secs] 
2018-03-22T17:06:44.343+0000: 280.976: [GC (Allocation Failure) 2018-03-22T17:06:44.343+0000: 280.976: [DefNew: 139320K->9310K(153600K), 0.0138721 secs] 250106K->120666K(494976K), 0.0139465 secs] [Times: user=0.01 sys=0.00, real=0.01 secs] 
2018-03-22T17:06:47.768+0000: 284.401: [GC (Allocation Failure) 2018-03-22T17:06:47.768+0000: 284.401: [DefNew: 145868K->8851K(153600K), 0.0156943 secs] 257225K->121416K(494976K), 0.0157630 secs] [Times: user=0.02 sys=0.00, real=0.02 secs] 
2018-03-22T17:06:51.301+0000: 287.935: [GC (Allocation Failure) 2018-03-22T17:06:51.301+0000: 287.935: [DefNew: 145427K->11111K(153600K), 0.0174374 secs] 257992K->124284K(494976K), 0.0175055 secs] [Times: user=0.02 sys=0.00, real=0.01 secs] 
2018-03-22T17:06:54.925+0000: 291.558: [GC (Allocation Failure) 2018-03-22T17:06:54.925+0000: 291.558: [DefNew: 143313K->6797K(153600K), 0.0256799 secs] 256486K->122643K(494976K), 0.0257657 secs] [Times: user=0.02 sys=0.00, real=0.02 secs] 
2018-03-22T17:06:58.534+0000: 295.167: [GC (Allocation Failure) 2018-03-22T17:06:58.534+0000: 295.167: [DefNew: 143373K->7453K(153600K), 0.0199374 secs] 259219K->123300K(494976K), 0.0200017 secs] [Times: user=0.02 sys=0.00, real=0.02 secs] 
2018-03-22T17:07:01.903+0000: 298.536: [GC (Allocation Failure) 2018-03-22T17:07:01.903+0000: 298.536: [DefNew: 144029K->8303K(153600K), 0.0136422 secs] 259876K->124149K(494976K), 0.0137078 secs] [Times: user=0.01 sys=0.00, real=0.01 secs] 
2018-03-22T17:07:05.719+0000: 302.353: [GC (Allocation Failure) 2018-03-22T17:07:05.719+0000: 302.353: [DefNew: 144879K->17024K(153600K), 0.0165730 secs] 260725K->140814K(494976K), 0.0166398 secs] [Times: user=0.01 sys=0.00, real=0.02 secs] 
2018-03-22T17:07:08.327+0000: 304.960: [GC (Allocation Failure) 2018-03-22T17:07:08.327+0000: 304.961: [DefNew: 153600K->17024K(153600K), 0.0270444 secs] 277390K->163658K(494976K), 0.0271132 secs] [Times: user=0.03 sys=0.00, real=0.03 secs] 
2018-03-22T17:07:11.865+0000: 308.498: [GC (Allocation Failure) 2018-03-22T17:07:11.865+0000: 308.498: [DefNew: 147826K->2971K(153600K), 0.0228678 secs] 294460K->166502K(494976K), 0.0229492 secs] [Times: user=0.01 sys=0.01, real=0.02 secs] 
2018-03-22T17:07:15.315+0000: 311.949: [GC (Allocation Failure) 2018-03-22T17:07:15.315+0000: 311.949: [DefNew: 139547K->7395K(153600K), 0.0222397 secs] 303078K->170926K(494976K), 0.0223095 secs] [Times: user=0.02 sys=0.00, real=0.02 secs] 
2018-03-22T17:07:18.794+0000: 315.428: [GC (Allocation Failure) 2018-03-22T17:07:18.794+0000: 315.428: [DefNew: 143971K->7414K(153600K), 0.0212646 secs] 307502K->170945K(494976K), 0.0213346 secs] [Times: user=0.02 sys=0.00, real=0.02 secs] 
2018-03-22T17:07:22.298+0000: 318.931: [GC (Allocation Failure) 2018-03-22T17:07:22.298+0000: 318.931: [DefNew: 143990K->7845K(153600K), 0.0208555 secs] 307521K->171376K(494976K), 0.0209184 secs] [Times: user=0.02 sys=0.00, real=0.02 secs] 
2018-03-22T17:07:25.676+0000: 322.309: [GC (Allocation Failure) 2018-03-22T17:07:25.676+0000: 322.309: [DefNew: 144421K->8255K(153600K), 0.0122260 secs] 307952K->171786K(494976K), 0.0122929 secs] [Times: user=0.01 sys=0.00, real=0.01 secs] 
2018-03-22T17:07:28.850+0000: 325.484: [GC (Allocation Failure) 2018-03-22T17:07:28.851+0000: 325.484: [DefNew: 143118K->8808K(153600K), 0.0118785 secs] 306649K->172339K(494976K), 0.0119491 secs] [Times: user=0.01 sys=0.00, real=0.02 secs] 
2018-03-22T17:07:32.287+0000: 328.921: [GC (Allocation Failure) 2018-03-22T17:07:32.287+0000: 328.921: [DefNew: 145384K->9726K(153600K), 0.0141954 secs] 308915K->173770K(494976K), 0.0142630 secs] [Times: user=0.01 sys=0.00, real=0.02 secs] 
2018-03-22T17:07:35.798+0000: 332.432: [GC (Allocation Failure) 2018-03-22T17:07:35.798+0000: 332.432: [DefNew: 146302K->10168K(153600K), 0.0171318 secs] 310346K->175502K(494976K), 0.0171995 secs] [Times: user=0.01 sys=0.00, real=0.02 secs] 
2018-03-22T17:07:38.896+0000: 335.530: [GC (Allocation Failure) 2018-03-22T17:07:38.896+0000: 335.530: [DefNew: 143738K->7354K(153600K), 0.0124515 secs] 309071K->174101K(494976K), 0.0125233 secs] [Times: user=0.01 sys=0.00, real=0.01 secs] 
2018-03-22T17:07:42.362+0000: 338.996: [GC (Allocation Failure) 2018-03-22T17:07:42.363+0000: 338.996: [DefNew: 143666K->7942K(153600K), 0.0108163 secs] 310414K->174690K(494976K), 0.0108932 secs] [Times: user=0.01 sys=0.00, real=0.01 secs] 
2018-03-22T17:07:45.817+0000: 342.450: [GC (Allocation Failure) 2018-03-22T17:07:45.817+0000: 342.450: [DefNew: 144518K->10413K(153600K), 0.0243676 secs] 311266K->177160K(494976K), 0.0244452 secs] [Times: user=0.02 sys=0.00, real=0.03 secs] 
2018-03-22T17:07:48.968+0000: 345.602: [GC (Allocation Failure) 2018-03-22T17:07:48.968+0000: 345.602: [DefNew: 141872K->7460K(153600K), 0.0253699 secs] 308620K->176115K(494976K), 0.0254364 secs] [Times: user=0.02 sys=0.00, real=0.03 secs] 
2018-03-22T17:07:52.370+0000: 349.003: [GC (Allocation Failure) 2018-03-22T17:07:52.370+0000: 349.003: [DefNew: 144036K->10640K(153600K), 0.0312118 secs] 312691K->179295K(494976K), 0.0312901 secs] [Times: user=0.04 sys=0.00, real=0.04 secs] 
2018-03-22T17:07:55.442+0000: 352.075: [GC (Allocation Failure) 2018-03-22T17:07:55.442+0000: 352.076: [DefNew: 143077K->6339K(153600K), 0.0208393 secs] 311732K->177174K(494976K), 0.0209069 secs] [Times: user=0.02 sys=0.00, real=0.02 secs] 
2018-03-22T17:07:58.944+0000: 355.577: [GC (Allocation Failure) 2018-03-22T17:07:58.944+0000: 355.577: [DefNew: 141378K->7035K(153600K), 0.0181227 secs] 312212K->177869K(494976K), 0.0181912 secs] [Times: user=0.01 sys=0.00, real=0.02 secs] 
2018-03-22T17:08:01.861+0000: 358.494: [GC (Allocation Failure) 2018-03-22T17:08:01.861+0000: 358.494: [DefNew: 137744K->8254K(153600K), 0.0114182 secs] 308578K->179089K(494976K), 0.0114884 secs] [Times: user=0.01 sys=0.00, real=0.01 secs] 
2018-03-22T17:08:05.114+0000: 361.747: [GC (Allocation Failure) 2018-03-22T17:08:05.114+0000: 361.747: [DefNew: 144830K->9027K(153600K), 0.0115493 secs] 315665K->179861K(494976K), 0.0116164 secs] [Times: user=0.02 sys=0.00, real=0.01 secs] 
2018-03-22T17:08:08.306+0000: 364.939: [GC (Allocation Failure) 2018-03-22T17:08:08.306+0000: 364.939: [DefNew: 145603K->11666K(153600K), 0.0179911 secs] 316437K->183188K(494976K), 0.0180629 secs] [Times: user=0.02 sys=0.00, real=0.02 secs] 
2018-03-22T17:08:11.374+0000: 368.007: [GC (Allocation Failure) 2018-03-22T17:08:11.374+0000: 368.007: [DefNew: 142708K->6820K(153600K), 0.0134674 secs] 314230K->181306K(494976K), 0.0135334 secs] [Times: user=0.02 sys=0.00, real=0.01 secs] 
2018-03-22T17:08:14.800+0000: 371.434: [GC (Allocation Failure) 2018-03-22T17:08:14.800+0000: 371.434: [DefNew: 143396K->10529K(153600K), 0.0144838 secs] 317882K->185014K(494976K), 0.0145561 secs] [Times: user=0.01 sys=0.00, real=0.02 secs] 
2018-03-22T17:08:17.862+0000: 374.496: [GC (Allocation Failure) 2018-03-22T17:08:17.862+0000: 374.496: [DefNew: 143292K->6108K(153600K), 0.0113207 secs] 317777K->182675K(494976K), 0.0113839 secs] [Times: user=0.01 sys=0.00, real=0.01 secs] 
2018-03-22T17:08:21.283+0000: 377.917: [GC (Allocation Failure) 2018-03-22T17:08:21.283+0000: 377.917: [DefNew: 142684K->7900K(153600K), 0.0110769 secs] 319251K->184468K(494976K), 0.0111466 secs] [Times: user=0.01 sys=0.00, real=0.01 secs] 
2018-03-22T17:08:24.325+0000: 380.959: [GC (Allocation Failure) 2018-03-22T17:08:24.325+0000: 380.959: [DefNew: 144476K->9911K(153600K), 0.0228948 secs] 321044K->186478K(494976K), 0.0229613 secs] [Times: user=0.02 sys=0.00, real=0.02 secs] 
2018-03-22T17:08:27.315+0000: 383.948: [GC (Allocation Failure) 2018-03-22T17:08:27.315+0000: 383.948: [DefNew: 146487K->9274K(153600K), 0.0343300 secs] 323054K->187256K(494976K), 0.0344101 secs] [Times: user=0.03 sys=0.00, real=0.03 secs] 
2018-03-22T17:08:30.554+0000: 387.187: [GC (Allocation Failure) 2018-03-22T17:08:30.554+0000: 387.187: [DefNew: 141425K->7603K(153600K), 0.0296703 secs] 319407K->186249K(494976K), 0.0297489 secs] [Times: user=0.03 sys=0.00, real=0.03 secs] 
2018-03-22T17:08:33.318+0000: 389.951: [GC (Allocation Failure) 2018-03-22T17:08:33.318+0000: 389.951: [DefNew: 144179K->11871K(153600K), 0.0182460 secs] 322825K->190517K(494976K), 0.0183167 secs] [Times: user=0.02 sys=0.00, real=0.02 secs] 
2018-03-22T17:08:36.370+0000: 393.004: [GC (Allocation Failure) 2018-03-22T17:08:36.370+0000: 393.004: [DefNew: 142052K->5169K(153600K), 0.0119392 secs] 320697K->187397K(494976K), 0.0120102 secs] [Times: user=0.01 sys=0.01, real=0.02 secs] 
2018-03-22T17:08:39.378+0000: 396.012: [GC (Allocation Failure) 2018-03-22T17:08:39.379+0000: 396.012: [DefNew: 141745K->16755K(153600K), 0.0105560 secs] 323973K->198983K(494976K), 0.0106268 secs] [Times: user=0.01 sys=0.00, real=0.01 secs] 
2018-03-22T17:08:42.392+0000: 399.025: [GC (Allocation Failure) 2018-03-22T17:08:42.392+0000: 399.025: [DefNew: 153331K->13718K(153600K), 0.0205276 secs] 335559K->199956K(494976K), 0.0205894 secs] [Times: user=0.02 sys=0.00, real=0.02 secs] 
2018-03-22T17:08:45.803+0000: 402.436: [GC (Allocation Failure) 2018-03-22T17:08:45.803+0000: 402.436: [DefNew: 150294K->6170K(153600K), 0.0137118 secs] 336532K->194519K(494976K), 0.0137980 secs] [Times: user=0.02 sys=0.00, real=0.01 secs] 
2018-03-22T17:08:48.863+0000: 405.496: [GC (Allocation Failure) 2018-03-22T17:08:48.863+0000: 405.496: [DefNew: 136369K->4768K(153600K), 0.0077557 secs] 324718K->193117K(494976K), 0.0078233 secs] [Times: user=0.01 sys=0.00, real=0.00 secs] 
2018-03-22T17:08:51.781+0000: 408.414: [GC (Allocation Failure) 2018-03-22T17:08:51.781+0000: 408.414: [DefNew: 141344K->6872K(153600K), 0.0101314 secs] 329693K->195221K(494976K), 0.0102003 secs] [Times: user=0.01 sys=0.00, real=0.01 secs] 
2018-03-22T17:08:54.596+0000: 411.229: [GC (Allocation Failure) 2018-03-22T17:08:54.596+0000: 411.229: [DefNew: 143448K->7616K(153600K), 0.0153749 secs] 331797K->195964K(494976K), 0.0154445 secs] [Times: user=0.02 sys=0.00, real=0.01 secs] 
2018-03-22T17:08:57.401+0000: 414.035: [GC (Allocation Failure) 2018-03-22T17:08:57.401+0000: 414.035: [DefNew: 144192K->17024K(153600K), 0.0267665 secs] 332540K->207908K(494976K), 0.0268246 secs] [Times: user=0.02 sys=0.00, real=0.02 secs] 
2018-03-22T17:09:00.375+0000: 417.009: [GC (Allocation Failure) 2018-03-22T17:09:00.375+0000: 417.009: [DefNew: 146352K->3492K(153600K), 0.0119753 secs] 337236K->198550K(494976K), 0.0120457 secs] [Times: user=0.01 sys=0.00, real=0.01 secs] 
2018-03-22T17:09:03.365+0000: 419.999: [GC (Allocation Failure) 2018-03-22T17:09:03.366+0000: 419.999: [DefNew: 136299K->5384K(153600K), 0.0085967 secs] 331357K->200443K(494976K), 0.0086675 secs] [Times: user=0.01 sys=0.00, real=0.01 secs] 
2018-03-22T17:09:06.390+0000: 423.023: [GC (Allocation Failure) 2018-03-22T17:09:06.390+0000: 423.023: [DefNew: 137654K->6539K(153600K), 0.0091318 secs] 332712K->201597K(494976K), 0.0092104 secs] [Times: user=0.01 sys=0.00, real=0.01 secs] 
2018-03-22T17:09:08.986+0000: 425.619: [GC (Allocation Failure) 2018-03-22T17:09:08.986+0000: 425.619: [DefNew: 135739K->7909K(153600K), 0.0116715 secs] 330797K->202967K(494976K), 0.0117341 secs] [Times: user=0.02 sys=0.00, real=0.01 secs] 
2018-03-22T17:09:11.936+0000: 428.570: [GC (Allocation Failure) 2018-03-22T17:09:11.936+0000: 428.570: [DefNew: 137694K->8297K(153600K), 0.0111594 secs] 332752K->203355K(494976K), 0.0112218 secs] [Times: user=0.01 sys=0.00, real=0.01 secs] 
2018-03-22T17:09:14.465+0000: 431.099: [GC (Allocation Failure) 2018-03-22T17:09:14.465+0000: 431.099: [DefNew: 135863K->9227K(153600K), 0.0183152 secs] 330921K->204285K(494976K), 0.0183975 secs] [Times: user=0.02 sys=0.00, real=0.02 secs] 
2018-03-22T17:09:16.968+0000: 433.601: [GC (Allocation Failure) 2018-03-22T17:09:16.968+0000: 433.601: [DefNew: 135800K->8975K(153600K), 0.0210558 secs] 330858K->204742K(494976K), 0.0211198 secs] [Times: user=0.02 sys=0.00, real=0.02 secs] 
2018-03-22T17:09:19.393+0000: 436.027: [GC (Allocation Failure) 2018-03-22T17:09:19.393+0000: 436.027: [DefNew: 145551K->12471K(153600K), 0.0191537 secs] 341318K->208822K(494976K), 0.0192352 secs] [Times: user=0.02 sys=0.00, real=0.02 secs] 
2018-03-22T17:09:22.295+0000: 438.928: [GC (Allocation Failure) 2018-03-22T17:09:22.295+0000: 438.928: [DefNew: 149047K->8674K(153600K), 0.0170021 secs] 345398K->208302K(494976K), 0.0170824 secs] [Times: user=0.02 sys=0.00, real=0.01 secs] 
2018-03-22T17:09:24.845+0000: 441.479: [GC (Allocation Failure) 2018-03-22T17:09:24.845+0000: 441.479: [DefNew: 145250K->10043K(153600K), 0.0174698 secs] 344878K->210584K(494976K), 0.0175480 secs] [Times: user=0.01 sys=0.01, real=0.02 secs] 
2018-03-22T17:09:27.790+0000: 444.424: [GC (Allocation Failure) 2018-03-22T17:09:27.790+0000: 444.424: [DefNew: 146619K->6467K(153600K), 0.0131733 secs] 347160K->209694K(494976K), 0.0132449 secs] [Times: user=0.02 sys=0.00, real=0.02 secs] 
2018-03-22T17:09:30.797+0000: 447.431: [GC (Allocation Failure) 2018-03-22T17:09:30.797+0000: 447.431: [DefNew: 143043K->7953K(153600K), 0.0118480 secs] 346270K->211180K(494976K), 0.0119462 secs] [Times: user=0.01 sys=0.00, real=0.01 secs] 
2018-03-22T17:09:33.650+0000: 450.283: [GC (Allocation Failure) 2018-03-22T17:09:33.650+0000: 450.283: [DefNew: 144529K->6899K(153600K), 0.0090483 secs] 347756K->210126K(494976K), 0.0091373 secs] [Times: user=0.01 sys=0.00, real=0.01 secs] 
2018-03-22T17:09:36.376+0000: 453.010: [GC (Allocation Failure) 2018-03-22T17:09:36.376+0000: 453.010: [DefNew: 132062K->7881K(153600K), 0.0098643 secs] 335290K->211109K(494976K), 0.0099355 secs] [Times: user=0.01 sys=0.00, real=0.01 secs] 
2018-03-22T17:09:39.293+0000: 455.926: [GC (Allocation Failure) 2018-03-22T17:09:39.293+0000: 455.926: [DefNew: 144457K->10410K(153600K), 0.0139918 secs] 347685K->213638K(494976K), 0.0140624 secs] [Times: user=0.02 sys=0.00, real=0.02 secs] 
2018-03-22T17:09:42.013+0000: 458.646: [GC (Allocation Failure) 2018-03-22T17:09:42.013+0000: 458.646: [DefNew: 144571K->7181K(153600K), 0.0150698 secs] 347799K->212591K(494976K), 0.0151413 secs] [Times: user=0.01 sys=0.00, real=0.02 secs] 
2018-03-22T17:09:44.487+0000: 461.121: [GC (Allocation Failure) 2018-03-22T17:09:44.487+0000: 461.121: [DefNew: 137011K->8526K(153600K), 0.0200566 secs] 342421K->213936K(494976K), 0.0201265 secs] [Times: user=0.02 sys=0.00, real=0.02 secs] 
2018-03-22T17:09:47.322+0000: 463.955: [GC (Allocation Failure) 2018-03-22T17:09:47.322+0000: 463.955: [DefNew: 144947K->11087K(153600K), 0.0267344 secs] 350357K->217021K(494976K), 0.0268039 secs] [Times: user=0.02 sys=0.00, real=0.02 secs] 
2018-03-22T17:09:49.976+0000: 466.609: [GC (Allocation Failure) 2018-03-22T17:09:49.976+0000: 466.609: [DefNew: 136860K->6730K(153600K), 0.0215871 secs] 342793K->215257K(494976K), 0.0216630 secs] [Times: user=0.03 sys=0.00, real=0.02 secs] 
2018-03-22T17:09:52.660+0000: 469.294: [GC (Allocation Failure) 2018-03-22T17:09:52.660+0000: 469.294: [DefNew: 143306K->7789K(153600K), 0.0161650 secs] 351833K->216316K(494976K), 0.0162421 secs] [Times: user=0.01 sys=0.00, real=0.02 secs] 
2018-03-22T17:09:55.375+0000: 472.008: [GC (Allocation Failure) 2018-03-22T17:09:55.375+0000: 472.008: [DefNew: 141616K->8499K(153600K), 0.0104006 secs] 350143K->217026K(494976K), 0.0104800 secs] [Times: user=0.01 sys=0.00, real=0.01 secs] 
2018-03-22T17:09:58.376+0000: 475.010: [GC (Allocation Failure) 2018-03-22T17:09:58.376+0000: 475.010: [DefNew: 134958K->8711K(153600K), 0.0097367 secs] 343486K->217238K(494976K), 0.0098053 secs] [Times: user=0.00 sys=0.00, real=0.01 secs] 
2018-03-22T17:10:01.288+0000: 477.922: [GC (Allocation Failure) 2018-03-22T17:10:01.288+0000: 477.922: [DefNew: 145276K->9477K(153600K), 0.0135375 secs] 353804K->219074K(494976K), 0.0136114 secs] [Times: user=0.02 sys=0.00, real=0.02 secs] 
2018-03-22T17:10:03.806+0000: 480.439: [GC (Allocation Failure) 2018-03-22T17:10:03.806+0000: 480.439: [DefNew: 146053K->10713K(153600K), 0.0177484 secs] 355650K->221787K(494976K), 0.0178178 secs] [Times: user=0.02 sys=0.00, real=0.02 secs] 
2018-03-22T17:10:06.388+0000: 483.022: [GC (Allocation Failure) 2018-03-22T17:10:06.388+0000: 483.022: [DefNew: 146506K->6901K(153600K), 0.0122686 secs] 357579K->219973K(494976K), 0.0123433 secs] [Times: user=0.01 sys=0.00, real=0.01 secs] 
2018-03-22T17:10:09.172+0000: 485.806: [GC (Allocation Failure) 2018-03-22T17:10:09.172+0000: 485.806: [DefNew: 143477K->8037K(153600K), 0.0198189 secs] 356549K->221109K(494976K), 0.0198945 secs] [Times: user=0.02 sys=0.01, real=0.02 secs] 
2018-03-22T17:10:11.840+0000: 488.474: [GC (Allocation Failure) 2018-03-22T17:10:11.840+0000: 488.474: [DefNew: 144613K->12645K(153600K), 0.0331143 secs] 357685K->225717K(494976K), 0.0331909 secs] [Times: user=0.04 sys=0.00, real=0.04 secs] 
2018-03-22T17:10:14.507+0000: 491.140: [GC (Allocation Failure) 2018-03-22T17:10:14.507+0000: 491.140: [DefNew: 148336K->5189K(153600K), 0.0282628 secs] 361408K->222695K(494976K), 0.0283324 secs] [Times: user=0.03 sys=0.00, real=0.03 secs] 
2018-03-22T17:10:17.298+0000: 493.931: [GC (Allocation Failure) 2018-03-22T17:10:17.298+0000: 493.931: [DefNew: 141765K->7124K(153600K), 0.0179664 secs] 359271K->224631K(494976K), 0.0180357 secs] [Times: user=0.02 sys=0.00, real=0.02 secs] 
2018-03-22T17:10:19.987+0000: 496.620: [GC (Allocation Failure) 2018-03-22T17:10:19.987+0000: 496.620: [DefNew: 134852K->7154K(153600K), 0.0099746 secs] 352359K->224660K(494976K), 0.0100495 secs] [Times: user=0.01 sys=0.00, real=0.01 secs] 
2018-03-22T17:10:21.898+0000: 498.532: [GC (Allocation Failure) 2018-03-22T17:10:21.898+0000: 498.532: [DefNew: 136311K->8822K(153600K), 0.0115489 secs] 353817K->226328K(494976K), 0.0116165 secs] [Times: user=0.00 sys=0.00, real=0.01 secs] 
2018-03-22T17:10:24.301+0000: 500.934: [GC (Allocation Failure) 2018-03-22T17:10:24.301+0000: 500.934: [DefNew: 145398K->11303K(153600K), 0.0169099 secs] 362904K->229567K(494976K), 0.0169785 secs] [Times: user=0.01 sys=0.00, real=0.02 secs] 
2018-03-22T17:10:26.876+0000: 503.509: [GC (Allocation Failure) 2018-03-22T17:10:26.876+0000: 503.509: [DefNew: 136011K->5326K(153600K), 0.0119825 secs] 354274K->227871K(494976K), 0.0120488 secs] [Times: user=0.02 sys=0.00, real=0.01 secs] 
2018-03-22T17:10:29.406+0000: 506.040: [GC (Allocation Failure) 2018-03-22T17:10:29.406+0000: 506.040: [DefNew: 137312K->6608K(153600K), 0.0090157 secs] 359858K->229154K(494976K), 0.0090928 secs] [Times: user=0.01 sys=0.00, real=0.01 secs] 
2018-03-22T17:10:32.354+0000: 508.988: [GC (Allocation Failure) 2018-03-22T17:10:32.354+0000: 508.988: [DefNew: 143184K->10307K(153600K), 0.0271731 secs] 365730K->232853K(494976K), 0.0272496 secs] [Times: user=0.03 sys=0.00, real=0.03 secs] 
2018-03-22T17:10:35.232+0000: 511.866: [GC (Allocation Failure) 2018-03-22T17:10:35.232+0000: 511.866: [DefNew: 146883K->6416K(153600K), 0.0233139 secs] 369429K->230701K(494976K), 0.0233950 secs] [Times: user=0.02 sys=0.00, real=0.03 secs] 
2018-03-22T17:10:37.811+0000: 514.444: [GC (Allocation Failure) 2018-03-22T17:10:37.811+0000: 514.444: [DefNew: 142884K->9224K(153600K), 0.0268007 secs] 367169K->233510K(494976K), 0.0268744 secs] [Times: user=0.02 sys=0.00, real=0.03 secs] 
2018-03-22T17:10:40.360+0000: 516.994: [GC (Allocation Failure) 2018-03-22T17:10:40.360+0000: 516.994: [DefNew: 145800K->12192K(153600K), 0.0313661 secs] 370086K->237127K(494976K), 0.0314351 secs] [Times: user=0.03 sys=0.00, real=0.03 secs] 
2018-03-22T17:10:42.824+0000: 519.458: [GC (Allocation Failure) 2018-03-22T17:10:42.824+0000: 519.458: [DefNew: 148768K->7469K(153600K), 0.0304977 secs] 373703K->236228K(494976K), 0.0305701 secs] [Times: user=0.02 sys=0.00, real=0.03 secs] 
2018-03-22T17:10:45.480+0000: 522.114: [GC (Allocation Failure) 2018-03-22T17:10:45.480+0000: 522.114: [DefNew: 141909K->7028K(153600K), 0.0132723 secs] 370668K->235787K(494976K), 0.0133474 secs] [Times: user=0.02 sys=0.00, real=0.02 secs] 
2018-03-22T17:10:47.998+0000: 524.632: [GC (Allocation Failure) 2018-03-22T17:10:47.998+0000: 524.632: [DefNew: 139182K->8188K(153600K), 0.0145586 secs] 367941K->236947K(494976K), 0.0146491 secs] [Times: user=0.02 sys=0.00, real=0.01 secs] 
2018-03-22T17:10:50.490+0000: 527.123: [GC (Allocation Failure) 2018-03-22T17:10:50.490+0000: 527.123: [DefNew: 136008K->8928K(153600K), 0.0153106 secs] 364767K->237687K(494976K), 0.0153910 secs] [Times: user=0.01 sys=0.00, real=0.02 secs] 
2018-03-22T17:10:52.871+0000: 529.505: [GC (Allocation Failure) 2018-03-22T17:10:52.872+0000: 529.505: [DefNew: 145504K->12710K(153600K), 0.0388244 secs] 374263K->242360K(494976K), 0.0388845 secs] [Times: user=0.03 sys=0.00, real=0.04 secs] 
17:10:53.134 [Client] INFO  c.s.f.r.e.s.SocketFront  - FlameSocketGraphDeployerFront@10.0.0.92 has been disconnected from Connection 3
17:10:53.135 [Client] INFO  c.s.f.r.e.s.SocketRear  - FlameSocketGraphDeployerRear@10.0.0.92: has been disconnected from Connection 3
17:11:04.268 [worker-akka.actor.default-dispatcher-12] INFO  a.a.CoordinatedShutdown CoordinatedShutdown(akka://worker) - Starting coordinated shutdown from JVM shutdown hook
17:11:04.292 [worker-akka.actor.default-dispatcher-5] INFO  a.a.LocalActorRef akka://worker/user/watcher/graph/negotiator - Stopped
17:11:04.292 [worker-akka.actor.default-dispatcher-5] INFO  a.a.LocalActorRef akka://worker/user/watcher/graph/edge/FlameSocketGraphDeployerFront - Stopped
17:11:04.292 [worker-akka.actor.default-dispatcher-5] INFO  a.a.LocalActorRef akka://worker/user/watcher/graph/edge/FlameSocketGraphDeployerRear - Stopped
17:11:04.292 [worker-akka.actor.default-dispatcher-5] INFO  a.a.LocalActorRef akka://worker/user/watcher/graph/graph/$a - Stopped
17:11:04.292 [worker-akka.actor.default-dispatcher-5] INFO  a.a.LocalActorRef akka://worker/user/watcher/graph/graph/$b - Stopped
17:11:04.293 [worker-akka.actor.default-dispatcher-5] INFO  a.a.LocalActorRef akka://worker/user/watcher/graph/graph/$c - Stopped
17:11:04.293 [worker-akka.actor.default-dispatcher-5] INFO  a.a.LocalActorRef akka://worker/user/watcher/graph/edge - Stopped
17:11:04.293 [worker-akka.actor.default-dispatcher-5] INFO  a.a.LocalActorRef akka://worker/user/watcher/graph/graph/local-acker/$a - Stopped
17:11:04.293 [worker-akka.actor.default-dispatcher-5] INFO  a.a.LocalActorRef akka://worker/user/watcher/graph/graph/local-acker/$a - Message [com.spbsu.flamestream.runtime.utils.akka.PingActor$InnerPing] from Actor[akka://worker/user/watcher/graph/graph/local-acker/$a#-1204393645] to Actor[akka://worker/user/watcher/graph/graph/local-acker/$a#-1204393645] was not delivered. [1] dead letters encountered. This logging can be turned off or adjusted with configuration settings 'akka.log-dead-letters' and 'akka.log-dead-letters-during-shutdown'.
17:11:04.293 [worker-akka.actor.default-dispatcher-5] INFO  a.a.LocalActorRef akka://worker/user/watcher/graph/graph/local-acker - Stopped
17:11:04.294 [worker-akka.actor.default-dispatcher-5] INFO  a.a.LocalActorRef akka://worker/user/watcher/graph/graph - Stopped
17:11:04.294 [worker-akka.actor.default-dispatcher-5] INFO  a.a.LocalActorRef akka://worker/user/watcher/graph/graph/local-acker/$a - Message [com.spbsu.flamestream.runtime.utils.akka.PingActor$Stop] from Actor[akka://worker/user/watcher/graph/graph/local-acker#-1689522291] to Actor[akka://worker/user/watcher/graph/graph/local-acker/$a#-1204393645] was not delivered. [2] dead letters encountered. This logging can be turned off or adjusted with configuration settings 'akka.log-dead-letters' and 'akka.log-dead-letters-during-shutdown'.
17:11:04.297 [worker-akka.actor.default-dispatcher-3] INFO  a.a.LocalActorRef akka://worker/user/watcher/graph - Stopped
17:11:04.298 [worker-akka.actor.default-dispatcher-12] INFO  a.a.RepointableActorRef akka://worker/user/watcher - Stopped
17:11:04.300 [worker-akka.actor.default-dispatcher-7-EventThread] INFO  o.a.z.ClientCnxn  - EventThread shut down for session: 0x1624ea83f700009
17:11:04.300 [worker-akka.actor.default-dispatcher-3] INFO  o.a.z.ZooKeeper  - Session: 0x1624ea83f700009 closed
17:11:04.310 [worker-akka.actor.default-dispatcher-3] INFO  a.r.RemoteActorRefProvider$RemotingTerminator akka://worker@10.0.0.92:5412/system/remoting-terminator - Shutting down remote daemon.
17:11:04.311 [worker-akka.actor.default-dispatcher-3] INFO  a.r.RemoteActorRefProvider$RemotingTerminator akka://worker@10.0.0.92:5412/system/remoting-terminator - Remote daemon shut down; proceeding with flushing remote transports.
17:11:05.441 [worker-akka.actor.default-dispatcher-12] INFO  a.r.RemoteActorRefProvider$RemotingTerminator akka://worker@10.0.0.92:5412/system/remoting-terminator - Remoting shut down.
Heap
 def new generation   total 153600K, used 63669K [0x00000000e0c00000, 0x00000000eb2a0000, 0x00000000eb2a0000)
  eden space 136576K,  37% used [0x00000000e0c00000, 0x00000000e3dc3c28, 0x00000000e9160000)
  from space 17024K,  74% used [0x00000000ea200000, 0x00000000eae69940, 0x00000000eb2a0000)
  to   space 17024K,   0% used [0x00000000e9160000, 0x00000000e9160000, 0x00000000ea200000)
 tenured generation   total 341376K, used 229649K [0x00000000eb2a0000, 0x0000000100000000, 0x0000000100000000)
   the space 341376K,  67% used [0x00000000eb2a0000, 0x00000000f92e4758, 0x00000000f92e4800, 0x0000000100000000)
 Metaspace       used 34062K, capacity 34996K, committed 35200K, reserved 1079296K
  class space    used 4483K, capacity 4697K, committed 4736K, reserved 1048576K
