12:52:57.739 [worker-akka.actor.default-dispatcher-2] INFO  a.e.s.Slf4jLogger  - Slf4jLogger started
2018-02-19T12:52:57.921+0000: 2.805: [Full GC (Metadata GC Threshold) 2018-02-19T12:52:57.921+0000: 2.805: [Tenured: 0K->15410K(341376K), 0.0391975 secs] 117538K->15410K(494976K), [Metaspace: 20875K->20875K(1067008K)], 0.0392605 secs] [Times: user=0.03 sys=0.01, real=0.04 secs] 
Ama winner
Ama winner
12:52:58.357 [worker-akka.actor.default-dispatcher-2] INFO  a.r.a.ArteryTransport(akka://worker) akka.remote.artery.ArteryTransport(akka://worker) - Started embedded media driver in directory [/dev/shm/aeron-root-worker-ba4997a2-92d6-4101-9825-d1bd35e32363]
12:52:58.570 [worker-akka.actor.default-dispatcher-2] INFO  a.r.a.ArteryTransport(akka://worker) akka.remote.artery.ArteryTransport(akka://worker) - Remoting started; listening on address: [akka://worker@172.31.44.83:5412] with UID [6099951832746556882]
12:52:58.640 [worker-akka.actor.default-dispatcher-2] INFO  o.a.z.ZooKeeper  - Client environment:zookeeper.version=3.4.9-1757313, built on 08/23/2016 06:50 GMT
12:52:58.640 [worker-akka.actor.default-dispatcher-2] INFO  o.a.z.ZooKeeper  - Client environment:host.name=ip-172-31-44-83.us-east-2.compute.internal
12:52:58.640 [worker-akka.actor.default-dispatcher-2] INFO  o.a.z.ZooKeeper  - Client environment:java.version=1.8.0_151
12:52:58.640 [worker-akka.actor.default-dispatcher-2] INFO  o.a.z.ZooKeeper  - Client environment:java.vendor=Oracle Corporation
12:52:58.640 [worker-akka.actor.default-dispatcher-2] INFO  o.a.z.ZooKeeper  - Client environment:java.home=/usr/lib/jvm/java-8-openjdk-amd64/jre
12:52:58.640 [worker-akka.actor.default-dispatcher-2] INFO  o.a.z.ZooKeeper  - Client environment:java.class.path=lib/commons-cli-1.4.jar:lib/minlog-1.3.0.jar:lib/asm-5.0.4.jar:lib/hadoop-annotations-2.7.3.jar:lib/hadoop-auth-2.7.3.jar:lib/akka-slf4j_2.11-2.5.6.jar:lib/jersey-core-1.9.jar:lib/lz4-1.3.0.jar:lib/jackson-core-asl-1.9.13.jar:lib/aeron-client-1.3.0.jar:lib/htrace-core-3.1.0-incubating.jar:lib/xz-1.0.jar:lib/commons-httpclient-3.1.jar:lib/asm-3.1.jar:lib/commons-lang3-3.4.jar:lib/scala-library-2.11.11.jar:lib/scala-java8-compat_2.11-0.7.0.jar:lib/commons-configuration-1.6.jar:lib/objenesis-2.1.jar:lib/jackson-annotations-2.8.0.jar:lib/jsr305-3.0.0.jar:lib/curator-framework-2.7.1.jar:lib/jersey-server-1.9.jar:lib/jets3t-0.9.0.jar:lib/leveldb-0.7.jar:lib/jetty-6.1.26.jar:lib/stax-api-1.0-2.jar:lib/flamestream-core-1.0-SNAPSHOT.jar:lib/reflectasm-1.07-shaded.jar:lib/apacheds-kerberos-codec-2.0.0-M15.jar:lib/api-asn1-api-1.0.0-M20.jar:lib/commons-lang-2.6.jar:lib/commons-beanutils-1.7.0.jar:lib/jackson-xc-1.8.3.jar:lib/jetty-util-6.1.26.jar:lib/logback-classic-1.2.3.jar:lib/jool-0.9.12.jar:lib/flamestream-runtime-1.0-SNAPSHOT-tests.jar:lib/httpcore-4.1.2.jar:lib/kryo-4.0.0.jar:lib/ant-1.8.1.jar:lib/jaxb-impl-2.2.3-1.jar:lib/jersey-json-1.9.jar:lib/commons-compress-1.4.1.jar:lib/leveldbjni-all-1.8.jar:lib/paranamer-2.3.jar:lib/jackson-core-2.8.4.jar:lib/commons-math3-3.6.1.jar:lib/scala-parser-combinators_2.11-1.0.4.jar:lib/netty-3.10.6.Final.jar:lib/trove4j-3.0.3.jar:lib/jaxb-api-2.2.2.jar:lib/logback-core-1.2.3.jar:lib/snappy-java-1.0.4.1.jar:lib/protobuf-java-2.5.0.jar:lib/reactive-streams-1.0.1.jar:lib/flamestream-examples-1.0-SNAPSHOT.jar:lib/commons-codec-1.4.jar:lib/activation-1.1.jar:lib/commons-net-3.1.jar:lib/curator-recipes-2.7.1.jar:lib/jackson-mapper-asl-1.9.13.jar:lib/jackson-databind-2.8.4.jar:lib/flamestream-runtime-1.0-SNAPSHOT.jar:lib/jackson-jaxrs-1.8.3.jar:lib/slf4j-api-1.7.24.jar:lib/akka-remote_2.11-2.5.6.jar:lib/akka-testkit_2.11-2.5.6.jar:lib/jline-0.9.94.jar:lib/akka-stream_2.11-2.5.6.jar:lib/jsp-api-2.1.jar:lib/kryonet-2.21.jar:lib/akka-kryo-serialization_2.11-0.5.0.jar:lib/config-1.3.1.jar:lib/ant-launcher-1.8.1.jar:lib/commons-logging-1.2.jar:lib/ssl-config-core_2.11-0.2.2.jar:lib/testng-6.10.jar:lib/leveldb-api-0.7.jar:lib/reflectasm-1.11.3.jar:lib/jcommander-1.48.jar:lib/commons-1.1.jar:lib/commons-digester-1.8.jar:lib/minlog-1.2.jar:lib/java-xmlbuilder-0.4.jar:lib/jettison-1.1.jar:lib/gson-2.2.4.jar:lib/jdk.tools-1.8.jar:lib/aeron-driver-1.3.0.jar:lib/zookeeper-3.4.9.jar:lib/commons-beanutils-core-1.8.0.jar:lib/commons-math3-3.1.1.jar:lib/akka-actor_2.11-2.5.6.jar:lib/curator-client-2.7.1.jar:lib/servlet-api-2.5.jar:lib/apacheds-i18n-2.0.0-M15.jar:lib/commons-io-2.4.jar:lib/commons-codec-1.6.jar:lib/akka-protobuf_2.11-2.5.6.jar:lib/protobuf-java-3.5.1.jar:lib/jdom-2.0.2.jar:lib/api-util-1.0.0-M20.jar:lib/hadoop-common-2.7.3.jar:lib/agrona-0.9.6.jar:lib/xmlenc-0.52.jar:lib/guava-21.0.jar:lib/commons-collections-3.2.2.jar:lib/avro-1.7.4.jar:lib/httpclient-4.1.2.jar:lib/flamestream-core-1.0-SNAPSHOT-tests.jar:lib/annotations-12.0.jar:lib/jsch-0.1.42.jar:flamestream-runtime-1.0-SNAPSHOT.jar
12:52:58.640 [worker-akka.actor.default-dispatcher-2] INFO  o.a.z.ZooKeeper  - Client environment:java.library.path=/usr/java/packages/lib/amd64:/usr/lib/x86_64-linux-gnu/jni:/lib/x86_64-linux-gnu:/usr/lib/x86_64-linux-gnu:/usr/lib/jni:/lib:/usr/lib
12:52:58.640 [worker-akka.actor.default-dispatcher-2] INFO  o.a.z.ZooKeeper  - Client environment:java.io.tmpdir=/tmp
12:52:58.640 [worker-akka.actor.default-dispatcher-2] INFO  o.a.z.ZooKeeper  - Client environment:java.compiler=<NA>
12:52:58.640 [worker-akka.actor.default-dispatcher-2] INFO  o.a.z.ZooKeeper  - Client environment:os.name=Linux
12:52:58.641 [worker-akka.actor.default-dispatcher-2] INFO  o.a.z.ZooKeeper  - Client environment:os.arch=amd64
12:52:58.641 [worker-akka.actor.default-dispatcher-2] INFO  o.a.z.ZooKeeper  - Client environment:os.version=4.4.0-1049-aws
12:52:58.641 [worker-akka.actor.default-dispatcher-2] INFO  o.a.z.ZooKeeper  - Client environment:user.name=root
12:52:58.642 [worker-akka.actor.default-dispatcher-2] INFO  o.a.z.ZooKeeper  - Client environment:user.home=/root
12:52:58.642 [worker-akka.actor.default-dispatcher-2] INFO  o.a.z.ZooKeeper  - Client environment:user.dir=/opt/flamestream
12:52:58.644 [worker-akka.actor.default-dispatcher-2] INFO  o.a.z.ZooKeeper  - Initiating client connection, connectString=172.31.34.147:2181 sessionTimeout=5000 watcher=com.spbsu.flamestream.runtime.application.LifecycleWatcher$$Lambda$29/1058902145@7d2d403
12:52:58.666 [worker-akka.actor.default-dispatcher-2] INFO  a.a.RepointableActorRef akka://worker/user/watcher - Starting...
12:52:58.669 [worker-akka.actor.default-dispatcher-2-SendThread(172.31.34.147:2181)] INFO  o.a.z.ClientCnxn  - Opening socket connection to server 172.31.34.147/172.31.34.147:2181. Will not attempt to authenticate using SASL (unknown error)
12:52:58.673 [worker-akka.actor.default-dispatcher-2-SendThread(172.31.34.147:2181)] INFO  o.a.z.ClientCnxn  - Socket connection established to 172.31.34.147/172.31.34.147:2181, initiating session
12:52:58.680 [worker-akka.actor.default-dispatcher-2-SendThread(172.31.34.147:2181)] INFO  o.a.z.ClientCnxn  - Session establishment complete on server 172.31.34.147/172.31.34.147:2181, sessionid = 0x161ae1f0755000b, negotiated timeout = 6000
12:52:58.778 [worker-akka.actor.default-dispatcher-2] INFO  a.a.RepointableActorRef akka://worker/user/watcher - Connected to ZK
12:53:07.749 [worker-akka.actor.default-dispatcher-2] INFO  a.a.RepointableActorRef akka://worker/user/watcher - Creating node with watchGraphs: 'com.spbsu.flamestream.core.Graph$Builder$MyGraph@5b1552ce', config: 'ClusterConfig{paths={172.31.33.155=akka://worker@172.31.33.155:5412/user/watcher/graph0000000000, 172.31.47.83=akka://worker@172.31.47.83:5412/user/watcher/graph0000000000, 172.31.45.197=akka://worker@172.31.45.197:5412/user/watcher/graph0000000000, 172.31.42.36=akka://worker@172.31.42.36:5412/user/watcher/graph0000000000, 172.31.44.83=akka://worker@172.31.44.83:5412/user/watcher/graph0000000000, 172.31.39.64=akka://worker@172.31.39.64:5412/user/watcher/graph0000000000, 172.31.35.79=akka://worker@172.31.35.79:5412/user/watcher/graph0000000000, 172.31.34.169=akka://worker@172.31.34.169:5412/user/watcher/graph0000000000, 172.31.47.100=akka://worker@172.31.47.100:5412/user/watcher/graph0000000000, 172.31.37.101=akka://worker@172.31.37.101:5412/user/watcher/graph0000000000}, ackerLocation='172.31.35.79', props=ComputationLayout{ranges={172.31.33.155=HashRange{from=-1670265060, to=-1193046472}, 172.31.47.83=HashRange{from=1670265056, to=2147483644}, 172.31.45.197=HashRange{from=-715827884, to=-238609296}, 172.31.42.36=HashRange{from=1193046468, to=1670265056}, 172.31.44.83=HashRange{from=-238609296, to=238609292}, 172.31.39.64=HashRange{from=715827880, to=1193046468}, 172.31.35.79=HashRange{from=0, to=0}, 172.31.34.169=HashRange{from=-2147483648, to=-1670265060}, 172.31.47.100=HashRange{from=238609292, to=715827880}, 172.31.37.101=HashRange{from=-1193046472, to=-715827884}}}}'
12:53:08.648 [worker-akka.actor.default-dispatcher-2] INFO  a.a.LocalActorRef akka://worker/user/watcher/graph0000000000/graph - Starting...
12:53:08.649 [worker-akka.actor.default-dispatcher-2] INFO  a.a.LocalActorRef akka://worker/user/watcher/graph0000000000/graph/local-acker - Starting...
12:53:08.651 [worker-akka.actor.default-dispatcher-2] INFO  a.a.LocalActorRef akka://worker/user/watcher/graph0000000000/graph/local-acker/$a - Starting...
Warning: space is running low in /dev/shm (tmpfs) threshold=167,772,160 usable=158,621,696
Warning: space is running low in /dev/shm (tmpfs) threshold=167,772,160 usable=146,034,688
Warning: space is running low in /dev/shm (tmpfs) threshold=167,772,160 usable=133,447,680
Warning: space is running low in /dev/shm (tmpfs) threshold=167,772,160 usable=120,860,672
Warning: space is running low in /dev/shm (tmpfs) threshold=167,772,160 usable=108,273,664
Warning: space is running low in /dev/shm (tmpfs) threshold=167,772,160 usable=95,686,656
Warning: space is running low in /dev/shm (tmpfs) threshold=167,772,160 usable=83,099,648
Warning: space is running low in /dev/shm (tmpfs) threshold=167,772,160 usable=70,512,640
12:53:09.939 [worker-akka.actor.default-dispatcher-2] INFO  a.a.LocalActorRef akka://worker/user/watcher/graph0000000000/graph - Finishing constructor
12:53:09.940 [worker-akka.actor.default-dispatcher-2] INFO  a.a.LocalActorRef akka://worker/user/watcher/graph0000000000 - Starting...
12:53:09.940 [worker-akka.actor.default-dispatcher-2] INFO  a.a.LocalActorRef akka://worker/user/watcher/graph0000000000/negotiator - Starting...
12:53:10.002 [worker-akka.actor.default-dispatcher-2] INFO  a.a.LocalActorRef akka://worker/user/watcher/graph0000000000/edge - Starting...
12:53:10.003 [worker-akka.actor.default-dispatcher-2] INFO  a.a.LocalActorRef akka://worker/user/watcher/graph0000000000/graph/$a - Starting...
12:53:10.004 [worker-akka.actor.default-dispatcher-2] INFO  a.a.LocalActorRef akka://worker/user/watcher/graph0000000000/graph/$b - Starting...
12:53:10.006 [worker-akka.actor.default-dispatcher-2] INFO  a.a.LocalActorRef akka://worker/user/watcher/graph0000000000/graph/$c - Starting...
12:53:10.030 [worker-akka.actor.default-dispatcher-2] INFO  c.s.f.r.e.s.SocketRear  - FlameSocketGraphDeployerRear@172.31.44.83: connecting to 172.31.34.147:5678
12:53:10.033 [worker-akka.actor.default-dispatcher-2] INFO  c.s.f.r.e.s.SocketRear  - FlameSocketGraphDeployerRear@172.31.44.83: connected to 172.31.34.147:5678
12:53:10.061 [worker-akka.actor.default-dispatcher-2] INFO  a.a.LocalActorRef akka://worker/user/watcher/graph0000000000/edge/FlameSocketGraphDeployerRear - Starting...
12:53:10.062 [worker-akka.actor.default-dispatcher-2] INFO  a.a.LocalActorRef akka://worker/user/watcher/graph0000000000/edge/FlameSocketGraphDeployerFront - Starting...
12:53:10.063 [worker-akka.actor.default-dispatcher-2] INFO  a.a.LocalActorRef akka://worker/user/watcher/graph0000000000/negotiator - Requesting ticket for the frontClass FlameSocketGraphDeployerFront@172.31.44.83
12:53:10.079 [worker-akka.actor.default-dispatcher-2] INFO  a.a.LocalActorRef akka://worker/user/watcher/graph0000000000/negotiator - Ticket for the frontClass received: FrontTicket{allowedTimestamp=(1519044787745, FlameSocketGraphDeployerFront@172.31.44.83)}
12:53:10.079 [worker-akka.actor.default-dispatcher-2] INFO  c.s.f.r.e.s.SocketFront  - FlameSocketGraphDeployerFront@172.31.44.83: connecting to 172.31.34.147:4567
12:53:10.098 [Client] INFO  c.s.f.r.e.s.SocketFront  - FlameSocketGraphDeployerFront@172.31.44.83 has been disconnected from Connection 7
2018-02-19T12:53:14.234+0000: 19.118: [GC (Allocation Failure) 2018-02-19T12:53:14.234+0000: 19.118: [DefNew: 136576K->15050K(153600K), 0.0240131 secs] 151986K->49992K(494976K), 0.0240813 secs] [Times: user=0.02 sys=0.01, real=0.02 secs] 
2018-02-19T12:53:37.750+0000: 42.634: [GC (Allocation Failure) 2018-02-19T12:53:37.750+0000: 42.634: [DefNew: 151626K->3479K(153600K), 0.0172746 secs] 186568K->45942K(494976K), 0.0173405 secs] [Times: user=0.01 sys=0.00, real=0.02 secs] 
2018-02-19T12:54:02.975+0000: 67.859: [GC (Allocation Failure) 2018-02-19T12:54:02.975+0000: 67.859: [DefNew: 140055K->6000K(153600K), 0.0210200 secs] 182518K->48462K(494976K), 0.0211127 secs] [Times: user=0.02 sys=0.00, real=0.02 secs] 
2018-02-19T12:54:30.365+0000: 95.249: [GC (Allocation Failure) 2018-02-19T12:54:30.365+0000: 95.249: [DefNew: 142576K->7189K(153600K), 0.0159167 secs] 185038K->49652K(494976K), 0.0159812 secs] [Times: user=0.01 sys=0.00, real=0.02 secs] 
2018-02-19T12:54:50.019+0000: 114.903: [GC (Allocation Failure) 2018-02-19T12:54:50.019+0000: 114.903: [DefNew: 143765K->8427K(153600K), 0.0138254 secs] 186228K->50890K(494976K), 0.0138894 secs] [Times: user=0.02 sys=0.00, real=0.01 secs] 
2018-02-19T12:55:11.381+0000: 136.265: [GC (Allocation Failure) 2018-02-19T12:55:11.381+0000: 136.265: [DefNew: 145003K->9951K(153600K), 0.0162016 secs] 187466K->52413K(494976K), 0.0162708 secs] [Times: user=0.02 sys=0.00, real=0.02 secs] 
2018-02-19T12:55:35.688+0000: 160.572: [GC (Allocation Failure) 2018-02-19T12:55:35.688+0000: 160.572: [DefNew: 146527K->9962K(153600K), 0.0179862 secs] 188989K->53791K(494976K), 0.0180477 secs] [Times: user=0.02 sys=0.00, real=0.02 secs] 
2018-02-19T12:56:06.996+0000: 191.880: [GC (Allocation Failure) 2018-02-19T12:56:06.996+0000: 191.880: [DefNew: 146538K->8702K(153600K), 0.0210480 secs] 190367K->54983K(494976K), 0.0211147 secs] [Times: user=0.03 sys=0.00, real=0.02 secs] 
2018-02-19T12:56:37.246+0000: 222.130: [GC (Allocation Failure) 2018-02-19T12:56:37.246+0000: 222.130: [DefNew: 145278K->8889K(153600K), 0.0167985 secs] 191559K->56450K(494976K), 0.0168620 secs] [Times: user=0.01 sys=0.00, real=0.02 secs] 
2018-02-19T12:57:00.559+0000: 245.443: [GC (Allocation Failure) 2018-02-19T12:57:00.559+0000: 245.443: [DefNew: 145465K->8775K(153600K), 0.0161822 secs] 193026K->57472K(494976K), 0.0162477 secs] [Times: user=0.01 sys=0.01, real=0.02 secs] 
2018-02-19T12:57:32.347+0000: 277.231: [GC (Allocation Failure) 2018-02-19T12:57:32.347+0000: 277.231: [DefNew: 145351K->9062K(153600K), 0.0165819 secs] 194048K->58923K(494976K), 0.0166578 secs] [Times: user=0.02 sys=0.00, real=0.01 secs] 
2018-02-19T12:57:59.850+0000: 304.734: [GC (Allocation Failure) 2018-02-19T12:57:59.850+0000: 304.734: [DefNew: 145638K->8719K(153600K), 0.0169960 secs] 195499K->60141K(494976K), 0.0170717 secs] [Times: user=0.01 sys=0.00, real=0.02 secs] 
2018-02-19T12:58:28.501+0000: 333.385: [GC (Allocation Failure) 2018-02-19T12:58:28.501+0000: 333.385: [DefNew: 145295K->8892K(153600K), 0.0175286 secs] 196717K->61566K(494976K), 0.0176055 secs] [Times: user=0.02 sys=0.00, real=0.02 secs] 
2018-02-19T12:58:52.353+0000: 357.238: [GC (Allocation Failure) 2018-02-19T12:58:52.353+0000: 357.238: [DefNew: 145468K->8590K(153600K), 0.0160645 secs] 198142K->62306K(494976K), 0.0161272 secs] [Times: user=0.02 sys=0.00, real=0.02 secs] 
2018-02-19T12:59:21.954+0000: 386.838: [GC (Allocation Failure) 2018-02-19T12:59:21.954+0000: 386.838: [DefNew: 145166K->9169K(153600K), 0.0170449 secs] 198882K->64010K(494976K), 0.0171224 secs] [Times: user=0.02 sys=0.00, real=0.01 secs] 
2018-02-19T12:59:47.303+0000: 412.187: [GC (Allocation Failure) 2018-02-19T12:59:47.303+0000: 412.187: [DefNew: 145745K->8753K(153600K), 0.0164149 secs] 200586K->64815K(494976K), 0.0164866 secs] [Times: user=0.00 sys=0.01, real=0.02 secs] 
2018-02-19T13:00:16.434+0000: 441.318: [GC (Allocation Failure) 2018-02-19T13:00:16.434+0000: 441.318: [DefNew: 145329K->9135K(153600K), 0.0174357 secs] 201391K->66199K(494976K), 0.0175132 secs] [Times: user=0.02 sys=0.00, real=0.02 secs] 
2018-02-19T13:00:45.165+0000: 470.049: [GC (Allocation Failure) 2018-02-19T13:00:45.165+0000: 470.049: [DefNew: 145711K->9479K(153600K), 0.0171551 secs] 202775K->67493K(494976K), 0.0172183 secs] [Times: user=0.01 sys=0.00, real=0.02 secs] 
2018-02-19T13:01:14.069+0000: 498.953: [GC (Allocation Failure) 2018-02-19T13:01:14.069+0000: 498.953: [DefNew: 146055K->9262K(153600K), 0.0166829 secs] 204069K->68466K(494976K), 0.0167440 secs] [Times: user=0.02 sys=0.00, real=0.01 secs] 
2018-02-19T13:01:37.308+0000: 522.193: [GC (Allocation Failure) 2018-02-19T13:01:37.309+0000: 522.193: [DefNew: 145838K->9364K(153600K), 0.0164766 secs] 205042K->69513K(494976K), 0.0165397 secs] [Times: user=0.02 sys=0.00, real=0.01 secs] 
2018-02-19T13:02:01.236+0000: 546.120: [GC (Allocation Failure) 2018-02-19T13:02:01.236+0000: 546.120: [DefNew: 145940K->9759K(153600K), 0.0176734 secs] 206089K->71112K(494976K), 0.0177483 secs] [Times: user=0.01 sys=0.00, real=0.02 secs] 
2018-02-19T13:02:25.272+0000: 570.156: [GC (Allocation Failure) 2018-02-19T13:02:25.272+0000: 570.156: [DefNew: 146335K->9775K(153600K), 0.0179634 secs] 207688K->72370K(494976K), 0.0180241 secs] [Times: user=0.02 sys=0.00, real=0.02 secs] 
2018-02-19T13:02:52.973+0000: 597.858: [GC (Allocation Failure) 2018-02-19T13:02:52.974+0000: 597.858: [DefNew: 146351K->10023K(153600K), 0.0188542 secs] 208946K->74605K(494976K), 0.0189192 secs] [Times: user=0.02 sys=0.00, real=0.02 secs] 
2018-02-19T13:03:18.732+0000: 623.616: [GC (Allocation Failure) 2018-02-19T13:03:18.732+0000: 623.616: [DefNew: 146599K->8595K(153600K), 0.0184735 secs] 211181K->75909K(494976K), 0.0185400 secs] [Times: user=0.02 sys=0.00, real=0.02 secs] 
2018-02-19T13:03:39.812+0000: 644.696: [GC (Allocation Failure) 2018-02-19T13:03:39.812+0000: 644.696: [DefNew: 145171K->7324K(153600K), 0.0198780 secs] 212485K->77052K(494976K), 0.0199558 secs] [Times: user=0.02 sys=0.01, real=0.02 secs] 
2018-02-19T13:04:08.671+0000: 673.555: [GC (Allocation Failure) 2018-02-19T13:04:08.671+0000: 673.555: [DefNew: 143900K->8981K(153600K), 0.0150023 secs] 213628K->78708K(494976K), 0.0150674 secs] [Times: user=0.02 sys=0.00, real=0.01 secs] 
2018-02-19T13:04:33.803+0000: 698.687: [GC (Allocation Failure) 2018-02-19T13:04:33.803+0000: 698.687: [DefNew: 145557K->8886K(153600K), 0.0158361 secs] 215284K->79888K(494976K), 0.0159185 secs] [Times: user=0.01 sys=0.00, real=0.02 secs] 
2018-02-19T13:04:57.479+0000: 722.363: [GC (Allocation Failure) 2018-02-19T13:04:57.479+0000: 722.363: [DefNew: 145462K->9606K(153600K), 0.0180994 secs] 216464K->81549K(494976K), 0.0181653 secs] [Times: user=0.02 sys=0.00, real=0.02 secs] 
2018-02-19T13:05:26.446+0000: 751.330: [GC (Allocation Failure) 2018-02-19T13:05:26.446+0000: 751.330: [DefNew: 146182K->9629K(153600K), 0.0181756 secs] 218125K->82820K(494976K), 0.0182392 secs] [Times: user=0.02 sys=0.00, real=0.01 secs] 
2018-02-19T13:05:52.932+0000: 777.816: [GC (Allocation Failure) 2018-02-19T13:05:52.932+0000: 777.816: [DefNew: 146205K->11153K(153600K), 0.0197881 secs] 219396K->85511K(494976K), 0.0198551 secs] [Times: user=0.02 sys=0.00, real=0.02 secs] 
2018-02-19T13:06:18.108+0000: 802.992: [GC (Allocation Failure) 2018-02-19T13:06:18.108+0000: 802.992: [DefNew: 147729K->8484K(153600K), 0.0186089 secs] 222087K->85633K(494976K), 0.0186747 secs] [Times: user=0.02 sys=0.00, real=0.02 secs] 
2018-02-19T13:06:41.261+0000: 826.145: [GC (Allocation Failure) 2018-02-19T13:06:41.261+0000: 826.145: [DefNew: 145060K->10013K(153600K), 0.0149317 secs] 222209K->87162K(494976K), 0.0150019 secs] [Times: user=0.02 sys=0.00, real=0.02 secs] 
2018-02-19T13:07:08.014+0000: 852.898: [GC (Allocation Failure) 2018-02-19T13:07:08.014+0000: 852.898: [DefNew: 146589K->9147K(153600K), 0.0208335 secs] 223738K->88881K(494976K), 0.0208999 secs] [Times: user=0.00 sys=0.03, real=0.02 secs] 
2018-02-19T13:07:34.810+0000: 879.694: [GC (Allocation Failure) 2018-02-19T13:07:34.810+0000: 879.694: [DefNew: 145723K->9434K(153600K), 0.0168766 secs] 225457K->90520K(494976K), 0.0169617 secs] [Times: user=0.02 sys=0.00, real=0.02 secs] 
2018-02-19T13:07:59.825+0000: 904.709: [GC (Allocation Failure) 2018-02-19T13:07:59.825+0000: 904.709: [DefNew: 146010K->8970K(153600K), 0.0166658 secs] 227096K->91732K(494976K), 0.0167307 secs] [Times: user=0.02 sys=0.00, real=0.02 secs] 
2018-02-19T13:08:31.087+0000: 935.971: [GC (Allocation Failure) 2018-02-19T13:08:31.087+0000: 935.971: [DefNew: 145546K->9066K(153600K), 0.0166561 secs] 228308K->93382K(494976K), 0.0167426 secs] [Times: user=0.01 sys=0.01, real=0.01 secs] 
2018-02-19T13:08:55.261+0000: 960.145: [GC (Allocation Failure) 2018-02-19T13:08:55.261+0000: 960.145: [DefNew: 145642K->9363K(153600K), 0.0307730 secs] 229958K->95173K(494976K), 0.0308458 secs] [Times: user=0.00 sys=0.03, real=0.03 secs] 
2018-02-19T13:09:17.021+0000: 981.905: [GC (Allocation Failure) 2018-02-19T13:09:17.021+0000: 981.905: [DefNew: 145939K->9924K(153600K), 0.0166284 secs] 231749K->97154K(494976K), 0.0166965 secs] [Times: user=0.02 sys=0.00, real=0.02 secs] 
2018-02-19T13:09:44.825+0000: 1009.709: [GC (Allocation Failure) 2018-02-19T13:09:44.825+0000: 1009.709: [DefNew: 146500K->9557K(153600K), 0.0302647 secs] 233730K->98362K(494976K), 0.0303304 secs] [Times: user=0.00 sys=0.04, real=0.04 secs] 
2018-02-19T13:10:08.133+0000: 1033.017: [GC (Allocation Failure) 2018-02-19T13:10:08.133+0000: 1033.017: [DefNew: 146133K->9963K(153600K), 0.0308280 secs] 234938K->100274K(494976K), 0.0308922 secs] [Times: user=0.00 sys=0.04, real=0.03 secs] 
13:10:18.174 [Client] INFO  c.s.f.r.e.s.SocketRear  - FlameSocketGraphDeployerRear@172.31.44.83: has been disconnected from Connection 7
13:10:32.238 [worker-akka.actor.default-dispatcher-2] INFO  a.a.CoordinatedShutdown CoordinatedShutdown(akka://worker) - Starting coordinated shutdown from JVM shutdown hook
13:10:32.283 [worker-akka.actor.default-dispatcher-2] INFO  a.a.LocalActorRef akka://worker/user/watcher/graph0000000000/negotiator - Stopped
13:10:32.286 [worker-akka.actor.default-dispatcher-2] INFO  a.a.LocalActorRef akka://worker/user/watcher/graph0000000000/edge/FlameSocketGraphDeployerFront - Stopped
13:10:32.287 [worker-akka.actor.default-dispatcher-2] INFO  a.a.LocalActorRef akka://worker/user/watcher/graph0000000000/edge/FlameSocketGraphDeployerRear - Stopped
13:10:32.288 [worker-akka.actor.default-dispatcher-2] INFO  a.a.LocalActorRef akka://worker/user/watcher/graph0000000000/graph/local-acker/$a - Stopped
13:10:32.289 [worker-akka.actor.default-dispatcher-2] INFO  a.a.LocalActorRef akka://worker/user/watcher/graph0000000000/graph/$a - Stopped
13:10:32.289 [worker-akka.actor.default-dispatcher-2] INFO  a.a.LocalActorRef akka://worker/user/watcher/graph0000000000/graph/$b - Stopped
13:10:32.290 [worker-akka.actor.default-dispatcher-2] INFO  a.a.LocalActorRef akka://worker/user/watcher/graph0000000000/graph/$c - Stopped
13:10:32.295 [worker-akka.actor.default-dispatcher-2] INFO  a.a.LocalActorRef akka://worker/user/watcher/graph0000000000/edge - Stopped
13:10:32.296 [worker-akka.actor.default-dispatcher-2] INFO  a.a.LocalActorRef akka://worker/user/watcher/graph0000000000/graph/local-acker/$a - Message [com.spbsu.flamestream.runtime.utils.akka.PingActor$InnerPing] from Actor[akka://worker/user/watcher/graph0000000000/graph/local-acker/$a#-735362065] to Actor[akka://worker/user/watcher/graph0000000000/graph/local-acker/$a#-735362065] was not delivered. [1] dead letters encountered. This logging can be turned off or adjusted with configuration settings 'akka.log-dead-letters' and 'akka.log-dead-letters-during-shutdown'.
13:10:32.296 [worker-akka.actor.default-dispatcher-2] INFO  a.a.LocalActorRef akka://worker/user/watcher/graph0000000000/graph/local-acker - Stopped
13:10:32.297 [worker-akka.actor.default-dispatcher-2] INFO  a.a.LocalActorRef akka://worker/user/watcher/graph0000000000/graph - Stopped
13:10:32.297 [worker-akka.actor.default-dispatcher-2] INFO  a.a.LocalActorRef akka://worker/user/watcher/graph0000000000 - Stopped
13:10:32.300 [worker-akka.actor.default-dispatcher-2-EventThread] INFO  o.a.z.ClientCnxn  - EventThread shut down for session: 0x161ae1f0755000b
13:10:32.300 [worker-akka.actor.default-dispatcher-2] INFO  o.a.z.ZooKeeper  - Session: 0x161ae1f0755000b closed
13:10:32.300 [worker-akka.actor.default-dispatcher-2] INFO  a.a.LocalActorRef akka://worker/user/watcher/graph0000000000/graph/local-acker/$a - Message [com.spbsu.flamestream.runtime.utils.akka.PingActor$Stop] from Actor[akka://worker/user/watcher/graph0000000000/graph/local-acker#936355901] to Actor[akka://worker/user/watcher/graph0000000000/graph/local-acker/$a#-735362065] was not delivered. [2] dead letters encountered. This logging can be turned off or adjusted with configuration settings 'akka.log-dead-letters' and 'akka.log-dead-letters-during-shutdown'.
13:10:32.301 [worker-akka.actor.default-dispatcher-2] INFO  a.a.LocalActorRef akka://worker/user/watcher/graph0000000000/graph/local-acker - Message [com.spbsu.flamestream.runtime.acker.LocalAcker$Flush] from Actor[akka://worker/user/watcher/graph0000000000/graph/local-acker#936355901] to Actor[akka://worker/user/watcher/graph0000000000/graph/local-acker#936355901] was not delivered. [3] dead letters encountered. This logging can be turned off or adjusted with configuration settings 'akka.log-dead-letters' and 'akka.log-dead-letters-during-shutdown'.
13:10:32.301 [worker-akka.actor.default-dispatcher-2] INFO  a.a.RepointableActorRef akka://worker/user/watcher - Stopped
13:10:32.314 [worker-akka.actor.default-dispatcher-2] INFO  a.r.RemoteActorRefProvider$RemotingTerminator akka://worker@172.31.44.83:5412/system/remoting-terminator - Shutting down remote daemon.
13:10:32.316 [worker-akka.actor.default-dispatcher-2] INFO  a.r.RemoteActorRefProvider$RemotingTerminator akka://worker@172.31.44.83:5412/system/remoting-terminator - Remote daemon shut down; proceeding with flushing remote transports.
13:10:33.456 [worker-akka.actor.default-dispatcher-2] INFO  a.r.RemoteActorRefProvider$RemotingTerminator akka://worker@172.31.44.83:5412/system/remoting-terminator - Remoting shut down.
Heap
 def new generation   total 153600K, used 71643K [0x00000000e0c00000, 0x00000000eb2a0000, 0x00000000eb2a0000)
  eden space 136576K,  45% used [0x00000000e0c00000, 0x00000000e483c060, 0x00000000e9160000)
  from space 17024K,  58% used [0x00000000e9160000, 0x00000000e9b1ac38, 0x00000000ea200000)
  to   space 17024K,   0% used [0x00000000ea200000, 0x00000000ea200000, 0x00000000eb2a0000)
 tenured generation   total 341376K, used 90311K [0x00000000eb2a0000, 0x0000000100000000, 0x0000000100000000)
   the space 341376K,  26% used [0x00000000eb2a0000, 0x00000000f0ad1d88, 0x00000000f0ad1e00, 0x0000000100000000)
 Metaspace       used 33568K, capacity 34298K, committed 34688K, reserved 1079296K
  class space    used 4457K, capacity 4624K, committed 4736K, reserved 1048576K
