14:34:38,858 |-INFO in ch.qos.logback.classic.LoggerContext[default] - Could NOT find resource [logback-test.xml]
14:34:38,858 |-INFO in ch.qos.logback.classic.LoggerContext[default] - Could NOT find resource [logback.groovy]
14:34:38,858 |-INFO in ch.qos.logback.classic.LoggerContext[default] - Found resource [logback.xml] at [jar:file:/opt/flamestream/lib/flamestream-runtime-1.0-SNAPSHOT.jar!/logback.xml]
14:34:38,859 |-WARN in ch.qos.logback.classic.LoggerContext[default] - Resource [logback.xml] occurs multiple times on the classpath.
14:34:38,859 |-WARN in ch.qos.logback.classic.LoggerContext[default] - Resource [logback.xml] occurs at [jar:file:/opt/flamestream/flamestream-runtime-1.0-SNAPSHOT.jar!/logback.xml]
14:34:38,859 |-WARN in ch.qos.logback.classic.LoggerContext[default] - Resource [logback.xml] occurs at [jar:file:/opt/flamestream/lib/flamestream-runtime-1.0-SNAPSHOT.jar!/logback.xml]
14:34:38,882 |-INFO in ch.qos.logback.core.joran.spi.ConfigurationWatchList@69b794e2 - URL [jar:file:/opt/flamestream/lib/flamestream-runtime-1.0-SNAPSHOT.jar!/logback.xml] is not of type file
14:34:38,955 |-INFO in ch.qos.logback.classic.joran.action.ConfigurationAction - debug attribute not set
14:34:38,956 |-INFO in ch.qos.logback.core.joran.action.AppenderAction - About to instantiate appender of type [ch.qos.logback.core.ConsoleAppender]
14:34:38,968 |-INFO in ch.qos.logback.core.joran.action.AppenderAction - Naming appender as [STDOUT]
14:34:38,976 |-INFO in ch.qos.logback.core.joran.action.NestedComplexPropertyIA - Assuming default type [ch.qos.logback.classic.encoder.PatternLayoutEncoder] for [encoder] property
14:34:39,023 |-INFO in ch.qos.logback.core.joran.action.AppenderAction - About to instantiate appender of type [ch.qos.logback.core.rolling.RollingFileAppender]
14:34:39,026 |-INFO in ch.qos.logback.core.joran.action.AppenderAction - Naming appender as [FILE]
14:34:39,043 |-INFO in c.q.l.core.rolling.TimeBasedRollingPolicy@1059063940 - No compression will be used
14:34:39,044 |-INFO in c.q.l.core.rolling.TimeBasedRollingPolicy@1059063940 - Will use the pattern /tmp/application_%d{yyyy-MM-dd}.%i.log for the active file
14:34:39,052 |-INFO in ch.qos.logback.core.rolling.SizeAndTimeBasedFNATP@4d339552 - The date pattern is 'yyyy-MM-dd' from file name pattern '/tmp/application_%d{yyyy-MM-dd}.%i.log'.
14:34:39,052 |-INFO in ch.qos.logback.core.rolling.SizeAndTimeBasedFNATP@4d339552 - Roll-over at midnight.
14:34:39,057 |-INFO in ch.qos.logback.core.rolling.SizeAndTimeBasedFNATP@4d339552 - Setting initial period to Mon Mar 26 13:53:06 UTC 2018
14:34:39,057 |-WARN in ch.qos.logback.core.rolling.SizeAndTimeBasedFNATP@4d339552 - SizeAndTimeBasedFNATP is deprecated. Use SizeAndTimeBasedRollingPolicy instead
14:34:39,057 |-WARN in ch.qos.logback.core.rolling.SizeAndTimeBasedFNATP@4d339552 - For more information see http://logback.qos.ch/manual/appenders.html#SizeAndTimeBasedRollingPolicy
14:34:39,061 |-INFO in ch.qos.logback.core.joran.action.NestedComplexPropertyIA - Assuming default type [ch.qos.logback.classic.encoder.PatternLayoutEncoder] for [encoder] property
14:34:39,066 |-INFO in ch.qos.logback.core.rolling.RollingFileAppender[FILE] - Active log file name: /tmp/application.log
14:34:39,066 |-INFO in ch.qos.logback.core.rolling.RollingFileAppender[FILE] - File property is set to [/tmp/application.log]
14:34:39,067 |-INFO in ch.qos.logback.classic.joran.action.RootLoggerAction - Setting level of ROOT logger to INFO
14:34:39,067 |-INFO in ch.qos.logback.core.joran.action.AppenderRefAction - Attaching appender named [STDOUT] to Logger[ROOT]
14:34:39,067 |-INFO in ch.qos.logback.core.joran.action.AppenderRefAction - Attaching appender named [FILE] to Logger[ROOT]
14:34:39,067 |-INFO in ch.qos.logback.classic.joran.action.ConfigurationAction - End of configuration.
14:34:39,068 |-INFO in ch.qos.logback.classic.joran.JoranConfigurator@f0f2775 - Registering current configuration as safe fallback point

14:34:39.071 [main] INFO  c.s.f.r.a.WorkerApplication  - Starting worker with id: '10.0.0.51', host: '10.0.0.51:5412', zkString: '10.0.0.132:2181'
14:34:39.947 [worker-akka.actor.default-dispatcher-2] INFO  a.e.s.Slf4jLogger  - Slf4jLogger started
2018-03-26T14:34:40.093+0000: 1.824: [Full GC (Metadata GC Threshold) 2018-03-26T14:34:40.094+0000: 1.824: [Tenured: 0K->15819K(341376K), 0.0406576 secs] 134103K->15819K(494976K), [Metaspace: 20916K->20916K(1067008K)], 0.0407261 secs] [Times: user=0.04 sys=0.00, real=0.04 secs] 
Ama winner
Ama winner
14:34:40.495 [worker-akka.actor.default-dispatcher-2] INFO  a.r.a.ArteryTransport(akka://worker) akka.remote.artery.ArteryTransport(akka://worker) - Started embedded media driver in directory [/dev/shm/aeron-root-worker-818cc4f9-b9e6-4eaa-9551-7554e958d409]
14:34:40.677 [worker-akka.actor.default-dispatcher-2] INFO  a.r.a.ArteryTransport(akka://worker) akka.remote.artery.ArteryTransport(akka://worker) - Remoting started; listening on address: [akka://worker@10.0.0.51:5412] with UID [238462652431082211]
14:34:40.731 [worker-akka.actor.default-dispatcher-7] INFO  a.a.RepointableActorRef akka://worker/user/watcher - Starting...
14:34:40.743 [worker-akka.actor.default-dispatcher-2] INFO  o.a.z.ZooKeeper  - Client environment:zookeeper.version=3.4.9-1757313, built on 08/23/2016 06:50 GMT
14:34:40.743 [worker-akka.actor.default-dispatcher-2] INFO  o.a.z.ZooKeeper  - Client environment:host.name=localhost
14:34:40.744 [worker-akka.actor.default-dispatcher-2] INFO  o.a.z.ZooKeeper  - Client environment:java.version=1.8.0_151
14:34:40.744 [worker-akka.actor.default-dispatcher-2] INFO  o.a.z.ZooKeeper  - Client environment:java.vendor=Oracle Corporation
14:34:40.744 [worker-akka.actor.default-dispatcher-2] INFO  o.a.z.ZooKeeper  - Client environment:java.home=/usr/lib/jvm/java-8-openjdk-amd64/jre
14:34:40.744 [worker-akka.actor.default-dispatcher-2] INFO  o.a.z.ZooKeeper  - Client environment:java.class.path=lib/commons-cli-1.4.jar:lib/minlog-1.3.0.jar:lib/asm-5.0.4.jar:lib/hadoop-annotations-2.7.3.jar:lib/hadoop-auth-2.7.3.jar:lib/akka-slf4j_2.11-2.5.6.jar:lib/jersey-core-1.9.jar:lib/lz4-1.3.0.jar:lib/jackson-core-asl-1.9.13.jar:lib/aeron-client-1.3.0.jar:lib/htrace-core-3.1.0-incubating.jar:lib/xz-1.0.jar:lib/commons-httpclient-3.1.jar:lib/asm-3.1.jar:lib/commons-lang3-3.4.jar:lib/scala-library-2.11.11.jar:lib/scala-java8-compat_2.11-0.7.0.jar:lib/commons-configuration-1.6.jar:lib/objenesis-2.1.jar:lib/jackson-annotations-2.8.0.jar:lib/jsr305-3.0.0.jar:lib/curator-framework-2.7.1.jar:lib/jersey-server-1.9.jar:lib/jets3t-0.9.0.jar:lib/leveldb-0.7.jar:lib/jetty-6.1.26.jar:lib/stax-api-1.0-2.jar:lib/flamestream-core-1.0-SNAPSHOT.jar:lib/reflectasm-1.07-shaded.jar:lib/apacheds-kerberos-codec-2.0.0-M15.jar:lib/api-asn1-api-1.0.0-M20.jar:lib/commons-lang-2.6.jar:lib/commons-beanutils-1.7.0.jar:lib/jackson-xc-1.8.3.jar:lib/jetty-util-6.1.26.jar:lib/logback-classic-1.2.3.jar:lib/jool-0.9.12.jar:lib/httpcore-4.1.2.jar:lib/kryo-4.0.0.jar:lib/ant-1.8.1.jar:lib/jaxb-impl-2.2.3-1.jar:lib/jersey-json-1.9.jar:lib/commons-compress-1.4.1.jar:lib/leveldbjni-all-1.8.jar:lib/paranamer-2.3.jar:lib/jackson-core-2.8.4.jar:lib/commons-math3-3.6.1.jar:lib/scala-parser-combinators_2.11-1.0.4.jar:lib/netty-3.10.6.Final.jar:lib/trove4j-3.0.3.jar:lib/jaxb-api-2.2.2.jar:lib/logback-core-1.2.3.jar:lib/snappy-java-1.0.4.1.jar:lib/protobuf-java-2.5.0.jar:lib/reactive-streams-1.0.1.jar:lib/flamestream-examples-1.0-SNAPSHOT.jar:lib/commons-codec-1.4.jar:lib/activation-1.1.jar:lib/commons-net-3.1.jar:lib/curator-recipes-2.7.1.jar:lib/jackson-mapper-asl-1.9.13.jar:lib/jackson-databind-2.8.4.jar:lib/flamestream-runtime-1.0-SNAPSHOT.jar:lib/jackson-jaxrs-1.8.3.jar:lib/slf4j-api-1.7.24.jar:lib/akka-remote_2.11-2.5.6.jar:lib/akka-testkit_2.11-2.5.6.jar:lib/jline-0.9.94.jar:lib/jedis-2.9.0.jar:lib/akka-stream_2.11-2.5.6.jar:lib/jsp-api-2.1.jar:lib/kryonet-2.21.jar:lib/akka-kryo-serialization_2.11-0.5.0.jar:lib/config-1.3.1.jar:lib/ant-launcher-1.8.1.jar:lib/commons-logging-1.2.jar:lib/ssl-config-core_2.11-0.2.2.jar:lib/testng-6.10.jar:lib/leveldb-api-0.7.jar:lib/reflectasm-1.11.3.jar:lib/jcommander-1.48.jar:lib/commons-1.1.jar:lib/commons-digester-1.8.jar:lib/minlog-1.2.jar:lib/java-xmlbuilder-0.4.jar:lib/jettison-1.1.jar:lib/gson-2.2.4.jar:lib/jdk.tools-1.8.jar:lib/aeron-driver-1.3.0.jar:lib/zookeeper-3.4.9.jar:lib/commons-beanutils-core-1.8.0.jar:lib/commons-math3-3.1.1.jar:lib/akka-actor_2.11-2.5.6.jar:lib/curator-client-2.7.1.jar:lib/servlet-api-2.5.jar:lib/commons-pool2-2.4.2.jar:lib/apacheds-i18n-2.0.0-M15.jar:lib/commons-io-2.4.jar:lib/commons-codec-1.6.jar:lib/akka-protobuf_2.11-2.5.6.jar:lib/jdom-2.0.2.jar:lib/rocksdbjni-5.5.1.jar:lib/api-util-1.0.0-M20.jar:lib/hadoop-common-2.7.3.jar:lib/agrona-0.9.6.jar:lib/xmlenc-0.52.jar:lib/guava-21.0.jar:lib/commons-collections-3.2.2.jar:lib/avro-1.7.4.jar:lib/httpclient-4.1.2.jar:lib/flamestream-core-1.0-SNAPSHOT-tests.jar:lib/annotations-12.0.jar:lib/jsch-0.1.42.jar:flamestream-runtime-1.0-SNAPSHOT.jar
14:34:40.744 [worker-akka.actor.default-dispatcher-2] INFO  o.a.z.ZooKeeper  - Client environment:java.library.path=/usr/java/packages/lib/amd64:/usr/lib/x86_64-linux-gnu/jni:/lib/x86_64-linux-gnu:/usr/lib/x86_64-linux-gnu:/usr/lib/jni:/lib:/usr/lib
14:34:40.744 [worker-akka.actor.default-dispatcher-2] INFO  o.a.z.ZooKeeper  - Client environment:java.io.tmpdir=/tmp
14:34:40.744 [worker-akka.actor.default-dispatcher-2] INFO  o.a.z.ZooKeeper  - Client environment:java.compiler=<NA>
14:34:40.744 [worker-akka.actor.default-dispatcher-2] INFO  o.a.z.ZooKeeper  - Client environment:os.name=Linux
14:34:40.744 [worker-akka.actor.default-dispatcher-2] INFO  o.a.z.ZooKeeper  - Client environment:os.arch=amd64
14:34:40.745 [worker-akka.actor.default-dispatcher-2] INFO  o.a.z.ZooKeeper  - Client environment:os.version=4.4.0-1049-aws
14:34:40.746 [worker-akka.actor.default-dispatcher-2] INFO  o.a.z.ZooKeeper  - Client environment:user.name=root
14:34:40.746 [worker-akka.actor.default-dispatcher-2] INFO  o.a.z.ZooKeeper  - Client environment:user.home=/root
14:34:40.746 [worker-akka.actor.default-dispatcher-2] INFO  o.a.z.ZooKeeper  - Client environment:user.dir=/opt/flamestream
14:34:40.748 [worker-akka.actor.default-dispatcher-2] INFO  o.a.z.ZooKeeper  - Initiating client connection, connectString=10.0.0.132:2181 sessionTimeout=5000 watcher=com.spbsu.flamestream.runtime.application.LifecycleWatcher$$Lambda$30/993615812@3e871fa1
14:34:40.782 [worker-akka.actor.default-dispatcher-2-SendThread(10.0.0.132:2181)] INFO  o.a.z.ClientCnxn  - Opening socket connection to server 10.0.0.132/10.0.0.132:2181. Will not attempt to authenticate using SASL (unknown error)
14:34:40.791 [worker-akka.actor.default-dispatcher-2-SendThread(10.0.0.132:2181)] INFO  o.a.z.ClientCnxn  - Socket connection established to 10.0.0.132/10.0.0.132:2181, initiating session
14:34:40.801 [worker-akka.actor.default-dispatcher-2-SendThread(10.0.0.132:2181)] INFO  o.a.z.ClientCnxn  - Session establishment complete on server 10.0.0.132/10.0.0.132:2181, sessionid = 0x16262bac549000a, negotiated timeout = 6000
14:34:40.809 [worker-akka.actor.default-dispatcher-7] INFO  a.a.RepointableActorRef akka://worker/user/watcher - Initializing rocksDB backend
14:34:40.980 [worker-akka.actor.default-dispatcher-7] INFO  a.a.RepointableActorRef akka://worker/user/watcher - Connected to ZK
14:34:49.254 [worker-akka.actor.default-dispatcher-7] INFO  a.a.RepointableActorRef akka://worker/user/watcher - Creating node with watchGraphs: 'com.spbsu.flamestream.core.Graph$Builder$MyGraph@6af9daae', config: 'ClusterConfig{paths={10.0.0.51=akka://worker@10.0.0.51:5412/user/watcher/graph, 10.0.0.118=akka://worker@10.0.0.118:5412/user/watcher/graph, 10.0.0.49=akka://worker@10.0.0.49:5412/user/watcher/graph, 10.0.0.48=akka://worker@10.0.0.48:5412/user/watcher/graph, 10.0.0.14=akka://worker@10.0.0.14:5412/user/watcher/graph, 10.0.0.197=akka://worker@10.0.0.197:5412/user/watcher/graph, 10.0.0.13=akka://worker@10.0.0.13:5412/user/watcher/graph, 10.0.0.166=akka://worker@10.0.0.166:5412/user/watcher/graph, 10.0.0.64=akka://worker@10.0.0.64:5412/user/watcher/graph, 10.0.0.97=akka://worker@10.0.0.97:5412/user/watcher/graph}, ackerLocation='10.0.0.166', props=ComputationLayout{hashGroups={10.0.0.51=com.spbsu.flamestream.runtime.config.HashGroup@1ffe1b9d, 10.0.0.118=com.spbsu.flamestream.runtime.config.HashGroup@5d5c21bc, 10.0.0.49=com.spbsu.flamestream.runtime.config.HashGroup@56dcaf5d, 10.0.0.48=com.spbsu.flamestream.runtime.config.HashGroup@c65a7748, 10.0.0.14=com.spbsu.flamestream.runtime.config.HashGroup@231425fe, 10.0.0.197=com.spbsu.flamestream.runtime.config.HashGroup@fbc82752, 10.0.0.13=com.spbsu.flamestream.runtime.config.HashGroup@ccbcd570, 10.0.0.166=com.spbsu.flamestream.runtime.config.HashGroup@c01f, 10.0.0.64=com.spbsu.flamestream.runtime.config.HashGroup@4276a447, 10.0.0.97=com.spbsu.flamestream.runtime.config.HashGroup@3fc198ed}}}'
14:34:50.016 [worker-akka.actor.default-dispatcher-6] INFO  a.a.LocalActorRef akka://worker/user/watcher/graph/graph - Starting...
14:34:50.038 [worker-akka.actor.default-dispatcher-3] INFO  a.a.LocalActorRef akka://worker/user/watcher/graph/graph/local-acker/$a - Starting...
14:34:50.045 [worker-akka.actor.default-dispatcher-2] INFO  a.a.LocalActorRef akka://worker/user/watcher/graph/graph/local-acker - Starting...
14:34:50.698 [worker-akka.actor.default-dispatcher-3] INFO  a.a.LocalActorRef akka://worker/user/watcher/graph/graph - Finishing constructor
14:34:50.699 [worker-akka.actor.default-dispatcher-6] INFO  a.a.LocalActorRef akka://worker/user/watcher/graph/edge - Starting...
14:34:50.706 [worker-akka.actor.default-dispatcher-3] INFO  a.a.LocalActorRef akka://worker/user/watcher/graph/negotiator - Starting...
14:34:50.720 [worker-akka.actor.default-dispatcher-11] INFO  a.a.LocalActorRef akka://worker/user/watcher/graph - Starting...
14:34:50.737 [worker-akka.actor.default-dispatcher-4] INFO  a.a.LocalActorRef akka://worker/user/watcher/graph/negotiator - Requesting ticket for the frontClass FlameSocketGraphDeployerFront@10.0.0.51
14:34:50.763 [worker-akka.actor.default-dispatcher-7] INFO  a.a.LocalActorRef akka://worker/user/watcher/graph/graph - Received last commit 'LastCommit{globalTime=(0000000, min@min)}'
14:34:50.782 [worker-akka.actor.default-dispatcher-11] INFO  a.a.LocalActorRef akka://worker/user/watcher/graph/edge/FlameSocketGraphDeployerFront - Starting...
14:34:50.788 [worker-akka.actor.default-dispatcher-5] INFO  c.s.f.r.e.s.SocketRear  - FlameSocketGraphDeployerRear@10.0.0.51: connecting to 10.0.0.132:5678
14:34:50.802 [worker-akka.actor.default-dispatcher-5] INFO  c.s.f.r.e.s.SocketRear  - FlameSocketGraphDeployerRear@10.0.0.51: connected to 10.0.0.132:5678
14:34:50.803 [worker-akka.actor.default-dispatcher-11] INFO  a.a.LocalActorRef akka://worker/user/watcher/graph/edge/FlameSocketGraphDeployerRear - Starting...
14:34:50.845 [worker-akka.actor.default-dispatcher-5] INFO  a.a.LocalActorRef akka://worker/user/watcher/graph/graph/$a - Starting...
14:34:50.862 [worker-akka.actor.default-dispatcher-5] INFO  a.a.LocalActorRef akka://worker/user/watcher/graph/graph/$b - Starting...
14:34:50.890 [worker-akka.actor.default-dispatcher-5] INFO  a.a.LocalActorRef akka://worker/user/watcher/graph/graph/$b - Attached rear to graph (-9223372036854775808, min@min)
14:34:50.896 [worker-akka.actor.default-dispatcher-5] INFO  a.a.LocalActorRef akka://worker/user/watcher/graph/graph/$c - Starting...
14:34:51.871 [worker-akka.actor.default-dispatcher-5] INFO  a.a.LocalActorRef akka://worker/user/watcher/graph/negotiator - Ticket for the frontClass received: FrontTicket{allowedTimestamp=(0000000, FlameSocketGraphDeployerFront@10.0.0.51)}
14:34:51.872 [worker-akka.actor.default-dispatcher-5] INFO  c.s.f.r.e.s.SocketFront  - FlameSocketGraphDeployerFront@10.0.0.51: connecting to 10.0.0.132:4567
14:34:51.893 [Client] INFO  c.s.f.r.e.s.SocketFront  - FlameSocketGraphDeployerFront@10.0.0.51 has been disconnected from Connection 2
2018-03-26T14:34:56.213+0000: 17.943: [GC (Allocation Failure) 2018-03-26T14:34:56.213+0000: 17.943: [DefNew: 136576K->16343K(153600K), 0.0261145 secs] 152395K->51694K(494976K), 0.0261963 secs] [Times: user=0.03 sys=0.00, real=0.03 secs] 
2018-03-26T14:35:05.934+0000: 27.664: [GC (Allocation Failure) 2018-03-26T14:35:05.934+0000: 27.664: [DefNew: 152919K->6482K(153600K), 0.0205548 secs] 188270K->50066K(494976K), 0.0206232 secs] [Times: user=0.02 sys=0.00, real=0.02 secs] 
2018-03-26T14:35:17.337+0000: 39.068: [GC (Allocation Failure) 2018-03-26T14:35:17.337+0000: 39.068: [DefNew: 142970K->11011K(153600K), 0.0157519 secs] 186555K->54596K(494976K), 0.0158359 secs] [Times: user=0.02 sys=0.00, real=0.02 secs] 
2018-03-26T14:35:26.324+0000: 48.054: [GC (Allocation Failure) 2018-03-26T14:35:26.324+0000: 48.055: [DefNew: 147587K->10385K(153600K), 0.0197219 secs] 191172K->56084K(494976K), 0.0198014 secs] [Times: user=0.02 sys=0.00, real=0.02 secs] 
2018-03-26T14:35:35.326+0000: 57.056: [GC (Allocation Failure) 2018-03-26T14:35:35.326+0000: 57.057: [DefNew: 146961K->7242K(153600K), 0.0188347 secs] 192660K->58708K(494976K), 0.0189035 secs] [Times: user=0.02 sys=0.00, real=0.01 secs] 
2018-03-26T14:35:42.342+0000: 64.072: [GC (Allocation Failure) 2018-03-26T14:35:42.342+0000: 64.072: [DefNew: 143818K->16845K(153600K), 0.0389481 secs] 195284K->68311K(494976K), 0.0390304 secs] [Times: user=0.04 sys=0.01, real=0.04 secs] 
2018-03-26T14:35:49.905+0000: 71.635: [GC (Allocation Failure) 2018-03-26T14:35:49.905+0000: 71.636: [DefNew: 153421K->5038K(153600K), 0.0204357 secs] 204887K->69473K(494976K), 0.0205073 secs] [Times: user=0.01 sys=0.01, real=0.02 secs] 
2018-03-26T14:35:58.349+0000: 80.080: [GC (Allocation Failure) 2018-03-26T14:35:58.350+0000: 80.080: [DefNew: 139801K->8526K(153600K), 0.0171880 secs] 204236K->72960K(494976K), 0.0172587 secs] [Times: user=0.02 sys=0.00, real=0.02 secs] 
2018-03-26T14:36:06.143+0000: 87.873: [GC (Allocation Failure) 2018-03-26T14:36:06.143+0000: 87.873: [DefNew: 145102K->6358K(153600K), 0.0310750 secs] 209536K->72743K(494976K), 0.0311566 secs] [Times: user=0.03 sys=0.01, real=0.04 secs] 
2018-03-26T14:36:15.724+0000: 97.455: [GC (Allocation Failure) 2018-03-26T14:36:15.724+0000: 97.455: [DefNew: 142934K->7351K(153600K), 0.0145047 secs] 209319K->73736K(494976K), 0.0145741 secs] [Times: user=0.02 sys=0.00, real=0.02 secs] 
2018-03-26T14:36:24.608+0000: 106.338: [GC (Allocation Failure) 2018-03-26T14:36:24.608+0000: 106.338: [DefNew: 143927K->8877K(153600K), 0.0158437 secs] 210312K->75262K(494976K), 0.0159130 secs] [Times: user=0.02 sys=0.00, real=0.01 secs] 
2018-03-26T14:36:33.362+0000: 115.093: [GC (Allocation Failure) 2018-03-26T14:36:33.363+0000: 115.093: [DefNew: 141974K->10016K(153600K), 0.0194625 secs] 208358K->77575K(494976K), 0.0195344 secs] [Times: user=0.02 sys=0.00, real=0.02 secs] 
2018-03-26T14:36:39.535+0000: 121.266: [GC (Allocation Failure) 2018-03-26T14:36:39.535+0000: 121.266: [DefNew: 146592K->17023K(153600K), 0.0405557 secs] 214151K->93778K(494976K), 0.0406236 secs] [Times: user=0.04 sys=0.00, real=0.04 secs] 
2018-03-26T14:36:46.950+0000: 128.680: [GC (Allocation Failure) 2018-03-26T14:36:46.950+0000: 128.680: [DefNew: 153599K->4751K(153600K), 0.0169478 secs] 230354K->98264K(494976K), 0.0170206 secs] [Times: user=0.01 sys=0.00, real=0.02 secs] 
2018-03-26T14:36:54.941+0000: 136.672: [GC (Allocation Failure) 2018-03-26T14:36:54.941+0000: 136.672: [DefNew: 141327K->6189K(153600K), 0.0121699 secs] 234840K->99702K(494976K), 0.0122561 secs] [Times: user=0.01 sys=0.00, real=0.02 secs] 
2018-03-26T14:37:02.538+0000: 144.269: [GC (Allocation Failure) 2018-03-26T14:37:02.538+0000: 144.269: [DefNew: 142765K->7382K(153600K), 0.0132585 secs] 236278K->100896K(494976K), 0.0133285 secs] [Times: user=0.01 sys=0.00, real=0.01 secs] 
2018-03-26T14:37:10.371+0000: 152.101: [GC (Allocation Failure) 2018-03-26T14:37:10.371+0000: 152.101: [DefNew: 141067K->10372K(153600K), 0.0182561 secs] 234580K->103885K(494976K), 0.0183247 secs] [Times: user=0.02 sys=0.00, real=0.02 secs] 
2018-03-26T14:37:17.557+0000: 159.288: [GC (Allocation Failure) 2018-03-26T14:37:17.557+0000: 159.288: [DefNew: 146948K->7392K(153600K), 0.0169056 secs] 240461K->103169K(494976K), 0.0169791 secs] [Times: user=0.02 sys=0.00, real=0.02 secs] 
2018-03-26T14:37:25.346+0000: 167.076: [GC (Allocation Failure) 2018-03-26T14:37:25.346+0000: 167.076: [DefNew: 143968K->9915K(153600K), 0.0173450 secs] 239745K->105692K(494976K), 0.0174274 secs] [Times: user=0.02 sys=0.00, real=0.01 secs] 
2018-03-26T14:37:31.931+0000: 173.662: [GC (Allocation Failure) 2018-03-26T14:37:31.931+0000: 173.662: [DefNew: 146491K->7033K(153600K), 0.0152605 secs] 242268K->104683K(494976K), 0.0153285 secs] [Times: user=0.01 sys=0.00, real=0.02 secs] 
2018-03-26T14:37:38.335+0000: 180.066: [GC (Allocation Failure) 2018-03-26T14:37:38.335+0000: 180.066: [DefNew: 143609K->9995K(153600K), 0.0168410 secs] 241259K->107645K(494976K), 0.0169096 secs] [Times: user=0.01 sys=0.00, real=0.01 secs] 
2018-03-26T14:37:43.904+0000: 185.635: [GC (Allocation Failure) 2018-03-26T14:37:43.905+0000: 185.635: [DefNew: 146571K->7025K(153600K), 0.0146800 secs] 244221K->106597K(494976K), 0.0147583 secs] [Times: user=0.01 sys=0.00, real=0.02 secs] 
2018-03-26T14:37:51.330+0000: 193.061: [GC (Allocation Failure) 2018-03-26T14:37:51.330+0000: 193.061: [DefNew: 143601K->8588K(153600K), 0.0147892 secs] 243173K->108160K(494976K), 0.0148643 secs] [Times: user=0.02 sys=0.00, real=0.02 secs] 
2018-03-26T14:37:58.337+0000: 200.068: [GC (Allocation Failure) 2018-03-26T14:37:58.338+0000: 200.068: [DefNew: 145164K->9326K(153600K), 0.0305622 secs] 244736K->109715K(494976K), 0.0306511 secs] [Times: user=0.03 sys=0.00, real=0.03 secs] 
2018-03-26T14:38:05.379+0000: 207.110: [GC (Allocation Failure) 2018-03-26T14:38:05.379+0000: 207.110: [DefNew: 145817K->10337K(153600K), 0.0189351 secs] 246207K->111658K(494976K), 0.0190092 secs] [Times: user=0.02 sys=0.00, real=0.02 secs] 
2018-03-26T14:38:11.375+0000: 213.106: [GC (Allocation Failure) 2018-03-26T14:38:11.375+0000: 213.106: [DefNew: 145160K->9730K(153600K), 0.0196185 secs] 246481K->112836K(494976K), 0.0196922 secs] [Times: user=0.01 sys=0.01, real=0.02 secs] 
2018-03-26T14:38:17.378+0000: 219.109: [GC (Allocation Failure) 2018-03-26T14:38:17.378+0000: 219.109: [DefNew: 145130K->9504K(153600K), 0.0200330 secs] 248236K->114645K(494976K), 0.0201082 secs] [Times: user=0.02 sys=0.00, real=0.02 secs] 
2018-03-26T14:38:24.380+0000: 226.110: [GC (Allocation Failure) 2018-03-26T14:38:24.380+0000: 226.110: [DefNew: 144588K->9026K(153600K), 0.0183401 secs] 249729K->115376K(494976K), 0.0184223 secs] [Times: user=0.02 sys=0.00, real=0.02 secs] 
2018-03-26T14:38:30.384+0000: 232.115: [GC (Allocation Failure) 2018-03-26T14:38:30.384+0000: 232.115: [DefNew: 142504K->8828K(153600K), 0.0179905 secs] 248855K->116644K(494976K), 0.0180630 secs] [Times: user=0.02 sys=0.00, real=0.02 secs] 
2018-03-26T14:38:36.381+0000: 238.112: [GC (Allocation Failure) 2018-03-26T14:38:36.381+0000: 238.112: [DefNew: 141350K->9164K(153600K), 0.0180259 secs] 249166K->118110K(494976K), 0.0180992 secs] [Times: user=0.02 sys=0.00, real=0.02 secs] 
2018-03-26T14:38:43.390+0000: 245.121: [GC (Allocation Failure) 2018-03-26T14:38:43.390+0000: 245.121: [DefNew: 144783K->8961K(153600K), 0.0181008 secs] 253730K->119218K(494976K), 0.0181842 secs] [Times: user=0.02 sys=0.00, real=0.02 secs] 
2018-03-26T14:38:49.977+0000: 251.708: [GC (Allocation Failure) 2018-03-26T14:38:49.977+0000: 251.708: [DefNew: 145537K->6925K(153600K), 0.0137632 secs] 255794K->118584K(494976K), 0.0138397 secs] [Times: user=0.01 sys=0.00, real=0.01 secs] 
2018-03-26T14:38:56.129+0000: 257.860: [GC (Allocation Failure) 2018-03-26T14:38:56.129+0000: 257.860: [DefNew: 143501K->8130K(153600K), 0.0253085 secs] 255160K->119789K(494976K), 0.0253794 secs] [Times: user=0.03 sys=0.00, real=0.03 secs] 
2018-03-26T14:39:02.325+0000: 264.056: [GC (Allocation Failure) 2018-03-26T14:39:02.325+0000: 264.056: [DefNew: 144706K->9637K(153600K), 0.0153950 secs] 256365K->121297K(494976K), 0.0154687 secs] [Times: user=0.01 sys=0.00, real=0.01 secs] 
2018-03-26T14:39:08.200+0000: 269.931: [GC (Allocation Failure) 2018-03-26T14:39:08.200+0000: 269.931: [DefNew: 146213K->8582K(153600K), 0.0169986 secs] 257873K->122007K(494976K), 0.0170709 secs] [Times: user=0.02 sys=0.00, real=0.02 secs] 
2018-03-26T14:39:13.607+0000: 275.338: [GC (Allocation Failure) 2018-03-26T14:39:13.607+0000: 275.338: [DefNew: 145158K->8545K(153600K), 0.0294326 secs] 258583K->122806K(494976K), 0.0295111 secs] [Times: user=0.03 sys=0.00, real=0.03 secs] 
2018-03-26T14:39:19.392+0000: 281.123: [GC (Allocation Failure) 2018-03-26T14:39:19.393+0000: 281.123: [DefNew: 140081K->9509K(153600K), 0.0164443 secs] 254341K->124769K(494976K), 0.0165272 secs] [Times: user=0.02 sys=0.00, real=0.02 secs] 
2018-03-26T14:39:23.395+0000: 285.125: [GC (Allocation Failure) 2018-03-26T14:39:23.395+0000: 285.125: [DefNew: 135636K->17024K(153600K), 0.0295974 secs] 250896K->145244K(494976K), 0.0296706 secs] [Times: user=0.02 sys=0.01, real=0.02 secs] 
2018-03-26T14:39:28.348+0000: 290.079: [GC (Allocation Failure) 2018-03-26T14:39:28.348+0000: 290.079: [DefNew: 153600K->17024K(153600K), 0.0333403 secs] 281820K->168252K(494976K), 0.0334136 secs] [Times: user=0.02 sys=0.01, real=0.03 secs] 
2018-03-26T14:39:33.334+0000: 295.065: [GC (Allocation Failure) 2018-03-26T14:39:33.334+0000: 295.065: [DefNew: 153600K->7902K(153600K), 0.0267586 secs] 304828K->175756K(494976K), 0.0268354 secs] [Times: user=0.01 sys=0.01, real=0.02 secs] 
2018-03-26T14:39:39.332+0000: 301.063: [GC (Allocation Failure) 2018-03-26T14:39:39.332+0000: 301.063: [DefNew: 144478K->8674K(153600K), 0.0154242 secs] 312332K->176528K(494976K), 0.0155023 secs] [Times: user=0.01 sys=0.00, real=0.02 secs] 
2018-03-26T14:39:44.400+0000: 306.131: [GC (Allocation Failure) 2018-03-26T14:39:44.400+0000: 306.131: [DefNew: 138260K->7713K(153600K), 0.0150448 secs] 306114K->177294K(494976K), 0.0151146 secs] [Times: user=0.01 sys=0.00, real=0.02 secs] 
2018-03-26T14:39:49.730+0000: 311.461: [GC (Allocation Failure) 2018-03-26T14:39:49.730+0000: 311.461: [DefNew: 144289K->8583K(153600K), 0.0133610 secs] 313870K->178165K(494976K), 0.0134346 secs] [Times: user=0.02 sys=0.00, real=0.01 secs] 
2018-03-26T14:39:54.810+0000: 316.540: [GC (Allocation Failure) 2018-03-26T14:39:54.810+0000: 316.540: [DefNew: 145159K->9151K(153600K), 0.0156580 secs] 314741K->179585K(494976K), 0.0157310 secs] [Times: user=0.01 sys=0.00, real=0.02 secs] 
2018-03-26T14:40:00.098+0000: 321.828: [GC (Allocation Failure) 2018-03-26T14:40:00.098+0000: 321.828: [DefNew: 145727K->8902K(153600K), 0.0303244 secs] 316161K->180378K(494976K), 0.0303997 secs] [Times: user=0.03 sys=0.00, real=0.03 secs] 
2018-03-26T14:40:04.411+0000: 326.141: [GC (Allocation Failure) 2018-03-26T14:40:04.411+0000: 326.141: [DefNew: 139894K->8845K(153600K), 0.0148144 secs] 311371K->181377K(494976K), 0.0148918 secs] [Times: user=0.02 sys=0.00, real=0.02 secs] 
2018-03-26T14:40:09.912+0000: 331.643: [GC (Allocation Failure) 2018-03-26T14:40:09.912+0000: 331.643: [DefNew: 145421K->8655K(153600K), 0.0149226 secs] 317953K->182385K(494976K), 0.0149939 secs] [Times: user=0.01 sys=0.00, real=0.02 secs] 
2018-03-26T14:40:15.324+0000: 337.054: [GC (Allocation Failure) 2018-03-26T14:40:15.324+0000: 337.054: [DefNew: 145231K->9522K(153600K), 0.0161495 secs] 318961K->184262K(494976K), 0.0162305 secs] [Times: user=0.02 sys=0.00, real=0.02 secs] 
2018-03-26T14:40:20.747+0000: 342.477: [GC (Allocation Failure) 2018-03-26T14:40:20.747+0000: 342.477: [DefNew: 146098K->8908K(153600K), 0.0352216 secs] 320838K->184637K(494976K), 0.0352941 secs] [Times: user=0.03 sys=0.00, real=0.03 secs] 
2018-03-26T14:40:25.490+0000: 347.220: [GC (Allocation Failure) 2018-03-26T14:40:25.490+0000: 347.220: [DefNew: 145484K->9250K(153600K), 0.0150385 secs] 321213K->185989K(494976K), 0.0151076 secs] [Times: user=0.02 sys=0.00, real=0.01 secs] 
2018-03-26T14:40:31.328+0000: 353.058: [GC (Allocation Failure) 2018-03-26T14:40:31.328+0000: 353.058: [DefNew: 145826K->9666K(153600K), 0.0165840 secs] 322565K->187730K(494976K), 0.0166612 secs] [Times: user=0.01 sys=0.00, real=0.01 secs] 
2018-03-26T14:40:36.549+0000: 358.280: [GC (Allocation Failure) 2018-03-26T14:40:36.549+0000: 358.280: [DefNew: 146242K->6994K(153600K), 0.0134824 secs] 324306K->187637K(494976K), 0.0135566 secs] [Times: user=0.01 sys=0.00, real=0.01 secs] 
2018-03-26T14:40:41.409+0000: 363.140: [GC (Allocation Failure) 2018-03-26T14:40:41.409+0000: 363.140: [DefNew: 138141K->9064K(153600K), 0.0136567 secs] 318784K->189707K(494976K), 0.0137364 secs] [Times: user=0.01 sys=0.00, real=0.01 secs] 
2018-03-26T14:40:46.116+0000: 367.847: [GC (Allocation Failure) 2018-03-26T14:40:46.116+0000: 367.847: [DefNew: 145640K->9491K(153600K), 0.0154171 secs] 326283K->191189K(494976K), 0.0154919 secs] [Times: user=0.01 sys=0.00, real=0.01 secs] 
2018-03-26T14:40:51.408+0000: 373.139: [GC (Allocation Failure) 2018-03-26T14:40:51.408+0000: 373.139: [DefNew: 144702K->9529K(153600K), 0.0137488 secs] 326401K->192077K(494976K), 0.0138264 secs] [Times: user=0.02 sys=0.00, real=0.01 secs] 
2018-03-26T14:40:56.408+0000: 378.138: [GC (Allocation Failure) 2018-03-26T14:40:56.408+0000: 378.138: [DefNew: 145789K->9945K(153600K), 0.0156277 secs] 328337K->193893K(494976K), 0.0157017 secs] [Times: user=0.02 sys=0.00, real=0.01 secs] 
2018-03-26T14:41:01.482+0000: 383.212: [GC (Allocation Failure) 2018-03-26T14:41:01.482+0000: 383.212: [DefNew: 146521K->11876K(153600K), 0.0430599 secs] 330469K->197256K(494976K), 0.0431341 secs] [Times: user=0.04 sys=0.00, real=0.04 secs] 
2018-03-26T14:41:06.327+0000: 388.057: [GC (Allocation Failure) 2018-03-26T14:41:06.327+0000: 388.057: [DefNew: 148452K->8276K(153600K), 0.0175040 secs] 333832K->196220K(494976K), 0.0175748 secs] [Times: user=0.02 sys=0.00, real=0.01 secs] 
2018-03-26T14:41:10.410+0000: 392.141: [GC (Allocation Failure) 2018-03-26T14:41:10.410+0000: 392.141: [DefNew: 138349K->10092K(153600K), 0.0137911 secs] 326293K->198036K(494976K), 0.0138745 secs] [Times: user=0.02 sys=0.00, real=0.01 secs] 
2018-03-26T14:41:15.662+0000: 397.392: [GC (Allocation Failure) 2018-03-26T14:41:15.662+0000: 397.392: [DefNew: 146668K->7187K(153600K), 0.0139989 secs] 334612K->198026K(494976K), 0.0140739 secs] [Times: user=0.01 sys=0.00, real=0.02 secs] 
2018-03-26T14:41:20.410+0000: 402.141: [GC (Allocation Failure) 2018-03-26T14:41:20.411+0000: 402.141: [DefNew: 133717K->9200K(153600K), 0.0126155 secs] 324557K->200039K(494976K), 0.0126962 secs] [Times: user=0.01 sys=0.00, real=0.01 secs] 
2018-03-26T14:41:24.675+0000: 406.405: [GC (Allocation Failure) 2018-03-26T14:41:24.675+0000: 406.405: [DefNew: 145776K->8596K(153600K), 0.0257349 secs] 336615K->200829K(494976K), 0.0258181 secs] [Times: user=0.03 sys=0.00, real=0.02 secs] 
2018-03-26T14:41:29.426+0000: 411.157: [GC (Allocation Failure) 2018-03-26T14:41:29.426+0000: 411.157: [DefNew: 137815K->9070K(153600K), 0.0140795 secs] 330047K->202197K(494976K), 0.0141517 secs] [Times: user=0.02 sys=0.00, real=0.01 secs] 
2018-03-26T14:41:33.871+0000: 415.602: [GC (Allocation Failure) 2018-03-26T14:41:33.872+0000: 415.602: [DefNew: 145646K->9384K(153600K), 0.0148889 secs] 338773K->203753K(494976K), 0.0149609 secs] [Times: user=0.02 sys=0.00, real=0.02 secs] 
2018-03-26T14:41:38.345+0000: 420.075: [GC (Allocation Failure) 2018-03-26T14:41:38.345+0000: 420.075: [DefNew: 145960K->12359K(153600K), 0.0210136 secs] 340329K->207625K(494976K), 0.0210897 secs] [Times: user=0.02 sys=0.00, real=0.03 secs] 
2018-03-26T14:41:43.242+0000: 424.973: [GC (Allocation Failure) 2018-03-26T14:41:43.242+0000: 424.973: [DefNew: 148935K->7936K(153600K), 0.0344565 secs] 344201K->206123K(494976K), 0.0345205 secs] [Times: user=0.04 sys=0.01, real=0.04 secs] 
2018-03-26T14:41:47.414+0000: 429.145: [GC (Allocation Failure) 2018-03-26T14:41:47.414+0000: 429.145: [DefNew: 133057K->9672K(153600K), 0.0130548 secs] 331244K->207859K(494976K), 0.0131261 secs] [Times: user=0.01 sys=0.00, real=0.01 secs] 
2018-03-26T14:41:51.887+0000: 433.618: [GC (Allocation Failure) 2018-03-26T14:41:51.887+0000: 433.618: [DefNew: 146248K->9685K(153600K), 0.0148828 secs] 344435K->209229K(494976K), 0.0149536 secs] [Times: user=0.02 sys=0.00, real=0.01 secs] 
2018-03-26T14:41:56.420+0000: 438.150: [GC (Allocation Failure) 2018-03-26T14:41:56.420+0000: 438.150: [DefNew: 144659K->9776K(153600K), 0.0147787 secs] 344203K->210450K(494976K), 0.0148560 secs] [Times: user=0.01 sys=0.00, real=0.02 secs] 
2018-03-26T14:42:00.425+0000: 442.156: [GC (Allocation Failure) 2018-03-26T14:42:00.425+0000: 442.156: [DefNew: 135536K->9696K(153600K), 0.0143417 secs] 336209K->211479K(494976K), 0.0144138 secs] [Times: user=0.02 sys=0.00, real=0.01 secs] 
2018-03-26T14:42:04.416+0000: 446.147: [GC (Allocation Failure) 2018-03-26T14:42:04.416+0000: 446.147: [DefNew: 137065K->9292K(153600K), 0.0141440 secs] 338848K->212582K(494976K), 0.0142178 secs] [Times: user=0.00 sys=0.01, real=0.01 secs] 
2018-03-26T14:42:08.534+0000: 450.265: [GC (Allocation Failure) 2018-03-26T14:42:08.534+0000: 450.265: [DefNew: 145868K->8873K(153600K), 0.0136143 secs] 349158K->213566K(494976K), 0.0136980 secs] [Times: user=0.02 sys=0.00, real=0.01 secs] 
2018-03-26T14:42:13.552+0000: 455.283: [GC (Allocation Failure) 2018-03-26T14:42:13.552+0000: 455.283: [DefNew: 137763K->8917K(153600K), 0.0241617 secs] 342457K->214946K(494976K), 0.0242355 secs] [Times: user=0.02 sys=0.00, real=0.03 secs] 
2018-03-26T14:42:17.498+0000: 459.229: [GC (Allocation Failure) 2018-03-26T14:42:17.498+0000: 459.229: [DefNew: 145493K->8414K(153600K), 0.0130803 secs] 351522K->215860K(494976K), 0.0131515 secs] [Times: user=0.01 sys=0.00, real=0.01 secs] 
2018-03-26T14:42:21.808+0000: 463.539: [GC (Allocation Failure) 2018-03-26T14:42:21.809+0000: 463.539: [DefNew: 144990K->10535K(153600K), 0.0147581 secs] 352436K->217981K(494976K), 0.0148402 secs] [Times: user=0.01 sys=0.00, real=0.01 secs] 
2018-03-26T14:42:26.419+0000: 468.149: [GC (Allocation Failure) 2018-03-26T14:42:26.419+0000: 468.149: [DefNew: 143666K->9837K(153600K), 0.0155513 secs] 351113K->219174K(494976K), 0.0156354 secs] [Times: user=0.01 sys=0.01, real=0.02 secs] 
2018-03-26T14:42:30.418+0000: 472.149: [GC (Allocation Failure) 2018-03-26T14:42:30.418+0000: 472.149: [DefNew: 135403K->7780K(153600K), 0.0152135 secs] 344740K->220370K(494976K), 0.0152874 secs] [Times: user=0.01 sys=0.00, real=0.02 secs] 
2018-03-26T14:42:35.424+0000: 477.155: [GC (Allocation Failure) 2018-03-26T14:42:35.424+0000: 477.155: [DefNew: 141940K->8640K(153600K), 0.0108763 secs] 354530K->221231K(494976K), 0.0109506 secs] [Times: user=0.01 sys=0.00, real=0.02 secs] 
2018-03-26T14:42:39.553+0000: 481.283: [GC (Allocation Failure) 2018-03-26T14:42:39.553+0000: 481.283: [DefNew: 133743K->8827K(153600K), 0.0229553 secs] 346333K->222969K(494976K), 0.0230293 secs] [Times: user=0.02 sys=0.01, real=0.03 secs] 
2018-03-26T14:42:43.427+0000: 485.158: [GC (Allocation Failure) 2018-03-26T14:42:43.427+0000: 485.158: [DefNew: 135977K->9165K(153600K), 0.0142592 secs] 350119K->224526K(494976K), 0.0143330 secs] [Times: user=0.02 sys=0.00, real=0.01 secs] 
2018-03-26T14:42:47.431+0000: 489.161: [GC (Allocation Failure) 2018-03-26T14:42:47.431+0000: 489.161: [DefNew: 134374K->9582K(153600K), 0.0130144 secs] 349734K->225774K(494976K), 0.0130896 secs] [Times: user=0.02 sys=0.00, real=0.01 secs] 
2018-03-26T14:42:51.426+0000: 493.156: [GC (Allocation Failure) 2018-03-26T14:42:51.426+0000: 493.156: [DefNew: 140645K->9662K(153600K), 0.0142564 secs] 356837K->227251K(494976K), 0.0143407 secs] [Times: user=0.01 sys=0.00, real=0.01 secs] 
2018-03-26T14:42:56.271+0000: 498.002: [GC (Allocation Failure) 2018-03-26T14:42:56.271+0000: 498.002: [DefNew: 146238K->9225K(153600K), 0.0137897 secs] 363827K->228325K(494976K), 0.0138612 secs] [Times: user=0.01 sys=0.00, real=0.02 secs] 
2018-03-26T14:42:59.347+0000: 501.077: [GC (Allocation Failure) 2018-03-26T14:42:59.347+0000: 501.077: [DefNew: 145801K->12779K(153600K), 0.0358075 secs] 364901K->233032K(494976K), 0.0358778 secs] [Times: user=0.04 sys=0.00, real=0.03 secs] 
2018-03-26T14:43:03.438+0000: 505.169: [GC (Allocation Failure) 2018-03-26T14:43:03.438+0000: 505.169: [DefNew: 140757K->4692K(153600K), 0.0150484 secs] 361010K->231804K(494976K), 0.0151216 secs] [Times: user=0.01 sys=0.01, real=0.02 secs] 
2018-03-26T14:43:07.435+0000: 509.165: [GC (Allocation Failure) 2018-03-26T14:43:07.435+0000: 509.165: [DefNew: 130523K->7573K(153600K), 0.0107438 secs] 357636K->234686K(494976K), 0.0108187 secs] [Times: user=0.01 sys=0.00, real=0.01 secs] 
2018-03-26T14:43:12.349+0000: 514.080: [GC (Allocation Failure) 2018-03-26T14:43:12.350+0000: 514.080: [DefNew: 144149K->11620K(153600K), 0.0154775 secs] 371262K->238733K(494976K), 0.0155538 secs] [Times: user=0.02 sys=0.00, real=0.02 secs] 
2018-03-26T14:43:16.331+0000: 518.061: [GC (Allocation Failure) 2018-03-26T14:43:16.331+0000: 518.062: [DefNew: 148196K->9064K(153600K), 0.0166353 secs] 375309K->239431K(494976K), 0.0167082 secs] [Times: user=0.02 sys=0.00, real=0.02 secs] 
2018-03-26T14:43:20.345+0000: 522.076: [GC (Allocation Failure) 2018-03-26T14:43:20.345+0000: 522.076: [DefNew: 145640K->10701K(153600K), 0.0172698 secs] 376007K->242475K(494976K), 0.0173390 secs] [Times: user=0.02 sys=0.00, real=0.01 secs] 
2018-03-26T14:43:24.551+0000: 526.282: [GC (Allocation Failure) 2018-03-26T14:43:24.551+0000: 526.282: [DefNew: 146003K->7918K(153600K), 0.0340079 secs] 377777K->241981K(494976K), 0.0341049 secs] [Times: user=0.03 sys=0.00, real=0.04 secs] 
2018-03-26T14:43:28.428+0000: 530.158: [GC (Allocation Failure) 2018-03-26T14:43:28.428+0000: 530.158: [DefNew: 136671K->10131K(153600K), 0.0127366 secs] 370734K->244194K(494976K), 0.0128138 secs] [Times: user=0.02 sys=0.00, real=0.01 secs] 
14:43:29.784 [Client] INFO  c.s.f.r.e.s.SocketRear  - FlameSocketGraphDeployerRear@10.0.0.51: has been disconnected from Connection 2
14:43:41.877 [worker-akka.actor.default-dispatcher-7] INFO  a.a.CoordinatedShutdown CoordinatedShutdown(akka://worker) - Starting coordinated shutdown from JVM shutdown hook
14:43:41.894 [worker-akka.actor.default-dispatcher-16] INFO  a.a.LocalActorRef akka://worker/user/watcher/graph/negotiator - Stopped
14:43:41.894 [worker-akka.actor.default-dispatcher-16] INFO  a.a.LocalActorRef akka://worker/user/watcher/graph/edge/FlameSocketGraphDeployerFront - Stopped
14:43:41.894 [worker-akka.actor.default-dispatcher-5] INFO  a.a.LocalActorRef akka://worker/user/watcher/graph/edge/FlameSocketGraphDeployerRear - Stopped
14:43:41.899 [worker-akka.actor.default-dispatcher-2] INFO  a.a.LocalActorRef akka://worker/user/watcher/graph/edge - Stopped
14:43:41.900 [worker-akka.actor.default-dispatcher-14] INFO  a.a.LocalActorRef akka://worker/user/watcher/graph/graph/$a - Stopped
14:43:41.900 [worker-akka.actor.default-dispatcher-14] INFO  a.a.LocalActorRef akka://worker/user/watcher/graph/graph/$b - Stopped
14:43:41.900 [worker-akka.actor.default-dispatcher-14] INFO  a.a.LocalActorRef akka://worker/user/watcher/graph/graph/$c - Stopped
14:43:41.903 [worker-akka.actor.default-dispatcher-2] INFO  a.a.LocalActorRef akka://worker/user/watcher/graph/graph/local-acker/$a - Stopped
14:43:41.903 [worker-akka.actor.default-dispatcher-2] INFO  a.a.LocalActorRef akka://worker/user/watcher/graph/graph/local-acker/$a - Message [com.spbsu.flamestream.runtime.utils.akka.PingActor$InnerPing] from Actor[akka://worker/user/watcher/graph/graph/local-acker/$a#-643199093] to Actor[akka://worker/user/watcher/graph/graph/local-acker/$a#-643199093] was not delivered. [1] dead letters encountered. This logging can be turned off or adjusted with configuration settings 'akka.log-dead-letters' and 'akka.log-dead-letters-during-shutdown'.
14:43:41.905 [worker-akka.actor.default-dispatcher-16] INFO  a.a.LocalActorRef akka://worker/user/watcher/graph/graph/local-acker - Stopped
14:43:41.905 [worker-akka.actor.default-dispatcher-16] INFO  a.a.LocalActorRef akka://worker/user/watcher/graph/graph - Stopped
14:43:41.905 [worker-akka.actor.default-dispatcher-16] INFO  a.a.LocalActorRef akka://worker/user/watcher/graph/graph/local-acker/$a - Message [com.spbsu.flamestream.runtime.utils.akka.PingActor$Stop] from Actor[akka://worker/user/watcher/graph/graph/local-acker#-20553870] to Actor[akka://worker/user/watcher/graph/graph/local-acker/$a#-643199093] was not delivered. [2] dead letters encountered. This logging can be turned off or adjusted with configuration settings 'akka.log-dead-letters' and 'akka.log-dead-letters-during-shutdown'.
14:43:41.905 [worker-akka.actor.default-dispatcher-16] INFO  a.a.LocalActorRef akka://worker/user/watcher/graph/graph/local-acker - Message [com.spbsu.flamestream.runtime.acker.LocalAcker$Flush] from Actor[akka://worker/user/watcher/graph/graph/local-acker/$a#-643199093] to Actor[akka://worker/user/watcher/graph/graph/local-acker#-20553870] was not delivered. [3] dead letters encountered. This logging can be turned off or adjusted with configuration settings 'akka.log-dead-letters' and 'akka.log-dead-letters-during-shutdown'.
14:43:41.906 [worker-akka.actor.default-dispatcher-3] INFO  a.a.LocalActorRef akka://worker/user/watcher/graph - Stopped
14:43:41.907 [worker-akka.actor.default-dispatcher-16] INFO  a.a.RepointableActorRef akka://worker/user/watcher - Stopped
14:43:41.908 [worker-akka.actor.default-dispatcher-12] INFO  o.a.z.ZooKeeper  - Session: 0x16262bac549000a closed
14:43:41.909 [worker-akka.actor.default-dispatcher-2-EventThread] INFO  o.a.z.ClientCnxn  - EventThread shut down for session: 0x16262bac549000a
14:43:41.917 [worker-akka.actor.default-dispatcher-17] INFO  a.r.RemoteActorRefProvider$RemotingTerminator akka://worker@10.0.0.51:5412/system/remoting-terminator - Shutting down remote daemon.
14:43:41.918 [worker-akka.actor.default-dispatcher-17] INFO  a.r.RemoteActorRefProvider$RemotingTerminator akka://worker@10.0.0.51:5412/system/remoting-terminator - Remote daemon shut down; proceeding with flushing remote transports.
14:43:43.057 [worker-akka.actor.default-dispatcher-7] INFO  a.r.RemoteActorRefProvider$RemotingTerminator akka://worker@10.0.0.51:5412/system/remoting-terminator - Remoting shut down.
Heap
 def new generation   total 153600K, used 97166K [0x00000000e0c00000, 0x00000000eb2a0000, 0x00000000eb2a0000)
  eden space 136576K,  63% used [0x00000000e0c00000, 0x00000000e60fea70, 0x00000000e9160000)
  from space 17024K,  59% used [0x00000000ea200000, 0x00000000eabe4fd8, 0x00000000eb2a0000)
  to   space 17024K,   0% used [0x00000000e9160000, 0x00000000e9160000, 0x00000000ea200000)
 tenured generation   total 341376K, used 234062K [0x00000000eb2a0000, 0x0000000100000000, 0x0000000100000000)
   the space 341376K,  68% used [0x00000000eb2a0000, 0x00000000f97339d8, 0x00000000f9733a00, 0x0000000100000000)
 Metaspace       used 34117K, capacity 35042K, committed 35200K, reserved 1079296K
  class space    used 4494K, capacity 4668K, committed 4736K, reserved 1048576K
