13:12:00.880 [worker-akka.actor.default-dispatcher-2] INFO  a.e.s.Slf4jLogger  - Slf4jLogger started
2018-02-19T13:12:01.031+0000: 2.610: [Full GC (Metadata GC Threshold) 2018-02-19T13:12:01.031+0000: 2.610: [Tenured: 0K->15417K(341376K), 0.0367587 secs] 117538K->15417K(494976K), [Metaspace: 20874K->20874K(1067008K)], 0.0368199 secs] [Times: user=0.04 sys=0.00, real=0.04 secs] 
Ama winner
Ama winner
13:12:01.501 [worker-akka.actor.default-dispatcher-2] INFO  a.r.a.ArteryTransport(akka://worker) akka.remote.artery.ArteryTransport(akka://worker) - Started embedded media driver in directory [/dev/shm/aeron-root-worker-2bc8cdf0-384c-42f6-aeaf-82de96ebfdd0]
13:12:01.719 [worker-akka.actor.default-dispatcher-2] INFO  a.r.a.ArteryTransport(akka://worker) akka.remote.artery.ArteryTransport(akka://worker) - Remoting started; listening on address: [akka://worker@172.31.34.169:5412] with UID [3987489219554723293]
13:12:01.822 [worker-akka.actor.default-dispatcher-2] INFO  o.a.z.ZooKeeper  - Client environment:zookeeper.version=3.4.9-1757313, built on 08/23/2016 06:50 GMT
13:12:01.822 [worker-akka.actor.default-dispatcher-2] INFO  o.a.z.ZooKeeper  - Client environment:host.name=ip-172-31-34-169.us-east-2.compute.internal
13:12:01.822 [worker-akka.actor.default-dispatcher-2] INFO  o.a.z.ZooKeeper  - Client environment:java.version=1.8.0_151
13:12:01.822 [worker-akka.actor.default-dispatcher-2] INFO  o.a.z.ZooKeeper  - Client environment:java.vendor=Oracle Corporation
13:12:01.822 [worker-akka.actor.default-dispatcher-2] INFO  o.a.z.ZooKeeper  - Client environment:java.home=/usr/lib/jvm/java-8-openjdk-amd64/jre
13:12:01.822 [worker-akka.actor.default-dispatcher-2] INFO  o.a.z.ZooKeeper  - Client environment:java.class.path=lib/commons-cli-1.4.jar:lib/minlog-1.3.0.jar:lib/asm-5.0.4.jar:lib/hadoop-annotations-2.7.3.jar:lib/hadoop-auth-2.7.3.jar:lib/akka-slf4j_2.11-2.5.6.jar:lib/jersey-core-1.9.jar:lib/lz4-1.3.0.jar:lib/jackson-core-asl-1.9.13.jar:lib/aeron-client-1.3.0.jar:lib/htrace-core-3.1.0-incubating.jar:lib/xz-1.0.jar:lib/commons-httpclient-3.1.jar:lib/asm-3.1.jar:lib/commons-lang3-3.4.jar:lib/scala-library-2.11.11.jar:lib/scala-java8-compat_2.11-0.7.0.jar:lib/commons-configuration-1.6.jar:lib/objenesis-2.1.jar:lib/jackson-annotations-2.8.0.jar:lib/jsr305-3.0.0.jar:lib/curator-framework-2.7.1.jar:lib/jersey-server-1.9.jar:lib/jets3t-0.9.0.jar:lib/leveldb-0.7.jar:lib/jetty-6.1.26.jar:lib/stax-api-1.0-2.jar:lib/flamestream-core-1.0-SNAPSHOT.jar:lib/reflectasm-1.07-shaded.jar:lib/apacheds-kerberos-codec-2.0.0-M15.jar:lib/api-asn1-api-1.0.0-M20.jar:lib/commons-lang-2.6.jar:lib/commons-beanutils-1.7.0.jar:lib/jackson-xc-1.8.3.jar:lib/jetty-util-6.1.26.jar:lib/logback-classic-1.2.3.jar:lib/jool-0.9.12.jar:lib/flamestream-runtime-1.0-SNAPSHOT-tests.jar:lib/httpcore-4.1.2.jar:lib/kryo-4.0.0.jar:lib/ant-1.8.1.jar:lib/jaxb-impl-2.2.3-1.jar:lib/jersey-json-1.9.jar:lib/commons-compress-1.4.1.jar:lib/leveldbjni-all-1.8.jar:lib/paranamer-2.3.jar:lib/jackson-core-2.8.4.jar:lib/commons-math3-3.6.1.jar:lib/scala-parser-combinators_2.11-1.0.4.jar:lib/netty-3.10.6.Final.jar:lib/trove4j-3.0.3.jar:lib/jaxb-api-2.2.2.jar:lib/logback-core-1.2.3.jar:lib/snappy-java-1.0.4.1.jar:lib/protobuf-java-2.5.0.jar:lib/reactive-streams-1.0.1.jar:lib/flamestream-examples-1.0-SNAPSHOT.jar:lib/commons-codec-1.4.jar:lib/activation-1.1.jar:lib/commons-net-3.1.jar:lib/curator-recipes-2.7.1.jar:lib/jackson-mapper-asl-1.9.13.jar:lib/jackson-databind-2.8.4.jar:lib/flamestream-runtime-1.0-SNAPSHOT.jar:lib/jackson-jaxrs-1.8.3.jar:lib/slf4j-api-1.7.24.jar:lib/akka-remote_2.11-2.5.6.jar:lib/akka-testkit_2.11-2.5.6.jar:lib/jline-0.9.94.jar:lib/akka-stream_2.11-2.5.6.jar:lib/jsp-api-2.1.jar:lib/kryonet-2.21.jar:lib/akka-kryo-serialization_2.11-0.5.0.jar:lib/config-1.3.1.jar:lib/ant-launcher-1.8.1.jar:lib/commons-logging-1.2.jar:lib/ssl-config-core_2.11-0.2.2.jar:lib/testng-6.10.jar:lib/leveldb-api-0.7.jar:lib/reflectasm-1.11.3.jar:lib/jcommander-1.48.jar:lib/commons-1.1.jar:lib/commons-digester-1.8.jar:lib/minlog-1.2.jar:lib/java-xmlbuilder-0.4.jar:lib/jettison-1.1.jar:lib/gson-2.2.4.jar:lib/jdk.tools-1.8.jar:lib/aeron-driver-1.3.0.jar:lib/zookeeper-3.4.9.jar:lib/commons-beanutils-core-1.8.0.jar:lib/commons-math3-3.1.1.jar:lib/akka-actor_2.11-2.5.6.jar:lib/curator-client-2.7.1.jar:lib/servlet-api-2.5.jar:lib/apacheds-i18n-2.0.0-M15.jar:lib/commons-io-2.4.jar:lib/commons-codec-1.6.jar:lib/akka-protobuf_2.11-2.5.6.jar:lib/protobuf-java-3.5.1.jar:lib/jdom-2.0.2.jar:lib/api-util-1.0.0-M20.jar:lib/hadoop-common-2.7.3.jar:lib/agrona-0.9.6.jar:lib/xmlenc-0.52.jar:lib/guava-21.0.jar:lib/commons-collections-3.2.2.jar:lib/avro-1.7.4.jar:lib/httpclient-4.1.2.jar:lib/flamestream-core-1.0-SNAPSHOT-tests.jar:lib/annotations-12.0.jar:lib/jsch-0.1.42.jar:flamestream-runtime-1.0-SNAPSHOT.jar
13:12:01.822 [worker-akka.actor.default-dispatcher-2] INFO  o.a.z.ZooKeeper  - Client environment:java.library.path=/usr/java/packages/lib/amd64:/usr/lib/x86_64-linux-gnu/jni:/lib/x86_64-linux-gnu:/usr/lib/x86_64-linux-gnu:/usr/lib/jni:/lib:/usr/lib
13:12:01.822 [worker-akka.actor.default-dispatcher-2] INFO  o.a.z.ZooKeeper  - Client environment:java.io.tmpdir=/tmp
13:12:01.822 [worker-akka.actor.default-dispatcher-2] INFO  o.a.z.ZooKeeper  - Client environment:java.compiler=<NA>
13:12:01.822 [worker-akka.actor.default-dispatcher-2] INFO  o.a.z.ZooKeeper  - Client environment:os.name=Linux
13:12:01.822 [worker-akka.actor.default-dispatcher-2] INFO  o.a.z.ZooKeeper  - Client environment:os.arch=amd64
13:12:01.823 [worker-akka.actor.default-dispatcher-2] INFO  o.a.z.ZooKeeper  - Client environment:os.version=4.4.0-1049-aws
13:12:01.823 [worker-akka.actor.default-dispatcher-2] INFO  o.a.z.ZooKeeper  - Client environment:user.name=root
13:12:01.824 [worker-akka.actor.default-dispatcher-2] INFO  o.a.z.ZooKeeper  - Client environment:user.home=/root
13:12:01.824 [worker-akka.actor.default-dispatcher-2] INFO  o.a.z.ZooKeeper  - Client environment:user.dir=/opt/flamestream
13:12:01.827 [worker-akka.actor.default-dispatcher-2] INFO  o.a.z.ZooKeeper  - Initiating client connection, connectString=172.31.34.147:2181 sessionTimeout=5000 watcher=com.spbsu.flamestream.runtime.application.LifecycleWatcher$$Lambda$29/2091173542@1b48f905
13:12:01.860 [worker-akka.actor.default-dispatcher-2] INFO  a.a.RepointableActorRef akka://worker/user/watcher - Starting...
13:12:01.864 [worker-akka.actor.default-dispatcher-2-SendThread(172.31.34.147:2181)] INFO  o.a.z.ClientCnxn  - Opening socket connection to server 172.31.34.147/172.31.34.147:2181. Will not attempt to authenticate using SASL (unknown error)
13:12:01.867 [worker-akka.actor.default-dispatcher-2-SendThread(172.31.34.147:2181)] INFO  o.a.z.ClientCnxn  - Socket connection established to 172.31.34.147/172.31.34.147:2181, initiating session
13:12:01.876 [worker-akka.actor.default-dispatcher-2-SendThread(172.31.34.147:2181)] INFO  o.a.z.ClientCnxn  - Session establishment complete on server 172.31.34.147/172.31.34.147:2181, sessionid = 0x161ae307a940009, negotiated timeout = 6000
13:12:01.972 [worker-akka.actor.default-dispatcher-2] INFO  a.a.RepointableActorRef akka://worker/user/watcher - Connected to ZK
13:12:10.879 [worker-akka.actor.default-dispatcher-2] INFO  a.a.RepointableActorRef akka://worker/user/watcher - Creating node with watchGraphs: 'com.spbsu.flamestream.core.Graph$Builder$MyGraph@22aae96d', config: 'ClusterConfig{paths={172.31.33.155=akka://worker@172.31.33.155:5412/user/watcher/graph0000000000, 172.31.47.83=akka://worker@172.31.47.83:5412/user/watcher/graph0000000000, 172.31.45.197=akka://worker@172.31.45.197:5412/user/watcher/graph0000000000, 172.31.42.36=akka://worker@172.31.42.36:5412/user/watcher/graph0000000000, 172.31.44.83=akka://worker@172.31.44.83:5412/user/watcher/graph0000000000, 172.31.39.64=akka://worker@172.31.39.64:5412/user/watcher/graph0000000000, 172.31.35.79=akka://worker@172.31.35.79:5412/user/watcher/graph0000000000, 172.31.34.169=akka://worker@172.31.34.169:5412/user/watcher/graph0000000000, 172.31.47.100=akka://worker@172.31.47.100:5412/user/watcher/graph0000000000, 172.31.37.101=akka://worker@172.31.37.101:5412/user/watcher/graph0000000000}, ackerLocation='172.31.35.79', props=ComputationLayout{ranges={172.31.33.155=HashRange{from=-1670265060, to=-1193046472}, 172.31.47.83=HashRange{from=1670265056, to=2147483644}, 172.31.45.197=HashRange{from=-715827884, to=-238609296}, 172.31.42.36=HashRange{from=1193046468, to=1670265056}, 172.31.44.83=HashRange{from=-238609296, to=238609292}, 172.31.39.64=HashRange{from=715827880, to=1193046468}, 172.31.35.79=HashRange{from=0, to=0}, 172.31.34.169=HashRange{from=-2147483648, to=-1670265060}, 172.31.47.100=HashRange{from=238609292, to=715827880}, 172.31.37.101=HashRange{from=-1193046472, to=-715827884}}}}'
13:12:11.723 [worker-akka.actor.default-dispatcher-2] INFO  a.a.LocalActorRef akka://worker/user/watcher/graph0000000000/graph - Starting...
13:12:11.727 [worker-akka.actor.default-dispatcher-2] INFO  a.a.LocalActorRef akka://worker/user/watcher/graph0000000000/graph/local-acker - Starting...
13:12:11.729 [worker-akka.actor.default-dispatcher-2] INFO  a.a.LocalActorRef akka://worker/user/watcher/graph0000000000/graph/local-acker/$a - Starting...
Warning: space is running low in /dev/shm (tmpfs) threshold=167,772,160 usable=158,621,696
Warning: space is running low in /dev/shm (tmpfs) threshold=167,772,160 usable=146,034,688
Warning: space is running low in /dev/shm (tmpfs) threshold=167,772,160 usable=133,447,680
Warning: space is running low in /dev/shm (tmpfs) threshold=167,772,160 usable=120,860,672
Warning: space is running low in /dev/shm (tmpfs) threshold=167,772,160 usable=108,273,664
Warning: space is running low in /dev/shm (tmpfs) threshold=167,772,160 usable=95,686,656
Warning: space is running low in /dev/shm (tmpfs) threshold=167,772,160 usable=83,099,648
Warning: space is running low in /dev/shm (tmpfs) threshold=167,772,160 usable=70,512,640
13:12:13.526 [worker-akka.actor.default-dispatcher-2] INFO  a.a.LocalActorRef akka://worker/user/watcher/graph0000000000/graph - Finishing constructor
13:12:13.527 [worker-akka.actor.default-dispatcher-2] INFO  a.a.LocalActorRef akka://worker/user/watcher/graph0000000000 - Starting...
13:12:13.587 [worker-akka.actor.default-dispatcher-2] INFO  a.a.LocalActorRef akka://worker/user/watcher/graph0000000000/negotiator - Starting...
13:12:13.588 [worker-akka.actor.default-dispatcher-2] INFO  a.a.LocalActorRef akka://worker/user/watcher/graph0000000000/edge - Starting...
13:12:13.589 [worker-akka.actor.default-dispatcher-2] INFO  a.a.LocalActorRef akka://worker/user/watcher/graph0000000000/graph/$a - Starting...
13:12:13.591 [worker-akka.actor.default-dispatcher-2] INFO  a.a.LocalActorRef akka://worker/user/watcher/graph0000000000/graph/$b - Starting...
13:12:13.592 [worker-akka.actor.default-dispatcher-2] INFO  a.a.LocalActorRef akka://worker/user/watcher/graph0000000000/graph/$c - Starting...
13:12:13.617 [worker-akka.actor.default-dispatcher-2] INFO  c.s.f.r.e.s.SocketRear  - FlameSocketGraphDeployerRear@172.31.34.169: connecting to 172.31.34.147:5678
13:12:13.620 [worker-akka.actor.default-dispatcher-2] INFO  c.s.f.r.e.s.SocketRear  - FlameSocketGraphDeployerRear@172.31.34.169: connected to 172.31.34.147:5678
13:12:13.640 [worker-akka.actor.default-dispatcher-2] INFO  a.a.LocalActorRef akka://worker/user/watcher/graph0000000000/edge/FlameSocketGraphDeployerRear - Starting...
13:12:13.641 [worker-akka.actor.default-dispatcher-2] INFO  a.a.LocalActorRef akka://worker/user/watcher/graph0000000000/edge/FlameSocketGraphDeployerFront - Starting...
13:12:13.642 [worker-akka.actor.default-dispatcher-2] INFO  a.a.LocalActorRef akka://worker/user/watcher/graph0000000000/negotiator - Requesting ticket for the frontClass FlameSocketGraphDeployerFront@172.31.34.169
13:12:13.656 [worker-akka.actor.default-dispatcher-2] INFO  a.a.LocalActorRef akka://worker/user/watcher/graph0000000000/negotiator - Ticket for the frontClass received: FrontTicket{allowedTimestamp=(1519045930868, FlameSocketGraphDeployerFront@172.31.34.169)}
13:12:13.657 [worker-akka.actor.default-dispatcher-2] INFO  c.s.f.r.e.s.SocketFront  - FlameSocketGraphDeployerFront@172.31.34.169: connecting to 172.31.34.147:4567
13:12:13.667 [Client] INFO  c.s.f.r.e.s.SocketFront  - FlameSocketGraphDeployerFront@172.31.34.169 has been disconnected from Connection 6
2018-02-19T13:12:17.258+0000: 18.837: [GC (Allocation Failure) 2018-02-19T13:12:17.258+0000: 18.837: [DefNew: 136576K->15655K(153600K), 0.0294938 secs] 151993K->50603K(494976K), 0.0295592 secs] [Times: user=0.01 sys=0.01, real=0.04 secs] 
2018-02-19T13:12:38.818+0000: 40.397: [GC (Allocation Failure) 2018-02-19T13:12:38.818+0000: 40.397: [DefNew: 152231K->3631K(153600K), 0.0176362 secs] 187179K->46307K(494976K), 0.0177021 secs] [Times: user=0.00 sys=0.01, real=0.02 secs] 
2018-02-19T13:13:00.473+0000: 62.052: [GC (Allocation Failure) 2018-02-19T13:13:00.473+0000: 62.052: [DefNew: 140207K->5558K(153600K), 0.0113481 secs] 182883K->48234K(494976K), 0.0114144 secs] [Times: user=0.01 sys=0.00, real=0.01 secs] 
2018-02-19T13:13:18.815+0000: 80.393: [GC (Allocation Failure) 2018-02-19T13:13:18.815+0000: 80.393: [DefNew: 142134K->7479K(153600K), 0.0158004 secs] 184810K->50155K(494976K), 0.0158622 secs] [Times: user=0.01 sys=0.00, real=0.02 secs] 
2018-02-19T13:13:38.783+0000: 100.362: [GC (Allocation Failure) 2018-02-19T13:13:38.783+0000: 100.362: [DefNew: 144055K->8430K(153600K), 0.0141260 secs] 186731K->51106K(494976K), 0.0141857 secs] [Times: user=0.01 sys=0.00, real=0.01 secs] 
2018-02-19T13:13:59.084+0000: 120.663: [GC (Allocation Failure) 2018-02-19T13:13:59.084+0000: 120.663: [DefNew: 145006K->9813K(153600K), 0.0161859 secs] 187682K->52489K(494976K), 0.0162502 secs] [Times: user=0.02 sys=0.00, real=0.02 secs] 
2018-02-19T13:14:18.745+0000: 140.324: [GC (Allocation Failure) 2018-02-19T13:14:18.745+0000: 140.324: [DefNew: 146389K->9400K(153600K), 0.0171071 secs] 189065K->53515K(494976K), 0.0171934 secs] [Times: user=0.02 sys=0.00, real=0.02 secs] 
2018-02-19T13:14:41.824+0000: 163.402: [GC (Allocation Failure) 2018-02-19T13:14:41.824+0000: 163.402: [DefNew: 145976K->9194K(153600K), 0.0162079 secs] 190091K->54605K(494976K), 0.0162701 secs] [Times: user=0.02 sys=0.00, real=0.02 secs] 
2018-02-19T13:15:05.972+0000: 187.551: [GC (Allocation Failure) 2018-02-19T13:15:05.972+0000: 187.551: [DefNew: 145770K->9442K(153600K), 0.0186525 secs] 191181K->55790K(494976K), 0.0187172 secs] [Times: user=0.02 sys=0.00, real=0.02 secs] 
2018-02-19T13:15:26.634+0000: 208.213: [GC (Allocation Failure) 2018-02-19T13:15:26.635+0000: 208.213: [DefNew: 146018K->10310K(153600K), 0.0182279 secs] 192366K->57751K(494976K), 0.0182924 secs] [Times: user=0.00 sys=0.00, real=0.02 secs] 
2018-02-19T13:15:48.442+0000: 230.021: [GC (Allocation Failure) 2018-02-19T13:15:48.442+0000: 230.021: [DefNew: 146886K->8766K(153600K), 0.0170858 secs] 194327K->58475K(494976K), 0.0171509 secs] [Times: user=0.02 sys=0.00, real=0.02 secs] 
2018-02-19T13:16:14.037+0000: 255.615: [GC (Allocation Failure) 2018-02-19T13:16:14.037+0000: 255.615: [DefNew: 145342K->8564K(153600K), 0.0151784 secs] 195051K->59255K(494976K), 0.0152478 secs] [Times: user=0.01 sys=0.00, real=0.02 secs] 
2018-02-19T13:16:33.605+0000: 275.184: [GC (Allocation Failure) 2018-02-19T13:16:33.605+0000: 275.184: [DefNew: 145140K->8383K(153600K), 0.0154412 secs] 195831K->60434K(494976K), 0.0154962 secs] [Times: user=0.01 sys=0.00, real=0.02 secs] 
2018-02-19T13:17:00.630+0000: 302.209: [GC (Allocation Failure) 2018-02-19T13:17:00.630+0000: 302.209: [DefNew: 144959K->9865K(153600K), 0.0150430 secs] 197010K->61915K(494976K), 0.0151045 secs] [Times: user=0.02 sys=0.00, real=0.01 secs] 
2018-02-19T13:17:22.114+0000: 323.693: [GC (Allocation Failure) 2018-02-19T13:17:22.114+0000: 323.693: [DefNew: 146441K->8644K(153600K), 0.0170462 secs] 198491K->62787K(494976K), 0.0171131 secs] [Times: user=0.02 sys=0.00, real=0.02 secs] 
2018-02-19T13:17:47.495+0000: 349.073: [GC (Allocation Failure) 2018-02-19T13:17:47.495+0000: 349.073: [DefNew: 145220K->8921K(153600K), 0.0158966 secs] 199363K->64035K(494976K), 0.0159641 secs] [Times: user=0.02 sys=0.00, real=0.02 secs] 
2018-02-19T13:18:06.484+0000: 368.063: [GC (Allocation Failure) 2018-02-19T13:18:06.484+0000: 368.063: [DefNew: 145497K->8592K(153600K), 0.0148919 secs] 200611K->64819K(494976K), 0.0149635 secs] [Times: user=0.02 sys=0.00, real=0.02 secs] 
2018-02-19T13:18:26.374+0000: 387.953: [GC (Allocation Failure) 2018-02-19T13:18:26.374+0000: 387.953: [DefNew: 145168K->9168K(153600K), 0.0164703 secs] 201395K->66453K(494976K), 0.0165352 secs] [Times: user=0.02 sys=0.00, real=0.02 secs] 
2018-02-19T13:18:49.070+0000: 410.649: [GC (Allocation Failure) 2018-02-19T13:18:49.070+0000: 410.649: [DefNew: 145744K->9559K(153600K), 0.0167761 secs] 203029K->67877K(494976K), 0.0168467 secs] [Times: user=0.01 sys=0.00, real=0.02 secs] 
2018-02-19T13:19:16.297+0000: 437.875: [GC (Allocation Failure) 2018-02-19T13:19:16.297+0000: 437.875: [DefNew: 146135K->9693K(153600K), 0.0165037 secs] 204453K->69079K(494976K), 0.0165669 secs] [Times: user=0.01 sys=0.00, real=0.02 secs] 
2018-02-19T13:19:38.275+0000: 459.853: [GC (Allocation Failure) 2018-02-19T13:19:38.275+0000: 459.853: [DefNew: 146269K->8586K(153600K), 0.0166012 secs] 205655K->69955K(494976K), 0.0166750 secs] [Times: user=0.00 sys=0.02, real=0.02 secs] 
2018-02-19T13:19:57.456+0000: 479.035: [GC (Allocation Failure) 2018-02-19T13:19:57.456+0000: 479.035: [DefNew: 145162K->8483K(153600K), 0.0155323 secs] 206531K->71161K(494976K), 0.0156117 secs] [Times: user=0.02 sys=0.00, real=0.02 secs] 
2018-02-19T13:20:16.045+0000: 497.623: [GC (Allocation Failure) 2018-02-19T13:20:16.045+0000: 497.623: [DefNew: 145059K->9944K(153600K), 0.0151966 secs] 207737K->72621K(494976K), 0.0152599 secs] [Times: user=0.01 sys=0.00, real=0.02 secs] 
2018-02-19T13:20:33.108+0000: 514.687: [GC (Allocation Failure) 2018-02-19T13:20:33.108+0000: 514.687: [DefNew: 146520K->8680K(153600K), 0.0168799 secs] 209197K->73464K(494976K), 0.0169489 secs] [Times: user=0.02 sys=0.00, real=0.01 secs] 
2018-02-19T13:20:54.799+0000: 536.378: [GC (Allocation Failure) 2018-02-19T13:20:54.799+0000: 536.378: [DefNew: 145256K->9825K(153600K), 0.0163270 secs] 210040K->75731K(494976K), 0.0163855 secs] [Times: user=0.00 sys=0.01, real=0.01 secs] 
2018-02-19T13:21:10.938+0000: 552.517: [GC (Allocation Failure) 2018-02-19T13:21:10.938+0000: 552.517: [DefNew: 146401K->10041K(153600K), 0.0167548 secs] 212307K->77187K(494976K), 0.0168172 secs] [Times: user=0.02 sys=0.00, real=0.02 secs] 
2018-02-19T13:21:27.441+0000: 569.019: [GC (Allocation Failure) 2018-02-19T13:21:27.441+0000: 569.019: [DefNew: 146617K->7734K(153600K), 0.0199926 secs] 213763K->78269K(494976K), 0.0200622 secs] [Times: user=0.01 sys=0.01, real=0.02 secs] 
2018-02-19T13:21:48.045+0000: 589.624: [GC (Allocation Failure) 2018-02-19T13:21:48.045+0000: 589.624: [DefNew: 144310K->9154K(153600K), 0.0144612 secs] 214845K->79688K(494976K), 0.0145237 secs] [Times: user=0.02 sys=0.00, real=0.02 secs] 
2018-02-19T13:22:11.410+0000: 612.988: [GC (Allocation Failure) 2018-02-19T13:22:11.410+0000: 612.988: [DefNew: 145730K->9416K(153600K), 0.0207691 secs] 216264K->80935K(494976K), 0.0208318 secs] [Times: user=0.01 sys=0.01, real=0.02 secs] 
2018-02-19T13:22:33.830+0000: 635.408: [GC (Allocation Failure) 2018-02-19T13:22:33.830+0000: 635.408: [DefNew: 145992K->9816K(153600K), 0.0164069 secs] 217511K->82306K(494976K), 0.0164636 secs] [Times: user=0.01 sys=0.00, real=0.01 secs] 
2018-02-19T13:22:55.481+0000: 657.060: [GC (Allocation Failure) 2018-02-19T13:22:55.482+0000: 657.060: [DefNew: 146392K->10074K(153600K), 0.0176226 secs] 218882K->83699K(494976K), 0.0177406 secs] [Times: user=0.02 sys=0.00, real=0.02 secs] 
2018-02-19T13:23:18.268+0000: 679.846: [GC (Allocation Failure) 2018-02-19T13:23:18.268+0000: 679.846: [DefNew: 146650K->8972K(153600K), 0.0179612 secs] 220275K->85140K(494976K), 0.0180389 secs] [Times: user=0.02 sys=0.00, real=0.01 secs] 
2018-02-19T13:23:37.067+0000: 698.645: [GC (Allocation Failure) 2018-02-19T13:23:37.067+0000: 698.645: [DefNew: 145548K->9306K(153600K), 0.0158132 secs] 221716K->86844K(494976K), 0.0158733 secs] [Times: user=0.02 sys=0.00, real=0.02 secs] 
2018-02-19T13:23:59.808+0000: 721.386: [GC (Allocation Failure) 2018-02-19T13:23:59.808+0000: 721.386: [DefNew: 145882K->9284K(153600K), 0.0150434 secs] 223420K->88422K(494976K), 0.0151145 secs] [Times: user=0.01 sys=0.00, real=0.01 secs] 
2018-02-19T13:24:18.905+0000: 740.484: [GC (Allocation Failure) 2018-02-19T13:24:18.905+0000: 740.484: [DefNew: 145860K->9185K(153600K), 0.0155324 secs] 224998K->90014K(494976K), 0.0155930 secs] [Times: user=0.02 sys=0.00, real=0.02 secs] 
2018-02-19T13:24:37.921+0000: 759.499: [GC (Allocation Failure) 2018-02-19T13:24:37.921+0000: 759.499: [DefNew: 145761K->9097K(153600K), 0.0151144 secs] 226590K->91319K(494976K), 0.0151787 secs] [Times: user=0.00 sys=0.01, real=0.01 secs] 
2018-02-19T13:24:56.994+0000: 778.572: [GC (Allocation Failure) 2018-02-19T13:24:56.994+0000: 778.572: [DefNew: 145673K->9288K(153600K), 0.0203456 secs] 227895K->93030K(494976K), 0.0204069 secs] [Times: user=0.01 sys=0.00, real=0.02 secs] 
2018-02-19T13:25:21.822+0000: 803.401: [GC (Allocation Failure) 2018-02-19T13:25:21.822+0000: 803.401: [DefNew: 145864K->9783K(153600K), 0.0156903 secs] 229606K->94672K(494976K), 0.0157571 secs] [Times: user=0.01 sys=0.00, real=0.01 secs] 
2018-02-19T13:25:41.470+0000: 823.049: [GC (Allocation Failure) 2018-02-19T13:25:41.470+0000: 823.049: [DefNew: 146359K->9632K(153600K), 0.0168176 secs] 231248K->96064K(494976K), 0.0168925 secs] [Times: user=0.02 sys=0.00, real=0.02 secs] 
2018-02-19T13:26:07.427+0000: 849.006: [GC (Allocation Failure) 2018-02-19T13:26:07.427+0000: 849.006: [DefNew: 146208K->10117K(153600K), 0.0169686 secs] 232640K->97986K(494976K), 0.0170488 secs] [Times: user=0.00 sys=0.00, real=0.01 secs] 
2018-02-19T13:26:24.865+0000: 866.443: [GC (Allocation Failure) 2018-02-19T13:26:24.865+0000: 866.443: [DefNew: 146693K->9821K(153600K), 0.0158433 secs] 234562K->99238K(494976K), 0.0159235 secs] [Times: user=0.02 sys=0.00, real=0.02 secs] 
2018-02-19T13:26:43.533+0000: 885.111: [GC (Allocation Failure) 2018-02-19T13:26:43.533+0000: 885.111: [DefNew: 146397K->10179K(153600K), 0.0174339 secs] 235814K->101107K(494976K), 0.0175022 secs] [Times: user=0.01 sys=0.00, real=0.02 secs] 
2018-02-19T13:27:07.732+0000: 909.311: [GC (Allocation Failure) 2018-02-19T13:27:07.732+0000: 909.311: [DefNew: 146755K->10090K(153600K), 0.0172806 secs] 237683K->102478K(494976K), 0.0173583 secs] [Times: user=0.02 sys=0.00, real=0.02 secs] 
2018-02-19T13:27:23.081+0000: 924.659: [GC (Allocation Failure) 2018-02-19T13:27:23.081+0000: 924.659: [DefNew: 146666K->10174K(153600K), 0.0170312 secs] 239054K->104091K(494976K), 0.0171057 secs] [Times: user=0.01 sys=0.00, real=0.01 secs] 
13:27:39.140 [Client] INFO  c.s.f.r.e.s.SocketRear  - FlameSocketGraphDeployerRear@172.31.34.169: has been disconnected from Connection 6
13:27:52.864 [worker-akka.actor.default-dispatcher-2] INFO  a.a.CoordinatedShutdown CoordinatedShutdown(akka://worker) - Starting coordinated shutdown from JVM shutdown hook
13:27:52.912 [worker-akka.actor.default-dispatcher-2] INFO  a.a.LocalActorRef akka://worker/user/watcher/graph0000000000/negotiator - Stopped
13:27:52.913 [worker-akka.actor.default-dispatcher-2] INFO  a.a.LocalActorRef akka://worker/user/watcher/graph0000000000/edge/FlameSocketGraphDeployerFront - Stopped
13:27:52.914 [worker-akka.actor.default-dispatcher-2] INFO  a.a.LocalActorRef akka://worker/user/watcher/graph0000000000/graph/local-acker/$a - Stopped
13:27:52.914 [worker-akka.actor.default-dispatcher-2] INFO  a.a.LocalActorRef akka://worker/user/watcher/graph0000000000/edge/FlameSocketGraphDeployerRear - Stopped
13:27:52.914 [worker-akka.actor.default-dispatcher-2] INFO  a.a.LocalActorRef akka://worker/user/watcher/graph0000000000/graph/$a - Stopped
13:27:52.914 [worker-akka.actor.default-dispatcher-2] INFO  a.a.LocalActorRef akka://worker/user/watcher/graph0000000000/graph/$b - Stopped
13:27:52.917 [worker-akka.actor.default-dispatcher-2] INFO  a.a.LocalActorRef akka://worker/user/watcher/graph0000000000/graph/$c - Stopped
13:27:52.922 [worker-akka.actor.default-dispatcher-2] INFO  a.a.LocalActorRef akka://worker/user/watcher/graph0000000000/edge - Stopped
13:27:52.924 [worker-akka.actor.default-dispatcher-2] INFO  a.a.LocalActorRef akka://worker/user/watcher/graph0000000000/graph/local-acker/$a - Message [com.spbsu.flamestream.runtime.utils.akka.PingActor$InnerPing] from Actor[akka://worker/user/watcher/graph0000000000/graph/local-acker/$a#609032620] to Actor[akka://worker/user/watcher/graph0000000000/graph/local-acker/$a#609032620] was not delivered. [1] dead letters encountered. This logging can be turned off or adjusted with configuration settings 'akka.log-dead-letters' and 'akka.log-dead-letters-during-shutdown'.
13:27:52.925 [worker-akka.actor.default-dispatcher-2] INFO  a.a.LocalActorRef akka://worker/user/watcher/graph0000000000/graph/local-acker - Stopped
13:27:52.925 [worker-akka.actor.default-dispatcher-2] INFO  a.a.LocalActorRef akka://worker/user/watcher/graph0000000000/graph - Stopped
13:27:52.926 [worker-akka.actor.default-dispatcher-2] INFO  a.a.LocalActorRef akka://worker/user/watcher/graph0000000000 - Stopped
13:27:52.930 [worker-akka.actor.default-dispatcher-2-EventThread] INFO  o.a.z.ClientCnxn  - EventThread shut down for session: 0x161ae307a940009
13:27:52.931 [worker-akka.actor.default-dispatcher-2] INFO  o.a.z.ZooKeeper  - Session: 0x161ae307a940009 closed
13:27:52.932 [worker-akka.actor.default-dispatcher-2] INFO  a.a.LocalActorRef akka://worker/user/watcher/graph0000000000/graph/local-acker/$a - Message [com.spbsu.flamestream.runtime.utils.akka.PingActor$Stop] from Actor[akka://worker/user/watcher/graph0000000000/graph/local-acker#-1060649258] to Actor[akka://worker/user/watcher/graph0000000000/graph/local-acker/$a#609032620] was not delivered. [2] dead letters encountered. This logging can be turned off or adjusted with configuration settings 'akka.log-dead-letters' and 'akka.log-dead-letters-during-shutdown'.
13:27:52.932 [worker-akka.actor.default-dispatcher-2] INFO  a.a.LocalActorRef akka://worker/user/watcher/graph0000000000/graph/local-acker - Message [com.spbsu.flamestream.runtime.acker.LocalAcker$Flush] from Actor[akka://worker/user/watcher/graph0000000000/graph/local-acker#-1060649258] to Actor[akka://worker/user/watcher/graph0000000000/graph/local-acker#-1060649258] was not delivered. [3] dead letters encountered. This logging can be turned off or adjusted with configuration settings 'akka.log-dead-letters' and 'akka.log-dead-letters-during-shutdown'.
13:27:52.932 [worker-akka.actor.default-dispatcher-2] INFO  a.a.RepointableActorRef akka://worker/user/watcher - Stopped
13:27:52.946 [worker-akka.actor.default-dispatcher-2] INFO  a.r.RemoteActorRefProvider$RemotingTerminator akka://worker@172.31.34.169:5412/system/remoting-terminator - Shutting down remote daemon.
13:27:52.949 [worker-akka.actor.default-dispatcher-2] INFO  a.r.RemoteActorRefProvider$RemotingTerminator akka://worker@172.31.34.169:5412/system/remoting-terminator - Remote daemon shut down; proceeding with flushing remote transports.
13:27:54.088 [worker-akka.actor.default-dispatcher-2] INFO  a.r.RemoteActorRefProvider$RemotingTerminator akka://worker@172.31.34.169:5412/system/remoting-terminator - Remoting shut down.
Heap
 def new generation   total 153600K, used 129071K [0x00000000e0c00000, 0x00000000eb2a0000, 0x00000000eb2a0000)
  eden space 136576K,  87% used [0x00000000e0c00000, 0x00000000e801c148, 0x00000000e9160000)
  from space 17024K,  59% used [0x00000000e9160000, 0x00000000e9b4fb60, 0x00000000ea200000)
  to   space 17024K,   0% used [0x00000000ea200000, 0x00000000ea200000, 0x00000000eb2a0000)
 tenured generation   total 341376K, used 93917K [0x00000000eb2a0000, 0x0000000100000000, 0x0000000100000000)
   the space 341376K,  27% used [0x00000000eb2a0000, 0x00000000f0e57418, 0x00000000f0e57600, 0x0000000100000000)
 Metaspace       used 33558K, capacity 34298K, committed 34688K, reserved 1079296K
  class space    used 4456K, capacity 4624K, committed 4736K, reserved 1048576K
