12:01:57.693 [worker-akka.actor.default-dispatcher-2] INFO  a.e.s.Slf4jLogger  - Slf4jLogger started
2018-02-19T12:01:57.846+0000: 1.888: [Full GC (Metadata GC Threshold) 2018-02-19T12:01:57.846+0000: 1.888: [Tenured: 0K->15403K(341376K), 0.0381471 secs] 117539K->15403K(494976K), [Metaspace: 20873K->20873K(1067008K)], 0.0382071 secs] [Times: user=0.04 sys=0.00, real=0.03 secs] 
Ama winner
Ama winner
12:01:58.221 [worker-akka.actor.default-dispatcher-2] INFO  a.r.a.ArteryTransport(akka://worker) akka.remote.artery.ArteryTransport(akka://worker) - Started embedded media driver in directory [/dev/shm/aeron-root-worker-61e38aa0-0797-4653-af72-0b5b59b1a78e]
12:01:58.438 [worker-akka.actor.default-dispatcher-2] INFO  a.r.a.ArteryTransport(akka://worker) akka.remote.artery.ArteryTransport(akka://worker) - Remoting started; listening on address: [akka://worker@172.31.47.100:5412] with UID [4661755098716259675]
12:01:58.540 [worker-akka.actor.default-dispatcher-2] INFO  o.a.z.ZooKeeper  - Client environment:zookeeper.version=3.4.9-1757313, built on 08/23/2016 06:50 GMT
12:01:58.540 [worker-akka.actor.default-dispatcher-2] INFO  o.a.z.ZooKeeper  - Client environment:host.name=ip-172-31-47-100.us-east-2.compute.internal
12:01:58.541 [worker-akka.actor.default-dispatcher-2] INFO  o.a.z.ZooKeeper  - Client environment:java.version=1.8.0_151
12:01:58.541 [worker-akka.actor.default-dispatcher-2] INFO  o.a.z.ZooKeeper  - Client environment:java.vendor=Oracle Corporation
12:01:58.541 [worker-akka.actor.default-dispatcher-2] INFO  o.a.z.ZooKeeper  - Client environment:java.home=/usr/lib/jvm/java-8-openjdk-amd64/jre
12:01:58.541 [worker-akka.actor.default-dispatcher-2] INFO  o.a.z.ZooKeeper  - Client environment:java.class.path=lib/commons-cli-1.4.jar:lib/minlog-1.3.0.jar:lib/asm-5.0.4.jar:lib/hadoop-annotations-2.7.3.jar:lib/hadoop-auth-2.7.3.jar:lib/akka-slf4j_2.11-2.5.6.jar:lib/jersey-core-1.9.jar:lib/lz4-1.3.0.jar:lib/jackson-core-asl-1.9.13.jar:lib/aeron-client-1.3.0.jar:lib/htrace-core-3.1.0-incubating.jar:lib/xz-1.0.jar:lib/commons-httpclient-3.1.jar:lib/asm-3.1.jar:lib/commons-lang3-3.4.jar:lib/scala-library-2.11.11.jar:lib/scala-java8-compat_2.11-0.7.0.jar:lib/commons-configuration-1.6.jar:lib/objenesis-2.1.jar:lib/jackson-annotations-2.8.0.jar:lib/jsr305-3.0.0.jar:lib/curator-framework-2.7.1.jar:lib/jersey-server-1.9.jar:lib/jets3t-0.9.0.jar:lib/leveldb-0.7.jar:lib/jetty-6.1.26.jar:lib/stax-api-1.0-2.jar:lib/flamestream-core-1.0-SNAPSHOT.jar:lib/reflectasm-1.07-shaded.jar:lib/apacheds-kerberos-codec-2.0.0-M15.jar:lib/api-asn1-api-1.0.0-M20.jar:lib/commons-lang-2.6.jar:lib/commons-beanutils-1.7.0.jar:lib/jackson-xc-1.8.3.jar:lib/jetty-util-6.1.26.jar:lib/logback-classic-1.2.3.jar:lib/jool-0.9.12.jar:lib/flamestream-runtime-1.0-SNAPSHOT-tests.jar:lib/httpcore-4.1.2.jar:lib/kryo-4.0.0.jar:lib/ant-1.8.1.jar:lib/jaxb-impl-2.2.3-1.jar:lib/jersey-json-1.9.jar:lib/commons-compress-1.4.1.jar:lib/leveldbjni-all-1.8.jar:lib/paranamer-2.3.jar:lib/jackson-core-2.8.4.jar:lib/commons-math3-3.6.1.jar:lib/scala-parser-combinators_2.11-1.0.4.jar:lib/netty-3.10.6.Final.jar:lib/trove4j-3.0.3.jar:lib/jaxb-api-2.2.2.jar:lib/logback-core-1.2.3.jar:lib/snappy-java-1.0.4.1.jar:lib/protobuf-java-2.5.0.jar:lib/reactive-streams-1.0.1.jar:lib/flamestream-examples-1.0-SNAPSHOT.jar:lib/commons-codec-1.4.jar:lib/activation-1.1.jar:lib/commons-net-3.1.jar:lib/curator-recipes-2.7.1.jar:lib/jackson-mapper-asl-1.9.13.jar:lib/jackson-databind-2.8.4.jar:lib/flamestream-runtime-1.0-SNAPSHOT.jar:lib/jackson-jaxrs-1.8.3.jar:lib/slf4j-api-1.7.24.jar:lib/akka-remote_2.11-2.5.6.jar:lib/akka-testkit_2.11-2.5.6.jar:lib/jline-0.9.94.jar:lib/akka-stream_2.11-2.5.6.jar:lib/jsp-api-2.1.jar:lib/kryonet-2.21.jar:lib/akka-kryo-serialization_2.11-0.5.0.jar:lib/config-1.3.1.jar:lib/ant-launcher-1.8.1.jar:lib/commons-logging-1.2.jar:lib/ssl-config-core_2.11-0.2.2.jar:lib/testng-6.10.jar:lib/leveldb-api-0.7.jar:lib/reflectasm-1.11.3.jar:lib/jcommander-1.48.jar:lib/commons-1.1.jar:lib/commons-digester-1.8.jar:lib/minlog-1.2.jar:lib/java-xmlbuilder-0.4.jar:lib/jettison-1.1.jar:lib/gson-2.2.4.jar:lib/jdk.tools-1.8.jar:lib/aeron-driver-1.3.0.jar:lib/zookeeper-3.4.9.jar:lib/commons-beanutils-core-1.8.0.jar:lib/commons-math3-3.1.1.jar:lib/akka-actor_2.11-2.5.6.jar:lib/curator-client-2.7.1.jar:lib/servlet-api-2.5.jar:lib/apacheds-i18n-2.0.0-M15.jar:lib/commons-io-2.4.jar:lib/commons-codec-1.6.jar:lib/akka-protobuf_2.11-2.5.6.jar:lib/protobuf-java-3.5.1.jar:lib/jdom-2.0.2.jar:lib/api-util-1.0.0-M20.jar:lib/hadoop-common-2.7.3.jar:lib/agrona-0.9.6.jar:lib/xmlenc-0.52.jar:lib/guava-21.0.jar:lib/commons-collections-3.2.2.jar:lib/avro-1.7.4.jar:lib/httpclient-4.1.2.jar:lib/flamestream-core-1.0-SNAPSHOT-tests.jar:lib/annotations-12.0.jar:lib/jsch-0.1.42.jar:flamestream-runtime-1.0-SNAPSHOT.jar
12:01:58.541 [worker-akka.actor.default-dispatcher-2] INFO  o.a.z.ZooKeeper  - Client environment:java.library.path=/usr/java/packages/lib/amd64:/usr/lib/x86_64-linux-gnu/jni:/lib/x86_64-linux-gnu:/usr/lib/x86_64-linux-gnu:/usr/lib/jni:/lib:/usr/lib
12:01:58.541 [worker-akka.actor.default-dispatcher-2] INFO  o.a.z.ZooKeeper  - Client environment:java.io.tmpdir=/tmp
12:01:58.541 [worker-akka.actor.default-dispatcher-2] INFO  o.a.z.ZooKeeper  - Client environment:java.compiler=<NA>
12:01:58.541 [worker-akka.actor.default-dispatcher-2] INFO  o.a.z.ZooKeeper  - Client environment:os.name=Linux
12:01:58.541 [worker-akka.actor.default-dispatcher-2] INFO  o.a.z.ZooKeeper  - Client environment:os.arch=amd64
12:01:58.541 [worker-akka.actor.default-dispatcher-2] INFO  o.a.z.ZooKeeper  - Client environment:os.version=4.4.0-1049-aws
12:01:58.541 [worker-akka.actor.default-dispatcher-2] INFO  o.a.z.ZooKeeper  - Client environment:user.name=root
12:01:58.543 [worker-akka.actor.default-dispatcher-2] INFO  o.a.z.ZooKeeper  - Client environment:user.home=/root
12:01:58.543 [worker-akka.actor.default-dispatcher-2] INFO  o.a.z.ZooKeeper  - Client environment:user.dir=/opt/flamestream
12:01:58.546 [worker-akka.actor.default-dispatcher-2] INFO  o.a.z.ZooKeeper  - Initiating client connection, connectString=172.31.34.147:2181 sessionTimeout=5000 watcher=com.spbsu.flamestream.runtime.application.LifecycleWatcher$$Lambda$29/2091173542@1b48f905
12:01:58.580 [worker-akka.actor.default-dispatcher-2-SendThread(172.31.34.147:2181)] INFO  o.a.z.ClientCnxn  - Opening socket connection to server 172.31.34.147/172.31.34.147:2181. Will not attempt to authenticate using SASL (unknown error)
12:01:58.582 [worker-akka.actor.default-dispatcher-2] INFO  a.a.RepointableActorRef akka://worker/user/watcher - Starting...
12:01:58.588 [worker-akka.actor.default-dispatcher-2-SendThread(172.31.34.147:2181)] INFO  o.a.z.ClientCnxn  - Socket connection established to 172.31.34.147/172.31.34.147:2181, initiating session
12:01:58.595 [worker-akka.actor.default-dispatcher-2-SendThread(172.31.34.147:2181)] INFO  o.a.z.ClientCnxn  - Session establishment complete on server 172.31.34.147/172.31.34.147:2181, sessionid = 0x161adf060390005, negotiated timeout = 6000
12:01:58.689 [worker-akka.actor.default-dispatcher-2] INFO  a.a.RepointableActorRef akka://worker/user/watcher - Connected to ZK
12:02:08.934 [worker-akka.actor.default-dispatcher-2] INFO  a.a.RepointableActorRef akka://worker/user/watcher - Creating node with watchGraphs: 'com.spbsu.flamestream.core.Graph$Builder$MyGraph@22aae96d', config: 'ClusterConfig{paths={172.31.33.155=akka://worker@172.31.33.155:5412/user/watcher/graph0000000000, 172.31.47.83=akka://worker@172.31.47.83:5412/user/watcher/graph0000000000, 172.31.45.197=akka://worker@172.31.45.197:5412/user/watcher/graph0000000000, 172.31.42.36=akka://worker@172.31.42.36:5412/user/watcher/graph0000000000, 172.31.44.83=akka://worker@172.31.44.83:5412/user/watcher/graph0000000000, 172.31.39.64=akka://worker@172.31.39.64:5412/user/watcher/graph0000000000, 172.31.35.79=akka://worker@172.31.35.79:5412/user/watcher/graph0000000000, 172.31.34.169=akka://worker@172.31.34.169:5412/user/watcher/graph0000000000, 172.31.47.100=akka://worker@172.31.47.100:5412/user/watcher/graph0000000000, 172.31.37.101=akka://worker@172.31.37.101:5412/user/watcher/graph0000000000}, ackerLocation='172.31.35.79', props=ComputationLayout{ranges={172.31.33.155=HashRange{from=-1670265060, to=-1193046472}, 172.31.47.83=HashRange{from=1670265056, to=2147483644}, 172.31.45.197=HashRange{from=-715827884, to=-238609296}, 172.31.42.36=HashRange{from=1193046468, to=1670265056}, 172.31.44.83=HashRange{from=-238609296, to=238609292}, 172.31.39.64=HashRange{from=715827880, to=1193046468}, 172.31.35.79=HashRange{from=0, to=0}, 172.31.34.169=HashRange{from=-2147483648, to=-1670265060}, 172.31.47.100=HashRange{from=238609292, to=715827880}, 172.31.37.101=HashRange{from=-1193046472, to=-715827884}}}}'
12:02:09.668 [worker-akka.actor.default-dispatcher-2] INFO  a.a.LocalActorRef akka://worker/user/watcher/graph0000000000/graph - Starting...
12:02:09.672 [worker-akka.actor.default-dispatcher-2] INFO  a.a.LocalActorRef akka://worker/user/watcher/graph0000000000/graph/local-acker - Starting...
12:02:09.679 [worker-akka.actor.default-dispatcher-2] INFO  a.a.LocalActorRef akka://worker/user/watcher/graph0000000000/graph/local-acker/$a - Starting...
Warning: space is running low in /dev/shm (tmpfs) threshold=167,772,160 usable=158,621,696
Warning: space is running low in /dev/shm (tmpfs) threshold=167,772,160 usable=146,034,688
Warning: space is running low in /dev/shm (tmpfs) threshold=167,772,160 usable=133,447,680
Warning: space is running low in /dev/shm (tmpfs) threshold=167,772,160 usable=120,860,672
Warning: space is running low in /dev/shm (tmpfs) threshold=167,772,160 usable=108,273,664
Warning: space is running low in /dev/shm (tmpfs) threshold=167,772,160 usable=95,686,656
Warning: space is running low in /dev/shm (tmpfs) threshold=167,772,160 usable=83,099,648
Warning: space is running low in /dev/shm (tmpfs) threshold=167,772,160 usable=70,512,640
12:02:10.670 [worker-akka.actor.default-dispatcher-2] INFO  a.a.LocalActorRef akka://worker/user/watcher/graph0000000000/graph - Finishing constructor
12:02:10.671 [worker-akka.actor.default-dispatcher-2] INFO  a.a.LocalActorRef akka://worker/user/watcher/graph0000000000 - Starting...
12:02:10.672 [worker-akka.actor.default-dispatcher-2] INFO  a.a.LocalActorRef akka://worker/user/watcher/graph0000000000/negotiator - Starting...
12:02:10.743 [worker-akka.actor.default-dispatcher-2] INFO  a.a.LocalActorRef akka://worker/user/watcher/graph0000000000/edge - Starting...
12:02:10.745 [worker-akka.actor.default-dispatcher-2] INFO  a.a.LocalActorRef akka://worker/user/watcher/graph0000000000/graph/$a - Starting...
12:02:10.746 [worker-akka.actor.default-dispatcher-2] INFO  a.a.LocalActorRef akka://worker/user/watcher/graph0000000000/graph/$b - Starting...
12:02:10.748 [worker-akka.actor.default-dispatcher-2] INFO  a.a.LocalActorRef akka://worker/user/watcher/graph0000000000/graph/$c - Starting...
12:02:10.778 [worker-akka.actor.default-dispatcher-2] INFO  c.s.f.r.e.s.SocketRear  - FlameSocketGraphDeployerRear@172.31.47.100: connecting to 172.31.34.147:5678
12:02:10.784 [worker-akka.actor.default-dispatcher-2] INFO  c.s.f.r.e.s.SocketRear  - FlameSocketGraphDeployerRear@172.31.47.100: connected to 172.31.34.147:5678
12:02:10.815 [worker-akka.actor.default-dispatcher-2] INFO  a.a.LocalActorRef akka://worker/user/watcher/graph0000000000/edge/FlameSocketGraphDeployerRear - Starting...
12:02:10.816 [worker-akka.actor.default-dispatcher-2] INFO  a.a.LocalActorRef akka://worker/user/watcher/graph0000000000/edge/FlameSocketGraphDeployerFront - Starting...
12:02:10.817 [worker-akka.actor.default-dispatcher-2] INFO  a.a.LocalActorRef akka://worker/user/watcher/graph0000000000/negotiator - Requesting ticket for the frontClass FlameSocketGraphDeployerFront@172.31.47.100
12:02:10.824 [worker-akka.actor.default-dispatcher-2] INFO  a.a.LocalActorRef akka://worker/user/watcher/graph0000000000/negotiator - Ticket for the frontClass received: FrontTicket{allowedTimestamp=(1519041728931, FlameSocketGraphDeployerFront@172.31.47.100)}
12:02:10.825 [worker-akka.actor.default-dispatcher-2] INFO  c.s.f.r.e.s.SocketFront  - FlameSocketGraphDeployerFront@172.31.47.100: connecting to 172.31.34.147:4567
12:02:10.843 [Client] INFO  c.s.f.r.e.s.SocketFront  - FlameSocketGraphDeployerFront@172.31.47.100 has been disconnected from Connection 5
2018-02-19T12:02:17.094+0000: 21.136: [GC (Allocation Failure) 2018-02-19T12:02:17.094+0000: 21.136: [DefNew: 136576K->15041K(153600K), 0.0550884 secs] 151979K->49976K(494976K), 0.0551579 secs] [Times: user=0.02 sys=0.03, real=0.06 secs] 
2018-02-19T12:02:54.366+0000: 58.409: [GC (Allocation Failure) 2018-02-19T12:02:54.366+0000: 58.409: [DefNew: 151617K->3552K(153600K), 0.0211074 secs] 186552K->46124K(494976K), 0.0211751 secs] [Times: user=0.01 sys=0.01, real=0.02 secs] 
2018-02-19T12:03:34.825+0000: 98.867: [GC (Allocation Failure) 2018-02-19T12:03:34.825+0000: 98.867: [DefNew: 140128K->6035K(153600K), 0.0121394 secs] 182700K->48608K(494976K), 0.0122123 secs] [Times: user=0.02 sys=0.00, real=0.01 secs] 
2018-02-19T12:04:11.852+0000: 135.894: [GC (Allocation Failure) 2018-02-19T12:04:11.852+0000: 135.894: [DefNew: 142611K->8160K(153600K), 0.0199738 secs] 185184K->50733K(494976K), 0.0200523 secs] [Times: user=0.01 sys=0.01, real=0.02 secs] 
2018-02-19T12:04:38.535+0000: 162.577: [GC (Allocation Failure) 2018-02-19T12:04:38.535+0000: 162.577: [DefNew: 144736K->9163K(153600K), 0.0157215 secs] 187309K->51736K(494976K), 0.0157846 secs] [Times: user=0.02 sys=0.00, real=0.02 secs] 
2018-02-19T12:05:15.857+0000: 199.899: [GC (Allocation Failure) 2018-02-19T12:05:15.857+0000: 199.899: [DefNew: 145739K->8527K(153600K), 0.0172343 secs] 188312K->52558K(494976K), 0.0173022 secs] [Times: user=0.02 sys=0.00, real=0.02 secs] 
2018-02-19T12:05:54.932+0000: 238.974: [GC (Allocation Failure) 2018-02-19T12:05:54.932+0000: 238.974: [DefNew: 145103K->8926K(153600K), 0.0178605 secs] 189134K->54266K(494976K), 0.0179517 secs] [Times: user=0.02 sys=0.00, real=0.02 secs] 
2018-02-19T12:06:38.920+0000: 282.962: [GC (Allocation Failure) 2018-02-19T12:06:38.920+0000: 282.962: [DefNew: 145502K->8996K(153600K), 0.0197603 secs] 190842K->55453K(494976K), 0.0198233 secs] [Times: user=0.02 sys=0.00, real=0.02 secs] 
2018-02-19T12:07:21.258+0000: 325.300: [GC (Allocation Failure) 2018-02-19T12:07:21.258+0000: 325.300: [DefNew: 145572K->8887K(153600K), 0.0172483 secs] 192029K->56689K(494976K), 0.0173153 secs] [Times: user=0.02 sys=0.00, real=0.01 secs] 
2018-02-19T12:07:56.991+0000: 361.033: [GC (Allocation Failure) 2018-02-19T12:07:56.991+0000: 361.033: [DefNew: 145463K->8800K(153600K), 0.0173820 secs] 193265K->57839K(494976K), 0.0174566 secs] [Times: user=0.02 sys=0.00, real=0.02 secs] 
2018-02-19T12:08:38.940+0000: 402.983: [GC (Allocation Failure) 2018-02-19T12:08:38.940+0000: 402.983: [DefNew: 145376K->8688K(153600K), 0.0154554 secs] 194415K->58889K(494976K), 0.0155302 secs] [Times: user=0.02 sys=0.00, real=0.01 secs] 
2018-02-19T12:09:19.724+0000: 443.767: [GC (Allocation Failure) 2018-02-19T12:09:19.725+0000: 443.767: [DefNew: 145264K->8363K(153600K), 0.0168042 secs] 195465K->60135K(494976K), 0.0168923 secs] [Times: user=0.01 sys=0.00, real=0.02 secs] 
2018-02-19T12:10:05.266+0000: 489.309: [GC (Allocation Failure) 2018-02-19T12:10:05.266+0000: 489.309: [DefNew: 144939K->9810K(153600K), 0.0161957 secs] 196711K->61581K(494976K), 0.0162611 secs] [Times: user=0.01 sys=0.00, real=0.01 secs] 
2018-02-19T12:10:41.098+0000: 525.141: [GC (Allocation Failure) 2018-02-19T12:10:41.098+0000: 525.141: [DefNew: 146386K->8582K(153600K), 0.0180078 secs] 198157K->62550K(494976K), 0.0180738 secs] [Times: user=0.01 sys=0.01, real=0.01 secs] 
2018-02-19T12:11:23.030+0000: 567.073: [GC (Allocation Failure) 2018-02-19T12:11:23.030+0000: 567.073: [DefNew: 145158K->8614K(153600K), 0.0164364 secs] 199126K->63621K(494976K), 0.0165026 secs] [Times: user=0.00 sys=0.00, real=0.02 secs] 
2018-02-19T12:12:02.300+0000: 606.342: [GC (Allocation Failure) 2018-02-19T12:12:02.300+0000: 606.342: [DefNew: 145190K->9395K(153600K), 0.0165982 secs] 200197K->65464K(494976K), 0.0166722 secs] [Times: user=0.02 sys=0.00, real=0.01 secs] 
2018-02-19T12:12:40.127+0000: 644.169: [GC (Allocation Failure) 2018-02-19T12:12:40.127+0000: 644.169: [DefNew: 145971K->8891K(153600K), 0.0164705 secs] 202040K->66062K(494976K), 0.0165409 secs] [Times: user=0.02 sys=0.00, real=0.01 secs] 
2018-02-19T12:13:21.758+0000: 685.801: [GC (Allocation Failure) 2018-02-19T12:13:21.758+0000: 685.801: [DefNew: 145467K->9942K(153600K), 0.0171571 secs] 202638K->68096K(494976K), 0.0172292 secs] [Times: user=0.02 sys=0.00, real=0.01 secs] 
2018-02-19T12:14:06.952+0000: 730.994: [GC (Allocation Failure) 2018-02-19T12:14:06.952+0000: 730.994: [DefNew: 146518K->8292K(153600K), 0.0188570 secs] 204672K->68726K(494976K), 0.0189224 secs] [Times: user=0.01 sys=0.01, real=0.02 secs] 
2018-02-19T12:14:46.685+0000: 770.728: [GC (Allocation Failure) 2018-02-19T12:14:46.685+0000: 770.728: [DefNew: 144868K->9657K(153600K), 0.0154887 secs] 205302K->70090K(494976K), 0.0155643 secs] [Times: user=0.01 sys=0.00, real=0.02 secs] 
2018-02-19T12:15:23.535+0000: 807.578: [GC (Allocation Failure) 2018-02-19T12:15:23.536+0000: 807.578: [DefNew: 146233K->8901K(153600K), 0.0185149 secs] 206666K->71651K(494976K), 0.0185950 secs] [Times: user=0.02 sys=0.00, real=0.02 secs] 
2018-02-19T12:15:54.563+0000: 838.605: [GC (Allocation Failure) 2018-02-19T12:15:54.563+0000: 838.605: [DefNew: 145414K->8942K(153600K), 0.0288662 secs] 208163K->72870K(494976K), 0.0289323 secs] [Times: user=0.00 sys=0.03, real=0.03 secs] 
2018-02-19T12:16:33.855+0000: 877.898: [GC (Allocation Failure) 2018-02-19T12:16:33.855+0000: 877.898: [DefNew: 145518K->9718K(153600K), 0.0169182 secs] 209446K->74856K(494976K), 0.0170018 secs] [Times: user=0.02 sys=0.00, real=0.02 secs] 
2018-02-19T12:17:05.744+0000: 909.787: [GC (Allocation Failure) 2018-02-19T12:17:05.744+0000: 909.787: [DefNew: 146294K->9900K(153600K), 0.0170590 secs] 211432K->76394K(494976K), 0.0171328 secs] [Times: user=0.02 sys=0.00, real=0.02 secs] 
2018-02-19T12:17:37.809+0000: 941.851: [GC (Allocation Failure) 2018-02-19T12:17:37.809+0000: 941.851: [DefNew: 146476K->7596K(153600K), 0.0295314 secs] 212970K->77530K(494976K), 0.0296002 secs] [Times: user=0.00 sys=0.03, real=0.03 secs] 
2018-02-19T12:18:13.871+0000: 977.913: [GC (Allocation Failure) 2018-02-19T12:18:13.871+0000: 977.913: [DefNew: 144172K->9179K(153600K), 0.0148619 secs] 214106K->79113K(494976K), 0.0149266 secs] [Times: user=0.02 sys=0.00, real=0.01 secs] 
2018-02-19T12:18:52.485+0000: 1016.528: [GC (Allocation Failure) 2018-02-19T12:18:52.485+0000: 1016.528: [DefNew: 145755K->8930K(153600K), 0.0273759 secs] 215689K->80140K(494976K), 0.0274413 secs] [Times: user=0.00 sys=0.03, real=0.03 secs] 
2018-02-19T12:19:34.009+0000: 1058.052: [GC (Allocation Failure) 2018-02-19T12:19:34.009+0000: 1058.052: [DefNew: 145506K->9694K(153600K), 0.0173606 secs] 216716K->81933K(494976K), 0.0174400 secs] [Times: user=0.01 sys=0.00, real=0.02 secs] 
2018-02-19T12:20:14.920+0000: 1098.962: [GC (Allocation Failure) 2018-02-19T12:20:14.920+0000: 1098.962: [DefNew: 146270K->9624K(153600K), 0.0169353 secs] 218509K->83017K(494976K), 0.0170008 secs] [Times: user=0.02 sys=0.00, real=0.01 secs] 
2018-02-19T12:20:50.489+0000: 1134.531: [GC (Allocation Failure) 2018-02-19T12:20:50.489+0000: 1134.531: [DefNew: 146200K->10146K(153600K), 0.0177166 secs] 219593K->84602K(494976K), 0.0177843 secs] [Times: user=0.02 sys=0.00, real=0.02 secs] 
2018-02-19T12:21:33.519+0000: 1177.562: [GC (Allocation Failure) 2018-02-19T12:21:33.519+0000: 1177.562: [DefNew: 146722K->8589K(153600K), 0.0184483 secs] 221178K->85794K(494976K), 0.0185095 secs] [Times: user=0.01 sys=0.01, real=0.02 secs] 
2018-02-19T12:22:08.325+0000: 1212.367: [GC (Allocation Failure) 2018-02-19T12:22:08.325+0000: 1212.367: [DefNew: 145165K->8857K(153600K), 0.0164126 secs] 222370K->87590K(494976K), 0.0164872 secs] [Times: user=0.00 sys=0.00, real=0.02 secs] 
2018-02-19T12:22:45.918+0000: 1249.960: [GC (Allocation Failure) 2018-02-19T12:22:45.918+0000: 1249.960: [DefNew: 145433K->8674K(153600K), 0.0166051 secs] 224166K->88960K(494976K), 0.0166695 secs] [Times: user=0.01 sys=0.00, real=0.01 secs] 
2018-02-19T12:23:17.029+0000: 1281.072: [GC (Allocation Failure) 2018-02-19T12:23:17.030+0000: 1281.072: [DefNew: 145250K->8945K(153600K), 0.0161683 secs] 225536K->90673K(494976K), 0.0162340 secs] [Times: user=0.01 sys=0.01, real=0.02 secs] 
2018-02-19T12:24:00.776+0000: 1324.818: [GC (Allocation Failure) 2018-02-19T12:24:00.776+0000: 1324.819: [DefNew: 145521K->9268K(153600K), 0.0165149 secs] 227249K->92352K(494976K), 0.0165975 secs] [Times: user=0.01 sys=0.00, real=0.02 secs] 
2018-02-19T12:24:31.650+0000: 1355.692: [GC (Allocation Failure) 2018-02-19T12:24:31.650+0000: 1355.692: [DefNew: 145844K->8949K(153600K), 0.0159981 secs] 228928K->93490K(494976K), 0.0160701 secs] [Times: user=0.02 sys=0.00, real=0.02 secs] 
2018-02-19T12:25:17.987+0000: 1402.030: [GC (Allocation Failure) 2018-02-19T12:25:17.987+0000: 1402.030: [DefNew: 145525K->9225K(153600K), 0.0161603 secs] 230066K->95260K(494976K), 0.0162261 secs] [Times: user=0.02 sys=0.00, real=0.01 secs] 
2018-02-19T12:25:54.668+0000: 1438.711: [GC (Allocation Failure) 2018-02-19T12:25:54.668+0000: 1438.711: [DefNew: 145801K->9591K(153600K), 0.0158389 secs] 231836K->96958K(494976K), 0.0159137 secs] [Times: user=0.02 sys=0.00, real=0.01 secs] 
2018-02-19T12:26:26.849+0000: 1470.892: [GC (Allocation Failure) 2018-02-19T12:26:26.849+0000: 1470.892: [DefNew: 146167K->9560K(153600K), 0.0161835 secs] 233534K->98370K(494976K), 0.0162572 secs] [Times: user=0.02 sys=0.00, real=0.02 secs] 
2018-02-19T12:27:09.696+0000: 1513.738: [GC (Allocation Failure) 2018-02-19T12:27:09.696+0000: 1513.738: [DefNew: 146136K->9743K(153600K), 0.0168835 secs] 234946K->100197K(494976K), 0.0169487 secs] [Times: user=0.02 sys=0.00, real=0.02 secs] 
2018-02-19T12:27:41.939+0000: 1545.981: [GC (Allocation Failure) 2018-02-19T12:27:41.939+0000: 1545.981: [DefNew: 146319K->9750K(153600K), 0.0162825 secs] 236773K->101699K(494976K), 0.0163517 secs] [Times: user=0.01 sys=0.01, real=0.01 secs] 
12:27:50.509 [Client] INFO  c.s.f.r.e.s.SocketRear  - FlameSocketGraphDeployerRear@172.31.47.100: has been disconnected from Connection 5
12:28:06.781 [worker-akka.actor.default-dispatcher-2] INFO  a.a.CoordinatedShutdown CoordinatedShutdown(akka://worker) - Starting coordinated shutdown from JVM shutdown hook
12:28:06.824 [worker-akka.actor.default-dispatcher-2] INFO  a.a.LocalActorRef akka://worker/user/watcher/graph0000000000/negotiator - Stopped
12:28:06.825 [worker-akka.actor.default-dispatcher-2] INFO  a.a.LocalActorRef akka://worker/user/watcher/graph0000000000/edge/FlameSocketGraphDeployerFront - Stopped
12:28:06.826 [worker-akka.actor.default-dispatcher-2] INFO  a.a.LocalActorRef akka://worker/user/watcher/graph0000000000/edge/FlameSocketGraphDeployerRear - Stopped
12:28:06.829 [worker-akka.actor.default-dispatcher-2] INFO  a.a.LocalActorRef akka://worker/user/watcher/graph0000000000/graph/$a - Stopped
12:28:06.831 [worker-akka.actor.default-dispatcher-2] INFO  a.a.LocalActorRef akka://worker/user/watcher/graph0000000000/graph/$b - Stopped
12:28:06.833 [worker-akka.actor.default-dispatcher-2] INFO  a.a.LocalActorRef akka://worker/user/watcher/graph0000000000/graph/$c - Stopped
12:28:06.833 [worker-akka.actor.default-dispatcher-2] INFO  a.a.LocalActorRef akka://worker/user/watcher/graph0000000000/graph/local-acker/$a - Stopped
12:28:06.837 [worker-akka.actor.default-dispatcher-2] INFO  a.a.LocalActorRef akka://worker/user/watcher/graph0000000000/graph/local-acker/$a - Message [com.spbsu.flamestream.runtime.utils.akka.PingActor$InnerPing] from Actor[akka://worker/user/watcher/graph0000000000/graph/local-acker/$a#1944154826] to Actor[akka://worker/user/watcher/graph0000000000/graph/local-acker/$a#1944154826] was not delivered. [1] dead letters encountered. This logging can be turned off or adjusted with configuration settings 'akka.log-dead-letters' and 'akka.log-dead-letters-during-shutdown'.
12:28:06.837 [worker-akka.actor.default-dispatcher-2] INFO  a.a.LocalActorRef akka://worker/user/watcher/graph0000000000/edge - Stopped
12:28:06.839 [worker-akka.actor.default-dispatcher-2] INFO  a.a.LocalActorRef akka://worker/user/watcher/graph0000000000/graph/local-acker - Stopped
12:28:06.839 [worker-akka.actor.default-dispatcher-2] INFO  a.a.LocalActorRef akka://worker/user/watcher/graph0000000000/graph/local-acker/$a - Message [com.spbsu.flamestream.runtime.utils.akka.PingActor$Stop] from Actor[akka://worker/user/watcher/graph0000000000/graph/local-acker#326020864] to Actor[akka://worker/user/watcher/graph0000000000/graph/local-acker/$a#1944154826] was not delivered. [2] dead letters encountered. This logging can be turned off or adjusted with configuration settings 'akka.log-dead-letters' and 'akka.log-dead-letters-during-shutdown'.
12:28:06.840 [worker-akka.actor.default-dispatcher-2] INFO  a.a.LocalActorRef akka://worker/user/watcher/graph0000000000/graph/local-acker - Message [com.spbsu.flamestream.runtime.acker.LocalAcker$Flush] from Actor[akka://worker/user/watcher/graph0000000000/graph/local-acker#326020864] to Actor[akka://worker/user/watcher/graph0000000000/graph/local-acker#326020864] was not delivered. [3] dead letters encountered. This logging can be turned off or adjusted with configuration settings 'akka.log-dead-letters' and 'akka.log-dead-letters-during-shutdown'.
12:28:06.841 [worker-akka.actor.default-dispatcher-2] INFO  a.a.LocalActorRef akka://worker/user/watcher/graph0000000000/graph/local-acker - Message [com.spbsu.flamestream.runtime.acker.LocalAcker$Flush] from Actor[akka://worker/user/watcher/graph0000000000/graph/local-acker#326020864] to Actor[akka://worker/user/watcher/graph0000000000/graph/local-acker#326020864] was not delivered. [4] dead letters encountered. This logging can be turned off or adjusted with configuration settings 'akka.log-dead-letters' and 'akka.log-dead-letters-during-shutdown'.
12:28:06.841 [worker-akka.actor.default-dispatcher-2] INFO  a.a.LocalActorRef akka://worker/user/watcher/graph0000000000/graph/local-acker - Message [com.spbsu.flamestream.runtime.acker.LocalAcker$Flush] from Actor[akka://worker/user/watcher/graph0000000000/graph/local-acker#326020864] to Actor[akka://worker/user/watcher/graph0000000000/graph/local-acker#326020864] was not delivered. [5] dead letters encountered. This logging can be turned off or adjusted with configuration settings 'akka.log-dead-letters' and 'akka.log-dead-letters-during-shutdown'.
12:28:06.841 [worker-akka.actor.default-dispatcher-2] INFO  a.a.LocalActorRef akka://worker/user/watcher/graph0000000000/graph/local-acker - Message [com.spbsu.flamestream.runtime.acker.LocalAcker$Flush] from Actor[akka://worker/user/watcher/graph0000000000/graph/local-acker#326020864] to Actor[akka://worker/user/watcher/graph0000000000/graph/local-acker#326020864] was not delivered. [6] dead letters encountered. This logging can be turned off or adjusted with configuration settings 'akka.log-dead-letters' and 'akka.log-dead-letters-during-shutdown'.
12:28:06.842 [worker-akka.actor.default-dispatcher-2] INFO  a.a.LocalActorRef akka://worker/user/watcher/graph0000000000/graph/local-acker - Message [com.spbsu.flamestream.runtime.acker.LocalAcker$Flush] from Actor[akka://worker/user/watcher/graph0000000000/graph/local-acker#326020864] to Actor[akka://worker/user/watcher/graph0000000000/graph/local-acker#326020864] was not delivered. [7] dead letters encountered. This logging can be turned off or adjusted with configuration settings 'akka.log-dead-letters' and 'akka.log-dead-letters-during-shutdown'.
12:28:06.842 [worker-akka.actor.default-dispatcher-2] INFO  a.a.LocalActorRef akka://worker/user/watcher/graph0000000000/graph/local-acker - Message [com.spbsu.flamestream.runtime.acker.LocalAcker$Flush] from Actor[akka://worker/user/watcher/graph0000000000/graph/local-acker#326020864] to Actor[akka://worker/user/watcher/graph0000000000/graph/local-acker#326020864] was not delivered. [8] dead letters encountered. This logging can be turned off or adjusted with configuration settings 'akka.log-dead-letters' and 'akka.log-dead-letters-during-shutdown'.
12:28:06.843 [worker-akka.actor.default-dispatcher-2] INFO  a.a.LocalActorRef akka://worker/user/watcher/graph0000000000/graph/local-acker - Message [com.spbsu.flamestream.runtime.acker.LocalAcker$Flush] from Actor[akka://worker/user/watcher/graph0000000000/graph/local-acker#326020864] to Actor[akka://worker/user/watcher/graph0000000000/graph/local-acker#326020864] was not delivered. [9] dead letters encountered. This logging can be turned off or adjusted with configuration settings 'akka.log-dead-letters' and 'akka.log-dead-letters-during-shutdown'.
12:28:06.843 [worker-akka.actor.default-dispatcher-2] INFO  a.a.LocalActorRef akka://worker/user/watcher/graph0000000000/graph/local-acker - Message [com.spbsu.flamestream.runtime.acker.LocalAcker$Flush] from Actor[akka://worker/user/watcher/graph0000000000/graph/local-acker#326020864] to Actor[akka://worker/user/watcher/graph0000000000/graph/local-acker#326020864] was not delivered. [10] dead letters encountered. This logging can be turned off or adjusted with configuration settings 'akka.log-dead-letters' and 'akka.log-dead-letters-during-shutdown'.
12:28:06.845 [worker-akka.actor.default-dispatcher-2] INFO  a.a.LocalActorRef akka://worker/user/watcher/graph0000000000/graph - Stopped
12:28:06.846 [worker-akka.actor.default-dispatcher-2] INFO  a.a.LocalActorRef akka://worker/user/watcher/graph0000000000 - Stopped
12:28:06.848 [worker-akka.actor.default-dispatcher-2-EventThread] INFO  o.a.z.ClientCnxn  - EventThread shut down for session: 0x161adf060390005
12:28:06.849 [worker-akka.actor.default-dispatcher-2] INFO  o.a.z.ZooKeeper  - Session: 0x161adf060390005 closed
12:28:06.850 [worker-akka.actor.default-dispatcher-2] INFO  a.a.RepointableActorRef akka://worker/user/watcher - Stopped
12:28:06.864 [worker-akka.actor.default-dispatcher-2] INFO  a.r.RemoteActorRefProvider$RemotingTerminator akka://worker@172.31.47.100:5412/system/remoting-terminator - Shutting down remote daemon.
12:28:06.866 [worker-akka.actor.default-dispatcher-2] INFO  a.r.RemoteActorRefProvider$RemotingTerminator akka://worker@172.31.47.100:5412/system/remoting-terminator - Remote daemon shut down; proceeding with flushing remote transports.
12:28:07.052 [worker-akka.actor.default-dispatcher-2] INFO  a.r.RemoteActorRefProvider$RemotingTerminator akka://worker@172.31.47.100:5412/system/remoting-terminator - Remoting shut down.
Heap
 def new generation   total 153600K, used 62253K [0x00000000e0c00000, 0x00000000eb2a0000, 0x00000000eb2a0000)
  eden space 136576K,  38% used [0x00000000e0c00000, 0x00000000e3f45978, 0x00000000e9160000)
  from space 17024K,  57% used [0x00000000ea200000, 0x00000000eab85b38, 0x00000000eb2a0000)
  to   space 17024K,   0% used [0x00000000e9160000, 0x00000000e9160000, 0x00000000ea200000)
 tenured generation   total 341376K, used 91948K [0x00000000eb2a0000, 0x0000000100000000, 0x0000000100000000)
   the space 341376K,  26% used [0x00000000eb2a0000, 0x00000000f0c6b3e8, 0x00000000f0c6b400, 0x0000000100000000)
 Metaspace       used 33626K, capacity 34362K, committed 34688K, reserved 1079296K
  class space    used 4456K, capacity 4624K, committed 4736K, reserved 1048576K
