14:11:22.538 [worker-akka.actor.default-dispatcher-2] INFO  a.e.s.Slf4jLogger  - Slf4jLogger started
2018-02-19T14:11:22.717+0000: 2.751: [Full GC (Metadata GC Threshold) 2018-02-19T14:11:22.717+0000: 2.751: [Tenured: 0K->15492K(341376K), 0.0379422 secs] 117538K->15492K(494976K), [Metaspace: 20935K->20935K(1067008K)], 0.0380168 secs] [Times: user=0.04 sys=0.01, real=0.04 secs] 
Ama winner
Ama winner
14:11:23.175 [worker-akka.actor.default-dispatcher-2] INFO  a.r.a.ArteryTransport(akka://worker) akka.remote.artery.ArteryTransport(akka://worker) - Started embedded media driver in directory [/dev/shm/aeron-root-worker-be36a1fb-c89b-44a0-b056-4b305d71c1dc]
14:11:23.390 [worker-akka.actor.default-dispatcher-2] INFO  a.r.a.ArteryTransport(akka://worker) akka.remote.artery.ArteryTransport(akka://worker) - Remoting started; listening on address: [akka://worker@172.31.33.155:5412] with UID [-9171270865420759328]
14:11:23.491 [worker-akka.actor.default-dispatcher-2] INFO  o.a.z.ZooKeeper  - Client environment:zookeeper.version=3.4.9-1757313, built on 08/23/2016 06:50 GMT
14:11:23.492 [worker-akka.actor.default-dispatcher-2] INFO  o.a.z.ZooKeeper  - Client environment:host.name=ip-172-31-33-155.us-east-2.compute.internal
14:11:23.492 [worker-akka.actor.default-dispatcher-2] INFO  o.a.z.ZooKeeper  - Client environment:java.version=1.8.0_151
14:11:23.492 [worker-akka.actor.default-dispatcher-2] INFO  o.a.z.ZooKeeper  - Client environment:java.vendor=Oracle Corporation
14:11:23.492 [worker-akka.actor.default-dispatcher-2] INFO  o.a.z.ZooKeeper  - Client environment:java.home=/usr/lib/jvm/java-8-openjdk-amd64/jre
14:11:23.492 [worker-akka.actor.default-dispatcher-2] INFO  o.a.z.ZooKeeper  - Client environment:java.class.path=lib/commons-cli-1.4.jar:lib/minlog-1.3.0.jar:lib/asm-5.0.4.jar:lib/hadoop-annotations-2.7.3.jar:lib/hadoop-auth-2.7.3.jar:lib/akka-slf4j_2.11-2.5.6.jar:lib/jersey-core-1.9.jar:lib/lz4-1.3.0.jar:lib/jackson-core-asl-1.9.13.jar:lib/aeron-client-1.3.0.jar:lib/htrace-core-3.1.0-incubating.jar:lib/xz-1.0.jar:lib/commons-httpclient-3.1.jar:lib/asm-3.1.jar:lib/commons-lang3-3.4.jar:lib/scala-library-2.11.11.jar:lib/scala-java8-compat_2.11-0.7.0.jar:lib/commons-configuration-1.6.jar:lib/objenesis-2.1.jar:lib/jackson-annotations-2.8.0.jar:lib/jsr305-3.0.0.jar:lib/curator-framework-2.7.1.jar:lib/jersey-server-1.9.jar:lib/jets3t-0.9.0.jar:lib/leveldb-0.7.jar:lib/jetty-6.1.26.jar:lib/stax-api-1.0-2.jar:lib/flamestream-core-1.0-SNAPSHOT.jar:lib/reflectasm-1.07-shaded.jar:lib/apacheds-kerberos-codec-2.0.0-M15.jar:lib/api-asn1-api-1.0.0-M20.jar:lib/commons-lang-2.6.jar:lib/commons-beanutils-1.7.0.jar:lib/jackson-xc-1.8.3.jar:lib/jetty-util-6.1.26.jar:lib/logback-classic-1.2.3.jar:lib/jool-0.9.12.jar:lib/flamestream-runtime-1.0-SNAPSHOT-tests.jar:lib/httpcore-4.1.2.jar:lib/kryo-4.0.0.jar:lib/ant-1.8.1.jar:lib/jaxb-impl-2.2.3-1.jar:lib/jersey-json-1.9.jar:lib/commons-compress-1.4.1.jar:lib/leveldbjni-all-1.8.jar:lib/paranamer-2.3.jar:lib/jackson-core-2.8.4.jar:lib/commons-math3-3.6.1.jar:lib/scala-parser-combinators_2.11-1.0.4.jar:lib/netty-3.10.6.Final.jar:lib/trove4j-3.0.3.jar:lib/jaxb-api-2.2.2.jar:lib/logback-core-1.2.3.jar:lib/snappy-java-1.0.4.1.jar:lib/protobuf-java-2.5.0.jar:lib/reactive-streams-1.0.1.jar:lib/flamestream-examples-1.0-SNAPSHOT.jar:lib/commons-codec-1.4.jar:lib/activation-1.1.jar:lib/commons-net-3.1.jar:lib/curator-recipes-2.7.1.jar:lib/jackson-mapper-asl-1.9.13.jar:lib/jackson-databind-2.8.4.jar:lib/flamestream-runtime-1.0-SNAPSHOT.jar:lib/jackson-jaxrs-1.8.3.jar:lib/slf4j-api-1.7.24.jar:lib/akka-remote_2.11-2.5.6.jar:lib/akka-testkit_2.11-2.5.6.jar:lib/jline-0.9.94.jar:lib/akka-stream_2.11-2.5.6.jar:lib/jsp-api-2.1.jar:lib/kryonet-2.21.jar:lib/akka-kryo-serialization_2.11-0.5.0.jar:lib/config-1.3.1.jar:lib/ant-launcher-1.8.1.jar:lib/commons-logging-1.2.jar:lib/ssl-config-core_2.11-0.2.2.jar:lib/testng-6.10.jar:lib/leveldb-api-0.7.jar:lib/reflectasm-1.11.3.jar:lib/jcommander-1.48.jar:lib/commons-1.1.jar:lib/commons-digester-1.8.jar:lib/minlog-1.2.jar:lib/java-xmlbuilder-0.4.jar:lib/jettison-1.1.jar:lib/gson-2.2.4.jar:lib/jdk.tools-1.8.jar:lib/aeron-driver-1.3.0.jar:lib/zookeeper-3.4.9.jar:lib/commons-beanutils-core-1.8.0.jar:lib/commons-math3-3.1.1.jar:lib/akka-actor_2.11-2.5.6.jar:lib/curator-client-2.7.1.jar:lib/servlet-api-2.5.jar:lib/apacheds-i18n-2.0.0-M15.jar:lib/commons-io-2.4.jar:lib/commons-codec-1.6.jar:lib/akka-protobuf_2.11-2.5.6.jar:lib/protobuf-java-3.5.1.jar:lib/jdom-2.0.2.jar:lib/api-util-1.0.0-M20.jar:lib/hadoop-common-2.7.3.jar:lib/agrona-0.9.6.jar:lib/xmlenc-0.52.jar:lib/guava-21.0.jar:lib/commons-collections-3.2.2.jar:lib/avro-1.7.4.jar:lib/httpclient-4.1.2.jar:lib/flamestream-core-1.0-SNAPSHOT-tests.jar:lib/annotations-12.0.jar:lib/jsch-0.1.42.jar:flamestream-runtime-1.0-SNAPSHOT.jar
14:11:23.493 [worker-akka.actor.default-dispatcher-2] INFO  o.a.z.ZooKeeper  - Client environment:java.library.path=/usr/java/packages/lib/amd64:/usr/lib/x86_64-linux-gnu/jni:/lib/x86_64-linux-gnu:/usr/lib/x86_64-linux-gnu:/usr/lib/jni:/lib:/usr/lib
14:11:23.493 [worker-akka.actor.default-dispatcher-2] INFO  o.a.z.ZooKeeper  - Client environment:java.io.tmpdir=/tmp
14:11:23.493 [worker-akka.actor.default-dispatcher-2] INFO  o.a.z.ZooKeeper  - Client environment:java.compiler=<NA>
14:11:23.493 [worker-akka.actor.default-dispatcher-2] INFO  o.a.z.ZooKeeper  - Client environment:os.name=Linux
14:11:23.493 [worker-akka.actor.default-dispatcher-2] INFO  o.a.z.ZooKeeper  - Client environment:os.arch=amd64
14:11:23.493 [worker-akka.actor.default-dispatcher-2] INFO  o.a.z.ZooKeeper  - Client environment:os.version=4.4.0-1049-aws
14:11:23.493 [worker-akka.actor.default-dispatcher-2] INFO  o.a.z.ZooKeeper  - Client environment:user.name=root
14:11:23.494 [worker-akka.actor.default-dispatcher-2] INFO  o.a.z.ZooKeeper  - Client environment:user.home=/root
14:11:23.495 [worker-akka.actor.default-dispatcher-2] INFO  o.a.z.ZooKeeper  - Client environment:user.dir=/opt/flamestream
14:11:23.497 [worker-akka.actor.default-dispatcher-2] INFO  o.a.z.ZooKeeper  - Initiating client connection, connectString=172.31.34.147:2181 sessionTimeout=5000 watcher=com.spbsu.flamestream.runtime.application.LifecycleWatcher$$Lambda$29/2091173542@1b48f905
14:11:23.531 [worker-akka.actor.default-dispatcher-2] INFO  a.a.RepointableActorRef akka://worker/user/watcher - Starting...
14:11:23.535 [worker-akka.actor.default-dispatcher-2-SendThread(172.31.34.147:2181)] INFO  o.a.z.ClientCnxn  - Opening socket connection to server 172.31.34.147/172.31.34.147:2181. Will not attempt to authenticate using SASL (unknown error)
14:11:23.538 [worker-akka.actor.default-dispatcher-2-SendThread(172.31.34.147:2181)] INFO  o.a.z.ClientCnxn  - Socket connection established to 172.31.34.147/172.31.34.147:2181, initiating session
14:11:23.547 [worker-akka.actor.default-dispatcher-2-SendThread(172.31.34.147:2181)] INFO  o.a.z.ClientCnxn  - Session establishment complete on server 172.31.34.147/172.31.34.147:2181, sessionid = 0x161ae66be2d0008, negotiated timeout = 6000
14:11:23.640 [worker-akka.actor.default-dispatcher-2] INFO  a.a.RepointableActorRef akka://worker/user/watcher - Connected to ZK
14:11:33.900 [worker-akka.actor.default-dispatcher-2] INFO  a.a.RepointableActorRef akka://worker/user/watcher - Creating node with watchGraphs: 'com.spbsu.flamestream.core.Graph$Builder$MyGraph@22aae96d', config: 'ClusterConfig{paths={172.31.33.155=akka://worker@172.31.33.155:5412/user/watcher/graph0000000000, 172.31.47.83=akka://worker@172.31.47.83:5412/user/watcher/graph0000000000, 172.31.45.197=akka://worker@172.31.45.197:5412/user/watcher/graph0000000000, 172.31.42.36=akka://worker@172.31.42.36:5412/user/watcher/graph0000000000, 172.31.44.83=akka://worker@172.31.44.83:5412/user/watcher/graph0000000000, 172.31.39.64=akka://worker@172.31.39.64:5412/user/watcher/graph0000000000, 172.31.35.79=akka://worker@172.31.35.79:5412/user/watcher/graph0000000000, 172.31.34.169=akka://worker@172.31.34.169:5412/user/watcher/graph0000000000, 172.31.47.100=akka://worker@172.31.47.100:5412/user/watcher/graph0000000000, 172.31.37.101=akka://worker@172.31.37.101:5412/user/watcher/graph0000000000}, ackerLocation='172.31.35.79', props=ComputationLayout{ranges={172.31.33.155=HashRange{from=-1670265060, to=-1193046472}, 172.31.47.83=HashRange{from=1670265056, to=2147483644}, 172.31.45.197=HashRange{from=-715827884, to=-238609296}, 172.31.42.36=HashRange{from=1193046468, to=1670265056}, 172.31.44.83=HashRange{from=-238609296, to=238609292}, 172.31.39.64=HashRange{from=715827880, to=1193046468}, 172.31.35.79=HashRange{from=0, to=0}, 172.31.34.169=HashRange{from=-2147483648, to=-1670265060}, 172.31.47.100=HashRange{from=238609292, to=715827880}, 172.31.37.101=HashRange{from=-1193046472, to=-715827884}}}}'
14:11:34.655 [worker-akka.actor.default-dispatcher-2] INFO  a.a.LocalActorRef akka://worker/user/watcher/graph0000000000/graph - Starting...
14:11:34.658 [worker-akka.actor.default-dispatcher-2] INFO  a.a.LocalActorRef akka://worker/user/watcher/graph0000000000/graph/local-acker/$a - Starting...
14:11:34.658 [worker-akka.actor.default-dispatcher-2] INFO  a.a.LocalActorRef akka://worker/user/watcher/graph0000000000/graph/local-acker - Starting...
Warning: space is running low in /dev/shm (tmpfs) threshold=167,772,160 usable=158,621,696
Warning: space is running low in /dev/shm (tmpfs) threshold=167,772,160 usable=146,034,688
Warning: space is running low in /dev/shm (tmpfs) threshold=167,772,160 usable=133,447,680
Warning: space is running low in /dev/shm (tmpfs) threshold=167,772,160 usable=120,860,672
Warning: space is running low in /dev/shm (tmpfs) threshold=167,772,160 usable=108,273,664
Warning: space is running low in /dev/shm (tmpfs) threshold=167,772,160 usable=95,686,656
Warning: space is running low in /dev/shm (tmpfs) threshold=167,772,160 usable=83,099,648
Warning: space is running low in /dev/shm (tmpfs) threshold=167,772,160 usable=70,512,640
14:11:35.263 [worker-akka.actor.default-dispatcher-2] INFO  a.a.LocalActorRef akka://worker/user/watcher/graph0000000000/graph - Finishing constructor
14:11:35.265 [worker-akka.actor.default-dispatcher-2] INFO  a.a.LocalActorRef akka://worker/user/watcher/graph0000000000 - Starting...
14:11:35.328 [worker-akka.actor.default-dispatcher-2] INFO  a.a.LocalActorRef akka://worker/user/watcher/graph0000000000/negotiator - Starting...
14:11:35.329 [worker-akka.actor.default-dispatcher-2] INFO  a.a.LocalActorRef akka://worker/user/watcher/graph0000000000/edge - Starting...
14:11:35.330 [worker-akka.actor.default-dispatcher-2] INFO  a.a.LocalActorRef akka://worker/user/watcher/graph0000000000/graph/$a - Starting...
14:11:35.332 [worker-akka.actor.default-dispatcher-2] INFO  a.a.LocalActorRef akka://worker/user/watcher/graph0000000000/graph/$b - Starting...
14:11:35.332 [worker-akka.actor.default-dispatcher-2] INFO  a.a.LocalActorRef akka://worker/user/watcher/graph0000000000/graph/$c - Starting...
14:11:35.360 [worker-akka.actor.default-dispatcher-2] INFO  c.s.f.r.e.s.SocketRear  - FlameSocketGraphDeployerRear@172.31.33.155: connecting to 172.31.34.147:5678
14:11:35.366 [worker-akka.actor.default-dispatcher-2] INFO  c.s.f.r.e.s.SocketRear  - FlameSocketGraphDeployerRear@172.31.33.155: connected to 172.31.34.147:5678
14:11:35.392 [worker-akka.actor.default-dispatcher-2] INFO  a.a.LocalActorRef akka://worker/user/watcher/graph0000000000/edge/FlameSocketGraphDeployerRear - Starting...
14:11:35.393 [worker-akka.actor.default-dispatcher-2] INFO  a.a.LocalActorRef akka://worker/user/watcher/graph0000000000/edge/FlameSocketGraphDeployerFront - Starting...
14:11:35.394 [worker-akka.actor.default-dispatcher-2] INFO  a.a.LocalActorRef akka://worker/user/watcher/graph0000000000/negotiator - Requesting ticket for the frontClass FlameSocketGraphDeployerFront@172.31.33.155
14:11:35.410 [worker-akka.actor.default-dispatcher-2] INFO  a.a.LocalActorRef akka://worker/user/watcher/graph0000000000/negotiator - Ticket for the frontClass received: FrontTicket{allowedTimestamp=(1519049493891, FlameSocketGraphDeployerFront@172.31.33.155)}
14:11:35.411 [worker-akka.actor.default-dispatcher-2] INFO  c.s.f.r.e.s.SocketFront  - FlameSocketGraphDeployerFront@172.31.33.155: connecting to 172.31.34.147:4567
2018-02-19T14:11:39.684+0000: 19.718: [GC (Allocation Failure) 2018-02-19T14:11:39.684+0000: 19.718: [DefNew: 136576K->15787K(153600K), 0.0325753 secs] 152068K->50811K(494976K), 0.0326471 secs] [Times: user=0.03 sys=0.01, real=0.03 secs] 
2018-02-19T14:11:51.183+0000: 31.216: [GC (Allocation Failure) 2018-02-19T14:11:51.183+0000: 31.216: [DefNew: 152363K->3854K(153600K), 0.0261833 secs] 187387K->46466K(494976K), 0.0262539 secs] [Times: user=0.02 sys=0.00, real=0.02 secs] 
2018-02-19T14:12:03.634+0000: 43.667: [GC (Allocation Failure) 2018-02-19T14:12:03.634+0000: 43.667: [DefNew: 140430K->5860K(153600K), 0.0118742 secs] 183042K->48472K(494976K), 0.0119327 secs] [Times: user=0.01 sys=0.00, real=0.02 secs] 
2018-02-19T14:12:16.052+0000: 56.086: [GC (Allocation Failure) 2018-02-19T14:12:16.052+0000: 56.086: [DefNew: 142436K->7494K(153600K), 0.0153008 secs] 185048K->50106K(494976K), 0.0153551 secs] [Times: user=0.01 sys=0.00, real=0.02 secs] 
2018-02-19T14:12:25.774+0000: 65.808: [GC (Allocation Failure) 2018-02-19T14:12:25.774+0000: 65.808: [DefNew: 144070K->9036K(153600K), 0.0144402 secs] 186682K->51647K(494976K), 0.0145007 secs] [Times: user=0.02 sys=0.00, real=0.01 secs] 
2018-02-19T14:12:34.845+0000: 74.878: [GC (Allocation Failure) 2018-02-19T14:12:34.845+0000: 74.878: [DefNew: 145612K->8881K(153600K), 0.0161247 secs] 188223K->52969K(494976K), 0.0161833 secs] [Times: user=0.01 sys=0.00, real=0.01 secs] 
2018-02-19T14:12:46.623+0000: 86.657: [GC (Allocation Failure) 2018-02-19T14:12:46.623+0000: 86.657: [DefNew: 145457K->8797K(153600K), 0.0160936 secs] 189545K->54106K(494976K), 0.0161555 secs] [Times: user=0.01 sys=0.00, real=0.01 secs] 
2018-02-19T14:12:59.407+0000: 99.441: [GC (Allocation Failure) 2018-02-19T14:12:59.407+0000: 99.441: [DefNew: 145373K->8620K(153600K), 0.0160686 secs] 190682K->55408K(494976K), 0.0161265 secs] [Times: user=0.01 sys=0.00, real=0.02 secs] 
2018-02-19T14:13:13.459+0000: 113.492: [GC (Allocation Failure) 2018-02-19T14:13:13.459+0000: 113.492: [DefNew: 145196K->8994K(153600K), 0.0154671 secs] 191984K->56831K(494976K), 0.0155360 secs] [Times: user=0.01 sys=0.00, real=0.02 secs] 
2018-02-19T14:13:24.006+0000: 124.040: [GC (Allocation Failure) 2018-02-19T14:13:24.006+0000: 124.040: [DefNew: 145570K->8250K(153600K), 0.0166938 secs] 193407K->57976K(494976K), 0.0167563 secs] [Times: user=0.01 sys=0.00, real=0.02 secs] 
2018-02-19T14:13:36.910+0000: 136.944: [GC (Allocation Failure) 2018-02-19T14:13:36.910+0000: 136.944: [DefNew: 144826K->9719K(153600K), 0.0153807 secs] 194552K->59444K(494976K), 0.0154484 secs] [Times: user=0.02 sys=0.00, real=0.02 secs] 
2018-02-19T14:13:52.097+0000: 152.131: [GC (Allocation Failure) 2018-02-19T14:13:52.097+0000: 152.131: [DefNew: 146295K->8678K(153600K), 0.0174697 secs] 196020K->60473K(494976K), 0.0175325 secs] [Times: user=0.02 sys=0.00, real=0.02 secs] 
2018-02-19T14:14:04.729+0000: 164.762: [GC (Allocation Failure) 2018-02-19T14:14:04.729+0000: 164.762: [DefNew: 145254K->8524K(153600K), 0.0167278 secs] 197049K->61684K(494976K), 0.0167898 secs] [Times: user=0.02 sys=0.00, real=0.02 secs] 
2018-02-19T14:14:18.141+0000: 178.175: [GC (Allocation Failure) 2018-02-19T14:14:18.141+0000: 178.175: [DefNew: 145100K->8523K(153600K), 0.0159551 secs] 198260K->62802K(494976K), 0.0160381 secs] [Times: user=0.01 sys=0.00, real=0.02 secs] 
2018-02-19T14:14:29.273+0000: 189.307: [GC (Allocation Failure) 2018-02-19T14:14:29.273+0000: 189.307: [DefNew: 145099K->8698K(153600K), 0.0163800 secs] 199378K->64105K(494976K), 0.0164548 secs] [Times: user=0.02 sys=0.00, real=0.02 secs] 
2018-02-19T14:14:44.737+0000: 204.770: [GC (Allocation Failure) 2018-02-19T14:14:44.737+0000: 204.770: [DefNew: 145274K->9295K(153600K), 0.0173340 secs] 200681K->65768K(494976K), 0.0173998 secs] [Times: user=0.01 sys=0.00, real=0.02 secs] 
2018-02-19T14:14:57.267+0000: 217.301: [GC (Allocation Failure) 2018-02-19T14:14:57.267+0000: 217.301: [DefNew: 145871K->8874K(153600K), 0.0161751 secs] 202344K->66453K(494976K), 0.0162365 secs] [Times: user=0.02 sys=0.00, real=0.02 secs] 
2018-02-19T14:15:10.841+0000: 230.875: [GC (Allocation Failure) 2018-02-19T14:15:10.841+0000: 230.875: [DefNew: 145450K->9110K(153600K), 0.0163117 secs] 203029K->67693K(494976K), 0.0163933 secs] [Times: user=0.02 sys=0.00, real=0.02 secs] 
2018-02-19T14:15:23.826+0000: 243.860: [GC (Allocation Failure) 2018-02-19T14:15:23.826+0000: 243.860: [DefNew: 145686K->9561K(153600K), 0.0168639 secs] 204269K->69146K(494976K), 0.0169313 secs] [Times: user=0.02 sys=0.00, real=0.02 secs] 
2018-02-19T14:15:38.297+0000: 258.331: [GC (Allocation Failure) 2018-02-19T14:15:38.297+0000: 258.331: [DefNew: 146137K->9624K(153600K), 0.0202915 secs] 205722K->70361K(494976K), 0.0203517 secs] [Times: user=0.01 sys=0.00, real=0.02 secs] 
2018-02-19T14:15:50.182+0000: 270.216: [GC (Allocation Failure) 2018-02-19T14:15:50.182+0000: 270.216: [DefNew: 146200K->9634K(153600K), 0.0173828 secs] 206937K->71416K(494976K), 0.0174512 secs] [Times: user=0.01 sys=0.00, real=0.01 secs] 
2018-02-19T14:16:02.361+0000: 282.394: [GC (Allocation Failure) 2018-02-19T14:16:02.361+0000: 282.394: [DefNew: 146107K->9586K(153600K), 0.0178451 secs] 207889K->72465K(494976K), 0.0179177 secs] [Times: user=0.01 sys=0.01, real=0.02 secs] 
2018-02-19T14:16:12.213+0000: 292.247: [GC (Allocation Failure) 2018-02-19T14:16:12.213+0000: 292.247: [DefNew: 146162K->9914K(153600K), 0.0174365 secs] 209041K->73973K(494976K), 0.0175011 secs] [Times: user=0.02 sys=0.00, real=0.02 secs] 
2018-02-19T14:16:25.126+0000: 305.160: [GC (Allocation Failure) 2018-02-19T14:16:25.126+0000: 305.160: [DefNew: 146490K->9705K(153600K), 0.0186267 secs] 210549K->75864K(494976K), 0.0186957 secs] [Times: user=0.02 sys=0.00, real=0.02 secs] 
2018-02-19T14:16:36.553+0000: 316.587: [GC (Allocation Failure) 2018-02-19T14:16:36.553+0000: 316.587: [DefNew: 146281K->9814K(153600K), 0.0176768 secs] 212440K->77284K(494976K), 0.0177394 secs] [Times: user=0.01 sys=0.01, real=0.02 secs] 
2018-02-19T14:16:46.805+0000: 326.839: [GC (Allocation Failure) 2018-02-19T14:16:46.805+0000: 326.839: [DefNew: 146390K->7665K(153600K), 0.0175519 secs] 213860K->78488K(494976K), 0.0176258 secs] [Times: user=0.02 sys=0.01, real=0.02 secs] 
2018-02-19T14:16:59.202+0000: 339.236: [GC (Allocation Failure) 2018-02-19T14:16:59.202+0000: 339.236: [DefNew: 144241K->9134K(153600K), 0.0145410 secs] 215064K->79956K(494976K), 0.0146020 secs] [Times: user=0.01 sys=0.00, real=0.01 secs] 
2018-02-19T14:17:13.006+0000: 353.040: [GC (Allocation Failure) 2018-02-19T14:17:13.006+0000: 353.040: [DefNew: 145710K->9176K(153600K), 0.0174551 secs] 216532K->81234K(494976K), 0.0175262 secs] [Times: user=0.01 sys=0.01, real=0.02 secs] 
2018-02-19T14:17:25.774+0000: 365.808: [GC (Allocation Failure) 2018-02-19T14:17:25.774+0000: 365.808: [DefNew: 145752K->10021K(153600K), 0.0176082 secs] 217810K->83178K(494976K), 0.0176788 secs] [Times: user=0.02 sys=0.00, real=0.01 secs] 
2018-02-19T14:17:36.280+0000: 376.314: [GC (Allocation Failure) 2018-02-19T14:17:36.280+0000: 376.314: [DefNew: 146597K->8348K(153600K), 0.0170796 secs] 219754K->84218K(494976K), 0.0171406 secs] [Times: user=0.02 sys=0.00, real=0.02 secs] 
2018-02-19T14:17:50.150+0000: 390.184: [GC (Allocation Failure) 2018-02-19T14:17:50.150+0000: 390.184: [DefNew: 144924K->10102K(153600K), 0.0152185 secs] 220794K->85972K(494976K), 0.0152848 secs] [Times: user=0.01 sys=0.00, real=0.02 secs] 
2018-02-19T14:18:01.508+0000: 401.542: [GC (Allocation Failure) 2018-02-19T14:18:01.508+0000: 401.542: [DefNew: 146678K->9965K(153600K), 0.0173404 secs] 222548K->87204K(494976K), 0.0174142 secs] [Times: user=0.02 sys=0.00, real=0.02 secs] 
2018-02-19T14:18:14.305+0000: 414.339: [GC (Allocation Failure) 2018-02-19T14:18:14.305+0000: 414.339: [DefNew: 146541K->8919K(153600K), 0.0183715 secs] 223780K->88703K(494976K), 0.0184360 secs] [Times: user=0.01 sys=0.01, real=0.02 secs] 
2018-02-19T14:18:24.535+0000: 424.568: [GC (Allocation Failure) 2018-02-19T14:18:24.535+0000: 424.568: [DefNew: 145495K->8636K(153600K), 0.0164538 secs] 225279K->90183K(494976K), 0.0165155 secs] [Times: user=0.01 sys=0.00, real=0.01 secs] 
2018-02-19T14:18:36.670+0000: 436.703: [GC (Allocation Failure) 2018-02-19T14:18:36.670+0000: 436.703: [DefNew: 145212K->8741K(153600K), 0.0153351 secs] 226759K->91822K(494976K), 0.0154176 secs] [Times: user=0.02 sys=0.00, real=0.02 secs] 
2018-02-19T14:18:46.158+0000: 446.192: [GC (Allocation Failure) 2018-02-19T14:18:46.158+0000: 446.192: [DefNew: 145317K->9289K(153600K), 0.0168877 secs] 228398K->93747K(494976K), 0.0169596 secs] [Times: user=0.01 sys=0.00, real=0.02 secs] 
2018-02-19T14:18:59.031+0000: 459.065: [GC (Allocation Failure) 2018-02-19T14:18:59.031+0000: 459.065: [DefNew: 145865K->8694K(153600K), 0.0191738 secs] 230323K->94736K(494976K), 0.0192347 secs] [Times: user=0.02 sys=0.00, real=0.02 secs] 
2018-02-19T14:19:10.302+0000: 470.336: [GC (Allocation Failure) 2018-02-19T14:19:10.302+0000: 470.336: [DefNew: 145270K->8991K(153600K), 0.0198007 secs] 231312K->96426K(494976K), 0.0198664 secs] [Times: user=0.01 sys=0.00, real=0.01 secs] 
2018-02-19T14:19:23.793+0000: 483.826: [GC (Allocation Failure) 2018-02-19T14:19:23.793+0000: 483.826: [DefNew: 145567K->9475K(153600K), 0.0151172 secs] 233002K->98178K(494976K), 0.0151774 secs] [Times: user=0.02 sys=0.00, real=0.02 secs] 
2018-02-19T14:19:34.966+0000: 495.000: [GC (Allocation Failure) 2018-02-19T14:19:34.966+0000: 495.000: [DefNew: 146051K->9061K(153600K), 0.0263998 secs] 234754K->99337K(494976K), 0.0264976 secs] [Times: user=0.00 sys=0.02, real=0.02 secs] 
2018-02-19T14:19:45.986+0000: 506.019: [GC (Allocation Failure) 2018-02-19T14:19:45.986+0000: 506.019: [DefNew: 145637K->9532K(153600K), 0.0155387 secs] 235913K->101156K(494976K), 0.0155993 secs] [Times: user=0.02 sys=0.00, real=0.01 secs] 
2018-02-19T14:20:00.401+0000: 520.435: [GC (Allocation Failure) 2018-02-19T14:20:00.401+0000: 520.435: [DefNew: 146108K->10073K(153600K), 0.0166763 secs] 237732K->103056K(494976K), 0.0167370 secs] [Times: user=0.02 sys=0.00, real=0.02 secs] 
2018-02-19T14:20:11.893+0000: 531.927: [GC (Allocation Failure) 2018-02-19T14:20:11.893+0000: 531.927: [DefNew: 146649K->9975K(153600K), 0.0160718 secs] 239632K->104399K(494976K), 0.0161565 secs] [Times: user=0.02 sys=0.00, real=0.02 secs] 
14:20:12.837 [Client] INFO  c.s.f.r.e.s.SocketFront  - FlameSocketGraphDeployerFront@172.31.33.155 has been disconnected from Connection 2
14:20:12.840 [Client] INFO  c.s.f.r.e.s.SocketRear  - FlameSocketGraphDeployerRear@172.31.33.155: has been disconnected from Connection 2
14:20:26.182 [worker-akka.actor.default-dispatcher-2] INFO  a.a.CoordinatedShutdown CoordinatedShutdown(akka://worker) - Starting coordinated shutdown from JVM shutdown hook
14:20:26.228 [worker-akka.actor.default-dispatcher-2] INFO  a.a.LocalActorRef akka://worker/user/watcher/graph0000000000/negotiator - Stopped
14:20:26.229 [worker-akka.actor.default-dispatcher-2] INFO  a.a.LocalActorRef akka://worker/user/watcher/graph0000000000/edge/FlameSocketGraphDeployerFront - Stopped
14:20:26.229 [worker-akka.actor.default-dispatcher-2] INFO  a.a.LocalActorRef akka://worker/user/watcher/graph0000000000/edge/FlameSocketGraphDeployerRear - Stopped
14:20:26.230 [worker-akka.actor.default-dispatcher-2] INFO  a.a.LocalActorRef akka://worker/user/watcher/graph0000000000/graph/local-acker/$a - Stopped
14:20:26.232 [worker-akka.actor.default-dispatcher-2] INFO  a.a.LocalActorRef akka://worker/user/watcher/graph0000000000/graph/$a - Stopped
14:20:26.233 [worker-akka.actor.default-dispatcher-2] INFO  a.a.LocalActorRef akka://worker/user/watcher/graph0000000000/graph/$b - Stopped
14:20:26.233 [worker-akka.actor.default-dispatcher-2] INFO  a.a.LocalActorRef akka://worker/user/watcher/graph0000000000/graph/$c - Stopped
14:20:26.234 [worker-akka.actor.default-dispatcher-2] INFO  a.a.LocalActorRef akka://worker/user/watcher/graph0000000000/graph/local-acker/$a - Message [com.spbsu.flamestream.runtime.utils.akka.PingActor$InnerPing] from Actor[akka://worker/user/watcher/graph0000000000/graph/local-acker/$a#1841927056] to Actor[akka://worker/user/watcher/graph0000000000/graph/local-acker/$a#1841927056] was not delivered. [1] dead letters encountered. This logging can be turned off or adjusted with configuration settings 'akka.log-dead-letters' and 'akka.log-dead-letters-during-shutdown'.
14:20:26.240 [worker-akka.actor.default-dispatcher-2] INFO  a.a.LocalActorRef akka://worker/user/watcher/graph0000000000/graph/local-acker - Stopped
14:20:26.242 [worker-akka.actor.default-dispatcher-2] INFO  a.a.LocalActorRef akka://worker/user/watcher/graph0000000000/edge - Stopped
14:20:26.243 [worker-akka.actor.default-dispatcher-2] INFO  a.a.LocalActorRef akka://worker/user/watcher/graph0000000000/graph - Stopped
14:20:26.243 [worker-akka.actor.default-dispatcher-2] INFO  a.a.LocalActorRef akka://worker/user/watcher/graph0000000000 - Stopped
14:20:26.244 [worker-akka.actor.default-dispatcher-2] INFO  a.a.LocalActorRef akka://worker/user/watcher/graph0000000000/graph/local-acker/$a - Message [com.spbsu.flamestream.runtime.utils.akka.PingActor$Stop] from Actor[akka://worker/user/watcher/graph0000000000/graph/local-acker#891034260] to Actor[akka://worker/user/watcher/graph0000000000/graph/local-acker/$a#1841927056] was not delivered. [2] dead letters encountered. This logging can be turned off or adjusted with configuration settings 'akka.log-dead-letters' and 'akka.log-dead-letters-during-shutdown'.
14:20:26.244 [worker-akka.actor.default-dispatcher-2] INFO  a.a.LocalActorRef akka://worker/user/watcher/graph0000000000/graph/local-acker - Message [com.spbsu.flamestream.runtime.acker.LocalAcker$Flush] from Actor[akka://worker/user/watcher/graph0000000000/graph/local-acker#891034260] to Actor[akka://worker/user/watcher/graph0000000000/graph/local-acker#891034260] was not delivered. [3] dead letters encountered. This logging can be turned off or adjusted with configuration settings 'akka.log-dead-letters' and 'akka.log-dead-letters-during-shutdown'.
14:20:26.244 [worker-akka.actor.default-dispatcher-2] INFO  a.a.LocalActorRef akka://worker/user/watcher/graph0000000000/graph/local-acker - Message [com.spbsu.flamestream.runtime.acker.LocalAcker$Flush] from Actor[akka://worker/user/watcher/graph0000000000/graph/local-acker#891034260] to Actor[akka://worker/user/watcher/graph0000000000/graph/local-acker#891034260] was not delivered. [4] dead letters encountered. This logging can be turned off or adjusted with configuration settings 'akka.log-dead-letters' and 'akka.log-dead-letters-during-shutdown'.
14:20:26.245 [worker-akka.actor.default-dispatcher-2] INFO  a.a.LocalActorRef akka://worker/user/watcher/graph0000000000/graph/local-acker - Message [com.spbsu.flamestream.runtime.acker.LocalAcker$Flush] from Actor[akka://worker/user/watcher/graph0000000000/graph/local-acker#891034260] to Actor[akka://worker/user/watcher/graph0000000000/graph/local-acker#891034260] was not delivered. [5] dead letters encountered. This logging can be turned off or adjusted with configuration settings 'akka.log-dead-letters' and 'akka.log-dead-letters-during-shutdown'.
14:20:26.247 [worker-akka.actor.default-dispatcher-2-EventThread] INFO  o.a.z.ClientCnxn  - EventThread shut down for session: 0x161ae66be2d0008
14:20:26.247 [worker-akka.actor.default-dispatcher-2] INFO  o.a.z.ZooKeeper  - Session: 0x161ae66be2d0008 closed
14:20:26.248 [worker-akka.actor.default-dispatcher-2] INFO  a.a.RepointableActorRef akka://worker/user/watcher - Stopped
14:20:26.263 [worker-akka.actor.default-dispatcher-2] INFO  a.r.RemoteActorRefProvider$RemotingTerminator akka://worker@172.31.33.155:5412/system/remoting-terminator - Shutting down remote daemon.
14:20:26.267 [worker-akka.actor.default-dispatcher-2] INFO  a.r.RemoteActorRefProvider$RemotingTerminator akka://worker@172.31.33.155:5412/system/remoting-terminator - Remote daemon shut down; proceeding with flushing remote transports.
14:20:27.428 [worker-akka.actor.default-dispatcher-2] INFO  a.r.RemoteActorRefProvider$RemotingTerminator akka://worker@172.31.33.155:5412/system/remoting-terminator - Remoting shut down.
Heap
 def new generation   total 153600K, used 35888K [0x00000000e0c00000, 0x00000000eb2a0000, 0x00000000eb2a0000)
  eden space 136576K,  18% used [0x00000000e0c00000, 0x00000000e254e5d8, 0x00000000e9160000)
  from space 17024K,  58% used [0x00000000ea200000, 0x00000000eabbdda0, 0x00000000eb2a0000)
  to   space 17024K,   0% used [0x00000000e9160000, 0x00000000e9160000, 0x00000000ea200000)
 tenured generation   total 341376K, used 94424K [0x00000000eb2a0000, 0x0000000100000000, 0x0000000100000000)
   the space 341376K,  27% used [0x00000000eb2a0000, 0x00000000f0ed60e0, 0x00000000f0ed6200, 0x0000000100000000)
 Metaspace       used 33568K, capacity 34398K, committed 34688K, reserved 1079296K
  class space    used 4475K, capacity 4658K, committed 4736K, reserved 1048576K
