10:15:14.809 [worker-akka.actor.default-dispatcher-2] INFO  a.e.s.Slf4jLogger  - Slf4jLogger started
2018-02-23T10:15:14.984+0000: 2.128: [Full GC (Metadata GC Threshold) 2018-02-23T10:15:14.984+0000: 2.128: [Tenured: 0K->15407K(341376K), 0.0377076 secs] 117524K->15407K(494976K), [Metaspace: 20873K->20873K(1067008K)], 0.0377718 secs] [Times: user=0.03 sys=0.01, real=0.04 secs] 
Ama winner
Ama winner
10:15:15.430 [worker-akka.actor.default-dispatcher-2] INFO  a.r.a.ArteryTransport(akka://worker) akka.remote.artery.ArteryTransport(akka://worker) - Started embedded media driver in directory [/dev/shm/aeron-root-worker-534328a1-0fed-4b17-af8b-d8caad5f8326]
10:15:15.651 [worker-akka.actor.default-dispatcher-2] INFO  a.r.a.ArteryTransport(akka://worker) akka.remote.artery.ArteryTransport(akka://worker) - Remoting started; listening on address: [akka://worker@172.31.42.36:5412] with UID [4641632951881631103]
10:15:15.752 [worker-akka.actor.default-dispatcher-2] INFO  o.a.z.ZooKeeper  - Client environment:zookeeper.version=3.4.9-1757313, built on 08/23/2016 06:50 GMT
10:15:15.752 [worker-akka.actor.default-dispatcher-2] INFO  o.a.z.ZooKeeper  - Client environment:host.name=ip-172-31-42-36.us-east-2.compute.internal
10:15:15.752 [worker-akka.actor.default-dispatcher-2] INFO  o.a.z.ZooKeeper  - Client environment:java.version=1.8.0_151
10:15:15.752 [worker-akka.actor.default-dispatcher-2] INFO  o.a.z.ZooKeeper  - Client environment:java.vendor=Oracle Corporation
10:15:15.752 [worker-akka.actor.default-dispatcher-2] INFO  o.a.z.ZooKeeper  - Client environment:java.home=/usr/lib/jvm/java-8-openjdk-amd64/jre
10:15:15.752 [worker-akka.actor.default-dispatcher-2] INFO  o.a.z.ZooKeeper  - Client environment:java.class.path=lib/commons-cli-1.4.jar:lib/minlog-1.3.0.jar:lib/asm-5.0.4.jar:lib/hadoop-annotations-2.7.3.jar:lib/hadoop-auth-2.7.3.jar:lib/akka-slf4j_2.11-2.5.6.jar:lib/jersey-core-1.9.jar:lib/lz4-1.3.0.jar:lib/jackson-core-asl-1.9.13.jar:lib/aeron-client-1.3.0.jar:lib/htrace-core-3.1.0-incubating.jar:lib/xz-1.0.jar:lib/commons-httpclient-3.1.jar:lib/asm-3.1.jar:lib/commons-lang3-3.4.jar:lib/scala-library-2.11.11.jar:lib/scala-java8-compat_2.11-0.7.0.jar:lib/commons-configuration-1.6.jar:lib/objenesis-2.1.jar:lib/jackson-annotations-2.8.0.jar:lib/jsr305-3.0.0.jar:lib/curator-framework-2.7.1.jar:lib/jersey-server-1.9.jar:lib/jets3t-0.9.0.jar:lib/leveldb-0.7.jar:lib/jetty-6.1.26.jar:lib/stax-api-1.0-2.jar:lib/flamestream-core-1.0-SNAPSHOT.jar:lib/reflectasm-1.07-shaded.jar:lib/apacheds-kerberos-codec-2.0.0-M15.jar:lib/api-asn1-api-1.0.0-M20.jar:lib/commons-lang-2.6.jar:lib/commons-beanutils-1.7.0.jar:lib/jackson-xc-1.8.3.jar:lib/jetty-util-6.1.26.jar:lib/logback-classic-1.2.3.jar:lib/jool-0.9.12.jar:lib/flamestream-runtime-1.0-SNAPSHOT-tests.jar:lib/httpcore-4.1.2.jar:lib/kryo-4.0.0.jar:lib/ant-1.8.1.jar:lib/jaxb-impl-2.2.3-1.jar:lib/jersey-json-1.9.jar:lib/commons-compress-1.4.1.jar:lib/leveldbjni-all-1.8.jar:lib/paranamer-2.3.jar:lib/jackson-core-2.8.4.jar:lib/commons-math3-3.6.1.jar:lib/scala-parser-combinators_2.11-1.0.4.jar:lib/netty-3.10.6.Final.jar:lib/trove4j-3.0.3.jar:lib/jaxb-api-2.2.2.jar:lib/logback-core-1.2.3.jar:lib/snappy-java-1.0.4.1.jar:lib/protobuf-java-2.5.0.jar:lib/reactive-streams-1.0.1.jar:lib/flamestream-examples-1.0-SNAPSHOT.jar:lib/commons-codec-1.4.jar:lib/activation-1.1.jar:lib/commons-net-3.1.jar:lib/curator-recipes-2.7.1.jar:lib/jackson-mapper-asl-1.9.13.jar:lib/jackson-databind-2.8.4.jar:lib/flamestream-runtime-1.0-SNAPSHOT.jar:lib/jackson-jaxrs-1.8.3.jar:lib/slf4j-api-1.7.24.jar:lib/akka-remote_2.11-2.5.6.jar:lib/akka-testkit_2.11-2.5.6.jar:lib/jline-0.9.94.jar:lib/akka-stream_2.11-2.5.6.jar:lib/jsp-api-2.1.jar:lib/kryonet-2.21.jar:lib/akka-kryo-serialization_2.11-0.5.0.jar:lib/config-1.3.1.jar:lib/ant-launcher-1.8.1.jar:lib/commons-logging-1.2.jar:lib/ssl-config-core_2.11-0.2.2.jar:lib/testng-6.10.jar:lib/leveldb-api-0.7.jar:lib/reflectasm-1.11.3.jar:lib/jcommander-1.48.jar:lib/commons-1.1.jar:lib/commons-digester-1.8.jar:lib/minlog-1.2.jar:lib/java-xmlbuilder-0.4.jar:lib/jettison-1.1.jar:lib/gson-2.2.4.jar:lib/jdk.tools-1.8.jar:lib/aeron-driver-1.3.0.jar:lib/zookeeper-3.4.9.jar:lib/commons-beanutils-core-1.8.0.jar:lib/commons-math3-3.1.1.jar:lib/akka-actor_2.11-2.5.6.jar:lib/curator-client-2.7.1.jar:lib/servlet-api-2.5.jar:lib/apacheds-i18n-2.0.0-M15.jar:lib/commons-io-2.4.jar:lib/commons-codec-1.6.jar:lib/akka-protobuf_2.11-2.5.6.jar:lib/jdom-2.0.2.jar:lib/api-util-1.0.0-M20.jar:lib/hadoop-common-2.7.3.jar:lib/agrona-0.9.6.jar:lib/xmlenc-0.52.jar:lib/guava-21.0.jar:lib/commons-collections-3.2.2.jar:lib/avro-1.7.4.jar:lib/httpclient-4.1.2.jar:lib/flamestream-core-1.0-SNAPSHOT-tests.jar:lib/annotations-12.0.jar:lib/jsch-0.1.42.jar:flamestream-runtime-1.0-SNAPSHOT.jar
10:15:15.753 [worker-akka.actor.default-dispatcher-2] INFO  o.a.z.ZooKeeper  - Client environment:java.library.path=/usr/java/packages/lib/amd64:/usr/lib/x86_64-linux-gnu/jni:/lib/x86_64-linux-gnu:/usr/lib/x86_64-linux-gnu:/usr/lib/jni:/lib:/usr/lib
10:15:15.754 [worker-akka.actor.default-dispatcher-2] INFO  o.a.z.ZooKeeper  - Client environment:java.io.tmpdir=/tmp
10:15:15.754 [worker-akka.actor.default-dispatcher-2] INFO  o.a.z.ZooKeeper  - Client environment:java.compiler=<NA>
10:15:15.754 [worker-akka.actor.default-dispatcher-2] INFO  o.a.z.ZooKeeper  - Client environment:os.name=Linux
10:15:15.754 [worker-akka.actor.default-dispatcher-2] INFO  o.a.z.ZooKeeper  - Client environment:os.arch=amd64
10:15:15.754 [worker-akka.actor.default-dispatcher-2] INFO  o.a.z.ZooKeeper  - Client environment:os.version=4.4.0-1049-aws
10:15:15.755 [worker-akka.actor.default-dispatcher-2] INFO  o.a.z.ZooKeeper  - Client environment:user.name=root
10:15:15.756 [worker-akka.actor.default-dispatcher-2] INFO  o.a.z.ZooKeeper  - Client environment:user.home=/root
10:15:15.756 [worker-akka.actor.default-dispatcher-2] INFO  o.a.z.ZooKeeper  - Client environment:user.dir=/opt/flamestream
10:15:15.759 [worker-akka.actor.default-dispatcher-2] INFO  o.a.z.ZooKeeper  - Initiating client connection, connectString=172.31.34.147:2181 sessionTimeout=5000 watcher=com.spbsu.flamestream.runtime.application.LifecycleWatcher$$Lambda$29/2091173542@1b48f905
10:15:15.793 [worker-akka.actor.default-dispatcher-2-SendThread(172.31.34.147:2181)] INFO  o.a.z.ClientCnxn  - Opening socket connection to server 172.31.34.147/172.31.34.147:2181. Will not attempt to authenticate using SASL (unknown error)
10:15:15.794 [worker-akka.actor.default-dispatcher-2] INFO  a.a.RepointableActorRef akka://worker/user/watcher - Starting...
10:15:15.799 [worker-akka.actor.default-dispatcher-2-SendThread(172.31.34.147:2181)] INFO  o.a.z.ClientCnxn  - Socket connection established to 172.31.34.147/172.31.34.147:2181, initiating session
10:15:15.808 [worker-akka.actor.default-dispatcher-2-SendThread(172.31.34.147:2181)] INFO  o.a.z.ClientCnxn  - Session establishment complete on server 172.31.34.147/172.31.34.147:2181, sessionid = 0x161c2283ddd0007, negotiated timeout = 6000
10:15:15.898 [worker-akka.actor.default-dispatcher-2] INFO  a.a.RepointableActorRef akka://worker/user/watcher - Connected to ZK
10:15:22.742 [worker-akka.actor.default-dispatcher-2] INFO  a.a.RepointableActorRef akka://worker/user/watcher - Creating node with watchGraphs: 'com.spbsu.flamestream.core.Graph$Builder$MyGraph@22aae96d', config: 'ClusterConfig{paths={172.31.33.155=akka://worker@172.31.33.155:5412/user/watcher/graph0000000000, 172.31.47.83=akka://worker@172.31.47.83:5412/user/watcher/graph0000000000, 172.31.45.197=akka://worker@172.31.45.197:5412/user/watcher/graph0000000000, 172.31.42.36=akka://worker@172.31.42.36:5412/user/watcher/graph0000000000, 172.31.44.83=akka://worker@172.31.44.83:5412/user/watcher/graph0000000000, 172.31.39.64=akka://worker@172.31.39.64:5412/user/watcher/graph0000000000, 172.31.35.79=akka://worker@172.31.35.79:5412/user/watcher/graph0000000000, 172.31.34.169=akka://worker@172.31.34.169:5412/user/watcher/graph0000000000, 172.31.47.100=akka://worker@172.31.47.100:5412/user/watcher/graph0000000000, 172.31.37.101=akka://worker@172.31.37.101:5412/user/watcher/graph0000000000}, ackerLocation='172.31.35.79', props=ComputationLayout{ranges={172.31.33.155=HashRange{from=-1670265060, to=-1193046472}, 172.31.47.83=HashRange{from=1670265056, to=2147483644}, 172.31.45.197=HashRange{from=-715827884, to=-238609296}, 172.31.42.36=HashRange{from=1193046468, to=1670265056}, 172.31.44.83=HashRange{from=-238609296, to=238609292}, 172.31.39.64=HashRange{from=715827880, to=1193046468}, 172.31.35.79=HashRange{from=0, to=0}, 172.31.34.169=HashRange{from=-2147483648, to=-1670265060}, 172.31.47.100=HashRange{from=238609292, to=715827880}, 172.31.37.101=HashRange{from=-1193046472, to=-715827884}}}}'
10:15:23.636 [worker-akka.actor.default-dispatcher-2] INFO  a.a.LocalActorRef akka://worker/user/watcher/graph0000000000/graph - Starting...
10:15:23.637 [worker-akka.actor.default-dispatcher-2] INFO  a.a.LocalActorRef akka://worker/user/watcher/graph0000000000/graph/local-acker - Starting...
10:15:23.650 [worker-akka.actor.default-dispatcher-2] INFO  a.a.LocalActorRef akka://worker/user/watcher/graph0000000000/graph/local-acker/$a - Starting...
Warning: space is running low in /dev/shm (tmpfs) threshold=167,772,160 usable=158,621,696
Warning: space is running low in /dev/shm (tmpfs) threshold=167,772,160 usable=146,034,688
Warning: space is running low in /dev/shm (tmpfs) threshold=167,772,160 usable=133,447,680
Warning: space is running low in /dev/shm (tmpfs) threshold=167,772,160 usable=120,860,672
Warning: space is running low in /dev/shm (tmpfs) threshold=167,772,160 usable=108,273,664
Warning: space is running low in /dev/shm (tmpfs) threshold=167,772,160 usable=95,686,656
Warning: space is running low in /dev/shm (tmpfs) threshold=167,772,160 usable=83,099,648
Warning: space is running low in /dev/shm (tmpfs) threshold=167,772,160 usable=70,512,640
10:15:24.923 [worker-akka.actor.default-dispatcher-2] INFO  a.a.LocalActorRef akka://worker/user/watcher/graph0000000000/graph - Finishing constructor
10:15:24.925 [worker-akka.actor.default-dispatcher-2] INFO  a.a.LocalActorRef akka://worker/user/watcher/graph0000000000 - Starting...
10:15:24.926 [worker-akka.actor.default-dispatcher-2] INFO  a.a.LocalActorRef akka://worker/user/watcher/graph0000000000/negotiator - Starting...
10:15:24.995 [worker-akka.actor.default-dispatcher-2] INFO  a.a.LocalActorRef akka://worker/user/watcher/graph0000000000/edge - Starting...
10:15:24.996 [worker-akka.actor.default-dispatcher-2] INFO  a.a.LocalActorRef akka://worker/user/watcher/graph0000000000/graph/$a - Starting...
10:15:24.996 [worker-akka.actor.default-dispatcher-2] INFO  a.a.LocalActorRef akka://worker/user/watcher/graph0000000000/graph/$b - Starting...
10:15:24.999 [worker-akka.actor.default-dispatcher-2] INFO  a.a.LocalActorRef akka://worker/user/watcher/graph0000000000/graph/$c - Starting...
10:15:25.027 [worker-akka.actor.default-dispatcher-2] INFO  c.s.f.r.e.s.SocketRear  - FlameSocketGraphDeployerRear@172.31.42.36: connecting to 172.31.34.147:5678
10:15:25.037 [worker-akka.actor.default-dispatcher-2] INFO  c.s.f.r.e.s.SocketRear  - FlameSocketGraphDeployerRear@172.31.42.36: connected to 172.31.34.147:5678
10:15:25.063 [worker-akka.actor.default-dispatcher-2] INFO  a.a.LocalActorRef akka://worker/user/watcher/graph0000000000/edge/FlameSocketGraphDeployerRear - Starting...
10:15:25.064 [worker-akka.actor.default-dispatcher-2] INFO  a.a.LocalActorRef akka://worker/user/watcher/graph0000000000/edge/FlameSocketGraphDeployerFront - Starting...
10:15:25.065 [worker-akka.actor.default-dispatcher-2] INFO  a.a.LocalActorRef akka://worker/user/watcher/graph0000000000/negotiator - Requesting ticket for the frontClass FlameSocketGraphDeployerFront@172.31.42.36
10:15:25.080 [worker-akka.actor.default-dispatcher-2] INFO  a.a.LocalActorRef akka://worker/user/watcher/graph0000000000/negotiator - Ticket for the frontClass received: FrontTicket{allowedTimestamp=(1519380922738, FlameSocketGraphDeployerFront@172.31.42.36)}
10:15:25.081 [worker-akka.actor.default-dispatcher-2] INFO  c.s.f.r.e.s.SocketFront  - FlameSocketGraphDeployerFront@172.31.42.36: connecting to 172.31.34.147:4567
10:15:25.106 [Client] INFO  c.s.f.r.e.s.SocketFront  - FlameSocketGraphDeployerFront@172.31.42.36 has been disconnected from Connection 6
2018-02-23T10:15:28.975+0000: 16.119: [GC (Allocation Failure) 2018-02-23T10:15:28.975+0000: 16.119: [DefNew: 136576K->16017K(153600K), 0.1022157 secs] 151983K->50956K(494976K), 0.1022964 secs] [Times: user=0.01 sys=0.09, real=0.11 secs] 
2018-02-23T10:15:34.005+0000: 21.149: [GC (Allocation Failure) 2018-02-23T10:15:34.005+0000: 21.149: [DefNew: 152593K->2627K(153600K), 0.0192661 secs] 187532K->45253K(494976K), 0.0193292 secs] [Times: user=0.02 sys=0.00, real=0.02 secs] 
2018-02-23T10:15:44.224+0000: 31.368: [GC (Allocation Failure) 2018-02-23T10:15:44.224+0000: 31.369: [DefNew: 139203K->4764K(153600K), 0.0115601 secs] 181829K->47390K(494976K), 0.0116259 secs] [Times: user=0.02 sys=0.00, real=0.02 secs] 
2018-02-23T10:15:55.086+0000: 42.230: [GC (Allocation Failure) 2018-02-23T10:15:55.086+0000: 42.230: [DefNew: 141340K->6935K(153600K), 0.0161389 secs] 183966K->49561K(494976K), 0.0162112 secs] [Times: user=0.02 sys=0.00, real=0.02 secs] 
2018-02-23T10:16:02.950+0000: 50.094: [GC (Allocation Failure) 2018-02-23T10:16:02.950+0000: 50.094: [DefNew: 143511K->8563K(153600K), 0.0206808 secs] 186137K->51189K(494976K), 0.0207437 secs] [Times: user=0.02 sys=0.00, real=0.02 secs] 
2018-02-23T10:16:10.704+0000: 57.848: [GC (Allocation Failure) 2018-02-23T10:16:10.704+0000: 57.848: [DefNew: 145139K->8811K(153600K), 0.0174183 secs] 187765K->52471K(494976K), 0.0174912 secs] [Times: user=0.02 sys=0.00, real=0.02 secs] 
2018-02-23T10:16:20.569+0000: 67.713: [GC (Allocation Failure) 2018-02-23T10:16:20.569+0000: 67.713: [DefNew: 145387K->8865K(153600K), 0.0165356 secs] 189047K->53819K(494976K), 0.0166149 secs] [Times: user=0.02 sys=0.00, real=0.01 secs] 
2018-02-23T10:16:30.151+0000: 77.295: [GC (Allocation Failure) 2018-02-23T10:16:30.151+0000: 77.295: [DefNew: 145441K->8244K(153600K), 0.0275990 secs] 190395K->54900K(494976K), 0.0276611 secs] [Times: user=0.01 sys=0.02, real=0.03 secs] 
2018-02-23T10:16:41.968+0000: 89.112: [GC (Allocation Failure) 2018-02-23T10:16:41.968+0000: 89.112: [DefNew: 144820K->9990K(153600K), 0.0154551 secs] 191476K->56647K(494976K), 0.0155175 secs] [Times: user=0.01 sys=0.00, real=0.01 secs] 
2018-02-23T10:16:52.838+0000: 99.982: [GC (Allocation Failure) 2018-02-23T10:16:52.838+0000: 99.982: [DefNew: 146566K->8890K(153600K), 0.0246860 secs] 193223K->57779K(494976K), 0.0247523 secs] [Times: user=0.01 sys=0.01, real=0.02 secs] 
2018-02-23T10:17:02.965+0000: 110.109: [GC (Allocation Failure) 2018-02-23T10:17:02.965+0000: 110.109: [DefNew: 145466K->9422K(153600K), 0.0171149 secs] 194355K->59383K(494976K), 0.0171804 secs] [Times: user=0.01 sys=0.00, real=0.02 secs] 
2018-02-23T10:17:14.041+0000: 121.185: [GC (Allocation Failure) 2018-02-23T10:17:14.041+0000: 121.185: [DefNew: 145998K->9045K(153600K), 0.0162137 secs] 195959K->60165K(494976K), 0.0162865 secs] [Times: user=0.02 sys=0.00, real=0.02 secs] 
2018-02-23T10:17:25.624+0000: 132.768: [GC (Allocation Failure) 2018-02-23T10:17:25.624+0000: 132.768: [DefNew: 145621K->9167K(153600K), 0.0244920 secs] 196741K->61910K(494976K), 0.0245568 secs] [Times: user=0.02 sys=0.01, real=0.03 secs] 
2018-02-23T10:17:36.278+0000: 143.422: [GC (Allocation Failure) 2018-02-23T10:17:36.278+0000: 143.422: [DefNew: 145743K->8768K(153600K), 0.0169264 secs] 198486K->62789K(494976K), 0.0169906 secs] [Times: user=0.01 sys=0.00, real=0.01 secs] 
2018-02-23T10:17:46.419+0000: 153.563: [GC (Allocation Failure) 2018-02-23T10:17:46.419+0000: 153.563: [DefNew: 145344K->8966K(153600K), 0.0236692 secs] 199365K->64074K(494976K), 0.0237391 secs] [Times: user=0.01 sys=0.01, real=0.02 secs] 
2018-02-23T10:17:56.961+0000: 164.105: [GC (Allocation Failure) 2018-02-23T10:17:56.961+0000: 164.105: [DefNew: 145542K->9219K(153600K), 0.0166406 secs] 200650K->65253K(494976K), 0.0167042 secs] [Times: user=0.02 sys=0.00, real=0.02 secs] 
2018-02-23T10:18:07.360+0000: 174.505: [GC (Allocation Failure) 2018-02-23T10:18:07.361+0000: 174.505: [DefNew: 145795K->9311K(153600K), 0.0176152 secs] 201829K->66541K(494976K), 0.0176811 secs] [Times: user=0.02 sys=0.00, real=0.02 secs] 
2018-02-23T10:18:18.591+0000: 185.735: [GC (Allocation Failure) 2018-02-23T10:18:18.591+0000: 185.735: [DefNew: 145887K->9336K(153600K), 0.0170233 secs] 203117K->67680K(494976K), 0.0170910 secs] [Times: user=0.02 sys=0.00, real=0.01 secs] 
2018-02-23T10:18:29.387+0000: 196.531: [GC (Allocation Failure) 2018-02-23T10:18:29.387+0000: 196.531: [DefNew: 145912K->9767K(153600K), 0.0171335 secs] 204256K->69151K(494976K), 0.0172053 secs] [Times: user=0.02 sys=0.00, real=0.02 secs] 
2018-02-23T10:18:42.611+0000: 209.755: [GC (Allocation Failure) 2018-02-23T10:18:42.611+0000: 209.755: [DefNew: 146343K->8789K(153600K), 0.0183322 secs] 205727K->70376K(494976K), 0.0184006 secs] [Times: user=0.01 sys=0.00, real=0.02 secs] 
2018-02-23T10:18:52.189+0000: 219.333: [GC (Allocation Failure) 2018-02-23T10:18:52.189+0000: 219.333: [DefNew: 145365K->8943K(153600K), 0.0284147 secs] 206952K->71825K(494976K), 0.0284816 secs] [Times: user=0.01 sys=0.02, real=0.03 secs] 
2018-02-23T10:19:02.089+0000: 229.233: [GC (Allocation Failure) 2018-02-23T10:19:02.089+0000: 229.233: [DefNew: 145519K->9570K(153600K), 0.0174270 secs] 208401K->73643K(494976K), 0.0174969 secs] [Times: user=0.02 sys=0.00, real=0.01 secs] 
2018-02-23T10:19:10.036+0000: 237.180: [GC (Allocation Failure) 2018-02-23T10:19:10.036+0000: 237.180: [DefNew: 146146K->9002K(153600K), 0.0183041 secs] 210219K->74430K(494976K), 0.0183670 secs] [Times: user=0.01 sys=0.00, real=0.02 secs] 
2018-02-23T10:19:20.015+0000: 247.159: [GC (Allocation Failure) 2018-02-23T10:19:20.015+0000: 247.159: [DefNew: 145578K->10259K(153600K), 0.0176417 secs] 211006K->76889K(494976K), 0.0177413 secs] [Times: user=0.02 sys=0.00, real=0.02 secs] 
2018-02-23T10:19:29.644+0000: 256.789: [GC (Allocation Failure) 2018-02-23T10:19:29.644+0000: 256.789: [DefNew: 146835K->9145K(153600K), 0.0185089 secs] 213465K->78372K(494976K), 0.0185742 secs] [Times: user=0.01 sys=0.01, real=0.02 secs] 
2018-02-23T10:19:38.217+0000: 265.361: [GC (Allocation Failure) 2018-02-23T10:19:38.217+0000: 265.361: [DefNew: 145721K->7794K(153600K), 0.0156483 secs] 214948K->79314K(494976K), 0.0157118 secs] [Times: user=0.02 sys=0.00, real=0.01 secs] 
2018-02-23T10:19:48.061+0000: 275.206: [GC (Allocation Failure) 2018-02-23T10:19:48.061+0000: 275.206: [DefNew: 144370K->9282K(153600K), 0.0146425 secs] 215890K->80802K(494976K), 0.0147093 secs] [Times: user=0.01 sys=0.00, real=0.02 secs] 
2018-02-23T10:19:58.726+0000: 285.870: [GC (Allocation Failure) 2018-02-23T10:19:58.726+0000: 285.870: [DefNew: 145858K->9475K(153600K), 0.0165732 secs] 217378K->82273K(494976K), 0.0166450 secs] [Times: user=0.02 sys=0.00, real=0.02 secs] 
2018-02-23T10:20:07.324+0000: 294.468: [GC (Allocation Failure) 2018-02-23T10:20:07.324+0000: 294.468: [DefNew: 146051K->9981K(153600K), 0.0176686 secs] 218849K->83886K(494976K), 0.0177506 secs] [Times: user=0.02 sys=0.00, real=0.02 secs] 
2018-02-23T10:20:17.838+0000: 304.982: [GC (Allocation Failure) 2018-02-23T10:20:17.838+0000: 304.982: [DefNew: 146557K->8582K(153600K), 0.0178744 secs] 220462K->85016K(494976K), 0.0179419 secs] [Times: user=0.02 sys=0.00, real=0.02 secs] 
2018-02-23T10:20:26.591+0000: 313.735: [GC (Allocation Failure) 2018-02-23T10:20:26.591+0000: 313.735: [DefNew: 145158K->8608K(153600K), 0.0208075 secs] 221592K->86370K(494976K), 0.0208711 secs] [Times: user=0.01 sys=0.00, real=0.02 secs] 
2018-02-23T10:20:36.955+0000: 324.099: [GC (Allocation Failure) 2018-02-23T10:20:36.955+0000: 324.099: [DefNew: 145184K->9170K(153600K), 0.0161707 secs] 222946K->88371K(494976K), 0.0162347 secs] [Times: user=0.02 sys=0.00, real=0.02 secs] 
2018-02-23T10:20:46.876+0000: 334.020: [GC (Allocation Failure) 2018-02-23T10:20:46.876+0000: 334.020: [DefNew: 145746K->9054K(153600K), 0.0181932 secs] 224947K->89775K(494976K), 0.0182587 secs] [Times: user=0.02 sys=0.00, real=0.02 secs] 
2018-02-23T10:20:56.363+0000: 343.507: [GC (Allocation Failure) 2018-02-23T10:20:56.363+0000: 343.507: [DefNew: 145630K->9395K(153600K), 0.0180088 secs] 226351K->91521K(494976K), 0.0180762 secs] [Times: user=0.01 sys=0.01, real=0.02 secs] 
2018-02-23T10:21:06.494+0000: 353.638: [GC (Allocation Failure) 2018-02-23T10:21:06.494+0000: 353.638: [DefNew: 145971K->9670K(153600K), 0.0181230 secs] 228097K->93236K(494976K), 0.0181987 secs] [Times: user=0.02 sys=0.00, real=0.02 secs] 
2018-02-23T10:21:16.198+0000: 363.342: [GC (Allocation Failure) 2018-02-23T10:21:16.198+0000: 363.342: [DefNew: 146246K->9433K(153600K), 0.0159744 secs] 229812K->94525K(494976K), 0.0160416 secs] [Times: user=0.01 sys=0.00, real=0.01 secs] 
2018-02-23T10:21:24.693+0000: 371.837: [GC (Allocation Failure) 2018-02-23T10:21:24.693+0000: 371.837: [DefNew: 146009K->9308K(153600K), 0.0177710 secs] 231101K->96109K(494976K), 0.0178327 secs] [Times: user=0.01 sys=0.00, real=0.02 secs] 
2018-02-23T10:21:33.258+0000: 380.402: [GC (Allocation Failure) 2018-02-23T10:21:33.258+0000: 380.402: [DefNew: 145884K->9411K(153600K), 0.0172122 secs] 232685K->97627K(494976K), 0.0172749 secs] [Times: user=0.02 sys=0.00, real=0.01 secs] 
2018-02-23T10:21:43.883+0000: 391.027: [GC (Allocation Failure) 2018-02-23T10:21:43.883+0000: 391.027: [DefNew: 145987K->9377K(153600K), 0.0173944 secs] 234203K->99091K(494976K), 0.0174606 secs] [Times: user=0.02 sys=0.00, real=0.02 secs] 
2018-02-23T10:21:53.845+0000: 400.989: [GC (Allocation Failure) 2018-02-23T10:21:53.845+0000: 400.989: [DefNew: 145953K->10430K(153600K), 0.0166137 secs] 235667K->101396K(494976K), 0.0166778 secs] [Times: user=0.01 sys=0.00, real=0.02 secs] 
2018-02-23T10:22:00.965+0000: 408.109: [GC (Allocation Failure) 2018-02-23T10:22:00.965+0000: 408.109: [DefNew: 147006K->9621K(153600K), 0.0169771 secs] 237972K->102106K(494976K), 0.0170590 secs] [Times: user=0.02 sys=0.01, real=0.02 secs] 
2018-02-23T10:22:11.320+0000: 418.464: [GC (Allocation Failure) 2018-02-23T10:22:11.320+0000: 418.464: [DefNew: 146197K->9925K(153600K), 0.0174178 secs] 238682K->103774K(494976K), 0.0174837 secs] [Times: user=0.01 sys=0.01, real=0.02 secs] 
10:22:19.901 [Client] INFO  c.s.f.r.e.s.SocketRear  - FlameSocketGraphDeployerRear@172.31.42.36: has been disconnected from Connection 6
10:22:32.010 [worker-akka.actor.default-dispatcher-2] INFO  a.a.CoordinatedShutdown CoordinatedShutdown(akka://worker) - Starting coordinated shutdown from JVM shutdown hook
10:22:32.064 [worker-akka.actor.default-dispatcher-2] INFO  a.a.LocalActorRef akka://worker/user/watcher/graph0000000000/negotiator - Stopped
10:22:32.065 [worker-akka.actor.default-dispatcher-2] INFO  a.a.LocalActorRef akka://worker/user/watcher/graph0000000000/edge/FlameSocketGraphDeployerFront - Stopped
10:22:32.066 [worker-akka.actor.default-dispatcher-2] INFO  a.a.LocalActorRef akka://worker/user/watcher/graph0000000000/edge/FlameSocketGraphDeployerRear - Stopped
10:22:32.066 [worker-akka.actor.default-dispatcher-2] INFO  a.a.LocalActorRef akka://worker/user/watcher/graph0000000000/graph/$a - Stopped
10:22:32.068 [worker-akka.actor.default-dispatcher-2] INFO  a.a.LocalActorRef akka://worker/user/watcher/graph0000000000/graph/$b - Stopped
10:22:32.070 [worker-akka.actor.default-dispatcher-2] INFO  a.a.LocalActorRef akka://worker/user/watcher/graph0000000000/graph/$c - Stopped
10:22:32.070 [worker-akka.actor.default-dispatcher-2] INFO  a.a.LocalActorRef akka://worker/user/watcher/graph0000000000/graph/local-acker/$a - Stopped
10:22:32.075 [worker-akka.actor.default-dispatcher-2] INFO  a.a.LocalActorRef akka://worker/user/watcher/graph0000000000/edge - Stopped
10:22:32.076 [worker-akka.actor.default-dispatcher-2] INFO  a.a.LocalActorRef akka://worker/user/watcher/graph0000000000/graph/local-acker/$a - Message [com.spbsu.flamestream.runtime.utils.akka.PingActor$InnerPing] from Actor[akka://worker/user/watcher/graph0000000000/graph/local-acker/$a#-1833872346] to Actor[akka://worker/user/watcher/graph0000000000/graph/local-acker/$a#-1833872346] was not delivered. [1] dead letters encountered. This logging can be turned off or adjusted with configuration settings 'akka.log-dead-letters' and 'akka.log-dead-letters-during-shutdown'.
10:22:32.077 [worker-akka.actor.default-dispatcher-2] INFO  a.a.LocalActorRef akka://worker/user/watcher/graph0000000000/graph/local-acker - Stopped
10:22:32.079 [worker-akka.actor.default-dispatcher-2] INFO  a.a.LocalActorRef akka://worker/user/watcher/graph0000000000/graph/local-acker/$a - Message [com.spbsu.flamestream.runtime.utils.akka.PingActor$Stop] from Actor[akka://worker/user/watcher/graph0000000000/graph/local-acker#-737043057] to Actor[akka://worker/user/watcher/graph0000000000/graph/local-acker/$a#-1833872346] was not delivered. [2] dead letters encountered. This logging can be turned off or adjusted with configuration settings 'akka.log-dead-letters' and 'akka.log-dead-letters-during-shutdown'.
10:22:32.081 [worker-akka.actor.default-dispatcher-2] INFO  a.a.LocalActorRef akka://worker/user/watcher/graph0000000000/graph/local-acker - Message [com.spbsu.flamestream.runtime.acker.LocalAcker$Flush] from Actor[akka://worker/user/watcher/graph0000000000/graph/local-acker#-737043057] to Actor[akka://worker/user/watcher/graph0000000000/graph/local-acker#-737043057] was not delivered. [3] dead letters encountered. This logging can be turned off or adjusted with configuration settings 'akka.log-dead-letters' and 'akka.log-dead-letters-during-shutdown'.
10:22:32.083 [worker-akka.actor.default-dispatcher-2] INFO  a.a.LocalActorRef akka://worker/user/watcher/graph0000000000/graph/local-acker - Message [com.spbsu.flamestream.runtime.acker.LocalAcker$Flush] from Actor[akka://worker/user/watcher/graph0000000000/graph/local-acker#-737043057] to Actor[akka://worker/user/watcher/graph0000000000/graph/local-acker#-737043057] was not delivered. [4] dead letters encountered. This logging can be turned off or adjusted with configuration settings 'akka.log-dead-letters' and 'akka.log-dead-letters-during-shutdown'.
10:22:32.084 [worker-akka.actor.default-dispatcher-2] INFO  a.a.LocalActorRef akka://worker/user/watcher/graph0000000000/graph/local-acker - Message [com.spbsu.flamestream.runtime.acker.LocalAcker$Flush] from Actor[akka://worker/user/watcher/graph0000000000/graph/local-acker#-737043057] to Actor[akka://worker/user/watcher/graph0000000000/graph/local-acker#-737043057] was not delivered. [5] dead letters encountered. This logging can be turned off or adjusted with configuration settings 'akka.log-dead-letters' and 'akka.log-dead-letters-during-shutdown'.
10:22:32.084 [worker-akka.actor.default-dispatcher-2] INFO  a.a.LocalActorRef akka://worker/user/watcher/graph0000000000/graph/local-acker - Message [com.spbsu.flamestream.runtime.acker.LocalAcker$Flush] from Actor[akka://worker/user/watcher/graph0000000000/graph/local-acker#-737043057] to Actor[akka://worker/user/watcher/graph0000000000/graph/local-acker#-737043057] was not delivered. [6] dead letters encountered. This logging can be turned off or adjusted with configuration settings 'akka.log-dead-letters' and 'akka.log-dead-letters-during-shutdown'.
10:22:32.084 [worker-akka.actor.default-dispatcher-2] INFO  a.a.LocalActorRef akka://worker/user/watcher/graph0000000000/graph/local-acker - Message [com.spbsu.flamestream.runtime.acker.LocalAcker$Flush] from Actor[akka://worker/user/watcher/graph0000000000/graph/local-acker#-737043057] to Actor[akka://worker/user/watcher/graph0000000000/graph/local-acker#-737043057] was not delivered. [7] dead letters encountered. This logging can be turned off or adjusted with configuration settings 'akka.log-dead-letters' and 'akka.log-dead-letters-during-shutdown'.
10:22:32.084 [worker-akka.actor.default-dispatcher-2] INFO  a.a.LocalActorRef akka://worker/user/watcher/graph0000000000/graph/local-acker - Message [com.spbsu.flamestream.runtime.acker.LocalAcker$Flush] from Actor[akka://worker/user/watcher/graph0000000000/graph/local-acker#-737043057] to Actor[akka://worker/user/watcher/graph0000000000/graph/local-acker#-737043057] was not delivered. [8] dead letters encountered. This logging can be turned off or adjusted with configuration settings 'akka.log-dead-letters' and 'akka.log-dead-letters-during-shutdown'.
10:22:32.085 [worker-akka.actor.default-dispatcher-2] INFO  a.a.LocalActorRef akka://worker/user/watcher/graph0000000000/graph/local-acker - Message [com.spbsu.flamestream.runtime.acker.LocalAcker$Flush] from Actor[akka://worker/user/watcher/graph0000000000/graph/local-acker#-737043057] to Actor[akka://worker/user/watcher/graph0000000000/graph/local-acker#-737043057] was not delivered. [9] dead letters encountered. This logging can be turned off or adjusted with configuration settings 'akka.log-dead-letters' and 'akka.log-dead-letters-during-shutdown'.
10:22:32.088 [worker-akka.actor.default-dispatcher-2] INFO  a.a.LocalActorRef akka://worker/user/watcher/graph0000000000/graph/local-acker - Message [com.spbsu.flamestream.runtime.acker.LocalAcker$Flush] from Actor[akka://worker/user/watcher/graph0000000000/graph/local-acker#-737043057] to Actor[akka://worker/user/watcher/graph0000000000/graph/local-acker#-737043057] was not delivered. [10] dead letters encountered. This logging can be turned off or adjusted with configuration settings 'akka.log-dead-letters' and 'akka.log-dead-letters-during-shutdown'.
10:22:32.090 [worker-akka.actor.default-dispatcher-2] INFO  a.a.LocalActorRef akka://worker/user/watcher/graph0000000000/graph/local-acker - Message [com.spbsu.flamestream.runtime.acker.LocalAcker$Flush] from Actor[akka://worker/user/watcher/graph0000000000/graph/local-acker#-737043057] to Actor[akka://worker/user/watcher/graph0000000000/graph/local-acker#-737043057] was not delivered. [11] dead letters encountered. This logging can be turned off or adjusted with configuration settings 'akka.log-dead-letters' and 'akka.log-dead-letters-during-shutdown'.
10:22:32.091 [worker-akka.actor.default-dispatcher-2] INFO  a.a.LocalActorRef akka://worker/user/watcher/graph0000000000/graph - Stopped
10:22:32.091 [worker-akka.actor.default-dispatcher-2] INFO  a.a.LocalActorRef akka://worker/user/watcher/graph0000000000 - Stopped
10:22:32.094 [worker-akka.actor.default-dispatcher-2-EventThread] INFO  o.a.z.ClientCnxn  - EventThread shut down for session: 0x161c2283ddd0007
10:22:32.094 [worker-akka.actor.default-dispatcher-2] INFO  o.a.z.ZooKeeper  - Session: 0x161c2283ddd0007 closed
10:22:32.094 [worker-akka.actor.default-dispatcher-2] INFO  a.a.RepointableActorRef akka://worker/user/watcher - Stopped
10:22:32.112 [worker-akka.actor.default-dispatcher-2] INFO  a.r.RemoteActorRefProvider$RemotingTerminator akka://worker@172.31.42.36:5412/system/remoting-terminator - Shutting down remote daemon.
10:22:32.115 [worker-akka.actor.default-dispatcher-2] INFO  a.r.RemoteActorRefProvider$RemotingTerminator akka://worker@172.31.42.36:5412/system/remoting-terminator - Remote daemon shut down; proceeding with flushing remote transports.
10:22:33.260 [worker-akka.actor.default-dispatcher-2] INFO  a.r.RemoteActorRefProvider$RemotingTerminator akka://worker@172.31.42.36:5412/system/remoting-terminator - Remoting shut down.
Heap
 def new generation   total 153600K, used 142527K [0x00000000e0c00000, 0x00000000eb2a0000, 0x00000000eb2a0000)
  eden space 136576K,  97% used [0x00000000e0c00000, 0x00000000e8d7e7b0, 0x00000000e9160000)
  from space 17024K,  58% used [0x00000000e9160000, 0x00000000e9b11620, 0x00000000ea200000)
  to   space 17024K,   0% used [0x00000000ea200000, 0x00000000ea200000, 0x00000000eb2a0000)
 tenured generation   total 341376K, used 93849K [0x00000000eb2a0000, 0x0000000100000000, 0x0000000100000000)
   the space 341376K,  27% used [0x00000000eb2a0000, 0x00000000f0e46430, 0x00000000f0e46600, 0x0000000100000000)
 Metaspace       used 33454K, capacity 34282K, committed 34688K, reserved 1079296K
  class space    used 4456K, capacity 4624K, committed 4736K, reserved 1048576K
