12:01:58.623 [worker-akka.actor.default-dispatcher-2] INFO  a.e.s.Slf4jLogger  - Slf4jLogger started
2018-02-19T12:01:58.774+0000: 1.893: [Full GC (Metadata GC Threshold) 2018-02-19T12:01:58.774+0000: 1.893: [Tenured: 0K->15418K(341376K), 0.0371596 secs] 117538K->15418K(494976K), [Metaspace: 20871K->20871K(1067008K)], 0.0372196 secs] [Times: user=0.03 sys=0.01, real=0.03 secs] 
Ama winner
Ama winner
12:01:59.150 [worker-akka.actor.default-dispatcher-2] INFO  a.r.a.ArteryTransport(akka://worker) akka.remote.artery.ArteryTransport(akka://worker) - Started embedded media driver in directory [/dev/shm/aeron-root-worker-1694a830-b541-4365-87e3-ba5111d64025]
12:01:59.366 [worker-akka.actor.default-dispatcher-2] INFO  a.r.a.ArteryTransport(akka://worker) akka.remote.artery.ArteryTransport(akka://worker) - Remoting started; listening on address: [akka://worker@172.31.47.83:5412] with UID [1801380971519345870]
12:01:59.463 [worker-akka.actor.default-dispatcher-2] INFO  o.a.z.ZooKeeper  - Client environment:zookeeper.version=3.4.9-1757313, built on 08/23/2016 06:50 GMT
12:01:59.463 [worker-akka.actor.default-dispatcher-2] INFO  o.a.z.ZooKeeper  - Client environment:host.name=ip-172-31-47-83.us-east-2.compute.internal
12:01:59.463 [worker-akka.actor.default-dispatcher-2] INFO  o.a.z.ZooKeeper  - Client environment:java.version=1.8.0_151
12:01:59.464 [worker-akka.actor.default-dispatcher-2] INFO  o.a.z.ZooKeeper  - Client environment:java.vendor=Oracle Corporation
12:01:59.464 [worker-akka.actor.default-dispatcher-2] INFO  o.a.z.ZooKeeper  - Client environment:java.home=/usr/lib/jvm/java-8-openjdk-amd64/jre
12:01:59.464 [worker-akka.actor.default-dispatcher-2] INFO  o.a.z.ZooKeeper  - Client environment:java.class.path=lib/commons-cli-1.4.jar:lib/minlog-1.3.0.jar:lib/asm-5.0.4.jar:lib/hadoop-annotations-2.7.3.jar:lib/hadoop-auth-2.7.3.jar:lib/akka-slf4j_2.11-2.5.6.jar:lib/jersey-core-1.9.jar:lib/lz4-1.3.0.jar:lib/jackson-core-asl-1.9.13.jar:lib/aeron-client-1.3.0.jar:lib/htrace-core-3.1.0-incubating.jar:lib/xz-1.0.jar:lib/commons-httpclient-3.1.jar:lib/asm-3.1.jar:lib/commons-lang3-3.4.jar:lib/scala-library-2.11.11.jar:lib/scala-java8-compat_2.11-0.7.0.jar:lib/commons-configuration-1.6.jar:lib/objenesis-2.1.jar:lib/jackson-annotations-2.8.0.jar:lib/jsr305-3.0.0.jar:lib/curator-framework-2.7.1.jar:lib/jersey-server-1.9.jar:lib/jets3t-0.9.0.jar:lib/leveldb-0.7.jar:lib/jetty-6.1.26.jar:lib/stax-api-1.0-2.jar:lib/flamestream-core-1.0-SNAPSHOT.jar:lib/reflectasm-1.07-shaded.jar:lib/apacheds-kerberos-codec-2.0.0-M15.jar:lib/api-asn1-api-1.0.0-M20.jar:lib/commons-lang-2.6.jar:lib/commons-beanutils-1.7.0.jar:lib/jackson-xc-1.8.3.jar:lib/jetty-util-6.1.26.jar:lib/logback-classic-1.2.3.jar:lib/jool-0.9.12.jar:lib/flamestream-runtime-1.0-SNAPSHOT-tests.jar:lib/httpcore-4.1.2.jar:lib/kryo-4.0.0.jar:lib/ant-1.8.1.jar:lib/jaxb-impl-2.2.3-1.jar:lib/jersey-json-1.9.jar:lib/commons-compress-1.4.1.jar:lib/leveldbjni-all-1.8.jar:lib/paranamer-2.3.jar:lib/jackson-core-2.8.4.jar:lib/commons-math3-3.6.1.jar:lib/scala-parser-combinators_2.11-1.0.4.jar:lib/netty-3.10.6.Final.jar:lib/trove4j-3.0.3.jar:lib/jaxb-api-2.2.2.jar:lib/logback-core-1.2.3.jar:lib/snappy-java-1.0.4.1.jar:lib/protobuf-java-2.5.0.jar:lib/reactive-streams-1.0.1.jar:lib/flamestream-examples-1.0-SNAPSHOT.jar:lib/commons-codec-1.4.jar:lib/activation-1.1.jar:lib/commons-net-3.1.jar:lib/curator-recipes-2.7.1.jar:lib/jackson-mapper-asl-1.9.13.jar:lib/jackson-databind-2.8.4.jar:lib/flamestream-runtime-1.0-SNAPSHOT.jar:lib/jackson-jaxrs-1.8.3.jar:lib/slf4j-api-1.7.24.jar:lib/akka-remote_2.11-2.5.6.jar:lib/akka-testkit_2.11-2.5.6.jar:lib/jline-0.9.94.jar:lib/akka-stream_2.11-2.5.6.jar:lib/jsp-api-2.1.jar:lib/kryonet-2.21.jar:lib/akka-kryo-serialization_2.11-0.5.0.jar:lib/config-1.3.1.jar:lib/ant-launcher-1.8.1.jar:lib/commons-logging-1.2.jar:lib/ssl-config-core_2.11-0.2.2.jar:lib/testng-6.10.jar:lib/leveldb-api-0.7.jar:lib/reflectasm-1.11.3.jar:lib/jcommander-1.48.jar:lib/commons-1.1.jar:lib/commons-digester-1.8.jar:lib/minlog-1.2.jar:lib/java-xmlbuilder-0.4.jar:lib/jettison-1.1.jar:lib/gson-2.2.4.jar:lib/jdk.tools-1.8.jar:lib/aeron-driver-1.3.0.jar:lib/zookeeper-3.4.9.jar:lib/commons-beanutils-core-1.8.0.jar:lib/commons-math3-3.1.1.jar:lib/akka-actor_2.11-2.5.6.jar:lib/curator-client-2.7.1.jar:lib/servlet-api-2.5.jar:lib/apacheds-i18n-2.0.0-M15.jar:lib/commons-io-2.4.jar:lib/commons-codec-1.6.jar:lib/akka-protobuf_2.11-2.5.6.jar:lib/protobuf-java-3.5.1.jar:lib/jdom-2.0.2.jar:lib/api-util-1.0.0-M20.jar:lib/hadoop-common-2.7.3.jar:lib/agrona-0.9.6.jar:lib/xmlenc-0.52.jar:lib/guava-21.0.jar:lib/commons-collections-3.2.2.jar:lib/avro-1.7.4.jar:lib/httpclient-4.1.2.jar:lib/flamestream-core-1.0-SNAPSHOT-tests.jar:lib/annotations-12.0.jar:lib/jsch-0.1.42.jar:flamestream-runtime-1.0-SNAPSHOT.jar
12:01:59.464 [worker-akka.actor.default-dispatcher-2] INFO  o.a.z.ZooKeeper  - Client environment:java.library.path=/usr/java/packages/lib/amd64:/usr/lib/x86_64-linux-gnu/jni:/lib/x86_64-linux-gnu:/usr/lib/x86_64-linux-gnu:/usr/lib/jni:/lib:/usr/lib
12:01:59.464 [worker-akka.actor.default-dispatcher-2] INFO  o.a.z.ZooKeeper  - Client environment:java.io.tmpdir=/tmp
12:01:59.464 [worker-akka.actor.default-dispatcher-2] INFO  o.a.z.ZooKeeper  - Client environment:java.compiler=<NA>
12:01:59.464 [worker-akka.actor.default-dispatcher-2] INFO  o.a.z.ZooKeeper  - Client environment:os.name=Linux
12:01:59.464 [worker-akka.actor.default-dispatcher-2] INFO  o.a.z.ZooKeeper  - Client environment:os.arch=amd64
12:01:59.464 [worker-akka.actor.default-dispatcher-2] INFO  o.a.z.ZooKeeper  - Client environment:os.version=4.4.0-1049-aws
12:01:59.464 [worker-akka.actor.default-dispatcher-2] INFO  o.a.z.ZooKeeper  - Client environment:user.name=root
12:01:59.465 [worker-akka.actor.default-dispatcher-2] INFO  o.a.z.ZooKeeper  - Client environment:user.home=/root
12:01:59.466 [worker-akka.actor.default-dispatcher-2] INFO  o.a.z.ZooKeeper  - Client environment:user.dir=/opt/flamestream
12:01:59.469 [worker-akka.actor.default-dispatcher-2] INFO  o.a.z.ZooKeeper  - Initiating client connection, connectString=172.31.34.147:2181 sessionTimeout=5000 watcher=com.spbsu.flamestream.runtime.application.LifecycleWatcher$$Lambda$29/2091173542@1b48f905
12:01:59.504 [worker-akka.actor.default-dispatcher-2-SendThread(172.31.34.147:2181)] INFO  o.a.z.ClientCnxn  - Opening socket connection to server 172.31.34.147/172.31.34.147:2181. Will not attempt to authenticate using SASL (unknown error)
12:01:59.503 [worker-akka.actor.default-dispatcher-2] INFO  a.a.RepointableActorRef akka://worker/user/watcher - Starting...
12:01:59.510 [worker-akka.actor.default-dispatcher-2-SendThread(172.31.34.147:2181)] INFO  o.a.z.ClientCnxn  - Socket connection established to 172.31.34.147/172.31.34.147:2181, initiating session
12:01:59.517 [worker-akka.actor.default-dispatcher-2-SendThread(172.31.34.147:2181)] INFO  o.a.z.ClientCnxn  - Session establishment complete on server 172.31.34.147/172.31.34.147:2181, sessionid = 0x161adf06039000a, negotiated timeout = 6000
12:01:59.611 [worker-akka.actor.default-dispatcher-2] INFO  a.a.RepointableActorRef akka://worker/user/watcher - Connected to ZK
12:02:08.944 [worker-akka.actor.default-dispatcher-2] INFO  a.a.RepointableActorRef akka://worker/user/watcher - Creating node with watchGraphs: 'com.spbsu.flamestream.core.Graph$Builder$MyGraph@22aae96d', config: 'ClusterConfig{paths={172.31.33.155=akka://worker@172.31.33.155:5412/user/watcher/graph0000000000, 172.31.47.83=akka://worker@172.31.47.83:5412/user/watcher/graph0000000000, 172.31.45.197=akka://worker@172.31.45.197:5412/user/watcher/graph0000000000, 172.31.42.36=akka://worker@172.31.42.36:5412/user/watcher/graph0000000000, 172.31.44.83=akka://worker@172.31.44.83:5412/user/watcher/graph0000000000, 172.31.39.64=akka://worker@172.31.39.64:5412/user/watcher/graph0000000000, 172.31.35.79=akka://worker@172.31.35.79:5412/user/watcher/graph0000000000, 172.31.34.169=akka://worker@172.31.34.169:5412/user/watcher/graph0000000000, 172.31.47.100=akka://worker@172.31.47.100:5412/user/watcher/graph0000000000, 172.31.37.101=akka://worker@172.31.37.101:5412/user/watcher/graph0000000000}, ackerLocation='172.31.35.79', props=ComputationLayout{ranges={172.31.33.155=HashRange{from=-1670265060, to=-1193046472}, 172.31.47.83=HashRange{from=1670265056, to=2147483644}, 172.31.45.197=HashRange{from=-715827884, to=-238609296}, 172.31.42.36=HashRange{from=1193046468, to=1670265056}, 172.31.44.83=HashRange{from=-238609296, to=238609292}, 172.31.39.64=HashRange{from=715827880, to=1193046468}, 172.31.35.79=HashRange{from=0, to=0}, 172.31.34.169=HashRange{from=-2147483648, to=-1670265060}, 172.31.47.100=HashRange{from=238609292, to=715827880}, 172.31.37.101=HashRange{from=-1193046472, to=-715827884}}}}'
12:02:09.778 [worker-akka.actor.default-dispatcher-2] INFO  a.a.LocalActorRef akka://worker/user/watcher/graph0000000000/graph - Starting...
12:02:09.780 [worker-akka.actor.default-dispatcher-2] INFO  a.a.LocalActorRef akka://worker/user/watcher/graph0000000000/graph/local-acker - Starting...
12:02:09.783 [worker-akka.actor.default-dispatcher-2] INFO  a.a.LocalActorRef akka://worker/user/watcher/graph0000000000/graph/local-acker/$a - Starting...
Warning: space is running low in /dev/shm (tmpfs) threshold=167,772,160 usable=158,621,696
Warning: space is running low in /dev/shm (tmpfs) threshold=167,772,160 usable=146,034,688
Warning: space is running low in /dev/shm (tmpfs) threshold=167,772,160 usable=133,447,680
Warning: space is running low in /dev/shm (tmpfs) threshold=167,772,160 usable=120,860,672
Warning: space is running low in /dev/shm (tmpfs) threshold=167,772,160 usable=108,273,664
Warning: space is running low in /dev/shm (tmpfs) threshold=167,772,160 usable=95,686,656
Warning: space is running low in /dev/shm (tmpfs) threshold=167,772,160 usable=83,099,648
Warning: space is running low in /dev/shm (tmpfs) threshold=167,772,160 usable=70,512,640
12:02:10.514 [worker-akka.actor.default-dispatcher-2] INFO  a.a.LocalActorRef akka://worker/user/watcher/graph0000000000/graph - Finishing constructor
12:02:10.515 [worker-akka.actor.default-dispatcher-2] INFO  a.a.LocalActorRef akka://worker/user/watcher/graph0000000000 - Starting...
12:02:10.516 [worker-akka.actor.default-dispatcher-2] INFO  a.a.LocalActorRef akka://worker/user/watcher/graph0000000000/negotiator - Starting...
12:02:10.516 [worker-akka.actor.default-dispatcher-2] INFO  a.a.LocalActorRef akka://worker/user/watcher/graph0000000000/edge - Starting...
12:02:10.602 [worker-akka.actor.default-dispatcher-2] INFO  c.s.f.r.e.s.SocketRear  - FlameSocketGraphDeployerRear@172.31.47.83: connecting to 172.31.34.147:5678
12:02:10.610 [worker-akka.actor.default-dispatcher-2] INFO  c.s.f.r.e.s.SocketRear  - FlameSocketGraphDeployerRear@172.31.47.83: connected to 172.31.34.147:5678
12:02:10.639 [worker-akka.actor.default-dispatcher-2] INFO  a.a.LocalActorRef akka://worker/user/watcher/graph0000000000/graph/$a - Starting...
12:02:10.649 [worker-akka.actor.default-dispatcher-2] INFO  a.a.LocalActorRef akka://worker/user/watcher/graph0000000000/graph/$b - Starting...
12:02:10.649 [worker-akka.actor.default-dispatcher-2] INFO  a.a.LocalActorRef akka://worker/user/watcher/graph0000000000/graph/$c - Starting...
12:02:10.650 [worker-akka.actor.default-dispatcher-2] INFO  a.a.LocalActorRef akka://worker/user/watcher/graph0000000000/edge/FlameSocketGraphDeployerRear - Starting...
12:02:10.650 [worker-akka.actor.default-dispatcher-2] INFO  a.a.LocalActorRef akka://worker/user/watcher/graph0000000000/edge/FlameSocketGraphDeployerFront - Starting...
12:02:10.650 [worker-akka.actor.default-dispatcher-2] INFO  a.a.LocalActorRef akka://worker/user/watcher/graph0000000000/negotiator - Requesting ticket for the frontClass FlameSocketGraphDeployerFront@172.31.47.83
12:02:10.651 [worker-akka.actor.default-dispatcher-2] INFO  a.a.LocalActorRef akka://worker/user/watcher/graph0000000000/negotiator - Ticket for the frontClass received: FrontTicket{allowedTimestamp=(1519041728931, FlameSocketGraphDeployerFront@172.31.47.83)}
12:02:10.657 [worker-akka.actor.default-dispatcher-2] INFO  c.s.f.r.e.s.SocketFront  - FlameSocketGraphDeployerFront@172.31.47.83: connecting to 172.31.34.147:4567
12:02:10.680 [Client] INFO  c.s.f.r.e.s.SocketFront  - FlameSocketGraphDeployerFront@172.31.47.83 has been disconnected from Connection 3
2018-02-19T12:02:15.802+0000: 18.921: [GC (Allocation Failure) 2018-02-19T12:02:15.802+0000: 18.921: [DefNew: 136576K->15055K(153600K), 0.0688345 secs] 151994K->50004K(494976K), 0.0689014 secs] [Times: user=0.01 sys=0.06, real=0.07 secs] 
2018-02-19T12:02:52.409+0000: 55.527: [GC (Allocation Failure) 2018-02-19T12:02:52.409+0000: 55.528: [DefNew: 151631K->3558K(153600K), 0.0169784 secs] 186580K->46029K(494976K), 0.0170448 secs] [Times: user=0.01 sys=0.00, real=0.02 secs] 
2018-02-19T12:03:35.028+0000: 98.147: [GC (Allocation Failure) 2018-02-19T12:03:35.028+0000: 98.147: [DefNew: 140134K->5948K(153600K), 0.0128797 secs] 182605K->48419K(494976K), 0.0129481 secs] [Times: user=0.01 sys=0.00, real=0.01 secs] 
2018-02-19T12:04:11.008+0000: 134.126: [GC (Allocation Failure) 2018-02-19T12:04:11.008+0000: 134.126: [DefNew: 142524K->7666K(153600K), 0.0165391 secs] 184995K->50137K(494976K), 0.0166119 secs] [Times: user=0.02 sys=0.00, real=0.01 secs] 
2018-02-19T12:04:40.037+0000: 163.156: [GC (Allocation Failure) 2018-02-19T12:04:40.038+0000: 163.156: [DefNew: 144242K->8811K(153600K), 0.0152167 secs] 186713K->51282K(494976K), 0.0152834 secs] [Times: user=0.02 sys=0.00, real=0.02 secs] 
2018-02-19T12:05:14.565+0000: 197.683: [GC (Allocation Failure) 2018-02-19T12:05:14.565+0000: 197.683: [DefNew: 145387K->8805K(153600K), 0.0178262 secs] 187858K->52817K(494976K), 0.0178990 secs] [Times: user=0.02 sys=0.00, real=0.01 secs] 
2018-02-19T12:05:47.832+0000: 230.950: [GC (Allocation Failure) 2018-02-19T12:05:47.832+0000: 230.950: [DefNew: 145381K->8487K(153600K), 0.0165816 secs] 189393K->53920K(494976K), 0.0166491 secs] [Times: user=0.02 sys=0.00, real=0.02 secs] 
2018-02-19T12:06:33.748+0000: 276.866: [GC (Allocation Failure) 2018-02-19T12:06:33.748+0000: 276.866: [DefNew: 145063K->10111K(153600K), 0.0252585 secs] 190496K->55544K(494976K), 0.0253340 secs] [Times: user=0.01 sys=0.01, real=0.03 secs] 
2018-02-19T12:07:10.977+0000: 314.096: [GC (Allocation Failure) 2018-02-19T12:07:10.977+0000: 314.096: [DefNew: 146687K->8840K(153600K), 0.0186494 secs] 192120K->56729K(494976K), 0.0187196 secs] [Times: user=0.01 sys=0.01, real=0.02 secs] 
2018-02-19T12:07:40.107+0000: 343.225: [GC (Allocation Failure) 2018-02-19T12:07:40.107+0000: 343.225: [DefNew: 145416K->8562K(153600K), 0.0172882 secs] 193305K->57761K(494976K), 0.0173592 secs] [Times: user=0.02 sys=0.00, real=0.01 secs] 
2018-02-19T12:08:20.390+0000: 383.508: [GC (Allocation Failure) 2018-02-19T12:08:20.390+0000: 383.508: [DefNew: 145138K->8411K(153600K), 0.0148667 secs] 194337K->58679K(494976K), 0.0149323 secs] [Times: user=0.01 sys=0.00, real=0.02 secs] 
2018-02-19T12:09:01.734+0000: 424.852: [GC (Allocation Failure) 2018-02-19T12:09:01.734+0000: 424.852: [DefNew: 144987K->9587K(153600K), 0.0150268 secs] 195255K->59854K(494976K), 0.0150936 secs] [Times: user=0.02 sys=0.00, real=0.01 secs] 
2018-02-19T12:09:45.607+0000: 468.726: [GC (Allocation Failure) 2018-02-19T12:09:45.607+0000: 468.726: [DefNew: 146163K->9923K(153600K), 0.0190788 secs] 196430K->61685K(494976K), 0.0191584 secs] [Times: user=0.02 sys=0.00, real=0.02 secs] 
2018-02-19T12:10:17.551+0000: 500.669: [GC (Allocation Failure) 2018-02-19T12:10:17.551+0000: 500.669: [DefNew: 146499K->8329K(153600K), 0.0171514 secs] 198261K->62063K(494976K), 0.0172263 secs] [Times: user=0.02 sys=0.00, real=0.02 secs] 
2018-02-19T12:10:53.602+0000: 536.721: [GC (Allocation Failure) 2018-02-19T12:10:53.602+0000: 536.721: [DefNew: 144905K->9476K(153600K), 0.0148847 secs] 198639K->63211K(494976K), 0.0149501 secs] [Times: user=0.01 sys=0.00, real=0.02 secs] 
2018-02-19T12:11:37.183+0000: 580.302: [GC (Allocation Failure) 2018-02-19T12:11:37.183+0000: 580.302: [DefNew: 146052K->9627K(153600K), 0.0165421 secs] 199787K->64314K(494976K), 0.0166065 secs] [Times: user=0.02 sys=0.00, real=0.02 secs] 
2018-02-19T12:12:09.294+0000: 612.413: [GC (Allocation Failure) 2018-02-19T12:12:09.294+0000: 612.413: [DefNew: 146203K->8412K(153600K), 0.0299495 secs] 200890K->65202K(494976K), 0.0300291 secs] [Times: user=0.00 sys=0.03, real=0.02 secs] 
2018-02-19T12:12:48.957+0000: 652.075: [GC (Allocation Failure) 2018-02-19T12:12:48.957+0000: 652.075: [DefNew: 144988K->9988K(153600K), 0.0163420 secs] 201778K->66778K(494976K), 0.0164080 secs] [Times: user=0.02 sys=0.00, real=0.02 secs] 
2018-02-19T12:13:31.594+0000: 694.712: [GC (Allocation Failure) 2018-02-19T12:13:31.594+0000: 694.712: [DefNew: 146564K->9283K(153600K), 0.0184444 secs] 203354K->67829K(494976K), 0.0185049 secs] [Times: user=0.02 sys=0.00, real=0.02 secs] 
2018-02-19T12:14:13.486+0000: 736.604: [GC (Allocation Failure) 2018-02-19T12:14:13.486+0000: 736.604: [DefNew: 145859K->9657K(153600K), 0.0169238 secs] 204405K->69270K(494976K), 0.0170088 secs] [Times: user=0.01 sys=0.00, real=0.01 secs] 
2018-02-19T12:14:48.104+0000: 771.222: [GC (Allocation Failure) 2018-02-19T12:14:48.104+0000: 771.222: [DefNew: 146233K->8256K(153600K), 0.0170621 secs] 205846K->70035K(494976K), 0.0171302 secs] [Times: user=0.01 sys=0.01, real=0.02 secs] 
2018-02-19T12:15:24.026+0000: 807.144: [GC (Allocation Failure) 2018-02-19T12:15:24.026+0000: 807.144: [DefNew: 144832K->9839K(153600K), 0.0159736 secs] 206611K->71618K(494976K), 0.0160483 secs] [Times: user=0.02 sys=0.00, real=0.01 secs] 
2018-02-19T12:15:54.788+0000: 837.906: [GC (Allocation Failure) 2018-02-19T12:15:54.788+0000: 837.906: [DefNew: 146415K->9802K(153600K), 0.0294004 secs] 208194K->72800K(494976K), 0.0294678 secs] [Times: user=0.00 sys=0.03, real=0.03 secs] 
2018-02-19T12:16:32.007+0000: 875.125: [GC (Allocation Failure) 2018-02-19T12:16:32.007+0000: 875.125: [DefNew: 146378K->10406K(153600K), 0.0305137 secs] 209376K->75433K(494976K), 0.0305851 secs] [Times: user=0.00 sys=0.03, real=0.03 secs] 
2018-02-19T12:17:04.517+0000: 907.635: [GC (Allocation Failure) 2018-02-19T12:17:04.517+0000: 907.635: [DefNew: 146982K->8517K(153600K), 0.0180091 secs] 212009K->76207K(494976K), 0.0180748 secs] [Times: user=0.02 sys=0.00, real=0.02 secs] 
2018-02-19T12:17:37.824+0000: 940.942: [GC (Allocation Failure) 2018-02-19T12:17:37.824+0000: 940.943: [DefNew: 145093K->7952K(153600K), 0.0287846 secs] 212783K->77758K(494976K), 0.0288647 secs] [Times: user=0.00 sys=0.03, real=0.04 secs] 
2018-02-19T12:18:11.379+0000: 974.498: [GC (Allocation Failure) 2018-02-19T12:18:11.379+0000: 974.498: [DefNew: 144528K->9437K(153600K), 0.0146983 secs] 214334K->79244K(494976K), 0.0147654 secs] [Times: user=0.02 sys=0.00, real=0.02 secs] 
2018-02-19T12:18:52.559+0000: 1015.677: [GC (Allocation Failure) 2018-02-19T12:18:52.559+0000: 1015.677: [DefNew: 146013K->9362K(153600K), 0.0231312 secs] 215820K->80415K(494976K), 0.0231997 secs] [Times: user=0.00 sys=0.03, real=0.02 secs] 
2018-02-19T12:19:23.598+0000: 1046.717: [GC (Allocation Failure) 2018-02-19T12:19:23.599+0000: 1046.717: [DefNew: 145938K->9320K(153600K), 0.0161379 secs] 216991K->81553K(494976K), 0.0162060 secs] [Times: user=0.02 sys=0.00, real=0.02 secs] 
2018-02-19T12:19:58.733+0000: 1081.851: [GC (Allocation Failure) 2018-02-19T12:19:58.733+0000: 1081.851: [DefNew: 145896K->9515K(153600K), 0.0168240 secs] 218129K->82909K(494976K), 0.0168889 secs] [Times: user=0.02 sys=0.00, real=0.01 secs] 
2018-02-19T12:20:33.946+0000: 1117.064: [GC (Allocation Failure) 2018-02-19T12:20:33.946+0000: 1117.064: [DefNew: 146091K->9408K(153600K), 0.0163620 secs] 219485K->83936K(494976K), 0.0164205 secs] [Times: user=0.02 sys=0.00, real=0.01 secs] 
2018-02-19T12:21:13.173+0000: 1156.292: [GC (Allocation Failure) 2018-02-19T12:21:13.173+0000: 1156.292: [DefNew: 145984K->9891K(153600K), 0.0169882 secs] 220512K->85485K(494976K), 0.0170696 secs] [Times: user=0.01 sys=0.00, real=0.01 secs] 
2018-02-19T12:21:54.869+0000: 1197.987: [GC (Allocation Failure) 2018-02-19T12:21:54.869+0000: 1197.987: [DefNew: 146467K->9108K(153600K), 0.0178209 secs] 222061K->87054K(494976K), 0.0178874 secs] [Times: user=0.02 sys=0.00, real=0.02 secs] 
2018-02-19T12:22:29.939+0000: 1233.057: [GC (Allocation Failure) 2018-02-19T12:22:29.939+0000: 1233.057: [DefNew: 145684K->9058K(153600K), 0.0162247 secs] 223630K->88513K(494976K), 0.0163112 secs] [Times: user=0.01 sys=0.00, real=0.02 secs] 
2018-02-19T12:23:05.143+0000: 1268.261: [GC (Allocation Failure) 2018-02-19T12:23:05.143+0000: 1268.261: [DefNew: 145634K->9046K(153600K), 0.0163242 secs] 225089K->90079K(494976K), 0.0163905 secs] [Times: user=0.01 sys=0.00, real=0.02 secs] 
2018-02-19T12:23:40.494+0000: 1303.612: [GC (Allocation Failure) 2018-02-19T12:23:40.494+0000: 1303.612: [DefNew: 145622K->9147K(153600K), 0.0160101 secs] 226655K->91565K(494976K), 0.0160783 secs] [Times: user=0.01 sys=0.02, real=0.01 secs] 
2018-02-19T12:24:17.738+0000: 1340.856: [GC (Allocation Failure) 2018-02-19T12:24:17.738+0000: 1340.856: [DefNew: 145723K->9160K(153600K), 0.0156766 secs] 228141K->93073K(494976K), 0.0157436 secs] [Times: user=0.02 sys=0.00, real=0.02 secs] 
2018-02-19T12:24:49.188+0000: 1372.307: [GC (Allocation Failure) 2018-02-19T12:24:49.188+0000: 1372.307: [DefNew: 145736K->8850K(153600K), 0.0154891 secs] 229649K->94323K(494976K), 0.0155724 secs] [Times: user=0.00 sys=0.00, real=0.01 secs] 
2018-02-19T12:25:28.307+0000: 1411.426: [GC (Allocation Failure) 2018-02-19T12:25:28.307+0000: 1411.426: [DefNew: 145426K->9340K(153600K), 0.0157243 secs] 230899K->96089K(494976K), 0.0157936 secs] [Times: user=0.01 sys=0.00, real=0.01 secs] 
2018-02-19T12:26:04.233+0000: 1447.352: [GC (Allocation Failure) 2018-02-19T12:26:04.233+0000: 1447.352: [DefNew: 145916K->9379K(153600K), 0.0156370 secs] 232665K->97520K(494976K), 0.0157204 secs] [Times: user=0.01 sys=0.00, real=0.01 secs] 
2018-02-19T12:26:26.418+0000: 1469.537: [GC (Allocation Failure) 2018-02-19T12:26:26.418+0000: 1469.537: [DefNew: 145955K->9860K(153600K), 0.0162267 secs] 234096K->99502K(494976K), 0.0162872 secs] [Times: user=0.02 sys=0.00, real=0.02 secs] 
2018-02-19T12:27:09.749+0000: 1512.867: [GC (Allocation Failure) 2018-02-19T12:27:09.749+0000: 1512.867: [DefNew: 146436K->10093K(153600K), 0.0167600 secs] 236078K->101173K(494976K), 0.0168251 secs] [Times: user=0.01 sys=0.00, real=0.02 secs] 
2018-02-19T12:27:42.973+0000: 1546.091: [GC (Allocation Failure) 2018-02-19T12:27:42.973+0000: 1546.091: [DefNew: 146669K->10113K(153600K), 0.0166193 secs] 237749K->102768K(494976K), 0.0167216 secs] [Times: user=0.02 sys=0.00, real=0.01 secs] 
12:27:50.503 [Client] INFO  c.s.f.r.e.s.SocketRear  - FlameSocketGraphDeployerRear@172.31.47.83: has been disconnected from Connection 3
12:28:07.797 [worker-akka.actor.default-dispatcher-2] INFO  a.a.CoordinatedShutdown CoordinatedShutdown(akka://worker) - Starting coordinated shutdown from JVM shutdown hook
12:28:07.838 [worker-akka.actor.default-dispatcher-2] INFO  a.a.LocalActorRef akka://worker/user/watcher/graph0000000000/negotiator - Stopped
12:28:07.838 [worker-akka.actor.default-dispatcher-2] INFO  a.a.LocalActorRef akka://worker/user/watcher/graph0000000000/edge/FlameSocketGraphDeployerFront - Stopped
12:28:07.839 [worker-akka.actor.default-dispatcher-2] INFO  a.a.LocalActorRef akka://worker/user/watcher/graph0000000000/edge/FlameSocketGraphDeployerRear - Stopped
12:28:07.844 [worker-akka.actor.default-dispatcher-2] INFO  a.a.LocalActorRef akka://worker/user/watcher/graph0000000000/graph/$a - Stopped
12:28:07.844 [worker-akka.actor.default-dispatcher-2] INFO  a.a.LocalActorRef akka://worker/user/watcher/graph0000000000/graph/$b - Stopped
12:28:07.845 [worker-akka.actor.default-dispatcher-2] INFO  a.a.LocalActorRef akka://worker/user/watcher/graph0000000000/graph/$c - Stopped
12:28:07.845 [worker-akka.actor.default-dispatcher-2] INFO  a.a.LocalActorRef akka://worker/user/watcher/graph0000000000/graph/local-acker/$a - Stopped
12:28:07.849 [worker-akka.actor.default-dispatcher-2] INFO  a.a.LocalActorRef akka://worker/user/watcher/graph0000000000/edge - Stopped
12:28:07.849 [worker-akka.actor.default-dispatcher-2] INFO  a.a.LocalActorRef akka://worker/user/watcher/graph0000000000/graph/local-acker/$a - Message [com.spbsu.flamestream.runtime.utils.akka.PingActor$InnerPing] from Actor[akka://worker/user/watcher/graph0000000000/graph/local-acker/$a#451062931] to Actor[akka://worker/user/watcher/graph0000000000/graph/local-acker/$a#451062931] was not delivered. [1] dead letters encountered. This logging can be turned off or adjusted with configuration settings 'akka.log-dead-letters' and 'akka.log-dead-letters-during-shutdown'.
12:28:07.849 [worker-akka.actor.default-dispatcher-2] INFO  a.a.LocalActorRef akka://worker/user/watcher/graph0000000000/graph/local-acker - Stopped
12:28:07.856 [worker-akka.actor.default-dispatcher-2] INFO  a.a.LocalActorRef akka://worker/user/watcher/graph0000000000/graph/local-acker/$a - Message [com.spbsu.flamestream.runtime.utils.akka.PingActor$Stop] from Actor[akka://worker/user/watcher/graph0000000000/graph/local-acker#-96734284] to Actor[akka://worker/user/watcher/graph0000000000/graph/local-acker/$a#451062931] was not delivered. [2] dead letters encountered. This logging can be turned off or adjusted with configuration settings 'akka.log-dead-letters' and 'akka.log-dead-letters-during-shutdown'.
12:28:07.857 [worker-akka.actor.default-dispatcher-2] INFO  a.a.LocalActorRef akka://worker/user/watcher/graph0000000000/graph/local-acker - Message [com.spbsu.flamestream.runtime.acker.LocalAcker$Flush] from Actor[akka://worker/user/watcher/graph0000000000/graph/local-acker#-96734284] to Actor[akka://worker/user/watcher/graph0000000000/graph/local-acker#-96734284] was not delivered. [3] dead letters encountered. This logging can be turned off or adjusted with configuration settings 'akka.log-dead-letters' and 'akka.log-dead-letters-during-shutdown'.
12:28:07.858 [worker-akka.actor.default-dispatcher-2] INFO  a.a.LocalActorRef akka://worker/user/watcher/graph0000000000/graph/local-acker - Message [com.spbsu.flamestream.runtime.acker.LocalAcker$Flush] from Actor[akka://worker/user/watcher/graph0000000000/graph/local-acker#-96734284] to Actor[akka://worker/user/watcher/graph0000000000/graph/local-acker#-96734284] was not delivered. [4] dead letters encountered. This logging can be turned off or adjusted with configuration settings 'akka.log-dead-letters' and 'akka.log-dead-letters-during-shutdown'.
12:28:07.859 [worker-akka.actor.default-dispatcher-2] INFO  a.a.LocalActorRef akka://worker/user/watcher/graph0000000000/graph/local-acker - Message [com.spbsu.flamestream.runtime.acker.LocalAcker$Flush] from Actor[akka://worker/user/watcher/graph0000000000/graph/local-acker#-96734284] to Actor[akka://worker/user/watcher/graph0000000000/graph/local-acker#-96734284] was not delivered. [5] dead letters encountered. This logging can be turned off or adjusted with configuration settings 'akka.log-dead-letters' and 'akka.log-dead-letters-during-shutdown'.
12:28:07.859 [worker-akka.actor.default-dispatcher-2] INFO  a.a.LocalActorRef akka://worker/user/watcher/graph0000000000/graph/local-acker - Message [com.spbsu.flamestream.runtime.acker.LocalAcker$Flush] from Actor[akka://worker/user/watcher/graph0000000000/graph/local-acker#-96734284] to Actor[akka://worker/user/watcher/graph0000000000/graph/local-acker#-96734284] was not delivered. [6] dead letters encountered. This logging can be turned off or adjusted with configuration settings 'akka.log-dead-letters' and 'akka.log-dead-letters-during-shutdown'.
12:28:07.860 [worker-akka.actor.default-dispatcher-2] INFO  a.a.LocalActorRef akka://worker/user/watcher/graph0000000000/graph/local-acker - Message [com.spbsu.flamestream.runtime.acker.LocalAcker$Flush] from Actor[akka://worker/user/watcher/graph0000000000/graph/local-acker#-96734284] to Actor[akka://worker/user/watcher/graph0000000000/graph/local-acker#-96734284] was not delivered. [7] dead letters encountered. This logging can be turned off or adjusted with configuration settings 'akka.log-dead-letters' and 'akka.log-dead-letters-during-shutdown'.
12:28:07.860 [worker-akka.actor.default-dispatcher-2] INFO  a.a.LocalActorRef akka://worker/user/watcher/graph0000000000/graph/local-acker - Message [com.spbsu.flamestream.runtime.acker.LocalAcker$Flush] from Actor[akka://worker/user/watcher/graph0000000000/graph/local-acker#-96734284] to Actor[akka://worker/user/watcher/graph0000000000/graph/local-acker#-96734284] was not delivered. [8] dead letters encountered. This logging can be turned off or adjusted with configuration settings 'akka.log-dead-letters' and 'akka.log-dead-letters-during-shutdown'.
12:28:07.862 [worker-akka.actor.default-dispatcher-2] INFO  a.a.LocalActorRef akka://worker/user/watcher/graph0000000000/graph/local-acker - Message [com.spbsu.flamestream.runtime.acker.LocalAcker$Flush] from Actor[akka://worker/user/watcher/graph0000000000/graph/local-acker#-96734284] to Actor[akka://worker/user/watcher/graph0000000000/graph/local-acker#-96734284] was not delivered. [9] dead letters encountered. This logging can be turned off or adjusted with configuration settings 'akka.log-dead-letters' and 'akka.log-dead-letters-during-shutdown'.
12:28:07.862 [worker-akka.actor.default-dispatcher-2] INFO  a.a.LocalActorRef akka://worker/user/watcher/graph0000000000/graph/local-acker - Message [com.spbsu.flamestream.runtime.acker.LocalAcker$Flush] from Actor[akka://worker/user/watcher/graph0000000000/graph/local-acker#-96734284] to Actor[akka://worker/user/watcher/graph0000000000/graph/local-acker#-96734284] was not delivered. [10] dead letters encountered. This logging can be turned off or adjusted with configuration settings 'akka.log-dead-letters' and 'akka.log-dead-letters-during-shutdown'.
12:28:07.862 [worker-akka.actor.default-dispatcher-2] INFO  a.a.LocalActorRef akka://worker/user/watcher/graph0000000000/graph - Stopped
12:28:07.865 [worker-akka.actor.default-dispatcher-2-EventThread] INFO  o.a.z.ClientCnxn  - EventThread shut down for session: 0x161adf06039000a
12:28:07.865 [worker-akka.actor.default-dispatcher-2] INFO  o.a.z.ZooKeeper  - Session: 0x161adf06039000a closed
12:28:07.866 [worker-akka.actor.default-dispatcher-2] INFO  a.a.LocalActorRef akka://worker/user/watcher/graph0000000000 - Stopped
12:28:07.866 [worker-akka.actor.default-dispatcher-2] INFO  a.a.RepointableActorRef akka://worker/user/watcher - Stopped
12:28:07.881 [worker-akka.actor.default-dispatcher-2] INFO  a.r.RemoteActorRefProvider$RemotingTerminator akka://worker@172.31.47.83:5412/system/remoting-terminator - Shutting down remote daemon.
12:28:07.884 [worker-akka.actor.default-dispatcher-2] INFO  a.r.RemoteActorRefProvider$RemotingTerminator akka://worker@172.31.47.83:5412/system/remoting-terminator - Remote daemon shut down; proceeding with flushing remote transports.
12:28:09.022 [worker-akka.actor.default-dispatcher-2] INFO  a.r.RemoteActorRefProvider$RemotingTerminator akka://worker@172.31.47.83:5412/system/remoting-terminator - Remoting shut down.
Heap
 def new generation   total 153600K, used 60231K [0x00000000e0c00000, 0x00000000eb2a0000, 0x00000000eb2a0000)
  eden space 136576K,  36% used [0x00000000e0c00000, 0x00000000e3cf15b0, 0x00000000e9160000)
  from space 17024K,  59% used [0x00000000ea200000, 0x00000000eabe0728, 0x00000000eb2a0000)
  to   space 17024K,   0% used [0x00000000e9160000, 0x00000000e9160000, 0x00000000ea200000)
 tenured generation   total 341376K, used 92654K [0x00000000eb2a0000, 0x0000000100000000, 0x0000000100000000)
   the space 341376K,  27% used [0x00000000eb2a0000, 0x00000000f0d1b988, 0x00000000f0d1ba00, 0x0000000100000000)
 Metaspace       used 33647K, capacity 34422K, committed 34688K, reserved 1079296K
  class space    used 4458K, capacity 4624K, committed 4736K, reserved 1048576K
