13:45:02.055 [worker-akka.actor.default-dispatcher-2] INFO  a.e.s.Slf4jLogger  - Slf4jLogger started
2018-02-19T13:45:02.235+0000: 2.755: [Full GC (Metadata GC Threshold) 2018-02-19T13:45:02.235+0000: 2.755: [Tenured: 0K->15415K(341376K), 0.0381990 secs] 117538K->15415K(494976K), [Metaspace: 20869K->20869K(1067008K)], 0.0382659 secs] [Times: user=0.04 sys=0.00, real=0.03 secs] 
Ama winner
Ama winner
13:45:02.720 [worker-akka.actor.default-dispatcher-2] INFO  a.r.a.ArteryTransport(akka://worker) akka.remote.artery.ArteryTransport(akka://worker) - Started embedded media driver in directory [/dev/shm/aeron-root-worker-278734de-1dee-4317-bd48-8e6ea23a640f]
13:45:02.935 [worker-akka.actor.default-dispatcher-2] INFO  a.r.a.ArteryTransport(akka://worker) akka.remote.artery.ArteryTransport(akka://worker) - Remoting started; listening on address: [akka://worker@172.31.37.101:5412] with UID [-6996636553997482076]
13:45:03.041 [worker-akka.actor.default-dispatcher-2] INFO  o.a.z.ZooKeeper  - Client environment:zookeeper.version=3.4.9-1757313, built on 08/23/2016 06:50 GMT
13:45:03.041 [worker-akka.actor.default-dispatcher-2] INFO  o.a.z.ZooKeeper  - Client environment:host.name=ip-172-31-37-101.us-east-2.compute.internal
13:45:03.041 [worker-akka.actor.default-dispatcher-2] INFO  o.a.z.ZooKeeper  - Client environment:java.version=1.8.0_151
13:45:03.041 [worker-akka.actor.default-dispatcher-2] INFO  o.a.z.ZooKeeper  - Client environment:java.vendor=Oracle Corporation
13:45:03.042 [worker-akka.actor.default-dispatcher-2] INFO  o.a.z.ZooKeeper  - Client environment:java.home=/usr/lib/jvm/java-8-openjdk-amd64/jre
13:45:03.042 [worker-akka.actor.default-dispatcher-2] INFO  o.a.z.ZooKeeper  - Client environment:java.class.path=lib/commons-cli-1.4.jar:lib/minlog-1.3.0.jar:lib/asm-5.0.4.jar:lib/hadoop-annotations-2.7.3.jar:lib/hadoop-auth-2.7.3.jar:lib/akka-slf4j_2.11-2.5.6.jar:lib/jersey-core-1.9.jar:lib/lz4-1.3.0.jar:lib/jackson-core-asl-1.9.13.jar:lib/aeron-client-1.3.0.jar:lib/htrace-core-3.1.0-incubating.jar:lib/xz-1.0.jar:lib/commons-httpclient-3.1.jar:lib/asm-3.1.jar:lib/commons-lang3-3.4.jar:lib/scala-library-2.11.11.jar:lib/scala-java8-compat_2.11-0.7.0.jar:lib/commons-configuration-1.6.jar:lib/objenesis-2.1.jar:lib/jackson-annotations-2.8.0.jar:lib/jsr305-3.0.0.jar:lib/curator-framework-2.7.1.jar:lib/jersey-server-1.9.jar:lib/jets3t-0.9.0.jar:lib/leveldb-0.7.jar:lib/jetty-6.1.26.jar:lib/stax-api-1.0-2.jar:lib/flamestream-core-1.0-SNAPSHOT.jar:lib/reflectasm-1.07-shaded.jar:lib/apacheds-kerberos-codec-2.0.0-M15.jar:lib/api-asn1-api-1.0.0-M20.jar:lib/commons-lang-2.6.jar:lib/commons-beanutils-1.7.0.jar:lib/jackson-xc-1.8.3.jar:lib/jetty-util-6.1.26.jar:lib/logback-classic-1.2.3.jar:lib/jool-0.9.12.jar:lib/flamestream-runtime-1.0-SNAPSHOT-tests.jar:lib/httpcore-4.1.2.jar:lib/kryo-4.0.0.jar:lib/ant-1.8.1.jar:lib/jaxb-impl-2.2.3-1.jar:lib/jersey-json-1.9.jar:lib/commons-compress-1.4.1.jar:lib/leveldbjni-all-1.8.jar:lib/paranamer-2.3.jar:lib/jackson-core-2.8.4.jar:lib/commons-math3-3.6.1.jar:lib/scala-parser-combinators_2.11-1.0.4.jar:lib/netty-3.10.6.Final.jar:lib/trove4j-3.0.3.jar:lib/jaxb-api-2.2.2.jar:lib/logback-core-1.2.3.jar:lib/snappy-java-1.0.4.1.jar:lib/protobuf-java-2.5.0.jar:lib/reactive-streams-1.0.1.jar:lib/flamestream-examples-1.0-SNAPSHOT.jar:lib/commons-codec-1.4.jar:lib/activation-1.1.jar:lib/commons-net-3.1.jar:lib/curator-recipes-2.7.1.jar:lib/jackson-mapper-asl-1.9.13.jar:lib/jackson-databind-2.8.4.jar:lib/flamestream-runtime-1.0-SNAPSHOT.jar:lib/jackson-jaxrs-1.8.3.jar:lib/slf4j-api-1.7.24.jar:lib/akka-remote_2.11-2.5.6.jar:lib/akka-testkit_2.11-2.5.6.jar:lib/jline-0.9.94.jar:lib/akka-stream_2.11-2.5.6.jar:lib/jsp-api-2.1.jar:lib/kryonet-2.21.jar:lib/akka-kryo-serialization_2.11-0.5.0.jar:lib/config-1.3.1.jar:lib/ant-launcher-1.8.1.jar:lib/commons-logging-1.2.jar:lib/ssl-config-core_2.11-0.2.2.jar:lib/testng-6.10.jar:lib/leveldb-api-0.7.jar:lib/reflectasm-1.11.3.jar:lib/jcommander-1.48.jar:lib/commons-1.1.jar:lib/commons-digester-1.8.jar:lib/minlog-1.2.jar:lib/java-xmlbuilder-0.4.jar:lib/jettison-1.1.jar:lib/gson-2.2.4.jar:lib/jdk.tools-1.8.jar:lib/aeron-driver-1.3.0.jar:lib/zookeeper-3.4.9.jar:lib/commons-beanutils-core-1.8.0.jar:lib/commons-math3-3.1.1.jar:lib/akka-actor_2.11-2.5.6.jar:lib/curator-client-2.7.1.jar:lib/servlet-api-2.5.jar:lib/apacheds-i18n-2.0.0-M15.jar:lib/commons-io-2.4.jar:lib/commons-codec-1.6.jar:lib/akka-protobuf_2.11-2.5.6.jar:lib/protobuf-java-3.5.1.jar:lib/jdom-2.0.2.jar:lib/api-util-1.0.0-M20.jar:lib/hadoop-common-2.7.3.jar:lib/agrona-0.9.6.jar:lib/xmlenc-0.52.jar:lib/guava-21.0.jar:lib/commons-collections-3.2.2.jar:lib/avro-1.7.4.jar:lib/httpclient-4.1.2.jar:lib/flamestream-core-1.0-SNAPSHOT-tests.jar:lib/annotations-12.0.jar:lib/jsch-0.1.42.jar:flamestream-runtime-1.0-SNAPSHOT.jar
13:45:03.042 [worker-akka.actor.default-dispatcher-2] INFO  o.a.z.ZooKeeper  - Client environment:java.library.path=/usr/java/packages/lib/amd64:/usr/lib/x86_64-linux-gnu/jni:/lib/x86_64-linux-gnu:/usr/lib/x86_64-linux-gnu:/usr/lib/jni:/lib:/usr/lib
13:45:03.042 [worker-akka.actor.default-dispatcher-2] INFO  o.a.z.ZooKeeper  - Client environment:java.io.tmpdir=/tmp
13:45:03.042 [worker-akka.actor.default-dispatcher-2] INFO  o.a.z.ZooKeeper  - Client environment:java.compiler=<NA>
13:45:03.042 [worker-akka.actor.default-dispatcher-2] INFO  o.a.z.ZooKeeper  - Client environment:os.name=Linux
13:45:03.042 [worker-akka.actor.default-dispatcher-2] INFO  o.a.z.ZooKeeper  - Client environment:os.arch=amd64
13:45:03.042 [worker-akka.actor.default-dispatcher-2] INFO  o.a.z.ZooKeeper  - Client environment:os.version=4.4.0-1049-aws
13:45:03.042 [worker-akka.actor.default-dispatcher-2] INFO  o.a.z.ZooKeeper  - Client environment:user.name=root
13:45:03.044 [worker-akka.actor.default-dispatcher-2] INFO  o.a.z.ZooKeeper  - Client environment:user.home=/root
13:45:03.044 [worker-akka.actor.default-dispatcher-2] INFO  o.a.z.ZooKeeper  - Client environment:user.dir=/opt/flamestream
13:45:03.048 [worker-akka.actor.default-dispatcher-2] INFO  o.a.z.ZooKeeper  - Initiating client connection, connectString=172.31.34.147:2181 sessionTimeout=5000 watcher=com.spbsu.flamestream.runtime.application.LifecycleWatcher$$Lambda$29/2091173542@1b48f905
13:45:03.082 [worker-akka.actor.default-dispatcher-2] INFO  a.a.RepointableActorRef akka://worker/user/watcher - Starting...
13:45:03.086 [worker-akka.actor.default-dispatcher-2-SendThread(172.31.34.147:2181)] INFO  o.a.z.ClientCnxn  - Opening socket connection to server 172.31.34.147/172.31.34.147:2181. Will not attempt to authenticate using SASL (unknown error)
13:45:03.090 [worker-akka.actor.default-dispatcher-2-SendThread(172.31.34.147:2181)] INFO  o.a.z.ClientCnxn  - Socket connection established to 172.31.34.147/172.31.34.147:2181, initiating session
13:45:03.099 [worker-akka.actor.default-dispatcher-2-SendThread(172.31.34.147:2181)] INFO  o.a.z.ClientCnxn  - Session establishment complete on server 172.31.34.147/172.31.34.147:2181, sessionid = 0x161ae4eb1e2000b, negotiated timeout = 6000
13:45:03.199 [worker-akka.actor.default-dispatcher-2] INFO  a.a.RepointableActorRef akka://worker/user/watcher - Connected to ZK
13:45:12.690 [worker-akka.actor.default-dispatcher-2] INFO  a.a.RepointableActorRef akka://worker/user/watcher - Creating node with watchGraphs: 'com.spbsu.flamestream.core.Graph$Builder$MyGraph@22aae96d', config: 'ClusterConfig{paths={172.31.33.155=akka://worker@172.31.33.155:5412/user/watcher/graph0000000000, 172.31.47.83=akka://worker@172.31.47.83:5412/user/watcher/graph0000000000, 172.31.45.197=akka://worker@172.31.45.197:5412/user/watcher/graph0000000000, 172.31.42.36=akka://worker@172.31.42.36:5412/user/watcher/graph0000000000, 172.31.44.83=akka://worker@172.31.44.83:5412/user/watcher/graph0000000000, 172.31.39.64=akka://worker@172.31.39.64:5412/user/watcher/graph0000000000, 172.31.35.79=akka://worker@172.31.35.79:5412/user/watcher/graph0000000000, 172.31.34.169=akka://worker@172.31.34.169:5412/user/watcher/graph0000000000, 172.31.47.100=akka://worker@172.31.47.100:5412/user/watcher/graph0000000000, 172.31.37.101=akka://worker@172.31.37.101:5412/user/watcher/graph0000000000}, ackerLocation='172.31.35.79', props=ComputationLayout{ranges={172.31.33.155=HashRange{from=-1670265060, to=-1193046472}, 172.31.47.83=HashRange{from=1670265056, to=2147483644}, 172.31.45.197=HashRange{from=-715827884, to=-238609296}, 172.31.42.36=HashRange{from=1193046468, to=1670265056}, 172.31.44.83=HashRange{from=-238609296, to=238609292}, 172.31.39.64=HashRange{from=715827880, to=1193046468}, 172.31.35.79=HashRange{from=0, to=0}, 172.31.34.169=HashRange{from=-2147483648, to=-1670265060}, 172.31.47.100=HashRange{from=238609292, to=715827880}, 172.31.37.101=HashRange{from=-1193046472, to=-715827884}}}}'
13:45:13.505 [worker-akka.actor.default-dispatcher-2] INFO  a.a.LocalActorRef akka://worker/user/watcher/graph0000000000/graph - Starting...
13:45:13.507 [worker-akka.actor.default-dispatcher-2] INFO  a.a.LocalActorRef akka://worker/user/watcher/graph0000000000/graph/local-acker/$a - Starting...
13:45:13.508 [worker-akka.actor.default-dispatcher-2] INFO  a.a.LocalActorRef akka://worker/user/watcher/graph0000000000/graph/local-acker - Starting...
Warning: space is running low in /dev/shm (tmpfs) threshold=167,772,160 usable=158,621,696
Warning: space is running low in /dev/shm (tmpfs) threshold=167,772,160 usable=146,034,688
Warning: space is running low in /dev/shm (tmpfs) threshold=167,772,160 usable=133,447,680
Warning: space is running low in /dev/shm (tmpfs) threshold=167,772,160 usable=120,860,672
Warning: space is running low in /dev/shm (tmpfs) threshold=167,772,160 usable=108,273,664
Warning: space is running low in /dev/shm (tmpfs) threshold=167,772,160 usable=95,686,656
Warning: space is running low in /dev/shm (tmpfs) threshold=167,772,160 usable=83,099,648
Warning: space is running low in /dev/shm (tmpfs) threshold=167,772,160 usable=70,512,640
13:45:15.280 [worker-akka.actor.default-dispatcher-2] INFO  a.a.LocalActorRef akka://worker/user/watcher/graph0000000000/graph - Finishing constructor
13:45:15.281 [worker-akka.actor.default-dispatcher-2] INFO  a.a.LocalActorRef akka://worker/user/watcher/graph0000000000 - Starting...
13:45:15.282 [worker-akka.actor.default-dispatcher-2] INFO  a.a.LocalActorRef akka://worker/user/watcher/graph0000000000/negotiator - Starting...
13:45:15.343 [worker-akka.actor.default-dispatcher-2] INFO  a.a.LocalActorRef akka://worker/user/watcher/graph0000000000/edge - Starting...
13:45:15.345 [worker-akka.actor.default-dispatcher-2] INFO  a.a.LocalActorRef akka://worker/user/watcher/graph0000000000/graph/$a - Starting...
13:45:15.345 [worker-akka.actor.default-dispatcher-2] INFO  a.a.LocalActorRef akka://worker/user/watcher/graph0000000000/graph/$b - Starting...
13:45:15.347 [worker-akka.actor.default-dispatcher-2] INFO  a.a.LocalActorRef akka://worker/user/watcher/graph0000000000/graph/$c - Starting...
13:45:15.376 [worker-akka.actor.default-dispatcher-2] INFO  c.s.f.r.e.s.SocketRear  - FlameSocketGraphDeployerRear@172.31.37.101: connecting to 172.31.34.147:5678
13:45:15.382 [worker-akka.actor.default-dispatcher-2] INFO  c.s.f.r.e.s.SocketRear  - FlameSocketGraphDeployerRear@172.31.37.101: connected to 172.31.34.147:5678
13:45:15.412 [worker-akka.actor.default-dispatcher-2] INFO  a.a.LocalActorRef akka://worker/user/watcher/graph0000000000/edge/FlameSocketGraphDeployerRear - Starting...
13:45:15.422 [worker-akka.actor.default-dispatcher-2] INFO  a.a.LocalActorRef akka://worker/user/watcher/graph0000000000/edge/FlameSocketGraphDeployerFront - Starting...
13:45:15.422 [worker-akka.actor.default-dispatcher-2] INFO  a.a.LocalActorRef akka://worker/user/watcher/graph0000000000/negotiator - Requesting ticket for the frontClass FlameSocketGraphDeployerFront@172.31.37.101
13:45:15.424 [worker-akka.actor.default-dispatcher-2] INFO  a.a.LocalActorRef akka://worker/user/watcher/graph0000000000/negotiator - Ticket for the frontClass received: FrontTicket{allowedTimestamp=(1519047912661, FlameSocketGraphDeployerFront@172.31.37.101)}
13:45:15.427 [worker-akka.actor.default-dispatcher-2] INFO  c.s.f.r.e.s.SocketFront  - FlameSocketGraphDeployerFront@172.31.37.101: connecting to 172.31.34.147:4567
13:45:15.442 [Client] INFO  c.s.f.r.e.s.SocketFront  - FlameSocketGraphDeployerFront@172.31.37.101 has been disconnected from Connection 10
2018-02-19T13:45:18.548+0000: 19.068: [GC (Allocation Failure) 2018-02-19T13:45:18.548+0000: 19.068: [DefNew: 136576K->15673K(153600K), 0.0297573 secs] 151991K->50620K(494976K), 0.0298220 secs] [Times: user=0.01 sys=0.01, real=0.03 secs] 
2018-02-19T13:45:33.766+0000: 34.286: [GC (Allocation Failure) 2018-02-19T13:45:33.766+0000: 34.286: [DefNew: 152249K->3352K(153600K), 0.0168637 secs] 187196K->45929K(494976K), 0.0169263 secs] [Times: user=0.01 sys=0.01, real=0.02 secs] 
2018-02-19T13:45:52.259+0000: 52.779: [GC (Allocation Failure) 2018-02-19T13:45:52.259+0000: 52.779: [DefNew: 139928K->5224K(153600K), 0.0116794 secs] 182505K->47801K(494976K), 0.0117454 secs] [Times: user=0.01 sys=0.00, real=0.01 secs] 
2018-02-19T13:46:11.450+0000: 71.970: [GC (Allocation Failure) 2018-02-19T13:46:11.450+0000: 71.970: [DefNew: 141800K->7332K(153600K), 0.0160128 secs] 184377K->49909K(494976K), 0.0160846 secs] [Times: user=0.01 sys=0.00, real=0.02 secs] 
2018-02-19T13:46:26.578+0000: 87.099: [GC (Allocation Failure) 2018-02-19T13:46:26.578+0000: 87.099: [DefNew: 143908K->8912K(153600K), 0.0145697 secs] 186485K->51489K(494976K), 0.0146249 secs] [Times: user=0.02 sys=0.00, real=0.01 secs] 
2018-02-19T13:46:43.674+0000: 104.194: [GC (Allocation Failure) 2018-02-19T13:46:43.674+0000: 104.194: [DefNew: 145488K->9085K(153600K), 0.0173794 secs] 188065K->53041K(494976K), 0.0174417 secs] [Times: user=0.01 sys=0.00, real=0.02 secs] 
2018-02-19T13:47:01.851+0000: 122.372: [GC (Allocation Failure) 2018-02-19T13:47:01.851+0000: 122.372: [DefNew: 145661K->9020K(153600K), 0.0170270 secs] 189617K->54191K(494976K), 0.0170887 secs] [Times: user=0.02 sys=0.00, real=0.02 secs] 
2018-02-19T13:47:22.117+0000: 142.638: [GC (Allocation Failure) 2018-02-19T13:47:22.117+0000: 142.638: [DefNew: 145596K->9830K(153600K), 0.0176009 secs] 190767K->56553K(494976K), 0.0176752 secs] [Times: user=0.02 sys=0.00, real=0.02 secs] 
2018-02-19T13:47:40.982+0000: 161.502: [GC (Allocation Failure) 2018-02-19T13:47:40.982+0000: 161.502: [DefNew: 146406K->8670K(153600K), 0.0158999 secs] 193129K->56921K(494976K), 0.0159636 secs] [Times: user=0.02 sys=0.00, real=0.02 secs] 
2018-02-19T13:48:01.472+0000: 181.992: [GC (Allocation Failure) 2018-02-19T13:48:01.472+0000: 181.992: [DefNew: 145246K->8936K(153600K), 0.0174317 secs] 193497K->58379K(494976K), 0.0175068 secs] [Times: user=0.01 sys=0.00, real=0.02 secs] 
2018-02-19T13:48:23.933+0000: 204.453: [GC (Allocation Failure) 2018-02-19T13:48:23.933+0000: 204.453: [DefNew: 145512K->8772K(153600K), 0.0163689 secs] 194955K->59413K(494976K), 0.0164361 secs] [Times: user=0.02 sys=0.00, real=0.02 secs] 
2018-02-19T13:48:43.535+0000: 224.055: [GC (Allocation Failure) 2018-02-19T13:48:43.535+0000: 224.055: [DefNew: 145348K->9311K(153600K), 0.0160527 secs] 195989K->60932K(494976K), 0.0161192 secs] [Times: user=0.02 sys=0.00, real=0.01 secs] 
2018-02-19T13:49:02.279+0000: 242.800: [GC (Allocation Failure) 2018-02-19T13:49:02.279+0000: 242.800: [DefNew: 145887K->9304K(153600K), 0.0168449 secs] 197508K->62450K(494976K), 0.0169087 secs] [Times: user=0.02 sys=0.00, real=0.02 secs] 
2018-02-19T13:49:21.976+0000: 262.496: [GC (Allocation Failure) 2018-02-19T13:49:21.976+0000: 262.496: [DefNew: 145880K->8694K(153600K), 0.0163748 secs] 199026K->63199K(494976K), 0.0164491 secs] [Times: user=0.02 sys=0.00, real=0.01 secs] 
2018-02-19T13:49:43.949+0000: 284.469: [GC (Allocation Failure) 2018-02-19T13:49:43.949+0000: 284.469: [DefNew: 145270K->8981K(153600K), 0.0166115 secs] 199775K->64493K(494976K), 0.0166938 secs] [Times: user=0.01 sys=0.00, real=0.02 secs] 
2018-02-19T13:49:59.342+0000: 299.862: [GC (Allocation Failure) 2018-02-19T13:49:59.342+0000: 299.862: [DefNew: 145557K->9034K(153600K), 0.0159673 secs] 201069K->65718K(494976K), 0.0160283 secs] [Times: user=0.01 sys=0.00, real=0.02 secs] 
2018-02-19T13:50:19.524+0000: 320.044: [GC (Allocation Failure) 2018-02-19T13:50:19.524+0000: 320.044: [DefNew: 145610K->9486K(153600K), 0.0173327 secs] 202294K->67161K(494976K), 0.0173995 secs] [Times: user=0.02 sys=0.00, real=0.01 secs] 
2018-02-19T13:50:41.812+0000: 342.333: [GC (Allocation Failure) 2018-02-19T13:50:41.812+0000: 342.333: [DefNew: 146062K->9457K(153600K), 0.0180932 secs] 203737K->68285K(494976K), 0.0181590 secs] [Times: user=0.01 sys=0.00, real=0.02 secs] 
2018-02-19T13:51:00.984+0000: 361.505: [GC (Allocation Failure) 2018-02-19T13:51:00.984+0000: 361.505: [DefNew: 146033K->9243K(153600K), 0.0166537 secs] 204861K->69179K(494976K), 0.0167277 secs] [Times: user=0.02 sys=0.00, real=0.01 secs] 
2018-02-19T13:51:17.866+0000: 378.386: [GC (Allocation Failure) 2018-02-19T13:51:17.866+0000: 378.386: [DefNew: 145819K->9721K(153600K), 0.0177001 secs] 205755K->70656K(494976K), 0.0177659 secs] [Times: user=0.01 sys=0.01, real=0.02 secs] 
2018-02-19T13:51:31.101+0000: 391.621: [GC (Allocation Failure) 2018-02-19T13:51:31.101+0000: 391.621: [DefNew: 146297K->10096K(153600K), 0.0180101 secs] 207232K->72217K(494976K), 0.0180744 secs] [Times: user=0.01 sys=0.00, real=0.02 secs] 
2018-02-19T13:51:48.764+0000: 409.285: [GC (Allocation Failure) 2018-02-19T13:51:48.764+0000: 409.285: [DefNew: 146672K->8561K(153600K), 0.0174946 secs] 208793K->72869K(494976K), 0.0175726 secs] [Times: user=0.01 sys=0.00, real=0.01 secs] 
2018-02-19T13:52:06.166+0000: 426.686: [GC (Allocation Failure) 2018-02-19T13:52:06.166+0000: 426.686: [DefNew: 145137K->9682K(153600K), 0.0167198 secs] 209445K->75077K(494976K), 0.0167844 secs] [Times: user=0.01 sys=0.00, real=0.02 secs] 
2018-02-19T13:52:22.316+0000: 442.836: [GC (Allocation Failure) 2018-02-19T13:52:22.316+0000: 442.836: [DefNew: 146258K->9912K(153600K), 0.0165102 secs] 211653K->76350K(494976K), 0.0165834 secs] [Times: user=0.02 sys=0.00, real=0.01 secs] 
2018-02-19T13:52:40.105+0000: 460.625: [GC (Allocation Failure) 2018-02-19T13:52:40.105+0000: 460.625: [DefNew: 146488K->10142K(153600K), 0.0173322 secs] 212926K->77857K(494976K), 0.0173976 secs] [Times: user=0.02 sys=0.00, real=0.01 secs] 
2018-02-19T13:52:58.415+0000: 478.935: [GC (Allocation Failure) 2018-02-19T13:52:58.415+0000: 478.935: [DefNew: 146718K->9365K(153600K), 0.0184700 secs] 214433K->79186K(494976K), 0.0185349 secs] [Times: user=0.02 sys=0.00, real=0.01 secs] 
2018-02-19T13:53:18.011+0000: 498.531: [GC (Allocation Failure) 2018-02-19T13:53:18.011+0000: 498.532: [DefNew: 145941K->9903K(153600K), 0.0169902 secs] 215762K->80810K(494976K), 0.0170541 secs] [Times: user=0.01 sys=0.00, real=0.02 secs] 
2018-02-19T13:53:37.219+0000: 517.739: [GC (Allocation Failure) 2018-02-19T13:53:37.219+0000: 517.739: [DefNew: 146479K->10006K(153600K), 0.0183953 secs] 217386K->82157K(494976K), 0.0184531 secs] [Times: user=0.02 sys=0.00, real=0.02 secs] 
2018-02-19T13:53:55.275+0000: 535.796: [GC (Allocation Failure) 2018-02-19T13:53:55.275+0000: 535.796: [DefNew: 146582K->8357K(153600K), 0.0177855 secs] 218733K->83256K(494976K), 0.0178565 secs] [Times: user=0.01 sys=0.01, real=0.01 secs] 
2018-02-19T13:54:12.454+0000: 552.975: [GC (Allocation Failure) 2018-02-19T13:54:12.454+0000: 552.975: [DefNew: 144933K->10410K(153600K), 0.0164730 secs] 219832K->85310K(494976K), 0.0165466 secs] [Times: user=0.02 sys=0.00, real=0.02 secs] 
2018-02-19T13:54:31.658+0000: 572.178: [GC (Allocation Failure) 2018-02-19T13:54:31.658+0000: 572.178: [DefNew: 146986K->8671K(153600K), 0.0196549 secs] 221886K->86201K(494976K), 0.0197187 secs] [Times: user=0.02 sys=0.00, real=0.02 secs] 
2018-02-19T13:54:47.311+0000: 587.831: [GC (Allocation Failure) 2018-02-19T13:54:47.311+0000: 587.832: [DefNew: 145247K->8906K(153600K), 0.0154484 secs] 222777K->87847K(494976K), 0.0155364 secs] [Times: user=0.01 sys=0.00, real=0.02 secs] 
2018-02-19T13:55:05.617+0000: 606.138: [GC (Allocation Failure) 2018-02-19T13:55:05.617+0000: 606.138: [DefNew: 145482K->9085K(153600K), 0.0169038 secs] 224423K->89551K(494976K), 0.0169634 secs] [Times: user=0.02 sys=0.00, real=0.01 secs] 
2018-02-19T13:55:25.953+0000: 626.473: [GC (Allocation Failure) 2018-02-19T13:55:25.953+0000: 626.473: [DefNew: 145661K->9436K(153600K), 0.0161010 secs] 226127K->91180K(494976K), 0.0161831 secs] [Times: user=0.02 sys=0.00, real=0.02 secs] 
2018-02-19T13:55:43.005+0000: 643.525: [GC (Allocation Failure) 2018-02-19T13:55:43.005+0000: 643.525: [DefNew: 146012K->9434K(153600K), 0.0235407 secs] 227756K->92837K(494976K), 0.0236022 secs] [Times: user=0.00 sys=0.02, real=0.02 secs] 
2018-02-19T13:56:04.002+0000: 664.522: [GC (Allocation Failure) 2018-02-19T13:56:04.002+0000: 664.522: [DefNew: 146010K->9409K(153600K), 0.0154640 secs] 229413K->94320K(494976K), 0.0155331 secs] [Times: user=0.01 sys=0.00, real=0.02 secs] 
2018-02-19T13:56:20.006+0000: 680.526: [GC (Allocation Failure) 2018-02-19T13:56:20.006+0000: 680.526: [DefNew: 145985K->9376K(153600K), 0.0292944 secs] 230896K->95904K(494976K), 0.0293593 secs] [Times: user=0.00 sys=0.03, real=0.03 secs] 
2018-02-19T13:56:33.899+0000: 694.419: [GC (Allocation Failure) 2018-02-19T13:56:33.899+0000: 694.419: [DefNew: 145952K->9381K(153600K), 0.0162355 secs] 232480K->97196K(494976K), 0.0162991 secs] [Times: user=0.01 sys=0.01, real=0.02 secs] 
2018-02-19T13:56:53.960+0000: 714.481: [GC (Allocation Failure) 2018-02-19T13:56:53.960+0000: 714.481: [DefNew: 145957K->9494K(153600K), 0.0155954 secs] 233772K->98829K(494976K), 0.0156554 secs] [Times: user=0.02 sys=0.00, real=0.02 secs] 
2018-02-19T13:57:09.188+0000: 729.709: [GC (Allocation Failure) 2018-02-19T13:57:09.188+0000: 729.709: [DefNew: 146070K->10040K(153600K), 0.0175258 secs] 235405K->100700K(494976K), 0.0175873 secs] [Times: user=0.02 sys=0.00, real=0.02 secs] 
13:57:15.977 [Client] INFO  c.s.f.r.e.s.SocketRear  - FlameSocketGraphDeployerRear@172.31.37.101: has been disconnected from Connection 10
13:57:30.197 [worker-akka.actor.default-dispatcher-2] INFO  a.a.CoordinatedShutdown CoordinatedShutdown(akka://worker) - Starting coordinated shutdown from JVM shutdown hook
13:57:30.243 [worker-akka.actor.default-dispatcher-2] INFO  a.a.LocalActorRef akka://worker/user/watcher/graph0000000000/negotiator - Stopped
13:57:30.244 [worker-akka.actor.default-dispatcher-2] INFO  a.a.LocalActorRef akka://worker/user/watcher/graph0000000000/edge/FlameSocketGraphDeployerFront - Stopped
13:57:30.244 [worker-akka.actor.default-dispatcher-2] INFO  a.a.LocalActorRef akka://worker/user/watcher/graph0000000000/edge/FlameSocketGraphDeployerRear - Stopped
13:57:30.244 [worker-akka.actor.default-dispatcher-2] INFO  a.a.LocalActorRef akka://worker/user/watcher/graph0000000000/graph/local-acker/$a - Stopped
13:57:30.244 [worker-akka.actor.default-dispatcher-2] INFO  a.a.LocalActorRef akka://worker/user/watcher/graph0000000000/graph/$a - Stopped
13:57:30.244 [worker-akka.actor.default-dispatcher-2] INFO  a.a.LocalActorRef akka://worker/user/watcher/graph0000000000/graph/$b - Stopped
13:57:30.245 [worker-akka.actor.default-dispatcher-2] INFO  a.a.LocalActorRef akka://worker/user/watcher/graph0000000000/graph/$c - Stopped
13:57:30.250 [worker-akka.actor.default-dispatcher-2] INFO  a.a.LocalActorRef akka://worker/user/watcher/graph0000000000/edge - Stopped
13:57:30.251 [worker-akka.actor.default-dispatcher-2] INFO  a.a.LocalActorRef akka://worker/user/watcher/graph0000000000/graph/local-acker/$a - Message [com.spbsu.flamestream.runtime.utils.akka.PingActor$InnerPing] from Actor[akka://worker/user/watcher/graph0000000000/graph/local-acker/$a#-244226585] to Actor[akka://worker/user/watcher/graph0000000000/graph/local-acker/$a#-244226585] was not delivered. [1] dead letters encountered. This logging can be turned off or adjusted with configuration settings 'akka.log-dead-letters' and 'akka.log-dead-letters-during-shutdown'.
13:57:30.252 [worker-akka.actor.default-dispatcher-2] INFO  a.a.LocalActorRef akka://worker/user/watcher/graph0000000000/graph/local-acker - Stopped
13:57:30.254 [worker-akka.actor.default-dispatcher-2] INFO  a.a.LocalActorRef akka://worker/user/watcher/graph0000000000/graph/local-acker/$a - Message [com.spbsu.flamestream.runtime.utils.akka.PingActor$Stop] from Actor[akka://worker/user/watcher/graph0000000000/graph/local-acker#1805550786] to Actor[akka://worker/user/watcher/graph0000000000/graph/local-acker/$a#-244226585] was not delivered. [2] dead letters encountered. This logging can be turned off or adjusted with configuration settings 'akka.log-dead-letters' and 'akka.log-dead-letters-during-shutdown'.
13:57:30.256 [worker-akka.actor.default-dispatcher-2] INFO  a.a.LocalActorRef akka://worker/user/watcher/graph0000000000/graph/local-acker - Message [com.spbsu.flamestream.runtime.acker.LocalAcker$Flush] from Actor[akka://worker/user/watcher/graph0000000000/graph/local-acker#1805550786] to Actor[akka://worker/user/watcher/graph0000000000/graph/local-acker#1805550786] was not delivered. [3] dead letters encountered. This logging can be turned off or adjusted with configuration settings 'akka.log-dead-letters' and 'akka.log-dead-letters-during-shutdown'.
13:57:30.257 [worker-akka.actor.default-dispatcher-2] INFO  a.a.LocalActorRef akka://worker/user/watcher/graph0000000000/graph/local-acker - Message [com.spbsu.flamestream.runtime.acker.LocalAcker$Flush] from Actor[akka://worker/user/watcher/graph0000000000/graph/local-acker#1805550786] to Actor[akka://worker/user/watcher/graph0000000000/graph/local-acker#1805550786] was not delivered. [4] dead letters encountered. This logging can be turned off or adjusted with configuration settings 'akka.log-dead-letters' and 'akka.log-dead-letters-during-shutdown'.
13:57:30.257 [worker-akka.actor.default-dispatcher-2] INFO  a.a.LocalActorRef akka://worker/user/watcher/graph0000000000/graph - Stopped
13:57:30.258 [worker-akka.actor.default-dispatcher-2] INFO  a.a.LocalActorRef akka://worker/user/watcher/graph0000000000 - Stopped
13:57:30.261 [worker-akka.actor.default-dispatcher-2-EventThread] INFO  o.a.z.ClientCnxn  - EventThread shut down for session: 0x161ae4eb1e2000b
13:57:30.262 [worker-akka.actor.default-dispatcher-2] INFO  o.a.z.ZooKeeper  - Session: 0x161ae4eb1e2000b closed
13:57:30.263 [worker-akka.actor.default-dispatcher-2] INFO  a.a.RepointableActorRef akka://worker/user/watcher - Stopped
13:57:30.277 [worker-akka.actor.default-dispatcher-2] INFO  a.r.RemoteActorRefProvider$RemotingTerminator akka://worker@172.31.37.101:5412/system/remoting-terminator - Shutting down remote daemon.
13:57:30.280 [worker-akka.actor.default-dispatcher-2] INFO  a.r.RemoteActorRefProvider$RemotingTerminator akka://worker@172.31.37.101:5412/system/remoting-terminator - Remote daemon shut down; proceeding with flushing remote transports.
13:57:31.426 [worker-akka.actor.default-dispatcher-2] INFO  a.r.RemoteActorRefProvider$RemotingTerminator akka://worker@172.31.37.101:5412/system/remoting-terminator - Remoting shut down.
Heap
 def new generation   total 153600K, used 76617K [0x00000000e0c00000, 0x00000000eb2a0000, 0x00000000eb2a0000)
  eden space 136576K,  48% used [0x00000000e0c00000, 0x00000000e4d04348, 0x00000000e9160000)
  from space 17024K,  58% used [0x00000000e9160000, 0x00000000e9b2e150, 0x00000000ea200000)
  to   space 17024K,   0% used [0x00000000ea200000, 0x00000000ea200000, 0x00000000eb2a0000)
 tenured generation   total 341376K, used 90659K [0x00000000eb2a0000, 0x0000000100000000, 0x0000000100000000)
   the space 341376K,  26% used [0x00000000eb2a0000, 0x00000000f0b28f90, 0x00000000f0b29000, 0x0000000100000000)
 Metaspace       used 33497K, capacity 34294K, committed 34688K, reserved 1079296K
  class space    used 4457K, capacity 4624K, committed 4736K, reserved 1048576K
