12:29:35.514 [worker-akka.actor.default-dispatcher-2] INFO  a.e.s.Slf4jLogger  - Slf4jLogger started
2018-02-19T12:29:35.681+0000: 2.671: [Full GC (Metadata GC Threshold) 2018-02-19T12:29:35.681+0000: 2.671: [Tenured: 0K->15405K(341376K), 0.0374425 secs] 117538K->15405K(494976K), [Metaspace: 20862K->20862K(1067008K)], 0.0375038 secs] [Times: user=0.03 sys=0.00, real=0.04 secs] 
Ama winner
Ama winner
12:29:36.150 [worker-akka.actor.default-dispatcher-2] INFO  a.r.a.ArteryTransport(akka://worker) akka.remote.artery.ArteryTransport(akka://worker) - Started embedded media driver in directory [/dev/shm/aeron-root-worker-1d5a4fe1-858b-4234-947d-ff6cb0c41fc1]
12:29:36.350 [worker-akka.actor.default-dispatcher-2] INFO  a.r.a.ArteryTransport(akka://worker) akka.remote.artery.ArteryTransport(akka://worker) - Remoting started; listening on address: [akka://worker@172.31.33.155:5412] with UID [5514248210298844151]
12:29:36.451 [worker-akka.actor.default-dispatcher-2] INFO  o.a.z.ZooKeeper  - Client environment:zookeeper.version=3.4.9-1757313, built on 08/23/2016 06:50 GMT
12:29:36.451 [worker-akka.actor.default-dispatcher-2] INFO  o.a.z.ZooKeeper  - Client environment:host.name=ip-172-31-33-155.us-east-2.compute.internal
12:29:36.451 [worker-akka.actor.default-dispatcher-2] INFO  o.a.z.ZooKeeper  - Client environment:java.version=1.8.0_151
12:29:36.451 [worker-akka.actor.default-dispatcher-2] INFO  o.a.z.ZooKeeper  - Client environment:java.vendor=Oracle Corporation
12:29:36.451 [worker-akka.actor.default-dispatcher-2] INFO  o.a.z.ZooKeeper  - Client environment:java.home=/usr/lib/jvm/java-8-openjdk-amd64/jre
12:29:36.451 [worker-akka.actor.default-dispatcher-2] INFO  o.a.z.ZooKeeper  - Client environment:java.class.path=lib/commons-cli-1.4.jar:lib/minlog-1.3.0.jar:lib/asm-5.0.4.jar:lib/hadoop-annotations-2.7.3.jar:lib/hadoop-auth-2.7.3.jar:lib/akka-slf4j_2.11-2.5.6.jar:lib/jersey-core-1.9.jar:lib/lz4-1.3.0.jar:lib/jackson-core-asl-1.9.13.jar:lib/aeron-client-1.3.0.jar:lib/htrace-core-3.1.0-incubating.jar:lib/xz-1.0.jar:lib/commons-httpclient-3.1.jar:lib/asm-3.1.jar:lib/commons-lang3-3.4.jar:lib/scala-library-2.11.11.jar:lib/scala-java8-compat_2.11-0.7.0.jar:lib/commons-configuration-1.6.jar:lib/objenesis-2.1.jar:lib/jackson-annotations-2.8.0.jar:lib/jsr305-3.0.0.jar:lib/curator-framework-2.7.1.jar:lib/jersey-server-1.9.jar:lib/jets3t-0.9.0.jar:lib/leveldb-0.7.jar:lib/jetty-6.1.26.jar:lib/stax-api-1.0-2.jar:lib/flamestream-core-1.0-SNAPSHOT.jar:lib/reflectasm-1.07-shaded.jar:lib/apacheds-kerberos-codec-2.0.0-M15.jar:lib/api-asn1-api-1.0.0-M20.jar:lib/commons-lang-2.6.jar:lib/commons-beanutils-1.7.0.jar:lib/jackson-xc-1.8.3.jar:lib/jetty-util-6.1.26.jar:lib/logback-classic-1.2.3.jar:lib/jool-0.9.12.jar:lib/flamestream-runtime-1.0-SNAPSHOT-tests.jar:lib/httpcore-4.1.2.jar:lib/kryo-4.0.0.jar:lib/ant-1.8.1.jar:lib/jaxb-impl-2.2.3-1.jar:lib/jersey-json-1.9.jar:lib/commons-compress-1.4.1.jar:lib/leveldbjni-all-1.8.jar:lib/paranamer-2.3.jar:lib/jackson-core-2.8.4.jar:lib/commons-math3-3.6.1.jar:lib/scala-parser-combinators_2.11-1.0.4.jar:lib/netty-3.10.6.Final.jar:lib/trove4j-3.0.3.jar:lib/jaxb-api-2.2.2.jar:lib/logback-core-1.2.3.jar:lib/snappy-java-1.0.4.1.jar:lib/protobuf-java-2.5.0.jar:lib/reactive-streams-1.0.1.jar:lib/flamestream-examples-1.0-SNAPSHOT.jar:lib/commons-codec-1.4.jar:lib/activation-1.1.jar:lib/commons-net-3.1.jar:lib/curator-recipes-2.7.1.jar:lib/jackson-mapper-asl-1.9.13.jar:lib/jackson-databind-2.8.4.jar:lib/flamestream-runtime-1.0-SNAPSHOT.jar:lib/jackson-jaxrs-1.8.3.jar:lib/slf4j-api-1.7.24.jar:lib/akka-remote_2.11-2.5.6.jar:lib/akka-testkit_2.11-2.5.6.jar:lib/jline-0.9.94.jar:lib/akka-stream_2.11-2.5.6.jar:lib/jsp-api-2.1.jar:lib/kryonet-2.21.jar:lib/akka-kryo-serialization_2.11-0.5.0.jar:lib/config-1.3.1.jar:lib/ant-launcher-1.8.1.jar:lib/commons-logging-1.2.jar:lib/ssl-config-core_2.11-0.2.2.jar:lib/testng-6.10.jar:lib/leveldb-api-0.7.jar:lib/reflectasm-1.11.3.jar:lib/jcommander-1.48.jar:lib/commons-1.1.jar:lib/commons-digester-1.8.jar:lib/minlog-1.2.jar:lib/java-xmlbuilder-0.4.jar:lib/jettison-1.1.jar:lib/gson-2.2.4.jar:lib/jdk.tools-1.8.jar:lib/aeron-driver-1.3.0.jar:lib/zookeeper-3.4.9.jar:lib/commons-beanutils-core-1.8.0.jar:lib/commons-math3-3.1.1.jar:lib/akka-actor_2.11-2.5.6.jar:lib/curator-client-2.7.1.jar:lib/servlet-api-2.5.jar:lib/apacheds-i18n-2.0.0-M15.jar:lib/commons-io-2.4.jar:lib/commons-codec-1.6.jar:lib/akka-protobuf_2.11-2.5.6.jar:lib/protobuf-java-3.5.1.jar:lib/jdom-2.0.2.jar:lib/api-util-1.0.0-M20.jar:lib/hadoop-common-2.7.3.jar:lib/agrona-0.9.6.jar:lib/xmlenc-0.52.jar:lib/guava-21.0.jar:lib/commons-collections-3.2.2.jar:lib/avro-1.7.4.jar:lib/httpclient-4.1.2.jar:lib/flamestream-core-1.0-SNAPSHOT-tests.jar:lib/annotations-12.0.jar:lib/jsch-0.1.42.jar:flamestream-runtime-1.0-SNAPSHOT.jar
12:29:36.452 [worker-akka.actor.default-dispatcher-2] INFO  o.a.z.ZooKeeper  - Client environment:java.library.path=/usr/java/packages/lib/amd64:/usr/lib/x86_64-linux-gnu/jni:/lib/x86_64-linux-gnu:/usr/lib/x86_64-linux-gnu:/usr/lib/jni:/lib:/usr/lib
12:29:36.452 [worker-akka.actor.default-dispatcher-2] INFO  o.a.z.ZooKeeper  - Client environment:java.io.tmpdir=/tmp
12:29:36.452 [worker-akka.actor.default-dispatcher-2] INFO  o.a.z.ZooKeeper  - Client environment:java.compiler=<NA>
12:29:36.452 [worker-akka.actor.default-dispatcher-2] INFO  o.a.z.ZooKeeper  - Client environment:os.name=Linux
12:29:36.452 [worker-akka.actor.default-dispatcher-2] INFO  o.a.z.ZooKeeper  - Client environment:os.arch=amd64
12:29:36.452 [worker-akka.actor.default-dispatcher-2] INFO  o.a.z.ZooKeeper  - Client environment:os.version=4.4.0-1049-aws
12:29:36.452 [worker-akka.actor.default-dispatcher-2] INFO  o.a.z.ZooKeeper  - Client environment:user.name=root
12:29:36.453 [worker-akka.actor.default-dispatcher-2] INFO  o.a.z.ZooKeeper  - Client environment:user.home=/root
12:29:36.454 [worker-akka.actor.default-dispatcher-2] INFO  o.a.z.ZooKeeper  - Client environment:user.dir=/opt/flamestream
12:29:36.456 [worker-akka.actor.default-dispatcher-2] INFO  o.a.z.ZooKeeper  - Initiating client connection, connectString=172.31.34.147:2181 sessionTimeout=5000 watcher=com.spbsu.flamestream.runtime.application.LifecycleWatcher$$Lambda$29/2091173542@1b48f905
12:29:36.491 [worker-akka.actor.default-dispatcher-2] INFO  a.a.RepointableActorRef akka://worker/user/watcher - Starting...
12:29:36.493 [worker-akka.actor.default-dispatcher-2-SendThread(172.31.34.147:2181)] INFO  o.a.z.ClientCnxn  - Opening socket connection to server 172.31.34.147/172.31.34.147:2181. Will not attempt to authenticate using SASL (unknown error)
12:29:36.498 [worker-akka.actor.default-dispatcher-2-SendThread(172.31.34.147:2181)] INFO  o.a.z.ClientCnxn  - Socket connection established to 172.31.34.147/172.31.34.147:2181, initiating session
12:29:36.510 [worker-akka.actor.default-dispatcher-2-SendThread(172.31.34.147:2181)] INFO  o.a.z.ClientCnxn  - Session establishment complete on server 172.31.34.147/172.31.34.147:2181, sessionid = 0x161ae09abc60004, negotiated timeout = 6000
12:29:36.604 [worker-akka.actor.default-dispatcher-2] INFO  a.a.RepointableActorRef akka://worker/user/watcher - Connected to ZK
12:29:46.746 [worker-akka.actor.default-dispatcher-2] INFO  a.a.RepointableActorRef akka://worker/user/watcher - Creating node with watchGraphs: 'com.spbsu.flamestream.core.Graph$Builder$MyGraph@22aae96d', config: 'ClusterConfig{paths={172.31.33.155=akka://worker@172.31.33.155:5412/user/watcher/graph0000000000, 172.31.47.83=akka://worker@172.31.47.83:5412/user/watcher/graph0000000000, 172.31.45.197=akka://worker@172.31.45.197:5412/user/watcher/graph0000000000, 172.31.42.36=akka://worker@172.31.42.36:5412/user/watcher/graph0000000000, 172.31.44.83=akka://worker@172.31.44.83:5412/user/watcher/graph0000000000, 172.31.39.64=akka://worker@172.31.39.64:5412/user/watcher/graph0000000000, 172.31.35.79=akka://worker@172.31.35.79:5412/user/watcher/graph0000000000, 172.31.34.169=akka://worker@172.31.34.169:5412/user/watcher/graph0000000000, 172.31.47.100=akka://worker@172.31.47.100:5412/user/watcher/graph0000000000, 172.31.37.101=akka://worker@172.31.37.101:5412/user/watcher/graph0000000000}, ackerLocation='172.31.35.79', props=ComputationLayout{ranges={172.31.33.155=HashRange{from=-1670265060, to=-1193046472}, 172.31.47.83=HashRange{from=1670265056, to=2147483644}, 172.31.45.197=HashRange{from=-715827884, to=-238609296}, 172.31.42.36=HashRange{from=1193046468, to=1670265056}, 172.31.44.83=HashRange{from=-238609296, to=238609292}, 172.31.39.64=HashRange{from=715827880, to=1193046468}, 172.31.35.79=HashRange{from=0, to=0}, 172.31.34.169=HashRange{from=-2147483648, to=-1670265060}, 172.31.47.100=HashRange{from=238609292, to=715827880}, 172.31.37.101=HashRange{from=-1193046472, to=-715827884}}}}'
12:29:47.595 [worker-akka.actor.default-dispatcher-2] INFO  a.a.LocalActorRef akka://worker/user/watcher/graph0000000000/graph - Starting...
12:29:47.597 [worker-akka.actor.default-dispatcher-2] INFO  a.a.LocalActorRef akka://worker/user/watcher/graph0000000000/graph/local-acker/$a - Starting...
12:29:47.599 [worker-akka.actor.default-dispatcher-2] INFO  a.a.LocalActorRef akka://worker/user/watcher/graph0000000000/graph/local-acker - Starting...
Warning: space is running low in /dev/shm (tmpfs) threshold=167,772,160 usable=158,621,696
Warning: space is running low in /dev/shm (tmpfs) threshold=167,772,160 usable=146,034,688
Warning: space is running low in /dev/shm (tmpfs) threshold=167,772,160 usable=133,447,680
Warning: space is running low in /dev/shm (tmpfs) threshold=167,772,160 usable=120,860,672
Warning: space is running low in /dev/shm (tmpfs) threshold=167,772,160 usable=108,273,664
Warning: space is running low in /dev/shm (tmpfs) threshold=167,772,160 usable=95,686,656
Warning: space is running low in /dev/shm (tmpfs) threshold=167,772,160 usable=83,099,648
Warning: space is running low in /dev/shm (tmpfs) threshold=167,772,160 usable=70,512,640
12:29:48.313 [worker-akka.actor.default-dispatcher-2] INFO  a.a.LocalActorRef akka://worker/user/watcher/graph0000000000/graph - Finishing constructor
12:29:48.314 [worker-akka.actor.default-dispatcher-2] INFO  a.a.LocalActorRef akka://worker/user/watcher/graph0000000000 - Starting...
12:29:48.316 [worker-akka.actor.default-dispatcher-2] INFO  a.a.LocalActorRef akka://worker/user/watcher/graph0000000000/negotiator - Starting...
12:29:48.386 [worker-akka.actor.default-dispatcher-2] INFO  a.a.LocalActorRef akka://worker/user/watcher/graph0000000000/edge - Starting...
12:29:48.388 [worker-akka.actor.default-dispatcher-2] INFO  a.a.LocalActorRef akka://worker/user/watcher/graph0000000000/graph/$a - Starting...
12:29:48.389 [worker-akka.actor.default-dispatcher-2] INFO  a.a.LocalActorRef akka://worker/user/watcher/graph0000000000/graph/$b - Starting...
12:29:48.390 [worker-akka.actor.default-dispatcher-2] INFO  a.a.LocalActorRef akka://worker/user/watcher/graph0000000000/graph/$c - Starting...
12:29:48.418 [worker-akka.actor.default-dispatcher-2] INFO  c.s.f.r.e.s.SocketRear  - FlameSocketGraphDeployerRear@172.31.33.155: connecting to 172.31.34.147:5678
12:29:48.424 [worker-akka.actor.default-dispatcher-2] INFO  c.s.f.r.e.s.SocketRear  - FlameSocketGraphDeployerRear@172.31.33.155: connected to 172.31.34.147:5678
12:29:48.452 [worker-akka.actor.default-dispatcher-2] INFO  a.a.LocalActorRef akka://worker/user/watcher/graph0000000000/edge/FlameSocketGraphDeployerRear - Starting...
12:29:48.453 [worker-akka.actor.default-dispatcher-2] INFO  a.a.LocalActorRef akka://worker/user/watcher/graph0000000000/edge/FlameSocketGraphDeployerFront - Starting...
12:29:48.454 [worker-akka.actor.default-dispatcher-2] INFO  a.a.LocalActorRef akka://worker/user/watcher/graph0000000000/negotiator - Requesting ticket for the frontClass FlameSocketGraphDeployerFront@172.31.33.155
12:29:48.474 [worker-akka.actor.default-dispatcher-2] INFO  a.a.LocalActorRef akka://worker/user/watcher/graph0000000000/negotiator - Ticket for the frontClass received: FrontTicket{allowedTimestamp=(1519043386735, FlameSocketGraphDeployerFront@172.31.33.155)}
12:29:48.475 [worker-akka.actor.default-dispatcher-2] INFO  c.s.f.r.e.s.SocketFront  - FlameSocketGraphDeployerFront@172.31.33.155: connecting to 172.31.34.147:4567
2018-02-19T12:29:53.604+0000: 20.593: [GC (Allocation Failure) 2018-02-19T12:29:53.604+0000: 20.593: [DefNew: 136576K->15371K(153600K), 0.0396140 secs] 151981K->50308K(494976K), 0.0396863 secs] [Times: user=0.02 sys=0.02, real=0.04 secs] 
2018-02-19T12:30:22.542+0000: 49.532: [GC (Allocation Failure) 2018-02-19T12:30:22.542+0000: 49.532: [DefNew: 151947K->3720K(153600K), 0.0172134 secs] 186884K->46196K(494976K), 0.0172757 secs] [Times: user=0.00 sys=0.01, real=0.01 secs] 
2018-02-19T12:30:54.505+0000: 81.494: [GC (Allocation Failure) 2018-02-19T12:30:54.505+0000: 81.494: [DefNew: 140296K->6014K(153600K), 0.0118784 secs] 182772K->48491K(494976K), 0.0119385 secs] [Times: user=0.01 sys=0.00, real=0.01 secs] 
2018-02-19T12:31:23.120+0000: 110.110: [GC (Allocation Failure) 2018-02-19T12:31:23.121+0000: 110.110: [DefNew: 142590K->7395K(153600K), 0.0171917 secs] 185067K->49872K(494976K), 0.0172535 secs] [Times: user=0.01 sys=0.00, real=0.02 secs] 
2018-02-19T12:31:51.177+0000: 138.167: [GC (Allocation Failure) 2018-02-19T12:31:51.177+0000: 138.167: [DefNew: 143971K->8657K(153600K), 0.0141686 secs] 186448K->51133K(494976K), 0.0142313 secs] [Times: user=0.01 sys=0.00, real=0.01 secs] 
2018-02-19T12:32:12.856+0000: 159.845: [GC (Allocation Failure) 2018-02-19T12:32:12.856+0000: 159.845: [DefNew: 145233K->8203K(153600K), 0.0155614 secs] 187709K->52327K(494976K), 0.0156306 secs] [Times: user=0.02 sys=0.00, real=0.01 secs] 
2018-02-19T12:32:44.124+0000: 191.113: [GC (Allocation Failure) 2018-02-19T12:32:44.124+0000: 191.113: [DefNew: 144779K->9425K(153600K), 0.0149463 secs] 188903K->53549K(494976K), 0.0150070 secs] [Times: user=0.01 sys=0.00, real=0.01 secs] 
2018-02-19T12:33:19.829+0000: 226.818: [GC (Allocation Failure) 2018-02-19T12:33:19.829+0000: 226.818: [DefNew: 146001K->9476K(153600K), 0.0199088 secs] 190125K->54805K(494976K), 0.0200118 secs] [Times: user=0.02 sys=0.00, real=0.02 secs] 
2018-02-19T12:33:54.241+0000: 261.231: [GC (Allocation Failure) 2018-02-19T12:33:54.242+0000: 261.231: [DefNew: 146052K->9521K(153600K), 0.0183871 secs] 191381K->55957K(494976K), 0.0184554 secs] [Times: user=0.02 sys=0.00, real=0.02 secs] 
2018-02-19T12:34:22.331+0000: 289.320: [GC (Allocation Failure) 2018-02-19T12:34:22.331+0000: 289.320: [DefNew: 146097K->9807K(153600K), 0.0175372 secs] 192533K->57204K(494976K), 0.0175972 secs] [Times: user=0.01 sys=0.00, real=0.02 secs] 
2018-02-19T12:34:55.285+0000: 322.274: [GC (Allocation Failure) 2018-02-19T12:34:55.285+0000: 322.274: [DefNew: 146383K->9690K(153600K), 0.0231936 secs] 193780K->58327K(494976K), 0.0232801 secs] [Times: user=0.00 sys=0.02, real=0.02 secs] 
2018-02-19T12:35:31.754+0000: 358.743: [GC (Allocation Failure) 2018-02-19T12:35:31.754+0000: 358.743: [DefNew: 146266K->8605K(153600K), 0.0177019 secs] 194903K->59388K(494976K), 0.0177631 secs] [Times: user=0.02 sys=0.00, real=0.02 secs] 
2018-02-19T12:36:08.031+0000: 395.021: [GC (Allocation Failure) 2018-02-19T12:36:08.032+0000: 395.021: [DefNew: 145181K->8406K(153600K), 0.0160608 secs] 195964K->60598K(494976K), 0.0161251 secs] [Times: user=0.02 sys=0.00, real=0.02 secs] 
2018-02-19T12:36:34.080+0000: 421.069: [GC (Allocation Failure) 2018-02-19T12:36:34.080+0000: 421.069: [DefNew: 144982K->9480K(153600K), 0.0143981 secs] 197174K->61672K(494976K), 0.0144489 secs] [Times: user=0.01 sys=0.00, real=0.02 secs] 
2018-02-19T12:37:06.432+0000: 453.421: [GC (Allocation Failure) 2018-02-19T12:37:06.432+0000: 453.421: [DefNew: 146056K->9378K(153600K), 0.0165331 secs] 198248K->62730K(494976K), 0.0165934 secs] [Times: user=0.01 sys=0.00, real=0.02 secs] 
2018-02-19T12:37:41.959+0000: 488.948: [GC (Allocation Failure) 2018-02-19T12:37:41.959+0000: 488.948: [DefNew: 145954K->9498K(153600K), 0.0167328 secs] 199306K->63805K(494976K), 0.0167973 secs] [Times: user=0.01 sys=0.00, real=0.02 secs] 
2018-02-19T12:38:10.028+0000: 517.018: [GC (Allocation Failure) 2018-02-19T12:38:10.028+0000: 517.018: [DefNew: 146074K->9748K(153600K), 0.0168491 secs] 200381K->65068K(494976K), 0.0169192 secs] [Times: user=0.01 sys=0.00, real=0.02 secs] 
2018-02-19T12:38:41.678+0000: 548.667: [GC (Allocation Failure) 2018-02-19T12:38:41.678+0000: 548.667: [DefNew: 146324K->8899K(153600K), 0.0175939 secs] 201644K->66133K(494976K), 0.0176674 secs] [Times: user=0.01 sys=0.01, real=0.02 secs] 
2018-02-19T12:39:13.806+0000: 580.796: [GC (Allocation Failure) 2018-02-19T12:39:13.806+0000: 580.796: [DefNew: 145475K->9064K(153600K), 0.0160207 secs] 202709K->67332K(494976K), 0.0160792 secs] [Times: user=0.02 sys=0.00, real=0.02 secs] 
2018-02-19T12:39:49.285+0000: 616.274: [GC (Allocation Failure) 2018-02-19T12:39:49.285+0000: 616.275: [DefNew: 145640K->9195K(153600K), 0.0169375 secs] 203908K->68589K(494976K), 0.0170018 secs] [Times: user=0.01 sys=0.00, real=0.02 secs] 
2018-02-19T12:40:20.744+0000: 647.733: [GC (Allocation Failure) 2018-02-19T12:40:20.744+0000: 647.733: [DefNew: 145771K->9265K(153600K), 0.0159154 secs] 205165K->69644K(494976K), 0.0159765 secs] [Times: user=0.01 sys=0.00, real=0.01 secs] 
2018-02-19T12:40:50.487+0000: 677.476: [GC (Allocation Failure) 2018-02-19T12:40:50.487+0000: 677.476: [DefNew: 145841K->9984K(153600K), 0.0166525 secs] 206220K->71343K(494976K), 0.0167106 secs] [Times: user=0.01 sys=0.00, real=0.02 secs] 
2018-02-19T12:41:16.212+0000: 703.202: [GC (Allocation Failure) 2018-02-19T12:41:16.212+0000: 703.202: [DefNew: 146560K->8982K(153600K), 0.0218398 secs] 207919K->72506K(494976K), 0.0219050 secs] [Times: user=0.02 sys=0.01, real=0.03 secs] 
2018-02-19T12:41:50.286+0000: 737.276: [GC (Allocation Failure) 2018-02-19T12:41:50.286+0000: 737.276: [DefNew: 145558K->10138K(153600K), 0.0165814 secs] 209082K->74763K(494976K), 0.0166433 secs] [Times: user=0.02 sys=0.00, real=0.02 secs] 
2018-02-19T12:42:19.735+0000: 766.724: [GC (Allocation Failure) 2018-02-19T12:42:19.735+0000: 766.724: [DefNew: 146714K->9848K(153600K), 0.0174420 secs] 211339K->76223K(494976K), 0.0175067 secs] [Times: user=0.02 sys=0.00, real=0.01 secs] 
2018-02-19T12:42:48.497+0000: 795.486: [GC (Allocation Failure) 2018-02-19T12:42:48.497+0000: 795.486: [DefNew: 146424K->7762K(153600K), 0.0172002 secs] 212799K->77417K(494976K), 0.0172867 secs] [Times: user=0.02 sys=0.00, real=0.01 secs] 
2018-02-19T12:43:22.491+0000: 829.480: [GC (Allocation Failure) 2018-02-19T12:43:22.491+0000: 829.480: [DefNew: 144338K->9192K(153600K), 0.0141152 secs] 213993K->78848K(494976K), 0.0141889 secs] [Times: user=0.01 sys=0.00, real=0.02 secs] 
2018-02-19T12:43:53.629+0000: 860.618: [GC (Allocation Failure) 2018-02-19T12:43:53.629+0000: 860.618: [DefNew: 145768K->9223K(153600K), 0.0165091 secs] 215424K->80159K(494976K), 0.0165837 secs] [Times: user=0.01 sys=0.00, real=0.02 secs] 
2018-02-19T12:44:22.331+0000: 889.320: [GC (Allocation Failure) 2018-02-19T12:44:22.331+0000: 889.320: [DefNew: 145799K->9796K(153600K), 0.0166901 secs] 216735K->81908K(494976K), 0.0167580 secs] [Times: user=0.02 sys=0.00, real=0.02 secs] 
2018-02-19T12:44:52.420+0000: 919.410: [GC (Allocation Failure) 2018-02-19T12:44:52.421+0000: 919.410: [DefNew: 146372K->9943K(153600K), 0.0164031 secs] 218484K->83273K(494976K), 0.0164858 secs] [Times: user=0.02 sys=0.00, real=0.02 secs] 
2018-02-19T12:45:19.198+0000: 946.188: [GC (Allocation Failure) 2018-02-19T12:45:19.198+0000: 946.188: [DefNew: 146519K->8377K(153600K), 0.0169653 secs] 219849K->84428K(494976K), 0.0170353 secs] [Times: user=0.01 sys=0.00, real=0.02 secs] 
2018-02-19T12:45:50.542+0000: 977.531: [GC (Allocation Failure) 2018-02-19T12:45:50.542+0000: 977.531: [DefNew: 144953K->9935K(153600K), 0.0144652 secs] 221004K->85986K(494976K), 0.0145309 secs] [Times: user=0.01 sys=0.00, real=0.02 secs] 
2018-02-19T12:46:19.031+0000: 1006.021: [GC (Allocation Failure) 2018-02-19T12:46:19.031+0000: 1006.021: [DefNew: 146511K->8259K(153600K), 0.0166772 secs] 222562K->87160K(494976K), 0.0167453 secs] [Times: user=0.01 sys=0.00, real=0.02 secs] 
2018-02-19T12:46:44.846+0000: 1031.835: [GC (Allocation Failure) 2018-02-19T12:46:44.846+0000: 1031.835: [DefNew: 144835K->9766K(153600K), 0.0140645 secs] 223736K->88667K(494976K), 0.0141363 secs] [Times: user=0.01 sys=0.00, real=0.01 secs] 
2018-02-19T12:47:11.574+0000: 1058.564: [GC (Allocation Failure) 2018-02-19T12:47:11.574+0000: 1058.564: [DefNew: 146342K->9822K(153600K), 0.0160256 secs] 225243K->89928K(494976K), 0.0160971 secs] [Times: user=0.00 sys=0.00, real=0.01 secs] 
2018-02-19T12:47:37.011+0000: 1084.000: [GC (Allocation Failure) 2018-02-19T12:47:37.011+0000: 1084.000: [DefNew: 146398K->10441K(153600K), 0.0170036 secs] 226504K->91713K(494976K), 0.0170669 secs] [Times: user=0.02 sys=0.00, real=0.02 secs] 
2018-02-19T12:48:13.626+0000: 1120.615: [GC (Allocation Failure) 2018-02-19T12:48:13.626+0000: 1120.615: [DefNew: 147017K->8881K(153600K), 0.0207894 secs] 228289K->92561K(494976K), 0.0208574 secs] [Times: user=0.00 sys=0.02, real=0.02 secs] 
2018-02-19T12:48:40.883+0000: 1147.872: [GC (Allocation Failure) 2018-02-19T12:48:40.883+0000: 1147.872: [DefNew: 145457K->8992K(153600K), 0.0145835 secs] 229137K->94038K(494976K), 0.0146426 secs] [Times: user=0.01 sys=0.00, real=0.01 secs] 
2018-02-19T12:49:12.837+0000: 1179.827: [GC (Allocation Failure) 2018-02-19T12:49:12.837+0000: 1179.827: [DefNew: 145568K->9154K(153600K), 0.0160202 secs] 230614K->95612K(494976K), 0.0161002 secs] [Times: user=0.02 sys=0.00, real=0.01 secs] 
2018-02-19T12:49:40.878+0000: 1207.867: [GC (Allocation Failure) 2018-02-19T12:49:40.878+0000: 1207.867: [DefNew: 145730K->9211K(153600K), 0.0156860 secs] 232188K->97157K(494976K), 0.0157473 secs] [Times: user=0.02 sys=0.00, real=0.01 secs] 
2018-02-19T12:50:04.704+0000: 1231.693: [GC (Allocation Failure) 2018-02-19T12:50:04.704+0000: 1231.693: [DefNew: 145787K->9060K(153600K), 0.0152953 secs] 233733K->98346K(494976K), 0.0153697 secs] [Times: user=0.01 sys=0.00, real=0.01 secs] 
2018-02-19T12:50:36.378+0000: 1263.367: [GC (Allocation Failure) 2018-02-19T12:50:36.378+0000: 1263.367: [DefNew: 145636K->9357K(153600K), 0.0155052 secs] 234922K->100056K(494976K), 0.0155609 secs] [Times: user=0.02 sys=0.00, real=0.01 secs] 
2018-02-19T12:51:05.962+0000: 1292.951: [GC (Allocation Failure) 2018-02-19T12:51:05.962+0000: 1292.951: [DefNew: 145933K->9663K(153600K), 0.0164494 secs] 236632K->101761K(494976K), 0.0165214 secs] [Times: user=0.02 sys=0.00, real=0.02 secs] 
12:51:12.892 [Client] INFO  c.s.f.r.e.s.SocketFront  - FlameSocketGraphDeployerFront@172.31.33.155 has been disconnected from Connection 2
12:51:12.893 [Client] INFO  c.s.f.r.e.s.SocketRear  - FlameSocketGraphDeployerRear@172.31.33.155: has been disconnected from Connection 2
12:51:27.077 [worker-akka.actor.default-dispatcher-2] INFO  a.a.CoordinatedShutdown CoordinatedShutdown(akka://worker) - Starting coordinated shutdown from JVM shutdown hook
12:51:27.139 [worker-akka.actor.default-dispatcher-2] INFO  a.a.LocalActorRef akka://worker/user/watcher/graph0000000000/negotiator - Stopped
12:51:27.140 [worker-akka.actor.default-dispatcher-2] INFO  a.a.LocalActorRef akka://worker/user/watcher/graph0000000000/edge/FlameSocketGraphDeployerFront - Stopped
12:51:27.140 [worker-akka.actor.default-dispatcher-2] INFO  a.a.LocalActorRef akka://worker/user/watcher/graph0000000000/graph/local-acker/$a - Stopped
12:51:27.141 [worker-akka.actor.default-dispatcher-2] INFO  a.a.LocalActorRef akka://worker/user/watcher/graph0000000000/edge/FlameSocketGraphDeployerRear - Stopped
12:51:27.142 [worker-akka.actor.default-dispatcher-2] INFO  a.a.LocalActorRef akka://worker/user/watcher/graph0000000000/graph/$a - Stopped
12:51:27.142 [worker-akka.actor.default-dispatcher-2] INFO  a.a.LocalActorRef akka://worker/user/watcher/graph0000000000/graph/$b - Stopped
12:51:27.143 [worker-akka.actor.default-dispatcher-2] INFO  a.a.LocalActorRef akka://worker/user/watcher/graph0000000000/graph/local-acker/$a - Message [com.spbsu.flamestream.runtime.utils.akka.PingActor$InnerPing] from Actor[akka://worker/user/watcher/graph0000000000/graph/local-acker/$a#-945106495] to Actor[akka://worker/user/watcher/graph0000000000/graph/local-acker/$a#-945106495] was not delivered. [1] dead letters encountered. This logging can be turned off or adjusted with configuration settings 'akka.log-dead-letters' and 'akka.log-dead-letters-during-shutdown'.
12:51:27.145 [worker-akka.actor.default-dispatcher-2] INFO  a.a.LocalActorRef akka://worker/user/watcher/graph0000000000/graph/$c - Stopped
12:51:27.145 [worker-akka.actor.default-dispatcher-2] INFO  a.a.LocalActorRef akka://worker/user/watcher/graph0000000000/graph/local-acker - Stopped
12:51:27.147 [worker-akka.actor.default-dispatcher-2] INFO  a.a.LocalActorRef akka://worker/user/watcher/graph0000000000/edge - Stopped
12:51:27.148 [worker-akka.actor.default-dispatcher-2] INFO  a.a.LocalActorRef akka://worker/user/watcher/graph0000000000/graph - Stopped
12:51:27.148 [worker-akka.actor.default-dispatcher-2] INFO  a.a.LocalActorRef akka://worker/user/watcher/graph0000000000 - Stopped
12:51:27.149 [worker-akka.actor.default-dispatcher-2] INFO  a.a.LocalActorRef akka://worker/user/watcher/graph0000000000/graph/local-acker/$a - Message [com.spbsu.flamestream.runtime.utils.akka.PingActor$Stop] from Actor[akka://worker/user/watcher/graph0000000000/graph/local-acker#-1794087495] to Actor[akka://worker/user/watcher/graph0000000000/graph/local-acker/$a#-945106495] was not delivered. [2] dead letters encountered. This logging can be turned off or adjusted with configuration settings 'akka.log-dead-letters' and 'akka.log-dead-letters-during-shutdown'.
12:51:27.149 [worker-akka.actor.default-dispatcher-2] INFO  a.a.LocalActorRef akka://worker/user/watcher/graph0000000000/graph/local-acker - Message [com.spbsu.flamestream.runtime.acker.LocalAcker$Flush] from Actor[akka://worker/user/watcher/graph0000000000/graph/local-acker#-1794087495] to Actor[akka://worker/user/watcher/graph0000000000/graph/local-acker#-1794087495] was not delivered. [3] dead letters encountered. This logging can be turned off or adjusted with configuration settings 'akka.log-dead-letters' and 'akka.log-dead-letters-during-shutdown'.
12:51:27.150 [worker-akka.actor.default-dispatcher-2] INFO  a.a.LocalActorRef akka://worker/user/watcher/graph0000000000/graph/local-acker - Message [com.spbsu.flamestream.runtime.acker.LocalAcker$Flush] from Actor[akka://worker/user/watcher/graph0000000000/graph/local-acker#-1794087495] to Actor[akka://worker/user/watcher/graph0000000000/graph/local-acker#-1794087495] was not delivered. [4] dead letters encountered. This logging can be turned off or adjusted with configuration settings 'akka.log-dead-letters' and 'akka.log-dead-letters-during-shutdown'.
12:51:27.153 [worker-akka.actor.default-dispatcher-2] INFO  a.a.LocalActorRef akka://worker/user/watcher/graph0000000000/graph/local-acker - Message [com.spbsu.flamestream.runtime.acker.LocalAcker$Flush] from Actor[akka://worker/user/watcher/graph0000000000/graph/local-acker#-1794087495] to Actor[akka://worker/user/watcher/graph0000000000/graph/local-acker#-1794087495] was not delivered. [5] dead letters encountered. This logging can be turned off or adjusted with configuration settings 'akka.log-dead-letters' and 'akka.log-dead-letters-during-shutdown'.
12:51:27.154 [worker-akka.actor.default-dispatcher-2] INFO  a.a.LocalActorRef akka://worker/user/watcher/graph0000000000/graph/local-acker - Message [com.spbsu.flamestream.runtime.acker.LocalAcker$Flush] from Actor[akka://worker/user/watcher/graph0000000000/graph/local-acker#-1794087495] to Actor[akka://worker/user/watcher/graph0000000000/graph/local-acker#-1794087495] was not delivered. [6] dead letters encountered. This logging can be turned off or adjusted with configuration settings 'akka.log-dead-letters' and 'akka.log-dead-letters-during-shutdown'.
12:51:27.154 [worker-akka.actor.default-dispatcher-2] INFO  a.a.LocalActorRef akka://worker/user/watcher/graph0000000000/graph/local-acker - Message [com.spbsu.flamestream.runtime.acker.LocalAcker$Flush] from Actor[akka://worker/user/watcher/graph0000000000/graph/local-acker#-1794087495] to Actor[akka://worker/user/watcher/graph0000000000/graph/local-acker#-1794087495] was not delivered. [7] dead letters encountered. This logging can be turned off or adjusted with configuration settings 'akka.log-dead-letters' and 'akka.log-dead-letters-during-shutdown'.
12:51:27.155 [worker-akka.actor.default-dispatcher-2] INFO  a.a.LocalActorRef akka://worker/user/watcher/graph0000000000/graph/local-acker - Message [com.spbsu.flamestream.runtime.acker.LocalAcker$Flush] from Actor[akka://worker/user/watcher/graph0000000000/graph/local-acker#-1794087495] to Actor[akka://worker/user/watcher/graph0000000000/graph/local-acker#-1794087495] was not delivered. [8] dead letters encountered. This logging can be turned off or adjusted with configuration settings 'akka.log-dead-letters' and 'akka.log-dead-letters-during-shutdown'.
12:51:27.157 [worker-akka.actor.default-dispatcher-2-EventThread] INFO  o.a.z.ClientCnxn  - EventThread shut down for session: 0x161ae09abc60004
12:51:27.158 [worker-akka.actor.default-dispatcher-2] INFO  o.a.z.ZooKeeper  - Session: 0x161ae09abc60004 closed
12:51:27.158 [worker-akka.actor.default-dispatcher-2] INFO  a.a.LocalActorRef akka://worker/user/watcher/graph0000000000/graph/local-acker - Message [com.spbsu.flamestream.runtime.acker.LocalAcker$Flush] from Actor[akka://worker/user/watcher/graph0000000000/graph/local-acker#-1794087495] to Actor[akka://worker/user/watcher/graph0000000000/graph/local-acker#-1794087495] was not delivered. [9] dead letters encountered. This logging can be turned off or adjusted with configuration settings 'akka.log-dead-letters' and 'akka.log-dead-letters-during-shutdown'.
12:51:27.158 [worker-akka.actor.default-dispatcher-2] INFO  a.a.RepointableActorRef akka://worker/user/watcher - Stopped
12:51:27.173 [worker-akka.actor.default-dispatcher-2] INFO  a.r.RemoteActorRefProvider$RemotingTerminator akka://worker@172.31.33.155:5412/system/remoting-terminator - Shutting down remote daemon.
12:51:27.177 [worker-akka.actor.default-dispatcher-2] INFO  a.r.RemoteActorRefProvider$RemotingTerminator akka://worker@172.31.33.155:5412/system/remoting-terminator - Remote daemon shut down; proceeding with flushing remote transports.
12:51:28.313 [worker-akka.actor.default-dispatcher-2] INFO  a.r.RemoteActorRefProvider$RemotingTerminator akka://worker@172.31.33.155:5412/system/remoting-terminator - Remoting shut down.
Heap
 def new generation   total 153600K, used 55361K [0x00000000e0c00000, 0x00000000eb2a0000, 0x00000000eb2a0000)
  eden space 136576K,  33% used [0x00000000e0c00000, 0x00000000e38a09b0, 0x00000000e9160000)
  from space 17024K,  56% used [0x00000000ea200000, 0x00000000eab6fdc0, 0x00000000eb2a0000)
  to   space 17024K,   0% used [0x00000000e9160000, 0x00000000e9160000, 0x00000000ea200000)
 tenured generation   total 341376K, used 92097K [0x00000000eb2a0000, 0x0000000100000000, 0x0000000100000000)
   the space 341376K,  26% used [0x00000000eb2a0000, 0x00000000f0c906b0, 0x00000000f0c90800, 0x0000000100000000)
 Metaspace       used 33722K, capacity 34522K, committed 34688K, reserved 1079296K
  class space    used 4475K, capacity 4658K, committed 4736K, reserved 1048576K
