11:59:02.958 [worker-akka.actor.default-dispatcher-2] INFO  a.e.s.Slf4jLogger  - Slf4jLogger started
2018-02-21T11:59:03.135+0000: 2.654: [Full GC (Metadata GC Threshold) 2018-02-21T11:59:03.135+0000: 2.654: [Tenured: 0K->15492K(341376K), 0.0391920 secs] 117538K->15492K(494976K), [Metaspace: 20934K->20934K(1067008K)], 0.0392537 secs] [Times: user=0.04 sys=0.00, real=0.04 secs] 
Ama winner
Ama winner
11:59:03.595 [worker-akka.actor.default-dispatcher-2] INFO  a.r.a.ArteryTransport(akka://worker) akka.remote.artery.ArteryTransport(akka://worker) - Started embedded media driver in directory [/dev/shm/aeron-root-worker-d4cd4b2e-1a23-49de-8cc3-e2972d79bb39]
11:59:03.810 [worker-akka.actor.default-dispatcher-2] INFO  a.r.a.ArteryTransport(akka://worker) akka.remote.artery.ArteryTransport(akka://worker) - Remoting started; listening on address: [akka://worker@172.31.44.83:5412] with UID [5830875340661132353]
11:59:03.913 [worker-akka.actor.default-dispatcher-2] INFO  o.a.z.ZooKeeper  - Client environment:zookeeper.version=3.4.9-1757313, built on 08/23/2016 06:50 GMT
11:59:03.913 [worker-akka.actor.default-dispatcher-2] INFO  o.a.z.ZooKeeper  - Client environment:host.name=ip-172-31-44-83.us-east-2.compute.internal
11:59:03.914 [worker-akka.actor.default-dispatcher-2] INFO  o.a.z.ZooKeeper  - Client environment:java.version=1.8.0_151
11:59:03.914 [worker-akka.actor.default-dispatcher-2] INFO  o.a.z.ZooKeeper  - Client environment:java.vendor=Oracle Corporation
11:59:03.914 [worker-akka.actor.default-dispatcher-2] INFO  o.a.z.ZooKeeper  - Client environment:java.home=/usr/lib/jvm/java-8-openjdk-amd64/jre
11:59:03.914 [worker-akka.actor.default-dispatcher-2] INFO  o.a.z.ZooKeeper  - Client environment:java.class.path=lib/commons-cli-1.4.jar:lib/minlog-1.3.0.jar:lib/asm-5.0.4.jar:lib/hadoop-annotations-2.7.3.jar:lib/hadoop-auth-2.7.3.jar:lib/akka-slf4j_2.11-2.5.6.jar:lib/jersey-core-1.9.jar:lib/lz4-1.3.0.jar:lib/jackson-core-asl-1.9.13.jar:lib/aeron-client-1.3.0.jar:lib/htrace-core-3.1.0-incubating.jar:lib/xz-1.0.jar:lib/commons-httpclient-3.1.jar:lib/asm-3.1.jar:lib/commons-lang3-3.4.jar:lib/scala-library-2.11.11.jar:lib/scala-java8-compat_2.11-0.7.0.jar:lib/commons-configuration-1.6.jar:lib/objenesis-2.1.jar:lib/jackson-annotations-2.8.0.jar:lib/jsr305-3.0.0.jar:lib/curator-framework-2.7.1.jar:lib/jersey-server-1.9.jar:lib/jets3t-0.9.0.jar:lib/leveldb-0.7.jar:lib/jetty-6.1.26.jar:lib/stax-api-1.0-2.jar:lib/flamestream-core-1.0-SNAPSHOT.jar:lib/reflectasm-1.07-shaded.jar:lib/apacheds-kerberos-codec-2.0.0-M15.jar:lib/api-asn1-api-1.0.0-M20.jar:lib/commons-lang-2.6.jar:lib/commons-beanutils-1.7.0.jar:lib/jackson-xc-1.8.3.jar:lib/jetty-util-6.1.26.jar:lib/logback-classic-1.2.3.jar:lib/jool-0.9.12.jar:lib/flamestream-runtime-1.0-SNAPSHOT-tests.jar:lib/httpcore-4.1.2.jar:lib/kryo-4.0.0.jar:lib/ant-1.8.1.jar:lib/jaxb-impl-2.2.3-1.jar:lib/jersey-json-1.9.jar:lib/commons-compress-1.4.1.jar:lib/leveldbjni-all-1.8.jar:lib/paranamer-2.3.jar:lib/jackson-core-2.8.4.jar:lib/commons-math3-3.6.1.jar:lib/scala-parser-combinators_2.11-1.0.4.jar:lib/netty-3.10.6.Final.jar:lib/trove4j-3.0.3.jar:lib/jaxb-api-2.2.2.jar:lib/logback-core-1.2.3.jar:lib/snappy-java-1.0.4.1.jar:lib/protobuf-java-2.5.0.jar:lib/reactive-streams-1.0.1.jar:lib/flamestream-examples-1.0-SNAPSHOT.jar:lib/commons-codec-1.4.jar:lib/activation-1.1.jar:lib/commons-net-3.1.jar:lib/curator-recipes-2.7.1.jar:lib/jackson-mapper-asl-1.9.13.jar:lib/jackson-databind-2.8.4.jar:lib/flamestream-runtime-1.0-SNAPSHOT.jar:lib/jackson-jaxrs-1.8.3.jar:lib/slf4j-api-1.7.24.jar:lib/akka-remote_2.11-2.5.6.jar:lib/akka-testkit_2.11-2.5.6.jar:lib/jline-0.9.94.jar:lib/akka-stream_2.11-2.5.6.jar:lib/jsp-api-2.1.jar:lib/kryonet-2.21.jar:lib/akka-kryo-serialization_2.11-0.5.0.jar:lib/config-1.3.1.jar:lib/ant-launcher-1.8.1.jar:lib/commons-logging-1.2.jar:lib/ssl-config-core_2.11-0.2.2.jar:lib/testng-6.10.jar:lib/leveldb-api-0.7.jar:lib/reflectasm-1.11.3.jar:lib/jcommander-1.48.jar:lib/commons-1.1.jar:lib/commons-digester-1.8.jar:lib/minlog-1.2.jar:lib/java-xmlbuilder-0.4.jar:lib/jettison-1.1.jar:lib/gson-2.2.4.jar:lib/jdk.tools-1.8.jar:lib/aeron-driver-1.3.0.jar:lib/zookeeper-3.4.9.jar:lib/commons-beanutils-core-1.8.0.jar:lib/commons-math3-3.1.1.jar:lib/akka-actor_2.11-2.5.6.jar:lib/curator-client-2.7.1.jar:lib/servlet-api-2.5.jar:lib/apacheds-i18n-2.0.0-M15.jar:lib/commons-io-2.4.jar:lib/commons-codec-1.6.jar:lib/akka-protobuf_2.11-2.5.6.jar:lib/protobuf-java-3.5.1.jar:lib/jdom-2.0.2.jar:lib/api-util-1.0.0-M20.jar:lib/hadoop-common-2.7.3.jar:lib/agrona-0.9.6.jar:lib/xmlenc-0.52.jar:lib/guava-21.0.jar:lib/commons-collections-3.2.2.jar:lib/avro-1.7.4.jar:lib/httpclient-4.1.2.jar:lib/flamestream-core-1.0-SNAPSHOT-tests.jar:lib/annotations-12.0.jar:lib/jsch-0.1.42.jar:flamestream-runtime-1.0-SNAPSHOT.jar
11:59:03.914 [worker-akka.actor.default-dispatcher-2] INFO  o.a.z.ZooKeeper  - Client environment:java.library.path=/usr/java/packages/lib/amd64:/usr/lib/x86_64-linux-gnu/jni:/lib/x86_64-linux-gnu:/usr/lib/x86_64-linux-gnu:/usr/lib/jni:/lib:/usr/lib
11:59:03.914 [worker-akka.actor.default-dispatcher-2] INFO  o.a.z.ZooKeeper  - Client environment:java.io.tmpdir=/tmp
11:59:03.914 [worker-akka.actor.default-dispatcher-2] INFO  o.a.z.ZooKeeper  - Client environment:java.compiler=<NA>
11:59:03.914 [worker-akka.actor.default-dispatcher-2] INFO  o.a.z.ZooKeeper  - Client environment:os.name=Linux
11:59:03.914 [worker-akka.actor.default-dispatcher-2] INFO  o.a.z.ZooKeeper  - Client environment:os.arch=amd64
11:59:03.914 [worker-akka.actor.default-dispatcher-2] INFO  o.a.z.ZooKeeper  - Client environment:os.version=4.4.0-1049-aws
11:59:03.914 [worker-akka.actor.default-dispatcher-2] INFO  o.a.z.ZooKeeper  - Client environment:user.name=root
11:59:03.915 [worker-akka.actor.default-dispatcher-2] INFO  o.a.z.ZooKeeper  - Client environment:user.home=/root
11:59:03.916 [worker-akka.actor.default-dispatcher-2] INFO  o.a.z.ZooKeeper  - Client environment:user.dir=/opt/flamestream
11:59:03.919 [worker-akka.actor.default-dispatcher-2] INFO  o.a.z.ZooKeeper  - Initiating client connection, connectString=172.31.34.147:2181 sessionTimeout=5000 watcher=com.spbsu.flamestream.runtime.application.LifecycleWatcher$$Lambda$29/764839090@3d5d5f13
11:59:03.952 [worker-akka.actor.default-dispatcher-2] INFO  a.a.RepointableActorRef akka://worker/user/watcher - Starting...
11:59:03.957 [worker-akka.actor.default-dispatcher-2-SendThread(172.31.34.147:2181)] INFO  o.a.z.ClientCnxn  - Opening socket connection to server 172.31.34.147/172.31.34.147:2181. Will not attempt to authenticate using SASL (unknown error)
11:59:03.960 [worker-akka.actor.default-dispatcher-2-SendThread(172.31.34.147:2181)] INFO  o.a.z.ClientCnxn  - Socket connection established to 172.31.34.147/172.31.34.147:2181, initiating session
11:59:03.969 [worker-akka.actor.default-dispatcher-2-SendThread(172.31.34.147:2181)] INFO  o.a.z.ClientCnxn  - Session establishment complete on server 172.31.34.147/172.31.34.147:2181, sessionid = 0x161b83a7f4f0003, negotiated timeout = 6000
11:59:04.067 [worker-akka.actor.default-dispatcher-2] INFO  a.a.RepointableActorRef akka://worker/user/watcher - Connected to ZK
11:59:11.778 [worker-akka.actor.default-dispatcher-2] INFO  a.a.RepointableActorRef akka://worker/user/watcher - Creating node with watchGraphs: 'com.spbsu.flamestream.core.Graph$Builder$MyGraph@cf23589', config: 'ClusterConfig{paths={172.31.33.155=akka://worker@172.31.33.155:5412/user/watcher/graph0000000000, 172.31.47.83=akka://worker@172.31.47.83:5412/user/watcher/graph0000000000, 172.31.45.197=akka://worker@172.31.45.197:5412/user/watcher/graph0000000000, 172.31.44.83=akka://worker@172.31.44.83:5412/user/watcher/graph0000000000, 172.31.39.64=akka://worker@172.31.39.64:5412/user/watcher/graph0000000000, 172.31.35.79=akka://worker@172.31.35.79:5412/user/watcher/graph0000000000, 172.31.47.100=akka://worker@172.31.47.100:5412/user/watcher/graph0000000000, 172.31.37.101=akka://worker@172.31.37.101:5412/user/watcher/graph0000000000}, ackerLocation='172.31.35.79', props=ComputationLayout{ranges={172.31.33.155=HashRange{from=-1533916892, to=-920350136}, 172.31.47.83=HashRange{from=-306783380, to=306783376}, 172.31.45.197=HashRange{from=306783376, to=920350132}, 172.31.44.83=HashRange{from=1533916888, to=2147483644}, 172.31.39.64=HashRange{from=-2147483648, to=-1533916892}, 172.31.35.79=HashRange{from=0, to=0}, 172.31.47.100=HashRange{from=920350132, to=1533916888}, 172.31.37.101=HashRange{from=-920350136, to=-306783380}}}}'
11:59:12.499 [worker-akka.actor.default-dispatcher-2] INFO  a.a.LocalActorRef akka://worker/user/watcher/graph0000000000/graph - Starting...
11:59:12.500 [worker-akka.actor.default-dispatcher-2] INFO  a.a.LocalActorRef akka://worker/user/watcher/graph0000000000/graph/local-acker - Starting...
11:59:12.502 [worker-akka.actor.default-dispatcher-2] INFO  a.a.LocalActorRef akka://worker/user/watcher/graph0000000000/graph/local-acker/$a - Starting...
11:59:13.785 [worker-akka.actor.default-dispatcher-2] INFO  a.a.LocalActorRef akka://worker/user/watcher/graph0000000000/graph - Finishing constructor
11:59:13.786 [worker-akka.actor.default-dispatcher-2] INFO  a.a.LocalActorRef akka://worker/user/watcher/graph0000000000 - Starting...
11:59:13.787 [worker-akka.actor.default-dispatcher-2] INFO  a.a.LocalActorRef akka://worker/user/watcher/graph0000000000/negotiator - Starting...
11:59:13.853 [worker-akka.actor.default-dispatcher-2] INFO  a.a.LocalActorRef akka://worker/user/watcher/graph0000000000/edge - Starting...
11:59:13.855 [worker-akka.actor.default-dispatcher-2] INFO  a.a.LocalActorRef akka://worker/user/watcher/graph0000000000/graph/$a - Starting...
11:59:13.856 [worker-akka.actor.default-dispatcher-2] INFO  a.a.LocalActorRef akka://worker/user/watcher/graph0000000000/graph/$b - Starting...
11:59:13.857 [worker-akka.actor.default-dispatcher-2] INFO  a.a.LocalActorRef akka://worker/user/watcher/graph0000000000/graph/$c - Starting...
11:59:13.885 [worker-akka.actor.default-dispatcher-2] INFO  c.s.f.r.e.s.SocketRear  - FlameSocketGraphDeployerRear@172.31.44.83: connecting to 172.31.34.147:5678
11:59:13.892 [worker-akka.actor.default-dispatcher-2] INFO  c.s.f.r.e.s.SocketRear  - FlameSocketGraphDeployerRear@172.31.44.83: connected to 172.31.34.147:5678
11:59:13.920 [worker-akka.actor.default-dispatcher-2] INFO  a.a.LocalActorRef akka://worker/user/watcher/graph0000000000/edge/FlameSocketGraphDeployerRear - Starting...
11:59:13.921 [worker-akka.actor.default-dispatcher-2] INFO  a.a.LocalActorRef akka://worker/user/watcher/graph0000000000/edge/FlameSocketGraphDeployerFront - Starting...
11:59:13.923 [worker-akka.actor.default-dispatcher-2] INFO  a.a.LocalActorRef akka://worker/user/watcher/graph0000000000/negotiator - Requesting ticket for the frontClass FlameSocketGraphDeployerFront@172.31.44.83
11:59:13.933 [worker-akka.actor.default-dispatcher-2] INFO  a.a.LocalActorRef akka://worker/user/watcher/graph0000000000/negotiator - Ticket for the frontClass received: FrontTicket{allowedTimestamp=(1519214351761, FlameSocketGraphDeployerFront@172.31.44.83)}
11:59:13.934 [worker-akka.actor.default-dispatcher-2] INFO  c.s.f.r.e.s.SocketFront  - FlameSocketGraphDeployerFront@172.31.44.83: connecting to 172.31.34.147:4567
11:59:13.949 [Client] INFO  c.s.f.r.e.s.SocketFront  - FlameSocketGraphDeployerFront@172.31.44.83 has been disconnected from Connection 5
2018-02-21T11:59:17.598+0000: 17.118: [GC (Allocation Failure) 2018-02-21T11:59:17.598+0000: 17.118: [DefNew: 136576K->17023K(153600K), 0.0265779 secs] 152068K->52993K(494976K), 0.0266516 secs] [Times: user=0.01 sys=0.01, real=0.02 secs] 
2018-02-21T11:59:29.434+0000: 28.954: [GC (Allocation Failure) 2018-02-21T11:59:29.434+0000: 28.954: [DefNew: 153599K->4173K(153600K), 0.0189758 secs] 189569K->50121K(494976K), 0.0190364 secs] [Times: user=0.02 sys=0.00, real=0.01 secs] 
2018-02-21T11:59:45.945+0000: 45.464: [GC (Allocation Failure) 2018-02-21T11:59:45.945+0000: 45.464: [DefNew: 140749K->6478K(153600K), 0.0139644 secs] 186697K->52426K(494976K), 0.0140345 secs] [Times: user=0.01 sys=0.00, real=0.02 secs] 
2018-02-21T11:59:57.299+0000: 56.818: [GC (Allocation Failure) 2018-02-21T11:59:57.299+0000: 56.818: [DefNew: 143054K->8078K(153600K), 0.0151578 secs] 189002K->54026K(494976K), 0.0152482 secs] [Times: user=0.02 sys=0.00, real=0.02 secs] 
2018-02-21T12:00:11.404+0000: 70.923: [GC (Allocation Failure) 2018-02-21T12:00:11.404+0000: 70.923: [DefNew: 144654K->10027K(153600K), 0.0167466 secs] 190602K->55975K(494976K), 0.0168102 secs] [Times: user=0.01 sys=0.00, real=0.02 secs] 
2018-02-21T12:00:23.905+0000: 83.424: [GC (Allocation Failure) 2018-02-21T12:00:23.905+0000: 83.424: [DefNew: 146603K->9268K(153600K), 0.0189533 secs] 192551K->57116K(494976K), 0.0190151 secs] [Times: user=0.02 sys=0.00, real=0.02 secs] 
2018-02-21T12:00:32.968+0000: 92.487: [GC (Allocation Failure) 2018-02-21T12:00:32.968+0000: 92.487: [DefNew: 145844K->9955K(153600K), 0.0215344 secs] 193692K->59207K(494976K), 0.0215982 secs] [Times: user=0.03 sys=0.00, real=0.02 secs] 
2018-02-21T12:00:46.003+0000: 105.523: [GC (Allocation Failure) 2018-02-21T12:00:46.004+0000: 105.523: [DefNew: 146531K->7828K(153600K), 0.0177051 secs] 195783K->59771K(494976K), 0.0177831 secs] [Times: user=0.02 sys=0.00, real=0.02 secs] 
2018-02-21T12:00:59.661+0000: 119.180: [GC (Allocation Failure) 2018-02-21T12:00:59.661+0000: 119.181: [DefNew: 144404K->9765K(153600K), 0.0158768 secs] 196347K->61709K(494976K), 0.0159395 secs] [Times: user=0.02 sys=0.00, real=0.02 secs] 
2018-02-21T12:01:16.839+0000: 136.358: [GC (Allocation Failure) 2018-02-21T12:01:16.839+0000: 136.358: [DefNew: 146341K->9728K(153600K), 0.0176017 secs] 198285K->62952K(494976K), 0.0176638 secs] [Times: user=0.02 sys=0.00, real=0.02 secs] 
2018-02-21T12:01:32.496+0000: 152.016: [GC (Allocation Failure) 2018-02-21T12:01:32.496+0000: 152.016: [DefNew: 146304K->8618K(153600K), 0.0173767 secs] 199528K->63939K(494976K), 0.0174859 secs] [Times: user=0.02 sys=0.00, real=0.02 secs] 
2018-02-21T12:01:45.421+0000: 164.940: [GC (Allocation Failure) 2018-02-21T12:01:45.421+0000: 164.940: [DefNew: 145194K->9117K(153600K), 0.0174108 secs] 200515K->65471K(494976K), 0.0174723 secs] [Times: user=0.02 sys=0.00, real=0.02 secs] 
2018-02-21T12:01:59.753+0000: 179.272: [GC (Allocation Failure) 2018-02-21T12:01:59.753+0000: 179.272: [DefNew: 145693K->9305K(153600K), 0.0180729 secs] 202047K->66794K(494976K), 0.0181349 secs] [Times: user=0.01 sys=0.01, real=0.02 secs] 
2018-02-21T12:02:16.253+0000: 195.773: [GC (Allocation Failure) 2018-02-21T12:02:16.253+0000: 195.773: [DefNew: 145881K->9411K(153600K), 0.0173424 secs] 203370K->68134K(494976K), 0.0174059 secs] [Times: user=0.01 sys=0.00, real=0.01 secs] 
2018-02-21T12:02:32.708+0000: 212.227: [GC (Allocation Failure) 2018-02-21T12:02:32.708+0000: 212.227: [DefNew: 145987K->10168K(153600K), 0.0183421 secs] 204710K->69932K(494976K), 0.0184099 secs] [Times: user=0.02 sys=0.00, real=0.02 secs] 
2018-02-21T12:02:49.222+0000: 228.741: [GC (Allocation Failure) 2018-02-21T12:02:49.222+0000: 228.741: [DefNew: 146744K->8835K(153600K), 0.0192565 secs] 206508K->71278K(494976K), 0.0193206 secs] [Times: user=0.02 sys=0.00, real=0.02 secs] 
2018-02-21T12:03:04.195+0000: 243.715: [GC (Allocation Failure) 2018-02-21T12:03:04.196+0000: 243.715: [DefNew: 145411K->8896K(153600K), 0.0170039 secs] 207854K->72587K(494976K), 0.0170651 secs] [Times: user=0.02 sys=0.00, real=0.01 secs] 
2018-02-21T12:03:18.264+0000: 257.783: [GC (Allocation Failure) 2018-02-21T12:03:18.264+0000: 257.783: [DefNew: 145472K->8847K(153600K), 0.0169706 secs] 209163K->73864K(494976K), 0.0170430 secs] [Times: user=0.02 sys=0.00, real=0.02 secs] 
2018-02-21T12:03:34.552+0000: 274.071: [GC (Allocation Failure) 2018-02-21T12:03:34.552+0000: 274.071: [DefNew: 145423K->8768K(153600K), 0.0171946 secs] 210440K->75332K(494976K), 0.0172564 secs] [Times: user=0.02 sys=0.00, real=0.02 secs] 
2018-02-21T12:03:49.149+0000: 288.669: [GC (Allocation Failure) 2018-02-21T12:03:49.149+0000: 288.669: [DefNew: 145344K->9848K(153600K), 0.0173688 secs] 211908K->77656K(494976K), 0.0174399 secs] [Times: user=0.01 sys=0.01, real=0.02 secs] 
2018-02-21T12:04:03.775+0000: 303.295: [GC (Allocation Failure) 2018-02-21T12:04:03.775+0000: 303.295: [DefNew: 146424K->10241K(153600K), 0.0181237 secs] 214232K->79312K(494976K), 0.0181877 secs] [Times: user=0.02 sys=0.00, real=0.02 secs] 
2018-02-21T12:04:18.491+0000: 318.010: [GC (Allocation Failure) 2018-02-21T12:04:18.491+0000: 318.010: [DefNew: 146817K->8222K(153600K), 0.0188764 secs] 215888K->81053K(494976K), 0.0189526 secs] [Times: user=0.01 sys=0.00, real=0.02 secs] 
2018-02-21T12:04:33.654+0000: 333.173: [GC (Allocation Failure) 2018-02-21T12:04:33.654+0000: 333.173: [DefNew: 144798K->9489K(153600K), 0.0149143 secs] 217629K->82320K(494976K), 0.0149852 secs] [Times: user=0.02 sys=0.00, real=0.01 secs] 
2018-02-21T12:04:51.401+0000: 350.920: [GC (Allocation Failure) 2018-02-21T12:04:51.401+0000: 350.920: [DefNew: 146065K->9895K(153600K), 0.0185297 secs] 218896K->84111K(494976K), 0.0185905 secs] [Times: user=0.01 sys=0.01, real=0.02 secs] 
2018-02-21T12:05:06.467+0000: 365.986: [GC (Allocation Failure) 2018-02-21T12:05:06.467+0000: 365.986: [DefNew: 146471K->9793K(153600K), 0.0181050 secs] 220687K->85496K(494976K), 0.0181705 secs] [Times: user=0.02 sys=0.00, real=0.01 secs] 
2018-02-21T12:05:20.497+0000: 380.016: [GC (Allocation Failure) 2018-02-21T12:05:20.497+0000: 380.016: [DefNew: 146369K->10479K(153600K), 0.0180178 secs] 222072K->87287K(494976K), 0.0180828 secs] [Times: user=0.02 sys=0.00, real=0.02 secs] 
2018-02-21T12:05:31.988+0000: 391.507: [GC (Allocation Failure) 2018-02-21T12:05:31.988+0000: 391.507: [DefNew: 147055K->9413K(153600K), 0.0220425 secs] 223863K->89078K(494976K), 0.0221038 secs] [Times: user=0.01 sys=0.01, real=0.02 secs] 
2018-02-21T12:05:46.098+0000: 405.618: [GC (Allocation Failure) 2018-02-21T12:05:46.099+0000: 405.618: [DefNew: 145989K->9027K(153600K), 0.0182271 secs] 225654K->90360K(494976K), 0.0182903 secs] [Times: user=0.02 sys=0.00, real=0.02 secs] 
2018-02-21T12:06:00.624+0000: 420.143: [GC (Allocation Failure) 2018-02-21T12:06:00.624+0000: 420.143: [DefNew: 145603K->9093K(153600K), 0.0169095 secs] 226936K->92145K(494976K), 0.0169754 secs] [Times: user=0.02 sys=0.00, real=0.02 secs] 
2018-02-21T12:06:13.348+0000: 432.868: [GC (Allocation Failure) 2018-02-21T12:06:13.348+0000: 432.868: [DefNew: 145669K->9326K(153600K), 0.0178052 secs] 228721K->93943K(494976K), 0.0178755 secs] [Times: user=0.02 sys=0.00, real=0.02 secs] 
2018-02-21T12:06:26.605+0000: 446.125: [GC (Allocation Failure) 2018-02-21T12:06:26.606+0000: 446.125: [DefNew: 145902K->9705K(153600K), 0.0182609 secs] 230519K->95961K(494976K), 0.0183302 secs] [Times: user=0.02 sys=0.00, real=0.01 secs] 
2018-02-21T12:06:41.311+0000: 460.830: [GC (Allocation Failure) 2018-02-21T12:06:41.311+0000: 460.830: [DefNew: 146281K->9428K(153600K), 0.0181119 secs] 232537K->97253K(494976K), 0.0181735 secs] [Times: user=0.01 sys=0.00, real=0.02 secs] 
2018-02-21T12:06:56.967+0000: 476.487: [GC (Allocation Failure) 2018-02-21T12:06:56.967+0000: 476.487: [DefNew: 146004K->10295K(153600K), 0.0176339 secs] 233829K->99684K(494976K), 0.0176944 secs] [Times: user=0.02 sys=0.00, real=0.01 secs] 
2018-02-21T12:07:12.698+0000: 492.217: [GC (Allocation Failure) 2018-02-21T12:07:12.698+0000: 492.217: [DefNew: 146871K->9760K(153600K), 0.0183367 secs] 236260K->100834K(494976K), 0.0184040 secs] [Times: user=0.02 sys=0.00, real=0.02 secs] 
2018-02-21T12:07:25.125+0000: 504.644: [GC (Allocation Failure) 2018-02-21T12:07:25.125+0000: 504.645: [DefNew: 146336K->10101K(153600K), 0.0187608 secs] 237410K->102801K(494976K), 0.0188366 secs] [Times: user=0.01 sys=0.01, real=0.02 secs] 
2018-02-21T12:07:39.688+0000: 519.208: [GC (Allocation Failure) 2018-02-21T12:07:39.688+0000: 519.208: [DefNew: 146677K->10164K(153600K), 0.0186599 secs] 239377K->104526K(494976K), 0.0187303 secs] [Times: user=0.02 sys=0.01, real=0.02 secs] 
2018-02-21T12:07:53.142+0000: 532.661: [GC (Allocation Failure) 2018-02-21T12:07:53.142+0000: 532.661: [DefNew: 146740K->9994K(153600K), 0.0187762 secs] 241102K->106282K(494976K), 0.0188384 secs] [Times: user=0.02 sys=0.00, real=0.02 secs] 
2018-02-21T12:08:06.879+0000: 546.398: [GC (Allocation Failure) 2018-02-21T12:08:06.879+0000: 546.398: [DefNew: 146570K->10436K(153600K), 0.0185664 secs] 242858K->108247K(494976K), 0.0186288 secs] [Times: user=0.02 sys=0.00, real=0.02 secs] 
2018-02-21T12:08:21.912+0000: 561.431: [GC (Allocation Failure) 2018-02-21T12:08:21.912+0000: 561.431: [DefNew: 147012K->10678K(153600K), 0.0177369 secs] 244823K->110334K(494976K), 0.0177939 secs] [Times: user=0.02 sys=0.00, real=0.02 secs] 
2018-02-21T12:08:34.078+0000: 573.598: [GC (Allocation Failure) 2018-02-21T12:08:34.078+0000: 573.598: [DefNew: 147254K->10555K(153600K), 0.0197241 secs] 246910K->111931K(494976K), 0.0197993 secs] [Times: user=0.02 sys=0.00, real=0.02 secs] 
2018-02-21T12:08:49.320+0000: 588.839: [GC (Allocation Failure) 2018-02-21T12:08:49.320+0000: 588.839: [DefNew: 147131K->10821K(153600K), 0.0188163 secs] 248507K->113853K(494976K), 0.0188782 secs] [Times: user=0.02 sys=0.00, real=0.02 secs] 
2018-02-21T12:09:03.308+0000: 602.827: [GC (Allocation Failure) 2018-02-21T12:09:03.308+0000: 602.827: [DefNew: 147397K->11125K(153600K), 0.0193791 secs] 250429K->115780K(494976K), 0.0194365 secs] [Times: user=0.00 sys=0.02, real=0.02 secs] 
2018-02-21T12:09:17.076+0000: 616.596: [GC (Allocation Failure) 2018-02-21T12:09:17.076+0000: 616.596: [DefNew: 147701K->11086K(153600K), 0.0188169 secs] 252356K->117592K(494976K), 0.0188783 secs] [Times: user=0.01 sys=0.00, real=0.02 secs] 
2018-02-21T12:09:32.006+0000: 631.525: [GC (Allocation Failure) 2018-02-21T12:09:32.006+0000: 631.525: [DefNew: 147662K->10811K(153600K), 0.0211547 secs] 254168K->119188K(494976K), 0.0212153 secs] [Times: user=0.01 sys=0.00, real=0.02 secs] 
2018-02-21T12:09:42.813+0000: 642.332: [GC (Allocation Failure) 2018-02-21T12:09:42.813+0000: 642.332: [DefNew: 147387K->10618K(153600K), 0.0182025 secs] 255764K->121042K(494976K), 0.0182662 secs] [Times: user=0.02 sys=0.00, real=0.02 secs] 
2018-02-21T12:09:58.593+0000: 658.112: [GC (Allocation Failure) 2018-02-21T12:09:58.593+0000: 658.112: [DefNew: 147194K->10805K(153600K), 0.0179055 secs] 257618K->122845K(494976K), 0.0179647 secs] [Times: user=0.01 sys=0.00, real=0.02 secs] 
2018-02-21T12:10:11.515+0000: 671.034: [GC (Allocation Failure) 2018-02-21T12:10:11.515+0000: 671.034: [DefNew: 147381K->11530K(153600K), 0.0181291 secs] 259421K->125180K(494976K), 0.0181908 secs] [Times: user=0.02 sys=0.00, real=0.01 secs] 
2018-02-21T12:10:27.087+0000: 686.607: [GC (Allocation Failure) 2018-02-21T12:10:27.087+0000: 686.607: [DefNew: 148106K->8778K(153600K), 0.0186520 secs] 261756K->126829K(494976K), 0.0187104 secs] [Times: user=0.01 sys=0.00, real=0.02 secs] 
2018-02-21T12:10:36.786+0000: 696.305: [GC (Allocation Failure) 2018-02-21T12:10:36.786+0000: 696.305: [DefNew: 145354K->8464K(153600K), 0.0225515 secs] 263405K->129949K(494976K), 0.0226151 secs] [Times: user=0.01 sys=0.01, real=0.02 secs] 
2018-02-21T12:10:53.845+0000: 713.364: [GC (Allocation Failure) 2018-02-21T12:10:53.845+0000: 713.364: [DefNew: 145040K->11845K(153600K), 0.0168470 secs] 266525K->133330K(494976K), 0.0169048 secs] [Times: user=0.01 sys=0.00, real=0.02 secs] 
2018-02-21T12:11:07.264+0000: 726.783: [GC (Allocation Failure) 2018-02-21T12:11:07.264+0000: 726.783: [DefNew: 148421K->9213K(153600K), 0.0341377 secs] 269906K->135596K(494976K), 0.0342171 secs] [Times: user=0.01 sys=0.02, real=0.04 secs] 
12:11:15.032 [Client] INFO  c.s.f.r.e.s.SocketRear  - FlameSocketGraphDeployerRear@172.31.44.83: has been disconnected from Connection 5
12:11:27.174 [worker-akka.actor.default-dispatcher-2] INFO  a.a.CoordinatedShutdown CoordinatedShutdown(akka://worker) - Starting coordinated shutdown from JVM shutdown hook
12:11:27.194 [worker-akka.actor.default-dispatcher-2] INFO  a.a.LocalActorRef akka://worker/user/watcher/graph0000000000/negotiator - Stopped
12:11:27.194 [worker-akka.actor.default-dispatcher-2] INFO  a.a.LocalActorRef akka://worker/user/watcher/graph0000000000/edge/FlameSocketGraphDeployerFront - Stopped
12:11:27.195 [worker-akka.actor.default-dispatcher-2] INFO  a.a.LocalActorRef akka://worker/user/watcher/graph0000000000/edge/FlameSocketGraphDeployerRear - Stopped
12:11:27.195 [worker-akka.actor.default-dispatcher-2] INFO  a.a.LocalActorRef akka://worker/user/watcher/graph0000000000/graph/local-acker/$a - Stopped
12:11:27.197 [worker-akka.actor.default-dispatcher-2] INFO  a.a.LocalActorRef akka://worker/user/watcher/graph0000000000/graph/$a - Stopped
12:11:27.198 [worker-akka.actor.default-dispatcher-2] INFO  a.a.LocalActorRef akka://worker/user/watcher/graph0000000000/graph/$b - Stopped
12:11:27.198 [worker-akka.actor.default-dispatcher-2] INFO  a.a.LocalActorRef akka://worker/user/watcher/graph0000000000/graph/$c - Stopped
12:11:27.205 [worker-akka.actor.default-dispatcher-2-EventThread] INFO  o.a.z.ClientCnxn  - EventThread shut down for session: 0x161b83a7f4f0003
12:11:27.205 [worker-akka.actor.default-dispatcher-2] INFO  o.a.z.ZooKeeper  - Session: 0x161b83a7f4f0003 closed
12:11:27.205 [worker-akka.actor.default-dispatcher-2] INFO  a.a.LocalActorRef akka://worker/user/watcher/graph0000000000/edge - Stopped
12:11:27.207 [worker-akka.actor.default-dispatcher-2] INFO  a.a.LocalActorRef akka://worker/user/watcher/graph0000000000/graph/local-acker/$a - Message [com.spbsu.flamestream.runtime.utils.akka.PingActor$InnerPing] from Actor[akka://worker/user/watcher/graph0000000000/graph/local-acker/$a#1072182862] to Actor[akka://worker/user/watcher/graph0000000000/graph/local-acker/$a#1072182862] was not delivered. [1] dead letters encountered. This logging can be turned off or adjusted with configuration settings 'akka.log-dead-letters' and 'akka.log-dead-letters-during-shutdown'.
12:11:27.207 [worker-akka.actor.default-dispatcher-2] INFO  a.a.LocalActorRef akka://worker/user/watcher/graph0000000000/graph/local-acker - Stopped
12:11:27.208 [worker-akka.actor.default-dispatcher-2] INFO  a.a.LocalActorRef akka://worker/user/watcher/graph0000000000/graph - Stopped
12:11:27.209 [worker-akka.actor.default-dispatcher-2] INFO  a.a.LocalActorRef akka://worker/user/watcher/graph0000000000 - Stopped
12:11:27.209 [worker-akka.actor.default-dispatcher-2] INFO  a.a.RepointableActorRef akka://worker/user/watcher - Stopped
12:11:27.218 [worker-akka.actor.default-dispatcher-2] INFO  a.a.LocalActorRef akka://worker/user/watcher/graph0000000000/graph/local-acker/$a - Message [com.spbsu.flamestream.runtime.utils.akka.PingActor$Stop] from Actor[akka://worker/user/watcher/graph0000000000/graph/local-acker#-1335143174] to Actor[akka://worker/user/watcher/graph0000000000/graph/local-acker/$a#1072182862] was not delivered. [2] dead letters encountered. This logging can be turned off or adjusted with configuration settings 'akka.log-dead-letters' and 'akka.log-dead-letters-during-shutdown'.
12:11:27.218 [worker-akka.actor.default-dispatcher-2] INFO  a.a.LocalActorRef akka://worker/user/watcher/graph0000000000/graph/local-acker - Message [com.spbsu.flamestream.runtime.acker.LocalAcker$Flush] from Actor[akka://worker/user/watcher/graph0000000000/graph/local-acker#-1335143174] to Actor[akka://worker/user/watcher/graph0000000000/graph/local-acker#-1335143174] was not delivered. [3] dead letters encountered. This logging can be turned off or adjusted with configuration settings 'akka.log-dead-letters' and 'akka.log-dead-letters-during-shutdown'.
12:11:27.219 [worker-akka.actor.default-dispatcher-2] INFO  a.a.LocalActorRef akka://worker/user/watcher/graph0000000000/graph/local-acker - Message [com.spbsu.flamestream.runtime.acker.LocalAcker$Flush] from Actor[akka://worker/user/watcher/graph0000000000/graph/local-acker#-1335143174] to Actor[akka://worker/user/watcher/graph0000000000/graph/local-acker#-1335143174] was not delivered. [4] dead letters encountered. This logging can be turned off or adjusted with configuration settings 'akka.log-dead-letters' and 'akka.log-dead-letters-during-shutdown'.
12:11:27.221 [worker-akka.actor.default-dispatcher-2] INFO  a.a.LocalActorRef akka://worker/user/watcher/graph0000000000/graph/local-acker - Message [com.spbsu.flamestream.runtime.acker.LocalAcker$Flush] from Actor[akka://worker/user/watcher/graph0000000000/graph/local-acker#-1335143174] to Actor[akka://worker/user/watcher/graph0000000000/graph/local-acker#-1335143174] was not delivered. [5] dead letters encountered. This logging can be turned off or adjusted with configuration settings 'akka.log-dead-letters' and 'akka.log-dead-letters-during-shutdown'.
12:11:27.222 [worker-akka.actor.default-dispatcher-2] INFO  a.a.LocalActorRef akka://worker/user/watcher/graph0000000000/graph/local-acker - Message [com.spbsu.flamestream.runtime.acker.LocalAcker$Flush] from Actor[akka://worker/user/watcher/graph0000000000/graph/local-acker#-1335143174] to Actor[akka://worker/user/watcher/graph0000000000/graph/local-acker#-1335143174] was not delivered. [6] dead letters encountered. This logging can be turned off or adjusted with configuration settings 'akka.log-dead-letters' and 'akka.log-dead-letters-during-shutdown'.
12:11:27.223 [worker-akka.actor.default-dispatcher-2] INFO  a.a.LocalActorRef akka://worker/user/watcher/graph0000000000/graph/local-acker - Message [com.spbsu.flamestream.runtime.acker.LocalAcker$Flush] from Actor[akka://worker/user/watcher/graph0000000000/graph/local-acker#-1335143174] to Actor[akka://worker/user/watcher/graph0000000000/graph/local-acker#-1335143174] was not delivered. [7] dead letters encountered. This logging can be turned off or adjusted with configuration settings 'akka.log-dead-letters' and 'akka.log-dead-letters-during-shutdown'.
12:11:27.223 [worker-akka.actor.default-dispatcher-2] INFO  a.a.LocalActorRef akka://worker/user/watcher/graph0000000000/graph/local-acker - Message [com.spbsu.flamestream.runtime.acker.LocalAcker$Flush] from Actor[akka://worker/user/watcher/graph0000000000/graph/local-acker#-1335143174] to Actor[akka://worker/user/watcher/graph0000000000/graph/local-acker#-1335143174] was not delivered. [8] dead letters encountered. This logging can be turned off or adjusted with configuration settings 'akka.log-dead-letters' and 'akka.log-dead-letters-during-shutdown'.
12:11:27.224 [worker-akka.actor.default-dispatcher-2] INFO  a.a.LocalActorRef akka://worker/user/watcher/graph0000000000/graph/local-acker - Message [com.spbsu.flamestream.runtime.acker.LocalAcker$Flush] from Actor[akka://worker/user/watcher/graph0000000000/graph/local-acker#-1335143174] to Actor[akka://worker/user/watcher/graph0000000000/graph/local-acker#-1335143174] was not delivered. [9] dead letters encountered. This logging can be turned off or adjusted with configuration settings 'akka.log-dead-letters' and 'akka.log-dead-letters-during-shutdown'.
12:11:27.225 [worker-akka.actor.default-dispatcher-2] INFO  a.a.LocalActorRef akka://worker/user/watcher/graph0000000000/graph/local-acker - Message [com.spbsu.flamestream.runtime.acker.LocalAcker$Flush] from Actor[akka://worker/user/watcher/graph0000000000/graph/local-acker#-1335143174] to Actor[akka://worker/user/watcher/graph0000000000/graph/local-acker#-1335143174] was not delivered. [10] dead letters encountered. This logging can be turned off or adjusted with configuration settings 'akka.log-dead-letters' and 'akka.log-dead-letters-during-shutdown'.
12:11:27.258 [worker-akka.actor.default-dispatcher-2] INFO  a.r.RemoteActorRefProvider$RemotingTerminator akka://worker@172.31.44.83:5412/system/remoting-terminator - Shutting down remote daemon.
12:11:27.259 [worker-akka.actor.default-dispatcher-2] INFO  a.r.RemoteActorRefProvider$RemotingTerminator akka://worker@172.31.44.83:5412/system/remoting-terminator - Remote daemon shut down; proceeding with flushing remote transports.
12:11:28.374 [worker-akka.actor.default-dispatcher-2] INFO  a.r.RemoteActorRefProvider$RemotingTerminator akka://worker@172.31.44.83:5412/system/remoting-terminator - Remoting shut down.
Attempts of event 'sink-receive' - 749048
Attempts of event 'sink-send' - 739596
Heap
 def new generation   total 153600K, used 108209K [0x00000000e0c00000, 0x00000000eb2a0000, 0x00000000eb2a0000)
  eden space 136576K,  72% used [0x00000000e0c00000, 0x00000000e6cad290, 0x00000000e9160000)
  from space 17024K,  54% used [0x00000000ea200000, 0x00000000eaaff548, 0x00000000eb2a0000)
  to   space 17024K,   0% used [0x00000000e9160000, 0x00000000e9160000, 0x00000000ea200000)
 tenured generation   total 341376K, used 126382K [0x00000000eb2a0000, 0x0000000100000000, 0x0000000100000000)
   the space 341376K,  37% used [0x00000000eb2a0000, 0x00000000f2e0bbc8, 0x00000000f2e0bc00, 0x0000000100000000)
 Metaspace       used 33423K, capacity 34158K, committed 34432K, reserved 1079296K
  class space    used 4449K, capacity 4622K, committed 4736K, reserved 1048576K
