11:44:55.767 [worker-akka.actor.default-dispatcher-2] INFO  a.e.s.Slf4jLogger  - Slf4jLogger started
2018-02-21T11:44:55.938+0000: 2.715: [Full GC (Metadata GC Threshold) 2018-02-21T11:44:55.938+0000: 2.715: [Tenured: 0K->15491K(341376K), 0.0378931 secs] 117538K->15491K(494976K), [Metaspace: 20941K->20941K(1067008K)], 0.0379612 secs] [Times: user=0.03 sys=0.00, real=0.04 secs] 
Ama winner
Ama winner
11:44:56.438 [worker-akka.actor.default-dispatcher-2] INFO  a.r.a.ArteryTransport(akka://worker) akka.remote.artery.ArteryTransport(akka://worker) - Started embedded media driver in directory [/dev/shm/aeron-root-worker-7475907e-d938-4057-ad77-22dd1cd997b0]
11:44:56.674 [worker-akka.actor.default-dispatcher-2] INFO  a.r.a.ArteryTransport(akka://worker) akka.remote.artery.ArteryTransport(akka://worker) - Remoting started; listening on address: [akka://worker@172.31.33.155:5412] with UID [-1166805169485773613]
11:44:56.792 [worker-akka.actor.default-dispatcher-2] INFO  o.a.z.ZooKeeper  - Client environment:zookeeper.version=3.4.9-1757313, built on 08/23/2016 06:50 GMT
11:44:56.792 [worker-akka.actor.default-dispatcher-2] INFO  o.a.z.ZooKeeper  - Client environment:host.name=ip-172-31-33-155.us-east-2.compute.internal
11:44:56.792 [worker-akka.actor.default-dispatcher-2] INFO  o.a.z.ZooKeeper  - Client environment:java.version=1.8.0_151
11:44:56.792 [worker-akka.actor.default-dispatcher-2] INFO  o.a.z.ZooKeeper  - Client environment:java.vendor=Oracle Corporation
11:44:56.792 [worker-akka.actor.default-dispatcher-2] INFO  o.a.z.ZooKeeper  - Client environment:java.home=/usr/lib/jvm/java-8-openjdk-amd64/jre
11:44:56.792 [worker-akka.actor.default-dispatcher-2] INFO  o.a.z.ZooKeeper  - Client environment:java.class.path=lib/commons-cli-1.4.jar:lib/minlog-1.3.0.jar:lib/asm-5.0.4.jar:lib/hadoop-annotations-2.7.3.jar:lib/hadoop-auth-2.7.3.jar:lib/akka-slf4j_2.11-2.5.6.jar:lib/jersey-core-1.9.jar:lib/lz4-1.3.0.jar:lib/jackson-core-asl-1.9.13.jar:lib/aeron-client-1.3.0.jar:lib/htrace-core-3.1.0-incubating.jar:lib/xz-1.0.jar:lib/commons-httpclient-3.1.jar:lib/asm-3.1.jar:lib/commons-lang3-3.4.jar:lib/scala-library-2.11.11.jar:lib/scala-java8-compat_2.11-0.7.0.jar:lib/commons-configuration-1.6.jar:lib/objenesis-2.1.jar:lib/jackson-annotations-2.8.0.jar:lib/jsr305-3.0.0.jar:lib/curator-framework-2.7.1.jar:lib/jersey-server-1.9.jar:lib/jets3t-0.9.0.jar:lib/leveldb-0.7.jar:lib/jetty-6.1.26.jar:lib/stax-api-1.0-2.jar:lib/flamestream-core-1.0-SNAPSHOT.jar:lib/reflectasm-1.07-shaded.jar:lib/apacheds-kerberos-codec-2.0.0-M15.jar:lib/api-asn1-api-1.0.0-M20.jar:lib/commons-lang-2.6.jar:lib/commons-beanutils-1.7.0.jar:lib/jackson-xc-1.8.3.jar:lib/jetty-util-6.1.26.jar:lib/logback-classic-1.2.3.jar:lib/jool-0.9.12.jar:lib/flamestream-runtime-1.0-SNAPSHOT-tests.jar:lib/httpcore-4.1.2.jar:lib/kryo-4.0.0.jar:lib/ant-1.8.1.jar:lib/jaxb-impl-2.2.3-1.jar:lib/jersey-json-1.9.jar:lib/commons-compress-1.4.1.jar:lib/leveldbjni-all-1.8.jar:lib/paranamer-2.3.jar:lib/jackson-core-2.8.4.jar:lib/commons-math3-3.6.1.jar:lib/scala-parser-combinators_2.11-1.0.4.jar:lib/netty-3.10.6.Final.jar:lib/trove4j-3.0.3.jar:lib/jaxb-api-2.2.2.jar:lib/logback-core-1.2.3.jar:lib/snappy-java-1.0.4.1.jar:lib/protobuf-java-2.5.0.jar:lib/reactive-streams-1.0.1.jar:lib/flamestream-examples-1.0-SNAPSHOT.jar:lib/commons-codec-1.4.jar:lib/activation-1.1.jar:lib/commons-net-3.1.jar:lib/curator-recipes-2.7.1.jar:lib/jackson-mapper-asl-1.9.13.jar:lib/jackson-databind-2.8.4.jar:lib/flamestream-runtime-1.0-SNAPSHOT.jar:lib/jackson-jaxrs-1.8.3.jar:lib/slf4j-api-1.7.24.jar:lib/akka-remote_2.11-2.5.6.jar:lib/akka-testkit_2.11-2.5.6.jar:lib/jline-0.9.94.jar:lib/akka-stream_2.11-2.5.6.jar:lib/jsp-api-2.1.jar:lib/kryonet-2.21.jar:lib/akka-kryo-serialization_2.11-0.5.0.jar:lib/config-1.3.1.jar:lib/ant-launcher-1.8.1.jar:lib/commons-logging-1.2.jar:lib/ssl-config-core_2.11-0.2.2.jar:lib/testng-6.10.jar:lib/leveldb-api-0.7.jar:lib/reflectasm-1.11.3.jar:lib/jcommander-1.48.jar:lib/commons-1.1.jar:lib/commons-digester-1.8.jar:lib/minlog-1.2.jar:lib/java-xmlbuilder-0.4.jar:lib/jettison-1.1.jar:lib/gson-2.2.4.jar:lib/jdk.tools-1.8.jar:lib/aeron-driver-1.3.0.jar:lib/zookeeper-3.4.9.jar:lib/commons-beanutils-core-1.8.0.jar:lib/commons-math3-3.1.1.jar:lib/akka-actor_2.11-2.5.6.jar:lib/curator-client-2.7.1.jar:lib/servlet-api-2.5.jar:lib/apacheds-i18n-2.0.0-M15.jar:lib/commons-io-2.4.jar:lib/commons-codec-1.6.jar:lib/akka-protobuf_2.11-2.5.6.jar:lib/protobuf-java-3.5.1.jar:lib/jdom-2.0.2.jar:lib/api-util-1.0.0-M20.jar:lib/hadoop-common-2.7.3.jar:lib/agrona-0.9.6.jar:lib/xmlenc-0.52.jar:lib/guava-21.0.jar:lib/commons-collections-3.2.2.jar:lib/avro-1.7.4.jar:lib/httpclient-4.1.2.jar:lib/flamestream-core-1.0-SNAPSHOT-tests.jar:lib/annotations-12.0.jar:lib/jsch-0.1.42.jar:flamestream-runtime-1.0-SNAPSHOT.jar
11:44:56.792 [worker-akka.actor.default-dispatcher-2] INFO  o.a.z.ZooKeeper  - Client environment:java.library.path=/usr/java/packages/lib/amd64:/usr/lib/x86_64-linux-gnu/jni:/lib/x86_64-linux-gnu:/usr/lib/x86_64-linux-gnu:/usr/lib/jni:/lib:/usr/lib
11:44:56.792 [worker-akka.actor.default-dispatcher-2] INFO  o.a.z.ZooKeeper  - Client environment:java.io.tmpdir=/tmp
11:44:56.792 [worker-akka.actor.default-dispatcher-2] INFO  o.a.z.ZooKeeper  - Client environment:java.compiler=<NA>
11:44:56.793 [worker-akka.actor.default-dispatcher-2] INFO  o.a.z.ZooKeeper  - Client environment:os.name=Linux
11:44:56.793 [worker-akka.actor.default-dispatcher-2] INFO  o.a.z.ZooKeeper  - Client environment:os.arch=amd64
11:44:56.793 [worker-akka.actor.default-dispatcher-2] INFO  o.a.z.ZooKeeper  - Client environment:os.version=4.4.0-1049-aws
11:44:56.793 [worker-akka.actor.default-dispatcher-2] INFO  o.a.z.ZooKeeper  - Client environment:user.name=root
11:44:56.794 [worker-akka.actor.default-dispatcher-2] INFO  o.a.z.ZooKeeper  - Client environment:user.home=/root
11:44:56.794 [worker-akka.actor.default-dispatcher-2] INFO  o.a.z.ZooKeeper  - Client environment:user.dir=/opt/flamestream
11:44:56.797 [worker-akka.actor.default-dispatcher-2] INFO  o.a.z.ZooKeeper  - Initiating client connection, connectString=172.31.34.147:2181 sessionTimeout=5000 watcher=com.spbsu.flamestream.runtime.application.LifecycleWatcher$$Lambda$29/2091173542@1b48f905
11:44:56.839 [worker-akka.actor.default-dispatcher-2-SendThread(172.31.34.147:2181)] INFO  o.a.z.ClientCnxn  - Opening socket connection to server 172.31.34.147/172.31.34.147:2181. Will not attempt to authenticate using SASL (unknown error)
11:44:56.839 [worker-akka.actor.default-dispatcher-2] INFO  a.a.RepointableActorRef akka://worker/user/watcher - Starting...
11:44:56.845 [worker-akka.actor.default-dispatcher-2-SendThread(172.31.34.147:2181)] INFO  o.a.z.ClientCnxn  - Socket connection established to 172.31.34.147/172.31.34.147:2181, initiating session
11:44:56.854 [worker-akka.actor.default-dispatcher-2-SendThread(172.31.34.147:2181)] INFO  o.a.z.ClientCnxn  - Session establishment complete on server 172.31.34.147/172.31.34.147:2181, sessionid = 0x161b82d7c4f0007, negotiated timeout = 6000
11:44:56.955 [worker-akka.actor.default-dispatcher-2] INFO  a.a.RepointableActorRef akka://worker/user/watcher - Connected to ZK
11:45:06.130 [worker-akka.actor.default-dispatcher-2] INFO  a.a.RepointableActorRef akka://worker/user/watcher - Creating node with watchGraphs: 'com.spbsu.flamestream.core.Graph$Builder$MyGraph@62bcc0a1', config: 'ClusterConfig{paths={172.31.33.155=akka://worker@172.31.33.155:5412/user/watcher/graph0000000000, 172.31.47.83=akka://worker@172.31.47.83:5412/user/watcher/graph0000000000, 172.31.45.197=akka://worker@172.31.45.197:5412/user/watcher/graph0000000000, 172.31.42.36=akka://worker@172.31.42.36:5412/user/watcher/graph0000000000, 172.31.44.83=akka://worker@172.31.44.83:5412/user/watcher/graph0000000000, 172.31.39.64=akka://worker@172.31.39.64:5412/user/watcher/graph0000000000, 172.31.35.79=akka://worker@172.31.35.79:5412/user/watcher/graph0000000000, 172.31.34.169=akka://worker@172.31.34.169:5412/user/watcher/graph0000000000, 172.31.47.100=akka://worker@172.31.47.100:5412/user/watcher/graph0000000000, 172.31.37.101=akka://worker@172.31.37.101:5412/user/watcher/graph0000000000}, ackerLocation='172.31.35.79', props=ComputationLayout{ranges={172.31.33.155=HashRange{from=-1670265060, to=-1193046472}, 172.31.47.83=HashRange{from=1670265056, to=2147483644}, 172.31.45.197=HashRange{from=-715827884, to=-238609296}, 172.31.42.36=HashRange{from=1193046468, to=1670265056}, 172.31.44.83=HashRange{from=-238609296, to=238609292}, 172.31.39.64=HashRange{from=715827880, to=1193046468}, 172.31.35.79=HashRange{from=0, to=0}, 172.31.34.169=HashRange{from=-2147483648, to=-1670265060}, 172.31.47.100=HashRange{from=238609292, to=715827880}, 172.31.37.101=HashRange{from=-1193046472, to=-715827884}}}}'
11:45:07.042 [worker-akka.actor.default-dispatcher-2] INFO  a.a.LocalActorRef akka://worker/user/watcher/graph0000000000/graph - Starting...
11:45:07.045 [worker-akka.actor.default-dispatcher-2] INFO  a.a.LocalActorRef akka://worker/user/watcher/graph0000000000/graph/local-acker/$a - Starting...
11:45:07.046 [worker-akka.actor.default-dispatcher-2] INFO  a.a.LocalActorRef akka://worker/user/watcher/graph0000000000/graph/local-acker - Starting...
Warning: space is running low in /dev/shm (tmpfs) threshold=167,772,160 usable=158,621,696
Warning: space is running low in /dev/shm (tmpfs) threshold=167,772,160 usable=146,034,688
Warning: space is running low in /dev/shm (tmpfs) threshold=167,772,160 usable=133,447,680
Warning: space is running low in /dev/shm (tmpfs) threshold=167,772,160 usable=120,860,672
Warning: space is running low in /dev/shm (tmpfs) threshold=167,772,160 usable=108,273,664
Warning: space is running low in /dev/shm (tmpfs) threshold=167,772,160 usable=95,686,656
Warning: space is running low in /dev/shm (tmpfs) threshold=167,772,160 usable=83,095,552
Warning: space is running low in /dev/shm (tmpfs) threshold=167,772,160 usable=70,508,544
11:45:07.912 [worker-akka.actor.default-dispatcher-2] INFO  a.a.LocalActorRef akka://worker/user/watcher/graph0000000000/graph - Finishing constructor
11:45:07.914 [worker-akka.actor.default-dispatcher-2] INFO  a.a.LocalActorRef akka://worker/user/watcher/graph0000000000 - Starting...
11:45:07.992 [worker-akka.actor.default-dispatcher-2] INFO  a.a.LocalActorRef akka://worker/user/watcher/graph0000000000/negotiator - Starting...
11:45:07.994 [worker-akka.actor.default-dispatcher-2] INFO  a.a.LocalActorRef akka://worker/user/watcher/graph0000000000/edge - Starting...
11:45:07.995 [worker-akka.actor.default-dispatcher-2] INFO  a.a.LocalActorRef akka://worker/user/watcher/graph0000000000/graph/$a - Starting...
11:45:07.996 [worker-akka.actor.default-dispatcher-2] INFO  a.a.LocalActorRef akka://worker/user/watcher/graph0000000000/graph/$b - Starting...
11:45:07.997 [worker-akka.actor.default-dispatcher-2] INFO  a.a.LocalActorRef akka://worker/user/watcher/graph0000000000/graph/$c - Starting...
11:45:08.030 [worker-akka.actor.default-dispatcher-2] INFO  c.s.f.r.e.s.SocketRear  - FlameSocketGraphDeployerRear@172.31.33.155: connecting to 172.31.34.147:5678
11:45:08.037 [worker-akka.actor.default-dispatcher-2] INFO  c.s.f.r.e.s.SocketRear  - FlameSocketGraphDeployerRear@172.31.33.155: connected to 172.31.34.147:5678
11:45:08.069 [worker-akka.actor.default-dispatcher-2] INFO  a.a.LocalActorRef akka://worker/user/watcher/graph0000000000/edge/FlameSocketGraphDeployerRear - Starting...
11:45:08.070 [worker-akka.actor.default-dispatcher-2] INFO  a.a.LocalActorRef akka://worker/user/watcher/graph0000000000/edge/FlameSocketGraphDeployerFront - Starting...
11:45:08.071 [worker-akka.actor.default-dispatcher-2] INFO  a.a.LocalActorRef akka://worker/user/watcher/graph0000000000/negotiator - Requesting ticket for the frontClass FlameSocketGraphDeployerFront@172.31.33.155
11:45:08.084 [worker-akka.actor.default-dispatcher-2] INFO  a.a.LocalActorRef akka://worker/user/watcher/graph0000000000/negotiator - Ticket for the frontClass received: FrontTicket{allowedTimestamp=(1519213506133, FlameSocketGraphDeployerFront@172.31.33.155)}
11:45:08.086 [worker-akka.actor.default-dispatcher-2] INFO  c.s.f.r.e.s.SocketFront  - FlameSocketGraphDeployerFront@172.31.33.155: connecting to 172.31.34.147:4567
2018-02-21T11:45:12.363+0000: 19.142: [GC (Allocation Failure) 2018-02-21T11:45:12.364+0000: 19.142: [DefNew: 136576K->17023K(153600K), 0.0322855 secs] 152067K->53479K(494976K), 0.0336517 secs] [Times: user=0.01 sys=0.01, real=0.04 secs] 
2018-02-21T11:45:25.456+0000: 32.233: [GC (Allocation Failure) 2018-02-21T11:45:25.456+0000: 32.233: [DefNew: 153599K->3680K(153600K), 0.0197754 secs] 190055K->50754K(494976K), 0.0198398 secs] [Times: user=0.01 sys=0.01, real=0.02 secs] 
2018-02-21T11:45:46.283+0000: 53.060: [GC (Allocation Failure) 2018-02-21T11:45:46.283+0000: 53.060: [DefNew: 140256K->5908K(153600K), 0.0117311 secs] 187330K->52983K(494976K), 0.0117912 secs] [Times: user=0.02 sys=0.00, real=0.02 secs] 
2018-02-21T11:46:03.848+0000: 70.626: [GC (Allocation Failure) 2018-02-21T11:46:03.848+0000: 70.626: [DefNew: 142484K->7629K(153600K), 0.0313651 secs] 189559K->54703K(494976K), 0.0314409 secs] [Times: user=0.03 sys=0.01, real=0.03 secs] 
2018-02-21T11:46:18.943+0000: 85.721: [GC (Allocation Failure) 2018-02-21T11:46:18.943+0000: 85.721: [DefNew: 144205K->8780K(153600K), 0.0145483 secs] 191279K->55854K(494976K), 0.0146243 secs] [Times: user=0.01 sys=0.00, real=0.02 secs] 
2018-02-21T11:46:34.471+0000: 101.248: [GC (Allocation Failure) 2018-02-21T11:46:34.471+0000: 101.248: [DefNew: 145356K->9216K(153600K), 0.0225658 secs] 192430K->57601K(494976K), 0.0226298 secs] [Times: user=0.01 sys=0.00, real=0.02 secs] 
2018-02-21T11:46:50.399+0000: 117.177: [GC (Allocation Failure) 2018-02-21T11:46:50.399+0000: 117.177: [DefNew: 145792K->9191K(153600K), 0.0175986 secs] 194177K->58867K(494976K), 0.0176725 secs] [Times: user=0.02 sys=0.00, real=0.02 secs] 
2018-02-21T11:47:11.744+0000: 138.522: [GC (Allocation Failure) 2018-02-21T11:47:11.744+0000: 138.522: [DefNew: 145767K->8695K(153600K), 0.0174597 secs] 195443K->59879K(494976K), 0.0175232 secs] [Times: user=0.01 sys=0.01, real=0.02 secs] 
2018-02-21T11:47:30.755+0000: 157.532: [GC (Allocation Failure) 2018-02-21T11:47:30.755+0000: 157.532: [DefNew: 145271K->9376K(153600K), 0.0163203 secs] 196455K->61593K(494976K), 0.0163863 secs] [Times: user=0.02 sys=0.00, real=0.01 secs] 
2018-02-21T11:47:46.459+0000: 173.237: [GC (Allocation Failure) 2018-02-21T11:47:46.459+0000: 173.237: [DefNew: 145952K->8676K(153600K), 0.0178224 secs] 198169K->62921K(494976K), 0.0178850 secs] [Times: user=0.01 sys=0.01, real=0.02 secs] 
2018-02-21T11:48:09.056+0000: 195.833: [GC (Allocation Failure) 2018-02-21T11:48:09.056+0000: 195.833: [DefNew: 145252K->8798K(153600K), 0.0176027 secs] 199497K->64078K(494976K), 0.0176728 secs] [Times: user=0.01 sys=0.00, real=0.01 secs] 
2018-02-21T11:48:28.835+0000: 215.612: [GC (Allocation Failure) 2018-02-21T11:48:28.835+0000: 215.612: [DefNew: 145374K->9172K(153600K), 0.0164982 secs] 200654K->65532K(494976K), 0.0165631 secs] [Times: user=0.02 sys=0.00, real=0.01 secs] 
2018-02-21T11:48:47.135+0000: 233.913: [GC (Allocation Failure) 2018-02-21T11:48:47.135+0000: 233.913: [DefNew: 145748K->8785K(153600K), 0.0221119 secs] 202108K->66661K(494976K), 0.0221776 secs] [Times: user=0.01 sys=0.00, real=0.02 secs] 
2018-02-21T11:49:05.953+0000: 252.730: [GC (Allocation Failure) 2018-02-21T11:49:05.953+0000: 252.730: [DefNew: 145361K->8676K(153600K), 0.0225690 secs] 203237K->67703K(494976K), 0.0226520 secs] [Times: user=0.01 sys=0.02, real=0.03 secs] 
2018-02-21T11:49:27.789+0000: 274.567: [GC (Allocation Failure) 2018-02-21T11:49:27.789+0000: 274.567: [DefNew: 145252K->8936K(153600K), 0.0174503 secs] 204279K->69115K(494976K), 0.0175218 secs] [Times: user=0.02 sys=0.00, real=0.02 secs] 
2018-02-21T11:49:44.829+0000: 291.607: [GC (Allocation Failure) 2018-02-21T11:49:44.829+0000: 291.607: [DefNew: 145512K->8922K(153600K), 0.0167751 secs] 205691K->70231K(494976K), 0.0168387 secs] [Times: user=0.01 sys=0.00, real=0.02 secs] 
2018-02-21T11:49:59.776+0000: 306.554: [GC (Allocation Failure) 2018-02-21T11:49:59.776+0000: 306.554: [DefNew: 145498K->9124K(153600K), 0.0160555 secs] 206807K->71431K(494976K), 0.0161296 secs] [Times: user=0.02 sys=0.00, real=0.01 secs] 
2018-02-21T11:50:17.443+0000: 324.221: [GC (Allocation Failure) 2018-02-21T11:50:17.443+0000: 324.221: [DefNew: 145700K->9312K(153600K), 0.0171955 secs] 208007K->72700K(494976K), 0.0172775 secs] [Times: user=0.01 sys=0.00, real=0.02 secs] 
2018-02-21T11:50:40.792+0000: 347.569: [GC (Allocation Failure) 2018-02-21T11:50:40.792+0000: 347.569: [DefNew: 145888K->9222K(153600K), 0.0171109 secs] 209276K->73848K(494976K), 0.0171824 secs] [Times: user=0.02 sys=0.00, real=0.02 secs] 
2018-02-21T11:50:59.595+0000: 366.373: [GC (Allocation Failure) 2018-02-21T11:50:59.595+0000: 366.373: [DefNew: 145798K->9649K(153600K), 0.0183577 secs] 210424K->75311K(494976K), 0.0184388 secs] [Times: user=0.02 sys=0.00, real=0.01 secs] 
2018-02-21T11:51:15.449+0000: 382.226: [GC (Allocation Failure) 2018-02-21T11:51:15.449+0000: 382.227: [DefNew: 146225K->9068K(153600K), 0.0190163 secs] 211887K->76922K(494976K), 0.0190943 secs] [Times: user=0.02 sys=0.00, real=0.02 secs] 
2018-02-21T11:51:29.175+0000: 395.953: [GC (Allocation Failure) 2018-02-21T11:51:29.175+0000: 395.953: [DefNew: 145644K->8520K(153600K), 0.0169576 secs] 213498K->77550K(494976K), 0.0170166 secs] [Times: user=0.01 sys=0.00, real=0.01 secs] 
2018-02-21T11:51:45.737+0000: 412.515: [GC (Allocation Failure) 2018-02-21T11:51:45.738+0000: 412.515: [DefNew: 145096K->9766K(153600K), 0.0169194 secs] 214126K->79979K(494976K), 0.0169980 secs] [Times: user=0.02 sys=0.00, real=0.02 secs] 
2018-02-21T11:52:02.044+0000: 428.822: [GC (Allocation Failure) 2018-02-21T11:52:02.044+0000: 428.822: [DefNew: 146342K->9531K(153600K), 0.0159400 secs] 216555K->80965K(494976K), 0.0160173 secs] [Times: user=0.02 sys=0.00, real=0.02 secs] 
2018-02-21T11:52:17.576+0000: 444.354: [GC (Allocation Failure) 2018-02-21T11:52:17.576+0000: 444.354: [DefNew: 146107K->9850K(153600K), 0.0171494 secs] 217541K->82423K(494976K), 0.0172247 secs] [Times: user=0.02 sys=0.00, real=0.01 secs] 
2018-02-21T11:52:34.314+0000: 461.092: [GC (Allocation Failure) 2018-02-21T11:52:34.314+0000: 461.092: [DefNew: 146426K->9701K(153600K), 0.0181010 secs] 218999K->84325K(494976K), 0.0181681 secs] [Times: user=0.02 sys=0.00, real=0.01 secs] 
2018-02-21T11:52:51.065+0000: 477.843: [GC (Allocation Failure) 2018-02-21T11:52:51.065+0000: 477.843: [DefNew: 146277K->9136K(153600K), 0.0285782 secs] 220901K->84891K(494976K), 0.0286551 secs] [Times: user=0.00 sys=0.03, real=0.04 secs] 
2018-02-21T11:53:08.547+0000: 495.325: [GC (Allocation Failure) 2018-02-21T11:53:08.547+0000: 495.325: [DefNew: 145712K->9161K(153600K), 0.0164799 secs] 221467K->86110K(494976K), 0.0165455 secs] [Times: user=0.01 sys=0.01, real=0.01 secs] 
2018-02-21T11:53:25.108+0000: 511.886: [GC (Allocation Failure) 2018-02-21T11:53:25.108+0000: 511.886: [DefNew: 145737K->9840K(153600K), 0.0173767 secs] 222686K->87990K(494976K), 0.0174486 secs] [Times: user=0.01 sys=0.00, real=0.01 secs] 
2018-02-21T11:53:43.496+0000: 530.273: [GC (Allocation Failure) 2018-02-21T11:53:43.496+0000: 530.273: [DefNew: 146416K->8768K(153600K), 0.0174181 secs] 224566K->89230K(494976K), 0.0174857 secs] [Times: user=0.02 sys=0.00, real=0.01 secs] 
2018-02-21T11:54:00.283+0000: 547.060: [GC (Allocation Failure) 2018-02-21T11:54:00.283+0000: 547.060: [DefNew: 145344K->8624K(153600K), 0.0158800 secs] 225806K->90707K(494976K), 0.0159410 secs] [Times: user=0.02 sys=0.00, real=0.02 secs] 
2018-02-21T11:54:20.465+0000: 567.243: [GC (Allocation Failure) 2018-02-21T11:54:20.465+0000: 567.243: [DefNew: 145200K->8935K(153600K), 0.0152855 secs] 227283K->92377K(494976K), 0.0153459 secs] [Times: user=0.01 sys=0.00, real=0.02 secs] 
2018-02-21T11:54:34.690+0000: 581.467: [GC (Allocation Failure) 2018-02-21T11:54:34.690+0000: 581.467: [DefNew: 145511K->8551K(153600K), 0.0154423 secs] 228953K->93737K(494976K), 0.0155226 secs] [Times: user=0.02 sys=0.00, real=0.01 secs] 
2018-02-21T11:54:50.226+0000: 597.004: [GC (Allocation Failure) 2018-02-21T11:54:50.226+0000: 597.004: [DefNew: 145127K->9186K(153600K), 0.0165519 secs] 230313K->96036K(494976K), 0.0166246 secs] [Times: user=0.01 sys=0.00, real=0.01 secs] 
2018-02-21T11:55:05.669+0000: 612.447: [GC (Allocation Failure) 2018-02-21T11:55:05.669+0000: 612.447: [DefNew: 145762K->8726K(153600K), 0.0156300 secs] 232612K->96959K(494976K), 0.0157045 secs] [Times: user=0.01 sys=0.00, real=0.01 secs] 
2018-02-21T11:55:23.271+0000: 630.048: [GC (Allocation Failure) 2018-02-21T11:55:23.271+0000: 630.048: [DefNew: 145302K->9232K(153600K), 0.0160790 secs] 233535K->98777K(494976K), 0.0161489 secs] [Times: user=0.01 sys=0.00, real=0.02 secs] 
2018-02-21T11:55:39.640+0000: 646.417: [GC (Allocation Failure) 2018-02-21T11:55:39.640+0000: 646.417: [DefNew: 145808K->9510K(153600K), 0.0167590 secs] 235353K->100500K(494976K), 0.0168273 secs] [Times: user=0.02 sys=0.00, real=0.02 secs] 
2018-02-21T11:55:59.935+0000: 666.713: [GC (Allocation Failure) 2018-02-21T11:55:59.935+0000: 666.713: [DefNew: 146086K->9310K(153600K), 0.0157438 secs] 237076K->101650K(494976K), 0.0158028 secs] [Times: user=0.01 sys=0.00, real=0.01 secs] 
2018-02-21T11:56:15.875+0000: 682.653: [GC (Allocation Failure) 2018-02-21T11:56:15.875+0000: 682.653: [DefNew: 145886K->9314K(153600K), 0.0161484 secs] 238226K->103136K(494976K), 0.0162108 secs] [Times: user=0.02 sys=0.00, real=0.01 secs] 
2018-02-21T11:56:29.427+0000: 696.205: [GC (Allocation Failure) 2018-02-21T11:56:29.427+0000: 696.205: [DefNew: 145762K->9520K(153600K), 0.0159640 secs] 239584K->104805K(494976K), 0.0160232 secs] [Times: user=0.02 sys=0.00, real=0.01 secs] 
2018-02-21T11:56:48.835+0000: 715.613: [GC (Allocation Failure) 2018-02-21T11:56:48.835+0000: 715.613: [DefNew: 146096K->9619K(153600K), 0.0165636 secs] 241381K->106412K(494976K), 0.0166361 secs] [Times: user=0.01 sys=0.00, real=0.01 secs] 
2018-02-21T11:57:05.217+0000: 731.995: [GC (Allocation Failure) 2018-02-21T11:57:05.217+0000: 731.995: [DefNew: 146195K->9858K(153600K), 0.0167693 secs] 242988K->108032K(494976K), 0.0168367 secs] [Times: user=0.02 sys=0.00, real=0.02 secs] 
11:57:10.034 [Client] INFO  c.s.f.r.e.s.SocketFront  - FlameSocketGraphDeployerFront@172.31.33.155 has been disconnected from Connection 2
11:57:10.038 [Client] INFO  c.s.f.r.e.s.SocketRear  - FlameSocketGraphDeployerRear@172.31.33.155: has been disconnected from Connection 2
11:57:23.042 [worker-akka.actor.default-dispatcher-2] INFO  a.a.CoordinatedShutdown CoordinatedShutdown(akka://worker) - Starting coordinated shutdown from JVM shutdown hook
11:57:23.098 [worker-akka.actor.default-dispatcher-2] INFO  a.a.LocalActorRef akka://worker/user/watcher/graph0000000000/negotiator - Stopped
11:57:23.099 [worker-akka.actor.default-dispatcher-2] INFO  a.a.LocalActorRef akka://worker/user/watcher/graph0000000000/edge/FlameSocketGraphDeployerFront - Stopped
11:57:23.100 [worker-akka.actor.default-dispatcher-2] INFO  a.a.LocalActorRef akka://worker/user/watcher/graph0000000000/edge/FlameSocketGraphDeployerRear - Stopped
11:57:23.101 [worker-akka.actor.default-dispatcher-2] INFO  a.a.LocalActorRef akka://worker/user/watcher/graph0000000000/graph/$a - Stopped
11:57:23.102 [worker-akka.actor.default-dispatcher-2] INFO  a.a.LocalActorRef akka://worker/user/watcher/graph0000000000/graph/$b - Stopped
11:57:23.103 [worker-akka.actor.default-dispatcher-2] INFO  a.a.LocalActorRef akka://worker/user/watcher/graph0000000000/graph/$c - Stopped
11:57:23.103 [worker-akka.actor.default-dispatcher-2] INFO  a.a.LocalActorRef akka://worker/user/watcher/graph0000000000/graph/local-acker/$a - Stopped
11:57:23.109 [worker-akka.actor.default-dispatcher-2] INFO  a.a.LocalActorRef akka://worker/user/watcher/graph0000000000/graph/local-acker/$a - Message [com.spbsu.flamestream.runtime.utils.akka.PingActor$InnerPing] from Actor[akka://worker/user/watcher/graph0000000000/graph/local-acker/$a#-677656350] to Actor[akka://worker/user/watcher/graph0000000000/graph/local-acker/$a#-677656350] was not delivered. [1] dead letters encountered. This logging can be turned off or adjusted with configuration settings 'akka.log-dead-letters' and 'akka.log-dead-letters-during-shutdown'.
11:57:23.110 [worker-akka.actor.default-dispatcher-2] INFO  a.a.LocalActorRef akka://worker/user/watcher/graph0000000000/edge - Stopped
11:57:23.111 [worker-akka.actor.default-dispatcher-2] INFO  a.a.LocalActorRef akka://worker/user/watcher/graph0000000000/graph/local-acker - Stopped
11:57:23.112 [worker-akka.actor.default-dispatcher-2] INFO  a.a.LocalActorRef akka://worker/user/watcher/graph0000000000/graph - Stopped
11:57:23.112 [worker-akka.actor.default-dispatcher-2] INFO  a.a.LocalActorRef akka://worker/user/watcher/graph0000000000 - Stopped
11:57:23.115 [worker-akka.actor.default-dispatcher-2-EventThread] INFO  o.a.z.ClientCnxn  - EventThread shut down for session: 0x161b82d7c4f0007
11:57:23.115 [worker-akka.actor.default-dispatcher-2] INFO  o.a.z.ZooKeeper  - Session: 0x161b82d7c4f0007 closed
11:57:23.117 [worker-akka.actor.default-dispatcher-2] INFO  a.a.RepointableActorRef akka://worker/user/watcher - Stopped
11:57:23.118 [worker-akka.actor.default-dispatcher-2] INFO  a.a.LocalActorRef akka://worker/user/watcher/graph0000000000/graph/local-acker/$a - Message [com.spbsu.flamestream.runtime.utils.akka.PingActor$Stop] from Actor[akka://worker/user/watcher/graph0000000000/graph/local-acker#-2125756245] to Actor[akka://worker/user/watcher/graph0000000000/graph/local-acker/$a#-677656350] was not delivered. [2] dead letters encountered. This logging can be turned off or adjusted with configuration settings 'akka.log-dead-letters' and 'akka.log-dead-letters-during-shutdown'.
11:57:23.118 [worker-akka.actor.default-dispatcher-2] INFO  a.a.LocalActorRef akka://worker/user/watcher/graph0000000000/graph/local-acker - Message [com.spbsu.flamestream.runtime.acker.LocalAcker$Flush] from Actor[akka://worker/user/watcher/graph0000000000/graph/local-acker#-2125756245] to Actor[akka://worker/user/watcher/graph0000000000/graph/local-acker#-2125756245] was not delivered. [3] dead letters encountered. This logging can be turned off or adjusted with configuration settings 'akka.log-dead-letters' and 'akka.log-dead-letters-during-shutdown'.
11:57:23.118 [worker-akka.actor.default-dispatcher-2] INFO  a.a.LocalActorRef akka://worker/user/watcher/graph0000000000/graph/local-acker - Message [com.spbsu.flamestream.runtime.acker.LocalAcker$Flush] from Actor[akka://worker/user/watcher/graph0000000000/graph/local-acker#-2125756245] to Actor[akka://worker/user/watcher/graph0000000000/graph/local-acker#-2125756245] was not delivered. [4] dead letters encountered. This logging can be turned off or adjusted with configuration settings 'akka.log-dead-letters' and 'akka.log-dead-letters-during-shutdown'.
11:57:23.119 [worker-akka.actor.default-dispatcher-2] INFO  a.a.LocalActorRef akka://worker/user/watcher/graph0000000000/graph/local-acker - Message [com.spbsu.flamestream.runtime.acker.LocalAcker$Flush] from Actor[akka://worker/user/watcher/graph0000000000/graph/local-acker#-2125756245] to Actor[akka://worker/user/watcher/graph0000000000/graph/local-acker#-2125756245] was not delivered. [5] dead letters encountered. This logging can be turned off or adjusted with configuration settings 'akka.log-dead-letters' and 'akka.log-dead-letters-during-shutdown'.
11:57:23.120 [worker-akka.actor.default-dispatcher-2] INFO  a.a.LocalActorRef akka://worker/user/watcher/graph0000000000/graph/local-acker - Message [com.spbsu.flamestream.runtime.acker.LocalAcker$Flush] from Actor[akka://worker/user/watcher/graph0000000000/graph/local-acker#-2125756245] to Actor[akka://worker/user/watcher/graph0000000000/graph/local-acker#-2125756245] was not delivered. [6] dead letters encountered. This logging can be turned off or adjusted with configuration settings 'akka.log-dead-letters' and 'akka.log-dead-letters-during-shutdown'.
11:57:23.122 [worker-akka.actor.default-dispatcher-2] INFO  a.a.LocalActorRef akka://worker/user/watcher/graph0000000000/graph/local-acker - Message [com.spbsu.flamestream.runtime.acker.LocalAcker$Flush] from Actor[akka://worker/user/watcher/graph0000000000/graph/local-acker#-2125756245] to Actor[akka://worker/user/watcher/graph0000000000/graph/local-acker#-2125756245] was not delivered. [7] dead letters encountered. This logging can be turned off or adjusted with configuration settings 'akka.log-dead-letters' and 'akka.log-dead-letters-during-shutdown'.
11:57:23.123 [worker-akka.actor.default-dispatcher-2] INFO  a.a.LocalActorRef akka://worker/user/watcher/graph0000000000/graph/local-acker - Message [com.spbsu.flamestream.runtime.acker.LocalAcker$Flush] from Actor[akka://worker/user/watcher/graph0000000000/graph/local-acker#-2125756245] to Actor[akka://worker/user/watcher/graph0000000000/graph/local-acker#-2125756245] was not delivered. [8] dead letters encountered. This logging can be turned off or adjusted with configuration settings 'akka.log-dead-letters' and 'akka.log-dead-letters-during-shutdown'.
11:57:23.135 [worker-akka.actor.default-dispatcher-2] INFO  a.r.RemoteActorRefProvider$RemotingTerminator akka://worker@172.31.33.155:5412/system/remoting-terminator - Shutting down remote daemon.
11:57:23.139 [worker-akka.actor.default-dispatcher-2] INFO  a.r.RemoteActorRefProvider$RemotingTerminator akka://worker@172.31.33.155:5412/system/remoting-terminator - Remote daemon shut down; proceeding with flushing remote transports.
11:57:23.287 [worker-akka.actor.default-dispatcher-2] INFO  a.r.RemoteActorRefProvider$RemotingTerminator akka://worker@172.31.33.155:5412/system/remoting-terminator - Remoting shut down.
Attempts of event 'sink-receive' - 556461
Attempts of event 'sink-send' - 548855
Heap
 def new generation   total 153600K, used 66822K [0x00000000e0c00000, 0x00000000eb2a0000, 0x00000000eb2a0000)
  eden space 136576K,  41% used [0x00000000e0c00000, 0x00000000e43a1038, 0x00000000e9160000)
  from space 17024K,  57% used [0x00000000e9160000, 0x00000000e9b00a00, 0x00000000ea200000)
  to   space 17024K,   0% used [0x00000000ea200000, 0x00000000ea200000, 0x00000000eb2a0000)
 tenured generation   total 341376K, used 98174K [0x00000000eb2a0000, 0x0000000100000000, 0x0000000100000000)
   the space 341376K,  28% used [0x00000000eb2a0000, 0x00000000f127f848, 0x00000000f127fa00, 0x0000000100000000)
 Metaspace       used 33607K, capacity 34406K, committed 34688K, reserved 1079296K
  class space    used 4470K, capacity 4658K, committed 4736K, reserved 1048576K
