13:59:00.206 [worker-akka.actor.default-dispatcher-2] INFO  a.e.s.Slf4jLogger  - Slf4jLogger started
2018-02-19T13:59:00.372+0000: 2.708: [Full GC (Metadata GC Threshold) 2018-02-19T13:59:00.372+0000: 2.708: [Tenured: 0K->15416K(341376K), 0.0366172 secs] 117532K->15416K(494976K), [Metaspace: 20871K->20871K(1067008K)], 0.0366850 secs] [Times: user=0.03 sys=0.00, real=0.04 secs] 
Ama winner
Ama winner
13:59:00.831 [worker-akka.actor.default-dispatcher-2] INFO  a.r.a.ArteryTransport(akka://worker) akka.remote.artery.ArteryTransport(akka://worker) - Started embedded media driver in directory [/dev/shm/aeron-root-worker-d8dd1bf4-293a-466e-a402-2ae7d83b9612]
13:59:01.043 [worker-akka.actor.default-dispatcher-2] INFO  a.r.a.ArteryTransport(akka://worker) akka.remote.artery.ArteryTransport(akka://worker) - Remoting started; listening on address: [akka://worker@172.31.33.155:5412] with UID [701181291281424888]
13:59:01.147 [worker-akka.actor.default-dispatcher-2] INFO  o.a.z.ZooKeeper  - Client environment:zookeeper.version=3.4.9-1757313, built on 08/23/2016 06:50 GMT
13:59:01.147 [worker-akka.actor.default-dispatcher-2] INFO  o.a.z.ZooKeeper  - Client environment:host.name=ip-172-31-33-155.us-east-2.compute.internal
13:59:01.148 [worker-akka.actor.default-dispatcher-2] INFO  o.a.z.ZooKeeper  - Client environment:java.version=1.8.0_151
13:59:01.148 [worker-akka.actor.default-dispatcher-2] INFO  o.a.z.ZooKeeper  - Client environment:java.vendor=Oracle Corporation
13:59:01.148 [worker-akka.actor.default-dispatcher-2] INFO  o.a.z.ZooKeeper  - Client environment:java.home=/usr/lib/jvm/java-8-openjdk-amd64/jre
13:59:01.148 [worker-akka.actor.default-dispatcher-2] INFO  o.a.z.ZooKeeper  - Client environment:java.class.path=lib/commons-cli-1.4.jar:lib/minlog-1.3.0.jar:lib/asm-5.0.4.jar:lib/hadoop-annotations-2.7.3.jar:lib/hadoop-auth-2.7.3.jar:lib/akka-slf4j_2.11-2.5.6.jar:lib/jersey-core-1.9.jar:lib/lz4-1.3.0.jar:lib/jackson-core-asl-1.9.13.jar:lib/aeron-client-1.3.0.jar:lib/htrace-core-3.1.0-incubating.jar:lib/xz-1.0.jar:lib/commons-httpclient-3.1.jar:lib/asm-3.1.jar:lib/commons-lang3-3.4.jar:lib/scala-library-2.11.11.jar:lib/scala-java8-compat_2.11-0.7.0.jar:lib/commons-configuration-1.6.jar:lib/objenesis-2.1.jar:lib/jackson-annotations-2.8.0.jar:lib/jsr305-3.0.0.jar:lib/curator-framework-2.7.1.jar:lib/jersey-server-1.9.jar:lib/jets3t-0.9.0.jar:lib/leveldb-0.7.jar:lib/jetty-6.1.26.jar:lib/stax-api-1.0-2.jar:lib/flamestream-core-1.0-SNAPSHOT.jar:lib/reflectasm-1.07-shaded.jar:lib/apacheds-kerberos-codec-2.0.0-M15.jar:lib/api-asn1-api-1.0.0-M20.jar:lib/commons-lang-2.6.jar:lib/commons-beanutils-1.7.0.jar:lib/jackson-xc-1.8.3.jar:lib/jetty-util-6.1.26.jar:lib/logback-classic-1.2.3.jar:lib/jool-0.9.12.jar:lib/flamestream-runtime-1.0-SNAPSHOT-tests.jar:lib/httpcore-4.1.2.jar:lib/kryo-4.0.0.jar:lib/ant-1.8.1.jar:lib/jaxb-impl-2.2.3-1.jar:lib/jersey-json-1.9.jar:lib/commons-compress-1.4.1.jar:lib/leveldbjni-all-1.8.jar:lib/paranamer-2.3.jar:lib/jackson-core-2.8.4.jar:lib/commons-math3-3.6.1.jar:lib/scala-parser-combinators_2.11-1.0.4.jar:lib/netty-3.10.6.Final.jar:lib/trove4j-3.0.3.jar:lib/jaxb-api-2.2.2.jar:lib/logback-core-1.2.3.jar:lib/snappy-java-1.0.4.1.jar:lib/protobuf-java-2.5.0.jar:lib/reactive-streams-1.0.1.jar:lib/flamestream-examples-1.0-SNAPSHOT.jar:lib/commons-codec-1.4.jar:lib/activation-1.1.jar:lib/commons-net-3.1.jar:lib/curator-recipes-2.7.1.jar:lib/jackson-mapper-asl-1.9.13.jar:lib/jackson-databind-2.8.4.jar:lib/flamestream-runtime-1.0-SNAPSHOT.jar:lib/jackson-jaxrs-1.8.3.jar:lib/slf4j-api-1.7.24.jar:lib/akka-remote_2.11-2.5.6.jar:lib/akka-testkit_2.11-2.5.6.jar:lib/jline-0.9.94.jar:lib/akka-stream_2.11-2.5.6.jar:lib/jsp-api-2.1.jar:lib/kryonet-2.21.jar:lib/akka-kryo-serialization_2.11-0.5.0.jar:lib/config-1.3.1.jar:lib/ant-launcher-1.8.1.jar:lib/commons-logging-1.2.jar:lib/ssl-config-core_2.11-0.2.2.jar:lib/testng-6.10.jar:lib/leveldb-api-0.7.jar:lib/reflectasm-1.11.3.jar:lib/jcommander-1.48.jar:lib/commons-1.1.jar:lib/commons-digester-1.8.jar:lib/minlog-1.2.jar:lib/java-xmlbuilder-0.4.jar:lib/jettison-1.1.jar:lib/gson-2.2.4.jar:lib/jdk.tools-1.8.jar:lib/aeron-driver-1.3.0.jar:lib/zookeeper-3.4.9.jar:lib/commons-beanutils-core-1.8.0.jar:lib/commons-math3-3.1.1.jar:lib/akka-actor_2.11-2.5.6.jar:lib/curator-client-2.7.1.jar:lib/servlet-api-2.5.jar:lib/apacheds-i18n-2.0.0-M15.jar:lib/commons-io-2.4.jar:lib/commons-codec-1.6.jar:lib/akka-protobuf_2.11-2.5.6.jar:lib/protobuf-java-3.5.1.jar:lib/jdom-2.0.2.jar:lib/api-util-1.0.0-M20.jar:lib/hadoop-common-2.7.3.jar:lib/agrona-0.9.6.jar:lib/xmlenc-0.52.jar:lib/guava-21.0.jar:lib/commons-collections-3.2.2.jar:lib/avro-1.7.4.jar:lib/httpclient-4.1.2.jar:lib/flamestream-core-1.0-SNAPSHOT-tests.jar:lib/annotations-12.0.jar:lib/jsch-0.1.42.jar:flamestream-runtime-1.0-SNAPSHOT.jar
13:59:01.148 [worker-akka.actor.default-dispatcher-2] INFO  o.a.z.ZooKeeper  - Client environment:java.library.path=/usr/java/packages/lib/amd64:/usr/lib/x86_64-linux-gnu/jni:/lib/x86_64-linux-gnu:/usr/lib/x86_64-linux-gnu:/usr/lib/jni:/lib:/usr/lib
13:59:01.148 [worker-akka.actor.default-dispatcher-2] INFO  o.a.z.ZooKeeper  - Client environment:java.io.tmpdir=/tmp
13:59:01.148 [worker-akka.actor.default-dispatcher-2] INFO  o.a.z.ZooKeeper  - Client environment:java.compiler=<NA>
13:59:01.148 [worker-akka.actor.default-dispatcher-2] INFO  o.a.z.ZooKeeper  - Client environment:os.name=Linux
13:59:01.148 [worker-akka.actor.default-dispatcher-2] INFO  o.a.z.ZooKeeper  - Client environment:os.arch=amd64
13:59:01.148 [worker-akka.actor.default-dispatcher-2] INFO  o.a.z.ZooKeeper  - Client environment:os.version=4.4.0-1049-aws
13:59:01.148 [worker-akka.actor.default-dispatcher-2] INFO  o.a.z.ZooKeeper  - Client environment:user.name=root
13:59:01.149 [worker-akka.actor.default-dispatcher-2] INFO  o.a.z.ZooKeeper  - Client environment:user.home=/root
13:59:01.150 [worker-akka.actor.default-dispatcher-2] INFO  o.a.z.ZooKeeper  - Client environment:user.dir=/opt/flamestream
13:59:01.153 [worker-akka.actor.default-dispatcher-2] INFO  o.a.z.ZooKeeper  - Initiating client connection, connectString=172.31.34.147:2181 sessionTimeout=5000 watcher=com.spbsu.flamestream.runtime.application.LifecycleWatcher$$Lambda$29/764839090@3d5d5f13
13:59:01.187 [worker-akka.actor.default-dispatcher-2] INFO  a.a.RepointableActorRef akka://worker/user/watcher - Starting...
13:59:01.191 [worker-akka.actor.default-dispatcher-2-SendThread(172.31.34.147:2181)] INFO  o.a.z.ClientCnxn  - Opening socket connection to server 172.31.34.147/172.31.34.147:2181. Will not attempt to authenticate using SASL (unknown error)
13:59:01.196 [worker-akka.actor.default-dispatcher-2-SendThread(172.31.34.147:2181)] INFO  o.a.z.ClientCnxn  - Socket connection established to 172.31.34.147/172.31.34.147:2181, initiating session
13:59:01.204 [worker-akka.actor.default-dispatcher-2-SendThread(172.31.34.147:2181)] INFO  o.a.z.ClientCnxn  - Session establishment complete on server 172.31.34.147/172.31.34.147:2181, sessionid = 0x161ae5b84060005, negotiated timeout = 6000
13:59:01.301 [worker-akka.actor.default-dispatcher-2] INFO  a.a.RepointableActorRef akka://worker/user/watcher - Connected to ZK
13:59:12.138 [worker-akka.actor.default-dispatcher-2] INFO  a.a.RepointableActorRef akka://worker/user/watcher - Creating node with watchGraphs: 'com.spbsu.flamestream.core.Graph$Builder$MyGraph@4084ed8a', config: 'ClusterConfig{paths={172.31.33.155=akka://worker@172.31.33.155:5412/user/watcher/graph0000000000, 172.31.47.83=akka://worker@172.31.47.83:5412/user/watcher/graph0000000000, 172.31.45.197=akka://worker@172.31.45.197:5412/user/watcher/graph0000000000, 172.31.42.36=akka://worker@172.31.42.36:5412/user/watcher/graph0000000000, 172.31.44.83=akka://worker@172.31.44.83:5412/user/watcher/graph0000000000, 172.31.39.64=akka://worker@172.31.39.64:5412/user/watcher/graph0000000000, 172.31.35.79=akka://worker@172.31.35.79:5412/user/watcher/graph0000000000, 172.31.34.169=akka://worker@172.31.34.169:5412/user/watcher/graph0000000000, 172.31.47.100=akka://worker@172.31.47.100:5412/user/watcher/graph0000000000, 172.31.37.101=akka://worker@172.31.37.101:5412/user/watcher/graph0000000000}, ackerLocation='172.31.35.79', props=ComputationLayout{ranges={172.31.33.155=HashRange{from=-1670265060, to=-1193046472}, 172.31.47.83=HashRange{from=1670265056, to=2147483644}, 172.31.45.197=HashRange{from=-715827884, to=-238609296}, 172.31.42.36=HashRange{from=1193046468, to=1670265056}, 172.31.44.83=HashRange{from=-238609296, to=238609292}, 172.31.39.64=HashRange{from=715827880, to=1193046468}, 172.31.35.79=HashRange{from=0, to=0}, 172.31.34.169=HashRange{from=-2147483648, to=-1670265060}, 172.31.47.100=HashRange{from=238609292, to=715827880}, 172.31.37.101=HashRange{from=-1193046472, to=-715827884}}}}'
13:59:12.849 [worker-akka.actor.default-dispatcher-2] INFO  a.a.LocalActorRef akka://worker/user/watcher/graph0000000000/graph - Starting...
13:59:12.851 [worker-akka.actor.default-dispatcher-2] INFO  a.a.LocalActorRef akka://worker/user/watcher/graph0000000000/graph/local-acker/$a - Starting...
13:59:12.854 [worker-akka.actor.default-dispatcher-2] INFO  a.a.LocalActorRef akka://worker/user/watcher/graph0000000000/graph/local-acker - Starting...
Warning: space is running low in /dev/shm (tmpfs) threshold=167,772,160 usable=158,621,696
Warning: space is running low in /dev/shm (tmpfs) threshold=167,772,160 usable=146,034,688
Warning: space is running low in /dev/shm (tmpfs) threshold=167,772,160 usable=133,447,680
Warning: space is running low in /dev/shm (tmpfs) threshold=167,772,160 usable=120,860,672
Warning: space is running low in /dev/shm (tmpfs) threshold=167,772,160 usable=108,273,664
Warning: space is running low in /dev/shm (tmpfs) threshold=167,772,160 usable=95,686,656
Warning: space is running low in /dev/shm (tmpfs) threshold=167,772,160 usable=83,099,648
Warning: space is running low in /dev/shm (tmpfs) threshold=167,772,160 usable=70,512,640
13:59:13.667 [worker-akka.actor.default-dispatcher-2] INFO  a.a.LocalActorRef akka://worker/user/watcher/graph0000000000 - Starting...
13:59:13.668 [worker-akka.actor.default-dispatcher-2] INFO  a.a.LocalActorRef akka://worker/user/watcher/graph0000000000/graph - Finishing constructor
13:59:13.670 [worker-akka.actor.default-dispatcher-2] INFO  a.a.LocalActorRef akka://worker/user/watcher/graph0000000000/negotiator - Starting...
13:59:13.671 [worker-akka.actor.default-dispatcher-2] INFO  a.a.LocalActorRef akka://worker/user/watcher/graph0000000000/edge - Starting...
13:59:13.759 [worker-akka.actor.default-dispatcher-2] INFO  c.s.f.r.e.s.SocketRear  - FlameSocketGraphDeployerRear@172.31.33.155: connecting to 172.31.34.147:5678
13:59:13.766 [worker-akka.actor.default-dispatcher-2] INFO  c.s.f.r.e.s.SocketRear  - FlameSocketGraphDeployerRear@172.31.33.155: connected to 172.31.34.147:5678
13:59:13.795 [worker-akka.actor.default-dispatcher-2] INFO  a.a.LocalActorRef akka://worker/user/watcher/graph0000000000/graph/$a - Starting...
13:59:13.797 [worker-akka.actor.default-dispatcher-2] INFO  a.a.LocalActorRef akka://worker/user/watcher/graph0000000000/graph/$b - Starting...
13:59:13.799 [worker-akka.actor.default-dispatcher-2] INFO  a.a.LocalActorRef akka://worker/user/watcher/graph0000000000/graph/$c - Starting...
13:59:13.808 [worker-akka.actor.default-dispatcher-2] INFO  a.a.LocalActorRef akka://worker/user/watcher/graph0000000000/edge/FlameSocketGraphDeployerRear - Starting...
13:59:13.809 [worker-akka.actor.default-dispatcher-2] INFO  a.a.LocalActorRef akka://worker/user/watcher/graph0000000000/edge/FlameSocketGraphDeployerFront - Starting...
13:59:13.810 [worker-akka.actor.default-dispatcher-2] INFO  a.a.LocalActorRef akka://worker/user/watcher/graph0000000000/negotiator - Requesting ticket for the frontClass FlameSocketGraphDeployerFront@172.31.33.155
13:59:13.812 [worker-akka.actor.default-dispatcher-2] INFO  a.a.LocalActorRef akka://worker/user/watcher/graph0000000000/negotiator - Ticket for the frontClass received: FrontTicket{allowedTimestamp=(1519048752140, FlameSocketGraphDeployerFront@172.31.33.155)}
13:59:13.814 [worker-akka.actor.default-dispatcher-2] INFO  c.s.f.r.e.s.SocketFront  - FlameSocketGraphDeployerFront@172.31.33.155: connecting to 172.31.34.147:4567
2018-02-19T13:59:18.162+0000: 20.498: [GC (Allocation Failure) 2018-02-19T13:59:18.162+0000: 20.498: [DefNew: 136576K->15628K(153600K), 0.0332752 secs] 151992K->50575K(494976K), 0.0333489 secs] [Times: user=0.02 sys=0.01, real=0.03 secs] 
2018-02-19T13:59:30.353+0000: 32.688: [GC (Allocation Failure) 2018-02-19T13:59:30.353+0000: 32.688: [DefNew: 152204K->3939K(153600K), 0.0172181 secs] 187151K->46465K(494976K), 0.0172827 secs] [Times: user=0.02 sys=0.00, real=0.02 secs] 
2018-02-19T13:59:45.500+0000: 47.835: [GC (Allocation Failure) 2018-02-19T13:59:45.500+0000: 47.835: [DefNew: 140515K->5547K(153600K), 0.0115868 secs] 183041K->48073K(494976K), 0.0116429 secs] [Times: user=0.01 sys=0.00, real=0.01 secs] 
2018-02-19T13:59:58.620+0000: 60.956: [GC (Allocation Failure) 2018-02-19T13:59:58.620+0000: 60.956: [DefNew: 142123K->7017K(153600K), 0.0185320 secs] 184649K->49543K(494976K), 0.0186077 secs] [Times: user=0.00 sys=0.02, real=0.02 secs] 
2018-02-19T14:00:10.104+0000: 72.440: [GC (Allocation Failure) 2018-02-19T14:00:10.104+0000: 72.440: [DefNew: 143593K->8679K(153600K), 0.0137472 secs] 186119K->51205K(494976K), 0.0138063 secs] [Times: user=0.02 sys=0.00, real=0.01 secs] 
2018-02-19T14:00:22.300+0000: 84.636: [GC (Allocation Failure) 2018-02-19T14:00:22.300+0000: 84.636: [DefNew: 145255K->8742K(153600K), 0.0219025 secs] 187781K->52629K(494976K), 0.0219831 secs] [Times: user=0.03 sys=0.00, real=0.03 secs] 
2018-02-19T14:00:37.233+0000: 99.569: [GC (Allocation Failure) 2018-02-19T14:00:37.233+0000: 99.569: [DefNew: 145318K->8684K(153600K), 0.0165398 secs] 189205K->53751K(494976K), 0.0165985 secs] [Times: user=0.02 sys=0.00, real=0.02 secs] 
2018-02-19T14:00:51.640+0000: 113.975: [GC (Allocation Failure) 2018-02-19T14:00:51.640+0000: 113.975: [DefNew: 145260K->8714K(153600K), 0.0156534 secs] 190327K->55049K(494976K), 0.0157111 secs] [Times: user=0.02 sys=0.00, real=0.02 secs] 
2018-02-19T14:01:09.784+0000: 132.119: [GC (Allocation Failure) 2018-02-19T14:01:09.784+0000: 132.119: [DefNew: 145290K->9635K(153600K), 0.0170127 secs] 191625K->56956K(494976K), 0.0170770 secs] [Times: user=0.02 sys=0.00, real=0.01 secs] 
2018-02-19T14:01:23.346+0000: 145.682: [GC (Allocation Failure) 2018-02-19T14:01:23.346+0000: 145.682: [DefNew: 146211K->8533K(153600K), 0.0163351 secs] 193532K->57886K(494976K), 0.0163949 secs] [Times: user=0.01 sys=0.00, real=0.02 secs] 
2018-02-19T14:01:36.972+0000: 159.308: [GC (Allocation Failure) 2018-02-19T14:01:36.972+0000: 159.308: [DefNew: 145109K->8471K(153600K), 0.0154087 secs] 194462K->58938K(494976K), 0.0154698 secs] [Times: user=0.02 sys=0.00, real=0.02 secs] 
2018-02-19T14:01:56.044+0000: 178.379: [GC (Allocation Failure) 2018-02-19T14:01:56.044+0000: 178.379: [DefNew: 145047K->9898K(153600K), 0.0165345 secs] 195514K->60365K(494976K), 0.0165977 secs] [Times: user=0.02 sys=0.00, real=0.01 secs] 
2018-02-19T14:02:10.186+0000: 192.522: [GC (Allocation Failure) 2018-02-19T14:02:10.186+0000: 192.522: [DefNew: 146474K->8503K(153600K), 0.0181208 secs] 196941K->61396K(494976K), 0.0181827 secs] [Times: user=0.02 sys=0.00, real=0.02 secs] 
2018-02-19T14:02:29.220+0000: 211.556: [GC (Allocation Failure) 2018-02-19T14:02:29.220+0000: 211.556: [DefNew: 145079K->9838K(153600K), 0.0156953 secs] 197972K->62732K(494976K), 0.0157716 secs] [Times: user=0.02 sys=0.00, real=0.02 secs] 
2018-02-19T14:02:44.094+0000: 226.430: [GC (Allocation Failure) 2018-02-19T14:02:44.094+0000: 226.430: [DefNew: 146414K->8931K(153600K), 0.0233436 secs] 199308K->63907K(494976K), 0.0234172 secs] [Times: user=0.02 sys=0.00, real=0.02 secs] 
2018-02-19T14:03:00.127+0000: 242.463: [GC (Allocation Failure) 2018-02-19T14:03:00.127+0000: 242.463: [DefNew: 145507K->8894K(153600K), 0.0158697 secs] 200483K->64960K(494976K), 0.0159326 secs] [Times: user=0.01 sys=0.00, real=0.02 secs] 
2018-02-19T14:03:14.583+0000: 256.918: [GC (Allocation Failure) 2018-02-19T14:03:14.583+0000: 256.918: [DefNew: 145470K->9195K(153600K), 0.0162239 secs] 201536K->66378K(494976K), 0.0162837 secs] [Times: user=0.00 sys=0.00, real=0.01 secs] 
2018-02-19T14:03:28.077+0000: 270.413: [GC (Allocation Failure) 2018-02-19T14:03:28.077+0000: 270.413: [DefNew: 145771K->9511K(153600K), 0.0163560 secs] 202954K->67930K(494976K), 0.0164282 secs] [Times: user=0.02 sys=0.00, real=0.01 secs] 
2018-02-19T14:03:44.786+0000: 287.121: [GC (Allocation Failure) 2018-02-19T14:03:44.786+0000: 287.121: [DefNew: 146087K->10186K(153600K), 0.0175144 secs] 204506K->69679K(494976K), 0.0175731 secs] [Times: user=0.01 sys=0.01, real=0.02 secs] 
2018-02-19T14:04:02.840+0000: 305.176: [GC (Allocation Failure) 2018-02-19T14:04:02.840+0000: 305.176: [DefNew: 146762K->8889K(153600K), 0.0189074 secs] 206255K->70484K(494976K), 0.0189624 secs] [Times: user=0.01 sys=0.01, real=0.02 secs] 
2018-02-19T14:04:18.457+0000: 320.793: [GC (Allocation Failure) 2018-02-19T14:04:18.457+0000: 320.793: [DefNew: 145465K->8557K(153600K), 0.0170673 secs] 207060K->71900K(494976K), 0.0171272 secs] [Times: user=0.02 sys=0.00, real=0.02 secs] 
2018-02-19T14:04:31.025+0000: 333.361: [GC (Allocation Failure) 2018-02-19T14:04:31.025+0000: 333.361: [DefNew: 145133K->8742K(153600K), 0.0155919 secs] 208476K->73396K(494976K), 0.0156509 secs] [Times: user=0.01 sys=0.00, real=0.01 secs] 
2018-02-19T14:04:42.439+0000: 344.775: [GC (Allocation Failure) 2018-02-19T14:04:42.439+0000: 344.775: [DefNew: 145318K->8870K(153600K), 0.0167045 secs] 209972K->74694K(494976K), 0.0167675 secs] [Times: user=0.02 sys=0.00, real=0.02 secs] 
2018-02-19T14:04:55.557+0000: 357.893: [GC (Allocation Failure) 2018-02-19T14:04:55.557+0000: 357.893: [DefNew: 145446K->9467K(153600K), 0.0179287 secs] 211270K->76544K(494976K), 0.0179936 secs] [Times: user=0.02 sys=0.01, real=0.02 secs] 
2018-02-19T14:05:10.970+0000: 373.306: [GC (Allocation Failure) 2018-02-19T14:05:10.970+0000: 373.306: [DefNew: 146043K->9660K(153600K), 0.0164155 secs] 213120K->77940K(494976K), 0.0164780 secs] [Times: user=0.01 sys=0.00, real=0.02 secs] 
2018-02-19T14:05:24.731+0000: 387.067: [GC (Allocation Failure) 2018-02-19T14:05:24.732+0000: 387.067: [DefNew: 146236K->10004K(153600K), 0.0178111 secs] 214516K->79304K(494976K), 0.0178901 secs] [Times: user=0.02 sys=0.00, real=0.02 secs] 
2018-02-19T14:05:38.508+0000: 400.843: [GC (Allocation Failure) 2018-02-19T14:05:38.508+0000: 400.843: [DefNew: 146580K->9152K(153600K), 0.0173746 secs] 215880K->80365K(494976K), 0.0174355 secs] [Times: user=0.02 sys=0.01, real=0.02 secs] 
2018-02-19T14:05:54.341+0000: 416.677: [GC (Allocation Failure) 2018-02-19T14:05:54.341+0000: 416.677: [DefNew: 145728K->9417K(153600K), 0.0161126 secs] 216941K->81899K(494976K), 0.0161739 secs] [Times: user=0.01 sys=0.00, real=0.02 secs] 
2018-02-19T14:06:08.493+0000: 430.829: [GC (Allocation Failure) 2018-02-19T14:06:08.493+0000: 430.829: [DefNew: 145993K->9869K(153600K), 0.0163669 secs] 218475K->83550K(494976K), 0.0164384 secs] [Times: user=0.02 sys=0.00, real=0.02 secs] 
2018-02-19T14:06:23.365+0000: 445.700: [GC (Allocation Failure) 2018-02-19T14:06:23.365+0000: 445.700: [DefNew: 146445K->9968K(153600K), 0.0168321 secs] 220126K->84838K(494976K), 0.0169025 secs] [Times: user=0.02 sys=0.00, real=0.01 secs] 
2018-02-19T14:06:37.474+0000: 459.810: [GC (Allocation Failure) 2018-02-19T14:06:37.474+0000: 459.810: [DefNew: 146544K->8328K(153600K), 0.0173658 secs] 221414K->86113K(494976K), 0.0174375 secs] [Times: user=0.02 sys=0.00, real=0.02 secs] 
2018-02-19T14:06:51.943+0000: 474.279: [GC (Allocation Failure) 2018-02-19T14:06:51.943+0000: 474.279: [DefNew: 144904K->10105K(153600K), 0.0145302 secs] 222689K->87890K(494976K), 0.0146270 secs] [Times: user=0.01 sys=0.00, real=0.01 secs] 
2018-02-19T14:07:05.698+0000: 488.034: [GC (Allocation Failure) 2018-02-19T14:07:05.698+0000: 488.034: [DefNew: 146681K->8749K(153600K), 0.0305097 secs] 224466K->89233K(494976K), 0.0305934 secs] [Times: user=0.00 sys=0.03, real=0.03 secs] 
2018-02-19T14:07:18.362+0000: 500.698: [GC (Allocation Failure) 2018-02-19T14:07:18.362+0000: 500.698: [DefNew: 145325K->8258K(153600K), 0.0152808 secs] 225809K->90548K(494976K), 0.0153392 secs] [Times: user=0.01 sys=0.00, real=0.02 secs] 
2018-02-19T14:07:32.901+0000: 515.236: [GC (Allocation Failure) 2018-02-19T14:07:32.901+0000: 515.236: [DefNew: 144834K->10298K(153600K), 0.0150715 secs] 227124K->92588K(494976K), 0.0151308 secs] [Times: user=0.02 sys=0.00, real=0.02 secs] 
2018-02-19T14:07:45.160+0000: 527.496: [GC (Allocation Failure) 2018-02-19T14:07:45.160+0000: 527.496: [DefNew: 146874K->8761K(153600K), 0.0220230 secs] 229164K->93543K(494976K), 0.0220792 secs] [Times: user=0.01 sys=0.01, real=0.03 secs] 
2018-02-19T14:08:00.605+0000: 542.941: [GC (Allocation Failure) 2018-02-19T14:08:00.605+0000: 542.941: [DefNew: 145337K->8764K(153600K), 0.0266930 secs] 230119K->94958K(494976K), 0.0267610 secs] [Times: user=0.00 sys=0.03, real=0.02 secs] 
2018-02-19T14:08:13.111+0000: 555.447: [GC (Allocation Failure) 2018-02-19T14:08:13.111+0000: 555.447: [DefNew: 145340K->8863K(153600K), 0.0150435 secs] 231534K->96465K(494976K), 0.0151022 secs] [Times: user=0.02 sys=0.00, real=0.02 secs] 
2018-02-19T14:08:29.786+0000: 572.121: [GC (Allocation Failure) 2018-02-19T14:08:29.786+0000: 572.121: [DefNew: 145439K->9120K(153600K), 0.0150679 secs] 233041K->98145K(494976K), 0.0151261 secs] [Times: user=0.02 sys=0.00, real=0.01 secs] 
2018-02-19T14:08:43.346+0000: 585.682: [GC (Allocation Failure) 2018-02-19T14:08:43.347+0000: 585.682: [DefNew: 145696K->9202K(153600K), 0.0155027 secs] 234721K->99668K(494976K), 0.0155629 secs] [Times: user=0.01 sys=0.00, real=0.02 secs] 
2018-02-19T14:08:56.490+0000: 598.826: [GC (Allocation Failure) 2018-02-19T14:08:56.490+0000: 598.826: [DefNew: 145778K->9540K(153600K), 0.0155479 secs] 236244K->101243K(494976K), 0.0156055 secs] [Times: user=0.01 sys=0.00, real=0.02 secs] 
2018-02-19T14:09:11.885+0000: 614.221: [GC (Allocation Failure) 2018-02-19T14:09:11.885+0000: 614.221: [DefNew: 146116K->9660K(153600K), 0.0157809 secs] 237819K->102904K(494976K), 0.0158368 secs] [Times: user=0.02 sys=0.00, real=0.01 secs] 
2018-02-19T14:09:23.679+0000: 626.015: [GC (Allocation Failure) 2018-02-19T14:09:23.679+0000: 626.015: [DefNew: 146236K->9754K(153600K), 0.0289040 secs] 239480K->104605K(494976K), 0.0289764 secs] [Times: user=0.00 sys=0.03, real=0.03 secs] 
14:09:33.360 [Client] INFO  c.s.f.r.e.s.SocketFront  - FlameSocketGraphDeployerFront@172.31.33.155 has been disconnected from Connection 2
14:09:33.361 [Client] INFO  c.s.f.r.e.s.SocketRear  - FlameSocketGraphDeployerRear@172.31.33.155: has been disconnected from Connection 2
14:09:47.483 [worker-akka.actor.default-dispatcher-2] INFO  a.a.CoordinatedShutdown CoordinatedShutdown(akka://worker) - Starting coordinated shutdown from JVM shutdown hook
14:09:47.536 [worker-akka.actor.default-dispatcher-2] INFO  a.a.LocalActorRef akka://worker/user/watcher/graph0000000000/negotiator - Stopped
14:09:47.536 [worker-akka.actor.default-dispatcher-2] INFO  a.a.LocalActorRef akka://worker/user/watcher/graph0000000000/edge/FlameSocketGraphDeployerFront - Stopped
14:09:47.539 [worker-akka.actor.default-dispatcher-2] INFO  a.a.LocalActorRef akka://worker/user/watcher/graph0000000000/edge/FlameSocketGraphDeployerRear - Stopped
14:09:47.539 [worker-akka.actor.default-dispatcher-2] INFO  a.a.LocalActorRef akka://worker/user/watcher/graph0000000000/graph/$a - Stopped
14:09:47.540 [worker-akka.actor.default-dispatcher-2] INFO  a.a.LocalActorRef akka://worker/user/watcher/graph0000000000/graph/$b - Stopped
14:09:47.543 [worker-akka.actor.default-dispatcher-2] INFO  a.a.LocalActorRef akka://worker/user/watcher/graph0000000000/graph/$c - Stopped
14:09:47.544 [worker-akka.actor.default-dispatcher-2] INFO  a.a.LocalActorRef akka://worker/user/watcher/graph0000000000/graph/local-acker/$a - Stopped
14:09:47.550 [worker-akka.actor.default-dispatcher-2] INFO  a.a.LocalActorRef akka://worker/user/watcher/graph0000000000/edge - Stopped
14:09:47.551 [worker-akka.actor.default-dispatcher-2] INFO  a.a.LocalActorRef akka://worker/user/watcher/graph0000000000/graph/local-acker/$a - Message [com.spbsu.flamestream.runtime.utils.akka.PingActor$InnerPing] from Actor[akka://worker/user/watcher/graph0000000000/graph/local-acker/$a#-88602383] to Actor[akka://worker/user/watcher/graph0000000000/graph/local-acker/$a#-88602383] was not delivered. [1] dead letters encountered. This logging can be turned off or adjusted with configuration settings 'akka.log-dead-letters' and 'akka.log-dead-letters-during-shutdown'.
14:09:47.551 [worker-akka.actor.default-dispatcher-2] INFO  a.a.LocalActorRef akka://worker/user/watcher/graph0000000000/graph/local-acker - Stopped
14:09:47.563 [worker-akka.actor.default-dispatcher-2] INFO  a.a.LocalActorRef akka://worker/user/watcher/graph0000000000/graph/local-acker/$a - Message [com.spbsu.flamestream.runtime.utils.akka.PingActor$Stop] from Actor[akka://worker/user/watcher/graph0000000000/graph/local-acker#-112724691] to Actor[akka://worker/user/watcher/graph0000000000/graph/local-acker/$a#-88602383] was not delivered. [2] dead letters encountered. This logging can be turned off or adjusted with configuration settings 'akka.log-dead-letters' and 'akka.log-dead-letters-during-shutdown'.
14:09:47.565 [worker-akka.actor.default-dispatcher-2] INFO  a.a.LocalActorRef akka://worker/user/watcher/graph0000000000/graph/local-acker - Message [com.spbsu.flamestream.runtime.acker.LocalAcker$Flush] from Actor[akka://worker/user/watcher/graph0000000000/graph/local-acker#-112724691] to Actor[akka://worker/user/watcher/graph0000000000/graph/local-acker#-112724691] was not delivered. [3] dead letters encountered. This logging can be turned off or adjusted with configuration settings 'akka.log-dead-letters' and 'akka.log-dead-letters-during-shutdown'.
14:09:47.565 [worker-akka.actor.default-dispatcher-2] INFO  a.a.LocalActorRef akka://worker/user/watcher/graph0000000000/graph/local-acker - Message [com.spbsu.flamestream.runtime.acker.LocalAcker$Flush] from Actor[akka://worker/user/watcher/graph0000000000/graph/local-acker#-112724691] to Actor[akka://worker/user/watcher/graph0000000000/graph/local-acker#-112724691] was not delivered. [4] dead letters encountered. This logging can be turned off or adjusted with configuration settings 'akka.log-dead-letters' and 'akka.log-dead-letters-during-shutdown'.
14:09:47.566 [worker-akka.actor.default-dispatcher-2] INFO  a.a.LocalActorRef akka://worker/user/watcher/graph0000000000/graph/local-acker - Message [com.spbsu.flamestream.runtime.acker.LocalAcker$Flush] from Actor[akka://worker/user/watcher/graph0000000000/graph/local-acker#-112724691] to Actor[akka://worker/user/watcher/graph0000000000/graph/local-acker#-112724691] was not delivered. [5] dead letters encountered. This logging can be turned off or adjusted with configuration settings 'akka.log-dead-letters' and 'akka.log-dead-letters-during-shutdown'.
14:09:47.566 [worker-akka.actor.default-dispatcher-2] INFO  a.a.LocalActorRef akka://worker/user/watcher/graph0000000000/graph/local-acker - Message [com.spbsu.flamestream.runtime.acker.LocalAcker$Flush] from Actor[akka://worker/user/watcher/graph0000000000/graph/local-acker#-112724691] to Actor[akka://worker/user/watcher/graph0000000000/graph/local-acker#-112724691] was not delivered. [6] dead letters encountered. This logging can be turned off or adjusted with configuration settings 'akka.log-dead-letters' and 'akka.log-dead-letters-during-shutdown'.
14:09:47.567 [worker-akka.actor.default-dispatcher-2] INFO  a.a.LocalActorRef akka://worker/user/watcher/graph0000000000/graph/local-acker - Message [com.spbsu.flamestream.runtime.acker.LocalAcker$Flush] from Actor[akka://worker/user/watcher/graph0000000000/graph/local-acker#-112724691] to Actor[akka://worker/user/watcher/graph0000000000/graph/local-acker#-112724691] was not delivered. [7] dead letters encountered. This logging can be turned off or adjusted with configuration settings 'akka.log-dead-letters' and 'akka.log-dead-letters-during-shutdown'.
14:09:47.567 [worker-akka.actor.default-dispatcher-2] INFO  a.a.LocalActorRef akka://worker/user/watcher/graph0000000000/graph/local-acker - Message [com.spbsu.flamestream.runtime.acker.LocalAcker$Flush] from Actor[akka://worker/user/watcher/graph0000000000/graph/local-acker#-112724691] to Actor[akka://worker/user/watcher/graph0000000000/graph/local-acker#-112724691] was not delivered. [8] dead letters encountered. This logging can be turned off or adjusted with configuration settings 'akka.log-dead-letters' and 'akka.log-dead-letters-during-shutdown'.
14:09:47.567 [worker-akka.actor.default-dispatcher-2] INFO  a.a.LocalActorRef akka://worker/user/watcher/graph0000000000/graph/local-acker - Message [com.spbsu.flamestream.runtime.acker.LocalAcker$Flush] from Actor[akka://worker/user/watcher/graph0000000000/graph/local-acker#-112724691] to Actor[akka://worker/user/watcher/graph0000000000/graph/local-acker#-112724691] was not delivered. [9] dead letters encountered. This logging can be turned off or adjusted with configuration settings 'akka.log-dead-letters' and 'akka.log-dead-letters-during-shutdown'.
14:09:47.568 [worker-akka.actor.default-dispatcher-2] INFO  a.a.LocalActorRef akka://worker/user/watcher/graph0000000000/graph/local-acker - Message [com.spbsu.flamestream.runtime.acker.LocalAcker$Flush] from Actor[akka://worker/user/watcher/graph0000000000/graph/local-acker#-112724691] to Actor[akka://worker/user/watcher/graph0000000000/graph/local-acker#-112724691] was not delivered. [10] dead letters encountered. This logging can be turned off or adjusted with configuration settings 'akka.log-dead-letters' and 'akka.log-dead-letters-during-shutdown'.
14:09:47.570 [worker-akka.actor.default-dispatcher-2] INFO  a.a.LocalActorRef akka://worker/user/watcher/graph0000000000/graph/local-acker - Message [com.spbsu.flamestream.runtime.acker.LocalAcker$Flush] from Actor[akka://worker/user/watcher/graph0000000000/graph/local-acker#-112724691] to Actor[akka://worker/user/watcher/graph0000000000/graph/local-acker#-112724691] was not delivered. [11] dead letters encountered. This logging can be turned off or adjusted with configuration settings 'akka.log-dead-letters' and 'akka.log-dead-letters-during-shutdown'.
14:09:47.573 [worker-akka.actor.default-dispatcher-2-EventThread] INFO  o.a.z.ClientCnxn  - EventThread shut down for session: 0x161ae5b84060005
14:09:47.574 [worker-akka.actor.default-dispatcher-2] INFO  o.a.z.ZooKeeper  - Session: 0x161ae5b84060005 closed
14:09:47.574 [worker-akka.actor.default-dispatcher-2] INFO  a.a.LocalActorRef akka://worker/user/watcher/graph0000000000/graph - Stopped
14:09:47.575 [worker-akka.actor.default-dispatcher-2] INFO  a.a.LocalActorRef akka://worker/user/watcher/graph0000000000 - Stopped
14:09:47.575 [worker-akka.actor.default-dispatcher-2] INFO  a.a.LocalActorRef akka://worker/user/watcher/graph0000000000/graph/local-acker - Message [com.spbsu.flamestream.runtime.acker.LocalAcker$Flush] from Actor[akka://worker/user/watcher/graph0000000000/graph/local-acker#-112724691] to Actor[akka://worker/user/watcher/graph0000000000/graph/local-acker#-112724691] was not delivered. [12] dead letters encountered. This logging can be turned off or adjusted with configuration settings 'akka.log-dead-letters' and 'akka.log-dead-letters-during-shutdown'.
14:09:47.576 [worker-akka.actor.default-dispatcher-2] INFO  a.a.LocalActorRef akka://worker/user/watcher/graph0000000000/graph/local-acker - Message [com.spbsu.flamestream.runtime.acker.LocalAcker$Flush] from Actor[akka://worker/user/watcher/graph0000000000/graph/local-acker#-112724691] to Actor[akka://worker/user/watcher/graph0000000000/graph/local-acker#-112724691] was not delivered. [13] dead letters encountered. This logging can be turned off or adjusted with configuration settings 'akka.log-dead-letters' and 'akka.log-dead-letters-during-shutdown'.
14:09:47.576 [worker-akka.actor.default-dispatcher-2] INFO  a.a.LocalActorRef akka://worker/user/watcher/graph0000000000/graph/local-acker - Message [com.spbsu.flamestream.runtime.acker.LocalAcker$Flush] from Actor[akka://worker/user/watcher/graph0000000000/graph/local-acker#-112724691] to Actor[akka://worker/user/watcher/graph0000000000/graph/local-acker#-112724691] was not delivered. [14] dead letters encountered. This logging can be turned off or adjusted with configuration settings 'akka.log-dead-letters' and 'akka.log-dead-letters-during-shutdown'.
14:09:47.578 [worker-akka.actor.default-dispatcher-2] INFO  a.a.RepointableActorRef akka://worker/user/watcher - Stopped
14:09:47.595 [worker-akka.actor.default-dispatcher-2] INFO  a.r.RemoteActorRefProvider$RemotingTerminator akka://worker@172.31.33.155:5412/system/remoting-terminator - Shutting down remote daemon.
14:09:47.597 [worker-akka.actor.default-dispatcher-2] INFO  a.r.RemoteActorRefProvider$RemotingTerminator akka://worker@172.31.33.155:5412/system/remoting-terminator - Remote daemon shut down; proceeding with flushing remote transports.
14:09:48.759 [worker-akka.actor.default-dispatcher-2] INFO  a.r.RemoteActorRefProvider$RemotingTerminator akka://worker@172.31.33.155:5412/system/remoting-terminator - Remoting shut down.
Heap
 def new generation   total 153600K, used 112617K [0x00000000e0c00000, 0x00000000eb2a0000, 0x00000000eb2a0000)
  eden space 136576K,  75% used [0x00000000e0c00000, 0x00000000e7073bd8, 0x00000000e9160000)
  from space 17024K,  57% used [0x00000000ea200000, 0x00000000eab86bb8, 0x00000000eb2a0000)
  to   space 17024K,   0% used [0x00000000e9160000, 0x00000000e9160000, 0x00000000ea200000)
 tenured generation   total 341376K, used 94850K [0x00000000eb2a0000, 0x0000000100000000, 0x0000000100000000)
   the space 341376K,  27% used [0x00000000eb2a0000, 0x00000000f0f40b50, 0x00000000f0f40c00, 0x0000000100000000)
 Metaspace       used 33600K, capacity 34406K, committed 34688K, reserved 1079296K
  class space    used 4474K, capacity 4658K, committed 4736K, reserved 1048576K
