16:49:22,155 |-INFO in ch.qos.logback.classic.LoggerContext[default] - Could NOT find resource [logback-test.xml]
16:49:22,155 |-INFO in ch.qos.logback.classic.LoggerContext[default] - Could NOT find resource [logback.groovy]
16:49:22,155 |-INFO in ch.qos.logback.classic.LoggerContext[default] - Found resource [logback.xml] at [jar:file:/opt/flamestream/lib/flamestream-runtime-1.0-SNAPSHOT.jar!/logback.xml]
16:49:22,156 |-WARN in ch.qos.logback.classic.LoggerContext[default] - Resource [logback.xml] occurs multiple times on the classpath.
16:49:22,156 |-WARN in ch.qos.logback.classic.LoggerContext[default] - Resource [logback.xml] occurs at [jar:file:/opt/flamestream/flamestream-runtime-1.0-SNAPSHOT.jar!/logback.xml]
16:49:22,156 |-WARN in ch.qos.logback.classic.LoggerContext[default] - Resource [logback.xml] occurs at [jar:file:/opt/flamestream/lib/flamestream-runtime-1.0-SNAPSHOT.jar!/logback.xml]
16:49:22,183 |-INFO in ch.qos.logback.core.joran.spi.ConfigurationWatchList@69b794e2 - URL [jar:file:/opt/flamestream/lib/flamestream-runtime-1.0-SNAPSHOT.jar!/logback.xml] is not of type file
16:49:22,256 |-INFO in ch.qos.logback.classic.joran.action.ConfigurationAction - debug attribute not set
16:49:22,256 |-INFO in ch.qos.logback.core.joran.action.AppenderAction - About to instantiate appender of type [ch.qos.logback.core.ConsoleAppender]
16:49:22,263 |-INFO in ch.qos.logback.core.joran.action.AppenderAction - Naming appender as [STDOUT]
16:49:22,270 |-INFO in ch.qos.logback.core.joran.action.NestedComplexPropertyIA - Assuming default type [ch.qos.logback.classic.encoder.PatternLayoutEncoder] for [encoder] property
16:49:22,311 |-INFO in ch.qos.logback.core.joran.action.AppenderAction - About to instantiate appender of type [ch.qos.logback.core.rolling.RollingFileAppender]
16:49:22,314 |-INFO in ch.qos.logback.core.joran.action.AppenderAction - Naming appender as [FILE]
16:49:22,335 |-INFO in c.q.l.core.rolling.TimeBasedRollingPolicy@1059063940 - No compression will be used
16:49:22,336 |-INFO in c.q.l.core.rolling.TimeBasedRollingPolicy@1059063940 - Will use the pattern /tmp/application_%d{yyyy-MM-dd}.%i.log for the active file
16:49:22,339 |-INFO in ch.qos.logback.core.rolling.SizeAndTimeBasedFNATP@4d339552 - The date pattern is 'yyyy-MM-dd' from file name pattern '/tmp/application_%d{yyyy-MM-dd}.%i.log'.
16:49:22,339 |-INFO in ch.qos.logback.core.rolling.SizeAndTimeBasedFNATP@4d339552 - Roll-over at midnight.
16:49:22,343 |-INFO in ch.qos.logback.core.rolling.SizeAndTimeBasedFNATP@4d339552 - Setting initial period to Fri Mar 23 16:46:49 UTC 2018
16:49:22,344 |-WARN in ch.qos.logback.core.rolling.SizeAndTimeBasedFNATP@4d339552 - SizeAndTimeBasedFNATP is deprecated. Use SizeAndTimeBasedRollingPolicy instead
16:49:22,344 |-WARN in ch.qos.logback.core.rolling.SizeAndTimeBasedFNATP@4d339552 - For more information see http://logback.qos.ch/manual/appenders.html#SizeAndTimeBasedRollingPolicy
16:49:22,348 |-INFO in ch.qos.logback.core.joran.action.NestedComplexPropertyIA - Assuming default type [ch.qos.logback.classic.encoder.PatternLayoutEncoder] for [encoder] property
16:49:22,353 |-INFO in ch.qos.logback.core.rolling.RollingFileAppender[FILE] - Active log file name: /tmp/application.log
16:49:22,353 |-INFO in ch.qos.logback.core.rolling.RollingFileAppender[FILE] - File property is set to [/tmp/application.log]
16:49:22,354 |-INFO in ch.qos.logback.classic.joran.action.RootLoggerAction - Setting level of ROOT logger to INFO
16:49:22,354 |-INFO in ch.qos.logback.core.joran.action.AppenderRefAction - Attaching appender named [STDOUT] to Logger[ROOT]
16:49:22,358 |-INFO in ch.qos.logback.core.joran.action.AppenderRefAction - Attaching appender named [FILE] to Logger[ROOT]
16:49:22,358 |-INFO in ch.qos.logback.classic.joran.action.ConfigurationAction - End of configuration.
16:49:22,359 |-INFO in ch.qos.logback.classic.joran.JoranConfigurator@f0f2775 - Registering current configuration as safe fallback point

16:49:22.365 [main] INFO  c.s.f.r.a.WorkerApplication  - Starting worker with id: '10.0.0.139', host: '10.0.0.139:5412', zkString: '10.0.0.70:2181'
16:49:23.213 [worker-akka.actor.default-dispatcher-6] INFO  a.e.s.Slf4jLogger  - Slf4jLogger started
2018-03-23T16:49:23.348+0000: 1.771: [Full GC (Metadata GC Threshold) 2018-03-23T16:49:23.348+0000: 1.771: [Tenured: 0K->15850K(341376K), 0.0395249 secs] 134103K->15850K(494976K), [Metaspace: 20892K->20892K(1067008K)], 0.0395911 secs] [Times: user=0.04 sys=0.01, real=0.04 secs] 
Ama winner
Ama winner
16:49:23.810 [worker-akka.actor.default-dispatcher-6] INFO  a.r.a.ArteryTransport(akka://worker) akka.remote.artery.ArteryTransport(akka://worker) - Started embedded media driver in directory [/dev/shm/aeron-root-worker-326edbc3-3921-4714-90fe-6052bb914ffd]
16:49:24.024 [worker-akka.actor.default-dispatcher-6] INFO  a.r.a.ArteryTransport(akka://worker) akka.remote.artery.ArteryTransport(akka://worker) - Remoting started; listening on address: [akka://worker@10.0.0.139:5412] with UID [-4846988297934541913]
16:49:24.111 [worker-akka.actor.default-dispatcher-6] INFO  a.a.RepointableActorRef akka://worker/user/watcher - Starting...
16:49:24.135 [worker-akka.actor.default-dispatcher-2] INFO  o.a.z.ZooKeeper  - Client environment:zookeeper.version=3.4.9-1757313, built on 08/23/2016 06:50 GMT
16:49:24.136 [worker-akka.actor.default-dispatcher-2] INFO  o.a.z.ZooKeeper  - Client environment:host.name=localhost
16:49:24.136 [worker-akka.actor.default-dispatcher-2] INFO  o.a.z.ZooKeeper  - Client environment:java.version=1.8.0_151
16:49:24.136 [worker-akka.actor.default-dispatcher-2] INFO  o.a.z.ZooKeeper  - Client environment:java.vendor=Oracle Corporation
16:49:24.136 [worker-akka.actor.default-dispatcher-2] INFO  o.a.z.ZooKeeper  - Client environment:java.home=/usr/lib/jvm/java-8-openjdk-amd64/jre
16:49:24.136 [worker-akka.actor.default-dispatcher-2] INFO  o.a.z.ZooKeeper  - Client environment:java.class.path=lib/commons-cli-1.4.jar:lib/minlog-1.3.0.jar:lib/asm-5.0.4.jar:lib/hadoop-annotations-2.7.3.jar:lib/hadoop-auth-2.7.3.jar:lib/akka-slf4j_2.11-2.5.6.jar:lib/jersey-core-1.9.jar:lib/lz4-1.3.0.jar:lib/jackson-core-asl-1.9.13.jar:lib/aeron-client-1.3.0.jar:lib/htrace-core-3.1.0-incubating.jar:lib/xz-1.0.jar:lib/commons-httpclient-3.1.jar:lib/asm-3.1.jar:lib/commons-lang3-3.4.jar:lib/scala-library-2.11.11.jar:lib/scala-java8-compat_2.11-0.7.0.jar:lib/commons-configuration-1.6.jar:lib/objenesis-2.1.jar:lib/jackson-annotations-2.8.0.jar:lib/jsr305-3.0.0.jar:lib/curator-framework-2.7.1.jar:lib/jersey-server-1.9.jar:lib/jets3t-0.9.0.jar:lib/leveldb-0.7.jar:lib/jetty-6.1.26.jar:lib/stax-api-1.0-2.jar:lib/flamestream-core-1.0-SNAPSHOT.jar:lib/reflectasm-1.07-shaded.jar:lib/apacheds-kerberos-codec-2.0.0-M15.jar:lib/api-asn1-api-1.0.0-M20.jar:lib/commons-lang-2.6.jar:lib/commons-beanutils-1.7.0.jar:lib/jackson-xc-1.8.3.jar:lib/jetty-util-6.1.26.jar:lib/logback-classic-1.2.3.jar:lib/jool-0.9.12.jar:lib/httpcore-4.1.2.jar:lib/kryo-4.0.0.jar:lib/ant-1.8.1.jar:lib/jaxb-impl-2.2.3-1.jar:lib/jersey-json-1.9.jar:lib/commons-compress-1.4.1.jar:lib/leveldbjni-all-1.8.jar:lib/paranamer-2.3.jar:lib/jackson-core-2.8.4.jar:lib/commons-math3-3.6.1.jar:lib/scala-parser-combinators_2.11-1.0.4.jar:lib/netty-3.10.6.Final.jar:lib/trove4j-3.0.3.jar:lib/jaxb-api-2.2.2.jar:lib/logback-core-1.2.3.jar:lib/snappy-java-1.0.4.1.jar:lib/protobuf-java-2.5.0.jar:lib/reactive-streams-1.0.1.jar:lib/flamestream-examples-1.0-SNAPSHOT.jar:lib/commons-codec-1.4.jar:lib/activation-1.1.jar:lib/commons-net-3.1.jar:lib/curator-recipes-2.7.1.jar:lib/jackson-mapper-asl-1.9.13.jar:lib/jackson-databind-2.8.4.jar:lib/flamestream-runtime-1.0-SNAPSHOT.jar:lib/jackson-jaxrs-1.8.3.jar:lib/slf4j-api-1.7.24.jar:lib/akka-remote_2.11-2.5.6.jar:lib/akka-testkit_2.11-2.5.6.jar:lib/jline-0.9.94.jar:lib/jedis-2.9.0.jar:lib/akka-stream_2.11-2.5.6.jar:lib/jsp-api-2.1.jar:lib/kryonet-2.21.jar:lib/akka-kryo-serialization_2.11-0.5.0.jar:lib/config-1.3.1.jar:lib/ant-launcher-1.8.1.jar:lib/commons-logging-1.2.jar:lib/ssl-config-core_2.11-0.2.2.jar:lib/testng-6.10.jar:lib/leveldb-api-0.7.jar:lib/reflectasm-1.11.3.jar:lib/jcommander-1.48.jar:lib/commons-1.1.jar:lib/commons-digester-1.8.jar:lib/minlog-1.2.jar:lib/java-xmlbuilder-0.4.jar:lib/jettison-1.1.jar:lib/gson-2.2.4.jar:lib/jdk.tools-1.8.jar:lib/aeron-driver-1.3.0.jar:lib/zookeeper-3.4.9.jar:lib/commons-beanutils-core-1.8.0.jar:lib/commons-math3-3.1.1.jar:lib/akka-actor_2.11-2.5.6.jar:lib/curator-client-2.7.1.jar:lib/servlet-api-2.5.jar:lib/commons-pool2-2.4.2.jar:lib/apacheds-i18n-2.0.0-M15.jar:lib/commons-io-2.4.jar:lib/commons-codec-1.6.jar:lib/akka-protobuf_2.11-2.5.6.jar:lib/jdom-2.0.2.jar:lib/rocksdbjni-5.5.1.jar:lib/api-util-1.0.0-M20.jar:lib/hadoop-common-2.7.3.jar:lib/agrona-0.9.6.jar:lib/xmlenc-0.52.jar:lib/guava-21.0.jar:lib/commons-collections-3.2.2.jar:lib/avro-1.7.4.jar:lib/httpclient-4.1.2.jar:lib/flamestream-core-1.0-SNAPSHOT-tests.jar:lib/annotations-12.0.jar:lib/jsch-0.1.42.jar:flamestream-runtime-1.0-SNAPSHOT.jar
16:49:24.136 [worker-akka.actor.default-dispatcher-2] INFO  o.a.z.ZooKeeper  - Client environment:java.library.path=/usr/java/packages/lib/amd64:/usr/lib/x86_64-linux-gnu/jni:/lib/x86_64-linux-gnu:/usr/lib/x86_64-linux-gnu:/usr/lib/jni:/lib:/usr/lib
16:49:24.138 [worker-akka.actor.default-dispatcher-2] INFO  o.a.z.ZooKeeper  - Client environment:java.io.tmpdir=/tmp
16:49:24.138 [worker-akka.actor.default-dispatcher-2] INFO  o.a.z.ZooKeeper  - Client environment:java.compiler=<NA>
16:49:24.138 [worker-akka.actor.default-dispatcher-2] INFO  o.a.z.ZooKeeper  - Client environment:os.name=Linux
16:49:24.138 [worker-akka.actor.default-dispatcher-2] INFO  o.a.z.ZooKeeper  - Client environment:os.arch=amd64
16:49:24.139 [worker-akka.actor.default-dispatcher-2] INFO  o.a.z.ZooKeeper  - Client environment:os.version=4.4.0-1049-aws
16:49:24.140 [worker-akka.actor.default-dispatcher-2] INFO  o.a.z.ZooKeeper  - Client environment:user.name=root
16:49:24.140 [worker-akka.actor.default-dispatcher-2] INFO  o.a.z.ZooKeeper  - Client environment:user.home=/root
16:49:24.140 [worker-akka.actor.default-dispatcher-2] INFO  o.a.z.ZooKeeper  - Client environment:user.dir=/opt/flamestream
16:49:24.143 [worker-akka.actor.default-dispatcher-2] INFO  o.a.z.ZooKeeper  - Initiating client connection, connectString=10.0.0.70:2181 sessionTimeout=5000 watcher=com.spbsu.flamestream.runtime.application.LifecycleWatcher$$Lambda$29/226179436@42600680
16:49:24.177 [worker-akka.actor.default-dispatcher-2-SendThread(10.0.0.70:2181)] INFO  o.a.z.ClientCnxn  - Opening socket connection to server 10.0.0.70/10.0.0.70:2181. Will not attempt to authenticate using SASL (unknown error)
16:49:24.178 [worker-akka.actor.default-dispatcher-6] INFO  a.a.RepointableActorRef akka://worker/user/watcher - Initializing rocksDB backend
16:49:24.186 [worker-akka.actor.default-dispatcher-2-SendThread(10.0.0.70:2181)] INFO  o.a.z.ClientCnxn  - Socket connection established to 10.0.0.70/10.0.0.70:2181, initiating session
16:49:24.199 [worker-akka.actor.default-dispatcher-2-SendThread(10.0.0.70:2181)] INFO  o.a.z.ClientCnxn  - Session establishment complete on server 10.0.0.70/10.0.0.70:2181, sessionid = 0x16253c2d3b8000c, negotiated timeout = 6000
16:49:24.364 [worker-akka.actor.default-dispatcher-6] INFO  a.a.RepointableActorRef akka://worker/user/watcher - Connected to ZK
16:49:32.099 [worker-akka.actor.default-dispatcher-6] INFO  a.a.RepointableActorRef akka://worker/user/watcher - Creating node with watchGraphs: 'com.spbsu.flamestream.core.Graph$Builder$MyGraph@712dab43', config: 'ClusterConfig{paths={10.0.0.239=akka://worker@10.0.0.239:5412/user/watcher/graph, 10.0.0.205=akka://worker@10.0.0.205:5412/user/watcher/graph, 10.0.0.139=akka://worker@10.0.0.139:5412/user/watcher/graph, 10.0.0.218=akka://worker@10.0.0.218:5412/user/watcher/graph, 10.0.0.225=akka://worker@10.0.0.225:5412/user/watcher/graph, 10.0.0.15=akka://worker@10.0.0.15:5412/user/watcher/graph, 10.0.0.37=akka://worker@10.0.0.37:5412/user/watcher/graph, 10.0.0.57=akka://worker@10.0.0.57:5412/user/watcher/graph, 10.0.0.155=akka://worker@10.0.0.155:5412/user/watcher/graph, 10.0.0.188=akka://worker@10.0.0.188:5412/user/watcher/graph}, ackerLocation='10.0.0.188', props=ComputationLayout{hashGroups={10.0.0.239=com.spbsu.flamestream.runtime.config.HashGroup@1ffe1b9d, 10.0.0.205=com.spbsu.flamestream.runtime.config.HashGroup@5d5c21bc, 10.0.0.139=com.spbsu.flamestream.runtime.config.HashGroup@56dcaf5d, 10.0.0.218=com.spbsu.flamestream.runtime.config.HashGroup@c65a7748, 10.0.0.225=com.spbsu.flamestream.runtime.config.HashGroup@231425fe, 10.0.0.15=com.spbsu.flamestream.runtime.config.HashGroup@fbc82752, 10.0.0.37=com.spbsu.flamestream.runtime.config.HashGroup@ccbcd570, 10.0.0.57=com.spbsu.flamestream.runtime.config.HashGroup@4276a447, 10.0.0.155=com.spbsu.flamestream.runtime.config.HashGroup@3fc198ed, 10.0.0.188=com.spbsu.flamestream.runtime.config.HashGroup@c01f}}}'
16:49:32.928 [worker-akka.actor.default-dispatcher-2] INFO  a.a.LocalActorRef akka://worker/user/watcher/graph/graph - Starting...
16:49:32.936 [worker-akka.actor.default-dispatcher-3] INFO  a.a.LocalActorRef akka://worker/user/watcher/graph/graph/local-acker/$a - Starting...
16:49:32.942 [worker-akka.actor.default-dispatcher-7] INFO  a.a.LocalActorRef akka://worker/user/watcher/graph/graph/local-acker - Starting...
16:49:33.893 [worker-akka.actor.default-dispatcher-3] INFO  a.a.LocalActorRef akka://worker/user/watcher/graph/graph - Finishing constructor
16:49:33.894 [worker-akka.actor.default-dispatcher-3] INFO  a.a.LocalActorRef akka://worker/user/watcher/graph/negotiator - Starting...
16:49:33.903 [worker-akka.actor.default-dispatcher-2] INFO  a.a.LocalActorRef akka://worker/user/watcher/graph/edge - Starting...
16:49:33.904 [worker-akka.actor.default-dispatcher-5] INFO  a.a.LocalActorRef akka://worker/user/watcher/graph - Starting...
16:49:33.932 [worker-akka.actor.default-dispatcher-5] INFO  a.a.LocalActorRef akka://worker/user/watcher/graph/graph - Received last commit 'LastCommit{globalTime=(0000000, min@min)}'
16:49:33.944 [worker-akka.actor.default-dispatcher-4] INFO  a.a.LocalActorRef akka://worker/user/watcher/graph/negotiator - Requesting ticket for the frontClass FlameSocketGraphDeployerFront@10.0.0.139
16:49:33.981 [worker-akka.actor.default-dispatcher-3] INFO  c.s.f.r.e.s.SocketRear  - FlameSocketGraphDeployerRear@10.0.0.139: connecting to 10.0.0.70:5678
16:49:33.997 [worker-akka.actor.default-dispatcher-6] INFO  a.a.LocalActorRef akka://worker/user/watcher/graph/edge/FlameSocketGraphDeployerFront - Starting...
16:49:33.999 [worker-akka.actor.default-dispatcher-3] INFO  c.s.f.r.e.s.SocketRear  - FlameSocketGraphDeployerRear@10.0.0.139: connected to 10.0.0.70:5678
16:49:34.000 [worker-akka.actor.default-dispatcher-3] INFO  a.a.LocalActorRef akka://worker/user/watcher/graph/edge/FlameSocketGraphDeployerRear - Starting...
16:49:34.042 [worker-akka.actor.default-dispatcher-3] INFO  a.a.LocalActorRef akka://worker/user/watcher/graph/graph/$a - Starting...
16:49:34.064 [worker-akka.actor.default-dispatcher-3] INFO  a.a.LocalActorRef akka://worker/user/watcher/graph/graph/$b - Starting...
16:49:34.096 [worker-akka.actor.default-dispatcher-3] INFO  a.a.LocalActorRef akka://worker/user/watcher/graph/graph/$b - Attached rear to graph (-9223372036854775808, min@min)
16:49:34.099 [worker-akka.actor.default-dispatcher-3] INFO  a.a.LocalActorRef akka://worker/user/watcher/graph/graph/$c - Starting...
16:49:34.504 [worker-akka.actor.default-dispatcher-3] INFO  a.a.LocalActorRef akka://worker/user/watcher/graph/negotiator - Ticket for the frontClass received: FrontTicket{allowedTimestamp=(0000000, FlameSocketGraphDeployerFront@10.0.0.139)}
16:49:34.506 [worker-akka.actor.default-dispatcher-3] INFO  c.s.f.r.e.s.SocketFront  - FlameSocketGraphDeployerFront@10.0.0.139: connecting to 10.0.0.70:4567
16:49:34.524 [Client] INFO  c.s.f.r.e.s.SocketFront  - FlameSocketGraphDeployerFront@10.0.0.139 has been disconnected from Connection 4
2018-03-23T16:49:38.630+0000: 17.053: [GC (Allocation Failure) 2018-03-23T16:49:38.630+0000: 17.053: [DefNew: 136576K->16046K(153600K), 0.0257031 secs] 152426K->51428K(494976K), 0.0257700 secs] [Times: user=0.02 sys=0.01, real=0.02 secs] 
2018-03-23T16:49:42.839+0000: 21.261: [GC (Allocation Failure) 2018-03-23T16:49:42.839+0000: 21.261: [DefNew: 152292K->5187K(153600K), 0.0238389 secs] 187674K->48614K(494976K), 0.0239130 secs] [Times: user=0.01 sys=0.00, real=0.02 secs] 
2018-03-23T16:49:47.532+0000: 25.954: [GC (Allocation Failure) 2018-03-23T16:49:47.532+0000: 25.954: [DefNew: 141763K->5976K(153600K), 0.0176667 secs] 185190K->49402K(494976K), 0.0177315 secs] [Times: user=0.02 sys=0.00, real=0.01 secs] 
2018-03-23T16:49:51.454+0000: 29.877: [GC (Allocation Failure) 2018-03-23T16:49:51.454+0000: 29.877: [DefNew: 142077K->7002K(153600K), 0.0097148 secs] 185504K->50428K(494976K), 0.0097949 secs] [Times: user=0.02 sys=0.00, real=0.01 secs] 
2018-03-23T16:49:55.517+0000: 33.939: [GC (Allocation Failure) 2018-03-23T16:49:55.517+0000: 33.939: [DefNew: 143578K->9770K(153600K), 0.0109752 secs] 187004K->53197K(494976K), 0.0110495 secs] [Times: user=0.01 sys=0.00, real=0.01 secs] 
2018-03-23T16:49:59.139+0000: 37.562: [GC (Allocation Failure) 2018-03-23T16:49:59.140+0000: 37.562: [DefNew: 146346K->8290K(153600K), 0.0132550 secs] 189773K->53417K(494976K), 0.0133274 secs] [Times: user=0.02 sys=0.00, real=0.01 secs] 
2018-03-23T16:50:02.531+0000: 40.953: [GC (Allocation Failure) 2018-03-23T16:50:02.531+0000: 40.953: [DefNew: 144866K->9695K(153600K), 0.0115154 secs] 189993K->54821K(494976K), 0.0115951 secs] [Times: user=0.01 sys=0.00, real=0.01 secs] 
2018-03-23T16:50:05.937+0000: 44.359: [GC (Allocation Failure) 2018-03-23T16:50:05.937+0000: 44.359: [DefNew: 145451K->8376K(153600K), 0.0119326 secs] 190577K->54758K(494976K), 0.0120187 secs] [Times: user=0.01 sys=0.00, real=0.01 secs] 
2018-03-23T16:50:08.764+0000: 47.187: [GC (Allocation Failure) 2018-03-23T16:50:08.764+0000: 47.187: [DefNew: 144380K->9093K(153600K), 0.0190948 secs] 190762K->55476K(494976K), 0.0191700 secs] [Times: user=0.02 sys=0.00, real=0.02 secs] 
2018-03-23T16:50:11.928+0000: 50.351: [GC (Allocation Failure) 2018-03-23T16:50:11.928+0000: 50.351: [DefNew: 144167K->4734K(153600K), 0.0209382 secs] 190549K->55837K(494976K), 0.0210072 secs] [Times: user=0.01 sys=0.01, real=0.02 secs] 
2018-03-23T16:50:15.139+0000: 53.561: [GC (Allocation Failure) 2018-03-23T16:50:15.139+0000: 53.561: [DefNew: 140130K->5189K(153600K), 0.0155369 secs] 191233K->56292K(494976K), 0.0156149 secs] [Times: user=0.02 sys=0.00, real=0.01 secs] 
2018-03-23T16:50:17.814+0000: 56.237: [GC (Allocation Failure) 2018-03-23T16:50:17.814+0000: 56.237: [DefNew: 140671K->13927K(153600K), 0.0145819 secs] 191774K->65030K(494976K), 0.0146562 secs] [Times: user=0.02 sys=0.00, real=0.01 secs] 
2018-03-23T16:50:21.117+0000: 59.539: [GC (Allocation Failure) 2018-03-23T16:50:21.117+0000: 59.539: [DefNew: 150503K->1806K(153600K), 0.0179780 secs] 201606K->65516K(494976K), 0.0180668 secs] [Times: user=0.01 sys=0.01, real=0.02 secs] 
2018-03-23T16:50:23.859+0000: 62.281: [GC (Allocation Failure) 2018-03-23T16:50:23.859+0000: 62.281: [DefNew: 137372K->3044K(153600K), 0.0159910 secs] 201082K->66754K(494976K), 0.0160644 secs] [Times: user=0.02 sys=0.00, real=0.01 secs] 
2018-03-23T16:50:26.941+0000: 65.363: [GC (Allocation Failure) 2018-03-23T16:50:26.941+0000: 65.363: [DefNew: 139567K->3452K(153600K), 0.0079052 secs] 203277K->67162K(494976K), 0.0079887 secs] [Times: user=0.01 sys=0.00, real=0.00 secs] 
2018-03-23T16:50:29.280+0000: 67.703: [GC (Allocation Failure) 2018-03-23T16:50:29.280+0000: 67.703: [DefNew: 137935K->4766K(153600K), 0.0161697 secs] 201645K->68476K(494976K), 0.0162519 secs] [Times: user=0.01 sys=0.00, real=0.01 secs] 
2018-03-23T16:50:31.689+0000: 70.111: [GC (Allocation Failure) 2018-03-23T16:50:31.689+0000: 70.111: [DefNew: 141342K->5968K(153600K), 0.0146510 secs] 205052K->69679K(494976K), 0.0147346 secs] [Times: user=0.01 sys=0.00, real=0.02 secs] 
2018-03-23T16:50:34.395+0000: 72.818: [GC (Allocation Failure) 2018-03-23T16:50:34.395+0000: 72.818: [DefNew: 141642K->5942K(153600K), 0.0142746 secs] 205352K->69652K(494976K), 0.0143556 secs] [Times: user=0.01 sys=0.00, real=0.01 secs] 
2018-03-23T16:50:36.821+0000: 75.244: [GC (Allocation Failure) 2018-03-23T16:50:36.822+0000: 75.244: [DefNew: 142518K->7425K(153600K), 0.0139125 secs] 206228K->71135K(494976K), 0.0140007 secs] [Times: user=0.02 sys=0.00, real=0.01 secs] 
2018-03-23T16:50:39.456+0000: 77.878: [GC (Allocation Failure) 2018-03-23T16:50:39.456+0000: 77.878: [DefNew: 144001K->7682K(153600K), 0.0118765 secs] 207711K->71392K(494976K), 0.0119472 secs] [Times: user=0.01 sys=0.00, real=0.01 secs] 
2018-03-23T16:50:41.823+0000: 80.245: [GC (Allocation Failure) 2018-03-23T16:50:41.823+0000: 80.245: [DefNew: 144258K->7153K(153600K), 0.0171919 secs] 207968K->70863K(494976K), 0.0172721 secs] [Times: user=0.01 sys=0.00, real=0.02 secs] 
2018-03-23T16:50:44.459+0000: 82.882: [GC (Allocation Failure) 2018-03-23T16:50:44.459+0000: 82.882: [DefNew: 143729K->7615K(153600K), 0.0109147 secs] 207439K->71326K(494976K), 0.0109838 secs] [Times: user=0.01 sys=0.00, real=0.01 secs] 
2018-03-23T16:50:46.869+0000: 85.292: [GC (Allocation Failure) 2018-03-23T16:50:46.869+0000: 85.292: [DefNew: 143925K->7946K(153600K), 0.0202699 secs] 207635K->71657K(494976K), 0.0203448 secs] [Times: user=0.02 sys=0.00, real=0.02 secs] 
2018-03-23T16:50:49.350+0000: 87.773: [GC (Allocation Failure) 2018-03-23T16:50:49.350+0000: 87.773: [DefNew: 144522K->8498K(153600K), 0.0245234 secs] 208233K->72208K(494976K), 0.0245998 secs] [Times: user=0.02 sys=0.00, real=0.02 secs] 
2018-03-23T16:50:51.979+0000: 90.401: [GC (Allocation Failure) 2018-03-23T16:50:51.979+0000: 90.401: [DefNew: 145074K->9101K(153600K), 0.0126096 secs] 208784K->72811K(494976K), 0.0126795 secs] [Times: user=0.01 sys=0.00, real=0.01 secs] 
2018-03-23T16:50:54.563+0000: 92.985: [GC (Allocation Failure) 2018-03-23T16:50:54.563+0000: 92.985: [DefNew: 145677K->8068K(153600K), 0.0133769 secs] 209387K->72662K(494976K), 0.0134484 secs] [Times: user=0.01 sys=0.00, real=0.01 secs] 
2018-03-23T16:50:56.950+0000: 95.373: [GC (Allocation Failure) 2018-03-23T16:50:56.950+0000: 95.373: [DefNew: 144644K->9483K(153600K), 0.0248249 secs] 209238K->74078K(494976K), 0.0248935 secs] [Times: user=0.03 sys=0.00, real=0.02 secs] 
2018-03-23T16:50:59.311+0000: 97.733: [GC (Allocation Failure) 2018-03-23T16:50:59.311+0000: 97.733: [DefNew: 146059K->8767K(153600K), 0.0330346 secs] 210654K->74622K(494976K), 0.0331172 secs] [Times: user=0.03 sys=0.01, real=0.03 secs] 
2018-03-23T16:51:02.101+0000: 100.523: [GC (Allocation Failure) 2018-03-23T16:51:02.101+0000: 100.523: [DefNew: 145343K->7492K(153600K), 0.0122984 secs] 211198K->74043K(494976K), 0.0123698 secs] [Times: user=0.01 sys=0.00, real=0.01 secs] 
2018-03-23T16:51:04.660+0000: 103.082: [GC (Allocation Failure) 2018-03-23T16:51:04.660+0000: 103.082: [DefNew: 144068K->7793K(153600K), 0.0208709 secs] 210619K->74343K(494976K), 0.0209491 secs] [Times: user=0.02 sys=0.00, real=0.02 secs] 
2018-03-23T16:51:06.861+0000: 105.284: [GC (Allocation Failure) 2018-03-23T16:51:06.861+0000: 105.284: [DefNew: 144369K->9253K(153600K), 0.0269091 secs] 210919K->75803K(494976K), 0.0269822 secs] [Times: user=0.02 sys=0.00, real=0.02 secs] 
2018-03-23T16:51:09.264+0000: 107.686: [GC (Allocation Failure) 2018-03-23T16:51:09.264+0000: 107.686: [DefNew: 145829K->7392K(153600K), 0.0144887 secs] 212379K->74830K(494976K), 0.0145728 secs] [Times: user=0.01 sys=0.00, real=0.02 secs] 
2018-03-23T16:51:11.961+0000: 110.383: [GC (Allocation Failure) 2018-03-23T16:51:11.961+0000: 110.383: [DefNew: 143250K->7341K(153600K), 0.0112763 secs] 210689K->74780K(494976K), 0.0113555 secs] [Times: user=0.01 sys=0.00, real=0.01 secs] 
2018-03-23T16:51:14.365+0000: 112.788: [GC (Allocation Failure) 2018-03-23T16:51:14.365+0000: 112.788: [DefNew: 140495K->7705K(153600K), 0.0114427 secs] 207934K->75144K(494976K), 0.0115156 secs] [Times: user=0.01 sys=0.00, real=0.01 secs] 
2018-03-23T16:51:16.758+0000: 115.180: [GC (Allocation Failure) 2018-03-23T16:51:16.758+0000: 115.180: [DefNew: 142377K->8173K(153600K), 0.0214620 secs] 209816K->75612K(494976K), 0.0215343 secs] [Times: user=0.03 sys=0.00, real=0.03 secs] 
2018-03-23T16:51:19.199+0000: 117.621: [GC (Allocation Failure) 2018-03-23T16:51:19.199+0000: 117.621: [DefNew: 144298K->7895K(153600K), 0.0118782 secs] 211737K->75722K(494976K), 0.0119496 secs] [Times: user=0.02 sys=0.00, real=0.01 secs] 
2018-03-23T16:51:21.465+0000: 119.887: [GC (Allocation Failure) 2018-03-23T16:51:21.465+0000: 119.887: [DefNew: 140742K->8270K(153600K), 0.0209355 secs] 208569K->76306K(494976K), 0.0210065 secs] [Times: user=0.02 sys=0.00, real=0.02 secs] 
2018-03-23T16:51:23.521+0000: 121.943: [GC (Allocation Failure) 2018-03-23T16:51:23.521+0000: 121.943: [DefNew: 140980K->17024K(153600K), 0.0401778 secs] 209016K->93029K(494976K), 0.0402616 secs] [Times: user=0.04 sys=0.01, real=0.04 secs] 
2018-03-23T16:51:26.016+0000: 124.439: [GC (Allocation Failure) 2018-03-23T16:51:26.016+0000: 124.439: [DefNew: 153600K->3352K(153600K), 0.0434343 secs] 229605K->96287K(494976K), 0.0435061 secs] [Times: user=0.04 sys=0.01, real=0.05 secs] 
2018-03-23T16:51:28.422+0000: 126.844: [GC (Allocation Failure) 2018-03-23T16:51:28.422+0000: 126.844: [DefNew: 135842K->3651K(153600K), 0.0115466 secs] 228777K->96585K(494976K), 0.0116300 secs] [Times: user=0.00 sys=0.00, real=0.01 secs] 
2018-03-23T16:51:31.051+0000: 129.474: [GC (Allocation Failure) 2018-03-23T16:51:31.051+0000: 129.474: [DefNew: 140227K->4153K(153600K), 0.0077107 secs] 233161K->97088K(494976K), 0.0077789 secs] [Times: user=0.01 sys=0.00, real=0.01 secs] 
2018-03-23T16:51:33.407+0000: 131.830: [GC (Allocation Failure) 2018-03-23T16:51:33.408+0000: 131.830: [DefNew: 140312K->4529K(153600K), 0.0079075 secs] 233247K->97464K(494976K), 0.0079762 secs] [Times: user=0.01 sys=0.00, real=0.01 secs] 
2018-03-23T16:51:35.776+0000: 134.198: [GC (Allocation Failure) 2018-03-23T16:51:35.776+0000: 134.198: [DefNew: 141105K->5811K(153600K), 0.0096196 secs] 234040K->98746K(494976K), 0.0096949 secs] [Times: user=0.00 sys=0.00, real=0.01 secs] 
2018-03-23T16:51:38.120+0000: 136.543: [GC (Allocation Failure) 2018-03-23T16:51:38.120+0000: 136.543: [DefNew: 139275K->5507K(153600K), 0.0088441 secs] 232210K->98442K(494976K), 0.0089282 secs] [Times: user=0.01 sys=0.00, real=0.00 secs] 
2018-03-23T16:51:40.518+0000: 138.941: [GC (Allocation Failure) 2018-03-23T16:51:40.519+0000: 138.941: [DefNew: 142083K->6019K(153600K), 0.0099795 secs] 235018K->98954K(494976K), 0.0100566 secs] [Times: user=0.01 sys=0.00, real=0.00 secs] 
2018-03-23T16:51:42.893+0000: 141.316: [GC (Allocation Failure) 2018-03-23T16:51:42.893+0000: 141.316: [DefNew: 142508K->7577K(153600K), 0.0121608 secs] 235443K->100512K(494976K), 0.0122364 secs] [Times: user=0.02 sys=0.00, real=0.01 secs] 
2018-03-23T16:51:45.292+0000: 143.715: [GC (Allocation Failure) 2018-03-23T16:51:45.292+0000: 143.715: [DefNew: 144153K->6913K(153600K), 0.0102758 secs] 237088K->99848K(494976K), 0.0103624 secs] [Times: user=0.01 sys=0.00, real=0.01 secs] 
2018-03-23T16:51:47.599+0000: 146.021: [GC (Allocation Failure) 2018-03-23T16:51:47.599+0000: 146.021: [DefNew: 142374K->6616K(153600K), 0.0178802 secs] 235308K->99551K(494976K), 0.0179674 secs] [Times: user=0.02 sys=0.00, real=0.01 secs] 
2018-03-23T16:51:49.908+0000: 148.331: [GC (Allocation Failure) 2018-03-23T16:51:49.908+0000: 148.331: [DefNew: 143192K->7055K(153600K), 0.0175671 secs] 236127K->99990K(494976K), 0.0176370 secs] [Times: user=0.01 sys=0.01, real=0.02 secs] 
2018-03-23T16:51:52.094+0000: 150.516: [GC (Allocation Failure) 2018-03-23T16:51:52.094+0000: 150.516: [DefNew: 143631K->7717K(153600K), 0.0288648 secs] 236566K->100652K(494976K), 0.0289438 secs] [Times: user=0.03 sys=0.00, real=0.03 secs] 
2018-03-23T16:51:54.366+0000: 152.788: [GC (Allocation Failure) 2018-03-23T16:51:54.366+0000: 152.788: [DefNew: 144293K->8171K(153600K), 0.0220700 secs] 237228K->101106K(494976K), 0.0221570 secs] [Times: user=0.02 sys=0.00, real=0.02 secs] 
2018-03-23T16:51:56.911+0000: 155.333: [GC (Allocation Failure) 2018-03-23T16:51:56.911+0000: 155.333: [DefNew: 144316K->7958K(153600K), 0.0191559 secs] 237250K->100892K(494976K), 0.0192332 secs] [Times: user=0.02 sys=0.00, real=0.02 secs] 
2018-03-23T16:51:58.983+0000: 157.406: [GC (Allocation Failure) 2018-03-23T16:51:58.983+0000: 157.406: [DefNew: 144164K->8450K(153600K), 0.0236651 secs] 237099K->101384K(494976K), 0.0237510 secs] [Times: user=0.02 sys=0.00, real=0.02 secs] 
2018-03-23T16:52:01.244+0000: 159.667: [GC (Allocation Failure) 2018-03-23T16:52:01.244+0000: 159.667: [DefNew: 145026K->9188K(153600K), 0.0281046 secs] 237960K->102520K(494976K), 0.0281841 secs] [Times: user=0.03 sys=0.00, real=0.03 secs] 
2018-03-23T16:52:03.525+0000: 161.948: [GC (Allocation Failure) 2018-03-23T16:52:03.525+0000: 161.948: [DefNew: 145764K->7650K(153600K), 0.0246625 secs] 239096K->101710K(494976K), 0.0247364 secs] [Times: user=0.03 sys=0.00, real=0.03 secs] 
2018-03-23T16:52:06.086+0000: 164.508: [GC (Allocation Failure) 2018-03-23T16:52:06.086+0000: 164.508: [DefNew: 144093K->7996K(153600K), 0.0110651 secs] 238153K->102056K(494976K), 0.0111454 secs] [Times: user=0.01 sys=0.00, real=0.01 secs] 
2018-03-23T16:52:08.223+0000: 166.646: [GC (Allocation Failure) 2018-03-23T16:52:08.223+0000: 166.646: [DefNew: 144572K->13193K(153600K), 0.0254726 secs] 238632K->107502K(494976K), 0.0255475 secs] [Times: user=0.02 sys=0.00, real=0.02 secs] 
2018-03-23T16:52:10.356+0000: 168.778: [GC (Allocation Failure) 2018-03-23T16:52:10.356+0000: 168.778: [DefNew: 147717K->3865K(153600K), 0.0153461 secs] 242026K->102322K(494976K), 0.0154081 secs] [Times: user=0.00 sys=0.01, real=0.02 secs] 
2018-03-23T16:52:12.674+0000: 171.097: [GC (Allocation Failure) 2018-03-23T16:52:12.674+0000: 171.097: [DefNew: 140441K->6068K(153600K), 0.0102945 secs] 238898K->104525K(494976K), 0.0103603 secs] [Times: user=0.01 sys=0.00, real=0.01 secs] 
2018-03-23T16:52:14.993+0000: 173.416: [GC (Allocation Failure) 2018-03-23T16:52:14.993+0000: 173.416: [DefNew: 142644K->5033K(153600K), 0.0150924 secs] 241101K->103490K(494976K), 0.0151651 secs] [Times: user=0.01 sys=0.00, real=0.01 secs] 
2018-03-23T16:52:17.123+0000: 175.546: [GC (Allocation Failure) 2018-03-23T16:52:17.123+0000: 175.546: [DefNew: 139116K->5332K(153600K), 0.0089401 secs] 237573K->103789K(494976K), 0.0090234 secs] [Times: user=0.02 sys=0.00, real=0.01 secs] 
2018-03-23T16:52:19.130+0000: 177.553: [GC (Allocation Failure) 2018-03-23T16:52:19.130+0000: 177.553: [DefNew: 141908K->7781K(153600K), 0.0253781 secs] 240365K->106238K(494976K), 0.0254501 secs] [Times: user=0.03 sys=0.00, real=0.02 secs] 
2018-03-23T16:52:21.320+0000: 179.742: [GC (Allocation Failure) 2018-03-23T16:52:21.320+0000: 179.742: [DefNew: 139811K->6218K(153600K), 0.0097621 secs] 238267K->104675K(494976K), 0.0098351 secs] [Times: user=0.01 sys=0.00, real=0.00 secs] 
2018-03-23T16:52:23.442+0000: 181.865: [GC (Allocation Failure) 2018-03-23T16:52:23.442+0000: 181.865: [DefNew: 142794K->7477K(153600K), 0.0154948 secs] 241251K->105934K(494976K), 0.0155663 secs] [Times: user=0.02 sys=0.00, real=0.01 secs] 
2018-03-23T16:52:25.641+0000: 184.063: [GC (Allocation Failure) 2018-03-23T16:52:25.641+0000: 184.063: [DefNew: 138854K->7936K(153600K), 0.0195226 secs] 237310K->106393K(494976K), 0.0195973 secs] [Times: user=0.02 sys=0.00, real=0.02 secs] 
2018-03-23T16:52:27.738+0000: 186.161: [GC (Allocation Failure) 2018-03-23T16:52:27.738+0000: 186.161: [DefNew: 139796K->7271K(153600K), 0.0188044 secs] 238253K->105728K(494976K), 0.0188788 secs] [Times: user=0.01 sys=0.00, real=0.01 secs] 
2018-03-23T16:52:29.991+0000: 188.414: [GC (Allocation Failure) 2018-03-23T16:52:29.991+0000: 188.414: [DefNew: 138673K->7757K(153600K), 0.0119818 secs] 237130K->106214K(494976K), 0.0120602 secs] [Times: user=0.01 sys=0.00, real=0.01 secs] 
2018-03-23T16:52:32.266+0000: 190.689: [GC (Allocation Failure) 2018-03-23T16:52:32.266+0000: 190.689: [DefNew: 144333K->13972K(153600K), 0.0349097 secs] 242790K->112429K(494976K), 0.0349849 secs] [Times: user=0.02 sys=0.00, real=0.04 secs] 
2018-03-23T16:52:34.563+0000: 192.986: [GC (Allocation Failure) 2018-03-23T16:52:34.563+0000: 192.986: [DefNew: 150201K->3240K(153600K), 0.0131676 secs] 248657K->106756K(494976K), 0.0132411 secs] [Times: user=0.00 sys=0.00, real=0.01 secs] 
2018-03-23T16:52:36.854+0000: 195.276: [GC (Allocation Failure) 2018-03-23T16:52:36.854+0000: 195.276: [DefNew: 139816K->4243K(153600K), 0.0076143 secs] 243332K->107759K(494976K), 0.0076896 secs] [Times: user=0.01 sys=0.00, real=0.01 secs] 
2018-03-23T16:52:38.917+0000: 197.339: [GC (Allocation Failure) 2018-03-23T16:52:38.917+0000: 197.339: [DefNew: 140102K->4687K(153600K), 0.0168307 secs] 243617K->108203K(494976K), 0.0168899 secs] [Times: user=0.00 sys=0.01, real=0.02 secs] 
2018-03-23T16:52:41.115+0000: 199.537: [GC (Allocation Failure) 2018-03-23T16:52:41.115+0000: 199.537: [DefNew: 137424K->4929K(153600K), 0.0074474 secs] 240939K->108445K(494976K), 0.0075178 secs] [Times: user=0.01 sys=0.00, real=0.01 secs] 
2018-03-23T16:52:43.318+0000: 201.741: [GC (Allocation Failure) 2018-03-23T16:52:43.318+0000: 201.741: [DefNew: 135797K->5537K(153600K), 0.0087111 secs] 239313K->109052K(494976K), 0.0087839 secs] [Times: user=0.01 sys=0.00, real=0.00 secs] 
2018-03-23T16:52:45.679+0000: 204.102: [GC (Allocation Failure) 2018-03-23T16:52:45.679+0000: 204.102: [DefNew: 137937K->5943K(153600K), 0.0090900 secs] 241453K->109459K(494976K), 0.0091670 secs] [Times: user=0.00 sys=0.00, real=0.00 secs] 
2018-03-23T16:52:47.916+0000: 206.338: [GC (Allocation Failure) 2018-03-23T16:52:47.916+0000: 206.338: [DefNew: 136613K->6328K(153600K), 0.0093367 secs] 240129K->109844K(494976K), 0.0094083 secs] [Times: user=0.01 sys=0.00, real=0.01 secs] 
2018-03-23T16:52:50.085+0000: 208.508: [GC (Allocation Failure) 2018-03-23T16:52:50.085+0000: 208.508: [DefNew: 142904K->6762K(153600K), 0.0118703 secs] 246420K->110277K(494976K), 0.0119423 secs] [Times: user=0.01 sys=0.00, real=0.01 secs] 
2018-03-23T16:52:52.015+0000: 210.438: [GC (Allocation Failure) 2018-03-23T16:52:52.015+0000: 210.438: [DefNew: 143338K->8706K(153600K), 0.0267430 secs] 246853K->112222K(494976K), 0.0268257 secs] [Times: user=0.02 sys=0.00, real=0.03 secs] 
2018-03-23T16:52:54.295+0000: 212.718: [GC (Allocation Failure) 2018-03-23T16:52:54.295+0000: 212.718: [DefNew: 144480K->7227K(153600K), 0.0112082 secs] 247995K->110982K(494976K), 0.0112790 secs] [Times: user=0.01 sys=0.00, real=0.01 secs] 
2018-03-23T16:52:56.331+0000: 214.753: [GC (Allocation Failure) 2018-03-23T16:52:56.331+0000: 214.753: [DefNew: 142199K->7591K(153600K), 0.0196993 secs] 245954K->111347K(494976K), 0.0197859 secs] [Times: user=0.02 sys=0.00, real=0.02 secs] 
2018-03-23T16:52:58.417+0000: 216.840: [GC (Allocation Failure) 2018-03-23T16:52:58.417+0000: 216.840: [DefNew: 140384K->8095K(153600K), 0.0162511 secs] 244140K->111850K(494976K), 0.0163274 secs] [Times: user=0.01 sys=0.00, real=0.02 secs] 
2018-03-23T16:53:00.489+0000: 218.911: [GC (Allocation Failure) 2018-03-23T16:53:00.489+0000: 218.911: [DefNew: 138734K->8613K(153600K), 0.0222004 secs] 242490K->112369K(494976K), 0.0222921 secs] [Times: user=0.02 sys=0.00, real=0.03 secs] 
2018-03-23T16:53:02.611+0000: 221.034: [GC (Allocation Failure) 2018-03-23T16:53:02.611+0000: 221.034: [DefNew: 145189K->8726K(153600K), 0.0181662 secs] 248945K->112764K(494976K), 0.0182381 secs] [Times: user=0.01 sys=0.00, real=0.01 secs] 
2018-03-23T16:53:04.730+0000: 223.153: [GC (Allocation Failure) 2018-03-23T16:53:04.730+0000: 223.153: [DefNew: 144658K->8416K(153600K), 0.0206855 secs] 248696K->112757K(494976K), 0.0207729 secs] [Times: user=0.02 sys=0.00, real=0.02 secs] 
2018-03-23T16:53:06.910+0000: 225.332: [GC (Allocation Failure) 2018-03-23T16:53:06.910+0000: 225.332: [DefNew: 144992K->10804K(153600K), 0.0157612 secs] 249333K->115145K(494976K), 0.0158390 secs] [Times: user=0.01 sys=0.00, real=0.02 secs] 
2018-03-23T16:53:09.138+0000: 227.560: [GC (Allocation Failure) 2018-03-23T16:53:09.138+0000: 227.560: [DefNew: 147380K->7004K(153600K), 0.0247193 secs] 251721K->113780K(494976K), 0.0247975 secs] [Times: user=0.03 sys=0.00, real=0.03 secs] 
2018-03-23T16:53:11.087+0000: 229.509: [GC (Allocation Failure) 2018-03-23T16:53:11.087+0000: 229.509: [DefNew: 141342K->6755K(153600K), 0.0101190 secs] 248118K->113531K(494976K), 0.0101981 secs] [Times: user=0.02 sys=0.00, real=0.01 secs] 
2018-03-23T16:53:13.460+0000: 231.882: [GC (Allocation Failure) 2018-03-23T16:53:13.460+0000: 231.882: [DefNew: 141723K->7338K(153600K), 0.0190277 secs] 248500K->114115K(494976K), 0.0191031 secs] [Times: user=0.01 sys=0.00, real=0.02 secs] 
2018-03-23T16:53:15.523+0000: 233.946: [GC (Allocation Failure) 2018-03-23T16:53:15.523+0000: 233.946: [DefNew: 143914K->9940K(153600K), 0.0272647 secs] 250691K->116717K(494976K), 0.0273479 secs] [Times: user=0.03 sys=0.00, real=0.03 secs] 
2018-03-23T16:53:17.662+0000: 236.085: [GC (Allocation Failure) 2018-03-23T16:53:17.662+0000: 236.085: [DefNew: 146516K->8585K(153600K), 0.0235826 secs] 253293K->116897K(494976K), 0.0236406 secs] [Times: user=0.02 sys=0.00, real=0.02 secs] 
2018-03-23T16:53:19.970+0000: 238.393: [GC (Allocation Failure) 2018-03-23T16:53:19.970+0000: 238.393: [DefNew: 145161K->8680K(153600K), 0.0222537 secs] 253473K->117290K(494976K), 0.0223284 secs] [Times: user=0.03 sys=0.00, real=0.02 secs] 
2018-03-23T16:53:22.027+0000: 240.450: [GC (Allocation Failure) 2018-03-23T16:53:22.027+0000: 240.450: [DefNew: 139296K->6653K(153600K), 0.0165138 secs] 247907K->115513K(494976K), 0.0165929 secs] [Times: user=0.01 sys=0.00, real=0.02 secs] 
2018-03-23T16:53:24.223+0000: 242.645: [GC (Allocation Failure) 2018-03-23T16:53:24.223+0000: 242.645: [DefNew: 140979K->6917K(153600K), 0.0170410 secs] 249839K->115777K(494976K), 0.0171212 secs] [Times: user=0.01 sys=0.00, real=0.02 secs] 
2018-03-23T16:53:26.330+0000: 244.752: [GC (Allocation Failure) 2018-03-23T16:53:26.330+0000: 244.752: [DefNew: 139753K->7238K(153600K), 0.0113156 secs] 248613K->116098K(494976K), 0.0113951 secs] [Times: user=0.01 sys=0.00, real=0.02 secs] 
2018-03-23T16:53:28.390+0000: 246.812: [GC (Allocation Failure) 2018-03-23T16:53:28.390+0000: 246.812: [DefNew: 139497K->7500K(153600K), 0.0172801 secs] 248356K->116360K(494976K), 0.0173595 secs] [Times: user=0.02 sys=0.00, real=0.02 secs] 
2018-03-23T16:53:30.552+0000: 248.974: [GC (Allocation Failure) 2018-03-23T16:53:30.552+0000: 248.974: [DefNew: 144076K->9211K(153600K), 0.0214294 secs] 252936K->118071K(494976K), 0.0215048 secs] [Times: user=0.03 sys=0.00, real=0.02 secs] 
2018-03-23T16:53:32.700+0000: 251.123: [GC (Allocation Failure) 2018-03-23T16:53:32.701+0000: 251.123: [DefNew: 144352K->6928K(153600K), 0.0198862 secs] 253212K->117032K(494976K), 0.0199614 secs] [Times: user=0.02 sys=0.00, real=0.02 secs] 
2018-03-23T16:53:34.756+0000: 253.179: [GC (Allocation Failure) 2018-03-23T16:53:34.756+0000: 253.179: [DefNew: 141273K->7064K(153600K), 0.0132536 secs] 251377K->117168K(494976K), 0.0133374 secs] [Times: user=0.02 sys=0.00, real=0.01 secs] 
2018-03-23T16:53:36.859+0000: 255.281: [GC (Allocation Failure) 2018-03-23T16:53:36.859+0000: 255.281: [DefNew: 143237K->7408K(153600K), 0.0178238 secs] 253341K->117512K(494976K), 0.0179197 secs] [Times: user=0.02 sys=0.00, real=0.01 secs] 
2018-03-23T16:53:38.816+0000: 257.239: [GC (Allocation Failure) 2018-03-23T16:53:38.817+0000: 257.239: [DefNew: 137190K->7771K(153600K), 0.0178569 secs] 247294K->117875K(494976K), 0.0179432 secs] [Times: user=0.01 sys=0.00, real=0.02 secs] 
2018-03-23T16:53:40.777+0000: 259.199: [GC (Allocation Failure) 2018-03-23T16:53:40.777+0000: 259.200: [DefNew: 137313K->8234K(153600K), 0.0157409 secs] 247417K->118338K(494976K), 0.0158165 secs] [Times: user=0.01 sys=0.00, real=0.02 secs] 
2018-03-23T16:53:42.769+0000: 261.191: [GC (Allocation Failure) 2018-03-23T16:53:42.769+0000: 261.191: [DefNew: 144810K->9759K(153600K), 0.0208467 secs] 254914K->119863K(494976K), 0.0209264 secs] [Times: user=0.02 sys=0.00, real=0.02 secs] 
2018-03-23T16:53:44.876+0000: 263.298: [GC (Allocation Failure) 2018-03-23T16:53:44.876+0000: 263.298: [DefNew: 144797K->7522K(153600K), 0.0131403 secs] 254901K->118803K(494976K), 0.0132189 secs] [Times: user=0.01 sys=0.00, real=0.01 secs] 
2018-03-23T16:53:46.972+0000: 265.394: [GC (Allocation Failure) 2018-03-23T16:53:46.972+0000: 265.394: [DefNew: 142064K->7920K(153600K), 0.0107353 secs] 253344K->119201K(494976K), 0.0108133 secs] [Times: user=0.01 sys=0.00, real=0.01 secs] 
2018-03-23T16:53:48.984+0000: 267.406: [GC (Allocation Failure) 2018-03-23T16:53:48.984+0000: 267.406: [DefNew: 141289K->8372K(153600K), 0.0115210 secs] 252570K->119653K(494976K), 0.0115984 secs] [Times: user=0.01 sys=0.00, real=0.01 secs] 
2018-03-23T16:53:51.075+0000: 269.498: [GC (Allocation Failure) 2018-03-23T16:53:51.075+0000: 269.498: [DefNew: 144507K->8736K(153600K), 0.0120575 secs] 255788K->120017K(494976K), 0.0121357 secs] [Times: user=0.01 sys=0.00, real=0.01 secs] 
2018-03-23T16:53:53.044+0000: 271.466: [GC (Allocation Failure) 2018-03-23T16:53:53.044+0000: 271.466: [DefNew: 137715K->8574K(153600K), 0.0123427 secs] 248996K->120246K(494976K), 0.0124242 secs] [Times: user=0.01 sys=0.00, real=0.01 secs] 
2018-03-23T16:53:55.206+0000: 273.629: [GC (Allocation Failure) 2018-03-23T16:53:55.206+0000: 273.629: [DefNew: 139945K->8639K(153600K), 0.0122296 secs] 251617K->120494K(494976K), 0.0122996 secs] [Times: user=0.01 sys=0.00, real=0.02 secs] 
2018-03-23T16:53:57.447+0000: 275.870: [GC (Allocation Failure) 2018-03-23T16:53:57.447+0000: 275.870: [DefNew: 143235K->9028K(153600K), 0.0122306 secs] 255090K->121090K(494976K), 0.0123056 secs] [Times: user=0.01 sys=0.00, real=0.02 secs] 
2018-03-23T16:53:59.607+0000: 278.029: [GC (Allocation Failure) 2018-03-23T16:53:59.607+0000: 278.030: [DefNew: 145597K->9993K(153600K), 0.0263658 secs] 257659K->122717K(494976K), 0.0264426 secs] [Times: user=0.02 sys=0.00, real=0.03 secs] 
2018-03-23T16:54:01.847+0000: 280.269: [GC (Allocation Failure) 2018-03-23T16:54:01.847+0000: 280.269: [DefNew: 139065K->7625K(153600K), 0.0277454 secs] 251790K->121947K(494976K), 0.0278290 secs] [Times: user=0.03 sys=0.00, real=0.03 secs] 
2018-03-23T16:54:03.951+0000: 282.373: [GC (Allocation Failure) 2018-03-23T16:54:03.951+0000: 282.373: [DefNew: 144201K->8470K(153600K), 0.0234339 secs] 258523K->122792K(494976K), 0.0235190 secs] [Times: user=0.02 sys=0.00, real=0.02 secs] 
2018-03-23T16:54:05.952+0000: 284.375: [GC (Allocation Failure) 2018-03-23T16:54:05.952+0000: 284.375: [DefNew: 138258K->9095K(153600K), 0.0232608 secs] 252579K->123416K(494976K), 0.0233398 secs] [Times: user=0.02 sys=0.00, real=0.02 secs] 
2018-03-23T16:54:08.205+0000: 286.627: [GC (Allocation Failure) 2018-03-23T16:54:08.205+0000: 286.627: [DefNew: 145671K->11544K(153600K), 0.0377578 secs] 259992K->126499K(494976K), 0.0378297 secs] [Times: user=0.04 sys=0.00, real=0.04 secs] 
2018-03-23T16:54:10.256+0000: 288.679: [GC (Allocation Failure) 2018-03-23T16:54:10.256+0000: 288.679: [DefNew: 141593K->5605K(153600K), 0.0279156 secs] 256549K->124154K(494976K), 0.0279917 secs] [Times: user=0.03 sys=0.00, real=0.03 secs] 
2018-03-23T16:54:11.813+0000: 290.235: [GC (Allocation Failure) 2018-03-23T16:54:11.813+0000: 290.235: [DefNew: 140821K->17023K(153600K), 0.0458491 secs] 259370K->157595K(494976K), 0.0459201 secs] [Times: user=0.01 sys=0.03, real=0.05 secs] 
2018-03-23T16:54:13.863+0000: 292.286: [GC (Allocation Failure) 2018-03-23T16:54:13.863+0000: 292.286: [DefNew: 149529K->2374K(153600K), 0.0350542 secs] 290100K->159803K(494976K), 0.0351197 secs] [Times: user=0.02 sys=0.02, real=0.04 secs] 
2018-03-23T16:54:15.936+0000: 294.359: [GC (Allocation Failure) 2018-03-23T16:54:15.937+0000: 294.359: [DefNew: 137986K->4132K(153600K), 0.0121245 secs] 295416K->161561K(494976K), 0.0122020 secs] [Times: user=0.01 sys=0.00, real=0.01 secs] 
2018-03-23T16:54:17.996+0000: 296.419: [GC (Allocation Failure) 2018-03-23T16:54:17.996+0000: 296.419: [DefNew: 140708K->13337K(153600K), 0.0254400 secs] 298137K->170767K(494976K), 0.0255195 secs] [Times: user=0.02 sys=0.00, real=0.03 secs] 
2018-03-23T16:54:20.153+0000: 298.576: [GC (Allocation Failure) 2018-03-23T16:54:20.154+0000: 298.576: [DefNew: 142872K->2992K(153600K), 0.0098041 secs] 300302K->163554K(494976K), 0.0098791 secs] [Times: user=0.00 sys=0.00, real=0.01 secs] 
2018-03-23T16:54:22.286+0000: 300.709: [GC (Allocation Failure) 2018-03-23T16:54:22.286+0000: 300.709: [DefNew: 135128K->3571K(153600K), 0.0077702 secs] 295690K->164133K(494976K), 0.0078460 secs] [Times: user=0.01 sys=0.00, real=0.01 secs] 
2018-03-23T16:54:24.401+0000: 302.824: [GC (Allocation Failure) 2018-03-23T16:54:24.401+0000: 302.824: [DefNew: 135492K->4474K(153600K), 0.0071118 secs] 296055K->165036K(494976K), 0.0071900 secs] [Times: user=0.01 sys=0.00, real=0.00 secs] 
2018-03-23T16:54:26.409+0000: 304.831: [GC (Allocation Failure) 2018-03-23T16:54:26.409+0000: 304.831: [DefNew: 141050K->6619K(153600K), 0.0182105 secs] 301612K->167181K(494976K), 0.0182903 secs] [Times: user=0.01 sys=0.00, real=0.02 secs] 
2018-03-23T16:54:28.569+0000: 306.992: [GC (Allocation Failure) 2018-03-23T16:54:28.569+0000: 306.992: [DefNew: 143195K->7515K(153600K), 0.0159675 secs] 303757K->168077K(494976K), 0.0160418 secs] [Times: user=0.01 sys=0.00, real=0.02 secs] 
2018-03-23T16:54:30.567+0000: 308.989: [GC (Allocation Failure) 2018-03-23T16:54:30.567+0000: 308.989: [DefNew: 135795K->6992K(153600K), 0.0165655 secs] 296358K->167555K(494976K), 0.0166529 secs] [Times: user=0.01 sys=0.00, real=0.02 secs] 
2018-03-23T16:54:32.611+0000: 311.034: [GC (Allocation Failure) 2018-03-23T16:54:32.611+0000: 311.034: [DefNew: 143568K->10553K(153600K), 0.0270334 secs] 304131K->171115K(494976K), 0.0271112 secs] [Times: user=0.03 sys=0.00, real=0.03 secs] 
2018-03-23T16:54:34.816+0000: 313.238: [GC (Allocation Failure) 2018-03-23T16:54:34.816+0000: 313.238: [DefNew: 147129K->8742K(153600K), 0.0309898 secs] 307691K->171375K(494976K), 0.0310725 secs] [Times: user=0.03 sys=0.00, real=0.03 secs] 
2018-03-23T16:54:36.901+0000: 315.323: [GC (Allocation Failure) 2018-03-23T16:54:36.901+0000: 315.323: [DefNew: 142773K->6124K(153600K), 0.0207403 secs] 305406K->169453K(494976K), 0.0208189 secs] [Times: user=0.02 sys=0.00, real=0.02 secs] 
2018-03-23T16:54:38.793+0000: 317.215: [GC (Allocation Failure) 2018-03-23T16:54:38.793+0000: 317.215: [DefNew: 135028K->6729K(153600K), 0.0182345 secs] 298358K->170059K(494976K), 0.0183158 secs] [Times: user=0.02 sys=0.00, real=0.02 secs] 
2018-03-23T16:54:40.937+0000: 319.360: [GC (Allocation Failure) 2018-03-23T16:54:40.937+0000: 319.360: [DefNew: 142955K->7270K(153600K), 0.0184014 secs] 306285K->170599K(494976K), 0.0184876 secs] [Times: user=0.02 sys=0.00, real=0.02 secs] 
2018-03-23T16:54:43.054+0000: 321.477: [GC (Allocation Failure) 2018-03-23T16:54:43.054+0000: 321.477: [DefNew: 143846K->9069K(153600K), 0.0244520 secs] 307175K->172399K(494976K), 0.0245426 secs] [Times: user=0.02 sys=0.00, real=0.03 secs] 
2018-03-23T16:54:45.154+0000: 323.576: [GC (Allocation Failure) 2018-03-23T16:54:45.154+0000: 323.576: [DefNew: 145645K->8524K(153600K), 0.0290241 secs] 308975K->172785K(494976K), 0.0291013 secs] [Times: user=0.03 sys=0.00, real=0.03 secs] 
2018-03-23T16:54:47.270+0000: 325.693: [GC (Allocation Failure) 2018-03-23T16:54:47.270+0000: 325.693: [DefNew: 139351K->7414K(153600K), 0.0203367 secs] 303612K->172095K(494976K), 0.0204092 secs] [Times: user=0.02 sys=0.00, real=0.02 secs] 
2018-03-23T16:54:49.248+0000: 327.670: [GC (Allocation Failure) 2018-03-23T16:54:49.248+0000: 327.670: [DefNew: 143990K->17023K(153600K), 0.0341763 secs] 308671K->181974K(494976K), 0.0342538 secs] [Times: user=0.04 sys=0.00, real=0.04 secs] 
2018-03-23T16:54:51.374+0000: 329.796: [GC (Allocation Failure) 2018-03-23T16:54:51.374+0000: 329.796: [DefNew: 147208K->2141K(153600K), 0.0249100 secs] 312158K->173056K(494976K), 0.0249956 secs] [Times: user=0.02 sys=0.00, real=0.03 secs] 
2018-03-23T16:54:53.446+0000: 331.868: [GC (Allocation Failure) 2018-03-23T16:54:53.446+0000: 331.868: [DefNew: 138717K->4109K(153600K), 0.0152933 secs] 309632K->175023K(494976K), 0.0153662 secs] [Times: user=0.01 sys=0.00, real=0.02 secs] 
2018-03-23T16:54:55.321+0000: 333.743: [GC (Allocation Failure) 2018-03-23T16:54:55.321+0000: 333.743: [DefNew: 133853K->5208K(153600K), 0.0129771 secs] 304767K->176122K(494976K), 0.0130636 secs] [Times: user=0.01 sys=0.00, real=0.01 secs] 
2018-03-23T16:54:57.428+0000: 335.851: [GC (Allocation Failure) 2018-03-23T16:54:57.428+0000: 335.851: [DefNew: 133041K->5958K(153600K), 0.0085910 secs] 303955K->176872K(494976K), 0.0086588 secs] [Times: user=0.01 sys=0.00, real=0.01 secs] 
2018-03-23T16:54:59.482+0000: 337.904: [GC (Allocation Failure) 2018-03-23T16:54:59.482+0000: 337.904: [DefNew: 142534K->9647K(153600K), 0.0232572 secs] 313448K->180561K(494976K), 0.0233345 secs] [Times: user=0.03 sys=0.00, real=0.02 secs] 
2018-03-23T16:55:02.102+0000: 340.524: [GC (Allocation Failure) 2018-03-23T16:55:02.102+0000: 340.524: [DefNew: 146223K->7883K(153600K), 0.1344429 secs] 317137K->180207K(494976K), 0.1345201 secs] [Times: user=0.13 sys=0.01, real=0.13 secs] 
2018-03-23T16:55:04.475+0000: 342.897: [GC (Allocation Failure) 2018-03-23T16:55:04.475+0000: 342.897: [DefNew: 142383K->6777K(153600K), 0.0091602 secs] 314706K->179100K(494976K), 0.0092408 secs] [Times: user=0.01 sys=0.00, real=0.01 secs] 
2018-03-23T16:55:06.666+0000: 345.088: [GC (Allocation Failure) 2018-03-23T16:55:06.666+0000: 345.089: [DefNew: 143353K->7331K(153600K), 0.0178280 secs] 315676K->179654K(494976K), 0.0179038 secs] [Times: user=0.01 sys=0.00, real=0.02 secs] 
2018-03-23T16:55:08.689+0000: 347.111: [GC (Allocation Failure) 2018-03-23T16:55:08.689+0000: 347.111: [DefNew: 134664K->8129K(153600K), 0.0112066 secs] 306988K->180453K(494976K), 0.0112957 secs] [Times: user=0.02 sys=0.00, real=0.02 secs] 
2018-03-23T16:55:10.743+0000: 349.166: [GC (Allocation Failure) 2018-03-23T16:55:10.743+0000: 349.166: [DefNew: 137326K->8410K(153600K), 0.0099491 secs] 309649K->180734K(494976K), 0.0100256 secs] [Times: user=0.01 sys=0.00, real=0.01 secs] 
2018-03-23T16:55:12.825+0000: 351.248: [GC (Allocation Failure) 2018-03-23T16:55:12.825+0000: 351.248: [DefNew: 142659K->8883K(153600K), 0.0111382 secs] 314983K->181207K(494976K), 0.0112123 secs] [Times: user=0.02 sys=0.00, real=0.01 secs] 
2018-03-23T16:55:14.916+0000: 353.338: [GC (Allocation Failure) 2018-03-23T16:55:14.916+0000: 353.338: [DefNew: 140356K->8810K(153600K), 0.0143525 secs] 312680K->181564K(494976K), 0.0144386 secs] [Times: user=0.02 sys=0.00, real=0.02 secs] 
2018-03-23T16:55:16.965+0000: 355.387: [GC (Allocation Failure) 2018-03-23T16:55:16.965+0000: 355.387: [DefNew: 136053K->8660K(153600K), 0.0106472 secs] 308807K->181778K(494976K), 0.0107269 secs] [Times: user=0.01 sys=0.00, real=0.01 secs] 
2018-03-23T16:55:19.058+0000: 357.480: [GC (Allocation Failure) 2018-03-23T16:55:19.058+0000: 357.480: [DefNew: 143300K->9035K(153600K), 0.0122682 secs] 316418K->182553K(494976K), 0.0123416 secs] [Times: user=0.01 sys=0.01, real=0.01 secs] 
2018-03-23T16:55:20.946+0000: 359.369: [GC (Allocation Failure) 2018-03-23T16:55:20.946+0000: 359.369: [DefNew: 137666K->8317K(153600K), 0.0205599 secs] 311184K->182562K(494976K), 0.0206359 secs] [Times: user=0.02 sys=0.00, real=0.02 secs] 
2018-03-23T16:55:22.954+0000: 361.377: [GC (Allocation Failure) 2018-03-23T16:55:22.954+0000: 361.377: [DefNew: 144893K->10907K(153600K), 0.0281355 secs] 319138K->185152K(494976K), 0.0282193 secs] [Times: user=0.03 sys=0.00, real=0.03 secs] 
2018-03-23T16:55:25.261+0000: 363.684: [GC (Allocation Failure) 2018-03-23T16:55:25.261+0000: 363.684: [DefNew: 147483K->9752K(153600K), 0.0382126 secs] 321728K->186402K(494976K), 0.0382877 secs] [Times: user=0.04 sys=0.00, real=0.04 secs] 
2018-03-23T16:55:27.278+0000: 365.701: [GC (Allocation Failure) 2018-03-23T16:55:27.279+0000: 365.701: [DefNew: 146328K->9328K(153600K), 0.0271586 secs] 322978K->187061K(494976K), 0.0272459 secs] [Times: user=0.02 sys=0.00, real=0.02 secs] 
2018-03-23T16:55:29.416+0000: 367.839: [GC (Allocation Failure) 2018-03-23T16:55:29.416+0000: 367.839: [DefNew: 145904K->8360K(153600K), 0.0237661 secs] 323637K->186877K(494976K), 0.0238539 secs] [Times: user=0.02 sys=0.00, real=0.03 secs] 
2018-03-23T16:55:31.569+0000: 369.992: [GC (Allocation Failure) 2018-03-23T16:55:31.569+0000: 369.992: [DefNew: 144936K->9088K(153600K), 0.0244045 secs] 323453K->187605K(494976K), 0.0244814 secs] [Times: user=0.03 sys=0.00, real=0.03 secs] 
2018-03-23T16:55:33.929+0000: 372.352: [GC (Allocation Failure) 2018-03-23T16:55:33.929+0000: 372.352: [DefNew: 142896K->7138K(153600K), 0.0181407 secs] 321413K->186379K(494976K), 0.0182179 secs] [Times: user=0.02 sys=0.00, real=0.02 secs] 
2018-03-23T16:55:36.022+0000: 374.444: [GC (Allocation Failure) 2018-03-23T16:55:36.022+0000: 374.444: [DefNew: 143714K->10436K(153600K), 0.0267001 secs] 322955K->189677K(494976K), 0.0267778 secs] [Times: user=0.03 sys=0.00, real=0.02 secs] 
2018-03-23T16:55:38.427+0000: 376.850: [GC (Allocation Failure) 2018-03-23T16:55:38.427+0000: 376.850: [DefNew: 147012K->9157K(153600K), 0.0165473 secs] 326253K->190599K(494976K), 0.0166118 secs] [Times: user=0.02 sys=0.00, real=0.02 secs] 
2018-03-23T16:55:40.464+0000: 378.886: [GC (Allocation Failure) 2018-03-23T16:55:40.464+0000: 378.886: [DefNew: 145733K->8956K(153600K), 0.0281477 secs] 327175K->191316K(494976K), 0.0282331 secs] [Times: user=0.02 sys=0.00, real=0.03 secs] 
2018-03-23T16:55:42.649+0000: 381.071: [GC (Allocation Failure) 2018-03-23T16:55:42.649+0000: 381.071: [DefNew: 145532K->8074K(153600K), 0.0230422 secs] 327892K->191123K(494976K), 0.0231193 secs] [Times: user=0.02 sys=0.00, real=0.03 secs] 
2018-03-23T16:55:44.864+0000: 383.286: [GC (Allocation Failure) 2018-03-23T16:55:44.864+0000: 383.286: [DefNew: 136784K->7452K(153600K), 0.0162009 secs] 319833K->190500K(494976K), 0.0162752 secs] [Times: user=0.02 sys=0.00, real=0.02 secs] 
2018-03-23T16:55:46.702+0000: 385.124: [GC (Allocation Failure) 2018-03-23T16:55:46.702+0000: 385.124: [DefNew: 136188K->8040K(153600K), 0.0142141 secs] 319236K->191088K(494976K), 0.0142974 secs] [Times: user=0.01 sys=0.00, real=0.01 secs] 
2018-03-23T16:55:48.885+0000: 387.308: [GC (Allocation Failure) 2018-03-23T16:55:48.885+0000: 387.308: [DefNew: 144616K->10943K(153600K), 0.0236216 secs] 327664K->193991K(494976K), 0.0236987 secs] [Times: user=0.02 sys=0.00, real=0.02 secs] 
2018-03-23T16:55:50.918+0000: 389.341: [GC (Allocation Failure) 2018-03-23T16:55:50.918+0000: 389.341: [DefNew: 141725K->6808K(153600K), 0.0253511 secs] 324773K->192211K(494976K), 0.0254295 secs] [Times: user=0.02 sys=0.01, real=0.02 secs] 
2018-03-23T16:55:52.917+0000: 391.339: [GC (Allocation Failure) 2018-03-23T16:55:52.917+0000: 391.339: [DefNew: 138694K->7588K(153600K), 0.0144854 secs] 324097K->192991K(494976K), 0.0145683 secs] [Times: user=0.01 sys=0.00, real=0.02 secs] 
2018-03-23T16:55:55.132+0000: 393.555: [GC (Allocation Failure) 2018-03-23T16:55:55.132+0000: 393.555: [DefNew: 141026K->7993K(153600K), 0.0118554 secs] 326429K->193396K(494976K), 0.0119277 secs] [Times: user=0.01 sys=0.00, real=0.01 secs] 
2018-03-23T16:55:57.221+0000: 395.644: [GC (Allocation Failure) 2018-03-23T16:55:57.222+0000: 395.644: [DefNew: 144569K->11230K(153600K), 0.0313139 secs] 329972K->196633K(494976K), 0.0313893 secs] [Times: user=0.03 sys=0.00, real=0.03 secs] 
2018-03-23T16:55:59.504+0000: 397.926: [GC (Allocation Failure) 2018-03-23T16:55:59.504+0000: 397.926: [DefNew: 147806K->5707K(153600K), 0.0231551 secs] 333209K->194011K(494976K), 0.0232275 secs] [Times: user=0.03 sys=0.00, real=0.02 secs] 
2018-03-23T16:56:01.632+0000: 400.054: [GC (Allocation Failure) 2018-03-23T16:56:01.632+0000: 400.054: [DefNew: 142283K->17024K(153600K), 0.0288358 secs] 330587K->205942K(494976K), 0.0289089 secs] [Times: user=0.03 sys=0.00, real=0.03 secs] 
2018-03-23T16:56:03.799+0000: 402.221: [GC (Allocation Failure) 2018-03-23T16:56:03.799+0000: 402.221: [DefNew: 150322K->2604K(153600K), 0.0237825 secs] 339240K->196053K(494976K), 0.0238627 secs] [Times: user=0.02 sys=0.00, real=0.02 secs] 
2018-03-23T16:56:05.878+0000: 404.301: [GC (Allocation Failure) 2018-03-23T16:56:05.878+0000: 404.301: [DefNew: 139180K->4272K(153600K), 0.0072750 secs] 332629K->197721K(494976K), 0.0073499 secs] [Times: user=0.01 sys=0.00, real=0.00 secs] 
2018-03-23T16:56:08.082+0000: 406.504: [GC (Allocation Failure) 2018-03-23T16:56:08.082+0000: 406.504: [DefNew: 133257K->5419K(153600K), 0.0131049 secs] 326706K->198868K(494976K), 0.0131836 secs] [Times: user=0.01 sys=0.01, real=0.01 secs] 
2018-03-23T16:56:10.278+0000: 408.701: [GC (Allocation Failure) 2018-03-23T16:56:10.278+0000: 408.701: [DefNew: 141995K->6506K(153600K), 0.0130501 secs] 335444K->199955K(494976K), 0.0131345 secs] [Times: user=0.02 sys=0.00, real=0.01 secs] 
2018-03-23T16:56:12.464+0000: 410.887: [GC (Allocation Failure) 2018-03-23T16:56:12.464+0000: 410.887: [DefNew: 143082K->10745K(153600K), 0.0337025 secs] 336531K->204195K(494976K), 0.0337789 secs] [Times: user=0.04 sys=0.00, real=0.04 secs] 
2018-03-23T16:56:14.673+0000: 413.096: [GC (Allocation Failure) 2018-03-23T16:56:14.673+0000: 413.096: [DefNew: 141828K->5917K(153600K), 0.0185349 secs] 335277K->201534K(494976K), 0.0186203 secs] [Times: user=0.02 sys=0.00, real=0.02 secs] 
2018-03-23T16:56:16.650+0000: 415.072: [GC (Allocation Failure) 2018-03-23T16:56:16.650+0000: 415.072: [DefNew: 142493K->10618K(153600K), 0.0278259 secs] 338110K->206234K(494976K), 0.0279000 secs] [Times: user=0.03 sys=0.01, real=0.03 secs] 
2018-03-23T16:56:18.835+0000: 417.257: [GC (Allocation Failure) 2018-03-23T16:56:18.835+0000: 417.257: [DefNew: 144056K->6080K(153600K), 0.0179697 secs] 339673K->203580K(494976K), 0.0180559 secs] [Times: user=0.02 sys=0.00, real=0.02 secs] 
2018-03-23T16:56:20.957+0000: 419.379: [GC (Allocation Failure) 2018-03-23T16:56:20.957+0000: 419.379: [DefNew: 138702K->7194K(153600K), 0.0140388 secs] 336202K->204694K(494976K), 0.0141241 secs] [Times: user=0.02 sys=0.00, real=0.02 secs] 
2018-03-23T16:56:22.899+0000: 421.321: [GC (Allocation Failure) 2018-03-23T16:56:22.899+0000: 421.321: [DefNew: 133839K->7718K(153600K), 0.0175039 secs] 331339K->205218K(494976K), 0.0175714 secs] [Times: user=0.02 sys=0.00, real=0.01 secs] 
2018-03-23T16:56:25.001+0000: 423.423: [GC (Allocation Failure) 2018-03-23T16:56:25.001+0000: 423.423: [DefNew: 134917K->8275K(153600K), 0.0182889 secs] 332417K->205775K(494976K), 0.0183747 secs] [Times: user=0.02 sys=0.00, real=0.02 secs] 
2018-03-23T16:56:26.950+0000: 425.373: [GC (Allocation Failure) 2018-03-23T16:56:26.950+0000: 425.373: [DefNew: 144851K->12553K(153600K), 0.0351091 secs] 342351K->210053K(494976K), 0.0351857 secs] [Times: user=0.04 sys=0.00, real=0.03 secs] 
2018-03-23T16:56:29.066+0000: 427.489: [GC (Allocation Failure) 2018-03-23T16:56:29.066+0000: 427.489: [DefNew: 138520K->5566K(153600K), 0.0216417 secs] 336020K->206929K(494976K), 0.0217192 secs] [Times: user=0.02 sys=0.01, real=0.02 secs] 
2018-03-23T16:56:31.408+0000: 429.831: [GC (Allocation Failure) 2018-03-23T16:56:31.408+0000: 429.831: [DefNew: 137628K->6589K(153600K), 0.0147397 secs] 338991K->207952K(494976K), 0.0148164 secs] [Times: user=0.02 sys=0.00, real=0.02 secs] 
2018-03-23T16:56:33.526+0000: 431.948: [GC (Allocation Failure) 2018-03-23T16:56:33.526+0000: 431.948: [DefNew: 140760K->7460K(153600K), 0.0168749 secs] 342124K->208824K(494976K), 0.0169567 secs] [Times: user=0.01 sys=0.00, real=0.02 secs] 
2018-03-23T16:56:35.627+0000: 434.050: [GC (Allocation Failure) 2018-03-23T16:56:35.627+0000: 434.050: [DefNew: 143077K->8360K(153600K), 0.0174339 secs] 344440K->209723K(494976K), 0.0175228 secs] [Times: user=0.02 sys=0.00, real=0.02 secs] 
2018-03-23T16:56:37.613+0000: 436.036: [GC (Allocation Failure) 2018-03-23T16:56:37.613+0000: 436.036: [DefNew: 144936K->10489K(153600K), 0.0202340 secs] 346299K->211852K(494976K), 0.0203105 secs] [Times: user=0.02 sys=0.00, real=0.02 secs] 
2018-03-23T16:56:43.273+0000: 441.696: [GC (Allocation Failure) 2018-03-23T16:56:43.273+0000: 441.696: [DefNew: 147065K->13153K(153600K), 0.0211476 secs] 348428K->216699K(494976K), 0.0212271 secs] [Times: user=0.02 sys=0.00, real=0.02 secs] 
2018-03-23T16:56:58.133+0000: 456.555: [GC (Allocation Failure) 2018-03-23T16:56:58.133+0000: 456.555: [DefNew: 149729K->17024K(153600K), 0.0437358 secs] 353275K->235945K(494976K), 0.0438151 secs] [Times: user=0.04 sys=0.00, real=0.04 secs] 
2018-03-23T16:57:11.198+0000: 469.620: [GC (Allocation Failure) 2018-03-23T16:57:11.198+0000: 469.621: [DefNew: 153600K->17024K(153600K), 0.0602652 secs] 372521K->257491K(494976K), 0.0603410 secs] [Times: user=0.04 sys=0.01, real=0.06 secs] 
2018-03-23T16:57:26.470+0000: 484.892: [GC (Allocation Failure) 2018-03-23T16:57:26.470+0000: 484.892: [DefNew: 153600K->17024K(153600K), 0.0616281 secs] 394067K->279830K(494976K), 0.0617016 secs] [Times: user=0.05 sys=0.02, real=0.06 secs] 
2018-03-23T16:57:39.432+0000: 497.854: [GC (Allocation Failure) 2018-03-23T16:57:39.432+0000: 497.854: [DefNew: 153600K->17023K(153600K), 0.0527928 secs] 416406K->299261K(494976K), 0.0528679 secs] [Times: user=0.05 sys=0.00, real=0.05 secs] 
2018-03-23T16:57:53.383+0000: 511.805: [GC (Allocation Failure) 2018-03-23T16:57:53.383+0000: 511.805: [DefNew: 153599K->17023K(153600K), 0.0655205 secs] 435837K->321961K(494976K), 0.0655936 secs] [Times: user=0.04 sys=0.03, real=0.06 secs] 
2018-03-23T16:58:05.384+0000: 523.807: [GC (Allocation Failure) 2018-03-23T16:58:05.384+0000: 523.807: [DefNew: 153599K->17023K(153600K), 0.0650778 secs] 458537K->343006K(494976K), 0.0651577 secs] [Times: user=0.05 sys=0.02, real=0.06 secs] 
16:58:11.930 [Client] INFO  c.s.f.r.e.s.SocketRear  - FlameSocketGraphDeployerRear@10.0.0.139: has been disconnected from Connection 4
16:58:23.521 [worker-akka.actor.default-dispatcher-20] INFO  a.a.CoordinatedShutdown CoordinatedShutdown(akka://worker) - Starting coordinated shutdown from JVM shutdown hook
16:58:23.540 [worker-akka.actor.default-dispatcher-12] INFO  a.a.LocalActorRef akka://worker/user/watcher/graph/edge/FlameSocketGraphDeployerFront - Stopped
16:58:23.540 [worker-akka.actor.default-dispatcher-12] INFO  a.a.LocalActorRef akka://worker/user/watcher/graph/edge/FlameSocketGraphDeployerRear - Stopped
16:58:23.541 [worker-akka.actor.default-dispatcher-14] INFO  a.a.LocalActorRef akka://worker/user/watcher/graph/edge - Stopped
16:58:23.544 [worker-akka.actor.default-dispatcher-12] INFO  a.a.LocalActorRef akka://worker/user/watcher/graph/graph/$a - Stopped
16:58:23.549 [worker-akka.actor.default-dispatcher-12] INFO  a.a.LocalActorRef akka://worker/user/watcher/graph/graph/$b - Stopped
16:58:23.550 [worker-akka.actor.default-dispatcher-12] INFO  a.a.LocalActorRef akka://worker/user/watcher/graph/graph/$c - Stopped
16:58:23.550 [worker-akka.actor.default-dispatcher-12] INFO  a.a.LocalActorRef akka://worker/user/watcher/graph/graph/local-acker/$a - Stopped
16:58:23.551 [worker-akka.actor.default-dispatcher-12] INFO  a.a.LocalActorRef akka://worker/user/watcher/graph/graph/local-acker/$a - Message [com.spbsu.flamestream.runtime.utils.akka.PingActor$InnerPing] from Actor[akka://worker/user/watcher/graph/graph/local-acker/$a#-634913152] to Actor[akka://worker/user/watcher/graph/graph/local-acker/$a#-634913152] was not delivered. [1] dead letters encountered. This logging can be turned off or adjusted with configuration settings 'akka.log-dead-letters' and 'akka.log-dead-letters-during-shutdown'.
16:58:23.552 [worker-akka.actor.default-dispatcher-6] INFO  a.a.LocalActorRef akka://worker/user/watcher/graph/graph/local-acker - Stopped
16:58:23.552 [worker-akka.actor.default-dispatcher-6] INFO  a.a.LocalActorRef akka://worker/user/watcher/graph/graph - Stopped
16:58:23.552 [worker-akka.actor.default-dispatcher-6] INFO  a.a.LocalActorRef akka://worker/user/watcher/graph/graph/local-acker/$a - Message [com.spbsu.flamestream.runtime.utils.akka.PingActor$Stop] from Actor[akka://worker/user/watcher/graph/graph/local-acker#423272231] to Actor[akka://worker/user/watcher/graph/graph/local-acker/$a#-634913152] was not delivered. [2] dead letters encountered. This logging can be turned off or adjusted with configuration settings 'akka.log-dead-letters' and 'akka.log-dead-letters-during-shutdown'.
16:58:23.552 [worker-akka.actor.default-dispatcher-6] INFO  a.a.LocalActorRef akka://worker/user/watcher/graph/negotiator - Stopped
16:58:23.552 [worker-akka.actor.default-dispatcher-6] INFO  a.a.LocalActorRef akka://worker/user/watcher/graph - Stopped
16:58:23.555 [worker-akka.actor.default-dispatcher-22] INFO  a.a.RepointableActorRef akka://worker/user/watcher - Stopped
16:58:23.563 [worker-akka.actor.default-dispatcher-2-EventThread] INFO  o.a.z.ClientCnxn  - EventThread shut down for session: 0x16253c2d3b8000c
16:58:23.564 [worker-akka.actor.default-dispatcher-13] INFO  o.a.z.ZooKeeper  - Session: 0x16253c2d3b8000c closed
16:58:23.580 [worker-akka.actor.default-dispatcher-22] INFO  a.r.RemoteActorRefProvider$RemotingTerminator akka://worker@10.0.0.139:5412/system/remoting-terminator - Shutting down remote daemon.
16:58:23.581 [worker-akka.actor.default-dispatcher-22] INFO  a.r.RemoteActorRefProvider$RemotingTerminator akka://worker@10.0.0.139:5412/system/remoting-terminator - Remote daemon shut down; proceeding with flushing remote transports.
16:58:24.718 [worker-akka.actor.default-dispatcher-21] INFO  a.r.RemoteActorRefProvider$RemotingTerminator akka://worker@10.0.0.139:5412/system/remoting-terminator - Remoting shut down.
Heap
 def new generation   total 153600K, used 105967K [0x00000000e0c00000, 0x00000000eb2a0000, 0x00000000eb2a0000)
  eden space 136576K,  65% used [0x00000000e0c00000, 0x00000000e62dbc30, 0x00000000e9160000)
  from space 17024K,  99% used [0x00000000ea200000, 0x00000000eb29fff8, 0x00000000eb2a0000)
  to   space 17024K,   0% used [0x00000000e9160000, 0x00000000e9160000, 0x00000000ea200000)
 tenured generation   total 341376K, used 325982K [0x00000000eb2a0000, 0x0000000100000000, 0x0000000100000000)
   the space 341376K,  95% used [0x00000000eb2a0000, 0x00000000ff0f7a00, 0x00000000ff0f7a00, 0x0000000100000000)
 Metaspace       used 34022K, capacity 34898K, committed 35200K, reserved 1079296K
  class space    used 4477K, capacity 4664K, committed 4736K, reserved 1048576K
