11:59:02.967 [worker-akka.actor.default-dispatcher-2] INFO  a.e.s.Slf4jLogger  - Slf4jLogger started
2018-02-21T11:59:03.143+0000: 2.658: [Full GC (Metadata GC Threshold) 2018-02-21T11:59:03.143+0000: 2.658: [Tenured: 0K->15411K(341376K), 0.0381901 secs] 117538K->15411K(494976K), [Metaspace: 20876K->20876K(1067008K)], 0.0382565 secs] [Times: user=0.04 sys=0.00, real=0.03 secs] 
Ama winner
Ama winner
11:59:03.605 [worker-akka.actor.default-dispatcher-2] INFO  a.r.a.ArteryTransport(akka://worker) akka.remote.artery.ArteryTransport(akka://worker) - Started embedded media driver in directory [/dev/shm/aeron-root-worker-f0c83b0a-5bae-42d2-a68e-0264a07b0b59]
11:59:03.835 [worker-akka.actor.default-dispatcher-2] INFO  a.r.a.ArteryTransport(akka://worker) akka.remote.artery.ArteryTransport(akka://worker) - Remoting started; listening on address: [akka://worker@172.31.45.197:5412] with UID [2021133409952920876]
11:59:03.938 [worker-akka.actor.default-dispatcher-2] INFO  o.a.z.ZooKeeper  - Client environment:zookeeper.version=3.4.9-1757313, built on 08/23/2016 06:50 GMT
11:59:03.938 [worker-akka.actor.default-dispatcher-2] INFO  o.a.z.ZooKeeper  - Client environment:host.name=ip-172-31-45-197.us-east-2.compute.internal
11:59:03.938 [worker-akka.actor.default-dispatcher-2] INFO  o.a.z.ZooKeeper  - Client environment:java.version=1.8.0_151
11:59:03.938 [worker-akka.actor.default-dispatcher-2] INFO  o.a.z.ZooKeeper  - Client environment:java.vendor=Oracle Corporation
11:59:03.938 [worker-akka.actor.default-dispatcher-2] INFO  o.a.z.ZooKeeper  - Client environment:java.home=/usr/lib/jvm/java-8-openjdk-amd64/jre
11:59:03.938 [worker-akka.actor.default-dispatcher-2] INFO  o.a.z.ZooKeeper  - Client environment:java.class.path=lib/commons-cli-1.4.jar:lib/minlog-1.3.0.jar:lib/asm-5.0.4.jar:lib/hadoop-annotations-2.7.3.jar:lib/hadoop-auth-2.7.3.jar:lib/akka-slf4j_2.11-2.5.6.jar:lib/jersey-core-1.9.jar:lib/lz4-1.3.0.jar:lib/jackson-core-asl-1.9.13.jar:lib/aeron-client-1.3.0.jar:lib/htrace-core-3.1.0-incubating.jar:lib/xz-1.0.jar:lib/commons-httpclient-3.1.jar:lib/asm-3.1.jar:lib/commons-lang3-3.4.jar:lib/scala-library-2.11.11.jar:lib/scala-java8-compat_2.11-0.7.0.jar:lib/commons-configuration-1.6.jar:lib/objenesis-2.1.jar:lib/jackson-annotations-2.8.0.jar:lib/jsr305-3.0.0.jar:lib/curator-framework-2.7.1.jar:lib/jersey-server-1.9.jar:lib/jets3t-0.9.0.jar:lib/leveldb-0.7.jar:lib/jetty-6.1.26.jar:lib/stax-api-1.0-2.jar:lib/flamestream-core-1.0-SNAPSHOT.jar:lib/reflectasm-1.07-shaded.jar:lib/apacheds-kerberos-codec-2.0.0-M15.jar:lib/api-asn1-api-1.0.0-M20.jar:lib/commons-lang-2.6.jar:lib/commons-beanutils-1.7.0.jar:lib/jackson-xc-1.8.3.jar:lib/jetty-util-6.1.26.jar:lib/logback-classic-1.2.3.jar:lib/jool-0.9.12.jar:lib/flamestream-runtime-1.0-SNAPSHOT-tests.jar:lib/httpcore-4.1.2.jar:lib/kryo-4.0.0.jar:lib/ant-1.8.1.jar:lib/jaxb-impl-2.2.3-1.jar:lib/jersey-json-1.9.jar:lib/commons-compress-1.4.1.jar:lib/leveldbjni-all-1.8.jar:lib/paranamer-2.3.jar:lib/jackson-core-2.8.4.jar:lib/commons-math3-3.6.1.jar:lib/scala-parser-combinators_2.11-1.0.4.jar:lib/netty-3.10.6.Final.jar:lib/trove4j-3.0.3.jar:lib/jaxb-api-2.2.2.jar:lib/logback-core-1.2.3.jar:lib/snappy-java-1.0.4.1.jar:lib/protobuf-java-2.5.0.jar:lib/reactive-streams-1.0.1.jar:lib/flamestream-examples-1.0-SNAPSHOT.jar:lib/commons-codec-1.4.jar:lib/activation-1.1.jar:lib/commons-net-3.1.jar:lib/curator-recipes-2.7.1.jar:lib/jackson-mapper-asl-1.9.13.jar:lib/jackson-databind-2.8.4.jar:lib/flamestream-runtime-1.0-SNAPSHOT.jar:lib/jackson-jaxrs-1.8.3.jar:lib/slf4j-api-1.7.24.jar:lib/akka-remote_2.11-2.5.6.jar:lib/akka-testkit_2.11-2.5.6.jar:lib/jline-0.9.94.jar:lib/akka-stream_2.11-2.5.6.jar:lib/jsp-api-2.1.jar:lib/kryonet-2.21.jar:lib/akka-kryo-serialization_2.11-0.5.0.jar:lib/config-1.3.1.jar:lib/ant-launcher-1.8.1.jar:lib/commons-logging-1.2.jar:lib/ssl-config-core_2.11-0.2.2.jar:lib/testng-6.10.jar:lib/leveldb-api-0.7.jar:lib/reflectasm-1.11.3.jar:lib/jcommander-1.48.jar:lib/commons-1.1.jar:lib/commons-digester-1.8.jar:lib/minlog-1.2.jar:lib/java-xmlbuilder-0.4.jar:lib/jettison-1.1.jar:lib/gson-2.2.4.jar:lib/jdk.tools-1.8.jar:lib/aeron-driver-1.3.0.jar:lib/zookeeper-3.4.9.jar:lib/commons-beanutils-core-1.8.0.jar:lib/commons-math3-3.1.1.jar:lib/akka-actor_2.11-2.5.6.jar:lib/curator-client-2.7.1.jar:lib/servlet-api-2.5.jar:lib/apacheds-i18n-2.0.0-M15.jar:lib/commons-io-2.4.jar:lib/commons-codec-1.6.jar:lib/akka-protobuf_2.11-2.5.6.jar:lib/protobuf-java-3.5.1.jar:lib/jdom-2.0.2.jar:lib/api-util-1.0.0-M20.jar:lib/hadoop-common-2.7.3.jar:lib/agrona-0.9.6.jar:lib/xmlenc-0.52.jar:lib/guava-21.0.jar:lib/commons-collections-3.2.2.jar:lib/avro-1.7.4.jar:lib/httpclient-4.1.2.jar:lib/flamestream-core-1.0-SNAPSHOT-tests.jar:lib/annotations-12.0.jar:lib/jsch-0.1.42.jar:flamestream-runtime-1.0-SNAPSHOT.jar
11:59:03.938 [worker-akka.actor.default-dispatcher-2] INFO  o.a.z.ZooKeeper  - Client environment:java.library.path=/usr/java/packages/lib/amd64:/usr/lib/x86_64-linux-gnu/jni:/lib/x86_64-linux-gnu:/usr/lib/x86_64-linux-gnu:/usr/lib/jni:/lib:/usr/lib
11:59:03.938 [worker-akka.actor.default-dispatcher-2] INFO  o.a.z.ZooKeeper  - Client environment:java.io.tmpdir=/tmp
11:59:03.939 [worker-akka.actor.default-dispatcher-2] INFO  o.a.z.ZooKeeper  - Client environment:java.compiler=<NA>
11:59:03.939 [worker-akka.actor.default-dispatcher-2] INFO  o.a.z.ZooKeeper  - Client environment:os.name=Linux
11:59:03.939 [worker-akka.actor.default-dispatcher-2] INFO  o.a.z.ZooKeeper  - Client environment:os.arch=amd64
11:59:03.939 [worker-akka.actor.default-dispatcher-2] INFO  o.a.z.ZooKeeper  - Client environment:os.version=4.4.0-1049-aws
11:59:03.939 [worker-akka.actor.default-dispatcher-2] INFO  o.a.z.ZooKeeper  - Client environment:user.name=root
11:59:03.940 [worker-akka.actor.default-dispatcher-2] INFO  o.a.z.ZooKeeper  - Client environment:user.home=/root
11:59:03.941 [worker-akka.actor.default-dispatcher-2] INFO  o.a.z.ZooKeeper  - Client environment:user.dir=/opt/flamestream
11:59:03.944 [worker-akka.actor.default-dispatcher-2] INFO  o.a.z.ZooKeeper  - Initiating client connection, connectString=172.31.34.147:2181 sessionTimeout=5000 watcher=com.spbsu.flamestream.runtime.application.LifecycleWatcher$$Lambda$29/764839090@3d5d5f13
11:59:03.980 [worker-akka.actor.default-dispatcher-2] INFO  a.a.RepointableActorRef akka://worker/user/watcher - Starting...
11:59:03.983 [worker-akka.actor.default-dispatcher-2-SendThread(172.31.34.147:2181)] INFO  o.a.z.ClientCnxn  - Opening socket connection to server 172.31.34.147/172.31.34.147:2181. Will not attempt to authenticate using SASL (unknown error)
11:59:03.986 [worker-akka.actor.default-dispatcher-2-SendThread(172.31.34.147:2181)] INFO  o.a.z.ClientCnxn  - Socket connection established to 172.31.34.147/172.31.34.147:2181, initiating session
11:59:03.995 [worker-akka.actor.default-dispatcher-2-SendThread(172.31.34.147:2181)] INFO  o.a.z.ClientCnxn  - Session establishment complete on server 172.31.34.147/172.31.34.147:2181, sessionid = 0x161b83a7f4f0005, negotiated timeout = 6000
11:59:04.093 [worker-akka.actor.default-dispatcher-2] INFO  a.a.RepointableActorRef akka://worker/user/watcher - Connected to ZK
11:59:11.775 [worker-akka.actor.default-dispatcher-2] INFO  a.a.RepointableActorRef akka://worker/user/watcher - Creating node with watchGraphs: 'com.spbsu.flamestream.core.Graph$Builder$MyGraph@cf23589', config: 'ClusterConfig{paths={172.31.33.155=akka://worker@172.31.33.155:5412/user/watcher/graph0000000000, 172.31.47.83=akka://worker@172.31.47.83:5412/user/watcher/graph0000000000, 172.31.45.197=akka://worker@172.31.45.197:5412/user/watcher/graph0000000000, 172.31.44.83=akka://worker@172.31.44.83:5412/user/watcher/graph0000000000, 172.31.39.64=akka://worker@172.31.39.64:5412/user/watcher/graph0000000000, 172.31.35.79=akka://worker@172.31.35.79:5412/user/watcher/graph0000000000, 172.31.47.100=akka://worker@172.31.47.100:5412/user/watcher/graph0000000000, 172.31.37.101=akka://worker@172.31.37.101:5412/user/watcher/graph0000000000}, ackerLocation='172.31.35.79', props=ComputationLayout{ranges={172.31.33.155=HashRange{from=-1533916892, to=-920350136}, 172.31.47.83=HashRange{from=-306783380, to=306783376}, 172.31.45.197=HashRange{from=306783376, to=920350132}, 172.31.44.83=HashRange{from=1533916888, to=2147483644}, 172.31.39.64=HashRange{from=-2147483648, to=-1533916892}, 172.31.35.79=HashRange{from=0, to=0}, 172.31.47.100=HashRange{from=920350132, to=1533916888}, 172.31.37.101=HashRange{from=-920350136, to=-306783380}}}}'
11:59:12.541 [worker-akka.actor.default-dispatcher-2] INFO  a.a.LocalActorRef akka://worker/user/watcher/graph0000000000/graph - Starting...
11:59:12.544 [worker-akka.actor.default-dispatcher-2] INFO  a.a.LocalActorRef akka://worker/user/watcher/graph0000000000/graph/local-acker/$a - Starting...
11:59:12.547 [worker-akka.actor.default-dispatcher-2] INFO  a.a.LocalActorRef akka://worker/user/watcher/graph0000000000/graph/local-acker - Starting...
11:59:13.672 [worker-akka.actor.default-dispatcher-2] INFO  a.a.LocalActorRef akka://worker/user/watcher/graph0000000000/graph - Finishing constructor
11:59:13.674 [worker-akka.actor.default-dispatcher-2] INFO  a.a.LocalActorRef akka://worker/user/watcher/graph0000000000 - Starting...
11:59:13.674 [worker-akka.actor.default-dispatcher-2] INFO  a.a.LocalActorRef akka://worker/user/watcher/graph0000000000/negotiator - Starting...
11:59:13.740 [worker-akka.actor.default-dispatcher-2] INFO  a.a.LocalActorRef akka://worker/user/watcher/graph0000000000/edge - Starting...
11:59:13.741 [worker-akka.actor.default-dispatcher-2] INFO  a.a.LocalActorRef akka://worker/user/watcher/graph0000000000/graph/$a - Starting...
11:59:13.743 [worker-akka.actor.default-dispatcher-2] INFO  a.a.LocalActorRef akka://worker/user/watcher/graph0000000000/graph/$b - Starting...
11:59:13.744 [worker-akka.actor.default-dispatcher-2] INFO  a.a.LocalActorRef akka://worker/user/watcher/graph0000000000/graph/$c - Starting...
11:59:13.772 [worker-akka.actor.default-dispatcher-2] INFO  c.s.f.r.e.s.SocketRear  - FlameSocketGraphDeployerRear@172.31.45.197: connecting to 172.31.34.147:5678
11:59:13.778 [worker-akka.actor.default-dispatcher-2] INFO  c.s.f.r.e.s.SocketRear  - FlameSocketGraphDeployerRear@172.31.45.197: connected to 172.31.34.147:5678
11:59:13.809 [worker-akka.actor.default-dispatcher-2] INFO  a.a.LocalActorRef akka://worker/user/watcher/graph0000000000/edge/FlameSocketGraphDeployerRear - Starting...
11:59:13.811 [worker-akka.actor.default-dispatcher-2] INFO  a.a.LocalActorRef akka://worker/user/watcher/graph0000000000/edge/FlameSocketGraphDeployerFront - Starting...
11:59:13.812 [worker-akka.actor.default-dispatcher-2] INFO  a.a.LocalActorRef akka://worker/user/watcher/graph0000000000/negotiator - Requesting ticket for the frontClass FlameSocketGraphDeployerFront@172.31.45.197
11:59:13.823 [worker-akka.actor.default-dispatcher-2] INFO  a.a.LocalActorRef akka://worker/user/watcher/graph0000000000/negotiator - Ticket for the frontClass received: FrontTicket{allowedTimestamp=(1519214351761, FlameSocketGraphDeployerFront@172.31.45.197)}
11:59:13.825 [worker-akka.actor.default-dispatcher-2] INFO  c.s.f.r.e.s.SocketFront  - FlameSocketGraphDeployerFront@172.31.45.197: connecting to 172.31.34.147:4567
11:59:13.838 [Client] INFO  c.s.f.r.e.s.SocketFront  - FlameSocketGraphDeployerFront@172.31.45.197 has been disconnected from Connection 4
2018-02-21T11:59:17.633+0000: 17.148: [GC (Allocation Failure) 2018-02-21T11:59:17.633+0000: 17.148: [DefNew: 136576K->17024K(153600K), 0.0264953 secs] 151987K->52788K(494976K), 0.0265578 secs] [Times: user=0.01 sys=0.01, real=0.02 secs] 
2018-02-21T11:59:32.105+0000: 31.620: [GC (Allocation Failure) 2018-02-21T11:59:32.105+0000: 31.620: [DefNew: 153600K->4164K(153600K), 0.0196323 secs] 189364K->49913K(494976K), 0.0197018 secs] [Times: user=0.02 sys=0.00, real=0.02 secs] 
2018-02-21T11:59:49.442+0000: 48.957: [GC (Allocation Failure) 2018-02-21T11:59:49.442+0000: 48.957: [DefNew: 140740K->7295K(153600K), 0.0158189 secs] 186489K->53045K(494976K), 0.0158976 secs] [Times: user=0.02 sys=0.00, real=0.02 secs] 
2018-02-21T12:00:01.421+0000: 60.935: [GC (Allocation Failure) 2018-02-21T12:00:01.421+0000: 60.936: [DefNew: 143871K->8183K(153600K), 0.0157170 secs] 189621K->53933K(494976K), 0.0157976 secs] [Times: user=0.01 sys=0.01, real=0.02 secs] 
2018-02-21T12:00:15.766+0000: 75.281: [GC (Allocation Failure) 2018-02-21T12:00:15.766+0000: 75.281: [DefNew: 144759K->10732K(153600K), 0.0188227 secs] 190509K->56482K(494976K), 0.0188973 secs] [Times: user=0.02 sys=0.00, real=0.02 secs] 
2018-02-21T12:00:26.762+0000: 86.277: [GC (Allocation Failure) 2018-02-21T12:00:26.762+0000: 86.277: [DefNew: 147308K->7678K(153600K), 0.0205323 secs] 193058K->57244K(494976K), 0.0206007 secs] [Times: user=0.01 sys=0.01, real=0.02 secs] 
2018-02-21T12:00:41.381+0000: 100.896: [GC (Allocation Failure) 2018-02-21T12:00:41.381+0000: 100.896: [DefNew: 144254K->10117K(153600K), 0.0166977 secs] 193820K->59684K(494976K), 0.0167794 secs] [Times: user=0.02 sys=0.00, real=0.02 secs] 
2018-02-21T12:00:54.316+0000: 113.831: [GC (Allocation Failure) 2018-02-21T12:00:54.316+0000: 113.831: [DefNew: 146693K->8226K(153600K), 0.0186484 secs] 196260K->60447K(494976K), 0.0187260 secs] [Times: user=0.02 sys=0.00, real=0.02 secs] 
2018-02-21T12:01:10.497+0000: 130.012: [GC (Allocation Failure) 2018-02-21T12:01:10.497+0000: 130.012: [DefNew: 144802K->10061K(153600K), 0.0164254 secs] 197023K->62282K(494976K), 0.0164927 secs] [Times: user=0.02 sys=0.00, real=0.02 secs] 
2018-02-21T12:01:28.796+0000: 148.311: [GC (Allocation Failure) 2018-02-21T12:01:28.796+0000: 148.311: [DefNew: 146637K->10167K(153600K), 0.0190870 secs] 198858K->63819K(494976K), 0.0191510 secs] [Times: user=0.02 sys=0.00, real=0.02 secs] 
2018-02-21T12:01:41.585+0000: 161.100: [GC (Allocation Failure) 2018-02-21T12:01:41.585+0000: 161.100: [DefNew: 146743K->9566K(153600K), 0.0186978 secs] 200395K->64966K(494976K), 0.0187646 secs] [Times: user=0.02 sys=0.00, real=0.02 secs] 
2018-02-21T12:01:55.556+0000: 175.071: [GC (Allocation Failure) 2018-02-21T12:01:55.556+0000: 175.071: [DefNew: 146142K->10400K(153600K), 0.0197175 secs] 201542K->67182K(494976K), 0.0197920 secs] [Times: user=0.02 sys=0.00, real=0.02 secs] 
2018-02-21T12:02:12.630+0000: 192.145: [GC (Allocation Failure) 2018-02-21T12:02:12.630+0000: 192.145: [DefNew: 146976K->8428K(153600K), 0.0188361 secs] 203758K->67890K(494976K), 0.0189133 secs] [Times: user=0.02 sys=0.00, real=0.02 secs] 
2018-02-21T12:02:27.183+0000: 206.698: [GC (Allocation Failure) 2018-02-21T12:02:27.183+0000: 206.698: [DefNew: 145004K->9456K(153600K), 0.0155921 secs] 204466K->68918K(494976K), 0.0156664 secs] [Times: user=0.02 sys=0.00, real=0.01 secs] 
2018-02-21T12:02:42.916+0000: 222.431: [GC (Allocation Failure) 2018-02-21T12:02:42.916+0000: 222.431: [DefNew: 146032K->9596K(153600K), 0.0177525 secs] 205494K->70248K(494976K), 0.0178295 secs] [Times: user=0.02 sys=0.00, real=0.02 secs] 
2018-02-21T12:02:59.874+0000: 239.389: [GC (Allocation Failure) 2018-02-21T12:02:59.874+0000: 239.389: [DefNew: 146172K->9945K(153600K), 0.0188493 secs] 206824K->71842K(494976K), 0.0189167 secs] [Times: user=0.02 sys=0.00, real=0.02 secs] 
2018-02-21T12:03:14.561+0000: 254.075: [GC (Allocation Failure) 2018-02-21T12:03:14.561+0000: 254.076: [DefNew: 146521K->9923K(153600K), 0.0189082 secs] 208418K->73210K(494976K), 0.0189776 secs] [Times: user=0.02 sys=0.00, real=0.02 secs] 
2018-02-21T12:03:30.405+0000: 269.920: [GC (Allocation Failure) 2018-02-21T12:03:30.406+0000: 269.920: [DefNew: 146499K->9050K(153600K), 0.0188758 secs] 209786K->74612K(494976K), 0.0189520 secs] [Times: user=0.02 sys=0.00, real=0.02 secs] 
2018-02-21T12:03:45.565+0000: 285.080: [GC (Allocation Failure) 2018-02-21T12:03:45.565+0000: 285.080: [DefNew: 145626K->9896K(153600K), 0.0178069 secs] 211188K->76843K(494976K), 0.0178731 secs] [Times: user=0.01 sys=0.01, real=0.02 secs] 
2018-02-21T12:03:58.494+0000: 298.009: [GC (Allocation Failure) 2018-02-21T12:03:58.494+0000: 298.009: [DefNew: 146472K->9845K(153600K), 0.0180737 secs] 213419K->78272K(494976K), 0.0181741 secs] [Times: user=0.02 sys=0.00, real=0.02 secs] 
2018-02-21T12:04:15.018+0000: 314.533: [GC (Allocation Failure) 2018-02-21T12:04:15.018+0000: 314.533: [DefNew: 146421K->10161K(153600K), 0.0182288 secs] 214848K->79872K(494976K), 0.0183062 secs] [Times: user=0.01 sys=0.01, real=0.02 secs] 
2018-02-21T12:04:29.533+0000: 329.047: [GC (Allocation Failure) 2018-02-21T12:04:29.533+0000: 329.047: [DefNew: 146737K->9869K(153600K), 0.0188455 secs] 216448K->81731K(494976K), 0.0189184 secs] [Times: user=0.02 sys=0.00, real=0.02 secs] 
2018-02-21T12:04:47.916+0000: 347.431: [GC (Allocation Failure) 2018-02-21T12:04:47.916+0000: 347.431: [DefNew: 146445K->9704K(153600K), 0.0184378 secs] 218307K->82808K(494976K), 0.0185057 secs] [Times: user=0.02 sys=0.00, real=0.02 secs] 
2018-02-21T12:05:03.180+0000: 362.694: [GC (Allocation Failure) 2018-02-21T12:05:03.180+0000: 362.694: [DefNew: 146280K->9749K(153600K), 0.0184882 secs] 219384K->84299K(494976K), 0.0185637 secs] [Times: user=0.02 sys=0.00, real=0.02 secs] 
2018-02-21T12:05:16.636+0000: 376.151: [GC (Allocation Failure) 2018-02-21T12:05:16.636+0000: 376.151: [DefNew: 146325K->10028K(153600K), 0.0185950 secs] 220875K->86034K(494976K), 0.0186971 secs] [Times: user=0.02 sys=0.01, real=0.02 secs] 
2018-02-21T12:05:29.846+0000: 389.361: [GC (Allocation Failure) 2018-02-21T12:05:29.846+0000: 389.361: [DefNew: 146604K->8449K(153600K), 0.0187660 secs] 222610K->87255K(494976K), 0.0188299 secs] [Times: user=0.02 sys=0.00, real=0.02 secs] 
2018-02-21T12:05:42.949+0000: 402.464: [GC (Allocation Failure) 2018-02-21T12:05:42.949+0000: 402.464: [DefNew: 145025K->10499K(153600K), 0.0168713 secs] 223831K->89306K(494976K), 0.0169581 secs] [Times: user=0.02 sys=0.00, real=0.02 secs] 
2018-02-21T12:05:58.563+0000: 418.078: [GC (Allocation Failure) 2018-02-21T12:05:58.564+0000: 418.078: [DefNew: 147075K->8950K(153600K), 0.0200594 secs] 225882K->90763K(494976K), 0.0201374 secs] [Times: user=0.01 sys=0.00, real=0.02 secs] 
2018-02-21T12:06:10.687+0000: 430.202: [GC (Allocation Failure) 2018-02-21T12:06:10.687+0000: 430.202: [DefNew: 145526K->8948K(153600K), 0.0184070 secs] 227339K->92541K(494976K), 0.0184844 secs] [Times: user=0.02 sys=0.00, real=0.02 secs] 
2018-02-21T12:06:22.746+0000: 442.261: [GC (Allocation Failure) 2018-02-21T12:06:22.746+0000: 442.261: [DefNew: 145524K->8938K(153600K), 0.0160802 secs] 229117K->94102K(494976K), 0.0161528 secs] [Times: user=0.02 sys=0.00, real=0.01 secs] 
2018-02-21T12:06:36.245+0000: 455.760: [GC (Allocation Failure) 2018-02-21T12:06:36.245+0000: 455.760: [DefNew: 145514K->8759K(153600K), 0.0176172 secs] 230678K->95615K(494976K), 0.0176790 secs] [Times: user=0.02 sys=0.00, real=0.01 secs] 
2018-02-21T12:06:52.790+0000: 472.304: [GC (Allocation Failure) 2018-02-21T12:06:52.790+0000: 472.305: [DefNew: 145335K->9527K(153600K), 0.0188767 secs] 232191K->97704K(494976K), 0.0189492 secs] [Times: user=0.02 sys=0.00, real=0.02 secs] 
2018-02-21T12:07:08.866+0000: 488.381: [GC (Allocation Failure) 2018-02-21T12:07:08.866+0000: 488.381: [DefNew: 146103K->10192K(153600K), 0.0190907 secs] 234280K->99860K(494976K), 0.0191569 secs] [Times: user=0.02 sys=0.00, real=0.02 secs] 
2018-02-21T12:07:23.900+0000: 503.415: [GC (Allocation Failure) 2018-02-21T12:07:23.900+0000: 503.415: [DefNew: 146768K->10323K(153600K), 0.0202216 secs] 236436K->101844K(494976K), 0.0202875 secs] [Times: user=0.02 sys=0.00, real=0.02 secs] 
2018-02-21T12:07:40.133+0000: 519.648: [GC (Allocation Failure) 2018-02-21T12:07:40.133+0000: 519.648: [DefNew: 146899K->10495K(153600K), 0.0178675 secs] 238420K->103649K(494976K), 0.0179465 secs] [Times: user=0.02 sys=0.00, real=0.02 secs] 
2018-02-21T12:07:55.555+0000: 535.069: [GC (Allocation Failure) 2018-02-21T12:07:55.555+0000: 535.070: [DefNew: 147071K->10487K(153600K), 0.0197886 secs] 240225K->105584K(494976K), 0.0198731 secs] [Times: user=0.02 sys=0.00, real=0.02 secs] 
2018-02-21T12:08:09.201+0000: 548.716: [GC (Allocation Failure) 2018-02-21T12:08:09.201+0000: 548.716: [DefNew: 147063K->11173K(153600K), 0.0208066 secs] 242160K->107944K(494976K), 0.0208710 secs] [Times: user=0.02 sys=0.00, real=0.02 secs] 
2018-02-21T12:08:23.844+0000: 563.359: [GC (Allocation Failure) 2018-02-21T12:08:23.844+0000: 563.359: [DefNew: 147749K->10799K(153600K), 0.0196582 secs] 244520K->109575K(494976K), 0.0197424 secs] [Times: user=0.02 sys=0.00, real=0.02 secs] 
2018-02-21T12:08:35.062+0000: 574.576: [GC (Allocation Failure) 2018-02-21T12:08:35.062+0000: 574.576: [DefNew: 147375K->10043K(153600K), 0.0178417 secs] 246151K->110897K(494976K), 0.0179101 secs] [Times: user=0.02 sys=0.00, real=0.02 secs] 
2018-02-21T12:08:49.685+0000: 589.200: [GC (Allocation Failure) 2018-02-21T12:08:49.685+0000: 589.200: [DefNew: 146619K->10496K(153600K), 0.0186907 secs] 247473K->112987K(494976K), 0.0187696 secs] [Times: user=0.01 sys=0.00, real=0.02 secs] 
2018-02-21T12:09:03.966+0000: 603.480: [GC (Allocation Failure) 2018-02-21T12:09:03.966+0000: 603.480: [DefNew: 147072K->11187K(153600K), 0.0201097 secs] 249563K->115284K(494976K), 0.0201762 secs] [Times: user=0.02 sys=0.00, real=0.02 secs] 
2018-02-21T12:09:19.078+0000: 618.592: [GC (Allocation Failure) 2018-02-21T12:09:19.078+0000: 618.592: [DefNew: 147763K->11037K(153600K), 0.0195525 secs] 251860K->116885K(494976K), 0.0196212 secs] [Times: user=0.01 sys=0.00, real=0.02 secs] 
2018-02-21T12:09:35.384+0000: 634.899: [GC (Allocation Failure) 2018-02-21T12:09:35.384+0000: 634.899: [DefNew: 147613K->11312K(153600K), 0.0198425 secs] 253461K->119040K(494976K), 0.0199095 secs] [Times: user=0.02 sys=0.00, real=0.02 secs] 
2018-02-21T12:09:47.887+0000: 647.401: [GC (Allocation Failure) 2018-02-21T12:09:47.887+0000: 647.401: [DefNew: 147888K->11010K(153600K), 0.0202465 secs] 255616K->120553K(494976K), 0.0203101 secs] [Times: user=0.02 sys=0.00, real=0.02 secs] 
2018-02-21T12:10:04.802+0000: 664.317: [GC (Allocation Failure) 2018-02-21T12:10:04.802+0000: 664.317: [DefNew: 147586K->11501K(153600K), 0.0192241 secs] 257129K->122810K(494976K), 0.0192915 secs] [Times: user=0.01 sys=0.00, real=0.02 secs] 
2018-02-21T12:10:17.218+0000: 676.733: [GC (Allocation Failure) 2018-02-21T12:10:17.218+0000: 676.733: [DefNew: 148077K->11091K(153600K), 0.0192275 secs] 259386K->124222K(494976K), 0.0193059 secs] [Times: user=0.02 sys=0.00, real=0.02 secs] 
2018-02-21T12:10:30.819+0000: 690.333: [GC (Allocation Failure) 2018-02-21T12:10:30.819+0000: 690.333: [DefNew: 147667K->11590K(153600K), 0.0230243 secs] 260798K->126587K(494976K), 0.0231024 secs] [Times: user=0.01 sys=0.00, real=0.02 secs] 
2018-02-21T12:10:43.240+0000: 702.755: [GC (Allocation Failure) 2018-02-21T12:10:43.240+0000: 702.755: [DefNew: 148166K->8458K(153600K), 0.0201893 secs] 263163K->128325K(494976K), 0.0202574 secs] [Times: user=0.01 sys=0.02, real=0.02 secs] 
2018-02-21T12:10:59.055+0000: 718.570: [GC (Allocation Failure) 2018-02-21T12:10:59.055+0000: 718.570: [DefNew: 145034K->11936K(153600K), 0.0167632 secs] 264901K->131802K(494976K), 0.0168373 secs] [Times: user=0.01 sys=0.01, real=0.02 secs] 
2018-02-21T12:11:11.539+0000: 731.054: [GC (Allocation Failure) 2018-02-21T12:11:11.539+0000: 731.054: [DefNew: 148512K->8468K(153600K), 0.0217312 secs] 268378K->133740K(494976K), 0.0217969 secs] [Times: user=0.02 sys=0.00, real=0.02 secs] 
12:11:15.028 [Client] INFO  c.s.f.r.e.s.SocketRear  - FlameSocketGraphDeployerRear@172.31.45.197: has been disconnected from Connection 4
12:11:27.165 [worker-akka.actor.default-dispatcher-2] INFO  a.a.CoordinatedShutdown CoordinatedShutdown(akka://worker) - Starting coordinated shutdown from JVM shutdown hook
12:11:27.189 [worker-akka.actor.default-dispatcher-2] INFO  a.a.LocalActorRef akka://worker/user/watcher/graph0000000000/negotiator - Stopped
12:11:27.190 [worker-akka.actor.default-dispatcher-2] INFO  a.a.LocalActorRef akka://worker/user/watcher/graph0000000000/edge/FlameSocketGraphDeployerFront - Stopped
12:11:27.191 [worker-akka.actor.default-dispatcher-2] INFO  a.a.LocalActorRef akka://worker/user/watcher/graph0000000000/edge/FlameSocketGraphDeployerRear - Stopped
12:11:27.191 [worker-akka.actor.default-dispatcher-2] INFO  a.a.LocalActorRef akka://worker/user/watcher/graph0000000000/graph/local-acker/$a - Stopped
12:11:27.193 [worker-akka.actor.default-dispatcher-2] INFO  a.a.LocalActorRef akka://worker/user/watcher/graph0000000000/graph/$a - Stopped
12:11:27.194 [worker-akka.actor.default-dispatcher-2] INFO  a.a.LocalActorRef akka://worker/user/watcher/graph0000000000/graph/$b - Stopped
12:11:27.194 [worker-akka.actor.default-dispatcher-2] INFO  a.a.LocalActorRef akka://worker/user/watcher/graph0000000000/graph/$c - Stopped
12:11:27.198 [worker-akka.actor.default-dispatcher-2] INFO  a.a.LocalActorRef akka://worker/user/watcher/graph0000000000/edge - Stopped
12:11:27.199 [worker-akka.actor.default-dispatcher-2] INFO  a.a.LocalActorRef akka://worker/user/watcher/graph0000000000/graph/local-acker/$a - Message [com.spbsu.flamestream.runtime.utils.akka.PingActor$InnerPing] from Actor[akka://worker/user/watcher/graph0000000000/graph/local-acker/$a#-1579770644] to Actor[akka://worker/user/watcher/graph0000000000/graph/local-acker/$a#-1579770644] was not delivered. [1] dead letters encountered. This logging can be turned off or adjusted with configuration settings 'akka.log-dead-letters' and 'akka.log-dead-letters-during-shutdown'.
12:11:27.200 [worker-akka.actor.default-dispatcher-2] INFO  a.a.LocalActorRef akka://worker/user/watcher/graph0000000000/graph/local-acker - Stopped
12:11:27.201 [worker-akka.actor.default-dispatcher-2] INFO  a.a.LocalActorRef akka://worker/user/watcher/graph0000000000/graph - Stopped
12:11:27.201 [worker-akka.actor.default-dispatcher-2] INFO  a.a.LocalActorRef akka://worker/user/watcher/graph0000000000 - Stopped
12:11:27.204 [worker-akka.actor.default-dispatcher-2-EventThread] INFO  o.a.z.ClientCnxn  - EventThread shut down for session: 0x161b83a7f4f0005
12:11:27.204 [worker-akka.actor.default-dispatcher-2] INFO  o.a.z.ZooKeeper  - Session: 0x161b83a7f4f0005 closed
12:11:27.205 [worker-akka.actor.default-dispatcher-2] INFO  a.a.LocalActorRef akka://worker/user/watcher/graph0000000000/graph/local-acker/$a - Message [com.spbsu.flamestream.runtime.utils.akka.PingActor$Stop] from Actor[akka://worker/user/watcher/graph0000000000/graph/local-acker#-1244006613] to Actor[akka://worker/user/watcher/graph0000000000/graph/local-acker/$a#-1579770644] was not delivered. [2] dead letters encountered. This logging can be turned off or adjusted with configuration settings 'akka.log-dead-letters' and 'akka.log-dead-letters-during-shutdown'.
12:11:27.205 [worker-akka.actor.default-dispatcher-2] INFO  a.a.LocalActorRef akka://worker/user/watcher/graph0000000000/graph/local-acker - Message [com.spbsu.flamestream.runtime.acker.LocalAcker$Flush] from Actor[akka://worker/user/watcher/graph0000000000/graph/local-acker#-1244006613] to Actor[akka://worker/user/watcher/graph0000000000/graph/local-acker#-1244006613] was not delivered. [3] dead letters encountered. This logging can be turned off or adjusted with configuration settings 'akka.log-dead-letters' and 'akka.log-dead-letters-during-shutdown'.
12:11:27.206 [worker-akka.actor.default-dispatcher-2] INFO  a.a.LocalActorRef akka://worker/user/watcher/graph0000000000/graph/local-acker - Message [com.spbsu.flamestream.runtime.acker.LocalAcker$Flush] from Actor[akka://worker/user/watcher/graph0000000000/graph/local-acker#-1244006613] to Actor[akka://worker/user/watcher/graph0000000000/graph/local-acker#-1244006613] was not delivered. [4] dead letters encountered. This logging can be turned off or adjusted with configuration settings 'akka.log-dead-letters' and 'akka.log-dead-letters-during-shutdown'.
12:11:27.207 [worker-akka.actor.default-dispatcher-2] INFO  a.a.RepointableActorRef akka://worker/user/watcher - Stopped
12:11:27.218 [worker-akka.actor.default-dispatcher-2] INFO  a.r.RemoteActorRefProvider$RemotingTerminator akka://worker@172.31.45.197:5412/system/remoting-terminator - Shutting down remote daemon.
12:11:27.220 [worker-akka.actor.default-dispatcher-2] INFO  a.r.RemoteActorRefProvider$RemotingTerminator akka://worker@172.31.45.197:5412/system/remoting-terminator - Remote daemon shut down; proceeding with flushing remote transports.
12:11:27.345 [worker-akka.actor.default-dispatcher-2] INFO  a.r.RemoteActorRefProvider$RemotingTerminator akka://worker@172.31.45.197:5412/system/remoting-terminator - Remoting shut down.
Attempts of event 'sink-receive' - 724391
Attempts of event 'sink-send' - 715773
Heap
 def new generation   total 153600K, used 64620K [0x00000000e0c00000, 0x00000000eb2a0000, 0x00000000eb2a0000)
  eden space 136576K,  41% used [0x00000000e0c00000, 0x00000000e42d5c98, 0x00000000e9160000)
  from space 17024K,  49% used [0x00000000e9160000, 0x00000000e99a5390, 0x00000000ea200000)
  to   space 17024K,   0% used [0x00000000ea200000, 0x00000000ea200000, 0x00000000eb2a0000)
 tenured generation   total 341376K, used 125271K [0x00000000eb2a0000, 0x0000000100000000, 0x0000000100000000)
   the space 341376K,  36% used [0x00000000eb2a0000, 0x00000000f2cf5ff8, 0x00000000f2cf6000, 0x0000000100000000)
 Metaspace       used 33389K, capacity 34158K, committed 34432K, reserved 1079296K
  class space    used 4447K, capacity 4622K, committed 4736K, reserved 1048576K
