12:29:36.465 [worker-akka.actor.default-dispatcher-2] INFO  a.e.s.Slf4jLogger  - Slf4jLogger started
2018-02-19T12:29:36.640+0000: 2.717: [Full GC (Metadata GC Threshold) 2018-02-19T12:29:36.640+0000: 2.717: [Tenured: 0K->15404K(341376K), 0.0389742 secs] 117532K->15404K(494976K), [Metaspace: 20874K->20874K(1067008K)], 0.0390511 secs] [Times: user=0.03 sys=0.01, real=0.04 secs] 
Ama winner
Ama winner
12:29:37.090 [worker-akka.actor.default-dispatcher-2] INFO  a.r.a.ArteryTransport(akka://worker) akka.remote.artery.ArteryTransport(akka://worker) - Started embedded media driver in directory [/dev/shm/aeron-root-worker-15e4ab68-211a-400f-a9f1-b56de79da7ca]
12:29:37.291 [worker-akka.actor.default-dispatcher-2] INFO  a.r.a.ArteryTransport(akka://worker) akka.remote.artery.ArteryTransport(akka://worker) - Remoting started; listening on address: [akka://worker@172.31.47.83:5412] with UID [323873753837353063]
12:29:37.392 [worker-akka.actor.default-dispatcher-2] INFO  o.a.z.ZooKeeper  - Client environment:zookeeper.version=3.4.9-1757313, built on 08/23/2016 06:50 GMT
12:29:37.392 [worker-akka.actor.default-dispatcher-2] INFO  o.a.z.ZooKeeper  - Client environment:host.name=ip-172-31-47-83.us-east-2.compute.internal
12:29:37.392 [worker-akka.actor.default-dispatcher-2] INFO  o.a.z.ZooKeeper  - Client environment:java.version=1.8.0_151
12:29:37.392 [worker-akka.actor.default-dispatcher-2] INFO  o.a.z.ZooKeeper  - Client environment:java.vendor=Oracle Corporation
12:29:37.393 [worker-akka.actor.default-dispatcher-2] INFO  o.a.z.ZooKeeper  - Client environment:java.home=/usr/lib/jvm/java-8-openjdk-amd64/jre
12:29:37.393 [worker-akka.actor.default-dispatcher-2] INFO  o.a.z.ZooKeeper  - Client environment:java.class.path=lib/commons-cli-1.4.jar:lib/minlog-1.3.0.jar:lib/asm-5.0.4.jar:lib/hadoop-annotations-2.7.3.jar:lib/hadoop-auth-2.7.3.jar:lib/akka-slf4j_2.11-2.5.6.jar:lib/jersey-core-1.9.jar:lib/lz4-1.3.0.jar:lib/jackson-core-asl-1.9.13.jar:lib/aeron-client-1.3.0.jar:lib/htrace-core-3.1.0-incubating.jar:lib/xz-1.0.jar:lib/commons-httpclient-3.1.jar:lib/asm-3.1.jar:lib/commons-lang3-3.4.jar:lib/scala-library-2.11.11.jar:lib/scala-java8-compat_2.11-0.7.0.jar:lib/commons-configuration-1.6.jar:lib/objenesis-2.1.jar:lib/jackson-annotations-2.8.0.jar:lib/jsr305-3.0.0.jar:lib/curator-framework-2.7.1.jar:lib/jersey-server-1.9.jar:lib/jets3t-0.9.0.jar:lib/leveldb-0.7.jar:lib/jetty-6.1.26.jar:lib/stax-api-1.0-2.jar:lib/flamestream-core-1.0-SNAPSHOT.jar:lib/reflectasm-1.07-shaded.jar:lib/apacheds-kerberos-codec-2.0.0-M15.jar:lib/api-asn1-api-1.0.0-M20.jar:lib/commons-lang-2.6.jar:lib/commons-beanutils-1.7.0.jar:lib/jackson-xc-1.8.3.jar:lib/jetty-util-6.1.26.jar:lib/logback-classic-1.2.3.jar:lib/jool-0.9.12.jar:lib/flamestream-runtime-1.0-SNAPSHOT-tests.jar:lib/httpcore-4.1.2.jar:lib/kryo-4.0.0.jar:lib/ant-1.8.1.jar:lib/jaxb-impl-2.2.3-1.jar:lib/jersey-json-1.9.jar:lib/commons-compress-1.4.1.jar:lib/leveldbjni-all-1.8.jar:lib/paranamer-2.3.jar:lib/jackson-core-2.8.4.jar:lib/commons-math3-3.6.1.jar:lib/scala-parser-combinators_2.11-1.0.4.jar:lib/netty-3.10.6.Final.jar:lib/trove4j-3.0.3.jar:lib/jaxb-api-2.2.2.jar:lib/logback-core-1.2.3.jar:lib/snappy-java-1.0.4.1.jar:lib/protobuf-java-2.5.0.jar:lib/reactive-streams-1.0.1.jar:lib/flamestream-examples-1.0-SNAPSHOT.jar:lib/commons-codec-1.4.jar:lib/activation-1.1.jar:lib/commons-net-3.1.jar:lib/curator-recipes-2.7.1.jar:lib/jackson-mapper-asl-1.9.13.jar:lib/jackson-databind-2.8.4.jar:lib/flamestream-runtime-1.0-SNAPSHOT.jar:lib/jackson-jaxrs-1.8.3.jar:lib/slf4j-api-1.7.24.jar:lib/akka-remote_2.11-2.5.6.jar:lib/akka-testkit_2.11-2.5.6.jar:lib/jline-0.9.94.jar:lib/akka-stream_2.11-2.5.6.jar:lib/jsp-api-2.1.jar:lib/kryonet-2.21.jar:lib/akka-kryo-serialization_2.11-0.5.0.jar:lib/config-1.3.1.jar:lib/ant-launcher-1.8.1.jar:lib/commons-logging-1.2.jar:lib/ssl-config-core_2.11-0.2.2.jar:lib/testng-6.10.jar:lib/leveldb-api-0.7.jar:lib/reflectasm-1.11.3.jar:lib/jcommander-1.48.jar:lib/commons-1.1.jar:lib/commons-digester-1.8.jar:lib/minlog-1.2.jar:lib/java-xmlbuilder-0.4.jar:lib/jettison-1.1.jar:lib/gson-2.2.4.jar:lib/jdk.tools-1.8.jar:lib/aeron-driver-1.3.0.jar:lib/zookeeper-3.4.9.jar:lib/commons-beanutils-core-1.8.0.jar:lib/commons-math3-3.1.1.jar:lib/akka-actor_2.11-2.5.6.jar:lib/curator-client-2.7.1.jar:lib/servlet-api-2.5.jar:lib/apacheds-i18n-2.0.0-M15.jar:lib/commons-io-2.4.jar:lib/commons-codec-1.6.jar:lib/akka-protobuf_2.11-2.5.6.jar:lib/protobuf-java-3.5.1.jar:lib/jdom-2.0.2.jar:lib/api-util-1.0.0-M20.jar:lib/hadoop-common-2.7.3.jar:lib/agrona-0.9.6.jar:lib/xmlenc-0.52.jar:lib/guava-21.0.jar:lib/commons-collections-3.2.2.jar:lib/avro-1.7.4.jar:lib/httpclient-4.1.2.jar:lib/flamestream-core-1.0-SNAPSHOT-tests.jar:lib/annotations-12.0.jar:lib/jsch-0.1.42.jar:flamestream-runtime-1.0-SNAPSHOT.jar
12:29:37.393 [worker-akka.actor.default-dispatcher-2] INFO  o.a.z.ZooKeeper  - Client environment:java.library.path=/usr/java/packages/lib/amd64:/usr/lib/x86_64-linux-gnu/jni:/lib/x86_64-linux-gnu:/usr/lib/x86_64-linux-gnu:/usr/lib/jni:/lib:/usr/lib
12:29:37.393 [worker-akka.actor.default-dispatcher-2] INFO  o.a.z.ZooKeeper  - Client environment:java.io.tmpdir=/tmp
12:29:37.393 [worker-akka.actor.default-dispatcher-2] INFO  o.a.z.ZooKeeper  - Client environment:java.compiler=<NA>
12:29:37.393 [worker-akka.actor.default-dispatcher-2] INFO  o.a.z.ZooKeeper  - Client environment:os.name=Linux
12:29:37.393 [worker-akka.actor.default-dispatcher-2] INFO  o.a.z.ZooKeeper  - Client environment:os.arch=amd64
12:29:37.393 [worker-akka.actor.default-dispatcher-2] INFO  o.a.z.ZooKeeper  - Client environment:os.version=4.4.0-1049-aws
12:29:37.393 [worker-akka.actor.default-dispatcher-2] INFO  o.a.z.ZooKeeper  - Client environment:user.name=root
12:29:37.395 [worker-akka.actor.default-dispatcher-2] INFO  o.a.z.ZooKeeper  - Client environment:user.home=/root
12:29:37.396 [worker-akka.actor.default-dispatcher-2] INFO  o.a.z.ZooKeeper  - Client environment:user.dir=/opt/flamestream
12:29:37.397 [worker-akka.actor.default-dispatcher-2] INFO  o.a.z.ZooKeeper  - Initiating client connection, connectString=172.31.34.147:2181 sessionTimeout=5000 watcher=com.spbsu.flamestream.runtime.application.LifecycleWatcher$$Lambda$29/2091173542@1b48f905
12:29:37.420 [worker-akka.actor.default-dispatcher-2] INFO  a.a.RepointableActorRef akka://worker/user/watcher - Starting...
12:29:37.423 [worker-akka.actor.default-dispatcher-2-SendThread(172.31.34.147:2181)] INFO  o.a.z.ClientCnxn  - Opening socket connection to server 172.31.34.147/172.31.34.147:2181. Will not attempt to authenticate using SASL (unknown error)
12:29:37.426 [worker-akka.actor.default-dispatcher-2-SendThread(172.31.34.147:2181)] INFO  o.a.z.ClientCnxn  - Socket connection established to 172.31.34.147/172.31.34.147:2181, initiating session
12:29:37.433 [worker-akka.actor.default-dispatcher-2-SendThread(172.31.34.147:2181)] INFO  o.a.z.ClientCnxn  - Session establishment complete on server 172.31.34.147/172.31.34.147:2181, sessionid = 0x161ae09abc6000c, negotiated timeout = 6000
12:29:37.536 [worker-akka.actor.default-dispatcher-2] INFO  a.a.RepointableActorRef akka://worker/user/watcher - Connected to ZK
12:29:46.720 [worker-akka.actor.default-dispatcher-2] INFO  a.a.RepointableActorRef akka://worker/user/watcher - Creating node with watchGraphs: 'com.spbsu.flamestream.core.Graph$Builder$MyGraph@22aae96d', config: 'ClusterConfig{paths={172.31.33.155=akka://worker@172.31.33.155:5412/user/watcher/graph0000000000, 172.31.47.83=akka://worker@172.31.47.83:5412/user/watcher/graph0000000000, 172.31.45.197=akka://worker@172.31.45.197:5412/user/watcher/graph0000000000, 172.31.42.36=akka://worker@172.31.42.36:5412/user/watcher/graph0000000000, 172.31.44.83=akka://worker@172.31.44.83:5412/user/watcher/graph0000000000, 172.31.39.64=akka://worker@172.31.39.64:5412/user/watcher/graph0000000000, 172.31.35.79=akka://worker@172.31.35.79:5412/user/watcher/graph0000000000, 172.31.34.169=akka://worker@172.31.34.169:5412/user/watcher/graph0000000000, 172.31.47.100=akka://worker@172.31.47.100:5412/user/watcher/graph0000000000, 172.31.37.101=akka://worker@172.31.37.101:5412/user/watcher/graph0000000000}, ackerLocation='172.31.35.79', props=ComputationLayout{ranges={172.31.33.155=HashRange{from=-1670265060, to=-1193046472}, 172.31.47.83=HashRange{from=1670265056, to=2147483644}, 172.31.45.197=HashRange{from=-715827884, to=-238609296}, 172.31.42.36=HashRange{from=1193046468, to=1670265056}, 172.31.44.83=HashRange{from=-238609296, to=238609292}, 172.31.39.64=HashRange{from=715827880, to=1193046468}, 172.31.35.79=HashRange{from=0, to=0}, 172.31.34.169=HashRange{from=-2147483648, to=-1670265060}, 172.31.47.100=HashRange{from=238609292, to=715827880}, 172.31.37.101=HashRange{from=-1193046472, to=-715827884}}}}'
12:29:47.553 [worker-akka.actor.default-dispatcher-2] INFO  a.a.LocalActorRef akka://worker/user/watcher/graph0000000000/graph - Starting...
12:29:47.554 [worker-akka.actor.default-dispatcher-2] INFO  a.a.LocalActorRef akka://worker/user/watcher/graph0000000000/graph/local-acker - Starting...
12:29:47.558 [worker-akka.actor.default-dispatcher-2] INFO  a.a.LocalActorRef akka://worker/user/watcher/graph0000000000/graph/local-acker/$a - Starting...
Warning: space is running low in /dev/shm (tmpfs) threshold=167,772,160 usable=158,621,696
Warning: space is running low in /dev/shm (tmpfs) threshold=167,772,160 usable=146,034,688
Warning: space is running low in /dev/shm (tmpfs) threshold=167,772,160 usable=133,447,680
Warning: space is running low in /dev/shm (tmpfs) threshold=167,772,160 usable=120,860,672
Warning: space is running low in /dev/shm (tmpfs) threshold=167,772,160 usable=108,273,664
Warning: space is running low in /dev/shm (tmpfs) threshold=167,772,160 usable=95,686,656
Warning: space is running low in /dev/shm (tmpfs) threshold=167,772,160 usable=83,099,648
Warning: space is running low in /dev/shm (tmpfs) threshold=167,772,160 usable=70,512,640
12:29:48.548 [worker-akka.actor.default-dispatcher-2] INFO  a.a.LocalActorRef akka://worker/user/watcher/graph0000000000/graph - Finishing constructor
12:29:48.550 [worker-akka.actor.default-dispatcher-2] INFO  a.a.LocalActorRef akka://worker/user/watcher/graph0000000000 - Starting...
12:29:48.551 [worker-akka.actor.default-dispatcher-2] INFO  a.a.LocalActorRef akka://worker/user/watcher/graph0000000000/negotiator - Starting...
12:29:48.617 [worker-akka.actor.default-dispatcher-2] INFO  a.a.LocalActorRef akka://worker/user/watcher/graph0000000000/edge - Starting...
12:29:48.618 [worker-akka.actor.default-dispatcher-2] INFO  a.a.LocalActorRef akka://worker/user/watcher/graph0000000000/graph/$a - Starting...
12:29:48.619 [worker-akka.actor.default-dispatcher-2] INFO  a.a.LocalActorRef akka://worker/user/watcher/graph0000000000/graph/$b - Starting...
12:29:48.620 [worker-akka.actor.default-dispatcher-2] INFO  a.a.LocalActorRef akka://worker/user/watcher/graph0000000000/graph/$c - Starting...
12:29:48.647 [worker-akka.actor.default-dispatcher-2] INFO  c.s.f.r.e.s.SocketRear  - FlameSocketGraphDeployerRear@172.31.47.83: connecting to 172.31.34.147:5678
12:29:48.655 [worker-akka.actor.default-dispatcher-2] INFO  c.s.f.r.e.s.SocketRear  - FlameSocketGraphDeployerRear@172.31.47.83: connected to 172.31.34.147:5678
12:29:48.683 [worker-akka.actor.default-dispatcher-2] INFO  a.a.LocalActorRef akka://worker/user/watcher/graph0000000000/edge/FlameSocketGraphDeployerRear - Starting...
12:29:48.684 [worker-akka.actor.default-dispatcher-2] INFO  a.a.LocalActorRef akka://worker/user/watcher/graph0000000000/edge/FlameSocketGraphDeployerFront - Starting...
12:29:48.685 [worker-akka.actor.default-dispatcher-2] INFO  a.a.LocalActorRef akka://worker/user/watcher/graph0000000000/negotiator - Requesting ticket for the frontClass FlameSocketGraphDeployerFront@172.31.47.83
12:29:48.701 [worker-akka.actor.default-dispatcher-2] INFO  a.a.LocalActorRef akka://worker/user/watcher/graph0000000000/negotiator - Ticket for the frontClass received: FrontTicket{allowedTimestamp=(1519043386735, FlameSocketGraphDeployerFront@172.31.47.83)}
12:29:48.702 [worker-akka.actor.default-dispatcher-2] INFO  c.s.f.r.e.s.SocketFront  - FlameSocketGraphDeployerFront@172.31.47.83: connecting to 172.31.34.147:4567
12:29:48.714 [Client] INFO  c.s.f.r.e.s.SocketFront  - FlameSocketGraphDeployerFront@172.31.47.83 has been disconnected from Connection 4
2018-02-19T12:29:53.717+0000: 19.793: [GC (Allocation Failure) 2018-02-19T12:29:53.717+0000: 19.793: [DefNew: 136576K->14872K(153600K), 0.0238398 secs] 151980K->49808K(494976K), 0.0239156 secs] [Times: user=0.02 sys=0.01, real=0.02 secs] 
2018-02-19T12:30:22.652+0000: 48.728: [GC (Allocation Failure) 2018-02-19T12:30:22.652+0000: 48.728: [DefNew: 151448K->3549K(153600K), 0.0202402 secs] 186384K->45989K(494976K), 0.0203299 secs] [Times: user=0.01 sys=0.01, real=0.02 secs] 
2018-02-19T12:30:53.657+0000: 79.734: [GC (Allocation Failure) 2018-02-19T12:30:53.657+0000: 79.734: [DefNew: 140125K->5611K(153600K), 0.0118294 secs] 182565K->48051K(494976K), 0.0118917 secs] [Times: user=0.01 sys=0.00, real=0.01 secs] 
2018-02-19T12:31:23.834+0000: 109.911: [GC (Allocation Failure) 2018-02-19T12:31:23.835+0000: 109.911: [DefNew: 142187K->7238K(153600K), 0.0159521 secs] 184627K->49679K(494976K), 0.0167851 secs] [Times: user=0.02 sys=0.00, real=0.01 secs] 
2018-02-19T12:31:52.314+0000: 138.391: [GC (Allocation Failure) 2018-02-19T12:31:52.314+0000: 138.391: [DefNew: 143814K->8745K(153600K), 0.0149388 secs] 186255K->51186K(494976K), 0.0149996 secs] [Times: user=0.01 sys=0.00, real=0.01 secs] 
2018-02-19T12:32:18.401+0000: 164.478: [GC (Allocation Failure) 2018-02-19T12:32:18.401+0000: 164.478: [DefNew: 145321K->8326K(153600K), 0.0166927 secs] 187762K->52387K(494976K), 0.0167717 secs] [Times: user=0.01 sys=0.00, real=0.02 secs] 
2018-02-19T12:32:47.535+0000: 193.611: [GC (Allocation Failure) 2018-02-19T12:32:47.535+0000: 193.611: [DefNew: 144902K->9531K(153600K), 0.0154026 secs] 188963K->53593K(494976K), 0.0154710 secs] [Times: user=0.01 sys=0.00, real=0.01 secs] 
2018-02-19T12:33:23.592+0000: 229.668: [GC (Allocation Failure) 2018-02-19T12:33:23.592+0000: 229.668: [DefNew: 146107K->9724K(153600K), 0.0207584 secs] 190169K->54955K(494976K), 0.0208321 secs] [Times: user=0.01 sys=0.00, real=0.03 secs] 
2018-02-19T12:33:56.704+0000: 262.781: [GC (Allocation Failure) 2018-02-19T12:33:56.704+0000: 262.781: [DefNew: 146300K->9522K(153600K), 0.0164091 secs] 191531K->55941K(494976K), 0.0164754 secs] [Times: user=0.02 sys=0.00, real=0.02 secs] 
2018-02-19T12:34:25.364+0000: 291.440: [GC (Allocation Failure) 2018-02-19T12:34:25.364+0000: 291.440: [DefNew: 146098K->9958K(153600K), 0.0178026 secs] 192517K->57531K(494976K), 0.0178689 secs] [Times: user=0.01 sys=0.00, real=0.02 secs] 
2018-02-19T12:35:00.688+0000: 326.764: [GC (Allocation Failure) 2018-02-19T12:35:00.688+0000: 326.764: [DefNew: 146534K->8657K(153600K), 0.0171532 secs] 194107K->58412K(494976K), 0.0172239 secs] [Times: user=0.02 sys=0.00, real=0.02 secs] 
2018-02-19T12:35:34.341+0000: 360.418: [GC (Allocation Failure) 2018-02-19T12:35:34.341+0000: 360.418: [DefNew: 145233K->8394K(153600K), 0.0160422 secs] 194988K->59651K(494976K), 0.0161069 secs] [Times: user=0.01 sys=0.01, real=0.02 secs] 
2018-02-19T12:36:08.669+0000: 394.745: [GC (Allocation Failure) 2018-02-19T12:36:08.669+0000: 394.745: [DefNew: 144970K->10352K(153600K), 0.0168416 secs] 196227K->61609K(494976K), 0.0169174 secs] [Times: user=0.02 sys=0.00, real=0.02 secs] 
2018-02-19T12:36:38.227+0000: 424.303: [GC (Allocation Failure) 2018-02-19T12:36:38.227+0000: 424.303: [DefNew: 146928K->8991K(153600K), 0.0177793 secs] 198185K->62392K(494976K), 0.0178469 secs] [Times: user=0.02 sys=0.00, real=0.02 secs] 
2018-02-19T12:37:11.927+0000: 458.003: [GC (Allocation Failure) 2018-02-19T12:37:11.927+0000: 458.003: [DefNew: 145567K->8799K(153600K), 0.0163867 secs] 198968K->63319K(494976K), 0.0164547 secs] [Times: user=0.01 sys=0.00, real=0.01 secs] 
2018-02-19T12:37:49.648+0000: 495.725: [GC (Allocation Failure) 2018-02-19T12:37:49.649+0000: 495.725: [DefNew: 145375K->8922K(153600K), 0.0174035 secs] 199895K->64423K(494976K), 0.0174717 secs] [Times: user=0.01 sys=0.01, real=0.02 secs] 
2018-02-19T12:38:16.985+0000: 523.062: [GC (Allocation Failure) 2018-02-19T12:38:16.986+0000: 523.062: [DefNew: 145498K->8943K(153600K), 0.0163323 secs] 200999K->65757K(494976K), 0.0164188 secs] [Times: user=0.02 sys=0.00, real=0.01 secs] 
2018-02-19T12:38:49.226+0000: 555.302: [GC (Allocation Failure) 2018-02-19T12:38:49.226+0000: 555.302: [DefNew: 145519K->9518K(153600K), 0.0186148 secs] 202333K->67330K(494976K), 0.0186798 secs] [Times: user=0.02 sys=0.00, real=0.02 secs] 
2018-02-19T12:39:27.997+0000: 594.073: [GC (Allocation Failure) 2018-02-19T12:39:27.997+0000: 594.074: [DefNew: 146094K->9674K(153600K), 0.0176635 secs] 203906K->68509K(494976K), 0.0177405 secs] [Times: user=0.02 sys=0.00, real=0.02 secs] 
2018-02-19T12:40:03.194+0000: 629.270: [GC (Allocation Failure) 2018-02-19T12:40:03.194+0000: 629.271: [DefNew: 146250K->9434K(153600K), 0.0166163 secs] 205085K->69367K(494976K), 0.0166812 secs] [Times: user=0.02 sys=0.00, real=0.01 secs] 
2018-02-19T12:40:31.644+0000: 657.721: [GC (Allocation Failure) 2018-02-19T12:40:31.644+0000: 657.721: [DefNew: 146010K->9755K(153600K), 0.0170050 secs] 205943K->70680K(494976K), 0.0170684 secs] [Times: user=0.02 sys=0.00, real=0.02 secs] 
2018-02-19T12:40:58.935+0000: 685.011: [GC (Allocation Failure) 2018-02-19T12:40:58.935+0000: 685.011: [DefNew: 146331K->10195K(153600K), 0.0213293 secs] 207256K->72341K(494976K), 0.0214066 secs] [Times: user=0.02 sys=0.00, real=0.02 secs] 
2018-02-19T12:41:27.699+0000: 713.776: [GC (Allocation Failure) 2018-02-19T12:41:27.700+0000: 713.776: [DefNew: 146771K->9212K(153600K), 0.0184019 secs] 208917K->73508K(494976K), 0.0184908 secs] [Times: user=0.02 sys=0.00, real=0.02 secs] 
2018-02-19T12:41:54.917+0000: 740.994: [GC (Allocation Failure) 2018-02-19T12:41:54.917+0000: 740.994: [DefNew: 145788K->9614K(153600K), 0.0172349 secs] 210084K->75075K(494976K), 0.0173110 secs] [Times: user=0.02 sys=0.00, real=0.02 secs] 
2018-02-19T12:42:19.633+0000: 765.709: [GC (Allocation Failure) 2018-02-19T12:42:19.633+0000: 765.709: [DefNew: 146190K->9380K(153600K), 0.0155092 secs] 211651K->76158K(494976K), 0.0156006 secs] [Times: user=0.01 sys=0.00, real=0.01 secs] 
2018-02-19T12:42:43.342+0000: 789.419: [GC (Allocation Failure) 2018-02-19T12:42:43.342+0000: 789.419: [DefNew: 145956K->9061K(153600K), 0.0166766 secs] 212734K->77392K(494976K), 0.0167589 secs] [Times: user=0.01 sys=0.00, real=0.02 secs] 
2018-02-19T12:43:11.501+0000: 817.577: [GC (Allocation Failure) 2018-02-19T12:43:11.501+0000: 817.577: [DefNew: 145637K->9063K(153600K), 0.0170527 secs] 213968K->78949K(494976K), 0.0171169 secs] [Times: user=0.02 sys=0.00, real=0.02 secs] 
2018-02-19T12:43:39.953+0000: 846.030: [GC (Allocation Failure) 2018-02-19T12:43:39.953+0000: 846.030: [DefNew: 145639K->8721K(153600K), 0.0150434 secs] 215525K->79703K(494976K), 0.0151078 secs] [Times: user=0.02 sys=0.00, real=0.01 secs] 
2018-02-19T12:44:11.707+0000: 877.783: [GC (Allocation Failure) 2018-02-19T12:44:11.707+0000: 877.783: [DefNew: 145297K->9435K(153600K), 0.0206473 secs] 216279K->81321K(494976K), 0.0207152 secs] [Times: user=0.01 sys=0.01, real=0.02 secs] 
2018-02-19T12:44:43.115+0000: 909.192: [GC (Allocation Failure) 2018-02-19T12:44:43.115+0000: 909.192: [DefNew: 146011K->9525K(153600K), 0.0160035 secs] 217897K->82525K(494976K), 0.0160747 secs] [Times: user=0.01 sys=0.00, real=0.01 secs] 
2018-02-19T12:45:14.803+0000: 940.880: [GC (Allocation Failure) 2018-02-19T12:45:14.803+0000: 940.880: [DefNew: 146101K->10256K(153600K), 0.0173824 secs] 219101K->84222K(494976K), 0.0174536 secs] [Times: user=0.02 sys=0.00, real=0.02 secs] 
2018-02-19T12:45:47.400+0000: 973.476: [GC (Allocation Failure) 2018-02-19T12:45:47.400+0000: 973.476: [DefNew: 146832K->8953K(153600K), 0.0219809 secs] 220798K->85558K(494976K), 0.0220586 secs] [Times: user=0.00 sys=0.02, real=0.02 secs] 
2018-02-19T12:46:16.970+0000: 1003.046: [GC (Allocation Failure) 2018-02-19T12:46:16.970+0000: 1003.046: [DefNew: 145529K->8820K(153600K), 0.0161157 secs] 222134K->86847K(494976K), 0.0161814 secs] [Times: user=0.02 sys=0.00, real=0.02 secs] 
2018-02-19T12:46:42.573+0000: 1028.650: [GC (Allocation Failure) 2018-02-19T12:46:42.573+0000: 1028.650: [DefNew: 145396K->8669K(153600K), 0.0160744 secs] 223423K->88390K(494976K), 0.0161531 secs] [Times: user=0.02 sys=0.00, real=0.01 secs] 
2018-02-19T12:47:14.233+0000: 1060.310: [GC (Allocation Failure) 2018-02-19T12:47:14.234+0000: 1060.310: [DefNew: 145245K->9092K(153600K), 0.0160204 secs] 224966K->90109K(494976K), 0.0160851 secs] [Times: user=0.01 sys=0.00, real=0.01 secs] 
2018-02-19T12:47:44.043+0000: 1090.120: [GC (Allocation Failure) 2018-02-19T12:47:44.043+0000: 1090.120: [DefNew: 145668K->9380K(153600K), 0.0169286 secs] 226685K->91684K(494976K), 0.0170075 secs] [Times: user=0.01 sys=0.00, real=0.02 secs] 
2018-02-19T12:48:16.619+0000: 1122.695: [GC (Allocation Failure) 2018-02-19T12:48:16.619+0000: 1122.695: [DefNew: 145956K->9163K(153600K), 0.0167047 secs] 228260K->92998K(494976K), 0.0167715 secs] [Times: user=0.02 sys=0.00, real=0.02 secs] 
2018-02-19T12:48:47.924+0000: 1154.001: [GC (Allocation Failure) 2018-02-19T12:48:47.924+0000: 1154.001: [DefNew: 145739K->9455K(153600K), 0.0162697 secs] 229574K->94756K(494976K), 0.0163319 secs] [Times: user=0.02 sys=0.00, real=0.02 secs] 
2018-02-19T12:49:20.275+0000: 1186.351: [GC (Allocation Failure) 2018-02-19T12:49:20.275+0000: 1186.351: [DefNew: 146031K->9650K(153600K), 0.0171694 secs] 231332K->96330K(494976K), 0.0172303 secs] [Times: user=0.02 sys=0.00, real=0.01 secs] 
2018-02-19T12:49:52.450+0000: 1218.527: [GC (Allocation Failure) 2018-02-19T12:49:52.450+0000: 1218.527: [DefNew: 146226K->9797K(153600K), 0.0172414 secs] 232906K->97980K(494976K), 0.0173166 secs] [Times: user=0.02 sys=0.00, real=0.02 secs] 
2018-02-19T12:50:24.011+0000: 1250.088: [GC (Allocation Failure) 2018-02-19T12:50:24.011+0000: 1250.088: [DefNew: 146373K->10062K(153600K), 0.0178461 secs] 234556K->99710K(494976K), 0.0179091 secs] [Times: user=0.02 sys=0.00, real=0.02 secs] 
2018-02-19T12:50:50.599+0000: 1276.675: [GC (Allocation Failure) 2018-02-19T12:50:50.599+0000: 1276.675: [DefNew: 146638K->10053K(153600K), 0.0159238 secs] 236286K->101149K(494976K), 0.0160104 secs] [Times: user=0.02 sys=0.00, real=0.02 secs] 
12:51:12.872 [Client] INFO  c.s.f.r.e.s.SocketRear  - FlameSocketGraphDeployerRear@172.31.47.83: has been disconnected from Connection 4
12:51:27.680 [worker-akka.actor.default-dispatcher-2] INFO  a.a.CoordinatedShutdown CoordinatedShutdown(akka://worker) - Starting coordinated shutdown from JVM shutdown hook
12:51:27.717 [worker-akka.actor.default-dispatcher-2] INFO  a.a.LocalActorRef akka://worker/user/watcher/graph0000000000/negotiator - Stopped
12:51:27.717 [worker-akka.actor.default-dispatcher-2] INFO  a.a.LocalActorRef akka://worker/user/watcher/graph0000000000/edge/FlameSocketGraphDeployerFront - Stopped
12:51:27.718 [worker-akka.actor.default-dispatcher-2] INFO  a.a.LocalActorRef akka://worker/user/watcher/graph0000000000/edge/FlameSocketGraphDeployerRear - Stopped
12:51:27.720 [worker-akka.actor.default-dispatcher-2] INFO  a.a.LocalActorRef akka://worker/user/watcher/graph0000000000/graph/$a - Stopped
12:51:27.722 [worker-akka.actor.default-dispatcher-2] INFO  a.a.LocalActorRef akka://worker/user/watcher/graph0000000000/graph/$b - Stopped
12:51:27.723 [worker-akka.actor.default-dispatcher-2] INFO  a.a.LocalActorRef akka://worker/user/watcher/graph0000000000/graph/$c - Stopped
12:51:27.723 [worker-akka.actor.default-dispatcher-2] INFO  a.a.LocalActorRef akka://worker/user/watcher/graph0000000000/graph/local-acker/$a - Stopped
12:51:27.729 [worker-akka.actor.default-dispatcher-2] INFO  a.a.LocalActorRef akka://worker/user/watcher/graph0000000000/edge - Stopped
12:51:27.733 [worker-akka.actor.default-dispatcher-2] INFO  a.a.LocalActorRef akka://worker/user/watcher/graph0000000000/graph/local-acker/$a - Message [com.spbsu.flamestream.runtime.utils.akka.PingActor$InnerPing] from Actor[akka://worker/user/watcher/graph0000000000/graph/local-acker/$a#948463705] to Actor[akka://worker/user/watcher/graph0000000000/graph/local-acker/$a#948463705] was not delivered. [1] dead letters encountered. This logging can be turned off or adjusted with configuration settings 'akka.log-dead-letters' and 'akka.log-dead-letters-during-shutdown'.
12:51:27.736 [worker-akka.actor.default-dispatcher-2] INFO  a.a.LocalActorRef akka://worker/user/watcher/graph0000000000/graph/local-acker - Stopped
12:51:27.737 [worker-akka.actor.default-dispatcher-2] INFO  a.a.LocalActorRef akka://worker/user/watcher/graph0000000000/graph/local-acker/$a - Message [com.spbsu.flamestream.runtime.utils.akka.PingActor$Stop] from Actor[akka://worker/user/watcher/graph0000000000/graph/local-acker#-1810026942] to Actor[akka://worker/user/watcher/graph0000000000/graph/local-acker/$a#948463705] was not delivered. [2] dead letters encountered. This logging can be turned off or adjusted with configuration settings 'akka.log-dead-letters' and 'akka.log-dead-letters-during-shutdown'.
12:51:27.738 [worker-akka.actor.default-dispatcher-2] INFO  a.a.LocalActorRef akka://worker/user/watcher/graph0000000000/graph/local-acker - Message [com.spbsu.flamestream.runtime.acker.LocalAcker$Flush] from Actor[akka://worker/user/watcher/graph0000000000/graph/local-acker#-1810026942] to Actor[akka://worker/user/watcher/graph0000000000/graph/local-acker#-1810026942] was not delivered. [3] dead letters encountered. This logging can be turned off or adjusted with configuration settings 'akka.log-dead-letters' and 'akka.log-dead-letters-during-shutdown'.
12:51:27.739 [worker-akka.actor.default-dispatcher-2] INFO  a.a.LocalActorRef akka://worker/user/watcher/graph0000000000/graph/local-acker - Message [com.spbsu.flamestream.runtime.acker.LocalAcker$Flush] from Actor[akka://worker/user/watcher/graph0000000000/graph/local-acker#-1810026942] to Actor[akka://worker/user/watcher/graph0000000000/graph/local-acker#-1810026942] was not delivered. [4] dead letters encountered. This logging can be turned off or adjusted with configuration settings 'akka.log-dead-letters' and 'akka.log-dead-letters-during-shutdown'.
12:51:27.740 [worker-akka.actor.default-dispatcher-2] INFO  a.a.LocalActorRef akka://worker/user/watcher/graph0000000000/graph/local-acker - Message [com.spbsu.flamestream.runtime.acker.LocalAcker$Flush] from Actor[akka://worker/user/watcher/graph0000000000/graph/local-acker#-1810026942] to Actor[akka://worker/user/watcher/graph0000000000/graph/local-acker#-1810026942] was not delivered. [5] dead letters encountered. This logging can be turned off or adjusted with configuration settings 'akka.log-dead-letters' and 'akka.log-dead-letters-during-shutdown'.
12:51:27.741 [worker-akka.actor.default-dispatcher-2] INFO  a.a.LocalActorRef akka://worker/user/watcher/graph0000000000/graph/local-acker - Message [com.spbsu.flamestream.runtime.acker.LocalAcker$Flush] from Actor[akka://worker/user/watcher/graph0000000000/graph/local-acker#-1810026942] to Actor[akka://worker/user/watcher/graph0000000000/graph/local-acker#-1810026942] was not delivered. [6] dead letters encountered. This logging can be turned off or adjusted with configuration settings 'akka.log-dead-letters' and 'akka.log-dead-letters-during-shutdown'.
12:51:27.741 [worker-akka.actor.default-dispatcher-2] INFO  a.a.LocalActorRef akka://worker/user/watcher/graph0000000000/graph/local-acker - Message [com.spbsu.flamestream.runtime.acker.LocalAcker$Flush] from Actor[akka://worker/user/watcher/graph0000000000/graph/local-acker#-1810026942] to Actor[akka://worker/user/watcher/graph0000000000/graph/local-acker#-1810026942] was not delivered. [7] dead letters encountered. This logging can be turned off or adjusted with configuration settings 'akka.log-dead-letters' and 'akka.log-dead-letters-during-shutdown'.
12:51:27.742 [worker-akka.actor.default-dispatcher-2] INFO  a.a.LocalActorRef akka://worker/user/watcher/graph0000000000/graph/local-acker - Message [com.spbsu.flamestream.runtime.acker.LocalAcker$Flush] from Actor[akka://worker/user/watcher/graph0000000000/graph/local-acker#-1810026942] to Actor[akka://worker/user/watcher/graph0000000000/graph/local-acker#-1810026942] was not delivered. [8] dead letters encountered. This logging can be turned off or adjusted with configuration settings 'akka.log-dead-letters' and 'akka.log-dead-letters-during-shutdown'.
12:51:27.743 [worker-akka.actor.default-dispatcher-2] INFO  a.a.LocalActorRef akka://worker/user/watcher/graph0000000000/graph/local-acker - Message [com.spbsu.flamestream.runtime.acker.LocalAcker$Flush] from Actor[akka://worker/user/watcher/graph0000000000/graph/local-acker#-1810026942] to Actor[akka://worker/user/watcher/graph0000000000/graph/local-acker#-1810026942] was not delivered. [9] dead letters encountered. This logging can be turned off or adjusted with configuration settings 'akka.log-dead-letters' and 'akka.log-dead-letters-during-shutdown'.
12:51:27.744 [worker-akka.actor.default-dispatcher-2] INFO  a.a.LocalActorRef akka://worker/user/watcher/graph0000000000/graph - Stopped
12:51:27.746 [worker-akka.actor.default-dispatcher-2] INFO  a.a.LocalActorRef akka://worker/user/watcher/graph0000000000 - Stopped
12:51:27.749 [worker-akka.actor.default-dispatcher-2-EventThread] INFO  o.a.z.ClientCnxn  - EventThread shut down for session: 0x161ae09abc6000c
12:51:27.749 [worker-akka.actor.default-dispatcher-2] INFO  o.a.z.ZooKeeper  - Session: 0x161ae09abc6000c closed
12:51:27.750 [worker-akka.actor.default-dispatcher-2] INFO  a.a.RepointableActorRef akka://worker/user/watcher - Stopped
12:51:27.763 [worker-akka.actor.default-dispatcher-2] INFO  a.r.RemoteActorRefProvider$RemotingTerminator akka://worker@172.31.47.83:5412/system/remoting-terminator - Shutting down remote daemon.
12:51:27.766 [worker-akka.actor.default-dispatcher-2] INFO  a.r.RemoteActorRefProvider$RemotingTerminator akka://worker@172.31.47.83:5412/system/remoting-terminator - Remote daemon shut down; proceeding with flushing remote transports.
12:51:28.907 [worker-akka.actor.default-dispatcher-2] INFO  a.r.RemoteActorRefProvider$RemotingTerminator akka://worker@172.31.47.83:5412/system/remoting-terminator - Remoting shut down.
Heap
 def new generation   total 153600K, used 130291K [0x00000000e0c00000, 0x00000000eb2a0000, 0x00000000eb2a0000)
  eden space 136576K,  88% used [0x00000000e0c00000, 0x00000000e816b8b0, 0x00000000e9160000)
  from space 17024K,  59% used [0x00000000e9160000, 0x00000000e9b31698, 0x00000000ea200000)
  to   space 17024K,   0% used [0x00000000ea200000, 0x00000000ea200000, 0x00000000eb2a0000)
 tenured generation   total 341376K, used 91095K [0x00000000eb2a0000, 0x0000000100000000, 0x0000000100000000)
   the space 341376K,  26% used [0x00000000eb2a0000, 0x00000000f0b95f10, 0x00000000f0b96000, 0x0000000100000000)
 Metaspace       used 33611K, capacity 34362K, committed 34688K, reserved 1079296K
  class space    used 4456K, capacity 4624K, committed 4736K, reserved 1048576K
