13:11:59.946 [worker-akka.actor.default-dispatcher-2] INFO  a.e.s.Slf4jLogger  - Slf4jLogger started
2018-02-19T13:12:00.108+0000: 2.601: [Full GC (Metadata GC Threshold) 2018-02-19T13:12:00.108+0000: 2.601: [Tenured: 0K->15412K(341376K), 0.0364550 secs] 117538K->15412K(494976K), [Metaspace: 20874K->20874K(1067008K)], 0.0365162 secs] [Times: user=0.03 sys=0.00, real=0.04 secs] 
Ama winner
Ama winner
13:12:00.547 [worker-akka.actor.default-dispatcher-2] INFO  a.r.a.ArteryTransport(akka://worker) akka.remote.artery.ArteryTransport(akka://worker) - Started embedded media driver in directory [/dev/shm/aeron-root-worker-2a412d20-831d-46d6-9083-ca9f864d56d1]
13:12:00.761 [worker-akka.actor.default-dispatcher-2] INFO  a.r.a.ArteryTransport(akka://worker) akka.remote.artery.ArteryTransport(akka://worker) - Remoting started; listening on address: [akka://worker@172.31.42.36:5412] with UID [7740379308438375591]
13:12:00.867 [worker-akka.actor.default-dispatcher-2] INFO  o.a.z.ZooKeeper  - Client environment:zookeeper.version=3.4.9-1757313, built on 08/23/2016 06:50 GMT
13:12:00.867 [worker-akka.actor.default-dispatcher-2] INFO  o.a.z.ZooKeeper  - Client environment:host.name=ip-172-31-42-36.us-east-2.compute.internal
13:12:00.867 [worker-akka.actor.default-dispatcher-2] INFO  o.a.z.ZooKeeper  - Client environment:java.version=1.8.0_151
13:12:00.867 [worker-akka.actor.default-dispatcher-2] INFO  o.a.z.ZooKeeper  - Client environment:java.vendor=Oracle Corporation
13:12:00.867 [worker-akka.actor.default-dispatcher-2] INFO  o.a.z.ZooKeeper  - Client environment:java.home=/usr/lib/jvm/java-8-openjdk-amd64/jre
13:12:00.867 [worker-akka.actor.default-dispatcher-2] INFO  o.a.z.ZooKeeper  - Client environment:java.class.path=lib/commons-cli-1.4.jar:lib/minlog-1.3.0.jar:lib/asm-5.0.4.jar:lib/hadoop-annotations-2.7.3.jar:lib/hadoop-auth-2.7.3.jar:lib/akka-slf4j_2.11-2.5.6.jar:lib/jersey-core-1.9.jar:lib/lz4-1.3.0.jar:lib/jackson-core-asl-1.9.13.jar:lib/aeron-client-1.3.0.jar:lib/htrace-core-3.1.0-incubating.jar:lib/xz-1.0.jar:lib/commons-httpclient-3.1.jar:lib/asm-3.1.jar:lib/commons-lang3-3.4.jar:lib/scala-library-2.11.11.jar:lib/scala-java8-compat_2.11-0.7.0.jar:lib/commons-configuration-1.6.jar:lib/objenesis-2.1.jar:lib/jackson-annotations-2.8.0.jar:lib/jsr305-3.0.0.jar:lib/curator-framework-2.7.1.jar:lib/jersey-server-1.9.jar:lib/jets3t-0.9.0.jar:lib/leveldb-0.7.jar:lib/jetty-6.1.26.jar:lib/stax-api-1.0-2.jar:lib/flamestream-core-1.0-SNAPSHOT.jar:lib/reflectasm-1.07-shaded.jar:lib/apacheds-kerberos-codec-2.0.0-M15.jar:lib/api-asn1-api-1.0.0-M20.jar:lib/commons-lang-2.6.jar:lib/commons-beanutils-1.7.0.jar:lib/jackson-xc-1.8.3.jar:lib/jetty-util-6.1.26.jar:lib/logback-classic-1.2.3.jar:lib/jool-0.9.12.jar:lib/flamestream-runtime-1.0-SNAPSHOT-tests.jar:lib/httpcore-4.1.2.jar:lib/kryo-4.0.0.jar:lib/ant-1.8.1.jar:lib/jaxb-impl-2.2.3-1.jar:lib/jersey-json-1.9.jar:lib/commons-compress-1.4.1.jar:lib/leveldbjni-all-1.8.jar:lib/paranamer-2.3.jar:lib/jackson-core-2.8.4.jar:lib/commons-math3-3.6.1.jar:lib/scala-parser-combinators_2.11-1.0.4.jar:lib/netty-3.10.6.Final.jar:lib/trove4j-3.0.3.jar:lib/jaxb-api-2.2.2.jar:lib/logback-core-1.2.3.jar:lib/snappy-java-1.0.4.1.jar:lib/protobuf-java-2.5.0.jar:lib/reactive-streams-1.0.1.jar:lib/flamestream-examples-1.0-SNAPSHOT.jar:lib/commons-codec-1.4.jar:lib/activation-1.1.jar:lib/commons-net-3.1.jar:lib/curator-recipes-2.7.1.jar:lib/jackson-mapper-asl-1.9.13.jar:lib/jackson-databind-2.8.4.jar:lib/flamestream-runtime-1.0-SNAPSHOT.jar:lib/jackson-jaxrs-1.8.3.jar:lib/slf4j-api-1.7.24.jar:lib/akka-remote_2.11-2.5.6.jar:lib/akka-testkit_2.11-2.5.6.jar:lib/jline-0.9.94.jar:lib/akka-stream_2.11-2.5.6.jar:lib/jsp-api-2.1.jar:lib/kryonet-2.21.jar:lib/akka-kryo-serialization_2.11-0.5.0.jar:lib/config-1.3.1.jar:lib/ant-launcher-1.8.1.jar:lib/commons-logging-1.2.jar:lib/ssl-config-core_2.11-0.2.2.jar:lib/testng-6.10.jar:lib/leveldb-api-0.7.jar:lib/reflectasm-1.11.3.jar:lib/jcommander-1.48.jar:lib/commons-1.1.jar:lib/commons-digester-1.8.jar:lib/minlog-1.2.jar:lib/java-xmlbuilder-0.4.jar:lib/jettison-1.1.jar:lib/gson-2.2.4.jar:lib/jdk.tools-1.8.jar:lib/aeron-driver-1.3.0.jar:lib/zookeeper-3.4.9.jar:lib/commons-beanutils-core-1.8.0.jar:lib/commons-math3-3.1.1.jar:lib/akka-actor_2.11-2.5.6.jar:lib/curator-client-2.7.1.jar:lib/servlet-api-2.5.jar:lib/apacheds-i18n-2.0.0-M15.jar:lib/commons-io-2.4.jar:lib/commons-codec-1.6.jar:lib/akka-protobuf_2.11-2.5.6.jar:lib/protobuf-java-3.5.1.jar:lib/jdom-2.0.2.jar:lib/api-util-1.0.0-M20.jar:lib/hadoop-common-2.7.3.jar:lib/agrona-0.9.6.jar:lib/xmlenc-0.52.jar:lib/guava-21.0.jar:lib/commons-collections-3.2.2.jar:lib/avro-1.7.4.jar:lib/httpclient-4.1.2.jar:lib/flamestream-core-1.0-SNAPSHOT-tests.jar:lib/annotations-12.0.jar:lib/jsch-0.1.42.jar:flamestream-runtime-1.0-SNAPSHOT.jar
13:12:00.867 [worker-akka.actor.default-dispatcher-2] INFO  o.a.z.ZooKeeper  - Client environment:java.library.path=/usr/java/packages/lib/amd64:/usr/lib/x86_64-linux-gnu/jni:/lib/x86_64-linux-gnu:/usr/lib/x86_64-linux-gnu:/usr/lib/jni:/lib:/usr/lib
13:12:00.867 [worker-akka.actor.default-dispatcher-2] INFO  o.a.z.ZooKeeper  - Client environment:java.io.tmpdir=/tmp
13:12:00.867 [worker-akka.actor.default-dispatcher-2] INFO  o.a.z.ZooKeeper  - Client environment:java.compiler=<NA>
13:12:00.867 [worker-akka.actor.default-dispatcher-2] INFO  o.a.z.ZooKeeper  - Client environment:os.name=Linux
13:12:00.867 [worker-akka.actor.default-dispatcher-2] INFO  o.a.z.ZooKeeper  - Client environment:os.arch=amd64
13:12:00.868 [worker-akka.actor.default-dispatcher-2] INFO  o.a.z.ZooKeeper  - Client environment:os.version=4.4.0-1049-aws
13:12:00.868 [worker-akka.actor.default-dispatcher-2] INFO  o.a.z.ZooKeeper  - Client environment:user.name=root
13:12:00.869 [worker-akka.actor.default-dispatcher-2] INFO  o.a.z.ZooKeeper  - Client environment:user.home=/root
13:12:00.869 [worker-akka.actor.default-dispatcher-2] INFO  o.a.z.ZooKeeper  - Client environment:user.dir=/opt/flamestream
13:12:00.872 [worker-akka.actor.default-dispatcher-2] INFO  o.a.z.ZooKeeper  - Initiating client connection, connectString=172.31.34.147:2181 sessionTimeout=5000 watcher=com.spbsu.flamestream.runtime.application.LifecycleWatcher$$Lambda$29/2091173542@1b48f905
13:12:00.906 [worker-akka.actor.default-dispatcher-2] INFO  a.a.RepointableActorRef akka://worker/user/watcher - Starting...
13:12:00.910 [worker-akka.actor.default-dispatcher-2-SendThread(172.31.34.147:2181)] INFO  o.a.z.ClientCnxn  - Opening socket connection to server 172.31.34.147/172.31.34.147:2181. Will not attempt to authenticate using SASL (unknown error)
13:12:00.914 [worker-akka.actor.default-dispatcher-2-SendThread(172.31.34.147:2181)] INFO  o.a.z.ClientCnxn  - Socket connection established to 172.31.34.147/172.31.34.147:2181, initiating session
13:12:00.922 [worker-akka.actor.default-dispatcher-2-SendThread(172.31.34.147:2181)] INFO  o.a.z.ClientCnxn  - Session establishment complete on server 172.31.34.147/172.31.34.147:2181, sessionid = 0x161ae307a940003, negotiated timeout = 6000
13:12:01.008 [worker-akka.actor.default-dispatcher-2] INFO  a.a.RepointableActorRef akka://worker/user/watcher - Connected to ZK
13:12:10.875 [worker-akka.actor.default-dispatcher-2] INFO  a.a.RepointableActorRef akka://worker/user/watcher - Creating node with watchGraphs: 'com.spbsu.flamestream.core.Graph$Builder$MyGraph@a3be827', config: 'ClusterConfig{paths={172.31.33.155=akka://worker@172.31.33.155:5412/user/watcher/graph0000000000, 172.31.47.83=akka://worker@172.31.47.83:5412/user/watcher/graph0000000000, 172.31.45.197=akka://worker@172.31.45.197:5412/user/watcher/graph0000000000, 172.31.42.36=akka://worker@172.31.42.36:5412/user/watcher/graph0000000000, 172.31.44.83=akka://worker@172.31.44.83:5412/user/watcher/graph0000000000, 172.31.39.64=akka://worker@172.31.39.64:5412/user/watcher/graph0000000000, 172.31.35.79=akka://worker@172.31.35.79:5412/user/watcher/graph0000000000, 172.31.34.169=akka://worker@172.31.34.169:5412/user/watcher/graph0000000000, 172.31.47.100=akka://worker@172.31.47.100:5412/user/watcher/graph0000000000, 172.31.37.101=akka://worker@172.31.37.101:5412/user/watcher/graph0000000000}, ackerLocation='172.31.35.79', props=ComputationLayout{ranges={172.31.33.155=HashRange{from=-1670265060, to=-1193046472}, 172.31.47.83=HashRange{from=1670265056, to=2147483644}, 172.31.45.197=HashRange{from=-715827884, to=-238609296}, 172.31.42.36=HashRange{from=1193046468, to=1670265056}, 172.31.44.83=HashRange{from=-238609296, to=238609292}, 172.31.39.64=HashRange{from=715827880, to=1193046468}, 172.31.35.79=HashRange{from=0, to=0}, 172.31.34.169=HashRange{from=-2147483648, to=-1670265060}, 172.31.47.100=HashRange{from=238609292, to=715827880}, 172.31.37.101=HashRange{from=-1193046472, to=-715827884}}}}'
13:12:11.655 [worker-akka.actor.default-dispatcher-2] INFO  a.a.LocalActorRef akka://worker/user/watcher/graph0000000000/graph - Starting...
13:12:11.655 [worker-akka.actor.default-dispatcher-2] INFO  a.a.LocalActorRef akka://worker/user/watcher/graph0000000000/graph/local-acker/$a - Starting...
13:12:11.656 [worker-akka.actor.default-dispatcher-2] INFO  a.a.LocalActorRef akka://worker/user/watcher/graph0000000000/graph/local-acker - Starting...
Warning: space is running low in /dev/shm (tmpfs) threshold=167,772,160 usable=158,621,696
Warning: space is running low in /dev/shm (tmpfs) threshold=167,772,160 usable=146,034,688
Warning: space is running low in /dev/shm (tmpfs) threshold=167,772,160 usable=133,447,680
Warning: space is running low in /dev/shm (tmpfs) threshold=167,772,160 usable=120,860,672
Warning: space is running low in /dev/shm (tmpfs) threshold=167,772,160 usable=108,273,664
Warning: space is running low in /dev/shm (tmpfs) threshold=167,772,160 usable=95,686,656
Warning: space is running low in /dev/shm (tmpfs) threshold=167,772,160 usable=83,099,648
Warning: space is running low in /dev/shm (tmpfs) threshold=167,772,160 usable=70,512,640
13:12:13.395 [worker-akka.actor.default-dispatcher-2] INFO  a.a.LocalActorRef akka://worker/user/watcher/graph0000000000 - Starting...
13:12:13.396 [worker-akka.actor.default-dispatcher-2] INFO  a.a.LocalActorRef akka://worker/user/watcher/graph0000000000/graph - Finishing constructor
13:12:13.397 [worker-akka.actor.default-dispatcher-2] INFO  a.a.LocalActorRef akka://worker/user/watcher/graph0000000000/negotiator - Starting...
13:12:13.398 [worker-akka.actor.default-dispatcher-2] INFO  a.a.LocalActorRef akka://worker/user/watcher/graph0000000000/edge - Starting...
13:12:13.479 [worker-akka.actor.default-dispatcher-2] INFO  c.s.f.r.e.s.SocketRear  - FlameSocketGraphDeployerRear@172.31.42.36: connecting to 172.31.34.147:5678
13:12:13.483 [worker-akka.actor.default-dispatcher-2] INFO  c.s.f.r.e.s.SocketRear  - FlameSocketGraphDeployerRear@172.31.42.36: connected to 172.31.34.147:5678
13:12:13.503 [worker-akka.actor.default-dispatcher-2] INFO  a.a.LocalActorRef akka://worker/user/watcher/graph0000000000/graph/$a - Starting...
13:12:13.505 [worker-akka.actor.default-dispatcher-2] INFO  a.a.LocalActorRef akka://worker/user/watcher/graph0000000000/graph/$b - Starting...
13:12:13.506 [worker-akka.actor.default-dispatcher-2] INFO  a.a.LocalActorRef akka://worker/user/watcher/graph0000000000/graph/$c - Starting...
13:12:13.507 [worker-akka.actor.default-dispatcher-2] INFO  a.a.LocalActorRef akka://worker/user/watcher/graph0000000000/edge/FlameSocketGraphDeployerRear - Starting...
13:12:13.508 [worker-akka.actor.default-dispatcher-2] INFO  a.a.LocalActorRef akka://worker/user/watcher/graph0000000000/edge/FlameSocketGraphDeployerFront - Starting...
13:12:13.514 [worker-akka.actor.default-dispatcher-2] INFO  a.a.LocalActorRef akka://worker/user/watcher/graph0000000000/negotiator - Requesting ticket for the frontClass FlameSocketGraphDeployerFront@172.31.42.36
13:12:13.516 [worker-akka.actor.default-dispatcher-2] INFO  a.a.LocalActorRef akka://worker/user/watcher/graph0000000000/negotiator - Ticket for the frontClass received: FrontTicket{allowedTimestamp=(1519045930868, FlameSocketGraphDeployerFront@172.31.42.36)}
13:12:13.517 [worker-akka.actor.default-dispatcher-2] INFO  c.s.f.r.e.s.SocketFront  - FlameSocketGraphDeployerFront@172.31.42.36: connecting to 172.31.34.147:4567
13:12:13.528 [Client] INFO  c.s.f.r.e.s.SocketFront  - FlameSocketGraphDeployerFront@172.31.42.36 has been disconnected from Connection 5
2018-02-19T13:12:17.230+0000: 19.723: [GC (Allocation Failure) 2018-02-19T13:12:17.230+0000: 19.723: [DefNew: 136576K->15039K(153600K), 0.0289004 secs] 151988K->49982K(494976K), 0.0289619 secs] [Times: user=0.01 sys=0.01, real=0.02 secs] 
2018-02-19T13:12:38.831+0000: 41.324: [GC (Allocation Failure) 2018-02-19T13:12:38.831+0000: 41.324: [DefNew: 151615K->3593K(153600K), 0.0166190 secs] 186558K->46068K(494976K), 0.0166773 secs] [Times: user=0.01 sys=0.00, real=0.01 secs] 
2018-02-19T13:13:02.958+0000: 65.451: [GC (Allocation Failure) 2018-02-19T13:13:02.958+0000: 65.451: [DefNew: 140169K->6107K(153600K), 0.0123729 secs] 182644K->48582K(494976K), 0.0124357 secs] [Times: user=0.01 sys=0.00, real=0.02 secs] 
2018-02-19T13:13:26.051+0000: 88.544: [GC (Allocation Failure) 2018-02-19T13:13:26.051+0000: 88.544: [DefNew: 142683K->7342K(153600K), 0.0155143 secs] 185158K->49818K(494976K), 0.0155749 secs] [Times: user=0.01 sys=0.00, real=0.01 secs] 
2018-02-19T13:13:44.490+0000: 106.983: [GC (Allocation Failure) 2018-02-19T13:13:44.490+0000: 106.983: [DefNew: 143918K->8691K(153600K), 0.0142775 secs] 186394K->51166K(494976K), 0.0143397 secs] [Times: user=0.01 sys=0.00, real=0.01 secs] 
2018-02-19T13:14:02.396+0000: 124.889: [GC (Allocation Failure) 2018-02-19T13:14:02.396+0000: 124.889: [DefNew: 145267K->8519K(153600K), 0.0158796 secs] 187742K->52462K(494976K), 0.0159408 secs] [Times: user=0.01 sys=0.00, real=0.02 secs] 
2018-02-19T13:14:22.953+0000: 145.446: [GC (Allocation Failure) 2018-02-19T13:14:22.953+0000: 145.446: [DefNew: 145095K->8344K(153600K), 0.0174597 secs] 189038K->53669K(494976K), 0.0175184 secs] [Times: user=0.02 sys=0.00, real=0.02 secs] 
2018-02-19T13:14:52.491+0000: 174.984: [GC (Allocation Failure) 2018-02-19T13:14:52.491+0000: 174.984: [DefNew: 144920K->9819K(153600K), 0.0175299 secs] 190245K->55144K(494976K), 0.0175888 secs] [Times: user=0.02 sys=0.00, real=0.01 secs] 
2018-02-19T13:15:14.629+0000: 197.122: [GC (Allocation Failure) 2018-02-19T13:15:14.629+0000: 197.122: [DefNew: 146395K->8711K(153600K), 0.0176253 secs] 191720K->56367K(494976K), 0.0176899 secs] [Times: user=0.01 sys=0.00, real=0.01 secs] 
2018-02-19T13:15:34.747+0000: 217.241: [GC (Allocation Failure) 2018-02-19T13:15:34.747+0000: 217.241: [DefNew: 145287K->8960K(153600K), 0.0162152 secs] 192943K->57737K(494976K), 0.0162911 secs] [Times: user=0.02 sys=0.00, real=0.02 secs] 
2018-02-19T13:16:00.167+0000: 242.660: [GC (Allocation Failure) 2018-02-19T13:16:00.167+0000: 242.660: [DefNew: 145536K->8799K(153600K), 0.0146808 secs] 194313K->58611K(494976K), 0.0147383 secs] [Times: user=0.02 sys=0.00, real=0.02 secs] 
2018-02-19T13:16:27.566+0000: 270.059: [GC (Allocation Failure) 2018-02-19T13:16:27.566+0000: 270.059: [DefNew: 145375K->8305K(153600K), 0.0149790 secs] 195187K->59751K(494976K), 0.0150381 secs] [Times: user=0.02 sys=0.00, real=0.02 secs] 
2018-02-19T13:16:53.769+0000: 296.262: [GC (Allocation Failure) 2018-02-19T13:16:53.769+0000: 296.262: [DefNew: 144881K->9752K(153600K), 0.0148890 secs] 196327K->61198K(494976K), 0.0149485 secs] [Times: user=0.01 sys=0.00, real=0.01 secs] 
2018-02-19T13:17:16.256+0000: 318.749: [GC (Allocation Failure) 2018-02-19T13:17:16.256+0000: 318.749: [DefNew: 146328K->8686K(153600K), 0.0163430 secs] 197774K->62212K(494976K), 0.0164032 secs] [Times: user=0.02 sys=0.00, real=0.02 secs] 
2018-02-19T13:17:42.245+0000: 344.738: [GC (Allocation Failure) 2018-02-19T13:17:42.245+0000: 344.738: [DefNew: 145262K->9196K(153600K), 0.0150299 secs] 198788K->63725K(494976K), 0.0151062 secs] [Times: user=0.02 sys=0.00, real=0.01 secs] 
2018-02-19T13:18:06.485+0000: 368.978: [GC (Allocation Failure) 2018-02-19T13:18:06.485+0000: 368.978: [DefNew: 145772K->9102K(153600K), 0.0157597 secs] 200301K->64644K(494976K), 0.0158245 secs] [Times: user=0.01 sys=0.00, real=0.01 secs] 
2018-02-19T13:18:25.358+0000: 387.851: [GC (Allocation Failure) 2018-02-19T13:18:25.358+0000: 387.851: [DefNew: 145678K->9172K(153600K), 0.0164721 secs] 201220K->65907K(494976K), 0.0165453 secs] [Times: user=0.02 sys=0.00, real=0.02 secs] 
2018-02-19T13:18:48.299+0000: 410.792: [GC (Allocation Failure) 2018-02-19T13:18:48.299+0000: 410.792: [DefNew: 145748K->9509K(153600K), 0.0169927 secs] 202483K->67263K(494976K), 0.0170442 secs] [Times: user=0.02 sys=0.00, real=0.02 secs] 
2018-02-19T13:19:14.497+0000: 436.990: [GC (Allocation Failure) 2018-02-19T13:19:14.497+0000: 436.990: [DefNew: 146085K->9446K(153600K), 0.0155257 secs] 203839K->68389K(494976K), 0.0155943 secs] [Times: user=0.02 sys=0.00, real=0.02 secs] 
2018-02-19T13:19:39.907+0000: 462.400: [GC (Allocation Failure) 2018-02-19T13:19:39.907+0000: 462.400: [DefNew: 146022K->9767K(153600K), 0.0169081 secs] 204965K->69795K(494976K), 0.0169724 secs] [Times: user=0.02 sys=0.00, real=0.02 secs] 
2018-02-19T13:19:59.142+0000: 481.635: [GC (Allocation Failure) 2018-02-19T13:19:59.142+0000: 481.635: [DefNew: 146343K->9602K(153600K), 0.0165020 secs] 206371K->70815K(494976K), 0.0165665 secs] [Times: user=0.02 sys=0.00, real=0.01 secs] 
2018-02-19T13:20:17.642+0000: 500.135: [GC (Allocation Failure) 2018-02-19T13:20:17.642+0000: 500.135: [DefNew: 146178K->9698K(153600K), 0.0169309 secs] 207391K->72036K(494976K), 0.0170005 secs] [Times: user=0.02 sys=0.00, real=0.01 secs] 
2018-02-19T13:20:39.966+0000: 522.459: [GC (Allocation Failure) 2018-02-19T13:20:39.966+0000: 522.459: [DefNew: 146274K->8678K(153600K), 0.0203235 secs] 208612K->73110K(494976K), 0.0203878 secs] [Times: user=0.02 sys=0.00, real=0.02 secs] 
2018-02-19T13:21:03.799+0000: 546.292: [GC (Allocation Failure) 2018-02-19T13:21:03.799+0000: 546.292: [DefNew: 145254K->9912K(153600K), 0.0169776 secs] 209686K->75357K(494976K), 0.0170464 secs] [Times: user=0.02 sys=0.00, real=0.02 secs] 
2018-02-19T13:21:25.603+0000: 568.096: [GC (Allocation Failure) 2018-02-19T13:21:25.603+0000: 568.096: [DefNew: 146488K->10393K(153600K), 0.0159740 secs] 211933K->77077K(494976K), 0.0160316 secs] [Times: user=0.01 sys=0.00, real=0.01 secs] 
2018-02-19T13:21:47.663+0000: 590.156: [GC (Allocation Failure) 2018-02-19T13:21:47.663+0000: 590.156: [DefNew: 146969K->8323K(153600K), 0.0187009 secs] 213653K->78477K(494976K), 0.0187719 secs] [Times: user=0.01 sys=0.00, real=0.02 secs] 
2018-02-19T13:22:11.419+0000: 613.912: [GC (Allocation Failure) 2018-02-19T13:22:11.419+0000: 613.912: [DefNew: 144899K->9663K(153600K), 0.0146135 secs] 215053K->79817K(494976K), 0.0146749 secs] [Times: user=0.01 sys=0.00, real=0.02 secs] 
2018-02-19T13:22:34.069+0000: 636.562: [GC (Allocation Failure) 2018-02-19T13:22:34.069+0000: 636.562: [DefNew: 146239K->9917K(153600K), 0.0168070 secs] 216393K->81266K(494976K), 0.0168757 secs] [Times: user=0.01 sys=0.01, real=0.01 secs] 
2018-02-19T13:22:57.370+0000: 659.863: [GC (Allocation Failure) 2018-02-19T13:22:57.370+0000: 659.863: [DefNew: 146493K->9937K(153600K), 0.0160542 secs] 217842K->82535K(494976K), 0.0161120 secs] [Times: user=0.01 sys=0.00, real=0.01 secs] 
2018-02-19T13:23:20.601+0000: 683.094: [GC (Allocation Failure) 2018-02-19T13:23:20.601+0000: 683.094: [DefNew: 146513K->8836K(153600K), 0.0275933 secs] 219111K->84003K(494976K), 0.0276552 secs] [Times: user=0.01 sys=0.02, real=0.02 secs] 
2018-02-19T13:23:43.626+0000: 706.119: [GC (Allocation Failure) 2018-02-19T13:23:43.626+0000: 706.119: [DefNew: 145412K->8757K(153600K), 0.0155070 secs] 220579K->85275K(494976K), 0.0155678 secs] [Times: user=0.02 sys=0.00, real=0.02 secs] 
2018-02-19T13:24:06.518+0000: 729.011: [GC (Allocation Failure) 2018-02-19T13:24:06.518+0000: 729.011: [DefNew: 145333K->8905K(153600K), 0.0278476 secs] 221851K->86887K(494976K), 0.0279087 secs] [Times: user=0.00 sys=0.02, real=0.03 secs] 
2018-02-19T13:24:27.245+0000: 749.738: [GC (Allocation Failure) 2018-02-19T13:24:27.245+0000: 749.738: [DefNew: 145481K->8960K(153600K), 0.0157418 secs] 223463K->88418K(494976K), 0.0157966 secs] [Times: user=0.02 sys=0.00, real=0.01 secs] 
2018-02-19T13:24:47.657+0000: 770.150: [GC (Allocation Failure) 2018-02-19T13:24:47.657+0000: 770.150: [DefNew: 145536K->8881K(153600K), 0.0146284 secs] 224994K->89856K(494976K), 0.0147091 secs] [Times: user=0.02 sys=0.00, real=0.02 secs] 
2018-02-19T13:25:06.152+0000: 788.645: [GC (Allocation Failure) 2018-02-19T13:25:06.152+0000: 788.645: [DefNew: 145457K->8963K(153600K), 0.0161905 secs] 226432K->91349K(494976K), 0.0162851 secs] [Times: user=0.02 sys=0.00, real=0.01 secs] 
2018-02-19T13:25:31.008+0000: 813.501: [GC (Allocation Failure) 2018-02-19T13:25:31.008+0000: 813.501: [DefNew: 145539K->9482K(153600K), 0.0166405 secs] 227925K->93317K(494976K), 0.0166990 secs] [Times: user=0.01 sys=0.00, real=0.02 secs] 
2018-02-19T13:25:51.163+0000: 833.656: [GC (Allocation Failure) 2018-02-19T13:25:51.163+0000: 833.656: [DefNew: 146058K->9463K(153600K), 0.0159294 secs] 229893K->94707K(494976K), 0.0159890 secs] [Times: user=0.02 sys=0.00, real=0.01 secs] 
2018-02-19T13:26:15.090+0000: 857.583: [GC (Allocation Failure) 2018-02-19T13:26:15.090+0000: 857.583: [DefNew: 146039K->10295K(153600K), 0.0289444 secs] 231283K->96849K(494976K), 0.0290079 secs] [Times: user=0.00 sys=0.03, real=0.02 secs] 
2018-02-19T13:26:40.131+0000: 882.624: [GC (Allocation Failure) 2018-02-19T13:26:40.131+0000: 882.624: [DefNew: 146871K->10238K(153600K), 0.0294469 secs] 233425K->98308K(494976K), 0.0295116 secs] [Times: user=0.00 sys=0.02, real=0.02 secs] 
2018-02-19T13:26:55.196+0000: 897.689: [GC (Allocation Failure) 2018-02-19T13:26:55.196+0000: 897.689: [DefNew: 146814K->9973K(153600K), 0.0172798 secs] 234884K->99852K(494976K), 0.0173486 secs] [Times: user=0.01 sys=0.00, real=0.02 secs] 
2018-02-19T13:27:18.764+0000: 921.257: [GC (Allocation Failure) 2018-02-19T13:27:18.764+0000: 921.257: [DefNew: 146549K->9951K(153600K), 0.0156920 secs] 236428K->101392K(494976K), 0.0157529 secs] [Times: user=0.01 sys=0.00, real=0.01 secs] 
13:27:39.152 [Client] INFO  c.s.f.r.e.s.SocketRear  - FlameSocketGraphDeployerRear@172.31.42.36: has been disconnected from Connection 5
13:27:51.955 [worker-akka.actor.default-dispatcher-2] INFO  a.a.CoordinatedShutdown CoordinatedShutdown(akka://worker) - Starting coordinated shutdown from JVM shutdown hook
13:27:52.009 [worker-akka.actor.default-dispatcher-2] INFO  a.a.LocalActorRef akka://worker/user/watcher/graph0000000000/negotiator - Stopped
13:27:52.010 [worker-akka.actor.default-dispatcher-2] INFO  a.a.LocalActorRef akka://worker/user/watcher/graph0000000000/edge/FlameSocketGraphDeployerFront - Stopped
13:27:52.012 [worker-akka.actor.default-dispatcher-2] INFO  a.a.LocalActorRef akka://worker/user/watcher/graph0000000000/edge/FlameSocketGraphDeployerRear - Stopped
13:27:52.012 [worker-akka.actor.default-dispatcher-2] INFO  a.a.LocalActorRef akka://worker/user/watcher/graph0000000000/graph/local-acker/$a - Stopped
13:27:52.013 [worker-akka.actor.default-dispatcher-2] INFO  a.a.LocalActorRef akka://worker/user/watcher/graph0000000000/graph/$a - Stopped
13:27:52.015 [worker-akka.actor.default-dispatcher-2] INFO  a.a.LocalActorRef akka://worker/user/watcher/graph0000000000/graph/local-acker/$a - Message [com.spbsu.flamestream.runtime.utils.akka.PingActor$InnerPing] from Actor[akka://worker/user/watcher/graph0000000000/graph/local-acker/$a#701948037] to Actor[akka://worker/user/watcher/graph0000000000/graph/local-acker/$a#701948037] was not delivered. [1] dead letters encountered. This logging can be turned off or adjusted with configuration settings 'akka.log-dead-letters' and 'akka.log-dead-letters-during-shutdown'.
13:27:52.015 [worker-akka.actor.default-dispatcher-2] INFO  a.a.LocalActorRef akka://worker/user/watcher/graph0000000000/graph/$b - Stopped
13:27:52.016 [worker-akka.actor.default-dispatcher-2] INFO  a.a.LocalActorRef akka://worker/user/watcher/graph0000000000/graph/$c - Stopped
13:27:52.018 [worker-akka.actor.default-dispatcher-2] INFO  a.a.LocalActorRef akka://worker/user/watcher/graph0000000000/graph/local-acker - Stopped
13:27:52.022 [worker-akka.actor.default-dispatcher-2] INFO  a.a.LocalActorRef akka://worker/user/watcher/graph0000000000/edge - Stopped
13:27:52.023 [worker-akka.actor.default-dispatcher-2] INFO  a.a.LocalActorRef akka://worker/user/watcher/graph0000000000/graph - Stopped
13:27:52.024 [worker-akka.actor.default-dispatcher-2] INFO  a.a.LocalActorRef akka://worker/user/watcher/graph0000000000 - Stopped
13:27:52.024 [worker-akka.actor.default-dispatcher-2] INFO  a.a.LocalActorRef akka://worker/user/watcher/graph0000000000/graph/local-acker/$a - Message [com.spbsu.flamestream.runtime.utils.akka.PingActor$Stop] from Actor[akka://worker/user/watcher/graph0000000000/graph/local-acker#979359276] to Actor[akka://worker/user/watcher/graph0000000000/graph/local-acker/$a#701948037] was not delivered. [2] dead letters encountered. This logging can be turned off or adjusted with configuration settings 'akka.log-dead-letters' and 'akka.log-dead-letters-during-shutdown'.
13:27:52.024 [worker-akka.actor.default-dispatcher-2] INFO  a.a.LocalActorRef akka://worker/user/watcher/graph0000000000/graph/local-acker - Message [com.spbsu.flamestream.runtime.acker.LocalAcker$Flush] from Actor[akka://worker/user/watcher/graph0000000000/graph/local-acker#979359276] to Actor[akka://worker/user/watcher/graph0000000000/graph/local-acker#979359276] was not delivered. [3] dead letters encountered. This logging can be turned off or adjusted with configuration settings 'akka.log-dead-letters' and 'akka.log-dead-letters-during-shutdown'.
13:27:52.027 [worker-akka.actor.default-dispatcher-2] INFO  a.a.LocalActorRef akka://worker/user/watcher/graph0000000000/graph/local-acker - Message [com.spbsu.flamestream.runtime.acker.LocalAcker$Flush] from Actor[akka://worker/user/watcher/graph0000000000/graph/local-acker#979359276] to Actor[akka://worker/user/watcher/graph0000000000/graph/local-acker#979359276] was not delivered. [4] dead letters encountered. This logging can be turned off or adjusted with configuration settings 'akka.log-dead-letters' and 'akka.log-dead-letters-during-shutdown'.
13:27:52.027 [worker-akka.actor.default-dispatcher-2] INFO  a.a.LocalActorRef akka://worker/user/watcher/graph0000000000/graph/local-acker - Message [com.spbsu.flamestream.runtime.acker.LocalAcker$Flush] from Actor[akka://worker/user/watcher/graph0000000000/graph/local-acker#979359276] to Actor[akka://worker/user/watcher/graph0000000000/graph/local-acker#979359276] was not delivered. [5] dead letters encountered. This logging can be turned off or adjusted with configuration settings 'akka.log-dead-letters' and 'akka.log-dead-letters-during-shutdown'.
13:27:52.029 [worker-akka.actor.default-dispatcher-2-EventThread] INFO  o.a.z.ClientCnxn  - EventThread shut down for session: 0x161ae307a940003
13:27:52.029 [worker-akka.actor.default-dispatcher-2] INFO  o.a.z.ZooKeeper  - Session: 0x161ae307a940003 closed
13:27:52.030 [worker-akka.actor.default-dispatcher-2] INFO  a.a.RepointableActorRef akka://worker/user/watcher - Stopped
13:27:52.045 [worker-akka.actor.default-dispatcher-2] INFO  a.r.RemoteActorRefProvider$RemotingTerminator akka://worker@172.31.42.36:5412/system/remoting-terminator - Shutting down remote daemon.
13:27:52.047 [worker-akka.actor.default-dispatcher-2] INFO  a.r.RemoteActorRefProvider$RemotingTerminator akka://worker@172.31.42.36:5412/system/remoting-terminator - Remote daemon shut down; proceeding with flushing remote transports.
13:27:52.212 [worker-akka.actor.default-dispatcher-2] INFO  a.r.RemoteActorRefProvider$RemotingTerminator akka://worker@172.31.42.36:5412/system/remoting-terminator - Remoting shut down.
2018-02-19T13:27:52.234+0000: 954.727: [GC (Allocation Failure) 2018-02-19T13:27:52.234+0000: 954.727: [DefNew: 146527K->10855K(153600K), 0.0175092 secs] 237968K->103636K(494976K), 0.0175683 secs] [Times: user=0.02 sys=0.00, real=0.02 secs] 
Heap
 def new generation   total 153600K, used 13225K [0x00000000e0c00000, 0x00000000eb2a0000, 0x00000000eb2a0000)
  eden space 136576K,   1% used [0x00000000e0c00000, 0x00000000e0e50b98, 0x00000000e9160000)
  from space 17024K,  63% used [0x00000000e9160000, 0x00000000e9bf9c08, 0x00000000ea200000)
  to   space 17024K,   0% used [0x00000000ea200000, 0x00000000ea200000, 0x00000000eb2a0000)
 tenured generation   total 341376K, used 92781K [0x00000000eb2a0000, 0x0000000100000000, 0x0000000100000000)
   the space 341376K,  27% used [0x00000000eb2a0000, 0x00000000f0d3b650, 0x00000000f0d3b800, 0x0000000100000000)
 Metaspace       used 33547K, capacity 34298K, committed 34688K, reserved 1079296K
  class space    used 4456K, capacity 4624K, committed 4736K, reserved 1048576K
