14:11:23.294 [worker-akka.actor.default-dispatcher-2] INFO  a.e.s.Slf4jLogger  - Slf4jLogger started
2018-02-19T14:11:23.471+0000: 2.624: [Full GC (Metadata GC Threshold) 2018-02-19T14:11:23.471+0000: 2.624: [Tenured: 0K->15491K(341376K), 0.0388194 secs] 117538K->15491K(494976K), [Metaspace: 20936K->20936K(1067008K)], 0.0388844 secs] [Times: user=0.03 sys=0.00, real=0.04 secs] 
Ama winner
Ama winner
14:11:23.900 [worker-akka.actor.default-dispatcher-2] INFO  a.r.a.ArteryTransport(akka://worker) akka.remote.artery.ArteryTransport(akka://worker) - Started embedded media driver in directory [/dev/shm/aeron-root-worker-d9ffca4f-676b-4e82-b095-43b08f6c582b]
14:11:24.110 [worker-akka.actor.default-dispatcher-2] INFO  a.r.a.ArteryTransport(akka://worker) akka.remote.artery.ArteryTransport(akka://worker) - Remoting started; listening on address: [akka://worker@172.31.37.101:5412] with UID [1464701082899612867]
14:11:24.181 [worker-akka.actor.default-dispatcher-2] INFO  o.a.z.ZooKeeper  - Client environment:zookeeper.version=3.4.9-1757313, built on 08/23/2016 06:50 GMT
14:11:24.181 [worker-akka.actor.default-dispatcher-2] INFO  o.a.z.ZooKeeper  - Client environment:host.name=ip-172-31-37-101.us-east-2.compute.internal
14:11:24.182 [worker-akka.actor.default-dispatcher-2] INFO  o.a.z.ZooKeeper  - Client environment:java.version=1.8.0_151
14:11:24.182 [worker-akka.actor.default-dispatcher-2] INFO  o.a.z.ZooKeeper  - Client environment:java.vendor=Oracle Corporation
14:11:24.182 [worker-akka.actor.default-dispatcher-2] INFO  o.a.z.ZooKeeper  - Client environment:java.home=/usr/lib/jvm/java-8-openjdk-amd64/jre
14:11:24.182 [worker-akka.actor.default-dispatcher-2] INFO  o.a.z.ZooKeeper  - Client environment:java.class.path=lib/commons-cli-1.4.jar:lib/minlog-1.3.0.jar:lib/asm-5.0.4.jar:lib/hadoop-annotations-2.7.3.jar:lib/hadoop-auth-2.7.3.jar:lib/akka-slf4j_2.11-2.5.6.jar:lib/jersey-core-1.9.jar:lib/lz4-1.3.0.jar:lib/jackson-core-asl-1.9.13.jar:lib/aeron-client-1.3.0.jar:lib/htrace-core-3.1.0-incubating.jar:lib/xz-1.0.jar:lib/commons-httpclient-3.1.jar:lib/asm-3.1.jar:lib/commons-lang3-3.4.jar:lib/scala-library-2.11.11.jar:lib/scala-java8-compat_2.11-0.7.0.jar:lib/commons-configuration-1.6.jar:lib/objenesis-2.1.jar:lib/jackson-annotations-2.8.0.jar:lib/jsr305-3.0.0.jar:lib/curator-framework-2.7.1.jar:lib/jersey-server-1.9.jar:lib/jets3t-0.9.0.jar:lib/leveldb-0.7.jar:lib/jetty-6.1.26.jar:lib/stax-api-1.0-2.jar:lib/flamestream-core-1.0-SNAPSHOT.jar:lib/reflectasm-1.07-shaded.jar:lib/apacheds-kerberos-codec-2.0.0-M15.jar:lib/api-asn1-api-1.0.0-M20.jar:lib/commons-lang-2.6.jar:lib/commons-beanutils-1.7.0.jar:lib/jackson-xc-1.8.3.jar:lib/jetty-util-6.1.26.jar:lib/logback-classic-1.2.3.jar:lib/jool-0.9.12.jar:lib/flamestream-runtime-1.0-SNAPSHOT-tests.jar:lib/httpcore-4.1.2.jar:lib/kryo-4.0.0.jar:lib/ant-1.8.1.jar:lib/jaxb-impl-2.2.3-1.jar:lib/jersey-json-1.9.jar:lib/commons-compress-1.4.1.jar:lib/leveldbjni-all-1.8.jar:lib/paranamer-2.3.jar:lib/jackson-core-2.8.4.jar:lib/commons-math3-3.6.1.jar:lib/scala-parser-combinators_2.11-1.0.4.jar:lib/netty-3.10.6.Final.jar:lib/trove4j-3.0.3.jar:lib/jaxb-api-2.2.2.jar:lib/logback-core-1.2.3.jar:lib/snappy-java-1.0.4.1.jar:lib/protobuf-java-2.5.0.jar:lib/reactive-streams-1.0.1.jar:lib/flamestream-examples-1.0-SNAPSHOT.jar:lib/commons-codec-1.4.jar:lib/activation-1.1.jar:lib/commons-net-3.1.jar:lib/curator-recipes-2.7.1.jar:lib/jackson-mapper-asl-1.9.13.jar:lib/jackson-databind-2.8.4.jar:lib/flamestream-runtime-1.0-SNAPSHOT.jar:lib/jackson-jaxrs-1.8.3.jar:lib/slf4j-api-1.7.24.jar:lib/akka-remote_2.11-2.5.6.jar:lib/akka-testkit_2.11-2.5.6.jar:lib/jline-0.9.94.jar:lib/akka-stream_2.11-2.5.6.jar:lib/jsp-api-2.1.jar:lib/kryonet-2.21.jar:lib/akka-kryo-serialization_2.11-0.5.0.jar:lib/config-1.3.1.jar:lib/ant-launcher-1.8.1.jar:lib/commons-logging-1.2.jar:lib/ssl-config-core_2.11-0.2.2.jar:lib/testng-6.10.jar:lib/leveldb-api-0.7.jar:lib/reflectasm-1.11.3.jar:lib/jcommander-1.48.jar:lib/commons-1.1.jar:lib/commons-digester-1.8.jar:lib/minlog-1.2.jar:lib/java-xmlbuilder-0.4.jar:lib/jettison-1.1.jar:lib/gson-2.2.4.jar:lib/jdk.tools-1.8.jar:lib/aeron-driver-1.3.0.jar:lib/zookeeper-3.4.9.jar:lib/commons-beanutils-core-1.8.0.jar:lib/commons-math3-3.1.1.jar:lib/akka-actor_2.11-2.5.6.jar:lib/curator-client-2.7.1.jar:lib/servlet-api-2.5.jar:lib/apacheds-i18n-2.0.0-M15.jar:lib/commons-io-2.4.jar:lib/commons-codec-1.6.jar:lib/akka-protobuf_2.11-2.5.6.jar:lib/protobuf-java-3.5.1.jar:lib/jdom-2.0.2.jar:lib/api-util-1.0.0-M20.jar:lib/hadoop-common-2.7.3.jar:lib/agrona-0.9.6.jar:lib/xmlenc-0.52.jar:lib/guava-21.0.jar:lib/commons-collections-3.2.2.jar:lib/avro-1.7.4.jar:lib/httpclient-4.1.2.jar:lib/flamestream-core-1.0-SNAPSHOT-tests.jar:lib/annotations-12.0.jar:lib/jsch-0.1.42.jar:flamestream-runtime-1.0-SNAPSHOT.jar
14:11:24.182 [worker-akka.actor.default-dispatcher-2] INFO  o.a.z.ZooKeeper  - Client environment:java.library.path=/usr/java/packages/lib/amd64:/usr/lib/x86_64-linux-gnu/jni:/lib/x86_64-linux-gnu:/usr/lib/x86_64-linux-gnu:/usr/lib/jni:/lib:/usr/lib
14:11:24.182 [worker-akka.actor.default-dispatcher-2] INFO  o.a.z.ZooKeeper  - Client environment:java.io.tmpdir=/tmp
14:11:24.182 [worker-akka.actor.default-dispatcher-2] INFO  o.a.z.ZooKeeper  - Client environment:java.compiler=<NA>
14:11:24.182 [worker-akka.actor.default-dispatcher-2] INFO  o.a.z.ZooKeeper  - Client environment:os.name=Linux
14:11:24.182 [worker-akka.actor.default-dispatcher-2] INFO  o.a.z.ZooKeeper  - Client environment:os.arch=amd64
14:11:24.182 [worker-akka.actor.default-dispatcher-2] INFO  o.a.z.ZooKeeper  - Client environment:os.version=4.4.0-1049-aws
14:11:24.182 [worker-akka.actor.default-dispatcher-2] INFO  o.a.z.ZooKeeper  - Client environment:user.name=root
14:11:24.183 [worker-akka.actor.default-dispatcher-2] INFO  o.a.z.ZooKeeper  - Client environment:user.home=/root
14:11:24.183 [worker-akka.actor.default-dispatcher-2] INFO  o.a.z.ZooKeeper  - Client environment:user.dir=/opt/flamestream
14:11:24.185 [worker-akka.actor.default-dispatcher-2] INFO  o.a.z.ZooKeeper  - Initiating client connection, connectString=172.31.34.147:2181 sessionTimeout=5000 watcher=com.spbsu.flamestream.runtime.application.LifecycleWatcher$$Lambda$29/2091173542@1b48f905
14:11:24.210 [worker-akka.actor.default-dispatcher-2] INFO  a.a.RepointableActorRef akka://worker/user/watcher - Starting...
14:11:24.213 [worker-akka.actor.default-dispatcher-2-SendThread(172.31.34.147:2181)] INFO  o.a.z.ClientCnxn  - Opening socket connection to server 172.31.34.147/172.31.34.147:2181. Will not attempt to authenticate using SASL (unknown error)
14:11:24.217 [worker-akka.actor.default-dispatcher-2-SendThread(172.31.34.147:2181)] INFO  o.a.z.ClientCnxn  - Socket connection established to 172.31.34.147/172.31.34.147:2181, initiating session
14:11:24.223 [worker-akka.actor.default-dispatcher-2-SendThread(172.31.34.147:2181)] INFO  o.a.z.ClientCnxn  - Session establishment complete on server 172.31.34.147/172.31.34.147:2181, sessionid = 0x161ae66be2d000b, negotiated timeout = 6000
14:11:24.319 [worker-akka.actor.default-dispatcher-2] INFO  a.a.RepointableActorRef akka://worker/user/watcher - Connected to ZK
14:11:33.900 [worker-akka.actor.default-dispatcher-2] INFO  a.a.RepointableActorRef akka://worker/user/watcher - Creating node with watchGraphs: 'com.spbsu.flamestream.core.Graph$Builder$MyGraph@22aae96d', config: 'ClusterConfig{paths={172.31.33.155=akka://worker@172.31.33.155:5412/user/watcher/graph0000000000, 172.31.47.83=akka://worker@172.31.47.83:5412/user/watcher/graph0000000000, 172.31.45.197=akka://worker@172.31.45.197:5412/user/watcher/graph0000000000, 172.31.42.36=akka://worker@172.31.42.36:5412/user/watcher/graph0000000000, 172.31.44.83=akka://worker@172.31.44.83:5412/user/watcher/graph0000000000, 172.31.39.64=akka://worker@172.31.39.64:5412/user/watcher/graph0000000000, 172.31.35.79=akka://worker@172.31.35.79:5412/user/watcher/graph0000000000, 172.31.34.169=akka://worker@172.31.34.169:5412/user/watcher/graph0000000000, 172.31.47.100=akka://worker@172.31.47.100:5412/user/watcher/graph0000000000, 172.31.37.101=akka://worker@172.31.37.101:5412/user/watcher/graph0000000000}, ackerLocation='172.31.35.79', props=ComputationLayout{ranges={172.31.33.155=HashRange{from=-1670265060, to=-1193046472}, 172.31.47.83=HashRange{from=1670265056, to=2147483644}, 172.31.45.197=HashRange{from=-715827884, to=-238609296}, 172.31.42.36=HashRange{from=1193046468, to=1670265056}, 172.31.44.83=HashRange{from=-238609296, to=238609292}, 172.31.39.64=HashRange{from=715827880, to=1193046468}, 172.31.35.79=HashRange{from=0, to=0}, 172.31.34.169=HashRange{from=-2147483648, to=-1670265060}, 172.31.47.100=HashRange{from=238609292, to=715827880}, 172.31.37.101=HashRange{from=-1193046472, to=-715827884}}}}'
14:11:34.671 [worker-akka.actor.default-dispatcher-2] INFO  a.a.LocalActorRef akka://worker/user/watcher/graph0000000000/graph - Starting...
14:11:34.672 [worker-akka.actor.default-dispatcher-2] INFO  a.a.LocalActorRef akka://worker/user/watcher/graph0000000000/graph/local-acker - Starting...
14:11:34.674 [worker-akka.actor.default-dispatcher-2] INFO  a.a.LocalActorRef akka://worker/user/watcher/graph0000000000/graph/local-acker/$a - Starting...
Warning: space is running low in /dev/shm (tmpfs) threshold=167,772,160 usable=158,621,696
Warning: space is running low in /dev/shm (tmpfs) threshold=167,772,160 usable=146,034,688
Warning: space is running low in /dev/shm (tmpfs) threshold=167,772,160 usable=133,447,680
Warning: space is running low in /dev/shm (tmpfs) threshold=167,772,160 usable=120,860,672
Warning: space is running low in /dev/shm (tmpfs) threshold=167,772,160 usable=108,273,664
Warning: space is running low in /dev/shm (tmpfs) threshold=167,772,160 usable=95,686,656
Warning: space is running low in /dev/shm (tmpfs) threshold=167,772,160 usable=83,099,648
Warning: space is running low in /dev/shm (tmpfs) threshold=167,772,160 usable=70,512,640
14:11:36.014 [worker-akka.actor.default-dispatcher-2] INFO  a.a.LocalActorRef akka://worker/user/watcher/graph0000000000 - Starting...
14:11:36.016 [worker-akka.actor.default-dispatcher-2] INFO  a.a.LocalActorRef akka://worker/user/watcher/graph0000000000/graph - Finishing constructor
14:11:36.017 [worker-akka.actor.default-dispatcher-2] INFO  a.a.LocalActorRef akka://worker/user/watcher/graph0000000000/negotiator - Starting...
14:11:36.019 [worker-akka.actor.default-dispatcher-2] INFO  a.a.LocalActorRef akka://worker/user/watcher/graph0000000000/edge - Starting...
14:11:36.104 [worker-akka.actor.default-dispatcher-2] INFO  c.s.f.r.e.s.SocketRear  - FlameSocketGraphDeployerRear@172.31.37.101: connecting to 172.31.34.147:5678
14:11:36.112 [worker-akka.actor.default-dispatcher-2] INFO  c.s.f.r.e.s.SocketRear  - FlameSocketGraphDeployerRear@172.31.37.101: connected to 172.31.34.147:5678
14:11:36.140 [worker-akka.actor.default-dispatcher-2] INFO  a.a.LocalActorRef akka://worker/user/watcher/graph0000000000/graph/$a - Starting...
14:11:36.142 [worker-akka.actor.default-dispatcher-2] INFO  a.a.LocalActorRef akka://worker/user/watcher/graph0000000000/graph/$b - Starting...
14:11:36.143 [worker-akka.actor.default-dispatcher-2] INFO  a.a.LocalActorRef akka://worker/user/watcher/graph0000000000/graph/$c - Starting...
14:11:36.150 [worker-akka.actor.default-dispatcher-2] INFO  a.a.LocalActorRef akka://worker/user/watcher/graph0000000000/edge/FlameSocketGraphDeployerRear - Starting...
14:11:36.151 [worker-akka.actor.default-dispatcher-2] INFO  a.a.LocalActorRef akka://worker/user/watcher/graph0000000000/edge/FlameSocketGraphDeployerFront - Starting...
14:11:36.151 [worker-akka.actor.default-dispatcher-2] INFO  a.a.LocalActorRef akka://worker/user/watcher/graph0000000000/negotiator - Requesting ticket for the frontClass FlameSocketGraphDeployerFront@172.31.37.101
14:11:36.152 [worker-akka.actor.default-dispatcher-2] INFO  a.a.LocalActorRef akka://worker/user/watcher/graph0000000000/negotiator - Ticket for the frontClass received: FrontTicket{allowedTimestamp=(1519049493891, FlameSocketGraphDeployerFront@172.31.37.101)}
14:11:36.153 [worker-akka.actor.default-dispatcher-2] INFO  c.s.f.r.e.s.SocketFront  - FlameSocketGraphDeployerFront@172.31.37.101: connecting to 172.31.34.147:4567
14:11:36.163 [Client] INFO  c.s.f.r.e.s.SocketFront  - FlameSocketGraphDeployerFront@172.31.37.101 has been disconnected from Connection 5
2018-02-19T14:11:39.568+0000: 18.721: [GC (Allocation Failure) 2018-02-19T14:11:39.568+0000: 18.721: [DefNew: 136576K->15394K(153600K), 0.0285575 secs] 152067K->50416K(494976K), 0.0286591 secs] [Times: user=0.02 sys=0.01, real=0.03 secs] 
2018-02-19T14:11:51.435+0000: 30.588: [GC (Allocation Failure) 2018-02-19T14:11:51.435+0000: 30.588: [DefNew: 151970K->3704K(153600K), 0.0171833 secs] 186992K->46221K(494976K), 0.0172499 secs] [Times: user=0.02 sys=0.00, real=0.01 secs] 
2018-02-19T14:12:03.428+0000: 42.581: [GC (Allocation Failure) 2018-02-19T14:12:03.428+0000: 42.581: [DefNew: 140280K->5450K(153600K), 0.0113927 secs] 182797K->47967K(494976K), 0.0114558 secs] [Times: user=0.01 sys=0.00, real=0.01 secs] 
2018-02-19T14:12:14.892+0000: 54.046: [GC (Allocation Failure) 2018-02-19T14:12:14.892+0000: 54.046: [DefNew: 142026K->7452K(153600K), 0.0159132 secs] 184543K->49969K(494976K), 0.0159749 secs] [Times: user=0.01 sys=0.00, real=0.02 secs] 
2018-02-19T14:12:26.303+0000: 65.457: [GC (Allocation Failure) 2018-02-19T14:12:26.303+0000: 65.457: [DefNew: 144028K->8878K(153600K), 0.0147408 secs] 186545K->51395K(494976K), 0.0148014 secs] [Times: user=0.02 sys=0.00, real=0.01 secs] 
2018-02-19T14:12:36.755+0000: 75.908: [GC (Allocation Failure) 2018-02-19T14:12:36.755+0000: 75.908: [DefNew: 145454K->8008K(153600K), 0.0162959 secs] 187971K->52199K(494976K), 0.0163626 secs] [Times: user=0.02 sys=0.00, real=0.01 secs] 
2018-02-19T14:12:48.120+0000: 87.273: [GC (Allocation Failure) 2018-02-19T14:12:48.120+0000: 87.273: [DefNew: 144584K->9052K(153600K), 0.0143419 secs] 188775K->53243K(494976K), 0.0144005 secs] [Times: user=0.01 sys=0.00, real=0.01 secs] 
2018-02-19T14:13:03.721+0000: 102.875: [GC (Allocation Failure) 2018-02-19T14:13:03.721+0000: 102.875: [DefNew: 145628K->9209K(153600K), 0.0171410 secs] 189819K->54442K(494976K), 0.0172079 secs] [Times: user=0.02 sys=0.00, real=0.02 secs] 
2018-02-19T14:13:18.272+0000: 117.425: [GC (Allocation Failure) 2018-02-19T14:13:18.272+0000: 117.425: [DefNew: 145785K->9922K(153600K), 0.0203439 secs] 191018K->56179K(494976K), 0.0204079 secs] [Times: user=0.02 sys=0.00, real=0.02 secs] 
2018-02-19T14:13:29.315+0000: 128.468: [GC (Allocation Failure) 2018-02-19T14:13:29.315+0000: 128.468: [DefNew: 146498K->8879K(153600K), 0.0179275 secs] 192755K->57367K(494976K), 0.0179935 secs] [Times: user=0.02 sys=0.00, real=0.01 secs] 
2018-02-19T14:13:44.177+0000: 143.330: [GC (Allocation Failure) 2018-02-19T14:13:44.177+0000: 143.330: [DefNew: 145455K->8776K(153600K), 0.0156217 secs] 193943K->58296K(494976K), 0.0156817 secs] [Times: user=0.02 sys=0.00, real=0.01 secs] 
2018-02-19T14:13:58.031+0000: 157.185: [GC (Allocation Failure) 2018-02-19T14:13:58.031+0000: 157.185: [DefNew: 145352K->8874K(153600K), 0.0159188 secs] 194872K->59510K(494976K), 0.0159810 secs] [Times: user=0.01 sys=0.00, real=0.02 secs] 
2018-02-19T14:14:11.756+0000: 170.909: [GC (Allocation Failure) 2018-02-19T14:14:11.756+0000: 170.909: [DefNew: 145450K->8837K(153600K), 0.0161378 secs] 196086K->61099K(494976K), 0.0161988 secs] [Times: user=0.02 sys=0.00, real=0.01 secs] 
2018-02-19T14:14:25.276+0000: 184.429: [GC (Allocation Failure) 2018-02-19T14:14:25.276+0000: 184.429: [DefNew: 145413K->8761K(153600K), 0.0167612 secs] 197675K->62195K(494976K), 0.0168221 secs] [Times: user=0.01 sys=0.00, real=0.01 secs] 
2018-02-19T14:14:38.686+0000: 197.840: [GC (Allocation Failure) 2018-02-19T14:14:38.686+0000: 197.840: [DefNew: 145337K->8822K(153600K), 0.0157779 secs] 198771K->63264K(494976K), 0.0158402 secs] [Times: user=0.02 sys=0.00, real=0.01 secs] 
2018-02-19T14:14:52.347+0000: 211.500: [GC (Allocation Failure) 2018-02-19T14:14:52.347+0000: 211.500: [DefNew: 145398K->8979K(153600K), 0.0165698 secs] 199840K->64600K(494976K), 0.0166534 secs] [Times: user=0.02 sys=0.00, real=0.02 secs] 
2018-02-19T14:15:05.862+0000: 225.016: [GC (Allocation Failure) 2018-02-19T14:15:05.862+0000: 225.016: [DefNew: 145555K->9090K(153600K), 0.0166270 secs] 201176K->65805K(494976K), 0.0167179 secs] [Times: user=0.02 sys=0.00, real=0.02 secs] 
2018-02-19T14:15:17.562+0000: 236.715: [GC (Allocation Failure) 2018-02-19T14:15:17.562+0000: 236.715: [DefNew: 145666K->9163K(153600K), 0.0161586 secs] 202381K->66969K(494976K), 0.0162160 secs] [Times: user=0.01 sys=0.00, real=0.02 secs] 
2018-02-19T14:15:33.894+0000: 253.047: [GC (Allocation Failure) 2018-02-19T14:15:33.894+0000: 253.047: [DefNew: 145739K->9348K(153600K), 0.0167024 secs] 203545K->68241K(494976K), 0.0167768 secs] [Times: user=0.01 sys=0.01, real=0.02 secs] 
2018-02-19T14:15:48.940+0000: 268.093: [GC (Allocation Failure) 2018-02-19T14:15:48.940+0000: 268.093: [DefNew: 145924K->9590K(153600K), 0.0165438 secs] 204817K->69562K(494976K), 0.0166027 secs] [Times: user=0.02 sys=0.00, real=0.02 secs] 
2018-02-19T14:16:01.753+0000: 280.906: [GC (Allocation Failure) 2018-02-19T14:16:01.753+0000: 280.906: [DefNew: 146166K->9692K(153600K), 0.0171873 secs] 206138K->70705K(494976K), 0.0172516 secs] [Times: user=0.01 sys=0.00, real=0.02 secs] 
2018-02-19T14:16:13.634+0000: 292.787: [GC (Allocation Failure) 2018-02-19T14:16:13.634+0000: 292.787: [DefNew: 146268K->9108K(153600K), 0.0178860 secs] 207281K->72258K(494976K), 0.0179487 secs] [Times: user=0.02 sys=0.00, real=0.02 secs] 
2018-02-19T14:16:27.604+0000: 306.757: [GC (Allocation Failure) 2018-02-19T14:16:27.604+0000: 306.757: [DefNew: 145684K->9508K(153600K), 0.0169391 secs] 208834K->73930K(494976K), 0.0170003 secs] [Times: user=0.02 sys=0.00, real=0.01 secs] 
2018-02-19T14:16:40.403+0000: 319.556: [GC (Allocation Failure) 2018-02-19T14:16:40.403+0000: 319.556: [DefNew: 146084K->10735K(153600K), 0.0178899 secs] 210506K->76386K(494976K), 0.0179511 secs] [Times: user=0.02 sys=0.00, real=0.01 secs] 
2018-02-19T14:16:52.654+0000: 331.808: [GC (Allocation Failure) 2018-02-19T14:16:52.654+0000: 331.808: [DefNew: 147311K->8627K(153600K), 0.0176880 secs] 212962K->77090K(494976K), 0.0177486 secs] [Times: user=0.01 sys=0.00, real=0.01 secs] 
2018-02-19T14:17:04.849+0000: 344.002: [GC (Allocation Failure) 2018-02-19T14:17:04.849+0000: 344.002: [DefNew: 145203K->8222K(153600K), 0.0166633 secs] 213666K->79108K(494976K), 0.0167275 secs] [Times: user=0.01 sys=0.00, real=0.02 secs] 
2018-02-19T14:17:19.127+0000: 358.280: [GC (Allocation Failure) 2018-02-19T14:17:19.127+0000: 358.280: [DefNew: 144798K->9274K(153600K), 0.0143909 secs] 215684K->80160K(494976K), 0.0145180 secs] [Times: user=0.01 sys=0.00, real=0.01 secs] 
2018-02-19T14:17:29.045+0000: 368.198: [GC (Allocation Failure) 2018-02-19T14:17:29.045+0000: 368.198: [DefNew: 145850K->9560K(153600K), 0.0162791 secs] 216736K->81568K(494976K), 0.0163515 secs] [Times: user=0.02 sys=0.00, real=0.01 secs] 
2018-02-19T14:17:43.322+0000: 382.475: [GC (Allocation Failure) 2018-02-19T14:17:43.322+0000: 382.475: [DefNew: 146136K->9549K(153600K), 0.0164861 secs] 218144K->82736K(494976K), 0.0165549 secs] [Times: user=0.02 sys=0.00, real=0.02 secs] 
2018-02-19T14:17:55.168+0000: 394.321: [GC (Allocation Failure) 2018-02-19T14:17:55.168+0000: 394.321: [DefNew: 146125K->9872K(153600K), 0.0167889 secs] 219312K->84267K(494976K), 0.0168469 secs] [Times: user=0.02 sys=0.00, real=0.02 secs] 
2018-02-19T14:18:08.922+0000: 408.076: [GC (Allocation Failure) 2018-02-19T14:18:08.923+0000: 408.076: [DefNew: 146448K->10166K(153600K), 0.0177405 secs] 220843K->85765K(494976K), 0.0178058 secs] [Times: user=0.02 sys=0.00, real=0.01 secs] 
2018-02-19T14:18:19.955+0000: 419.108: [GC (Allocation Failure) 2018-02-19T14:18:19.955+0000: 419.108: [DefNew: 146742K->8609K(153600K), 0.0174634 secs] 222341K->86928K(494976K), 0.0175362 secs] [Times: user=0.02 sys=0.00, real=0.01 secs] 
2018-02-19T14:18:32.818+0000: 431.972: [GC (Allocation Failure) 2018-02-19T14:18:32.818+0000: 431.972: [DefNew: 145083K->8874K(153600K), 0.0160220 secs] 223403K->88540K(494976K), 0.0161174 secs] [Times: user=0.02 sys=0.00, real=0.02 secs] 
2018-02-19T14:18:44.543+0000: 443.697: [GC (Allocation Failure) 2018-02-19T14:18:44.543+0000: 443.697: [DefNew: 145450K->10227K(153600K), 0.0175624 secs] 225116K->91304K(494976K), 0.0176423 secs] [Times: user=0.02 sys=0.00, real=0.01 secs] 
2018-02-19T14:18:58.789+0000: 457.943: [GC (Allocation Failure) 2018-02-19T14:18:58.789+0000: 457.943: [DefNew: 146803K->9365K(153600K), 0.0199869 secs] 227880K->91953K(494976K), 0.0200476 secs] [Times: user=0.02 sys=0.01, real=0.02 secs] 
2018-02-19T14:19:10.176+0000: 469.329: [GC (Allocation Failure) 2018-02-19T14:19:10.176+0000: 469.329: [DefNew: 145941K->9171K(153600K), 0.0174677 secs] 228529K->93426K(494976K), 0.0175301 secs] [Times: user=0.01 sys=0.00, real=0.01 secs] 
2018-02-19T14:19:23.884+0000: 483.038: [GC (Allocation Failure) 2018-02-19T14:19:23.885+0000: 483.038: [DefNew: 145747K->9315K(153600K), 0.0170541 secs] 230002K->95010K(494976K), 0.0171119 secs] [Times: user=0.01 sys=0.00, real=0.01 secs] 
2018-02-19T14:19:37.273+0000: 496.426: [GC (Allocation Failure) 2018-02-19T14:19:37.273+0000: 496.426: [DefNew: 145891K->9186K(153600K), 0.0156814 secs] 231586K->96315K(494976K), 0.0157416 secs] [Times: user=0.02 sys=0.00, real=0.02 secs] 
2018-02-19T14:19:47.353+0000: 506.506: [GC (Allocation Failure) 2018-02-19T14:19:47.353+0000: 506.506: [DefNew: 145762K->9633K(153600K), 0.0173261 secs] 232891K->98091K(494976K), 0.0173979 secs] [Times: user=0.02 sys=0.00, real=0.02 secs] 
2018-02-19T14:20:01.445+0000: 520.598: [GC (Allocation Failure) 2018-02-19T14:20:01.445+0000: 520.598: [DefNew: 146209K->9848K(153600K), 0.0182132 secs] 234667K->99810K(494976K), 0.0182797 secs] [Times: user=0.01 sys=0.01, real=0.02 secs] 
2018-02-19T14:20:12.430+0000: 531.584: [GC (Allocation Failure) 2018-02-19T14:20:12.430+0000: 531.584: [DefNew: 146424K->9723K(153600K), 0.0156281 secs] 236386K->101128K(494976K), 0.0157102 secs] [Times: user=0.02 sys=0.00, real=0.02 secs] 
14:20:12.843 [Client] INFO  c.s.f.r.e.s.SocketRear  - FlameSocketGraphDeployerRear@172.31.37.101: has been disconnected from Connection 5
14:20:27.008 [worker-akka.actor.default-dispatcher-2] INFO  a.a.CoordinatedShutdown CoordinatedShutdown(akka://worker) - Starting coordinated shutdown from JVM shutdown hook
14:20:27.057 [worker-akka.actor.default-dispatcher-2] INFO  a.a.LocalActorRef akka://worker/user/watcher/graph0000000000/negotiator - Stopped
14:20:27.058 [worker-akka.actor.default-dispatcher-2] INFO  a.a.LocalActorRef akka://worker/user/watcher/graph0000000000/edge/FlameSocketGraphDeployerFront - Stopped
14:20:27.058 [worker-akka.actor.default-dispatcher-2] INFO  a.a.LocalActorRef akka://worker/user/watcher/graph0000000000/edge/FlameSocketGraphDeployerRear - Stopped
14:20:27.058 [worker-akka.actor.default-dispatcher-2] INFO  a.a.LocalActorRef akka://worker/user/watcher/graph0000000000/graph/$a - Stopped
14:20:27.062 [worker-akka.actor.default-dispatcher-2] INFO  a.a.LocalActorRef akka://worker/user/watcher/graph0000000000/graph/$b - Stopped
14:20:27.063 [worker-akka.actor.default-dispatcher-2] INFO  a.a.LocalActorRef akka://worker/user/watcher/graph0000000000/graph/$c - Stopped
14:20:27.064 [worker-akka.actor.default-dispatcher-2] INFO  a.a.LocalActorRef akka://worker/user/watcher/graph0000000000/graph/local-acker/$a - Stopped
14:20:27.068 [worker-akka.actor.default-dispatcher-2] INFO  a.a.LocalActorRef akka://worker/user/watcher/graph0000000000/edge - Stopped
14:20:27.069 [worker-akka.actor.default-dispatcher-2] INFO  a.a.LocalActorRef akka://worker/user/watcher/graph0000000000/graph/local-acker/$a - Message [com.spbsu.flamestream.runtime.utils.akka.PingActor$InnerPing] from Actor[akka://worker/user/watcher/graph0000000000/graph/local-acker/$a#115229791] to Actor[akka://worker/user/watcher/graph0000000000/graph/local-acker/$a#115229791] was not delivered. [1] dead letters encountered. This logging can be turned off or adjusted with configuration settings 'akka.log-dead-letters' and 'akka.log-dead-letters-during-shutdown'.
14:20:27.069 [worker-akka.actor.default-dispatcher-2] INFO  a.a.LocalActorRef akka://worker/user/watcher/graph0000000000/graph/local-acker - Stopped
14:20:27.072 [worker-akka.actor.default-dispatcher-2] INFO  a.a.LocalActorRef akka://worker/user/watcher/graph0000000000/graph/local-acker/$a - Message [com.spbsu.flamestream.runtime.utils.akka.PingActor$Stop] from Actor[akka://worker/user/watcher/graph0000000000/graph/local-acker#1260197452] to Actor[akka://worker/user/watcher/graph0000000000/graph/local-acker/$a#115229791] was not delivered. [2] dead letters encountered. This logging can be turned off or adjusted with configuration settings 'akka.log-dead-letters' and 'akka.log-dead-letters-during-shutdown'.
14:20:27.072 [worker-akka.actor.default-dispatcher-2] INFO  a.a.LocalActorRef akka://worker/user/watcher/graph0000000000/graph/local-acker - Message [com.spbsu.flamestream.runtime.acker.LocalAcker$Flush] from Actor[akka://worker/user/watcher/graph0000000000/graph/local-acker#1260197452] to Actor[akka://worker/user/watcher/graph0000000000/graph/local-acker#1260197452] was not delivered. [3] dead letters encountered. This logging can be turned off or adjusted with configuration settings 'akka.log-dead-letters' and 'akka.log-dead-letters-during-shutdown'.
14:20:27.072 [worker-akka.actor.default-dispatcher-2] INFO  a.a.LocalActorRef akka://worker/user/watcher/graph0000000000/graph/local-acker - Message [com.spbsu.flamestream.runtime.acker.LocalAcker$Flush] from Actor[akka://worker/user/watcher/graph0000000000/graph/local-acker#1260197452] to Actor[akka://worker/user/watcher/graph0000000000/graph/local-acker#1260197452] was not delivered. [4] dead letters encountered. This logging can be turned off or adjusted with configuration settings 'akka.log-dead-letters' and 'akka.log-dead-letters-during-shutdown'.
14:20:27.074 [worker-akka.actor.default-dispatcher-2] INFO  a.a.LocalActorRef akka://worker/user/watcher/graph0000000000/graph/local-acker - Message [com.spbsu.flamestream.runtime.acker.LocalAcker$Flush] from Actor[akka://worker/user/watcher/graph0000000000/graph/local-acker#1260197452] to Actor[akka://worker/user/watcher/graph0000000000/graph/local-acker#1260197452] was not delivered. [5] dead letters encountered. This logging can be turned off or adjusted with configuration settings 'akka.log-dead-letters' and 'akka.log-dead-letters-during-shutdown'.
14:20:27.075 [worker-akka.actor.default-dispatcher-2] INFO  a.a.LocalActorRef akka://worker/user/watcher/graph0000000000/graph/local-acker - Message [com.spbsu.flamestream.runtime.acker.LocalAcker$Flush] from Actor[akka://worker/user/watcher/graph0000000000/graph/local-acker#1260197452] to Actor[akka://worker/user/watcher/graph0000000000/graph/local-acker#1260197452] was not delivered. [6] dead letters encountered. This logging can be turned off or adjusted with configuration settings 'akka.log-dead-letters' and 'akka.log-dead-letters-during-shutdown'.
14:20:27.076 [worker-akka.actor.default-dispatcher-2] INFO  a.a.LocalActorRef akka://worker/user/watcher/graph0000000000/graph/local-acker - Message [com.spbsu.flamestream.runtime.acker.LocalAcker$Flush] from Actor[akka://worker/user/watcher/graph0000000000/graph/local-acker#1260197452] to Actor[akka://worker/user/watcher/graph0000000000/graph/local-acker#1260197452] was not delivered. [7] dead letters encountered. This logging can be turned off or adjusted with configuration settings 'akka.log-dead-letters' and 'akka.log-dead-letters-during-shutdown'.
14:20:27.077 [worker-akka.actor.default-dispatcher-2] INFO  a.a.LocalActorRef akka://worker/user/watcher/graph0000000000/graph/local-acker - Message [com.spbsu.flamestream.runtime.acker.LocalAcker$Flush] from Actor[akka://worker/user/watcher/graph0000000000/graph/local-acker#1260197452] to Actor[akka://worker/user/watcher/graph0000000000/graph/local-acker#1260197452] was not delivered. [8] dead letters encountered. This logging can be turned off or adjusted with configuration settings 'akka.log-dead-letters' and 'akka.log-dead-letters-during-shutdown'.
14:20:27.078 [worker-akka.actor.default-dispatcher-2] INFO  a.a.LocalActorRef akka://worker/user/watcher/graph0000000000/graph/local-acker - Message [com.spbsu.flamestream.runtime.acker.LocalAcker$Flush] from Actor[akka://worker/user/watcher/graph0000000000/graph/local-acker#1260197452] to Actor[akka://worker/user/watcher/graph0000000000/graph/local-acker#1260197452] was not delivered. [9] dead letters encountered. This logging can be turned off or adjusted with configuration settings 'akka.log-dead-letters' and 'akka.log-dead-letters-during-shutdown'.
14:20:27.078 [worker-akka.actor.default-dispatcher-2] INFO  a.a.LocalActorRef akka://worker/user/watcher/graph0000000000/graph/local-acker - Message [com.spbsu.flamestream.runtime.acker.LocalAcker$Flush] from Actor[akka://worker/user/watcher/graph0000000000/graph/local-acker#1260197452] to Actor[akka://worker/user/watcher/graph0000000000/graph/local-acker#1260197452] was not delivered. [10] dead letters encountered. This logging can be turned off or adjusted with configuration settings 'akka.log-dead-letters' and 'akka.log-dead-letters-during-shutdown'.
14:20:27.079 [worker-akka.actor.default-dispatcher-2] INFO  a.a.LocalActorRef akka://worker/user/watcher/graph0000000000/graph - Stopped
14:20:27.082 [worker-akka.actor.default-dispatcher-2-EventThread] INFO  o.a.z.ClientCnxn  - EventThread shut down for session: 0x161ae66be2d000b
14:20:27.082 [worker-akka.actor.default-dispatcher-2] INFO  o.a.z.ZooKeeper  - Session: 0x161ae66be2d000b closed
14:20:27.083 [worker-akka.actor.default-dispatcher-2] INFO  a.a.LocalActorRef akka://worker/user/watcher/graph0000000000 - Stopped
14:20:27.083 [worker-akka.actor.default-dispatcher-2] INFO  a.a.RepointableActorRef akka://worker/user/watcher - Stopped
14:20:27.097 [worker-akka.actor.default-dispatcher-2] INFO  a.r.RemoteActorRefProvider$RemotingTerminator akka://worker@172.31.37.101:5412/system/remoting-terminator - Shutting down remote daemon.
14:20:27.100 [worker-akka.actor.default-dispatcher-2] INFO  a.r.RemoteActorRefProvider$RemotingTerminator akka://worker@172.31.37.101:5412/system/remoting-terminator - Remote daemon shut down; proceeding with flushing remote transports.
14:20:28.242 [worker-akka.actor.default-dispatcher-2] INFO  a.r.RemoteActorRefProvider$RemotingTerminator akka://worker@172.31.37.101:5412/system/remoting-terminator - Remoting shut down.
Heap
 def new generation   total 153600K, used 27745K [0x00000000e0c00000, 0x00000000eb2a0000, 0x00000000eb2a0000)
  eden space 136576K,  13% used [0x00000000e0c00000, 0x00000000e1d997a0, 0x00000000e9160000)
  from space 17024K,  57% used [0x00000000ea200000, 0x00000000eab7ef50, 0x00000000eb2a0000)
  to   space 17024K,   0% used [0x00000000e9160000, 0x00000000e9160000, 0x00000000ea200000)
 tenured generation   total 341376K, used 91404K [0x00000000eb2a0000, 0x0000000100000000, 0x0000000100000000)
   the space 341376K,  26% used [0x00000000eb2a0000, 0x00000000f0be3128, 0x00000000f0be3200, 0x0000000100000000)
 Metaspace       used 33467K, capacity 34234K, committed 34432K, reserved 1079296K
  class space    used 4456K, capacity 4624K, committed 4736K, reserved 1048576K
