14:11:22.076 [worker-akka.actor.default-dispatcher-2] INFO  a.e.s.Slf4jLogger  - Slf4jLogger started
2018-02-19T14:11:22.265+0000: 2.654: [Full GC (Metadata GC Threshold) 2018-02-19T14:11:22.265+0000: 2.654: [Tenured: 0K->15411K(341376K), 0.0402117 secs] 117538K->15411K(494976K), [Metaspace: 20878K->20878K(1067008K)], 0.0402785 secs] [Times: user=0.03 sys=0.00, real=0.04 secs] 
Ama winner
Ama winner
14:11:22.743 [worker-akka.actor.default-dispatcher-2] INFO  a.r.a.ArteryTransport(akka://worker) akka.remote.artery.ArteryTransport(akka://worker) - Started embedded media driver in directory [/dev/shm/aeron-root-worker-eba31a26-880a-40d0-aed3-3bc6f4c2fd2d]
14:11:22.969 [worker-akka.actor.default-dispatcher-2] INFO  a.r.a.ArteryTransport(akka://worker) akka.remote.artery.ArteryTransport(akka://worker) - Remoting started; listening on address: [akka://worker@172.31.39.64:5412] with UID [1509146504549225145]
14:11:23.075 [worker-akka.actor.default-dispatcher-2] INFO  o.a.z.ZooKeeper  - Client environment:zookeeper.version=3.4.9-1757313, built on 08/23/2016 06:50 GMT
14:11:23.075 [worker-akka.actor.default-dispatcher-2] INFO  o.a.z.ZooKeeper  - Client environment:host.name=ip-172-31-39-64.us-east-2.compute.internal
14:11:23.075 [worker-akka.actor.default-dispatcher-2] INFO  o.a.z.ZooKeeper  - Client environment:java.version=1.8.0_151
14:11:23.075 [worker-akka.actor.default-dispatcher-2] INFO  o.a.z.ZooKeeper  - Client environment:java.vendor=Oracle Corporation
14:11:23.075 [worker-akka.actor.default-dispatcher-2] INFO  o.a.z.ZooKeeper  - Client environment:java.home=/usr/lib/jvm/java-8-openjdk-amd64/jre
14:11:23.075 [worker-akka.actor.default-dispatcher-2] INFO  o.a.z.ZooKeeper  - Client environment:java.class.path=lib/commons-cli-1.4.jar:lib/minlog-1.3.0.jar:lib/asm-5.0.4.jar:lib/hadoop-annotations-2.7.3.jar:lib/hadoop-auth-2.7.3.jar:lib/akka-slf4j_2.11-2.5.6.jar:lib/jersey-core-1.9.jar:lib/lz4-1.3.0.jar:lib/jackson-core-asl-1.9.13.jar:lib/aeron-client-1.3.0.jar:lib/htrace-core-3.1.0-incubating.jar:lib/xz-1.0.jar:lib/commons-httpclient-3.1.jar:lib/asm-3.1.jar:lib/commons-lang3-3.4.jar:lib/scala-library-2.11.11.jar:lib/scala-java8-compat_2.11-0.7.0.jar:lib/commons-configuration-1.6.jar:lib/objenesis-2.1.jar:lib/jackson-annotations-2.8.0.jar:lib/jsr305-3.0.0.jar:lib/curator-framework-2.7.1.jar:lib/jersey-server-1.9.jar:lib/jets3t-0.9.0.jar:lib/leveldb-0.7.jar:lib/jetty-6.1.26.jar:lib/stax-api-1.0-2.jar:lib/flamestream-core-1.0-SNAPSHOT.jar:lib/reflectasm-1.07-shaded.jar:lib/apacheds-kerberos-codec-2.0.0-M15.jar:lib/api-asn1-api-1.0.0-M20.jar:lib/commons-lang-2.6.jar:lib/commons-beanutils-1.7.0.jar:lib/jackson-xc-1.8.3.jar:lib/jetty-util-6.1.26.jar:lib/logback-classic-1.2.3.jar:lib/jool-0.9.12.jar:lib/flamestream-runtime-1.0-SNAPSHOT-tests.jar:lib/httpcore-4.1.2.jar:lib/kryo-4.0.0.jar:lib/ant-1.8.1.jar:lib/jaxb-impl-2.2.3-1.jar:lib/jersey-json-1.9.jar:lib/commons-compress-1.4.1.jar:lib/leveldbjni-all-1.8.jar:lib/paranamer-2.3.jar:lib/jackson-core-2.8.4.jar:lib/commons-math3-3.6.1.jar:lib/scala-parser-combinators_2.11-1.0.4.jar:lib/netty-3.10.6.Final.jar:lib/trove4j-3.0.3.jar:lib/jaxb-api-2.2.2.jar:lib/logback-core-1.2.3.jar:lib/snappy-java-1.0.4.1.jar:lib/protobuf-java-2.5.0.jar:lib/reactive-streams-1.0.1.jar:lib/flamestream-examples-1.0-SNAPSHOT.jar:lib/commons-codec-1.4.jar:lib/activation-1.1.jar:lib/commons-net-3.1.jar:lib/curator-recipes-2.7.1.jar:lib/jackson-mapper-asl-1.9.13.jar:lib/jackson-databind-2.8.4.jar:lib/flamestream-runtime-1.0-SNAPSHOT.jar:lib/jackson-jaxrs-1.8.3.jar:lib/slf4j-api-1.7.24.jar:lib/akka-remote_2.11-2.5.6.jar:lib/akka-testkit_2.11-2.5.6.jar:lib/jline-0.9.94.jar:lib/akka-stream_2.11-2.5.6.jar:lib/jsp-api-2.1.jar:lib/kryonet-2.21.jar:lib/akka-kryo-serialization_2.11-0.5.0.jar:lib/config-1.3.1.jar:lib/ant-launcher-1.8.1.jar:lib/commons-logging-1.2.jar:lib/ssl-config-core_2.11-0.2.2.jar:lib/testng-6.10.jar:lib/leveldb-api-0.7.jar:lib/reflectasm-1.11.3.jar:lib/jcommander-1.48.jar:lib/commons-1.1.jar:lib/commons-digester-1.8.jar:lib/minlog-1.2.jar:lib/java-xmlbuilder-0.4.jar:lib/jettison-1.1.jar:lib/gson-2.2.4.jar:lib/jdk.tools-1.8.jar:lib/aeron-driver-1.3.0.jar:lib/zookeeper-3.4.9.jar:lib/commons-beanutils-core-1.8.0.jar:lib/commons-math3-3.1.1.jar:lib/akka-actor_2.11-2.5.6.jar:lib/curator-client-2.7.1.jar:lib/servlet-api-2.5.jar:lib/apacheds-i18n-2.0.0-M15.jar:lib/commons-io-2.4.jar:lib/commons-codec-1.6.jar:lib/akka-protobuf_2.11-2.5.6.jar:lib/protobuf-java-3.5.1.jar:lib/jdom-2.0.2.jar:lib/api-util-1.0.0-M20.jar:lib/hadoop-common-2.7.3.jar:lib/agrona-0.9.6.jar:lib/xmlenc-0.52.jar:lib/guava-21.0.jar:lib/commons-collections-3.2.2.jar:lib/avro-1.7.4.jar:lib/httpclient-4.1.2.jar:lib/flamestream-core-1.0-SNAPSHOT-tests.jar:lib/annotations-12.0.jar:lib/jsch-0.1.42.jar:flamestream-runtime-1.0-SNAPSHOT.jar
14:11:23.076 [worker-akka.actor.default-dispatcher-2] INFO  o.a.z.ZooKeeper  - Client environment:java.library.path=/usr/java/packages/lib/amd64:/usr/lib/x86_64-linux-gnu/jni:/lib/x86_64-linux-gnu:/usr/lib/x86_64-linux-gnu:/usr/lib/jni:/lib:/usr/lib
14:11:23.076 [worker-akka.actor.default-dispatcher-2] INFO  o.a.z.ZooKeeper  - Client environment:java.io.tmpdir=/tmp
14:11:23.076 [worker-akka.actor.default-dispatcher-2] INFO  o.a.z.ZooKeeper  - Client environment:java.compiler=<NA>
14:11:23.076 [worker-akka.actor.default-dispatcher-2] INFO  o.a.z.ZooKeeper  - Client environment:os.name=Linux
14:11:23.076 [worker-akka.actor.default-dispatcher-2] INFO  o.a.z.ZooKeeper  - Client environment:os.arch=amd64
14:11:23.076 [worker-akka.actor.default-dispatcher-2] INFO  o.a.z.ZooKeeper  - Client environment:os.version=4.4.0-1049-aws
14:11:23.076 [worker-akka.actor.default-dispatcher-2] INFO  o.a.z.ZooKeeper  - Client environment:user.name=root
14:11:23.077 [worker-akka.actor.default-dispatcher-2] INFO  o.a.z.ZooKeeper  - Client environment:user.home=/root
14:11:23.077 [worker-akka.actor.default-dispatcher-2] INFO  o.a.z.ZooKeeper  - Client environment:user.dir=/opt/flamestream
14:11:23.079 [worker-akka.actor.default-dispatcher-2] INFO  o.a.z.ZooKeeper  - Initiating client connection, connectString=172.31.34.147:2181 sessionTimeout=5000 watcher=com.spbsu.flamestream.runtime.application.LifecycleWatcher$$Lambda$29/764839090@3d5d5f13
14:11:23.116 [worker-akka.actor.default-dispatcher-2] INFO  a.a.RepointableActorRef akka://worker/user/watcher - Starting...
14:11:23.119 [worker-akka.actor.default-dispatcher-2-SendThread(172.31.34.147:2181)] INFO  o.a.z.ClientCnxn  - Opening socket connection to server 172.31.34.147/172.31.34.147:2181. Will not attempt to authenticate using SASL (unknown error)
14:11:23.123 [worker-akka.actor.default-dispatcher-2-SendThread(172.31.34.147:2181)] INFO  o.a.z.ClientCnxn  - Socket connection established to 172.31.34.147/172.31.34.147:2181, initiating session
14:11:23.131 [worker-akka.actor.default-dispatcher-2-SendThread(172.31.34.147:2181)] INFO  o.a.z.ClientCnxn  - Session establishment complete on server 172.31.34.147/172.31.34.147:2181, sessionid = 0x161ae66be2d0005, negotiated timeout = 6000
14:11:23.230 [worker-akka.actor.default-dispatcher-2] INFO  a.a.RepointableActorRef akka://worker/user/watcher - Connected to ZK
14:11:33.900 [worker-akka.actor.default-dispatcher-2] INFO  a.a.RepointableActorRef akka://worker/user/watcher - Creating node with watchGraphs: 'com.spbsu.flamestream.core.Graph$Builder$MyGraph@4084ed8a', config: 'ClusterConfig{paths={172.31.33.155=akka://worker@172.31.33.155:5412/user/watcher/graph0000000000, 172.31.47.83=akka://worker@172.31.47.83:5412/user/watcher/graph0000000000, 172.31.45.197=akka://worker@172.31.45.197:5412/user/watcher/graph0000000000, 172.31.42.36=akka://worker@172.31.42.36:5412/user/watcher/graph0000000000, 172.31.44.83=akka://worker@172.31.44.83:5412/user/watcher/graph0000000000, 172.31.39.64=akka://worker@172.31.39.64:5412/user/watcher/graph0000000000, 172.31.35.79=akka://worker@172.31.35.79:5412/user/watcher/graph0000000000, 172.31.34.169=akka://worker@172.31.34.169:5412/user/watcher/graph0000000000, 172.31.47.100=akka://worker@172.31.47.100:5412/user/watcher/graph0000000000, 172.31.37.101=akka://worker@172.31.37.101:5412/user/watcher/graph0000000000}, ackerLocation='172.31.35.79', props=ComputationLayout{ranges={172.31.33.155=HashRange{from=-1670265060, to=-1193046472}, 172.31.47.83=HashRange{from=1670265056, to=2147483644}, 172.31.45.197=HashRange{from=-715827884, to=-238609296}, 172.31.42.36=HashRange{from=1193046468, to=1670265056}, 172.31.44.83=HashRange{from=-238609296, to=238609292}, 172.31.39.64=HashRange{from=715827880, to=1193046468}, 172.31.35.79=HashRange{from=0, to=0}, 172.31.34.169=HashRange{from=-2147483648, to=-1670265060}, 172.31.47.100=HashRange{from=238609292, to=715827880}, 172.31.37.101=HashRange{from=-1193046472, to=-715827884}}}}'
14:11:34.696 [worker-akka.actor.default-dispatcher-2] INFO  a.a.LocalActorRef akka://worker/user/watcher/graph0000000000/graph - Starting...
14:11:34.699 [worker-akka.actor.default-dispatcher-2] INFO  a.a.LocalActorRef akka://worker/user/watcher/graph0000000000/graph/local-acker/$a - Starting...
14:11:34.700 [worker-akka.actor.default-dispatcher-2] INFO  a.a.LocalActorRef akka://worker/user/watcher/graph0000000000/graph/local-acker - Starting...
Warning: space is running low in /dev/shm (tmpfs) threshold=167,772,160 usable=158,621,696
Warning: space is running low in /dev/shm (tmpfs) threshold=167,772,160 usable=146,034,688
Warning: space is running low in /dev/shm (tmpfs) threshold=167,772,160 usable=133,447,680
Warning: space is running low in /dev/shm (tmpfs) threshold=167,772,160 usable=120,860,672
Warning: space is running low in /dev/shm (tmpfs) threshold=167,772,160 usable=108,273,664
Warning: space is running low in /dev/shm (tmpfs) threshold=167,772,160 usable=95,686,656
Warning: space is running low in /dev/shm (tmpfs) threshold=167,772,160 usable=83,099,648
Warning: space is running low in /dev/shm (tmpfs) threshold=167,772,160 usable=70,512,640
14:11:36.383 [worker-akka.actor.default-dispatcher-2] INFO  a.a.LocalActorRef akka://worker/user/watcher/graph0000000000/graph - Finishing constructor
14:11:36.384 [worker-akka.actor.default-dispatcher-2] INFO  a.a.LocalActorRef akka://worker/user/watcher/graph0000000000 - Starting...
14:11:36.385 [worker-akka.actor.default-dispatcher-2] INFO  a.a.LocalActorRef akka://worker/user/watcher/graph0000000000/negotiator - Starting...
14:11:36.437 [worker-akka.actor.default-dispatcher-2] INFO  a.a.LocalActorRef akka://worker/user/watcher/graph0000000000/edge - Starting...
14:11:36.439 [worker-akka.actor.default-dispatcher-2] INFO  a.a.LocalActorRef akka://worker/user/watcher/graph0000000000/graph/$a - Starting...
14:11:36.440 [worker-akka.actor.default-dispatcher-2] INFO  a.a.LocalActorRef akka://worker/user/watcher/graph0000000000/graph/$b - Starting...
14:11:36.441 [worker-akka.actor.default-dispatcher-2] INFO  a.a.LocalActorRef akka://worker/user/watcher/graph0000000000/graph/$c - Starting...
14:11:36.471 [worker-akka.actor.default-dispatcher-2] INFO  c.s.f.r.e.s.SocketRear  - FlameSocketGraphDeployerRear@172.31.39.64: connecting to 172.31.34.147:5678
14:11:36.478 [worker-akka.actor.default-dispatcher-2] INFO  c.s.f.r.e.s.SocketRear  - FlameSocketGraphDeployerRear@172.31.39.64: connected to 172.31.34.147:5678
14:11:36.507 [worker-akka.actor.default-dispatcher-2] INFO  a.a.LocalActorRef akka://worker/user/watcher/graph0000000000/edge/FlameSocketGraphDeployerRear - Starting...
14:11:36.508 [worker-akka.actor.default-dispatcher-2] INFO  a.a.LocalActorRef akka://worker/user/watcher/graph0000000000/edge/FlameSocketGraphDeployerFront - Starting...
14:11:36.509 [worker-akka.actor.default-dispatcher-2] INFO  a.a.LocalActorRef akka://worker/user/watcher/graph0000000000/negotiator - Requesting ticket for the frontClass FlameSocketGraphDeployerFront@172.31.39.64
14:11:36.525 [worker-akka.actor.default-dispatcher-2] INFO  a.a.LocalActorRef akka://worker/user/watcher/graph0000000000/negotiator - Ticket for the frontClass received: FrontTicket{allowedTimestamp=(1519049493891, FlameSocketGraphDeployerFront@172.31.39.64)}
14:11:36.526 [worker-akka.actor.default-dispatcher-2] INFO  c.s.f.r.e.s.SocketFront  - FlameSocketGraphDeployerFront@172.31.39.64: connecting to 172.31.34.147:4567
14:11:36.543 [Client] INFO  c.s.f.r.e.s.SocketFront  - FlameSocketGraphDeployerFront@172.31.39.64 has been disconnected from Connection 8
2018-02-19T14:11:39.603+0000: 19.992: [GC (Allocation Failure) 2018-02-19T14:11:39.603+0000: 19.992: [DefNew: 136576K->15401K(153600K), 0.0273639 secs] 151987K->50343K(494976K), 0.0274303 secs] [Times: user=0.01 sys=0.01, real=0.03 secs] 
2018-02-19T14:11:51.248+0000: 31.637: [GC (Allocation Failure) 2018-02-19T14:11:51.248+0000: 31.637: [DefNew: 151977K->4294K(153600K), 0.0222421 secs] 186919K->46799K(494976K), 0.0223064 secs] [Times: user=0.02 sys=0.00, real=0.03 secs] 
2018-02-19T14:12:03.504+0000: 43.893: [GC (Allocation Failure) 2018-02-19T14:12:03.504+0000: 43.893: [DefNew: 140870K->5480K(153600K), 0.0117000 secs] 183375K->47985K(494976K), 0.0117705 secs] [Times: user=0.02 sys=0.00, real=0.01 secs] 
2018-02-19T14:12:13.536+0000: 53.925: [GC (Allocation Failure) 2018-02-19T14:12:13.536+0000: 53.925: [DefNew: 142056K->6862K(153600K), 0.0150243 secs] 184561K->49368K(494976K), 0.0150927 secs] [Times: user=0.01 sys=0.00, real=0.02 secs] 
2018-02-19T14:12:23.839+0000: 64.228: [GC (Allocation Failure) 2018-02-19T14:12:23.839+0000: 64.228: [DefNew: 143438K->8718K(153600K), 0.0162847 secs] 185944K->51224K(494976K), 0.0163562 secs] [Times: user=0.01 sys=0.00, real=0.02 secs] 
2018-02-19T14:12:33.520+0000: 73.909: [GC (Allocation Failure) 2018-02-19T14:12:33.520+0000: 73.909: [DefNew: 145294K->8293K(153600K), 0.0168279 secs] 187800K->52361K(494976K), 0.0168949 secs] [Times: user=0.02 sys=0.00, real=0.02 secs] 
2018-02-19T14:12:46.158+0000: 86.547: [GC (Allocation Failure) 2018-02-19T14:12:46.158+0000: 86.547: [DefNew: 144869K->10279K(153600K), 0.0169882 secs] 188937K->54347K(494976K), 0.0170685 secs] [Times: user=0.02 sys=0.00, real=0.02 secs] 
2018-02-19T14:13:00.139+0000: 100.528: [GC (Allocation Failure) 2018-02-19T14:13:00.139+0000: 100.528: [DefNew: 146855K->8710K(153600K), 0.0182767 secs] 190923K->55045K(494976K), 0.0183407 secs] [Times: user=0.02 sys=0.00, real=0.02 secs] 
2018-02-19T14:13:14.539+0000: 114.928: [GC (Allocation Failure) 2018-02-19T14:13:14.539+0000: 114.928: [DefNew: 145286K->8561K(153600K), 0.0161979 secs] 191621K->56245K(494976K), 0.0162673 secs] [Times: user=0.01 sys=0.00, real=0.02 secs] 
2018-02-19T14:13:24.966+0000: 125.355: [GC (Allocation Failure) 2018-02-19T14:13:24.966+0000: 125.355: [DefNew: 145137K->8336K(153600K), 0.0161200 secs] 192821K->57245K(494976K), 0.0161872 secs] [Times: user=0.01 sys=0.00, real=0.02 secs] 
2018-02-19T14:13:37.756+0000: 138.145: [GC (Allocation Failure) 2018-02-19T14:13:37.757+0000: 138.145: [DefNew: 144912K->9533K(153600K), 0.0154469 secs] 193821K->58442K(494976K), 0.0155368 secs] [Times: user=0.00 sys=0.01, real=0.02 secs] 
2018-02-19T14:13:51.507+0000: 151.896: [GC (Allocation Failure) 2018-02-19T14:13:51.507+0000: 151.896: [DefNew: 146109K->9519K(153600K), 0.0167183 secs] 195018K->59403K(494976K), 0.0167853 secs] [Times: user=0.02 sys=0.00, real=0.02 secs] 
2018-02-19T14:14:07.209+0000: 167.598: [GC (Allocation Failure) 2018-02-19T14:14:07.209+0000: 167.598: [DefNew: 146095K->9858K(153600K), 0.0177002 secs] 195979K->60907K(494976K), 0.0177720 secs] [Times: user=0.02 sys=0.00, real=0.01 secs] 
2018-02-19T14:14:19.943+0000: 180.332: [GC (Allocation Failure) 2018-02-19T14:14:19.943+0000: 180.332: [DefNew: 146434K->9744K(153600K), 0.0171455 secs] 197483K->62113K(494976K), 0.0172098 secs] [Times: user=0.01 sys=0.00, real=0.01 secs] 
2018-02-19T14:14:34.513+0000: 194.902: [GC (Allocation Failure) 2018-02-19T14:14:34.513+0000: 194.902: [DefNew: 146320K->9079K(153600K), 0.0184860 secs] 198689K->63448K(494976K), 0.0185646 secs] [Times: user=0.02 sys=0.00, real=0.02 secs] 
2018-02-19T14:14:50.276+0000: 210.665: [GC (Allocation Failure) 2018-02-19T14:14:50.276+0000: 210.665: [DefNew: 145655K->9382K(153600K), 0.0170355 secs] 200024K->64713K(494976K), 0.0171036 secs] [Times: user=0.01 sys=0.00, real=0.02 secs] 
2018-02-19T14:15:02.294+0000: 222.683: [GC (Allocation Failure) 2018-02-19T14:15:02.294+0000: 222.683: [DefNew: 145958K->9339K(153600K), 0.0172286 secs] 201289K->65929K(494976K), 0.0173115 secs] [Times: user=0.02 sys=0.00, real=0.02 secs] 
2018-02-19T14:15:15.443+0000: 235.832: [GC (Allocation Failure) 2018-02-19T14:15:15.443+0000: 235.832: [DefNew: 145915K->9978K(153600K), 0.0179375 secs] 202505K->67596K(494976K), 0.0180076 secs] [Times: user=0.02 sys=0.00, real=0.02 secs] 
2018-02-19T14:15:30.647+0000: 251.036: [GC (Allocation Failure) 2018-02-19T14:15:30.647+0000: 251.036: [DefNew: 146554K->8409K(153600K), 0.0225695 secs] 204172K->68505K(494976K), 0.0226385 secs] [Times: user=0.01 sys=0.01, real=0.03 secs] 
2018-02-19T14:15:46.062+0000: 266.451: [GC (Allocation Failure) 2018-02-19T14:15:46.062+0000: 266.451: [DefNew: 144985K->9939K(153600K), 0.0162343 secs] 205081K->70035K(494976K), 0.0163007 secs] [Times: user=0.02 sys=0.00, real=0.01 secs] 
2018-02-19T14:15:59.080+0000: 279.469: [GC (Allocation Failure) 2018-02-19T14:15:59.080+0000: 279.469: [DefNew: 146515K->8775K(153600K), 0.0191223 secs] 206611K->71242K(494976K), 0.0191995 secs] [Times: user=0.02 sys=0.00, real=0.02 secs] 
2018-02-19T14:16:09.063+0000: 289.452: [GC (Allocation Failure) 2018-02-19T14:16:09.063+0000: 289.452: [DefNew: 145351K->9005K(153600K), 0.0177510 secs] 207818K->72586K(494976K), 0.0178181 secs] [Times: user=0.01 sys=0.00, real=0.02 secs] 
2018-02-19T14:16:19.578+0000: 299.966: [GC (Allocation Failure) 2018-02-19T14:16:19.578+0000: 299.967: [DefNew: 145581K->9002K(153600K), 0.0161347 secs] 209162K->73879K(494976K), 0.0161996 secs] [Times: user=0.02 sys=0.00, real=0.02 secs] 
2018-02-19T14:16:33.163+0000: 313.552: [GC (Allocation Failure) 2018-02-19T14:16:33.163+0000: 313.552: [DefNew: 145578K->9877K(153600K), 0.0182894 secs] 210455K->76120K(494976K), 0.0183712 secs] [Times: user=0.01 sys=0.00, real=0.02 secs] 
2018-02-19T14:16:45.181+0000: 325.570: [GC (Allocation Failure) 2018-02-19T14:16:45.181+0000: 325.570: [DefNew: 146453K->10154K(153600K), 0.0174420 secs] 212696K->77580K(494976K), 0.0175193 secs] [Times: user=0.02 sys=0.00, real=0.01 secs] 
2018-02-19T14:16:58.183+0000: 338.571: [GC (Allocation Failure) 2018-02-19T14:16:58.183+0000: 338.572: [DefNew: 146730K->7953K(153600K), 0.0211860 secs] 214156K->78727K(494976K), 0.0212551 secs] [Times: user=0.02 sys=0.00, real=0.02 secs] 
2018-02-19T14:17:10.970+0000: 351.359: [GC (Allocation Failure) 2018-02-19T14:17:10.970+0000: 351.359: [DefNew: 144529K->9640K(153600K), 0.0147030 secs] 215303K->80415K(494976K), 0.0147792 secs] [Times: user=0.01 sys=0.00, real=0.01 secs] 
2018-02-19T14:17:25.125+0000: 365.514: [GC (Allocation Failure) 2018-02-19T14:17:25.125+0000: 365.514: [DefNew: 146216K->9647K(153600K), 0.0215190 secs] 216991K->81660K(494976K), 0.0216018 secs] [Times: user=0.01 sys=0.00, real=0.02 secs] 
2018-02-19T14:17:37.530+0000: 377.919: [GC (Allocation Failure) 2018-02-19T14:17:37.530+0000: 377.919: [DefNew: 146223K->9691K(153600K), 0.0183761 secs] 218236K->82989K(494976K), 0.0184788 secs] [Times: user=0.01 sys=0.00, real=0.01 secs] 
2018-02-19T14:17:50.751+0000: 391.140: [GC (Allocation Failure) 2018-02-19T14:17:50.751+0000: 391.140: [DefNew: 146267K->10276K(153600K), 0.0173344 secs] 219565K->84667K(494976K), 0.0173968 secs] [Times: user=0.02 sys=0.00, real=0.02 secs] 
2018-02-19T14:18:01.838+0000: 402.227: [GC (Allocation Failure) 2018-02-19T14:18:01.838+0000: 402.227: [DefNew: 146852K->8747K(153600K), 0.0175954 secs] 221243K->85865K(494976K), 0.0176733 secs] [Times: user=0.01 sys=0.01, real=0.02 secs] 
2018-02-19T14:18:14.815+0000: 415.204: [GC (Allocation Failure) 2018-02-19T14:18:14.815+0000: 415.204: [DefNew: 145323K->9141K(153600K), 0.0171738 secs] 222441K->87870K(494976K), 0.0172496 secs] [Times: user=0.02 sys=0.00, real=0.02 secs] 
2018-02-19T14:18:26.320+0000: 426.709: [GC (Allocation Failure) 2018-02-19T14:18:26.320+0000: 426.709: [DefNew: 145717K->8615K(153600K), 0.0168270 secs] 224446K->89033K(494976K), 0.0168930 secs] [Times: user=0.02 sys=0.01, real=0.02 secs] 
2018-02-19T14:18:38.494+0000: 438.883: [GC (Allocation Failure) 2018-02-19T14:18:38.494+0000: 438.883: [DefNew: 145191K->8986K(153600K), 0.0170233 secs] 225609K->90837K(494976K), 0.0170990 secs] [Times: user=0.01 sys=0.00, real=0.02 secs] 
2018-02-19T14:18:51.288+0000: 451.677: [GC (Allocation Failure) 2018-02-19T14:18:51.288+0000: 451.677: [DefNew: 145562K->9615K(153600K), 0.0162367 secs] 227413K->92818K(494976K), 0.0162974 secs] [Times: user=0.02 sys=0.00, real=0.02 secs] 
2018-02-19T14:19:03.502+0000: 463.891: [GC (Allocation Failure) 2018-02-19T14:19:03.502+0000: 463.891: [DefNew: 146191K->9273K(153600K), 0.0170006 secs] 229394K->94115K(494976K), 0.0170668 secs] [Times: user=0.01 sys=0.00, real=0.01 secs] 
2018-02-19T14:19:15.568+0000: 475.957: [GC (Allocation Failure) 2018-02-19T14:19:15.568+0000: 475.957: [DefNew: 145849K->9264K(153600K), 0.0175371 secs] 230691K->95645K(494976K), 0.0176040 secs] [Times: user=0.02 sys=0.00, real=0.02 secs] 
2018-02-19T14:19:29.249+0000: 489.638: [GC (Allocation Failure) 2018-02-19T14:19:29.249+0000: 489.638: [DefNew: 145840K->9420K(153600K), 0.0176401 secs] 232221K->97318K(494976K), 0.0177079 secs] [Times: user=0.02 sys=0.00, real=0.01 secs] 
2018-02-19T14:19:41.390+0000: 501.779: [GC (Allocation Failure) 2018-02-19T14:19:41.390+0000: 501.779: [DefNew: 145996K->10007K(153600K), 0.0164132 secs] 233894K->99160K(494976K), 0.0164752 secs] [Times: user=0.01 sys=0.00, real=0.01 secs] 
2018-02-19T14:19:54.897+0000: 515.286: [GC (Allocation Failure) 2018-02-19T14:19:54.897+0000: 515.286: [DefNew: 146583K->9959K(153600K), 0.0177701 secs] 235736K->100665K(494976K), 0.0178354 secs] [Times: user=0.01 sys=0.01, real=0.02 secs] 
2018-02-19T14:20:06.078+0000: 526.467: [GC (Allocation Failure) 2018-02-19T14:20:06.078+0000: 526.467: [DefNew: 146535K->10157K(153600K), 0.0183407 secs] 237241K->102386K(494976K), 0.0184178 secs] [Times: user=0.02 sys=0.00, real=0.02 secs] 
14:20:12.828 [Client] INFO  c.s.f.r.e.s.SocketRear  - FlameSocketGraphDeployerRear@172.31.39.64: has been disconnected from Connection 8
14:20:25.973 [worker-akka.actor.default-dispatcher-2] INFO  a.a.CoordinatedShutdown CoordinatedShutdown(akka://worker) - Starting coordinated shutdown from JVM shutdown hook
14:20:26.011 [worker-akka.actor.default-dispatcher-2] INFO  a.a.LocalActorRef akka://worker/user/watcher/graph0000000000/negotiator - Stopped
14:20:26.016 [worker-akka.actor.default-dispatcher-2] INFO  a.a.LocalActorRef akka://worker/user/watcher/graph0000000000/edge/FlameSocketGraphDeployerFront - Stopped
14:20:26.017 [worker-akka.actor.default-dispatcher-2] INFO  a.a.LocalActorRef akka://worker/user/watcher/graph0000000000/edge/FlameSocketGraphDeployerRear - Stopped
14:20:26.017 [worker-akka.actor.default-dispatcher-2] INFO  a.a.LocalActorRef akka://worker/user/watcher/graph0000000000/graph/$a - Stopped
14:20:26.018 [worker-akka.actor.default-dispatcher-2] INFO  a.a.LocalActorRef akka://worker/user/watcher/graph0000000000/graph/$b - Stopped
14:20:26.019 [worker-akka.actor.default-dispatcher-2] INFO  a.a.LocalActorRef akka://worker/user/watcher/graph0000000000/graph/$c - Stopped
14:20:26.020 [worker-akka.actor.default-dispatcher-2] INFO  a.a.LocalActorRef akka://worker/user/watcher/graph0000000000/graph/local-acker/$a - Stopped
14:20:26.025 [worker-akka.actor.default-dispatcher-2] INFO  a.a.LocalActorRef akka://worker/user/watcher/graph0000000000/graph/local-acker/$a - Message [com.spbsu.flamestream.runtime.utils.akka.PingActor$InnerPing] from Actor[akka://worker/user/watcher/graph0000000000/graph/local-acker/$a#-392407999] to Actor[akka://worker/user/watcher/graph0000000000/graph/local-acker/$a#-392407999] was not delivered. [1] dead letters encountered. This logging can be turned off or adjusted with configuration settings 'akka.log-dead-letters' and 'akka.log-dead-letters-during-shutdown'.
14:20:26.026 [worker-akka.actor.default-dispatcher-2] INFO  a.a.LocalActorRef akka://worker/user/watcher/graph0000000000/edge - Stopped
14:20:26.027 [worker-akka.actor.default-dispatcher-2] INFO  a.a.LocalActorRef akka://worker/user/watcher/graph0000000000/graph/local-acker - Stopped
14:20:26.028 [worker-akka.actor.default-dispatcher-2] INFO  a.a.LocalActorRef akka://worker/user/watcher/graph0000000000/graph - Stopped
14:20:26.028 [worker-akka.actor.default-dispatcher-2] INFO  a.a.LocalActorRef akka://worker/user/watcher/graph0000000000 - Stopped
14:20:26.030 [worker-akka.actor.default-dispatcher-2] INFO  a.a.LocalActorRef akka://worker/user/watcher/graph0000000000/graph/local-acker/$a - Message [com.spbsu.flamestream.runtime.utils.akka.PingActor$Stop] from Actor[akka://worker/user/watcher/graph0000000000/graph/local-acker#720425302] to Actor[akka://worker/user/watcher/graph0000000000/graph/local-acker/$a#-392407999] was not delivered. [2] dead letters encountered. This logging can be turned off or adjusted with configuration settings 'akka.log-dead-letters' and 'akka.log-dead-letters-during-shutdown'.
14:20:26.031 [worker-akka.actor.default-dispatcher-2] INFO  a.a.LocalActorRef akka://worker/user/watcher/graph0000000000/graph/local-acker - Message [com.spbsu.flamestream.runtime.acker.LocalAcker$Flush] from Actor[akka://worker/user/watcher/graph0000000000/graph/local-acker#720425302] to Actor[akka://worker/user/watcher/graph0000000000/graph/local-acker#720425302] was not delivered. [3] dead letters encountered. This logging can be turned off or adjusted with configuration settings 'akka.log-dead-letters' and 'akka.log-dead-letters-during-shutdown'.
14:20:26.031 [worker-akka.actor.default-dispatcher-2] INFO  a.a.LocalActorRef akka://worker/user/watcher/graph0000000000/graph/local-acker - Message [com.spbsu.flamestream.runtime.acker.LocalAcker$Flush] from Actor[akka://worker/user/watcher/graph0000000000/graph/local-acker#720425302] to Actor[akka://worker/user/watcher/graph0000000000/graph/local-acker#720425302] was not delivered. [4] dead letters encountered. This logging can be turned off or adjusted with configuration settings 'akka.log-dead-letters' and 'akka.log-dead-letters-during-shutdown'.
14:20:26.031 [worker-akka.actor.default-dispatcher-2] INFO  a.a.LocalActorRef akka://worker/user/watcher/graph0000000000/graph/local-acker - Message [com.spbsu.flamestream.runtime.acker.LocalAcker$Flush] from Actor[akka://worker/user/watcher/graph0000000000/graph/local-acker#720425302] to Actor[akka://worker/user/watcher/graph0000000000/graph/local-acker#720425302] was not delivered. [5] dead letters encountered. This logging can be turned off or adjusted with configuration settings 'akka.log-dead-letters' and 'akka.log-dead-letters-during-shutdown'.
14:20:26.031 [worker-akka.actor.default-dispatcher-2] INFO  a.a.LocalActorRef akka://worker/user/watcher/graph0000000000/graph/local-acker - Message [com.spbsu.flamestream.runtime.acker.LocalAcker$Flush] from Actor[akka://worker/user/watcher/graph0000000000/graph/local-acker#720425302] to Actor[akka://worker/user/watcher/graph0000000000/graph/local-acker#720425302] was not delivered. [6] dead letters encountered. This logging can be turned off or adjusted with configuration settings 'akka.log-dead-letters' and 'akka.log-dead-letters-during-shutdown'.
14:20:26.032 [worker-akka.actor.default-dispatcher-2] INFO  a.a.LocalActorRef akka://worker/user/watcher/graph0000000000/graph/local-acker - Message [com.spbsu.flamestream.runtime.acker.LocalAcker$Flush] from Actor[akka://worker/user/watcher/graph0000000000/graph/local-acker#720425302] to Actor[akka://worker/user/watcher/graph0000000000/graph/local-acker#720425302] was not delivered. [7] dead letters encountered. This logging can be turned off or adjusted with configuration settings 'akka.log-dead-letters' and 'akka.log-dead-letters-during-shutdown'.
14:20:26.033 [worker-akka.actor.default-dispatcher-2] INFO  a.a.LocalActorRef akka://worker/user/watcher/graph0000000000/graph/local-acker - Message [com.spbsu.flamestream.runtime.acker.LocalAcker$Flush] from Actor[akka://worker/user/watcher/graph0000000000/graph/local-acker#720425302] to Actor[akka://worker/user/watcher/graph0000000000/graph/local-acker#720425302] was not delivered. [8] dead letters encountered. This logging can be turned off or adjusted with configuration settings 'akka.log-dead-letters' and 'akka.log-dead-letters-during-shutdown'.
14:20:26.035 [worker-akka.actor.default-dispatcher-2] INFO  a.a.LocalActorRef akka://worker/user/watcher/graph0000000000/graph/local-acker - Message [com.spbsu.flamestream.runtime.acker.LocalAcker$Flush] from Actor[akka://worker/user/watcher/graph0000000000/graph/local-acker#720425302] to Actor[akka://worker/user/watcher/graph0000000000/graph/local-acker#720425302] was not delivered. [9] dead letters encountered. This logging can be turned off or adjusted with configuration settings 'akka.log-dead-letters' and 'akka.log-dead-letters-during-shutdown'.
14:20:26.038 [worker-akka.actor.default-dispatcher-2-EventThread] INFO  o.a.z.ClientCnxn  - EventThread shut down for session: 0x161ae66be2d0005
14:20:26.038 [worker-akka.actor.default-dispatcher-2] INFO  o.a.z.ZooKeeper  - Session: 0x161ae66be2d0005 closed
14:20:26.039 [worker-akka.actor.default-dispatcher-2] INFO  a.a.RepointableActorRef akka://worker/user/watcher - Stopped
14:20:26.052 [worker-akka.actor.default-dispatcher-2] INFO  a.r.RemoteActorRefProvider$RemotingTerminator akka://worker@172.31.39.64:5412/system/remoting-terminator - Shutting down remote daemon.
14:20:26.056 [worker-akka.actor.default-dispatcher-2] INFO  a.r.RemoteActorRefProvider$RemotingTerminator akka://worker@172.31.39.64:5412/system/remoting-terminator - Remote daemon shut down; proceeding with flushing remote transports.
14:20:26.216 [worker-akka.actor.default-dispatcher-2] INFO  a.r.RemoteActorRefProvider$RemotingTerminator akka://worker@172.31.39.64:5412/system/remoting-terminator - Remoting shut down.
Heap
 def new generation   total 153600K, used 99035K [0x00000000e0c00000, 0x00000000eb2a0000, 0x00000000eb2a0000)
  eden space 136576K,  65% used [0x00000000e0c00000, 0x00000000e62cb6f0, 0x00000000e9160000)
  from space 17024K,  59% used [0x00000000ea200000, 0x00000000eabeb650, 0x00000000eb2a0000)
  to   space 17024K,   0% used [0x00000000e9160000, 0x00000000e9160000, 0x00000000ea200000)
 tenured generation   total 341376K, used 92228K [0x00000000eb2a0000, 0x0000000100000000, 0x0000000100000000)
   the space 341376K,  27% used [0x00000000eb2a0000, 0x00000000f0cb1378, 0x00000000f0cb1400, 0x0000000100000000)
 Metaspace       used 33475K, capacity 34298K, committed 34688K, reserved 1079296K
  class space    used 4455K, capacity 4624K, committed 4736K, reserved 1048576K
