12:52:57.769 [worker-akka.actor.default-dispatcher-2] INFO  a.e.s.Slf4jLogger  - Slf4jLogger started
2018-02-19T12:52:57.948+0000: 2.837: [Full GC (Metadata GC Threshold) 2018-02-19T12:52:57.948+0000: 2.837: [Tenured: 0K->15491K(341376K), 0.0393959 secs] 117538K->15491K(494976K), [Metaspace: 20943K->20943K(1067008K)], 0.0394936 secs] [Times: user=0.03 sys=0.00, real=0.04 secs] 
Ama winner
Ama winner
12:52:58.395 [worker-akka.actor.default-dispatcher-2] INFO  a.r.a.ArteryTransport(akka://worker) akka.remote.artery.ArteryTransport(akka://worker) - Started embedded media driver in directory [/dev/shm/aeron-root-worker-962df031-536f-4824-80ba-1423db56bc81]
12:52:58.604 [worker-akka.actor.default-dispatcher-2] INFO  a.r.a.ArteryTransport(akka://worker) akka.remote.artery.ArteryTransport(akka://worker) - Remoting started; listening on address: [akka://worker@172.31.47.83:5412] with UID [-334475655197447086]
12:52:58.672 [worker-akka.actor.default-dispatcher-2] INFO  o.a.z.ZooKeeper  - Client environment:zookeeper.version=3.4.9-1757313, built on 08/23/2016 06:50 GMT
12:52:58.672 [worker-akka.actor.default-dispatcher-2] INFO  o.a.z.ZooKeeper  - Client environment:host.name=ip-172-31-47-83.us-east-2.compute.internal
12:52:58.673 [worker-akka.actor.default-dispatcher-2] INFO  o.a.z.ZooKeeper  - Client environment:java.version=1.8.0_151
12:52:58.673 [worker-akka.actor.default-dispatcher-2] INFO  o.a.z.ZooKeeper  - Client environment:java.vendor=Oracle Corporation
12:52:58.673 [worker-akka.actor.default-dispatcher-2] INFO  o.a.z.ZooKeeper  - Client environment:java.home=/usr/lib/jvm/java-8-openjdk-amd64/jre
12:52:58.673 [worker-akka.actor.default-dispatcher-2] INFO  o.a.z.ZooKeeper  - Client environment:java.class.path=lib/commons-cli-1.4.jar:lib/minlog-1.3.0.jar:lib/asm-5.0.4.jar:lib/hadoop-annotations-2.7.3.jar:lib/hadoop-auth-2.7.3.jar:lib/akka-slf4j_2.11-2.5.6.jar:lib/jersey-core-1.9.jar:lib/lz4-1.3.0.jar:lib/jackson-core-asl-1.9.13.jar:lib/aeron-client-1.3.0.jar:lib/htrace-core-3.1.0-incubating.jar:lib/xz-1.0.jar:lib/commons-httpclient-3.1.jar:lib/asm-3.1.jar:lib/commons-lang3-3.4.jar:lib/scala-library-2.11.11.jar:lib/scala-java8-compat_2.11-0.7.0.jar:lib/commons-configuration-1.6.jar:lib/objenesis-2.1.jar:lib/jackson-annotations-2.8.0.jar:lib/jsr305-3.0.0.jar:lib/curator-framework-2.7.1.jar:lib/jersey-server-1.9.jar:lib/jets3t-0.9.0.jar:lib/leveldb-0.7.jar:lib/jetty-6.1.26.jar:lib/stax-api-1.0-2.jar:lib/flamestream-core-1.0-SNAPSHOT.jar:lib/reflectasm-1.07-shaded.jar:lib/apacheds-kerberos-codec-2.0.0-M15.jar:lib/api-asn1-api-1.0.0-M20.jar:lib/commons-lang-2.6.jar:lib/commons-beanutils-1.7.0.jar:lib/jackson-xc-1.8.3.jar:lib/jetty-util-6.1.26.jar:lib/logback-classic-1.2.3.jar:lib/jool-0.9.12.jar:lib/flamestream-runtime-1.0-SNAPSHOT-tests.jar:lib/httpcore-4.1.2.jar:lib/kryo-4.0.0.jar:lib/ant-1.8.1.jar:lib/jaxb-impl-2.2.3-1.jar:lib/jersey-json-1.9.jar:lib/commons-compress-1.4.1.jar:lib/leveldbjni-all-1.8.jar:lib/paranamer-2.3.jar:lib/jackson-core-2.8.4.jar:lib/commons-math3-3.6.1.jar:lib/scala-parser-combinators_2.11-1.0.4.jar:lib/netty-3.10.6.Final.jar:lib/trove4j-3.0.3.jar:lib/jaxb-api-2.2.2.jar:lib/logback-core-1.2.3.jar:lib/snappy-java-1.0.4.1.jar:lib/protobuf-java-2.5.0.jar:lib/reactive-streams-1.0.1.jar:lib/flamestream-examples-1.0-SNAPSHOT.jar:lib/commons-codec-1.4.jar:lib/activation-1.1.jar:lib/commons-net-3.1.jar:lib/curator-recipes-2.7.1.jar:lib/jackson-mapper-asl-1.9.13.jar:lib/jackson-databind-2.8.4.jar:lib/flamestream-runtime-1.0-SNAPSHOT.jar:lib/jackson-jaxrs-1.8.3.jar:lib/slf4j-api-1.7.24.jar:lib/akka-remote_2.11-2.5.6.jar:lib/akka-testkit_2.11-2.5.6.jar:lib/jline-0.9.94.jar:lib/akka-stream_2.11-2.5.6.jar:lib/jsp-api-2.1.jar:lib/kryonet-2.21.jar:lib/akka-kryo-serialization_2.11-0.5.0.jar:lib/config-1.3.1.jar:lib/ant-launcher-1.8.1.jar:lib/commons-logging-1.2.jar:lib/ssl-config-core_2.11-0.2.2.jar:lib/testng-6.10.jar:lib/leveldb-api-0.7.jar:lib/reflectasm-1.11.3.jar:lib/jcommander-1.48.jar:lib/commons-1.1.jar:lib/commons-digester-1.8.jar:lib/minlog-1.2.jar:lib/java-xmlbuilder-0.4.jar:lib/jettison-1.1.jar:lib/gson-2.2.4.jar:lib/jdk.tools-1.8.jar:lib/aeron-driver-1.3.0.jar:lib/zookeeper-3.4.9.jar:lib/commons-beanutils-core-1.8.0.jar:lib/commons-math3-3.1.1.jar:lib/akka-actor_2.11-2.5.6.jar:lib/curator-client-2.7.1.jar:lib/servlet-api-2.5.jar:lib/apacheds-i18n-2.0.0-M15.jar:lib/commons-io-2.4.jar:lib/commons-codec-1.6.jar:lib/akka-protobuf_2.11-2.5.6.jar:lib/protobuf-java-3.5.1.jar:lib/jdom-2.0.2.jar:lib/api-util-1.0.0-M20.jar:lib/hadoop-common-2.7.3.jar:lib/agrona-0.9.6.jar:lib/xmlenc-0.52.jar:lib/guava-21.0.jar:lib/commons-collections-3.2.2.jar:lib/avro-1.7.4.jar:lib/httpclient-4.1.2.jar:lib/flamestream-core-1.0-SNAPSHOT-tests.jar:lib/annotations-12.0.jar:lib/jsch-0.1.42.jar:flamestream-runtime-1.0-SNAPSHOT.jar
12:52:58.673 [worker-akka.actor.default-dispatcher-2] INFO  o.a.z.ZooKeeper  - Client environment:java.library.path=/usr/java/packages/lib/amd64:/usr/lib/x86_64-linux-gnu/jni:/lib/x86_64-linux-gnu:/usr/lib/x86_64-linux-gnu:/usr/lib/jni:/lib:/usr/lib
12:52:58.673 [worker-akka.actor.default-dispatcher-2] INFO  o.a.z.ZooKeeper  - Client environment:java.io.tmpdir=/tmp
12:52:58.673 [worker-akka.actor.default-dispatcher-2] INFO  o.a.z.ZooKeeper  - Client environment:java.compiler=<NA>
12:52:58.673 [worker-akka.actor.default-dispatcher-2] INFO  o.a.z.ZooKeeper  - Client environment:os.name=Linux
12:52:58.673 [worker-akka.actor.default-dispatcher-2] INFO  o.a.z.ZooKeeper  - Client environment:os.arch=amd64
12:52:58.673 [worker-akka.actor.default-dispatcher-2] INFO  o.a.z.ZooKeeper  - Client environment:os.version=4.4.0-1049-aws
12:52:58.673 [worker-akka.actor.default-dispatcher-2] INFO  o.a.z.ZooKeeper  - Client environment:user.name=root
12:52:58.674 [worker-akka.actor.default-dispatcher-2] INFO  o.a.z.ZooKeeper  - Client environment:user.home=/root
12:52:58.674 [worker-akka.actor.default-dispatcher-2] INFO  o.a.z.ZooKeeper  - Client environment:user.dir=/opt/flamestream
12:52:58.677 [worker-akka.actor.default-dispatcher-2] INFO  o.a.z.ZooKeeper  - Initiating client connection, connectString=172.31.34.147:2181 sessionTimeout=5000 watcher=com.spbsu.flamestream.runtime.application.LifecycleWatcher$$Lambda$29/2091173542@1b48f905
12:52:58.699 [worker-akka.actor.default-dispatcher-2] INFO  a.a.RepointableActorRef akka://worker/user/watcher - Starting...
12:52:58.703 [worker-akka.actor.default-dispatcher-2-SendThread(172.31.34.147:2181)] INFO  o.a.z.ClientCnxn  - Opening socket connection to server 172.31.34.147/172.31.34.147:2181. Will not attempt to authenticate using SASL (unknown error)
12:52:58.706 [worker-akka.actor.default-dispatcher-2-SendThread(172.31.34.147:2181)] INFO  o.a.z.ClientCnxn  - Socket connection established to 172.31.34.147/172.31.34.147:2181, initiating session
12:52:58.715 [worker-akka.actor.default-dispatcher-2-SendThread(172.31.34.147:2181)] INFO  o.a.z.ClientCnxn  - Session establishment complete on server 172.31.34.147/172.31.34.147:2181, sessionid = 0x161ae1f0755000c, negotiated timeout = 6000
12:52:58.814 [worker-akka.actor.default-dispatcher-2] INFO  a.a.RepointableActorRef akka://worker/user/watcher - Connected to ZK
12:53:07.710 [worker-akka.actor.default-dispatcher-2] INFO  a.a.RepointableActorRef akka://worker/user/watcher - Creating node with watchGraphs: 'com.spbsu.flamestream.core.Graph$Builder$MyGraph@22aae96d', config: 'ClusterConfig{paths={172.31.33.155=akka://worker@172.31.33.155:5412/user/watcher/graph0000000000, 172.31.47.83=akka://worker@172.31.47.83:5412/user/watcher/graph0000000000, 172.31.45.197=akka://worker@172.31.45.197:5412/user/watcher/graph0000000000, 172.31.42.36=akka://worker@172.31.42.36:5412/user/watcher/graph0000000000, 172.31.44.83=akka://worker@172.31.44.83:5412/user/watcher/graph0000000000, 172.31.39.64=akka://worker@172.31.39.64:5412/user/watcher/graph0000000000, 172.31.35.79=akka://worker@172.31.35.79:5412/user/watcher/graph0000000000, 172.31.34.169=akka://worker@172.31.34.169:5412/user/watcher/graph0000000000, 172.31.47.100=akka://worker@172.31.47.100:5412/user/watcher/graph0000000000, 172.31.37.101=akka://worker@172.31.37.101:5412/user/watcher/graph0000000000}, ackerLocation='172.31.35.79', props=ComputationLayout{ranges={172.31.33.155=HashRange{from=-1670265060, to=-1193046472}, 172.31.47.83=HashRange{from=1670265056, to=2147483644}, 172.31.45.197=HashRange{from=-715827884, to=-238609296}, 172.31.42.36=HashRange{from=1193046468, to=1670265056}, 172.31.44.83=HashRange{from=-238609296, to=238609292}, 172.31.39.64=HashRange{from=715827880, to=1193046468}, 172.31.35.79=HashRange{from=0, to=0}, 172.31.34.169=HashRange{from=-2147483648, to=-1670265060}, 172.31.47.100=HashRange{from=238609292, to=715827880}, 172.31.37.101=HashRange{from=-1193046472, to=-715827884}}}}'
12:53:08.629 [worker-akka.actor.default-dispatcher-2] INFO  a.a.LocalActorRef akka://worker/user/watcher/graph0000000000/graph - Starting...
12:53:08.629 [worker-akka.actor.default-dispatcher-2] INFO  a.a.LocalActorRef akka://worker/user/watcher/graph0000000000/graph/local-acker - Starting...
12:53:08.633 [worker-akka.actor.default-dispatcher-2] INFO  a.a.LocalActorRef akka://worker/user/watcher/graph0000000000/graph/local-acker/$a - Starting...
Warning: space is running low in /dev/shm (tmpfs) threshold=167,772,160 usable=158,621,696
Warning: space is running low in /dev/shm (tmpfs) threshold=167,772,160 usable=146,034,688
Warning: space is running low in /dev/shm (tmpfs) threshold=167,772,160 usable=133,447,680
Warning: space is running low in /dev/shm (tmpfs) threshold=167,772,160 usable=120,860,672
Warning: space is running low in /dev/shm (tmpfs) threshold=167,772,160 usable=108,273,664
Warning: space is running low in /dev/shm (tmpfs) threshold=167,772,160 usable=95,686,656
Warning: space is running low in /dev/shm (tmpfs) threshold=167,772,160 usable=83,099,648
Warning: space is running low in /dev/shm (tmpfs) threshold=167,772,160 usable=70,512,640
12:53:09.486 [worker-akka.actor.default-dispatcher-2] INFO  a.a.LocalActorRef akka://worker/user/watcher/graph0000000000/graph - Finishing constructor
12:53:09.487 [worker-akka.actor.default-dispatcher-2] INFO  a.a.LocalActorRef akka://worker/user/watcher/graph0000000000 - Starting...
12:53:09.488 [worker-akka.actor.default-dispatcher-2] INFO  a.a.LocalActorRef akka://worker/user/watcher/graph0000000000/negotiator - Starting...
12:53:09.553 [worker-akka.actor.default-dispatcher-2] INFO  a.a.LocalActorRef akka://worker/user/watcher/graph0000000000/edge - Starting...
12:53:09.554 [worker-akka.actor.default-dispatcher-2] INFO  a.a.LocalActorRef akka://worker/user/watcher/graph0000000000/graph/$a - Starting...
12:53:09.556 [worker-akka.actor.default-dispatcher-2] INFO  a.a.LocalActorRef akka://worker/user/watcher/graph0000000000/graph/$b - Starting...
12:53:09.557 [worker-akka.actor.default-dispatcher-2] INFO  a.a.LocalActorRef akka://worker/user/watcher/graph0000000000/graph/$c - Starting...
12:53:09.577 [worker-akka.actor.default-dispatcher-2] INFO  c.s.f.r.e.s.SocketRear  - FlameSocketGraphDeployerRear@172.31.47.83: connecting to 172.31.34.147:5678
12:53:09.579 [worker-akka.actor.default-dispatcher-2] INFO  c.s.f.r.e.s.SocketRear  - FlameSocketGraphDeployerRear@172.31.47.83: connected to 172.31.34.147:5678
12:53:09.601 [worker-akka.actor.default-dispatcher-2] INFO  a.a.LocalActorRef akka://worker/user/watcher/graph0000000000/edge/FlameSocketGraphDeployerRear - Starting...
12:53:09.601 [worker-akka.actor.default-dispatcher-2] INFO  a.a.LocalActorRef akka://worker/user/watcher/graph0000000000/edge/FlameSocketGraphDeployerFront - Starting...
12:53:09.609 [worker-akka.actor.default-dispatcher-2] INFO  a.a.LocalActorRef akka://worker/user/watcher/graph0000000000/negotiator - Requesting ticket for the frontClass FlameSocketGraphDeployerFront@172.31.47.83
12:53:09.614 [worker-akka.actor.default-dispatcher-2] INFO  a.a.LocalActorRef akka://worker/user/watcher/graph0000000000/negotiator - Ticket for the frontClass received: FrontTicket{allowedTimestamp=(1519044787745, FlameSocketGraphDeployerFront@172.31.47.83)}
12:53:09.615 [worker-akka.actor.default-dispatcher-2] INFO  c.s.f.r.e.s.SocketFront  - FlameSocketGraphDeployerFront@172.31.47.83: connecting to 172.31.34.147:4567
12:53:09.652 [Client] INFO  c.s.f.r.e.s.SocketFront  - FlameSocketGraphDeployerFront@172.31.47.83 has been disconnected from Connection 4
2018-02-19T12:53:14.156+0000: 19.045: [GC (Allocation Failure) 2018-02-19T12:53:14.156+0000: 19.045: [DefNew: 136576K->15069K(153600K), 0.0387112 secs] 152067K->50092K(494976K), 0.0387756 secs] [Times: user=0.02 sys=0.01, real=0.04 secs] 
2018-02-19T12:53:38.213+0000: 43.101: [GC (Allocation Failure) 2018-02-19T12:53:38.213+0000: 43.101: [DefNew: 151645K->3848K(153600K), 0.0183274 secs] 186668K->46467K(494976K), 0.0183932 secs] [Times: user=0.01 sys=0.00, real=0.01 secs] 
2018-02-19T12:54:02.795+0000: 67.684: [GC (Allocation Failure) 2018-02-19T12:54:02.795+0000: 67.684: [DefNew: 140424K->5907K(153600K), 0.0122899 secs] 183043K->48526K(494976K), 0.0123559 secs] [Times: user=0.01 sys=0.00, real=0.01 secs] 
2018-02-19T12:54:31.061+0000: 95.950: [GC (Allocation Failure) 2018-02-19T12:54:31.061+0000: 95.950: [DefNew: 142483K->7515K(153600K), 0.0164135 secs] 185102K->50133K(494976K), 0.0164784 secs] [Times: user=0.00 sys=0.01, real=0.02 secs] 
2018-02-19T12:54:51.394+0000: 116.283: [GC (Allocation Failure) 2018-02-19T12:54:51.394+0000: 116.283: [DefNew: 144091K->8754K(153600K), 0.0143736 secs] 186709K->51373K(494976K), 0.0144355 secs] [Times: user=0.02 sys=0.00, real=0.01 secs] 
2018-02-19T12:55:11.945+0000: 136.834: [GC (Allocation Failure) 2018-02-19T12:55:11.945+0000: 136.834: [DefNew: 145330K->8534K(153600K), 0.0176969 secs] 187949K->52905K(494976K), 0.0177665 secs] [Times: user=0.02 sys=0.00, real=0.01 secs] 
2018-02-19T12:55:33.251+0000: 158.140: [GC (Allocation Failure) 2018-02-19T12:55:33.251+0000: 158.140: [DefNew: 145110K->8369K(153600K), 0.0160766 secs] 189481K->53974K(494976K), 0.0161690 secs] [Times: user=0.02 sys=0.00, real=0.02 secs] 
2018-02-19T12:56:01.311+0000: 186.199: [GC (Allocation Failure) 2018-02-19T12:56:01.311+0000: 186.199: [DefNew: 144945K->9520K(153600K), 0.0178264 secs] 190550K->55125K(494976K), 0.0179017 secs] [Times: user=0.01 sys=0.01, real=0.02 secs] 
2018-02-19T12:56:28.850+0000: 213.739: [GC (Allocation Failure) 2018-02-19T12:56:28.851+0000: 213.739: [DefNew: 146096K->9340K(153600K), 0.0168973 secs] 191701K->56229K(494976K), 0.0169660 secs] [Times: user=0.02 sys=0.00, real=0.02 secs] 
2018-02-19T12:56:52.236+0000: 237.125: [GC (Allocation Failure) 2018-02-19T12:56:52.236+0000: 237.125: [DefNew: 145916K->9961K(153600K), 0.0176634 secs] 192805K->57797K(494976K), 0.0177307 secs] [Times: user=0.02 sys=0.00, real=0.02 secs] 
2018-02-19T12:57:19.012+0000: 263.901: [GC (Allocation Failure) 2018-02-19T12:57:19.012+0000: 263.901: [DefNew: 146537K->8674K(153600K), 0.0173380 secs] 194373K->58591K(494976K), 0.0174249 secs] [Times: user=0.02 sys=0.00, real=0.02 secs] 
2018-02-19T12:57:50.657+0000: 295.546: [GC (Allocation Failure) 2018-02-19T12:57:50.657+0000: 295.546: [DefNew: 145250K->8409K(153600K), 0.0159900 secs] 195167K->59804K(494976K), 0.0160551 secs] [Times: user=0.02 sys=0.00, real=0.02 secs] 
2018-02-19T12:58:16.395+0000: 321.284: [GC (Allocation Failure) 2018-02-19T12:58:16.395+0000: 321.284: [DefNew: 144985K->9995K(153600K), 0.0161322 secs] 196380K->61391K(494976K), 0.0162083 secs] [Times: user=0.02 sys=0.00, real=0.01 secs] 
2018-02-19T12:58:42.410+0000: 347.299: [GC (Allocation Failure) 2018-02-19T12:58:42.410+0000: 347.299: [DefNew: 146571K->9083K(153600K), 0.0179887 secs] 197967K->62633K(494976K), 0.0180645 secs] [Times: user=0.02 sys=0.00, real=0.02 secs] 
2018-02-19T12:59:09.991+0000: 374.880: [GC (Allocation Failure) 2018-02-19T12:59:09.991+0000: 374.880: [DefNew: 145659K->8828K(153600K), 0.0165161 secs] 199209K->63411K(494976K), 0.0165931 secs] [Times: user=0.01 sys=0.00, real=0.02 secs] 
2018-02-19T12:59:39.071+0000: 403.960: [GC (Allocation Failure) 2018-02-19T12:59:39.071+0000: 403.960: [DefNew: 145404K->9711K(153600K), 0.0176500 secs] 199987K->65423K(494976K), 0.0177156 secs] [Times: user=0.02 sys=0.00, real=0.02 secs] 
2018-02-19T12:59:58.161+0000: 423.049: [GC (Allocation Failure) 2018-02-19T12:59:58.161+0000: 423.050: [DefNew: 146287K->8817K(153600K), 0.0156631 secs] 201999K->65660K(494976K), 0.0157611 secs] [Times: user=0.01 sys=0.00, real=0.02 secs] 
2018-02-19T13:00:24.677+0000: 449.566: [GC (Allocation Failure) 2018-02-19T13:00:24.677+0000: 449.566: [DefNew: 145393K->9395K(153600K), 0.0171745 secs] 202236K->67263K(494976K), 0.0172374 secs] [Times: user=0.01 sys=0.00, real=0.02 secs] 
2018-02-19T13:00:55.931+0000: 480.820: [GC (Allocation Failure) 2018-02-19T13:00:55.931+0000: 480.820: [DefNew: 145971K->9360K(153600K), 0.0167199 secs] 203839K->68236K(494976K), 0.0167984 secs] [Times: user=0.02 sys=0.00, real=0.02 secs] 
2018-02-19T13:01:22.578+0000: 507.466: [GC (Allocation Failure) 2018-02-19T13:01:22.578+0000: 507.467: [DefNew: 145936K->9216K(153600K), 0.0165126 secs] 204812K->69269K(494976K), 0.0165770 secs] [Times: user=0.02 sys=0.00, real=0.02 secs] 
2018-02-19T13:01:45.594+0000: 530.483: [GC (Allocation Failure) 2018-02-19T13:01:45.594+0000: 530.483: [DefNew: 145792K->9808K(153600K), 0.0171569 secs] 205845K->70695K(494976K), 0.0172201 secs] [Times: user=0.02 sys=0.00, real=0.01 secs] 
2018-02-19T13:02:07.686+0000: 552.575: [GC (Allocation Failure) 2018-02-19T13:02:07.686+0000: 552.575: [DefNew: 146384K->10096K(153600K), 0.0181967 secs] 207271K->72225K(494976K), 0.0182642 secs] [Times: user=0.02 sys=0.00, real=0.01 secs] 
2018-02-19T13:02:26.521+0000: 571.410: [GC (Allocation Failure) 2018-02-19T13:02:26.522+0000: 571.410: [DefNew: 146672K->9048K(153600K), 0.0184941 secs] 208801K->73348K(494976K), 0.0185585 secs] [Times: user=0.02 sys=0.00, real=0.02 secs] 
2018-02-19T13:02:52.725+0000: 597.614: [GC (Allocation Failure) 2018-02-19T13:02:52.726+0000: 597.614: [DefNew: 145624K->9905K(153600K), 0.0207326 secs] 209924K->75413K(494976K), 0.0208490 secs] [Times: user=0.01 sys=0.01, real=0.02 secs] 
2018-02-19T13:03:12.680+0000: 617.568: [GC (Allocation Failure) 2018-02-19T13:03:12.680+0000: 617.568: [DefNew: 146481K->9500K(153600K), 0.0163877 secs] 211989K->76403K(494976K), 0.0164525 secs] [Times: user=0.01 sys=0.00, real=0.02 secs] 
2018-02-19T13:03:35.086+0000: 639.975: [GC (Allocation Failure) 2018-02-19T13:03:35.086+0000: 639.975: [DefNew: 146076K->9986K(153600K), 0.0162444 secs] 212979K->77775K(494976K), 0.0163074 secs] [Times: user=0.02 sys=0.00, real=0.01 secs] 
2018-02-19T13:03:58.986+0000: 663.874: [GC (Allocation Failure) 2018-02-19T13:03:58.986+0000: 663.874: [DefNew: 146562K->8989K(153600K), 0.0176019 secs] 214351K->78918K(494976K), 0.0176741 secs] [Times: user=0.01 sys=0.00, real=0.01 secs] 
2018-02-19T13:04:26.906+0000: 691.795: [GC (Allocation Failure) 2018-02-19T13:04:26.906+0000: 691.795: [DefNew: 145565K->9234K(153600K), 0.0160320 secs] 215494K->80214K(494976K), 0.0160969 secs] [Times: user=0.01 sys=0.00, real=0.01 secs] 
2018-02-19T13:04:49.376+0000: 714.264: [GC (Allocation Failure) 2018-02-19T13:04:49.376+0000: 714.264: [DefNew: 145810K->9462K(153600K), 0.0176865 secs] 216790K->81556K(494976K), 0.0177706 secs] [Times: user=0.01 sys=0.00, real=0.02 secs] 
2018-02-19T13:05:16.496+0000: 741.384: [GC (Allocation Failure) 2018-02-19T13:05:16.496+0000: 741.384: [DefNew: 146038K->9791K(153600K), 0.0179054 secs] 218132K->82925K(494976K), 0.0179715 secs] [Times: user=0.01 sys=0.01, real=0.02 secs] 
2018-02-19T13:05:39.415+0000: 764.304: [GC (Allocation Failure) 2018-02-19T13:05:39.415+0000: 764.304: [DefNew: 146367K->10294K(153600K), 0.0170647 secs] 219501K->84615K(494976K), 0.0171288 secs] [Times: user=0.01 sys=0.00, real=0.01 secs] 
2018-02-19T13:06:06.483+0000: 791.372: [GC (Allocation Failure) 2018-02-19T13:06:06.483+0000: 791.372: [DefNew: 146870K->9307K(153600K), 0.0187846 secs] 221191K->86192K(494976K), 0.0188770 secs] [Times: user=0.02 sys=0.00, real=0.02 secs] 
2018-02-19T13:06:28.366+0000: 813.255: [GC (Allocation Failure) 2018-02-19T13:06:28.366+0000: 813.255: [DefNew: 145883K->8970K(153600K), 0.0168384 secs] 222768K->87483K(494976K), 0.0169115 secs] [Times: user=0.01 sys=0.01, real=0.01 secs] 
2018-02-19T13:06:51.647+0000: 836.536: [GC (Allocation Failure) 2018-02-19T13:06:51.647+0000: 836.536: [DefNew: 145546K->8780K(153600K), 0.0163067 secs] 224059K->89051K(494976K), 0.0163814 secs] [Times: user=0.02 sys=0.00, real=0.01 secs] 
2018-02-19T13:07:16.766+0000: 861.654: [GC (Allocation Failure) 2018-02-19T13:07:16.766+0000: 861.654: [DefNew: 145356K->9652K(153600K), 0.0286157 secs] 225627K->91280K(494976K), 0.0286790 secs] [Times: user=0.00 sys=0.03, real=0.03 secs] 
2018-02-19T13:07:45.226+0000: 890.115: [GC (Allocation Failure) 2018-02-19T13:07:45.226+0000: 890.115: [DefNew: 146228K->9474K(153600K), 0.0160245 secs] 227856K->92453K(494976K), 0.0160944 secs] [Times: user=0.02 sys=0.00, real=0.01 secs] 
2018-02-19T13:08:02.648+0000: 907.537: [GC (Allocation Failure) 2018-02-19T13:08:02.648+0000: 907.537: [DefNew: 146050K->8922K(153600K), 0.0179583 secs] 229029K->93643K(494976K), 0.0180295 secs] [Times: user=0.01 sys=0.00, real=0.02 secs] 
2018-02-19T13:08:32.521+0000: 937.410: [GC (Allocation Failure) 2018-02-19T13:08:32.521+0000: 937.410: [DefNew: 145498K->8938K(153600K), 0.0156725 secs] 230219K->95205K(494976K), 0.0157318 secs] [Times: user=0.02 sys=0.00, real=0.02 secs] 
2018-02-19T13:08:54.213+0000: 959.102: [GC (Allocation Failure) 2018-02-19T13:08:54.213+0000: 959.102: [DefNew: 145514K->9411K(153600K), 0.0165497 secs] 231781K->96892K(494976K), 0.0166336 secs] [Times: user=0.00 sys=0.01, real=0.01 secs] 
2018-02-19T13:09:16.015+0000: 980.904: [GC (Allocation Failure) 2018-02-19T13:09:16.016+0000: 980.904: [DefNew: 145987K->9920K(153600K), 0.0161508 secs] 233468K->98744K(494976K), 0.0162159 secs] [Times: user=0.02 sys=0.00, real=0.01 secs] 
2018-02-19T13:09:42.398+0000: 1007.286: [GC (Allocation Failure) 2018-02-19T13:09:42.398+0000: 1007.286: [DefNew: 146496K->9917K(153600K), 0.0175934 secs] 235320K->100218K(494976K), 0.0176556 secs] [Times: user=0.01 sys=0.00, real=0.02 secs] 
2018-02-19T13:10:00.694+0000: 1025.583: [GC (Allocation Failure) 2018-02-19T13:10:00.694+0000: 1025.583: [DefNew: 146493K->9682K(153600K), 0.0304271 secs] 236794K->101602K(494976K), 0.0304927 secs] [Times: user=0.00 sys=0.03, real=0.03 secs] 
13:10:18.153 [Client] INFO  c.s.f.r.e.s.SocketRear  - FlameSocketGraphDeployerRear@172.31.47.83: has been disconnected from Connection 4
13:10:32.227 [worker-akka.actor.default-dispatcher-2] INFO  a.a.CoordinatedShutdown CoordinatedShutdown(akka://worker) - Starting coordinated shutdown from JVM shutdown hook
13:10:32.265 [worker-akka.actor.default-dispatcher-2] INFO  a.a.LocalActorRef akka://worker/user/watcher/graph0000000000/edge/FlameSocketGraphDeployerFront - Stopped
13:10:32.266 [worker-akka.actor.default-dispatcher-2] INFO  a.a.LocalActorRef akka://worker/user/watcher/graph0000000000/negotiator - Stopped
13:10:32.266 [worker-akka.actor.default-dispatcher-2] INFO  a.a.LocalActorRef akka://worker/user/watcher/graph0000000000/edge/FlameSocketGraphDeployerRear - Stopped
13:10:32.281 [worker-akka.actor.default-dispatcher-2] INFO  a.a.LocalActorRef akka://worker/user/watcher/graph0000000000/edge - Stopped
13:10:32.282 [worker-akka.actor.default-dispatcher-2] INFO  a.a.LocalActorRef akka://worker/user/watcher/graph0000000000/graph/local-acker/$a - Stopped
13:10:32.282 [worker-akka.actor.default-dispatcher-2] INFO  a.a.LocalActorRef akka://worker/user/watcher/graph0000000000/graph/$a - Stopped
13:10:32.282 [worker-akka.actor.default-dispatcher-2] INFO  a.a.LocalActorRef akka://worker/user/watcher/graph0000000000/graph/$b - Stopped
13:10:32.282 [worker-akka.actor.default-dispatcher-2] INFO  a.a.LocalActorRef akka://worker/user/watcher/graph0000000000/graph/$c - Stopped
13:10:32.285 [worker-akka.actor.default-dispatcher-2] INFO  a.a.LocalActorRef akka://worker/user/watcher/graph0000000000/graph/local-acker/$a - Message [com.spbsu.flamestream.runtime.utils.akka.PingActor$InnerPing] from Actor[akka://worker/user/watcher/graph0000000000/graph/local-acker/$a#-1592640164] to Actor[akka://worker/user/watcher/graph0000000000/graph/local-acker/$a#-1592640164] was not delivered. [1] dead letters encountered. This logging can be turned off or adjusted with configuration settings 'akka.log-dead-letters' and 'akka.log-dead-letters-during-shutdown'.
13:10:32.286 [worker-akka.actor.default-dispatcher-2] INFO  a.a.LocalActorRef akka://worker/user/watcher/graph0000000000/graph/local-acker - Stopped
13:10:32.287 [worker-akka.actor.default-dispatcher-2] INFO  a.a.LocalActorRef akka://worker/user/watcher/graph0000000000/graph - Stopped
13:10:32.287 [worker-akka.actor.default-dispatcher-2] INFO  a.a.LocalActorRef akka://worker/user/watcher/graph0000000000 - Stopped
13:10:32.291 [worker-akka.actor.default-dispatcher-2-EventThread] INFO  o.a.z.ClientCnxn  - EventThread shut down for session: 0x161ae1f0755000c
13:10:32.291 [worker-akka.actor.default-dispatcher-2] INFO  o.a.z.ZooKeeper  - Session: 0x161ae1f0755000c closed
13:10:32.292 [worker-akka.actor.default-dispatcher-2] INFO  a.a.LocalActorRef akka://worker/user/watcher/graph0000000000/graph/local-acker/$a - Message [com.spbsu.flamestream.runtime.utils.akka.PingActor$Stop] from Actor[akka://worker/user/watcher/graph0000000000/graph/local-acker#2036506816] to Actor[akka://worker/user/watcher/graph0000000000/graph/local-acker/$a#-1592640164] was not delivered. [2] dead letters encountered. This logging can be turned off or adjusted with configuration settings 'akka.log-dead-letters' and 'akka.log-dead-letters-during-shutdown'.
13:10:32.292 [worker-akka.actor.default-dispatcher-2] INFO  a.a.LocalActorRef akka://worker/user/watcher/graph0000000000/graph/local-acker - Message [com.spbsu.flamestream.runtime.acker.LocalAcker$Flush] from Actor[akka://worker/user/watcher/graph0000000000/graph/local-acker#2036506816] to Actor[akka://worker/user/watcher/graph0000000000/graph/local-acker#2036506816] was not delivered. [3] dead letters encountered. This logging can be turned off or adjusted with configuration settings 'akka.log-dead-letters' and 'akka.log-dead-letters-during-shutdown'.
13:10:32.292 [worker-akka.actor.default-dispatcher-2] INFO  a.a.LocalActorRef akka://worker/user/watcher/graph0000000000/graph/local-acker - Message [com.spbsu.flamestream.runtime.acker.LocalAcker$Flush] from Actor[akka://worker/user/watcher/graph0000000000/graph/local-acker#2036506816] to Actor[akka://worker/user/watcher/graph0000000000/graph/local-acker#2036506816] was not delivered. [4] dead letters encountered. This logging can be turned off or adjusted with configuration settings 'akka.log-dead-letters' and 'akka.log-dead-letters-during-shutdown'.
13:10:32.293 [worker-akka.actor.default-dispatcher-2] INFO  a.a.LocalActorRef akka://worker/user/watcher/graph0000000000/graph/local-acker - Message [com.spbsu.flamestream.runtime.acker.LocalAcker$Flush] from Actor[akka://worker/user/watcher/graph0000000000/graph/local-acker#2036506816] to Actor[akka://worker/user/watcher/graph0000000000/graph/local-acker#2036506816] was not delivered. [5] dead letters encountered. This logging can be turned off or adjusted with configuration settings 'akka.log-dead-letters' and 'akka.log-dead-letters-during-shutdown'.
13:10:32.293 [worker-akka.actor.default-dispatcher-2] INFO  a.a.LocalActorRef akka://worker/user/watcher/graph0000000000/graph/local-acker - Message [com.spbsu.flamestream.runtime.acker.LocalAcker$Flush] from Actor[akka://worker/user/watcher/graph0000000000/graph/local-acker#2036506816] to Actor[akka://worker/user/watcher/graph0000000000/graph/local-acker#2036506816] was not delivered. [6] dead letters encountered. This logging can be turned off or adjusted with configuration settings 'akka.log-dead-letters' and 'akka.log-dead-letters-during-shutdown'.
13:10:32.295 [worker-akka.actor.default-dispatcher-2] INFO  a.a.LocalActorRef akka://worker/user/watcher/graph0000000000/graph/local-acker - Message [com.spbsu.flamestream.runtime.acker.LocalAcker$Flush] from Actor[akka://worker/user/watcher/graph0000000000/graph/local-acker#2036506816] to Actor[akka://worker/user/watcher/graph0000000000/graph/local-acker#2036506816] was not delivered. [7] dead letters encountered. This logging can be turned off or adjusted with configuration settings 'akka.log-dead-letters' and 'akka.log-dead-letters-during-shutdown'.
13:10:32.296 [worker-akka.actor.default-dispatcher-2] INFO  a.a.LocalActorRef akka://worker/user/watcher/graph0000000000/graph/local-acker - Message [com.spbsu.flamestream.runtime.acker.LocalAcker$Flush] from Actor[akka://worker/user/watcher/graph0000000000/graph/local-acker#2036506816] to Actor[akka://worker/user/watcher/graph0000000000/graph/local-acker#2036506816] was not delivered. [8] dead letters encountered. This logging can be turned off or adjusted with configuration settings 'akka.log-dead-letters' and 'akka.log-dead-letters-during-shutdown'.
13:10:32.296 [worker-akka.actor.default-dispatcher-2] INFO  a.a.LocalActorRef akka://worker/user/watcher/graph0000000000/graph/local-acker - Message [com.spbsu.flamestream.runtime.acker.LocalAcker$Flush] from Actor[akka://worker/user/watcher/graph0000000000/graph/local-acker#2036506816] to Actor[akka://worker/user/watcher/graph0000000000/graph/local-acker#2036506816] was not delivered. [9] dead letters encountered. This logging can be turned off or adjusted with configuration settings 'akka.log-dead-letters' and 'akka.log-dead-letters-during-shutdown'.
13:10:32.296 [worker-akka.actor.default-dispatcher-2] INFO  a.a.LocalActorRef akka://worker/user/watcher/graph0000000000/graph/local-acker - Message [com.spbsu.flamestream.runtime.acker.LocalAcker$Flush] from Actor[akka://worker/user/watcher/graph0000000000/graph/local-acker#2036506816] to Actor[akka://worker/user/watcher/graph0000000000/graph/local-acker#2036506816] was not delivered. [10] dead letters encountered. This logging can be turned off or adjusted with configuration settings 'akka.log-dead-letters' and 'akka.log-dead-letters-during-shutdown'.
13:10:32.297 [worker-akka.actor.default-dispatcher-2] INFO  a.a.RepointableActorRef akka://worker/user/watcher - Stopped
13:10:32.317 [worker-akka.actor.default-dispatcher-2] INFO  a.r.RemoteActorRefProvider$RemotingTerminator akka://worker@172.31.47.83:5412/system/remoting-terminator - Shutting down remote daemon.
13:10:32.320 [worker-akka.actor.default-dispatcher-2] INFO  a.r.RemoteActorRefProvider$RemotingTerminator akka://worker@172.31.47.83:5412/system/remoting-terminator - Remote daemon shut down; proceeding with flushing remote transports.
13:10:33.462 [worker-akka.actor.default-dispatcher-2] INFO  a.r.RemoteActorRefProvider$RemotingTerminator akka://worker@172.31.47.83:5412/system/remoting-terminator - Remoting shut down.
Heap
 def new generation   total 153600K, used 124695K [0x00000000e0c00000, 0x00000000eb2a0000, 0x00000000eb2a0000)
  eden space 136576K,  84% used [0x00000000e0c00000, 0x00000000e7c51570, 0x00000000e9160000)
  from space 17024K,  56% used [0x00000000e9160000, 0x00000000e9ad4968, 0x00000000ea200000)
  to   space 17024K,   0% used [0x00000000ea200000, 0x00000000ea200000, 0x00000000eb2a0000)
 tenured generation   total 341376K, used 91919K [0x00000000eb2a0000, 0x0000000100000000, 0x0000000100000000)
   the space 341376K,  26% used [0x00000000eb2a0000, 0x00000000f0c63f78, 0x00000000f0c64000, 0x0000000100000000)
 Metaspace       used 33564K, capacity 34298K, committed 34688K, reserved 1079296K
  class space    used 4456K, capacity 4624K, committed 4736K, reserved 1048576K
