13:29:22.472 [worker-akka.actor.default-dispatcher-2] INFO  a.e.s.Slf4jLogger  - Slf4jLogger started
2018-02-19T13:29:22.644+0000: 2.725: [Full GC (Metadata GC Threshold) 2018-02-19T13:29:22.644+0000: 2.725: [Tenured: 0K->15410K(341376K), 0.0383067 secs] 117538K->15410K(494976K), [Metaspace: 20866K->20866K(1067008K)], 0.0383729 secs] [Times: user=0.04 sys=0.00, real=0.04 secs] 
Ama winner
Ama winner
13:29:23.109 [worker-akka.actor.default-dispatcher-2] INFO  a.r.a.ArteryTransport(akka://worker) akka.remote.artery.ArteryTransport(akka://worker) - Started embedded media driver in directory [/dev/shm/aeron-root-worker-9a9c98be-e48e-4543-9605-74e63942606a]
13:29:23.323 [worker-akka.actor.default-dispatcher-2] INFO  a.r.a.ArteryTransport(akka://worker) akka.remote.artery.ArteryTransport(akka://worker) - Remoting started; listening on address: [akka://worker@172.31.37.101:5412] with UID [3661410927700194809]
13:29:23.425 [worker-akka.actor.default-dispatcher-2] INFO  o.a.z.ZooKeeper  - Client environment:zookeeper.version=3.4.9-1757313, built on 08/23/2016 06:50 GMT
13:29:23.426 [worker-akka.actor.default-dispatcher-2] INFO  o.a.z.ZooKeeper  - Client environment:host.name=ip-172-31-37-101.us-east-2.compute.internal
13:29:23.426 [worker-akka.actor.default-dispatcher-2] INFO  o.a.z.ZooKeeper  - Client environment:java.version=1.8.0_151
13:29:23.426 [worker-akka.actor.default-dispatcher-2] INFO  o.a.z.ZooKeeper  - Client environment:java.vendor=Oracle Corporation
13:29:23.426 [worker-akka.actor.default-dispatcher-2] INFO  o.a.z.ZooKeeper  - Client environment:java.home=/usr/lib/jvm/java-8-openjdk-amd64/jre
13:29:23.426 [worker-akka.actor.default-dispatcher-2] INFO  o.a.z.ZooKeeper  - Client environment:java.class.path=lib/commons-cli-1.4.jar:lib/minlog-1.3.0.jar:lib/asm-5.0.4.jar:lib/hadoop-annotations-2.7.3.jar:lib/hadoop-auth-2.7.3.jar:lib/akka-slf4j_2.11-2.5.6.jar:lib/jersey-core-1.9.jar:lib/lz4-1.3.0.jar:lib/jackson-core-asl-1.9.13.jar:lib/aeron-client-1.3.0.jar:lib/htrace-core-3.1.0-incubating.jar:lib/xz-1.0.jar:lib/commons-httpclient-3.1.jar:lib/asm-3.1.jar:lib/commons-lang3-3.4.jar:lib/scala-library-2.11.11.jar:lib/scala-java8-compat_2.11-0.7.0.jar:lib/commons-configuration-1.6.jar:lib/objenesis-2.1.jar:lib/jackson-annotations-2.8.0.jar:lib/jsr305-3.0.0.jar:lib/curator-framework-2.7.1.jar:lib/jersey-server-1.9.jar:lib/jets3t-0.9.0.jar:lib/leveldb-0.7.jar:lib/jetty-6.1.26.jar:lib/stax-api-1.0-2.jar:lib/flamestream-core-1.0-SNAPSHOT.jar:lib/reflectasm-1.07-shaded.jar:lib/apacheds-kerberos-codec-2.0.0-M15.jar:lib/api-asn1-api-1.0.0-M20.jar:lib/commons-lang-2.6.jar:lib/commons-beanutils-1.7.0.jar:lib/jackson-xc-1.8.3.jar:lib/jetty-util-6.1.26.jar:lib/logback-classic-1.2.3.jar:lib/jool-0.9.12.jar:lib/flamestream-runtime-1.0-SNAPSHOT-tests.jar:lib/httpcore-4.1.2.jar:lib/kryo-4.0.0.jar:lib/ant-1.8.1.jar:lib/jaxb-impl-2.2.3-1.jar:lib/jersey-json-1.9.jar:lib/commons-compress-1.4.1.jar:lib/leveldbjni-all-1.8.jar:lib/paranamer-2.3.jar:lib/jackson-core-2.8.4.jar:lib/commons-math3-3.6.1.jar:lib/scala-parser-combinators_2.11-1.0.4.jar:lib/netty-3.10.6.Final.jar:lib/trove4j-3.0.3.jar:lib/jaxb-api-2.2.2.jar:lib/logback-core-1.2.3.jar:lib/snappy-java-1.0.4.1.jar:lib/protobuf-java-2.5.0.jar:lib/reactive-streams-1.0.1.jar:lib/flamestream-examples-1.0-SNAPSHOT.jar:lib/commons-codec-1.4.jar:lib/activation-1.1.jar:lib/commons-net-3.1.jar:lib/curator-recipes-2.7.1.jar:lib/jackson-mapper-asl-1.9.13.jar:lib/jackson-databind-2.8.4.jar:lib/flamestream-runtime-1.0-SNAPSHOT.jar:lib/jackson-jaxrs-1.8.3.jar:lib/slf4j-api-1.7.24.jar:lib/akka-remote_2.11-2.5.6.jar:lib/akka-testkit_2.11-2.5.6.jar:lib/jline-0.9.94.jar:lib/akka-stream_2.11-2.5.6.jar:lib/jsp-api-2.1.jar:lib/kryonet-2.21.jar:lib/akka-kryo-serialization_2.11-0.5.0.jar:lib/config-1.3.1.jar:lib/ant-launcher-1.8.1.jar:lib/commons-logging-1.2.jar:lib/ssl-config-core_2.11-0.2.2.jar:lib/testng-6.10.jar:lib/leveldb-api-0.7.jar:lib/reflectasm-1.11.3.jar:lib/jcommander-1.48.jar:lib/commons-1.1.jar:lib/commons-digester-1.8.jar:lib/minlog-1.2.jar:lib/java-xmlbuilder-0.4.jar:lib/jettison-1.1.jar:lib/gson-2.2.4.jar:lib/jdk.tools-1.8.jar:lib/aeron-driver-1.3.0.jar:lib/zookeeper-3.4.9.jar:lib/commons-beanutils-core-1.8.0.jar:lib/commons-math3-3.1.1.jar:lib/akka-actor_2.11-2.5.6.jar:lib/curator-client-2.7.1.jar:lib/servlet-api-2.5.jar:lib/apacheds-i18n-2.0.0-M15.jar:lib/commons-io-2.4.jar:lib/commons-codec-1.6.jar:lib/akka-protobuf_2.11-2.5.6.jar:lib/protobuf-java-3.5.1.jar:lib/jdom-2.0.2.jar:lib/api-util-1.0.0-M20.jar:lib/hadoop-common-2.7.3.jar:lib/agrona-0.9.6.jar:lib/xmlenc-0.52.jar:lib/guava-21.0.jar:lib/commons-collections-3.2.2.jar:lib/avro-1.7.4.jar:lib/httpclient-4.1.2.jar:lib/flamestream-core-1.0-SNAPSHOT-tests.jar:lib/annotations-12.0.jar:lib/jsch-0.1.42.jar:flamestream-runtime-1.0-SNAPSHOT.jar
13:29:23.426 [worker-akka.actor.default-dispatcher-2] INFO  o.a.z.ZooKeeper  - Client environment:java.library.path=/usr/java/packages/lib/amd64:/usr/lib/x86_64-linux-gnu/jni:/lib/x86_64-linux-gnu:/usr/lib/x86_64-linux-gnu:/usr/lib/jni:/lib:/usr/lib
13:29:23.426 [worker-akka.actor.default-dispatcher-2] INFO  o.a.z.ZooKeeper  - Client environment:java.io.tmpdir=/tmp
13:29:23.426 [worker-akka.actor.default-dispatcher-2] INFO  o.a.z.ZooKeeper  - Client environment:java.compiler=<NA>
13:29:23.426 [worker-akka.actor.default-dispatcher-2] INFO  o.a.z.ZooKeeper  - Client environment:os.name=Linux
13:29:23.426 [worker-akka.actor.default-dispatcher-2] INFO  o.a.z.ZooKeeper  - Client environment:os.arch=amd64
13:29:23.427 [worker-akka.actor.default-dispatcher-2] INFO  o.a.z.ZooKeeper  - Client environment:os.version=4.4.0-1049-aws
13:29:23.427 [worker-akka.actor.default-dispatcher-2] INFO  o.a.z.ZooKeeper  - Client environment:user.name=root
13:29:23.428 [worker-akka.actor.default-dispatcher-2] INFO  o.a.z.ZooKeeper  - Client environment:user.home=/root
13:29:23.428 [worker-akka.actor.default-dispatcher-2] INFO  o.a.z.ZooKeeper  - Client environment:user.dir=/opt/flamestream
13:29:23.431 [worker-akka.actor.default-dispatcher-2] INFO  o.a.z.ZooKeeper  - Initiating client connection, connectString=172.31.34.147:2181 sessionTimeout=5000 watcher=com.spbsu.flamestream.runtime.application.LifecycleWatcher$$Lambda$29/603038501@449d53bd
13:29:23.465 [worker-akka.actor.default-dispatcher-2] INFO  a.a.RepointableActorRef akka://worker/user/watcher - Starting...
13:29:23.469 [worker-akka.actor.default-dispatcher-2-SendThread(172.31.34.147:2181)] INFO  o.a.z.ClientCnxn  - Opening socket connection to server 172.31.34.147/172.31.34.147:2181. Will not attempt to authenticate using SASL (unknown error)
13:29:23.472 [worker-akka.actor.default-dispatcher-2-SendThread(172.31.34.147:2181)] INFO  o.a.z.ClientCnxn  - Socket connection established to 172.31.34.147/172.31.34.147:2181, initiating session
13:29:23.480 [worker-akka.actor.default-dispatcher-2-SendThread(172.31.34.147:2181)] INFO  o.a.z.ClientCnxn  - Session establishment complete on server 172.31.34.147/172.31.34.147:2181, sessionid = 0x161ae405681000b, negotiated timeout = 6000
13:29:23.574 [worker-akka.actor.default-dispatcher-2] INFO  a.a.RepointableActorRef akka://worker/user/watcher - Connected to ZK
13:29:32.688 [worker-akka.actor.default-dispatcher-2] INFO  a.a.RepointableActorRef akka://worker/user/watcher - Creating node with watchGraphs: 'com.spbsu.flamestream.core.Graph$Builder$MyGraph@6f7aea09', config: 'ClusterConfig{paths={172.31.33.155=akka://worker@172.31.33.155:5412/user/watcher/graph0000000000, 172.31.47.83=akka://worker@172.31.47.83:5412/user/watcher/graph0000000000, 172.31.45.197=akka://worker@172.31.45.197:5412/user/watcher/graph0000000000, 172.31.42.36=akka://worker@172.31.42.36:5412/user/watcher/graph0000000000, 172.31.44.83=akka://worker@172.31.44.83:5412/user/watcher/graph0000000000, 172.31.39.64=akka://worker@172.31.39.64:5412/user/watcher/graph0000000000, 172.31.35.79=akka://worker@172.31.35.79:5412/user/watcher/graph0000000000, 172.31.34.169=akka://worker@172.31.34.169:5412/user/watcher/graph0000000000, 172.31.47.100=akka://worker@172.31.47.100:5412/user/watcher/graph0000000000, 172.31.37.101=akka://worker@172.31.37.101:5412/user/watcher/graph0000000000}, ackerLocation='172.31.35.79', props=ComputationLayout{ranges={172.31.33.155=HashRange{from=-1670265060, to=-1193046472}, 172.31.47.83=HashRange{from=1670265056, to=2147483644}, 172.31.45.197=HashRange{from=-715827884, to=-238609296}, 172.31.42.36=HashRange{from=1193046468, to=1670265056}, 172.31.44.83=HashRange{from=-238609296, to=238609292}, 172.31.39.64=HashRange{from=715827880, to=1193046468}, 172.31.35.79=HashRange{from=0, to=0}, 172.31.34.169=HashRange{from=-2147483648, to=-1670265060}, 172.31.47.100=HashRange{from=238609292, to=715827880}, 172.31.37.101=HashRange{from=-1193046472, to=-715827884}}}}'
13:29:33.532 [worker-akka.actor.default-dispatcher-2] INFO  a.a.LocalActorRef akka://worker/user/watcher/graph0000000000/graph - Starting...
13:29:33.533 [worker-akka.actor.default-dispatcher-2] INFO  a.a.LocalActorRef akka://worker/user/watcher/graph0000000000/graph/local-acker/$a - Starting...
13:29:33.533 [worker-akka.actor.default-dispatcher-2] INFO  a.a.LocalActorRef akka://worker/user/watcher/graph0000000000/graph/local-acker - Starting...
Warning: space is running low in /dev/shm (tmpfs) threshold=167,772,160 usable=158,621,696
Warning: space is running low in /dev/shm (tmpfs) threshold=167,772,160 usable=146,034,688
Warning: space is running low in /dev/shm (tmpfs) threshold=167,772,160 usable=133,447,680
Warning: space is running low in /dev/shm (tmpfs) threshold=167,772,160 usable=120,860,672
Warning: space is running low in /dev/shm (tmpfs) threshold=167,772,160 usable=108,273,664
Warning: space is running low in /dev/shm (tmpfs) threshold=167,772,160 usable=95,686,656
Warning: space is running low in /dev/shm (tmpfs) threshold=167,772,160 usable=83,099,648
Warning: space is running low in /dev/shm (tmpfs) threshold=167,772,160 usable=70,512,640
13:29:34.683 [worker-akka.actor.default-dispatcher-2] INFO  a.a.LocalActorRef akka://worker/user/watcher/graph0000000000/graph - Finishing constructor
13:29:34.684 [worker-akka.actor.default-dispatcher-2] INFO  a.a.LocalActorRef akka://worker/user/watcher/graph0000000000 - Starting...
13:29:34.750 [worker-akka.actor.default-dispatcher-2] INFO  a.a.LocalActorRef akka://worker/user/watcher/graph0000000000/negotiator - Starting...
13:29:34.752 [worker-akka.actor.default-dispatcher-2] INFO  a.a.LocalActorRef akka://worker/user/watcher/graph0000000000/edge - Starting...
13:29:34.753 [worker-akka.actor.default-dispatcher-2] INFO  a.a.LocalActorRef akka://worker/user/watcher/graph0000000000/graph/$a - Starting...
13:29:34.754 [worker-akka.actor.default-dispatcher-2] INFO  a.a.LocalActorRef akka://worker/user/watcher/graph0000000000/graph/$b - Starting...
13:29:34.755 [worker-akka.actor.default-dispatcher-2] INFO  a.a.LocalActorRef akka://worker/user/watcher/graph0000000000/graph/$c - Starting...
13:29:34.789 [worker-akka.actor.default-dispatcher-2] INFO  c.s.f.r.e.s.SocketRear  - FlameSocketGraphDeployerRear@172.31.37.101: connecting to 172.31.34.147:5678
13:29:34.796 [worker-akka.actor.default-dispatcher-2] INFO  c.s.f.r.e.s.SocketRear  - FlameSocketGraphDeployerRear@172.31.37.101: connected to 172.31.34.147:5678
13:29:34.821 [worker-akka.actor.default-dispatcher-2] INFO  a.a.LocalActorRef akka://worker/user/watcher/graph0000000000/edge/FlameSocketGraphDeployerRear - Starting...
13:29:34.830 [worker-akka.actor.default-dispatcher-2] INFO  a.a.LocalActorRef akka://worker/user/watcher/graph0000000000/edge/FlameSocketGraphDeployerFront - Starting...
13:29:34.831 [worker-akka.actor.default-dispatcher-2] INFO  a.a.LocalActorRef akka://worker/user/watcher/graph0000000000/negotiator - Requesting ticket for the frontClass FlameSocketGraphDeployerFront@172.31.37.101
13:29:34.833 [worker-akka.actor.default-dispatcher-2] INFO  a.a.LocalActorRef akka://worker/user/watcher/graph0000000000/negotiator - Ticket for the frontClass received: FrontTicket{allowedTimestamp=(1519046972703, FlameSocketGraphDeployerFront@172.31.37.101)}
13:29:34.834 [worker-akka.actor.default-dispatcher-2] INFO  c.s.f.r.e.s.SocketFront  - FlameSocketGraphDeployerFront@172.31.37.101: connecting to 172.31.34.147:4567
13:29:34.845 [Client] INFO  c.s.f.r.e.s.SocketFront  - FlameSocketGraphDeployerFront@172.31.37.101 has been disconnected from Connection 4
2018-02-19T13:29:38.963+0000: 19.044: [GC (Allocation Failure) 2018-02-19T13:29:38.963+0000: 19.044: [DefNew: 136576K->15246K(153600K), 0.0318679 secs] 151986K->50188K(494976K), 0.0319338 secs] [Times: user=0.00 sys=0.01, real=0.03 secs] 
2018-02-19T13:29:57.642+0000: 37.723: [GC (Allocation Failure) 2018-02-19T13:29:57.642+0000: 37.723: [DefNew: 151822K->3801K(153600K), 0.0174698 secs] 186764K->46252K(494976K), 0.0175448 secs] [Times: user=0.02 sys=0.00, real=0.02 secs] 
2018-02-19T13:30:18.506+0000: 58.587: [GC (Allocation Failure) 2018-02-19T13:30:18.506+0000: 58.587: [DefNew: 140377K->5536K(153600K), 0.0119406 secs] 182828K->47986K(494976K), 0.0119985 secs] [Times: user=0.01 sys=0.00, real=0.01 secs] 
2018-02-19T13:30:40.625+0000: 80.706: [GC (Allocation Failure) 2018-02-19T13:30:40.625+0000: 80.706: [DefNew: 142112K->8027K(153600K), 0.0167034 secs] 184562K->50478K(494976K), 0.0167698 secs] [Times: user=0.01 sys=0.00, real=0.01 secs] 
2018-02-19T13:30:56.544+0000: 96.625: [GC (Allocation Failure) 2018-02-19T13:30:56.544+0000: 96.625: [DefNew: 144603K->8733K(153600K), 0.0142320 secs] 187054K->51184K(494976K), 0.0142996 secs] [Times: user=0.02 sys=0.00, real=0.01 secs] 
2018-02-19T13:31:13.180+0000: 113.262: [GC (Allocation Failure) 2018-02-19T13:31:13.180+0000: 113.262: [DefNew: 145309K->8510K(153600K), 0.0161120 secs] 187760K->52397K(494976K), 0.0161765 secs] [Times: user=0.01 sys=0.00, real=0.02 secs] 
2018-02-19T13:31:33.768+0000: 133.849: [GC (Allocation Failure) 2018-02-19T13:31:33.768+0000: 133.849: [DefNew: 145086K->9672K(153600K), 0.0152481 secs] 188973K->53560K(494976K), 0.0153127 secs] [Times: user=0.02 sys=0.00, real=0.02 secs] 
2018-02-19T13:31:59.671+0000: 159.752: [GC (Allocation Failure) 2018-02-19T13:31:59.671+0000: 159.752: [DefNew: 146248K->10030K(153600K), 0.0180408 secs] 190136K->55124K(494976K), 0.0181002 secs] [Times: user=0.02 sys=0.00, real=0.02 secs] 
2018-02-19T13:32:21.647+0000: 181.728: [GC (Allocation Failure) 2018-02-19T13:32:21.647+0000: 181.728: [DefNew: 146606K->9890K(153600K), 0.0196415 secs] 191700K->56239K(494976K), 0.0197182 secs] [Times: user=0.02 sys=0.00, real=0.02 secs] 
2018-02-19T13:32:40.999+0000: 201.081: [GC (Allocation Failure) 2018-02-19T13:32:40.999+0000: 201.081: [DefNew: 146466K->8635K(153600K), 0.0173558 secs] 192815K->57251K(494976K), 0.0174214 secs] [Times: user=0.02 sys=0.00, real=0.02 secs] 
2018-02-19T13:33:07.379+0000: 227.460: [GC (Allocation Failure) 2018-02-19T13:33:07.379+0000: 227.460: [DefNew: 145211K->8572K(153600K), 0.0155475 secs] 193827K->58346K(494976K), 0.0156111 secs] [Times: user=0.02 sys=0.00, real=0.02 secs] 
2018-02-19T13:33:27.094+0000: 247.175: [GC (Allocation Failure) 2018-02-19T13:33:27.094+0000: 247.175: [DefNew: 145148K->8935K(153600K), 0.0162760 secs] 194922K->59866K(494976K), 0.0163357 secs] [Times: user=0.02 sys=0.00, real=0.02 secs] 
2018-02-19T13:33:50.712+0000: 270.793: [GC (Allocation Failure) 2018-02-19T13:33:50.712+0000: 270.793: [DefNew: 145511K->8671K(153600K), 0.0158248 secs] 196442K->61151K(494976K), 0.0158986 secs] [Times: user=0.01 sys=0.00, real=0.02 secs] 
2018-02-19T13:34:11.734+0000: 291.815: [GC (Allocation Failure) 2018-02-19T13:34:11.734+0000: 291.815: [DefNew: 145247K->8648K(153600K), 0.0163816 secs] 197727K->62244K(494976K), 0.0164572 secs] [Times: user=0.02 sys=0.00, real=0.02 secs] 
2018-02-19T13:34:34.465+0000: 314.547: [GC (Allocation Failure) 2018-02-19T13:34:34.465+0000: 314.547: [DefNew: 145224K->8968K(153600K), 0.0163751 secs] 198820K->63587K(494976K), 0.0164480 secs] [Times: user=0.01 sys=0.00, real=0.01 secs] 
2018-02-19T13:34:55.490+0000: 335.571: [GC (Allocation Failure) 2018-02-19T13:34:55.490+0000: 335.571: [DefNew: 145544K->8942K(153600K), 0.0168309 secs] 200163K->64705K(494976K), 0.0169182 secs] [Times: user=0.01 sys=0.01, real=0.02 secs] 
2018-02-19T13:35:16.700+0000: 356.781: [GC (Allocation Failure) 2018-02-19T13:35:16.700+0000: 356.781: [DefNew: 145518K->9032K(153600K), 0.0177099 secs] 201281K->65847K(494976K), 0.0177805 secs] [Times: user=0.02 sys=0.00, real=0.02 secs] 
2018-02-19T13:35:37.143+0000: 377.224: [GC (Allocation Failure) 2018-02-19T13:35:37.143+0000: 377.224: [DefNew: 145608K->9325K(153600K), 0.0166216 secs] 202423K->67246K(494976K), 0.0166863 secs] [Times: user=0.02 sys=0.00, real=0.01 secs] 
2018-02-19T13:36:01.663+0000: 401.744: [GC (Allocation Failure) 2018-02-19T13:36:01.663+0000: 401.744: [DefNew: 145901K->9105K(153600K), 0.0170404 secs] 203822K->68140K(494976K), 0.0171024 secs] [Times: user=0.01 sys=0.01, real=0.01 secs] 
2018-02-19T13:36:23.202+0000: 423.283: [GC (Allocation Failure) 2018-02-19T13:36:23.202+0000: 423.283: [DefNew: 145681K->9646K(153600K), 0.0168405 secs] 204716K->69770K(494976K), 0.0169028 secs] [Times: user=0.01 sys=0.00, real=0.02 secs] 
2018-02-19T13:36:39.198+0000: 439.280: [GC (Allocation Failure) 2018-02-19T13:36:39.199+0000: 439.280: [DefNew: 146222K->8043K(153600K), 0.0167839 secs] 206346K->70267K(494976K), 0.0168492 secs] [Times: user=0.02 sys=0.00, real=0.02 secs] 
2018-02-19T13:36:54.637+0000: 454.719: [GC (Allocation Failure) 2018-02-19T13:36:54.637+0000: 454.719: [DefNew: 144619K->9446K(153600K), 0.0145909 secs] 206843K->71670K(494976K), 0.0146521 secs] [Times: user=0.01 sys=0.00, real=0.01 secs] 
2018-02-19T13:37:17.334+0000: 477.415: [GC (Allocation Failure) 2018-02-19T13:37:17.334+0000: 477.415: [DefNew: 146022K->9769K(153600K), 0.0167939 secs] 208246K->73006K(494976K), 0.0168695 secs] [Times: user=0.02 sys=0.00, real=0.02 secs] 
2018-02-19T13:37:35.221+0000: 495.302: [GC (Allocation Failure) 2018-02-19T13:37:35.221+0000: 495.302: [DefNew: 146345K->10614K(153600K), 0.0175876 secs] 209582K->74994K(494976K), 0.0176500 secs] [Times: user=0.02 sys=0.00, real=0.02 secs] 
2018-02-19T13:37:51.982+0000: 512.063: [GC (Allocation Failure) 2018-02-19T13:37:51.982+0000: 512.063: [DefNew: 147190K->9664K(153600K), 0.0179949 secs] 211570K->75999K(494976K), 0.0180553 secs] [Times: user=0.02 sys=0.00, real=0.02 secs] 
2018-02-19T13:38:09.907+0000: 529.988: [GC (Allocation Failure) 2018-02-19T13:38:09.907+0000: 529.988: [DefNew: 146240K->10055K(153600K), 0.0178492 secs] 212575K->77636K(494976K), 0.0179246 secs] [Times: user=0.01 sys=0.00, real=0.02 secs] 
2018-02-19T13:38:31.512+0000: 551.593: [GC (Allocation Failure) 2018-02-19T13:38:31.512+0000: 551.593: [DefNew: 146631K->8839K(153600K), 0.0171636 secs] 214212K->78552K(494976K), 0.0172259 secs] [Times: user=0.01 sys=0.01, real=0.02 secs] 
2018-02-19T13:38:52.107+0000: 572.188: [GC (Allocation Failure) 2018-02-19T13:38:52.107+0000: 572.188: [DefNew: 145415K->9453K(153600K), 0.0225747 secs] 215128K->80131K(494976K), 0.0226327 secs] [Times: user=0.02 sys=0.00, real=0.02 secs] 
2018-02-19T13:39:14.972+0000: 595.053: [GC (Allocation Failure) 2018-02-19T13:39:14.972+0000: 595.053: [DefNew: 146029K->9731K(153600K), 0.0180910 secs] 216707K->81555K(494976K), 0.0181788 secs] [Times: user=0.01 sys=0.00, real=0.02 secs] 
2018-02-19T13:39:31.740+0000: 611.822: [GC (Allocation Failure) 2018-02-19T13:39:31.741+0000: 611.822: [DefNew: 146307K->11437K(153600K), 0.0191741 secs] 218131K->84403K(494976K), 0.0192504 secs] [Times: user=0.02 sys=0.00, real=0.02 secs] 
2018-02-19T13:39:52.422+0000: 632.503: [GC (Allocation Failure) 2018-02-19T13:39:52.422+0000: 632.503: [DefNew: 148013K->9018K(153600K), 0.0198869 secs] 220979K->84797K(494976K), 0.0199501 secs] [Times: user=0.01 sys=0.01, real=0.02 secs] 
2018-02-19T13:40:13.728+0000: 653.810: [GC (Allocation Failure) 2018-02-19T13:40:13.728+0000: 653.810: [DefNew: 145594K->8948K(153600K), 0.0181430 secs] 221373K->86535K(494976K), 0.0182337 secs] [Times: user=0.02 sys=0.00, real=0.02 secs] 
2018-02-19T13:40:31.952+0000: 672.033: [GC (Allocation Failure) 2018-02-19T13:40:31.952+0000: 672.033: [DefNew: 145524K->8742K(153600K), 0.0150624 secs] 223111K->87725K(494976K), 0.0151365 secs] [Times: user=0.01 sys=0.00, real=0.02 secs] 
2018-02-19T13:40:53.163+0000: 693.244: [GC (Allocation Failure) 2018-02-19T13:40:53.163+0000: 693.244: [DefNew: 145318K->9294K(153600K), 0.0175197 secs] 224301K->89793K(494976K), 0.0175903 secs] [Times: user=0.01 sys=0.01, real=0.01 secs] 
2018-02-19T13:41:16.341+0000: 716.422: [GC (Allocation Failure) 2018-02-19T13:41:16.341+0000: 716.422: [DefNew: 145870K->9415K(153600K), 0.0169853 secs] 226369K->91228K(494976K), 0.0170529 secs] [Times: user=0.02 sys=0.00, real=0.02 secs] 
2018-02-19T13:41:36.492+0000: 736.574: [GC (Allocation Failure) 2018-02-19T13:41:36.492+0000: 736.574: [DefNew: 145991K->9661K(153600K), 0.0176952 secs] 227804K->93048K(494976K), 0.0177618 secs] [Times: user=0.02 sys=0.00, real=0.02 secs] 
2018-02-19T13:41:58.640+0000: 758.721: [GC (Allocation Failure) 2018-02-19T13:41:58.640+0000: 758.721: [DefNew: 146237K->9740K(153600K), 0.0164349 secs] 229624K->94654K(494976K), 0.0164968 secs] [Times: user=0.02 sys=0.00, real=0.02 secs] 
2018-02-19T13:42:16.892+0000: 776.973: [GC (Allocation Failure) 2018-02-19T13:42:16.892+0000: 776.974: [DefNew: 146316K->9189K(153600K), 0.0162031 secs] 231230K->95768K(494976K), 0.0162633 secs] [Times: user=0.00 sys=0.01, real=0.02 secs] 
2018-02-19T13:42:33.474+0000: 793.555: [GC (Allocation Failure) 2018-02-19T13:42:33.474+0000: 793.555: [DefNew: 145765K->9291K(153600K), 0.0158852 secs] 232344K->97204K(494976K), 0.0159481 secs] [Times: user=0.01 sys=0.00, real=0.02 secs] 
2018-02-19T13:42:56.787+0000: 816.868: [GC (Allocation Failure) 2018-02-19T13:42:56.787+0000: 816.868: [DefNew: 145867K->9745K(153600K), 0.0162593 secs] 233780K->99047K(494976K), 0.0163342 secs] [Times: user=0.02 sys=0.00, real=0.02 secs] 
2018-02-19T13:43:15.572+0000: 835.653: [GC (Allocation Failure) 2018-02-19T13:43:15.572+0000: 835.653: [DefNew: 146321K->9868K(153600K), 0.0162775 secs] 235623K->100581K(494976K), 0.0163393 secs] [Times: user=0.01 sys=0.00, real=0.02 secs] 
13:43:18.386 [Client] INFO  c.s.f.r.e.s.SocketRear  - FlameSocketGraphDeployerRear@172.31.37.101: has been disconnected from Connection 4
13:43:32.426 [worker-akka.actor.default-dispatcher-2] INFO  a.a.CoordinatedShutdown CoordinatedShutdown(akka://worker) - Starting coordinated shutdown from JVM shutdown hook
13:43:32.471 [worker-akka.actor.default-dispatcher-2] INFO  a.a.LocalActorRef akka://worker/user/watcher/graph0000000000/negotiator - Stopped
13:43:32.471 [worker-akka.actor.default-dispatcher-2] INFO  a.a.LocalActorRef akka://worker/user/watcher/graph0000000000/edge/FlameSocketGraphDeployerFront - Stopped
13:43:32.472 [worker-akka.actor.default-dispatcher-2] INFO  a.a.LocalActorRef akka://worker/user/watcher/graph0000000000/edge/FlameSocketGraphDeployerRear - Stopped
13:43:32.472 [worker-akka.actor.default-dispatcher-2] INFO  a.a.LocalActorRef akka://worker/user/watcher/graph0000000000/graph/local-acker/$a - Stopped
13:43:32.473 [worker-akka.actor.default-dispatcher-2] INFO  a.a.LocalActorRef akka://worker/user/watcher/graph0000000000/graph/$a - Stopped
13:43:32.474 [worker-akka.actor.default-dispatcher-2] INFO  a.a.LocalActorRef akka://worker/user/watcher/graph0000000000/graph/$b - Stopped
13:43:32.474 [worker-akka.actor.default-dispatcher-2] INFO  a.a.LocalActorRef akka://worker/user/watcher/graph0000000000/graph/$c - Stopped
13:43:32.480 [worker-akka.actor.default-dispatcher-2] INFO  a.a.LocalActorRef akka://worker/user/watcher/graph0000000000/edge - Stopped
13:43:32.480 [worker-akka.actor.default-dispatcher-2] INFO  a.a.LocalActorRef akka://worker/user/watcher/graph0000000000/graph/local-acker/$a - Message [com.spbsu.flamestream.runtime.utils.akka.PingActor$InnerPing] from Actor[akka://worker/user/watcher/graph0000000000/graph/local-acker/$a#76878643] to Actor[akka://worker/user/watcher/graph0000000000/graph/local-acker/$a#76878643] was not delivered. [1] dead letters encountered. This logging can be turned off or adjusted with configuration settings 'akka.log-dead-letters' and 'akka.log-dead-letters-during-shutdown'.
13:43:32.480 [worker-akka.actor.default-dispatcher-2] INFO  a.a.LocalActorRef akka://worker/user/watcher/graph0000000000/graph/local-acker - Stopped
13:43:32.483 [worker-akka.actor.default-dispatcher-2] INFO  a.a.LocalActorRef akka://worker/user/watcher/graph0000000000/graph/local-acker/$a - Message [com.spbsu.flamestream.runtime.utils.akka.PingActor$Stop] from Actor[akka://worker/user/watcher/graph0000000000/graph/local-acker#1839038417] to Actor[akka://worker/user/watcher/graph0000000000/graph/local-acker/$a#76878643] was not delivered. [2] dead letters encountered. This logging can be turned off or adjusted with configuration settings 'akka.log-dead-letters' and 'akka.log-dead-letters-during-shutdown'.
13:43:32.484 [worker-akka.actor.default-dispatcher-2] INFO  a.a.LocalActorRef akka://worker/user/watcher/graph0000000000/graph/local-acker - Message [com.spbsu.flamestream.runtime.acker.LocalAcker$Flush] from Actor[akka://worker/user/watcher/graph0000000000/graph/local-acker#1839038417] to Actor[akka://worker/user/watcher/graph0000000000/graph/local-acker#1839038417] was not delivered. [3] dead letters encountered. This logging can be turned off or adjusted with configuration settings 'akka.log-dead-letters' and 'akka.log-dead-letters-during-shutdown'.
13:43:32.485 [worker-akka.actor.default-dispatcher-2] INFO  a.a.LocalActorRef akka://worker/user/watcher/graph0000000000/graph/local-acker - Message [com.spbsu.flamestream.runtime.acker.LocalAcker$Flush] from Actor[akka://worker/user/watcher/graph0000000000/graph/local-acker#1839038417] to Actor[akka://worker/user/watcher/graph0000000000/graph/local-acker#1839038417] was not delivered. [4] dead letters encountered. This logging can be turned off or adjusted with configuration settings 'akka.log-dead-letters' and 'akka.log-dead-letters-during-shutdown'.
13:43:32.485 [worker-akka.actor.default-dispatcher-2] INFO  a.a.LocalActorRef akka://worker/user/watcher/graph0000000000/graph - Stopped
13:43:32.485 [worker-akka.actor.default-dispatcher-2] INFO  a.a.LocalActorRef akka://worker/user/watcher/graph0000000000 - Stopped
13:43:32.489 [worker-akka.actor.default-dispatcher-2-EventThread] INFO  o.a.z.ClientCnxn  - EventThread shut down for session: 0x161ae405681000b
13:43:32.489 [worker-akka.actor.default-dispatcher-2] INFO  o.a.z.ZooKeeper  - Session: 0x161ae405681000b closed
13:43:32.490 [worker-akka.actor.default-dispatcher-2] INFO  a.a.RepointableActorRef akka://worker/user/watcher - Stopped
13:43:32.505 [worker-akka.actor.default-dispatcher-2] INFO  a.r.RemoteActorRefProvider$RemotingTerminator akka://worker@172.31.37.101:5412/system/remoting-terminator - Shutting down remote daemon.
13:43:32.510 [worker-akka.actor.default-dispatcher-2] INFO  a.r.RemoteActorRefProvider$RemotingTerminator akka://worker@172.31.37.101:5412/system/remoting-terminator - Remote daemon shut down; proceeding with flushing remote transports.
13:43:33.657 [worker-akka.actor.default-dispatcher-2] INFO  a.r.RemoteActorRefProvider$RemotingTerminator akka://worker@172.31.37.101:5412/system/remoting-terminator - Remoting shut down.
Heap
 def new generation   total 153600K, used 49385K [0x00000000e0c00000, 0x00000000eb2a0000, 0x00000000eb2a0000)
  eden space 136576K,  28% used [0x00000000e0c00000, 0x00000000e3297498, 0x00000000e9160000)
  from space 17024K,  57% used [0x00000000ea200000, 0x00000000eaba3118, 0x00000000eb2a0000)
  to   space 17024K,   0% used [0x00000000e9160000, 0x00000000e9160000, 0x00000000ea200000)
 tenured generation   total 341376K, used 90713K [0x00000000eb2a0000, 0x0000000100000000, 0x0000000100000000)
   the space 341376K,  26% used [0x00000000eb2a0000, 0x00000000f0b36648, 0x00000000f0b36800, 0x0000000100000000)
 Metaspace       used 33520K, capacity 34290K, committed 34688K, reserved 1079296K
  class space    used 4456K, capacity 4624K, committed 4736K, reserved 1048576K
