13:59:00.165 [worker-akka.actor.default-dispatcher-2] INFO  a.e.s.Slf4jLogger  - Slf4jLogger started
2018-02-19T13:59:00.338+0000: 2.689: [Full GC (Metadata GC Threshold) 2018-02-19T13:59:00.338+0000: 2.689: [Tenured: 0K->15411K(341376K), 0.0380035 secs] 117539K->15411K(494976K), [Metaspace: 20875K->20875K(1067008K)], 0.0380669 secs] [Times: user=0.04 sys=0.00, real=0.03 secs] 
Ama winner
Ama winner
13:59:00.801 [worker-akka.actor.default-dispatcher-2] INFO  a.r.a.ArteryTransport(akka://worker) akka.remote.artery.ArteryTransport(akka://worker) - Started embedded media driver in directory [/dev/shm/aeron-root-worker-c8881349-e00a-450a-ae74-78609c04af20]
13:59:01.016 [worker-akka.actor.default-dispatcher-2] INFO  a.r.a.ArteryTransport(akka://worker) akka.remote.artery.ArteryTransport(akka://worker) - Remoting started; listening on address: [akka://worker@172.31.47.100:5412] with UID [7410508001294312585]
13:59:01.126 [worker-akka.actor.default-dispatcher-2] INFO  o.a.z.ZooKeeper  - Client environment:zookeeper.version=3.4.9-1757313, built on 08/23/2016 06:50 GMT
13:59:01.126 [worker-akka.actor.default-dispatcher-2] INFO  o.a.z.ZooKeeper  - Client environment:host.name=ip-172-31-47-100.us-east-2.compute.internal
13:59:01.126 [worker-akka.actor.default-dispatcher-2] INFO  o.a.z.ZooKeeper  - Client environment:java.version=1.8.0_151
13:59:01.126 [worker-akka.actor.default-dispatcher-2] INFO  o.a.z.ZooKeeper  - Client environment:java.vendor=Oracle Corporation
13:59:01.126 [worker-akka.actor.default-dispatcher-2] INFO  o.a.z.ZooKeeper  - Client environment:java.home=/usr/lib/jvm/java-8-openjdk-amd64/jre
13:59:01.126 [worker-akka.actor.default-dispatcher-2] INFO  o.a.z.ZooKeeper  - Client environment:java.class.path=lib/commons-cli-1.4.jar:lib/minlog-1.3.0.jar:lib/asm-5.0.4.jar:lib/hadoop-annotations-2.7.3.jar:lib/hadoop-auth-2.7.3.jar:lib/akka-slf4j_2.11-2.5.6.jar:lib/jersey-core-1.9.jar:lib/lz4-1.3.0.jar:lib/jackson-core-asl-1.9.13.jar:lib/aeron-client-1.3.0.jar:lib/htrace-core-3.1.0-incubating.jar:lib/xz-1.0.jar:lib/commons-httpclient-3.1.jar:lib/asm-3.1.jar:lib/commons-lang3-3.4.jar:lib/scala-library-2.11.11.jar:lib/scala-java8-compat_2.11-0.7.0.jar:lib/commons-configuration-1.6.jar:lib/objenesis-2.1.jar:lib/jackson-annotations-2.8.0.jar:lib/jsr305-3.0.0.jar:lib/curator-framework-2.7.1.jar:lib/jersey-server-1.9.jar:lib/jets3t-0.9.0.jar:lib/leveldb-0.7.jar:lib/jetty-6.1.26.jar:lib/stax-api-1.0-2.jar:lib/flamestream-core-1.0-SNAPSHOT.jar:lib/reflectasm-1.07-shaded.jar:lib/apacheds-kerberos-codec-2.0.0-M15.jar:lib/api-asn1-api-1.0.0-M20.jar:lib/commons-lang-2.6.jar:lib/commons-beanutils-1.7.0.jar:lib/jackson-xc-1.8.3.jar:lib/jetty-util-6.1.26.jar:lib/logback-classic-1.2.3.jar:lib/jool-0.9.12.jar:lib/flamestream-runtime-1.0-SNAPSHOT-tests.jar:lib/httpcore-4.1.2.jar:lib/kryo-4.0.0.jar:lib/ant-1.8.1.jar:lib/jaxb-impl-2.2.3-1.jar:lib/jersey-json-1.9.jar:lib/commons-compress-1.4.1.jar:lib/leveldbjni-all-1.8.jar:lib/paranamer-2.3.jar:lib/jackson-core-2.8.4.jar:lib/commons-math3-3.6.1.jar:lib/scala-parser-combinators_2.11-1.0.4.jar:lib/netty-3.10.6.Final.jar:lib/trove4j-3.0.3.jar:lib/jaxb-api-2.2.2.jar:lib/logback-core-1.2.3.jar:lib/snappy-java-1.0.4.1.jar:lib/protobuf-java-2.5.0.jar:lib/reactive-streams-1.0.1.jar:lib/flamestream-examples-1.0-SNAPSHOT.jar:lib/commons-codec-1.4.jar:lib/activation-1.1.jar:lib/commons-net-3.1.jar:lib/curator-recipes-2.7.1.jar:lib/jackson-mapper-asl-1.9.13.jar:lib/jackson-databind-2.8.4.jar:lib/flamestream-runtime-1.0-SNAPSHOT.jar:lib/jackson-jaxrs-1.8.3.jar:lib/slf4j-api-1.7.24.jar:lib/akka-remote_2.11-2.5.6.jar:lib/akka-testkit_2.11-2.5.6.jar:lib/jline-0.9.94.jar:lib/akka-stream_2.11-2.5.6.jar:lib/jsp-api-2.1.jar:lib/kryonet-2.21.jar:lib/akka-kryo-serialization_2.11-0.5.0.jar:lib/config-1.3.1.jar:lib/ant-launcher-1.8.1.jar:lib/commons-logging-1.2.jar:lib/ssl-config-core_2.11-0.2.2.jar:lib/testng-6.10.jar:lib/leveldb-api-0.7.jar:lib/reflectasm-1.11.3.jar:lib/jcommander-1.48.jar:lib/commons-1.1.jar:lib/commons-digester-1.8.jar:lib/minlog-1.2.jar:lib/java-xmlbuilder-0.4.jar:lib/jettison-1.1.jar:lib/gson-2.2.4.jar:lib/jdk.tools-1.8.jar:lib/aeron-driver-1.3.0.jar:lib/zookeeper-3.4.9.jar:lib/commons-beanutils-core-1.8.0.jar:lib/commons-math3-3.1.1.jar:lib/akka-actor_2.11-2.5.6.jar:lib/curator-client-2.7.1.jar:lib/servlet-api-2.5.jar:lib/apacheds-i18n-2.0.0-M15.jar:lib/commons-io-2.4.jar:lib/commons-codec-1.6.jar:lib/akka-protobuf_2.11-2.5.6.jar:lib/protobuf-java-3.5.1.jar:lib/jdom-2.0.2.jar:lib/api-util-1.0.0-M20.jar:lib/hadoop-common-2.7.3.jar:lib/agrona-0.9.6.jar:lib/xmlenc-0.52.jar:lib/guava-21.0.jar:lib/commons-collections-3.2.2.jar:lib/avro-1.7.4.jar:lib/httpclient-4.1.2.jar:lib/flamestream-core-1.0-SNAPSHOT-tests.jar:lib/annotations-12.0.jar:lib/jsch-0.1.42.jar:flamestream-runtime-1.0-SNAPSHOT.jar
13:59:01.126 [worker-akka.actor.default-dispatcher-2] INFO  o.a.z.ZooKeeper  - Client environment:java.library.path=/usr/java/packages/lib/amd64:/usr/lib/x86_64-linux-gnu/jni:/lib/x86_64-linux-gnu:/usr/lib/x86_64-linux-gnu:/usr/lib/jni:/lib:/usr/lib
13:59:01.127 [worker-akka.actor.default-dispatcher-2] INFO  o.a.z.ZooKeeper  - Client environment:java.io.tmpdir=/tmp
13:59:01.127 [worker-akka.actor.default-dispatcher-2] INFO  o.a.z.ZooKeeper  - Client environment:java.compiler=<NA>
13:59:01.127 [worker-akka.actor.default-dispatcher-2] INFO  o.a.z.ZooKeeper  - Client environment:os.name=Linux
13:59:01.127 [worker-akka.actor.default-dispatcher-2] INFO  o.a.z.ZooKeeper  - Client environment:os.arch=amd64
13:59:01.127 [worker-akka.actor.default-dispatcher-2] INFO  o.a.z.ZooKeeper  - Client environment:os.version=4.4.0-1049-aws
13:59:01.127 [worker-akka.actor.default-dispatcher-2] INFO  o.a.z.ZooKeeper  - Client environment:user.name=root
13:59:01.128 [worker-akka.actor.default-dispatcher-2] INFO  o.a.z.ZooKeeper  - Client environment:user.home=/root
13:59:01.128 [worker-akka.actor.default-dispatcher-2] INFO  o.a.z.ZooKeeper  - Client environment:user.dir=/opt/flamestream
13:59:01.132 [worker-akka.actor.default-dispatcher-2] INFO  o.a.z.ZooKeeper  - Initiating client connection, connectString=172.31.34.147:2181 sessionTimeout=5000 watcher=com.spbsu.flamestream.runtime.application.LifecycleWatcher$$Lambda$29/2091173542@1b48f905
13:59:01.168 [worker-akka.actor.default-dispatcher-2] INFO  a.a.RepointableActorRef akka://worker/user/watcher - Starting...
13:59:01.171 [worker-akka.actor.default-dispatcher-2-SendThread(172.31.34.147:2181)] INFO  o.a.z.ClientCnxn  - Opening socket connection to server 172.31.34.147/172.31.34.147:2181. Will not attempt to authenticate using SASL (unknown error)
13:59:01.177 [worker-akka.actor.default-dispatcher-2-SendThread(172.31.34.147:2181)] INFO  o.a.z.ClientCnxn  - Socket connection established to 172.31.34.147/172.31.34.147:2181, initiating session
13:59:01.186 [worker-akka.actor.default-dispatcher-2-SendThread(172.31.34.147:2181)] INFO  o.a.z.ClientCnxn  - Session establishment complete on server 172.31.34.147/172.31.34.147:2181, sessionid = 0x161ae5b84060004, negotiated timeout = 6000
13:59:01.285 [worker-akka.actor.default-dispatcher-2] INFO  a.a.RepointableActorRef akka://worker/user/watcher - Connected to ZK
13:59:12.120 [worker-akka.actor.default-dispatcher-2] INFO  a.a.RepointableActorRef akka://worker/user/watcher - Creating node with watchGraphs: 'com.spbsu.flamestream.core.Graph$Builder$MyGraph@22aae96d', config: 'ClusterConfig{paths={172.31.33.155=akka://worker@172.31.33.155:5412/user/watcher/graph0000000000, 172.31.47.83=akka://worker@172.31.47.83:5412/user/watcher/graph0000000000, 172.31.45.197=akka://worker@172.31.45.197:5412/user/watcher/graph0000000000, 172.31.42.36=akka://worker@172.31.42.36:5412/user/watcher/graph0000000000, 172.31.44.83=akka://worker@172.31.44.83:5412/user/watcher/graph0000000000, 172.31.39.64=akka://worker@172.31.39.64:5412/user/watcher/graph0000000000, 172.31.35.79=akka://worker@172.31.35.79:5412/user/watcher/graph0000000000, 172.31.34.169=akka://worker@172.31.34.169:5412/user/watcher/graph0000000000, 172.31.47.100=akka://worker@172.31.47.100:5412/user/watcher/graph0000000000, 172.31.37.101=akka://worker@172.31.37.101:5412/user/watcher/graph0000000000}, ackerLocation='172.31.35.79', props=ComputationLayout{ranges={172.31.33.155=HashRange{from=-1670265060, to=-1193046472}, 172.31.47.83=HashRange{from=1670265056, to=2147483644}, 172.31.45.197=HashRange{from=-715827884, to=-238609296}, 172.31.42.36=HashRange{from=1193046468, to=1670265056}, 172.31.44.83=HashRange{from=-238609296, to=238609292}, 172.31.39.64=HashRange{from=715827880, to=1193046468}, 172.31.35.79=HashRange{from=0, to=0}, 172.31.34.169=HashRange{from=-2147483648, to=-1670265060}, 172.31.47.100=HashRange{from=238609292, to=715827880}, 172.31.37.101=HashRange{from=-1193046472, to=-715827884}}}}'
13:59:13.007 [worker-akka.actor.default-dispatcher-2] INFO  a.a.LocalActorRef akka://worker/user/watcher/graph0000000000/graph - Starting...
13:59:13.010 [worker-akka.actor.default-dispatcher-2] INFO  a.a.LocalActorRef akka://worker/user/watcher/graph0000000000/graph/local-acker - Starting...
13:59:13.012 [worker-akka.actor.default-dispatcher-2] INFO  a.a.LocalActorRef akka://worker/user/watcher/graph0000000000/graph/local-acker/$a - Starting...
Warning: space is running low in /dev/shm (tmpfs) threshold=167,772,160 usable=158,621,696
Warning: space is running low in /dev/shm (tmpfs) threshold=167,772,160 usable=146,034,688
Warning: space is running low in /dev/shm (tmpfs) threshold=167,772,160 usable=133,447,680
Warning: space is running low in /dev/shm (tmpfs) threshold=167,772,160 usable=120,860,672
Warning: space is running low in /dev/shm (tmpfs) threshold=167,772,160 usable=108,273,664
Warning: space is running low in /dev/shm (tmpfs) threshold=167,772,160 usable=95,686,656
Warning: space is running low in /dev/shm (tmpfs) threshold=167,772,160 usable=83,099,648
Warning: space is running low in /dev/shm (tmpfs) threshold=167,772,160 usable=70,512,640
13:59:14.618 [worker-akka.actor.default-dispatcher-2] INFO  a.a.LocalActorRef akka://worker/user/watcher/graph0000000000/graph - Finishing constructor
13:59:14.620 [worker-akka.actor.default-dispatcher-2] INFO  a.a.LocalActorRef akka://worker/user/watcher/graph0000000000 - Starting...
13:59:14.621 [worker-akka.actor.default-dispatcher-2] INFO  a.a.LocalActorRef akka://worker/user/watcher/graph0000000000/negotiator - Starting...
13:59:14.681 [worker-akka.actor.default-dispatcher-2] INFO  a.a.LocalActorRef akka://worker/user/watcher/graph0000000000/edge - Starting...
13:59:14.682 [worker-akka.actor.default-dispatcher-2] INFO  a.a.LocalActorRef akka://worker/user/watcher/graph0000000000/graph/$a - Starting...
13:59:14.683 [worker-akka.actor.default-dispatcher-2] INFO  a.a.LocalActorRef akka://worker/user/watcher/graph0000000000/graph/$b - Starting...
13:59:14.683 [worker-akka.actor.default-dispatcher-2] INFO  a.a.LocalActorRef akka://worker/user/watcher/graph0000000000/graph/$c - Starting...
13:59:14.710 [worker-akka.actor.default-dispatcher-2] INFO  c.s.f.r.e.s.SocketRear  - FlameSocketGraphDeployerRear@172.31.47.100: connecting to 172.31.34.147:5678
13:59:14.717 [worker-akka.actor.default-dispatcher-2] INFO  c.s.f.r.e.s.SocketRear  - FlameSocketGraphDeployerRear@172.31.47.100: connected to 172.31.34.147:5678
13:59:14.756 [worker-akka.actor.default-dispatcher-2] INFO  a.a.LocalActorRef akka://worker/user/watcher/graph0000000000/edge/FlameSocketGraphDeployerRear - Starting...
13:59:14.757 [worker-akka.actor.default-dispatcher-2] INFO  a.a.LocalActorRef akka://worker/user/watcher/graph0000000000/edge/FlameSocketGraphDeployerFront - Starting...
13:59:14.757 [worker-akka.actor.default-dispatcher-2] INFO  a.a.LocalActorRef akka://worker/user/watcher/graph0000000000/negotiator - Requesting ticket for the frontClass FlameSocketGraphDeployerFront@172.31.47.100
13:59:14.760 [worker-akka.actor.default-dispatcher-2] INFO  a.a.LocalActorRef akka://worker/user/watcher/graph0000000000/negotiator - Ticket for the frontClass received: FrontTicket{allowedTimestamp=(1519048752140, FlameSocketGraphDeployerFront@172.31.47.100)}
13:59:14.761 [worker-akka.actor.default-dispatcher-2] INFO  c.s.f.r.e.s.SocketFront  - FlameSocketGraphDeployerFront@172.31.47.100: connecting to 172.31.34.147:4567
13:59:14.775 [Client] INFO  c.s.f.r.e.s.SocketFront  - FlameSocketGraphDeployerFront@172.31.47.100 has been disconnected from Connection 9
2018-02-19T13:59:17.816+0000: 20.167: [GC (Allocation Failure) 2018-02-19T13:59:17.816+0000: 20.167: [DefNew: 136576K->14966K(153600K), 0.0402657 secs] 151987K->49908K(494976K), 0.0403428 secs] [Times: user=0.02 sys=0.02, real=0.04 secs] 
2018-02-19T13:59:31.466+0000: 33.817: [GC (Allocation Failure) 2018-02-19T13:59:31.466+0000: 33.817: [DefNew: 151542K->3604K(153600K), 0.0170003 secs] 186484K->46002K(494976K), 0.0170641 secs] [Times: user=0.01 sys=0.01, real=0.01 secs] 
2018-02-19T13:59:48.014+0000: 50.366: [GC (Allocation Failure) 2018-02-19T13:59:48.015+0000: 50.366: [DefNew: 140180K->5902K(153600K), 0.0126395 secs] 182578K->48300K(494976K), 0.0135221 secs] [Times: user=0.01 sys=0.00, real=0.02 secs] 
2018-02-19T14:00:02.179+0000: 64.530: [GC (Allocation Failure) 2018-02-19T14:00:02.179+0000: 64.530: [DefNew: 142478K->7803K(153600K), 0.0163486 secs] 184876K->50201K(494976K), 0.0164133 secs] [Times: user=0.00 sys=0.02, real=0.01 secs] 
2018-02-19T14:00:15.882+0000: 78.234: [GC (Allocation Failure) 2018-02-19T14:00:15.882+0000: 78.234: [DefNew: 144379K->9132K(153600K), 0.0152948 secs] 186777K->51529K(494976K), 0.0153676 secs] [Times: user=0.01 sys=0.00, real=0.02 secs] 
2018-02-19T14:00:29.499+0000: 91.850: [GC (Allocation Failure) 2018-02-19T14:00:29.499+0000: 91.850: [DefNew: 145708K->8832K(153600K), 0.0173705 secs] 188105K->52685K(494976K), 0.0174390 secs] [Times: user=0.02 sys=0.00, real=0.01 secs] 
2018-02-19T14:00:43.929+0000: 106.280: [GC (Allocation Failure) 2018-02-19T14:00:43.929+0000: 106.280: [DefNew: 145408K->8572K(153600K), 0.0168284 secs] 189261K->53818K(494976K), 0.0168865 secs] [Times: user=0.01 sys=0.00, real=0.01 secs] 
2018-02-19T14:01:03.644+0000: 125.995: [GC (Allocation Failure) 2018-02-19T14:01:03.644+0000: 125.995: [DefNew: 145148K->9084K(153600K), 0.0189990 secs] 190394K->55476K(494976K), 0.0190654 secs] [Times: user=0.02 sys=0.00, real=0.02 secs] 
2018-02-19T14:01:18.995+0000: 141.346: [GC (Allocation Failure) 2018-02-19T14:01:18.995+0000: 141.346: [DefNew: 145660K->8766K(153600K), 0.0165037 secs] 192052K->56512K(494976K), 0.0165781 secs] [Times: user=0.01 sys=0.00, real=0.02 secs] 
2018-02-19T14:01:33.306+0000: 155.657: [GC (Allocation Failure) 2018-02-19T14:01:33.306+0000: 155.657: [DefNew: 145342K->8914K(153600K), 0.0161513 secs] 193088K->57854K(494976K), 0.0162199 secs] [Times: user=0.01 sys=0.01, real=0.01 secs] 
2018-02-19T14:01:49.688+0000: 172.039: [GC (Allocation Failure) 2018-02-19T14:01:49.688+0000: 172.039: [DefNew: 145490K->8811K(153600K), 0.0161883 secs] 194430K->58844K(494976K), 0.0162533 secs] [Times: user=0.02 sys=0.00, real=0.01 secs] 
2018-02-19T14:02:06.443+0000: 188.794: [GC (Allocation Failure) 2018-02-19T14:02:06.443+0000: 188.795: [DefNew: 145387K->8398K(153600K), 0.0164406 secs] 195420K->60175K(494976K), 0.0165045 secs] [Times: user=0.01 sys=0.00, real=0.02 secs] 
2018-02-19T14:02:25.584+0000: 207.935: [GC (Allocation Failure) 2018-02-19T14:02:25.584+0000: 207.935: [DefNew: 144974K->9688K(153600K), 0.0150591 secs] 196751K->61465K(494976K), 0.0151183 secs] [Times: user=0.01 sys=0.00, real=0.02 secs] 
2018-02-19T14:02:41.610+0000: 223.961: [GC (Allocation Failure) 2018-02-19T14:02:41.610+0000: 223.961: [DefNew: 146264K->9156K(153600K), 0.0184112 secs] 198041K->62985K(494976K), 0.0184968 secs] [Times: user=0.02 sys=0.00, real=0.02 secs] 
2018-02-19T14:03:00.813+0000: 243.164: [GC (Allocation Failure) 2018-02-19T14:03:00.813+0000: 243.164: [DefNew: 145732K->9516K(153600K), 0.0172174 secs] 199561K->64406K(494976K), 0.0172925 secs] [Times: user=0.02 sys=0.00, real=0.02 secs] 
2018-02-19T14:03:16.039+0000: 258.390: [GC (Allocation Failure) 2018-02-19T14:03:16.039+0000: 258.390: [DefNew: 146092K->9836K(153600K), 0.0168327 secs] 200982K->65771K(494976K), 0.0168931 secs] [Times: user=0.01 sys=0.00, real=0.01 secs] 
2018-02-19T14:03:34.349+0000: 276.700: [GC (Allocation Failure) 2018-02-19T14:03:34.349+0000: 276.700: [DefNew: 146412K->9755K(153600K), 0.0198849 secs] 202347K->68144K(494976K), 0.0199590 secs] [Times: user=0.02 sys=0.00, real=0.02 secs] 
2018-02-19T14:03:52.003+0000: 294.354: [GC (Allocation Failure) 2018-02-19T14:03:52.003+0000: 294.354: [DefNew: 146331K->9524K(153600K), 0.0177050 secs] 204720K->69243K(494976K), 0.0177683 secs] [Times: user=0.02 sys=0.00, real=0.02 secs] 
2018-02-19T14:04:09.113+0000: 311.464: [GC (Allocation Failure) 2018-02-19T14:04:09.113+0000: 311.464: [DefNew: 146100K->9381K(153600K), 0.0218976 secs] 205819K->70468K(494976K), 0.0219624 secs] [Times: user=0.01 sys=0.00, real=0.02 secs] 
2018-02-19T14:04:23.086+0000: 325.437: [GC (Allocation Failure) 2018-02-19T14:04:23.086+0000: 325.437: [DefNew: 145957K->8331K(153600K), 0.0170074 secs] 207044K->71629K(494976K), 0.0170766 secs] [Times: user=0.01 sys=0.01, real=0.01 secs] 
2018-02-19T14:04:38.193+0000: 340.544: [GC (Allocation Failure) 2018-02-19T14:04:38.193+0000: 340.544: [DefNew: 144907K->10158K(153600K), 0.0162056 secs] 208205K->73456K(494976K), 0.0162688 secs] [Times: user=0.01 sys=0.00, real=0.02 secs] 
2018-02-19T14:04:52.778+0000: 355.129: [GC (Allocation Failure) 2018-02-19T14:04:52.778+0000: 355.129: [DefNew: 146734K->8832K(153600K), 0.0186625 secs] 210032K->74418K(494976K), 0.0187235 secs] [Times: user=0.02 sys=0.00, real=0.01 secs] 
2018-02-19T14:05:06.407+0000: 368.758: [GC (Allocation Failure) 2018-02-19T14:05:06.407+0000: 368.758: [DefNew: 145408K->9865K(153600K), 0.0160258 secs] 210994K->76577K(494976K), 0.0160921 secs] [Times: user=0.01 sys=0.00, real=0.01 secs] 
2018-02-19T14:05:21.068+0000: 383.419: [GC (Allocation Failure) 2018-02-19T14:05:21.068+0000: 383.419: [DefNew: 146441K->9741K(153600K), 0.0174785 secs] 213153K->77920K(494976K), 0.0175505 secs] [Times: user=0.01 sys=0.00, real=0.02 secs] 
2018-02-19T14:05:35.323+0000: 397.674: [GC (Allocation Failure) 2018-02-19T14:05:35.323+0000: 397.674: [DefNew: 146317K->10356K(153600K), 0.0184222 secs] 214496K->79780K(494976K), 0.0184848 secs] [Times: user=0.02 sys=0.00, real=0.02 secs] 
2018-02-19T14:05:52.433+0000: 414.785: [GC (Allocation Failure) 2018-02-19T14:05:52.433+0000: 414.785: [DefNew: 146932K->9840K(153600K), 0.0183629 secs] 216356K->81186K(494976K), 0.0184349 secs] [Times: user=0.02 sys=0.00, real=0.02 secs] 
2018-02-19T14:06:08.447+0000: 430.798: [GC (Allocation Failure) 2018-02-19T14:06:08.447+0000: 430.798: [DefNew: 146416K->9756K(153600K), 0.0167349 secs] 217762K->82334K(494976K), 0.0168021 secs] [Times: user=0.02 sys=0.00, real=0.01 secs] 
2018-02-19T14:06:24.570+0000: 446.921: [GC (Allocation Failure) 2018-02-19T14:06:24.570+0000: 446.921: [DefNew: 146332K->10466K(153600K), 0.0202367 secs] 218910K->84205K(494976K), 0.0202986 secs] [Times: user=0.02 sys=0.00, real=0.02 secs] 
2018-02-19T14:06:40.052+0000: 462.403: [GC (Allocation Failure) 2018-02-19T14:06:40.052+0000: 462.403: [DefNew: 147042K->8646K(153600K), 0.0314222 secs] 220781K->85190K(494976K), 0.0314945 secs] [Times: user=0.00 sys=0.02, real=0.03 secs] 
2018-02-19T14:06:55.582+0000: 477.933: [GC (Allocation Failure) 2018-02-19T14:06:55.582+0000: 477.933: [DefNew: 145222K->8458K(153600K), 0.0163707 secs] 221766K->86561K(494976K), 0.0164343 secs] [Times: user=0.01 sys=0.00, real=0.02 secs] 
2018-02-19T14:07:10.988+0000: 493.339: [GC (Allocation Failure) 2018-02-19T14:07:10.988+0000: 493.339: [DefNew: 145034K->10243K(153600K), 0.0154138 secs] 223137K->88346K(494976K), 0.0154747 secs] [Times: user=0.01 sys=0.00, real=0.01 secs] 
2018-02-19T14:07:25.657+0000: 508.008: [GC (Allocation Failure) 2018-02-19T14:07:25.657+0000: 508.008: [DefNew: 146789K->9165K(153600K), 0.0186355 secs] 224891K->89995K(494976K), 0.0186940 secs] [Times: user=0.01 sys=0.00, real=0.02 secs] 
2018-02-19T14:07:40.051+0000: 522.402: [GC (Allocation Failure) 2018-02-19T14:07:40.051+0000: 522.402: [DefNew: 145741K->9153K(153600K), 0.0168171 secs] 226571K->91434K(494976K), 0.0168915 secs] [Times: user=0.01 sys=0.00, real=0.02 secs] 
2018-02-19T14:07:55.899+0000: 538.250: [GC (Allocation Failure) 2018-02-19T14:07:55.899+0000: 538.250: [DefNew: 145729K->9453K(153600K), 0.0163429 secs] 228010K->93200K(494976K), 0.0164099 secs] [Times: user=0.01 sys=0.01, real=0.01 secs] 
2018-02-19T14:08:10.774+0000: 553.125: [GC (Allocation Failure) 2018-02-19T14:08:10.774+0000: 553.125: [DefNew: 146029K->9229K(153600K), 0.0169274 secs] 229776K->94647K(494976K), 0.0169897 secs] [Times: user=0.02 sys=0.00, real=0.02 secs] 
2018-02-19T14:08:29.815+0000: 572.166: [GC (Allocation Failure) 2018-02-19T14:08:29.815+0000: 572.166: [DefNew: 145805K->9364K(153600K), 0.0162914 secs] 231223K->96258K(494976K), 0.0163538 secs] [Times: user=0.02 sys=0.01, real=0.02 secs] 
2018-02-19T14:08:41.051+0000: 583.402: [GC (Allocation Failure) 2018-02-19T14:08:41.051+0000: 583.402: [DefNew: 145940K->9345K(153600K), 0.0159906 secs] 232834K->97786K(494976K), 0.0160542 secs] [Times: user=0.02 sys=0.00, real=0.02 secs] 
2018-02-19T14:08:55.794+0000: 598.145: [GC (Allocation Failure) 2018-02-19T14:08:55.794+0000: 598.145: [DefNew: 145921K->9314K(153600K), 0.0165691 secs] 234362K->99300K(494976K), 0.0166306 secs] [Times: user=0.01 sys=0.01, real=0.02 secs] 
2018-02-19T14:09:12.943+0000: 615.294: [GC (Allocation Failure) 2018-02-19T14:09:12.943+0000: 615.294: [DefNew: 145890K->9906K(153600K), 0.0174465 secs] 235876K->101295K(494976K), 0.0175205 secs] [Times: user=0.02 sys=0.00, real=0.02 secs] 
2018-02-19T14:09:25.987+0000: 628.338: [GC (Allocation Failure) 2018-02-19T14:09:25.987+0000: 628.338: [DefNew: 146482K->10196K(153600K), 0.0174963 secs] 237871K->103062K(494976K), 0.0175701 secs] [Times: user=0.02 sys=0.00, real=0.01 secs] 
14:09:33.348 [Client] INFO  c.s.f.r.e.s.SocketRear  - FlameSocketGraphDeployerRear@172.31.47.100: has been disconnected from Connection 9
14:09:46.665 [worker-akka.actor.default-dispatcher-2] INFO  a.a.CoordinatedShutdown CoordinatedShutdown(akka://worker) - Starting coordinated shutdown from JVM shutdown hook
14:09:46.728 [worker-akka.actor.default-dispatcher-2] INFO  a.a.LocalActorRef akka://worker/user/watcher/graph0000000000/negotiator - Stopped
14:09:46.733 [worker-akka.actor.default-dispatcher-2] INFO  a.a.LocalActorRef akka://worker/user/watcher/graph0000000000/edge/FlameSocketGraphDeployerFront - Stopped
14:09:46.734 [worker-akka.actor.default-dispatcher-2] INFO  a.a.LocalActorRef akka://worker/user/watcher/graph0000000000/edge/FlameSocketGraphDeployerRear - Stopped
14:09:46.735 [worker-akka.actor.default-dispatcher-2] INFO  a.a.LocalActorRef akka://worker/user/watcher/graph0000000000/graph/$a - Stopped
14:09:46.736 [worker-akka.actor.default-dispatcher-2] INFO  a.a.LocalActorRef akka://worker/user/watcher/graph0000000000/graph/$b - Stopped
14:09:46.736 [worker-akka.actor.default-dispatcher-2] INFO  a.a.LocalActorRef akka://worker/user/watcher/graph0000000000/graph/$c - Stopped
14:09:46.736 [worker-akka.actor.default-dispatcher-2] INFO  a.a.LocalActorRef akka://worker/user/watcher/graph0000000000/graph/local-acker/$a - Stopped
14:09:46.740 [worker-akka.actor.default-dispatcher-2] INFO  a.a.LocalActorRef akka://worker/user/watcher/graph0000000000/edge - Stopped
14:09:46.741 [worker-akka.actor.default-dispatcher-2] INFO  a.a.LocalActorRef akka://worker/user/watcher/graph0000000000/graph/local-acker/$a - Message [com.spbsu.flamestream.runtime.utils.akka.PingActor$InnerPing] from Actor[akka://worker/user/watcher/graph0000000000/graph/local-acker/$a#-1312183015] to Actor[akka://worker/user/watcher/graph0000000000/graph/local-acker/$a#-1312183015] was not delivered. [1] dead letters encountered. This logging can be turned off or adjusted with configuration settings 'akka.log-dead-letters' and 'akka.log-dead-letters-during-shutdown'.
14:09:46.742 [worker-akka.actor.default-dispatcher-2] INFO  a.a.LocalActorRef akka://worker/user/watcher/graph0000000000/graph/local-acker - Stopped
14:09:46.743 [worker-akka.actor.default-dispatcher-2] INFO  a.a.LocalActorRef akka://worker/user/watcher/graph0000000000/graph/local-acker/$a - Message [com.spbsu.flamestream.runtime.utils.akka.PingActor$Stop] from Actor[akka://worker/user/watcher/graph0000000000/graph/local-acker#988518103] to Actor[akka://worker/user/watcher/graph0000000000/graph/local-acker/$a#-1312183015] was not delivered. [2] dead letters encountered. This logging can be turned off or adjusted with configuration settings 'akka.log-dead-letters' and 'akka.log-dead-letters-during-shutdown'.
14:09:46.744 [worker-akka.actor.default-dispatcher-2] INFO  a.a.LocalActorRef akka://worker/user/watcher/graph0000000000/graph/local-acker - Message [com.spbsu.flamestream.runtime.acker.LocalAcker$Flush] from Actor[akka://worker/user/watcher/graph0000000000/graph/local-acker#988518103] to Actor[akka://worker/user/watcher/graph0000000000/graph/local-acker#988518103] was not delivered. [3] dead letters encountered. This logging can be turned off or adjusted with configuration settings 'akka.log-dead-letters' and 'akka.log-dead-letters-during-shutdown'.
14:09:46.745 [worker-akka.actor.default-dispatcher-2] INFO  a.a.LocalActorRef akka://worker/user/watcher/graph0000000000/graph/local-acker - Message [com.spbsu.flamestream.runtime.acker.LocalAcker$Flush] from Actor[akka://worker/user/watcher/graph0000000000/graph/local-acker#988518103] to Actor[akka://worker/user/watcher/graph0000000000/graph/local-acker#988518103] was not delivered. [4] dead letters encountered. This logging can be turned off or adjusted with configuration settings 'akka.log-dead-letters' and 'akka.log-dead-letters-during-shutdown'.
14:09:46.746 [worker-akka.actor.default-dispatcher-2] INFO  a.a.LocalActorRef akka://worker/user/watcher/graph0000000000/graph/local-acker - Message [com.spbsu.flamestream.runtime.acker.LocalAcker$Flush] from Actor[akka://worker/user/watcher/graph0000000000/graph/local-acker#988518103] to Actor[akka://worker/user/watcher/graph0000000000/graph/local-acker#988518103] was not delivered. [5] dead letters encountered. This logging can be turned off or adjusted with configuration settings 'akka.log-dead-letters' and 'akka.log-dead-letters-during-shutdown'.
14:09:46.746 [worker-akka.actor.default-dispatcher-2] INFO  a.a.LocalActorRef akka://worker/user/watcher/graph0000000000/graph/local-acker - Message [com.spbsu.flamestream.runtime.acker.LocalAcker$Flush] from Actor[akka://worker/user/watcher/graph0000000000/graph/local-acker#988518103] to Actor[akka://worker/user/watcher/graph0000000000/graph/local-acker#988518103] was not delivered. [6] dead letters encountered. This logging can be turned off or adjusted with configuration settings 'akka.log-dead-letters' and 'akka.log-dead-letters-during-shutdown'.
14:09:46.747 [worker-akka.actor.default-dispatcher-2] INFO  a.a.LocalActorRef akka://worker/user/watcher/graph0000000000/graph/local-acker - Message [com.spbsu.flamestream.runtime.acker.LocalAcker$Flush] from Actor[akka://worker/user/watcher/graph0000000000/graph/local-acker#988518103] to Actor[akka://worker/user/watcher/graph0000000000/graph/local-acker#988518103] was not delivered. [7] dead letters encountered. This logging can be turned off or adjusted with configuration settings 'akka.log-dead-letters' and 'akka.log-dead-letters-during-shutdown'.
14:09:46.748 [worker-akka.actor.default-dispatcher-2] INFO  a.a.LocalActorRef akka://worker/user/watcher/graph0000000000/graph/local-acker - Message [com.spbsu.flamestream.runtime.acker.LocalAcker$Flush] from Actor[akka://worker/user/watcher/graph0000000000/graph/local-acker#988518103] to Actor[akka://worker/user/watcher/graph0000000000/graph/local-acker#988518103] was not delivered. [8] dead letters encountered. This logging can be turned off or adjusted with configuration settings 'akka.log-dead-letters' and 'akka.log-dead-letters-during-shutdown'.
14:09:46.749 [worker-akka.actor.default-dispatcher-2] INFO  a.a.LocalActorRef akka://worker/user/watcher/graph0000000000/graph/local-acker - Message [com.spbsu.flamestream.runtime.acker.LocalAcker$Flush] from Actor[akka://worker/user/watcher/graph0000000000/graph/local-acker#988518103] to Actor[akka://worker/user/watcher/graph0000000000/graph/local-acker#988518103] was not delivered. [9] dead letters encountered. This logging can be turned off or adjusted with configuration settings 'akka.log-dead-letters' and 'akka.log-dead-letters-during-shutdown'.
14:09:46.749 [worker-akka.actor.default-dispatcher-2] INFO  a.a.LocalActorRef akka://worker/user/watcher/graph0000000000/graph/local-acker - Message [com.spbsu.flamestream.runtime.acker.LocalAcker$Flush] from Actor[akka://worker/user/watcher/graph0000000000/graph/local-acker#988518103] to Actor[akka://worker/user/watcher/graph0000000000/graph/local-acker#988518103] was not delivered. [10] dead letters encountered. This logging can be turned off or adjusted with configuration settings 'akka.log-dead-letters' and 'akka.log-dead-letters-during-shutdown'.
14:09:46.750 [worker-akka.actor.default-dispatcher-2] INFO  a.a.LocalActorRef akka://worker/user/watcher/graph0000000000/graph/local-acker - Message [com.spbsu.flamestream.runtime.acker.LocalAcker$Flush] from Actor[akka://worker/user/watcher/graph0000000000/graph/local-acker#988518103] to Actor[akka://worker/user/watcher/graph0000000000/graph/local-acker#988518103] was not delivered. [11] dead letters encountered. This logging can be turned off or adjusted with configuration settings 'akka.log-dead-letters' and 'akka.log-dead-letters-during-shutdown'.
14:09:46.753 [worker-akka.actor.default-dispatcher-2-EventThread] INFO  o.a.z.ClientCnxn  - EventThread shut down for session: 0x161ae5b84060004
14:09:46.753 [worker-akka.actor.default-dispatcher-2] INFO  o.a.z.ZooKeeper  - Session: 0x161ae5b84060004 closed
14:09:46.753 [worker-akka.actor.default-dispatcher-2] INFO  a.a.LocalActorRef akka://worker/user/watcher/graph0000000000/graph - Stopped
14:09:46.753 [worker-akka.actor.default-dispatcher-2] INFO  a.a.LocalActorRef akka://worker/user/watcher/graph0000000000 - Stopped
14:09:46.754 [worker-akka.actor.default-dispatcher-2] INFO  a.a.RepointableActorRef akka://worker/user/watcher - Stopped
14:09:46.768 [worker-akka.actor.default-dispatcher-2] INFO  a.r.RemoteActorRefProvider$RemotingTerminator akka://worker@172.31.47.100:5412/system/remoting-terminator - Shutting down remote daemon.
14:09:46.770 [worker-akka.actor.default-dispatcher-2] INFO  a.r.RemoteActorRefProvider$RemotingTerminator akka://worker@172.31.47.100:5412/system/remoting-terminator - Remote daemon shut down; proceeding with flushing remote transports.
14:09:47.961 [worker-akka.actor.default-dispatcher-2] INFO  a.r.RemoteActorRefProvider$RemotingTerminator akka://worker@172.31.47.100:5412/system/remoting-terminator - Remoting shut down.
Heap
 def new generation   total 153600K, used 85114K [0x00000000e0c00000, 0x00000000eb2a0000, 0x00000000eb2a0000)
  eden space 136576K,  54% used [0x00000000e0c00000, 0x00000000e5529680, 0x00000000e9160000)
  from space 17024K,  59% used [0x00000000e9160000, 0x00000000e9b55268, 0x00000000ea200000)
  to   space 17024K,   0% used [0x00000000ea200000, 0x00000000ea200000, 0x00000000eb2a0000)
 tenured generation   total 341376K, used 92866K [0x00000000eb2a0000, 0x0000000100000000, 0x0000000100000000)
   the space 341376K,  27% used [0x00000000eb2a0000, 0x00000000f0d50808, 0x00000000f0d50a00, 0x0000000100000000)
 Metaspace       used 33472K, capacity 34234K, committed 34432K, reserved 1079296K
  class space    used 4456K, capacity 4624K, committed 4736K, reserved 1048576K
