11:39:29.249 [main] INFO  c.s.f.r.a.WorkerApplication  - Starting worker with id: '172.31.39.64', host: '172.31.39.64:5412', zkString: '172.31.34.147:2181'
11:39:30.220 [worker-akka.actor.default-dispatcher-2] INFO  a.e.s.Slf4jLogger  - Slf4jLogger started
2018-02-15T11:39:30.366+0000: 2.187: [Full GC (Metadata GC Threshold) 2018-02-15T11:39:30.366+0000: 2.187: [Tenured: 0K->15391K(341376K), 0.0382140 secs] 117591K->15391K(494976K), [Metaspace: 20863K->20863K(1067008K)], 0.0382756 secs] [Times: user=0.04 sys=0.00, real=0.04 secs] 
11:39:30.752 [worker-akka.actor.default-dispatcher-2] INFO  a.r.a.ArteryTransport(akka://worker) akka.remote.artery.ArteryTransport(akka://worker) - Started embedded media driver in directory [/dev/shm/aeron-root-worker-9b56a658-17f8-423e-b61f-b4d9d64d41cb]
11:39:30.965 [worker-akka.actor.default-dispatcher-2] INFO  a.r.a.ArteryTransport(akka://worker) akka.remote.artery.ArteryTransport(akka://worker) - Remoting started; listening on address: [akka://worker@172.31.39.64:5412] with UID [3616553724347850958]
11:39:31.064 [worker-akka.actor.default-dispatcher-2] INFO  o.a.z.ZooKeeper  - Client environment:zookeeper.version=3.4.9-1757313, built on 08/23/2016 06:50 GMT
11:39:31.065 [worker-akka.actor.default-dispatcher-2] INFO  o.a.z.ZooKeeper  - Client environment:host.name=ip-172-31-39-64.us-east-2.compute.internal
11:39:31.065 [worker-akka.actor.default-dispatcher-2] INFO  o.a.z.ZooKeeper  - Client environment:java.version=1.8.0_151
11:39:31.065 [worker-akka.actor.default-dispatcher-2] INFO  o.a.z.ZooKeeper  - Client environment:java.vendor=Oracle Corporation
11:39:31.065 [worker-akka.actor.default-dispatcher-2] INFO  o.a.z.ZooKeeper  - Client environment:java.home=/usr/lib/jvm/java-8-openjdk-amd64/jre
11:39:31.065 [worker-akka.actor.default-dispatcher-2] INFO  o.a.z.ZooKeeper  - Client environment:java.class.path=lib/commons-cli-1.4.jar:lib/minlog-1.3.0.jar:lib/asm-5.0.4.jar:lib/hadoop-annotations-2.7.3.jar:lib/hadoop-auth-2.7.3.jar:lib/akka-slf4j_2.11-2.5.6.jar:lib/jersey-core-1.9.jar:lib/lz4-1.3.0.jar:lib/jackson-core-asl-1.9.13.jar:lib/aeron-client-1.3.0.jar:lib/htrace-core-3.1.0-incubating.jar:lib/xz-1.0.jar:lib/commons-httpclient-3.1.jar:lib/asm-3.1.jar:lib/commons-lang3-3.4.jar:lib/scala-library-2.11.11.jar:lib/scala-java8-compat_2.11-0.7.0.jar:lib/commons-configuration-1.6.jar:lib/objenesis-2.1.jar:lib/jackson-annotations-2.8.0.jar:lib/jsr305-3.0.0.jar:lib/curator-framework-2.7.1.jar:lib/jersey-server-1.9.jar:lib/jets3t-0.9.0.jar:lib/leveldb-0.7.jar:lib/jetty-6.1.26.jar:lib/stax-api-1.0-2.jar:lib/flamestream-core-1.0-SNAPSHOT.jar:lib/reflectasm-1.07-shaded.jar:lib/apacheds-kerberos-codec-2.0.0-M15.jar:lib/api-asn1-api-1.0.0-M20.jar:lib/commons-lang-2.6.jar:lib/commons-beanutils-1.7.0.jar:lib/jackson-xc-1.8.3.jar:lib/jetty-util-6.1.26.jar:lib/logback-classic-1.2.3.jar:lib/jool-0.9.12.jar:lib/flamestream-runtime-1.0-SNAPSHOT-tests.jar:lib/httpcore-4.1.2.jar:lib/kryo-4.0.0.jar:lib/ant-1.8.1.jar:lib/jaxb-impl-2.2.3-1.jar:lib/jersey-json-1.9.jar:lib/commons-compress-1.4.1.jar:lib/leveldbjni-all-1.8.jar:lib/paranamer-2.3.jar:lib/jackson-core-2.8.4.jar:lib/commons-math3-3.6.1.jar:lib/scala-parser-combinators_2.11-1.0.4.jar:lib/netty-3.10.6.Final.jar:lib/trove4j-3.0.3.jar:lib/jaxb-api-2.2.2.jar:lib/logback-core-1.2.3.jar:lib/snappy-java-1.0.4.1.jar:lib/protobuf-java-2.5.0.jar:lib/reactive-streams-1.0.1.jar:lib/flamestream-examples-1.0-SNAPSHOT.jar:lib/commons-codec-1.4.jar:lib/activation-1.1.jar:lib/commons-net-3.1.jar:lib/curator-recipes-2.7.1.jar:lib/jackson-mapper-asl-1.9.13.jar:lib/jackson-databind-2.8.4.jar:lib/flamestream-runtime-1.0-SNAPSHOT.jar:lib/jackson-jaxrs-1.8.3.jar:lib/slf4j-api-1.7.24.jar:lib/akka-remote_2.11-2.5.6.jar:lib/akka-testkit_2.11-2.5.6.jar:lib/jline-0.9.94.jar:lib/akka-stream_2.11-2.5.6.jar:lib/jsp-api-2.1.jar:lib/kryonet-2.21.jar:lib/akka-kryo-serialization_2.11-0.5.0.jar:lib/config-1.3.1.jar:lib/ant-launcher-1.8.1.jar:lib/commons-logging-1.2.jar:lib/ssl-config-core_2.11-0.2.2.jar:lib/testng-6.10.jar:lib/guava-19.0.jar:lib/leveldb-api-0.7.jar:lib/reflectasm-1.11.3.jar:lib/jcommander-1.48.jar:lib/commons-1.1.jar:lib/commons-digester-1.8.jar:lib/minlog-1.2.jar:lib/java-xmlbuilder-0.4.jar:lib/jettison-1.1.jar:lib/gson-2.2.4.jar:lib/jdk.tools-1.8.jar:lib/aeron-driver-1.3.0.jar:lib/zookeeper-3.4.9.jar:lib/commons-beanutils-core-1.8.0.jar:lib/commons-math3-3.1.1.jar:lib/akka-actor_2.11-2.5.6.jar:lib/curator-client-2.7.1.jar:lib/servlet-api-2.5.jar:lib/apacheds-i18n-2.0.0-M15.jar:lib/commons-io-2.4.jar:lib/commons-codec-1.6.jar:lib/akka-protobuf_2.11-2.5.6.jar:lib/jdom-2.0.2.jar:lib/api-util-1.0.0-M20.jar:lib/hadoop-common-2.7.3.jar:lib/agrona-0.9.6.jar:lib/xmlenc-0.52.jar:lib/guava-21.0.jar:lib/commons-collections-3.2.2.jar:lib/avro-1.7.4.jar:lib/commons-1.0-SNAPSHOT.jar:lib/httpclient-4.1.2.jar:lib/flamestream-core-1.0-SNAPSHOT-tests.jar:lib/annotations-12.0.jar:lib/jsch-0.1.42.jar:flamestream-runtime-1.0-SNAPSHOT.jar
11:39:31.065 [worker-akka.actor.default-dispatcher-2] INFO  o.a.z.ZooKeeper  - Client environment:java.library.path=/usr/java/packages/lib/amd64:/usr/lib/x86_64-linux-gnu/jni:/lib/x86_64-linux-gnu:/usr/lib/x86_64-linux-gnu:/usr/lib/jni:/lib:/usr/lib
11:39:31.065 [worker-akka.actor.default-dispatcher-2] INFO  o.a.z.ZooKeeper  - Client environment:java.io.tmpdir=/tmp
11:39:31.065 [worker-akka.actor.default-dispatcher-2] INFO  o.a.z.ZooKeeper  - Client environment:java.compiler=<NA>
11:39:31.065 [worker-akka.actor.default-dispatcher-2] INFO  o.a.z.ZooKeeper  - Client environment:os.name=Linux
11:39:31.065 [worker-akka.actor.default-dispatcher-2] INFO  o.a.z.ZooKeeper  - Client environment:os.arch=amd64
11:39:31.066 [worker-akka.actor.default-dispatcher-2] INFO  o.a.z.ZooKeeper  - Client environment:os.version=4.4.0-1049-aws
11:39:31.067 [worker-akka.actor.default-dispatcher-2] INFO  o.a.z.ZooKeeper  - Client environment:user.name=root
11:39:31.067 [worker-akka.actor.default-dispatcher-2] INFO  o.a.z.ZooKeeper  - Client environment:user.home=/root
11:39:31.067 [worker-akka.actor.default-dispatcher-2] INFO  o.a.z.ZooKeeper  - Client environment:user.dir=/opt/flamestream
11:39:31.070 [worker-akka.actor.default-dispatcher-2] INFO  o.a.z.ZooKeeper  - Initiating client connection, connectString=172.31.34.147:2181 sessionTimeout=5000 watcher=com.spbsu.flamestream.runtime.application.LifecycleWatcher$$Lambda$29/163846144@70e0cc66
11:39:31.107 [worker-akka.actor.default-dispatcher-2] INFO  a.a.RepointableActorRef akka://worker/user/watcher - Starting...
11:39:31.108 [worker-akka.actor.default-dispatcher-2-SendThread(172.31.34.147:2181)] INFO  o.a.z.ClientCnxn  - Opening socket connection to server 172.31.34.147/172.31.34.147:2181. Will not attempt to authenticate using SASL (unknown error)
11:39:31.113 [worker-akka.actor.default-dispatcher-2-SendThread(172.31.34.147:2181)] INFO  o.a.z.ClientCnxn  - Socket connection established to 172.31.34.147/172.31.34.147:2181, initiating session
11:39:31.121 [worker-akka.actor.default-dispatcher-2-SendThread(172.31.34.147:2181)] INFO  o.a.z.ClientCnxn  - Session establishment complete on server 172.31.34.147/172.31.34.147:2181, sessionid = 0x161994201fa0006, negotiated timeout = 6000
11:39:31.199 [worker-akka.actor.default-dispatcher-2] INFO  a.a.RepointableActorRef akka://worker/user/watcher - Connected to ZK
11:39:42.808 [worker-akka.actor.default-dispatcher-2] INFO  a.a.RepointableActorRef akka://worker/user/watcher - Creating node with watchGraphs: 'com.spbsu.flamestream.core.Graph$Builder$MyGraph@658a92f6', config: 'ClusterConfig{paths={172.31.33.155=akka://worker@172.31.33.155:5412/user/watcher/graph0000000000, 172.31.47.83=akka://worker@172.31.47.83:5412/user/watcher/graph0000000000, 172.31.45.197=akka://worker@172.31.45.197:5412/user/watcher/graph0000000000, 172.31.42.36=akka://worker@172.31.42.36:5412/user/watcher/graph0000000000, 172.31.44.83=akka://worker@172.31.44.83:5412/user/watcher/graph0000000000, 172.31.39.64=akka://worker@172.31.39.64:5412/user/watcher/graph0000000000, 172.31.35.79=akka://worker@172.31.35.79:5412/user/watcher/graph0000000000, 172.31.34.169=akka://worker@172.31.34.169:5412/user/watcher/graph0000000000, 172.31.47.100=akka://worker@172.31.47.100:5412/user/watcher/graph0000000000, 172.31.37.101=akka://worker@172.31.37.101:5412/user/watcher/graph0000000000}, ackerLocation='172.31.35.79', props=ComputationLayout{ranges={172.31.33.155=HashRange{from=1670265056, to=2147483644}, 172.31.47.83=HashRange{from=715827880, to=1193046468}, 172.31.45.197=HashRange{from=-1670265060, to=-1193046472}, 172.31.42.36=HashRange{from=238609292, to=715827880}, 172.31.44.83=HashRange{from=-1193046472, to=-715827884}, 172.31.39.64=HashRange{from=-238609296, to=238609292}, 172.31.35.79=HashRange{from=0, to=0}, 172.31.34.169=HashRange{from=1193046468, to=1670265056}, 172.31.47.100=HashRange{from=-715827884, to=-238609296}, 172.31.37.101=HashRange{from=-2147483648, to=-1670265060}}}}'
11:39:43.553 [worker-akka.actor.default-dispatcher-2] INFO  a.a.LocalActorRef akka://worker/user/watcher/graph0000000000/graph - Starting...
11:39:43.556 [worker-akka.actor.default-dispatcher-2] INFO  a.a.LocalActorRef akka://worker/user/watcher/graph0000000000/graph/local-acker/$a - Starting...
11:39:43.558 [worker-akka.actor.default-dispatcher-2] INFO  a.a.LocalActorRef akka://worker/user/watcher/graph0000000000/graph/local-acker - Starting...
Warning: space is running low in /dev/shm (tmpfs) threshold=167,772,160 usable=158,621,696
Warning: space is running low in /dev/shm (tmpfs) threshold=167,772,160 usable=146,034,688
Warning: space is running low in /dev/shm (tmpfs) threshold=167,772,160 usable=133,447,680
Warning: space is running low in /dev/shm (tmpfs) threshold=167,772,160 usable=120,860,672
Warning: space is running low in /dev/shm (tmpfs) threshold=167,772,160 usable=108,273,664
Warning: space is running low in /dev/shm (tmpfs) threshold=167,772,160 usable=95,686,656
Warning: space is running low in /dev/shm (tmpfs) threshold=167,772,160 usable=83,099,648
Warning: space is running low in /dev/shm (tmpfs) threshold=167,772,160 usable=70,512,640
11:39:44.654 [worker-akka.actor.default-dispatcher-2] INFO  a.a.LocalActorRef akka://worker/user/watcher/graph0000000000/graph - Finishing constructor
11:39:44.655 [worker-akka.actor.default-dispatcher-2] INFO  a.a.LocalActorRef akka://worker/user/watcher/graph0000000000 - Starting...
11:39:44.656 [worker-akka.actor.default-dispatcher-2] INFO  a.a.LocalActorRef akka://worker/user/watcher/graph0000000000/negotiator - Starting...
11:39:44.721 [worker-akka.actor.default-dispatcher-2] INFO  a.a.LocalActorRef akka://worker/user/watcher/graph0000000000/edge - Starting...
11:39:44.722 [worker-akka.actor.default-dispatcher-2] INFO  a.a.LocalActorRef akka://worker/user/watcher/graph0000000000/graph/$a - Starting...
11:39:44.723 [worker-akka.actor.default-dispatcher-2] INFO  a.a.LocalActorRef akka://worker/user/watcher/graph0000000000/graph/$b - Starting...
11:39:44.723 [worker-akka.actor.default-dispatcher-2] INFO  a.a.LocalActorRef akka://worker/user/watcher/graph0000000000/graph/$c - Starting...
11:39:44.738 [worker-akka.actor.default-dispatcher-2] INFO  c.s.f.r.e.s.SocketRear  - FlameSocketGraphDeployerRear@172.31.39.64: connecting to 172.31.34.147:5678
11:39:44.740 [worker-akka.actor.default-dispatcher-2] INFO  c.s.f.r.e.s.SocketRear  - FlameSocketGraphDeployerRear@172.31.39.64: connected to 172.31.34.147:5678
2018-02-15T11:39:44.745+0000: 16.566: [GC (Allocation Failure) 2018-02-15T11:39:44.745+0000: 16.566: [DefNew: 124605K->17024K(153600K), 0.0218866 secs] 139996K->43135K(494976K), 0.0219405 secs] [Times: user=0.01 sys=0.01, real=0.02 secs] 
11:39:44.783 [worker-akka.actor.default-dispatcher-2] INFO  a.a.LocalActorRef akka://worker/user/watcher/graph0000000000/edge/FlameSocketGraphDeployerRear - Starting...
11:39:44.784 [worker-akka.actor.default-dispatcher-2] INFO  a.a.LocalActorRef akka://worker/user/watcher/graph0000000000/edge/FlameSocketGraphDeployerFront - Starting...
11:39:44.784 [worker-akka.actor.default-dispatcher-2] INFO  a.a.LocalActorRef akka://worker/user/watcher/graph0000000000/negotiator - Requesting ticket for the frontClass FlameSocketGraphDeployerFront@172.31.39.64
11:39:44.794 [worker-akka.actor.default-dispatcher-2] INFO  a.a.LocalActorRef akka://worker/user/watcher/graph0000000000/negotiator - Ticket for the frontClass received: FrontTicket{allowedTimestamp=(1518694782799, FlameSocketGraphDeployerFront@172.31.39.64)}
11:39:44.795 [worker-akka.actor.default-dispatcher-2] INFO  c.s.f.r.e.s.SocketFront  - FlameSocketGraphDeployerFront@172.31.39.64: connecting to 172.31.34.147:4567
11:39:44.811 [Client] INFO  c.s.f.r.e.s.SocketFront  - FlameSocketGraphDeployerFront@172.31.39.64 has been disconnected from Connection 4
2018-02-15T11:40:00.865+0000: 32.685: [GC (Allocation Failure) 2018-02-15T11:40:00.865+0000: 32.685: [DefNew: 153600K->3938K(153600K), 0.0785304 secs] 179711K->66568K(494976K), 0.0786001 secs] [Times: user=0.02 sys=0.07, real=0.07 secs] 
2018-02-15T11:40:20.526+0000: 52.347: [GC (Allocation Failure) 2018-02-15T11:40:20.526+0000: 52.347: [DefNew: 140514K->5853K(153600K), 0.0127952 secs] 203144K->68483K(494976K), 0.0128607 secs] [Times: user=0.02 sys=0.00, real=0.01 secs] 
2018-02-15T11:40:36.493+0000: 68.314: [GC (Allocation Failure) 2018-02-15T11:40:36.494+0000: 68.314: [DefNew: 142429K->7977K(153600K), 0.0172578 secs] 205059K->70607K(494976K), 0.0173472 secs] [Times: user=0.01 sys=0.00, real=0.02 secs] 
2018-02-15T11:40:54.620+0000: 86.440: [GC (Allocation Failure) 2018-02-15T11:40:54.620+0000: 86.440: [DefNew: 144553K->9047K(153600K), 0.0158608 secs] 207183K->71677K(494976K), 0.0159282 secs] [Times: user=0.01 sys=0.00, real=0.02 secs] 
2018-02-15T11:41:12.202+0000: 104.023: [GC (Allocation Failure) 2018-02-15T11:41:12.202+0000: 104.023: [DefNew: 145623K->8837K(153600K), 0.0188176 secs] 208253K->73247K(494976K), 0.0188862 secs] [Times: user=0.02 sys=0.00, real=0.02 secs] 
2018-02-15T11:41:28.916+0000: 120.737: [GC (Allocation Failure) 2018-02-15T11:41:28.916+0000: 120.737: [DefNew: 145413K->8702K(153600K), 0.0171687 secs] 209823K->74477K(494976K), 0.0172463 secs] [Times: user=0.01 sys=0.00, real=0.01 secs] 
2018-02-15T11:41:52.863+0000: 144.684: [GC (Allocation Failure) 2018-02-15T11:41:52.863+0000: 144.684: [DefNew: 145278K->9248K(153600K), 0.0195807 secs] 211053K->76188K(494976K), 0.0196649 secs] [Times: user=0.02 sys=0.00, real=0.02 secs] 
2018-02-15T11:42:12.709+0000: 164.530: [GC (Allocation Failure) 2018-02-15T11:42:12.709+0000: 164.530: [DefNew: 145824K->9573K(153600K), 0.0177542 secs] 212764K->77769K(494976K), 0.0178178 secs] [Times: user=0.02 sys=0.00, real=0.02 secs] 
2018-02-15T11:42:31.104+0000: 182.925: [GC (Allocation Failure) 2018-02-15T11:42:31.104+0000: 182.925: [DefNew: 146149K->9524K(153600K), 0.0176066 secs] 214345K->79044K(494976K), 0.0176776 secs] [Times: user=0.02 sys=0.00, real=0.01 secs] 
2018-02-15T11:42:53.968+0000: 205.789: [GC (Allocation Failure) 2018-02-15T11:42:53.968+0000: 205.789: [DefNew: 146100K->9165K(153600K), 0.0164989 secs] 215620K->79784K(494976K), 0.0165622 secs] [Times: user=0.01 sys=0.00, real=0.02 secs] 
2018-02-15T11:43:15.608+0000: 227.429: [GC (Allocation Failure) 2018-02-15T11:43:15.608+0000: 227.429: [DefNew: 145741K->8963K(153600K), 0.0178819 secs] 216360K->81355K(494976K), 0.0179638 secs] [Times: user=0.02 sys=0.00, real=0.02 secs] 
2018-02-15T11:43:33.890+0000: 245.711: [GC (Allocation Failure) 2018-02-15T11:43:33.890+0000: 245.711: [DefNew: 145539K->8875K(153600K), 0.0200135 secs] 217931K->82456K(494976K), 0.0200770 secs] [Times: user=0.02 sys=0.00, real=0.02 secs] 
2018-02-15T11:43:54.165+0000: 265.986: [GC (Allocation Failure) 2018-02-15T11:43:54.165+0000: 265.986: [DefNew: 145451K->8952K(153600K), 0.0165045 secs] 219032K->83700K(494976K), 0.0165690 secs] [Times: user=0.01 sys=0.00, real=0.01 secs] 
2018-02-15T11:44:14.771+0000: 286.591: [GC (Allocation Failure) 2018-02-15T11:44:14.771+0000: 286.591: [DefNew: 145528K->9382K(153600K), 0.0224924 secs] 220276K->85199K(494976K), 0.0225848 secs] [Times: user=0.01 sys=0.01, real=0.02 secs] 
2018-02-15T11:44:32.406+0000: 304.227: [GC (Allocation Failure) 2018-02-15T11:44:32.406+0000: 304.227: [DefNew: 145958K->9392K(153600K), 0.0169675 secs] 221775K->86427K(494976K), 0.0170283 secs] [Times: user=0.02 sys=0.00, real=0.01 secs] 
2018-02-15T11:44:51.960+0000: 323.781: [GC (Allocation Failure) 2018-02-15T11:44:51.960+0000: 323.781: [DefNew: 145968K->9869K(153600K), 0.0178652 secs] 223003K->87957K(494976K), 0.0179339 secs] [Times: user=0.01 sys=0.00, real=0.02 secs] 
2018-02-15T11:45:16.764+0000: 348.585: [GC (Allocation Failure) 2018-02-15T11:45:16.765+0000: 348.585: [DefNew: 146445K->8791K(153600K), 0.0192233 secs] 224533K->89238K(494976K), 0.0192905 secs] [Times: user=0.02 sys=0.00, real=0.02 secs] 
2018-02-15T11:45:36.927+0000: 368.748: [GC (Allocation Failure) 2018-02-15T11:45:36.927+0000: 368.748: [DefNew: 145367K->8763K(153600K), 0.0218981 secs] 225814K->90498K(494976K), 0.0219817 secs] [Times: user=0.02 sys=0.01, real=0.02 secs] 
2018-02-15T11:45:53.657+0000: 385.478: [GC (Allocation Failure) 2018-02-15T11:45:53.658+0000: 385.478: [DefNew: 145339K->8676K(153600K), 0.0161282 secs] 227074K->91766K(494976K), 0.0161992 secs] [Times: user=0.02 sys=0.00, real=0.01 secs] 
2018-02-15T11:46:08.793+0000: 400.614: [GC (Allocation Failure) 2018-02-15T11:46:08.793+0000: 400.614: [DefNew: 145252K->8840K(153600K), 0.0180173 secs] 228342K->93300K(494976K), 0.0180845 secs] [Times: user=0.01 sys=0.00, real=0.02 secs] 
2018-02-15T11:46:28.330+0000: 420.151: [GC (Allocation Failure) 2018-02-15T11:46:28.330+0000: 420.151: [DefNew: 145416K->9612K(153600K), 0.0308607 secs] 229876K->95308K(494976K), 0.0309264 secs] [Times: user=0.01 sys=0.03, real=0.03 secs] 
2018-02-15T11:46:43.296+0000: 435.117: [GC (Allocation Failure) 2018-02-15T11:46:43.296+0000: 435.117: [DefNew: 146188K->10269K(153600K), 0.0168254 secs] 231884K->97226K(494976K), 0.0169026 secs] [Times: user=0.02 sys=0.00, real=0.01 secs] 
2018-02-15T11:46:59.881+0000: 451.702: [GC (Allocation Failure) 2018-02-15T11:46:59.881+0000: 451.702: [DefNew: 146845K->7920K(153600K), 0.0319795 secs] 233802K->98379K(494976K), 0.0320461 secs] [Times: user=0.01 sys=0.02, real=0.03 secs] 
2018-02-15T11:47:20.286+0000: 472.107: [GC (Allocation Failure) 2018-02-15T11:47:20.286+0000: 472.107: [DefNew: 144496K->9763K(153600K), 0.0154368 secs] 234955K->100222K(494976K), 0.0155131 secs] [Times: user=0.01 sys=0.00, real=0.01 secs] 
2018-02-15T11:47:40.780+0000: 492.601: [GC (Allocation Failure) 2018-02-15T11:47:40.780+0000: 492.601: [DefNew: 146339K->9499K(153600K), 0.0174755 secs] 236798K->101376K(494976K), 0.0175536 secs] [Times: user=0.02 sys=0.00, real=0.02 secs] 
2018-02-15T11:47:59.194+0000: 511.015: [GC (Allocation Failure) 2018-02-15T11:47:59.194+0000: 511.015: [DefNew: 146075K->10146K(153600K), 0.0179090 secs] 237952K->103215K(494976K), 0.0179760 secs] [Times: user=0.02 sys=0.00, real=0.02 secs] 
2018-02-15T11:48:19.619+0000: 531.440: [GC (Allocation Failure) 2018-02-15T11:48:19.619+0000: 531.440: [DefNew: 146722K->8835K(153600K), 0.0186008 secs] 239791K->104630K(494976K), 0.0186783 secs] [Times: user=0.02 sys=0.00, real=0.02 secs] 
2018-02-15T11:48:37.643+0000: 549.463: [GC (Allocation Failure) 2018-02-15T11:48:37.643+0000: 549.463: [DefNew: 145411K->9009K(153600K), 0.0165595 secs] 241206K->106501K(494976K), 0.0166246 secs] [Times: user=0.01 sys=0.00, real=0.02 secs] 
2018-02-15T11:48:58.317+0000: 570.138: [GC (Allocation Failure) 2018-02-15T11:48:58.317+0000: 570.138: [DefNew: 145585K->9267K(153600K), 0.0170948 secs] 243077K->108236K(494976K), 0.0171607 secs] [Times: user=0.02 sys=0.01, real=0.01 secs] 
2018-02-15T11:49:17.403+0000: 589.224: [GC (Allocation Failure) 2018-02-15T11:49:17.403+0000: 589.224: [DefNew: 145843K->9450K(153600K), 0.0177343 secs] 244812K->110347K(494976K), 0.0178019 secs] [Times: user=0.01 sys=0.00, real=0.02 secs] 
2018-02-15T11:49:34.755+0000: 606.575: [GC (Allocation Failure) 2018-02-15T11:49:34.755+0000: 606.575: [DefNew: 146026K->9362K(153600K), 0.0174914 secs] 246923K->111816K(494976K), 0.0175590 secs] [Times: user=0.02 sys=0.00, real=0.02 secs] 
2018-02-15T11:49:53.973+0000: 625.794: [GC (Allocation Failure) 2018-02-15T11:49:53.973+0000: 625.794: [DefNew: 145938K->9256K(153600K), 0.0168621 secs] 248392K->113314K(494976K), 0.0169280 secs] [Times: user=0.02 sys=0.00, real=0.02 secs] 
2018-02-15T11:50:11.066+0000: 642.886: [GC (Allocation Failure) 2018-02-15T11:50:11.066+0000: 642.886: [DefNew: 145832K->9441K(153600K), 0.0173856 secs] 249890K->115149K(494976K), 0.0174668 secs] [Times: user=0.01 sys=0.00, real=0.01 secs] 
2018-02-15T11:50:34.014+0000: 665.834: [GC (Allocation Failure) 2018-02-15T11:50:34.014+0000: 665.834: [DefNew: 146017K->9382K(153600K), 0.0167467 secs] 251725K->116606K(494976K), 0.0168162 secs] [Times: user=0.01 sys=0.00, real=0.02 secs] 
2018-02-15T11:50:50.392+0000: 682.213: [GC (Allocation Failure) 2018-02-15T11:50:50.392+0000: 682.213: [DefNew: 145958K->9768K(153600K), 0.0175741 secs] 253182K->118524K(494976K), 0.0176414 secs] [Times: user=0.02 sys=0.00, real=0.02 secs] 
2018-02-15T11:51:04.951+0000: 696.772: [GC (Allocation Failure) 2018-02-15T11:51:04.951+0000: 696.772: [DefNew: 146344K->9959K(153600K), 0.0298560 secs] 255100K->120239K(494976K), 0.0299216 secs] [Times: user=0.00 sys=0.03, real=0.03 secs] 
2018-02-15T11:51:24.987+0000: 716.808: [GC (Allocation Failure) 2018-02-15T11:51:24.987+0000: 716.808: [DefNew: 146535K->9588K(153600K), 0.0168859 secs] 256815K->121478K(494976K), 0.0169570 secs] [Times: user=0.01 sys=0.01, real=0.02 secs] 
2018-02-15T11:51:41.295+0000: 733.116: [GC (Allocation Failure) 2018-02-15T11:51:41.295+0000: 733.116: [DefNew: 146164K->10195K(153600K), 0.0182436 secs] 258054K->123643K(494976K), 0.0183115 secs] [Times: user=0.02 sys=0.00, real=0.02 secs] 
11:51:46.109 [Client] INFO  c.s.f.r.e.s.SocketRear  - FlameSocketGraphDeployerRear@172.31.39.64: has been disconnected from Connection 4
11:55:22.225 [worker-akka.actor.default-dispatcher-2] INFO  a.a.CoordinatedShutdown CoordinatedShutdown(akka://worker) - Starting coordinated shutdown from JVM shutdown hook
11:55:22.259 [worker-akka.actor.default-dispatcher-2] INFO  a.a.LocalActorRef akka://worker/user/watcher/graph0000000000/edge/FlameSocketGraphDeployerFront - Stopped
11:55:22.260 [worker-akka.actor.default-dispatcher-2] INFO  a.a.LocalActorRef akka://worker/user/watcher/graph0000000000/negotiator - Stopped
11:55:22.261 [worker-akka.actor.default-dispatcher-2] INFO  a.a.LocalActorRef akka://worker/user/watcher/graph0000000000/edge/FlameSocketGraphDeployerRear - Stopped
11:55:22.262 [worker-akka.actor.default-dispatcher-2] INFO  a.a.LocalActorRef akka://worker/user/watcher/graph0000000000/graph/$a - Stopped
11:55:22.262 [worker-akka.actor.default-dispatcher-2] INFO  a.a.LocalActorRef akka://worker/user/watcher/graph0000000000/graph/$b - Stopped
11:55:22.263 [worker-akka.actor.default-dispatcher-2] INFO  a.a.LocalActorRef akka://worker/user/watcher/graph0000000000/graph/$c - Stopped
11:55:22.264 [worker-akka.actor.default-dispatcher-2] INFO  a.a.LocalActorRef akka://worker/user/watcher/graph0000000000/graph/local-acker/$a - Stopped
11:55:22.271 [worker-akka.actor.default-dispatcher-2] INFO  a.a.LocalActorRef akka://worker/user/watcher/graph0000000000/graph/local-acker/$a - Message [com.spbsu.flamestream.runtime.utils.akka.PingActor$InnerPing] from Actor[akka://worker/user/watcher/graph0000000000/graph/local-acker/$a#1174233088] to Actor[akka://worker/user/watcher/graph0000000000/graph/local-acker/$a#1174233088] was not delivered. [1] dead letters encountered. This logging can be turned off or adjusted with configuration settings 'akka.log-dead-letters' and 'akka.log-dead-letters-during-shutdown'.
11:55:22.272 [worker-akka.actor.default-dispatcher-2] INFO  a.a.LocalActorRef akka://worker/user/watcher/graph0000000000/graph/local-acker - Stopped
11:55:22.273 [worker-akka.actor.default-dispatcher-2] INFO  a.a.LocalActorRef akka://worker/user/watcher/graph0000000000/edge - Stopped
11:55:22.274 [worker-akka.actor.default-dispatcher-2] INFO  a.a.LocalActorRef akka://worker/user/watcher/graph0000000000/graph - Stopped
11:55:22.274 [worker-akka.actor.default-dispatcher-2] INFO  a.a.LocalActorRef akka://worker/user/watcher/graph0000000000 - Stopped
11:55:22.276 [worker-akka.actor.default-dispatcher-2] INFO  a.a.LocalActorRef akka://worker/user/watcher/graph0000000000/graph/local-acker/$a - Message [com.spbsu.flamestream.runtime.utils.akka.PingActor$Stop] from Actor[akka://worker/user/watcher/graph0000000000/graph/local-acker#696448837] to Actor[akka://worker/user/watcher/graph0000000000/graph/local-acker/$a#1174233088] was not delivered. [2] dead letters encountered. This logging can be turned off or adjusted with configuration settings 'akka.log-dead-letters' and 'akka.log-dead-letters-during-shutdown'.
11:55:22.277 [worker-akka.actor.default-dispatcher-2] INFO  a.a.LocalActorRef akka://worker/user/watcher/graph0000000000/graph/local-acker - Message [com.spbsu.flamestream.runtime.acker.LocalAcker$Flush] from Actor[akka://worker/user/watcher/graph0000000000/graph/local-acker#696448837] to Actor[akka://worker/user/watcher/graph0000000000/graph/local-acker#696448837] was not delivered. [3] dead letters encountered. This logging can be turned off or adjusted with configuration settings 'akka.log-dead-letters' and 'akka.log-dead-letters-during-shutdown'.
11:55:22.278 [worker-akka.actor.default-dispatcher-2] INFO  a.a.LocalActorRef akka://worker/user/watcher/graph0000000000/graph/local-acker - Message [com.spbsu.flamestream.runtime.acker.LocalAcker$Flush] from Actor[akka://worker/user/watcher/graph0000000000/graph/local-acker#696448837] to Actor[akka://worker/user/watcher/graph0000000000/graph/local-acker#696448837] was not delivered. [4] dead letters encountered. This logging can be turned off or adjusted with configuration settings 'akka.log-dead-letters' and 'akka.log-dead-letters-during-shutdown'.
11:55:22.281 [worker-akka.actor.default-dispatcher-2-EventThread] INFO  o.a.z.ClientCnxn  - EventThread shut down for session: 0x161994201fa0006
11:55:22.281 [worker-akka.actor.default-dispatcher-2] INFO  o.a.z.ZooKeeper  - Session: 0x161994201fa0006 closed
11:55:22.281 [worker-akka.actor.default-dispatcher-2] INFO  a.a.RepointableActorRef akka://worker/user/watcher - Stopped
11:55:22.292 [worker-akka.actor.default-dispatcher-2] INFO  a.r.RemoteActorRefProvider$RemotingTerminator akka://worker@172.31.39.64:5412/system/remoting-terminator - Shutting down remote daemon.
11:55:22.298 [worker-akka.actor.default-dispatcher-2] INFO  a.r.RemoteActorRefProvider$RemotingTerminator akka://worker@172.31.39.64:5412/system/remoting-terminator - Remote daemon shut down; proceeding with flushing remote transports.
11:55:23.444 [worker-akka.actor.default-dispatcher-2] INFO  a.r.RemoteActorRefProvider$RemotingTerminator akka://worker@172.31.39.64:5412/system/remoting-terminator - Remoting shut down.
Attempts of event 'shuffle-send' - 0
Attempts of event 'front-receive-send' - 0
Attempts of event 'inject-out' - 531447
Attempts of event 'sink-receive' - 535589
Attempts of event 'flatmap-receive' - 1068
Attempts of event 'fm-send' - 482553
Attempts of event 'rear-in' - 530379
Attempts of event 'flatmap-send' - 482553
Attempts of event 'inject-in' - 531447
Attempts of event 'wrong-ordering-filter-receive' - 535589
Attempts of event 'accept-in' - 0
Attempts of event 'grouping-receive' - 1065968
Heap
 def new generation   total 153600K, used 108056K [0x00000000e0c00000, 0x00000000eb2a0000, 0x00000000eb2a0000)
  eden space 136576K,  71% used [0x00000000e0c00000, 0x00000000e6b91620, 0x00000000e9160000)
  from space 17024K,  59% used [0x00000000ea200000, 0x00000000eabf4d40, 0x00000000eb2a0000)
  to   space 17024K,   0% used [0x00000000e9160000, 0x00000000e9160000, 0x00000000ea200000)
 tenured generation   total 341376K, used 113448K [0x00000000eb2a0000, 0x0000000100000000, 0x0000000100000000)
   the space 341376K,  33% used [0x00000000eb2a0000, 0x00000000f216a120, 0x00000000f216a200, 0x0000000100000000)
 Metaspace       used 33515K, capacity 34300K, committed 34688K, reserved 1079296K
  class space    used 4451K, capacity 4627K, committed 4736K, reserved 1048576K
