11:44:56.220 [worker-akka.actor.default-dispatcher-2] INFO  a.e.s.Slf4jLogger  - Slf4jLogger started
2018-02-21T11:44:56.393+0000: 2.363: [Full GC (Metadata GC Threshold) 2018-02-21T11:44:56.393+0000: 2.363: [Tenured: 0K->15410K(341376K), 0.0371615 secs] 117538K->15410K(494976K), [Metaspace: 20873K->20873K(1067008K)], 0.0372280 secs] [Times: user=0.03 sys=0.00, real=0.04 secs] 
Ama winner
Ama winner
11:44:56.829 [worker-akka.actor.default-dispatcher-2] INFO  a.r.a.ArteryTransport(akka://worker) akka.remote.artery.ArteryTransport(akka://worker) - Started embedded media driver in directory [/dev/shm/aeron-root-worker-b3641806-07ee-46f8-bcf1-163b37380c27]
11:44:57.048 [worker-akka.actor.default-dispatcher-2] INFO  a.r.a.ArteryTransport(akka://worker) akka.remote.artery.ArteryTransport(akka://worker) - Remoting started; listening on address: [akka://worker@172.31.47.83:5412] with UID [3370001720337478331]
11:44:57.152 [worker-akka.actor.default-dispatcher-2] INFO  o.a.z.ZooKeeper  - Client environment:zookeeper.version=3.4.9-1757313, built on 08/23/2016 06:50 GMT
11:44:57.153 [worker-akka.actor.default-dispatcher-2] INFO  o.a.z.ZooKeeper  - Client environment:host.name=ip-172-31-47-83.us-east-2.compute.internal
11:44:57.153 [worker-akka.actor.default-dispatcher-2] INFO  o.a.z.ZooKeeper  - Client environment:java.version=1.8.0_151
11:44:57.153 [worker-akka.actor.default-dispatcher-2] INFO  o.a.z.ZooKeeper  - Client environment:java.vendor=Oracle Corporation
11:44:57.153 [worker-akka.actor.default-dispatcher-2] INFO  o.a.z.ZooKeeper  - Client environment:java.home=/usr/lib/jvm/java-8-openjdk-amd64/jre
11:44:57.153 [worker-akka.actor.default-dispatcher-2] INFO  o.a.z.ZooKeeper  - Client environment:java.class.path=lib/commons-cli-1.4.jar:lib/minlog-1.3.0.jar:lib/asm-5.0.4.jar:lib/hadoop-annotations-2.7.3.jar:lib/hadoop-auth-2.7.3.jar:lib/akka-slf4j_2.11-2.5.6.jar:lib/jersey-core-1.9.jar:lib/lz4-1.3.0.jar:lib/jackson-core-asl-1.9.13.jar:lib/aeron-client-1.3.0.jar:lib/htrace-core-3.1.0-incubating.jar:lib/xz-1.0.jar:lib/commons-httpclient-3.1.jar:lib/asm-3.1.jar:lib/commons-lang3-3.4.jar:lib/scala-library-2.11.11.jar:lib/scala-java8-compat_2.11-0.7.0.jar:lib/commons-configuration-1.6.jar:lib/objenesis-2.1.jar:lib/jackson-annotations-2.8.0.jar:lib/jsr305-3.0.0.jar:lib/curator-framework-2.7.1.jar:lib/jersey-server-1.9.jar:lib/jets3t-0.9.0.jar:lib/leveldb-0.7.jar:lib/jetty-6.1.26.jar:lib/stax-api-1.0-2.jar:lib/flamestream-core-1.0-SNAPSHOT.jar:lib/reflectasm-1.07-shaded.jar:lib/apacheds-kerberos-codec-2.0.0-M15.jar:lib/api-asn1-api-1.0.0-M20.jar:lib/commons-lang-2.6.jar:lib/commons-beanutils-1.7.0.jar:lib/jackson-xc-1.8.3.jar:lib/jetty-util-6.1.26.jar:lib/logback-classic-1.2.3.jar:lib/jool-0.9.12.jar:lib/flamestream-runtime-1.0-SNAPSHOT-tests.jar:lib/httpcore-4.1.2.jar:lib/kryo-4.0.0.jar:lib/ant-1.8.1.jar:lib/jaxb-impl-2.2.3-1.jar:lib/jersey-json-1.9.jar:lib/commons-compress-1.4.1.jar:lib/leveldbjni-all-1.8.jar:lib/paranamer-2.3.jar:lib/jackson-core-2.8.4.jar:lib/commons-math3-3.6.1.jar:lib/scala-parser-combinators_2.11-1.0.4.jar:lib/netty-3.10.6.Final.jar:lib/trove4j-3.0.3.jar:lib/jaxb-api-2.2.2.jar:lib/logback-core-1.2.3.jar:lib/snappy-java-1.0.4.1.jar:lib/protobuf-java-2.5.0.jar:lib/reactive-streams-1.0.1.jar:lib/flamestream-examples-1.0-SNAPSHOT.jar:lib/commons-codec-1.4.jar:lib/activation-1.1.jar:lib/commons-net-3.1.jar:lib/curator-recipes-2.7.1.jar:lib/jackson-mapper-asl-1.9.13.jar:lib/jackson-databind-2.8.4.jar:lib/flamestream-runtime-1.0-SNAPSHOT.jar:lib/jackson-jaxrs-1.8.3.jar:lib/slf4j-api-1.7.24.jar:lib/akka-remote_2.11-2.5.6.jar:lib/akka-testkit_2.11-2.5.6.jar:lib/jline-0.9.94.jar:lib/akka-stream_2.11-2.5.6.jar:lib/jsp-api-2.1.jar:lib/kryonet-2.21.jar:lib/akka-kryo-serialization_2.11-0.5.0.jar:lib/config-1.3.1.jar:lib/ant-launcher-1.8.1.jar:lib/commons-logging-1.2.jar:lib/ssl-config-core_2.11-0.2.2.jar:lib/testng-6.10.jar:lib/leveldb-api-0.7.jar:lib/reflectasm-1.11.3.jar:lib/jcommander-1.48.jar:lib/commons-1.1.jar:lib/commons-digester-1.8.jar:lib/minlog-1.2.jar:lib/java-xmlbuilder-0.4.jar:lib/jettison-1.1.jar:lib/gson-2.2.4.jar:lib/jdk.tools-1.8.jar:lib/aeron-driver-1.3.0.jar:lib/zookeeper-3.4.9.jar:lib/commons-beanutils-core-1.8.0.jar:lib/commons-math3-3.1.1.jar:lib/akka-actor_2.11-2.5.6.jar:lib/curator-client-2.7.1.jar:lib/servlet-api-2.5.jar:lib/apacheds-i18n-2.0.0-M15.jar:lib/commons-io-2.4.jar:lib/commons-codec-1.6.jar:lib/akka-protobuf_2.11-2.5.6.jar:lib/protobuf-java-3.5.1.jar:lib/jdom-2.0.2.jar:lib/api-util-1.0.0-M20.jar:lib/hadoop-common-2.7.3.jar:lib/agrona-0.9.6.jar:lib/xmlenc-0.52.jar:lib/guava-21.0.jar:lib/commons-collections-3.2.2.jar:lib/avro-1.7.4.jar:lib/httpclient-4.1.2.jar:lib/flamestream-core-1.0-SNAPSHOT-tests.jar:lib/annotations-12.0.jar:lib/jsch-0.1.42.jar:flamestream-runtime-1.0-SNAPSHOT.jar
11:44:57.153 [worker-akka.actor.default-dispatcher-2] INFO  o.a.z.ZooKeeper  - Client environment:java.library.path=/usr/java/packages/lib/amd64:/usr/lib/x86_64-linux-gnu/jni:/lib/x86_64-linux-gnu:/usr/lib/x86_64-linux-gnu:/usr/lib/jni:/lib:/usr/lib
11:44:57.153 [worker-akka.actor.default-dispatcher-2] INFO  o.a.z.ZooKeeper  - Client environment:java.io.tmpdir=/tmp
11:44:57.153 [worker-akka.actor.default-dispatcher-2] INFO  o.a.z.ZooKeeper  - Client environment:java.compiler=<NA>
11:44:57.153 [worker-akka.actor.default-dispatcher-2] INFO  o.a.z.ZooKeeper  - Client environment:os.name=Linux
11:44:57.153 [worker-akka.actor.default-dispatcher-2] INFO  o.a.z.ZooKeeper  - Client environment:os.arch=amd64
11:44:57.153 [worker-akka.actor.default-dispatcher-2] INFO  o.a.z.ZooKeeper  - Client environment:os.version=4.4.0-1049-aws
11:44:57.154 [worker-akka.actor.default-dispatcher-2] INFO  o.a.z.ZooKeeper  - Client environment:user.name=root
11:44:57.155 [worker-akka.actor.default-dispatcher-2] INFO  o.a.z.ZooKeeper  - Client environment:user.home=/root
11:44:57.155 [worker-akka.actor.default-dispatcher-2] INFO  o.a.z.ZooKeeper  - Client environment:user.dir=/opt/flamestream
11:44:57.158 [worker-akka.actor.default-dispatcher-2] INFO  o.a.z.ZooKeeper  - Initiating client connection, connectString=172.31.34.147:2181 sessionTimeout=5000 watcher=com.spbsu.flamestream.runtime.application.LifecycleWatcher$$Lambda$29/764839090@3d5d5f13
11:44:57.191 [worker-akka.actor.default-dispatcher-2] INFO  a.a.RepointableActorRef akka://worker/user/watcher - Starting...
11:44:57.195 [worker-akka.actor.default-dispatcher-2-SendThread(172.31.34.147:2181)] INFO  o.a.z.ClientCnxn  - Opening socket connection to server 172.31.34.147/172.31.34.147:2181. Will not attempt to authenticate using SASL (unknown error)
11:44:57.201 [worker-akka.actor.default-dispatcher-2-SendThread(172.31.34.147:2181)] INFO  o.a.z.ClientCnxn  - Socket connection established to 172.31.34.147/172.31.34.147:2181, initiating session
11:44:57.209 [worker-akka.actor.default-dispatcher-2-SendThread(172.31.34.147:2181)] INFO  o.a.z.ClientCnxn  - Session establishment complete on server 172.31.34.147/172.31.34.147:2181, sessionid = 0x161b82d7c4f000c, negotiated timeout = 6000
11:44:57.305 [worker-akka.actor.default-dispatcher-2] INFO  a.a.RepointableActorRef akka://worker/user/watcher - Connected to ZK
11:45:06.130 [worker-akka.actor.default-dispatcher-2] INFO  a.a.RepointableActorRef akka://worker/user/watcher - Creating node with watchGraphs: 'com.spbsu.flamestream.core.Graph$Builder$MyGraph@cf23589', config: 'ClusterConfig{paths={172.31.33.155=akka://worker@172.31.33.155:5412/user/watcher/graph0000000000, 172.31.47.83=akka://worker@172.31.47.83:5412/user/watcher/graph0000000000, 172.31.45.197=akka://worker@172.31.45.197:5412/user/watcher/graph0000000000, 172.31.42.36=akka://worker@172.31.42.36:5412/user/watcher/graph0000000000, 172.31.44.83=akka://worker@172.31.44.83:5412/user/watcher/graph0000000000, 172.31.39.64=akka://worker@172.31.39.64:5412/user/watcher/graph0000000000, 172.31.35.79=akka://worker@172.31.35.79:5412/user/watcher/graph0000000000, 172.31.34.169=akka://worker@172.31.34.169:5412/user/watcher/graph0000000000, 172.31.47.100=akka://worker@172.31.47.100:5412/user/watcher/graph0000000000, 172.31.37.101=akka://worker@172.31.37.101:5412/user/watcher/graph0000000000}, ackerLocation='172.31.35.79', props=ComputationLayout{ranges={172.31.33.155=HashRange{from=-1670265060, to=-1193046472}, 172.31.47.83=HashRange{from=1670265056, to=2147483644}, 172.31.45.197=HashRange{from=-715827884, to=-238609296}, 172.31.42.36=HashRange{from=1193046468, to=1670265056}, 172.31.44.83=HashRange{from=-238609296, to=238609292}, 172.31.39.64=HashRange{from=715827880, to=1193046468}, 172.31.35.79=HashRange{from=0, to=0}, 172.31.34.169=HashRange{from=-2147483648, to=-1670265060}, 172.31.47.100=HashRange{from=238609292, to=715827880}, 172.31.37.101=HashRange{from=-1193046472, to=-715827884}}}}'
11:45:07.037 [worker-akka.actor.default-dispatcher-2] INFO  a.a.LocalActorRef akka://worker/user/watcher/graph0000000000/graph - Starting...
11:45:07.039 [worker-akka.actor.default-dispatcher-2] INFO  a.a.LocalActorRef akka://worker/user/watcher/graph0000000000/graph/local-acker/$a - Starting...
11:45:07.040 [worker-akka.actor.default-dispatcher-2] INFO  a.a.LocalActorRef akka://worker/user/watcher/graph0000000000/graph/local-acker - Starting...
Warning: space is running low in /dev/shm (tmpfs) threshold=167,772,160 usable=158,621,696
Warning: space is running low in /dev/shm (tmpfs) threshold=167,772,160 usable=146,034,688
Warning: space is running low in /dev/shm (tmpfs) threshold=167,772,160 usable=133,447,680
Warning: space is running low in /dev/shm (tmpfs) threshold=167,772,160 usable=120,860,672
Warning: space is running low in /dev/shm (tmpfs) threshold=167,772,160 usable=108,273,664
Warning: space is running low in /dev/shm (tmpfs) threshold=167,772,160 usable=95,686,656
Warning: space is running low in /dev/shm (tmpfs) threshold=167,772,160 usable=83,099,648
Warning: space is running low in /dev/shm (tmpfs) threshold=167,772,160 usable=70,512,640
11:45:08.150 [worker-akka.actor.default-dispatcher-2] INFO  a.a.LocalActorRef akka://worker/user/watcher/graph0000000000/graph - Finishing constructor
11:45:08.150 [worker-akka.actor.default-dispatcher-2] INFO  a.a.LocalActorRef akka://worker/user/watcher/graph0000000000 - Starting...
11:45:08.150 [worker-akka.actor.default-dispatcher-2] INFO  a.a.LocalActorRef akka://worker/user/watcher/graph0000000000/negotiator - Starting...
11:45:08.217 [worker-akka.actor.default-dispatcher-2] INFO  a.a.LocalActorRef akka://worker/user/watcher/graph0000000000/graph/$a - Starting...
11:45:08.218 [worker-akka.actor.default-dispatcher-2] INFO  a.a.LocalActorRef akka://worker/user/watcher/graph0000000000/edge - Starting...
11:45:08.219 [worker-akka.actor.default-dispatcher-2] INFO  a.a.LocalActorRef akka://worker/user/watcher/graph0000000000/graph/$b - Starting...
11:45:08.220 [worker-akka.actor.default-dispatcher-2] INFO  a.a.LocalActorRef akka://worker/user/watcher/graph0000000000/graph/$c - Starting...
11:45:08.246 [worker-akka.actor.default-dispatcher-2] INFO  c.s.f.r.e.s.SocketRear  - FlameSocketGraphDeployerRear@172.31.47.83: connecting to 172.31.34.147:5678
11:45:08.252 [worker-akka.actor.default-dispatcher-2] INFO  c.s.f.r.e.s.SocketRear  - FlameSocketGraphDeployerRear@172.31.47.83: connected to 172.31.34.147:5678
11:45:08.279 [worker-akka.actor.default-dispatcher-2] INFO  a.a.LocalActorRef akka://worker/user/watcher/graph0000000000/edge/FlameSocketGraphDeployerRear - Starting...
11:45:08.280 [worker-akka.actor.default-dispatcher-2] INFO  a.a.LocalActorRef akka://worker/user/watcher/graph0000000000/edge/FlameSocketGraphDeployerFront - Starting...
11:45:08.281 [worker-akka.actor.default-dispatcher-2] INFO  a.a.LocalActorRef akka://worker/user/watcher/graph0000000000/negotiator - Requesting ticket for the frontClass FlameSocketGraphDeployerFront@172.31.47.83
11:45:08.293 [worker-akka.actor.default-dispatcher-2] INFO  a.a.LocalActorRef akka://worker/user/watcher/graph0000000000/negotiator - Ticket for the frontClass received: FrontTicket{allowedTimestamp=(1519213506133, FlameSocketGraphDeployerFront@172.31.47.83)}
11:45:08.294 [worker-akka.actor.default-dispatcher-2] INFO  c.s.f.r.e.s.SocketFront  - FlameSocketGraphDeployerFront@172.31.47.83: connecting to 172.31.34.147:4567
11:45:08.328 [Client] INFO  c.s.f.r.e.s.SocketFront  - FlameSocketGraphDeployerFront@172.31.47.83 has been disconnected from Connection 3
2018-02-21T11:45:12.290+0000: 18.260: [GC (Allocation Failure) 2018-02-21T11:45:12.290+0000: 18.260: [DefNew: 136576K->17023K(153600K), 0.0289032 secs] 151986K->53292K(494976K), 0.0289775 secs] [Times: user=0.01 sys=0.02, real=0.03 secs] 
2018-02-21T11:45:29.151+0000: 35.121: [GC (Allocation Failure) 2018-02-21T11:45:29.151+0000: 35.121: [DefNew: 153599K->3728K(153600K), 0.0183720 secs] 189868K->50599K(494976K), 0.0184381 secs] [Times: user=0.01 sys=0.01, real=0.02 secs] 
2018-02-21T11:45:45.841+0000: 51.811: [GC (Allocation Failure) 2018-02-21T11:45:45.841+0000: 51.811: [DefNew: 140304K->6105K(153600K), 0.0120497 secs] 187175K->52976K(494976K), 0.0121111 secs] [Times: user=0.01 sys=0.00, real=0.01 secs] 
2018-02-21T11:46:02.229+0000: 68.199: [GC (Allocation Failure) 2018-02-21T11:46:02.229+0000: 68.199: [DefNew: 142681K->7410K(153600K), 0.0158102 secs] 189552K->54281K(494976K), 0.0158806 secs] [Times: user=0.02 sys=0.00, real=0.01 secs] 
2018-02-21T11:46:18.841+0000: 84.811: [GC (Allocation Failure) 2018-02-21T11:46:18.841+0000: 84.811: [DefNew: 143986K->9567K(153600K), 0.0180682 secs] 190857K->56438K(494976K), 0.0181295 secs] [Times: user=0.02 sys=0.00, real=0.02 secs] 
2018-02-21T11:46:32.667+0000: 98.637: [GC (Allocation Failure) 2018-02-21T11:46:32.667+0000: 98.637: [DefNew: 146143K->8481K(153600K), 0.0166097 secs] 193014K->56923K(494976K), 0.0166737 secs] [Times: user=0.02 sys=0.00, real=0.01 secs] 
2018-02-21T11:46:50.665+0000: 116.635: [GC (Allocation Failure) 2018-02-21T11:46:50.665+0000: 116.636: [DefNew: 145057K->10040K(153600K), 0.0155682 secs] 193499K->58483K(494976K), 0.0156320 secs] [Times: user=0.02 sys=0.00, real=0.02 secs] 
2018-02-21T11:47:13.049+0000: 139.019: [GC (Allocation Failure) 2018-02-21T11:47:13.049+0000: 139.019: [DefNew: 146616K->9109K(153600K), 0.0216332 secs] 195059K->59875K(494976K), 0.0216966 secs] [Times: user=0.02 sys=0.00, real=0.02 secs] 
2018-02-21T11:47:33.236+0000: 159.206: [GC (Allocation Failure) 2018-02-21T11:47:33.236+0000: 159.206: [DefNew: 145685K->8757K(153600K), 0.0163647 secs] 196451K->61003K(494976K), 0.0164274 secs] [Times: user=0.01 sys=0.00, real=0.02 secs] 
2018-02-21T11:47:51.072+0000: 177.043: [GC (Allocation Failure) 2018-02-21T11:47:51.073+0000: 177.043: [DefNew: 145333K->9046K(153600K), 0.0177603 secs] 197579K->62429K(494976K), 0.0178259 secs] [Times: user=0.01 sys=0.00, real=0.02 secs] 
2018-02-21T11:48:12.982+0000: 198.952: [GC (Allocation Failure) 2018-02-21T11:48:12.982+0000: 198.952: [DefNew: 145622K->9161K(153600K), 0.0161747 secs] 199005K->63725K(494976K), 0.0162388 secs] [Times: user=0.02 sys=0.00, real=0.01 secs] 
2018-02-21T11:48:31.895+0000: 217.865: [GC (Allocation Failure) 2018-02-21T11:48:31.895+0000: 217.865: [DefNew: 145737K->8951K(153600K), 0.0237174 secs] 200301K->65076K(494976K), 0.0238209 secs] [Times: user=0.00 sys=0.02, real=0.02 secs] 
2018-02-21T11:48:54.434+0000: 240.404: [GC (Allocation Failure) 2018-02-21T11:48:54.434+0000: 240.404: [DefNew: 145527K->9501K(153600K), 0.0181401 secs] 201652K->66722K(494976K), 0.0182019 secs] [Times: user=0.01 sys=0.01, real=0.02 secs] 
2018-02-21T11:49:13.984+0000: 259.954: [GC (Allocation Failure) 2018-02-21T11:49:13.984+0000: 259.954: [DefNew: 146077K->9383K(153600K), 0.0168956 secs] 203298K->67838K(494976K), 0.0169547 secs] [Times: user=0.02 sys=0.00, real=0.02 secs] 
2018-02-21T11:49:34.785+0000: 280.755: [GC (Allocation Failure) 2018-02-21T11:49:34.785+0000: 280.755: [DefNew: 145959K->9259K(153600K), 0.0240997 secs] 204414K->68847K(494976K), 0.0241644 secs] [Times: user=0.00 sys=0.02, real=0.03 secs] 
2018-02-21T11:49:52.335+0000: 298.306: [GC (Allocation Failure) 2018-02-21T11:49:52.335+0000: 298.306: [DefNew: 145835K->9481K(153600K), 0.0164273 secs] 205423K->70269K(494976K), 0.0164884 secs] [Times: user=0.02 sys=0.00, real=0.02 secs] 
2018-02-21T11:50:11.368+0000: 317.338: [GC (Allocation Failure) 2018-02-21T11:50:11.368+0000: 317.338: [DefNew: 146057K->10161K(153600K), 0.0192277 secs] 206845K->72077K(494976K), 0.0193125 secs] [Times: user=0.02 sys=0.00, real=0.01 secs] 
2018-02-21T11:50:32.861+0000: 338.831: [GC (Allocation Failure) 2018-02-21T11:50:32.861+0000: 338.831: [DefNew: 146737K->8584K(153600K), 0.0194282 secs] 208653K->72894K(494976K), 0.0195097 secs] [Times: user=0.02 sys=0.00, real=0.02 secs] 
2018-02-21T11:50:51.964+0000: 357.934: [GC (Allocation Failure) 2018-02-21T11:50:51.964+0000: 357.934: [DefNew: 145160K->8646K(153600K), 0.0166143 secs] 209470K->74176K(494976K), 0.0166757 secs] [Times: user=0.01 sys=0.01, real=0.02 secs] 
2018-02-21T11:51:09.035+0000: 375.005: [GC (Allocation Failure) 2018-02-21T11:51:09.035+0000: 375.005: [DefNew: 145222K->8658K(153600K), 0.0157264 secs] 210752K->75470K(494976K), 0.0157905 secs] [Times: user=0.02 sys=0.00, real=0.02 secs] 
2018-02-21T11:51:25.225+0000: 391.195: [GC (Allocation Failure) 2018-02-21T11:51:25.225+0000: 391.195: [DefNew: 145234K->8809K(153600K), 0.0167702 secs] 212046K->76943K(494976K), 0.0168297 secs] [Times: user=0.01 sys=0.00, real=0.02 secs] 
2018-02-21T11:51:40.397+0000: 406.368: [GC (Allocation Failure) 2018-02-21T11:51:40.398+0000: 406.368: [DefNew: 145385K->8770K(153600K), 0.0158337 secs] 213519K->77969K(494976K), 0.0158960 secs] [Times: user=0.02 sys=0.00, real=0.02 secs] 
2018-02-21T11:51:58.937+0000: 424.907: [GC (Allocation Failure) 2018-02-21T11:51:58.937+0000: 424.907: [DefNew: 145346K->10242K(153600K), 0.0169486 secs] 214545K->80670K(494976K), 0.0170120 secs] [Times: user=0.01 sys=0.00, real=0.02 secs] 
2018-02-21T11:52:16.456+0000: 442.427: [GC (Allocation Failure) 2018-02-21T11:52:16.456+0000: 442.427: [DefNew: 146818K->9052K(153600K), 0.0183941 secs] 217246K->82079K(494976K), 0.0184553 secs] [Times: user=0.01 sys=0.00, real=0.02 secs] 
2018-02-21T11:52:34.364+0000: 460.334: [GC (Allocation Failure) 2018-02-21T11:52:34.364+0000: 460.334: [DefNew: 145628K->8542K(153600K), 0.0174179 secs] 218655K->83896K(494976K), 0.0174796 secs] [Times: user=0.01 sys=0.01, real=0.02 secs] 
2018-02-21T11:52:53.697+0000: 479.667: [GC (Allocation Failure) 2018-02-21T11:52:53.697+0000: 479.667: [DefNew: 145118K->8651K(153600K), 0.0157810 secs] 220472K->85487K(494976K), 0.0158439 secs] [Times: user=0.01 sys=0.00, real=0.02 secs] 
2018-02-21T11:53:11.416+0000: 497.386: [GC (Allocation Failure) 2018-02-21T11:53:11.416+0000: 497.386: [DefNew: 145227K->8230K(153600K), 0.0172453 secs] 222063K->86587K(494976K), 0.0173080 secs] [Times: user=0.00 sys=0.01, real=0.02 secs] 
2018-02-21T11:53:28.490+0000: 514.460: [GC (Allocation Failure) 2018-02-21T11:53:28.490+0000: 514.460: [DefNew: 144806K->10194K(153600K), 0.0151097 secs] 223163K->88551K(494976K), 0.0151728 secs] [Times: user=0.02 sys=0.00, real=0.01 secs] 
2018-02-21T11:53:46.825+0000: 532.795: [GC (Allocation Failure) 2018-02-21T11:53:46.825+0000: 532.796: [DefNew: 146770K->8665K(153600K), 0.0187201 secs] 225127K->89591K(494976K), 0.0187910 secs] [Times: user=0.02 sys=0.00, real=0.02 secs] 
2018-02-21T11:54:05.090+0000: 551.060: [GC (Allocation Failure) 2018-02-21T11:54:05.090+0000: 551.060: [DefNew: 145241K->9118K(153600K), 0.0166176 secs] 226167K->91437K(494976K), 0.0166958 secs] [Times: user=0.02 sys=0.00, real=0.01 secs] 
2018-02-21T11:54:23.618+0000: 569.588: [GC (Allocation Failure) 2018-02-21T11:54:23.618+0000: 569.588: [DefNew: 145694K->8910K(153600K), 0.0160219 secs] 228013K->92761K(494976K), 0.0160826 secs] [Times: user=0.02 sys=0.00, real=0.02 secs] 
2018-02-21T11:54:38.738+0000: 584.708: [GC (Allocation Failure) 2018-02-21T11:54:38.738+0000: 584.708: [DefNew: 145486K->8917K(153600K), 0.0174286 secs] 229337K->94304K(494976K), 0.0174905 secs] [Times: user=0.02 sys=0.00, real=0.02 secs] 
2018-02-21T11:54:57.093+0000: 603.063: [GC (Allocation Failure) 2018-02-21T11:54:57.093+0000: 603.063: [DefNew: 145493K->9354K(153600K), 0.0162824 secs] 230880K->96213K(494976K), 0.0163368 secs] [Times: user=0.02 sys=0.00, real=0.02 secs] 
2018-02-21T11:55:15.609+0000: 621.579: [GC (Allocation Failure) 2018-02-21T11:55:15.609+0000: 621.579: [DefNew: 145930K->9606K(153600K), 0.0285586 secs] 232789K->97794K(494976K), 0.0286321 secs] [Times: user=0.00 sys=0.03, real=0.02 secs] 
2018-02-21T11:55:32.738+0000: 638.708: [GC (Allocation Failure) 2018-02-21T11:55:32.738+0000: 638.708: [DefNew: 146182K->9403K(153600K), 0.0161495 secs] 234370K->99235K(494976K), 0.0162204 secs] [Times: user=0.02 sys=0.00, real=0.02 secs] 
2018-02-21T11:55:51.952+0000: 657.922: [GC (Allocation Failure) 2018-02-21T11:55:51.952+0000: 657.922: [DefNew: 145979K->9448K(153600K), 0.0154166 secs] 235811K->100814K(494976K), 0.0154785 secs] [Times: user=0.02 sys=0.00, real=0.02 secs] 
2018-02-21T11:56:08.861+0000: 674.831: [GC (Allocation Failure) 2018-02-21T11:56:08.861+0000: 674.831: [DefNew: 146024K->9659K(153600K), 0.0297430 secs] 237390K->102464K(494976K), 0.0298040 secs] [Times: user=0.00 sys=0.03, real=0.03 secs] 
2018-02-21T11:56:25.572+0000: 691.543: [GC (Allocation Failure) 2018-02-21T11:56:25.573+0000: 691.543: [DefNew: 146235K->9971K(153600K), 0.0180576 secs] 239040K->104240K(494976K), 0.0181209 secs] [Times: user=0.00 sys=0.01, real=0.02 secs] 
2018-02-21T11:56:43.771+0000: 709.741: [GC (Allocation Failure) 2018-02-21T11:56:43.771+0000: 709.741: [DefNew: 146547K->10232K(153600K), 0.0168624 secs] 240816K->106026K(494976K), 0.0169237 secs] [Times: user=0.02 sys=0.00, real=0.02 secs] 
2018-02-21T11:56:58.827+0000: 724.798: [GC (Allocation Failure) 2018-02-21T11:56:58.828+0000: 724.798: [DefNew: 146808K->10861K(153600K), 0.0187491 secs] 242602K->108132K(494976K), 0.0188354 secs] [Times: user=0.02 sys=0.00, real=0.01 secs] 
11:57:10.029 [Client] INFO  c.s.f.r.e.s.SocketRear  - FlameSocketGraphDeployerRear@172.31.47.83: has been disconnected from Connection 3
11:57:23.793 [worker-akka.actor.default-dispatcher-2] INFO  a.a.CoordinatedShutdown CoordinatedShutdown(akka://worker) - Starting coordinated shutdown from JVM shutdown hook
11:57:23.838 [worker-akka.actor.default-dispatcher-2] INFO  a.a.LocalActorRef akka://worker/user/watcher/graph0000000000/negotiator - Stopped
11:57:23.839 [worker-akka.actor.default-dispatcher-2] INFO  a.a.LocalActorRef akka://worker/user/watcher/graph0000000000/edge/FlameSocketGraphDeployerFront - Stopped
11:57:23.840 [worker-akka.actor.default-dispatcher-2] INFO  a.a.LocalActorRef akka://worker/user/watcher/graph0000000000/edge/FlameSocketGraphDeployerRear - Stopped
11:57:23.842 [worker-akka.actor.default-dispatcher-2] INFO  a.a.LocalActorRef akka://worker/user/watcher/graph0000000000/graph/$a - Stopped
11:57:23.843 [worker-akka.actor.default-dispatcher-2] INFO  a.a.LocalActorRef akka://worker/user/watcher/graph0000000000/graph/$b - Stopped
11:57:23.844 [worker-akka.actor.default-dispatcher-2] INFO  a.a.LocalActorRef akka://worker/user/watcher/graph0000000000/graph/$c - Stopped
11:57:23.844 [worker-akka.actor.default-dispatcher-2] INFO  a.a.LocalActorRef akka://worker/user/watcher/graph0000000000/graph/local-acker/$a - Stopped
11:57:23.849 [worker-akka.actor.default-dispatcher-2] INFO  a.a.LocalActorRef akka://worker/user/watcher/graph0000000000/graph/local-acker/$a - Message [com.spbsu.flamestream.runtime.utils.akka.PingActor$InnerPing] from Actor[akka://worker/user/watcher/graph0000000000/graph/local-acker/$a#-1064087419] to Actor[akka://worker/user/watcher/graph0000000000/graph/local-acker/$a#-1064087419] was not delivered. [1] dead letters encountered. This logging can be turned off or adjusted with configuration settings 'akka.log-dead-letters' and 'akka.log-dead-letters-during-shutdown'.
11:57:23.849 [worker-akka.actor.default-dispatcher-2] INFO  a.a.LocalActorRef akka://worker/user/watcher/graph0000000000/edge - Stopped
11:57:23.850 [worker-akka.actor.default-dispatcher-2] INFO  a.a.LocalActorRef akka://worker/user/watcher/graph0000000000/graph/local-acker - Stopped
11:57:23.851 [worker-akka.actor.default-dispatcher-2] INFO  a.a.LocalActorRef akka://worker/user/watcher/graph0000000000/graph - Stopped
11:57:23.853 [worker-akka.actor.default-dispatcher-2] INFO  a.a.LocalActorRef akka://worker/user/watcher/graph0000000000 - Stopped
11:57:23.858 [worker-akka.actor.default-dispatcher-2-EventThread] INFO  o.a.z.ClientCnxn  - EventThread shut down for session: 0x161b82d7c4f000c
11:57:23.859 [worker-akka.actor.default-dispatcher-2] INFO  o.a.z.ZooKeeper  - Session: 0x161b82d7c4f000c closed
11:57:23.859 [worker-akka.actor.default-dispatcher-2] INFO  a.a.LocalActorRef akka://worker/user/watcher/graph0000000000/graph/local-acker/$a - Message [com.spbsu.flamestream.runtime.utils.akka.PingActor$Stop] from Actor[akka://worker/user/watcher/graph0000000000/graph/local-acker#-1935438612] to Actor[akka://worker/user/watcher/graph0000000000/graph/local-acker/$a#-1064087419] was not delivered. [2] dead letters encountered. This logging can be turned off or adjusted with configuration settings 'akka.log-dead-letters' and 'akka.log-dead-letters-during-shutdown'.
11:57:23.860 [worker-akka.actor.default-dispatcher-2] INFO  a.a.LocalActorRef akka://worker/user/watcher/graph0000000000/graph/local-acker - Message [com.spbsu.flamestream.runtime.acker.LocalAcker$Flush] from Actor[akka://worker/user/watcher/graph0000000000/graph/local-acker#-1935438612] to Actor[akka://worker/user/watcher/graph0000000000/graph/local-acker#-1935438612] was not delivered. [3] dead letters encountered. This logging can be turned off or adjusted with configuration settings 'akka.log-dead-letters' and 'akka.log-dead-letters-during-shutdown'.
11:57:23.860 [worker-akka.actor.default-dispatcher-2] INFO  a.a.LocalActorRef akka://worker/user/watcher/graph0000000000/graph/local-acker - Message [com.spbsu.flamestream.runtime.acker.LocalAcker$Flush] from Actor[akka://worker/user/watcher/graph0000000000/graph/local-acker#-1935438612] to Actor[akka://worker/user/watcher/graph0000000000/graph/local-acker#-1935438612] was not delivered. [4] dead letters encountered. This logging can be turned off or adjusted with configuration settings 'akka.log-dead-letters' and 'akka.log-dead-letters-during-shutdown'.
11:57:23.861 [worker-akka.actor.default-dispatcher-2] INFO  a.a.LocalActorRef akka://worker/user/watcher/graph0000000000/graph/local-acker - Message [com.spbsu.flamestream.runtime.acker.LocalAcker$Flush] from Actor[akka://worker/user/watcher/graph0000000000/graph/local-acker#-1935438612] to Actor[akka://worker/user/watcher/graph0000000000/graph/local-acker#-1935438612] was not delivered. [5] dead letters encountered. This logging can be turned off or adjusted with configuration settings 'akka.log-dead-letters' and 'akka.log-dead-letters-during-shutdown'.
11:57:23.862 [worker-akka.actor.default-dispatcher-2] INFO  a.a.LocalActorRef akka://worker/user/watcher/graph0000000000/graph/local-acker - Message [com.spbsu.flamestream.runtime.acker.LocalAcker$Flush] from Actor[akka://worker/user/watcher/graph0000000000/graph/local-acker#-1935438612] to Actor[akka://worker/user/watcher/graph0000000000/graph/local-acker#-1935438612] was not delivered. [6] dead letters encountered. This logging can be turned off or adjusted with configuration settings 'akka.log-dead-letters' and 'akka.log-dead-letters-during-shutdown'.
11:57:23.863 [worker-akka.actor.default-dispatcher-2] INFO  a.a.LocalActorRef akka://worker/user/watcher/graph0000000000/graph/local-acker - Message [com.spbsu.flamestream.runtime.acker.LocalAcker$Flush] from Actor[akka://worker/user/watcher/graph0000000000/graph/local-acker#-1935438612] to Actor[akka://worker/user/watcher/graph0000000000/graph/local-acker#-1935438612] was not delivered. [7] dead letters encountered. This logging can be turned off or adjusted with configuration settings 'akka.log-dead-letters' and 'akka.log-dead-letters-during-shutdown'.
11:57:23.863 [worker-akka.actor.default-dispatcher-2] INFO  a.a.LocalActorRef akka://worker/user/watcher/graph0000000000/graph/local-acker - Message [com.spbsu.flamestream.runtime.acker.LocalAcker$Flush] from Actor[akka://worker/user/watcher/graph0000000000/graph/local-acker#-1935438612] to Actor[akka://worker/user/watcher/graph0000000000/graph/local-acker#-1935438612] was not delivered. [8] dead letters encountered. This logging can be turned off or adjusted with configuration settings 'akka.log-dead-letters' and 'akka.log-dead-letters-during-shutdown'.
11:57:23.863 [worker-akka.actor.default-dispatcher-2] INFO  a.a.LocalActorRef akka://worker/user/watcher/graph0000000000/graph/local-acker - Message [com.spbsu.flamestream.runtime.acker.LocalAcker$Flush] from Actor[akka://worker/user/watcher/graph0000000000/graph/local-acker#-1935438612] to Actor[akka://worker/user/watcher/graph0000000000/graph/local-acker#-1935438612] was not delivered. [9] dead letters encountered. This logging can be turned off or adjusted with configuration settings 'akka.log-dead-letters' and 'akka.log-dead-letters-during-shutdown'.
11:57:23.864 [worker-akka.actor.default-dispatcher-2] INFO  a.a.LocalActorRef akka://worker/user/watcher/graph0000000000/graph/local-acker - Message [com.spbsu.flamestream.runtime.acker.LocalAcker$Flush] from Actor[akka://worker/user/watcher/graph0000000000/graph/local-acker#-1935438612] to Actor[akka://worker/user/watcher/graph0000000000/graph/local-acker#-1935438612] was not delivered. [10] dead letters encountered. This logging can be turned off or adjusted with configuration settings 'akka.log-dead-letters' and 'akka.log-dead-letters-during-shutdown'.
11:57:23.864 [worker-akka.actor.default-dispatcher-2] INFO  a.a.RepointableActorRef akka://worker/user/watcher - Stopped
11:57:23.879 [worker-akka.actor.default-dispatcher-2] INFO  a.r.RemoteActorRefProvider$RemotingTerminator akka://worker@172.31.47.83:5412/system/remoting-terminator - Shutting down remote daemon.
11:57:23.882 [worker-akka.actor.default-dispatcher-2] INFO  a.r.RemoteActorRefProvider$RemotingTerminator akka://worker@172.31.47.83:5412/system/remoting-terminator - Remote daemon shut down; proceeding with flushing remote transports.
11:57:25.016 [worker-akka.actor.default-dispatcher-2] INFO  a.r.RemoteActorRefProvider$RemotingTerminator akka://worker@172.31.47.83:5412/system/remoting-terminator - Remoting shut down.
Attempts of event 'sink-receive' - 585768
Attempts of event 'sink-send' - 576908
Heap
 def new generation   total 153600K, used 119603K [0x00000000e0c00000, 0x00000000eb2a0000, 0x00000000eb2a0000)
  eden space 136576K,  79% used [0x00000000e0c00000, 0x00000000e7631b20, 0x00000000e9160000)
  from space 17024K,  63% used [0x00000000e9160000, 0x00000000e9bfb460, 0x00000000ea200000)
  to   space 17024K,   0% used [0x00000000ea200000, 0x00000000ea200000, 0x00000000eb2a0000)
 tenured generation   total 341376K, used 97271K [0x00000000eb2a0000, 0x0000000100000000, 0x0000000100000000)
   the space 341376K,  28% used [0x00000000eb2a0000, 0x00000000f119de60, 0x00000000f119e000, 0x0000000100000000)
 Metaspace       used 33478K, capacity 34234K, committed 34432K, reserved 1079296K
  class space    used 4452K, capacity 4624K, committed 4736K, reserved 1048576K
