14:34:38,178 |-INFO in ch.qos.logback.classic.LoggerContext[default] - Could NOT find resource [logback-test.xml]
14:34:38,178 |-INFO in ch.qos.logback.classic.LoggerContext[default] - Could NOT find resource [logback.groovy]
14:34:38,178 |-INFO in ch.qos.logback.classic.LoggerContext[default] - Found resource [logback.xml] at [jar:file:/opt/flamestream/lib/flamestream-runtime-1.0-SNAPSHOT.jar!/logback.xml]
14:34:38,179 |-WARN in ch.qos.logback.classic.LoggerContext[default] - Resource [logback.xml] occurs multiple times on the classpath.
14:34:38,179 |-WARN in ch.qos.logback.classic.LoggerContext[default] - Resource [logback.xml] occurs at [jar:file:/opt/flamestream/flamestream-runtime-1.0-SNAPSHOT.jar!/logback.xml]
14:34:38,179 |-WARN in ch.qos.logback.classic.LoggerContext[default] - Resource [logback.xml] occurs at [jar:file:/opt/flamestream/lib/flamestream-runtime-1.0-SNAPSHOT.jar!/logback.xml]
14:34:38,201 |-INFO in ch.qos.logback.core.joran.spi.ConfigurationWatchList@69b794e2 - URL [jar:file:/opt/flamestream/lib/flamestream-runtime-1.0-SNAPSHOT.jar!/logback.xml] is not of type file
14:34:38,281 |-INFO in ch.qos.logback.classic.joran.action.ConfigurationAction - debug attribute not set
14:34:38,282 |-INFO in ch.qos.logback.core.joran.action.AppenderAction - About to instantiate appender of type [ch.qos.logback.core.ConsoleAppender]
14:34:38,288 |-INFO in ch.qos.logback.core.joran.action.AppenderAction - Naming appender as [STDOUT]
14:34:38,295 |-INFO in ch.qos.logback.core.joran.action.NestedComplexPropertyIA - Assuming default type [ch.qos.logback.classic.encoder.PatternLayoutEncoder] for [encoder] property
14:34:38,344 |-INFO in ch.qos.logback.core.joran.action.AppenderAction - About to instantiate appender of type [ch.qos.logback.core.rolling.RollingFileAppender]
14:34:38,346 |-INFO in ch.qos.logback.core.joran.action.AppenderAction - Naming appender as [FILE]
14:34:38,362 |-INFO in c.q.l.core.rolling.TimeBasedRollingPolicy@1059063940 - No compression will be used
14:34:38,363 |-INFO in c.q.l.core.rolling.TimeBasedRollingPolicy@1059063940 - Will use the pattern /tmp/application_%d{yyyy-MM-dd}.%i.log for the active file
14:34:38,365 |-INFO in ch.qos.logback.core.rolling.SizeAndTimeBasedFNATP@4d339552 - The date pattern is 'yyyy-MM-dd' from file name pattern '/tmp/application_%d{yyyy-MM-dd}.%i.log'.
14:34:38,365 |-INFO in ch.qos.logback.core.rolling.SizeAndTimeBasedFNATP@4d339552 - Roll-over at midnight.
14:34:38,372 |-INFO in ch.qos.logback.core.rolling.SizeAndTimeBasedFNATP@4d339552 - Setting initial period to Mon Mar 26 13:53:04 UTC 2018
14:34:38,372 |-WARN in ch.qos.logback.core.rolling.SizeAndTimeBasedFNATP@4d339552 - SizeAndTimeBasedFNATP is deprecated. Use SizeAndTimeBasedRollingPolicy instead
14:34:38,372 |-WARN in ch.qos.logback.core.rolling.SizeAndTimeBasedFNATP@4d339552 - For more information see http://logback.qos.ch/manual/appenders.html#SizeAndTimeBasedRollingPolicy
14:34:38,376 |-INFO in ch.qos.logback.core.joran.action.NestedComplexPropertyIA - Assuming default type [ch.qos.logback.classic.encoder.PatternLayoutEncoder] for [encoder] property
14:34:38,381 |-INFO in ch.qos.logback.core.rolling.RollingFileAppender[FILE] - Active log file name: /tmp/application.log
14:34:38,381 |-INFO in ch.qos.logback.core.rolling.RollingFileAppender[FILE] - File property is set to [/tmp/application.log]
14:34:38,382 |-INFO in ch.qos.logback.classic.joran.action.RootLoggerAction - Setting level of ROOT logger to INFO
14:34:38,382 |-INFO in ch.qos.logback.core.joran.action.AppenderRefAction - Attaching appender named [STDOUT] to Logger[ROOT]
14:34:38,382 |-INFO in ch.qos.logback.core.joran.action.AppenderRefAction - Attaching appender named [FILE] to Logger[ROOT]
14:34:38,382 |-INFO in ch.qos.logback.classic.joran.action.ConfigurationAction - End of configuration.
14:34:38,383 |-INFO in ch.qos.logback.classic.joran.JoranConfigurator@f0f2775 - Registering current configuration as safe fallback point

14:34:38.386 [main] INFO  c.s.f.r.a.WorkerApplication  - Starting worker with id: '10.0.0.13', host: '10.0.0.13:5412', zkString: '10.0.0.132:2181'
14:34:39.240 [worker-akka.actor.default-dispatcher-6] INFO  a.e.s.Slf4jLogger  - Slf4jLogger started
2018-03-26T14:34:39.381+0000: 1.786: [Full GC (Metadata GC Threshold) 2018-03-26T14:34:39.381+0000: 1.786: [Tenured: 0K->15853K(341376K), 0.0407874 secs] 134112K->15853K(494976K), [Metaspace: 20944K->20944K(1067008K)], 0.0408698 secs] [Times: user=0.04 sys=0.00, real=0.05 secs] 
Ama winner
Ama winner
14:34:39.783 [worker-akka.actor.default-dispatcher-6] INFO  a.r.a.ArteryTransport(akka://worker) akka.remote.artery.ArteryTransport(akka://worker) - Started embedded media driver in directory [/dev/shm/aeron-root-worker-c6781b76-d52f-4a44-856e-5509706a15e5]
14:34:39.964 [worker-akka.actor.default-dispatcher-6] INFO  a.r.a.ArteryTransport(akka://worker) akka.remote.artery.ArteryTransport(akka://worker) - Remoting started; listening on address: [akka://worker@10.0.0.13:5412] with UID [-2030021805743468134]
14:34:40.019 [worker-akka.actor.default-dispatcher-2] INFO  a.a.RepointableActorRef akka://worker/user/watcher - Starting...
14:34:40.031 [worker-akka.actor.default-dispatcher-6] INFO  o.a.z.ZooKeeper  - Client environment:zookeeper.version=3.4.9-1757313, built on 08/23/2016 06:50 GMT
14:34:40.031 [worker-akka.actor.default-dispatcher-6] INFO  o.a.z.ZooKeeper  - Client environment:host.name=localhost
14:34:40.031 [worker-akka.actor.default-dispatcher-6] INFO  o.a.z.ZooKeeper  - Client environment:java.version=1.8.0_151
14:34:40.031 [worker-akka.actor.default-dispatcher-6] INFO  o.a.z.ZooKeeper  - Client environment:java.vendor=Oracle Corporation
14:34:40.031 [worker-akka.actor.default-dispatcher-6] INFO  o.a.z.ZooKeeper  - Client environment:java.home=/usr/lib/jvm/java-8-openjdk-amd64/jre
14:34:40.032 [worker-akka.actor.default-dispatcher-6] INFO  o.a.z.ZooKeeper  - Client environment:java.class.path=lib/commons-cli-1.4.jar:lib/minlog-1.3.0.jar:lib/asm-5.0.4.jar:lib/hadoop-annotations-2.7.3.jar:lib/hadoop-auth-2.7.3.jar:lib/akka-slf4j_2.11-2.5.6.jar:lib/jersey-core-1.9.jar:lib/lz4-1.3.0.jar:lib/jackson-core-asl-1.9.13.jar:lib/aeron-client-1.3.0.jar:lib/htrace-core-3.1.0-incubating.jar:lib/xz-1.0.jar:lib/commons-httpclient-3.1.jar:lib/asm-3.1.jar:lib/commons-lang3-3.4.jar:lib/scala-library-2.11.11.jar:lib/scala-java8-compat_2.11-0.7.0.jar:lib/commons-configuration-1.6.jar:lib/objenesis-2.1.jar:lib/jackson-annotations-2.8.0.jar:lib/jsr305-3.0.0.jar:lib/curator-framework-2.7.1.jar:lib/jersey-server-1.9.jar:lib/jets3t-0.9.0.jar:lib/leveldb-0.7.jar:lib/jetty-6.1.26.jar:lib/stax-api-1.0-2.jar:lib/flamestream-core-1.0-SNAPSHOT.jar:lib/reflectasm-1.07-shaded.jar:lib/apacheds-kerberos-codec-2.0.0-M15.jar:lib/api-asn1-api-1.0.0-M20.jar:lib/commons-lang-2.6.jar:lib/commons-beanutils-1.7.0.jar:lib/jackson-xc-1.8.3.jar:lib/jetty-util-6.1.26.jar:lib/logback-classic-1.2.3.jar:lib/jool-0.9.12.jar:lib/httpcore-4.1.2.jar:lib/kryo-4.0.0.jar:lib/ant-1.8.1.jar:lib/jaxb-impl-2.2.3-1.jar:lib/jersey-json-1.9.jar:lib/commons-compress-1.4.1.jar:lib/leveldbjni-all-1.8.jar:lib/paranamer-2.3.jar:lib/jackson-core-2.8.4.jar:lib/commons-math3-3.6.1.jar:lib/scala-parser-combinators_2.11-1.0.4.jar:lib/netty-3.10.6.Final.jar:lib/trove4j-3.0.3.jar:lib/jaxb-api-2.2.2.jar:lib/logback-core-1.2.3.jar:lib/snappy-java-1.0.4.1.jar:lib/protobuf-java-2.5.0.jar:lib/reactive-streams-1.0.1.jar:lib/flamestream-examples-1.0-SNAPSHOT.jar:lib/commons-codec-1.4.jar:lib/activation-1.1.jar:lib/commons-net-3.1.jar:lib/curator-recipes-2.7.1.jar:lib/jackson-mapper-asl-1.9.13.jar:lib/jackson-databind-2.8.4.jar:lib/flamestream-runtime-1.0-SNAPSHOT.jar:lib/jackson-jaxrs-1.8.3.jar:lib/slf4j-api-1.7.24.jar:lib/akka-remote_2.11-2.5.6.jar:lib/akka-testkit_2.11-2.5.6.jar:lib/jline-0.9.94.jar:lib/jedis-2.9.0.jar:lib/akka-stream_2.11-2.5.6.jar:lib/jsp-api-2.1.jar:lib/kryonet-2.21.jar:lib/akka-kryo-serialization_2.11-0.5.0.jar:lib/config-1.3.1.jar:lib/ant-launcher-1.8.1.jar:lib/commons-logging-1.2.jar:lib/ssl-config-core_2.11-0.2.2.jar:lib/testng-6.10.jar:lib/leveldb-api-0.7.jar:lib/reflectasm-1.11.3.jar:lib/jcommander-1.48.jar:lib/commons-1.1.jar:lib/commons-digester-1.8.jar:lib/minlog-1.2.jar:lib/java-xmlbuilder-0.4.jar:lib/jettison-1.1.jar:lib/gson-2.2.4.jar:lib/jdk.tools-1.8.jar:lib/aeron-driver-1.3.0.jar:lib/zookeeper-3.4.9.jar:lib/commons-beanutils-core-1.8.0.jar:lib/commons-math3-3.1.1.jar:lib/akka-actor_2.11-2.5.6.jar:lib/curator-client-2.7.1.jar:lib/servlet-api-2.5.jar:lib/commons-pool2-2.4.2.jar:lib/apacheds-i18n-2.0.0-M15.jar:lib/commons-io-2.4.jar:lib/commons-codec-1.6.jar:lib/akka-protobuf_2.11-2.5.6.jar:lib/jdom-2.0.2.jar:lib/rocksdbjni-5.5.1.jar:lib/api-util-1.0.0-M20.jar:lib/hadoop-common-2.7.3.jar:lib/agrona-0.9.6.jar:lib/xmlenc-0.52.jar:lib/guava-21.0.jar:lib/commons-collections-3.2.2.jar:lib/avro-1.7.4.jar:lib/httpclient-4.1.2.jar:lib/flamestream-core-1.0-SNAPSHOT-tests.jar:lib/annotations-12.0.jar:lib/jsch-0.1.42.jar:flamestream-runtime-1.0-SNAPSHOT.jar
14:34:40.032 [worker-akka.actor.default-dispatcher-6] INFO  o.a.z.ZooKeeper  - Client environment:java.library.path=/usr/java/packages/lib/amd64:/usr/lib/x86_64-linux-gnu/jni:/lib/x86_64-linux-gnu:/usr/lib/x86_64-linux-gnu:/usr/lib/jni:/lib:/usr/lib
14:34:40.032 [worker-akka.actor.default-dispatcher-6] INFO  o.a.z.ZooKeeper  - Client environment:java.io.tmpdir=/tmp
14:34:40.032 [worker-akka.actor.default-dispatcher-6] INFO  o.a.z.ZooKeeper  - Client environment:java.compiler=<NA>
14:34:40.032 [worker-akka.actor.default-dispatcher-6] INFO  o.a.z.ZooKeeper  - Client environment:os.name=Linux
14:34:40.032 [worker-akka.actor.default-dispatcher-6] INFO  o.a.z.ZooKeeper  - Client environment:os.arch=amd64
14:34:40.033 [worker-akka.actor.default-dispatcher-6] INFO  o.a.z.ZooKeeper  - Client environment:os.version=4.4.0-1049-aws
14:34:40.034 [worker-akka.actor.default-dispatcher-6] INFO  o.a.z.ZooKeeper  - Client environment:user.name=root
14:34:40.034 [worker-akka.actor.default-dispatcher-6] INFO  o.a.z.ZooKeeper  - Client environment:user.home=/root
14:34:40.034 [worker-akka.actor.default-dispatcher-6] INFO  o.a.z.ZooKeeper  - Client environment:user.dir=/opt/flamestream
14:34:40.036 [worker-akka.actor.default-dispatcher-6] INFO  o.a.z.ZooKeeper  - Initiating client connection, connectString=10.0.0.132:2181 sessionTimeout=5000 watcher=com.spbsu.flamestream.runtime.application.LifecycleWatcher$$Lambda$30/259833073@3172696
14:34:40.071 [worker-akka.actor.default-dispatcher-6-SendThread(10.0.0.132:2181)] INFO  o.a.z.ClientCnxn  - Opening socket connection to server 10.0.0.132/10.0.0.132:2181. Will not attempt to authenticate using SASL (unknown error)
14:34:40.083 [worker-akka.actor.default-dispatcher-6-SendThread(10.0.0.132:2181)] INFO  o.a.z.ClientCnxn  - Socket connection established to 10.0.0.132/10.0.0.132:2181, initiating session
14:34:40.091 [worker-akka.actor.default-dispatcher-6-SendThread(10.0.0.132:2181)] INFO  o.a.z.ClientCnxn  - Session establishment complete on server 10.0.0.132/10.0.0.132:2181, sessionid = 0x16262bac5490005, negotiated timeout = 6000
14:34:40.099 [worker-akka.actor.default-dispatcher-2] INFO  a.a.RepointableActorRef akka://worker/user/watcher - Initializing rocksDB backend
14:34:40.272 [worker-akka.actor.default-dispatcher-2] INFO  a.a.RepointableActorRef akka://worker/user/watcher - Connected to ZK
14:34:49.250 [worker-akka.actor.default-dispatcher-2] INFO  a.a.RepointableActorRef akka://worker/user/watcher - Creating node with watchGraphs: 'com.spbsu.flamestream.core.Graph$Builder$MyGraph@b6a42ed', config: 'ClusterConfig{paths={10.0.0.51=akka://worker@10.0.0.51:5412/user/watcher/graph, 10.0.0.118=akka://worker@10.0.0.118:5412/user/watcher/graph, 10.0.0.49=akka://worker@10.0.0.49:5412/user/watcher/graph, 10.0.0.48=akka://worker@10.0.0.48:5412/user/watcher/graph, 10.0.0.14=akka://worker@10.0.0.14:5412/user/watcher/graph, 10.0.0.197=akka://worker@10.0.0.197:5412/user/watcher/graph, 10.0.0.13=akka://worker@10.0.0.13:5412/user/watcher/graph, 10.0.0.166=akka://worker@10.0.0.166:5412/user/watcher/graph, 10.0.0.64=akka://worker@10.0.0.64:5412/user/watcher/graph, 10.0.0.97=akka://worker@10.0.0.97:5412/user/watcher/graph}, ackerLocation='10.0.0.166', props=ComputationLayout{hashGroups={10.0.0.51=com.spbsu.flamestream.runtime.config.HashGroup@1ffe1b9d, 10.0.0.118=com.spbsu.flamestream.runtime.config.HashGroup@5d5c21bc, 10.0.0.49=com.spbsu.flamestream.runtime.config.HashGroup@56dcaf5d, 10.0.0.48=com.spbsu.flamestream.runtime.config.HashGroup@c65a7748, 10.0.0.14=com.spbsu.flamestream.runtime.config.HashGroup@231425fe, 10.0.0.197=com.spbsu.flamestream.runtime.config.HashGroup@fbc82752, 10.0.0.13=com.spbsu.flamestream.runtime.config.HashGroup@ccbcd570, 10.0.0.166=com.spbsu.flamestream.runtime.config.HashGroup@c01f, 10.0.0.64=com.spbsu.flamestream.runtime.config.HashGroup@4276a447, 10.0.0.97=com.spbsu.flamestream.runtime.config.HashGroup@3fc198ed}}}'
14:34:50.080 [worker-akka.actor.default-dispatcher-6] INFO  a.a.LocalActorRef akka://worker/user/watcher/graph/graph - Starting...
14:34:50.094 [worker-akka.actor.default-dispatcher-3] INFO  a.a.LocalActorRef akka://worker/user/watcher/graph/graph/local-acker/$a - Starting...
14:34:50.099 [worker-akka.actor.default-dispatcher-6] INFO  a.a.LocalActorRef akka://worker/user/watcher/graph/graph/local-acker - Starting...
14:34:51.525 [worker-akka.actor.default-dispatcher-6] INFO  a.a.LocalActorRef akka://worker/user/watcher/graph/graph - Finishing constructor
14:34:51.526 [worker-akka.actor.default-dispatcher-5] INFO  a.a.LocalActorRef akka://worker/user/watcher/graph/negotiator - Starting...
14:34:51.528 [worker-akka.actor.default-dispatcher-7] INFO  a.a.LocalActorRef akka://worker/user/watcher/graph/edge - Starting...
14:34:51.530 [worker-akka.actor.default-dispatcher-6] INFO  a.a.LocalActorRef akka://worker/user/watcher/graph - Starting...
14:34:51.573 [worker-akka.actor.default-dispatcher-6] INFO  a.a.LocalActorRef akka://worker/user/watcher/graph/negotiator - Requesting ticket for the frontClass FlameSocketGraphDeployerFront@10.0.0.13
14:34:51.581 [worker-akka.actor.default-dispatcher-6] INFO  a.a.LocalActorRef akka://worker/user/watcher/graph/graph - Received last commit 'LastCommit{globalTime=(0000000, min@min)}'
14:34:51.602 [worker-akka.actor.default-dispatcher-5] INFO  a.a.LocalActorRef akka://worker/user/watcher/graph/edge/FlameSocketGraphDeployerFront - Starting...
14:34:51.605 [worker-akka.actor.default-dispatcher-7] INFO  c.s.f.r.e.s.SocketRear  - FlameSocketGraphDeployerRear@10.0.0.13: connecting to 10.0.0.132:5678
14:34:51.619 [worker-akka.actor.default-dispatcher-7] INFO  c.s.f.r.e.s.SocketRear  - FlameSocketGraphDeployerRear@10.0.0.13: connected to 10.0.0.132:5678
14:34:51.620 [worker-akka.actor.default-dispatcher-6] INFO  a.a.LocalActorRef akka://worker/user/watcher/graph/edge/FlameSocketGraphDeployerRear - Starting...
14:34:51.659 [worker-akka.actor.default-dispatcher-7] INFO  a.a.LocalActorRef akka://worker/user/watcher/graph/graph/$a - Starting...
14:34:51.666 [worker-akka.actor.default-dispatcher-7] INFO  a.a.LocalActorRef akka://worker/user/watcher/graph/graph/$b - Starting...
14:34:51.684 [worker-akka.actor.default-dispatcher-7] INFO  a.a.LocalActorRef akka://worker/user/watcher/graph/graph/$c - Starting...
14:34:51.713 [worker-akka.actor.default-dispatcher-7] INFO  a.a.LocalActorRef akka://worker/user/watcher/graph/graph/$c - Attached rear to graph (-9223372036854775808, min@min)
14:34:51.908 [worker-akka.actor.default-dispatcher-7] INFO  a.a.LocalActorRef akka://worker/user/watcher/graph/negotiator - Ticket for the frontClass received: FrontTicket{allowedTimestamp=(0000000, FlameSocketGraphDeployerFront@10.0.0.13)}
14:34:51.909 [worker-akka.actor.default-dispatcher-7] INFO  c.s.f.r.e.s.SocketFront  - FlameSocketGraphDeployerFront@10.0.0.13: connecting to 10.0.0.132:4567
14:34:51.922 [Client] INFO  c.s.f.r.e.s.SocketFront  - FlameSocketGraphDeployerFront@10.0.0.13 has been disconnected from Connection 8
2018-03-26T14:34:56.411+0000: 18.816: [GC (Allocation Failure) 2018-03-26T14:34:56.411+0000: 18.816: [DefNew: 136576K->15856K(153600K), 0.0256731 secs] 152429K->51240K(494976K), 0.0257445 secs] [Times: user=0.02 sys=0.00, real=0.03 secs] 
2018-03-26T14:35:06.879+0000: 29.283: [GC (Allocation Failure) 2018-03-26T14:35:06.879+0000: 29.283: [DefNew: 152432K->6351K(153600K), 0.0195431 secs] 187816K->49700K(494976K), 0.0196051 secs] [Times: user=0.02 sys=0.00, real=0.02 secs] 
2018-03-26T14:35:18.750+0000: 41.155: [GC (Allocation Failure) 2018-03-26T14:35:18.750+0000: 41.155: [DefNew: 142927K->10344K(153600K), 0.0144443 secs] 186276K->53693K(494976K), 0.0145130 secs] [Times: user=0.01 sys=0.00, real=0.02 secs] 
2018-03-26T14:35:28.349+0000: 50.753: [GC (Allocation Failure) 2018-03-26T14:35:28.349+0000: 50.753: [DefNew: 146920K->10973K(153600K), 0.0212367 secs] 190269K->56612K(494976K), 0.0213063 secs] [Times: user=0.02 sys=0.00, real=0.02 secs] 
2018-03-26T14:35:37.358+0000: 59.763: [GC (Allocation Failure) 2018-03-26T14:35:37.358+0000: 59.763: [DefNew: 147549K->17023K(153600K), 0.0219504 secs] 193188K->64548K(494976K), 0.0220144 secs] [Times: user=0.03 sys=0.00, real=0.02 secs] 
2018-03-26T14:35:45.240+0000: 67.644: [GC (Allocation Failure) 2018-03-26T14:35:45.240+0000: 67.644: [DefNew: 153599K->5513K(153600K), 0.0200661 secs] 201124K->64630K(494976K), 0.0201364 secs] [Times: user=0.02 sys=0.01, real=0.02 secs] 
2018-03-26T14:35:54.354+0000: 76.758: [GC (Allocation Failure) 2018-03-26T14:35:54.354+0000: 76.758: [DefNew: 141278K->7916K(153600K), 0.0157524 secs] 200394K->67033K(494976K), 0.0158225 secs] [Times: user=0.01 sys=0.00, real=0.01 secs] 
2018-03-26T14:36:02.353+0000: 84.757: [GC (Allocation Failure) 2018-03-26T14:36:02.353+0000: 84.757: [DefNew: 142405K->9432K(153600K), 0.0173965 secs] 201522K->68549K(494976K), 0.0174650 secs] [Times: user=0.01 sys=0.00, real=0.02 secs] 
2018-03-26T14:36:11.329+0000: 93.734: [GC (Allocation Failure) 2018-03-26T14:36:11.329+0000: 93.734: [DefNew: 146008K->8116K(153600K), 0.0178253 secs] 205125K->69006K(494976K), 0.0178932 secs] [Times: user=0.02 sys=0.00, real=0.02 secs] 
2018-03-26T14:36:21.424+0000: 103.828: [GC (Allocation Failure) 2018-03-26T14:36:21.424+0000: 103.828: [DefNew: 144692K->8827K(153600K), 0.0151925 secs] 205582K->69717K(494976K), 0.0152671 secs] [Times: user=0.02 sys=0.00, real=0.01 secs] 
2018-03-26T14:36:31.126+0000: 113.530: [GC (Allocation Failure) 2018-03-26T14:36:31.126+0000: 113.530: [DefNew: 145403K->8879K(153600K), 0.0173744 secs] 206293K->71186K(494976K), 0.0174435 secs] [Times: user=0.01 sys=0.00, real=0.02 secs] 
2018-03-26T14:36:39.332+0000: 121.737: [GC (Allocation Failure) 2018-03-26T14:36:39.332+0000: 121.737: [DefNew: 145455K->10154K(153600K), 0.0200011 secs] 207762K->73579K(494976K), 0.0200716 secs] [Times: user=0.02 sys=0.00, real=0.02 secs] 
2018-03-26T14:36:46.329+0000: 128.734: [GC (Allocation Failure) 2018-03-26T14:36:46.329+0000: 128.734: [DefNew: 146730K->15879K(153600K), 0.0195285 secs] 210155K->81770K(494976K), 0.0196029 secs] [Times: user=0.02 sys=0.00, real=0.02 secs] 
2018-03-26T14:36:54.751+0000: 137.155: [GC (Allocation Failure) 2018-03-26T14:36:54.751+0000: 137.155: [DefNew: 152455K->12179K(153600K), 0.0191729 secs] 218346K->90802K(494976K), 0.0192417 secs] [Times: user=0.01 sys=0.00, real=0.02 secs] 
2018-03-26T14:37:02.350+0000: 144.754: [GC (Allocation Failure) 2018-03-26T14:37:02.350+0000: 144.754: [DefNew: 148755K->5683K(153600K), 0.0169491 secs] 227378K->94082K(494976K), 0.0170232 secs] [Times: user=0.02 sys=0.00, real=0.02 secs] 
2018-03-26T14:37:11.055+0000: 153.459: [GC (Allocation Failure) 2018-03-26T14:37:11.055+0000: 153.459: [DefNew: 142259K->5957K(153600K), 0.0116509 secs] 230658K->94355K(494976K), 0.0117203 secs] [Times: user=0.01 sys=0.00, real=0.01 secs] 
2018-03-26T14:37:18.373+0000: 160.778: [GC (Allocation Failure) 2018-03-26T14:37:18.373+0000: 160.778: [DefNew: 141548K->9162K(153600K), 0.0164028 secs] 229947K->97561K(494976K), 0.0164776 secs] [Times: user=0.02 sys=0.00, real=0.01 secs] 
2018-03-26T14:37:26.438+0000: 168.843: [GC (Allocation Failure) 2018-03-26T14:37:26.438+0000: 168.843: [DefNew: 145738K->13897K(153600K), 0.0282706 secs] 234137K->103312K(494976K), 0.0283290 secs] [Times: user=0.02 sys=0.01, real=0.03 secs] 
2018-03-26T14:37:34.133+0000: 176.537: [GC (Allocation Failure) 2018-03-26T14:37:34.133+0000: 176.537: [DefNew: 150473K->4461K(153600K), 0.0144881 secs] 239888K->97555K(494976K), 0.0145681 secs] [Times: user=0.02 sys=0.00, real=0.02 secs] 
2018-03-26T14:37:40.494+0000: 182.899: [GC (Allocation Failure) 2018-03-26T14:37:40.494+0000: 182.899: [DefNew: 136979K->7923K(153600K), 0.0351677 secs] 230073K->101017K(494976K), 0.0352487 secs] [Times: user=0.04 sys=0.00, real=0.03 secs] 
2018-03-26T14:37:48.378+0000: 190.782: [GC (Allocation Failure) 2018-03-26T14:37:48.378+0000: 190.782: [DefNew: 142150K->9378K(153600K), 0.0167934 secs] 235244K->102471K(494976K), 0.0168666 secs] [Times: user=0.01 sys=0.00, real=0.02 secs] 
2018-03-26T14:37:55.378+0000: 197.782: [GC (Allocation Failure) 2018-03-26T14:37:55.378+0000: 197.782: [DefNew: 145666K->9630K(153600K), 0.0192749 secs] 238760K->103753K(494976K), 0.0193493 secs] [Times: user=0.02 sys=0.00, real=0.02 secs] 
2018-03-26T14:38:02.459+0000: 204.864: [GC (Allocation Failure) 2018-03-26T14:38:02.459+0000: 204.864: [DefNew: 146206K->7125K(153600K), 0.0155283 secs] 240329K->102260K(494976K), 0.0155903 secs] [Times: user=0.01 sys=0.00, real=0.02 secs] 
2018-03-26T14:38:09.521+0000: 211.925: [GC (Allocation Failure) 2018-03-26T14:38:09.521+0000: 211.925: [DefNew: 143701K->8705K(153600K), 0.0142978 secs] 238836K->103839K(494976K), 0.0143698 secs] [Times: user=0.01 sys=0.00, real=0.02 secs] 
2018-03-26T14:38:16.332+0000: 218.736: [GC (Allocation Failure) 2018-03-26T14:38:16.332+0000: 218.736: [DefNew: 145281K->9687K(153600K), 0.0176884 secs] 240415K->105894K(494976K), 0.0177608 secs] [Times: user=0.02 sys=0.00, real=0.02 secs] 
2018-03-26T14:38:22.656+0000: 225.060: [GC (Allocation Failure) 2018-03-26T14:38:22.656+0000: 225.060: [DefNew: 146263K->7691K(153600K), 0.0155303 secs] 242470K->105748K(494976K), 0.0156003 secs] [Times: user=0.02 sys=0.00, real=0.01 secs] 
2018-03-26T14:38:30.251+0000: 232.655: [GC (Allocation Failure) 2018-03-26T14:38:30.251+0000: 232.655: [DefNew: 144267K->9337K(153600K), 0.0157274 secs] 242324K->107395K(494976K), 0.0158045 secs] [Times: user=0.01 sys=0.00, real=0.02 secs] 
2018-03-26T14:38:36.384+0000: 238.788: [GC (Allocation Failure) 2018-03-26T14:38:36.384+0000: 238.788: [DefNew: 141719K->11233K(153600K), 0.0198835 secs] 239777K->110290K(494976K), 0.0199649 secs] [Times: user=0.02 sys=0.00, real=0.02 secs] 
2018-03-26T14:38:43.600+0000: 246.005: [GC (Allocation Failure) 2018-03-26T14:38:43.600+0000: 246.005: [DefNew: 147809K->6188K(153600K), 0.0278841 secs] 246866K->108836K(494976K), 0.0279627 secs] [Times: user=0.03 sys=0.00, real=0.03 secs] 
2018-03-26T14:38:50.387+0000: 252.792: [GC (Allocation Failure) 2018-03-26T14:38:50.387+0000: 252.792: [DefNew: 137035K->10045K(153600K), 0.0167831 secs] 239684K->112694K(494976K), 0.0168542 secs] [Times: user=0.02 sys=0.00, real=0.02 secs] 
2018-03-26T14:38:57.389+0000: 259.793: [GC (Allocation Failure) 2018-03-26T14:38:57.389+0000: 259.793: [DefNew: 142899K->8796K(153600K), 0.0184265 secs] 245548K->113704K(494976K), 0.0184957 secs] [Times: user=0.02 sys=0.00, real=0.02 secs] 
2018-03-26T14:39:03.495+0000: 265.899: [GC (Allocation Failure) 2018-03-26T14:39:03.495+0000: 265.899: [DefNew: 145372K->6388K(153600K), 0.0128212 secs] 250280K->112417K(494976K), 0.0128947 secs] [Times: user=0.01 sys=0.00, real=0.01 secs] 
2018-03-26T14:39:08.926+0000: 271.330: [GC (Allocation Failure) 2018-03-26T14:39:08.926+0000: 271.331: [DefNew: 142964K->7638K(153600K), 0.0125843 secs] 248993K->113667K(494976K), 0.0126604 secs] [Times: user=0.01 sys=0.00, real=0.01 secs] 
2018-03-26T14:39:15.330+0000: 277.734: [GC (Allocation Failure) 2018-03-26T14:39:15.330+0000: 277.734: [DefNew: 144214K->9561K(153600K), 0.0150735 secs] 250243K->115589K(494976K), 0.0151524 secs] [Times: user=0.02 sys=0.00, real=0.02 secs] 
2018-03-26T14:39:20.793+0000: 283.197: [GC (Allocation Failure) 2018-03-26T14:39:20.793+0000: 283.197: [DefNew: 146137K->8599K(153600K), 0.0180146 secs] 252165K->116454K(494976K), 0.0180899 secs] [Times: user=0.02 sys=0.00, real=0.02 secs] 
2018-03-26T14:39:26.400+0000: 288.804: [GC (Allocation Failure) 2018-03-26T14:39:26.400+0000: 288.804: [DefNew: 143630K->9141K(153600K), 0.0162470 secs] 251485K->117891K(494976K), 0.0163392 secs] [Times: user=0.02 sys=0.00, real=0.02 secs] 
2018-03-26T14:39:32.381+0000: 294.785: [GC (Allocation Failure) 2018-03-26T14:39:32.381+0000: 294.785: [DefNew: 145717K->12043K(153600K), 0.0210313 secs] 254467K->121934K(494976K), 0.0211019 secs] [Times: user=0.02 sys=0.00, real=0.03 secs] 
2018-03-26T14:39:37.334+0000: 299.738: [GC (Allocation Failure) 2018-03-26T14:39:37.334+0000: 299.738: [DefNew: 148619K->17024K(153600K), 0.0229553 secs] 258510K->137211K(494976K), 0.0230240 secs] [Times: user=0.02 sys=0.00, real=0.02 secs] 
2018-03-26T14:39:42.507+0000: 304.912: [GC (Allocation Failure) 2018-03-26T14:39:42.507+0000: 304.912: [DefNew: 153600K->17024K(153600K), 0.0240225 secs] 273787K->157459K(494976K), 0.0240909 secs] [Times: user=0.02 sys=0.01, real=0.02 secs] 
2018-03-26T14:39:47.398+0000: 309.802: [GC (Allocation Failure) 2018-03-26T14:39:47.398+0000: 309.802: [DefNew: 146598K->5347K(153600K), 0.0193184 secs] 287033K->162574K(494976K), 0.0194044 secs] [Times: user=0.01 sys=0.01, real=0.02 secs] 
2018-03-26T14:39:53.067+0000: 315.471: [GC (Allocation Failure) 2018-03-26T14:39:53.067+0000: 315.471: [DefNew: 141923K->7550K(153600K), 0.0120974 secs] 299150K->164778K(494976K), 0.0121694 secs] [Times: user=0.01 sys=0.00, real=0.01 secs] 
2018-03-26T14:39:58.342+0000: 320.747: [GC (Allocation Failure) 2018-03-26T14:39:58.342+0000: 320.747: [DefNew: 144126K->11097K(153600K), 0.0177277 secs] 301354K->168324K(494976K), 0.0178024 secs] [Times: user=0.02 sys=0.00, real=0.01 secs] 
2018-03-26T14:40:03.369+0000: 325.773: [GC (Allocation Failure) 2018-03-26T14:40:03.369+0000: 325.773: [DefNew: 147673K->10379K(153600K), 0.0217489 secs] 304900K->170112K(494976K), 0.0218232 secs] [Times: user=0.02 sys=0.00, real=0.02 secs] 
2018-03-26T14:40:08.880+0000: 331.285: [GC (Allocation Failure) 2018-03-26T14:40:08.880+0000: 331.285: [DefNew: 146955K->7012K(153600K), 0.0196097 secs] 306688K->168081K(494976K), 0.0196762 secs] [Times: user=0.01 sys=0.01, real=0.02 secs] 
2018-03-26T14:40:13.433+0000: 335.838: [GC (Allocation Failure) 2018-03-26T14:40:13.433+0000: 335.838: [DefNew: 135859K->8491K(153600K), 0.0122282 secs] 296928K->169560K(494976K), 0.0123065 secs] [Times: user=0.01 sys=0.00, real=0.01 secs] 
2018-03-26T14:40:18.477+0000: 340.881: [GC (Allocation Failure) 2018-03-26T14:40:18.477+0000: 340.881: [DefNew: 145067K->9564K(153600K), 0.0135783 secs] 306136K->170633K(494976K), 0.0136459 secs] [Times: user=0.02 sys=0.00, real=0.01 secs] 
2018-03-26T14:40:24.443+0000: 346.847: [GC (Allocation Failure) 2018-03-26T14:40:24.443+0000: 346.847: [DefNew: 146135K->17023K(153600K), 0.0328424 secs] 307204K->180510K(494976K), 0.0329037 secs] [Times: user=0.03 sys=0.00, real=0.03 secs] 
2018-03-26T14:40:30.118+0000: 352.522: [GC (Allocation Failure) 2018-03-26T14:40:30.118+0000: 352.522: [DefNew: 153599K->5516K(153600K), 0.0148525 secs] 317086K->173366K(494976K), 0.0149197 secs] [Times: user=0.02 sys=0.00, real=0.01 secs] 
2018-03-26T14:40:35.421+0000: 357.825: [GC (Allocation Failure) 2018-03-26T14:40:35.421+0000: 357.825: [DefNew: 142092K->16388K(153600K), 0.0245822 secs] 309942K->184239K(494976K), 0.0246441 secs] [Times: user=0.02 sys=0.01, real=0.03 secs] 
2018-03-26T14:40:41.313+0000: 363.717: [GC (Allocation Failure) 2018-03-26T14:40:41.313+0000: 363.717: [DefNew: 152964K->5694K(153600K), 0.0140074 secs] 320815K->176782K(494976K), 0.0140773 secs] [Times: user=0.01 sys=0.01, real=0.02 secs] 
2018-03-26T14:40:46.344+0000: 368.748: [GC (Allocation Failure) 2018-03-26T14:40:46.344+0000: 368.748: [DefNew: 142270K->10333K(153600K), 0.0163139 secs] 313358K->181422K(494976K), 0.0163900 secs] [Times: user=0.02 sys=0.00, real=0.01 secs] 
2018-03-26T14:40:51.865+0000: 374.270: [GC (Allocation Failure) 2018-03-26T14:40:51.865+0000: 374.270: [DefNew: 146909K->7089K(153600K), 0.0141412 secs] 317998K->180083K(494976K), 0.0142084 secs] [Times: user=0.02 sys=0.00, real=0.01 secs] 
2018-03-26T14:40:57.418+0000: 379.822: [GC (Allocation Failure) 2018-03-26T14:40:57.418+0000: 379.822: [DefNew: 143665K->11623K(153600K), 0.0345464 secs] 316659K->184617K(494976K), 0.0346160 secs] [Times: user=0.04 sys=0.00, real=0.03 secs] 
2018-03-26T14:41:02.414+0000: 384.818: [GC (Allocation Failure) 2018-03-26T14:41:02.414+0000: 384.818: [DefNew: 145420K->7738K(153600K), 0.0168972 secs] 318414K->183454K(494976K), 0.0169695 secs] [Times: user=0.02 sys=0.00, real=0.01 secs] 
2018-03-26T14:41:07.416+0000: 389.820: [GC (Allocation Failure) 2018-03-26T14:41:07.416+0000: 389.820: [DefNew: 141027K->9031K(153600K), 0.0129110 secs] 316743K->184747K(494976K), 0.0130059 secs] [Times: user=0.01 sys=0.00, real=0.01 secs] 
2018-03-26T14:41:12.417+0000: 394.822: [GC (Allocation Failure) 2018-03-26T14:41:12.417+0000: 394.822: [DefNew: 142540K->8832K(153600K), 0.0138827 secs] 318256K->185553K(494976K), 0.0139593 secs] [Times: user=0.01 sys=0.00, real=0.01 secs] 
2018-03-26T14:41:17.469+0000: 399.873: [GC (Allocation Failure) 2018-03-26T14:41:17.469+0000: 399.873: [DefNew: 145408K->11728K(153600K), 0.0377476 secs] 322129K->189807K(494976K), 0.0378272 secs] [Times: user=0.04 sys=0.00, real=0.04 secs] 
2018-03-26T14:41:22.414+0000: 404.818: [GC (Allocation Failure) 2018-03-26T14:41:22.414+0000: 404.818: [DefNew: 141667K->6920K(153600K), 0.0145984 secs] 319746K->187775K(494976K), 0.0146735 secs] [Times: user=0.02 sys=0.00, real=0.01 secs] 
2018-03-26T14:41:27.413+0000: 409.817: [GC (Allocation Failure) 2018-03-26T14:41:27.413+0000: 409.817: [DefNew: 137194K->8528K(153600K), 0.0119992 secs] 318049K->189383K(494976K), 0.0120719 secs] [Times: user=0.01 sys=0.00, real=0.02 secs] 
2018-03-26T14:41:32.409+0000: 414.814: [GC (Allocation Failure) 2018-03-26T14:41:32.409+0000: 414.814: [DefNew: 145104K->12025K(153600K), 0.0208257 secs] 325959K->193951K(494976K), 0.0209079 secs] [Times: user=0.02 sys=0.00, real=0.02 secs] 
2018-03-26T14:41:37.328+0000: 419.732: [GC (Allocation Failure) 2018-03-26T14:41:37.328+0000: 419.732: [DefNew: 148601K->5657K(153600K), 0.0150424 secs] 330527K->192343K(494976K), 0.0151144 secs] [Times: user=0.02 sys=0.00, real=0.02 secs] 
2018-03-26T14:41:42.116+0000: 424.520: [GC (Allocation Failure) 2018-03-26T14:41:42.116+0000: 424.520: [DefNew: 142233K->7622K(153600K), 0.0115279 secs] 328919K->194309K(494976K), 0.0116076 secs] [Times: user=0.01 sys=0.00, real=0.01 secs] 
2018-03-26T14:41:47.230+0000: 429.634: [GC (Allocation Failure) 2018-03-26T14:41:47.230+0000: 429.634: [DefNew: 144198K->9289K(153600K), 0.0219191 secs] 330885K->195976K(494976K), 0.0219944 secs] [Times: user=0.02 sys=0.00, real=0.02 secs] 
2018-03-26T14:41:51.452+0000: 433.856: [GC (Allocation Failure) 2018-03-26T14:41:51.452+0000: 433.856: [DefNew: 145787K->8904K(153600K), 0.0143820 secs] 332474K->196835K(494976K), 0.0144617 secs] [Times: user=0.02 sys=0.00, real=0.02 secs] 
2018-03-26T14:41:56.152+0000: 438.556: [GC (Allocation Failure) 2018-03-26T14:41:56.152+0000: 438.556: [DefNew: 145480K->9399K(153600K), 0.0145573 secs] 333411K->198479K(494976K), 0.0146316 secs] [Times: user=0.01 sys=0.00, real=0.02 secs] 
2018-03-26T14:42:00.704+0000: 443.108: [GC (Allocation Failure) 2018-03-26T14:42:00.704+0000: 443.108: [DefNew: 145975K->9039K(153600K), 0.0142596 secs] 335055K->199293K(494976K), 0.0143321 secs] [Times: user=0.01 sys=0.00, real=0.01 secs] 
2018-03-26T14:42:05.532+0000: 447.937: [GC (Allocation Failure) 2018-03-26T14:42:05.532+0000: 447.937: [DefNew: 140358K->8945K(153600K), 0.0238014 secs] 330612K->200412K(494976K), 0.0238798 secs] [Times: user=0.02 sys=0.00, real=0.03 secs] 
2018-03-26T14:42:10.431+0000: 452.835: [GC (Allocation Failure) 2018-03-26T14:42:10.431+0000: 452.835: [DefNew: 139076K->8363K(153600K), 0.0128484 secs] 330542K->201200K(494976K), 0.0129306 secs] [Times: user=0.02 sys=0.00, real=0.02 secs] 
2018-03-26T14:42:15.347+0000: 457.751: [GC (Allocation Failure) 2018-03-26T14:42:15.347+0000: 457.752: [DefNew: 144939K->11836K(153600K), 0.0166842 secs] 337776K->204674K(494976K), 0.0167571 secs] [Times: user=0.01 sys=0.00, real=0.02 secs] 
2018-03-26T14:42:19.428+0000: 461.832: [GC (Allocation Failure) 2018-03-26T14:42:19.428+0000: 461.832: [DefNew: 142158K->7926K(153600K), 0.0159084 secs] 334996K->204257K(494976K), 0.0159824 secs] [Times: user=0.01 sys=0.00, real=0.02 secs] 
2018-03-26T14:42:23.784+0000: 466.188: [GC (Allocation Failure) 2018-03-26T14:42:23.784+0000: 466.188: [DefNew: 144502K->9101K(153600K), 0.0250692 secs] 340833K->205432K(494976K), 0.0251419 secs] [Times: user=0.02 sys=0.00, real=0.02 secs] 
2018-03-26T14:42:28.425+0000: 470.830: [GC (Allocation Failure) 2018-03-26T14:42:28.425+0000: 470.830: [DefNew: 134095K->9042K(153600K), 0.0133253 secs] 330426K->206537K(494976K), 0.0133991 secs] [Times: user=0.01 sys=0.00, real=0.01 secs] 
2018-03-26T14:42:33.426+0000: 475.831: [GC (Allocation Failure) 2018-03-26T14:42:33.426+0000: 475.831: [DefNew: 145618K->12145K(153600K), 0.0203370 secs] 343113K->211024K(494976K), 0.0204081 secs] [Times: user=0.02 sys=0.00, real=0.02 secs] 
2018-03-26T14:42:38.431+0000: 480.836: [GC (Allocation Failure) 2018-03-26T14:42:38.431+0000: 480.836: [DefNew: 141326K->6318K(153600K), 0.0126457 secs] 340205K->208426K(494976K), 0.0127348 secs] [Times: user=0.02 sys=0.00, real=0.02 secs] 
2018-03-26T14:42:42.349+0000: 484.753: [GC (Allocation Failure) 2018-03-26T14:42:42.349+0000: 484.753: [DefNew: 142894K->12280K(153600K), 0.0181151 secs] 345002K->214388K(494976K), 0.0182053 secs] [Times: user=0.02 sys=0.00, real=0.02 secs] 
2018-03-26T14:42:46.872+0000: 489.277: [GC (Allocation Failure) 2018-03-26T14:42:46.872+0000: 489.277: [DefNew: 148856K->4511K(153600K), 0.0352852 secs] 350964K->212153K(494976K), 0.0353561 secs] [Times: user=0.04 sys=0.00, real=0.04 secs] 
2018-03-26T14:42:51.353+0000: 493.757: [GC (Allocation Failure) 2018-03-26T14:42:51.353+0000: 493.757: [DefNew: 141087K->10323K(153600K), 0.0161092 secs] 348729K->217965K(494976K), 0.0161824 secs] [Times: user=0.02 sys=0.00, real=0.02 secs] 
2018-03-26T14:42:56.373+0000: 498.777: [GC (Allocation Failure) 2018-03-26T14:42:56.373+0000: 498.777: [DefNew: 146899K->10670K(153600K), 0.0188577 secs] 354541K->220019K(494976K), 0.0189340 secs] [Times: user=0.02 sys=0.00, real=0.02 secs] 
2018-03-26T14:43:00.253+0000: 502.658: [GC (Allocation Failure) 2018-03-26T14:43:00.253+0000: 502.658: [DefNew: 147246K->8117K(153600K), 0.0143232 secs] 356595K->219296K(494976K), 0.0144105 secs] [Times: user=0.01 sys=0.00, real=0.02 secs] 
2018-03-26T14:43:04.432+0000: 506.837: [GC (Allocation Failure) 2018-03-26T14:43:04.432+0000: 506.837: [DefNew: 143786K->9495K(153600K), 0.0121369 secs] 354965K->220675K(494976K), 0.0122102 secs] [Times: user=0.01 sys=0.00, real=0.02 secs] 
2018-03-26T14:43:09.351+0000: 511.755: [GC (Allocation Failure) 2018-03-26T14:43:09.351+0000: 511.755: [DefNew: 146071K->12631K(153600K), 0.0191548 secs] 357251K->224828K(494976K), 0.0192343 secs] [Times: user=0.02 sys=0.00, real=0.02 secs] 
2018-03-26T14:43:13.557+0000: 515.961: [GC (Allocation Failure) 2018-03-26T14:43:13.557+0000: 515.961: [DefNew: 137242K->6524K(153600K), 0.0331303 secs] 349439K->222726K(494976K), 0.0332023 secs] [Times: user=0.03 sys=0.01, real=0.03 secs] 
2018-03-26T14:43:17.460+0000: 519.865: [GC (Allocation Failure) 2018-03-26T14:43:17.460+0000: 519.865: [DefNew: 139762K->8701K(153600K), 0.0121997 secs] 355965K->224904K(494976K), 0.0122682 secs] [Times: user=0.02 sys=0.00, real=0.01 secs] 
2018-03-26T14:43:21.436+0000: 523.840: [GC (Allocation Failure) 2018-03-26T14:43:21.436+0000: 523.840: [DefNew: 136911K->9459K(153600K), 0.0143538 secs] 353113K->226792K(494976K), 0.0144296 secs] [Times: user=0.00 sys=0.01, real=0.01 secs] 
2018-03-26T14:43:25.457+0000: 527.861: [GC (Allocation Failure) 2018-03-26T14:43:25.457+0000: 527.861: [DefNew: 134778K->9177K(153600K), 0.0132808 secs] 352111K->227638K(494976K), 0.0133526 secs] [Times: user=0.01 sys=0.00, real=0.01 secs] 
2018-03-26T14:43:29.444+0000: 531.849: [GC (Allocation Failure) 2018-03-26T14:43:29.445+0000: 531.849: [DefNew: 134522K->8895K(153600K), 0.0136117 secs] 352982K->228840K(494976K), 0.0136951 secs] [Times: user=0.02 sys=0.00, real=0.01 secs] 
14:43:29.786 [Client] INFO  c.s.f.r.e.s.SocketRear  - FlameSocketGraphDeployerRear@10.0.0.13: has been disconnected from Connection 8
14:43:41.189 [worker-akka.actor.default-dispatcher-2] INFO  a.a.CoordinatedShutdown CoordinatedShutdown(akka://worker) - Starting coordinated shutdown from JVM shutdown hook
14:43:41.205 [worker-akka.actor.default-dispatcher-3] INFO  a.a.LocalActorRef akka://worker/user/watcher/graph/negotiator - Stopped
14:43:41.206 [worker-akka.actor.default-dispatcher-3] INFO  a.a.LocalActorRef akka://worker/user/watcher/graph/edge/FlameSocketGraphDeployerFront - Stopped
14:43:41.206 [worker-akka.actor.default-dispatcher-3] INFO  a.a.LocalActorRef akka://worker/user/watcher/graph/edge/FlameSocketGraphDeployerRear - Stopped
14:43:41.207 [worker-akka.actor.default-dispatcher-14] INFO  a.a.LocalActorRef akka://worker/user/watcher/graph/edge - Stopped
14:43:41.207 [worker-akka.actor.default-dispatcher-14] INFO  a.a.LocalActorRef akka://worker/user/watcher/graph/graph/$a - Stopped
14:43:41.208 [worker-akka.actor.default-dispatcher-14] INFO  a.a.LocalActorRef akka://worker/user/watcher/graph/graph/$b - Stopped
14:43:41.208 [worker-akka.actor.default-dispatcher-14] INFO  a.a.LocalActorRef akka://worker/user/watcher/graph/graph/$c - Stopped
14:43:41.209 [worker-akka.actor.default-dispatcher-15] INFO  a.a.LocalActorRef akka://worker/user/watcher/graph/graph/local-acker/$a - Stopped
14:43:41.211 [worker-akka.actor.default-dispatcher-17] INFO  a.a.LocalActorRef akka://worker/user/watcher/graph/graph/local-acker/$a - Message [com.spbsu.flamestream.runtime.utils.akka.PingActor$InnerPing] from Actor[akka://worker/user/watcher/graph/graph/local-acker/$a#-1752606747] to Actor[akka://worker/user/watcher/graph/graph/local-acker/$a#-1752606747] was not delivered. [1] dead letters encountered. This logging can be turned off or adjusted with configuration settings 'akka.log-dead-letters' and 'akka.log-dead-letters-during-shutdown'.
14:43:41.213 [worker-akka.actor.default-dispatcher-7] INFO  a.a.LocalActorRef akka://worker/user/watcher/graph/graph/local-acker - Stopped
14:43:41.213 [worker-akka.actor.default-dispatcher-7] INFO  a.a.LocalActorRef akka://worker/user/watcher/graph/graph - Stopped
14:43:41.213 [worker-akka.actor.default-dispatcher-7] INFO  a.a.LocalActorRef akka://worker/user/watcher/graph/graph/local-acker/$a - Message [com.spbsu.flamestream.runtime.utils.akka.PingActor$Stop] from Actor[akka://worker/user/watcher/graph/graph/local-acker#-811271320] to Actor[akka://worker/user/watcher/graph/graph/local-acker/$a#-1752606747] was not delivered. [2] dead letters encountered. This logging can be turned off or adjusted with configuration settings 'akka.log-dead-letters' and 'akka.log-dead-letters-during-shutdown'.
14:43:41.215 [worker-akka.actor.default-dispatcher-5] INFO  a.a.LocalActorRef akka://worker/user/watcher/graph - Stopped
14:43:41.216 [worker-akka.actor.default-dispatcher-3] INFO  a.a.RepointableActorRef akka://worker/user/watcher - Stopped
14:43:41.218 [worker-akka.actor.default-dispatcher-6-EventThread] INFO  o.a.z.ClientCnxn  - EventThread shut down for session: 0x16262bac5490005
14:43:41.219 [worker-akka.actor.default-dispatcher-5] INFO  o.a.z.ZooKeeper  - Session: 0x16262bac5490005 closed
14:43:41.227 [worker-akka.actor.default-dispatcher-19] INFO  a.r.RemoteActorRefProvider$RemotingTerminator akka://worker@10.0.0.13:5412/system/remoting-terminator - Shutting down remote daemon.
14:43:41.228 [worker-akka.actor.default-dispatcher-19] INFO  a.r.RemoteActorRefProvider$RemotingTerminator akka://worker@10.0.0.13:5412/system/remoting-terminator - Remote daemon shut down; proceeding with flushing remote transports.
14:43:41.357 [worker-akka.actor.default-dispatcher-18] INFO  a.r.RemoteActorRefProvider$RemotingTerminator akka://worker@10.0.0.13:5412/system/remoting-terminator - Remoting shut down.
Heap
 def new generation   total 153600K, used 60042K [0x00000000e0c00000, 0x00000000eb2a0000, 0x00000000eb2a0000)
  eden space 136576K,  37% used [0x00000000e0c00000, 0x00000000e3df2ec8, 0x00000000e9160000)
  from space 17024K,  52% used [0x00000000e9160000, 0x00000000e9a0fca8, 0x00000000ea200000)
  to   space 17024K,   0% used [0x00000000ea200000, 0x00000000ea200000, 0x00000000eb2a0000)
 tenured generation   total 341376K, used 219945K [0x00000000eb2a0000, 0x0000000100000000, 0x0000000100000000)
   the space 341376K,  64% used [0x00000000eb2a0000, 0x00000000f896a618, 0x00000000f896a800, 0x0000000100000000)
 Metaspace       used 34027K, capacity 34906K, committed 35200K, reserved 1079296K
  class space    used 4480K, capacity 4668K, committed 4736K, reserved 1048576K
