11:39:30.158 [main] INFO  c.s.f.r.a.WorkerApplication  - Starting worker with id: '172.31.37.101', host: '172.31.37.101:5412', zkString: '172.31.34.147:2181'
11:39:31.088 [worker-akka.actor.default-dispatcher-2] INFO  a.e.s.Slf4jLogger  - Slf4jLogger started
2018-02-15T11:39:31.237+0000: 2.148: [Full GC (Metadata GC Threshold) 2018-02-15T11:39:31.237+0000: 2.148: [Tenured: 0K->15387K(341376K), 0.0377655 secs] 117591K->15387K(494976K), [Metaspace: 20871K->20871K(1067008K)], 0.0378304 secs] [Times: user=0.04 sys=0.00, real=0.04 secs] 
11:39:31.638 [worker-akka.actor.default-dispatcher-2] INFO  a.r.a.ArteryTransport(akka://worker) akka.remote.artery.ArteryTransport(akka://worker) - Started embedded media driver in directory [/dev/shm/aeron-root-worker-0d3c9397-f606-43a8-bfa6-0189cbd6a5c0]
11:39:31.852 [worker-akka.actor.default-dispatcher-2] INFO  a.r.a.ArteryTransport(akka://worker) akka.remote.artery.ArteryTransport(akka://worker) - Remoting started; listening on address: [akka://worker@172.31.37.101:5412] with UID [4117661563627517104]
11:39:31.952 [worker-akka.actor.default-dispatcher-2] INFO  o.a.z.ZooKeeper  - Client environment:zookeeper.version=3.4.9-1757313, built on 08/23/2016 06:50 GMT
11:39:31.952 [worker-akka.actor.default-dispatcher-2] INFO  o.a.z.ZooKeeper  - Client environment:host.name=ip-172-31-37-101.us-east-2.compute.internal
11:39:31.952 [worker-akka.actor.default-dispatcher-2] INFO  o.a.z.ZooKeeper  - Client environment:java.version=1.8.0_151
11:39:31.952 [worker-akka.actor.default-dispatcher-2] INFO  o.a.z.ZooKeeper  - Client environment:java.vendor=Oracle Corporation
11:39:31.952 [worker-akka.actor.default-dispatcher-2] INFO  o.a.z.ZooKeeper  - Client environment:java.home=/usr/lib/jvm/java-8-openjdk-amd64/jre
11:39:31.952 [worker-akka.actor.default-dispatcher-2] INFO  o.a.z.ZooKeeper  - Client environment:java.class.path=lib/commons-cli-1.4.jar:lib/minlog-1.3.0.jar:lib/asm-5.0.4.jar:lib/hadoop-annotations-2.7.3.jar:lib/hadoop-auth-2.7.3.jar:lib/akka-slf4j_2.11-2.5.6.jar:lib/jersey-core-1.9.jar:lib/lz4-1.3.0.jar:lib/jackson-core-asl-1.9.13.jar:lib/aeron-client-1.3.0.jar:lib/htrace-core-3.1.0-incubating.jar:lib/xz-1.0.jar:lib/commons-httpclient-3.1.jar:lib/asm-3.1.jar:lib/commons-lang3-3.4.jar:lib/scala-library-2.11.11.jar:lib/scala-java8-compat_2.11-0.7.0.jar:lib/commons-configuration-1.6.jar:lib/objenesis-2.1.jar:lib/jackson-annotations-2.8.0.jar:lib/jsr305-3.0.0.jar:lib/curator-framework-2.7.1.jar:lib/jersey-server-1.9.jar:lib/jets3t-0.9.0.jar:lib/leveldb-0.7.jar:lib/jetty-6.1.26.jar:lib/stax-api-1.0-2.jar:lib/flamestream-core-1.0-SNAPSHOT.jar:lib/reflectasm-1.07-shaded.jar:lib/apacheds-kerberos-codec-2.0.0-M15.jar:lib/api-asn1-api-1.0.0-M20.jar:lib/commons-lang-2.6.jar:lib/commons-beanutils-1.7.0.jar:lib/jackson-xc-1.8.3.jar:lib/jetty-util-6.1.26.jar:lib/logback-classic-1.2.3.jar:lib/jool-0.9.12.jar:lib/flamestream-runtime-1.0-SNAPSHOT-tests.jar:lib/httpcore-4.1.2.jar:lib/kryo-4.0.0.jar:lib/ant-1.8.1.jar:lib/jaxb-impl-2.2.3-1.jar:lib/jersey-json-1.9.jar:lib/commons-compress-1.4.1.jar:lib/leveldbjni-all-1.8.jar:lib/paranamer-2.3.jar:lib/jackson-core-2.8.4.jar:lib/commons-math3-3.6.1.jar:lib/scala-parser-combinators_2.11-1.0.4.jar:lib/netty-3.10.6.Final.jar:lib/trove4j-3.0.3.jar:lib/jaxb-api-2.2.2.jar:lib/logback-core-1.2.3.jar:lib/snappy-java-1.0.4.1.jar:lib/protobuf-java-2.5.0.jar:lib/reactive-streams-1.0.1.jar:lib/flamestream-examples-1.0-SNAPSHOT.jar:lib/commons-codec-1.4.jar:lib/activation-1.1.jar:lib/commons-net-3.1.jar:lib/curator-recipes-2.7.1.jar:lib/jackson-mapper-asl-1.9.13.jar:lib/jackson-databind-2.8.4.jar:lib/flamestream-runtime-1.0-SNAPSHOT.jar:lib/jackson-jaxrs-1.8.3.jar:lib/slf4j-api-1.7.24.jar:lib/akka-remote_2.11-2.5.6.jar:lib/akka-testkit_2.11-2.5.6.jar:lib/jline-0.9.94.jar:lib/akka-stream_2.11-2.5.6.jar:lib/jsp-api-2.1.jar:lib/kryonet-2.21.jar:lib/akka-kryo-serialization_2.11-0.5.0.jar:lib/config-1.3.1.jar:lib/ant-launcher-1.8.1.jar:lib/commons-logging-1.2.jar:lib/ssl-config-core_2.11-0.2.2.jar:lib/testng-6.10.jar:lib/guava-19.0.jar:lib/leveldb-api-0.7.jar:lib/reflectasm-1.11.3.jar:lib/jcommander-1.48.jar:lib/commons-1.1.jar:lib/commons-digester-1.8.jar:lib/minlog-1.2.jar:lib/java-xmlbuilder-0.4.jar:lib/jettison-1.1.jar:lib/gson-2.2.4.jar:lib/jdk.tools-1.8.jar:lib/aeron-driver-1.3.0.jar:lib/zookeeper-3.4.9.jar:lib/commons-beanutils-core-1.8.0.jar:lib/commons-math3-3.1.1.jar:lib/akka-actor_2.11-2.5.6.jar:lib/curator-client-2.7.1.jar:lib/servlet-api-2.5.jar:lib/apacheds-i18n-2.0.0-M15.jar:lib/commons-io-2.4.jar:lib/commons-codec-1.6.jar:lib/akka-protobuf_2.11-2.5.6.jar:lib/jdom-2.0.2.jar:lib/api-util-1.0.0-M20.jar:lib/hadoop-common-2.7.3.jar:lib/agrona-0.9.6.jar:lib/xmlenc-0.52.jar:lib/guava-21.0.jar:lib/commons-collections-3.2.2.jar:lib/avro-1.7.4.jar:lib/commons-1.0-SNAPSHOT.jar:lib/httpclient-4.1.2.jar:lib/flamestream-core-1.0-SNAPSHOT-tests.jar:lib/annotations-12.0.jar:lib/jsch-0.1.42.jar:flamestream-runtime-1.0-SNAPSHOT.jar
11:39:31.952 [worker-akka.actor.default-dispatcher-2] INFO  o.a.z.ZooKeeper  - Client environment:java.library.path=/usr/java/packages/lib/amd64:/usr/lib/x86_64-linux-gnu/jni:/lib/x86_64-linux-gnu:/usr/lib/x86_64-linux-gnu:/usr/lib/jni:/lib:/usr/lib
11:39:31.952 [worker-akka.actor.default-dispatcher-2] INFO  o.a.z.ZooKeeper  - Client environment:java.io.tmpdir=/tmp
11:39:31.952 [worker-akka.actor.default-dispatcher-2] INFO  o.a.z.ZooKeeper  - Client environment:java.compiler=<NA>
11:39:31.952 [worker-akka.actor.default-dispatcher-2] INFO  o.a.z.ZooKeeper  - Client environment:os.name=Linux
11:39:31.953 [worker-akka.actor.default-dispatcher-2] INFO  o.a.z.ZooKeeper  - Client environment:os.arch=amd64
11:39:31.953 [worker-akka.actor.default-dispatcher-2] INFO  o.a.z.ZooKeeper  - Client environment:os.version=4.4.0-1049-aws
11:39:31.954 [worker-akka.actor.default-dispatcher-2] INFO  o.a.z.ZooKeeper  - Client environment:user.name=root
11:39:31.954 [worker-akka.actor.default-dispatcher-2] INFO  o.a.z.ZooKeeper  - Client environment:user.home=/root
11:39:31.954 [worker-akka.actor.default-dispatcher-2] INFO  o.a.z.ZooKeeper  - Client environment:user.dir=/opt/flamestream
11:39:31.958 [worker-akka.actor.default-dispatcher-2] INFO  o.a.z.ZooKeeper  - Initiating client connection, connectString=172.31.34.147:2181 sessionTimeout=5000 watcher=com.spbsu.flamestream.runtime.application.LifecycleWatcher$$Lambda$29/163846144@70e0cc66
11:39:31.993 [worker-akka.actor.default-dispatcher-2] INFO  a.a.RepointableActorRef akka://worker/user/watcher - Starting...
11:39:31.996 [worker-akka.actor.default-dispatcher-2-SendThread(172.31.34.147:2181)] INFO  o.a.z.ClientCnxn  - Opening socket connection to server 172.31.34.147/172.31.34.147:2181. Will not attempt to authenticate using SASL (unknown error)
11:39:32.001 [worker-akka.actor.default-dispatcher-2-SendThread(172.31.34.147:2181)] INFO  o.a.z.ClientCnxn  - Socket connection established to 172.31.34.147/172.31.34.147:2181, initiating session
11:39:32.009 [worker-akka.actor.default-dispatcher-2-SendThread(172.31.34.147:2181)] INFO  o.a.z.ClientCnxn  - Session establishment complete on server 172.31.34.147/172.31.34.147:2181, sessionid = 0x161994201fa000b, negotiated timeout = 6000
11:39:32.091 [worker-akka.actor.default-dispatcher-2] INFO  a.a.RepointableActorRef akka://worker/user/watcher - Connected to ZK
11:39:42.793 [worker-akka.actor.default-dispatcher-2] INFO  a.a.RepointableActorRef akka://worker/user/watcher - Creating node with watchGraphs: 'com.spbsu.flamestream.core.Graph$Builder$MyGraph@658a92f6', config: 'ClusterConfig{paths={172.31.33.155=akka://worker@172.31.33.155:5412/user/watcher/graph0000000000, 172.31.47.83=akka://worker@172.31.47.83:5412/user/watcher/graph0000000000, 172.31.45.197=akka://worker@172.31.45.197:5412/user/watcher/graph0000000000, 172.31.42.36=akka://worker@172.31.42.36:5412/user/watcher/graph0000000000, 172.31.44.83=akka://worker@172.31.44.83:5412/user/watcher/graph0000000000, 172.31.39.64=akka://worker@172.31.39.64:5412/user/watcher/graph0000000000, 172.31.35.79=akka://worker@172.31.35.79:5412/user/watcher/graph0000000000, 172.31.34.169=akka://worker@172.31.34.169:5412/user/watcher/graph0000000000, 172.31.47.100=akka://worker@172.31.47.100:5412/user/watcher/graph0000000000, 172.31.37.101=akka://worker@172.31.37.101:5412/user/watcher/graph0000000000}, ackerLocation='172.31.35.79', props=ComputationLayout{ranges={172.31.33.155=HashRange{from=1670265056, to=2147483644}, 172.31.47.83=HashRange{from=715827880, to=1193046468}, 172.31.45.197=HashRange{from=-1670265060, to=-1193046472}, 172.31.42.36=HashRange{from=238609292, to=715827880}, 172.31.44.83=HashRange{from=-1193046472, to=-715827884}, 172.31.39.64=HashRange{from=-238609296, to=238609292}, 172.31.35.79=HashRange{from=0, to=0}, 172.31.34.169=HashRange{from=1193046468, to=1670265056}, 172.31.47.100=HashRange{from=-715827884, to=-238609296}, 172.31.37.101=HashRange{from=-2147483648, to=-1670265060}}}}'
11:39:43.595 [worker-akka.actor.default-dispatcher-2] INFO  a.a.LocalActorRef akka://worker/user/watcher/graph0000000000/graph - Starting...
11:39:43.597 [worker-akka.actor.default-dispatcher-2] INFO  a.a.LocalActorRef akka://worker/user/watcher/graph0000000000/graph/local-acker/$a - Starting...
11:39:43.599 [worker-akka.actor.default-dispatcher-2] INFO  a.a.LocalActorRef akka://worker/user/watcher/graph0000000000/graph/local-acker - Starting...
Warning: space is running low in /dev/shm (tmpfs) threshold=167,772,160 usable=158,621,696
Warning: space is running low in /dev/shm (tmpfs) threshold=167,772,160 usable=146,034,688
Warning: space is running low in /dev/shm (tmpfs) threshold=167,772,160 usable=133,447,680
Warning: space is running low in /dev/shm (tmpfs) threshold=167,772,160 usable=120,860,672
Warning: space is running low in /dev/shm (tmpfs) threshold=167,772,160 usable=108,273,664
Warning: space is running low in /dev/shm (tmpfs) threshold=167,772,160 usable=95,686,656
Warning: space is running low in /dev/shm (tmpfs) threshold=167,772,160 usable=83,099,648
Warning: space is running low in /dev/shm (tmpfs) threshold=167,772,160 usable=70,512,640
11:39:45.274 [worker-akka.actor.default-dispatcher-2] INFO  a.a.LocalActorRef akka://worker/user/watcher/graph0000000000/graph - Finishing constructor
11:39:45.275 [worker-akka.actor.default-dispatcher-2] INFO  a.a.LocalActorRef akka://worker/user/watcher/graph0000000000 - Starting...
11:39:45.339 [worker-akka.actor.default-dispatcher-2] INFO  a.a.LocalActorRef akka://worker/user/watcher/graph0000000000/negotiator - Starting...
11:39:45.340 [worker-akka.actor.default-dispatcher-2] INFO  a.a.LocalActorRef akka://worker/user/watcher/graph0000000000/edge - Starting...
11:39:45.342 [worker-akka.actor.default-dispatcher-2] INFO  a.a.LocalActorRef akka://worker/user/watcher/graph0000000000/graph/$a - Starting...
11:39:45.343 [worker-akka.actor.default-dispatcher-2] INFO  a.a.LocalActorRef akka://worker/user/watcher/graph0000000000/graph/$b - Starting...
11:39:45.343 [worker-akka.actor.default-dispatcher-2] INFO  a.a.LocalActorRef akka://worker/user/watcher/graph0000000000/graph/$c - Starting...
11:39:45.366 [worker-akka.actor.default-dispatcher-2] INFO  c.s.f.r.e.s.SocketRear  - FlameSocketGraphDeployerRear@172.31.37.101: connecting to 172.31.34.147:5678
11:39:45.373 [worker-akka.actor.default-dispatcher-2] INFO  c.s.f.r.e.s.SocketRear  - FlameSocketGraphDeployerRear@172.31.37.101: connected to 172.31.34.147:5678
2018-02-15T11:39:45.379+0000: 16.290: [GC (Allocation Failure) 2018-02-15T11:39:45.379+0000: 16.290: [DefNew: 121866K->17024K(153600K), 0.0334193 secs] 137254K->43098K(494976K), 0.0334776 secs] [Times: user=0.03 sys=0.00, real=0.04 secs] 
11:39:45.433 [worker-akka.actor.default-dispatcher-2] INFO  a.a.LocalActorRef akka://worker/user/watcher/graph0000000000/edge/FlameSocketGraphDeployerRear - Starting...
11:39:45.434 [worker-akka.actor.default-dispatcher-2] INFO  a.a.LocalActorRef akka://worker/user/watcher/graph0000000000/edge/FlameSocketGraphDeployerFront - Starting...
11:39:45.434 [worker-akka.actor.default-dispatcher-2] INFO  a.a.LocalActorRef akka://worker/user/watcher/graph0000000000/negotiator - Requesting ticket for the frontClass FlameSocketGraphDeployerFront@172.31.37.101
11:39:45.444 [worker-akka.actor.default-dispatcher-2] INFO  a.a.LocalActorRef akka://worker/user/watcher/graph0000000000/negotiator - Ticket for the frontClass received: FrontTicket{allowedTimestamp=(1518694782799, FlameSocketGraphDeployerFront@172.31.37.101)}
11:39:45.445 [worker-akka.actor.default-dispatcher-2] INFO  c.s.f.r.e.s.SocketFront  - FlameSocketGraphDeployerFront@172.31.37.101: connecting to 172.31.34.147:4567
11:39:45.470 [Client] INFO  c.s.f.r.e.s.SocketFront  - FlameSocketGraphDeployerFront@172.31.37.101 has been disconnected from Connection 10
2018-02-15T11:39:59.781+0000: 30.693: [GC (Allocation Failure) 2018-02-15T11:39:59.781+0000: 30.693: [DefNew: 153600K->3772K(153600K), 0.0873172 secs] 179674K->66366K(494976K), 0.0873890 secs] [Times: user=0.03 sys=0.05, real=0.08 secs] 
2018-02-15T11:40:16.126+0000: 47.037: [GC (Allocation Failure) 2018-02-15T11:40:16.126+0000: 47.037: [DefNew: 140348K->5466K(153600K), 0.0122085 secs] 202942K->68059K(494976K), 0.0122732 secs] [Times: user=0.01 sys=0.00, real=0.01 secs] 
2018-02-15T11:40:29.382+0000: 60.293: [GC (Allocation Failure) 2018-02-15T11:40:29.382+0000: 60.293: [DefNew: 142042K->7179K(153600K), 0.0165769 secs] 204635K->69772K(494976K), 0.0166397 secs] [Times: user=0.02 sys=0.00, real=0.01 secs] 
2018-02-15T11:40:47.943+0000: 78.855: [GC (Allocation Failure) 2018-02-15T11:40:47.943+0000: 78.855: [DefNew: 143755K->9639K(153600K), 0.0163561 secs] 206348K->72233K(494976K), 0.0164304 secs] [Times: user=0.01 sys=0.00, real=0.01 secs] 
2018-02-15T11:40:59.445+0000: 90.357: [GC (Allocation Failure) 2018-02-15T11:40:59.445+0000: 90.357: [DefNew: 146215K->8547K(153600K), 0.0179255 secs] 208809K->72796K(494976K), 0.0179892 secs] [Times: user=0.02 sys=0.00, real=0.02 secs] 
2018-02-15T11:41:15.385+0000: 106.296: [GC (Allocation Failure) 2018-02-15T11:41:15.385+0000: 106.296: [DefNew: 145123K->8774K(153600K), 0.0167360 secs] 209372K->74103K(494976K), 0.0168006 secs] [Times: user=0.01 sys=0.00, real=0.02 secs] 
2018-02-15T11:41:33.229+0000: 124.141: [GC (Allocation Failure) 2018-02-15T11:41:33.229+0000: 124.141: [DefNew: 145350K->8805K(153600K), 0.0174297 secs] 210679K->75546K(494976K), 0.0174887 secs] [Times: user=0.02 sys=0.00, real=0.01 secs] 
2018-02-15T11:41:51.918+0000: 142.829: [GC (Allocation Failure) 2018-02-15T11:41:51.918+0000: 142.829: [DefNew: 145381K->8871K(153600K), 0.0168869 secs] 212122K->76844K(494976K), 0.0169626 secs] [Times: user=0.01 sys=0.00, real=0.02 secs] 
2018-02-15T11:42:10.883+0000: 161.794: [GC (Allocation Failure) 2018-02-15T11:42:10.883+0000: 161.794: [DefNew: 145447K->8640K(153600K), 0.0167541 secs] 213420K->78093K(494976K), 0.0168174 secs] [Times: user=0.02 sys=0.00, real=0.01 secs] 
2018-02-15T11:42:26.791+0000: 177.702: [GC (Allocation Failure) 2018-02-15T11:42:26.791+0000: 177.702: [DefNew: 145216K->8751K(153600K), 0.0162903 secs] 214669K->79287K(494976K), 0.0163526 secs] [Times: user=0.02 sys=0.00, real=0.01 secs] 
2018-02-15T11:42:45.652+0000: 196.564: [GC (Allocation Failure) 2018-02-15T11:42:45.652+0000: 196.564: [DefNew: 145327K->8704K(153600K), 0.0162914 secs] 215863K->80381K(494976K), 0.0163665 secs] [Times: user=0.02 sys=0.00, real=0.02 secs] 
2018-02-15T11:43:04.332+0000: 215.244: [GC (Allocation Failure) 2018-02-15T11:43:04.332+0000: 215.244: [DefNew: 145280K->8442K(153600K), 0.0161273 secs] 216957K->81481K(494976K), 0.0161917 secs] [Times: user=0.01 sys=0.00, real=0.01 secs] 
2018-02-15T11:43:22.691+0000: 233.603: [GC (Allocation Failure) 2018-02-15T11:43:22.691+0000: 233.603: [DefNew: 145018K->10145K(153600K), 0.0170319 secs] 218057K->83185K(494976K), 0.0170954 secs] [Times: user=0.02 sys=0.00, real=0.01 secs] 
2018-02-15T11:43:38.685+0000: 249.597: [GC (Allocation Failure) 2018-02-15T11:43:38.685+0000: 249.597: [DefNew: 146721K->8723K(153600K), 0.0204241 secs] 219761K->83960K(494976K), 0.0204854 secs] [Times: user=0.01 sys=0.01, real=0.02 secs] 
2018-02-15T11:43:58.133+0000: 269.045: [GC (Allocation Failure) 2018-02-15T11:43:58.133+0000: 269.045: [DefNew: 145299K->8828K(153600K), 0.0163800 secs] 220536K->85051K(494976K), 0.0164541 secs] [Times: user=0.01 sys=0.00, real=0.02 secs] 
2018-02-15T11:44:16.639+0000: 287.551: [GC (Allocation Failure) 2018-02-15T11:44:16.639+0000: 287.551: [DefNew: 145404K->9098K(153600K), 0.0168436 secs] 221627K->86337K(494976K), 0.0169042 secs] [Times: user=0.01 sys=0.00, real=0.02 secs] 
2018-02-15T11:44:30.878+0000: 301.789: [GC (Allocation Failure) 2018-02-15T11:44:30.878+0000: 301.789: [DefNew: 145674K->9046K(153600K), 0.0167377 secs] 222913K->87450K(494976K), 0.0168024 secs] [Times: user=0.01 sys=0.00, real=0.02 secs] 
2018-02-15T11:44:48.246+0000: 319.158: [GC (Allocation Failure) 2018-02-15T11:44:48.246+0000: 319.158: [DefNew: 145622K->9578K(153600K), 0.0172206 secs] 224026K->88961K(494976K), 0.0172840 secs] [Times: user=0.02 sys=0.00, real=0.02 secs] 
2018-02-15T11:45:07.411+0000: 338.322: [GC (Allocation Failure) 2018-02-15T11:45:07.411+0000: 338.322: [DefNew: 146154K->9318K(153600K), 0.0169024 secs] 225537K->89800K(494976K), 0.0169682 secs] [Times: user=0.01 sys=0.00, real=0.01 secs] 
2018-02-15T11:45:27.023+0000: 357.934: [GC (Allocation Failure) 2018-02-15T11:45:27.023+0000: 357.934: [DefNew: 145894K->9795K(153600K), 0.0169426 secs] 226376K->91322K(494976K), 0.0170074 secs] [Times: user=0.02 sys=0.00, real=0.01 secs] 
2018-02-15T11:45:43.158+0000: 374.070: [GC (Allocation Failure) 2018-02-15T11:45:43.158+0000: 374.070: [DefNew: 146371K->8880K(153600K), 0.0181790 secs] 227898K->92494K(494976K), 0.0182544 secs] [Times: user=0.02 sys=0.00, real=0.02 secs] 
2018-02-15T11:45:58.329+0000: 389.241: [GC (Allocation Failure) 2018-02-15T11:45:58.330+0000: 389.241: [DefNew: 145456K->8727K(153600K), 0.0162883 secs] 229070K->93575K(494976K), 0.0163485 secs] [Times: user=0.02 sys=0.00, real=0.01 secs] 
2018-02-15T11:46:11.332+0000: 402.244: [GC (Allocation Failure) 2018-02-15T11:46:11.332+0000: 402.244: [DefNew: 145303K->8853K(153600K), 0.0157339 secs] 230151K->94786K(494976K), 0.0157957 secs] [Times: user=0.02 sys=0.00, real=0.01 secs] 
2018-02-15T11:46:29.967+0000: 420.879: [GC (Allocation Failure) 2018-02-15T11:46:29.967+0000: 420.879: [DefNew: 145429K->9997K(153600K), 0.0171927 secs] 231362K->97137K(494976K), 0.0172571 secs] [Times: user=0.02 sys=0.00, real=0.02 secs] 
2018-02-15T11:46:44.076+0000: 434.987: [GC (Allocation Failure) 2018-02-15T11:46:44.076+0000: 434.987: [DefNew: 146573K->9182K(153600K), 0.0179202 secs] 233713K->98787K(494976K), 0.0179832 secs] [Times: user=0.01 sys=0.00, real=0.02 secs] 
2018-02-15T11:46:58.222+0000: 449.133: [GC (Allocation Failure) 2018-02-15T11:46:58.222+0000: 449.133: [DefNew: 145758K->8338K(153600K), 0.0165380 secs] 235363K->100300K(494976K), 0.0166012 secs] [Times: user=0.02 sys=0.00, real=0.01 secs] 
2018-02-15T11:47:16.387+0000: 467.299: [GC (Allocation Failure) 2018-02-15T11:47:16.387+0000: 467.299: [DefNew: 144914K->9858K(153600K), 0.0155211 secs] 236876K->101820K(494976K), 0.0155946 secs] [Times: user=0.01 sys=0.00, real=0.02 secs] 
2018-02-15T11:47:31.955+0000: 482.866: [GC (Allocation Failure) 2018-02-15T11:47:31.955+0000: 482.866: [DefNew: 146434K->9775K(153600K), 0.0167484 secs] 238396K->102995K(494976K), 0.0168102 secs] [Times: user=0.01 sys=0.00, real=0.02 secs] 
2018-02-15T11:47:47.558+0000: 498.470: [GC (Allocation Failure) 2018-02-15T11:47:47.558+0000: 498.470: [DefNew: 146351K->10184K(153600K), 0.0175402 secs] 239571K->104502K(494976K), 0.0176127 secs] [Times: user=0.02 sys=0.00, real=0.02 secs] 
2018-02-15T11:48:05.273+0000: 516.185: [GC (Allocation Failure) 2018-02-15T11:48:05.273+0000: 516.185: [DefNew: 146760K->8628K(153600K), 0.0180345 secs] 241078K->105507K(494976K), 0.0181115 secs] [Times: user=0.00 sys=0.01, real=0.02 secs] 
2018-02-15T11:48:22.380+0000: 533.291: [GC (Allocation Failure) 2018-02-15T11:48:22.380+0000: 533.291: [DefNew: 145204K->8955K(153600K), 0.0159767 secs] 242083K->107067K(494976K), 0.0160412 secs] [Times: user=0.01 sys=0.00, real=0.02 secs] 
2018-02-15T11:48:40.258+0000: 551.170: [GC (Allocation Failure) 2018-02-15T11:48:40.258+0000: 551.170: [DefNew: 145531K->9303K(153600K), 0.0168326 secs] 243643K->108903K(494976K), 0.0169131 secs] [Times: user=0.01 sys=0.00, real=0.02 secs] 
2018-02-15T11:48:57.523+0000: 568.434: [GC (Allocation Failure) 2018-02-15T11:48:57.523+0000: 568.434: [DefNew: 145879K->8963K(153600K), 0.0158066 secs] 245479K->110029K(494976K), 0.0158699 secs] [Times: user=0.01 sys=0.00, real=0.01 secs] 
2018-02-15T11:49:11.801+0000: 582.712: [GC (Allocation Failure) 2018-02-15T11:49:11.801+0000: 582.712: [DefNew: 145539K->9157K(153600K), 0.0164617 secs] 246605K->111645K(494976K), 0.0165266 secs] [Times: user=0.01 sys=0.00, real=0.01 secs] 
2018-02-15T11:49:26.347+0000: 597.258: [GC (Allocation Failure) 2018-02-15T11:49:26.347+0000: 597.258: [DefNew: 145733K->9388K(153600K), 0.0162446 secs] 248221K->113390K(494976K), 0.0163058 secs] [Times: user=0.02 sys=0.00, real=0.02 secs] 
2018-02-15T11:49:41.705+0000: 612.616: [GC (Allocation Failure) 2018-02-15T11:49:41.705+0000: 612.616: [DefNew: 145964K->9364K(153600K), 0.0163581 secs] 249966K->114795K(494976K), 0.0164231 secs] [Times: user=0.01 sys=0.00, real=0.02 secs] 
2018-02-15T11:49:59.581+0000: 630.492: [GC (Allocation Failure) 2018-02-15T11:49:59.581+0000: 630.492: [DefNew: 145940K->9518K(153600K), 0.0167617 secs] 251371K->116266K(494976K), 0.0168283 secs] [Times: user=0.01 sys=0.00, real=0.01 secs] 
2018-02-15T11:50:14.315+0000: 645.226: [GC (Allocation Failure) 2018-02-15T11:50:14.315+0000: 645.227: [DefNew: 146094K->9599K(153600K), 0.0174258 secs] 252842K->117937K(494976K), 0.0175247 secs] [Times: user=0.02 sys=0.00, real=0.02 secs] 
2018-02-15T11:50:33.731+0000: 664.643: [GC (Allocation Failure) 2018-02-15T11:50:33.731+0000: 664.643: [DefNew: 146175K->9883K(153600K), 0.0162041 secs] 254513K->119667K(494976K), 0.0162676 secs] [Times: user=0.02 sys=0.00, real=0.01 secs] 
2018-02-15T11:50:44.916+0000: 675.827: [GC (Allocation Failure) 2018-02-15T11:50:44.916+0000: 675.827: [DefNew: 146459K->9522K(153600K), 0.0171634 secs] 256243K->120851K(494976K), 0.0172272 secs] [Times: user=0.02 sys=0.00, real=0.02 secs] 
2018-02-15T11:51:01.862+0000: 692.773: [GC (Allocation Failure) 2018-02-15T11:51:01.862+0000: 692.773: [DefNew: 146098K->10115K(153600K), 0.0186200 secs] 257427K->122887K(494976K), 0.0186953 secs] [Times: user=0.02 sys=0.00, real=0.01 secs] 
2018-02-15T11:51:19.798+0000: 710.709: [GC (Allocation Failure) 2018-02-15T11:51:19.798+0000: 710.709: [DefNew: 146691K->10416K(153600K), 0.0164294 secs] 259463K->124378K(494976K), 0.0164942 secs] [Times: user=0.01 sys=0.00, real=0.02 secs] 
2018-02-15T11:51:32.885+0000: 723.797: [GC (Allocation Failure) 2018-02-15T11:51:32.885+0000: 723.797: [DefNew: 146992K->10495K(153600K), 0.0173799 secs] 260954K->126113K(494976K), 0.0174413 secs] [Times: user=0.02 sys=0.00, real=0.02 secs] 
11:51:46.084 [Client] INFO  c.s.f.r.e.s.SocketRear  - FlameSocketGraphDeployerRear@172.31.37.101: has been disconnected from Connection 10
11:55:23.239 [worker-akka.actor.default-dispatcher-2] INFO  a.a.CoordinatedShutdown CoordinatedShutdown(akka://worker) - Starting coordinated shutdown from JVM shutdown hook
11:55:23.275 [worker-akka.actor.default-dispatcher-2] INFO  a.a.LocalActorRef akka://worker/user/watcher/graph0000000000/negotiator - Stopped
11:55:23.275 [worker-akka.actor.default-dispatcher-2] INFO  a.a.LocalActorRef akka://worker/user/watcher/graph0000000000/edge/FlameSocketGraphDeployerFront - Stopped
11:55:23.277 [worker-akka.actor.default-dispatcher-2] INFO  a.a.LocalActorRef akka://worker/user/watcher/graph0000000000/edge/FlameSocketGraphDeployerRear - Stopped
11:55:23.278 [worker-akka.actor.default-dispatcher-2] INFO  a.a.LocalActorRef akka://worker/user/watcher/graph0000000000/graph/$a - Stopped
11:55:23.279 [worker-akka.actor.default-dispatcher-2] INFO  a.a.LocalActorRef akka://worker/user/watcher/graph0000000000/graph/$b - Stopped
11:55:23.280 [worker-akka.actor.default-dispatcher-2] INFO  a.a.LocalActorRef akka://worker/user/watcher/graph0000000000/graph/$c - Stopped
11:55:23.280 [worker-akka.actor.default-dispatcher-2] INFO  a.a.LocalActorRef akka://worker/user/watcher/graph0000000000/graph/local-acker/$a - Stopped
11:55:23.286 [worker-akka.actor.default-dispatcher-2] INFO  a.a.LocalActorRef akka://worker/user/watcher/graph0000000000/edge - Stopped
11:55:23.286 [worker-akka.actor.default-dispatcher-2] INFO  a.a.LocalActorRef akka://worker/user/watcher/graph0000000000/graph/local-acker/$a - Message [com.spbsu.flamestream.runtime.utils.akka.PingActor$InnerPing] from Actor[akka://worker/user/watcher/graph0000000000/graph/local-acker/$a#-1100322380] to Actor[akka://worker/user/watcher/graph0000000000/graph/local-acker/$a#-1100322380] was not delivered. [1] dead letters encountered. This logging can be turned off or adjusted with configuration settings 'akka.log-dead-letters' and 'akka.log-dead-letters-during-shutdown'.
11:55:23.287 [worker-akka.actor.default-dispatcher-2] INFO  a.a.LocalActorRef akka://worker/user/watcher/graph0000000000/graph/local-acker - Stopped
11:55:23.290 [worker-akka.actor.default-dispatcher-2] INFO  a.a.LocalActorRef akka://worker/user/watcher/graph0000000000/graph/local-acker/$a - Message [com.spbsu.flamestream.runtime.utils.akka.PingActor$Stop] from Actor[akka://worker/user/watcher/graph0000000000/graph/local-acker#-1934955589] to Actor[akka://worker/user/watcher/graph0000000000/graph/local-acker/$a#-1100322380] was not delivered. [2] dead letters encountered. This logging can be turned off or adjusted with configuration settings 'akka.log-dead-letters' and 'akka.log-dead-letters-during-shutdown'.
11:55:23.292 [worker-akka.actor.default-dispatcher-2] INFO  a.a.LocalActorRef akka://worker/user/watcher/graph0000000000/graph/local-acker - Message [com.spbsu.flamestream.runtime.acker.LocalAcker$Flush] from Actor[akka://worker/user/watcher/graph0000000000/graph/local-acker#-1934955589] to Actor[akka://worker/user/watcher/graph0000000000/graph/local-acker#-1934955589] was not delivered. [3] dead letters encountered. This logging can be turned off or adjusted with configuration settings 'akka.log-dead-letters' and 'akka.log-dead-letters-during-shutdown'.
11:55:23.295 [worker-akka.actor.default-dispatcher-2] INFO  a.a.LocalActorRef akka://worker/user/watcher/graph0000000000/graph/local-acker - Message [com.spbsu.flamestream.runtime.acker.LocalAcker$Flush] from Actor[akka://worker/user/watcher/graph0000000000/graph/local-acker#-1934955589] to Actor[akka://worker/user/watcher/graph0000000000/graph/local-acker#-1934955589] was not delivered. [4] dead letters encountered. This logging can be turned off or adjusted with configuration settings 'akka.log-dead-letters' and 'akka.log-dead-letters-during-shutdown'.
11:55:23.295 [worker-akka.actor.default-dispatcher-2] INFO  a.a.LocalActorRef akka://worker/user/watcher/graph0000000000/graph - Stopped
11:55:23.297 [worker-akka.actor.default-dispatcher-2] INFO  a.a.LocalActorRef akka://worker/user/watcher/graph0000000000 - Stopped
11:55:23.300 [worker-akka.actor.default-dispatcher-2-EventThread] INFO  o.a.z.ClientCnxn  - EventThread shut down for session: 0x161994201fa000b
11:55:23.301 [worker-akka.actor.default-dispatcher-2] INFO  o.a.z.ZooKeeper  - Session: 0x161994201fa000b closed
11:55:23.301 [worker-akka.actor.default-dispatcher-2] INFO  a.a.RepointableActorRef akka://worker/user/watcher - Stopped
11:55:23.312 [worker-akka.actor.default-dispatcher-2] INFO  a.r.RemoteActorRefProvider$RemotingTerminator akka://worker@172.31.37.101:5412/system/remoting-terminator - Shutting down remote daemon.
11:55:23.316 [worker-akka.actor.default-dispatcher-2] INFO  a.r.RemoteActorRefProvider$RemotingTerminator akka://worker@172.31.37.101:5412/system/remoting-terminator - Remote daemon shut down; proceeding with flushing remote transports.
2018-02-15T11:55:23.407+0000: 954.319: [GC (Allocation Failure) 2018-02-15T11:55:23.407+0000: 954.319: [DefNew: 147071K->10669K(153600K), 0.0177134 secs] 262689K->127940K(494976K), 0.0178036 secs] [Times: user=0.02 sys=0.00, real=0.02 secs] 
11:55:24.441 [worker-akka.actor.default-dispatcher-2] INFO  a.r.RemoteActorRefProvider$RemotingTerminator akka://worker@172.31.37.101:5412/system/remoting-terminator - Remoting shut down.
Attempts of event 'shuffle-send' - 0
Attempts of event 'front-receive-send' - 0
Attempts of event 'inject-out' - 607011
Attempts of event 'sink-receive' - 613281
Attempts of event 'flatmap-receive' - 1112
Attempts of event 'fm-send' - 541334
Attempts of event 'rear-in' - 605899
Attempts of event 'flatmap-send' - 541334
Attempts of event 'inject-in' - 607011
Attempts of event 'wrong-ordering-filter-receive' - 613281
Attempts of event 'accept-in' - 0
Attempts of event 'grouping-receive' - 1219180
Heap
 def new generation   total 153600K, used 38796K [0x00000000e0c00000, 0x00000000eb2a0000, 0x00000000eb2a0000)
  eden space 136576K,  20% used [0x00000000e0c00000, 0x00000000e2777b48, 0x00000000e9160000)
  from space 17024K,  62% used [0x00000000ea200000, 0x00000000eac6b588, 0x00000000eb2a0000)
  to   space 17024K,   0% used [0x00000000e9160000, 0x00000000e9160000, 0x00000000ea200000)
 tenured generation   total 341376K, used 117271K [0x00000000eb2a0000, 0x0000000100000000, 0x0000000100000000)
   the space 341376K,  34% used [0x00000000eb2a0000, 0x00000000f2525e10, 0x00000000f2526000, 0x0000000100000000)
 Metaspace       used 33506K, capacity 34304K, committed 34688K, reserved 1079296K
  class space    used 4455K, capacity 4627K, committed 4736K, reserved 1048576K
