09:49:47.951 [worker-akka.actor.default-dispatcher-2] INFO  a.e.s.Slf4jLogger  - Slf4jLogger started
2018-02-23T09:49:48.114+0000: 2.354: [Full GC (Metadata GC Threshold) 2018-02-23T09:49:48.114+0000: 2.354: [Tenured: 0K->15411K(341376K), 0.0376456 secs] 117539K->15411K(494976K), [Metaspace: 20880K->20880K(1067008K)], 0.0377104 secs] [Times: user=0.03 sys=0.01, real=0.04 secs] 
Ama winner
Ama winner
09:49:48.530 [worker-akka.actor.default-dispatcher-2] INFO  a.r.a.ArteryTransport(akka://worker) akka.remote.artery.ArteryTransport(akka://worker) - Started embedded media driver in directory [/dev/shm/aeron-root-worker-ae38aac8-02a0-4751-9608-f0b0343619b7]
09:49:48.745 [worker-akka.actor.default-dispatcher-2] INFO  a.r.a.ArteryTransport(akka://worker) akka.remote.artery.ArteryTransport(akka://worker) - Remoting started; listening on address: [akka://worker@172.31.37.101:5412] with UID [2968897123922662182]
09:49:48.851 [worker-akka.actor.default-dispatcher-2] INFO  o.a.z.ZooKeeper  - Client environment:zookeeper.version=3.4.9-1757313, built on 08/23/2016 06:50 GMT
09:49:48.851 [worker-akka.actor.default-dispatcher-2] INFO  o.a.z.ZooKeeper  - Client environment:host.name=ip-172-31-37-101.us-east-2.compute.internal
09:49:48.851 [worker-akka.actor.default-dispatcher-2] INFO  o.a.z.ZooKeeper  - Client environment:java.version=1.8.0_151
09:49:48.852 [worker-akka.actor.default-dispatcher-2] INFO  o.a.z.ZooKeeper  - Client environment:java.vendor=Oracle Corporation
09:49:48.852 [worker-akka.actor.default-dispatcher-2] INFO  o.a.z.ZooKeeper  - Client environment:java.home=/usr/lib/jvm/java-8-openjdk-amd64/jre
09:49:48.852 [worker-akka.actor.default-dispatcher-2] INFO  o.a.z.ZooKeeper  - Client environment:java.class.path=lib/commons-cli-1.4.jar:lib/minlog-1.3.0.jar:lib/asm-5.0.4.jar:lib/hadoop-annotations-2.7.3.jar:lib/hadoop-auth-2.7.3.jar:lib/akka-slf4j_2.11-2.5.6.jar:lib/jersey-core-1.9.jar:lib/lz4-1.3.0.jar:lib/jackson-core-asl-1.9.13.jar:lib/aeron-client-1.3.0.jar:lib/htrace-core-3.1.0-incubating.jar:lib/xz-1.0.jar:lib/commons-httpclient-3.1.jar:lib/asm-3.1.jar:lib/commons-lang3-3.4.jar:lib/scala-library-2.11.11.jar:lib/scala-java8-compat_2.11-0.7.0.jar:lib/commons-configuration-1.6.jar:lib/objenesis-2.1.jar:lib/jackson-annotations-2.8.0.jar:lib/jsr305-3.0.0.jar:lib/curator-framework-2.7.1.jar:lib/jersey-server-1.9.jar:lib/jets3t-0.9.0.jar:lib/leveldb-0.7.jar:lib/jetty-6.1.26.jar:lib/stax-api-1.0-2.jar:lib/flamestream-core-1.0-SNAPSHOT.jar:lib/reflectasm-1.07-shaded.jar:lib/apacheds-kerberos-codec-2.0.0-M15.jar:lib/api-asn1-api-1.0.0-M20.jar:lib/commons-lang-2.6.jar:lib/commons-beanutils-1.7.0.jar:lib/jackson-xc-1.8.3.jar:lib/jetty-util-6.1.26.jar:lib/logback-classic-1.2.3.jar:lib/jool-0.9.12.jar:lib/flamestream-runtime-1.0-SNAPSHOT-tests.jar:lib/httpcore-4.1.2.jar:lib/kryo-4.0.0.jar:lib/ant-1.8.1.jar:lib/jaxb-impl-2.2.3-1.jar:lib/jersey-json-1.9.jar:lib/commons-compress-1.4.1.jar:lib/leveldbjni-all-1.8.jar:lib/paranamer-2.3.jar:lib/jackson-core-2.8.4.jar:lib/commons-math3-3.6.1.jar:lib/scala-parser-combinators_2.11-1.0.4.jar:lib/netty-3.10.6.Final.jar:lib/trove4j-3.0.3.jar:lib/jaxb-api-2.2.2.jar:lib/logback-core-1.2.3.jar:lib/snappy-java-1.0.4.1.jar:lib/protobuf-java-2.5.0.jar:lib/reactive-streams-1.0.1.jar:lib/flamestream-examples-1.0-SNAPSHOT.jar:lib/commons-codec-1.4.jar:lib/activation-1.1.jar:lib/commons-net-3.1.jar:lib/curator-recipes-2.7.1.jar:lib/jackson-mapper-asl-1.9.13.jar:lib/jackson-databind-2.8.4.jar:lib/flamestream-runtime-1.0-SNAPSHOT.jar:lib/jackson-jaxrs-1.8.3.jar:lib/slf4j-api-1.7.24.jar:lib/akka-remote_2.11-2.5.6.jar:lib/akka-testkit_2.11-2.5.6.jar:lib/jline-0.9.94.jar:lib/akka-stream_2.11-2.5.6.jar:lib/jsp-api-2.1.jar:lib/kryonet-2.21.jar:lib/akka-kryo-serialization_2.11-0.5.0.jar:lib/config-1.3.1.jar:lib/ant-launcher-1.8.1.jar:lib/commons-logging-1.2.jar:lib/ssl-config-core_2.11-0.2.2.jar:lib/testng-6.10.jar:lib/leveldb-api-0.7.jar:lib/reflectasm-1.11.3.jar:lib/jcommander-1.48.jar:lib/commons-1.1.jar:lib/commons-digester-1.8.jar:lib/minlog-1.2.jar:lib/java-xmlbuilder-0.4.jar:lib/jettison-1.1.jar:lib/gson-2.2.4.jar:lib/jdk.tools-1.8.jar:lib/aeron-driver-1.3.0.jar:lib/zookeeper-3.4.9.jar:lib/commons-beanutils-core-1.8.0.jar:lib/commons-math3-3.1.1.jar:lib/akka-actor_2.11-2.5.6.jar:lib/curator-client-2.7.1.jar:lib/servlet-api-2.5.jar:lib/apacheds-i18n-2.0.0-M15.jar:lib/commons-io-2.4.jar:lib/commons-codec-1.6.jar:lib/akka-protobuf_2.11-2.5.6.jar:lib/protobuf-java-3.5.1.jar:lib/jdom-2.0.2.jar:lib/api-util-1.0.0-M20.jar:lib/hadoop-common-2.7.3.jar:lib/agrona-0.9.6.jar:lib/xmlenc-0.52.jar:lib/guava-21.0.jar:lib/commons-collections-3.2.2.jar:lib/avro-1.7.4.jar:lib/httpclient-4.1.2.jar:lib/flamestream-core-1.0-SNAPSHOT-tests.jar:lib/annotations-12.0.jar:lib/jsch-0.1.42.jar:flamestream-runtime-1.0-SNAPSHOT.jar
09:49:48.852 [worker-akka.actor.default-dispatcher-2] INFO  o.a.z.ZooKeeper  - Client environment:java.library.path=/usr/java/packages/lib/amd64:/usr/lib/x86_64-linux-gnu/jni:/lib/x86_64-linux-gnu:/usr/lib/x86_64-linux-gnu:/usr/lib/jni:/lib:/usr/lib
09:49:48.852 [worker-akka.actor.default-dispatcher-2] INFO  o.a.z.ZooKeeper  - Client environment:java.io.tmpdir=/tmp
09:49:48.852 [worker-akka.actor.default-dispatcher-2] INFO  o.a.z.ZooKeeper  - Client environment:java.compiler=<NA>
09:49:48.852 [worker-akka.actor.default-dispatcher-2] INFO  o.a.z.ZooKeeper  - Client environment:os.name=Linux
09:49:48.852 [worker-akka.actor.default-dispatcher-2] INFO  o.a.z.ZooKeeper  - Client environment:os.arch=amd64
09:49:48.852 [worker-akka.actor.default-dispatcher-2] INFO  o.a.z.ZooKeeper  - Client environment:os.version=4.4.0-1049-aws
09:49:48.852 [worker-akka.actor.default-dispatcher-2] INFO  o.a.z.ZooKeeper  - Client environment:user.name=root
09:49:48.852 [worker-akka.actor.default-dispatcher-2] INFO  o.a.z.ZooKeeper  - Client environment:user.home=/root
09:49:48.852 [worker-akka.actor.default-dispatcher-2] INFO  o.a.z.ZooKeeper  - Client environment:user.dir=/opt/flamestream
09:49:48.855 [worker-akka.actor.default-dispatcher-2] INFO  o.a.z.ZooKeeper  - Initiating client connection, connectString=172.31.34.147:2181 sessionTimeout=5000 watcher=com.spbsu.flamestream.runtime.application.LifecycleWatcher$$Lambda$29/764839090@3d5d5f13
09:49:48.889 [worker-akka.actor.default-dispatcher-2] INFO  a.a.RepointableActorRef akka://worker/user/watcher - Starting...
09:49:48.893 [worker-akka.actor.default-dispatcher-2-SendThread(172.31.34.147:2181)] INFO  o.a.z.ClientCnxn  - Opening socket connection to server 172.31.34.147/172.31.34.147:2181. Will not attempt to authenticate using SASL (unknown error)
09:49:48.896 [worker-akka.actor.default-dispatcher-2-SendThread(172.31.34.147:2181)] INFO  o.a.z.ClientCnxn  - Socket connection established to 172.31.34.147/172.31.34.147:2181, initiating session
09:49:48.906 [worker-akka.actor.default-dispatcher-2-SendThread(172.31.34.147:2181)] INFO  o.a.z.ClientCnxn  - Session establishment complete on server 172.31.34.147/172.31.34.147:2181, sessionid = 0x161c210fbd10008, negotiated timeout = 6000
09:49:49.003 [worker-akka.actor.default-dispatcher-2] INFO  a.a.RepointableActorRef akka://worker/user/watcher - Connected to ZK
09:49:57.280 [worker-akka.actor.default-dispatcher-2] INFO  a.a.RepointableActorRef akka://worker/user/watcher - Creating node with watchGraphs: 'com.spbsu.flamestream.core.Graph$Builder$MyGraph@4084ed8a', config: 'ClusterConfig{paths={172.31.33.155=akka://worker@172.31.33.155:5412/user/watcher/graph0000000000, 172.31.47.83=akka://worker@172.31.47.83:5412/user/watcher/graph0000000000, 172.31.39.64=akka://worker@172.31.39.64:5412/user/watcher/graph0000000000, 172.31.35.79=akka://worker@172.31.35.79:5412/user/watcher/graph0000000000, 172.31.47.100=akka://worker@172.31.47.100:5412/user/watcher/graph0000000000, 172.31.37.101=akka://worker@172.31.37.101:5412/user/watcher/graph0000000000}, ackerLocation='172.31.35.79', props=ComputationLayout{ranges={172.31.33.155=HashRange{from=-1288490189, to=-429496730}, 172.31.47.83=HashRange{from=429496729, to=1288490188}, 172.31.39.64=HashRange{from=1288490188, to=2147483647}, 172.31.35.79=HashRange{from=0, to=0}, 172.31.47.100=HashRange{from=-2147483648, to=-1288490189}, 172.31.37.101=HashRange{from=-429496730, to=429496729}}}}'
09:49:57.958 [worker-akka.actor.default-dispatcher-2] INFO  a.a.LocalActorRef akka://worker/user/watcher/graph0000000000/graph - Starting...
09:49:57.960 [worker-akka.actor.default-dispatcher-2] INFO  a.a.LocalActorRef akka://worker/user/watcher/graph0000000000/graph/local-acker/$a - Starting...
09:49:57.961 [worker-akka.actor.default-dispatcher-2] INFO  a.a.LocalActorRef akka://worker/user/watcher/graph0000000000/graph/local-acker - Starting...
09:49:58.774 [worker-akka.actor.default-dispatcher-2] INFO  a.a.LocalActorRef akka://worker/user/watcher/graph0000000000/graph - Finishing constructor
09:49:58.776 [worker-akka.actor.default-dispatcher-2] INFO  a.a.LocalActorRef akka://worker/user/watcher/graph0000000000 - Starting...
09:49:58.831 [worker-akka.actor.default-dispatcher-2] INFO  a.a.LocalActorRef akka://worker/user/watcher/graph0000000000/negotiator - Starting...
09:49:58.833 [worker-akka.actor.default-dispatcher-2] INFO  a.a.LocalActorRef akka://worker/user/watcher/graph0000000000/edge - Starting...
09:49:58.834 [worker-akka.actor.default-dispatcher-2] INFO  a.a.LocalActorRef akka://worker/user/watcher/graph0000000000/graph/$a - Starting...
09:49:58.835 [worker-akka.actor.default-dispatcher-2] INFO  a.a.LocalActorRef akka://worker/user/watcher/graph0000000000/graph/$b - Starting...
09:49:58.835 [worker-akka.actor.default-dispatcher-2] INFO  a.a.LocalActorRef akka://worker/user/watcher/graph0000000000/graph/$c - Starting...
09:49:58.863 [worker-akka.actor.default-dispatcher-2] INFO  c.s.f.r.e.s.SocketRear  - FlameSocketGraphDeployerRear@172.31.37.101: connecting to 172.31.34.147:5678
09:49:58.870 [worker-akka.actor.default-dispatcher-2] INFO  c.s.f.r.e.s.SocketRear  - FlameSocketGraphDeployerRear@172.31.37.101: connected to 172.31.34.147:5678
09:49:58.893 [worker-akka.actor.default-dispatcher-2] INFO  a.a.LocalActorRef akka://worker/user/watcher/graph0000000000/edge/FlameSocketGraphDeployerRear - Starting...
09:49:58.894 [worker-akka.actor.default-dispatcher-2] INFO  a.a.LocalActorRef akka://worker/user/watcher/graph0000000000/edge/FlameSocketGraphDeployerFront - Starting...
09:49:58.896 [worker-akka.actor.default-dispatcher-2] INFO  a.a.LocalActorRef akka://worker/user/watcher/graph0000000000/negotiator - Requesting ticket for the frontClass FlameSocketGraphDeployerFront@172.31.37.101
09:49:58.905 [worker-akka.actor.default-dispatcher-2] INFO  a.a.LocalActorRef akka://worker/user/watcher/graph0000000000/negotiator - Ticket for the frontClass received: FrontTicket{allowedTimestamp=(1519379397270, FlameSocketGraphDeployerFront@172.31.37.101)}
09:49:58.906 [worker-akka.actor.default-dispatcher-2] INFO  c.s.f.r.e.s.SocketFront  - FlameSocketGraphDeployerFront@172.31.37.101: connecting to 172.31.34.147:4567
09:49:58.921 [Client] INFO  c.s.f.r.e.s.SocketFront  - FlameSocketGraphDeployerFront@172.31.37.101 has been disconnected from Connection 5
2018-02-23T09:50:03.180+0000: 17.421: [GC (Allocation Failure) 2018-02-23T09:50:03.180+0000: 17.421: [DefNew: 136576K->14053K(153600K), 0.0592854 secs] 151987K->48996K(494976K), 0.0593555 secs] [Times: user=0.02 sys=0.04, real=0.06 secs] 
2018-02-23T09:50:07.279+0000: 21.520: [GC (Allocation Failure) 2018-02-23T09:50:07.279+0000: 21.520: [DefNew: 150629K->4717K(153600K), 0.0194237 secs] 185572K->45812K(494976K), 0.0194905 secs] [Times: user=0.02 sys=0.01, real=0.02 secs] 
2018-02-23T09:50:16.920+0000: 31.160: [GC (Allocation Failure) 2018-02-23T09:50:16.920+0000: 31.161: [DefNew: 141293K->7235K(153600K), 0.0153882 secs] 182388K->48329K(494976K), 0.0154498 secs] [Times: user=0.01 sys=0.00, real=0.01 secs] 
2018-02-23T09:50:25.714+0000: 39.955: [GC (Allocation Failure) 2018-02-23T09:50:25.714+0000: 39.955: [DefNew: 143811K->9400K(153600K), 0.0238556 secs] 184905K->50495K(494976K), 0.0239219 secs] [Times: user=0.02 sys=0.00, real=0.03 secs] 
2018-02-23T09:50:31.298+0000: 45.538: [GC (Allocation Failure) 2018-02-23T09:50:31.298+0000: 45.538: [DefNew: 145976K->9578K(153600K), 0.0214799 secs] 187071K->52651K(494976K), 0.0215709 secs] [Times: user=0.02 sys=0.00, real=0.02 secs] 
2018-02-23T09:50:37.295+0000: 51.536: [GC (Allocation Failure) 2018-02-23T09:50:37.295+0000: 51.536: [DefNew: 146154K->8828K(153600K), 0.0222198 secs] 189227K->53826K(494976K), 0.0222786 secs] [Times: user=0.03 sys=0.00, real=0.03 secs] 
2018-02-23T09:50:44.266+0000: 58.507: [GC (Allocation Failure) 2018-02-23T09:50:44.266+0000: 58.507: [DefNew: 145404K->8033K(153600K), 0.0175933 secs] 190402K->54887K(494976K), 0.0176566 secs] [Times: user=0.02 sys=0.00, real=0.01 secs] 
2018-02-23T09:50:49.886+0000: 64.126: [GC (Allocation Failure) 2018-02-23T09:50:49.886+0000: 64.126: [DefNew: 144609K->10510K(153600K), 0.0173359 secs] 191463K->57364K(494976K), 0.0174157 secs] [Times: user=0.01 sys=0.00, real=0.01 secs] 
2018-02-23T09:50:55.272+0000: 69.513: [GC (Allocation Failure) 2018-02-23T09:50:55.272+0000: 69.513: [DefNew: 147086K->9074K(153600K), 0.0214373 secs] 193940K->59096K(494976K), 0.0214988 secs] [Times: user=0.03 sys=0.00, real=0.02 secs] 
2018-02-23T09:51:02.940+0000: 77.180: [GC (Allocation Failure) 2018-02-23T09:51:02.940+0000: 77.180: [DefNew: 145650K->9271K(153600K), 0.0198809 secs] 195672K->60901K(494976K), 0.0199483 secs] [Times: user=0.02 sys=0.00, real=0.02 secs] 
2018-02-23T09:51:09.683+0000: 83.924: [GC (Allocation Failure) 2018-02-23T09:51:09.684+0000: 83.924: [DefNew: 145847K->9714K(153600K), 0.0225553 secs] 197477K->62813K(494976K), 0.0226349 secs] [Times: user=0.01 sys=0.00, real=0.03 secs] 
2018-02-23T09:51:18.012+0000: 92.253: [GC (Allocation Failure) 2018-02-23T09:51:18.012+0000: 92.253: [DefNew: 146290K->9145K(153600K), 0.0207774 secs] 199389K->64111K(494976K), 0.0208476 secs] [Times: user=0.02 sys=0.00, real=0.02 secs] 
2018-02-23T09:51:28.127+0000: 102.367: [GC (Allocation Failure) 2018-02-23T09:51:28.127+0000: 102.367: [DefNew: 145721K->9120K(153600K), 0.0185937 secs] 200687K->65733K(494976K), 0.0186771 secs] [Times: user=0.02 sys=0.00, real=0.02 secs] 
2018-02-23T09:51:37.181+0000: 111.422: [GC (Allocation Failure) 2018-02-23T09:51:37.181+0000: 111.422: [DefNew: 145696K->10064K(153600K), 0.0210281 secs] 202309K->68068K(494976K), 0.0211032 secs] [Times: user=0.01 sys=0.00, real=0.02 secs] 
2018-02-23T09:51:44.735+0000: 118.976: [GC (Allocation Failure) 2018-02-23T09:51:44.735+0000: 118.976: [DefNew: 146640K->9654K(153600K), 0.0247556 secs] 204644K->69423K(494976K), 0.0248282 secs] [Times: user=0.02 sys=0.00, real=0.03 secs] 
2018-02-23T09:51:50.730+0000: 124.971: [GC (Allocation Failure) 2018-02-23T09:51:50.730+0000: 124.971: [DefNew: 146230K->10349K(153600K), 0.0205469 secs] 205999K->71759K(494976K), 0.0206091 secs] [Times: user=0.02 sys=0.00, real=0.02 secs] 
2018-02-23T09:51:58.920+0000: 133.161: [GC (Allocation Failure) 2018-02-23T09:51:58.920+0000: 133.161: [DefNew: 146925K->10703K(153600K), 0.0252675 secs] 208335K->73720K(494976K), 0.0253316 secs] [Times: user=0.01 sys=0.02, real=0.03 secs] 
2018-02-23T09:52:07.860+0000: 142.101: [GC (Allocation Failure) 2018-02-23T09:52:07.861+0000: 142.101: [DefNew: 147279K->7934K(153600K), 0.0255384 secs] 210296K->75286K(494976K), 0.0263812 secs] [Times: user=0.02 sys=0.01, real=0.03 secs] 
2018-02-23T09:52:17.563+0000: 151.803: [GC (Allocation Failure) 2018-02-23T09:52:17.563+0000: 151.803: [DefNew: 144510K->9958K(153600K), 0.0170855 secs] 211862K->77310K(494976K), 0.0171508 secs] [Times: user=0.01 sys=0.00, real=0.02 secs] 
2018-02-23T09:52:24.671+0000: 158.911: [GC (Allocation Failure) 2018-02-23T09:52:24.671+0000: 158.911: [DefNew: 146534K->9872K(153600K), 0.0191852 secs] 213886K->78827K(494976K), 0.0192509 secs] [Times: user=0.02 sys=0.00, real=0.02 secs] 
2018-02-23T09:52:34.464+0000: 168.705: [GC (Allocation Failure) 2018-02-23T09:52:34.464+0000: 168.705: [DefNew: 146448K->10308K(153600K), 0.0219364 secs] 215403K->80873K(494976K), 0.0220022 secs] [Times: user=0.02 sys=0.01, real=0.03 secs] 
2018-02-23T09:52:42.557+0000: 176.798: [GC (Allocation Failure) 2018-02-23T09:52:42.557+0000: 176.798: [DefNew: 146884K->8846K(153600K), 0.0225781 secs] 217449K->82704K(494976K), 0.0226611 secs] [Times: user=0.02 sys=0.00, real=0.02 secs] 
2018-02-23T09:52:50.173+0000: 184.414: [GC (Allocation Failure) 2018-02-23T09:52:50.174+0000: 184.414: [DefNew: 145422K->9547K(153600K), 0.0209833 secs] 219280K->85409K(494976K), 0.0210558 secs] [Times: user=0.01 sys=0.01, real=0.02 secs] 
2018-02-23T09:52:58.451+0000: 192.691: [GC (Allocation Failure) 2018-02-23T09:52:58.451+0000: 192.691: [DefNew: 146123K->9199K(153600K), 0.0201879 secs] 221985K->86890K(494976K), 0.0202529 secs] [Times: user=0.02 sys=0.00, real=0.02 secs] 
2018-02-23T09:53:06.903+0000: 201.144: [GC (Allocation Failure) 2018-02-23T09:53:06.904+0000: 201.144: [DefNew: 145775K->8530K(153600K), 0.0194482 secs] 223466K->88100K(494976K), 0.0195097 secs] [Times: user=0.02 sys=0.00, real=0.02 secs] 
2018-02-23T09:53:15.398+0000: 209.639: [GC (Allocation Failure) 2018-02-23T09:53:15.398+0000: 209.639: [DefNew: 145106K->8971K(153600K), 0.0196785 secs] 224676K->90319K(494976K), 0.0197477 secs] [Times: user=0.02 sys=0.00, real=0.02 secs] 
2018-02-23T09:53:21.968+0000: 216.208: [GC (Allocation Failure) 2018-02-23T09:53:21.968+0000: 216.208: [DefNew: 145547K->9311K(153600K), 0.0180206 secs] 226895K->92466K(494976K), 0.0180842 secs] [Times: user=0.01 sys=0.00, real=0.02 secs] 
2018-02-23T09:53:30.601+0000: 224.841: [GC (Allocation Failure) 2018-02-23T09:53:30.601+0000: 224.841: [DefNew: 145887K->9212K(153600K), 0.0199004 secs] 229042K->94373K(494976K), 0.0199647 secs] [Times: user=0.02 sys=0.00, real=0.02 secs] 
2018-02-23T09:53:38.825+0000: 233.065: [GC (Allocation Failure) 2018-02-23T09:53:38.825+0000: 233.065: [DefNew: 145788K->10436K(153600K), 0.0210555 secs] 230949K->97271K(494976K), 0.0211198 secs] [Times: user=0.03 sys=0.00, real=0.02 secs] 
2018-02-23T09:53:47.651+0000: 241.892: [GC (Allocation Failure) 2018-02-23T09:53:47.652+0000: 241.892: [DefNew: 147012K->10102K(153600K), 0.0198452 secs] 233847K->98737K(494976K), 0.0199397 secs] [Times: user=0.02 sys=0.00, real=0.02 secs] 
2018-02-23T09:53:56.832+0000: 251.073: [GC (Allocation Failure) 2018-02-23T09:53:56.832+0000: 251.073: [DefNew: 146678K->9629K(153600K), 0.0201699 secs] 235313K->100662K(494976K), 0.0202481 secs] [Times: user=0.02 sys=0.00, real=0.02 secs] 
2018-02-23T09:54:05.980+0000: 260.221: [GC (Allocation Failure) 2018-02-23T09:54:05.980+0000: 260.221: [DefNew: 146205K->9836K(153600K), 0.0260491 secs] 237238K->102725K(494976K), 0.0261130 secs] [Times: user=0.02 sys=0.01, real=0.03 secs] 
2018-02-23T09:54:13.797+0000: 268.037: [GC (Allocation Failure) 2018-02-23T09:54:13.797+0000: 268.037: [DefNew: 146412K->10132K(153600K), 0.0203904 secs] 239301K->104772K(494976K), 0.0204549 secs] [Times: user=0.03 sys=0.00, real=0.02 secs] 
2018-02-23T09:54:20.410+0000: 274.651: [GC (Allocation Failure) 2018-02-23T09:54:20.410+0000: 274.651: [DefNew: 146708K->9772K(153600K), 0.0198641 secs] 241348K->106324K(494976K), 0.0199282 secs] [Times: user=0.01 sys=0.00, real=0.02 secs] 
2018-02-23T09:54:27.957+0000: 282.197: [GC (Allocation Failure) 2018-02-23T09:54:27.957+0000: 282.197: [DefNew: 146348K->10299K(153600K), 0.0206381 secs] 242900K->108701K(494976K), 0.0207236 secs] [Times: user=0.02 sys=0.01, real=0.02 secs] 
2018-02-23T09:54:33.064+0000: 287.304: [GC (Allocation Failure) 2018-02-23T09:54:33.064+0000: 287.304: [DefNew: 146875K->10319K(153600K), 0.0198800 secs] 245277K->110558K(494976K), 0.0199454 secs] [Times: user=0.02 sys=0.00, real=0.02 secs] 
2018-02-23T09:54:40.681+0000: 294.921: [GC (Allocation Failure) 2018-02-23T09:54:40.681+0000: 294.921: [DefNew: 146895K->10345K(153600K), 0.0204786 secs] 247134K->112624K(494976K), 0.0205530 secs] [Times: user=0.02 sys=0.01, real=0.02 secs] 
2018-02-23T09:54:50.073+0000: 304.313: [GC (Allocation Failure) 2018-02-23T09:54:50.073+0000: 304.313: [DefNew: 146921K->10979K(153600K), 0.0216983 secs] 249200K->114916K(494976K), 0.0217638 secs] [Times: user=0.02 sys=0.00, real=0.02 secs] 
2018-02-23T09:54:57.005+0000: 311.246: [GC (Allocation Failure) 2018-02-23T09:54:57.005+0000: 311.246: [DefNew: 147555K->11504K(153600K), 0.0226698 secs] 251492K->117549K(494976K), 0.0227495 secs] [Times: user=0.02 sys=0.00, real=0.02 secs] 
2018-02-23T09:55:02.855+0000: 317.096: [GC (Allocation Failure) 2018-02-23T09:55:02.855+0000: 317.096: [DefNew: 148080K->6968K(153600K), 0.0205933 secs] 254125K->118859K(494976K), 0.0206599 secs] [Times: user=0.03 sys=0.00, real=0.02 secs] 
2018-02-23T09:55:09.488+0000: 323.729: [GC (Allocation Failure) 2018-02-23T09:55:09.488+0000: 323.729: [DefNew: 143544K->10523K(153600K), 0.0172157 secs] 255435K->122415K(494976K), 0.0172804 secs] [Times: user=0.02 sys=0.00, real=0.02 secs] 
2018-02-23T09:55:17.908+0000: 332.148: [GC (Allocation Failure) 2018-02-23T09:55:17.908+0000: 332.148: [DefNew: 147099K->11296K(153600K), 0.0204873 secs] 258991K->124720K(494976K), 0.0205488 secs] [Times: user=0.02 sys=0.00, real=0.02 secs] 
2018-02-23T09:55:26.443+0000: 340.684: [GC (Allocation Failure) 2018-02-23T09:55:26.443+0000: 340.684: [DefNew: 147872K->12012K(153600K), 0.0221113 secs] 261296K->127333K(494976K), 0.0221779 secs] [Times: user=0.02 sys=0.00, real=0.03 secs] 
2018-02-23T09:55:33.858+0000: 348.099: [GC (Allocation Failure) 2018-02-23T09:55:33.858+0000: 348.099: [DefNew: 148588K->8396K(153600K), 0.0276499 secs] 263909K->129450K(494976K), 0.0277258 secs] [Times: user=0.01 sys=0.02, real=0.03 secs] 
2018-02-23T09:55:43.499+0000: 357.739: [GC (Allocation Failure) 2018-02-23T09:55:43.499+0000: 357.739: [DefNew: 144972K->14597K(153600K), 0.0216962 secs] 266026K->135650K(494976K), 0.0217585 secs] [Times: user=0.02 sys=0.00, real=0.02 secs] 
2018-02-23T09:55:50.007+0000: 364.247: [GC (Allocation Failure) 2018-02-23T09:55:50.007+0000: 364.247: [DefNew: 151173K->8532K(153600K), 0.0265880 secs] 272226K->136871K(494976K), 0.0266659 secs] [Times: user=0.03 sys=0.00, real=0.02 secs] 
2018-02-23T09:55:58.385+0000: 372.625: [GC (Allocation Failure) 2018-02-23T09:55:58.385+0000: 372.625: [DefNew: 145108K->9039K(153600K), 0.0199185 secs] 273447K->140944K(494976K), 0.0199847 secs] [Times: user=0.02 sys=0.01, real=0.02 secs] 
2018-02-23T09:56:07.208+0000: 381.448: [GC (Allocation Failure) 2018-02-23T09:56:07.208+0000: 381.448: [DefNew: 145615K->9109K(153600K), 0.0252317 secs] 277520K->144515K(494976K), 0.0253150 secs] [Times: user=0.02 sys=0.01, real=0.02 secs] 
2018-02-23T09:56:14.679+0000: 388.919: [GC (Allocation Failure) 2018-02-23T09:56:14.679+0000: 388.919: [DefNew: 145685K->9123K(153600K), 0.0189441 secs] 281091K->148051K(494976K), 0.0190140 secs] [Times: user=0.02 sys=0.00, real=0.02 secs] 
2018-02-23T09:56:23.585+0000: 397.825: [GC (Allocation Failure) 2018-02-23T09:56:23.585+0000: 397.825: [DefNew: 145699K->8898K(153600K), 0.0193954 secs] 284627K->151613K(494976K), 0.0194857 secs] [Times: user=0.01 sys=0.02, real=0.02 secs] 
2018-02-23T09:56:31.575+0000: 405.815: [GC (Allocation Failure) 2018-02-23T09:56:31.575+0000: 405.815: [DefNew: 145474K->9350K(153600K), 0.0241053 secs] 288189K->155650K(494976K), 0.0241792 secs] [Times: user=0.01 sys=0.01, real=0.03 secs] 
2018-02-23T09:56:39.029+0000: 413.269: [GC (Allocation Failure) 2018-02-23T09:56:39.029+0000: 413.269: [DefNew: 145926K->9326K(153600K), 0.0194251 secs] 292226K->159649K(494976K), 0.0194910 secs] [Times: user=0.01 sys=0.01, real=0.02 secs] 
2018-02-23T09:56:45.932+0000: 420.172: [GC (Allocation Failure) 2018-02-23T09:56:45.932+0000: 420.172: [DefNew: 145902K->8931K(153600K), 0.0238206 secs] 296225K->163019K(494976K), 0.0238897 secs] [Times: user=0.02 sys=0.00, real=0.02 secs] 
2018-02-23T09:56:53.387+0000: 427.627: [GC (Allocation Failure) 2018-02-23T09:56:53.387+0000: 427.627: [DefNew: 145507K->9111K(153600K), 0.0190325 secs] 299595K->166892K(494976K), 0.0190959 secs] [Times: user=0.02 sys=0.00, real=0.02 secs] 
2018-02-23T09:57:01.167+0000: 435.408: [GC (Allocation Failure) 2018-02-23T09:57:01.167+0000: 435.408: [DefNew: 145687K->9585K(153600K), 0.0324259 secs] 303468K->170888K(494976K), 0.0324904 secs] [Times: user=0.00 sys=0.03, real=0.03 secs] 
2018-02-23T09:57:07.579+0000: 441.819: [GC (Allocation Failure) 2018-02-23T09:57:07.579+0000: 441.819: [DefNew: 146161K->8841K(153600K), 0.0265823 secs] 307464K->174314K(494976K), 0.0266483 secs] [Times: user=0.01 sys=0.01, real=0.03 secs] 
2018-02-23T09:57:15.787+0000: 450.028: [GC (Allocation Failure) 2018-02-23T09:57:15.787+0000: 450.028: [DefNew: 145417K->9414K(153600K), 0.0189096 secs] 310890K->178660K(494976K), 0.0190003 secs] [Times: user=0.02 sys=0.00, real=0.02 secs] 
2018-02-23T09:57:23.283+0000: 457.524: [GC (Allocation Failure) 2018-02-23T09:57:23.283+0000: 457.524: [DefNew: 145990K->9043K(153600K), 0.0286676 secs] 315236K->182500K(494976K), 0.0287360 secs] [Times: user=0.02 sys=0.02, real=0.03 secs] 
2018-02-23T09:57:30.612+0000: 464.852: [GC (Allocation Failure) 2018-02-23T09:57:30.612+0000: 464.852: [DefNew: 145619K->10154K(153600K), 0.0355454 secs] 319076K->186919K(494976K), 0.0356083 secs] [Times: user=0.01 sys=0.02, real=0.04 secs] 
2018-02-23T09:57:38.269+0000: 472.509: [GC (Allocation Failure) 2018-02-23T09:57:38.269+0000: 472.509: [DefNew: 146730K->9343K(153600K), 0.0204911 secs] 323495K->190680K(494976K), 0.0205542 secs] [Times: user=0.02 sys=0.01, real=0.02 secs] 
2018-02-23T09:57:47.427+0000: 481.668: [GC (Allocation Failure) 2018-02-23T09:57:47.427+0000: 481.668: [DefNew: 145919K->9724K(153600K), 0.0322500 secs] 327256K->194791K(494976K), 0.0323160 secs] [Times: user=0.01 sys=0.02, real=0.03 secs] 
2018-02-23T09:57:54.136+0000: 488.376: [GC (Allocation Failure) 2018-02-23T09:57:54.136+0000: 488.376: [DefNew: 146300K->8806K(153600K), 0.0319641 secs] 331367K->198538K(494976K), 0.0320319 secs] [Times: user=0.01 sys=0.02, real=0.04 secs] 
2018-02-23T09:58:02.058+0000: 496.299: [GC (Allocation Failure) 2018-02-23T09:58:02.058+0000: 496.299: [DefNew: 145382K->9759K(153600K), 0.0191503 secs] 335114K->203131K(494976K), 0.0192258 secs] [Times: user=0.02 sys=0.00, real=0.02 secs] 
2018-02-23T09:58:06.798+0000: 501.039: [GC (Allocation Failure) 2018-02-23T09:58:06.798+0000: 501.039: [DefNew: 146335K->9954K(153600K), 0.0208743 secs] 339707K->208034K(494976K), 0.0209408 secs] [Times: user=0.03 sys=0.00, real=0.02 secs] 
2018-02-23T09:58:13.327+0000: 507.568: [GC (Allocation Failure) 2018-02-23T09:58:13.327+0000: 507.568: [DefNew: 146530K->9383K(153600K), 0.0269665 secs] 344610K->211590K(494976K), 0.0270433 secs] [Times: user=0.02 sys=0.01, real=0.02 secs] 
2018-02-23T09:58:22.113+0000: 516.353: [GC (Allocation Failure) 2018-02-23T09:58:22.113+0000: 516.353: [DefNew: 145959K->9941K(153600K), 0.0279338 secs] 348166K->216081K(494976K), 0.0280001 secs] [Times: user=0.02 sys=0.01, real=0.03 secs] 
2018-02-23T09:58:29.137+0000: 523.378: [GC (Allocation Failure) 2018-02-23T09:58:29.138+0000: 523.378: [DefNew: 146517K->10068K(153600K), 0.0367605 secs] 352657K->220746K(494976K), 0.0368295 secs] [Times: user=0.01 sys=0.03, real=0.03 secs] 
2018-02-23T09:58:36.179+0000: 530.419: [GC (Allocation Failure) 2018-02-23T09:58:36.179+0000: 530.419: [DefNew: 146644K->9215K(153600K), 0.0269783 secs] 357322K->224434K(494976K), 0.0270554 secs] [Times: user=0.01 sys=0.02, real=0.03 secs] 
09:58:36.642 [Client] INFO  c.s.f.r.e.s.SocketRear  - FlameSocketGraphDeployerRear@172.31.37.101: has been disconnected from Connection 5
09:58:47.442 [worker-akka.actor.default-dispatcher-2] INFO  a.a.CoordinatedShutdown CoordinatedShutdown(akka://worker) - Starting coordinated shutdown from JVM shutdown hook
09:58:47.492 [worker-akka.actor.default-dispatcher-2] INFO  a.a.LocalActorRef akka://worker/user/watcher/graph0000000000/negotiator - Stopped
09:58:47.494 [worker-akka.actor.default-dispatcher-2] INFO  a.a.LocalActorRef akka://worker/user/watcher/graph0000000000/edge/FlameSocketGraphDeployerFront - Stopped
09:58:47.494 [worker-akka.actor.default-dispatcher-2] INFO  a.a.LocalActorRef akka://worker/user/watcher/graph0000000000/edge/FlameSocketGraphDeployerRear - Stopped
09:58:47.495 [worker-akka.actor.default-dispatcher-2] INFO  a.a.LocalActorRef akka://worker/user/watcher/graph0000000000/graph/local-acker/$a - Stopped
09:58:47.495 [worker-akka.actor.default-dispatcher-2] INFO  a.a.LocalActorRef akka://worker/user/watcher/graph0000000000/graph/$a - Stopped
09:58:47.495 [worker-akka.actor.default-dispatcher-2] INFO  a.a.LocalActorRef akka://worker/user/watcher/graph0000000000/graph/local-acker/$a - Message [com.spbsu.flamestream.runtime.utils.akka.PingActor$InnerPing] from Actor[akka://worker/user/watcher/graph0000000000/graph/local-acker/$a#-353679090] to Actor[akka://worker/user/watcher/graph0000000000/graph/local-acker/$a#-353679090] was not delivered. [1] dead letters encountered. This logging can be turned off or adjusted with configuration settings 'akka.log-dead-letters' and 'akka.log-dead-letters-during-shutdown'.
09:58:47.497 [worker-akka.actor.default-dispatcher-2] INFO  a.a.LocalActorRef akka://worker/user/watcher/graph0000000000/graph/local-acker - Stopped
09:58:47.497 [worker-akka.actor.default-dispatcher-2] INFO  a.a.LocalActorRef akka://worker/user/watcher/graph0000000000/graph/$b - Stopped
09:58:47.497 [worker-akka.actor.default-dispatcher-2] INFO  a.a.LocalActorRef akka://worker/user/watcher/graph0000000000/graph/$c - Stopped
09:58:47.502 [worker-akka.actor.default-dispatcher-2] INFO  a.a.LocalActorRef akka://worker/user/watcher/graph0000000000/edge - Stopped
09:58:47.503 [worker-akka.actor.default-dispatcher-2] INFO  a.a.LocalActorRef akka://worker/user/watcher/graph0000000000/graph - Stopped
09:58:47.503 [worker-akka.actor.default-dispatcher-2] INFO  a.a.LocalActorRef akka://worker/user/watcher/graph0000000000 - Stopped
09:58:47.504 [worker-akka.actor.default-dispatcher-2] INFO  a.a.LocalActorRef akka://worker/user/watcher/graph0000000000/graph/local-acker/$a - Message [com.spbsu.flamestream.runtime.utils.akka.PingActor$Stop] from Actor[akka://worker/user/watcher/graph0000000000/graph/local-acker#733075404] to Actor[akka://worker/user/watcher/graph0000000000/graph/local-acker/$a#-353679090] was not delivered. [2] dead letters encountered. This logging can be turned off or adjusted with configuration settings 'akka.log-dead-letters' and 'akka.log-dead-letters-during-shutdown'.
09:58:47.505 [worker-akka.actor.default-dispatcher-2] INFO  a.a.LocalActorRef akka://worker/user/watcher/graph0000000000/graph/local-acker - Message [com.spbsu.flamestream.runtime.acker.LocalAcker$Flush] from Actor[akka://worker/user/watcher/graph0000000000/graph/local-acker#733075404] to Actor[akka://worker/user/watcher/graph0000000000/graph/local-acker#733075404] was not delivered. [3] dead letters encountered. This logging can be turned off or adjusted with configuration settings 'akka.log-dead-letters' and 'akka.log-dead-letters-during-shutdown'.
09:58:47.505 [worker-akka.actor.default-dispatcher-2] INFO  a.a.LocalActorRef akka://worker/user/watcher/graph0000000000/graph/local-acker - Message [com.spbsu.flamestream.runtime.acker.LocalAcker$Flush] from Actor[akka://worker/user/watcher/graph0000000000/graph/local-acker#733075404] to Actor[akka://worker/user/watcher/graph0000000000/graph/local-acker#733075404] was not delivered. [4] dead letters encountered. This logging can be turned off or adjusted with configuration settings 'akka.log-dead-letters' and 'akka.log-dead-letters-during-shutdown'.
09:58:47.507 [worker-akka.actor.default-dispatcher-2] INFO  a.a.LocalActorRef akka://worker/user/watcher/graph0000000000/graph/local-acker - Message [com.spbsu.flamestream.runtime.acker.LocalAcker$Flush] from Actor[akka://worker/user/watcher/graph0000000000/graph/local-acker#733075404] to Actor[akka://worker/user/watcher/graph0000000000/graph/local-acker#733075404] was not delivered. [5] dead letters encountered. This logging can be turned off or adjusted with configuration settings 'akka.log-dead-letters' and 'akka.log-dead-letters-during-shutdown'.
09:58:47.507 [worker-akka.actor.default-dispatcher-2] INFO  a.a.LocalActorRef akka://worker/user/watcher/graph0000000000/graph/local-acker - Message [com.spbsu.flamestream.runtime.acker.LocalAcker$Flush] from Actor[akka://worker/user/watcher/graph0000000000/graph/local-acker#733075404] to Actor[akka://worker/user/watcher/graph0000000000/graph/local-acker#733075404] was not delivered. [6] dead letters encountered. This logging can be turned off or adjusted with configuration settings 'akka.log-dead-letters' and 'akka.log-dead-letters-during-shutdown'.
09:58:47.510 [worker-akka.actor.default-dispatcher-2-EventThread] INFO  o.a.z.ClientCnxn  - EventThread shut down for session: 0x161c210fbd10008
09:58:47.510 [worker-akka.actor.default-dispatcher-2] INFO  o.a.z.ZooKeeper  - Session: 0x161c210fbd10008 closed
09:58:47.512 [worker-akka.actor.default-dispatcher-2] INFO  a.a.RepointableActorRef akka://worker/user/watcher - Stopped
09:58:47.529 [worker-akka.actor.default-dispatcher-2] INFO  a.r.RemoteActorRefProvider$RemotingTerminator akka://worker@172.31.37.101:5412/system/remoting-terminator - Shutting down remote daemon.
09:58:47.532 [worker-akka.actor.default-dispatcher-2] INFO  a.r.RemoteActorRefProvider$RemotingTerminator akka://worker@172.31.37.101:5412/system/remoting-terminator - Remote daemon shut down; proceeding with flushing remote transports.
09:58:48.647 [worker-akka.actor.default-dispatcher-2] INFO  a.r.RemoteActorRefProvider$RemotingTerminator akka://worker@172.31.37.101:5412/system/remoting-terminator - Remoting shut down.
Heap
 def new generation   total 153600K, used 30180K [0x00000000e0c00000, 0x00000000eb2a0000, 0x00000000eb2a0000)
  eden space 136576K,  15% used [0x00000000e0c00000, 0x00000000e20793b8, 0x00000000e9160000)
  from space 17024K,  54% used [0x00000000e9160000, 0x00000000e9a5fc98, 0x00000000ea200000)
  to   space 17024K,   0% used [0x00000000ea200000, 0x00000000ea200000, 0x00000000eb2a0000)
 tenured generation   total 341376K, used 215219K [0x00000000eb2a0000, 0x0000000100000000, 0x0000000100000000)
   the space 341376K,  63% used [0x00000000eb2a0000, 0x00000000f84ccd30, 0x00000000f84cce00, 0x0000000100000000)
 Metaspace       used 33357K, capacity 34158K, committed 34432K, reserved 1079296K
  class space    used 4455K, capacity 4622K, committed 4736K, reserved 1048576K
