13:12:00.926 [worker-akka.actor.default-dispatcher-2] INFO  a.e.s.Slf4jLogger  - Slf4jLogger started
2018-02-19T13:12:01.106+0000: 2.690: [Full GC (Metadata GC Threshold) 2018-02-19T13:12:01.106+0000: 2.690: [Tenured: 0K->15410K(341376K), 0.0381315 secs] 117538K->15410K(494976K), [Metaspace: 20879K->20879K(1067008K)], 0.0381945 secs] [Times: user=0.03 sys=0.00, real=0.03 secs] 
Ama winner
Ama winner
13:12:01.580 [worker-akka.actor.default-dispatcher-2] INFO  a.r.a.ArteryTransport(akka://worker) akka.remote.artery.ArteryTransport(akka://worker) - Started embedded media driver in directory [/dev/shm/aeron-root-worker-4a8350e7-b835-4e1d-a6a7-793272e93f16]
13:12:01.795 [worker-akka.actor.default-dispatcher-2] INFO  a.r.a.ArteryTransport(akka://worker) akka.remote.artery.ArteryTransport(akka://worker) - Remoting started; listening on address: [akka://worker@172.31.47.83:5412] with UID [6370900484483117270]
13:12:01.900 [worker-akka.actor.default-dispatcher-2] INFO  o.a.z.ZooKeeper  - Client environment:zookeeper.version=3.4.9-1757313, built on 08/23/2016 06:50 GMT
13:12:01.900 [worker-akka.actor.default-dispatcher-2] INFO  o.a.z.ZooKeeper  - Client environment:host.name=ip-172-31-47-83.us-east-2.compute.internal
13:12:01.900 [worker-akka.actor.default-dispatcher-2] INFO  o.a.z.ZooKeeper  - Client environment:java.version=1.8.0_151
13:12:01.901 [worker-akka.actor.default-dispatcher-2] INFO  o.a.z.ZooKeeper  - Client environment:java.vendor=Oracle Corporation
13:12:01.901 [worker-akka.actor.default-dispatcher-2] INFO  o.a.z.ZooKeeper  - Client environment:java.home=/usr/lib/jvm/java-8-openjdk-amd64/jre
13:12:01.901 [worker-akka.actor.default-dispatcher-2] INFO  o.a.z.ZooKeeper  - Client environment:java.class.path=lib/commons-cli-1.4.jar:lib/minlog-1.3.0.jar:lib/asm-5.0.4.jar:lib/hadoop-annotations-2.7.3.jar:lib/hadoop-auth-2.7.3.jar:lib/akka-slf4j_2.11-2.5.6.jar:lib/jersey-core-1.9.jar:lib/lz4-1.3.0.jar:lib/jackson-core-asl-1.9.13.jar:lib/aeron-client-1.3.0.jar:lib/htrace-core-3.1.0-incubating.jar:lib/xz-1.0.jar:lib/commons-httpclient-3.1.jar:lib/asm-3.1.jar:lib/commons-lang3-3.4.jar:lib/scala-library-2.11.11.jar:lib/scala-java8-compat_2.11-0.7.0.jar:lib/commons-configuration-1.6.jar:lib/objenesis-2.1.jar:lib/jackson-annotations-2.8.0.jar:lib/jsr305-3.0.0.jar:lib/curator-framework-2.7.1.jar:lib/jersey-server-1.9.jar:lib/jets3t-0.9.0.jar:lib/leveldb-0.7.jar:lib/jetty-6.1.26.jar:lib/stax-api-1.0-2.jar:lib/flamestream-core-1.0-SNAPSHOT.jar:lib/reflectasm-1.07-shaded.jar:lib/apacheds-kerberos-codec-2.0.0-M15.jar:lib/api-asn1-api-1.0.0-M20.jar:lib/commons-lang-2.6.jar:lib/commons-beanutils-1.7.0.jar:lib/jackson-xc-1.8.3.jar:lib/jetty-util-6.1.26.jar:lib/logback-classic-1.2.3.jar:lib/jool-0.9.12.jar:lib/flamestream-runtime-1.0-SNAPSHOT-tests.jar:lib/httpcore-4.1.2.jar:lib/kryo-4.0.0.jar:lib/ant-1.8.1.jar:lib/jaxb-impl-2.2.3-1.jar:lib/jersey-json-1.9.jar:lib/commons-compress-1.4.1.jar:lib/leveldbjni-all-1.8.jar:lib/paranamer-2.3.jar:lib/jackson-core-2.8.4.jar:lib/commons-math3-3.6.1.jar:lib/scala-parser-combinators_2.11-1.0.4.jar:lib/netty-3.10.6.Final.jar:lib/trove4j-3.0.3.jar:lib/jaxb-api-2.2.2.jar:lib/logback-core-1.2.3.jar:lib/snappy-java-1.0.4.1.jar:lib/protobuf-java-2.5.0.jar:lib/reactive-streams-1.0.1.jar:lib/flamestream-examples-1.0-SNAPSHOT.jar:lib/commons-codec-1.4.jar:lib/activation-1.1.jar:lib/commons-net-3.1.jar:lib/curator-recipes-2.7.1.jar:lib/jackson-mapper-asl-1.9.13.jar:lib/jackson-databind-2.8.4.jar:lib/flamestream-runtime-1.0-SNAPSHOT.jar:lib/jackson-jaxrs-1.8.3.jar:lib/slf4j-api-1.7.24.jar:lib/akka-remote_2.11-2.5.6.jar:lib/akka-testkit_2.11-2.5.6.jar:lib/jline-0.9.94.jar:lib/akka-stream_2.11-2.5.6.jar:lib/jsp-api-2.1.jar:lib/kryonet-2.21.jar:lib/akka-kryo-serialization_2.11-0.5.0.jar:lib/config-1.3.1.jar:lib/ant-launcher-1.8.1.jar:lib/commons-logging-1.2.jar:lib/ssl-config-core_2.11-0.2.2.jar:lib/testng-6.10.jar:lib/leveldb-api-0.7.jar:lib/reflectasm-1.11.3.jar:lib/jcommander-1.48.jar:lib/commons-1.1.jar:lib/commons-digester-1.8.jar:lib/minlog-1.2.jar:lib/java-xmlbuilder-0.4.jar:lib/jettison-1.1.jar:lib/gson-2.2.4.jar:lib/jdk.tools-1.8.jar:lib/aeron-driver-1.3.0.jar:lib/zookeeper-3.4.9.jar:lib/commons-beanutils-core-1.8.0.jar:lib/commons-math3-3.1.1.jar:lib/akka-actor_2.11-2.5.6.jar:lib/curator-client-2.7.1.jar:lib/servlet-api-2.5.jar:lib/apacheds-i18n-2.0.0-M15.jar:lib/commons-io-2.4.jar:lib/commons-codec-1.6.jar:lib/akka-protobuf_2.11-2.5.6.jar:lib/protobuf-java-3.5.1.jar:lib/jdom-2.0.2.jar:lib/api-util-1.0.0-M20.jar:lib/hadoop-common-2.7.3.jar:lib/agrona-0.9.6.jar:lib/xmlenc-0.52.jar:lib/guava-21.0.jar:lib/commons-collections-3.2.2.jar:lib/avro-1.7.4.jar:lib/httpclient-4.1.2.jar:lib/flamestream-core-1.0-SNAPSHOT-tests.jar:lib/annotations-12.0.jar:lib/jsch-0.1.42.jar:flamestream-runtime-1.0-SNAPSHOT.jar
13:12:01.901 [worker-akka.actor.default-dispatcher-2] INFO  o.a.z.ZooKeeper  - Client environment:java.library.path=/usr/java/packages/lib/amd64:/usr/lib/x86_64-linux-gnu/jni:/lib/x86_64-linux-gnu:/usr/lib/x86_64-linux-gnu:/usr/lib/jni:/lib:/usr/lib
13:12:01.901 [worker-akka.actor.default-dispatcher-2] INFO  o.a.z.ZooKeeper  - Client environment:java.io.tmpdir=/tmp
13:12:01.901 [worker-akka.actor.default-dispatcher-2] INFO  o.a.z.ZooKeeper  - Client environment:java.compiler=<NA>
13:12:01.901 [worker-akka.actor.default-dispatcher-2] INFO  o.a.z.ZooKeeper  - Client environment:os.name=Linux
13:12:01.901 [worker-akka.actor.default-dispatcher-2] INFO  o.a.z.ZooKeeper  - Client environment:os.arch=amd64
13:12:01.901 [worker-akka.actor.default-dispatcher-2] INFO  o.a.z.ZooKeeper  - Client environment:os.version=4.4.0-1049-aws
13:12:01.901 [worker-akka.actor.default-dispatcher-2] INFO  o.a.z.ZooKeeper  - Client environment:user.name=root
13:12:01.903 [worker-akka.actor.default-dispatcher-2] INFO  o.a.z.ZooKeeper  - Client environment:user.home=/root
13:12:01.903 [worker-akka.actor.default-dispatcher-2] INFO  o.a.z.ZooKeeper  - Client environment:user.dir=/opt/flamestream
13:12:01.907 [worker-akka.actor.default-dispatcher-2] INFO  o.a.z.ZooKeeper  - Initiating client connection, connectString=172.31.34.147:2181 sessionTimeout=5000 watcher=com.spbsu.flamestream.runtime.application.LifecycleWatcher$$Lambda$29/764839090@3d5d5f13
13:12:01.941 [worker-akka.actor.default-dispatcher-2] INFO  a.a.RepointableActorRef akka://worker/user/watcher - Starting...
13:12:01.944 [worker-akka.actor.default-dispatcher-2-SendThread(172.31.34.147:2181)] INFO  o.a.z.ClientCnxn  - Opening socket connection to server 172.31.34.147/172.31.34.147:2181. Will not attempt to authenticate using SASL (unknown error)
13:12:01.948 [worker-akka.actor.default-dispatcher-2-SendThread(172.31.34.147:2181)] INFO  o.a.z.ClientCnxn  - Socket connection established to 172.31.34.147/172.31.34.147:2181, initiating session
13:12:01.957 [worker-akka.actor.default-dispatcher-2-SendThread(172.31.34.147:2181)] INFO  o.a.z.ClientCnxn  - Session establishment complete on server 172.31.34.147/172.31.34.147:2181, sessionid = 0x161ae307a94000b, negotiated timeout = 6000
13:12:02.057 [worker-akka.actor.default-dispatcher-2] INFO  a.a.RepointableActorRef akka://worker/user/watcher - Connected to ZK
13:12:10.855 [worker-akka.actor.default-dispatcher-2] INFO  a.a.RepointableActorRef akka://worker/user/watcher - Creating node with watchGraphs: 'com.spbsu.flamestream.core.Graph$Builder$MyGraph@4084ed8a', config: 'ClusterConfig{paths={172.31.33.155=akka://worker@172.31.33.155:5412/user/watcher/graph0000000000, 172.31.47.83=akka://worker@172.31.47.83:5412/user/watcher/graph0000000000, 172.31.45.197=akka://worker@172.31.45.197:5412/user/watcher/graph0000000000, 172.31.42.36=akka://worker@172.31.42.36:5412/user/watcher/graph0000000000, 172.31.44.83=akka://worker@172.31.44.83:5412/user/watcher/graph0000000000, 172.31.39.64=akka://worker@172.31.39.64:5412/user/watcher/graph0000000000, 172.31.35.79=akka://worker@172.31.35.79:5412/user/watcher/graph0000000000, 172.31.34.169=akka://worker@172.31.34.169:5412/user/watcher/graph0000000000, 172.31.47.100=akka://worker@172.31.47.100:5412/user/watcher/graph0000000000, 172.31.37.101=akka://worker@172.31.37.101:5412/user/watcher/graph0000000000}, ackerLocation='172.31.35.79', props=ComputationLayout{ranges={172.31.33.155=HashRange{from=-1670265060, to=-1193046472}, 172.31.47.83=HashRange{from=1670265056, to=2147483644}, 172.31.45.197=HashRange{from=-715827884, to=-238609296}, 172.31.42.36=HashRange{from=1193046468, to=1670265056}, 172.31.44.83=HashRange{from=-238609296, to=238609292}, 172.31.39.64=HashRange{from=715827880, to=1193046468}, 172.31.35.79=HashRange{from=0, to=0}, 172.31.34.169=HashRange{from=-2147483648, to=-1670265060}, 172.31.47.100=HashRange{from=238609292, to=715827880}, 172.31.37.101=HashRange{from=-1193046472, to=-715827884}}}}'
13:12:11.716 [worker-akka.actor.default-dispatcher-2] INFO  a.a.LocalActorRef akka://worker/user/watcher/graph0000000000/graph - Starting...
13:12:11.716 [worker-akka.actor.default-dispatcher-2] INFO  a.a.LocalActorRef akka://worker/user/watcher/graph0000000000/graph/local-acker - Starting...
13:12:11.716 [worker-akka.actor.default-dispatcher-2] INFO  a.a.LocalActorRef akka://worker/user/watcher/graph0000000000/graph/local-acker/$a - Starting...
Warning: space is running low in /dev/shm (tmpfs) threshold=167,772,160 usable=158,621,696
Warning: space is running low in /dev/shm (tmpfs) threshold=167,772,160 usable=146,034,688
Warning: space is running low in /dev/shm (tmpfs) threshold=167,772,160 usable=133,447,680
Warning: space is running low in /dev/shm (tmpfs) threshold=167,772,160 usable=120,860,672
Warning: space is running low in /dev/shm (tmpfs) threshold=167,772,160 usable=108,273,664
Warning: space is running low in /dev/shm (tmpfs) threshold=167,772,160 usable=95,686,656
Warning: space is running low in /dev/shm (tmpfs) threshold=167,772,160 usable=83,099,648
Warning: space is running low in /dev/shm (tmpfs) threshold=167,772,160 usable=70,512,640
13:12:12.889 [worker-akka.actor.default-dispatcher-2] INFO  a.a.LocalActorRef akka://worker/user/watcher/graph0000000000/graph - Finishing constructor
13:12:12.890 [worker-akka.actor.default-dispatcher-2] INFO  a.a.LocalActorRef akka://worker/user/watcher/graph0000000000 - Starting...
13:12:12.891 [worker-akka.actor.default-dispatcher-2] INFO  a.a.LocalActorRef akka://worker/user/watcher/graph0000000000/negotiator - Starting...
13:12:12.950 [worker-akka.actor.default-dispatcher-2] INFO  a.a.LocalActorRef akka://worker/user/watcher/graph0000000000/edge - Starting...
13:12:12.952 [worker-akka.actor.default-dispatcher-2] INFO  a.a.LocalActorRef akka://worker/user/watcher/graph0000000000/graph/$a - Starting...
13:12:12.952 [worker-akka.actor.default-dispatcher-2] INFO  a.a.LocalActorRef akka://worker/user/watcher/graph0000000000/graph/$b - Starting...
13:12:12.954 [worker-akka.actor.default-dispatcher-2] INFO  a.a.LocalActorRef akka://worker/user/watcher/graph0000000000/graph/$c - Starting...
13:12:12.982 [worker-akka.actor.default-dispatcher-2] INFO  c.s.f.r.e.s.SocketRear  - FlameSocketGraphDeployerRear@172.31.47.83: connecting to 172.31.34.147:5678
13:12:12.989 [worker-akka.actor.default-dispatcher-2] INFO  c.s.f.r.e.s.SocketRear  - FlameSocketGraphDeployerRear@172.31.47.83: connected to 172.31.34.147:5678
13:12:13.017 [worker-akka.actor.default-dispatcher-2] INFO  a.a.LocalActorRef akka://worker/user/watcher/graph0000000000/edge/FlameSocketGraphDeployerRear - Starting...
13:12:13.018 [worker-akka.actor.default-dispatcher-2] INFO  a.a.LocalActorRef akka://worker/user/watcher/graph0000000000/edge/FlameSocketGraphDeployerFront - Starting...
13:12:13.020 [worker-akka.actor.default-dispatcher-2] INFO  a.a.LocalActorRef akka://worker/user/watcher/graph0000000000/negotiator - Requesting ticket for the frontClass FlameSocketGraphDeployerFront@172.31.47.83
13:12:13.033 [worker-akka.actor.default-dispatcher-2] INFO  a.a.LocalActorRef akka://worker/user/watcher/graph0000000000/negotiator - Ticket for the frontClass received: FrontTicket{allowedTimestamp=(1519045930868, FlameSocketGraphDeployerFront@172.31.47.83)}
13:12:13.034 [worker-akka.actor.default-dispatcher-2] INFO  c.s.f.r.e.s.SocketFront  - FlameSocketGraphDeployerFront@172.31.47.83: connecting to 172.31.34.147:4567
13:12:13.055 [Client] INFO  c.s.f.r.e.s.SocketFront  - FlameSocketGraphDeployerFront@172.31.47.83 has been disconnected from Connection 3
2018-02-19T13:12:17.067+0000: 18.651: [GC (Allocation Failure) 2018-02-19T13:12:17.067+0000: 18.651: [DefNew: 136576K->15085K(153600K), 0.0313174 secs] 151986K->50027K(494976K), 0.0313771 secs] [Times: user=0.01 sys=0.01, real=0.03 secs] 
2018-02-19T13:12:38.779+0000: 40.363: [GC (Allocation Failure) 2018-02-19T13:12:38.779+0000: 40.363: [DefNew: 151661K->3820K(153600K), 0.0177393 secs] 186603K->46304K(494976K), 0.0178033 secs] [Times: user=0.01 sys=0.01, real=0.02 secs] 
2018-02-19T13:13:02.949+0000: 64.533: [GC (Allocation Failure) 2018-02-19T13:13:02.949+0000: 64.533: [DefNew: 140396K->6338K(153600K), 0.0128931 secs] 182880K->48822K(494976K), 0.0129665 secs] [Times: user=0.02 sys=0.00, real=0.01 secs] 
2018-02-19T13:13:25.741+0000: 87.325: [GC (Allocation Failure) 2018-02-19T13:13:25.741+0000: 87.325: [DefNew: 142914K->7556K(153600K), 0.0169148 secs] 185398K->50041K(494976K), 0.0169756 secs] [Times: user=0.01 sys=0.01, real=0.02 secs] 
2018-02-19T13:13:44.680+0000: 106.264: [GC (Allocation Failure) 2018-02-19T13:13:44.680+0000: 106.264: [DefNew: 144132K->9771K(153600K), 0.0154469 secs] 186617K->52256K(494976K), 0.0155209 secs] [Times: user=0.01 sys=0.00, real=0.02 secs] 
2018-02-19T13:14:04.133+0000: 125.717: [GC (Allocation Failure) 2018-02-19T13:14:04.133+0000: 125.717: [DefNew: 146347K->8466K(153600K), 0.0166278 secs] 188832K->52706K(494976K), 0.0167002 secs] [Times: user=0.01 sys=0.00, real=0.01 secs] 
2018-02-19T13:14:24.602+0000: 146.186: [GC (Allocation Failure) 2018-02-19T13:14:24.602+0000: 146.186: [DefNew: 145042K->9560K(153600K), 0.0152357 secs] 189282K->53800K(494976K), 0.0153103 secs] [Times: user=0.01 sys=0.00, real=0.02 secs] 
2018-02-19T13:14:52.215+0000: 173.799: [GC (Allocation Failure) 2018-02-19T13:14:52.215+0000: 173.799: [DefNew: 146136K->9694K(153600K), 0.0216650 secs] 190376K->55271K(494976K), 0.0217303 secs] [Times: user=0.03 sys=0.00, real=0.02 secs] 
2018-02-19T13:15:13.414+0000: 194.998: [GC (Allocation Failure) 2018-02-19T13:15:13.414+0000: 194.998: [DefNew: 146270K->9396K(153600K), 0.0178096 secs] 191847K->57112K(494976K), 0.0178744 secs] [Times: user=0.02 sys=0.00, real=0.01 secs] 
2018-02-19T13:15:33.190+0000: 214.774: [GC (Allocation Failure) 2018-02-19T13:15:33.190+0000: 214.774: [DefNew: 145972K->8599K(153600K), 0.0164439 secs] 193688K->57577K(494976K), 0.0165152 secs] [Times: user=0.02 sys=0.00, real=0.02 secs] 
2018-02-19T13:15:59.586+0000: 241.170: [GC (Allocation Failure) 2018-02-19T13:15:59.586+0000: 241.170: [DefNew: 145175K->8741K(153600K), 0.0158912 secs] 194153K->58801K(494976K), 0.0159644 secs] [Times: user=0.02 sys=0.00, real=0.01 secs] 
2018-02-19T13:16:27.529+0000: 269.113: [GC (Allocation Failure) 2018-02-19T13:16:27.529+0000: 269.113: [DefNew: 145317K->8468K(153600K), 0.0165324 secs] 195377K->60101K(494976K), 0.0165971 secs] [Times: user=0.02 sys=0.00, real=0.02 secs] 
2018-02-19T13:16:50.061+0000: 291.645: [GC (Allocation Failure) 2018-02-19T13:16:50.061+0000: 291.645: [DefNew: 145044K->9758K(153600K), 0.0153945 secs] 196677K->61392K(494976K), 0.0154571 secs] [Times: user=0.01 sys=0.00, real=0.02 secs] 
2018-02-19T13:17:10.187+0000: 311.771: [GC (Allocation Failure) 2018-02-19T13:17:10.187+0000: 311.771: [DefNew: 146334K->8675K(153600K), 0.0174055 secs] 197968K->62302K(494976K), 0.0174767 secs] [Times: user=0.02 sys=0.00, real=0.01 secs] 
2018-02-19T13:17:35.029+0000: 336.613: [GC (Allocation Failure) 2018-02-19T13:17:35.029+0000: 336.613: [DefNew: 145251K->8699K(153600K), 0.0165895 secs] 198878K->63459K(494976K), 0.0166628 secs] [Times: user=0.01 sys=0.01, real=0.02 secs] 
2018-02-19T13:17:58.450+0000: 360.034: [GC (Allocation Failure) 2018-02-19T13:17:58.450+0000: 360.034: [DefNew: 145275K->9542K(153600K), 0.0167811 secs] 200035K->65397K(494976K), 0.0168425 secs] [Times: user=0.01 sys=0.00, real=0.02 secs] 
2018-02-19T13:18:18.304+0000: 379.888: [GC (Allocation Failure) 2018-02-19T13:18:18.304+0000: 379.888: [DefNew: 146118K->8726K(153600K), 0.0174395 secs] 201973K->65704K(494976K), 0.0175138 secs] [Times: user=0.01 sys=0.00, real=0.02 secs] 
2018-02-19T13:18:41.282+0000: 402.866: [GC (Allocation Failure) 2018-02-19T13:18:41.282+0000: 402.866: [DefNew: 145302K->9106K(153600K), 0.0158950 secs] 202280K->66991K(494976K), 0.0159592 secs] [Times: user=0.01 sys=0.00, real=0.02 secs] 
2018-02-19T13:19:07.763+0000: 429.347: [GC (Allocation Failure) 2018-02-19T13:19:07.763+0000: 429.347: [DefNew: 145682K->9368K(153600K), 0.0177114 secs] 203567K->68307K(494976K), 0.0177746 secs] [Times: user=0.01 sys=0.00, real=0.02 secs] 
2018-02-19T13:19:33.433+0000: 455.017: [GC (Allocation Failure) 2018-02-19T13:19:33.433+0000: 455.017: [DefNew: 145944K->10473K(153600K), 0.0175211 secs] 204883K->70338K(494976K), 0.0175842 secs] [Times: user=0.02 sys=0.00, real=0.01 secs] 
2018-02-19T13:19:54.873+0000: 476.457: [GC (Allocation Failure) 2018-02-19T13:19:54.873+0000: 476.457: [DefNew: 147049K->9167K(153600K), 0.0180475 secs] 206914K->71202K(494976K), 0.0181081 secs] [Times: user=0.02 sys=0.00, real=0.01 secs] 
2018-02-19T13:20:16.128+0000: 497.712: [GC (Allocation Failure) 2018-02-19T13:20:16.128+0000: 497.712: [DefNew: 145743K->8996K(153600K), 0.0172736 secs] 207778K->72377K(494976K), 0.0173442 secs] [Times: user=0.02 sys=0.00, real=0.02 secs] 
2018-02-19T13:20:35.264+0000: 516.848: [GC (Allocation Failure) 2018-02-19T13:20:35.264+0000: 516.848: [DefNew: 145572K->8810K(153600K), 0.0158428 secs] 208953K->73313K(494976K), 0.0159089 secs] [Times: user=0.02 sys=0.00, real=0.02 secs] 
2018-02-19T13:20:57.814+0000: 539.399: [GC (Allocation Failure) 2018-02-19T13:20:57.814+0000: 539.399: [DefNew: 145386K->9851K(153600K), 0.0162340 secs] 209889K->75565K(494976K), 0.0162972 secs] [Times: user=0.02 sys=0.00, real=0.01 secs] 
2018-02-19T13:21:17.758+0000: 559.342: [GC (Allocation Failure) 2018-02-19T13:21:17.758+0000: 559.342: [DefNew: 146427K->10571K(153600K), 0.0181525 secs] 212141K->77631K(494976K), 0.0182174 secs] [Times: user=0.02 sys=0.00, real=0.02 secs] 
2018-02-19T13:21:39.475+0000: 581.059: [GC (Allocation Failure) 2018-02-19T13:21:39.475+0000: 581.059: [DefNew: 147147K->8108K(153600K), 0.0179885 secs] 214207K->78502K(494976K), 0.0180552 secs] [Times: user=0.01 sys=0.00, real=0.02 secs] 
2018-02-19T13:22:04.215+0000: 605.799: [GC (Allocation Failure) 2018-02-19T13:22:04.215+0000: 605.799: [DefNew: 144684K->9552K(153600K), 0.0149100 secs] 215078K->79946K(494976K), 0.0149715 secs] [Times: user=0.01 sys=0.00, real=0.01 secs] 
2018-02-19T13:22:28.399+0000: 629.983: [GC (Allocation Failure) 2018-02-19T13:22:28.399+0000: 629.983: [DefNew: 146128K->9601K(153600K), 0.0167821 secs] 216522K->81197K(494976K), 0.0168512 secs] [Times: user=0.01 sys=0.00, real=0.02 secs] 
2018-02-19T13:22:46.423+0000: 648.007: [GC (Allocation Failure) 2018-02-19T13:22:46.423+0000: 648.007: [DefNew: 146177K->9916K(153600K), 0.0169969 secs] 217773K->82651K(494976K), 0.0171003 secs] [Times: user=0.01 sys=0.00, real=0.02 secs] 
2018-02-19T13:23:08.242+0000: 669.826: [GC (Allocation Failure) 2018-02-19T13:23:08.242+0000: 669.826: [DefNew: 146492K->9547K(153600K), 0.0163228 secs] 219227K->83598K(494976K), 0.0163888 secs] [Times: user=0.02 sys=0.00, real=0.02 secs] 
2018-02-19T13:23:28.063+0000: 689.647: [GC (Allocation Failure) 2018-02-19T13:23:28.063+0000: 689.647: [DefNew: 146123K->10104K(153600K), 0.0166627 secs] 220174K->85270K(494976K), 0.0167239 secs] [Times: user=0.02 sys=0.00, real=0.02 secs] 
2018-02-19T13:23:52.180+0000: 713.764: [GC (Allocation Failure) 2018-02-19T13:23:52.180+0000: 713.764: [DefNew: 146680K->8613K(153600K), 0.0178499 secs] 221846K->86233K(494976K), 0.0179294 secs] [Times: user=0.02 sys=0.00, real=0.02 secs] 
2018-02-19T13:24:12.426+0000: 734.010: [GC (Allocation Failure) 2018-02-19T13:24:12.426+0000: 734.010: [DefNew: 145189K->8712K(153600K), 0.0199086 secs] 222809K->87822K(494976K), 0.0199824 secs] [Times: user=0.02 sys=0.00, real=0.02 secs] 
2018-02-19T13:24:35.399+0000: 756.983: [GC (Allocation Failure) 2018-02-19T13:24:35.399+0000: 756.983: [DefNew: 145288K->8881K(153600K), 0.0202409 secs] 224398K->89426K(494976K), 0.0203413 secs] [Times: user=0.01 sys=0.01, real=0.02 secs] 
2018-02-19T13:24:56.837+0000: 778.422: [GC (Allocation Failure) 2018-02-19T13:24:56.837+0000: 778.422: [DefNew: 145457K->9285K(153600K), 0.0175002 secs] 226002K->91234K(494976K), 0.0175620 secs] [Times: user=0.02 sys=0.00, real=0.02 secs] 
2018-02-19T13:25:20.185+0000: 801.769: [GC (Allocation Failure) 2018-02-19T13:25:20.185+0000: 801.769: [DefNew: 145861K->9258K(153600K), 0.0162008 secs] 227810K->92618K(494976K), 0.0162939 secs] [Times: user=0.00 sys=0.01, real=0.01 secs] 
2018-02-19T13:25:36.637+0000: 818.221: [GC (Allocation Failure) 2018-02-19T13:25:36.637+0000: 818.221: [DefNew: 145834K->9290K(153600K), 0.0153380 secs] 229194K->94387K(494976K), 0.0154023 secs] [Times: user=0.01 sys=0.00, real=0.01 secs] 
2018-02-19T13:26:02.518+0000: 844.102: [GC (Allocation Failure) 2018-02-19T13:26:02.518+0000: 844.102: [DefNew: 145866K->9411K(153600K), 0.0163464 secs] 230963K->95912K(494976K), 0.0164220 secs] [Times: user=0.01 sys=0.01, real=0.02 secs] 
2018-02-19T13:26:22.855+0000: 864.439: [GC (Allocation Failure) 2018-02-19T13:26:22.855+0000: 864.439: [DefNew: 145987K->9676K(153600K), 0.0171952 secs] 232488K->97794K(494976K), 0.0172621 secs] [Times: user=0.02 sys=0.00, real=0.01 secs] 
2018-02-19T13:26:43.527+0000: 885.111: [GC (Allocation Failure) 2018-02-19T13:26:43.527+0000: 885.111: [DefNew: 146252K->10291K(153600K), 0.0176986 secs] 234370K->99774K(494976K), 0.0177663 secs] [Times: user=0.02 sys=0.01, real=0.02 secs] 
2018-02-19T13:27:08.576+0000: 910.160: [GC (Allocation Failure) 2018-02-19T13:27:08.576+0000: 910.160: [DefNew: 146867K->10350K(153600K), 0.0165467 secs] 236350K->101313K(494976K), 0.0166117 secs] [Times: user=0.01 sys=0.00, real=0.02 secs] 
2018-02-19T13:27:27.030+0000: 928.614: [GC (Allocation Failure) 2018-02-19T13:27:27.030+0000: 928.614: [DefNew: 146926K->10221K(153600K), 0.0181276 secs] 237889K->102803K(494976K), 0.0181923 secs] [Times: user=0.02 sys=0.00, real=0.02 secs] 
13:27:39.138 [Client] INFO  c.s.f.r.e.s.SocketRear  - FlameSocketGraphDeployerRear@172.31.47.83: has been disconnected from Connection 3
13:27:52.857 [worker-akka.actor.default-dispatcher-2] INFO  a.a.CoordinatedShutdown CoordinatedShutdown(akka://worker) - Starting coordinated shutdown from JVM shutdown hook
13:27:52.899 [worker-akka.actor.default-dispatcher-2] INFO  a.a.LocalActorRef akka://worker/user/watcher/graph0000000000/negotiator - Stopped
13:27:52.900 [worker-akka.actor.default-dispatcher-2] INFO  a.a.LocalActorRef akka://worker/user/watcher/graph0000000000/edge/FlameSocketGraphDeployerFront - Stopped
13:27:52.904 [worker-akka.actor.default-dispatcher-2] INFO  a.a.LocalActorRef akka://worker/user/watcher/graph0000000000/edge/FlameSocketGraphDeployerRear - Stopped
13:27:52.905 [worker-akka.actor.default-dispatcher-2] INFO  a.a.LocalActorRef akka://worker/user/watcher/graph0000000000/graph/$a - Stopped
13:27:52.906 [worker-akka.actor.default-dispatcher-2] INFO  a.a.LocalActorRef akka://worker/user/watcher/graph0000000000/graph/$b - Stopped
13:27:52.906 [worker-akka.actor.default-dispatcher-2] INFO  a.a.LocalActorRef akka://worker/user/watcher/graph0000000000/graph/$c - Stopped
13:27:52.907 [worker-akka.actor.default-dispatcher-2] INFO  a.a.LocalActorRef akka://worker/user/watcher/graph0000000000/graph/local-acker/$a - Stopped
13:27:52.911 [worker-akka.actor.default-dispatcher-2] INFO  a.a.LocalActorRef akka://worker/user/watcher/graph0000000000/graph/local-acker/$a - Message [com.spbsu.flamestream.runtime.utils.akka.PingActor$InnerPing] from Actor[akka://worker/user/watcher/graph0000000000/graph/local-acker/$a#-662432271] to Actor[akka://worker/user/watcher/graph0000000000/graph/local-acker/$a#-662432271] was not delivered. [1] dead letters encountered. This logging can be turned off or adjusted with configuration settings 'akka.log-dead-letters' and 'akka.log-dead-letters-during-shutdown'.
13:27:52.912 [worker-akka.actor.default-dispatcher-2] INFO  a.a.LocalActorRef akka://worker/user/watcher/graph0000000000/graph/local-acker - Stopped
13:27:52.912 [worker-akka.actor.default-dispatcher-2] INFO  a.a.LocalActorRef akka://worker/user/watcher/graph0000000000/edge - Stopped
13:27:52.913 [worker-akka.actor.default-dispatcher-2] INFO  a.a.LocalActorRef akka://worker/user/watcher/graph0000000000/graph - Stopped
13:27:52.913 [worker-akka.actor.default-dispatcher-2] INFO  a.a.LocalActorRef akka://worker/user/watcher/graph0000000000 - Stopped
13:27:52.915 [worker-akka.actor.default-dispatcher-2-EventThread] INFO  o.a.z.ClientCnxn  - EventThread shut down for session: 0x161ae307a94000b
13:27:52.916 [worker-akka.actor.default-dispatcher-2] INFO  o.a.z.ZooKeeper  - Session: 0x161ae307a94000b closed
13:27:52.917 [worker-akka.actor.default-dispatcher-2] INFO  a.a.RepointableActorRef akka://worker/user/watcher - Stopped
13:27:52.917 [worker-akka.actor.default-dispatcher-2] INFO  a.a.LocalActorRef akka://worker/user/watcher/graph0000000000/graph/local-acker/$a - Message [com.spbsu.flamestream.runtime.utils.akka.PingActor$Stop] from Actor[akka://worker/user/watcher/graph0000000000/graph/local-acker#1698466291] to Actor[akka://worker/user/watcher/graph0000000000/graph/local-acker/$a#-662432271] was not delivered. [2] dead letters encountered. This logging can be turned off or adjusted with configuration settings 'akka.log-dead-letters' and 'akka.log-dead-letters-during-shutdown'.
13:27:52.918 [worker-akka.actor.default-dispatcher-2] INFO  a.a.LocalActorRef akka://worker/user/watcher/graph0000000000/graph/local-acker - Message [com.spbsu.flamestream.runtime.acker.LocalAcker$Flush] from Actor[akka://worker/user/watcher/graph0000000000/graph/local-acker#1698466291] to Actor[akka://worker/user/watcher/graph0000000000/graph/local-acker#1698466291] was not delivered. [3] dead letters encountered. This logging can be turned off or adjusted with configuration settings 'akka.log-dead-letters' and 'akka.log-dead-letters-during-shutdown'.
13:27:52.918 [worker-akka.actor.default-dispatcher-2] INFO  a.a.LocalActorRef akka://worker/user/watcher/graph0000000000/graph/local-acker - Message [com.spbsu.flamestream.runtime.acker.LocalAcker$Flush] from Actor[akka://worker/user/watcher/graph0000000000/graph/local-acker#1698466291] to Actor[akka://worker/user/watcher/graph0000000000/graph/local-acker#1698466291] was not delivered. [4] dead letters encountered. This logging can be turned off or adjusted with configuration settings 'akka.log-dead-letters' and 'akka.log-dead-letters-during-shutdown'.
13:27:52.919 [worker-akka.actor.default-dispatcher-2] INFO  a.a.LocalActorRef akka://worker/user/watcher/graph0000000000/graph/local-acker - Message [com.spbsu.flamestream.runtime.acker.LocalAcker$Flush] from Actor[akka://worker/user/watcher/graph0000000000/graph/local-acker#1698466291] to Actor[akka://worker/user/watcher/graph0000000000/graph/local-acker#1698466291] was not delivered. [5] dead letters encountered. This logging can be turned off or adjusted with configuration settings 'akka.log-dead-letters' and 'akka.log-dead-letters-during-shutdown'.
13:27:52.919 [worker-akka.actor.default-dispatcher-2] INFO  a.a.LocalActorRef akka://worker/user/watcher/graph0000000000/graph/local-acker - Message [com.spbsu.flamestream.runtime.acker.LocalAcker$Flush] from Actor[akka://worker/user/watcher/graph0000000000/graph/local-acker#1698466291] to Actor[akka://worker/user/watcher/graph0000000000/graph/local-acker#1698466291] was not delivered. [6] dead letters encountered. This logging can be turned off or adjusted with configuration settings 'akka.log-dead-letters' and 'akka.log-dead-letters-during-shutdown'.
13:27:52.920 [worker-akka.actor.default-dispatcher-2] INFO  a.a.LocalActorRef akka://worker/user/watcher/graph0000000000/graph/local-acker - Message [com.spbsu.flamestream.runtime.acker.LocalAcker$Flush] from Actor[akka://worker/user/watcher/graph0000000000/graph/local-acker#1698466291] to Actor[akka://worker/user/watcher/graph0000000000/graph/local-acker#1698466291] was not delivered. [7] dead letters encountered. This logging can be turned off or adjusted with configuration settings 'akka.log-dead-letters' and 'akka.log-dead-letters-during-shutdown'.
13:27:52.920 [worker-akka.actor.default-dispatcher-2] INFO  a.a.LocalActorRef akka://worker/user/watcher/graph0000000000/graph/local-acker - Message [com.spbsu.flamestream.runtime.acker.LocalAcker$Flush] from Actor[akka://worker/user/watcher/graph0000000000/graph/local-acker#1698466291] to Actor[akka://worker/user/watcher/graph0000000000/graph/local-acker#1698466291] was not delivered. [8] dead letters encountered. This logging can be turned off or adjusted with configuration settings 'akka.log-dead-letters' and 'akka.log-dead-letters-during-shutdown'.
13:27:52.934 [worker-akka.actor.default-dispatcher-2] INFO  a.r.RemoteActorRefProvider$RemotingTerminator akka://worker@172.31.47.83:5412/system/remoting-terminator - Shutting down remote daemon.
13:27:52.937 [worker-akka.actor.default-dispatcher-2] INFO  a.r.RemoteActorRefProvider$RemotingTerminator akka://worker@172.31.47.83:5412/system/remoting-terminator - Remote daemon shut down; proceeding with flushing remote transports.
13:27:54.092 [worker-akka.actor.default-dispatcher-2] INFO  a.r.RemoteActorRefProvider$RemotingTerminator akka://worker@172.31.47.83:5412/system/remoting-terminator - Remoting shut down.
Heap
 def new generation   total 153600K, used 110408K [0x00000000e0c00000, 0x00000000eb2a0000, 0x00000000eb2a0000)
  eden space 136576K,  73% used [0x00000000e0c00000, 0x00000000e6dd6c08, 0x00000000e9160000)
  from space 17024K,  60% used [0x00000000e9160000, 0x00000000e9b5b530, 0x00000000ea200000)
  to   space 17024K,   0% used [0x00000000ea200000, 0x00000000ea200000, 0x00000000eb2a0000)
 tenured generation   total 341376K, used 92582K [0x00000000eb2a0000, 0x0000000100000000, 0x0000000100000000)
   the space 341376K,  27% used [0x00000000eb2a0000, 0x00000000f0d098f8, 0x00000000f0d09a00, 0x0000000100000000)
 Metaspace       used 33546K, capacity 34294K, committed 34688K, reserved 1079296K
  class space    used 4456K, capacity 4624K, committed 4736K, reserved 1048576K
