13:45:01.140 [worker-akka.actor.default-dispatcher-2] INFO  a.e.s.Slf4jLogger  - Slf4jLogger started
2018-02-19T13:45:01.319+0000: 2.608: [Full GC (Metadata GC Threshold) 2018-02-19T13:45:01.319+0000: 2.608: [Tenured: 0K->15499K(341376K), 0.0352953 secs] 117538K->15499K(494976K), [Metaspace: 20942K->20942K(1067008K)], 0.0353583 secs] [Times: user=0.02 sys=0.01, real=0.04 secs] 
Ama winner
Ama winner
13:45:01.746 [worker-akka.actor.default-dispatcher-2] INFO  a.r.a.ArteryTransport(akka://worker) akka.remote.artery.ArteryTransport(akka://worker) - Started embedded media driver in directory [/dev/shm/aeron-root-worker-7be6b04d-5c80-4b92-8e05-407e6f56a2ad]
13:45:01.962 [worker-akka.actor.default-dispatcher-2] INFO  a.r.a.ArteryTransport(akka://worker) akka.remote.artery.ArteryTransport(akka://worker) - Remoting started; listening on address: [akka://worker@172.31.42.36:5412] with UID [-1805404643036741915]
13:45:02.026 [worker-akka.actor.default-dispatcher-2] INFO  o.a.z.ZooKeeper  - Client environment:zookeeper.version=3.4.9-1757313, built on 08/23/2016 06:50 GMT
13:45:02.026 [worker-akka.actor.default-dispatcher-2] INFO  o.a.z.ZooKeeper  - Client environment:host.name=ip-172-31-42-36.us-east-2.compute.internal
13:45:02.026 [worker-akka.actor.default-dispatcher-2] INFO  o.a.z.ZooKeeper  - Client environment:java.version=1.8.0_151
13:45:02.026 [worker-akka.actor.default-dispatcher-2] INFO  o.a.z.ZooKeeper  - Client environment:java.vendor=Oracle Corporation
13:45:02.026 [worker-akka.actor.default-dispatcher-2] INFO  o.a.z.ZooKeeper  - Client environment:java.home=/usr/lib/jvm/java-8-openjdk-amd64/jre
13:45:02.026 [worker-akka.actor.default-dispatcher-2] INFO  o.a.z.ZooKeeper  - Client environment:java.class.path=lib/commons-cli-1.4.jar:lib/minlog-1.3.0.jar:lib/asm-5.0.4.jar:lib/hadoop-annotations-2.7.3.jar:lib/hadoop-auth-2.7.3.jar:lib/akka-slf4j_2.11-2.5.6.jar:lib/jersey-core-1.9.jar:lib/lz4-1.3.0.jar:lib/jackson-core-asl-1.9.13.jar:lib/aeron-client-1.3.0.jar:lib/htrace-core-3.1.0-incubating.jar:lib/xz-1.0.jar:lib/commons-httpclient-3.1.jar:lib/asm-3.1.jar:lib/commons-lang3-3.4.jar:lib/scala-library-2.11.11.jar:lib/scala-java8-compat_2.11-0.7.0.jar:lib/commons-configuration-1.6.jar:lib/objenesis-2.1.jar:lib/jackson-annotations-2.8.0.jar:lib/jsr305-3.0.0.jar:lib/curator-framework-2.7.1.jar:lib/jersey-server-1.9.jar:lib/jets3t-0.9.0.jar:lib/leveldb-0.7.jar:lib/jetty-6.1.26.jar:lib/stax-api-1.0-2.jar:lib/flamestream-core-1.0-SNAPSHOT.jar:lib/reflectasm-1.07-shaded.jar:lib/apacheds-kerberos-codec-2.0.0-M15.jar:lib/api-asn1-api-1.0.0-M20.jar:lib/commons-lang-2.6.jar:lib/commons-beanutils-1.7.0.jar:lib/jackson-xc-1.8.3.jar:lib/jetty-util-6.1.26.jar:lib/logback-classic-1.2.3.jar:lib/jool-0.9.12.jar:lib/flamestream-runtime-1.0-SNAPSHOT-tests.jar:lib/httpcore-4.1.2.jar:lib/kryo-4.0.0.jar:lib/ant-1.8.1.jar:lib/jaxb-impl-2.2.3-1.jar:lib/jersey-json-1.9.jar:lib/commons-compress-1.4.1.jar:lib/leveldbjni-all-1.8.jar:lib/paranamer-2.3.jar:lib/jackson-core-2.8.4.jar:lib/commons-math3-3.6.1.jar:lib/scala-parser-combinators_2.11-1.0.4.jar:lib/netty-3.10.6.Final.jar:lib/trove4j-3.0.3.jar:lib/jaxb-api-2.2.2.jar:lib/logback-core-1.2.3.jar:lib/snappy-java-1.0.4.1.jar:lib/protobuf-java-2.5.0.jar:lib/reactive-streams-1.0.1.jar:lib/flamestream-examples-1.0-SNAPSHOT.jar:lib/commons-codec-1.4.jar:lib/activation-1.1.jar:lib/commons-net-3.1.jar:lib/curator-recipes-2.7.1.jar:lib/jackson-mapper-asl-1.9.13.jar:lib/jackson-databind-2.8.4.jar:lib/flamestream-runtime-1.0-SNAPSHOT.jar:lib/jackson-jaxrs-1.8.3.jar:lib/slf4j-api-1.7.24.jar:lib/akka-remote_2.11-2.5.6.jar:lib/akka-testkit_2.11-2.5.6.jar:lib/jline-0.9.94.jar:lib/akka-stream_2.11-2.5.6.jar:lib/jsp-api-2.1.jar:lib/kryonet-2.21.jar:lib/akka-kryo-serialization_2.11-0.5.0.jar:lib/config-1.3.1.jar:lib/ant-launcher-1.8.1.jar:lib/commons-logging-1.2.jar:lib/ssl-config-core_2.11-0.2.2.jar:lib/testng-6.10.jar:lib/leveldb-api-0.7.jar:lib/reflectasm-1.11.3.jar:lib/jcommander-1.48.jar:lib/commons-1.1.jar:lib/commons-digester-1.8.jar:lib/minlog-1.2.jar:lib/java-xmlbuilder-0.4.jar:lib/jettison-1.1.jar:lib/gson-2.2.4.jar:lib/jdk.tools-1.8.jar:lib/aeron-driver-1.3.0.jar:lib/zookeeper-3.4.9.jar:lib/commons-beanutils-core-1.8.0.jar:lib/commons-math3-3.1.1.jar:lib/akka-actor_2.11-2.5.6.jar:lib/curator-client-2.7.1.jar:lib/servlet-api-2.5.jar:lib/apacheds-i18n-2.0.0-M15.jar:lib/commons-io-2.4.jar:lib/commons-codec-1.6.jar:lib/akka-protobuf_2.11-2.5.6.jar:lib/protobuf-java-3.5.1.jar:lib/jdom-2.0.2.jar:lib/api-util-1.0.0-M20.jar:lib/hadoop-common-2.7.3.jar:lib/agrona-0.9.6.jar:lib/xmlenc-0.52.jar:lib/guava-21.0.jar:lib/commons-collections-3.2.2.jar:lib/avro-1.7.4.jar:lib/httpclient-4.1.2.jar:lib/flamestream-core-1.0-SNAPSHOT-tests.jar:lib/annotations-12.0.jar:lib/jsch-0.1.42.jar:flamestream-runtime-1.0-SNAPSHOT.jar
13:45:02.026 [worker-akka.actor.default-dispatcher-2] INFO  o.a.z.ZooKeeper  - Client environment:java.library.path=/usr/java/packages/lib/amd64:/usr/lib/x86_64-linux-gnu/jni:/lib/x86_64-linux-gnu:/usr/lib/x86_64-linux-gnu:/usr/lib/jni:/lib:/usr/lib
13:45:02.026 [worker-akka.actor.default-dispatcher-2] INFO  o.a.z.ZooKeeper  - Client environment:java.io.tmpdir=/tmp
13:45:02.027 [worker-akka.actor.default-dispatcher-2] INFO  o.a.z.ZooKeeper  - Client environment:java.compiler=<NA>
13:45:02.027 [worker-akka.actor.default-dispatcher-2] INFO  o.a.z.ZooKeeper  - Client environment:os.name=Linux
13:45:02.027 [worker-akka.actor.default-dispatcher-2] INFO  o.a.z.ZooKeeper  - Client environment:os.arch=amd64
13:45:02.027 [worker-akka.actor.default-dispatcher-2] INFO  o.a.z.ZooKeeper  - Client environment:os.version=4.4.0-1049-aws
13:45:02.027 [worker-akka.actor.default-dispatcher-2] INFO  o.a.z.ZooKeeper  - Client environment:user.name=root
13:45:02.028 [worker-akka.actor.default-dispatcher-2] INFO  o.a.z.ZooKeeper  - Client environment:user.home=/root
13:45:02.028 [worker-akka.actor.default-dispatcher-2] INFO  o.a.z.ZooKeeper  - Client environment:user.dir=/opt/flamestream
13:45:02.030 [worker-akka.actor.default-dispatcher-2] INFO  o.a.z.ZooKeeper  - Initiating client connection, connectString=172.31.34.147:2181 sessionTimeout=5000 watcher=com.spbsu.flamestream.runtime.application.LifecycleWatcher$$Lambda$29/764839090@3d5d5f13
13:45:02.052 [worker-akka.actor.default-dispatcher-2] INFO  a.a.RepointableActorRef akka://worker/user/watcher - Starting...
13:45:02.054 [worker-akka.actor.default-dispatcher-2-SendThread(172.31.34.147:2181)] INFO  o.a.z.ClientCnxn  - Opening socket connection to server 172.31.34.147/172.31.34.147:2181. Will not attempt to authenticate using SASL (unknown error)
13:45:02.057 [worker-akka.actor.default-dispatcher-2-SendThread(172.31.34.147:2181)] INFO  o.a.z.ClientCnxn  - Socket connection established to 172.31.34.147/172.31.34.147:2181, initiating session
13:45:02.064 [worker-akka.actor.default-dispatcher-2-SendThread(172.31.34.147:2181)] INFO  o.a.z.ClientCnxn  - Session establishment complete on server 172.31.34.147/172.31.34.147:2181, sessionid = 0x161ae4eb1e20004, negotiated timeout = 6000
13:45:02.157 [worker-akka.actor.default-dispatcher-2] INFO  a.a.RepointableActorRef akka://worker/user/watcher - Connected to ZK
13:45:12.662 [worker-akka.actor.default-dispatcher-2] INFO  a.a.RepointableActorRef akka://worker/user/watcher - Creating node with watchGraphs: 'com.spbsu.flamestream.core.Graph$Builder$MyGraph@4084ed8a', config: 'ClusterConfig{paths={172.31.33.155=akka://worker@172.31.33.155:5412/user/watcher/graph0000000000, 172.31.47.83=akka://worker@172.31.47.83:5412/user/watcher/graph0000000000, 172.31.45.197=akka://worker@172.31.45.197:5412/user/watcher/graph0000000000, 172.31.42.36=akka://worker@172.31.42.36:5412/user/watcher/graph0000000000, 172.31.44.83=akka://worker@172.31.44.83:5412/user/watcher/graph0000000000, 172.31.39.64=akka://worker@172.31.39.64:5412/user/watcher/graph0000000000, 172.31.35.79=akka://worker@172.31.35.79:5412/user/watcher/graph0000000000, 172.31.34.169=akka://worker@172.31.34.169:5412/user/watcher/graph0000000000, 172.31.47.100=akka://worker@172.31.47.100:5412/user/watcher/graph0000000000, 172.31.37.101=akka://worker@172.31.37.101:5412/user/watcher/graph0000000000}, ackerLocation='172.31.35.79', props=ComputationLayout{ranges={172.31.33.155=HashRange{from=-1670265060, to=-1193046472}, 172.31.47.83=HashRange{from=1670265056, to=2147483644}, 172.31.45.197=HashRange{from=-715827884, to=-238609296}, 172.31.42.36=HashRange{from=1193046468, to=1670265056}, 172.31.44.83=HashRange{from=-238609296, to=238609292}, 172.31.39.64=HashRange{from=715827880, to=1193046468}, 172.31.35.79=HashRange{from=0, to=0}, 172.31.34.169=HashRange{from=-2147483648, to=-1670265060}, 172.31.47.100=HashRange{from=238609292, to=715827880}, 172.31.37.101=HashRange{from=-1193046472, to=-715827884}}}}'
13:45:13.496 [worker-akka.actor.default-dispatcher-2] INFO  a.a.LocalActorRef akka://worker/user/watcher/graph0000000000/graph - Starting...
13:45:13.497 [worker-akka.actor.default-dispatcher-2] INFO  a.a.LocalActorRef akka://worker/user/watcher/graph0000000000/graph/local-acker - Starting...
13:45:13.499 [worker-akka.actor.default-dispatcher-2] INFO  a.a.LocalActorRef akka://worker/user/watcher/graph0000000000/graph/local-acker/$a - Starting...
Warning: space is running low in /dev/shm (tmpfs) threshold=167,772,160 usable=158,621,696
Warning: space is running low in /dev/shm (tmpfs) threshold=167,772,160 usable=146,034,688
Warning: space is running low in /dev/shm (tmpfs) threshold=167,772,160 usable=133,447,680
Warning: space is running low in /dev/shm (tmpfs) threshold=167,772,160 usable=120,860,672
Warning: space is running low in /dev/shm (tmpfs) threshold=167,772,160 usable=108,273,664
Warning: space is running low in /dev/shm (tmpfs) threshold=167,772,160 usable=95,686,656
Warning: space is running low in /dev/shm (tmpfs) threshold=167,772,160 usable=83,099,648
Warning: space is running low in /dev/shm (tmpfs) threshold=167,772,160 usable=70,512,640
13:45:14.966 [worker-akka.actor.default-dispatcher-2] INFO  a.a.LocalActorRef akka://worker/user/watcher/graph0000000000/graph - Finishing constructor
13:45:14.967 [worker-akka.actor.default-dispatcher-2] INFO  a.a.LocalActorRef akka://worker/user/watcher/graph0000000000 - Starting...
13:45:14.968 [worker-akka.actor.default-dispatcher-2] INFO  a.a.LocalActorRef akka://worker/user/watcher/graph0000000000/negotiator - Starting...
13:45:15.024 [worker-akka.actor.default-dispatcher-2] INFO  a.a.LocalActorRef akka://worker/user/watcher/graph0000000000/edge - Starting...
13:45:15.026 [worker-akka.actor.default-dispatcher-2] INFO  a.a.LocalActorRef akka://worker/user/watcher/graph0000000000/graph/$a - Starting...
13:45:15.026 [worker-akka.actor.default-dispatcher-2] INFO  a.a.LocalActorRef akka://worker/user/watcher/graph0000000000/graph/$b - Starting...
13:45:15.027 [worker-akka.actor.default-dispatcher-2] INFO  a.a.LocalActorRef akka://worker/user/watcher/graph0000000000/graph/$c - Starting...
13:45:15.049 [worker-akka.actor.default-dispatcher-2] INFO  c.s.f.r.e.s.SocketRear  - FlameSocketGraphDeployerRear@172.31.42.36: connecting to 172.31.34.147:5678
13:45:15.052 [worker-akka.actor.default-dispatcher-2] INFO  c.s.f.r.e.s.SocketRear  - FlameSocketGraphDeployerRear@172.31.42.36: connected to 172.31.34.147:5678
13:45:15.068 [worker-akka.actor.default-dispatcher-2] INFO  a.a.LocalActorRef akka://worker/user/watcher/graph0000000000/edge/FlameSocketGraphDeployerRear - Starting...
13:45:15.068 [worker-akka.actor.default-dispatcher-2] INFO  a.a.LocalActorRef akka://worker/user/watcher/graph0000000000/edge/FlameSocketGraphDeployerFront - Starting...
13:45:15.069 [worker-akka.actor.default-dispatcher-2] INFO  a.a.LocalActorRef akka://worker/user/watcher/graph0000000000/negotiator - Requesting ticket for the frontClass FlameSocketGraphDeployerFront@172.31.42.36
13:45:15.080 [worker-akka.actor.default-dispatcher-2] INFO  a.a.LocalActorRef akka://worker/user/watcher/graph0000000000/negotiator - Ticket for the frontClass received: FrontTicket{allowedTimestamp=(1519047912661, FlameSocketGraphDeployerFront@172.31.42.36)}
13:45:15.082 [worker-akka.actor.default-dispatcher-2] INFO  c.s.f.r.e.s.SocketFront  - FlameSocketGraphDeployerFront@172.31.42.36: connecting to 172.31.34.147:4567
13:45:15.096 [Client] INFO  c.s.f.r.e.s.SocketFront  - FlameSocketGraphDeployerFront@172.31.42.36 has been disconnected from Connection 5
2018-02-19T13:45:18.583+0000: 19.872: [GC (Allocation Failure) 2018-02-19T13:45:18.583+0000: 19.872: [DefNew: 136576K->15188K(153600K), 0.0311326 secs] 152075K->50219K(494976K), 0.0311927 secs] [Times: user=0.02 sys=0.01, real=0.03 secs] 
2018-02-19T13:45:36.750+0000: 38.039: [GC (Allocation Failure) 2018-02-19T13:45:36.750+0000: 38.039: [DefNew: 151764K->3669K(153600K), 0.0171794 secs] 186795K->46265K(494976K), 0.0172376 secs] [Times: user=0.01 sys=0.01, real=0.01 secs] 
2018-02-19T13:45:53.906+0000: 55.195: [GC (Allocation Failure) 2018-02-19T13:45:53.906+0000: 55.195: [DefNew: 140245K->5966K(153600K), 0.0118762 secs] 182841K->48562K(494976K), 0.0119305 secs] [Times: user=0.01 sys=0.00, real=0.01 secs] 
2018-02-19T13:46:08.153+0000: 69.441: [GC (Allocation Failure) 2018-02-19T13:46:08.153+0000: 69.441: [DefNew: 142542K->7729K(153600K), 0.0152331 secs] 185138K->50325K(494976K), 0.0153145 secs] [Times: user=0.02 sys=0.00, real=0.01 secs] 
2018-02-19T13:46:25.759+0000: 87.048: [GC (Allocation Failure) 2018-02-19T13:46:25.759+0000: 87.048: [DefNew: 144305K->9030K(153600K), 0.0148579 secs] 186901K->51626K(494976K), 0.0149228 secs] [Times: user=0.02 sys=0.00, real=0.02 secs] 
2018-02-19T13:46:41.171+0000: 102.459: [GC (Allocation Failure) 2018-02-19T13:46:41.171+0000: 102.459: [DefNew: 145606K->8797K(153600K), 0.0158133 secs] 188202K->52998K(494976K), 0.0158722 secs] [Times: user=0.01 sys=0.00, real=0.01 secs] 
2018-02-19T13:46:58.029+0000: 119.318: [GC (Allocation Failure) 2018-02-19T13:46:58.029+0000: 119.318: [DefNew: 145373K->8605K(153600K), 0.0150464 secs] 189574K->54048K(494976K), 0.0151342 secs] [Times: user=0.02 sys=0.00, real=0.01 secs] 
2018-02-19T13:47:17.720+0000: 139.009: [GC (Allocation Failure) 2018-02-19T13:47:17.720+0000: 139.009: [DefNew: 145181K->8329K(153600K), 0.0147728 secs] 190624K->55271K(494976K), 0.0148312 secs] [Times: user=0.01 sys=0.01, real=0.02 secs] 
2018-02-19T13:47:38.124+0000: 159.413: [GC (Allocation Failure) 2018-02-19T13:47:38.124+0000: 159.413: [DefNew: 144905K->9802K(153600K), 0.0148206 secs] 191847K->56745K(494976K), 0.0148813 secs] [Times: user=0.01 sys=0.00, real=0.01 secs] 
2018-02-19T13:47:52.869+0000: 174.158: [GC (Allocation Failure) 2018-02-19T13:47:52.869+0000: 174.158: [DefNew: 146378K->8596K(153600K), 0.0165046 secs] 193321K->57934K(494976K), 0.0165972 secs] [Times: user=0.02 sys=0.00, real=0.01 secs] 
2018-02-19T13:48:12.724+0000: 194.013: [GC (Allocation Failure) 2018-02-19T13:48:12.724+0000: 194.013: [DefNew: 145172K->8706K(153600K), 0.0154406 secs] 194510K->59116K(494976K), 0.0155108 secs] [Times: user=0.01 sys=0.00, real=0.01 secs] 
2018-02-19T13:48:31.079+0000: 212.368: [GC (Allocation Failure) 2018-02-19T13:48:31.079+0000: 212.368: [DefNew: 145282K->9255K(153600K), 0.0193155 secs] 195692K->60694K(494976K), 0.0193726 secs] [Times: user=0.02 sys=0.00, real=0.02 secs] 
2018-02-19T13:48:51.051+0000: 232.340: [GC (Allocation Failure) 2018-02-19T13:48:51.051+0000: 232.340: [DefNew: 145831K->8946K(153600K), 0.0161057 secs] 197270K->62001K(494976K), 0.0161624 secs] [Times: user=0.01 sys=0.00, real=0.01 secs] 
2018-02-19T13:49:08.453+0000: 249.742: [GC (Allocation Failure) 2018-02-19T13:49:08.453+0000: 249.742: [DefNew: 145522K->8797K(153600K), 0.0147026 secs] 198577K->62949K(494976K), 0.0147616 secs] [Times: user=0.01 sys=0.00, real=0.01 secs] 
2018-02-19T13:49:28.078+0000: 269.366: [GC (Allocation Failure) 2018-02-19T13:49:28.078+0000: 269.366: [DefNew: 145373K->9078K(153600K), 0.0161351 secs] 199525K->64306K(494976K), 0.0161959 secs] [Times: user=0.01 sys=0.00, real=0.02 secs] 
2018-02-19T13:49:46.893+0000: 288.182: [GC (Allocation Failure) 2018-02-19T13:49:46.893+0000: 288.182: [DefNew: 145654K->8868K(153600K), 0.0144997 secs] 200882K->65020K(494976K), 0.0145589 secs] [Times: user=0.01 sys=0.00, real=0.01 secs] 
2018-02-19T13:50:04.396+0000: 305.684: [GC (Allocation Failure) 2018-02-19T13:50:04.396+0000: 305.684: [DefNew: 145444K->9180K(153600K), 0.0167655 secs] 201596K->66519K(494976K), 0.0168388 secs] [Times: user=0.02 sys=0.00, real=0.02 secs] 
2018-02-19T13:50:22.860+0000: 324.149: [GC (Allocation Failure) 2018-02-19T13:50:22.860+0000: 324.149: [DefNew: 145756K->9513K(153600K), 0.0161013 secs] 203095K->67846K(494976K), 0.0161687 secs] [Times: user=0.01 sys=0.00, real=0.02 secs] 
2018-02-19T13:50:43.906+0000: 345.195: [GC (Allocation Failure) 2018-02-19T13:50:43.906+0000: 345.195: [DefNew: 146089K->9472K(153600K), 0.0157851 secs] 204422K->68913K(494976K), 0.0158567 secs] [Times: user=0.01 sys=0.00, real=0.02 secs] 
2018-02-19T13:51:04.451+0000: 365.740: [GC (Allocation Failure) 2018-02-19T13:51:04.451+0000: 365.740: [DefNew: 146048K->9668K(153600K), 0.0164477 secs] 205489K->70127K(494976K), 0.0165066 secs] [Times: user=0.01 sys=0.00, real=0.01 secs] 
2018-02-19T13:51:18.620+0000: 379.908: [GC (Allocation Failure) 2018-02-19T13:51:18.620+0000: 379.908: [DefNew: 146244K->9567K(153600K), 0.0169401 secs] 206703K->71149K(494976K), 0.0170142 secs] [Times: user=0.02 sys=0.00, real=0.02 secs] 
2018-02-19T13:51:31.788+0000: 393.077: [GC (Allocation Failure) 2018-02-19T13:51:31.788+0000: 393.077: [DefNew: 146143K->9267K(153600K), 0.0148807 secs] 207725K->72079K(494976K), 0.0149479 secs] [Times: user=0.02 sys=0.00, real=0.02 secs] 
2018-02-19T13:51:48.160+0000: 409.449: [GC (Allocation Failure) 2018-02-19T13:51:48.160+0000: 409.449: [DefNew: 145843K->9780K(153600K), 0.0158883 secs] 208655K->73510K(494976K), 0.0159457 secs] [Times: user=0.02 sys=0.00, real=0.02 secs] 
2018-02-19T13:52:06.455+0000: 427.744: [GC (Allocation Failure) 2018-02-19T13:52:06.455+0000: 427.744: [DefNew: 146356K->11063K(153600K), 0.0174435 secs] 210086K->75917K(494976K), 0.0175081 secs] [Times: user=0.02 sys=0.00, real=0.02 secs] 
2018-02-19T13:52:22.027+0000: 443.316: [GC (Allocation Failure) 2018-02-19T13:52:22.028+0000: 443.316: [DefNew: 147639K->8794K(153600K), 0.0199900 secs] 212493K->76939K(494976K), 0.0200480 secs] [Times: user=0.02 sys=0.00, real=0.02 secs] 
2018-02-19T13:52:37.236+0000: 458.525: [GC (Allocation Failure) 2018-02-19T13:52:37.236+0000: 458.525: [DefNew: 145370K->7648K(153600K), 0.0152451 secs] 213515K->78129K(494976K), 0.0153064 secs] [Times: user=0.01 sys=0.01, real=0.02 secs] 
2018-02-19T13:52:55.511+0000: 476.800: [GC (Allocation Failure) 2018-02-19T13:52:55.511+0000: 476.800: [DefNew: 144224K->9384K(153600K), 0.0139313 secs] 214705K->79865K(494976K), 0.0139923 secs] [Times: user=0.01 sys=0.00, real=0.01 secs] 
2018-02-19T13:53:12.982+0000: 494.270: [GC (Allocation Failure) 2018-02-19T13:53:12.982+0000: 494.270: [DefNew: 145960K->9380K(153600K), 0.0166368 secs] 216441K->81077K(494976K), 0.0166963 secs] [Times: user=0.01 sys=0.00, real=0.01 secs] 
2018-02-19T13:53:29.796+0000: 511.084: [GC (Allocation Failure) 2018-02-19T13:53:29.796+0000: 511.084: [DefNew: 145956K->10214K(153600K), 0.0162949 secs] 217653K->82933K(494976K), 0.0163548 secs] [Times: user=0.01 sys=0.00, real=0.02 secs] 
2018-02-19T13:53:48.981+0000: 530.270: [GC (Allocation Failure) 2018-02-19T13:53:48.981+0000: 530.270: [DefNew: 146779K->9090K(153600K), 0.0174140 secs] 219499K->84206K(494976K), 0.0174883 secs] [Times: user=0.01 sys=0.00, real=0.02 secs] 
2018-02-19T13:54:05.913+0000: 547.202: [GC (Allocation Failure) 2018-02-19T13:54:05.913+0000: 547.202: [DefNew: 145666K->8664K(153600K), 0.0271189 secs] 220782K->85408K(494976K), 0.0271812 secs] [Times: user=0.00 sys=0.02, real=0.02 secs] 
2018-02-19T13:54:25.275+0000: 566.564: [GC (Allocation Failure) 2018-02-19T13:54:25.275+0000: 566.564: [DefNew: 145240K->8976K(153600K), 0.0205714 secs] 221984K->87060K(494976K), 0.0206277 secs] [Times: user=0.00 sys=0.02, real=0.02 secs] 
2018-02-19T13:54:40.146+0000: 581.435: [GC (Allocation Failure) 2018-02-19T13:54:40.146+0000: 581.435: [DefNew: 145552K->8896K(153600K), 0.0267941 secs] 223636K->88439K(494976K), 0.0268658 secs] [Times: user=0.00 sys=0.03, real=0.03 secs] 
2018-02-19T13:54:57.510+0000: 598.799: [GC (Allocation Failure) 2018-02-19T13:54:57.510+0000: 598.799: [DefNew: 145472K->9302K(153600K), 0.0162136 secs] 225015K->90345K(494976K), 0.0162856 secs] [Times: user=0.02 sys=0.00, real=0.01 secs] 
2018-02-19T13:55:13.694+0000: 614.982: [GC (Allocation Failure) 2018-02-19T13:55:13.694+0000: 614.982: [DefNew: 145878K->9898K(153600K), 0.0159726 secs] 226921K->92323K(494976K), 0.0160405 secs] [Times: user=0.02 sys=0.00, real=0.02 secs] 
2018-02-19T13:55:32.803+0000: 634.092: [GC (Allocation Failure) 2018-02-19T13:55:32.803+0000: 634.092: [DefNew: 146474K->9680K(153600K), 0.0219164 secs] 228899K->93618K(494976K), 0.0219900 secs] [Times: user=0.02 sys=0.01, real=0.02 secs] 
2018-02-19T13:55:48.545+0000: 649.834: [GC (Allocation Failure) 2018-02-19T13:55:48.545+0000: 649.834: [DefNew: 146256K->9608K(153600K), 0.0161603 secs] 230194K->95245K(494976K), 0.0162197 secs] [Times: user=0.01 sys=0.00, real=0.02 secs] 
2018-02-19T13:56:05.738+0000: 667.026: [GC (Allocation Failure) 2018-02-19T13:56:05.738+0000: 667.026: [DefNew: 146184K->9404K(153600K), 0.0155412 secs] 231821K->96741K(494976K), 0.0156046 secs] [Times: user=0.00 sys=0.01, real=0.02 secs] 
2018-02-19T13:56:20.486+0000: 681.774: [GC (Allocation Failure) 2018-02-19T13:56:20.486+0000: 681.774: [DefNew: 145980K->9116K(153600K), 0.0159389 secs] 233317K->98141K(494976K), 0.0160010 secs] [Times: user=0.02 sys=0.00, real=0.02 secs] 
2018-02-19T13:56:34.706+0000: 695.995: [GC (Allocation Failure) 2018-02-19T13:56:34.706+0000: 695.995: [DefNew: 145692K->9456K(153600K), 0.0159971 secs] 234717K->99728K(494976K), 0.0160841 secs] [Times: user=0.02 sys=0.00, real=0.02 secs] 
2018-02-19T13:56:53.778+0000: 715.066: [GC (Allocation Failure) 2018-02-19T13:56:53.778+0000: 715.066: [DefNew: 146032K->9971K(153600K), 0.0157139 secs] 236304K->101616K(494976K), 0.0157765 secs] [Times: user=0.02 sys=0.01, real=0.02 secs] 
2018-02-19T13:57:08.714+0000: 730.002: [GC (Allocation Failure) 2018-02-19T13:57:08.714+0000: 730.002: [DefNew: 146547K->10149K(153600K), 0.0159086 secs] 238192K->103280K(494976K), 0.0159892 secs] [Times: user=0.01 sys=0.01, real=0.02 secs] 
13:57:15.974 [Client] INFO  c.s.f.r.e.s.SocketRear  - FlameSocketGraphDeployerRear@172.31.42.36: has been disconnected from Connection 5
13:57:29.305 [worker-akka.actor.default-dispatcher-2] INFO  a.a.CoordinatedShutdown CoordinatedShutdown(akka://worker) - Starting coordinated shutdown from JVM shutdown hook
13:57:29.355 [worker-akka.actor.default-dispatcher-2] INFO  a.a.LocalActorRef akka://worker/user/watcher/graph0000000000/negotiator - Stopped
13:57:29.357 [worker-akka.actor.default-dispatcher-2] INFO  a.a.LocalActorRef akka://worker/user/watcher/graph0000000000/edge/FlameSocketGraphDeployerFront - Stopped
13:57:29.357 [worker-akka.actor.default-dispatcher-2] INFO  a.a.LocalActorRef akka://worker/user/watcher/graph0000000000/edge/FlameSocketGraphDeployerRear - Stopped
13:57:29.358 [worker-akka.actor.default-dispatcher-2] INFO  a.a.LocalActorRef akka://worker/user/watcher/graph0000000000/graph/local-acker/$a - Stopped
13:57:29.358 [worker-akka.actor.default-dispatcher-2] INFO  a.a.LocalActorRef akka://worker/user/watcher/graph0000000000/graph/$a - Stopped
13:57:29.358 [worker-akka.actor.default-dispatcher-2] INFO  a.a.LocalActorRef akka://worker/user/watcher/graph0000000000/graph/local-acker/$a - Message [com.spbsu.flamestream.runtime.utils.akka.PingActor$InnerPing] from Actor[akka://worker/user/watcher/graph0000000000/graph/local-acker/$a#-616016530] to Actor[akka://worker/user/watcher/graph0000000000/graph/local-acker/$a#-616016530] was not delivered. [1] dead letters encountered. This logging can be turned off or adjusted with configuration settings 'akka.log-dead-letters' and 'akka.log-dead-letters-during-shutdown'.
13:57:29.359 [worker-akka.actor.default-dispatcher-2] INFO  a.a.LocalActorRef akka://worker/user/watcher/graph0000000000/graph/local-acker - Stopped
13:57:29.360 [worker-akka.actor.default-dispatcher-2] INFO  a.a.LocalActorRef akka://worker/user/watcher/graph0000000000/graph/$b - Stopped
13:57:29.360 [worker-akka.actor.default-dispatcher-2] INFO  a.a.LocalActorRef akka://worker/user/watcher/graph0000000000/graph/$c - Stopped
13:57:29.362 [worker-akka.actor.default-dispatcher-2] INFO  a.a.LocalActorRef akka://worker/user/watcher/graph0000000000/edge - Stopped
13:57:29.364 [worker-akka.actor.default-dispatcher-2] INFO  a.a.LocalActorRef akka://worker/user/watcher/graph0000000000/graph - Stopped
13:57:29.365 [worker-akka.actor.default-dispatcher-2] INFO  a.a.LocalActorRef akka://worker/user/watcher/graph0000000000 - Stopped
13:57:29.366 [worker-akka.actor.default-dispatcher-2] INFO  a.a.LocalActorRef akka://worker/user/watcher/graph0000000000/graph/local-acker/$a - Message [com.spbsu.flamestream.runtime.utils.akka.PingActor$Stop] from Actor[akka://worker/user/watcher/graph0000000000/graph/local-acker#-94250110] to Actor[akka://worker/user/watcher/graph0000000000/graph/local-acker/$a#-616016530] was not delivered. [2] dead letters encountered. This logging can be turned off or adjusted with configuration settings 'akka.log-dead-letters' and 'akka.log-dead-letters-during-shutdown'.
13:57:29.367 [worker-akka.actor.default-dispatcher-2] INFO  a.a.LocalActorRef akka://worker/user/watcher/graph0000000000/graph/local-acker - Message [com.spbsu.flamestream.runtime.acker.LocalAcker$Flush] from Actor[akka://worker/user/watcher/graph0000000000/graph/local-acker#-94250110] to Actor[akka://worker/user/watcher/graph0000000000/graph/local-acker#-94250110] was not delivered. [3] dead letters encountered. This logging can be turned off or adjusted with configuration settings 'akka.log-dead-letters' and 'akka.log-dead-letters-during-shutdown'.
13:57:29.367 [worker-akka.actor.default-dispatcher-2] INFO  a.a.LocalActorRef akka://worker/user/watcher/graph0000000000/graph/local-acker - Message [com.spbsu.flamestream.runtime.acker.LocalAcker$Flush] from Actor[akka://worker/user/watcher/graph0000000000/graph/local-acker#-94250110] to Actor[akka://worker/user/watcher/graph0000000000/graph/local-acker#-94250110] was not delivered. [4] dead letters encountered. This logging can be turned off or adjusted with configuration settings 'akka.log-dead-letters' and 'akka.log-dead-letters-during-shutdown'.
13:57:29.368 [worker-akka.actor.default-dispatcher-2] INFO  a.a.LocalActorRef akka://worker/user/watcher/graph0000000000/graph/local-acker - Message [com.spbsu.flamestream.runtime.acker.LocalAcker$Flush] from Actor[akka://worker/user/watcher/graph0000000000/graph/local-acker#-94250110] to Actor[akka://worker/user/watcher/graph0000000000/graph/local-acker#-94250110] was not delivered. [5] dead letters encountered. This logging can be turned off or adjusted with configuration settings 'akka.log-dead-letters' and 'akka.log-dead-letters-during-shutdown'.
13:57:29.370 [worker-akka.actor.default-dispatcher-2-EventThread] INFO  o.a.z.ClientCnxn  - EventThread shut down for session: 0x161ae4eb1e20004
13:57:29.370 [worker-akka.actor.default-dispatcher-2] INFO  o.a.z.ZooKeeper  - Session: 0x161ae4eb1e20004 closed
13:57:29.371 [worker-akka.actor.default-dispatcher-2] INFO  a.a.RepointableActorRef akka://worker/user/watcher - Stopped
13:57:29.384 [worker-akka.actor.default-dispatcher-2] INFO  a.r.RemoteActorRefProvider$RemotingTerminator akka://worker@172.31.42.36:5412/system/remoting-terminator - Shutting down remote daemon.
13:57:29.387 [worker-akka.actor.default-dispatcher-2] INFO  a.r.RemoteActorRefProvider$RemotingTerminator akka://worker@172.31.42.36:5412/system/remoting-terminator - Remote daemon shut down; proceeding with flushing remote transports.
13:57:29.589 [worker-akka.actor.default-dispatcher-2] INFO  a.r.RemoteActorRefProvider$RemotingTerminator akka://worker@172.31.42.36:5412/system/remoting-terminator - Remoting shut down.
Heap
 def new generation   total 153600K, used 77794K [0x00000000e0c00000, 0x00000000eb2a0000, 0x00000000eb2a0000)
  eden space 136576K,  49% used [0x00000000e0c00000, 0x00000000e4e0f770, 0x00000000e9160000)
  from space 17024K,  59% used [0x00000000e9160000, 0x00000000e9b49480, 0x00000000ea200000)
  to   space 17024K,   0% used [0x00000000ea200000, 0x00000000ea200000, 0x00000000eb2a0000)
 tenured generation   total 341376K, used 93131K [0x00000000eb2a0000, 0x0000000100000000, 0x0000000100000000)
   the space 341376K,  27% used [0x00000000eb2a0000, 0x00000000f0d92f50, 0x00000000f0d93000, 0x0000000100000000)
 Metaspace       used 33514K, capacity 34298K, committed 34688K, reserved 1079296K
  class space    used 4459K, capacity 4624K, committed 4736K, reserved 1048576K
