14:54:18.637 [worker-akka.actor.default-dispatcher-2] INFO  a.e.s.Slf4jLogger  - Slf4jLogger started
2018-02-16T14:54:18.774+0000: 1.786: [Full GC (Metadata GC Threshold) 2018-02-16T14:54:18.775+0000: 1.786: [Tenured: 0K->15401K(341376K), 0.0340939 secs] 117538K->15401K(494976K), [Metaspace: 20882K->20882K(1067008K)], 0.0356160 secs] [Times: user=0.04 sys=0.00, real=0.04 secs] 
Ama winner
Ama winner
14:54:19.106 [worker-akka.actor.default-dispatcher-2] INFO  a.r.a.ArteryTransport(akka://worker) akka.remote.artery.ArteryTransport(akka://worker) - Started embedded media driver in directory [/dev/shm/aeron-root-worker-0c9645cf-1207-4568-94d9-4465a294ed9c]
14:54:19.294 [worker-akka.actor.default-dispatcher-2] INFO  a.r.a.ArteryTransport(akka://worker) akka.remote.artery.ArteryTransport(akka://worker) - Remoting started; listening on address: [akka://worker@172.31.37.101:5412] with UID [8412405535877775652]
14:54:19.348 [worker-akka.actor.default-dispatcher-2] INFO  o.a.z.ZooKeeper  - Client environment:zookeeper.version=3.4.9-1757313, built on 08/23/2016 06:50 GMT
14:54:19.348 [worker-akka.actor.default-dispatcher-2] INFO  o.a.z.ZooKeeper  - Client environment:host.name=ip-172-31-37-101.us-east-2.compute.internal
14:54:19.348 [worker-akka.actor.default-dispatcher-2] INFO  o.a.z.ZooKeeper  - Client environment:java.version=1.8.0_151
14:54:19.348 [worker-akka.actor.default-dispatcher-2] INFO  o.a.z.ZooKeeper  - Client environment:java.vendor=Oracle Corporation
14:54:19.348 [worker-akka.actor.default-dispatcher-2] INFO  o.a.z.ZooKeeper  - Client environment:java.home=/usr/lib/jvm/java-8-openjdk-amd64/jre
14:54:19.349 [worker-akka.actor.default-dispatcher-2] INFO  o.a.z.ZooKeeper  - Client environment:java.class.path=lib/commons-cli-1.4.jar:lib/minlog-1.3.0.jar:lib/asm-5.0.4.jar:lib/hadoop-annotations-2.7.3.jar:lib/hadoop-auth-2.7.3.jar:lib/akka-slf4j_2.11-2.5.6.jar:lib/jersey-core-1.9.jar:lib/lz4-1.3.0.jar:lib/jackson-core-asl-1.9.13.jar:lib/aeron-client-1.3.0.jar:lib/htrace-core-3.1.0-incubating.jar:lib/xz-1.0.jar:lib/commons-httpclient-3.1.jar:lib/asm-3.1.jar:lib/commons-lang3-3.4.jar:lib/scala-library-2.11.11.jar:lib/scala-java8-compat_2.11-0.7.0.jar:lib/commons-configuration-1.6.jar:lib/objenesis-2.1.jar:lib/jackson-annotations-2.8.0.jar:lib/jsr305-3.0.0.jar:lib/curator-framework-2.7.1.jar:lib/jersey-server-1.9.jar:lib/jets3t-0.9.0.jar:lib/leveldb-0.7.jar:lib/jetty-6.1.26.jar:lib/stax-api-1.0-2.jar:lib/flamestream-core-1.0-SNAPSHOT.jar:lib/reflectasm-1.07-shaded.jar:lib/apacheds-kerberos-codec-2.0.0-M15.jar:lib/api-asn1-api-1.0.0-M20.jar:lib/commons-lang-2.6.jar:lib/commons-beanutils-1.7.0.jar:lib/jackson-xc-1.8.3.jar:lib/jetty-util-6.1.26.jar:lib/logback-classic-1.2.3.jar:lib/jool-0.9.12.jar:lib/flamestream-runtime-1.0-SNAPSHOT-tests.jar:lib/httpcore-4.1.2.jar:lib/kryo-4.0.0.jar:lib/ant-1.8.1.jar:lib/jaxb-impl-2.2.3-1.jar:lib/jersey-json-1.9.jar:lib/commons-compress-1.4.1.jar:lib/leveldbjni-all-1.8.jar:lib/paranamer-2.3.jar:lib/jackson-core-2.8.4.jar:lib/commons-math3-3.6.1.jar:lib/scala-parser-combinators_2.11-1.0.4.jar:lib/netty-3.10.6.Final.jar:lib/trove4j-3.0.3.jar:lib/jaxb-api-2.2.2.jar:lib/logback-core-1.2.3.jar:lib/snappy-java-1.0.4.1.jar:lib/protobuf-java-2.5.0.jar:lib/reactive-streams-1.0.1.jar:lib/flamestream-examples-1.0-SNAPSHOT.jar:lib/commons-codec-1.4.jar:lib/activation-1.1.jar:lib/commons-net-3.1.jar:lib/curator-recipes-2.7.1.jar:lib/jackson-mapper-asl-1.9.13.jar:lib/jackson-databind-2.8.4.jar:lib/flamestream-runtime-1.0-SNAPSHOT.jar:lib/jackson-jaxrs-1.8.3.jar:lib/slf4j-api-1.7.24.jar:lib/akka-remote_2.11-2.5.6.jar:lib/akka-testkit_2.11-2.5.6.jar:lib/jline-0.9.94.jar:lib/akka-stream_2.11-2.5.6.jar:lib/jsp-api-2.1.jar:lib/kryonet-2.21.jar:lib/akka-kryo-serialization_2.11-0.5.0.jar:lib/config-1.3.1.jar:lib/ant-launcher-1.8.1.jar:lib/commons-logging-1.2.jar:lib/ssl-config-core_2.11-0.2.2.jar:lib/testng-6.10.jar:lib/leveldb-api-0.7.jar:lib/reflectasm-1.11.3.jar:lib/jcommander-1.48.jar:lib/commons-1.1.jar:lib/commons-digester-1.8.jar:lib/minlog-1.2.jar:lib/java-xmlbuilder-0.4.jar:lib/jettison-1.1.jar:lib/gson-2.2.4.jar:lib/jdk.tools-1.8.jar:lib/aeron-driver-1.3.0.jar:lib/zookeeper-3.4.9.jar:lib/commons-beanutils-core-1.8.0.jar:lib/commons-math3-3.1.1.jar:lib/akka-actor_2.11-2.5.6.jar:lib/curator-client-2.7.1.jar:lib/servlet-api-2.5.jar:lib/apacheds-i18n-2.0.0-M15.jar:lib/commons-io-2.4.jar:lib/commons-codec-1.6.jar:lib/akka-protobuf_2.11-2.5.6.jar:lib/protobuf-java-3.5.1.jar:lib/jdom-2.0.2.jar:lib/api-util-1.0.0-M20.jar:lib/hadoop-common-2.7.3.jar:lib/agrona-0.9.6.jar:lib/xmlenc-0.52.jar:lib/guava-21.0.jar:lib/commons-collections-3.2.2.jar:lib/avro-1.7.4.jar:lib/httpclient-4.1.2.jar:lib/flamestream-core-1.0-SNAPSHOT-tests.jar:lib/annotations-12.0.jar:lib/jsch-0.1.42.jar:flamestream-runtime-1.0-SNAPSHOT.jar
14:54:19.349 [worker-akka.actor.default-dispatcher-2] INFO  o.a.z.ZooKeeper  - Client environment:java.library.path=/usr/java/packages/lib/amd64:/usr/lib/x86_64-linux-gnu/jni:/lib/x86_64-linux-gnu:/usr/lib/x86_64-linux-gnu:/usr/lib/jni:/lib:/usr/lib
14:54:19.349 [worker-akka.actor.default-dispatcher-2] INFO  o.a.z.ZooKeeper  - Client environment:java.io.tmpdir=/tmp
14:54:19.349 [worker-akka.actor.default-dispatcher-2] INFO  o.a.z.ZooKeeper  - Client environment:java.compiler=<NA>
14:54:19.349 [worker-akka.actor.default-dispatcher-2] INFO  o.a.z.ZooKeeper  - Client environment:os.name=Linux
14:54:19.349 [worker-akka.actor.default-dispatcher-2] INFO  o.a.z.ZooKeeper  - Client environment:os.arch=amd64
14:54:19.349 [worker-akka.actor.default-dispatcher-2] INFO  o.a.z.ZooKeeper  - Client environment:os.version=4.4.0-1049-aws
14:54:19.349 [worker-akka.actor.default-dispatcher-2] INFO  o.a.z.ZooKeeper  - Client environment:user.name=root
14:54:19.350 [worker-akka.actor.default-dispatcher-2] INFO  o.a.z.ZooKeeper  - Client environment:user.home=/root
14:54:19.350 [worker-akka.actor.default-dispatcher-2] INFO  o.a.z.ZooKeeper  - Client environment:user.dir=/opt/flamestream
14:54:19.351 [worker-akka.actor.default-dispatcher-2] INFO  o.a.z.ZooKeeper  - Initiating client connection, connectString=172.31.34.147:2181 sessionTimeout=5000 watcher=com.spbsu.flamestream.runtime.application.LifecycleWatcher$$Lambda$29/2091173542@1b48f905
14:54:19.369 [worker-akka.actor.default-dispatcher-2] INFO  a.a.RepointableActorRef akka://worker/user/watcher - Starting...
14:54:19.369 [worker-akka.actor.default-dispatcher-2-SendThread(172.31.34.147:2181)] INFO  o.a.z.ClientCnxn  - Opening socket connection to server 172.31.34.147/172.31.34.147:2181. Will not attempt to authenticate using SASL (unknown error)
14:54:19.372 [worker-akka.actor.default-dispatcher-2-SendThread(172.31.34.147:2181)] INFO  o.a.z.ClientCnxn  - Socket connection established to 172.31.34.147/172.31.34.147:2181, initiating session
14:54:19.378 [worker-akka.actor.default-dispatcher-2-SendThread(172.31.34.147:2181)] INFO  o.a.z.ClientCnxn  - Session establishment complete on server 172.31.34.147/172.31.34.147:2181, sessionid = 0x1619f1aca190009, negotiated timeout = 6000
14:54:19.458 [worker-akka.actor.default-dispatcher-2] INFO  a.a.RepointableActorRef akka://worker/user/watcher - Connected to ZK
14:54:30.525 [worker-akka.actor.default-dispatcher-2] INFO  a.a.RepointableActorRef akka://worker/user/watcher - Creating node with watchGraphs: 'com.spbsu.flamestream.core.Graph$Builder$MyGraph@22aae96d', config: 'ClusterConfig{paths={172.31.33.155=akka://worker@172.31.33.155:5412/user/watcher/graph0000000000, 172.31.47.83=akka://worker@172.31.47.83:5412/user/watcher/graph0000000000, 172.31.45.197=akka://worker@172.31.45.197:5412/user/watcher/graph0000000000, 172.31.42.36=akka://worker@172.31.42.36:5412/user/watcher/graph0000000000, 172.31.44.83=akka://worker@172.31.44.83:5412/user/watcher/graph0000000000, 172.31.39.64=akka://worker@172.31.39.64:5412/user/watcher/graph0000000000, 172.31.35.79=akka://worker@172.31.35.79:5412/user/watcher/graph0000000000, 172.31.34.169=akka://worker@172.31.34.169:5412/user/watcher/graph0000000000, 172.31.47.100=akka://worker@172.31.47.100:5412/user/watcher/graph0000000000, 172.31.37.101=akka://worker@172.31.37.101:5412/user/watcher/graph0000000000}, ackerLocation='172.31.35.79', props=ComputationLayout{ranges={172.31.33.155=HashRange{from=-1670265060, to=-1193046472}, 172.31.47.83=HashRange{from=1670265056, to=2147483644}, 172.31.45.197=HashRange{from=-715827884, to=-238609296}, 172.31.42.36=HashRange{from=1193046468, to=1670265056}, 172.31.44.83=HashRange{from=-238609296, to=238609292}, 172.31.39.64=HashRange{from=715827880, to=1193046468}, 172.31.35.79=HashRange{from=0, to=0}, 172.31.34.169=HashRange{from=-2147483648, to=-1670265060}, 172.31.47.100=HashRange{from=238609292, to=715827880}, 172.31.37.101=HashRange{from=-1193046472, to=-715827884}}}}'
14:54:31.271 [worker-akka.actor.default-dispatcher-2] INFO  a.a.LocalActorRef akka://worker/user/watcher/graph0000000000/graph - Starting...
14:54:31.272 [worker-akka.actor.default-dispatcher-2] INFO  a.a.LocalActorRef akka://worker/user/watcher/graph0000000000/graph/local-acker - Starting...
14:54:31.278 [worker-akka.actor.default-dispatcher-2] INFO  a.a.LocalActorRef akka://worker/user/watcher/graph0000000000/graph/local-acker/$a - Starting...
Warning: space is running low in /dev/shm (tmpfs) threshold=167,772,160 usable=158,621,696
Warning: space is running low in /dev/shm (tmpfs) threshold=167,772,160 usable=146,034,688
Warning: space is running low in /dev/shm (tmpfs) threshold=167,772,160 usable=133,447,680
Warning: space is running low in /dev/shm (tmpfs) threshold=167,772,160 usable=120,860,672
Warning: space is running low in /dev/shm (tmpfs) threshold=167,772,160 usable=108,273,664
Warning: space is running low in /dev/shm (tmpfs) threshold=167,772,160 usable=95,686,656
Warning: space is running low in /dev/shm (tmpfs) threshold=167,772,160 usable=83,099,648
Warning: space is running low in /dev/shm (tmpfs) threshold=167,772,160 usable=70,512,640
14:54:33.005 [worker-akka.actor.default-dispatcher-2] INFO  a.a.LocalActorRef akka://worker/user/watcher/graph0000000000/graph - Finishing constructor
14:54:33.006 [worker-akka.actor.default-dispatcher-2] INFO  a.a.LocalActorRef akka://worker/user/watcher/graph0000000000 - Starting...
14:54:33.007 [worker-akka.actor.default-dispatcher-2] INFO  a.a.LocalActorRef akka://worker/user/watcher/graph0000000000/negotiator - Starting...
14:54:33.007 [worker-akka.actor.default-dispatcher-2] INFO  a.a.LocalActorRef akka://worker/user/watcher/graph0000000000/edge - Starting...
14:54:33.074 [worker-akka.actor.default-dispatcher-2] INFO  c.s.f.r.e.s.SocketRear  - FlameSocketGraphDeployerRear@172.31.37.101: connecting to 172.31.34.147:5678
14:54:33.078 [worker-akka.actor.default-dispatcher-2] INFO  c.s.f.r.e.s.SocketRear  - FlameSocketGraphDeployerRear@172.31.37.101: connected to 172.31.34.147:5678
2018-02-16T14:54:33.084+0000: 16.095: [GC (Allocation Failure) 2018-02-16T14:54:33.084+0000: 16.095: [DefNew: 122491K->17023K(153600K), 0.0180208 secs] 137892K->43128K(494976K), 0.0180743 secs] [Times: user=0.02 sys=0.00, real=0.02 secs] 
14:54:33.121 [worker-akka.actor.default-dispatcher-2] INFO  a.a.LocalActorRef akka://worker/user/watcher/graph0000000000/graph/$a - Starting...
14:54:33.122 [worker-akka.actor.default-dispatcher-2] INFO  a.a.LocalActorRef akka://worker/user/watcher/graph0000000000/graph/$b - Starting...
14:54:33.123 [worker-akka.actor.default-dispatcher-2] INFO  a.a.LocalActorRef akka://worker/user/watcher/graph0000000000/graph/$c - Starting...
14:54:33.123 [worker-akka.actor.default-dispatcher-2] INFO  a.a.LocalActorRef akka://worker/user/watcher/graph0000000000/edge/FlameSocketGraphDeployerRear - Starting...
14:54:33.124 [worker-akka.actor.default-dispatcher-2] INFO  a.a.LocalActorRef akka://worker/user/watcher/graph0000000000/edge/FlameSocketGraphDeployerFront - Starting...
14:54:33.124 [worker-akka.actor.default-dispatcher-2] INFO  a.a.LocalActorRef akka://worker/user/watcher/graph0000000000/negotiator - Requesting ticket for the frontClass FlameSocketGraphDeployerFront@172.31.37.101
14:54:33.130 [worker-akka.actor.default-dispatcher-2] INFO  a.a.LocalActorRef akka://worker/user/watcher/graph0000000000/negotiator - Ticket for the frontClass received: FrontTicket{allowedTimestamp=(1518792870514, FlameSocketGraphDeployerFront@172.31.37.101)}
14:54:33.131 [worker-akka.actor.default-dispatcher-2] INFO  c.s.f.r.e.s.SocketFront  - FlameSocketGraphDeployerFront@172.31.37.101: connecting to 172.31.34.147:4567
14:54:33.144 [Client] INFO  c.s.f.r.e.s.SocketFront  - FlameSocketGraphDeployerFront@172.31.37.101 has been disconnected from Connection 8
2018-02-16T14:54:43.699+0000: 26.710: [GC (Allocation Failure) 2018-02-16T14:54:43.699+0000: 26.710: [DefNew: 153599K->3960K(153600K), 0.0743223 secs] 179704K->66583K(494976K), 0.0743867 secs] [Times: user=0.01 sys=0.06, real=0.08 secs] 
2018-02-16T14:54:57.054+0000: 40.065: [GC (Allocation Failure) 2018-02-16T14:54:57.054+0000: 40.065: [DefNew: 140536K->5358K(153600K), 0.0120223 secs] 203159K->67981K(494976K), 0.0120812 secs] [Times: user=0.01 sys=0.00, real=0.01 secs] 
2018-02-16T14:55:07.688+0000: 50.699: [GC (Allocation Failure) 2018-02-16T14:55:07.688+0000: 50.699: [DefNew: 141934K->7327K(153600K), 0.0151553 secs] 204557K->69951K(494976K), 0.0152146 secs] [Times: user=0.02 sys=0.00, real=0.01 secs] 
2018-02-16T14:55:19.020+0000: 62.031: [GC (Allocation Failure) 2018-02-16T14:55:19.020+0000: 62.031: [DefNew: 143903K->8700K(153600K), 0.0141155 secs] 206527K->71324K(494976K), 0.0141758 secs] [Times: user=0.01 sys=0.00, real=0.01 secs] 
2018-02-16T14:55:27.427+0000: 70.438: [GC (Allocation Failure) 2018-02-16T14:55:27.427+0000: 70.438: [DefNew: 145276K->8320K(153600K), 0.0151556 secs] 207900K->72498K(494976K), 0.0152114 secs] [Times: user=0.01 sys=0.00, real=0.02 secs] 
2018-02-16T14:55:39.135+0000: 82.146: [GC (Allocation Failure) 2018-02-16T14:55:39.135+0000: 82.146: [DefNew: 144896K->9818K(153600K), 0.0147894 secs] 209074K->73996K(494976K), 0.0148598 secs] [Times: user=0.01 sys=0.00, real=0.02 secs] 
2018-02-16T14:55:51.814+0000: 94.825: [GC (Allocation Failure) 2018-02-16T14:55:51.814+0000: 94.825: [DefNew: 146394K->7999K(153600K), 0.0159101 secs] 210572K->74640K(494976K), 0.0159660 secs] [Times: user=0.01 sys=0.00, real=0.02 secs] 
2018-02-16T14:56:07.788+0000: 110.798: [GC (Allocation Failure) 2018-02-16T14:56:07.788+0000: 110.798: [DefNew: 144575K->9846K(153600K), 0.0149066 secs] 211216K->76487K(494976K), 0.0149673 secs] [Times: user=0.02 sys=0.00, real=0.02 secs] 
2018-02-16T14:56:19.983+0000: 122.994: [GC (Allocation Failure) 2018-02-16T14:56:19.983+0000: 122.994: [DefNew: 146422K->8376K(153600K), 0.0167047 secs] 213063K->77590K(494976K), 0.0167936 secs] [Times: user=0.02 sys=0.00, real=0.02 secs] 
2018-02-16T14:56:32.963+0000: 135.974: [GC (Allocation Failure) 2018-02-16T14:56:32.963+0000: 135.974: [DefNew: 144952K->9798K(153600K), 0.0149113 secs] 214166K->79012K(494976K), 0.0149677 secs] [Times: user=0.01 sys=0.00, real=0.01 secs] 
2018-02-16T14:56:49.346+0000: 152.357: [GC (Allocation Failure) 2018-02-16T14:56:49.346+0000: 152.357: [DefNew: 146374K->8818K(153600K), 0.0168649 secs] 215588K->80047K(494976K), 0.0169394 secs] [Times: user=0.02 sys=0.00, real=0.02 secs] 
2018-02-16T14:57:03.454+0000: 166.465: [GC (Allocation Failure) 2018-02-16T14:57:03.454+0000: 166.465: [DefNew: 145394K->9259K(153600K), 0.0160422 secs] 216623K->81999K(494976K), 0.0161029 secs] [Times: user=0.01 sys=0.00, real=0.02 secs] 
2018-02-16T14:57:16.184+0000: 179.195: [GC (Allocation Failure) 2018-02-16T14:57:16.185+0000: 179.195: [DefNew: 145835K->8678K(153600K), 0.0152529 secs] 218575K->82490K(494976K), 0.0153199 secs] [Times: user=0.02 sys=0.00, real=0.01 secs] 
2018-02-16T14:57:27.977+0000: 190.988: [GC (Allocation Failure) 2018-02-16T14:57:27.977+0000: 190.988: [DefNew: 145254K->8502K(153600K), 0.0148551 secs] 219066K->83520K(494976K), 0.0149282 secs] [Times: user=0.01 sys=0.00, real=0.02 secs] 
2018-02-16T14:57:41.951+0000: 204.962: [GC (Allocation Failure) 2018-02-16T14:57:41.951+0000: 204.962: [DefNew: 145078K->10583K(153600K), 0.0171803 secs] 220096K->85601K(494976K), 0.0172373 secs] [Times: user=0.01 sys=0.00, real=0.02 secs] 
2018-02-16T14:57:54.941+0000: 217.952: [GC (Allocation Failure) 2018-02-16T14:57:54.941+0000: 217.952: [DefNew: 147159K->8994K(153600K), 0.0191280 secs] 222177K->86178K(494976K), 0.0191945 secs] [Times: user=0.02 sys=0.00, real=0.02 secs] 
2018-02-16T14:58:08.074+0000: 231.085: [GC (Allocation Failure) 2018-02-16T14:58:08.074+0000: 231.085: [DefNew: 145570K->9171K(153600K), 0.0158695 secs] 222754K->87361K(494976K), 0.0159261 secs] [Times: user=0.02 sys=0.00, real=0.02 secs] 
2018-02-16T14:58:22.484+0000: 245.495: [GC (Allocation Failure) 2018-02-16T14:58:22.484+0000: 245.495: [DefNew: 145747K->9472K(153600K), 0.0168075 secs] 223937K->88664K(494976K), 0.0168685 secs] [Times: user=0.01 sys=0.00, real=0.02 secs] 
2018-02-16T14:58:38.863+0000: 261.874: [GC (Allocation Failure) 2018-02-16T14:58:38.863+0000: 261.874: [DefNew: 146048K->9458K(153600K), 0.0166134 secs] 225240K->89728K(494976K), 0.0166762 secs] [Times: user=0.01 sys=0.00, real=0.02 secs] 
2018-02-16T14:58:52.758+0000: 275.770: [GC (Allocation Failure) 2018-02-16T14:58:52.759+0000: 275.770: [DefNew: 146034K->9789K(153600K), 0.0200203 secs] 226304K->91112K(494976K), 0.0208925 secs] [Times: user=0.02 sys=0.00, real=0.02 secs] 
2018-02-16T14:59:04.054+0000: 287.065: [GC (Allocation Failure) 2018-02-16T14:59:04.054+0000: 287.065: [DefNew: 146365K->9039K(153600K), 0.0176112 secs] 227688K->92550K(494976K), 0.0176755 secs] [Times: user=0.02 sys=0.00, real=0.02 secs] 
2018-02-16T14:59:16.002+0000: 299.013: [GC (Allocation Failure) 2018-02-16T14:59:16.002+0000: 299.013: [DefNew: 145615K->8911K(153600K), 0.0148662 secs] 229126K->93660K(494976K), 0.0149274 secs] [Times: user=0.01 sys=0.00, real=0.01 secs] 
2018-02-16T14:59:28.781+0000: 311.792: [GC (Allocation Failure) 2018-02-16T14:59:28.781+0000: 311.792: [DefNew: 145487K->9985K(153600K), 0.0164806 secs] 230236K->96047K(494976K), 0.0165441 secs] [Times: user=0.01 sys=0.00, real=0.01 secs] 
2018-02-16T14:59:41.602+0000: 324.613: [GC (Allocation Failure) 2018-02-16T14:59:41.602+0000: 324.613: [DefNew: 146561K->9952K(153600K), 0.0152488 secs] 232623K->97355K(494976K), 0.0153096 secs] [Times: user=0.02 sys=0.00, real=0.01 secs] 
2018-02-16T14:59:54.094+0000: 337.105: [GC (Allocation Failure) 2018-02-16T14:59:54.095+0000: 337.105: [DefNew: 146528K->7946K(153600K), 0.0179981 secs] 233931K->98743K(494976K), 0.0180605 secs] [Times: user=0.02 sys=0.00, real=0.02 secs] 
2018-02-16T15:00:08.280+0000: 351.291: [GC (Allocation Failure) 2018-02-16T15:00:08.280+0000: 351.291: [DefNew: 144522K->9724K(153600K), 0.0142041 secs] 235319K->100521K(494976K), 0.0142628 secs] [Times: user=0.01 sys=0.00, real=0.01 secs] 
2018-02-16T15:00:21.441+0000: 364.452: [GC (Allocation Failure) 2018-02-16T15:00:21.441+0000: 364.452: [DefNew: 146300K->9775K(153600K), 0.0282195 secs] 237097K->101743K(494976K), 0.0282787 secs] [Times: user=0.00 sys=0.02, real=0.03 secs] 
2018-02-16T15:00:35.737+0000: 378.748: [GC (Allocation Failure) 2018-02-16T15:00:35.737+0000: 378.748: [DefNew: 146351K->9863K(153600K), 0.0159877 secs] 238319K->103168K(494976K), 0.0160497 secs] [Times: user=0.01 sys=0.00, real=0.02 secs] 
2018-02-16T15:00:47.895+0000: 390.906: [GC (Allocation Failure) 2018-02-16T15:00:47.895+0000: 390.906: [DefNew: 146439K->9845K(153600K), 0.0172905 secs] 239744K->104432K(494976K), 0.0173632 secs] [Times: user=0.02 sys=0.00, real=0.02 secs] 
2018-02-16T15:01:00.075+0000: 403.086: [GC (Allocation Failure) 2018-02-16T15:01:00.075+0000: 403.086: [DefNew: 146421K->9929K(153600K), 0.0270554 secs] 241008K->105779K(494976K), 0.0271243 secs] [Times: user=0.00 sys=0.03, real=0.03 secs] 
2018-02-16T15:01:11.379+0000: 414.390: [GC (Allocation Failure) 2018-02-16T15:01:11.380+0000: 414.390: [DefNew: 146505K->10665K(153600K), 0.0172849 secs] 242355K->107829K(494976K), 0.0173471 secs] [Times: user=0.02 sys=0.00, real=0.02 secs] 
2018-02-16T15:01:24.057+0000: 427.068: [GC (Allocation Failure) 2018-02-16T15:01:24.057+0000: 427.068: [DefNew: 147241K->8818K(153600K), 0.0423327 secs] 244405K->108605K(494976K), 0.0423991 secs] [Times: user=0.00 sys=0.05, real=0.04 secs] 
2018-02-16T15:01:34.503+0000: 437.514: [GC (Allocation Failure) 2018-02-16T15:01:34.503+0000: 437.514: [DefNew: 145394K->8770K(153600K), 0.0151362 secs] 245181K->109824K(494976K), 0.0152058 secs] [Times: user=0.02 sys=0.00, real=0.01 secs] 
2018-02-16T15:01:47.497+0000: 450.508: [GC (Allocation Failure) 2018-02-16T15:01:47.497+0000: 450.508: [DefNew: 145346K->8945K(153600K), 0.0162632 secs] 246400K->111579K(494976K), 0.0163350 secs] [Times: user=0.02 sys=0.00, real=0.02 secs] 
2018-02-16T15:01:59.239+0000: 462.250: [GC (Allocation Failure) 2018-02-16T15:01:59.239+0000: 462.250: [DefNew: 145521K->9223K(153600K), 0.0152954 secs] 248155K->113140K(494976K), 0.0153587 secs] [Times: user=0.01 sys=0.00, real=0.02 secs] 
2018-02-16T15:02:11.042+0000: 474.053: [GC (Allocation Failure) 2018-02-16T15:02:11.042+0000: 474.053: [DefNew: 145799K->9467K(153600K), 0.0161690 secs] 249716K->115034K(494976K), 0.0162371 secs] [Times: user=0.02 sys=0.00, real=0.01 secs] 
2018-02-16T15:02:26.025+0000: 489.036: [GC (Allocation Failure) 2018-02-16T15:02:26.025+0000: 489.036: [DefNew: 146043K->9621K(153600K), 0.0166925 secs] 251610K->116518K(494976K), 0.0167628 secs] [Times: user=0.02 sys=0.00, real=0.02 secs] 
2018-02-16T15:02:38.352+0000: 501.363: [GC (Allocation Failure) 2018-02-16T15:02:38.352+0000: 501.363: [DefNew: 146197K->10604K(153600K), 0.0164464 secs] 253094K->118801K(494976K), 0.0165064 secs] [Times: user=0.01 sys=0.00, real=0.02 secs] 
2018-02-16T15:02:47.216+0000: 510.227: [GC (Allocation Failure) 2018-02-16T15:02:47.216+0000: 510.227: [DefNew: 147180K->9468K(153600K), 0.0154206 secs] 255377K->119388K(494976K), 0.0154796 secs] [Times: user=0.00 sys=0.00, real=0.02 secs] 
2018-02-16T15:03:01.047+0000: 524.058: [GC (Allocation Failure) 2018-02-16T15:03:01.047+0000: 524.058: [DefNew: 146044K->10006K(153600K), 0.0166599 secs] 255964K->121424K(494976K), 0.0167248 secs] [Times: user=0.02 sys=0.00, real=0.02 secs] 
15:03:09.996 [Client] INFO  c.s.f.r.e.s.SocketRear  - FlameSocketGraphDeployerRear@172.31.37.101: has been disconnected from Connection 8
15:03:31.601 [worker-akka.actor.default-dispatcher-2] INFO  a.a.CoordinatedShutdown CoordinatedShutdown(akka://worker) - Starting coordinated shutdown from JVM shutdown hook
15:03:31.637 [worker-akka.actor.default-dispatcher-2] INFO  a.a.LocalActorRef akka://worker/user/watcher/graph0000000000/negotiator - Stopped
15:03:31.638 [worker-akka.actor.default-dispatcher-2] INFO  a.a.LocalActorRef akka://worker/user/watcher/graph0000000000/edge/FlameSocketGraphDeployerFront - Stopped
15:03:31.643 [worker-akka.actor.default-dispatcher-2] INFO  a.a.LocalActorRef akka://worker/user/watcher/graph0000000000/edge/FlameSocketGraphDeployerRear - Stopped
15:03:31.644 [worker-akka.actor.default-dispatcher-2] INFO  a.a.LocalActorRef akka://worker/user/watcher/graph0000000000/graph/$a - Stopped
15:03:31.645 [worker-akka.actor.default-dispatcher-2] INFO  a.a.LocalActorRef akka://worker/user/watcher/graph0000000000/graph/$b - Stopped
15:03:31.646 [worker-akka.actor.default-dispatcher-2] INFO  a.a.LocalActorRef akka://worker/user/watcher/graph0000000000/graph/$c - Stopped
15:03:31.646 [worker-akka.actor.default-dispatcher-2] INFO  a.a.LocalActorRef akka://worker/user/watcher/graph0000000000/graph/local-acker/$a - Stopped
15:03:31.651 [worker-akka.actor.default-dispatcher-2] INFO  a.a.LocalActorRef akka://worker/user/watcher/graph0000000000/edge - Stopped
15:03:31.651 [worker-akka.actor.default-dispatcher-2] INFO  a.a.LocalActorRef akka://worker/user/watcher/graph0000000000/graph/local-acker/$a - Message [com.spbsu.flamestream.runtime.utils.akka.PingActor$InnerPing] from Actor[akka://worker/user/watcher/graph0000000000/graph/local-acker/$a#1433982973] to Actor[akka://worker/user/watcher/graph0000000000/graph/local-acker/$a#1433982973] was not delivered. [1] dead letters encountered. This logging can be turned off or adjusted with configuration settings 'akka.log-dead-letters' and 'akka.log-dead-letters-during-shutdown'.
15:03:31.652 [worker-akka.actor.default-dispatcher-2] INFO  a.a.LocalActorRef akka://worker/user/watcher/graph0000000000/graph/local-acker - Stopped
15:03:31.654 [worker-akka.actor.default-dispatcher-2] INFO  a.a.LocalActorRef akka://worker/user/watcher/graph0000000000/graph/local-acker/$a - Message [com.spbsu.flamestream.runtime.utils.akka.PingActor$Stop] from Actor[akka://worker/user/watcher/graph0000000000/graph/local-acker#-777084072] to Actor[akka://worker/user/watcher/graph0000000000/graph/local-acker/$a#1433982973] was not delivered. [2] dead letters encountered. This logging can be turned off or adjusted with configuration settings 'akka.log-dead-letters' and 'akka.log-dead-letters-during-shutdown'.
15:03:31.656 [worker-akka.actor.default-dispatcher-2] INFO  a.a.LocalActorRef akka://worker/user/watcher/graph0000000000/graph/local-acker - Message [com.spbsu.flamestream.runtime.acker.LocalAcker$Flush] from Actor[akka://worker/user/watcher/graph0000000000/graph/local-acker#-777084072] to Actor[akka://worker/user/watcher/graph0000000000/graph/local-acker#-777084072] was not delivered. [3] dead letters encountered. This logging can be turned off or adjusted with configuration settings 'akka.log-dead-letters' and 'akka.log-dead-letters-during-shutdown'.
15:03:31.656 [worker-akka.actor.default-dispatcher-2] INFO  a.a.LocalActorRef akka://worker/user/watcher/graph0000000000/graph/local-acker - Message [com.spbsu.flamestream.runtime.acker.LocalAcker$Flush] from Actor[akka://worker/user/watcher/graph0000000000/graph/local-acker#-777084072] to Actor[akka://worker/user/watcher/graph0000000000/graph/local-acker#-777084072] was not delivered. [4] dead letters encountered. This logging can be turned off or adjusted with configuration settings 'akka.log-dead-letters' and 'akka.log-dead-letters-during-shutdown'.
15:03:31.657 [worker-akka.actor.default-dispatcher-2] INFO  a.a.LocalActorRef akka://worker/user/watcher/graph0000000000/graph/local-acker - Message [com.spbsu.flamestream.runtime.acker.LocalAcker$Flush] from Actor[akka://worker/user/watcher/graph0000000000/graph/local-acker#-777084072] to Actor[akka://worker/user/watcher/graph0000000000/graph/local-acker#-777084072] was not delivered. [5] dead letters encountered. This logging can be turned off or adjusted with configuration settings 'akka.log-dead-letters' and 'akka.log-dead-letters-during-shutdown'.
15:03:31.657 [worker-akka.actor.default-dispatcher-2] INFO  a.a.LocalActorRef akka://worker/user/watcher/graph0000000000/graph/local-acker - Message [com.spbsu.flamestream.runtime.acker.LocalAcker$Flush] from Actor[akka://worker/user/watcher/graph0000000000/graph/local-acker#-777084072] to Actor[akka://worker/user/watcher/graph0000000000/graph/local-acker#-777084072] was not delivered. [6] dead letters encountered. This logging can be turned off or adjusted with configuration settings 'akka.log-dead-letters' and 'akka.log-dead-letters-during-shutdown'.
15:03:31.658 [worker-akka.actor.default-dispatcher-2] INFO  a.a.LocalActorRef akka://worker/user/watcher/graph0000000000/graph - Stopped
15:03:31.659 [worker-akka.actor.default-dispatcher-2] INFO  a.a.LocalActorRef akka://worker/user/watcher/graph0000000000 - Stopped
15:03:31.662 [worker-akka.actor.default-dispatcher-2-EventThread] INFO  o.a.z.ClientCnxn  - EventThread shut down for session: 0x1619f1aca190009
15:03:31.662 [worker-akka.actor.default-dispatcher-2] INFO  o.a.z.ZooKeeper  - Session: 0x1619f1aca190009 closed
15:03:31.663 [worker-akka.actor.default-dispatcher-2] INFO  a.a.RepointableActorRef akka://worker/user/watcher - Stopped
15:03:31.681 [worker-akka.actor.default-dispatcher-2] INFO  a.r.RemoteActorRefProvider$RemotingTerminator akka://worker@172.31.37.101:5412/system/remoting-terminator - Shutting down remote daemon.
15:03:31.684 [worker-akka.actor.default-dispatcher-2] INFO  a.r.RemoteActorRefProvider$RemotingTerminator akka://worker@172.31.37.101:5412/system/remoting-terminator - Remote daemon shut down; proceeding with flushing remote transports.
15:03:32.817 [worker-akka.actor.default-dispatcher-2] INFO  a.r.RemoteActorRefProvider$RemotingTerminator akka://worker@172.31.37.101:5412/system/remoting-terminator - Remoting shut down.
Attempts of event 'shuffle-send' - 0
Attempts of event 'front-receive-send' - 0
Attempts of event 'inject-out' - 545307
Attempts of event 'sink-receive' - 557439
Attempts of event 'flatmap-receive' - 1138
Attempts of event 'fm-send' - 568215
Attempts of event 'rear-in' - 544169
Attempts of event 'flatmap-send' - 568215
Attempts of event 'inject-in' - 545307
Attempts of event 'wrong-ordering-filter-receive' - 557439
Attempts of event 'accept-in' - 0
Attempts of event 'grouping-receive' - 1101608
2018-02-16T15:03:32.933+0000: 555.944: [GC (Allocation Failure) 2018-02-16T15:03:32.934+0000: 555.945: [DefNew: 146582K->10063K(153600K), 0.0153935 secs] 258000K->122829K(494976K), 0.0165187 secs] [Times: user=0.01 sys=0.00, real=0.02 secs] 
Heap
 def new generation   total 153600K, used 12794K [0x00000000e0c00000, 0x00000000eb2a0000, 0x00000000eb2a0000)
  eden space 136576K,   1% used [0x00000000e0c00000, 0x00000000e0eaabe0, 0x00000000e9160000)
  from space 17024K,  59% used [0x00000000e9160000, 0x00000000e9b33dc0, 0x00000000ea200000)
  to   space 17024K,   0% used [0x00000000ea200000, 0x00000000ea200000, 0x00000000eb2a0000)
 tenured generation   total 341376K, used 112765K [0x00000000eb2a0000, 0x0000000100000000, 0x0000000100000000)
   the space 341376K,  33% used [0x00000000eb2a0000, 0x00000000f20bf738, 0x00000000f20bf800, 0x0000000100000000)
 Metaspace       used 33489K, capacity 34294K, committed 34688K, reserved 1079296K
  class space    used 4453K, capacity 4622K, committed 4736K, reserved 1048576K
