11:28:34,016 |-INFO in ch.qos.logback.classic.LoggerContext[default] - Could NOT find resource [logback-test.xml]
11:28:34,017 |-INFO in ch.qos.logback.classic.LoggerContext[default] - Could NOT find resource [logback.groovy]
11:28:34,017 |-INFO in ch.qos.logback.classic.LoggerContext[default] - Found resource [logback.xml] at [jar:file:/opt/flamestream/lib/flamestream-runtime-1.0-SNAPSHOT.jar!/logback.xml]
11:28:34,017 |-WARN in ch.qos.logback.classic.LoggerContext[default] - Resource [logback.xml] occurs multiple times on the classpath.
11:28:34,017 |-WARN in ch.qos.logback.classic.LoggerContext[default] - Resource [logback.xml] occurs at [jar:file:/opt/flamestream/flamestream-runtime-1.0-SNAPSHOT.jar!/logback.xml]
11:28:34,017 |-WARN in ch.qos.logback.classic.LoggerContext[default] - Resource [logback.xml] occurs at [jar:file:/opt/flamestream/lib/flamestream-runtime-1.0-SNAPSHOT.jar!/logback.xml]
11:28:34,041 |-INFO in ch.qos.logback.core.joran.spi.ConfigurationWatchList@69b794e2 - URL [jar:file:/opt/flamestream/lib/flamestream-runtime-1.0-SNAPSHOT.jar!/logback.xml] is not of type file
11:28:34,115 |-INFO in ch.qos.logback.classic.joran.action.ConfigurationAction - debug attribute not set
11:28:34,116 |-INFO in ch.qos.logback.core.joran.action.AppenderAction - About to instantiate appender of type [ch.qos.logback.core.ConsoleAppender]
11:28:34,125 |-INFO in ch.qos.logback.core.joran.action.AppenderAction - Naming appender as [STDOUT]
11:28:34,132 |-INFO in ch.qos.logback.core.joran.action.NestedComplexPropertyIA - Assuming default type [ch.qos.logback.classic.encoder.PatternLayoutEncoder] for [encoder] property
11:28:34,180 |-INFO in ch.qos.logback.core.joran.action.AppenderAction - About to instantiate appender of type [ch.qos.logback.core.rolling.RollingFileAppender]
11:28:34,183 |-INFO in ch.qos.logback.core.joran.action.AppenderAction - Naming appender as [FILE]
11:28:34,206 |-INFO in c.q.l.core.rolling.TimeBasedRollingPolicy@1059063940 - No compression will be used
11:28:34,207 |-INFO in c.q.l.core.rolling.TimeBasedRollingPolicy@1059063940 - Will use the pattern /tmp/application_%d{yyyy-MM-dd}.%i.log for the active file
11:28:34,210 |-INFO in ch.qos.logback.core.rolling.SizeAndTimeBasedFNATP@4d339552 - The date pattern is 'yyyy-MM-dd' from file name pattern '/tmp/application_%d{yyyy-MM-dd}.%i.log'.
11:28:34,210 |-INFO in ch.qos.logback.core.rolling.SizeAndTimeBasedFNATP@4d339552 - Roll-over at midnight.
11:28:34,214 |-INFO in ch.qos.logback.core.rolling.SizeAndTimeBasedFNATP@4d339552 - Setting initial period to Fri Mar 30 10:41:23 UTC 2018
11:28:34,214 |-WARN in ch.qos.logback.core.rolling.SizeAndTimeBasedFNATP@4d339552 - SizeAndTimeBasedFNATP is deprecated. Use SizeAndTimeBasedRollingPolicy instead
11:28:34,214 |-WARN in ch.qos.logback.core.rolling.SizeAndTimeBasedFNATP@4d339552 - For more information see http://logback.qos.ch/manual/appenders.html#SizeAndTimeBasedRollingPolicy
11:28:34,218 |-INFO in ch.qos.logback.core.joran.action.NestedComplexPropertyIA - Assuming default type [ch.qos.logback.classic.encoder.PatternLayoutEncoder] for [encoder] property
11:28:34,223 |-INFO in ch.qos.logback.core.rolling.RollingFileAppender[FILE] - Active log file name: /tmp/application.log
11:28:34,223 |-INFO in ch.qos.logback.core.rolling.RollingFileAppender[FILE] - File property is set to [/tmp/application.log]
11:28:34,224 |-INFO in ch.qos.logback.classic.joran.action.RootLoggerAction - Setting level of ROOT logger to INFO
11:28:34,224 |-INFO in ch.qos.logback.core.joran.action.AppenderRefAction - Attaching appender named [STDOUT] to Logger[ROOT]
11:28:34,224 |-INFO in ch.qos.logback.core.joran.action.AppenderRefAction - Attaching appender named [FILE] to Logger[ROOT]
11:28:34,225 |-INFO in ch.qos.logback.classic.joran.action.ConfigurationAction - End of configuration.
11:28:34,225 |-INFO in ch.qos.logback.classic.joran.JoranConfigurator@f0f2775 - Registering current configuration as safe fallback point

11:28:34.229 [main] INFO  c.s.f.r.a.WorkerApplication  - Starting worker with id: '10.0.0.49', host: '10.0.0.49:5412', zkString: '10.0.0.107:2181'
11:28:35.129 [worker-akka.actor.default-dispatcher-2] INFO  a.e.s.Slf4jLogger  - Slf4jLogger started
2018-03-30T11:28:35.272+0000: 1.828: [Full GC (Metadata GC Threshold) 2018-03-30T11:28:35.272+0000: 1.828: [Tenured: 0K->15842K(341376K), 0.0399677 secs] 131339K->15842K(494976K), [Metaspace: 20937K->20937K(1067008K)], 0.0400306 secs] [Times: user=0.04 sys=0.00, real=0.04 secs] 
Ama winner
Ama winner
11:28:35.661 [worker-akka.actor.default-dispatcher-2] INFO  a.r.a.ArteryTransport(akka://worker) akka.remote.artery.ArteryTransport(akka://worker) - Started embedded media driver in directory [/dev/shm/aeron-10.0.0.49]
11:28:35.842 [worker-akka.actor.default-dispatcher-2] INFO  a.r.a.ArteryTransport(akka://worker) akka.remote.artery.ArteryTransport(akka://worker) - Remoting started; listening on address: [akka://worker@10.0.0.49:5412] with UID [3920597408744121964]
11:28:35.895 [worker-akka.actor.default-dispatcher-6] INFO  a.a.RepointableActorRef akka://worker/user/watcher - Starting...
11:28:35.964 [worker-akka.actor.default-dispatcher-3] INFO  o.a.z.ZooKeeper  - Client environment:zookeeper.version=3.4.9-1757313, built on 08/23/2016 06:50 GMT
11:28:35.966 [worker-akka.actor.default-dispatcher-3] INFO  o.a.z.ZooKeeper  - Client environment:host.name=localhost
11:28:35.966 [worker-akka.actor.default-dispatcher-3] INFO  o.a.z.ZooKeeper  - Client environment:java.version=1.8.0_151
11:28:35.966 [worker-akka.actor.default-dispatcher-3] INFO  o.a.z.ZooKeeper  - Client environment:java.vendor=Oracle Corporation
11:28:35.966 [worker-akka.actor.default-dispatcher-3] INFO  o.a.z.ZooKeeper  - Client environment:java.home=/usr/lib/jvm/java-8-openjdk-amd64/jre
11:28:35.966 [worker-akka.actor.default-dispatcher-3] INFO  o.a.z.ZooKeeper  - Client environment:java.class.path=lib/commons-cli-1.4.jar:lib/minlog-1.3.0.jar:lib/asm-5.0.4.jar:lib/hadoop-annotations-2.7.3.jar:lib/hadoop-auth-2.7.3.jar:lib/akka-slf4j_2.11-2.5.6.jar:lib/jersey-core-1.9.jar:lib/lz4-1.3.0.jar:lib/jackson-core-asl-1.9.13.jar:lib/aeron-client-1.3.0.jar:lib/htrace-core-3.1.0-incubating.jar:lib/xz-1.0.jar:lib/commons-httpclient-3.1.jar:lib/asm-3.1.jar:lib/commons-lang3-3.4.jar:lib/scala-library-2.11.11.jar:lib/scala-java8-compat_2.11-0.7.0.jar:lib/commons-configuration-1.6.jar:lib/objenesis-2.1.jar:lib/jackson-annotations-2.8.0.jar:lib/jsr305-3.0.0.jar:lib/curator-framework-2.7.1.jar:lib/jersey-server-1.9.jar:lib/jets3t-0.9.0.jar:lib/leveldb-0.7.jar:lib/jetty-6.1.26.jar:lib/stax-api-1.0-2.jar:lib/flamestream-core-1.0-SNAPSHOT.jar:lib/reflectasm-1.07-shaded.jar:lib/apacheds-kerberos-codec-2.0.0-M15.jar:lib/api-asn1-api-1.0.0-M20.jar:lib/commons-lang-2.6.jar:lib/commons-beanutils-1.7.0.jar:lib/jackson-xc-1.8.3.jar:lib/jetty-util-6.1.26.jar:lib/logback-classic-1.2.3.jar:lib/jool-0.9.12.jar:lib/httpcore-4.1.2.jar:lib/kryo-4.0.0.jar:lib/ant-1.8.1.jar:lib/jaxb-impl-2.2.3-1.jar:lib/jersey-json-1.9.jar:lib/commons-compress-1.4.1.jar:lib/leveldbjni-all-1.8.jar:lib/paranamer-2.3.jar:lib/jackson-core-2.8.4.jar:lib/commons-math3-3.6.1.jar:lib/scala-parser-combinators_2.11-1.0.4.jar:lib/netty-3.10.6.Final.jar:lib/trove4j-3.0.3.jar:lib/jaxb-api-2.2.2.jar:lib/logback-core-1.2.3.jar:lib/snappy-java-1.0.4.1.jar:lib/protobuf-java-2.5.0.jar:lib/reactive-streams-1.0.1.jar:lib/flamestream-examples-1.0-SNAPSHOT.jar:lib/commons-codec-1.4.jar:lib/activation-1.1.jar:lib/commons-net-3.1.jar:lib/curator-recipes-2.7.1.jar:lib/jackson-mapper-asl-1.9.13.jar:lib/jackson-databind-2.8.4.jar:lib/flamestream-runtime-1.0-SNAPSHOT.jar:lib/jackson-jaxrs-1.8.3.jar:lib/slf4j-api-1.7.24.jar:lib/akka-remote_2.11-2.5.6.jar:lib/akka-testkit_2.11-2.5.6.jar:lib/jline-0.9.94.jar:lib/jedis-2.9.0.jar:lib/akka-stream_2.11-2.5.6.jar:lib/jsp-api-2.1.jar:lib/kryonet-2.21.jar:lib/akka-kryo-serialization_2.11-0.5.0.jar:lib/config-1.3.1.jar:lib/ant-launcher-1.8.1.jar:lib/commons-logging-1.2.jar:lib/ssl-config-core_2.11-0.2.2.jar:lib/testng-6.10.jar:lib/leveldb-api-0.7.jar:lib/reflectasm-1.11.3.jar:lib/jcommander-1.48.jar:lib/commons-1.1.jar:lib/commons-digester-1.8.jar:lib/minlog-1.2.jar:lib/java-xmlbuilder-0.4.jar:lib/jettison-1.1.jar:lib/gson-2.2.4.jar:lib/jdk.tools-1.8.jar:lib/aeron-driver-1.3.0.jar:lib/zookeeper-3.4.9.jar:lib/commons-beanutils-core-1.8.0.jar:lib/commons-math3-3.1.1.jar:lib/akka-actor_2.11-2.5.6.jar:lib/curator-client-2.7.1.jar:lib/servlet-api-2.5.jar:lib/commons-pool2-2.4.2.jar:lib/apacheds-i18n-2.0.0-M15.jar:lib/commons-io-2.4.jar:lib/commons-codec-1.6.jar:lib/akka-protobuf_2.11-2.5.6.jar:lib/jdom-2.0.2.jar:lib/rocksdbjni-5.5.1.jar:lib/api-util-1.0.0-M20.jar:lib/hadoop-common-2.7.3.jar:lib/agrona-0.9.6.jar:lib/xmlenc-0.52.jar:lib/guava-21.0.jar:lib/commons-collections-3.2.2.jar:lib/avro-1.7.4.jar:lib/httpclient-4.1.2.jar:lib/flamestream-core-1.0-SNAPSHOT-tests.jar:lib/annotations-12.0.jar:lib/jsch-0.1.42.jar:flamestream-runtime-1.0-SNAPSHOT.jar
11:28:35.966 [worker-akka.actor.default-dispatcher-3] INFO  o.a.z.ZooKeeper  - Client environment:java.library.path=/usr/java/packages/lib/amd64:/usr/lib/x86_64-linux-gnu/jni:/lib/x86_64-linux-gnu:/usr/lib/x86_64-linux-gnu:/usr/lib/jni:/lib:/usr/lib
11:28:35.966 [worker-akka.actor.default-dispatcher-3] INFO  o.a.z.ZooKeeper  - Client environment:java.io.tmpdir=/tmp
11:28:35.966 [worker-akka.actor.default-dispatcher-3] INFO  o.a.z.ZooKeeper  - Client environment:java.compiler=<NA>
11:28:35.966 [worker-akka.actor.default-dispatcher-3] INFO  o.a.z.ZooKeeper  - Client environment:os.name=Linux
11:28:35.966 [worker-akka.actor.default-dispatcher-3] INFO  o.a.z.ZooKeeper  - Client environment:os.arch=amd64
11:28:35.969 [worker-akka.actor.default-dispatcher-3] INFO  o.a.z.ZooKeeper  - Client environment:os.version=4.4.0-1049-aws
11:28:35.969 [worker-akka.actor.default-dispatcher-3] INFO  o.a.z.ZooKeeper  - Client environment:user.name=root
11:28:35.969 [worker-akka.actor.default-dispatcher-3] INFO  o.a.z.ZooKeeper  - Client environment:user.home=/root
11:28:35.969 [worker-akka.actor.default-dispatcher-3] INFO  o.a.z.ZooKeeper  - Client environment:user.dir=/opt/flamestream
11:28:35.973 [worker-akka.actor.default-dispatcher-3] INFO  o.a.z.ZooKeeper  - Initiating client connection, connectString=10.0.0.107:2181 sessionTimeout=5000 watcher=com.spbsu.flamestream.runtime.application.LifecycleWatcher$$Lambda$30/413149241@4f04353c
11:28:36.006 [worker-akka.actor.default-dispatcher-3-SendThread(10.0.0.107:2181)] INFO  o.a.z.ClientCnxn  - Opening socket connection to server 10.0.0.107/10.0.0.107:2181. Will not attempt to authenticate using SASL (unknown error)
11:28:36.017 [worker-akka.actor.default-dispatcher-3-SendThread(10.0.0.107:2181)] INFO  o.a.z.ClientCnxn  - Socket connection established to 10.0.0.107/10.0.0.107:2181, initiating session
11:28:36.026 [worker-akka.actor.default-dispatcher-3-SendThread(10.0.0.107:2181)] INFO  o.a.z.ClientCnxn  - Session establishment complete on server 10.0.0.107/10.0.0.107:2181, sessionid = 0x16276a9cd3d0005, negotiated timeout = 6000
11:28:36.039 [worker-akka.actor.default-dispatcher-6] INFO  a.a.RepointableActorRef akka://worker/user/watcher - Initializing rocksDB backend
11:28:36.210 [worker-akka.actor.default-dispatcher-6] INFO  a.a.RepointableActorRef akka://worker/user/watcher - Connected to ZK
11:28:46.731 [worker-akka.actor.default-dispatcher-6] INFO  a.a.RepointableActorRef akka://worker/user/watcher - Creating node with watchGraphs: 'com.spbsu.flamestream.core.Graph$Builder$MyGraph@45f825b7', config: 'ClusterConfig{paths={10.0.0.205=akka://worker@10.0.0.205:5412/user/watcher, 10.0.0.60=akka://worker@10.0.0.60:5412/user/watcher, 10.0.0.170=akka://worker@10.0.0.170:5412/user/watcher, 10.0.0.124=akka://worker@10.0.0.124:5412/user/watcher, 10.0.0.49=akka://worker@10.0.0.49:5412/user/watcher, 10.0.0.42=akka://worker@10.0.0.42:5412/user/watcher, 10.0.0.97=akka://worker@10.0.0.97:5412/user/watcher, 10.0.0.251=akka://worker@10.0.0.251:5412/user/watcher, 10.0.0.162=akka://worker@10.0.0.162:5412/user/watcher, 10.0.0.173=akka://worker@10.0.0.173:5412/user/watcher}, ackerLocation='10.0.0.60', props=ComputationLayout{hashGroups={10.0.0.205=com.spbsu.flamestream.runtime.config.HashGroup@1ffe1b9d, 10.0.0.60=com.spbsu.flamestream.runtime.config.HashGroup@c01f, 10.0.0.170=com.spbsu.flamestream.runtime.config.HashGroup@5d5c21bc, 10.0.0.124=com.spbsu.flamestream.runtime.config.HashGroup@56dcaf5d, 10.0.0.49=com.spbsu.flamestream.runtime.config.HashGroup@c65a7748, 10.0.0.42=com.spbsu.flamestream.runtime.config.HashGroup@231425fe, 10.0.0.97=com.spbsu.flamestream.runtime.config.HashGroup@fbc82752, 10.0.0.251=com.spbsu.flamestream.runtime.config.HashGroup@ccbcd570, 10.0.0.162=com.spbsu.flamestream.runtime.config.HashGroup@4276a447, 10.0.0.173=com.spbsu.flamestream.runtime.config.HashGroup@3fc198ed}}}'
11:28:47.626 [worker-akka.actor.default-dispatcher-3] INFO  a.a.LocalActorRef akka://worker/user/watcher/graph_at_0/graph - Starting...
11:28:47.633 [worker-akka.actor.default-dispatcher-4] INFO  a.a.LocalActorRef akka://worker/user/watcher/graph_at_0/graph/local-acker/$a - Starting...
11:28:47.643 [worker-akka.actor.default-dispatcher-3] INFO  a.a.LocalActorRef akka://worker/user/watcher/graph_at_0/graph/local-acker - Starting...
11:28:48.796 [worker-akka.actor.default-dispatcher-4] INFO  a.a.LocalActorRef akka://worker/user/watcher/graph_at_0/graph - Finishing constructor
11:28:48.803 [worker-akka.actor.default-dispatcher-3] INFO  a.a.LocalActorRef akka://worker/user/watcher/graph_at_0 - Starting FlameNode with config 'ClusterConfig{paths={10.0.0.205=akka://worker@10.0.0.205:5412/user/watcher/graph_at_0, 10.0.0.60=akka://worker@10.0.0.60:5412/user/watcher/graph_at_0, 10.0.0.170=akka://worker@10.0.0.170:5412/user/watcher/graph_at_0, 10.0.0.124=akka://worker@10.0.0.124:5412/user/watcher/graph_at_0, 10.0.0.49=akka://worker@10.0.0.49:5412/user/watcher/graph_at_0, 10.0.0.42=akka://worker@10.0.0.42:5412/user/watcher/graph_at_0, 10.0.0.97=akka://worker@10.0.0.97:5412/user/watcher/graph_at_0, 10.0.0.251=akka://worker@10.0.0.251:5412/user/watcher/graph_at_0, 10.0.0.162=akka://worker@10.0.0.162:5412/user/watcher/graph_at_0, 10.0.0.173=akka://worker@10.0.0.173:5412/user/watcher/graph_at_0}, ackerLocation='10.0.0.60', props=ComputationLayout{hashGroups={10.0.0.205=com.spbsu.flamestream.runtime.config.HashGroup@1ffe1b9d, 10.0.0.60=com.spbsu.flamestream.runtime.config.HashGroup@c01f, 10.0.0.170=com.spbsu.flamestream.runtime.config.HashGroup@5d5c21bc, 10.0.0.124=com.spbsu.flamestream.runtime.config.HashGroup@56dcaf5d, 10.0.0.49=com.spbsu.flamestream.runtime.config.HashGroup@c65a7748, 10.0.0.42=com.spbsu.flamestream.runtime.config.HashGroup@231425fe, 10.0.0.97=com.spbsu.flamestream.runtime.config.HashGroup@fbc82752, 10.0.0.251=com.spbsu.flamestream.runtime.config.HashGroup@ccbcd570, 10.0.0.162=com.spbsu.flamestream.runtime.config.HashGroup@4276a447, 10.0.0.173=com.spbsu.flamestream.runtime.config.HashGroup@3fc198ed}}}'
11:28:48.807 [worker-akka.actor.default-dispatcher-4] INFO  a.a.LocalActorRef akka://worker/user/watcher/graph_at_0/negotiator - Starting...
11:28:48.810 [worker-akka.actor.default-dispatcher-5] INFO  a.a.LocalActorRef akka://worker/user/watcher/graph_at_0/edge - Starting...
11:28:48.830 [worker-akka.actor.default-dispatcher-10] INFO  a.a.LocalActorRef akka://worker/user/watcher/graph_at_0/negotiator - Requesting ticket for the frontClass FlameSocketGraphDeployerFront@10.0.0.49
11:28:48.856 [worker-akka.actor.default-dispatcher-12] INFO  a.a.LocalActorRef akka://worker/user/watcher/graph_at_0/graph - Received last commit 'LastCommit{globalTime=(0000000, min@min)}'
11:28:48.874 [worker-akka.actor.default-dispatcher-4] INFO  c.s.f.r.e.s.SocketRear  - FlameSocketGraphDeployerRear@10.0.0.49: connecting to 10.0.0.107:5678
11:28:48.881 [worker-akka.actor.default-dispatcher-12] INFO  a.a.LocalActorRef akka://worker/user/watcher/graph_at_0/edge/FlameSocketGraphDeployerFront - Starting...
11:28:48.888 [worker-akka.actor.default-dispatcher-4] INFO  c.s.f.r.e.s.SocketRear  - FlameSocketGraphDeployerRear@10.0.0.49: connected to 10.0.0.107:5678
11:28:48.889 [worker-akka.actor.default-dispatcher-4] INFO  a.a.LocalActorRef akka://worker/user/watcher/graph_at_0/edge/FlameSocketGraphDeployerRear - Starting...
11:28:48.949 [worker-akka.actor.default-dispatcher-5] INFO  a.a.LocalActorRef akka://worker/user/watcher/graph_at_0/graph/$a - Starting...
11:28:48.978 [worker-akka.actor.default-dispatcher-5] INFO  a.a.LocalActorRef akka://worker/user/watcher/graph_at_0/graph/$a - Attached rear to graph (-9223372036854775808, min@min)
11:28:48.994 [worker-akka.actor.default-dispatcher-3] INFO  a.a.LocalActorRef akka://worker/user/watcher/graph_at_0/graph/$c - Starting...
11:28:48.995 [worker-akka.actor.default-dispatcher-3] INFO  a.a.LocalActorRef akka://worker/user/watcher/graph_at_0/graph/$b - Starting...
11:28:49.371 [worker-akka.actor.default-dispatcher-5] INFO  a.a.LocalActorRef akka://worker/user/watcher/graph_at_0/negotiator - Ticket for the frontClass received: FrontTicket{allowedTimestamp=(0000000, FlameSocketGraphDeployerFront@10.0.0.49)}
11:28:49.372 [worker-akka.actor.default-dispatcher-5] INFO  c.s.f.r.e.s.SocketFront  - FlameSocketGraphDeployerFront@10.0.0.49: connecting to 10.0.0.107:4567
11:28:49.404 [Client] INFO  c.s.f.r.e.s.SocketFront  - FlameSocketGraphDeployerFront@10.0.0.49 has been disconnected from Connection 5
2018-03-30T11:28:53.562+0000: 20.118: [GC (Allocation Failure) 2018-03-30T11:28:53.562+0000: 20.118: [DefNew: 136576K->16467K(153600K), 0.0261685 secs] 152418K->51841K(494976K), 0.0262317 secs] [Times: user=0.01 sys=0.02, real=0.03 secs] 
2018-03-30T11:29:00.518+0000: 27.074: [GC (Allocation Failure) 2018-03-30T11:29:00.518+0000: 27.074: [DefNew: 153043K->5481K(153600K), 0.0198788 secs] 188417K->49154K(494976K), 0.0199568 secs] [Times: user=0.01 sys=0.01, real=0.02 secs] 
2018-03-30T11:29:10.805+0000: 37.361: [GC (Allocation Failure) 2018-03-30T11:29:10.805+0000: 37.361: [DefNew: 142057K->10076K(153600K), 0.0135807 secs] 185730K->53749K(494976K), 0.0136476 secs] [Times: user=0.01 sys=0.00, real=0.01 secs] 
2018-03-30T11:29:19.686+0000: 46.241: [GC (Allocation Failure) 2018-03-30T11:29:19.686+0000: 46.241: [DefNew: 146652K->9454K(153600K), 0.0167672 secs] 190325K->55002K(494976K), 0.0168306 secs] [Times: user=0.02 sys=0.00, real=0.01 secs] 
2018-03-30T11:29:26.982+0000: 53.538: [GC (Allocation Failure) 2018-03-30T11:29:26.983+0000: 53.538: [DefNew: 146030K->5117K(153600K), 0.0147370 secs] 191578K->56311K(494976K), 0.0148045 secs] [Times: user=0.01 sys=0.00, real=0.02 secs] 
2018-03-30T11:29:33.319+0000: 59.874: [GC (Allocation Failure) 2018-03-30T11:29:33.319+0000: 59.874: [DefNew: 141327K->11454K(153600K), 0.0150972 secs] 192521K->62647K(494976K), 0.0151593 secs] [Times: user=0.02 sys=0.00, real=0.01 secs] 
2018-03-30T11:29:39.452+0000: 66.008: [GC (Allocation Failure) 2018-03-30T11:29:39.452+0000: 66.008: [DefNew: 148030K->13224K(153600K), 0.0157708 secs] 199223K->67195K(494976K), 0.0158344 secs] [Times: user=0.01 sys=0.00, real=0.02 secs] 
2018-03-30T11:29:45.301+0000: 71.857: [GC (Allocation Failure) 2018-03-30T11:29:45.301+0000: 71.857: [DefNew: 149800K->9745K(153600K), 0.0165626 secs] 203771K->69087K(494976K), 0.0166278 secs] [Times: user=0.01 sys=0.00, real=0.02 secs] 
2018-03-30T11:29:52.298+0000: 78.853: [GC (Allocation Failure) 2018-03-30T11:29:52.298+0000: 78.853: [DefNew: 146321K->5572K(153600K), 0.0141296 secs] 205663K->70219K(494976K), 0.0142024 secs] [Times: user=0.01 sys=0.00, real=0.01 secs] 
2018-03-30T11:29:58.321+0000: 84.877: [GC (Allocation Failure) 2018-03-30T11:29:58.321+0000: 84.877: [DefNew: 140104K->7676K(153600K), 0.0135118 secs] 204751K->72323K(494976K), 0.0135784 secs] [Times: user=0.01 sys=0.00, real=0.01 secs] 
2018-03-30T11:30:04.327+0000: 90.883: [GC (Allocation Failure) 2018-03-30T11:30:04.327+0000: 90.883: [DefNew: 141238K->8399K(153600K), 0.0145236 secs] 205886K->73046K(494976K), 0.0145917 secs] [Times: user=0.02 sys=0.00, real=0.01 secs] 
2018-03-30T11:30:10.473+0000: 97.029: [GC (Allocation Failure) 2018-03-30T11:30:10.473+0000: 97.029: [DefNew: 144975K->8647K(153600K), 0.0137532 secs] 209622K->73294K(494976K), 0.0138152 secs] [Times: user=0.02 sys=0.00, real=0.02 secs] 
2018-03-30T11:30:17.685+0000: 104.241: [GC (Allocation Failure) 2018-03-30T11:30:17.685+0000: 104.241: [DefNew: 145223K->7956K(153600K), 0.0145437 secs] 209870K->74044K(494976K), 0.0146156 secs] [Times: user=0.02 sys=0.00, real=0.01 secs] 
2018-03-30T11:30:23.479+0000: 110.035: [GC (Allocation Failure) 2018-03-30T11:30:23.479+0000: 110.035: [DefNew: 144532K->8631K(153600K), 0.0136757 secs] 210620K->74718K(494976K), 0.0137395 secs] [Times: user=0.02 sys=0.00, real=0.01 secs] 
2018-03-30T11:30:29.368+0000: 115.924: [GC (Allocation Failure) 2018-03-30T11:30:29.368+0000: 115.924: [DefNew: 144473K->9861K(153600K), 0.0298926 secs] 210561K->76838K(494976K), 0.0299672 secs] [Times: user=0.03 sys=0.00, real=0.03 secs] 
2018-03-30T11:30:34.704+0000: 121.260: [GC (Allocation Failure) 2018-03-30T11:30:34.704+0000: 121.260: [DefNew: 146437K->7487K(153600K), 0.0219816 secs] 213414K->76147K(494976K), 0.0220437 secs] [Times: user=0.02 sys=0.00, real=0.02 secs] 
2018-03-30T11:30:39.010+0000: 125.566: [GC (Allocation Failure) 2018-03-30T11:30:39.010+0000: 125.566: [DefNew: 144063K->16265K(153600K), 0.0153080 secs] 212723K->84925K(494976K), 0.0153855 secs] [Times: user=0.02 sys=0.00, real=0.02 secs] 
2018-03-30T11:30:43.951+0000: 130.507: [GC (Allocation Failure) 2018-03-30T11:30:43.951+0000: 130.507: [DefNew: 152841K->11889K(153600K), 0.0197903 secs] 221501K->94187K(494976K), 0.0198579 secs] [Times: user=0.01 sys=0.00, real=0.02 secs] 
2018-03-30T11:30:49.802+0000: 136.358: [GC (Allocation Failure) 2018-03-30T11:30:49.802+0000: 136.358: [DefNew: 148465K->4586K(153600K), 0.0144110 secs] 230763K->96628K(494976K), 0.0144760 secs] [Times: user=0.01 sys=0.00, real=0.02 secs] 
2018-03-30T11:30:55.187+0000: 141.743: [GC (Allocation Failure) 2018-03-30T11:30:55.187+0000: 141.743: [DefNew: 141162K->4718K(153600K), 0.0091775 secs] 233204K->96761K(494976K), 0.0092488 secs] [Times: user=0.01 sys=0.00, real=0.01 secs] 
2018-03-30T11:31:00.334+0000: 146.890: [GC (Allocation Failure) 2018-03-30T11:31:00.334+0000: 146.890: [DefNew: 137834K->5502K(153600K), 0.0096384 secs] 229876K->97544K(494976K), 0.0097034 secs] [Times: user=0.01 sys=0.00, real=0.02 secs] 
2018-03-30T11:31:05.800+0000: 152.356: [GC (Allocation Failure) 2018-03-30T11:31:05.800+0000: 152.356: [DefNew: 142078K->6954K(153600K), 0.0117284 secs] 234120K->98996K(494976K), 0.0117954 secs] [Times: user=0.01 sys=0.00, real=0.01 secs] 
2018-03-30T11:31:10.796+0000: 157.352: [GC (Allocation Failure) 2018-03-30T11:31:10.796+0000: 157.352: [DefNew: 143530K->7116K(153600K), 0.0119376 secs] 235572K->99159K(494976K), 0.0120004 secs] [Times: user=0.01 sys=0.00, real=0.01 secs] 
2018-03-30T11:31:15.392+0000: 161.948: [GC (Allocation Failure) 2018-03-30T11:31:15.393+0000: 161.948: [DefNew: 140829K->8138K(153600K), 0.0180339 secs] 232872K->100181K(494976K), 0.0181078 secs] [Times: user=0.02 sys=0.00, real=0.02 secs] 
2018-03-30T11:31:20.797+0000: 167.353: [GC (Allocation Failure) 2018-03-30T11:31:20.797+0000: 167.353: [DefNew: 144714K->9026K(153600K), 0.0134609 secs] 236757K->101068K(494976K), 0.0135233 secs] [Times: user=0.01 sys=0.00, real=0.01 secs] 
2018-03-30T11:31:25.729+0000: 172.285: [GC (Allocation Failure) 2018-03-30T11:31:25.729+0000: 172.285: [DefNew: 145602K->8076K(153600K), 0.0138089 secs] 237644K->100782K(494976K), 0.0138858 secs] [Times: user=0.02 sys=0.00, real=0.01 secs] 
2018-03-30T11:31:30.726+0000: 177.282: [GC (Allocation Failure) 2018-03-30T11:31:30.726+0000: 177.282: [DefNew: 144652K->8957K(153600K), 0.0131731 secs] 237358K->101662K(494976K), 0.0132452 secs] [Times: user=0.01 sys=0.00, real=0.01 secs] 
2018-03-30T11:31:35.220+0000: 181.776: [GC (Allocation Failure) 2018-03-30T11:31:35.220+0000: 181.776: [DefNew: 145533K->9246K(153600K), 0.0143528 secs] 238238K->102489K(494976K), 0.0144205 secs] [Times: user=0.02 sys=0.00, real=0.01 secs] 
2018-03-30T11:31:39.908+0000: 186.463: [GC (Allocation Failure) 2018-03-30T11:31:39.908+0000: 186.463: [DefNew: 145822K->10623K(153600K), 0.0311217 secs] 239065K->104807K(494976K), 0.0311872 secs] [Times: user=0.03 sys=0.01, real=0.03 secs] 
2018-03-30T11:31:44.342+0000: 190.898: [GC (Allocation Failure) 2018-03-30T11:31:44.342+0000: 190.898: [DefNew: 145091K->6822K(153600K), 0.0144662 secs] 239275K->103698K(494976K), 0.0145503 secs] [Times: user=0.02 sys=0.00, real=0.02 secs] 
2018-03-30T11:31:48.849+0000: 195.404: [GC (Allocation Failure) 2018-03-30T11:31:48.849+0000: 195.405: [DefNew: 140913K->7688K(153600K), 0.0121188 secs] 237788K->104563K(494976K), 0.0121873 secs] [Times: user=0.01 sys=0.00, real=0.01 secs] 
2018-03-30T11:31:53.099+0000: 199.655: [GC (Allocation Failure) 2018-03-30T11:31:53.099+0000: 199.655: [DefNew: 144264K->8001K(153600K), 0.0117712 secs] 241139K->104876K(494976K), 0.0118624 secs] [Times: user=0.01 sys=0.00, real=0.01 secs] 
2018-03-30T11:31:57.714+0000: 204.270: [GC (Allocation Failure) 2018-03-30T11:31:57.714+0000: 204.270: [DefNew: 144577K->8950K(153600K), 0.0130179 secs] 241452K->105825K(494976K), 0.0130876 secs] [Times: user=0.01 sys=0.01, real=0.02 secs] 
2018-03-30T11:32:02.345+0000: 208.901: [GC (Allocation Failure) 2018-03-30T11:32:02.345+0000: 208.901: [DefNew: 145509K->8680K(153600K), 0.0132656 secs] 242384K->106056K(494976K), 0.0133282 secs] [Times: user=0.01 sys=0.00, real=0.01 secs] 
2018-03-30T11:32:06.684+0000: 213.239: [GC (Allocation Failure) 2018-03-30T11:32:06.684+0000: 213.239: [DefNew: 145256K->8944K(153600K), 0.0261298 secs] 242632K->106994K(494976K), 0.0261940 secs] [Times: user=0.02 sys=0.00, real=0.02 secs] 
2018-03-30T11:32:11.200+0000: 217.756: [GC (Allocation Failure) 2018-03-30T11:32:11.201+0000: 217.756: [DefNew: 145520K->9152K(153600K), 0.0141522 secs] 243570K->107803K(494976K), 0.0142299 secs] [Times: user=0.02 sys=0.00, real=0.01 secs] 
2018-03-30T11:32:15.306+0000: 221.862: [GC (Allocation Failure) 2018-03-30T11:32:15.306+0000: 221.862: [DefNew: 145728K->10037K(153600K), 0.0160698 secs] 244379K->109315K(494976K), 0.0161371 secs] [Times: user=0.01 sys=0.00, real=0.01 secs] 
2018-03-30T11:32:19.653+0000: 226.209: [GC (Allocation Failure) 2018-03-30T11:32:19.653+0000: 226.209: [DefNew: 146613K->7856K(153600K), 0.0145316 secs] 245891K->108762K(494976K), 0.0145982 secs] [Times: user=0.02 sys=0.00, real=0.02 secs] 
2018-03-30T11:32:23.884+0000: 230.440: [GC (Allocation Failure) 2018-03-30T11:32:23.884+0000: 230.440: [DefNew: 144432K->8405K(153600K), 0.0119497 secs] 245338K->109311K(494976K), 0.0120063 secs] [Times: user=0.01 sys=0.00, real=0.01 secs] 
2018-03-30T11:32:28.018+0000: 234.574: [GC (Allocation Failure) 2018-03-30T11:32:28.018+0000: 234.574: [DefNew: 144981K->9326K(153600K), 0.0133787 secs] 245887K->110232K(494976K), 0.0134439 secs] [Times: user=0.02 sys=0.00, real=0.01 secs] 
2018-03-30T11:32:32.110+0000: 238.666: [GC (Allocation Failure) 2018-03-30T11:32:32.110+0000: 238.666: [DefNew: 145902K->8981K(153600K), 0.0355597 secs] 246808K->111023K(494976K), 0.0356264 secs] [Times: user=0.03 sys=0.00, real=0.04 secs] 
2018-03-30T11:32:36.820+0000: 243.376: [GC (Allocation Failure) 2018-03-30T11:32:36.820+0000: 243.376: [DefNew: 145557K->10706K(153600K), 0.0330335 secs] 247599K->113310K(494976K), 0.0330925 secs] [Times: user=0.03 sys=0.00, real=0.03 secs] 
2018-03-30T11:32:41.427+0000: 247.983: [GC (Allocation Failure) 2018-03-30T11:32:41.427+0000: 247.983: [DefNew: 146385K->6186K(153600K), 0.0260685 secs] 248989K->111872K(494976K), 0.0261463 secs] [Times: user=0.02 sys=0.00, real=0.02 secs] 
2018-03-30T11:32:45.736+0000: 252.291: [GC (Allocation Failure) 2018-03-30T11:32:45.736+0000: 252.291: [DefNew: 142762K->6942K(153600K), 0.0183972 secs] 248448K->112628K(494976K), 0.0184641 secs] [Times: user=0.02 sys=0.00, real=0.01 secs] 
2018-03-30T11:32:49.931+0000: 256.487: [GC (Allocation Failure) 2018-03-30T11:32:49.931+0000: 256.487: [DefNew: 141941K->7504K(153600K), 0.0187251 secs] 247627K->113190K(494976K), 0.0187956 secs] [Times: user=0.02 sys=0.00, real=0.02 secs] 
2018-03-30T11:32:53.864+0000: 260.420: [GC (Allocation Failure) 2018-03-30T11:32:53.864+0000: 260.420: [DefNew: 138249K->8265K(153600K), 0.0114904 secs] 243936K->113951K(494976K), 0.0115565 secs] [Times: user=0.02 sys=0.00, real=0.01 secs] 
2018-03-30T11:32:57.857+0000: 264.413: [GC (Allocation Failure) 2018-03-30T11:32:57.857+0000: 264.413: [DefNew: 142813K->8707K(153600K), 0.0121943 secs] 248499K->114393K(494976K), 0.0122925 secs] [Times: user=0.01 sys=0.00, real=0.01 secs] 
2018-03-30T11:33:01.358+0000: 267.914: [GC (Allocation Failure) 2018-03-30T11:33:01.358+0000: 267.914: [DefNew: 138428K->8518K(153600K), 0.0137768 secs] 244114K->115000K(494976K), 0.0138449 secs] [Times: user=0.01 sys=0.00, real=0.01 secs] 
2018-03-30T11:33:04.857+0000: 271.413: [GC (Allocation Failure) 2018-03-30T11:33:04.857+0000: 271.413: [DefNew: 143534K->9002K(153600K), 0.0132257 secs] 250016K->115914K(494976K), 0.0132942 secs] [Times: user=0.02 sys=0.00, real=0.01 secs] 
2018-03-30T11:33:08.499+0000: 275.055: [GC (Allocation Failure) 2018-03-30T11:33:08.499+0000: 275.055: [DefNew: 145578K->9023K(153600K), 0.0215862 secs] 252490K->116413K(494976K), 0.0216549 secs] [Times: user=0.02 sys=0.00, real=0.02 secs] 
2018-03-30T11:33:12.438+0000: 278.993: [GC (Allocation Failure) 2018-03-30T11:33:12.438+0000: 278.993: [DefNew: 141683K->8722K(153600K), 0.0273519 secs] 249073K->117025K(494976K), 0.0274168 secs] [Times: user=0.03 sys=0.00, real=0.03 secs] 
2018-03-30T11:33:15.949+0000: 282.504: [GC (Allocation Failure) 2018-03-30T11:33:15.949+0000: 282.504: [DefNew: 137425K->9229K(153600K), 0.0241873 secs] 245728K->118095K(494976K), 0.0242526 secs] [Times: user=0.03 sys=0.00, real=0.02 secs] 
2018-03-30T11:33:19.365+0000: 285.921: [GC (Allocation Failure) 2018-03-30T11:33:19.365+0000: 285.921: [DefNew: 139549K->8701K(153600K), 0.0137265 secs] 248415K->118571K(494976K), 0.0137939 secs] [Times: user=0.02 sys=0.00, real=0.01 secs] 
2018-03-30T11:33:22.583+0000: 289.139: [GC (Allocation Failure) 2018-03-30T11:33:22.583+0000: 289.139: [DefNew: 145277K->9119K(153600K), 0.0141589 secs] 255147K->119609K(494976K), 0.0142306 secs] [Times: user=0.01 sys=0.00, real=0.02 secs] 
2018-03-30T11:33:25.371+0000: 291.927: [GC (Allocation Failure) 2018-03-30T11:33:25.371+0000: 291.927: [DefNew: 142912K->17024K(153600K), 0.0227475 secs] 253402K->152763K(494976K), 0.0228177 secs] [Times: user=0.01 sys=0.01, real=0.02 secs] 
2018-03-30T11:33:28.830+0000: 295.386: [GC (Allocation Failure) 2018-03-30T11:33:28.830+0000: 295.386: [DefNew: 153600K->5666K(153600K), 0.0474168 secs] 289339K->158324K(494976K), 0.0474943 secs] [Times: user=0.03 sys=0.01, real=0.05 secs] 
2018-03-30T11:33:32.451+0000: 299.007: [GC (Allocation Failure) 2018-03-30T11:33:32.451+0000: 299.007: [DefNew: 139091K->5474K(153600K), 0.0166247 secs] 291749K->158132K(494976K), 0.0166982 secs] [Times: user=0.01 sys=0.00, real=0.02 secs] 
2018-03-30T11:33:35.922+0000: 302.477: [GC (Allocation Failure) 2018-03-30T11:33:35.922+0000: 302.477: [DefNew: 142050K->9436K(153600K), 0.0304395 secs] 294708K->162094K(494976K), 0.0305123 secs] [Times: user=0.03 sys=0.00, real=0.03 secs] 
2018-03-30T11:33:39.695+0000: 306.251: [GC (Allocation Failure) 2018-03-30T11:33:39.695+0000: 306.251: [DefNew: 146012K->6393K(153600K), 0.0251372 secs] 298670K->159982K(494976K), 0.0252019 secs] [Times: user=0.02 sys=0.00, real=0.03 secs] 
2018-03-30T11:33:42.874+0000: 309.430: [GC (Allocation Failure) 2018-03-30T11:33:42.874+0000: 309.430: [DefNew: 138197K->7687K(153600K), 0.0112236 secs] 291786K->161276K(494976K), 0.0113141 secs] [Times: user=0.01 sys=0.00, real=0.02 secs] 
2018-03-30T11:33:46.319+0000: 312.875: [GC (Allocation Failure) 2018-03-30T11:33:46.319+0000: 312.875: [DefNew: 144263K->10375K(153600K), 0.0148940 secs] 297852K->163964K(494976K), 0.0149621 secs] [Times: user=0.02 sys=0.00, real=0.01 secs] 
2018-03-30T11:33:49.373+0000: 315.929: [GC (Allocation Failure) 2018-03-30T11:33:49.373+0000: 315.929: [DefNew: 138859K->7144K(153600K), 0.0130352 secs] 292448K->162790K(494976K), 0.0131024 secs] [Times: user=0.02 sys=0.00, real=0.02 secs] 
2018-03-30T11:33:52.451+0000: 319.007: [GC (Allocation Failure) 2018-03-30T11:33:52.451+0000: 319.007: [DefNew: 135356K->8099K(153600K), 0.0189695 secs] 291002K->163744K(494976K), 0.0190353 secs] [Times: user=0.02 sys=0.00, real=0.02 secs] 
2018-03-30T11:33:55.828+0000: 322.384: [GC (Allocation Failure) 2018-03-30T11:33:55.828+0000: 322.384: [DefNew: 144675K->10268K(153600K), 0.0245092 secs] 300320K->165913K(494976K), 0.0245869 secs] [Times: user=0.03 sys=0.00, real=0.02 secs] 
2018-03-30T11:33:58.976+0000: 325.532: [GC (Allocation Failure) 2018-03-30T11:33:58.976+0000: 325.532: [DefNew: 141077K->7127K(153600K), 0.0242456 secs] 296722K->164315K(494976K), 0.0243096 secs] [Times: user=0.03 sys=0.00, real=0.02 secs] 
2018-03-30T11:34:01.879+0000: 328.434: [GC (Allocation Failure) 2018-03-30T11:34:01.879+0000: 328.434: [DefNew: 135917K->8157K(153600K), 0.0106752 secs] 293105K->165345K(494976K), 0.0107372 secs] [Times: user=0.01 sys=0.00, real=0.01 secs] 
2018-03-30T11:34:05.035+0000: 331.590: [GC (Allocation Failure) 2018-03-30T11:34:05.035+0000: 331.590: [DefNew: 144733K->8843K(153600K), 0.0117483 secs] 301921K->166031K(494976K), 0.0118141 secs] [Times: user=0.01 sys=0.00, real=0.02 secs] 
2018-03-30T11:34:08.379+0000: 334.935: [GC (Allocation Failure) 2018-03-30T11:34:08.379+0000: 334.935: [DefNew: 139638K->8893K(153600K), 0.0127620 secs] 296826K->166666K(494976K), 0.0128260 secs] [Times: user=0.01 sys=0.00, real=0.01 secs] 
2018-03-30T11:34:11.372+0000: 337.927: [GC (Allocation Failure) 2018-03-30T11:34:11.372+0000: 337.927: [DefNew: 137614K->9202K(153600K), 0.0125261 secs] 295387K->167536K(494976K), 0.0125918 secs] [Times: user=0.02 sys=0.00, real=0.02 secs] 
2018-03-30T11:34:14.381+0000: 340.936: [GC (Allocation Failure) 2018-03-30T11:34:14.381+0000: 340.936: [DefNew: 136512K->8419K(153600K), 0.0127815 secs] 294846K->167920K(494976K), 0.0128579 secs] [Times: user=0.02 sys=0.00, real=0.01 secs] 
2018-03-30T11:34:17.875+0000: 344.430: [GC (Allocation Failure) 2018-03-30T11:34:17.875+0000: 344.430: [DefNew: 138590K->8742K(153600K), 0.0107673 secs] 298090K->168242K(494976K), 0.0108385 secs] [Times: user=0.01 sys=0.00, real=0.02 secs] 
2018-03-30T11:34:21.301+0000: 347.857: [GC (Allocation Failure) 2018-03-30T11:34:21.301+0000: 347.857: [DefNew: 145318K->9532K(153600K), 0.0134763 secs] 304818K->169614K(494976K), 0.0135492 secs] [Times: user=0.01 sys=0.00, real=0.01 secs] 
2018-03-30T11:34:24.298+0000: 350.854: [GC (Allocation Failure) 2018-03-30T11:34:24.298+0000: 350.854: [DefNew: 146108K->8369K(153600K), 0.0283819 secs] 306190K->169716K(494976K), 0.0284556 secs] [Times: user=0.03 sys=0.00, real=0.03 secs] 
2018-03-30T11:34:27.467+0000: 354.023: [GC (Allocation Failure) 2018-03-30T11:34:27.467+0000: 354.023: [DefNew: 138473K->9089K(153600K), 0.0193320 secs] 299820K->170436K(494976K), 0.0194092 secs] [Times: user=0.01 sys=0.01, real=0.02 secs] 
2018-03-30T11:34:30.820+0000: 357.375: [GC (Allocation Failure) 2018-03-30T11:34:30.820+0000: 357.375: [DefNew: 145665K->10293K(153600K), 0.0282638 secs] 307012K->172245K(494976K), 0.0283411 secs] [Times: user=0.03 sys=0.00, real=0.03 secs] 
2018-03-30T11:34:33.978+0000: 360.533: [GC (Allocation Failure) 2018-03-30T11:34:33.978+0000: 360.533: [DefNew: 138271K->7397K(153600K), 0.0213484 secs] 300223K->171174K(494976K), 0.0214175 secs] [Times: user=0.02 sys=0.00, real=0.02 secs] 
2018-03-30T11:34:36.882+0000: 363.438: [GC (Allocation Failure) 2018-03-30T11:34:36.882+0000: 363.438: [DefNew: 140803K->8711K(153600K), 0.0119597 secs] 304580K->172488K(494976K), 0.0120264 secs] [Times: user=0.02 sys=0.00, real=0.01 secs] 
2018-03-30T11:34:40.009+0000: 366.565: [GC (Allocation Failure) 2018-03-30T11:34:40.009+0000: 366.565: [DefNew: 145287K->8453K(153600K), 0.0117719 secs] 309064K->173033K(494976K), 0.0118432 secs] [Times: user=0.01 sys=0.00, real=0.01 secs] 
2018-03-30T11:34:43.299+0000: 369.854: [GC (Allocation Failure) 2018-03-30T11:34:43.299+0000: 369.854: [DefNew: 145029K->9866K(153600K), 0.0126345 secs] 309609K->174445K(494976K), 0.0127137 secs] [Times: user=0.01 sys=0.00, real=0.01 secs] 
2018-03-30T11:34:46.316+0000: 372.872: [GC (Allocation Failure) 2018-03-30T11:34:46.316+0000: 372.872: [DefNew: 146442K->10281K(153600K), 0.0166692 secs] 311021K->176524K(494976K), 0.0167452 secs] [Times: user=0.02 sys=0.00, real=0.01 secs] 
2018-03-30T11:34:49.684+0000: 376.240: [GC (Allocation Failure) 2018-03-30T11:34:49.684+0000: 376.240: [DefNew: 146857K->6697K(153600K), 0.0113844 secs] 313100K->174971K(494976K), 0.0114623 secs] [Times: user=0.01 sys=0.00, real=0.00 secs] 
2018-03-30T11:34:52.881+0000: 379.437: [GC (Allocation Failure) 2018-03-30T11:34:52.881+0000: 379.437: [DefNew: 139705K->7708K(153600K), 0.0103809 secs] 307979K->175982K(494976K), 0.0104460 secs] [Times: user=0.01 sys=0.00, real=0.01 secs] 
2018-03-30T11:34:55.982+0000: 382.537: [GC (Allocation Failure) 2018-03-30T11:34:55.982+0000: 382.537: [DefNew: 138898K->8412K(153600K), 0.0191507 secs] 307173K->176686K(494976K), 0.0192188 secs] [Times: user=0.02 sys=0.00, real=0.02 secs] 
2018-03-30T11:34:58.982+0000: 385.538: [GC (Allocation Failure) 2018-03-30T11:34:58.982+0000: 385.538: [DefNew: 139729K->9423K(153600K), 0.0200584 secs] 308003K->177697K(494976K), 0.0201321 secs] [Times: user=0.02 sys=0.00, real=0.02 secs] 
2018-03-30T11:35:01.996+0000: 388.552: [GC (Allocation Failure) 2018-03-30T11:35:01.996+0000: 388.552: [DefNew: 141818K->9223K(153600K), 0.0255403 secs] 310093K->178331K(494976K), 0.0256133 secs] [Times: user=0.03 sys=0.00, real=0.02 secs] 
2018-03-30T11:35:04.928+0000: 391.484: [GC (Allocation Failure) 2018-03-30T11:35:04.928+0000: 391.484: [DefNew: 145799K->12688K(153600K), 0.0402972 secs] 314907K->182411K(494976K), 0.0403629 secs] [Times: user=0.03 sys=0.01, real=0.04 secs] 
2018-03-30T11:35:07.980+0000: 394.536: [GC (Allocation Failure) 2018-03-30T11:35:07.980+0000: 394.536: [DefNew: 148072K->5842K(153600K), 0.0332878 secs] 317795K->179829K(494976K), 0.0333547 secs] [Times: user=0.02 sys=0.01, real=0.03 secs] 
2018-03-30T11:35:10.993+0000: 397.549: [GC (Allocation Failure) 2018-03-30T11:35:10.993+0000: 397.549: [DefNew: 135469K->6767K(153600K), 0.0140239 secs] 309456K->180754K(494976K), 0.0140901 secs] [Times: user=0.01 sys=0.00, real=0.02 secs] 
2018-03-30T11:35:14.009+0000: 400.565: [GC (Allocation Failure) 2018-03-30T11:35:14.009+0000: 400.565: [DefNew: 139186K->8016K(153600K), 0.0189397 secs] 313173K->182004K(494976K), 0.0190145 secs] [Times: user=0.02 sys=0.00, real=0.02 secs] 
2018-03-30T11:35:16.529+0000: 403.085: [GC (Allocation Failure) 2018-03-30T11:35:16.529+0000: 403.085: [DefNew: 144592K->17024K(153600K), 0.0571760 secs] 318580K->194041K(494976K), 0.0572360 secs] [Times: user=0.04 sys=0.01, real=0.06 secs] 
2018-03-30T11:35:19.837+0000: 406.393: [GC (Allocation Failure) 2018-03-30T11:35:19.837+0000: 406.393: [DefNew: 153600K->5607K(153600K), 0.0279464 secs] 330617K->187119K(494976K), 0.0280218 secs] [Times: user=0.02 sys=0.00, real=0.03 secs] 
2018-03-30T11:35:22.959+0000: 409.515: [GC (Allocation Failure) 2018-03-30T11:35:22.959+0000: 409.515: [DefNew: 142183K->8785K(153600K), 0.0262908 secs] 323695K->190298K(494976K), 0.0263577 secs] [Times: user=0.02 sys=0.00, real=0.03 secs] 
2018-03-30T11:35:25.673+0000: 412.229: [GC (Allocation Failure) 2018-03-30T11:35:25.673+0000: 412.229: [DefNew: 145361K->5544K(153600K), 0.0171524 secs] 326874K->188564K(494976K), 0.0172136 secs] [Times: user=0.02 sys=0.00, real=0.02 secs] 
2018-03-30T11:35:28.525+0000: 415.081: [GC (Allocation Failure) 2018-03-30T11:35:28.526+0000: 415.081: [DefNew: 133799K->7042K(153600K), 0.0155004 secs] 316819K->190062K(494976K), 0.0155786 secs] [Times: user=0.01 sys=0.00, real=0.01 secs] 
2018-03-30T11:35:31.308+0000: 417.863: [GC (Allocation Failure) 2018-03-30T11:35:31.308+0000: 417.863: [DefNew: 143618K->8855K(153600K), 0.0196611 secs] 326638K->191876K(494976K), 0.0197281 secs] [Times: user=0.02 sys=0.00, real=0.02 secs] 
2018-03-30T11:35:33.886+0000: 420.442: [GC (Allocation Failure) 2018-03-30T11:35:33.886+0000: 420.442: [DefNew: 138802K->8201K(153600K), 0.0115043 secs] 321822K->191941K(494976K), 0.0115664 secs] [Times: user=0.01 sys=0.00, real=0.01 secs] 
2018-03-30T11:35:36.880+0000: 423.435: [GC (Allocation Failure) 2018-03-30T11:35:36.880+0000: 423.435: [DefNew: 144777K->12261K(153600K), 0.0168539 secs] 328517K->196001K(494976K), 0.0169208 secs] [Times: user=0.02 sys=0.00, real=0.02 secs] 
2018-03-30T11:35:39.889+0000: 426.445: [GC (Allocation Failure) 2018-03-30T11:35:39.889+0000: 426.445: [DefNew: 147362K->5186K(153600K), 0.0126410 secs] 331101K->193319K(494976K), 0.0127197 secs] [Times: user=0.02 sys=0.00, real=0.01 secs] 
2018-03-30T11:35:42.498+0000: 429.054: [GC (Allocation Failure) 2018-03-30T11:35:42.498+0000: 429.054: [DefNew: 141762K->7099K(153600K), 0.0096588 secs] 329895K->195233K(494976K), 0.0097227 secs] [Times: user=0.01 sys=0.00, real=0.01 secs] 
2018-03-30T11:35:45.800+0000: 432.355: [GC (Allocation Failure) 2018-03-30T11:35:45.800+0000: 432.356: [DefNew: 143675K->8809K(153600K), 0.0109857 secs] 331809K->196942K(494976K), 0.0110504 secs] [Times: user=0.02 sys=0.00, real=0.01 secs] 
2018-03-30T11:35:48.388+0000: 434.944: [GC (Allocation Failure) 2018-03-30T11:35:48.388+0000: 434.944: [DefNew: 136048K->8027K(153600K), 0.0110770 secs] 324182K->197044K(494976K), 0.0111536 secs] [Times: user=0.01 sys=0.00, real=0.01 secs] 
2018-03-30T11:35:51.325+0000: 437.881: [GC (Allocation Failure) 2018-03-30T11:35:51.325+0000: 437.881: [DefNew: 144603K->12113K(153600K), 0.0163558 secs] 333620K->201130K(494976K), 0.0164220 secs] [Times: user=0.02 sys=0.00, real=0.01 secs] 
2018-03-30T11:35:53.908+0000: 440.464: [GC (Allocation Failure) 2018-03-30T11:35:53.908+0000: 440.464: [DefNew: 145374K->5831K(153600K), 0.0133399 secs] 334391K->198764K(494976K), 0.0134264 secs] [Times: user=0.01 sys=0.00, real=0.01 secs] 
2018-03-30T11:35:56.809+0000: 443.365: [GC (Allocation Failure) 2018-03-30T11:35:56.809+0000: 443.365: [DefNew: 142407K->9129K(153600K), 0.0126243 secs] 335340K->202061K(494976K), 0.0126905 secs] [Times: user=0.01 sys=0.00, real=0.01 secs] 
2018-03-30T11:35:59.504+0000: 446.060: [GC (Allocation Failure) 2018-03-30T11:35:59.505+0000: 446.060: [DefNew: 140875K->7368K(153600K), 0.0232209 secs] 333807K->201316K(494976K), 0.0232956 secs] [Times: user=0.02 sys=0.00, real=0.02 secs] 
2018-03-30T11:36:02.323+0000: 448.879: [GC (Allocation Failure) 2018-03-30T11:36:02.323+0000: 448.879: [DefNew: 143944K->9957K(153600K), 0.0220871 secs] 337892K->203904K(494976K), 0.0221649 secs] [Times: user=0.02 sys=0.00, real=0.03 secs] 
2018-03-30T11:36:05.324+0000: 451.880: [GC (Allocation Failure) 2018-03-30T11:36:05.324+0000: 451.880: [DefNew: 146533K->8756K(153600K), 0.0258812 secs] 340480K->203946K(494976K), 0.0259499 secs] [Times: user=0.03 sys=0.00, real=0.02 secs] 
2018-03-30T11:36:08.319+0000: 454.875: [GC (Allocation Failure) 2018-03-30T11:36:08.319+0000: 454.875: [DefNew: 145332K->8757K(153600K), 0.0256346 secs] 340522K->204879K(494976K), 0.0257017 secs] [Times: user=0.03 sys=0.01, real=0.03 secs] 
2018-03-30T11:36:10.994+0000: 457.550: [GC (Allocation Failure) 2018-03-30T11:36:10.994+0000: 457.550: [DefNew: 142572K->7527K(153600K), 0.0160393 secs] 338694K->204928K(494976K), 0.0161046 secs] [Times: user=0.02 sys=0.00, real=0.02 secs] 
2018-03-30T11:36:13.817+0000: 460.373: [GC (Allocation Failure) 2018-03-30T11:36:13.817+0000: 460.373: [DefNew: 144103K->9491K(153600K), 0.0202773 secs] 341504K->206892K(494976K), 0.0203431 secs] [Times: user=0.02 sys=0.00, real=0.02 secs] 
2018-03-30T11:36:16.224+0000: 462.780: [GC (Allocation Failure) 2018-03-30T11:36:16.224+0000: 462.780: [DefNew: 146067K->8080K(153600K), 0.0219678 secs] 343468K->206882K(494976K), 0.0220420 secs] [Times: user=0.02 sys=0.00, real=0.02 secs] 
2018-03-30T11:36:18.831+0000: 465.387: [GC (Allocation Failure) 2018-03-30T11:36:18.831+0000: 465.387: [DefNew: 144656K->12015K(153600K), 0.0152430 secs] 343458K->210817K(494976K), 0.0153105 secs] [Times: user=0.01 sys=0.00, real=0.02 secs] 
2018-03-30T11:36:21.397+0000: 467.953: [GC (Allocation Failure) 2018-03-30T11:36:21.398+0000: 467.953: [DefNew: 143251K->5214K(153600K), 0.0123667 secs] 342052K->208067K(494976K), 0.0124348 secs] [Times: user=0.01 sys=0.00, real=0.01 secs] 
2018-03-30T11:36:24.199+0000: 470.755: [GC (Allocation Failure) 2018-03-30T11:36:24.199+0000: 470.755: [DefNew: 141790K->7181K(153600K), 0.0092065 secs] 344643K->210034K(494976K), 0.0092705 secs] [Times: user=0.01 sys=0.00, real=0.01 secs] 
2018-03-30T11:36:26.828+0000: 473.384: [GC (Allocation Failure) 2018-03-30T11:36:26.828+0000: 473.384: [DefNew: 143757K->11556K(153600K), 0.0158568 secs] 346610K->214409K(494976K), 0.0159294 secs] [Times: user=0.02 sys=0.00, real=0.02 secs] 
2018-03-30T11:36:29.520+0000: 476.076: [GC (Allocation Failure) 2018-03-30T11:36:29.520+0000: 476.076: [DefNew: 137450K->4942K(153600K), 0.0273056 secs] 340303K->211626K(494976K), 0.0273728 secs] [Times: user=0.02 sys=0.00, real=0.03 secs] 
2018-03-30T11:36:32.504+0000: 479.060: [GC (Allocation Failure) 2018-03-30T11:36:32.504+0000: 479.060: [DefNew: 136901K->5361K(153600K), 0.0081985 secs] 343584K->212044K(494976K), 0.0082629 secs] [Times: user=0.01 sys=0.00, real=0.00 secs] 
2018-03-30T11:36:35.240+0000: 481.796: [GC (Allocation Failure) 2018-03-30T11:36:35.240+0000: 481.796: [DefNew: 141937K->6775K(153600K), 0.0157197 secs] 348620K->213458K(494976K), 0.0157859 secs] [Times: user=0.02 sys=0.00, real=0.02 secs] 
2018-03-30T11:36:37.811+0000: 484.367: [GC (Allocation Failure) 2018-03-30T11:36:37.812+0000: 484.367: [DefNew: 143351K->9302K(153600K), 0.0242562 secs] 350034K->215986K(494976K), 0.0243214 secs] [Times: user=0.02 sys=0.00, real=0.03 secs] 
2018-03-30T11:36:40.459+0000: 487.015: [GC (Allocation Failure) 2018-03-30T11:36:40.459+0000: 487.015: [DefNew: 143443K->8547K(153600K), 0.0114897 secs] 350126K->216137K(494976K), 0.0115541 secs] [Times: user=0.02 sys=0.00, real=0.01 secs] 
2018-03-30T11:36:43.013+0000: 489.569: [GC (Allocation Failure) 2018-03-30T11:36:43.013+0000: 489.569: [DefNew: 133661K->8796K(153600K), 0.0172317 secs] 341251K->216908K(494976K), 0.0172970 secs] [Times: user=0.02 sys=0.00, real=0.02 secs] 
2018-03-30T11:36:45.537+0000: 492.093: [GC (Allocation Failure) 2018-03-30T11:36:45.537+0000: 492.093: [DefNew: 138537K->9511K(153600K), 0.0260140 secs] 346649K->217915K(494976K), 0.0260897 secs] [Times: user=0.02 sys=0.01, real=0.02 secs] 
2018-03-30T11:36:48.012+0000: 494.567: [GC (Allocation Failure) 2018-03-30T11:36:48.012+0000: 494.567: [DefNew: 136675K->8107K(153600K), 0.0134711 secs] 345079K->218496K(494976K), 0.0135297 secs] [Times: user=0.01 sys=0.00, real=0.02 secs] 
2018-03-30T11:36:50.556+0000: 497.112: [GC (Allocation Failure) 2018-03-30T11:36:50.556+0000: 497.112: [DefNew: 144683K->8903K(153600K), 0.0115373 secs] 355072K->219293K(494976K), 0.0116426 secs] [Times: user=0.02 sys=0.00, real=0.01 secs] 
2018-03-30T11:36:53.405+0000: 499.960: [GC (Allocation Failure) 2018-03-30T11:36:53.405+0000: 499.960: [DefNew: 141275K->8669K(153600K), 0.0113066 secs] 351664K->219985K(494976K), 0.0113852 secs] [Times: user=0.01 sys=0.00, real=0.01 secs] 
2018-03-30T11:36:55.569+0000: 502.124: [GC (Allocation Failure) 2018-03-30T11:36:55.569+0000: 502.124: [DefNew: 145245K->17024K(153600K), 0.0906444 secs] 356561K->234547K(494976K), 0.0907026 secs] [Times: user=0.08 sys=0.01, real=0.09 secs] 
2018-03-30T11:36:58.024+0000: 504.580: [GC (Allocation Failure) 2018-03-30T11:36:58.024+0000: 504.580: [DefNew: 144355K->3951K(153600K), 0.0228442 secs] 361879K->224030K(494976K), 0.0229130 secs] [Times: user=0.02 sys=0.01, real=0.02 secs] 
2018-03-30T11:37:00.515+0000: 507.071: [GC (Allocation Failure) 2018-03-30T11:37:00.515+0000: 507.071: [DefNew: 127559K->5527K(153600K), 0.0087676 secs] 347638K->225606K(494976K), 0.0088337 secs] [Times: user=0.01 sys=0.00, real=0.02 secs] 
2018-03-30T11:37:03.055+0000: 509.611: [GC (Allocation Failure) 2018-03-30T11:37:03.055+0000: 509.611: [DefNew: 135416K->7234K(153600K), 0.0144906 secs] 355495K->227313K(494976K), 0.0145627 secs] [Times: user=0.01 sys=0.00, real=0.02 secs] 
2018-03-30T11:37:05.800+0000: 512.355: [GC (Allocation Failure) 2018-03-30T11:37:05.800+0000: 512.355: [DefNew: 143810K->8435K(153600K), 0.0100159 secs] 363889K->228514K(494976K), 0.0100919 secs] [Times: user=0.01 sys=0.00, real=0.01 secs] 
2018-03-30T11:37:08.405+0000: 514.961: [GC (Allocation Failure) 2018-03-30T11:37:08.405+0000: 514.961: [DefNew: 135004K->8578K(153600K), 0.0093451 secs] 355083K->228657K(494976K), 0.0094124 secs] [Times: user=0.01 sys=0.00, real=0.00 secs] 
2018-03-30T11:37:10.812+0000: 517.368: [GC (Allocation Failure) 2018-03-30T11:37:10.812+0000: 517.368: [DefNew: 145154K->10029K(153600K), 0.0149905 secs] 365233K->231508K(494976K), 0.0150658 secs] [Times: user=0.01 sys=0.00, real=0.02 secs] 
2018-03-30T11:37:13.300+0000: 519.856: [GC (Allocation Failure) 2018-03-30T11:37:13.300+0000: 519.856: [DefNew: 146605K->7889K(153600K), 0.0128544 secs] 368084K->231122K(494976K), 0.0129208 secs] [Times: user=0.01 sys=0.00, real=0.01 secs] 
2018-03-30T11:37:15.818+0000: 522.374: [GC (Allocation Failure) 2018-03-30T11:37:15.818+0000: 522.374: [DefNew: 144465K->12285K(153600K), 0.0163678 secs] 367698K->235518K(494976K), 0.0164359 secs] [Times: user=0.02 sys=0.00, real=0.01 secs] 
2018-03-30T11:37:18.322+0000: 524.878: [GC (Allocation Failure) 2018-03-30T11:37:18.322+0000: 524.878: [DefNew: 148861K->9775K(153600K), 0.0195067 secs] 372094K->237184K(494976K), 0.0195781 secs] [Times: user=0.01 sys=0.00, real=0.02 secs] 
2018-03-30T11:37:20.903+0000: 527.459: [GC (Allocation Failure) 2018-03-30T11:37:20.903+0000: 527.459: [DefNew: 141400K->5643K(153600K), 0.0099388 secs] 368809K->234811K(494976K), 0.0100031 secs] [Times: user=0.01 sys=0.00, real=0.01 secs] 
2018-03-30T11:37:23.413+0000: 529.968: [GC (Allocation Failure) 2018-03-30T11:37:23.413+0000: 529.968: [DefNew: 136139K->7045K(153600K), 0.0087416 secs] 365306K->236213K(494976K), 0.0088239 secs] [Times: user=0.01 sys=0.00, real=0.01 secs] 
2018-03-30T11:37:25.810+0000: 532.366: [GC (Allocation Failure) 2018-03-30T11:37:25.810+0000: 532.366: [DefNew: 143621K->9905K(153600K), 0.0125248 secs] 372789K->239073K(494976K), 0.0126059 secs] [Times: user=0.01 sys=0.00, real=0.01 secs] 
11:37:26.814 [Client] INFO  c.s.f.r.e.s.SocketRear  - FlameSocketGraphDeployerRear@10.0.0.49: has been disconnected from Connection 5
11:37:38.633 [worker-akka.actor.default-dispatcher-12] INFO  a.a.CoordinatedShutdown CoordinatedShutdown(akka://worker) - Starting coordinated shutdown from JVM shutdown hook
11:37:38.657 [worker-akka.actor.default-dispatcher-4] INFO  a.a.LocalActorRef akka://worker/user/watcher/graph_at_0/negotiator - Stopped
11:37:38.657 [worker-akka.actor.default-dispatcher-4] INFO  a.a.LocalActorRef akka://worker/user/watcher/graph_at_0/edge/FlameSocketGraphDeployerFront - Stopped
11:37:38.657 [worker-akka.actor.default-dispatcher-4] INFO  a.a.LocalActorRef akka://worker/user/watcher/graph_at_0/edge/FlameSocketGraphDeployerRear - Stopped
11:37:38.657 [worker-akka.actor.default-dispatcher-4] INFO  a.a.LocalActorRef akka://worker/user/watcher/graph_at_0/edge - Stopped
11:37:38.658 [worker-akka.actor.default-dispatcher-4] INFO  a.a.LocalActorRef akka://worker/user/watcher/graph_at_0/graph/$a - Stopped
11:37:38.658 [worker-akka.actor.default-dispatcher-4] INFO  a.a.LocalActorRef akka://worker/user/watcher/graph_at_0/graph/$b - Stopped
11:37:38.658 [worker-akka.actor.default-dispatcher-4] INFO  a.a.LocalActorRef akka://worker/user/watcher/graph_at_0/graph/$c - Stopped
11:37:38.658 [worker-akka.actor.default-dispatcher-4] INFO  a.a.LocalActorRef akka://worker/user/watcher/graph_at_0/graph/local-acker/$a - Stopped
11:37:38.658 [worker-akka.actor.default-dispatcher-4] INFO  a.a.LocalActorRef akka://worker/user/watcher/graph_at_0/graph/local-acker - Stopped
11:37:38.658 [worker-akka.actor.default-dispatcher-4] INFO  a.a.LocalActorRef akka://worker/user/watcher/graph_at_0/graph - Stopped
11:37:38.658 [worker-akka.actor.default-dispatcher-3] INFO  a.a.LocalActorRef akka://worker/user/watcher/graph_at_0/graph/local-acker/$a - Message [com.spbsu.flamestream.runtime.utils.akka.PingActor$InnerPing] from Actor[akka://worker/user/watcher/graph_at_0/graph/local-acker/$a#-1751353248] to Actor[akka://worker/user/watcher/graph_at_0/graph/local-acker/$a#-1751353248] was not delivered. [1] dead letters encountered. This logging can be turned off or adjusted with configuration settings 'akka.log-dead-letters' and 'akka.log-dead-letters-during-shutdown'.
11:37:38.659 [worker-akka.actor.default-dispatcher-3] INFO  a.a.LocalActorRef akka://worker/user/watcher/graph_at_0/graph/local-acker/$a - Message [com.spbsu.flamestream.runtime.utils.akka.PingActor$Stop] from Actor[akka://worker/user/watcher/graph_at_0/graph/local-acker#-2035268727] to Actor[akka://worker/user/watcher/graph_at_0/graph/local-acker/$a#-1751353248] was not delivered. [2] dead letters encountered. This logging can be turned off or adjusted with configuration settings 'akka.log-dead-letters' and 'akka.log-dead-letters-during-shutdown'.
11:37:38.662 [worker-akka.actor.default-dispatcher-5] INFO  a.a.LocalActorRef akka://worker/user/watcher/graph_at_0 - Stopped
11:37:38.663 [worker-akka.actor.default-dispatcher-3] INFO  a.a.RepointableActorRef akka://worker/user/watcher - Stopped
11:37:38.665 [worker-akka.actor.default-dispatcher-3-EventThread] INFO  o.a.z.ClientCnxn  - EventThread shut down for session: 0x16276a9cd3d0005
11:37:38.665 [worker-akka.actor.default-dispatcher-5] INFO  o.a.z.ZooKeeper  - Session: 0x16276a9cd3d0005 closed
11:37:38.676 [worker-akka.actor.default-dispatcher-5] INFO  a.r.RemoteActorRefProvider$RemotingTerminator akka://worker@10.0.0.49:5412/system/remoting-terminator - Shutting down remote daemon.
11:37:38.678 [worker-akka.actor.default-dispatcher-5] INFO  a.r.RemoteActorRefProvider$RemotingTerminator akka://worker@10.0.0.49:5412/system/remoting-terminator - Remote daemon shut down; proceeding with flushing remote transports.
11:37:38.860 [worker-akka.actor.default-dispatcher-2] INFO  a.r.RemoteActorRefProvider$RemotingTerminator akka://worker@10.0.0.49:5412/system/remoting-terminator - Remoting shut down.
Heap
 def new generation   total 153600K, used 119366K [0x00000000e0c00000, 0x00000000eb2a0000, 0x00000000eb2a0000)
  eden space 136576K,  80% used [0x00000000e0c00000, 0x00000000e76e5468, 0x00000000e9160000)
  from space 17024K,  58% used [0x00000000e9160000, 0x00000000e9b0c450, 0x00000000ea200000)
  to   space 17024K,   0% used [0x00000000ea200000, 0x00000000ea200000, 0x00000000eb2a0000)
 tenured generation   total 341376K, used 229167K [0x00000000eb2a0000, 0x0000000100000000, 0x0000000100000000)
   the space 341376K,  67% used [0x00000000eb2a0000, 0x00000000f926bfd8, 0x00000000f926c000, 0x0000000100000000)
 Metaspace       used 34355K, capacity 35224K, committed 35456K, reserved 1079296K
  class space    used 4530K, capacity 4703K, committed 4736K, reserved 1048576K
