15:33:36.401 [worker-akka.actor.default-dispatcher-2] INFO  a.e.s.Slf4jLogger  - Slf4jLogger started
2018-02-16T15:33:36.560+0000: 1.990: [Full GC (Metadata GC Threshold) 2018-02-16T15:33:36.560+0000: 1.990: [Tenured: 0K->15484K(341376K), 0.0371247 secs] 117539K->15484K(494976K), [Metaspace: 20935K->20935K(1067008K)], 0.0371912 secs] [Times: user=0.04 sys=0.01, real=0.04 secs] 
Ama winner
Ama winner
15:33:36.944 [worker-akka.actor.default-dispatcher-2] INFO  a.r.a.ArteryTransport(akka://worker) akka.remote.artery.ArteryTransport(akka://worker) - Started embedded media driver in directory [/dev/shm/aeron-root-worker-a37177b5-8f5c-40c2-b140-16ac7d66e523]
15:33:37.169 [worker-akka.actor.default-dispatcher-2] INFO  a.r.a.ArteryTransport(akka://worker) akka.remote.artery.ArteryTransport(akka://worker) - Remoting started; listening on address: [akka://worker@172.31.47.100:5412] with UID [-5569842802071632648]
15:33:37.271 [worker-akka.actor.default-dispatcher-2] INFO  o.a.z.ZooKeeper  - Client environment:zookeeper.version=3.4.9-1757313, built on 08/23/2016 06:50 GMT
15:33:37.271 [worker-akka.actor.default-dispatcher-2] INFO  o.a.z.ZooKeeper  - Client environment:host.name=ip-172-31-47-100.us-east-2.compute.internal
15:33:37.271 [worker-akka.actor.default-dispatcher-2] INFO  o.a.z.ZooKeeper  - Client environment:java.version=1.8.0_151
15:33:37.271 [worker-akka.actor.default-dispatcher-2] INFO  o.a.z.ZooKeeper  - Client environment:java.vendor=Oracle Corporation
15:33:37.271 [worker-akka.actor.default-dispatcher-2] INFO  o.a.z.ZooKeeper  - Client environment:java.home=/usr/lib/jvm/java-8-openjdk-amd64/jre
15:33:37.271 [worker-akka.actor.default-dispatcher-2] INFO  o.a.z.ZooKeeper  - Client environment:java.class.path=lib/commons-cli-1.4.jar:lib/minlog-1.3.0.jar:lib/asm-5.0.4.jar:lib/hadoop-annotations-2.7.3.jar:lib/hadoop-auth-2.7.3.jar:lib/akka-slf4j_2.11-2.5.6.jar:lib/jersey-core-1.9.jar:lib/lz4-1.3.0.jar:lib/jackson-core-asl-1.9.13.jar:lib/aeron-client-1.3.0.jar:lib/htrace-core-3.1.0-incubating.jar:lib/xz-1.0.jar:lib/commons-httpclient-3.1.jar:lib/asm-3.1.jar:lib/commons-lang3-3.4.jar:lib/scala-library-2.11.11.jar:lib/scala-java8-compat_2.11-0.7.0.jar:lib/commons-configuration-1.6.jar:lib/objenesis-2.1.jar:lib/jackson-annotations-2.8.0.jar:lib/jsr305-3.0.0.jar:lib/curator-framework-2.7.1.jar:lib/jersey-server-1.9.jar:lib/jets3t-0.9.0.jar:lib/leveldb-0.7.jar:lib/jetty-6.1.26.jar:lib/stax-api-1.0-2.jar:lib/flamestream-core-1.0-SNAPSHOT.jar:lib/reflectasm-1.07-shaded.jar:lib/apacheds-kerberos-codec-2.0.0-M15.jar:lib/api-asn1-api-1.0.0-M20.jar:lib/commons-lang-2.6.jar:lib/commons-beanutils-1.7.0.jar:lib/jackson-xc-1.8.3.jar:lib/jetty-util-6.1.26.jar:lib/logback-classic-1.2.3.jar:lib/jool-0.9.12.jar:lib/flamestream-runtime-1.0-SNAPSHOT-tests.jar:lib/httpcore-4.1.2.jar:lib/kryo-4.0.0.jar:lib/ant-1.8.1.jar:lib/jaxb-impl-2.2.3-1.jar:lib/jersey-json-1.9.jar:lib/commons-compress-1.4.1.jar:lib/leveldbjni-all-1.8.jar:lib/paranamer-2.3.jar:lib/jackson-core-2.8.4.jar:lib/commons-math3-3.6.1.jar:lib/scala-parser-combinators_2.11-1.0.4.jar:lib/netty-3.10.6.Final.jar:lib/trove4j-3.0.3.jar:lib/jaxb-api-2.2.2.jar:lib/logback-core-1.2.3.jar:lib/snappy-java-1.0.4.1.jar:lib/protobuf-java-2.5.0.jar:lib/reactive-streams-1.0.1.jar:lib/flamestream-examples-1.0-SNAPSHOT.jar:lib/commons-codec-1.4.jar:lib/activation-1.1.jar:lib/commons-net-3.1.jar:lib/curator-recipes-2.7.1.jar:lib/jackson-mapper-asl-1.9.13.jar:lib/jackson-databind-2.8.4.jar:lib/flamestream-runtime-1.0-SNAPSHOT.jar:lib/jackson-jaxrs-1.8.3.jar:lib/slf4j-api-1.7.24.jar:lib/akka-remote_2.11-2.5.6.jar:lib/akka-testkit_2.11-2.5.6.jar:lib/jline-0.9.94.jar:lib/akka-stream_2.11-2.5.6.jar:lib/jsp-api-2.1.jar:lib/kryonet-2.21.jar:lib/akka-kryo-serialization_2.11-0.5.0.jar:lib/config-1.3.1.jar:lib/ant-launcher-1.8.1.jar:lib/commons-logging-1.2.jar:lib/ssl-config-core_2.11-0.2.2.jar:lib/testng-6.10.jar:lib/leveldb-api-0.7.jar:lib/reflectasm-1.11.3.jar:lib/jcommander-1.48.jar:lib/commons-1.1.jar:lib/commons-digester-1.8.jar:lib/minlog-1.2.jar:lib/java-xmlbuilder-0.4.jar:lib/jettison-1.1.jar:lib/gson-2.2.4.jar:lib/jdk.tools-1.8.jar:lib/aeron-driver-1.3.0.jar:lib/zookeeper-3.4.9.jar:lib/commons-beanutils-core-1.8.0.jar:lib/commons-math3-3.1.1.jar:lib/akka-actor_2.11-2.5.6.jar:lib/curator-client-2.7.1.jar:lib/servlet-api-2.5.jar:lib/apacheds-i18n-2.0.0-M15.jar:lib/commons-io-2.4.jar:lib/commons-codec-1.6.jar:lib/akka-protobuf_2.11-2.5.6.jar:lib/protobuf-java-3.5.1.jar:lib/jdom-2.0.2.jar:lib/api-util-1.0.0-M20.jar:lib/hadoop-common-2.7.3.jar:lib/agrona-0.9.6.jar:lib/xmlenc-0.52.jar:lib/guava-21.0.jar:lib/commons-collections-3.2.2.jar:lib/avro-1.7.4.jar:lib/httpclient-4.1.2.jar:lib/flamestream-core-1.0-SNAPSHOT-tests.jar:lib/annotations-12.0.jar:lib/jsch-0.1.42.jar:flamestream-runtime-1.0-SNAPSHOT.jar
15:33:37.271 [worker-akka.actor.default-dispatcher-2] INFO  o.a.z.ZooKeeper  - Client environment:java.library.path=/usr/java/packages/lib/amd64:/usr/lib/x86_64-linux-gnu/jni:/lib/x86_64-linux-gnu:/usr/lib/x86_64-linux-gnu:/usr/lib/jni:/lib:/usr/lib
15:33:37.271 [worker-akka.actor.default-dispatcher-2] INFO  o.a.z.ZooKeeper  - Client environment:java.io.tmpdir=/tmp
15:33:37.272 [worker-akka.actor.default-dispatcher-2] INFO  o.a.z.ZooKeeper  - Client environment:java.compiler=<NA>
15:33:37.272 [worker-akka.actor.default-dispatcher-2] INFO  o.a.z.ZooKeeper  - Client environment:os.name=Linux
15:33:37.272 [worker-akka.actor.default-dispatcher-2] INFO  o.a.z.ZooKeeper  - Client environment:os.arch=amd64
15:33:37.272 [worker-akka.actor.default-dispatcher-2] INFO  o.a.z.ZooKeeper  - Client environment:os.version=4.4.0-1049-aws
15:33:37.272 [worker-akka.actor.default-dispatcher-2] INFO  o.a.z.ZooKeeper  - Client environment:user.name=root
15:33:37.273 [worker-akka.actor.default-dispatcher-2] INFO  o.a.z.ZooKeeper  - Client environment:user.home=/root
15:33:37.273 [worker-akka.actor.default-dispatcher-2] INFO  o.a.z.ZooKeeper  - Client environment:user.dir=/opt/flamestream
15:33:37.277 [worker-akka.actor.default-dispatcher-2] INFO  o.a.z.ZooKeeper  - Initiating client connection, connectString=172.31.34.147:2181 sessionTimeout=5000 watcher=com.spbsu.flamestream.runtime.application.LifecycleWatcher$$Lambda$29/2091173542@1b48f905
15:33:37.311 [worker-akka.actor.default-dispatcher-2-SendThread(172.31.34.147:2181)] INFO  o.a.z.ClientCnxn  - Opening socket connection to server 172.31.34.147/172.31.34.147:2181. Will not attempt to authenticate using SASL (unknown error)
15:33:37.312 [worker-akka.actor.default-dispatcher-2] INFO  a.a.RepointableActorRef akka://worker/user/watcher - Starting...
15:33:37.319 [worker-akka.actor.default-dispatcher-2-SendThread(172.31.34.147:2181)] INFO  o.a.z.ClientCnxn  - Socket connection established to 172.31.34.147/172.31.34.147:2181, initiating session
15:33:37.325 [worker-akka.actor.default-dispatcher-2-SendThread(172.31.34.147:2181)] INFO  o.a.z.ClientCnxn  - Session establishment complete on server 172.31.34.147/172.31.34.147:2181, sessionid = 0x1619f3ec2370006, negotiated timeout = 6000
15:33:37.419 [worker-akka.actor.default-dispatcher-2] INFO  a.a.RepointableActorRef akka://worker/user/watcher - Connected to ZK
15:33:49.264 [worker-akka.actor.default-dispatcher-2] INFO  a.a.RepointableActorRef akka://worker/user/watcher - Creating node with watchGraphs: 'com.spbsu.flamestream.core.Graph$Builder$MyGraph@22aae96d', config: 'ClusterConfig{paths={172.31.33.155=akka://worker@172.31.33.155:5412/user/watcher/graph0000000000, 172.31.47.83=akka://worker@172.31.47.83:5412/user/watcher/graph0000000000, 172.31.45.197=akka://worker@172.31.45.197:5412/user/watcher/graph0000000000, 172.31.42.36=akka://worker@172.31.42.36:5412/user/watcher/graph0000000000, 172.31.44.83=akka://worker@172.31.44.83:5412/user/watcher/graph0000000000, 172.31.39.64=akka://worker@172.31.39.64:5412/user/watcher/graph0000000000, 172.31.35.79=akka://worker@172.31.35.79:5412/user/watcher/graph0000000000, 172.31.34.169=akka://worker@172.31.34.169:5412/user/watcher/graph0000000000, 172.31.47.100=akka://worker@172.31.47.100:5412/user/watcher/graph0000000000, 172.31.37.101=akka://worker@172.31.37.101:5412/user/watcher/graph0000000000}, ackerLocation='172.31.35.79', props=ComputationLayout{ranges={172.31.33.155=HashRange{from=-1670265060, to=-1193046472}, 172.31.47.83=HashRange{from=1670265056, to=2147483644}, 172.31.45.197=HashRange{from=-715827884, to=-238609296}, 172.31.42.36=HashRange{from=1193046468, to=1670265056}, 172.31.44.83=HashRange{from=-238609296, to=238609292}, 172.31.39.64=HashRange{from=715827880, to=1193046468}, 172.31.35.79=HashRange{from=0, to=0}, 172.31.34.169=HashRange{from=-2147483648, to=-1670265060}, 172.31.47.100=HashRange{from=238609292, to=715827880}, 172.31.37.101=HashRange{from=-1193046472, to=-715827884}}}}'
15:33:50.027 [worker-akka.actor.default-dispatcher-2] INFO  a.a.LocalActorRef akka://worker/user/watcher/graph0000000000/graph - Starting...
15:33:50.027 [worker-akka.actor.default-dispatcher-2] INFO  a.a.LocalActorRef akka://worker/user/watcher/graph0000000000/graph/local-acker - Starting...
15:33:50.030 [worker-akka.actor.default-dispatcher-2] INFO  a.a.LocalActorRef akka://worker/user/watcher/graph0000000000/graph/local-acker/$a - Starting...
Warning: space is running low in /dev/shm (tmpfs) threshold=167,772,160 usable=158,621,696
Warning: space is running low in /dev/shm (tmpfs) threshold=167,772,160 usable=146,034,688
Warning: space is running low in /dev/shm (tmpfs) threshold=167,772,160 usable=133,447,680
Warning: space is running low in /dev/shm (tmpfs) threshold=167,772,160 usable=120,860,672
Warning: space is running low in /dev/shm (tmpfs) threshold=167,772,160 usable=108,273,664
Warning: space is running low in /dev/shm (tmpfs) threshold=167,772,160 usable=95,686,656
Warning: space is running low in /dev/shm (tmpfs) threshold=167,772,160 usable=83,099,648
Warning: space is running low in /dev/shm (tmpfs) threshold=167,772,160 usable=70,512,640
15:33:51.858 [worker-akka.actor.default-dispatcher-2] INFO  a.a.LocalActorRef akka://worker/user/watcher/graph0000000000/graph - Finishing constructor
15:33:51.859 [worker-akka.actor.default-dispatcher-2] INFO  a.a.LocalActorRef akka://worker/user/watcher/graph0000000000 - Starting...
15:33:51.927 [worker-akka.actor.default-dispatcher-2] INFO  a.a.LocalActorRef akka://worker/user/watcher/graph0000000000/negotiator - Starting...
15:33:51.928 [worker-akka.actor.default-dispatcher-2] INFO  a.a.LocalActorRef akka://worker/user/watcher/graph0000000000/edge - Starting...
15:33:51.928 [worker-akka.actor.default-dispatcher-2] INFO  a.a.LocalActorRef akka://worker/user/watcher/graph0000000000/graph/$a - Starting...
15:33:51.929 [worker-akka.actor.default-dispatcher-2] INFO  a.a.LocalActorRef akka://worker/user/watcher/graph0000000000/graph/$b - Starting...
15:33:51.930 [worker-akka.actor.default-dispatcher-2] INFO  a.a.LocalActorRef akka://worker/user/watcher/graph0000000000/graph/$c - Starting...
15:33:51.963 [worker-akka.actor.default-dispatcher-2] INFO  c.s.f.r.e.s.SocketRear  - FlameSocketGraphDeployerRear@172.31.47.100: connecting to 172.31.34.147:5678
15:33:51.971 [worker-akka.actor.default-dispatcher-2] INFO  c.s.f.r.e.s.SocketRear  - FlameSocketGraphDeployerRear@172.31.47.100: connected to 172.31.34.147:5678
2018-02-16T15:33:51.977+0000: 17.406: [GC (Allocation Failure) 2018-02-16T15:33:51.977+0000: 17.406: [DefNew: 122477K->17024K(153600K), 0.0304458 secs] 137961K->43167K(494976K), 0.0305126 secs] [Times: user=0.02 sys=0.01, real=0.03 secs] 
15:33:52.022 [worker-akka.actor.default-dispatcher-2] INFO  a.a.LocalActorRef akka://worker/user/watcher/graph0000000000/edge/FlameSocketGraphDeployerRear - Starting...
15:33:52.023 [worker-akka.actor.default-dispatcher-2] INFO  a.a.LocalActorRef akka://worker/user/watcher/graph0000000000/edge/FlameSocketGraphDeployerFront - Starting...
15:33:52.024 [worker-akka.actor.default-dispatcher-2] INFO  a.a.LocalActorRef akka://worker/user/watcher/graph0000000000/negotiator - Requesting ticket for the frontClass FlameSocketGraphDeployerFront@172.31.47.100
15:33:52.040 [worker-akka.actor.default-dispatcher-2] INFO  a.a.LocalActorRef akka://worker/user/watcher/graph0000000000/negotiator - Ticket for the frontClass received: FrontTicket{allowedTimestamp=(1518795229240, FlameSocketGraphDeployerFront@172.31.47.100)}
15:33:52.041 [worker-akka.actor.default-dispatcher-2] INFO  c.s.f.r.e.s.SocketFront  - FlameSocketGraphDeployerFront@172.31.47.100: connecting to 172.31.34.147:4567
15:33:52.072 [Client] INFO  c.s.f.r.e.s.SocketFront  - FlameSocketGraphDeployerFront@172.31.47.100 has been disconnected from Connection 10
2018-02-16T15:34:02.812+0000: 28.242: [GC (Allocation Failure) 2018-02-16T15:34:02.812+0000: 28.242: [DefNew: 153600K->3790K(153600K), 0.0706737 secs] 179743K->66452K(494976K), 0.0707489 secs] [Times: user=0.01 sys=0.06, real=0.07 secs] 
2018-02-16T15:34:15.395+0000: 40.825: [GC (Allocation Failure) 2018-02-16T15:34:15.395+0000: 40.825: [DefNew: 140366K->5587K(153600K), 0.0122468 secs] 203028K->68249K(494976K), 0.0123160 secs] [Times: user=0.01 sys=0.00, real=0.01 secs] 
2018-02-16T15:34:28.420+0000: 53.850: [GC (Allocation Failure) 2018-02-16T15:34:28.420+0000: 53.850: [DefNew: 142163K->7388K(153600K), 0.0161682 secs] 204825K->70050K(494976K), 0.0162289 secs] [Times: user=0.02 sys=0.00, real=0.02 secs] 
2018-02-16T15:34:39.448+0000: 64.878: [GC (Allocation Failure) 2018-02-16T15:34:39.448+0000: 64.878: [DefNew: 143964K->9209K(153600K), 0.0199371 secs] 206626K->71871K(494976K), 0.0200061 secs] [Times: user=0.02 sys=0.00, real=0.02 secs] 
2018-02-16T15:34:48.819+0000: 74.249: [GC (Allocation Failure) 2018-02-16T15:34:48.819+0000: 74.249: [DefNew: 145785K->8812K(153600K), 0.0181811 secs] 208447K->73161K(494976K), 0.0182430 secs] [Times: user=0.02 sys=0.00, real=0.02 secs] 
2018-02-16T15:35:02.061+0000: 87.491: [GC (Allocation Failure) 2018-02-16T15:35:02.061+0000: 87.491: [DefNew: 145388K->8469K(153600K), 0.0181784 secs] 209737K->74116K(494976K), 0.0182495 secs] [Times: user=0.02 sys=0.00, real=0.02 secs] 
2018-02-16T15:35:19.666+0000: 105.096: [GC (Allocation Failure) 2018-02-16T15:35:19.666+0000: 105.096: [DefNew: 145045K->9857K(153600K), 0.0182993 secs] 210692K->75505K(494976K), 0.0183691 secs] [Times: user=0.01 sys=0.00, real=0.02 secs] 
2018-02-16T15:35:33.522+0000: 118.952: [GC (Allocation Failure) 2018-02-16T15:35:33.522+0000: 118.952: [DefNew: 146433K->10174K(153600K), 0.0207379 secs] 212081K->76988K(494976K), 0.0208059 secs] [Times: user=0.02 sys=0.00, real=0.02 secs] 
2018-02-16T15:35:46.496+0000: 131.926: [GC (Allocation Failure) 2018-02-16T15:35:46.496+0000: 131.926: [DefNew: 146750K->9439K(153600K), 0.0213634 secs] 213564K->78480K(494976K), 0.0214327 secs] [Times: user=0.02 sys=0.00, real=0.02 secs] 
2018-02-16T15:36:02.588+0000: 148.017: [GC (Allocation Failure) 2018-02-16T15:36:02.588+0000: 148.017: [DefNew: 146015K->9554K(153600K), 0.0170430 secs] 215056K->79709K(494976K), 0.0171101 secs] [Times: user=0.01 sys=0.00, real=0.01 secs] 
2018-02-16T15:36:17.168+0000: 162.598: [GC (Allocation Failure) 2018-02-16T15:36:17.168+0000: 162.598: [DefNew: 146130K->9990K(153600K), 0.0290389 secs] 216285K->81504K(494976K), 0.0291033 secs] [Times: user=0.01 sys=0.02, real=0.03 secs] 
2018-02-16T15:36:32.420+0000: 177.850: [GC (Allocation Failure) 2018-02-16T15:36:32.420+0000: 177.850: [DefNew: 146566K->9490K(153600K), 0.0168204 secs] 218080K->82560K(494976K), 0.0168840 secs] [Times: user=0.02 sys=0.00, real=0.02 secs] 
2018-02-16T15:36:46.837+0000: 192.267: [GC (Allocation Failure) 2018-02-16T15:36:46.837+0000: 192.267: [DefNew: 146066K->9442K(153600K), 0.0187106 secs] 219136K->83764K(494976K), 0.0187763 secs] [Times: user=0.02 sys=0.00, real=0.02 secs] 
2018-02-16T15:37:01.261+0000: 206.691: [GC (Allocation Failure) 2018-02-16T15:37:01.261+0000: 206.691: [DefNew: 146018K->9429K(153600K), 0.0187845 secs] 220340K->84971K(494976K), 0.0188563 secs] [Times: user=0.02 sys=0.01, real=0.02 secs] 
2018-02-16T15:37:12.729+0000: 218.159: [GC (Allocation Failure) 2018-02-16T15:37:12.729+0000: 218.159: [DefNew: 146005K->9433K(153600K), 0.0167668 secs] 221547K->86129K(494976K), 0.0168338 secs] [Times: user=0.02 sys=0.00, real=0.01 secs] 
2018-02-16T15:37:26.546+0000: 231.976: [GC (Allocation Failure) 2018-02-16T15:37:26.546+0000: 231.976: [DefNew: 146009K->10057K(153600K), 0.0190981 secs] 222705K->87897K(494976K), 0.0191772 secs] [Times: user=0.02 sys=0.00, real=0.02 secs] 
2018-02-16T15:37:39.605+0000: 245.035: [GC (Allocation Failure) 2018-02-16T15:37:39.605+0000: 245.035: [DefNew: 146633K->8411K(153600K), 0.0303018 secs] 224473K->88715K(494976K), 0.0303657 secs] [Times: user=0.01 sys=0.02, real=0.04 secs] 
2018-02-16T15:37:55.454+0000: 260.884: [GC (Allocation Failure) 2018-02-16T15:37:55.454+0000: 260.884: [DefNew: 144987K->9956K(153600K), 0.0157313 secs] 225291K->90260K(494976K), 0.0157934 secs] [Times: user=0.01 sys=0.00, real=0.02 secs] 
2018-02-16T15:38:07.120+0000: 272.550: [GC (Allocation Failure) 2018-02-16T15:38:07.120+0000: 272.550: [DefNew: 146532K->8372K(153600K), 0.0175847 secs] 226836K->91147K(494976K), 0.0176533 secs] [Times: user=0.01 sys=0.01, real=0.02 secs] 
2018-02-16T15:38:19.374+0000: 284.804: [GC (Allocation Failure) 2018-02-16T15:38:19.374+0000: 284.804: [DefNew: 144948K->9950K(153600K), 0.0164042 secs] 227723K->92724K(494976K), 0.0164672 secs] [Times: user=0.02 sys=0.00, real=0.02 secs] 
2018-02-16T15:38:30.200+0000: 295.630: [GC (Allocation Failure) 2018-02-16T15:38:30.200+0000: 295.630: [DefNew: 146526K->8792K(153600K), 0.0305340 secs] 229300K->93957K(494976K), 0.0306107 secs] [Times: user=0.01 sys=0.02, real=0.03 secs] 
2018-02-16T15:38:42.801+0000: 308.231: [GC (Allocation Failure) 2018-02-16T15:38:42.801+0000: 308.231: [DefNew: 145368K->10415K(153600K), 0.0187488 secs] 230533K->96612K(494976K), 0.0188179 secs] [Times: user=0.01 sys=0.01, real=0.02 secs] 
2018-02-16T15:38:53.674+0000: 319.104: [GC (Allocation Failure) 2018-02-16T15:38:53.674+0000: 319.104: [DefNew: 146991K->8703K(153600K), 0.0316034 secs] 233188K->97770K(494976K), 0.0316800 secs] [Times: user=0.00 sys=0.03, real=0.03 secs] 
2018-02-16T15:39:04.833+0000: 330.263: [GC (Allocation Failure) 2018-02-16T15:39:04.833+0000: 330.263: [DefNew: 145279K->7557K(153600K), 0.0156463 secs] 234346K->98904K(494976K), 0.0157198 secs] [Times: user=0.01 sys=0.00, real=0.02 secs] 
2018-02-16T15:39:18.665+0000: 344.095: [GC (Allocation Failure) 2018-02-16T15:39:18.665+0000: 344.095: [DefNew: 144133K->9135K(153600K), 0.0149891 secs] 235480K->100482K(494976K), 0.0150539 secs] [Times: user=0.02 sys=0.00, real=0.02 secs] 
2018-02-16T15:39:32.012+0000: 357.442: [GC (Allocation Failure) 2018-02-16T15:39:32.012+0000: 357.442: [DefNew: 145711K->9329K(153600K), 0.0163958 secs] 237058K->101841K(494976K), 0.0164613 secs] [Times: user=0.02 sys=0.01, real=0.02 secs] 
2018-02-16T15:39:42.978+0000: 368.408: [GC (Allocation Failure) 2018-02-16T15:39:42.978+0000: 368.408: [DefNew: 145905K->10173K(153600K), 0.0169827 secs] 238417K->103709K(494976K), 0.0170512 secs] [Times: user=0.01 sys=0.00, real=0.02 secs] 
2018-02-16T15:39:56.035+0000: 381.465: [GC (Allocation Failure) 2018-02-16T15:39:56.035+0000: 381.465: [DefNew: 146749K->8128K(153600K), 0.0305855 secs] 240285K->104445K(494976K), 0.0306605 secs] [Times: user=0.01 sys=0.03, real=0.02 secs] 
2018-02-16T15:40:08.225+0000: 393.655: [GC (Allocation Failure) 2018-02-16T15:40:08.225+0000: 393.655: [DefNew: 144704K->10105K(153600K), 0.0163124 secs] 241021K->106423K(494976K), 0.0163808 secs] [Times: user=0.01 sys=0.00, real=0.02 secs] 
2018-02-16T15:40:21.766+0000: 407.196: [GC (Allocation Failure) 2018-02-16T15:40:21.766+0000: 407.196: [DefNew: 146681K->8818K(153600K), 0.0183716 secs] 242999K->107662K(494976K), 0.0184378 secs] [Times: user=0.01 sys=0.00, real=0.02 secs] 
2018-02-16T15:40:33.490+0000: 418.920: [GC (Allocation Failure) 2018-02-16T15:40:33.491+0000: 418.920: [DefNew: 145394K->8770K(153600K), 0.0187447 secs] 244238K->109155K(494976K), 0.0195042 secs] [Times: user=0.01 sys=0.01, real=0.02 secs] 
2018-02-16T15:40:47.439+0000: 432.869: [GC (Allocation Failure) 2018-02-16T15:40:47.439+0000: 432.869: [DefNew: 145346K->8953K(153600K), 0.0163778 secs] 245731K->110807K(494976K), 0.0164423 secs] [Times: user=0.01 sys=0.01, real=0.02 secs] 
2018-02-16T15:40:58.132+0000: 443.562: [GC (Allocation Failure) 2018-02-16T15:40:58.132+0000: 443.562: [DefNew: 145529K->9083K(153600K), 0.0166763 secs] 247383K->112391K(494976K), 0.0167516 secs] [Times: user=0.01 sys=0.00, real=0.02 secs] 
2018-02-16T15:41:11.781+0000: 457.211: [GC (Allocation Failure) 2018-02-16T15:41:11.781+0000: 457.211: [DefNew: 145659K->9016K(153600K), 0.0163325 secs] 248967K->113867K(494976K), 0.0164034 secs] [Times: user=0.02 sys=0.00, real=0.02 secs] 
2018-02-16T15:41:22.472+0000: 467.902: [GC (Allocation Failure) 2018-02-16T15:41:22.472+0000: 467.902: [DefNew: 145592K->8888K(153600K), 0.0157608 secs] 250443K->115284K(494976K), 0.0158288 secs] [Times: user=0.01 sys=0.00, real=0.02 secs] 
2018-02-16T15:41:37.355+0000: 482.785: [GC (Allocation Failure) 2018-02-16T15:41:37.355+0000: 482.785: [DefNew: 145464K->9738K(153600K), 0.0167030 secs] 251860K->117534K(494976K), 0.0167763 secs] [Times: user=0.01 sys=0.00, real=0.01 secs] 
2018-02-16T15:41:49.637+0000: 495.067: [GC (Allocation Failure) 2018-02-16T15:41:49.637+0000: 495.067: [DefNew: 146314K->9807K(153600K), 0.0169693 secs] 254110K->119050K(494976K), 0.0170361 secs] [Times: user=0.02 sys=0.00, real=0.01 secs] 
2018-02-16T15:42:00.839+0000: 506.269: [GC (Allocation Failure) 2018-02-16T15:42:00.839+0000: 506.269: [DefNew: 146383K->9958K(153600K), 0.0173564 secs] 255626K->120650K(494976K), 0.0174232 secs] [Times: user=0.01 sys=0.01, real=0.02 secs] 
2018-02-16T15:42:13.875+0000: 519.305: [GC (Allocation Failure) 2018-02-16T15:42:13.875+0000: 519.305: [DefNew: 146534K->9668K(153600K), 0.0172638 secs] 257226K->122056K(494976K), 0.0173306 secs] [Times: user=0.02 sys=0.00, real=0.01 secs] 
2018-02-16T15:42:24.966+0000: 530.396: [GC (Allocation Failure) 2018-02-16T15:42:24.966+0000: 530.396: [DefNew: 146244K->9917K(153600K), 0.0208609 secs] 258632K->123892K(494976K), 0.0209297 secs] [Times: user=0.02 sys=0.00, real=0.03 secs] 
15:42:28.391 [Client] INFO  c.s.f.r.e.s.SocketRear  - FlameSocketGraphDeployerRear@172.31.47.100: has been disconnected from Connection 10
15:50:25.993 [worker-akka.actor.default-dispatcher-2] INFO  a.a.CoordinatedShutdown CoordinatedShutdown(akka://worker) - Starting coordinated shutdown from JVM shutdown hook
15:50:26.028 [worker-akka.actor.default-dispatcher-2] INFO  a.a.LocalActorRef akka://worker/user/watcher/graph0000000000/edge/FlameSocketGraphDeployerFront - Stopped
15:50:26.032 [worker-akka.actor.default-dispatcher-2] INFO  a.a.LocalActorRef akka://worker/user/watcher/graph0000000000/edge/FlameSocketGraphDeployerRear - Stopped
15:50:26.036 [worker-akka.actor.default-dispatcher-2] INFO  a.a.LocalActorRef akka://worker/user/watcher/graph0000000000/edge - Stopped
15:50:26.037 [worker-akka.actor.default-dispatcher-2] INFO  a.a.LocalActorRef akka://worker/user/watcher/graph0000000000/negotiator - Stopped
15:50:26.042 [worker-akka.actor.default-dispatcher-2] INFO  a.a.LocalActorRef akka://worker/user/watcher/graph0000000000/graph/$a - Stopped
15:50:26.042 [worker-akka.actor.default-dispatcher-2] INFO  a.a.LocalActorRef akka://worker/user/watcher/graph0000000000/graph/$b - Stopped
15:50:26.042 [worker-akka.actor.default-dispatcher-2] INFO  a.a.LocalActorRef akka://worker/user/watcher/graph0000000000/graph/$c - Stopped
15:50:26.043 [worker-akka.actor.default-dispatcher-2] INFO  a.a.LocalActorRef akka://worker/user/watcher/graph0000000000/graph/local-acker/$a - Stopped
15:50:26.047 [worker-akka.actor.default-dispatcher-2] INFO  a.a.LocalActorRef akka://worker/user/watcher/graph0000000000/graph/local-acker/$a - Message [com.spbsu.flamestream.runtime.utils.akka.PingActor$InnerPing] from Actor[akka://worker/user/watcher/graph0000000000/graph/local-acker/$a#616205739] to Actor[akka://worker/user/watcher/graph0000000000/graph/local-acker/$a#616205739] was not delivered. [1] dead letters encountered. This logging can be turned off or adjusted with configuration settings 'akka.log-dead-letters' and 'akka.log-dead-letters-during-shutdown'.
15:50:26.048 [worker-akka.actor.default-dispatcher-2] INFO  a.a.LocalActorRef akka://worker/user/watcher/graph0000000000/graph/local-acker - Stopped
15:50:26.048 [worker-akka.actor.default-dispatcher-2] INFO  a.a.LocalActorRef akka://worker/user/watcher/graph0000000000/graph - Stopped
15:50:26.048 [worker-akka.actor.default-dispatcher-2] INFO  a.a.LocalActorRef akka://worker/user/watcher/graph0000000000 - Stopped
15:50:26.053 [worker-akka.actor.default-dispatcher-2-EventThread] INFO  o.a.z.ClientCnxn  - EventThread shut down for session: 0x1619f3ec2370006
15:50:26.054 [worker-akka.actor.default-dispatcher-2] INFO  o.a.z.ZooKeeper  - Session: 0x1619f3ec2370006 closed
15:50:26.054 [worker-akka.actor.default-dispatcher-2] INFO  a.a.LocalActorRef akka://worker/user/watcher/graph0000000000/graph/local-acker/$a - Message [com.spbsu.flamestream.runtime.utils.akka.PingActor$Stop] from Actor[akka://worker/user/watcher/graph0000000000/graph/local-acker#-1061003334] to Actor[akka://worker/user/watcher/graph0000000000/graph/local-acker/$a#616205739] was not delivered. [2] dead letters encountered. This logging can be turned off or adjusted with configuration settings 'akka.log-dead-letters' and 'akka.log-dead-letters-during-shutdown'.
15:50:26.054 [worker-akka.actor.default-dispatcher-2] INFO  a.a.LocalActorRef akka://worker/user/watcher/graph0000000000/graph/local-acker - Message [com.spbsu.flamestream.runtime.acker.LocalAcker$Flush] from Actor[akka://worker/user/watcher/graph0000000000/graph/local-acker#-1061003334] to Actor[akka://worker/user/watcher/graph0000000000/graph/local-acker#-1061003334] was not delivered. [3] dead letters encountered. This logging can be turned off or adjusted with configuration settings 'akka.log-dead-letters' and 'akka.log-dead-letters-during-shutdown'.
15:50:26.054 [worker-akka.actor.default-dispatcher-2] INFO  a.a.LocalActorRef akka://worker/user/watcher/graph0000000000/graph/local-acker - Message [com.spbsu.flamestream.runtime.acker.LocalAcker$Flush] from Actor[akka://worker/user/watcher/graph0000000000/graph/local-acker#-1061003334] to Actor[akka://worker/user/watcher/graph0000000000/graph/local-acker#-1061003334] was not delivered. [4] dead letters encountered. This logging can be turned off or adjusted with configuration settings 'akka.log-dead-letters' and 'akka.log-dead-letters-during-shutdown'.
15:50:26.055 [worker-akka.actor.default-dispatcher-2] INFO  a.a.LocalActorRef akka://worker/user/watcher/graph0000000000/graph/local-acker - Message [com.spbsu.flamestream.runtime.acker.LocalAcker$Flush] from Actor[akka://worker/user/watcher/graph0000000000/graph/local-acker#-1061003334] to Actor[akka://worker/user/watcher/graph0000000000/graph/local-acker#-1061003334] was not delivered. [5] dead letters encountered. This logging can be turned off or adjusted with configuration settings 'akka.log-dead-letters' and 'akka.log-dead-letters-during-shutdown'.
15:50:26.056 [worker-akka.actor.default-dispatcher-2] INFO  a.a.LocalActorRef akka://worker/user/watcher/graph0000000000/graph/local-acker - Message [com.spbsu.flamestream.runtime.acker.LocalAcker$Flush] from Actor[akka://worker/user/watcher/graph0000000000/graph/local-acker#-1061003334] to Actor[akka://worker/user/watcher/graph0000000000/graph/local-acker#-1061003334] was not delivered. [6] dead letters encountered. This logging can be turned off or adjusted with configuration settings 'akka.log-dead-letters' and 'akka.log-dead-letters-during-shutdown'.
15:50:26.056 [worker-akka.actor.default-dispatcher-2] INFO  a.a.LocalActorRef akka://worker/user/watcher/graph0000000000/graph/local-acker - Message [com.spbsu.flamestream.runtime.acker.LocalAcker$Flush] from Actor[akka://worker/user/watcher/graph0000000000/graph/local-acker#-1061003334] to Actor[akka://worker/user/watcher/graph0000000000/graph/local-acker#-1061003334] was not delivered. [7] dead letters encountered. This logging can be turned off or adjusted with configuration settings 'akka.log-dead-letters' and 'akka.log-dead-letters-during-shutdown'.
15:50:26.056 [worker-akka.actor.default-dispatcher-2] INFO  a.a.LocalActorRef akka://worker/user/watcher/graph0000000000/graph/local-acker - Message [com.spbsu.flamestream.runtime.acker.LocalAcker$Flush] from Actor[akka://worker/user/watcher/graph0000000000/graph/local-acker#-1061003334] to Actor[akka://worker/user/watcher/graph0000000000/graph/local-acker#-1061003334] was not delivered. [8] dead letters encountered. This logging can be turned off or adjusted with configuration settings 'akka.log-dead-letters' and 'akka.log-dead-letters-during-shutdown'.
15:50:26.058 [worker-akka.actor.default-dispatcher-2] INFO  a.a.LocalActorRef akka://worker/user/watcher/graph0000000000/graph/local-acker - Message [com.spbsu.flamestream.runtime.acker.LocalAcker$Flush] from Actor[akka://worker/user/watcher/graph0000000000/graph/local-acker#-1061003334] to Actor[akka://worker/user/watcher/graph0000000000/graph/local-acker#-1061003334] was not delivered. [9] dead letters encountered. This logging can be turned off or adjusted with configuration settings 'akka.log-dead-letters' and 'akka.log-dead-letters-during-shutdown'.
15:50:26.059 [worker-akka.actor.default-dispatcher-2] INFO  a.a.RepointableActorRef akka://worker/user/watcher - Stopped
15:50:26.073 [worker-akka.actor.default-dispatcher-2] INFO  a.r.RemoteActorRefProvider$RemotingTerminator akka://worker@172.31.47.100:5412/system/remoting-terminator - Shutting down remote daemon.
15:50:26.076 [worker-akka.actor.default-dispatcher-2] INFO  a.r.RemoteActorRefProvider$RemotingTerminator akka://worker@172.31.47.100:5412/system/remoting-terminator - Remote daemon shut down; proceeding with flushing remote transports.
15:50:27.212 [worker-akka.actor.default-dispatcher-2] INFO  a.r.RemoteActorRefProvider$RemotingTerminator akka://worker@172.31.47.100:5412/system/remoting-terminator - Remoting shut down.
Attempts of event 'shuffle-send' - 0
Attempts of event 'front-receive-send' - 0
Attempts of event 'inject-out' - 546645
Attempts of event 'sink-receive' - 556251
Attempts of event 'flatmap-receive' - 1130
Attempts of event 'fm-send' - 561160
Attempts of event 'rear-in' - 545515
Attempts of event 'flatmap-send' - 561160
Attempts of event 'inject-in' - 546645
Attempts of event 'wrong-ordering-filter-receive' - 556251
Attempts of event 'accept-in' - 0
Attempts of event 'grouping-receive' - 1101766
Heap
 def new generation   total 153600K, used 141536K [0x00000000e0c00000, 0x00000000eb2a0000, 0x00000000eb2a0000)
  eden space 136576K,  96% used [0x00000000e0c00000, 0x00000000e8c88930, 0x00000000e9160000)
  from space 17024K,  58% used [0x00000000ea200000, 0x00000000eabaf7e8, 0x00000000eb2a0000)
  to   space 17024K,   0% used [0x00000000e9160000, 0x00000000e9160000, 0x00000000ea200000)
 tenured generation   total 341376K, used 113974K [0x00000000eb2a0000, 0x0000000100000000, 0x0000000100000000)
   the space 341376K,  33% used [0x00000000eb2a0000, 0x00000000f21ed8f0, 0x00000000f21eda00, 0x0000000100000000)
 Metaspace       used 33502K, capacity 34304K, committed 34688K, reserved 1079296K
  class space    used 4455K, capacity 4627K, committed 4736K, reserved 1048576K
