15:33:37.118 [worker-akka.actor.default-dispatcher-2] INFO  a.e.s.Slf4jLogger  - Slf4jLogger started
2018-02-16T15:33:37.259+0000: 1.777: [Full GC (Metadata GC Threshold) 2018-02-16T15:33:37.259+0000: 1.777: [Tenured: 0K->15491K(341376K), 0.0337846 secs] 117531K->15491K(494976K), [Metaspace: 20935K->20935K(1067008K)], 0.0338503 secs] [Times: user=0.03 sys=0.00, real=0.04 secs] 
Ama winner
Ama winner
15:33:37.615 [worker-akka.actor.default-dispatcher-2] INFO  a.r.a.ArteryTransport(akka://worker) akka.remote.artery.ArteryTransport(akka://worker) - Started embedded media driver in directory [/dev/shm/aeron-root-worker-cbbbe8d4-e947-4f10-bc04-1cbdc4954b46]
15:33:37.816 [worker-akka.actor.default-dispatcher-2] INFO  a.r.a.ArteryTransport(akka://worker) akka.remote.artery.ArteryTransport(akka://worker) - Remoting started; listening on address: [akka://worker@172.31.37.101:5412] with UID [-8675699890622766773]
15:33:37.906 [worker-akka.actor.default-dispatcher-2] INFO  o.a.z.ZooKeeper  - Client environment:zookeeper.version=3.4.9-1757313, built on 08/23/2016 06:50 GMT
15:33:37.907 [worker-akka.actor.default-dispatcher-2] INFO  o.a.z.ZooKeeper  - Client environment:host.name=ip-172-31-37-101.us-east-2.compute.internal
15:33:37.907 [worker-akka.actor.default-dispatcher-2] INFO  o.a.z.ZooKeeper  - Client environment:java.version=1.8.0_151
15:33:37.907 [worker-akka.actor.default-dispatcher-2] INFO  o.a.z.ZooKeeper  - Client environment:java.vendor=Oracle Corporation
15:33:37.907 [worker-akka.actor.default-dispatcher-2] INFO  o.a.z.ZooKeeper  - Client environment:java.home=/usr/lib/jvm/java-8-openjdk-amd64/jre
15:33:37.907 [worker-akka.actor.default-dispatcher-2] INFO  o.a.z.ZooKeeper  - Client environment:java.class.path=lib/commons-cli-1.4.jar:lib/minlog-1.3.0.jar:lib/asm-5.0.4.jar:lib/hadoop-annotations-2.7.3.jar:lib/hadoop-auth-2.7.3.jar:lib/akka-slf4j_2.11-2.5.6.jar:lib/jersey-core-1.9.jar:lib/lz4-1.3.0.jar:lib/jackson-core-asl-1.9.13.jar:lib/aeron-client-1.3.0.jar:lib/htrace-core-3.1.0-incubating.jar:lib/xz-1.0.jar:lib/commons-httpclient-3.1.jar:lib/asm-3.1.jar:lib/commons-lang3-3.4.jar:lib/scala-library-2.11.11.jar:lib/scala-java8-compat_2.11-0.7.0.jar:lib/commons-configuration-1.6.jar:lib/objenesis-2.1.jar:lib/jackson-annotations-2.8.0.jar:lib/jsr305-3.0.0.jar:lib/curator-framework-2.7.1.jar:lib/jersey-server-1.9.jar:lib/jets3t-0.9.0.jar:lib/leveldb-0.7.jar:lib/jetty-6.1.26.jar:lib/stax-api-1.0-2.jar:lib/flamestream-core-1.0-SNAPSHOT.jar:lib/reflectasm-1.07-shaded.jar:lib/apacheds-kerberos-codec-2.0.0-M15.jar:lib/api-asn1-api-1.0.0-M20.jar:lib/commons-lang-2.6.jar:lib/commons-beanutils-1.7.0.jar:lib/jackson-xc-1.8.3.jar:lib/jetty-util-6.1.26.jar:lib/logback-classic-1.2.3.jar:lib/jool-0.9.12.jar:lib/flamestream-runtime-1.0-SNAPSHOT-tests.jar:lib/httpcore-4.1.2.jar:lib/kryo-4.0.0.jar:lib/ant-1.8.1.jar:lib/jaxb-impl-2.2.3-1.jar:lib/jersey-json-1.9.jar:lib/commons-compress-1.4.1.jar:lib/leveldbjni-all-1.8.jar:lib/paranamer-2.3.jar:lib/jackson-core-2.8.4.jar:lib/commons-math3-3.6.1.jar:lib/scala-parser-combinators_2.11-1.0.4.jar:lib/netty-3.10.6.Final.jar:lib/trove4j-3.0.3.jar:lib/jaxb-api-2.2.2.jar:lib/logback-core-1.2.3.jar:lib/snappy-java-1.0.4.1.jar:lib/protobuf-java-2.5.0.jar:lib/reactive-streams-1.0.1.jar:lib/flamestream-examples-1.0-SNAPSHOT.jar:lib/commons-codec-1.4.jar:lib/activation-1.1.jar:lib/commons-net-3.1.jar:lib/curator-recipes-2.7.1.jar:lib/jackson-mapper-asl-1.9.13.jar:lib/jackson-databind-2.8.4.jar:lib/flamestream-runtime-1.0-SNAPSHOT.jar:lib/jackson-jaxrs-1.8.3.jar:lib/slf4j-api-1.7.24.jar:lib/akka-remote_2.11-2.5.6.jar:lib/akka-testkit_2.11-2.5.6.jar:lib/jline-0.9.94.jar:lib/akka-stream_2.11-2.5.6.jar:lib/jsp-api-2.1.jar:lib/kryonet-2.21.jar:lib/akka-kryo-serialization_2.11-0.5.0.jar:lib/config-1.3.1.jar:lib/ant-launcher-1.8.1.jar:lib/commons-logging-1.2.jar:lib/ssl-config-core_2.11-0.2.2.jar:lib/testng-6.10.jar:lib/leveldb-api-0.7.jar:lib/reflectasm-1.11.3.jar:lib/jcommander-1.48.jar:lib/commons-1.1.jar:lib/commons-digester-1.8.jar:lib/minlog-1.2.jar:lib/java-xmlbuilder-0.4.jar:lib/jettison-1.1.jar:lib/gson-2.2.4.jar:lib/jdk.tools-1.8.jar:lib/aeron-driver-1.3.0.jar:lib/zookeeper-3.4.9.jar:lib/commons-beanutils-core-1.8.0.jar:lib/commons-math3-3.1.1.jar:lib/akka-actor_2.11-2.5.6.jar:lib/curator-client-2.7.1.jar:lib/servlet-api-2.5.jar:lib/apacheds-i18n-2.0.0-M15.jar:lib/commons-io-2.4.jar:lib/commons-codec-1.6.jar:lib/akka-protobuf_2.11-2.5.6.jar:lib/protobuf-java-3.5.1.jar:lib/jdom-2.0.2.jar:lib/api-util-1.0.0-M20.jar:lib/hadoop-common-2.7.3.jar:lib/agrona-0.9.6.jar:lib/xmlenc-0.52.jar:lib/guava-21.0.jar:lib/commons-collections-3.2.2.jar:lib/avro-1.7.4.jar:lib/httpclient-4.1.2.jar:lib/flamestream-core-1.0-SNAPSHOT-tests.jar:lib/annotations-12.0.jar:lib/jsch-0.1.42.jar:flamestream-runtime-1.0-SNAPSHOT.jar
15:33:37.907 [worker-akka.actor.default-dispatcher-2] INFO  o.a.z.ZooKeeper  - Client environment:java.library.path=/usr/java/packages/lib/amd64:/usr/lib/x86_64-linux-gnu/jni:/lib/x86_64-linux-gnu:/usr/lib/x86_64-linux-gnu:/usr/lib/jni:/lib:/usr/lib
15:33:37.907 [worker-akka.actor.default-dispatcher-2] INFO  o.a.z.ZooKeeper  - Client environment:java.io.tmpdir=/tmp
15:33:37.907 [worker-akka.actor.default-dispatcher-2] INFO  o.a.z.ZooKeeper  - Client environment:java.compiler=<NA>
15:33:37.907 [worker-akka.actor.default-dispatcher-2] INFO  o.a.z.ZooKeeper  - Client environment:os.name=Linux
15:33:37.907 [worker-akka.actor.default-dispatcher-2] INFO  o.a.z.ZooKeeper  - Client environment:os.arch=amd64
15:33:37.907 [worker-akka.actor.default-dispatcher-2] INFO  o.a.z.ZooKeeper  - Client environment:os.version=4.4.0-1049-aws
15:33:37.908 [worker-akka.actor.default-dispatcher-2] INFO  o.a.z.ZooKeeper  - Client environment:user.name=root
15:33:37.909 [worker-akka.actor.default-dispatcher-2] INFO  o.a.z.ZooKeeper  - Client environment:user.home=/root
15:33:37.910 [worker-akka.actor.default-dispatcher-2] INFO  o.a.z.ZooKeeper  - Client environment:user.dir=/opt/flamestream
15:33:37.912 [worker-akka.actor.default-dispatcher-2] INFO  o.a.z.ZooKeeper  - Initiating client connection, connectString=172.31.34.147:2181 sessionTimeout=5000 watcher=com.spbsu.flamestream.runtime.application.LifecycleWatcher$$Lambda$29/764839090@3d5d5f13
15:33:37.943 [worker-akka.actor.default-dispatcher-2] INFO  a.a.RepointableActorRef akka://worker/user/watcher - Starting...
15:33:37.946 [worker-akka.actor.default-dispatcher-2-SendThread(172.31.34.147:2181)] INFO  o.a.z.ClientCnxn  - Opening socket connection to server 172.31.34.147/172.31.34.147:2181. Will not attempt to authenticate using SASL (unknown error)
15:33:37.950 [worker-akka.actor.default-dispatcher-2-SendThread(172.31.34.147:2181)] INFO  o.a.z.ClientCnxn  - Socket connection established to 172.31.34.147/172.31.34.147:2181, initiating session
15:33:37.958 [worker-akka.actor.default-dispatcher-2-SendThread(172.31.34.147:2181)] INFO  o.a.z.ClientCnxn  - Session establishment complete on server 172.31.34.147/172.31.34.147:2181, sessionid = 0x1619f3ec2370009, negotiated timeout = 6000
15:33:38.040 [worker-akka.actor.default-dispatcher-2] INFO  a.a.RepointableActorRef akka://worker/user/watcher - Connected to ZK
15:33:49.239 [worker-akka.actor.default-dispatcher-2] INFO  a.a.RepointableActorRef akka://worker/user/watcher - Creating node with watchGraphs: 'com.spbsu.flamestream.core.Graph$Builder$MyGraph@4084ed8a', config: 'ClusterConfig{paths={172.31.33.155=akka://worker@172.31.33.155:5412/user/watcher/graph0000000000, 172.31.47.83=akka://worker@172.31.47.83:5412/user/watcher/graph0000000000, 172.31.45.197=akka://worker@172.31.45.197:5412/user/watcher/graph0000000000, 172.31.42.36=akka://worker@172.31.42.36:5412/user/watcher/graph0000000000, 172.31.44.83=akka://worker@172.31.44.83:5412/user/watcher/graph0000000000, 172.31.39.64=akka://worker@172.31.39.64:5412/user/watcher/graph0000000000, 172.31.35.79=akka://worker@172.31.35.79:5412/user/watcher/graph0000000000, 172.31.34.169=akka://worker@172.31.34.169:5412/user/watcher/graph0000000000, 172.31.47.100=akka://worker@172.31.47.100:5412/user/watcher/graph0000000000, 172.31.37.101=akka://worker@172.31.37.101:5412/user/watcher/graph0000000000}, ackerLocation='172.31.35.79', props=ComputationLayout{ranges={172.31.33.155=HashRange{from=-1670265060, to=-1193046472}, 172.31.47.83=HashRange{from=1670265056, to=2147483644}, 172.31.45.197=HashRange{from=-715827884, to=-238609296}, 172.31.42.36=HashRange{from=1193046468, to=1670265056}, 172.31.44.83=HashRange{from=-238609296, to=238609292}, 172.31.39.64=HashRange{from=715827880, to=1193046468}, 172.31.35.79=HashRange{from=0, to=0}, 172.31.34.169=HashRange{from=-2147483648, to=-1670265060}, 172.31.47.100=HashRange{from=238609292, to=715827880}, 172.31.37.101=HashRange{from=-1193046472, to=-715827884}}}}'
15:33:49.893 [worker-akka.actor.default-dispatcher-2] INFO  a.a.LocalActorRef akka://worker/user/watcher/graph0000000000/graph - Starting...
15:33:49.893 [worker-akka.actor.default-dispatcher-2] INFO  a.a.LocalActorRef akka://worker/user/watcher/graph0000000000/graph/local-acker/$a - Starting...
15:33:49.893 [worker-akka.actor.default-dispatcher-2] INFO  a.a.LocalActorRef akka://worker/user/watcher/graph0000000000/graph/local-acker - Starting...
Warning: space is running low in /dev/shm (tmpfs) threshold=167,772,160 usable=158,621,696
Warning: space is running low in /dev/shm (tmpfs) threshold=167,772,160 usable=146,034,688
Warning: space is running low in /dev/shm (tmpfs) threshold=167,772,160 usable=133,447,680
Warning: space is running low in /dev/shm (tmpfs) threshold=167,772,160 usable=120,860,672
Warning: space is running low in /dev/shm (tmpfs) threshold=167,772,160 usable=108,273,664
Warning: space is running low in /dev/shm (tmpfs) threshold=167,772,160 usable=95,686,656
Warning: space is running low in /dev/shm (tmpfs) threshold=167,772,160 usable=83,099,648
Warning: space is running low in /dev/shm (tmpfs) threshold=167,772,160 usable=70,512,640
15:33:51.857 [worker-akka.actor.default-dispatcher-2] INFO  a.a.LocalActorRef akka://worker/user/watcher/graph0000000000/graph - Finishing constructor
15:33:51.858 [worker-akka.actor.default-dispatcher-2] INFO  a.a.LocalActorRef akka://worker/user/watcher/graph0000000000 - Starting...
15:33:51.859 [worker-akka.actor.default-dispatcher-2] INFO  a.a.LocalActorRef akka://worker/user/watcher/graph0000000000/negotiator - Starting...
15:33:51.923 [worker-akka.actor.default-dispatcher-2] INFO  a.a.LocalActorRef akka://worker/user/watcher/graph0000000000/edge - Starting...
15:33:51.925 [worker-akka.actor.default-dispatcher-2] INFO  a.a.LocalActorRef akka://worker/user/watcher/graph0000000000/graph/$a - Starting...
15:33:51.927 [worker-akka.actor.default-dispatcher-2] INFO  a.a.LocalActorRef akka://worker/user/watcher/graph0000000000/graph/$b - Starting...
15:33:51.927 [worker-akka.actor.default-dispatcher-2] INFO  a.a.LocalActorRef akka://worker/user/watcher/graph0000000000/graph/$c - Starting...
15:33:51.952 [worker-akka.actor.default-dispatcher-2] INFO  c.s.f.r.e.s.SocketRear  - FlameSocketGraphDeployerRear@172.31.37.101: connecting to 172.31.34.147:5678
15:33:51.957 [worker-akka.actor.default-dispatcher-2] INFO  c.s.f.r.e.s.SocketRear  - FlameSocketGraphDeployerRear@172.31.37.101: connected to 172.31.34.147:5678
2018-02-16T15:33:51.965+0000: 16.483: [GC (Allocation Failure) 2018-02-16T15:33:51.965+0000: 16.483: [DefNew: 122466K->17024K(153600K), 0.0275837 secs] 137957K->43240K(494976K), 0.0276343 secs] [Times: user=0.02 sys=0.00, real=0.03 secs] 
15:33:52.012 [worker-akka.actor.default-dispatcher-2] INFO  a.a.LocalActorRef akka://worker/user/watcher/graph0000000000/edge/FlameSocketGraphDeployerRear - Starting...
15:33:52.012 [worker-akka.actor.default-dispatcher-2] INFO  a.a.LocalActorRef akka://worker/user/watcher/graph0000000000/edge/FlameSocketGraphDeployerFront - Starting...
15:33:52.014 [worker-akka.actor.default-dispatcher-2] INFO  a.a.LocalActorRef akka://worker/user/watcher/graph0000000000/negotiator - Requesting ticket for the frontClass FlameSocketGraphDeployerFront@172.31.37.101
15:33:52.024 [worker-akka.actor.default-dispatcher-2] INFO  a.a.LocalActorRef akka://worker/user/watcher/graph0000000000/negotiator - Ticket for the frontClass received: FrontTicket{allowedTimestamp=(1518795229240, FlameSocketGraphDeployerFront@172.31.37.101)}
15:33:52.024 [worker-akka.actor.default-dispatcher-2] INFO  c.s.f.r.e.s.SocketFront  - FlameSocketGraphDeployerFront@172.31.37.101: connecting to 172.31.34.147:4567
15:33:52.048 [Client] INFO  c.s.f.r.e.s.SocketFront  - FlameSocketGraphDeployerFront@172.31.37.101 has been disconnected from Connection 9
2018-02-16T15:34:02.021+0000: 26.539: [GC (Allocation Failure) 2018-02-16T15:34:02.021+0000: 26.539: [DefNew: 153600K->3723K(153600K), 0.0798797 secs] 179816K->66457K(494976K), 0.0799449 secs] [Times: user=0.01 sys=0.07, real=0.08 secs] 
2018-02-16T15:34:15.356+0000: 39.875: [GC (Allocation Failure) 2018-02-16T15:34:15.356+0000: 39.875: [DefNew: 140299K->5593K(153600K), 0.0127018 secs] 203033K->68328K(494976K), 0.0127596 secs] [Times: user=0.02 sys=0.00, real=0.02 secs] 
2018-02-16T15:34:27.895+0000: 52.413: [GC (Allocation Failure) 2018-02-16T15:34:27.895+0000: 52.413: [DefNew: 142169K->7142K(153600K), 0.0153627 secs] 204904K->69876K(494976K), 0.0154199 secs] [Times: user=0.01 sys=0.00, real=0.02 secs] 
2018-02-16T15:34:38.429+0000: 62.947: [GC (Allocation Failure) 2018-02-16T15:34:38.429+0000: 62.947: [DefNew: 143718K->9002K(153600K), 0.0147977 secs] 206452K->71736K(494976K), 0.0148600 secs] [Times: user=0.01 sys=0.00, real=0.01 secs] 
2018-02-16T15:34:49.447+0000: 73.965: [GC (Allocation Failure) 2018-02-16T15:34:49.447+0000: 73.965: [DefNew: 145578K->8594K(153600K), 0.0167814 secs] 208312K->72877K(494976K), 0.0168540 secs] [Times: user=0.01 sys=0.00, real=0.02 secs] 
2018-02-16T15:35:01.606+0000: 86.125: [GC (Allocation Failure) 2018-02-16T15:35:01.607+0000: 86.125: [DefNew: 145170K->8378K(153600K), 0.0162667 secs] 209453K->73962K(494976K), 0.0163282 secs] [Times: user=0.02 sys=0.00, real=0.02 secs] 
2018-02-16T15:35:16.633+0000: 101.152: [GC (Allocation Failure) 2018-02-16T15:35:16.633+0000: 101.152: [DefNew: 144954K->9679K(153600K), 0.0160489 secs] 210538K->75263K(494976K), 0.0161126 secs] [Times: user=0.01 sys=0.01, real=0.02 secs] 
2018-02-16T15:35:32.454+0000: 116.973: [GC (Allocation Failure) 2018-02-16T15:35:32.454+0000: 116.973: [DefNew: 146255K->10280K(153600K), 0.0197464 secs] 211839K->76859K(494976K), 0.0198090 secs] [Times: user=0.02 sys=0.00, real=0.02 secs] 
2018-02-16T15:35:44.046+0000: 128.565: [GC (Allocation Failure) 2018-02-16T15:35:44.046+0000: 128.565: [DefNew: 146856K->9263K(153600K), 0.0192882 secs] 213435K->78253K(494976K), 0.0193528 secs] [Times: user=0.02 sys=0.00, real=0.02 secs] 
2018-02-16T15:35:57.953+0000: 142.471: [GC (Allocation Failure) 2018-02-16T15:35:57.953+0000: 142.471: [DefNew: 145839K->8918K(153600K), 0.0162962 secs] 214829K->79136K(494976K), 0.0163571 secs] [Times: user=0.01 sys=0.01, real=0.02 secs] 
2018-02-16T15:36:12.918+0000: 157.436: [GC (Allocation Failure) 2018-02-16T15:36:12.918+0000: 157.436: [DefNew: 145494K->8872K(153600K), 0.0167401 secs] 215712K->80288K(494976K), 0.0168019 secs] [Times: user=0.02 sys=0.00, real=0.02 secs] 
2018-02-16T15:36:27.259+0000: 171.777: [GC (Allocation Failure) 2018-02-16T15:36:27.259+0000: 171.777: [DefNew: 145448K->8526K(153600K), 0.0160725 secs] 216864K->81568K(494976K), 0.0161431 secs] [Times: user=0.02 sys=0.00, real=0.02 secs] 
2018-02-16T15:36:39.555+0000: 184.073: [GC (Allocation Failure) 2018-02-16T15:36:39.555+0000: 184.073: [DefNew: 145102K->8586K(153600K), 0.0158494 secs] 218144K->82869K(494976K), 0.0159055 secs] [Times: user=0.01 sys=0.00, real=0.02 secs] 
2018-02-16T15:36:54.510+0000: 199.028: [GC (Allocation Failure) 2018-02-16T15:36:54.510+0000: 199.028: [DefNew: 145162K->8966K(153600K), 0.0170153 secs] 219445K->84189K(494976K), 0.0170744 secs] [Times: user=0.02 sys=0.00, real=0.01 secs] 
2018-02-16T15:37:07.910+0000: 212.428: [GC (Allocation Failure) 2018-02-16T15:37:07.910+0000: 212.428: [DefNew: 145542K->9090K(153600K), 0.0152668 secs] 220765K->85366K(494976K), 0.0153247 secs] [Times: user=0.02 sys=0.00, real=0.01 secs] 
2018-02-16T15:37:20.306+0000: 224.824: [GC (Allocation Failure) 2018-02-16T15:37:20.306+0000: 224.824: [DefNew: 145666K->9189K(153600K), 0.0171065 secs] 221942K->86605K(494976K), 0.0171973 secs] [Times: user=0.02 sys=0.00, real=0.02 secs] 
2018-02-16T15:37:34.646+0000: 239.164: [GC (Allocation Failure) 2018-02-16T15:37:34.646+0000: 239.164: [DefNew: 145765K->9412K(153600K), 0.0170542 secs] 223181K->87852K(494976K), 0.0171219 secs] [Times: user=0.01 sys=0.00, real=0.02 secs] 
2018-02-16T15:37:52.866+0000: 257.384: [GC (Allocation Failure) 2018-02-16T15:37:52.866+0000: 257.384: [DefNew: 145988K->9600K(153600K), 0.0175479 secs] 224428K->89186K(494976K), 0.0176099 secs] [Times: user=0.01 sys=0.00, real=0.02 secs] 
2018-02-16T15:38:05.506+0000: 270.024: [GC (Allocation Failure) 2018-02-16T15:38:05.506+0000: 270.025: [DefNew: 146176K->9594K(153600K), 0.0157073 secs] 225762K->90268K(494976K), 0.0157696 secs] [Times: user=0.01 sys=0.00, real=0.02 secs] 
2018-02-16T15:38:18.053+0000: 282.572: [GC (Allocation Failure) 2018-02-16T15:38:18.053+0000: 282.572: [DefNew: 146170K->8667K(153600K), 0.0296869 secs] 226844K->91628K(494976K), 0.0297593 secs] [Times: user=0.01 sys=0.03, real=0.03 secs] 
2018-02-16T15:38:29.202+0000: 293.720: [GC (Allocation Failure) 2018-02-16T15:38:29.202+0000: 293.720: [DefNew: 145243K->8727K(153600K), 0.0164692 secs] 228204K->92967K(494976K), 0.0165275 secs] [Times: user=0.02 sys=0.00, real=0.01 secs] 
2018-02-16T15:38:42.598+0000: 307.116: [GC (Allocation Failure) 2018-02-16T15:38:42.598+0000: 307.116: [DefNew: 145303K->9043K(153600K), 0.0162483 secs] 229543K->94392K(494976K), 0.0163225 secs] [Times: user=0.02 sys=0.00, real=0.02 secs] 
2018-02-16T15:38:53.474+0000: 317.992: [GC (Allocation Failure) 2018-02-16T15:38:53.474+0000: 317.992: [DefNew: 145619K->10316K(153600K), 0.0178297 secs] 230968K->96982K(494976K), 0.0178916 secs] [Times: user=0.02 sys=0.00, real=0.02 secs] 
2018-02-16T15:39:05.587+0000: 330.105: [GC (Allocation Failure) 2018-02-16T15:39:05.587+0000: 330.105: [DefNew: 146892K->8992K(153600K), 0.0179311 secs] 233558K->98306K(494976K), 0.0180045 secs] [Times: user=0.01 sys=0.00, real=0.02 secs] 
2018-02-16T15:39:19.550+0000: 344.068: [GC (Allocation Failure) 2018-02-16T15:39:19.550+0000: 344.068: [DefNew: 145568K->7697K(153600K), 0.0161659 secs] 234882K->99241K(494976K), 0.0162371 secs] [Times: user=0.02 sys=0.00, real=0.01 secs] 
2018-02-16T15:39:33.475+0000: 357.993: [GC (Allocation Failure) 2018-02-16T15:39:33.475+0000: 357.993: [DefNew: 144273K->9351K(153600K), 0.0140629 secs] 235817K->100895K(494976K), 0.0141322 secs] [Times: user=0.01 sys=0.00, real=0.02 secs] 
2018-02-16T15:39:43.961+0000: 368.479: [GC (Allocation Failure) 2018-02-16T15:39:43.961+0000: 368.480: [DefNew: 145927K->9594K(153600K), 0.0155133 secs] 237471K->102265K(494976K), 0.0156218 secs] [Times: user=0.01 sys=0.00, real=0.01 secs] 
2018-02-16T15:39:57.796+0000: 382.314: [GC (Allocation Failure) 2018-02-16T15:39:57.796+0000: 382.314: [DefNew: 146170K->9930K(153600K), 0.0171780 secs] 238841K->103898K(494976K), 0.0172394 secs] [Times: user=0.02 sys=0.00, real=0.02 secs] 
2018-02-16T15:40:10.540+0000: 395.059: [GC (Allocation Failure) 2018-02-16T15:40:10.540+0000: 395.059: [DefNew: 146506K->10944K(153600K), 0.0190497 secs] 240474K->106133K(494976K), 0.0191153 secs] [Times: user=0.01 sys=0.01, real=0.01 secs] 
2018-02-16T15:40:25.236+0000: 409.754: [GC (Allocation Failure) 2018-02-16T15:40:25.236+0000: 409.754: [DefNew: 147520K->8821K(153600K), 0.0177474 secs] 242709K->106585K(494976K), 0.0178079 secs] [Times: user=0.02 sys=0.00, real=0.02 secs] 
2018-02-16T15:40:36.610+0000: 421.128: [GC (Allocation Failure) 2018-02-16T15:40:36.610+0000: 421.128: [DefNew: 145397K->9529K(153600K), 0.0164640 secs] 243161K->108847K(494976K), 0.0165243 secs] [Times: user=0.02 sys=0.00, real=0.01 secs] 
2018-02-16T15:40:48.800+0000: 433.319: [GC (Allocation Failure) 2018-02-16T15:40:48.800+0000: 433.319: [DefNew: 146105K->9328K(153600K), 0.0169536 secs] 245423K->110116K(494976K), 0.0170265 secs] [Times: user=0.02 sys=0.00, real=0.01 secs] 
2018-02-16T15:40:59.419+0000: 443.938: [GC (Allocation Failure) 2018-02-16T15:40:59.419+0000: 443.938: [DefNew: 145904K->8856K(153600K), 0.0154321 secs] 246692K->111044K(494976K), 0.0155132 secs] [Times: user=0.02 sys=0.00, real=0.02 secs] 
2018-02-16T15:41:14.587+0000: 459.105: [GC (Allocation Failure) 2018-02-16T15:41:14.587+0000: 459.105: [DefNew: 145432K->9322K(153600K), 0.0165537 secs] 247620K->112967K(494976K), 0.0166141 secs] [Times: user=0.01 sys=0.00, real=0.02 secs] 
2018-02-16T15:41:26.323+0000: 470.842: [GC (Allocation Failure) 2018-02-16T15:41:26.323+0000: 470.842: [DefNew: 145898K->9232K(153600K), 0.0155848 secs] 249543K->114234K(494976K), 0.0156461 secs] [Times: user=0.01 sys=0.00, real=0.01 secs] 
2018-02-16T15:41:39.742+0000: 484.260: [GC (Allocation Failure) 2018-02-16T15:41:39.742+0000: 484.260: [DefNew: 145808K->9040K(153600K), 0.0155187 secs] 250810K->115631K(494976K), 0.0155840 secs] [Times: user=0.01 sys=0.00, real=0.01 secs] 
2018-02-16T15:41:53.049+0000: 497.568: [GC (Allocation Failure) 2018-02-16T15:41:53.049+0000: 497.568: [DefNew: 145616K->9840K(153600K), 0.0166295 secs] 252207K->117912K(494976K), 0.0166915 secs] [Times: user=0.02 sys=0.00, real=0.01 secs] 
2018-02-16T15:42:03.961+0000: 508.480: [GC (Allocation Failure) 2018-02-16T15:42:03.961+0000: 508.480: [DefNew: 146416K->10521K(153600K), 0.0167975 secs] 254488K->119902K(494976K), 0.0168614 secs] [Times: user=0.02 sys=0.00, real=0.01 secs] 
2018-02-16T15:42:16.671+0000: 521.190: [GC (Allocation Failure) 2018-02-16T15:42:16.671+0000: 521.190: [DefNew: 147097K->9893K(153600K), 0.0266095 secs] 256478K->120874K(494976K), 0.0266813 secs] [Times: user=0.00 sys=0.03, real=0.02 secs] 
2018-02-16T15:42:28.063+0000: 532.581: [GC (Allocation Failure) 2018-02-16T15:42:28.063+0000: 532.581: [DefNew: 146469K->9686K(153600K), 0.0279852 secs] 257450K->122218K(494976K), 0.0280482 secs] [Times: user=0.00 sys=0.02, real=0.03 secs] 
15:42:28.395 [Client] INFO  c.s.f.r.e.s.SocketRear  - FlameSocketGraphDeployerRear@172.31.37.101: has been disconnected from Connection 9
15:50:29.982 [worker-akka.actor.default-dispatcher-2] INFO  a.a.CoordinatedShutdown CoordinatedShutdown(akka://worker) - Starting coordinated shutdown from JVM shutdown hook
15:50:30.019 [worker-akka.actor.default-dispatcher-2] INFO  a.a.LocalActorRef akka://worker/user/watcher/graph0000000000/negotiator - Stopped
15:50:30.020 [worker-akka.actor.default-dispatcher-2] INFO  a.a.LocalActorRef akka://worker/user/watcher/graph0000000000/edge/FlameSocketGraphDeployerFront - Stopped
15:50:30.024 [worker-akka.actor.default-dispatcher-2] INFO  a.a.LocalActorRef akka://worker/user/watcher/graph0000000000/edge/FlameSocketGraphDeployerRear - Stopped
15:50:30.025 [worker-akka.actor.default-dispatcher-2] INFO  a.a.LocalActorRef akka://worker/user/watcher/graph0000000000/graph/$a - Stopped
15:50:30.025 [worker-akka.actor.default-dispatcher-2] INFO  a.a.LocalActorRef akka://worker/user/watcher/graph0000000000/graph/$b - Stopped
15:50:30.027 [worker-akka.actor.default-dispatcher-2] INFO  a.a.LocalActorRef akka://worker/user/watcher/graph0000000000/graph/$c - Stopped
15:50:30.027 [worker-akka.actor.default-dispatcher-2] INFO  a.a.LocalActorRef akka://worker/user/watcher/graph0000000000/graph/local-acker/$a - Stopped
15:50:30.030 [worker-akka.actor.default-dispatcher-2] INFO  a.a.LocalActorRef akka://worker/user/watcher/graph0000000000/edge - Stopped
15:50:30.031 [worker-akka.actor.default-dispatcher-2] INFO  a.a.LocalActorRef akka://worker/user/watcher/graph0000000000/graph/local-acker/$a - Message [com.spbsu.flamestream.runtime.utils.akka.PingActor$InnerPing] from Actor[akka://worker/user/watcher/graph0000000000/graph/local-acker/$a#755531292] to Actor[akka://worker/user/watcher/graph0000000000/graph/local-acker/$a#755531292] was not delivered. [1] dead letters encountered. This logging can be turned off or adjusted with configuration settings 'akka.log-dead-letters' and 'akka.log-dead-letters-during-shutdown'.
15:50:30.031 [worker-akka.actor.default-dispatcher-2] INFO  a.a.LocalActorRef akka://worker/user/watcher/graph0000000000/graph/local-acker - Stopped
15:50:30.033 [worker-akka.actor.default-dispatcher-2] INFO  a.a.LocalActorRef akka://worker/user/watcher/graph0000000000/graph/local-acker/$a - Message [com.spbsu.flamestream.runtime.utils.akka.PingActor$Stop] from Actor[akka://worker/user/watcher/graph0000000000/graph/local-acker#1839455465] to Actor[akka://worker/user/watcher/graph0000000000/graph/local-acker/$a#755531292] was not delivered. [2] dead letters encountered. This logging can be turned off or adjusted with configuration settings 'akka.log-dead-letters' and 'akka.log-dead-letters-during-shutdown'.
15:50:30.033 [worker-akka.actor.default-dispatcher-2] INFO  a.a.LocalActorRef akka://worker/user/watcher/graph0000000000/graph/local-acker - Message [com.spbsu.flamestream.runtime.acker.LocalAcker$Flush] from Actor[akka://worker/user/watcher/graph0000000000/graph/local-acker#1839455465] to Actor[akka://worker/user/watcher/graph0000000000/graph/local-acker#1839455465] was not delivered. [3] dead letters encountered. This logging can be turned off or adjusted with configuration settings 'akka.log-dead-letters' and 'akka.log-dead-letters-during-shutdown'.
15:50:30.033 [worker-akka.actor.default-dispatcher-2] INFO  a.a.LocalActorRef akka://worker/user/watcher/graph0000000000/graph/local-acker - Message [com.spbsu.flamestream.runtime.acker.LocalAcker$Flush] from Actor[akka://worker/user/watcher/graph0000000000/graph/local-acker#1839455465] to Actor[akka://worker/user/watcher/graph0000000000/graph/local-acker#1839455465] was not delivered. [4] dead letters encountered. This logging can be turned off or adjusted with configuration settings 'akka.log-dead-letters' and 'akka.log-dead-letters-during-shutdown'.
15:50:30.034 [worker-akka.actor.default-dispatcher-2] INFO  a.a.LocalActorRef akka://worker/user/watcher/graph0000000000/graph/local-acker - Message [com.spbsu.flamestream.runtime.acker.LocalAcker$Flush] from Actor[akka://worker/user/watcher/graph0000000000/graph/local-acker#1839455465] to Actor[akka://worker/user/watcher/graph0000000000/graph/local-acker#1839455465] was not delivered. [5] dead letters encountered. This logging can be turned off or adjusted with configuration settings 'akka.log-dead-letters' and 'akka.log-dead-letters-during-shutdown'.
15:50:30.035 [worker-akka.actor.default-dispatcher-2] INFO  a.a.LocalActorRef akka://worker/user/watcher/graph0000000000/graph - Stopped
15:50:30.035 [worker-akka.actor.default-dispatcher-2] INFO  a.a.LocalActorRef akka://worker/user/watcher/graph0000000000 - Stopped
15:50:30.039 [worker-akka.actor.default-dispatcher-2-EventThread] INFO  o.a.z.ClientCnxn  - EventThread shut down for session: 0x1619f3ec2370009
15:50:30.039 [worker-akka.actor.default-dispatcher-2] INFO  o.a.z.ZooKeeper  - Session: 0x1619f3ec2370009 closed
15:50:30.039 [worker-akka.actor.default-dispatcher-2] INFO  a.a.RepointableActorRef akka://worker/user/watcher - Stopped
15:50:30.052 [worker-akka.actor.default-dispatcher-2] INFO  a.r.RemoteActorRefProvider$RemotingTerminator akka://worker@172.31.37.101:5412/system/remoting-terminator - Shutting down remote daemon.
15:50:30.056 [worker-akka.actor.default-dispatcher-2] INFO  a.r.RemoteActorRefProvider$RemotingTerminator akka://worker@172.31.37.101:5412/system/remoting-terminator - Remote daemon shut down; proceeding with flushing remote transports.
15:50:31.190 [worker-akka.actor.default-dispatcher-2] INFO  a.r.RemoteActorRefProvider$RemotingTerminator akka://worker@172.31.37.101:5412/system/remoting-terminator - Remoting shut down.
Attempts of event 'shuffle-send' - 0
Attempts of event 'front-receive-send' - 0
Attempts of event 'inject-out' - 545278
Attempts of event 'sink-receive' - 557071
Attempts of event 'flatmap-receive' - 1109
Attempts of event 'fm-send' - 552005
Attempts of event 'rear-in' - 544169
Attempts of event 'flatmap-send' - 552005
Attempts of event 'inject-in' - 545278
Attempts of event 'wrong-ordering-filter-receive' - 557071
Attempts of event 'accept-in' - 0
Attempts of event 'grouping-receive' - 1101240
Heap
 def new generation   total 153600K, used 106033K [0x00000000e0c00000, 0x00000000eb2a0000, 0x00000000eb2a0000)
  eden space 136576K,  70% used [0x00000000e0c00000, 0x00000000e6a16db0, 0x00000000e9160000)
  from space 17024K,  56% used [0x00000000ea200000, 0x00000000eab75970, 0x00000000eb2a0000)
  to   space 17024K,   0% used [0x00000000e9160000, 0x00000000e9160000, 0x00000000ea200000)
 tenured generation   total 341376K, used 112531K [0x00000000eb2a0000, 0x0000000100000000, 0x0000000100000000)
   the space 341376K,  32% used [0x00000000eb2a0000, 0x00000000f2084ec8, 0x00000000f2085000, 0x0000000100000000)
 Metaspace       used 33560K, capacity 34408K, committed 34688K, reserved 1079296K
  class space    used 4471K, capacity 4661K, committed 4736K, reserved 1048576K
