17:02:03,983 |-INFO in ch.qos.logback.classic.LoggerContext[default] - Could NOT find resource [logback-test.xml]
17:02:03,983 |-INFO in ch.qos.logback.classic.LoggerContext[default] - Could NOT find resource [logback.groovy]
17:02:03,983 |-INFO in ch.qos.logback.classic.LoggerContext[default] - Found resource [logback.xml] at [jar:file:/opt/flamestream/lib/flamestream-runtime-1.0-SNAPSHOT.jar!/logback.xml]
17:02:03,990 |-WARN in ch.qos.logback.classic.LoggerContext[default] - Resource [logback.xml] occurs multiple times on the classpath.
17:02:03,990 |-WARN in ch.qos.logback.classic.LoggerContext[default] - Resource [logback.xml] occurs at [jar:file:/opt/flamestream/flamestream-runtime-1.0-SNAPSHOT.jar!/logback.xml]
17:02:03,990 |-WARN in ch.qos.logback.classic.LoggerContext[default] - Resource [logback.xml] occurs at [jar:file:/opt/flamestream/lib/flamestream-runtime-1.0-SNAPSHOT.jar!/logback.xml]
17:02:04,008 |-INFO in ch.qos.logback.core.joran.spi.ConfigurationWatchList@69b794e2 - URL [jar:file:/opt/flamestream/lib/flamestream-runtime-1.0-SNAPSHOT.jar!/logback.xml] is not of type file
17:02:04,100 |-INFO in ch.qos.logback.classic.joran.action.ConfigurationAction - debug attribute not set
17:02:04,101 |-INFO in ch.qos.logback.core.joran.action.AppenderAction - About to instantiate appender of type [ch.qos.logback.core.ConsoleAppender]
17:02:04,108 |-INFO in ch.qos.logback.core.joran.action.AppenderAction - Naming appender as [STDOUT]
17:02:04,115 |-INFO in ch.qos.logback.core.joran.action.NestedComplexPropertyIA - Assuming default type [ch.qos.logback.classic.encoder.PatternLayoutEncoder] for [encoder] property
17:02:04,153 |-INFO in ch.qos.logback.core.joran.action.AppenderAction - About to instantiate appender of type [ch.qos.logback.core.rolling.RollingFileAppender]
17:02:04,161 |-INFO in ch.qos.logback.core.joran.action.AppenderAction - Naming appender as [FILE]
17:02:04,180 |-INFO in c.q.l.core.rolling.TimeBasedRollingPolicy@1059063940 - No compression will be used
17:02:04,181 |-INFO in c.q.l.core.rolling.TimeBasedRollingPolicy@1059063940 - Will use the pattern /tmp/application_%d{yyyy-MM-dd}.%i.log for the active file
17:02:04,185 |-INFO in ch.qos.logback.core.rolling.SizeAndTimeBasedFNATP@4d339552 - The date pattern is 'yyyy-MM-dd' from file name pattern '/tmp/application_%d{yyyy-MM-dd}.%i.log'.
17:02:04,185 |-INFO in ch.qos.logback.core.rolling.SizeAndTimeBasedFNATP@4d339552 - Roll-over at midnight.
17:02:04,189 |-INFO in ch.qos.logback.core.rolling.SizeAndTimeBasedFNATP@4d339552 - Setting initial period to Thu Mar 22 17:00:21 UTC 2018
17:02:04,189 |-WARN in ch.qos.logback.core.rolling.SizeAndTimeBasedFNATP@4d339552 - SizeAndTimeBasedFNATP is deprecated. Use SizeAndTimeBasedRollingPolicy instead
17:02:04,189 |-WARN in ch.qos.logback.core.rolling.SizeAndTimeBasedFNATP@4d339552 - For more information see http://logback.qos.ch/manual/appenders.html#SizeAndTimeBasedRollingPolicy
17:02:04,193 |-INFO in ch.qos.logback.core.joran.action.NestedComplexPropertyIA - Assuming default type [ch.qos.logback.classic.encoder.PatternLayoutEncoder] for [encoder] property
17:02:04,198 |-INFO in ch.qos.logback.core.rolling.RollingFileAppender[FILE] - Active log file name: /tmp/application.log
17:02:04,198 |-INFO in ch.qos.logback.core.rolling.RollingFileAppender[FILE] - File property is set to [/tmp/application.log]
17:02:04,199 |-INFO in ch.qos.logback.classic.joran.action.RootLoggerAction - Setting level of ROOT logger to INFO
17:02:04,199 |-INFO in ch.qos.logback.core.joran.action.AppenderRefAction - Attaching appender named [STDOUT] to Logger[ROOT]
17:02:04,200 |-INFO in ch.qos.logback.core.joran.action.AppenderRefAction - Attaching appender named [FILE] to Logger[ROOT]
17:02:04,200 |-INFO in ch.qos.logback.classic.joran.action.ConfigurationAction - End of configuration.
17:02:04,200 |-INFO in ch.qos.logback.classic.joran.JoranConfigurator@f0f2775 - Registering current configuration as safe fallback point

17:02:04.204 [main] INFO  c.s.f.r.a.WorkerApplication  - Starting worker with id: '10.0.0.224', host: '10.0.0.224:5412', zkString: '10.0.0.101:2181'
17:02:05.133 [worker-akka.actor.default-dispatcher-2] INFO  a.e.s.Slf4jLogger  - Slf4jLogger started
2018-03-22T17:02:05.269+0000: 1.871: [Full GC (Metadata GC Threshold) 2018-03-22T17:02:05.269+0000: 1.871: [Tenured: 0K->15821K(341376K), 0.0385005 secs] 134103K->15821K(494976K), [Metaspace: 20894K->20894K(1067008K)], 0.0385654 secs] [Times: user=0.03 sys=0.01, real=0.04 secs] 
Ama winner
Ama winner
17:02:05.703 [worker-akka.actor.default-dispatcher-2] INFO  a.r.a.ArteryTransport(akka://worker) akka.remote.artery.ArteryTransport(akka://worker) - Started embedded media driver in directory [/dev/shm/aeron-root-worker-8e9f0c4c-475c-41dd-9ebf-627c4d2fb8be]
17:02:05.916 [worker-akka.actor.default-dispatcher-2] INFO  a.r.a.ArteryTransport(akka://worker) akka.remote.artery.ArteryTransport(akka://worker) - Remoting started; listening on address: [akka://worker@10.0.0.224:5412] with UID [911292493733800344]
17:02:05.998 [worker-akka.actor.default-dispatcher-6] INFO  a.a.RepointableActorRef akka://worker/user/watcher - Starting...
17:02:06.021 [worker-akka.actor.default-dispatcher-2] INFO  o.a.z.ZooKeeper  - Client environment:zookeeper.version=3.4.9-1757313, built on 08/23/2016 06:50 GMT
17:02:06.022 [worker-akka.actor.default-dispatcher-2] INFO  o.a.z.ZooKeeper  - Client environment:host.name=localhost
17:02:06.022 [worker-akka.actor.default-dispatcher-2] INFO  o.a.z.ZooKeeper  - Client environment:java.version=1.8.0_151
17:02:06.022 [worker-akka.actor.default-dispatcher-2] INFO  o.a.z.ZooKeeper  - Client environment:java.vendor=Oracle Corporation
17:02:06.022 [worker-akka.actor.default-dispatcher-2] INFO  o.a.z.ZooKeeper  - Client environment:java.home=/usr/lib/jvm/java-8-openjdk-amd64/jre
17:02:06.022 [worker-akka.actor.default-dispatcher-2] INFO  o.a.z.ZooKeeper  - Client environment:java.class.path=lib/commons-cli-1.4.jar:lib/minlog-1.3.0.jar:lib/asm-5.0.4.jar:lib/hadoop-annotations-2.7.3.jar:lib/hadoop-auth-2.7.3.jar:lib/akka-slf4j_2.11-2.5.6.jar:lib/jersey-core-1.9.jar:lib/lz4-1.3.0.jar:lib/jackson-core-asl-1.9.13.jar:lib/aeron-client-1.3.0.jar:lib/htrace-core-3.1.0-incubating.jar:lib/xz-1.0.jar:lib/commons-httpclient-3.1.jar:lib/asm-3.1.jar:lib/commons-lang3-3.4.jar:lib/scala-library-2.11.11.jar:lib/scala-java8-compat_2.11-0.7.0.jar:lib/commons-configuration-1.6.jar:lib/objenesis-2.1.jar:lib/jackson-annotations-2.8.0.jar:lib/jsr305-3.0.0.jar:lib/curator-framework-2.7.1.jar:lib/jersey-server-1.9.jar:lib/jets3t-0.9.0.jar:lib/leveldb-0.7.jar:lib/jetty-6.1.26.jar:lib/stax-api-1.0-2.jar:lib/flamestream-core-1.0-SNAPSHOT.jar:lib/reflectasm-1.07-shaded.jar:lib/apacheds-kerberos-codec-2.0.0-M15.jar:lib/api-asn1-api-1.0.0-M20.jar:lib/commons-lang-2.6.jar:lib/commons-beanutils-1.7.0.jar:lib/jackson-xc-1.8.3.jar:lib/jetty-util-6.1.26.jar:lib/logback-classic-1.2.3.jar:lib/jool-0.9.12.jar:lib/httpcore-4.1.2.jar:lib/kryo-4.0.0.jar:lib/ant-1.8.1.jar:lib/jaxb-impl-2.2.3-1.jar:lib/jersey-json-1.9.jar:lib/commons-compress-1.4.1.jar:lib/leveldbjni-all-1.8.jar:lib/paranamer-2.3.jar:lib/jackson-core-2.8.4.jar:lib/commons-math3-3.6.1.jar:lib/scala-parser-combinators_2.11-1.0.4.jar:lib/netty-3.10.6.Final.jar:lib/trove4j-3.0.3.jar:lib/jaxb-api-2.2.2.jar:lib/logback-core-1.2.3.jar:lib/snappy-java-1.0.4.1.jar:lib/protobuf-java-2.5.0.jar:lib/reactive-streams-1.0.1.jar:lib/flamestream-examples-1.0-SNAPSHOT.jar:lib/commons-codec-1.4.jar:lib/activation-1.1.jar:lib/commons-net-3.1.jar:lib/curator-recipes-2.7.1.jar:lib/jackson-mapper-asl-1.9.13.jar:lib/jackson-databind-2.8.4.jar:lib/flamestream-runtime-1.0-SNAPSHOT.jar:lib/jackson-jaxrs-1.8.3.jar:lib/slf4j-api-1.7.24.jar:lib/akka-remote_2.11-2.5.6.jar:lib/akka-testkit_2.11-2.5.6.jar:lib/jline-0.9.94.jar:lib/jedis-2.9.0.jar:lib/akka-stream_2.11-2.5.6.jar:lib/jsp-api-2.1.jar:lib/kryonet-2.21.jar:lib/akka-kryo-serialization_2.11-0.5.0.jar:lib/config-1.3.1.jar:lib/ant-launcher-1.8.1.jar:lib/commons-logging-1.2.jar:lib/ssl-config-core_2.11-0.2.2.jar:lib/testng-6.10.jar:lib/leveldb-api-0.7.jar:lib/reflectasm-1.11.3.jar:lib/jcommander-1.48.jar:lib/commons-1.1.jar:lib/commons-digester-1.8.jar:lib/minlog-1.2.jar:lib/java-xmlbuilder-0.4.jar:lib/jettison-1.1.jar:lib/gson-2.2.4.jar:lib/jdk.tools-1.8.jar:lib/aeron-driver-1.3.0.jar:lib/zookeeper-3.4.9.jar:lib/commons-beanutils-core-1.8.0.jar:lib/commons-math3-3.1.1.jar:lib/akka-actor_2.11-2.5.6.jar:lib/curator-client-2.7.1.jar:lib/servlet-api-2.5.jar:lib/commons-pool2-2.4.2.jar:lib/apacheds-i18n-2.0.0-M15.jar:lib/commons-io-2.4.jar:lib/commons-codec-1.6.jar:lib/akka-protobuf_2.11-2.5.6.jar:lib/jdom-2.0.2.jar:lib/rocksdbjni-5.5.1.jar:lib/api-util-1.0.0-M20.jar:lib/hadoop-common-2.7.3.jar:lib/agrona-0.9.6.jar:lib/xmlenc-0.52.jar:lib/guava-21.0.jar:lib/commons-collections-3.2.2.jar:lib/avro-1.7.4.jar:lib/httpclient-4.1.2.jar:lib/flamestream-core-1.0-SNAPSHOT-tests.jar:lib/annotations-12.0.jar:lib/jsch-0.1.42.jar:flamestream-runtime-1.0-SNAPSHOT.jar
17:02:06.022 [worker-akka.actor.default-dispatcher-2] INFO  o.a.z.ZooKeeper  - Client environment:java.library.path=/usr/java/packages/lib/amd64:/usr/lib/x86_64-linux-gnu/jni:/lib/x86_64-linux-gnu:/usr/lib/x86_64-linux-gnu:/usr/lib/jni:/lib:/usr/lib
17:02:06.022 [worker-akka.actor.default-dispatcher-2] INFO  o.a.z.ZooKeeper  - Client environment:java.io.tmpdir=/tmp
17:02:06.022 [worker-akka.actor.default-dispatcher-2] INFO  o.a.z.ZooKeeper  - Client environment:java.compiler=<NA>
17:02:06.022 [worker-akka.actor.default-dispatcher-2] INFO  o.a.z.ZooKeeper  - Client environment:os.name=Linux
17:02:06.023 [worker-akka.actor.default-dispatcher-2] INFO  o.a.z.ZooKeeper  - Client environment:os.arch=amd64
17:02:06.025 [worker-akka.actor.default-dispatcher-2] INFO  o.a.z.ZooKeeper  - Client environment:os.version=4.4.0-1049-aws
17:02:06.026 [worker-akka.actor.default-dispatcher-2] INFO  o.a.z.ZooKeeper  - Client environment:user.name=root
17:02:06.027 [worker-akka.actor.default-dispatcher-2] INFO  o.a.z.ZooKeeper  - Client environment:user.home=/root
17:02:06.027 [worker-akka.actor.default-dispatcher-2] INFO  o.a.z.ZooKeeper  - Client environment:user.dir=/opt/flamestream
17:02:06.029 [worker-akka.actor.default-dispatcher-2] INFO  o.a.z.ZooKeeper  - Initiating client connection, connectString=10.0.0.101:2181 sessionTimeout=5000 watcher=com.spbsu.flamestream.runtime.application.LifecycleWatcher$$Lambda$29/1924733145@4fb1a0ca
17:02:06.066 [worker-akka.actor.default-dispatcher-6] INFO  a.a.RepointableActorRef akka://worker/user/watcher - Initializing rocksDB backend
17:02:06.067 [worker-akka.actor.default-dispatcher-2-SendThread(10.0.0.101:2181)] INFO  o.a.z.ClientCnxn  - Opening socket connection to server 10.0.0.101/10.0.0.101:2181. Will not attempt to authenticate using SASL (unknown error)
17:02:06.074 [worker-akka.actor.default-dispatcher-2-SendThread(10.0.0.101:2181)] INFO  o.a.z.ClientCnxn  - Socket connection established to 10.0.0.101/10.0.0.101:2181, initiating session
17:02:06.087 [worker-akka.actor.default-dispatcher-2-SendThread(10.0.0.101:2181)] INFO  o.a.z.ClientCnxn  - Session establishment complete on server 10.0.0.101/10.0.0.101:2181, sessionid = 0x1624ea83f70000b, negotiated timeout = 6000
17:02:06.247 [worker-akka.actor.default-dispatcher-6] INFO  a.a.RepointableActorRef akka://worker/user/watcher - Connected to ZK
17:02:13.219 [worker-akka.actor.default-dispatcher-6] INFO  a.a.RepointableActorRef akka://worker/user/watcher - Creating node with watchGraphs: 'com.spbsu.flamestream.core.Graph$Builder$MyGraph@442cde83', config: 'ClusterConfig{paths={10.0.0.62=akka://worker@10.0.0.62:5412/user/watcher/graph, 10.0.0.92=akka://worker@10.0.0.92:5412/user/watcher/graph, 10.0.0.19=akka://worker@10.0.0.19:5412/user/watcher/graph, 10.0.0.224=akka://worker@10.0.0.224:5412/user/watcher/graph, 10.0.0.16=akka://worker@10.0.0.16:5412/user/watcher/graph, 10.0.0.14=akka://worker@10.0.0.14:5412/user/watcher/graph, 10.0.0.45=akka://worker@10.0.0.45:5412/user/watcher/graph, 10.0.0.41=akka://worker@10.0.0.41:5412/user/watcher/graph, 10.0.0.52=akka://worker@10.0.0.52:5412/user/watcher/graph, 10.0.0.63=akka://worker@10.0.0.63:5412/user/watcher/graph}, ackerLocation='10.0.0.41', props=ComputationLayout{hashGroups={10.0.0.62=com.spbsu.flamestream.runtime.config.HashGroup@1ffe1b9d, 10.0.0.92=com.spbsu.flamestream.runtime.config.HashGroup@5d5c21bc, 10.0.0.19=com.spbsu.flamestream.runtime.config.HashGroup@56dcaf5d, 10.0.0.224=com.spbsu.flamestream.runtime.config.HashGroup@c65a7748, 10.0.0.16=com.spbsu.flamestream.runtime.config.HashGroup@231425fe, 10.0.0.14=com.spbsu.flamestream.runtime.config.HashGroup@fbc82752, 10.0.0.45=com.spbsu.flamestream.runtime.config.HashGroup@ccbcd570, 10.0.0.41=com.spbsu.flamestream.runtime.config.HashGroup@c01f, 10.0.0.52=com.spbsu.flamestream.runtime.config.HashGroup@4276a447, 10.0.0.63=com.spbsu.flamestream.runtime.config.HashGroup@3fc198ed}}}'
17:02:14.125 [worker-akka.actor.default-dispatcher-2] INFO  a.a.LocalActorRef akka://worker/user/watcher/graph/graph - Starting...
17:02:14.133 [worker-akka.actor.default-dispatcher-3] INFO  a.a.LocalActorRef akka://worker/user/watcher/graph/graph/local-acker/$a - Starting...
17:02:14.141 [worker-akka.actor.default-dispatcher-2] INFO  a.a.LocalActorRef akka://worker/user/watcher/graph/graph/local-acker - Starting...
17:02:15.037 [worker-akka.actor.default-dispatcher-3] INFO  a.a.LocalActorRef akka://worker/user/watcher/graph/graph - Finishing constructor
17:02:15.038 [worker-akka.actor.default-dispatcher-2] INFO  a.a.LocalActorRef akka://worker/user/watcher/graph/edge - Starting...
17:02:15.041 [worker-akka.actor.default-dispatcher-3] INFO  a.a.LocalActorRef akka://worker/user/watcher/graph/negotiator - Starting...
17:02:15.047 [worker-akka.actor.default-dispatcher-4] INFO  a.a.LocalActorRef akka://worker/user/watcher/graph - Starting...
17:02:15.076 [worker-akka.actor.default-dispatcher-5] INFO  a.a.LocalActorRef akka://worker/user/watcher/graph/negotiator - Requesting ticket for the frontClass FlameSocketGraphDeployerFront@10.0.0.224
17:02:15.087 [worker-akka.actor.default-dispatcher-4] INFO  a.a.LocalActorRef akka://worker/user/watcher/graph/graph - Received last commit 'LastCommit{globalTime=(0000000, min@min)}'
17:02:15.117 [worker-akka.actor.default-dispatcher-6] INFO  c.s.f.r.e.s.SocketRear  - FlameSocketGraphDeployerRear@10.0.0.224: connecting to 10.0.0.101:5678
17:02:15.131 [worker-akka.actor.default-dispatcher-12] INFO  a.a.LocalActorRef akka://worker/user/watcher/graph/edge/FlameSocketGraphDeployerFront - Starting...
17:02:15.135 [worker-akka.actor.default-dispatcher-6] INFO  c.s.f.r.e.s.SocketRear  - FlameSocketGraphDeployerRear@10.0.0.224: connected to 10.0.0.101:5678
17:02:15.137 [worker-akka.actor.default-dispatcher-6] INFO  a.a.LocalActorRef akka://worker/user/watcher/graph/edge/FlameSocketGraphDeployerRear - Starting...
17:02:15.188 [worker-akka.actor.default-dispatcher-6] INFO  a.a.LocalActorRef akka://worker/user/watcher/graph/graph/$a - Starting...
17:02:15.221 [worker-akka.actor.default-dispatcher-6] INFO  a.a.LocalActorRef akka://worker/user/watcher/graph/graph/$a - Attached rear to graph (-9223372036854775808, min@min)
17:02:15.223 [worker-akka.actor.default-dispatcher-6] INFO  a.a.LocalActorRef akka://worker/user/watcher/graph/graph/$b - Starting...
17:02:15.228 [worker-akka.actor.default-dispatcher-6] INFO  a.a.LocalActorRef akka://worker/user/watcher/graph/graph/$c - Starting...
17:02:15.556 [worker-akka.actor.default-dispatcher-6] INFO  a.a.LocalActorRef akka://worker/user/watcher/graph/negotiator - Ticket for the frontClass received: FrontTicket{allowedTimestamp=(0000000, FlameSocketGraphDeployerFront@10.0.0.224)}
17:02:15.558 [worker-akka.actor.default-dispatcher-6] INFO  c.s.f.r.e.s.SocketFront  - FlameSocketGraphDeployerFront@10.0.0.224: connecting to 10.0.0.101:4567
17:02:15.582 [Client] INFO  c.s.f.r.e.s.SocketFront  - FlameSocketGraphDeployerFront@10.0.0.224 has been disconnected from Connection 5
2018-03-22T17:02:19.914+0000: 16.516: [GC (Allocation Failure) 2018-03-22T17:02:19.914+0000: 16.516: [DefNew: 136576K->16128K(153600K), 0.0490704 secs] 152397K->51480K(494976K), 0.0491465 secs] [Times: user=0.05 sys=0.00, real=0.05 secs] 
2018-03-22T17:02:28.787+0000: 25.389: [GC (Allocation Failure) 2018-03-22T17:02:28.787+0000: 25.389: [DefNew: 152704K->6129K(153600K), 0.0195825 secs] 188056K->49818K(494976K), 0.0196482 secs] [Times: user=0.02 sys=0.00, real=0.02 secs] 
2018-03-22T17:02:39.261+0000: 35.864: [GC (Allocation Failure) 2018-03-22T17:02:39.261+0000: 35.864: [DefNew: 142705K->9819K(153600K), 0.0141569 secs] 186394K->53509K(494976K), 0.0142212 secs] [Times: user=0.01 sys=0.00, real=0.02 secs] 
2018-03-22T17:02:46.288+0000: 42.891: [GC (Allocation Failure) 2018-03-22T17:02:46.288+0000: 42.891: [DefNew: 146395K->9721K(153600K), 0.0171893 secs] 190085K->55487K(494976K), 0.0172571 secs] [Times: user=0.02 sys=0.00, real=0.02 secs] 
2018-03-22T17:02:53.780+0000: 50.382: [GC (Allocation Failure) 2018-03-22T17:02:53.780+0000: 50.382: [DefNew: 146297K->5067K(153600K), 0.0145464 secs] 192063K->56360K(494976K), 0.0146132 secs] [Times: user=0.01 sys=0.00, real=0.02 secs] 
2018-03-22T17:03:00.306+0000: 56.908: [GC (Allocation Failure) 2018-03-22T17:03:00.306+0000: 56.908: [DefNew: 139871K->15352K(153600K), 0.0163295 secs] 191163K->66645K(494976K), 0.0164059 secs] [Times: user=0.02 sys=0.00, real=0.02 secs] 
2018-03-22T17:03:06.808+0000: 63.411: [GC (Allocation Failure) 2018-03-22T17:03:06.808+0000: 63.411: [DefNew: 151332K->4676K(153600K), 0.0190740 secs] 202624K->68337K(494976K), 0.0191394 secs] [Times: user=0.02 sys=0.00, real=0.02 secs] 
2018-03-22T17:03:11.811+0000: 68.413: [GC (Allocation Failure) 2018-03-22T17:03:11.811+0000: 68.413: [DefNew: 139909K->6838K(153600K), 0.0141854 secs] 203570K->70499K(494976K), 0.0142684 secs] [Times: user=0.02 sys=0.00, real=0.02 secs] 
2018-03-22T17:03:18.790+0000: 75.393: [GC (Allocation Failure) 2018-03-22T17:03:18.790+0000: 75.393: [DefNew: 143414K->7698K(153600K), 0.0130984 secs] 207075K->71359K(494976K), 0.0131644 secs] [Times: user=0.01 sys=0.00, real=0.02 secs] 
2018-03-22T17:03:24.996+0000: 81.598: [GC (Allocation Failure) 2018-03-22T17:03:24.996+0000: 81.598: [DefNew: 144274K->8114K(153600K), 0.0136081 secs] 207935K->71775K(494976K), 0.0136872 secs] [Times: user=0.01 sys=0.00, real=0.01 secs] 
2018-03-22T17:03:31.313+0000: 87.915: [GC (Allocation Failure) 2018-03-22T17:03:31.313+0000: 87.915: [DefNew: 143330K->10023K(153600K), 0.0163361 secs] 206991K->73684K(494976K), 0.0164002 secs] [Times: user=0.02 sys=0.00, real=0.02 secs] 
2018-03-22T17:03:37.700+0000: 94.302: [GC (Allocation Failure) 2018-03-22T17:03:37.700+0000: 94.302: [DefNew: 146599K->7194K(153600K), 0.0298818 secs] 210260K->73663K(494976K), 0.0299521 secs] [Times: user=0.03 sys=0.00, real=0.03 secs] 
2018-03-22T17:03:44.695+0000: 101.297: [GC (Allocation Failure) 2018-03-22T17:03:44.695+0000: 101.297: [DefNew: 143770K->8036K(153600K), 0.0128883 secs] 210239K->74504K(494976K), 0.0129557 secs] [Times: user=0.02 sys=0.00, real=0.01 secs] 
2018-03-22T17:03:50.422+0000: 107.025: [GC (Allocation Failure) 2018-03-22T17:03:50.422+0000: 107.025: [DefNew: 144612K->8590K(153600K), 0.0135849 secs] 211080K->75059K(494976K), 0.0136483 secs] [Times: user=0.01 sys=0.00, real=0.01 secs] 
2018-03-22T17:03:56.324+0000: 112.926: [GC (Allocation Failure) 2018-03-22T17:03:56.324+0000: 112.926: [DefNew: 144780K->9939K(153600K), 0.0182352 secs] 211249K->77343K(494976K), 0.0183108 secs] [Times: user=0.02 sys=0.00, real=0.02 secs] 
2018-03-22T17:04:01.827+0000: 118.430: [GC (Allocation Failure) 2018-03-22T17:04:01.827+0000: 118.430: [DefNew: 144840K->9119K(153600K), 0.0193809 secs] 212244K->78148K(494976K), 0.0194505 secs] [Times: user=0.02 sys=0.00, real=0.02 secs] 
2018-03-22T17:04:06.012+0000: 122.614: [GC (Allocation Failure) 2018-03-22T17:04:06.012+0000: 122.614: [DefNew: 145695K->17024K(153600K), 0.0188215 secs] 214724K->93819K(494976K), 0.0188921 secs] [Times: user=0.01 sys=0.00, real=0.02 secs] 
2018-03-22T17:04:11.304+0000: 127.907: [GC (Allocation Failure) 2018-03-22T17:04:11.304+0000: 127.907: [DefNew: 153600K->4638K(153600K), 0.0310411 secs] 230395K->98268K(494976K), 0.0311088 secs] [Times: user=0.03 sys=0.00, real=0.03 secs] 
2018-03-22T17:04:16.827+0000: 133.430: [GC (Allocation Failure) 2018-03-22T17:04:16.827+0000: 133.430: [DefNew: 138463K->6490K(153600K), 0.0123302 secs] 232092K->100119K(494976K), 0.0124098 secs] [Times: user=0.01 sys=0.00, real=0.01 secs] 
2018-03-22T17:04:21.830+0000: 138.432: [GC (Allocation Failure) 2018-03-22T17:04:21.830+0000: 138.432: [DefNew: 140766K->7438K(153600K), 0.0130558 secs] 234396K->101068K(494976K), 0.0131186 secs] [Times: user=0.01 sys=0.00, real=0.02 secs] 
2018-03-22T17:04:27.360+0000: 143.962: [GC (Allocation Failure) 2018-03-22T17:04:27.360+0000: 143.962: [DefNew: 144014K->8133K(153600K), 0.0219498 secs] 237644K->101762K(494976K), 0.0260336 secs] [Times: user=0.03 sys=0.00, real=0.03 secs] 
2018-03-22T17:04:32.796+0000: 149.399: [GC (Allocation Failure) 2018-03-22T17:04:32.796+0000: 149.399: [DefNew: 144709K->8647K(153600K), 0.0142973 secs] 238338K->102277K(494976K), 0.0143644 secs] [Times: user=0.02 sys=0.00, real=0.01 secs] 
2018-03-22T17:04:37.789+0000: 154.392: [GC (Allocation Failure) 2018-03-22T17:04:37.789+0000: 154.392: [DefNew: 145223K->7566K(153600K), 0.0136679 secs] 238853K->102042K(494976K), 0.0137335 secs] [Times: user=0.02 sys=0.00, real=0.02 secs] 
2018-03-22T17:04:42.304+0000: 158.906: [GC (Allocation Failure) 2018-03-22T17:04:42.304+0000: 158.906: [DefNew: 144142K->9565K(153600K), 0.0163202 secs] 238618K->104042K(494976K), 0.0163854 secs] [Times: user=0.01 sys=0.00, real=0.01 secs] 
2018-03-22T17:04:48.285+0000: 164.887: [GC (Allocation Failure) 2018-03-22T17:04:48.285+0000: 164.887: [DefNew: 146141K->7207K(153600K), 0.0135563 secs] 240618K->103047K(494976K), 0.0136193 secs] [Times: user=0.01 sys=0.01, real=0.01 secs] 
2018-03-22T17:04:52.295+0000: 168.898: [GC (Allocation Failure) 2018-03-22T17:04:52.295+0000: 168.898: [DefNew: 143783K->9247K(153600K), 0.0150493 secs] 239623K->105088K(494976K), 0.0151176 secs] [Times: user=0.02 sys=0.00, real=0.01 secs] 
2018-03-22T17:04:57.333+0000: 173.936: [GC (Allocation Failure) 2018-03-22T17:04:57.333+0000: 173.936: [DefNew: 144891K->7234K(153600K), 0.0130982 secs] 240732K->104188K(494976K), 0.0131666 secs] [Times: user=0.01 sys=0.00, real=0.02 secs] 
2018-03-22T17:05:01.851+0000: 178.453: [GC (Allocation Failure) 2018-03-22T17:05:01.851+0000: 178.453: [DefNew: 139852K->8046K(153600K), 0.0129557 secs] 236806K->105000K(494976K), 0.0130263 secs] [Times: user=0.01 sys=0.00, real=0.02 secs] 
2018-03-22T17:05:06.331+0000: 182.933: [GC (Allocation Failure) 2018-03-22T17:05:06.331+0000: 182.933: [DefNew: 139850K->8821K(153600K), 0.0132381 secs] 236804K->105776K(494976K), 0.0133082 secs] [Times: user=0.01 sys=0.00, real=0.02 secs] 
2018-03-22T17:05:10.893+0000: 187.496: [GC (Allocation Failure) 2018-03-22T17:05:10.893+0000: 187.496: [DefNew: 140096K->8810K(153600K), 0.0260761 secs] 237050K->106381K(494976K), 0.0261556 secs] [Times: user=0.03 sys=0.00, real=0.03 secs] 
2018-03-22T17:05:15.794+0000: 192.396: [GC (Allocation Failure) 2018-03-22T17:05:15.794+0000: 192.396: [DefNew: 145386K->9722K(153600K), 0.0160506 secs] 242957K->108049K(494976K), 0.0161184 secs] [Times: user=0.02 sys=0.00, real=0.02 secs] 
2018-03-22T17:05:20.591+0000: 197.193: [GC (Allocation Failure) 2018-03-22T17:05:20.591+0000: 197.193: [DefNew: 146298K->7485K(153600K), 0.0144259 secs] 244625K->107469K(494976K), 0.0145041 secs] [Times: user=0.02 sys=0.00, real=0.02 secs] 
2018-03-22T17:05:25.336+0000: 201.938: [GC (Allocation Failure) 2018-03-22T17:05:25.336+0000: 201.938: [DefNew: 141169K->8340K(153600K), 0.0124544 secs] 241153K->108324K(494976K), 0.0125332 secs] [Times: user=0.01 sys=0.00, real=0.01 secs] 
2018-03-22T17:05:30.023+0000: 206.625: [GC (Allocation Failure) 2018-03-22T17:05:30.023+0000: 206.625: [DefNew: 144916K->8774K(153600K), 0.0129737 secs] 244900K->108758K(494976K), 0.0130436 secs] [Times: user=0.01 sys=0.00, real=0.01 secs] 
2018-03-22T17:05:34.335+0000: 210.937: [GC (Allocation Failure) 2018-03-22T17:05:34.335+0000: 210.937: [DefNew: 143419K->8861K(153600K), 0.0141781 secs] 243403K->109438K(494976K), 0.0142465 secs] [Times: user=0.02 sys=0.00, real=0.01 secs] 
2018-03-22T17:05:38.236+0000: 214.838: [GC (Allocation Failure) 2018-03-22T17:05:38.236+0000: 214.838: [DefNew: 145437K->9107K(153600K), 0.0279478 secs] 246014K->110257K(494976K), 0.0280239 secs] [Times: user=0.03 sys=0.00, real=0.03 secs] 
2018-03-22T17:05:42.340+0000: 218.942: [GC (Allocation Failure) 2018-03-22T17:05:42.340+0000: 218.942: [DefNew: 143193K->8991K(153600K), 0.0140166 secs] 244342K->110742K(494976K), 0.0140902 secs] [Times: user=0.01 sys=0.00, real=0.02 secs] 
2018-03-22T17:05:46.838+0000: 223.440: [GC (Allocation Failure) 2018-03-22T17:05:46.838+0000: 223.440: [DefNew: 143198K->8911K(153600K), 0.0138104 secs] 244948K->111197K(494976K), 0.0138761 secs] [Times: user=0.01 sys=0.00, real=0.01 secs] 
2018-03-22T17:05:51.152+0000: 227.754: [GC (Allocation Failure) 2018-03-22T17:05:51.152+0000: 227.754: [DefNew: 145487K->9204K(153600K), 0.0137166 secs] 247773K->112106K(494976K), 0.0137765 secs] [Times: user=0.01 sys=0.00, real=0.02 secs] 
2018-03-22T17:05:55.288+0000: 231.890: [GC (Allocation Failure) 2018-03-22T17:05:55.288+0000: 231.890: [DefNew: 145780K->9306K(153600K), 0.0158066 secs] 248682K->113248K(494976K), 0.0158737 secs] [Times: user=0.01 sys=0.00, real=0.02 secs] 
2018-03-22T17:05:59.289+0000: 235.891: [GC (Allocation Failure) 2018-03-22T17:05:59.289+0000: 235.891: [DefNew: 145882K->8471K(153600K), 0.0144027 secs] 249824K->113710K(494976K), 0.0144654 secs] [Times: user=0.01 sys=0.00, real=0.02 secs] 
2018-03-22T17:06:03.842+0000: 240.444: [GC (Allocation Failure) 2018-03-22T17:06:03.842+0000: 240.444: [DefNew: 144728K->8512K(153600K), 0.0117136 secs] 249967K->113751K(494976K), 0.0117802 secs] [Times: user=0.01 sys=0.00, real=0.01 secs] 
2018-03-22T17:06:08.344+0000: 244.946: [GC (Allocation Failure) 2018-03-22T17:06:08.344+0000: 244.946: [DefNew: 141081K->8393K(153600K), 0.0131008 secs] 246320K->114270K(494976K), 0.0131665 secs] [Times: user=0.01 sys=0.00, real=0.01 secs] 
2018-03-22T17:06:12.342+0000: 248.945: [GC (Allocation Failure) 2018-03-22T17:06:12.342+0000: 248.945: [DefNew: 139433K->8928K(153600K), 0.0127546 secs] 245309K->114805K(494976K), 0.0128195 secs] [Times: user=0.01 sys=0.00, real=0.01 secs] 
2018-03-22T17:06:16.414+0000: 253.016: [GC (Allocation Failure) 2018-03-22T17:06:16.414+0000: 253.016: [DefNew: 140496K->8753K(153600K), 0.0222789 secs] 246373K->115153K(494976K), 0.0223449 secs] [Times: user=0.02 sys=0.00, real=0.02 secs] 
2018-03-22T17:06:20.414+0000: 257.017: [GC (Allocation Failure) 2018-03-22T17:06:20.414+0000: 257.017: [DefNew: 141220K->8792K(153600K), 0.0241530 secs] 247621K->115816K(494976K), 0.0242182 secs] [Times: user=0.03 sys=0.00, real=0.02 secs] 
2018-03-22T17:06:24.347+0000: 260.949: [GC (Allocation Failure) 2018-03-22T17:06:24.347+0000: 260.949: [DefNew: 143992K->8661K(153600K), 0.0133745 secs] 251016K->116470K(494976K), 0.0134543 secs] [Times: user=0.02 sys=0.00, real=0.01 secs] 
2018-03-22T17:06:28.297+0000: 264.899: [GC (Allocation Failure) 2018-03-22T17:06:28.297+0000: 264.899: [DefNew: 145237K->10339K(153600K), 0.0167556 secs] 253046K->118772K(494976K), 0.0168457 secs] [Times: user=0.01 sys=0.00, real=0.01 secs] 
2018-03-22T17:06:31.872+0000: 268.474: [GC (Allocation Failure) 2018-03-22T17:06:31.872+0000: 268.474: [DefNew: 140029K->7273K(153600K), 0.0136381 secs] 248462K->117716K(494976K), 0.0137026 secs] [Times: user=0.01 sys=0.00, real=0.02 secs] 
2018-03-22T17:06:35.349+0000: 271.952: [GC (Allocation Failure) 2018-03-22T17:06:35.350+0000: 271.952: [DefNew: 137557K->7740K(153600K), 0.0112207 secs] 248001K->118184K(494976K), 0.0112934 secs] [Times: user=0.02 sys=0.00, real=0.01 secs] 
2018-03-22T17:06:39.252+0000: 275.855: [GC (Allocation Failure) 2018-03-22T17:06:39.252+0000: 275.855: [DefNew: 144316K->8727K(153600K), 0.0123323 secs] 254760K->119170K(494976K), 0.0124182 secs] [Times: user=0.01 sys=0.00, real=0.02 secs] 
2018-03-22T17:06:42.798+0000: 279.400: [GC (Allocation Failure) 2018-03-22T17:06:42.798+0000: 279.400: [DefNew: 145303K->10852K(153600K), 0.0163377 secs] 255746K->121835K(494976K), 0.0164008 secs] [Times: user=0.02 sys=0.00, real=0.02 secs] 
2018-03-22T17:06:46.274+0000: 282.877: [GC (Allocation Failure) 2018-03-22T17:06:46.274+0000: 282.877: [DefNew: 147428K->7697K(153600K), 0.0273282 secs] 258411K->121264K(494976K), 0.0274022 secs] [Times: user=0.02 sys=0.01, real=0.02 secs] 
2018-03-22T17:06:49.125+0000: 285.728: [GC (Allocation Failure) 2018-03-22T17:06:49.125+0000: 285.728: [DefNew: 144273K->17024K(153600K), 0.0196339 secs] 257840K->138350K(494976K), 0.0197051 secs] [Times: user=0.02 sys=0.00, real=0.02 secs] 
2018-03-22T17:06:52.353+0000: 288.955: [GC (Allocation Failure) 2018-03-22T17:06:52.353+0000: 288.955: [DefNew: 153451K->17024K(153600K), 0.0205431 secs] 274777K->157868K(494976K), 0.0206246 secs] [Times: user=0.02 sys=0.01, real=0.02 secs] 
2018-03-22T17:06:55.452+0000: 292.054: [GC (Allocation Failure) 2018-03-22T17:06:55.452+0000: 292.054: [DefNew: 153600K->3539K(153600K), 0.0129207 secs] 294444K->161075K(494976K), 0.0129962 secs] [Times: user=0.02 sys=0.00, real=0.02 secs] 
2018-03-22T17:06:59.174+0000: 295.776: [GC (Allocation Failure) 2018-03-22T17:06:59.174+0000: 295.776: [DefNew: 140115K->5509K(153600K), 0.0088991 secs] 297651K->163045K(494976K), 0.0089911 secs] [Times: user=0.01 sys=0.00, real=0.01 secs] 
2018-03-22T17:07:02.877+0000: 299.479: [GC (Allocation Failure) 2018-03-22T17:07:02.877+0000: 299.479: [DefNew: 140934K->6672K(153600K), 0.0094727 secs] 298470K->164208K(494976K), 0.0095272 secs] [Times: user=0.01 sys=0.00, real=0.01 secs] 
2018-03-22T17:07:06.436+0000: 303.038: [GC (Allocation Failure) 2018-03-22T17:07:06.436+0000: 303.038: [DefNew: 136451K->7577K(153600K), 0.0187805 secs] 293987K->165113K(494976K), 0.0188597 secs] [Times: user=0.02 sys=0.00, real=0.02 secs] 
2018-03-22T17:07:09.506+0000: 306.109: [GC (Allocation Failure) 2018-03-22T17:07:09.506+0000: 306.109: [DefNew: 144153K->8384K(153600K), 0.0129395 secs] 301689K->165920K(494976K), 0.0129978 secs] [Times: user=0.01 sys=0.00, real=0.01 secs] 
2018-03-22T17:07:13.125+0000: 309.728: [GC (Allocation Failure) 2018-03-22T17:07:13.125+0000: 309.728: [DefNew: 144960K->9419K(153600K), 0.0122945 secs] 302496K->166955K(494976K), 0.0123708 secs] [Times: user=0.01 sys=0.00, real=0.01 secs] 
2018-03-22T17:07:16.362+0000: 312.964: [GC (Allocation Failure) 2018-03-22T17:07:16.362+0000: 312.964: [DefNew: 145869K->8458K(153600K), 0.0130608 secs] 303405K->167188K(494976K), 0.0131300 secs] [Times: user=0.01 sys=0.00, real=0.01 secs] 
2018-03-22T17:07:19.788+0000: 316.391: [GC (Allocation Failure) 2018-03-22T17:07:19.788+0000: 316.391: [DefNew: 145034K->9939K(153600K), 0.0136290 secs] 303764K->168669K(494976K), 0.0136953 secs] [Times: user=0.02 sys=0.00, real=0.02 secs] 
2018-03-22T17:07:23.033+0000: 319.636: [GC (Allocation Failure) 2018-03-22T17:07:23.034+0000: 319.636: [DefNew: 146515K->7875K(153600K), 0.0132572 secs] 305245K->168527K(494976K), 0.0133236 secs] [Times: user=0.01 sys=0.00, real=0.02 secs] 
2018-03-22T17:07:26.305+0000: 322.908: [GC (Allocation Failure) 2018-03-22T17:07:26.305+0000: 322.908: [DefNew: 144451K->11673K(153600K), 0.0171883 secs] 305103K->172325K(494976K), 0.0172578 secs] [Times: user=0.01 sys=0.00, real=0.02 secs] 
2018-03-22T17:07:29.798+0000: 326.400: [GC (Allocation Failure) 2018-03-22T17:07:29.798+0000: 326.400: [DefNew: 148249K->7628K(153600K), 0.0162851 secs] 308901K->171897K(494976K), 0.0163633 secs] [Times: user=0.01 sys=0.00, real=0.02 secs] 
2018-03-22T17:07:33.299+0000: 329.902: [GC (Allocation Failure) 2018-03-22T17:07:33.299+0000: 329.902: [DefNew: 144204K->8984K(153600K), 0.0132272 secs] 308473K->173254K(494976K), 0.0132936 secs] [Times: user=0.01 sys=0.00, real=0.01 secs] 
2018-03-22T17:07:36.426+0000: 333.029: [GC (Allocation Failure) 2018-03-22T17:07:36.426+0000: 333.029: [DefNew: 141646K->7298K(153600K), 0.0137936 secs] 305916K->172645K(494976K), 0.0138561 secs] [Times: user=0.02 sys=0.00, real=0.01 secs] 
2018-03-22T17:07:39.812+0000: 336.414: [GC (Allocation Failure) 2018-03-22T17:07:39.812+0000: 336.414: [DefNew: 143874K->9416K(153600K), 0.0178702 secs] 309221K->174763K(494976K), 0.0179477 secs] [Times: user=0.01 sys=0.01, real=0.02 secs] 
2018-03-22T17:07:43.310+0000: 339.912: [GC (Allocation Failure) 2018-03-22T17:07:43.310+0000: 339.912: [DefNew: 145812K->9049K(153600K), 0.0175555 secs] 311159K->176115K(494976K), 0.0176277 secs] [Times: user=0.01 sys=0.01, real=0.02 secs] 
2018-03-22T17:07:46.468+0000: 343.070: [GC (Allocation Failure) 2018-03-22T17:07:46.468+0000: 343.070: [DefNew: 145625K->15659K(153600K), 0.0330341 secs] 312691K->183983K(494976K), 0.0331003 secs] [Times: user=0.03 sys=0.00, real=0.03 secs] 
2018-03-22T17:07:49.780+0000: 346.382: [GC (Allocation Failure) 2018-03-22T17:07:49.780+0000: 346.382: [DefNew: 152235K->4249K(153600K), 0.0298740 secs] 320559K->176211K(494976K), 0.0299477 secs] [Times: user=0.02 sys=0.01, real=0.03 secs] 
2018-03-22T17:07:53.013+0000: 349.615: [GC (Allocation Failure) 2018-03-22T17:07:53.013+0000: 349.615: [DefNew: 140825K->15140K(153600K), 0.0219635 secs] 312787K->187102K(494976K), 0.0220390 secs] [Times: user=0.03 sys=0.00, real=0.03 secs] 
2018-03-22T17:07:56.453+0000: 353.055: [GC (Allocation Failure) 2018-03-22T17:07:56.453+0000: 353.055: [DefNew: 146926K->3590K(153600K), 0.0183432 secs] 318888K->178801K(494976K), 0.0184166 secs] [Times: user=0.01 sys=0.01, real=0.02 secs] 
2018-03-22T17:07:59.856+0000: 356.459: [GC (Allocation Failure) 2018-03-22T17:07:59.857+0000: 356.459: [DefNew: 140166K->8050K(153600K), 0.0209622 secs] 315377K->183261K(494976K), 0.0210305 secs] [Times: user=0.02 sys=0.00, real=0.02 secs] 
2018-03-22T17:08:02.365+0000: 358.967: [GC (Allocation Failure) 2018-03-22T17:08:02.365+0000: 358.967: [DefNew: 135118K->6638K(153600K), 0.0095493 secs] 310329K->181849K(494976K), 0.0096136 secs] [Times: user=0.01 sys=0.00, real=0.01 secs] 
2018-03-22T17:08:05.363+0000: 361.965: [GC (Allocation Failure) 2018-03-22T17:08:05.363+0000: 361.965: [DefNew: 140627K->7621K(153600K), 0.0101155 secs] 315838K->182833K(494976K), 0.0101820 secs] [Times: user=0.01 sys=0.00, real=0.00 secs] 
2018-03-22T17:08:08.190+0000: 364.792: [GC (Allocation Failure) 2018-03-22T17:08:08.190+0000: 364.792: [DefNew: 144197K->8409K(153600K), 0.0122247 secs] 319409K->183621K(494976K), 0.0122795 secs] [Times: user=0.01 sys=0.00, real=0.02 secs] 
2018-03-22T17:08:11.336+0000: 367.938: [GC (Allocation Failure) 2018-03-22T17:08:11.336+0000: 367.938: [DefNew: 144985K->11865K(153600K), 0.0286829 secs] 320197K->187076K(494976K), 0.0287603 secs] [Times: user=0.03 sys=0.00, real=0.03 secs] 
2018-03-22T17:08:14.613+0000: 371.216: [GC (Allocation Failure) 2018-03-22T17:08:14.613+0000: 371.216: [DefNew: 148441K->6490K(153600K), 0.0257724 secs] 323652K->184777K(494976K), 0.0258418 secs] [Times: user=0.02 sys=0.00, real=0.03 secs] 
2018-03-22T17:08:17.763+0000: 374.365: [GC (Allocation Failure) 2018-03-22T17:08:17.763+0000: 374.365: [DefNew: 143066K->7700K(153600K), 0.0135853 secs] 321353K->185986K(494976K), 0.0136503 secs] [Times: user=0.01 sys=0.00, real=0.01 secs] 
2018-03-22T17:08:20.854+0000: 377.457: [GC (Allocation Failure) 2018-03-22T17:08:20.854+0000: 377.457: [DefNew: 144276K->11351K(153600K), 0.0280311 secs] 322562K->189637K(494976K), 0.0280969 secs] [Times: user=0.02 sys=0.00, real=0.03 secs] 
2018-03-22T17:08:23.865+0000: 380.468: [GC (Allocation Failure) 2018-03-22T17:08:23.865+0000: 380.468: [DefNew: 138971K->6786K(153600K), 0.0120203 secs] 317257K->187554K(494976K), 0.0120846 secs] [Times: user=0.01 sys=0.00, real=0.01 secs] 
2018-03-22T17:08:26.882+0000: 383.485: [GC (Allocation Failure) 2018-03-22T17:08:26.882+0000: 383.485: [DefNew: 138323K->7741K(153600K), 0.0103247 secs] 319091K->188508K(494976K), 0.0103844 secs] [Times: user=0.01 sys=0.00, real=0.00 secs] 
2018-03-22T17:08:29.865+0000: 386.467: [GC (Allocation Failure) 2018-03-22T17:08:29.865+0000: 386.467: [DefNew: 136168K->8508K(153600K), 0.0107915 secs] 316936K->189276K(494976K), 0.0108599 secs] [Times: user=0.01 sys=0.00, real=0.01 secs] 
2018-03-22T17:08:32.837+0000: 389.439: [GC (Allocation Failure) 2018-03-22T17:08:32.837+0000: 389.439: [DefNew: 145084K->12754K(153600K), 0.0180193 secs] 325852K->193522K(494976K), 0.0180865 secs] [Times: user=0.02 sys=0.00, real=0.02 secs] 
2018-03-22T17:08:35.867+0000: 392.469: [GC (Allocation Failure) 2018-03-22T17:08:35.867+0000: 392.469: [DefNew: 145658K->5194K(153600K), 0.0127302 secs] 326425K->190356K(494976K), 0.0128187 secs] [Times: user=0.01 sys=0.00, real=0.01 secs] 
2018-03-22T17:08:38.870+0000: 395.472: [GC (Allocation Failure) 2018-03-22T17:08:38.870+0000: 395.472: [DefNew: 139965K->6398K(153600K), 0.0088145 secs] 325126K->191560K(494976K), 0.0088797 secs] [Times: user=0.01 sys=0.00, real=0.01 secs] 
2018-03-22T17:08:41.800+0000: 398.403: [GC (Allocation Failure) 2018-03-22T17:08:41.800+0000: 398.403: [DefNew: 142974K->9797K(153600K), 0.0135720 secs] 328136K->194959K(494976K), 0.0136382 secs] [Times: user=0.01 sys=0.00, real=0.02 secs] 
2018-03-22T17:08:44.801+0000: 401.403: [GC (Allocation Failure) 2018-03-22T17:08:44.801+0000: 401.403: [DefNew: 146373K->9621K(153600K), 0.0151064 secs] 331535K->195830K(494976K), 0.0151735 secs] [Times: user=0.01 sys=0.00, real=0.02 secs] 
2018-03-22T17:08:47.878+0000: 404.480: [GC (Allocation Failure) 2018-03-22T17:08:47.878+0000: 404.480: [DefNew: 145018K->6338K(153600K), 0.0103871 secs] 331227K->194256K(494976K), 0.0104495 secs] [Times: user=0.01 sys=0.00, real=0.01 secs] 
2018-03-22T17:08:50.872+0000: 407.474: [GC (Allocation Failure) 2018-03-22T17:08:50.872+0000: 407.474: [DefNew: 142673K->7683K(153600K), 0.0100765 secs] 330591K->195601K(494976K), 0.0101397 secs] [Times: user=0.01 sys=0.00, real=0.02 secs] 
2018-03-22T17:08:53.796+0000: 410.398: [GC (Allocation Failure) 2018-03-22T17:08:53.796+0000: 410.398: [DefNew: 144259K->10161K(153600K), 0.0130474 secs] 332177K->198079K(494976K), 0.0131118 secs] [Times: user=0.01 sys=0.00, real=0.01 secs] 
2018-03-22T17:08:56.792+0000: 413.395: [GC (Allocation Failure) 2018-03-22T17:08:56.793+0000: 413.395: [DefNew: 146737K->9054K(153600K), 0.0139017 secs] 334655K->198587K(494976K), 0.0139783 secs] [Times: user=0.01 sys=0.00, real=0.02 secs] 
2018-03-22T17:08:59.301+0000: 415.903: [GC (Allocation Failure) 2018-03-22T17:08:59.301+0000: 415.903: [DefNew: 145630K->10421K(153600K), 0.0155150 secs] 335163K->200513K(494976K), 0.0155834 secs] [Times: user=0.02 sys=0.00, real=0.02 secs] 
2018-03-22T17:09:02.294+0000: 418.896: [GC (Allocation Failure) 2018-03-22T17:09:02.294+0000: 418.896: [DefNew: 146997K->8798K(153600K), 0.0139706 secs] 337089K->200709K(494976K), 0.0140393 secs] [Times: user=0.02 sys=0.00, real=0.01 secs] 
2018-03-22T17:09:05.288+0000: 421.891: [GC (Allocation Failure) 2018-03-22T17:09:05.288+0000: 421.891: [DefNew: 145374K->7632K(153600K), 0.0113527 secs] 337285K->200619K(494976K), 0.0114299 secs] [Times: user=0.01 sys=0.00, real=0.01 secs] 
2018-03-22T17:09:07.967+0000: 424.570: [GC (Allocation Failure) 2018-03-22T17:09:07.967+0000: 424.570: [DefNew: 135855K->8392K(153600K), 0.0110207 secs] 328842K->201379K(494976K), 0.0110908 secs] [Times: user=0.02 sys=0.00, real=0.01 secs] 
2018-03-22T17:09:10.871+0000: 427.473: [GC (Allocation Failure) 2018-03-22T17:09:10.871+0000: 427.474: [DefNew: 140317K->8952K(153600K), 0.0104252 secs] 333304K->201939K(494976K), 0.0104893 secs] [Times: user=0.01 sys=0.00, real=0.01 secs] 
2018-03-22T17:09:13.568+0000: 430.171: [GC (Allocation Failure) 2018-03-22T17:09:13.568+0000: 430.171: [DefNew: 145528K->9570K(153600K), 0.0148127 secs] 338515K->203483K(494976K), 0.0148750 secs] [Times: user=0.02 sys=0.00, real=0.02 secs] 
2018-03-22T17:09:16.473+0000: 433.075: [GC (Allocation Failure) 2018-03-22T17:09:16.473+0000: 433.075: [DefNew: 139961K->8110K(153600K), 0.0202798 secs] 333874K->203551K(494976K), 0.0203448 secs] [Times: user=0.02 sys=0.00, real=0.02 secs] 
2018-03-22T17:09:19.222+0000: 435.825: [GC (Allocation Failure) 2018-03-22T17:09:19.222+0000: 435.825: [DefNew: 144686K->9305K(153600K), 0.0219836 secs] 340127K->204746K(494976K), 0.0220486 secs] [Times: user=0.02 sys=0.00, real=0.02 secs] 
2018-03-22T17:09:21.970+0000: 438.572: [GC (Allocation Failure) 2018-03-22T17:09:21.970+0000: 438.572: [DefNew: 141854K->9011K(153600K), 0.0285400 secs] 337295K->205305K(494976K), 0.0286064 secs] [Times: user=0.02 sys=0.01, real=0.03 secs] 
2018-03-22T17:09:24.523+0000: 441.126: [GC (Allocation Failure) 2018-03-22T17:09:24.523+0000: 441.126: [DefNew: 141503K->8902K(153600K), 0.0181147 secs] 337797K->205732K(494976K), 0.0181858 secs] [Times: user=0.02 sys=0.00, real=0.01 secs] 
2018-03-22T17:09:27.309+0000: 443.912: [GC (Allocation Failure) 2018-03-22T17:09:27.309+0000: 443.912: [DefNew: 145478K->10369K(153600K), 0.0268322 secs] 342308K->208058K(494976K), 0.0269069 secs] [Times: user=0.02 sys=0.00, real=0.03 secs] 
2018-03-22T17:09:30.307+0000: 446.909: [GC (Allocation Failure) 2018-03-22T17:09:30.307+0000: 446.909: [DefNew: 146945K->9085K(153600K), 0.0190964 secs] 344634K->208627K(494976K), 0.0191632 secs] [Times: user=0.02 sys=0.00, real=0.02 secs] 
2018-03-22T17:09:33.312+0000: 449.914: [GC (Allocation Failure) 2018-03-22T17:09:33.312+0000: 449.914: [DefNew: 145661K->9214K(153600K), 0.0214438 secs] 345203K->209676K(494976K), 0.0215080 secs] [Times: user=0.02 sys=0.00, real=0.02 secs] 
2018-03-22T17:09:35.970+0000: 452.573: [GC (Allocation Failure) 2018-03-22T17:09:35.970+0000: 452.573: [DefNew: 145790K->7230K(153600K), 0.0113090 secs] 346252K->208908K(494976K), 0.0113686 secs] [Times: user=0.01 sys=0.01, real=0.01 secs] 
2018-03-22T17:09:38.886+0000: 455.488: [GC (Allocation Failure) 2018-03-22T17:09:38.886+0000: 455.489: [DefNew: 142918K->8133K(153600K), 0.0101711 secs] 344595K->209811K(494976K), 0.0102367 secs] [Times: user=0.00 sys=0.00, real=0.01 secs] 
2018-03-22T17:09:41.384+0000: 457.986: [GC (Allocation Failure) 2018-03-22T17:09:41.384+0000: 457.986: [DefNew: 135617K->8799K(153600K), 0.0105350 secs] 337294K->210477K(494976K), 0.0106107 secs] [Times: user=0.02 sys=0.00, real=0.01 secs] 
2018-03-22T17:09:43.884+0000: 460.486: [GC (Allocation Failure) 2018-03-22T17:09:43.884+0000: 460.486: [DefNew: 145218K->9527K(153600K), 0.0132873 secs] 346895K->211827K(494976K), 0.0133719 secs] [Times: user=0.02 sys=0.00, real=0.01 secs] 
2018-03-22T17:09:46.483+0000: 463.085: [GC (Allocation Failure) 2018-03-22T17:09:46.483+0000: 463.085: [DefNew: 134808K->8819K(153600K), 0.0200176 secs] 337108K->212165K(494976K), 0.0200824 secs] [Times: user=0.02 sys=0.00, real=0.02 secs] 
2018-03-22T17:09:49.272+0000: 465.874: [GC (Allocation Failure) 2018-03-22T17:09:49.272+0000: 465.874: [DefNew: 145395K->9188K(153600K), 0.0222459 secs] 348741K->213109K(494976K), 0.0223227 secs] [Times: user=0.02 sys=0.00, real=0.03 secs] 
2018-03-22T17:09:51.979+0000: 468.581: [GC (Allocation Failure) 2018-03-22T17:09:51.979+0000: 468.581: [DefNew: 137215K->9009K(153600K), 0.0178428 secs] 341135K->213681K(494976K), 0.0179040 secs] [Times: user=0.02 sys=0.00, real=0.02 secs] 
2018-03-22T17:09:54.480+0000: 471.083: [GC (Allocation Failure) 2018-03-22T17:09:54.480+0000: 471.083: [DefNew: 139395K->9107K(153600K), 0.0197395 secs] 344066K->214417K(494976K), 0.0198173 secs] [Times: user=0.02 sys=0.00, real=0.02 secs] 
2018-03-22T17:09:57.341+0000: 473.943: [GC (Allocation Failure) 2018-03-22T17:09:57.341+0000: 473.943: [DefNew: 145683K->11397K(153600K), 0.0334655 secs] 350993K->217882K(494976K), 0.0335338 secs] [Times: user=0.03 sys=0.00, real=0.04 secs] 
2018-03-22T17:10:00.288+0000: 476.890: [GC (Allocation Failure) 2018-03-22T17:10:00.288+0000: 476.890: [DefNew: 147973K->5899K(153600K), 0.0204651 secs] 354458K->215641K(494976K), 0.0205551 secs] [Times: user=0.02 sys=0.00, real=0.02 secs] 
2018-03-22T17:10:02.854+0000: 479.456: [GC (Allocation Failure) 2018-03-22T17:10:02.854+0000: 479.456: [DefNew: 142475K->10803K(153600K), 0.0327035 secs] 352217K->220545K(494976K), 0.0327725 secs] [Times: user=0.03 sys=0.00, real=0.04 secs] 
2018-03-22T17:10:05.314+0000: 481.916: [GC (Allocation Failure) 2018-03-22T17:10:05.314+0000: 481.916: [DefNew: 147379K->7505K(153600K), 0.0286367 secs] 357121K->219926K(494976K), 0.0287042 secs] [Times: user=0.03 sys=0.00, real=0.03 secs] 
2018-03-22T17:10:07.999+0000: 484.601: [GC (Allocation Failure) 2018-03-22T17:10:07.999+0000: 484.601: [DefNew: 142139K->7586K(153600K), 0.0175065 secs] 354561K->220007K(494976K), 0.0175681 secs] [Times: user=0.02 sys=0.00, real=0.02 secs] 
2018-03-22T17:10:10.652+0000: 487.254: [GC (Allocation Failure) 2018-03-22T17:10:10.652+0000: 487.254: [DefNew: 144162K->8466K(153600K), 0.0196713 secs] 356583K->220887K(494976K), 0.0197407 secs] [Times: user=0.02 sys=0.00, real=0.02 secs] 
2018-03-22T17:10:13.375+0000: 489.977: [GC (Allocation Failure) 2018-03-22T17:10:13.375+0000: 489.977: [DefNew: 145042K->13510K(153600K), 0.0361605 secs] 357463K->225932K(494976K), 0.0362244 secs] [Times: user=0.04 sys=0.00, real=0.03 secs] 
2018-03-22T17:10:15.993+0000: 492.595: [GC (Allocation Failure) 2018-03-22T17:10:15.993+0000: 492.595: [DefNew: 144895K->5693K(153600K), 0.0314557 secs] 357317K->222643K(494976K), 0.0315367 secs] [Times: user=0.03 sys=0.00, real=0.04 secs] 
2018-03-22T17:10:18.573+0000: 495.176: [GC (Allocation Failure) 2018-03-22T17:10:18.573+0000: 495.176: [DefNew: 142269K->17024K(153600K), 0.0327700 secs] 359219K->236655K(494976K), 0.0328268 secs] [Times: user=0.03 sys=0.00, real=0.04 secs] 
2018-03-22T17:10:21.301+0000: 497.903: [GC (Allocation Failure) 2018-03-22T17:10:21.301+0000: 497.903: [DefNew: 153600K->4951K(153600K), 0.0161817 secs] 373231K->227448K(494976K), 0.0162470 secs] [Times: user=0.01 sys=0.00, real=0.02 secs] 
2018-03-22T17:10:23.625+0000: 500.228: [GC (Allocation Failure) 2018-03-22T17:10:23.625+0000: 500.228: [DefNew: 141527K->6274K(153600K), 0.0166697 secs] 364024K->228771K(494976K), 0.0167323 secs] [Times: user=0.01 sys=0.01, real=0.02 secs] 
2018-03-22T17:10:26.298+0000: 502.901: [GC (Allocation Failure) 2018-03-22T17:10:26.299+0000: 502.901: [DefNew: 142850K->8609K(153600K), 0.0181918 secs] 365347K->231107K(494976K), 0.0182552 secs] [Times: user=0.01 sys=0.00, real=0.02 secs] 
2018-03-22T17:10:28.986+0000: 505.589: [GC (Allocation Failure) 2018-03-22T17:10:28.986+0000: 505.589: [DefNew: 145185K->7594K(153600K), 0.0235232 secs] 367683K->231398K(494976K), 0.0235904 secs] [Times: user=0.01 sys=0.01, real=0.02 secs] 
2018-03-22T17:10:31.481+0000: 508.084: [GC (Allocation Failure) 2018-03-22T17:10:31.481+0000: 508.084: [DefNew: 132870K->8412K(153600K), 0.0157827 secs] 356673K->232216K(494976K), 0.0158386 secs] [Times: user=0.00 sys=0.01, real=0.02 secs] 
2018-03-22T17:10:34.282+0000: 510.884: [GC (Allocation Failure) 2018-03-22T17:10:34.282+0000: 510.885: [DefNew: 144988K->8890K(153600K), 0.0095954 secs] 368792K->232694K(494976K), 0.0096580 secs] [Times: user=0.01 sys=0.00, real=0.00 secs] 
2018-03-22T17:10:36.520+0000: 513.122: [GC (Allocation Failure) 2018-03-22T17:10:36.520+0000: 513.122: [DefNew: 133825K->8098K(153600K), 0.0206365 secs] 357629K->233333K(494976K), 0.0207214 secs] [Times: user=0.02 sys=0.00, real=0.02 secs] 
2018-03-22T17:10:38.914+0000: 515.516: [GC (Allocation Failure) 2018-03-22T17:10:38.914+0000: 515.516: [DefNew: 144674K->13508K(153600K), 0.0394871 secs] 369909K->238744K(494976K), 0.0395661 secs] [Times: user=0.04 sys=0.00, real=0.03 secs] 
2018-03-22T17:10:41.517+0000: 518.120: [GC (Allocation Failure) 2018-03-22T17:10:41.517+0000: 518.120: [DefNew: 147859K->5739K(153600K), 0.0270397 secs] 373094K->235597K(494976K), 0.0271204 secs] [Times: user=0.02 sys=0.00, real=0.03 secs] 
2018-03-22T17:10:43.857+0000: 520.460: [GC (Allocation Failure) 2018-03-22T17:10:43.857+0000: 520.460: [DefNew: 142315K->10519K(153600K), 0.0273181 secs] 372173K->240376K(494976K), 0.0273898 secs] [Times: user=0.03 sys=0.00, real=0.03 secs] 
2018-03-22T17:10:46.518+0000: 523.121: [GC (Allocation Failure) 2018-03-22T17:10:46.518+0000: 523.121: [DefNew: 143071K->5695K(153600K), 0.0178094 secs] 372929K->238589K(494976K), 0.0178771 secs] [Times: user=0.01 sys=0.00, real=0.02 secs] 
2018-03-22T17:10:49.002+0000: 525.604: [GC (Allocation Failure) 2018-03-22T17:10:49.002+0000: 525.604: [DefNew: 139732K->7383K(153600K), 0.0164862 secs] 372626K->240277K(494976K), 0.0165560 secs] [Times: user=0.02 sys=0.00, real=0.01 secs] 
2018-03-22T17:10:51.516+0000: 528.119: [GC (Allocation Failure) 2018-03-22T17:10:51.516+0000: 528.119: [DefNew: 141353K->8434K(153600K), 0.0170867 secs] 374247K->241328K(494976K), 0.0171676 secs] [Times: user=0.02 sys=0.00, real=0.01 secs] 
17:10:53.140 [Client] INFO  c.s.f.r.e.s.SocketRear  - FlameSocketGraphDeployerRear@10.0.0.224: has been disconnected from Connection 6
17:11:04.270 [worker-akka.actor.default-dispatcher-7] INFO  a.a.CoordinatedShutdown CoordinatedShutdown(akka://worker) - Starting coordinated shutdown from JVM shutdown hook
17:11:04.287 [worker-akka.actor.default-dispatcher-15] INFO  a.a.LocalActorRef akka://worker/user/watcher/graph/edge/FlameSocketGraphDeployerFront - Stopped
17:11:04.287 [worker-akka.actor.default-dispatcher-15] INFO  a.a.LocalActorRef akka://worker/user/watcher/graph/edge/FlameSocketGraphDeployerRear - Stopped
17:11:04.288 [worker-akka.actor.default-dispatcher-14] INFO  a.a.LocalActorRef akka://worker/user/watcher/graph/negotiator - Stopped
17:11:04.293 [worker-akka.actor.default-dispatcher-12] INFO  a.a.LocalActorRef akka://worker/user/watcher/graph/graph/$a - Stopped
17:11:04.293 [worker-akka.actor.default-dispatcher-12] INFO  a.a.LocalActorRef akka://worker/user/watcher/graph/graph/$b - Stopped
17:11:04.293 [worker-akka.actor.default-dispatcher-12] INFO  a.a.LocalActorRef akka://worker/user/watcher/graph/graph/$c - Stopped
17:11:04.293 [worker-akka.actor.default-dispatcher-12] INFO  a.a.LocalActorRef akka://worker/user/watcher/graph/edge - Stopped
17:11:04.296 [worker-akka.actor.default-dispatcher-15] INFO  a.a.LocalActorRef akka://worker/user/watcher/graph/graph/local-acker/$a - Stopped
17:11:04.296 [worker-akka.actor.default-dispatcher-15] INFO  a.a.LocalActorRef akka://worker/user/watcher/graph/graph/local-acker/$a - Message [com.spbsu.flamestream.runtime.utils.akka.PingActor$InnerPing] from Actor[akka://worker/user/watcher/graph/graph/local-acker/$a#-965681699] to Actor[akka://worker/user/watcher/graph/graph/local-acker/$a#-965681699] was not delivered. [1] dead letters encountered. This logging can be turned off or adjusted with configuration settings 'akka.log-dead-letters' and 'akka.log-dead-letters-during-shutdown'.
17:11:04.299 [worker-akka.actor.default-dispatcher-5] INFO  a.a.LocalActorRef akka://worker/user/watcher/graph/graph/local-acker - Stopped
17:11:04.299 [worker-akka.actor.default-dispatcher-5] INFO  a.a.LocalActorRef akka://worker/user/watcher/graph/graph - Stopped
17:11:04.299 [worker-akka.actor.default-dispatcher-5] INFO  a.a.LocalActorRef akka://worker/user/watcher/graph - Stopped
17:11:04.301 [worker-akka.actor.default-dispatcher-6] INFO  a.a.RepointableActorRef akka://worker/user/watcher - Stopped
17:11:04.301 [worker-akka.actor.default-dispatcher-12] INFO  a.a.LocalActorRef akka://worker/user/watcher/graph/graph/local-acker/$a - Message [com.spbsu.flamestream.runtime.utils.akka.PingActor$Stop] from Actor[akka://worker/user/watcher/graph/graph/local-acker#1819139911] to Actor[akka://worker/user/watcher/graph/graph/local-acker/$a#-965681699] was not delivered. [2] dead letters encountered. This logging can be turned off or adjusted with configuration settings 'akka.log-dead-letters' and 'akka.log-dead-letters-during-shutdown'.
17:11:04.301 [worker-akka.actor.default-dispatcher-12] INFO  a.a.LocalActorRef akka://worker/user/watcher/graph/graph/local-acker - Message [com.spbsu.flamestream.runtime.acker.LocalAcker$Flush] from Actor[akka://worker/user/watcher/graph/graph/local-acker/$a#-965681699] to Actor[akka://worker/user/watcher/graph/graph/local-acker#1819139911] was not delivered. [3] dead letters encountered. This logging can be turned off or adjusted with configuration settings 'akka.log-dead-letters' and 'akka.log-dead-letters-during-shutdown'.
17:11:04.304 [worker-akka.actor.default-dispatcher-2-EventThread] INFO  o.a.z.ClientCnxn  - EventThread shut down for session: 0x1624ea83f70000b
17:11:04.304 [worker-akka.actor.default-dispatcher-5] INFO  o.a.z.ZooKeeper  - Session: 0x1624ea83f70000b closed
17:11:04.314 [worker-akka.actor.default-dispatcher-17] INFO  a.r.RemoteActorRefProvider$RemotingTerminator akka://worker@10.0.0.224:5412/system/remoting-terminator - Shutting down remote daemon.
17:11:04.314 [worker-akka.actor.default-dispatcher-17] INFO  a.r.RemoteActorRefProvider$RemotingTerminator akka://worker@10.0.0.224:5412/system/remoting-terminator - Remote daemon shut down; proceeding with flushing remote transports.
17:11:05.474 [worker-akka.actor.default-dispatcher-7] INFO  a.r.RemoteActorRefProvider$RemotingTerminator akka://worker@10.0.0.224:5412/system/remoting-terminator - Remoting shut down.
Heap
 def new generation   total 153600K, used 138968K [0x00000000e0c00000, 0x00000000eb2a0000, 0x00000000eb2a0000)
  eden space 136576K,  95% used [0x00000000e0c00000, 0x00000000e8b79520, 0x00000000e9160000)
  from space 17024K,  49% used [0x00000000ea200000, 0x00000000eaa3cb60, 0x00000000eb2a0000)
  to   space 17024K,   0% used [0x00000000e9160000, 0x00000000e9160000, 0x00000000ea200000)
 tenured generation   total 341376K, used 232894K [0x00000000eb2a0000, 0x0000000100000000, 0x0000000100000000)
   the space 341376K,  68% used [0x00000000eb2a0000, 0x00000000f960f848, 0x00000000f960fa00, 0x0000000100000000)
 Metaspace       used 34032K, capacity 34954K, committed 35200K, reserved 1079296K
  class space    used 4480K, capacity 4664K, committed 4736K, reserved 1048576K
