10:15:14.525 [worker-akka.actor.default-dispatcher-2] INFO  a.e.s.Slf4jLogger  - Slf4jLogger started
2018-02-23T10:15:14.680+0000: 1.827: [Full GC (Metadata GC Threshold) 2018-02-23T10:15:14.680+0000: 1.827: [Tenured: 0K->15408K(341376K), 0.0371399 secs] 117531K->15408K(494976K), [Metaspace: 20870K->20870K(1067008K)], 0.0372167 secs] [Times: user=0.04 sys=0.00, real=0.04 secs] 
Ama winner
Ama winner
10:15:15.046 [worker-akka.actor.default-dispatcher-2] INFO  a.r.a.ArteryTransport(akka://worker) akka.remote.artery.ArteryTransport(akka://worker) - Started embedded media driver in directory [/dev/shm/aeron-root-worker-97f76b02-d33a-4148-8554-6637231589ce]
10:15:15.263 [worker-akka.actor.default-dispatcher-2] INFO  a.r.a.ArteryTransport(akka://worker) akka.remote.artery.ArteryTransport(akka://worker) - Remoting started; listening on address: [akka://worker@172.31.47.100:5412] with UID [-1408682603143107482]
10:15:15.362 [worker-akka.actor.default-dispatcher-2] INFO  o.a.z.ZooKeeper  - Client environment:zookeeper.version=3.4.9-1757313, built on 08/23/2016 06:50 GMT
10:15:15.362 [worker-akka.actor.default-dispatcher-2] INFO  o.a.z.ZooKeeper  - Client environment:host.name=ip-172-31-47-100.us-east-2.compute.internal
10:15:15.362 [worker-akka.actor.default-dispatcher-2] INFO  o.a.z.ZooKeeper  - Client environment:java.version=1.8.0_151
10:15:15.362 [worker-akka.actor.default-dispatcher-2] INFO  o.a.z.ZooKeeper  - Client environment:java.vendor=Oracle Corporation
10:15:15.362 [worker-akka.actor.default-dispatcher-2] INFO  o.a.z.ZooKeeper  - Client environment:java.home=/usr/lib/jvm/java-8-openjdk-amd64/jre
10:15:15.362 [worker-akka.actor.default-dispatcher-2] INFO  o.a.z.ZooKeeper  - Client environment:java.class.path=lib/commons-cli-1.4.jar:lib/minlog-1.3.0.jar:lib/asm-5.0.4.jar:lib/hadoop-annotations-2.7.3.jar:lib/hadoop-auth-2.7.3.jar:lib/akka-slf4j_2.11-2.5.6.jar:lib/jersey-core-1.9.jar:lib/lz4-1.3.0.jar:lib/jackson-core-asl-1.9.13.jar:lib/aeron-client-1.3.0.jar:lib/htrace-core-3.1.0-incubating.jar:lib/xz-1.0.jar:lib/commons-httpclient-3.1.jar:lib/asm-3.1.jar:lib/commons-lang3-3.4.jar:lib/scala-library-2.11.11.jar:lib/scala-java8-compat_2.11-0.7.0.jar:lib/commons-configuration-1.6.jar:lib/objenesis-2.1.jar:lib/jackson-annotations-2.8.0.jar:lib/jsr305-3.0.0.jar:lib/curator-framework-2.7.1.jar:lib/jersey-server-1.9.jar:lib/jets3t-0.9.0.jar:lib/leveldb-0.7.jar:lib/jetty-6.1.26.jar:lib/stax-api-1.0-2.jar:lib/flamestream-core-1.0-SNAPSHOT.jar:lib/reflectasm-1.07-shaded.jar:lib/apacheds-kerberos-codec-2.0.0-M15.jar:lib/api-asn1-api-1.0.0-M20.jar:lib/commons-lang-2.6.jar:lib/commons-beanutils-1.7.0.jar:lib/jackson-xc-1.8.3.jar:lib/jetty-util-6.1.26.jar:lib/logback-classic-1.2.3.jar:lib/jool-0.9.12.jar:lib/flamestream-runtime-1.0-SNAPSHOT-tests.jar:lib/httpcore-4.1.2.jar:lib/kryo-4.0.0.jar:lib/ant-1.8.1.jar:lib/jaxb-impl-2.2.3-1.jar:lib/jersey-json-1.9.jar:lib/commons-compress-1.4.1.jar:lib/leveldbjni-all-1.8.jar:lib/paranamer-2.3.jar:lib/jackson-core-2.8.4.jar:lib/commons-math3-3.6.1.jar:lib/scala-parser-combinators_2.11-1.0.4.jar:lib/netty-3.10.6.Final.jar:lib/trove4j-3.0.3.jar:lib/jaxb-api-2.2.2.jar:lib/logback-core-1.2.3.jar:lib/snappy-java-1.0.4.1.jar:lib/protobuf-java-2.5.0.jar:lib/reactive-streams-1.0.1.jar:lib/flamestream-examples-1.0-SNAPSHOT.jar:lib/commons-codec-1.4.jar:lib/activation-1.1.jar:lib/commons-net-3.1.jar:lib/curator-recipes-2.7.1.jar:lib/jackson-mapper-asl-1.9.13.jar:lib/jackson-databind-2.8.4.jar:lib/flamestream-runtime-1.0-SNAPSHOT.jar:lib/jackson-jaxrs-1.8.3.jar:lib/slf4j-api-1.7.24.jar:lib/akka-remote_2.11-2.5.6.jar:lib/akka-testkit_2.11-2.5.6.jar:lib/jline-0.9.94.jar:lib/akka-stream_2.11-2.5.6.jar:lib/jsp-api-2.1.jar:lib/kryonet-2.21.jar:lib/akka-kryo-serialization_2.11-0.5.0.jar:lib/config-1.3.1.jar:lib/ant-launcher-1.8.1.jar:lib/commons-logging-1.2.jar:lib/ssl-config-core_2.11-0.2.2.jar:lib/testng-6.10.jar:lib/leveldb-api-0.7.jar:lib/reflectasm-1.11.3.jar:lib/jcommander-1.48.jar:lib/commons-1.1.jar:lib/commons-digester-1.8.jar:lib/minlog-1.2.jar:lib/java-xmlbuilder-0.4.jar:lib/jettison-1.1.jar:lib/gson-2.2.4.jar:lib/jdk.tools-1.8.jar:lib/aeron-driver-1.3.0.jar:lib/zookeeper-3.4.9.jar:lib/commons-beanutils-core-1.8.0.jar:lib/commons-math3-3.1.1.jar:lib/akka-actor_2.11-2.5.6.jar:lib/curator-client-2.7.1.jar:lib/servlet-api-2.5.jar:lib/apacheds-i18n-2.0.0-M15.jar:lib/commons-io-2.4.jar:lib/commons-codec-1.6.jar:lib/akka-protobuf_2.11-2.5.6.jar:lib/jdom-2.0.2.jar:lib/api-util-1.0.0-M20.jar:lib/hadoop-common-2.7.3.jar:lib/agrona-0.9.6.jar:lib/xmlenc-0.52.jar:lib/guava-21.0.jar:lib/commons-collections-3.2.2.jar:lib/avro-1.7.4.jar:lib/httpclient-4.1.2.jar:lib/flamestream-core-1.0-SNAPSHOT-tests.jar:lib/annotations-12.0.jar:lib/jsch-0.1.42.jar:flamestream-runtime-1.0-SNAPSHOT.jar
10:15:15.362 [worker-akka.actor.default-dispatcher-2] INFO  o.a.z.ZooKeeper  - Client environment:java.library.path=/usr/java/packages/lib/amd64:/usr/lib/x86_64-linux-gnu/jni:/lib/x86_64-linux-gnu:/usr/lib/x86_64-linux-gnu:/usr/lib/jni:/lib:/usr/lib
10:15:15.362 [worker-akka.actor.default-dispatcher-2] INFO  o.a.z.ZooKeeper  - Client environment:java.io.tmpdir=/tmp
10:15:15.363 [worker-akka.actor.default-dispatcher-2] INFO  o.a.z.ZooKeeper  - Client environment:java.compiler=<NA>
10:15:15.363 [worker-akka.actor.default-dispatcher-2] INFO  o.a.z.ZooKeeper  - Client environment:os.name=Linux
10:15:15.363 [worker-akka.actor.default-dispatcher-2] INFO  o.a.z.ZooKeeper  - Client environment:os.arch=amd64
10:15:15.363 [worker-akka.actor.default-dispatcher-2] INFO  o.a.z.ZooKeeper  - Client environment:os.version=4.4.0-1049-aws
10:15:15.363 [worker-akka.actor.default-dispatcher-2] INFO  o.a.z.ZooKeeper  - Client environment:user.name=root
10:15:15.364 [worker-akka.actor.default-dispatcher-2] INFO  o.a.z.ZooKeeper  - Client environment:user.home=/root
10:15:15.364 [worker-akka.actor.default-dispatcher-2] INFO  o.a.z.ZooKeeper  - Client environment:user.dir=/opt/flamestream
10:15:15.368 [worker-akka.actor.default-dispatcher-2] INFO  o.a.z.ZooKeeper  - Initiating client connection, connectString=172.31.34.147:2181 sessionTimeout=5000 watcher=com.spbsu.flamestream.runtime.application.LifecycleWatcher$$Lambda$29/764839090@3d5d5f13
10:15:15.401 [worker-akka.actor.default-dispatcher-2-SendThread(172.31.34.147:2181)] INFO  o.a.z.ClientCnxn  - Opening socket connection to server 172.31.34.147/172.31.34.147:2181. Will not attempt to authenticate using SASL (unknown error)
10:15:15.403 [worker-akka.actor.default-dispatcher-2] INFO  a.a.RepointableActorRef akka://worker/user/watcher - Starting...
10:15:15.407 [worker-akka.actor.default-dispatcher-2-SendThread(172.31.34.147:2181)] INFO  o.a.z.ClientCnxn  - Socket connection established to 172.31.34.147/172.31.34.147:2181, initiating session
10:15:15.417 [worker-akka.actor.default-dispatcher-2-SendThread(172.31.34.147:2181)] INFO  o.a.z.ClientCnxn  - Session establishment complete on server 172.31.34.147/172.31.34.147:2181, sessionid = 0x161c2283ddd0003, negotiated timeout = 6000
10:15:15.499 [worker-akka.actor.default-dispatcher-2] INFO  a.a.RepointableActorRef akka://worker/user/watcher - Connected to ZK
10:15:22.769 [worker-akka.actor.default-dispatcher-2] INFO  a.a.RepointableActorRef akka://worker/user/watcher - Creating node with watchGraphs: 'com.spbsu.flamestream.core.Graph$Builder$MyGraph@6c1314f1', config: 'ClusterConfig{paths={172.31.33.155=akka://worker@172.31.33.155:5412/user/watcher/graph0000000000, 172.31.47.83=akka://worker@172.31.47.83:5412/user/watcher/graph0000000000, 172.31.45.197=akka://worker@172.31.45.197:5412/user/watcher/graph0000000000, 172.31.42.36=akka://worker@172.31.42.36:5412/user/watcher/graph0000000000, 172.31.44.83=akka://worker@172.31.44.83:5412/user/watcher/graph0000000000, 172.31.39.64=akka://worker@172.31.39.64:5412/user/watcher/graph0000000000, 172.31.35.79=akka://worker@172.31.35.79:5412/user/watcher/graph0000000000, 172.31.34.169=akka://worker@172.31.34.169:5412/user/watcher/graph0000000000, 172.31.47.100=akka://worker@172.31.47.100:5412/user/watcher/graph0000000000, 172.31.37.101=akka://worker@172.31.37.101:5412/user/watcher/graph0000000000}, ackerLocation='172.31.35.79', props=ComputationLayout{ranges={172.31.33.155=HashRange{from=-1670265060, to=-1193046472}, 172.31.47.83=HashRange{from=1670265056, to=2147483644}, 172.31.45.197=HashRange{from=-715827884, to=-238609296}, 172.31.42.36=HashRange{from=1193046468, to=1670265056}, 172.31.44.83=HashRange{from=-238609296, to=238609292}, 172.31.39.64=HashRange{from=715827880, to=1193046468}, 172.31.35.79=HashRange{from=0, to=0}, 172.31.34.169=HashRange{from=-2147483648, to=-1670265060}, 172.31.47.100=HashRange{from=238609292, to=715827880}, 172.31.37.101=HashRange{from=-1193046472, to=-715827884}}}}'
10:15:23.669 [worker-akka.actor.default-dispatcher-2] INFO  a.a.LocalActorRef akka://worker/user/watcher/graph0000000000/graph - Starting...
10:15:23.673 [worker-akka.actor.default-dispatcher-2] INFO  a.a.LocalActorRef akka://worker/user/watcher/graph0000000000/graph/local-acker - Starting...
10:15:23.674 [worker-akka.actor.default-dispatcher-2] INFO  a.a.LocalActorRef akka://worker/user/watcher/graph0000000000/graph/local-acker/$a - Starting...
Warning: space is running low in /dev/shm (tmpfs) threshold=167,772,160 usable=158,621,696
Warning: space is running low in /dev/shm (tmpfs) threshold=167,772,160 usable=146,034,688
Warning: space is running low in /dev/shm (tmpfs) threshold=167,772,160 usable=133,447,680
Warning: space is running low in /dev/shm (tmpfs) threshold=167,772,160 usable=120,860,672
Warning: space is running low in /dev/shm (tmpfs) threshold=167,772,160 usable=108,273,664
Warning: space is running low in /dev/shm (tmpfs) threshold=167,772,160 usable=95,686,656
Warning: space is running low in /dev/shm (tmpfs) threshold=167,772,160 usable=83,099,648
Warning: space is running low in /dev/shm (tmpfs) threshold=167,772,160 usable=70,512,640
10:15:25.205 [worker-akka.actor.default-dispatcher-2] INFO  a.a.LocalActorRef akka://worker/user/watcher/graph0000000000/graph - Finishing constructor
10:15:25.207 [worker-akka.actor.default-dispatcher-2] INFO  a.a.LocalActorRef akka://worker/user/watcher/graph0000000000 - Starting...
10:15:25.210 [worker-akka.actor.default-dispatcher-2] INFO  a.a.LocalActorRef akka://worker/user/watcher/graph0000000000/negotiator - Starting...
10:15:25.266 [worker-akka.actor.default-dispatcher-2] INFO  a.a.LocalActorRef akka://worker/user/watcher/graph0000000000/edge - Starting...
10:15:25.268 [worker-akka.actor.default-dispatcher-2] INFO  a.a.LocalActorRef akka://worker/user/watcher/graph0000000000/graph/$a - Starting...
10:15:25.268 [worker-akka.actor.default-dispatcher-2] INFO  a.a.LocalActorRef akka://worker/user/watcher/graph0000000000/graph/$b - Starting...
10:15:25.269 [worker-akka.actor.default-dispatcher-2] INFO  a.a.LocalActorRef akka://worker/user/watcher/graph0000000000/graph/$c - Starting...
10:15:25.301 [worker-akka.actor.default-dispatcher-2] INFO  c.s.f.r.e.s.SocketRear  - FlameSocketGraphDeployerRear@172.31.47.100: connecting to 172.31.34.147:5678
10:15:25.309 [worker-akka.actor.default-dispatcher-2] INFO  c.s.f.r.e.s.SocketRear  - FlameSocketGraphDeployerRear@172.31.47.100: connected to 172.31.34.147:5678
10:15:25.336 [worker-akka.actor.default-dispatcher-2] INFO  a.a.LocalActorRef akka://worker/user/watcher/graph0000000000/edge/FlameSocketGraphDeployerRear - Starting...
10:15:25.337 [worker-akka.actor.default-dispatcher-2] INFO  a.a.LocalActorRef akka://worker/user/watcher/graph0000000000/edge/FlameSocketGraphDeployerFront - Starting...
10:15:25.350 [worker-akka.actor.default-dispatcher-2] INFO  a.a.LocalActorRef akka://worker/user/watcher/graph0000000000/negotiator - Requesting ticket for the frontClass FlameSocketGraphDeployerFront@172.31.47.100
10:15:25.351 [worker-akka.actor.default-dispatcher-2] INFO  a.a.LocalActorRef akka://worker/user/watcher/graph0000000000/negotiator - Ticket for the frontClass received: FrontTicket{allowedTimestamp=(1519380922738, FlameSocketGraphDeployerFront@172.31.47.100)}
10:15:25.352 [worker-akka.actor.default-dispatcher-2] INFO  c.s.f.r.e.s.SocketFront  - FlameSocketGraphDeployerFront@172.31.47.100: connecting to 172.31.34.147:4567
10:15:25.379 [Client] INFO  c.s.f.r.e.s.SocketFront  - FlameSocketGraphDeployerFront@172.31.47.100 has been disconnected from Connection 9
2018-02-23T10:15:29.123+0000: 16.270: [GC (Allocation Failure) 2018-02-23T10:15:29.123+0000: 16.270: [DefNew: 136576K->15663K(153600K), 0.0893344 secs] 151984K->50602K(494976K), 0.0894080 secs] [Times: user=0.00 sys=0.08, real=0.09 secs] 
2018-02-23T10:15:36.694+0000: 23.841: [GC (Allocation Failure) 2018-02-23T10:15:36.694+0000: 23.841: [DefNew: 152239K->3395K(153600K), 0.0319837 secs] 187178K->45944K(494976K), 0.0320486 secs] [Times: user=0.01 sys=0.02, real=0.03 secs] 
2018-02-23T10:15:47.235+0000: 34.382: [GC (Allocation Failure) 2018-02-23T10:15:47.235+0000: 34.382: [DefNew: 139971K->5377K(153600K), 0.0118728 secs] 182520K->47926K(494976K), 0.0119284 secs] [Times: user=0.01 sys=0.00, real=0.01 secs] 
2018-02-23T10:15:55.871+0000: 43.018: [GC (Allocation Failure) 2018-02-23T10:15:55.871+0000: 43.018: [DefNew: 141953K->7071K(153600K), 0.0295013 secs] 184502K->49620K(494976K), 0.0295657 secs] [Times: user=0.02 sys=0.02, real=0.03 secs] 
2018-02-23T10:16:04.067+0000: 51.213: [GC (Allocation Failure) 2018-02-23T10:16:04.067+0000: 51.213: [DefNew: 143647K->8974K(153600K), 0.0155778 secs] 186196K->51523K(494976K), 0.0156389 secs] [Times: user=0.01 sys=0.00, real=0.02 secs] 
2018-02-23T10:16:11.589+0000: 58.735: [GC (Allocation Failure) 2018-02-23T10:16:11.589+0000: 58.735: [DefNew: 145550K->8815K(153600K), 0.0183865 secs] 188099K->52758K(494976K), 0.0184491 secs] [Times: user=0.02 sys=0.00, real=0.01 secs] 
2018-02-23T10:16:19.107+0000: 66.253: [GC (Allocation Failure) 2018-02-23T10:16:19.107+0000: 66.253: [DefNew: 145391K->8643K(153600K), 0.0283805 secs] 189334K->53827K(494976K), 0.0284455 secs] [Times: user=0.02 sys=0.02, real=0.03 secs] 
2018-02-23T10:16:30.175+0000: 77.321: [GC (Allocation Failure) 2018-02-23T10:16:30.175+0000: 77.321: [DefNew: 145219K->8321K(153600K), 0.0297217 secs] 190403K->54864K(494976K), 0.0297857 secs] [Times: user=0.01 sys=0.01, real=0.03 secs] 
2018-02-23T10:16:43.818+0000: 90.964: [GC (Allocation Failure) 2018-02-23T10:16:43.818+0000: 90.964: [DefNew: 144897K->10667K(153600K), 0.0166757 secs] 191440K->57210K(494976K), 0.0167506 secs] [Times: user=0.02 sys=0.00, real=0.01 secs] 
2018-02-23T10:16:52.787+0000: 99.933: [GC (Allocation Failure) 2018-02-23T10:16:52.787+0000: 99.933: [DefNew: 147243K->8466K(153600K), 0.0185372 secs] 193786K->57602K(494976K), 0.0186043 secs] [Times: user=0.01 sys=0.00, real=0.02 secs] 
2018-02-23T10:17:04.025+0000: 111.172: [GC (Allocation Failure) 2018-02-23T10:17:04.026+0000: 111.172: [DefNew: 145042K->10021K(153600K), 0.0170914 secs] 194178K->59158K(494976K), 0.0171562 secs] [Times: user=0.02 sys=0.00, real=0.02 secs] 
2018-02-23T10:17:15.878+0000: 123.024: [GC (Allocation Failure) 2018-02-23T10:17:15.878+0000: 123.024: [DefNew: 146597K->8928K(153600K), 0.0305403 secs] 195734K->60168K(494976K), 0.0305996 secs] [Times: user=0.01 sys=0.02, real=0.03 secs] 
2018-02-23T10:17:28.652+0000: 135.798: [GC (Allocation Failure) 2018-02-23T10:17:28.652+0000: 135.798: [DefNew: 145504K->8753K(153600K), 0.0178631 secs] 196744K->61545K(494976K), 0.0179278 secs] [Times: user=0.02 sys=0.00, real=0.02 secs] 
2018-02-23T10:17:37.106+0000: 144.252: [GC (Allocation Failure) 2018-02-23T10:17:37.106+0000: 144.252: [DefNew: 145329K->8803K(153600K), 0.0167572 secs] 198121K->62650K(494976K), 0.0168165 secs] [Times: user=0.02 sys=0.00, real=0.02 secs] 
2018-02-23T10:17:46.877+0000: 154.023: [GC (Allocation Failure) 2018-02-23T10:17:46.877+0000: 154.023: [DefNew: 145379K->8741K(153600K), 0.0173193 secs] 199226K->63853K(494976K), 0.0174051 secs] [Times: user=0.02 sys=0.00, real=0.01 secs] 
2018-02-23T10:17:59.122+0000: 166.269: [GC (Allocation Failure) 2018-02-23T10:17:59.122+0000: 166.269: [DefNew: 145317K->9035K(153600K), 0.0171565 secs] 200429K->65206K(494976K), 0.0172213 secs] [Times: user=0.02 sys=0.00, real=0.02 secs] 
2018-02-23T10:18:08.358+0000: 175.505: [GC (Allocation Failure) 2018-02-23T10:18:08.358+0000: 175.505: [DefNew: 145611K->8870K(153600K), 0.0176200 secs] 201782K->66345K(494976K), 0.0177238 secs] [Times: user=0.02 sys=0.00, real=0.02 secs] 
2018-02-23T10:18:18.212+0000: 185.359: [GC (Allocation Failure) 2018-02-23T10:18:18.212+0000: 185.359: [DefNew: 145446K->8880K(153600K), 0.0164910 secs] 202921K->67245K(494976K), 0.0165498 secs] [Times: user=0.02 sys=0.00, real=0.02 secs] 
2018-02-23T10:18:29.762+0000: 196.909: [GC (Allocation Failure) 2018-02-23T10:18:29.762+0000: 196.909: [DefNew: 145456K->9770K(153600K), 0.0220338 secs] 203821K->69081K(494976K), 0.0221079 secs] [Times: user=0.02 sys=0.01, real=0.02 secs] 
2018-02-23T10:18:42.485+0000: 209.631: [GC (Allocation Failure) 2018-02-23T10:18:42.485+0000: 209.632: [DefNew: 146346K->10058K(153600K), 0.0194098 secs] 205657K->70610K(494976K), 0.0194726 secs] [Times: user=0.02 sys=0.00, real=0.02 secs] 
2018-02-23T10:18:52.406+0000: 219.552: [GC (Allocation Failure) 2018-02-23T10:18:52.406+0000: 219.552: [DefNew: 146634K->9000K(153600K), 0.0192035 secs] 207186K->71700K(494976K), 0.0192694 secs] [Times: user=0.02 sys=0.00, real=0.02 secs] 
2018-02-23T10:19:01.810+0000: 228.957: [GC (Allocation Failure) 2018-02-23T10:19:01.810+0000: 228.957: [DefNew: 145576K->8719K(153600K), 0.0171419 secs] 208276K->72772K(494976K), 0.0172106 secs] [Times: user=0.02 sys=0.00, real=0.01 secs] 
2018-02-23T10:19:11.539+0000: 238.685: [GC (Allocation Failure) 2018-02-23T10:19:11.539+0000: 238.685: [DefNew: 145295K->9081K(153600K), 0.0177461 secs] 209348K->74394K(494976K), 0.0178059 secs] [Times: user=0.02 sys=0.00, real=0.02 secs] 
2018-02-23T10:19:21.470+0000: 248.616: [GC (Allocation Failure) 2018-02-23T10:19:21.470+0000: 248.617: [DefNew: 145657K->10173K(153600K), 0.0176986 secs] 210970K->76712K(494976K), 0.0177619 secs] [Times: user=0.02 sys=0.00, real=0.02 secs] 
2018-02-23T10:19:31.508+0000: 258.655: [GC (Allocation Failure) 2018-02-23T10:19:31.508+0000: 258.655: [DefNew: 146749K->8939K(153600K), 0.0197492 secs] 213288K->78338K(494976K), 0.0198275 secs] [Times: user=0.02 sys=0.00, real=0.02 secs] 
2018-02-23T10:19:41.489+0000: 268.636: [GC (Allocation Failure) 2018-02-23T10:19:41.489+0000: 268.636: [DefNew: 145515K->7927K(153600K), 0.0171411 secs] 214914K->79523K(494976K), 0.0172065 secs] [Times: user=0.01 sys=0.01, real=0.01 secs] 
2018-02-23T10:19:52.261+0000: 279.407: [GC (Allocation Failure) 2018-02-23T10:19:52.261+0000: 279.407: [DefNew: 144503K->10137K(153600K), 0.0162948 secs] 216099K->81734K(494976K), 0.0163587 secs] [Times: user=0.02 sys=0.00, real=0.02 secs] 
2018-02-23T10:20:03.077+0000: 290.224: [GC (Allocation Failure) 2018-02-23T10:20:03.077+0000: 290.224: [DefNew: 146713K->8433K(153600K), 0.0191268 secs] 218310K->82795K(494976K), 0.0192138 secs] [Times: user=0.01 sys=0.00, real=0.02 secs] 
2018-02-23T10:20:13.975+0000: 301.121: [GC (Allocation Failure) 2018-02-23T10:20:13.975+0000: 301.121: [DefNew: 145009K->9988K(153600K), 0.0160344 secs] 219371K->84349K(494976K), 0.0160952 secs] [Times: user=0.01 sys=0.00, real=0.02 secs] 
2018-02-23T10:20:24.664+0000: 311.810: [GC (Allocation Failure) 2018-02-23T10:20:24.664+0000: 311.810: [DefNew: 146564K->10108K(153600K), 0.0186078 secs] 220925K->85769K(494976K), 0.0186695 secs] [Times: user=0.01 sys=0.00, real=0.02 secs] 
2018-02-23T10:20:36.484+0000: 323.630: [GC (Allocation Failure) 2018-02-23T10:20:36.484+0000: 323.630: [DefNew: 146684K->9594K(153600K), 0.0224629 secs] 222345K->87944K(494976K), 0.0225391 secs] [Times: user=0.02 sys=0.01, real=0.02 secs] 
2018-02-23T10:20:47.014+0000: 334.161: [GC (Allocation Failure) 2018-02-23T10:20:47.014+0000: 334.161: [DefNew: 146170K->9370K(153600K), 0.0175094 secs] 224520K->89142K(494976K), 0.0175923 secs] [Times: user=0.01 sys=0.00, real=0.02 secs] 
2018-02-23T10:20:56.537+0000: 343.684: [GC (Allocation Failure) 2018-02-23T10:20:56.537+0000: 343.684: [DefNew: 145946K->9510K(153600K), 0.0181396 secs] 225718K->91131K(494976K), 0.0181986 secs] [Times: user=0.02 sys=0.00, real=0.01 secs] 
2018-02-23T10:21:05.249+0000: 352.396: [GC (Allocation Failure) 2018-02-23T10:21:05.249+0000: 352.396: [DefNew: 146086K->9193K(153600K), 0.0169982 secs] 227707K->92336K(494976K), 0.0170711 secs] [Times: user=0.02 sys=0.00, real=0.01 secs] 
2018-02-23T10:21:17.594+0000: 364.740: [GC (Allocation Failure) 2018-02-23T10:21:17.594+0000: 364.740: [DefNew: 145769K->9104K(153600K), 0.0173387 secs] 228912K->93747K(494976K), 0.0174041 secs] [Times: user=0.02 sys=0.00, real=0.02 secs] 
2018-02-23T10:21:27.908+0000: 375.055: [GC (Allocation Failure) 2018-02-23T10:21:27.908+0000: 375.055: [DefNew: 145680K->9726K(153600K), 0.0231353 secs] 230323K->95765K(494976K), 0.0232130 secs] [Times: user=0.02 sys=0.00, real=0.02 secs] 
2018-02-23T10:21:38.982+0000: 386.129: [GC (Allocation Failure) 2018-02-23T10:21:38.982+0000: 386.129: [DefNew: 146302K->9419K(153600K), 0.0173496 secs] 232341K->97069K(494976K), 0.0174115 secs] [Times: user=0.01 sys=0.00, real=0.02 secs] 
2018-02-23T10:21:48.133+0000: 395.279: [GC (Allocation Failure) 2018-02-23T10:21:48.133+0000: 395.279: [DefNew: 145995K->9350K(153600K), 0.0179644 secs] 233645K->98716K(494976K), 0.0180371 secs] [Times: user=0.01 sys=0.00, real=0.02 secs] 
2018-02-23T10:21:56.264+0000: 403.410: [GC (Allocation Failure) 2018-02-23T10:21:56.264+0000: 403.410: [DefNew: 145926K->9601K(153600K), 0.0173089 secs] 235292K->100291K(494976K), 0.0174118 secs] [Times: user=0.02 sys=0.00, real=0.02 secs] 
2018-02-23T10:22:07.826+0000: 414.972: [GC (Allocation Failure) 2018-02-23T10:22:07.826+0000: 414.972: [DefNew: 146177K->9785K(153600K), 0.0177184 secs] 236867K->102154K(494976K), 0.0177801 secs] [Times: user=0.02 sys=0.00, real=0.02 secs] 
2018-02-23T10:22:17.205+0000: 424.352: [GC (Allocation Failure) 2018-02-23T10:22:17.205+0000: 424.352: [DefNew: 146361K->10119K(153600K), 0.0175171 secs] 238730K->103865K(494976K), 0.0175753 secs] [Times: user=0.02 sys=0.00, real=0.02 secs] 
10:22:19.926 [Client] INFO  c.s.f.r.e.s.SocketRear  - FlameSocketGraphDeployerRear@172.31.47.100: has been disconnected from Connection 9
10:22:31.996 [worker-akka.actor.default-dispatcher-2] INFO  a.a.CoordinatedShutdown CoordinatedShutdown(akka://worker) - Starting coordinated shutdown from JVM shutdown hook
10:22:32.048 [worker-akka.actor.default-dispatcher-2] INFO  a.a.LocalActorRef akka://worker/user/watcher/graph0000000000/negotiator - Stopped
10:22:32.048 [worker-akka.actor.default-dispatcher-2] INFO  a.a.LocalActorRef akka://worker/user/watcher/graph0000000000/edge/FlameSocketGraphDeployerFront - Stopped
10:22:32.049 [worker-akka.actor.default-dispatcher-2] INFO  a.a.LocalActorRef akka://worker/user/watcher/graph0000000000/edge/FlameSocketGraphDeployerRear - Stopped
10:22:32.050 [worker-akka.actor.default-dispatcher-2] INFO  a.a.LocalActorRef akka://worker/user/watcher/graph0000000000/graph/$a - Stopped
10:22:32.051 [worker-akka.actor.default-dispatcher-2] INFO  a.a.LocalActorRef akka://worker/user/watcher/graph0000000000/graph/$b - Stopped
10:22:32.052 [worker-akka.actor.default-dispatcher-2] INFO  a.a.LocalActorRef akka://worker/user/watcher/graph0000000000/graph/$c - Stopped
10:22:32.053 [worker-akka.actor.default-dispatcher-2] INFO  a.a.LocalActorRef akka://worker/user/watcher/graph0000000000/graph/local-acker/$a - Stopped
10:22:32.059 [worker-akka.actor.default-dispatcher-2] INFO  a.a.LocalActorRef akka://worker/user/watcher/graph0000000000/graph/local-acker/$a - Message [com.spbsu.flamestream.runtime.utils.akka.PingActor$InnerPing] from Actor[akka://worker/user/watcher/graph0000000000/graph/local-acker/$a#-212043208] to Actor[akka://worker/user/watcher/graph0000000000/graph/local-acker/$a#-212043208] was not delivered. [1] dead letters encountered. This logging can be turned off or adjusted with configuration settings 'akka.log-dead-letters' and 'akka.log-dead-letters-during-shutdown'.
10:22:32.059 [worker-akka.actor.default-dispatcher-2] INFO  a.a.LocalActorRef akka://worker/user/watcher/graph0000000000/graph/local-acker - Stopped
10:22:32.060 [worker-akka.actor.default-dispatcher-2] INFO  a.a.LocalActorRef akka://worker/user/watcher/graph0000000000/edge - Stopped
10:22:32.061 [worker-akka.actor.default-dispatcher-2] INFO  a.a.LocalActorRef akka://worker/user/watcher/graph0000000000/graph - Stopped
10:22:32.062 [worker-akka.actor.default-dispatcher-2] INFO  a.a.LocalActorRef akka://worker/user/watcher/graph0000000000 - Stopped
10:22:32.066 [worker-akka.actor.default-dispatcher-2-EventThread] INFO  o.a.z.ClientCnxn  - EventThread shut down for session: 0x161c2283ddd0003
10:22:32.066 [worker-akka.actor.default-dispatcher-2] INFO  o.a.z.ZooKeeper  - Session: 0x161c2283ddd0003 closed
10:22:32.068 [worker-akka.actor.default-dispatcher-2] INFO  a.a.RepointableActorRef akka://worker/user/watcher - Stopped
10:22:32.069 [worker-akka.actor.default-dispatcher-2] INFO  a.a.LocalActorRef akka://worker/user/watcher/graph0000000000/graph/local-acker/$a - Message [com.spbsu.flamestream.runtime.utils.akka.PingActor$Stop] from Actor[akka://worker/user/watcher/graph0000000000/graph/local-acker#1156700012] to Actor[akka://worker/user/watcher/graph0000000000/graph/local-acker/$a#-212043208] was not delivered. [2] dead letters encountered. This logging can be turned off or adjusted with configuration settings 'akka.log-dead-letters' and 'akka.log-dead-letters-during-shutdown'.
10:22:32.069 [worker-akka.actor.default-dispatcher-2] INFO  a.a.LocalActorRef akka://worker/user/watcher/graph0000000000/graph/local-acker - Message [com.spbsu.flamestream.runtime.acker.LocalAcker$Flush] from Actor[akka://worker/user/watcher/graph0000000000/graph/local-acker#1156700012] to Actor[akka://worker/user/watcher/graph0000000000/graph/local-acker#1156700012] was not delivered. [3] dead letters encountered. This logging can be turned off or adjusted with configuration settings 'akka.log-dead-letters' and 'akka.log-dead-letters-during-shutdown'.
10:22:32.071 [worker-akka.actor.default-dispatcher-2] INFO  a.a.LocalActorRef akka://worker/user/watcher/graph0000000000/graph/local-acker - Message [com.spbsu.flamestream.runtime.acker.LocalAcker$Flush] from Actor[akka://worker/user/watcher/graph0000000000/graph/local-acker#1156700012] to Actor[akka://worker/user/watcher/graph0000000000/graph/local-acker#1156700012] was not delivered. [4] dead letters encountered. This logging can be turned off or adjusted with configuration settings 'akka.log-dead-letters' and 'akka.log-dead-letters-during-shutdown'.
10:22:32.072 [worker-akka.actor.default-dispatcher-2] INFO  a.a.LocalActorRef akka://worker/user/watcher/graph0000000000/graph/local-acker - Message [com.spbsu.flamestream.runtime.acker.LocalAcker$Flush] from Actor[akka://worker/user/watcher/graph0000000000/graph/local-acker#1156700012] to Actor[akka://worker/user/watcher/graph0000000000/graph/local-acker#1156700012] was not delivered. [5] dead letters encountered. This logging can be turned off or adjusted with configuration settings 'akka.log-dead-letters' and 'akka.log-dead-letters-during-shutdown'.
10:22:32.078 [worker-akka.actor.default-dispatcher-2] INFO  a.a.LocalActorRef akka://worker/user/watcher/graph0000000000/graph/local-acker - Message [com.spbsu.flamestream.runtime.acker.LocalAcker$Flush] from Actor[akka://worker/user/watcher/graph0000000000/graph/local-acker#1156700012] to Actor[akka://worker/user/watcher/graph0000000000/graph/local-acker#1156700012] was not delivered. [6] dead letters encountered. This logging can be turned off or adjusted with configuration settings 'akka.log-dead-letters' and 'akka.log-dead-letters-during-shutdown'.
10:22:32.079 [worker-akka.actor.default-dispatcher-2] INFO  a.a.LocalActorRef akka://worker/user/watcher/graph0000000000/graph/local-acker - Message [com.spbsu.flamestream.runtime.acker.LocalAcker$Flush] from Actor[akka://worker/user/watcher/graph0000000000/graph/local-acker#1156700012] to Actor[akka://worker/user/watcher/graph0000000000/graph/local-acker#1156700012] was not delivered. [7] dead letters encountered. This logging can be turned off or adjusted with configuration settings 'akka.log-dead-letters' and 'akka.log-dead-letters-during-shutdown'.
10:22:32.080 [worker-akka.actor.default-dispatcher-2] INFO  a.a.LocalActorRef akka://worker/user/watcher/graph0000000000/graph/local-acker - Message [com.spbsu.flamestream.runtime.acker.LocalAcker$Flush] from Actor[akka://worker/user/watcher/graph0000000000/graph/local-acker#1156700012] to Actor[akka://worker/user/watcher/graph0000000000/graph/local-acker#1156700012] was not delivered. [8] dead letters encountered. This logging can be turned off or adjusted with configuration settings 'akka.log-dead-letters' and 'akka.log-dead-letters-during-shutdown'.
10:22:32.081 [worker-akka.actor.default-dispatcher-2] INFO  a.a.LocalActorRef akka://worker/user/watcher/graph0000000000/graph/local-acker - Message [com.spbsu.flamestream.runtime.acker.LocalAcker$Flush] from Actor[akka://worker/user/watcher/graph0000000000/graph/local-acker#1156700012] to Actor[akka://worker/user/watcher/graph0000000000/graph/local-acker#1156700012] was not delivered. [9] dead letters encountered. This logging can be turned off or adjusted with configuration settings 'akka.log-dead-letters' and 'akka.log-dead-letters-during-shutdown'.
10:22:32.082 [worker-akka.actor.default-dispatcher-2] INFO  a.a.LocalActorRef akka://worker/user/watcher/graph0000000000/graph/local-acker - Message [com.spbsu.flamestream.runtime.acker.LocalAcker$Flush] from Actor[akka://worker/user/watcher/graph0000000000/graph/local-acker#1156700012] to Actor[akka://worker/user/watcher/graph0000000000/graph/local-acker#1156700012] was not delivered. [10] dead letters encountered. This logging can be turned off or adjusted with configuration settings 'akka.log-dead-letters' and 'akka.log-dead-letters-during-shutdown'.
10:22:32.097 [worker-akka.actor.default-dispatcher-2] INFO  a.r.RemoteActorRefProvider$RemotingTerminator akka://worker@172.31.47.100:5412/system/remoting-terminator - Shutting down remote daemon.
10:22:32.102 [worker-akka.actor.default-dispatcher-2] INFO  a.r.RemoteActorRefProvider$RemotingTerminator akka://worker@172.31.47.100:5412/system/remoting-terminator - Remote daemon shut down; proceeding with flushing remote transports.
10:22:32.329 [worker-akka.actor.default-dispatcher-2] INFO  a.r.RemoteActorRefProvider$RemotingTerminator akka://worker@172.31.47.100:5412/system/remoting-terminator - Remoting shut down.
Heap
 def new generation   total 153600K, used 60532K [0x00000000e0c00000, 0x00000000eb2a0000, 0x00000000eb2a0000)
  eden space 136576K,  36% used [0x00000000e0c00000, 0x00000000e3d3b410, 0x00000000e9160000)
  from space 17024K,  59% used [0x00000000ea200000, 0x00000000eabe1ed0, 0x00000000eb2a0000)
  to   space 17024K,   0% used [0x00000000e9160000, 0x00000000e9160000, 0x00000000ea200000)
 tenured generation   total 341376K, used 93746K [0x00000000eb2a0000, 0x0000000100000000, 0x0000000100000000)
   the space 341376K,  27% used [0x00000000eb2a0000, 0x00000000f0e2c870, 0x00000000f0e2ca00, 0x0000000100000000)
 Metaspace       used 33438K, capacity 34162K, committed 34432K, reserved 1079296K
  class space    used 4456K, capacity 4624K, committed 4736K, reserved 1048576K
