10:15:15.089 [worker-akka.actor.default-dispatcher-2] INFO  a.e.s.Slf4jLogger  - Slf4jLogger started
2018-02-23T10:15:15.246+0000: 1.764: [Full GC (Metadata GC Threshold) 2018-02-23T10:15:15.246+0000: 1.764: [Tenured: 0K->15400K(341376K), 0.0360552 secs] 117531K->15400K(494976K), [Metaspace: 20868K->20868K(1067008K)], 0.0361232 secs] [Times: user=0.03 sys=0.00, real=0.04 secs] 
Ama winner
Ama winner
10:15:15.612 [worker-akka.actor.default-dispatcher-2] INFO  a.r.a.ArteryTransport(akka://worker) akka.remote.artery.ArteryTransport(akka://worker) - Started embedded media driver in directory [/dev/shm/aeron-root-worker-1bba5dda-3015-460b-a887-cff862596089]
10:15:15.825 [worker-akka.actor.default-dispatcher-2] INFO  a.r.a.ArteryTransport(akka://worker) akka.remote.artery.ArteryTransport(akka://worker) - Remoting started; listening on address: [akka://worker@172.31.47.83:5412] with UID [-6622437291311632455]
10:15:15.925 [worker-akka.actor.default-dispatcher-2] INFO  o.a.z.ZooKeeper  - Client environment:zookeeper.version=3.4.9-1757313, built on 08/23/2016 06:50 GMT
10:15:15.925 [worker-akka.actor.default-dispatcher-2] INFO  o.a.z.ZooKeeper  - Client environment:host.name=ip-172-31-47-83.us-east-2.compute.internal
10:15:15.925 [worker-akka.actor.default-dispatcher-2] INFO  o.a.z.ZooKeeper  - Client environment:java.version=1.8.0_151
10:15:15.925 [worker-akka.actor.default-dispatcher-2] INFO  o.a.z.ZooKeeper  - Client environment:java.vendor=Oracle Corporation
10:15:15.925 [worker-akka.actor.default-dispatcher-2] INFO  o.a.z.ZooKeeper  - Client environment:java.home=/usr/lib/jvm/java-8-openjdk-amd64/jre
10:15:15.926 [worker-akka.actor.default-dispatcher-2] INFO  o.a.z.ZooKeeper  - Client environment:java.class.path=lib/commons-cli-1.4.jar:lib/minlog-1.3.0.jar:lib/asm-5.0.4.jar:lib/hadoop-annotations-2.7.3.jar:lib/hadoop-auth-2.7.3.jar:lib/akka-slf4j_2.11-2.5.6.jar:lib/jersey-core-1.9.jar:lib/lz4-1.3.0.jar:lib/jackson-core-asl-1.9.13.jar:lib/aeron-client-1.3.0.jar:lib/htrace-core-3.1.0-incubating.jar:lib/xz-1.0.jar:lib/commons-httpclient-3.1.jar:lib/asm-3.1.jar:lib/commons-lang3-3.4.jar:lib/scala-library-2.11.11.jar:lib/scala-java8-compat_2.11-0.7.0.jar:lib/commons-configuration-1.6.jar:lib/objenesis-2.1.jar:lib/jackson-annotations-2.8.0.jar:lib/jsr305-3.0.0.jar:lib/curator-framework-2.7.1.jar:lib/jersey-server-1.9.jar:lib/jets3t-0.9.0.jar:lib/leveldb-0.7.jar:lib/jetty-6.1.26.jar:lib/stax-api-1.0-2.jar:lib/flamestream-core-1.0-SNAPSHOT.jar:lib/reflectasm-1.07-shaded.jar:lib/apacheds-kerberos-codec-2.0.0-M15.jar:lib/api-asn1-api-1.0.0-M20.jar:lib/commons-lang-2.6.jar:lib/commons-beanutils-1.7.0.jar:lib/jackson-xc-1.8.3.jar:lib/jetty-util-6.1.26.jar:lib/logback-classic-1.2.3.jar:lib/jool-0.9.12.jar:lib/flamestream-runtime-1.0-SNAPSHOT-tests.jar:lib/httpcore-4.1.2.jar:lib/kryo-4.0.0.jar:lib/ant-1.8.1.jar:lib/jaxb-impl-2.2.3-1.jar:lib/jersey-json-1.9.jar:lib/commons-compress-1.4.1.jar:lib/leveldbjni-all-1.8.jar:lib/paranamer-2.3.jar:lib/jackson-core-2.8.4.jar:lib/commons-math3-3.6.1.jar:lib/scala-parser-combinators_2.11-1.0.4.jar:lib/netty-3.10.6.Final.jar:lib/trove4j-3.0.3.jar:lib/jaxb-api-2.2.2.jar:lib/logback-core-1.2.3.jar:lib/snappy-java-1.0.4.1.jar:lib/protobuf-java-2.5.0.jar:lib/reactive-streams-1.0.1.jar:lib/flamestream-examples-1.0-SNAPSHOT.jar:lib/commons-codec-1.4.jar:lib/activation-1.1.jar:lib/commons-net-3.1.jar:lib/curator-recipes-2.7.1.jar:lib/jackson-mapper-asl-1.9.13.jar:lib/jackson-databind-2.8.4.jar:lib/flamestream-runtime-1.0-SNAPSHOT.jar:lib/jackson-jaxrs-1.8.3.jar:lib/slf4j-api-1.7.24.jar:lib/akka-remote_2.11-2.5.6.jar:lib/akka-testkit_2.11-2.5.6.jar:lib/jline-0.9.94.jar:lib/akka-stream_2.11-2.5.6.jar:lib/jsp-api-2.1.jar:lib/kryonet-2.21.jar:lib/akka-kryo-serialization_2.11-0.5.0.jar:lib/config-1.3.1.jar:lib/ant-launcher-1.8.1.jar:lib/commons-logging-1.2.jar:lib/ssl-config-core_2.11-0.2.2.jar:lib/testng-6.10.jar:lib/leveldb-api-0.7.jar:lib/reflectasm-1.11.3.jar:lib/jcommander-1.48.jar:lib/commons-1.1.jar:lib/commons-digester-1.8.jar:lib/minlog-1.2.jar:lib/java-xmlbuilder-0.4.jar:lib/jettison-1.1.jar:lib/gson-2.2.4.jar:lib/jdk.tools-1.8.jar:lib/aeron-driver-1.3.0.jar:lib/zookeeper-3.4.9.jar:lib/commons-beanutils-core-1.8.0.jar:lib/commons-math3-3.1.1.jar:lib/akka-actor_2.11-2.5.6.jar:lib/curator-client-2.7.1.jar:lib/servlet-api-2.5.jar:lib/apacheds-i18n-2.0.0-M15.jar:lib/commons-io-2.4.jar:lib/commons-codec-1.6.jar:lib/akka-protobuf_2.11-2.5.6.jar:lib/jdom-2.0.2.jar:lib/api-util-1.0.0-M20.jar:lib/hadoop-common-2.7.3.jar:lib/agrona-0.9.6.jar:lib/xmlenc-0.52.jar:lib/guava-21.0.jar:lib/commons-collections-3.2.2.jar:lib/avro-1.7.4.jar:lib/httpclient-4.1.2.jar:lib/flamestream-core-1.0-SNAPSHOT-tests.jar:lib/annotations-12.0.jar:lib/jsch-0.1.42.jar:flamestream-runtime-1.0-SNAPSHOT.jar
10:15:15.926 [worker-akka.actor.default-dispatcher-2] INFO  o.a.z.ZooKeeper  - Client environment:java.library.path=/usr/java/packages/lib/amd64:/usr/lib/x86_64-linux-gnu/jni:/lib/x86_64-linux-gnu:/usr/lib/x86_64-linux-gnu:/usr/lib/jni:/lib:/usr/lib
10:15:15.926 [worker-akka.actor.default-dispatcher-2] INFO  o.a.z.ZooKeeper  - Client environment:java.io.tmpdir=/tmp
10:15:15.926 [worker-akka.actor.default-dispatcher-2] INFO  o.a.z.ZooKeeper  - Client environment:java.compiler=<NA>
10:15:15.926 [worker-akka.actor.default-dispatcher-2] INFO  o.a.z.ZooKeeper  - Client environment:os.name=Linux
10:15:15.926 [worker-akka.actor.default-dispatcher-2] INFO  o.a.z.ZooKeeper  - Client environment:os.arch=amd64
10:15:15.926 [worker-akka.actor.default-dispatcher-2] INFO  o.a.z.ZooKeeper  - Client environment:os.version=4.4.0-1049-aws
10:15:15.926 [worker-akka.actor.default-dispatcher-2] INFO  o.a.z.ZooKeeper  - Client environment:user.name=root
10:15:15.927 [worker-akka.actor.default-dispatcher-2] INFO  o.a.z.ZooKeeper  - Client environment:user.home=/root
10:15:15.928 [worker-akka.actor.default-dispatcher-2] INFO  o.a.z.ZooKeeper  - Client environment:user.dir=/opt/flamestream
10:15:15.931 [worker-akka.actor.default-dispatcher-2] INFO  o.a.z.ZooKeeper  - Initiating client connection, connectString=172.31.34.147:2181 sessionTimeout=5000 watcher=com.spbsu.flamestream.runtime.application.LifecycleWatcher$$Lambda$29/2091173542@1b48f905
10:15:15.964 [worker-akka.actor.default-dispatcher-2-SendThread(172.31.34.147:2181)] INFO  o.a.z.ClientCnxn  - Opening socket connection to server 172.31.34.147/172.31.34.147:2181. Will not attempt to authenticate using SASL (unknown error)
10:15:15.965 [worker-akka.actor.default-dispatcher-2] INFO  a.a.RepointableActorRef akka://worker/user/watcher - Starting...
10:15:15.971 [worker-akka.actor.default-dispatcher-2-SendThread(172.31.34.147:2181)] INFO  o.a.z.ClientCnxn  - Socket connection established to 172.31.34.147/172.31.34.147:2181, initiating session
10:15:15.978 [worker-akka.actor.default-dispatcher-2-SendThread(172.31.34.147:2181)] INFO  o.a.z.ClientCnxn  - Session establishment complete on server 172.31.34.147/172.31.34.147:2181, sessionid = 0x161c2283ddd0009, negotiated timeout = 6000
10:15:16.067 [worker-akka.actor.default-dispatcher-2] INFO  a.a.RepointableActorRef akka://worker/user/watcher - Connected to ZK
10:15:22.726 [worker-akka.actor.default-dispatcher-2] INFO  a.a.RepointableActorRef akka://worker/user/watcher - Creating node with watchGraphs: 'com.spbsu.flamestream.core.Graph$Builder$MyGraph@22aae96d', config: 'ClusterConfig{paths={172.31.33.155=akka://worker@172.31.33.155:5412/user/watcher/graph0000000000, 172.31.47.83=akka://worker@172.31.47.83:5412/user/watcher/graph0000000000, 172.31.45.197=akka://worker@172.31.45.197:5412/user/watcher/graph0000000000, 172.31.42.36=akka://worker@172.31.42.36:5412/user/watcher/graph0000000000, 172.31.44.83=akka://worker@172.31.44.83:5412/user/watcher/graph0000000000, 172.31.39.64=akka://worker@172.31.39.64:5412/user/watcher/graph0000000000, 172.31.35.79=akka://worker@172.31.35.79:5412/user/watcher/graph0000000000, 172.31.34.169=akka://worker@172.31.34.169:5412/user/watcher/graph0000000000, 172.31.47.100=akka://worker@172.31.47.100:5412/user/watcher/graph0000000000, 172.31.37.101=akka://worker@172.31.37.101:5412/user/watcher/graph0000000000}, ackerLocation='172.31.35.79', props=ComputationLayout{ranges={172.31.33.155=HashRange{from=-1670265060, to=-1193046472}, 172.31.47.83=HashRange{from=1670265056, to=2147483644}, 172.31.45.197=HashRange{from=-715827884, to=-238609296}, 172.31.42.36=HashRange{from=1193046468, to=1670265056}, 172.31.44.83=HashRange{from=-238609296, to=238609292}, 172.31.39.64=HashRange{from=715827880, to=1193046468}, 172.31.35.79=HashRange{from=0, to=0}, 172.31.34.169=HashRange{from=-2147483648, to=-1670265060}, 172.31.47.100=HashRange{from=238609292, to=715827880}, 172.31.37.101=HashRange{from=-1193046472, to=-715827884}}}}'
10:15:23.564 [worker-akka.actor.default-dispatcher-2] INFO  a.a.LocalActorRef akka://worker/user/watcher/graph0000000000/graph - Starting...
10:15:23.568 [worker-akka.actor.default-dispatcher-2] INFO  a.a.LocalActorRef akka://worker/user/watcher/graph0000000000/graph/local-acker - Starting...
10:15:23.569 [worker-akka.actor.default-dispatcher-2] INFO  a.a.LocalActorRef akka://worker/user/watcher/graph0000000000/graph/local-acker/$a - Starting...
Warning: space is running low in /dev/shm (tmpfs) threshold=167,772,160 usable=158,621,696
Warning: space is running low in /dev/shm (tmpfs) threshold=167,772,160 usable=146,034,688
Warning: space is running low in /dev/shm (tmpfs) threshold=167,772,160 usable=133,447,680
Warning: space is running low in /dev/shm (tmpfs) threshold=167,772,160 usable=120,860,672
Warning: space is running low in /dev/shm (tmpfs) threshold=167,772,160 usable=108,273,664
Warning: space is running low in /dev/shm (tmpfs) threshold=167,772,160 usable=95,686,656
Warning: space is running low in /dev/shm (tmpfs) threshold=167,772,160 usable=83,099,648
Warning: space is running low in /dev/shm (tmpfs) threshold=167,772,160 usable=70,512,640
10:15:24.424 [worker-akka.actor.default-dispatcher-2] INFO  a.a.LocalActorRef akka://worker/user/watcher/graph0000000000/graph - Finishing constructor
10:15:24.425 [worker-akka.actor.default-dispatcher-2] INFO  a.a.LocalActorRef akka://worker/user/watcher/graph0000000000 - Starting...
10:15:24.426 [worker-akka.actor.default-dispatcher-2] INFO  a.a.LocalActorRef akka://worker/user/watcher/graph0000000000/negotiator - Starting...
10:15:24.427 [worker-akka.actor.default-dispatcher-2] INFO  a.a.LocalActorRef akka://worker/user/watcher/graph0000000000/edge - Starting...
10:15:24.506 [worker-akka.actor.default-dispatcher-2] INFO  c.s.f.r.e.s.SocketRear  - FlameSocketGraphDeployerRear@172.31.47.83: connecting to 172.31.34.147:5678
10:15:24.515 [worker-akka.actor.default-dispatcher-2] INFO  c.s.f.r.e.s.SocketRear  - FlameSocketGraphDeployerRear@172.31.47.83: connected to 172.31.34.147:5678
10:15:24.542 [worker-akka.actor.default-dispatcher-2] INFO  a.a.LocalActorRef akka://worker/user/watcher/graph0000000000/graph/$a - Starting...
10:15:24.544 [worker-akka.actor.default-dispatcher-2] INFO  a.a.LocalActorRef akka://worker/user/watcher/graph0000000000/graph/$b - Starting...
10:15:24.545 [worker-akka.actor.default-dispatcher-2] INFO  a.a.LocalActorRef akka://worker/user/watcher/graph0000000000/graph/$c - Starting...
10:15:24.555 [worker-akka.actor.default-dispatcher-2] INFO  a.a.LocalActorRef akka://worker/user/watcher/graph0000000000/edge/FlameSocketGraphDeployerRear - Starting...
10:15:24.556 [worker-akka.actor.default-dispatcher-2] INFO  a.a.LocalActorRef akka://worker/user/watcher/graph0000000000/edge/FlameSocketGraphDeployerFront - Starting...
10:15:24.557 [worker-akka.actor.default-dispatcher-2] INFO  a.a.LocalActorRef akka://worker/user/watcher/graph0000000000/negotiator - Requesting ticket for the frontClass FlameSocketGraphDeployerFront@172.31.47.83
10:15:24.559 [worker-akka.actor.default-dispatcher-2] INFO  a.a.LocalActorRef akka://worker/user/watcher/graph0000000000/negotiator - Ticket for the frontClass received: FrontTicket{allowedTimestamp=(1519380922738, FlameSocketGraphDeployerFront@172.31.47.83)}
10:15:24.562 [worker-akka.actor.default-dispatcher-2] INFO  c.s.f.r.e.s.SocketFront  - FlameSocketGraphDeployerFront@172.31.47.83: connecting to 172.31.34.147:4567
10:15:24.596 [Client] INFO  c.s.f.r.e.s.SocketFront  - FlameSocketGraphDeployerFront@172.31.47.83 has been disconnected from Connection 3
2018-02-23T10:15:28.692+0000: 15.210: [GC (Allocation Failure) 2018-02-23T10:15:28.692+0000: 15.210: [DefNew: 136576K->15114K(153600K), 0.1186265 secs] 151976K->50046K(494976K), 0.1186919 secs] [Times: user=0.03 sys=0.09, real=0.12 secs] 
2018-02-23T10:15:37.002+0000: 23.520: [GC (Allocation Failure) 2018-02-23T10:15:37.002+0000: 23.520: [DefNew: 151690K->3655K(153600K), 0.0212463 secs] 186622K->46130K(494976K), 0.0213065 secs] [Times: user=0.01 sys=0.00, real=0.02 secs] 
2018-02-23T10:15:47.752+0000: 34.270: [GC (Allocation Failure) 2018-02-23T10:15:47.752+0000: 34.270: [DefNew: 140231K->5944K(153600K), 0.0132462 secs] 182706K->48419K(494976K), 0.0133163 secs] [Times: user=0.02 sys=0.00, real=0.01 secs] 
2018-02-23T10:15:55.833+0000: 42.351: [GC (Allocation Failure) 2018-02-23T10:15:55.833+0000: 42.351: [DefNew: 142520K->7150K(153600K), 0.0174210 secs] 184995K->49625K(494976K), 0.0174829 secs] [Times: user=0.02 sys=0.00, real=0.02 secs] 
2018-02-23T10:16:04.167+0000: 50.685: [GC (Allocation Failure) 2018-02-23T10:16:04.167+0000: 50.685: [DefNew: 143726K->8789K(153600K), 0.0150195 secs] 186201K->51264K(494976K), 0.0150849 secs] [Times: user=0.02 sys=0.00, real=0.01 secs] 
2018-02-23T10:16:11.527+0000: 58.046: [GC (Allocation Failure) 2018-02-23T10:16:11.527+0000: 58.046: [DefNew: 145365K->8698K(153600K), 0.0185492 secs] 187840K->52698K(494976K), 0.0186442 secs] [Times: user=0.02 sys=0.00, real=0.01 secs] 
2018-02-23T10:16:20.775+0000: 67.293: [GC (Allocation Failure) 2018-02-23T10:16:20.775+0000: 67.293: [DefNew: 145274K->8787K(153600K), 0.0292652 secs] 189274K->54154K(494976K), 0.0293294 secs] [Times: user=0.01 sys=0.02, real=0.03 secs] 
2018-02-23T10:16:30.836+0000: 77.354: [GC (Allocation Failure) 2018-02-23T10:16:30.836+0000: 77.354: [DefNew: 145363K->8374K(153600K), 0.0169254 secs] 190730K->54990K(494976K), 0.0170202 secs] [Times: user=0.02 sys=0.00, real=0.01 secs] 
2018-02-23T10:16:43.153+0000: 89.671: [GC (Allocation Failure) 2018-02-23T10:16:43.153+0000: 89.671: [DefNew: 144950K->10034K(153600K), 0.0151510 secs] 191566K->56650K(494976K), 0.0152078 secs] [Times: user=0.02 sys=0.00, real=0.02 secs] 
2018-02-23T10:16:52.886+0000: 99.405: [GC (Allocation Failure) 2018-02-23T10:16:52.886+0000: 99.405: [DefNew: 146610K->9027K(153600K), 0.0204563 secs] 193226K->58115K(494976K), 0.0205164 secs] [Times: user=0.02 sys=0.00, real=0.03 secs] 
2018-02-23T10:17:01.851+0000: 108.369: [GC (Allocation Failure) 2018-02-23T10:17:01.851+0000: 108.369: [DefNew: 145603K->8889K(153600K), 0.0170352 secs] 194691K->59076K(494976K), 0.0171006 secs] [Times: user=0.02 sys=0.00, real=0.02 secs] 
2018-02-23T10:17:14.991+0000: 121.509: [GC (Allocation Failure) 2018-02-23T10:17:14.991+0000: 121.509: [DefNew: 145465K->8902K(153600K), 0.0172660 secs] 195652K->60266K(494976K), 0.0173305 secs] [Times: user=0.02 sys=0.00, real=0.02 secs] 
2018-02-23T10:17:25.287+0000: 131.805: [GC (Allocation Failure) 2018-02-23T10:17:25.287+0000: 131.805: [DefNew: 145478K->8655K(153600K), 0.0173958 secs] 196842K->61434K(494976K), 0.0174567 secs] [Times: user=0.02 sys=0.00, real=0.01 secs] 
2018-02-23T10:17:36.019+0000: 142.537: [GC (Allocation Failure) 2018-02-23T10:17:36.019+0000: 142.537: [DefNew: 145231K->8893K(153600K), 0.0173920 secs] 198010K->62871K(494976K), 0.0174594 secs] [Times: user=0.02 sys=0.00, real=0.02 secs] 
2018-02-23T10:17:47.039+0000: 153.558: [GC (Allocation Failure) 2018-02-23T10:17:47.039+0000: 153.558: [DefNew: 145469K->9349K(153600K), 0.0173237 secs] 199447K->64338K(494976K), 0.0173930 secs] [Times: user=0.02 sys=0.00, real=0.02 secs] 
2018-02-23T10:17:58.761+0000: 165.279: [GC (Allocation Failure) 2018-02-23T10:17:58.761+0000: 165.279: [DefNew: 145925K->9145K(153600K), 0.0178895 secs] 200914K->65298K(494976K), 0.0179487 secs] [Times: user=0.02 sys=0.00, real=0.02 secs] 
2018-02-23T10:18:07.732+0000: 174.250: [GC (Allocation Failure) 2018-02-23T10:18:07.732+0000: 174.250: [DefNew: 145721K->9178K(153600K), 0.0169561 secs] 201874K->66409K(494976K), 0.0170212 secs] [Times: user=0.02 sys=0.00, real=0.02 secs] 
2018-02-23T10:18:18.144+0000: 184.662: [GC (Allocation Failure) 2018-02-23T10:18:18.144+0000: 184.662: [DefNew: 145754K->9644K(153600K), 0.0181419 secs] 202985K->67959K(494976K), 0.0182059 secs] [Times: user=0.02 sys=0.00, real=0.02 secs] 
2018-02-23T10:18:27.789+0000: 194.308: [GC (Allocation Failure) 2018-02-23T10:18:27.789+0000: 194.308: [DefNew: 146220K->9616K(153600K), 0.0173970 secs] 204535K->69118K(494976K), 0.0174651 secs] [Times: user=0.01 sys=0.00, real=0.02 secs] 
2018-02-23T10:18:39.892+0000: 206.411: [GC (Allocation Failure) 2018-02-23T10:18:39.892+0000: 206.411: [DefNew: 146192K->9713K(153600K), 0.0178735 secs] 205694K->70330K(494976K), 0.0179349 secs] [Times: user=0.02 sys=0.00, real=0.02 secs] 
2018-02-23T10:18:49.719+0000: 216.238: [GC (Allocation Failure) 2018-02-23T10:18:49.719+0000: 216.238: [DefNew: 146289K->8502K(153600K), 0.0178461 secs] 206906K->71384K(494976K), 0.0179080 secs] [Times: user=0.01 sys=0.00, real=0.02 secs] 
2018-02-23T10:18:59.175+0000: 225.694: [GC (Allocation Failure) 2018-02-23T10:18:59.175+0000: 225.694: [DefNew: 145078K->9817K(153600K), 0.0156613 secs] 207960K->72699K(494976K), 0.0157228 secs] [Times: user=0.02 sys=0.00, real=0.01 secs] 
2018-02-23T10:19:07.037+0000: 233.555: [GC (Allocation Failure) 2018-02-23T10:19:07.037+0000: 233.555: [DefNew: 146393K->9336K(153600K), 0.0188670 secs] 209275K->74473K(494976K), 0.0189307 secs] [Times: user=0.01 sys=0.00, real=0.02 secs] 
2018-02-23T10:19:14.168+0000: 240.686: [GC (Allocation Failure) 2018-02-23T10:19:14.168+0000: 240.686: [DefNew: 145912K->9585K(153600K), 0.0159366 secs] 211049K->75857K(494976K), 0.0159970 secs] [Times: user=0.02 sys=0.00, real=0.01 secs] 
2018-02-23T10:19:25.170+0000: 251.689: [GC (Allocation Failure) 2018-02-23T10:19:25.170+0000: 251.689: [DefNew: 146161K->10029K(153600K), 0.0181907 secs] 212433K->77610K(494976K), 0.0182527 secs] [Times: user=0.01 sys=0.00, real=0.02 secs] 
2018-02-23T10:19:33.930+0000: 260.449: [GC (Allocation Failure) 2018-02-23T10:19:33.931+0000: 260.449: [DefNew: 146605K->8196K(153600K), 0.0229790 secs] 214186K->78859K(494976K), 0.0230520 secs] [Times: user=0.02 sys=0.00, real=0.02 secs] 
2018-02-23T10:19:44.341+0000: 270.859: [GC (Allocation Failure) 2018-02-23T10:19:44.341+0000: 270.859: [DefNew: 144772K->9553K(153600K), 0.0154934 secs] 215435K->80215K(494976K), 0.0155579 secs] [Times: user=0.01 sys=0.00, real=0.02 secs] 
2018-02-23T10:19:54.054+0000: 280.572: [GC (Allocation Failure) 2018-02-23T10:19:54.054+0000: 280.572: [DefNew: 146129K->9666K(153600K), 0.0178065 secs] 216791K->81745K(494976K), 0.0178741 secs] [Times: user=0.02 sys=0.00, real=0.02 secs] 
2018-02-23T10:20:03.873+0000: 290.392: [GC (Allocation Failure) 2018-02-23T10:20:03.873+0000: 290.392: [DefNew: 146242K->9851K(153600K), 0.0178172 secs] 218321K->83082K(494976K), 0.0178797 secs] [Times: user=0.02 sys=0.00, real=0.02 secs] 
2018-02-23T10:20:13.469+0000: 299.987: [GC (Allocation Failure) 2018-02-23T10:20:13.469+0000: 299.987: [DefNew: 146427K->9654K(153600K), 0.0179987 secs] 219658K->84265K(494976K), 0.0180634 secs] [Times: user=0.02 sys=0.00, real=0.01 secs] 
2018-02-23T10:20:23.199+0000: 309.717: [GC (Allocation Failure) 2018-02-23T10:20:23.199+0000: 309.717: [DefNew: 146230K->10315K(153600K), 0.0178979 secs] 220841K->85968K(494976K), 0.0179570 secs] [Times: user=0.02 sys=0.00, real=0.02 secs] 
2018-02-23T10:20:33.309+0000: 319.828: [GC (Allocation Failure) 2018-02-23T10:20:33.309+0000: 319.828: [DefNew: 146891K->10308K(153600K), 0.0207269 secs] 222544K->88614K(494976K), 0.0207881 secs] [Times: user=0.02 sys=0.00, real=0.02 secs] 
2018-02-23T10:20:43.003+0000: 329.521: [GC (Allocation Failure) 2018-02-23T10:20:43.003+0000: 329.521: [DefNew: 146884K->9161K(153600K), 0.0170309 secs] 225190K->88971K(494976K), 0.0170885 secs] [Times: user=0.02 sys=0.00, real=0.02 secs] 
2018-02-23T10:20:51.718+0000: 338.236: [GC (Allocation Failure) 2018-02-23T10:20:51.718+0000: 338.236: [DefNew: 145737K->8918K(153600K), 0.0163794 secs] 225547K->90542K(494976K), 0.0164418 secs] [Times: user=0.02 sys=0.00, real=0.01 secs] 
2018-02-23T10:21:00.113+0000: 346.632: [GC (Allocation Failure) 2018-02-23T10:21:00.113+0000: 346.632: [DefNew: 145494K->9016K(153600K), 0.0164014 secs] 227118K->92190K(494976K), 0.0164708 secs] [Times: user=0.01 sys=0.00, real=0.02 secs] 
2018-02-23T10:21:09.937+0000: 356.455: [GC (Allocation Failure) 2018-02-23T10:21:09.937+0000: 356.455: [DefNew: 145592K->9457K(153600K), 0.0173838 secs] 228766K->93973K(494976K), 0.0174453 secs] [Times: user=0.02 sys=0.00, real=0.01 secs] 
2018-02-23T10:21:22.205+0000: 368.723: [GC (Allocation Failure) 2018-02-23T10:21:22.205+0000: 368.723: [DefNew: 146033K->10054K(153600K), 0.0171585 secs] 230549K->95831K(494976K), 0.0172207 secs] [Times: user=0.02 sys=0.00, real=0.02 secs] 
2018-02-23T10:21:31.688+0000: 378.206: [GC (Allocation Failure) 2018-02-23T10:21:31.688+0000: 378.206: [DefNew: 146630K->10175K(153600K), 0.0188950 secs] 232407K->97645K(494976K), 0.0189635 secs] [Times: user=0.02 sys=0.00, real=0.01 secs] 
2018-02-23T10:21:42.829+0000: 389.348: [GC (Allocation Failure) 2018-02-23T10:21:42.829+0000: 389.348: [DefNew: 146751K->9921K(153600K), 0.0219180 secs] 234221K->98856K(494976K), 0.0220027 secs] [Times: user=0.01 sys=0.00, real=0.02 secs] 
2018-02-23T10:21:51.553+0000: 398.071: [GC (Allocation Failure) 2018-02-23T10:21:51.553+0000: 398.071: [DefNew: 146497K->9687K(153600K), 0.0167950 secs] 235432K->100295K(494976K), 0.0168692 secs] [Times: user=0.01 sys=0.01, real=0.02 secs] 
2018-02-23T10:21:59.888+0000: 406.406: [GC (Allocation Failure) 2018-02-23T10:21:59.888+0000: 406.406: [DefNew: 146263K->9753K(153600K), 0.0169524 secs] 236871K->101901K(494976K), 0.0170118 secs] [Times: user=0.01 sys=0.00, real=0.01 secs] 
2018-02-23T10:22:11.155+0000: 417.673: [GC (Allocation Failure) 2018-02-23T10:22:11.155+0000: 417.673: [DefNew: 146329K->10404K(153600K), 0.0177901 secs] 238477K->103790K(494976K), 0.0178761 secs] [Times: user=0.01 sys=0.01, real=0.01 secs] 
2018-02-23T10:22:19.227+0000: 425.745: [GC (Allocation Failure) 2018-02-23T10:22:19.227+0000: 425.745: [DefNew: 146980K->10042K(153600K), 0.0254971 secs] 240366K->105047K(494976K), 0.0255608 secs] [Times: user=0.01 sys=0.02, real=0.03 secs] 
10:22:19.891 [Client] INFO  c.s.f.r.e.s.SocketRear  - FlameSocketGraphDeployerRear@172.31.47.83: has been disconnected from Connection 3
10:22:32.613 [worker-akka.actor.default-dispatcher-2] INFO  a.a.CoordinatedShutdown CoordinatedShutdown(akka://worker) - Starting coordinated shutdown from JVM shutdown hook
10:22:32.662 [worker-akka.actor.default-dispatcher-2] INFO  a.a.LocalActorRef akka://worker/user/watcher/graph0000000000/negotiator - Stopped
10:22:32.662 [worker-akka.actor.default-dispatcher-2] INFO  a.a.LocalActorRef akka://worker/user/watcher/graph0000000000/edge/FlameSocketGraphDeployerFront - Stopped
10:22:32.664 [worker-akka.actor.default-dispatcher-2] INFO  a.a.LocalActorRef akka://worker/user/watcher/graph0000000000/edge/FlameSocketGraphDeployerRear - Stopped
10:22:32.664 [worker-akka.actor.default-dispatcher-2] INFO  a.a.LocalActorRef akka://worker/user/watcher/graph0000000000/graph/$a - Stopped
10:22:32.664 [worker-akka.actor.default-dispatcher-2] INFO  a.a.LocalActorRef akka://worker/user/watcher/graph0000000000/graph/$b - Stopped
10:22:32.664 [worker-akka.actor.default-dispatcher-2] INFO  a.a.LocalActorRef akka://worker/user/watcher/graph0000000000/graph/$c - Stopped
10:22:32.665 [worker-akka.actor.default-dispatcher-2] INFO  a.a.LocalActorRef akka://worker/user/watcher/graph0000000000/graph/local-acker/$a - Stopped
10:22:32.669 [worker-akka.actor.default-dispatcher-2] INFO  a.a.LocalActorRef akka://worker/user/watcher/graph0000000000/edge - Stopped
10:22:32.670 [worker-akka.actor.default-dispatcher-2] INFO  a.a.LocalActorRef akka://worker/user/watcher/graph0000000000/graph/local-acker/$a - Message [com.spbsu.flamestream.runtime.utils.akka.PingActor$InnerPing] from Actor[akka://worker/user/watcher/graph0000000000/graph/local-acker/$a#200682642] to Actor[akka://worker/user/watcher/graph0000000000/graph/local-acker/$a#200682642] was not delivered. [1] dead letters encountered. This logging can be turned off or adjusted with configuration settings 'akka.log-dead-letters' and 'akka.log-dead-letters-during-shutdown'.
10:22:32.671 [worker-akka.actor.default-dispatcher-2] INFO  a.a.LocalActorRef akka://worker/user/watcher/graph0000000000/graph/local-acker - Stopped
10:22:32.673 [worker-akka.actor.default-dispatcher-2] INFO  a.a.LocalActorRef akka://worker/user/watcher/graph0000000000/graph/local-acker/$a - Message [com.spbsu.flamestream.runtime.utils.akka.PingActor$Stop] from Actor[akka://worker/user/watcher/graph0000000000/graph/local-acker#-1085032130] to Actor[akka://worker/user/watcher/graph0000000000/graph/local-acker/$a#200682642] was not delivered. [2] dead letters encountered. This logging can be turned off or adjusted with configuration settings 'akka.log-dead-letters' and 'akka.log-dead-letters-during-shutdown'.
10:22:32.674 [worker-akka.actor.default-dispatcher-2] INFO  a.a.LocalActorRef akka://worker/user/watcher/graph0000000000/graph/local-acker - Message [com.spbsu.flamestream.runtime.acker.LocalAcker$Flush] from Actor[akka://worker/user/watcher/graph0000000000/graph/local-acker#-1085032130] to Actor[akka://worker/user/watcher/graph0000000000/graph/local-acker#-1085032130] was not delivered. [3] dead letters encountered. This logging can be turned off or adjusted with configuration settings 'akka.log-dead-letters' and 'akka.log-dead-letters-during-shutdown'.
10:22:32.675 [worker-akka.actor.default-dispatcher-2] INFO  a.a.LocalActorRef akka://worker/user/watcher/graph0000000000/graph/local-acker - Message [com.spbsu.flamestream.runtime.acker.LocalAcker$Flush] from Actor[akka://worker/user/watcher/graph0000000000/graph/local-acker#-1085032130] to Actor[akka://worker/user/watcher/graph0000000000/graph/local-acker#-1085032130] was not delivered. [4] dead letters encountered. This logging can be turned off or adjusted with configuration settings 'akka.log-dead-letters' and 'akka.log-dead-letters-during-shutdown'.
10:22:32.675 [worker-akka.actor.default-dispatcher-2] INFO  a.a.LocalActorRef akka://worker/user/watcher/graph0000000000/graph/local-acker - Message [com.spbsu.flamestream.runtime.acker.LocalAcker$Flush] from Actor[akka://worker/user/watcher/graph0000000000/graph/local-acker#-1085032130] to Actor[akka://worker/user/watcher/graph0000000000/graph/local-acker#-1085032130] was not delivered. [5] dead letters encountered. This logging can be turned off or adjusted with configuration settings 'akka.log-dead-letters' and 'akka.log-dead-letters-during-shutdown'.
10:22:32.676 [worker-akka.actor.default-dispatcher-2] INFO  a.a.LocalActorRef akka://worker/user/watcher/graph0000000000/graph/local-acker - Message [com.spbsu.flamestream.runtime.acker.LocalAcker$Flush] from Actor[akka://worker/user/watcher/graph0000000000/graph/local-acker#-1085032130] to Actor[akka://worker/user/watcher/graph0000000000/graph/local-acker#-1085032130] was not delivered. [6] dead letters encountered. This logging can be turned off or adjusted with configuration settings 'akka.log-dead-letters' and 'akka.log-dead-letters-during-shutdown'.
10:22:32.676 [worker-akka.actor.default-dispatcher-2] INFO  a.a.LocalActorRef akka://worker/user/watcher/graph0000000000/graph/local-acker - Message [com.spbsu.flamestream.runtime.acker.LocalAcker$Flush] from Actor[akka://worker/user/watcher/graph0000000000/graph/local-acker#-1085032130] to Actor[akka://worker/user/watcher/graph0000000000/graph/local-acker#-1085032130] was not delivered. [7] dead letters encountered. This logging can be turned off or adjusted with configuration settings 'akka.log-dead-letters' and 'akka.log-dead-letters-during-shutdown'.
10:22:32.676 [worker-akka.actor.default-dispatcher-2] INFO  a.a.LocalActorRef akka://worker/user/watcher/graph0000000000/graph/local-acker - Message [com.spbsu.flamestream.runtime.acker.LocalAcker$Flush] from Actor[akka://worker/user/watcher/graph0000000000/graph/local-acker#-1085032130] to Actor[akka://worker/user/watcher/graph0000000000/graph/local-acker#-1085032130] was not delivered. [8] dead letters encountered. This logging can be turned off or adjusted with configuration settings 'akka.log-dead-letters' and 'akka.log-dead-letters-during-shutdown'.
10:22:32.677 [worker-akka.actor.default-dispatcher-2] INFO  a.a.LocalActorRef akka://worker/user/watcher/graph0000000000/graph/local-acker - Message [com.spbsu.flamestream.runtime.acker.LocalAcker$Flush] from Actor[akka://worker/user/watcher/graph0000000000/graph/local-acker#-1085032130] to Actor[akka://worker/user/watcher/graph0000000000/graph/local-acker#-1085032130] was not delivered. [9] dead letters encountered. This logging can be turned off or adjusted with configuration settings 'akka.log-dead-letters' and 'akka.log-dead-letters-during-shutdown'.
10:22:32.681 [worker-akka.actor.default-dispatcher-2] INFO  a.a.LocalActorRef akka://worker/user/watcher/graph0000000000/graph - Stopped
10:22:32.681 [worker-akka.actor.default-dispatcher-2] INFO  a.a.LocalActorRef akka://worker/user/watcher/graph0000000000 - Stopped
10:22:32.684 [worker-akka.actor.default-dispatcher-2-EventThread] INFO  o.a.z.ClientCnxn  - EventThread shut down for session: 0x161c2283ddd0009
10:22:32.684 [worker-akka.actor.default-dispatcher-2] INFO  o.a.z.ZooKeeper  - Session: 0x161c2283ddd0009 closed
10:22:32.685 [worker-akka.actor.default-dispatcher-2] INFO  a.a.RepointableActorRef akka://worker/user/watcher - Stopped
10:22:32.699 [worker-akka.actor.default-dispatcher-2] INFO  a.r.RemoteActorRefProvider$RemotingTerminator akka://worker@172.31.47.83:5412/system/remoting-terminator - Shutting down remote daemon.
10:22:32.702 [worker-akka.actor.default-dispatcher-2] INFO  a.r.RemoteActorRefProvider$RemotingTerminator akka://worker@172.31.47.83:5412/system/remoting-terminator - Remote daemon shut down; proceeding with flushing remote transports.
10:22:33.850 [worker-akka.actor.default-dispatcher-2] INFO  a.r.RemoteActorRefProvider$RemotingTerminator akka://worker@172.31.47.83:5412/system/remoting-terminator - Remoting shut down.
Heap
 def new generation   total 153600K, used 38327K [0x00000000e0c00000, 0x00000000eb2a0000, 0x00000000eb2a0000)
  eden space 136576K,  20% used [0x00000000e0c00000, 0x00000000e279f4b8, 0x00000000e9160000)
  from space 17024K,  58% used [0x00000000ea200000, 0x00000000eabcea20, 0x00000000eb2a0000)
  to   space 17024K,   0% used [0x00000000e9160000, 0x00000000e9160000, 0x00000000ea200000)
 tenured generation   total 341376K, used 95004K [0x00000000eb2a0000, 0x0000000100000000, 0x0000000100000000)
   the space 341376K,  27% used [0x00000000eb2a0000, 0x00000000f0f67310, 0x00000000f0f67400, 0x0000000100000000)
 Metaspace       used 33421K, capacity 34162K, committed 34432K, reserved 1079296K
  class space    used 4456K, capacity 4624K, committed 4736K, reserved 1048576K
