17:02:03,298 |-INFO in ch.qos.logback.classic.LoggerContext[default] - Could NOT find resource [logback-test.xml]
17:02:03,299 |-INFO in ch.qos.logback.classic.LoggerContext[default] - Could NOT find resource [logback.groovy]
17:02:03,299 |-INFO in ch.qos.logback.classic.LoggerContext[default] - Found resource [logback.xml] at [jar:file:/opt/flamestream/lib/flamestream-runtime-1.0-SNAPSHOT.jar!/logback.xml]
17:02:03,299 |-WARN in ch.qos.logback.classic.LoggerContext[default] - Resource [logback.xml] occurs multiple times on the classpath.
17:02:03,299 |-WARN in ch.qos.logback.classic.LoggerContext[default] - Resource [logback.xml] occurs at [jar:file:/opt/flamestream/flamestream-runtime-1.0-SNAPSHOT.jar!/logback.xml]
17:02:03,299 |-WARN in ch.qos.logback.classic.LoggerContext[default] - Resource [logback.xml] occurs at [jar:file:/opt/flamestream/lib/flamestream-runtime-1.0-SNAPSHOT.jar!/logback.xml]
17:02:03,323 |-INFO in ch.qos.logback.core.joran.spi.ConfigurationWatchList@69b794e2 - URL [jar:file:/opt/flamestream/lib/flamestream-runtime-1.0-SNAPSHOT.jar!/logback.xml] is not of type file
17:02:03,402 |-INFO in ch.qos.logback.classic.joran.action.ConfigurationAction - debug attribute not set
17:02:03,403 |-INFO in ch.qos.logback.core.joran.action.AppenderAction - About to instantiate appender of type [ch.qos.logback.core.ConsoleAppender]
17:02:03,412 |-INFO in ch.qos.logback.core.joran.action.AppenderAction - Naming appender as [STDOUT]
17:02:03,419 |-INFO in ch.qos.logback.core.joran.action.NestedComplexPropertyIA - Assuming default type [ch.qos.logback.classic.encoder.PatternLayoutEncoder] for [encoder] property
17:02:03,466 |-INFO in ch.qos.logback.core.joran.action.AppenderAction - About to instantiate appender of type [ch.qos.logback.core.rolling.RollingFileAppender]
17:02:03,474 |-INFO in ch.qos.logback.core.joran.action.AppenderAction - Naming appender as [FILE]
17:02:03,491 |-INFO in c.q.l.core.rolling.TimeBasedRollingPolicy@1059063940 - No compression will be used
17:02:03,492 |-INFO in c.q.l.core.rolling.TimeBasedRollingPolicy@1059063940 - Will use the pattern /tmp/application_%d{yyyy-MM-dd}.%i.log for the active file
17:02:03,496 |-INFO in ch.qos.logback.core.rolling.SizeAndTimeBasedFNATP@4d339552 - The date pattern is 'yyyy-MM-dd' from file name pattern '/tmp/application_%d{yyyy-MM-dd}.%i.log'.
17:02:03,496 |-INFO in ch.qos.logback.core.rolling.SizeAndTimeBasedFNATP@4d339552 - Roll-over at midnight.
17:02:03,502 |-INFO in ch.qos.logback.core.rolling.SizeAndTimeBasedFNATP@4d339552 - Setting initial period to Thu Mar 22 17:00:20 UTC 2018
17:02:03,502 |-WARN in ch.qos.logback.core.rolling.SizeAndTimeBasedFNATP@4d339552 - SizeAndTimeBasedFNATP is deprecated. Use SizeAndTimeBasedRollingPolicy instead
17:02:03,502 |-WARN in ch.qos.logback.core.rolling.SizeAndTimeBasedFNATP@4d339552 - For more information see http://logback.qos.ch/manual/appenders.html#SizeAndTimeBasedRollingPolicy
17:02:03,505 |-INFO in ch.qos.logback.core.joran.action.NestedComplexPropertyIA - Assuming default type [ch.qos.logback.classic.encoder.PatternLayoutEncoder] for [encoder] property
17:02:03,510 |-INFO in ch.qos.logback.core.rolling.RollingFileAppender[FILE] - Active log file name: /tmp/application.log
17:02:03,510 |-INFO in ch.qos.logback.core.rolling.RollingFileAppender[FILE] - File property is set to [/tmp/application.log]
17:02:03,511 |-INFO in ch.qos.logback.classic.joran.action.RootLoggerAction - Setting level of ROOT logger to INFO
17:02:03,511 |-INFO in ch.qos.logback.core.joran.action.AppenderRefAction - Attaching appender named [STDOUT] to Logger[ROOT]
17:02:03,511 |-INFO in ch.qos.logback.core.joran.action.AppenderRefAction - Attaching appender named [FILE] to Logger[ROOT]
17:02:03,512 |-INFO in ch.qos.logback.classic.joran.action.ConfigurationAction - End of configuration.
17:02:03,512 |-INFO in ch.qos.logback.classic.joran.JoranConfigurator@f0f2775 - Registering current configuration as safe fallback point

17:02:03.515 [main] INFO  c.s.f.r.a.WorkerApplication  - Starting worker with id: '10.0.0.16', host: '10.0.0.16:5412', zkString: '10.0.0.101:2181'
17:02:04.398 [worker-akka.actor.default-dispatcher-6] INFO  a.e.s.Slf4jLogger  - Slf4jLogger started
2018-03-22T17:02:04.539+0000: 1.833: [Full GC (Metadata GC Threshold) 2018-03-22T17:02:04.539+0000: 1.833: [Tenured: 0K->15852K(341376K), 0.0402033 secs] 134103K->15852K(494976K), [Metaspace: 20953K->20953K(1067008K)], 0.0402704 secs] [Times: user=0.04 sys=0.00, real=0.04 secs] 
Ama winner
Ama winner
17:02:04.942 [worker-akka.actor.default-dispatcher-6] INFO  a.r.a.ArteryTransport(akka://worker) akka.remote.artery.ArteryTransport(akka://worker) - Started embedded media driver in directory [/dev/shm/aeron-root-worker-9e777747-982b-42eb-995e-06602f15683e]
17:02:05.125 [worker-akka.actor.default-dispatcher-6] INFO  a.r.a.ArteryTransport(akka://worker) akka.remote.artery.ArteryTransport(akka://worker) - Remoting started; listening on address: [akka://worker@10.0.0.16:5412] with UID [-5965558782390187782]
17:02:05.180 [worker-akka.actor.default-dispatcher-7] INFO  a.a.RepointableActorRef akka://worker/user/watcher - Starting...
17:02:05.191 [worker-akka.actor.default-dispatcher-6] INFO  o.a.z.ZooKeeper  - Client environment:zookeeper.version=3.4.9-1757313, built on 08/23/2016 06:50 GMT
17:02:05.191 [worker-akka.actor.default-dispatcher-6] INFO  o.a.z.ZooKeeper  - Client environment:host.name=localhost
17:02:05.192 [worker-akka.actor.default-dispatcher-6] INFO  o.a.z.ZooKeeper  - Client environment:java.version=1.8.0_151
17:02:05.192 [worker-akka.actor.default-dispatcher-6] INFO  o.a.z.ZooKeeper  - Client environment:java.vendor=Oracle Corporation
17:02:05.192 [worker-akka.actor.default-dispatcher-6] INFO  o.a.z.ZooKeeper  - Client environment:java.home=/usr/lib/jvm/java-8-openjdk-amd64/jre
17:02:05.192 [worker-akka.actor.default-dispatcher-6] INFO  o.a.z.ZooKeeper  - Client environment:java.class.path=lib/commons-cli-1.4.jar:lib/minlog-1.3.0.jar:lib/asm-5.0.4.jar:lib/hadoop-annotations-2.7.3.jar:lib/hadoop-auth-2.7.3.jar:lib/akka-slf4j_2.11-2.5.6.jar:lib/jersey-core-1.9.jar:lib/lz4-1.3.0.jar:lib/jackson-core-asl-1.9.13.jar:lib/aeron-client-1.3.0.jar:lib/htrace-core-3.1.0-incubating.jar:lib/xz-1.0.jar:lib/commons-httpclient-3.1.jar:lib/asm-3.1.jar:lib/commons-lang3-3.4.jar:lib/scala-library-2.11.11.jar:lib/scala-java8-compat_2.11-0.7.0.jar:lib/commons-configuration-1.6.jar:lib/objenesis-2.1.jar:lib/jackson-annotations-2.8.0.jar:lib/jsr305-3.0.0.jar:lib/curator-framework-2.7.1.jar:lib/jersey-server-1.9.jar:lib/jets3t-0.9.0.jar:lib/leveldb-0.7.jar:lib/jetty-6.1.26.jar:lib/stax-api-1.0-2.jar:lib/flamestream-core-1.0-SNAPSHOT.jar:lib/reflectasm-1.07-shaded.jar:lib/apacheds-kerberos-codec-2.0.0-M15.jar:lib/api-asn1-api-1.0.0-M20.jar:lib/commons-lang-2.6.jar:lib/commons-beanutils-1.7.0.jar:lib/jackson-xc-1.8.3.jar:lib/jetty-util-6.1.26.jar:lib/logback-classic-1.2.3.jar:lib/jool-0.9.12.jar:lib/httpcore-4.1.2.jar:lib/kryo-4.0.0.jar:lib/ant-1.8.1.jar:lib/jaxb-impl-2.2.3-1.jar:lib/jersey-json-1.9.jar:lib/commons-compress-1.4.1.jar:lib/leveldbjni-all-1.8.jar:lib/paranamer-2.3.jar:lib/jackson-core-2.8.4.jar:lib/commons-math3-3.6.1.jar:lib/scala-parser-combinators_2.11-1.0.4.jar:lib/netty-3.10.6.Final.jar:lib/trove4j-3.0.3.jar:lib/jaxb-api-2.2.2.jar:lib/logback-core-1.2.3.jar:lib/snappy-java-1.0.4.1.jar:lib/protobuf-java-2.5.0.jar:lib/reactive-streams-1.0.1.jar:lib/flamestream-examples-1.0-SNAPSHOT.jar:lib/commons-codec-1.4.jar:lib/activation-1.1.jar:lib/commons-net-3.1.jar:lib/curator-recipes-2.7.1.jar:lib/jackson-mapper-asl-1.9.13.jar:lib/jackson-databind-2.8.4.jar:lib/flamestream-runtime-1.0-SNAPSHOT.jar:lib/jackson-jaxrs-1.8.3.jar:lib/slf4j-api-1.7.24.jar:lib/akka-remote_2.11-2.5.6.jar:lib/akka-testkit_2.11-2.5.6.jar:lib/jline-0.9.94.jar:lib/jedis-2.9.0.jar:lib/akka-stream_2.11-2.5.6.jar:lib/jsp-api-2.1.jar:lib/kryonet-2.21.jar:lib/akka-kryo-serialization_2.11-0.5.0.jar:lib/config-1.3.1.jar:lib/ant-launcher-1.8.1.jar:lib/commons-logging-1.2.jar:lib/ssl-config-core_2.11-0.2.2.jar:lib/testng-6.10.jar:lib/leveldb-api-0.7.jar:lib/reflectasm-1.11.3.jar:lib/jcommander-1.48.jar:lib/commons-1.1.jar:lib/commons-digester-1.8.jar:lib/minlog-1.2.jar:lib/java-xmlbuilder-0.4.jar:lib/jettison-1.1.jar:lib/gson-2.2.4.jar:lib/jdk.tools-1.8.jar:lib/aeron-driver-1.3.0.jar:lib/zookeeper-3.4.9.jar:lib/commons-beanutils-core-1.8.0.jar:lib/commons-math3-3.1.1.jar:lib/akka-actor_2.11-2.5.6.jar:lib/curator-client-2.7.1.jar:lib/servlet-api-2.5.jar:lib/commons-pool2-2.4.2.jar:lib/apacheds-i18n-2.0.0-M15.jar:lib/commons-io-2.4.jar:lib/commons-codec-1.6.jar:lib/akka-protobuf_2.11-2.5.6.jar:lib/jdom-2.0.2.jar:lib/rocksdbjni-5.5.1.jar:lib/api-util-1.0.0-M20.jar:lib/hadoop-common-2.7.3.jar:lib/agrona-0.9.6.jar:lib/xmlenc-0.52.jar:lib/guava-21.0.jar:lib/commons-collections-3.2.2.jar:lib/avro-1.7.4.jar:lib/httpclient-4.1.2.jar:lib/flamestream-core-1.0-SNAPSHOT-tests.jar:lib/annotations-12.0.jar:lib/jsch-0.1.42.jar:flamestream-runtime-1.0-SNAPSHOT.jar
17:02:05.192 [worker-akka.actor.default-dispatcher-6] INFO  o.a.z.ZooKeeper  - Client environment:java.library.path=/usr/java/packages/lib/amd64:/usr/lib/x86_64-linux-gnu/jni:/lib/x86_64-linux-gnu:/usr/lib/x86_64-linux-gnu:/usr/lib/jni:/lib:/usr/lib
17:02:05.192 [worker-akka.actor.default-dispatcher-6] INFO  o.a.z.ZooKeeper  - Client environment:java.io.tmpdir=/tmp
17:02:05.192 [worker-akka.actor.default-dispatcher-6] INFO  o.a.z.ZooKeeper  - Client environment:java.compiler=<NA>
17:02:05.192 [worker-akka.actor.default-dispatcher-6] INFO  o.a.z.ZooKeeper  - Client environment:os.name=Linux
17:02:05.192 [worker-akka.actor.default-dispatcher-6] INFO  o.a.z.ZooKeeper  - Client environment:os.arch=amd64
17:02:05.193 [worker-akka.actor.default-dispatcher-6] INFO  o.a.z.ZooKeeper  - Client environment:os.version=4.4.0-1049-aws
17:02:05.194 [worker-akka.actor.default-dispatcher-6] INFO  o.a.z.ZooKeeper  - Client environment:user.name=root
17:02:05.195 [worker-akka.actor.default-dispatcher-6] INFO  o.a.z.ZooKeeper  - Client environment:user.home=/root
17:02:05.195 [worker-akka.actor.default-dispatcher-6] INFO  o.a.z.ZooKeeper  - Client environment:user.dir=/opt/flamestream
17:02:05.197 [worker-akka.actor.default-dispatcher-6] INFO  o.a.z.ZooKeeper  - Initiating client connection, connectString=10.0.0.101:2181 sessionTimeout=5000 watcher=com.spbsu.flamestream.runtime.application.LifecycleWatcher$$Lambda$29/1422008408@4c7dc53b
17:02:05.232 [worker-akka.actor.default-dispatcher-7] INFO  a.a.RepointableActorRef akka://worker/user/watcher - Initializing rocksDB backend
17:02:05.233 [worker-akka.actor.default-dispatcher-6-SendThread(10.0.0.101:2181)] INFO  o.a.z.ClientCnxn  - Opening socket connection to server 10.0.0.101/10.0.0.101:2181. Will not attempt to authenticate using SASL (unknown error)
17:02:05.241 [worker-akka.actor.default-dispatcher-6-SendThread(10.0.0.101:2181)] INFO  o.a.z.ClientCnxn  - Socket connection established to 10.0.0.101/10.0.0.101:2181, initiating session
17:02:05.254 [worker-akka.actor.default-dispatcher-6-SendThread(10.0.0.101:2181)] INFO  o.a.z.ClientCnxn  - Session establishment complete on server 10.0.0.101/10.0.0.101:2181, sessionid = 0x1624ea83f700004, negotiated timeout = 6000
17:02:05.422 [worker-akka.actor.default-dispatcher-7] INFO  a.a.RepointableActorRef akka://worker/user/watcher - Connected to ZK
17:02:13.221 [worker-akka.actor.default-dispatcher-7] INFO  a.a.RepointableActorRef akka://worker/user/watcher - Creating node with watchGraphs: 'com.spbsu.flamestream.core.Graph$Builder$MyGraph@63b9f0cf', config: 'ClusterConfig{paths={10.0.0.62=akka://worker@10.0.0.62:5412/user/watcher/graph, 10.0.0.92=akka://worker@10.0.0.92:5412/user/watcher/graph, 10.0.0.19=akka://worker@10.0.0.19:5412/user/watcher/graph, 10.0.0.224=akka://worker@10.0.0.224:5412/user/watcher/graph, 10.0.0.16=akka://worker@10.0.0.16:5412/user/watcher/graph, 10.0.0.14=akka://worker@10.0.0.14:5412/user/watcher/graph, 10.0.0.45=akka://worker@10.0.0.45:5412/user/watcher/graph, 10.0.0.41=akka://worker@10.0.0.41:5412/user/watcher/graph, 10.0.0.52=akka://worker@10.0.0.52:5412/user/watcher/graph, 10.0.0.63=akka://worker@10.0.0.63:5412/user/watcher/graph}, ackerLocation='10.0.0.41', props=ComputationLayout{hashGroups={10.0.0.62=com.spbsu.flamestream.runtime.config.HashGroup@1ffe1b9d, 10.0.0.92=com.spbsu.flamestream.runtime.config.HashGroup@5d5c21bc, 10.0.0.19=com.spbsu.flamestream.runtime.config.HashGroup@56dcaf5d, 10.0.0.224=com.spbsu.flamestream.runtime.config.HashGroup@c65a7748, 10.0.0.16=com.spbsu.flamestream.runtime.config.HashGroup@231425fe, 10.0.0.14=com.spbsu.flamestream.runtime.config.HashGroup@fbc82752, 10.0.0.45=com.spbsu.flamestream.runtime.config.HashGroup@ccbcd570, 10.0.0.41=com.spbsu.flamestream.runtime.config.HashGroup@c01f, 10.0.0.52=com.spbsu.flamestream.runtime.config.HashGroup@4276a447, 10.0.0.63=com.spbsu.flamestream.runtime.config.HashGroup@3fc198ed}}}'
17:02:13.962 [worker-akka.actor.default-dispatcher-6] INFO  a.a.LocalActorRef akka://worker/user/watcher/graph/graph - Starting...
17:02:13.971 [worker-akka.actor.default-dispatcher-3] INFO  a.a.LocalActorRef akka://worker/user/watcher/graph/graph/local-acker/$a - Starting...
17:02:13.975 [worker-akka.actor.default-dispatcher-6] INFO  a.a.LocalActorRef akka://worker/user/watcher/graph/graph/local-acker - Starting...
17:02:15.042 [worker-akka.actor.default-dispatcher-3] INFO  a.a.LocalActorRef akka://worker/user/watcher/graph/graph - Finishing constructor
17:02:15.043 [worker-akka.actor.default-dispatcher-3] INFO  a.a.LocalActorRef akka://worker/user/watcher/graph/edge - Starting...
17:02:15.043 [worker-akka.actor.default-dispatcher-3] INFO  a.a.LocalActorRef akka://worker/user/watcher/graph - Starting...
17:02:15.044 [worker-akka.actor.default-dispatcher-6] INFO  a.a.LocalActorRef akka://worker/user/watcher/graph/negotiator - Starting...
17:02:15.071 [worker-akka.actor.default-dispatcher-4] INFO  a.a.LocalActorRef akka://worker/user/watcher/graph/negotiator - Requesting ticket for the frontClass FlameSocketGraphDeployerFront@10.0.0.16
17:02:15.099 [worker-akka.actor.default-dispatcher-3] INFO  a.a.LocalActorRef akka://worker/user/watcher/graph/graph - Received last commit 'LastCommit{globalTime=(0000000, min@min)}'
17:02:15.107 [worker-akka.actor.default-dispatcher-6] INFO  c.s.f.r.e.s.SocketRear  - FlameSocketGraphDeployerRear@10.0.0.16: connecting to 10.0.0.101:5678
17:02:15.120 [worker-akka.actor.default-dispatcher-3] INFO  a.a.LocalActorRef akka://worker/user/watcher/graph/edge/FlameSocketGraphDeployerFront - Starting...
17:02:15.125 [worker-akka.actor.default-dispatcher-6] INFO  c.s.f.r.e.s.SocketRear  - FlameSocketGraphDeployerRear@10.0.0.16: connected to 10.0.0.101:5678
17:02:15.127 [worker-akka.actor.default-dispatcher-6] INFO  a.a.LocalActorRef akka://worker/user/watcher/graph/edge/FlameSocketGraphDeployerRear - Starting...
17:02:15.185 [worker-akka.actor.default-dispatcher-5] INFO  a.a.LocalActorRef akka://worker/user/watcher/graph/graph/$a - Starting...
17:02:15.190 [worker-akka.actor.default-dispatcher-5] INFO  a.a.LocalActorRef akka://worker/user/watcher/graph/graph/$b - Starting...
17:02:15.208 [worker-akka.actor.default-dispatcher-5] INFO  a.a.LocalActorRef akka://worker/user/watcher/graph/graph/$c - Starting...
17:02:15.241 [worker-akka.actor.default-dispatcher-5] INFO  a.a.LocalActorRef akka://worker/user/watcher/graph/graph/$c - Attached rear to graph (-9223372036854775808, min@min)
17:02:15.578 [worker-akka.actor.default-dispatcher-5] INFO  a.a.LocalActorRef akka://worker/user/watcher/graph/negotiator - Ticket for the frontClass received: FrontTicket{allowedTimestamp=(0000000, FlameSocketGraphDeployerFront@10.0.0.16)}
17:02:15.579 [worker-akka.actor.default-dispatcher-5] INFO  c.s.f.r.e.s.SocketFront  - FlameSocketGraphDeployerFront@10.0.0.16: connecting to 10.0.0.101:4567
17:02:15.591 [Client] INFO  c.s.f.r.e.s.SocketFront  - FlameSocketGraphDeployerFront@10.0.0.16 has been disconnected from Connection 6
2018-03-22T17:02:20.044+0000: 17.338: [GC (Allocation Failure) 2018-03-22T17:02:20.044+0000: 17.338: [DefNew: 136576K->15849K(153600K), 0.0249540 secs] 152428K->51233K(494976K), 0.0250212 secs] [Times: user=0.02 sys=0.00, real=0.03 secs] 
2018-03-22T17:02:29.305+0000: 26.599: [GC (Allocation Failure) 2018-03-22T17:02:29.305+0000: 26.599: [DefNew: 151982K->6191K(153600K), 0.0197666 secs] 187366K->49683K(494976K), 0.0198426 secs] [Times: user=0.02 sys=0.00, real=0.02 secs] 
2018-03-22T17:02:40.065+0000: 37.359: [GC (Allocation Failure) 2018-03-22T17:02:40.066+0000: 37.359: [DefNew: 142767K->9898K(153600K), 0.0140659 secs] 186259K->53389K(494976K), 0.0141399 secs] [Times: user=0.02 sys=0.00, real=0.01 secs] 
2018-03-22T17:02:47.982+0000: 45.276: [GC (Allocation Failure) 2018-03-22T17:02:47.982+0000: 45.276: [DefNew: 146474K->9773K(153600K), 0.0168407 secs] 189965K->55204K(494976K), 0.0169050 secs] [Times: user=0.02 sys=0.00, real=0.02 secs] 
2018-03-22T17:02:56.314+0000: 53.607: [GC (Allocation Failure) 2018-03-22T17:02:56.314+0000: 53.607: [DefNew: 146349K->5971K(153600K), 0.0160312 secs] 191780K->57096K(494976K), 0.0160950 secs] [Times: user=0.02 sys=0.00, real=0.01 secs] 
2018-03-22T17:03:02.815+0000: 60.108: [GC (Allocation Failure) 2018-03-22T17:03:02.815+0000: 60.109: [DefNew: 142547K->15499K(153600K), 0.0166533 secs] 193672K->66624K(494976K), 0.0167301 secs] [Times: user=0.02 sys=0.00, real=0.01 secs] 
2018-03-22T17:03:09.104+0000: 66.398: [GC (Allocation Failure) 2018-03-22T17:03:09.104+0000: 66.398: [DefNew: 152075K->4595K(153600K), 0.0178152 secs] 203200K->68087K(494976K), 0.0178822 secs] [Times: user=0.02 sys=0.00, real=0.02 secs] 
2018-03-22T17:03:16.699+0000: 73.993: [GC (Allocation Failure) 2018-03-22T17:03:16.699+0000: 73.993: [DefNew: 141171K->5546K(153600K), 0.0111407 secs] 204663K->69038K(494976K), 0.0112050 secs] [Times: user=0.01 sys=0.00, real=0.01 secs] 
2018-03-22T17:03:22.819+0000: 80.113: [GC (Allocation Failure) 2018-03-22T17:03:22.819+0000: 80.113: [DefNew: 139391K->7710K(153600K), 0.0145144 secs] 202883K->71202K(494976K), 0.0145803 secs] [Times: user=0.02 sys=0.00, real=0.02 secs] 
2018-03-22T17:03:29.324+0000: 86.618: [GC (Allocation Failure) 2018-03-22T17:03:29.324+0000: 86.618: [DefNew: 142100K->8558K(153600K), 0.0152351 secs] 205591K->72049K(494976K), 0.0153027 secs] [Times: user=0.02 sys=0.00, real=0.02 secs] 
2018-03-22T17:03:35.912+0000: 93.206: [GC (Allocation Failure) 2018-03-22T17:03:35.912+0000: 93.206: [DefNew: 145134K->7083K(153600K), 0.0151600 secs] 208625K->72011K(494976K), 0.0152391 secs] [Times: user=0.02 sys=0.00, real=0.02 secs] 
2018-03-22T17:03:43.014+0000: 100.308: [GC (Allocation Failure) 2018-03-22T17:03:43.014+0000: 100.308: [DefNew: 143659K->7809K(153600K), 0.0128764 secs] 208587K->72738K(494976K), 0.0129448 secs] [Times: user=0.01 sys=0.00, real=0.01 secs] 
2018-03-22T17:03:49.295+0000: 106.589: [GC (Allocation Failure) 2018-03-22T17:03:49.295+0000: 106.589: [DefNew: 144385K->8912K(153600K), 0.0140913 secs] 209314K->73840K(494976K), 0.0141678 secs] [Times: user=0.01 sys=0.00, real=0.01 secs] 
2018-03-22T17:03:55.794+0000: 113.087: [GC (Allocation Failure) 2018-03-22T17:03:55.794+0000: 113.087: [DefNew: 145488K->8436K(153600K), 0.0149367 secs] 210416K->74392K(494976K), 0.0150029 secs] [Times: user=0.02 sys=0.00, real=0.01 secs] 
2018-03-22T17:04:01.798+0000: 119.091: [GC (Allocation Failure) 2018-03-22T17:04:01.798+0000: 119.091: [DefNew: 145012K->10033K(153600K), 0.0159580 secs] 210968K->75989K(494976K), 0.0160262 secs] [Times: user=0.02 sys=0.00, real=0.02 secs] 
2018-03-22T17:04:06.900+0000: 124.193: [GC (Allocation Failure) 2018-03-22T17:04:06.900+0000: 124.193: [DefNew: 146609K->8432K(153600K), 0.0158725 secs] 212565K->75974K(494976K), 0.0159404 secs] [Times: user=0.02 sys=0.00, real=0.02 secs] 
2018-03-22T17:04:12.296+0000: 129.590: [GC (Allocation Failure) 2018-03-22T17:04:12.296+0000: 129.590: [DefNew: 145008K->17023K(153600K), 0.0199258 secs] 212550K->93428K(494976K), 0.0199938 secs] [Times: user=0.02 sys=0.00, real=0.02 secs] 
2018-03-22T17:04:17.529+0000: 134.822: [GC (Allocation Failure) 2018-03-22T17:04:17.529+0000: 134.822: [DefNew: 153599K->3041K(153600K), 0.0138767 secs] 230004K->96277K(494976K), 0.0139462 secs] [Times: user=0.01 sys=0.00, real=0.01 secs] 
2018-03-22T17:04:23.340+0000: 140.633: [GC (Allocation Failure) 2018-03-22T17:04:23.340+0000: 140.633: [DefNew: 139617K->6248K(153600K), 0.0118532 secs] 232853K->99484K(494976K), 0.0119309 secs] [Times: user=0.02 sys=0.00, real=0.01 secs] 
2018-03-22T17:04:29.335+0000: 146.629: [GC (Allocation Failure) 2018-03-22T17:04:29.335+0000: 146.629: [DefNew: 138420K->5396K(153600K), 0.0095805 secs] 231656K->98632K(494976K), 0.0096512 secs] [Times: user=0.01 sys=0.00, real=0.00 secs] 
2018-03-22T17:04:34.837+0000: 152.131: [GC (Allocation Failure) 2018-03-22T17:04:34.837+0000: 152.131: [DefNew: 141812K->6376K(153600K), 0.0114227 secs] 235048K->99612K(494976K), 0.0114914 secs] [Times: user=0.01 sys=0.00, real=0.01 secs] 
2018-03-22T17:04:39.960+0000: 157.254: [GC (Allocation Failure) 2018-03-22T17:04:39.960+0000: 157.254: [DefNew: 142952K->6982K(153600K), 0.0115483 secs] 236188K->100218K(494976K), 0.0116131 secs] [Times: user=0.01 sys=0.00, real=0.01 secs] 
2018-03-22T17:04:45.337+0000: 162.631: [GC (Allocation Failure) 2018-03-22T17:04:45.337+0000: 162.631: [DefNew: 139725K->7732K(153600K), 0.0127332 secs] 232961K->100968K(494976K), 0.0128011 secs] [Times: user=0.01 sys=0.00, real=0.01 secs] 
2018-03-22T17:04:50.881+0000: 168.175: [GC (Allocation Failure) 2018-03-22T17:04:50.881+0000: 168.175: [DefNew: 144308K->10324K(153600K), 0.0283037 secs] 237544K->103560K(494976K), 0.0283704 secs] [Times: user=0.03 sys=0.00, real=0.03 secs] 
2018-03-22T17:04:55.800+0000: 173.093: [GC (Allocation Failure) 2018-03-22T17:04:55.800+0000: 173.093: [DefNew: 146900K->8457K(153600K), 0.0159590 secs] 240136K->103459K(494976K), 0.0160229 secs] [Times: user=0.01 sys=0.00, real=0.02 secs] 
2018-03-22T17:05:00.270+0000: 177.564: [GC (Allocation Failure) 2018-03-22T17:05:00.270+0000: 177.564: [DefNew: 145033K->8144K(153600K), 0.0129542 secs] 240035K->103146K(494976K), 0.0130209 secs] [Times: user=0.01 sys=0.00, real=0.01 secs] 
2018-03-22T17:05:05.159+0000: 182.453: [GC (Allocation Failure) 2018-03-22T17:05:05.160+0000: 182.453: [DefNew: 144720K->8892K(153600K), 0.0134332 secs] 239722K->103894K(494976K), 0.0135009 secs] [Times: user=0.01 sys=0.00, real=0.01 secs] 
2018-03-22T17:05:10.295+0000: 187.589: [GC (Allocation Failure) 2018-03-22T17:05:10.295+0000: 187.589: [DefNew: 145468K->8845K(153600K), 0.0145062 secs] 240470K->104514K(494976K), 0.0145734 secs] [Times: user=0.02 sys=0.01, real=0.01 secs] 
2018-03-22T17:05:14.819+0000: 192.113: [GC (Allocation Failure) 2018-03-22T17:05:14.819+0000: 192.113: [DefNew: 145421K->8773K(153600K), 0.0264753 secs] 241090K->104983K(494976K), 0.0265505 secs] [Times: user=0.03 sys=0.00, real=0.03 secs] 
2018-03-22T17:05:19.251+0000: 196.545: [GC (Allocation Failure) 2018-03-22T17:05:19.251+0000: 196.545: [DefNew: 145349K->8581K(153600K), 0.0137347 secs] 241559K->105443K(494976K), 0.0138009 secs] [Times: user=0.02 sys=0.00, real=0.01 secs] 
2018-03-22T17:05:23.843+0000: 201.136: [GC (Allocation Failure) 2018-03-22T17:05:23.843+0000: 201.136: [DefNew: 140854K->8706K(153600K), 0.0134207 secs] 237717K->106187K(494976K), 0.0134880 secs] [Times: user=0.01 sys=0.00, real=0.02 secs] 
2018-03-22T17:05:28.807+0000: 206.101: [GC (Allocation Failure) 2018-03-22T17:05:28.807+0000: 206.101: [DefNew: 145282K->10057K(153600K), 0.0169353 secs] 242763K->108127K(494976K), 0.0170100 secs] [Times: user=0.02 sys=0.00, real=0.01 secs] 
2018-03-22T17:05:33.313+0000: 210.606: [GC (Allocation Failure) 2018-03-22T17:05:33.313+0000: 210.606: [DefNew: 146633K->9140K(153600K), 0.0189535 secs] 244703K->109139K(494976K), 0.0190187 secs] [Times: user=0.02 sys=0.00, real=0.02 secs] 
2018-03-22T17:05:37.846+0000: 215.140: [GC (Allocation Failure) 2018-03-22T17:05:37.846+0000: 215.140: [DefNew: 140777K->6974K(153600K), 0.0127309 secs] 240777K->108134K(494976K), 0.0127998 secs] [Times: user=0.01 sys=0.01, real=0.01 secs] 
2018-03-22T17:05:41.796+0000: 219.089: [GC (Allocation Failure) 2018-03-22T17:05:41.796+0000: 219.089: [DefNew: 143550K->8179K(153600K), 0.0127742 secs] 244710K->109339K(494976K), 0.0128427 secs] [Times: user=0.01 sys=0.00, real=0.01 secs] 
2018-03-22T17:05:46.349+0000: 223.643: [GC (Allocation Failure) 2018-03-22T17:05:46.349+0000: 223.643: [DefNew: 141552K->8168K(153600K), 0.0114800 secs] 242712K->109329K(494976K), 0.0115564 secs] [Times: user=0.01 sys=0.00, real=0.01 secs] 
2018-03-22T17:05:50.962+0000: 228.256: [GC (Allocation Failure) 2018-03-22T17:05:50.962+0000: 228.256: [DefNew: 144744K->8732K(153600K), 0.0122458 secs] 245905K->109893K(494976K), 0.0123109 secs] [Times: user=0.01 sys=0.00, real=0.02 secs] 
2018-03-22T17:05:55.309+0000: 232.602: [GC (Allocation Failure) 2018-03-22T17:05:55.309+0000: 232.602: [DefNew: 145308K->11072K(153600K), 0.0181302 secs] 246469K->112758K(494976K), 0.0181956 secs] [Times: user=0.02 sys=0.00, real=0.02 secs] 
2018-03-22T17:05:59.308+0000: 236.602: [GC (Allocation Failure) 2018-03-22T17:05:59.308+0000: 236.602: [DefNew: 147648K->8862K(153600K), 0.0180477 secs] 249334K->113185K(494976K), 0.0181140 secs] [Times: user=0.02 sys=0.00, real=0.02 secs] 
2018-03-22T17:06:03.849+0000: 241.143: [GC (Allocation Failure) 2018-03-22T17:06:03.849+0000: 241.143: [DefNew: 139164K->6920K(153600K), 0.0109634 secs] 243487K->111783K(494976K), 0.0110293 secs] [Times: user=0.02 sys=0.00, real=0.01 secs] 
2018-03-22T17:06:08.358+0000: 245.651: [GC (Allocation Failure) 2018-03-22T17:06:08.358+0000: 245.651: [DefNew: 142374K->7454K(153600K), 0.0105227 secs] 247237K->112317K(494976K), 0.0105815 secs] [Times: user=0.01 sys=0.00, real=0.01 secs] 
2018-03-22T17:06:12.823+0000: 250.117: [GC (Allocation Failure) 2018-03-22T17:06:12.823+0000: 250.117: [DefNew: 144030K->9941K(153600K), 0.0288245 secs] 248893K->114804K(494976K), 0.0288910 secs] [Times: user=0.03 sys=0.00, real=0.03 secs] 
2018-03-22T17:06:17.015+0000: 254.308: [GC (Allocation Failure) 2018-03-22T17:06:17.015+0000: 254.308: [DefNew: 146517K->7031K(153600K), 0.0238263 secs] 251380K->113347K(494976K), 0.0238867 secs] [Times: user=0.02 sys=0.01, real=0.02 secs] 
2018-03-22T17:06:21.414+0000: 258.708: [GC (Allocation Failure) 2018-03-22T17:06:21.414+0000: 258.708: [DefNew: 143600K->10202K(153600K), 0.0297595 secs] 249916K->116518K(494976K), 0.0298278 secs] [Times: user=0.04 sys=0.00, real=0.02 secs] 
2018-03-22T17:06:25.359+0000: 262.653: [GC (Allocation Failure) 2018-03-22T17:06:25.359+0000: 262.653: [DefNew: 143492K->6853K(153600K), 0.0139555 secs] 249808K->114911K(494976K), 0.0140317 secs] [Times: user=0.01 sys=0.00, real=0.01 secs] 
2018-03-22T17:06:29.353+0000: 266.646: [GC (Allocation Failure) 2018-03-22T17:06:29.353+0000: 266.646: [DefNew: 143429K->10011K(153600K), 0.0158868 secs] 251487K->118069K(494976K), 0.0159557 secs] [Times: user=0.02 sys=0.00, real=0.02 secs] 
2018-03-22T17:06:33.310+0000: 270.604: [GC (Allocation Failure) 2018-03-22T17:06:33.310+0000: 270.604: [DefNew: 146587K->8622K(153600K), 0.0161491 secs] 254645K->118540K(494976K), 0.0162237 secs] [Times: user=0.02 sys=0.00, real=0.02 secs] 
2018-03-22T17:06:36.860+0000: 274.154: [GC (Allocation Failure) 2018-03-22T17:06:36.860+0000: 274.154: [DefNew: 142645K->6172K(153600K), 0.0109106 secs] 252562K->116928K(494976K), 0.0109737 secs] [Times: user=0.01 sys=0.00, real=0.01 secs] 
2018-03-22T17:06:40.853+0000: 278.147: [GC (Allocation Failure) 2018-03-22T17:06:40.853+0000: 278.147: [DefNew: 142748K->9746K(153600K), 0.0156583 secs] 253504K->120502K(494976K), 0.0157394 secs] [Times: user=0.02 sys=0.00, real=0.02 secs] 
2018-03-22T17:06:44.782+0000: 282.076: [GC (Allocation Failure) 2018-03-22T17:06:44.782+0000: 282.076: [DefNew: 146322K->6764K(153600K), 0.0226503 secs] 257078K->119027K(494976K), 0.0227165 secs] [Times: user=0.02 sys=0.00, real=0.02 secs] 
2018-03-22T17:06:47.855+0000: 285.148: [GC (Allocation Failure) 2018-03-22T17:06:47.855+0000: 285.148: [DefNew: 143340K->10117K(153600K), 0.0158359 secs] 255603K->122380K(494976K), 0.0159250 secs] [Times: user=0.02 sys=0.00, real=0.01 secs] 
2018-03-22T17:06:51.364+0000: 288.657: [GC (Allocation Failure) 2018-03-22T17:06:51.364+0000: 288.658: [DefNew: 140143K->7213K(153600K), 0.0125015 secs] 252406K->121107K(494976K), 0.0125808 secs] [Times: user=0.02 sys=0.00, real=0.02 secs] 
2018-03-22T17:06:54.862+0000: 292.156: [GC (Allocation Failure) 2018-03-22T17:06:54.862+0000: 292.156: [DefNew: 140652K->8101K(153600K), 0.0116207 secs] 254546K->121995K(494976K), 0.0116999 secs] [Times: user=0.01 sys=0.00, real=0.02 secs] 
2018-03-22T17:06:58.361+0000: 295.655: [GC (Allocation Failure) 2018-03-22T17:06:58.362+0000: 295.655: [DefNew: 136977K->8591K(153600K), 0.0118950 secs] 250871K->122485K(494976K), 0.0119704 secs] [Times: user=0.02 sys=0.00, real=0.02 secs] 
2018-03-22T17:07:02.242+0000: 299.536: [GC (Allocation Failure) 2018-03-22T17:07:02.242+0000: 299.536: [DefNew: 145167K->8722K(153600K), 0.0135791 secs] 259061K->123337K(494976K), 0.0136451 secs] [Times: user=0.01 sys=0.00, real=0.02 secs] 
2018-03-22T17:07:05.372+0000: 302.666: [GC (Allocation Failure) 2018-03-22T17:07:05.372+0000: 302.666: [DefNew: 136004K->17023K(153600K), 0.0226266 secs] 250619K->142580K(494976K), 0.0226920 secs] [Times: user=0.01 sys=0.00, real=0.03 secs] 
2018-03-22T17:07:08.110+0000: 305.404: [GC (Allocation Failure) 2018-03-22T17:07:08.110+0000: 305.404: [DefNew: 153599K->17023K(153600K), 0.0418350 secs] 279156K->162632K(494976K), 0.0419007 secs] [Times: user=0.04 sys=0.00, real=0.04 secs] 
2018-03-22T17:07:11.553+0000: 308.847: [GC (Allocation Failure) 2018-03-22T17:07:11.553+0000: 308.847: [DefNew: 153599K->2996K(153600K), 0.0191586 secs] 299208K->165388K(494976K), 0.0192213 secs] [Times: user=0.02 sys=0.01, real=0.01 secs] 
2018-03-22T17:07:15.281+0000: 312.574: [GC (Allocation Failure) 2018-03-22T17:07:15.281+0000: 312.574: [DefNew: 139572K->5309K(153600K), 0.0089521 secs] 301964K->167701K(494976K), 0.0090150 secs] [Times: user=0.01 sys=0.00, real=0.01 secs] 
2018-03-22T17:07:18.367+0000: 315.661: [GC (Allocation Failure) 2018-03-22T17:07:18.367+0000: 315.661: [DefNew: 135724K->6703K(153600K), 0.0097082 secs] 298117K->169096K(494976K), 0.0097733 secs] [Times: user=0.02 sys=0.00, real=0.01 secs] 
2018-03-22T17:07:21.867+0000: 319.160: [GC (Allocation Failure) 2018-03-22T17:07:21.867+0000: 319.160: [DefNew: 139193K->7450K(153600K), 0.0104228 secs] 301585K->169843K(494976K), 0.0104975 secs] [Times: user=0.01 sys=0.00, real=0.01 secs] 
2018-03-22T17:07:25.301+0000: 322.595: [GC (Allocation Failure) 2018-03-22T17:07:25.301+0000: 322.595: [DefNew: 144026K->8804K(153600K), 0.0225906 secs] 306419K->171196K(494976K), 0.0226518 secs] [Times: user=0.02 sys=0.00, real=0.02 secs] 
2018-03-22T17:07:28.748+0000: 326.041: [GC (Allocation Failure) 2018-03-22T17:07:28.748+0000: 326.041: [DefNew: 145380K->8579K(153600K), 0.0201847 secs] 307772K->171512K(494976K), 0.0202495 secs] [Times: user=0.02 sys=0.00, real=0.02 secs] 
2018-03-22T17:07:32.277+0000: 329.570: [GC (Allocation Failure) 2018-03-22T17:07:32.277+0000: 329.570: [DefNew: 145155K->8232K(153600K), 0.0267784 secs] 308088K->171849K(494976K), 0.0268559 secs] [Times: user=0.02 sys=0.01, real=0.02 secs] 
2018-03-22T17:07:35.376+0000: 332.669: [GC (Allocation Failure) 2018-03-22T17:07:35.376+0000: 332.669: [DefNew: 139846K->8785K(153600K), 0.0117446 secs] 303463K->172402K(494976K), 0.0118080 secs] [Times: user=0.02 sys=0.00, real=0.01 secs] 
2018-03-22T17:07:38.810+0000: 336.104: [GC (Allocation Failure) 2018-03-22T17:07:38.810+0000: 336.104: [DefNew: 145361K->11176K(153600K), 0.0168257 secs] 308978K->175347K(494976K), 0.0169132 secs] [Times: user=0.01 sys=0.00, real=0.02 secs] 
2018-03-22T17:07:42.368+0000: 339.661: [GC (Allocation Failure) 2018-03-22T17:07:42.368+0000: 339.661: [DefNew: 146038K->6454K(153600K), 0.0128011 secs] 310208K->173686K(494976K), 0.0128670 secs] [Times: user=0.02 sys=0.00, real=0.01 secs] 
2018-03-22T17:07:45.825+0000: 343.119: [GC (Allocation Failure) 2018-03-22T17:07:45.825+0000: 343.119: [DefNew: 143030K->10032K(153600K), 0.0145016 secs] 310262K->177264K(494976K), 0.0145691 secs] [Times: user=0.01 sys=0.00, real=0.02 secs] 
2018-03-22T17:07:49.017+0000: 346.311: [GC (Allocation Failure) 2018-03-22T17:07:49.017+0000: 346.311: [DefNew: 146608K->6921K(153600K), 0.0126826 secs] 313840K->175905K(494976K), 0.0127589 secs] [Times: user=0.01 sys=0.00, real=0.01 secs] 
2018-03-22T17:07:52.801+0000: 350.095: [GC (Allocation Failure) 2018-03-22T17:07:52.801+0000: 350.095: [DefNew: 143497K->8338K(153600K), 0.0118179 secs] 312481K->177322K(494976K), 0.0119031 secs] [Times: user=0.01 sys=0.00, real=0.01 secs] 
2018-03-22T17:07:56.299+0000: 353.593: [GC (Allocation Failure) 2018-03-22T17:07:56.299+0000: 353.593: [DefNew: 144914K->8642K(153600K), 0.0115671 secs] 313898K->177626K(494976K), 0.0116315 secs] [Times: user=0.01 sys=0.00, real=0.01 secs] 
2018-03-22T17:07:59.811+0000: 357.105: [GC (Allocation Failure) 2018-03-22T17:07:59.811+0000: 357.105: [DefNew: 145218K->10179K(153600K), 0.0151427 secs] 314202K->179722K(494976K), 0.0152077 secs] [Times: user=0.01 sys=0.00, real=0.02 secs] 
2018-03-22T17:08:02.877+0000: 360.171: [GC (Allocation Failure) 2018-03-22T17:08:02.877+0000: 360.171: [DefNew: 145971K->7778K(153600K), 0.0129078 secs] 315515K->178729K(494976K), 0.0129759 secs] [Times: user=0.01 sys=0.00, real=0.01 secs] 
2018-03-22T17:08:06.300+0000: 363.594: [GC (Allocation Failure) 2018-03-22T17:08:06.300+0000: 363.594: [DefNew: 144354K->8787K(153600K), 0.0120278 secs] 315305K->179738K(494976K), 0.0120969 secs] [Times: user=0.01 sys=0.00, real=0.01 secs] 
2018-03-22T17:08:09.310+0000: 366.604: [GC (Allocation Failure) 2018-03-22T17:08:09.311+0000: 366.604: [DefNew: 145363K->10392K(153600K), 0.0163025 secs] 316314K->181897K(494976K), 0.0163670 secs] [Times: user=0.02 sys=0.00, real=0.02 secs] 
2018-03-22T17:08:12.307+0000: 369.600: [GC (Allocation Failure) 2018-03-22T17:08:12.307+0000: 369.600: [DefNew: 146968K->7682K(153600K), 0.0143670 secs] 318473K->181685K(494976K), 0.0144327 secs] [Times: user=0.01 sys=0.00, real=0.01 secs] 
2018-03-22T17:08:15.813+0000: 373.106: [GC (Allocation Failure) 2018-03-22T17:08:15.813+0000: 373.106: [DefNew: 144258K->9787K(153600K), 0.0143820 secs] 318261K->183791K(494976K), 0.0144545 secs] [Times: user=0.01 sys=0.00, real=0.02 secs] 
2018-03-22T17:08:19.305+0000: 376.599: [GC (Allocation Failure) 2018-03-22T17:08:19.305+0000: 376.599: [DefNew: 146363K->7745K(153600K), 0.0132033 secs] 320367K->183793K(494976K), 0.0132815 secs] [Times: user=0.00 sys=0.01, real=0.02 secs] 
2018-03-22T17:08:22.476+0000: 379.770: [GC (Allocation Failure) 2018-03-22T17:08:22.476+0000: 379.770: [DefNew: 143451K->7282K(153600K), 0.0177895 secs] 319499K->183329K(494976K), 0.0178544 secs] [Times: user=0.02 sys=0.00, real=0.02 secs] 
2018-03-22T17:08:25.473+0000: 382.767: [GC (Allocation Failure) 2018-03-22T17:08:25.473+0000: 382.767: [DefNew: 135666K->8359K(153600K), 0.0214715 secs] 311713K->184406K(494976K), 0.0215505 secs] [Times: user=0.02 sys=0.00, real=0.02 secs] 
2018-03-22T17:08:28.644+0000: 385.938: [GC (Allocation Failure) 2018-03-22T17:08:28.644+0000: 385.938: [DefNew: 144935K->8870K(153600K), 0.0203072 secs] 320982K->184918K(494976K), 0.0203747 secs] [Times: user=0.02 sys=0.00, real=0.02 secs] 
2018-03-22T17:08:31.376+0000: 388.669: [GC (Allocation Failure) 2018-03-22T17:08:31.376+0000: 388.670: [DefNew: 140332K->9615K(153600K), 0.0133415 secs] 316380K->186286K(494976K), 0.0134086 secs] [Times: user=0.01 sys=0.00, real=0.01 secs] 
2018-03-22T17:08:34.377+0000: 391.671: [GC (Allocation Failure) 2018-03-22T17:08:34.377+0000: 391.671: [DefNew: 137228K->8917K(153600K), 0.0124036 secs] 313899K->186554K(494976K), 0.0124689 secs] [Times: user=0.01 sys=0.00, real=0.01 secs] 
2018-03-22T17:08:37.813+0000: 395.107: [GC (Allocation Failure) 2018-03-22T17:08:37.813+0000: 395.107: [DefNew: 145399K->10842K(153600K), 0.0150996 secs] 323036K->189164K(494976K), 0.0151661 secs] [Times: user=0.02 sys=0.00, real=0.02 secs] 
2018-03-22T17:08:40.884+0000: 398.178: [GC (Allocation Failure) 2018-03-22T17:08:40.884+0000: 398.178: [DefNew: 142530K->6081K(153600K), 0.0119230 secs] 320852K->187473K(494976K), 0.0119897 secs] [Times: user=0.01 sys=0.00, real=0.02 secs] 
2018-03-22T17:08:43.901+0000: 401.194: [GC (Allocation Failure) 2018-03-22T17:08:43.901+0000: 401.195: [DefNew: 142657K->17024K(153600K), 0.0214164 secs] 324049K->198824K(494976K), 0.0214764 secs] [Times: user=0.01 sys=0.01, real=0.02 secs] 
2018-03-22T17:08:47.313+0000: 404.607: [GC (Allocation Failure) 2018-03-22T17:08:47.313+0000: 404.607: [DefNew: 153600K->5853K(153600K), 0.0148988 secs] 335400K->192053K(494976K), 0.0149744 secs] [Times: user=0.02 sys=0.00, real=0.02 secs] 
2018-03-22T17:08:50.313+0000: 407.606: [GC (Allocation Failure) 2018-03-22T17:08:50.313+0000: 407.606: [DefNew: 142429K->7471K(153600K), 0.0117293 secs] 328629K->193671K(494976K), 0.0117946 secs] [Times: user=0.01 sys=0.00, real=0.01 secs] 
2018-03-22T17:08:53.380+0000: 410.673: [GC (Allocation Failure) 2018-03-22T17:08:53.380+0000: 410.674: [DefNew: 143590K->6856K(153600K), 0.0092672 secs] 329791K->193056K(494976K), 0.0093315 secs] [Times: user=0.00 sys=0.00, real=0.01 secs] 
2018-03-22T17:08:56.335+0000: 413.629: [GC (Allocation Failure) 2018-03-22T17:08:56.335+0000: 413.629: [DefNew: 143432K->11197K(153600K), 0.0158569 secs] 329632K->197397K(494976K), 0.0159238 secs] [Times: user=0.01 sys=0.00, real=0.01 secs] 
2018-03-22T17:08:58.914+0000: 416.207: [GC (Allocation Failure) 2018-03-22T17:08:58.914+0000: 416.207: [DefNew: 147773K->16983K(153600K), 0.0218972 secs] 333973K->206382K(494976K), 0.0219634 secs] [Times: user=0.02 sys=0.00, real=0.02 secs] 
2018-03-22T17:09:02.069+0000: 419.362: [GC (Allocation Failure) 2018-03-22T17:09:02.069+0000: 419.362: [DefNew: 153559K->3556K(153600K), 0.0108630 secs] 342958K->196769K(494976K), 0.0109429 secs] [Times: user=0.01 sys=0.00, real=0.01 secs] 
2018-03-22T17:09:04.895+0000: 422.188: [GC (Allocation Failure) 2018-03-22T17:09:04.895+0000: 422.188: [DefNew: 129647K->5083K(153600K), 0.0080475 secs] 322861K->198297K(494976K), 0.0081125 secs] [Times: user=0.00 sys=0.00, real=0.00 secs] 
2018-03-22T17:09:07.887+0000: 425.181: [GC (Allocation Failure) 2018-03-22T17:09:07.887+0000: 425.181: [DefNew: 137322K->6528K(153600K), 0.0087966 secs] 330535K->199741K(494976K), 0.0088743 secs] [Times: user=0.01 sys=0.00, real=0.01 secs] 
2018-03-22T17:09:10.898+0000: 428.192: [GC (Allocation Failure) 2018-03-22T17:09:10.898+0000: 428.192: [DefNew: 138663K->7587K(153600K), 0.0095602 secs] 331877K->200801K(494976K), 0.0096252 secs] [Times: user=0.01 sys=0.00, real=0.01 secs] 
2018-03-22T17:09:13.477+0000: 430.771: [GC (Allocation Failure) 2018-03-22T17:09:13.477+0000: 430.771: [DefNew: 133425K->8807K(153600K), 0.0206216 secs] 326639K->202020K(494976K), 0.0206888 secs] [Times: user=0.02 sys=0.00, real=0.02 secs] 
2018-03-22T17:09:16.454+0000: 433.748: [GC (Allocation Failure) 2018-03-22T17:09:16.454+0000: 433.748: [DefNew: 142208K->8727K(153600K), 0.0132258 secs] 335421K->202613K(494976K), 0.0132859 secs] [Times: user=0.01 sys=0.00, real=0.01 secs] 
2018-03-22T17:09:19.378+0000: 436.672: [GC (Allocation Failure) 2018-03-22T17:09:19.378+0000: 436.672: [DefNew: 145303K->12520K(153600K), 0.0370729 secs] 339189K->207072K(494976K), 0.0371407 secs] [Times: user=0.04 sys=0.00, real=0.04 secs] 
2018-03-22T17:09:22.316+0000: 439.610: [GC (Allocation Failure) 2018-03-22T17:09:22.316+0000: 439.610: [DefNew: 149074K->7970K(153600K), 0.0195628 secs] 343626K->206592K(494976K), 0.0196301 secs] [Times: user=0.02 sys=0.00, real=0.02 secs] 
2018-03-22T17:09:24.993+0000: 442.287: [GC (Allocation Failure) 2018-03-22T17:09:24.993+0000: 442.287: [DefNew: 134084K->6989K(153600K), 0.0143634 secs] 332706K->205611K(494976K), 0.0144430 secs] [Times: user=0.01 sys=0.00, real=0.02 secs] 
2018-03-22T17:09:27.991+0000: 445.284: [GC (Allocation Failure) 2018-03-22T17:09:27.991+0000: 445.284: [DefNew: 139268K->7990K(153600K), 0.0135628 secs] 337890K->206612K(494976K), 0.0136279 secs] [Times: user=0.01 sys=0.00, real=0.01 secs] 
2018-03-22T17:09:30.997+0000: 448.290: [GC (Allocation Failure) 2018-03-22T17:09:30.997+0000: 448.290: [DefNew: 141048K->8728K(153600K), 0.0180266 secs] 339670K->207350K(494976K), 0.0180928 secs] [Times: user=0.02 sys=0.00, real=0.02 secs] 
2018-03-22T17:09:33.997+0000: 451.290: [GC (Allocation Failure) 2018-03-22T17:09:33.997+0000: 451.290: [DefNew: 141606K->8355K(153600K), 0.0224696 secs] 340228K->207868K(494976K), 0.0225387 secs] [Times: user=0.02 sys=0.00, real=0.02 secs] 
2018-03-22T17:09:36.836+0000: 454.130: [GC (Allocation Failure) 2018-03-22T17:09:36.836+0000: 454.130: [DefNew: 144931K->11851K(153600K), 0.0302832 secs] 344444K->211364K(494976K), 0.0303738 secs] [Times: user=0.03 sys=0.00, real=0.03 secs] 
2018-03-22T17:09:39.816+0000: 457.110: [GC (Allocation Failure) 2018-03-22T17:09:39.816+0000: 457.110: [DefNew: 148427K->7084K(153600K), 0.0309225 secs] 347940K->210097K(494976K), 0.0309845 secs] [Times: user=0.02 sys=0.00, real=0.03 secs] 
2018-03-22T17:09:42.525+0000: 459.818: [GC (Allocation Failure) 2018-03-22T17:09:42.525+0000: 459.818: [DefNew: 141290K->7946K(153600K), 0.0162689 secs] 344303K->210960K(494976K), 0.0163267 secs] [Times: user=0.01 sys=0.00, real=0.02 secs] 
2018-03-22T17:09:45.304+0000: 462.597: [GC (Allocation Failure) 2018-03-22T17:09:45.304+0000: 462.597: [DefNew: 144522K->9344K(153600K), 0.0215122 secs] 347536K->212357K(494976K), 0.0215786 secs] [Times: user=0.02 sys=0.00, real=0.02 secs] 
2018-03-22T17:09:48.255+0000: 465.549: [GC (Allocation Failure) 2018-03-22T17:09:48.255+0000: 465.549: [DefNew: 145920K->8009K(153600K), 0.0199694 secs] 348933K->212370K(494976K), 0.0200339 secs] [Times: user=0.02 sys=0.00, real=0.02 secs] 
2018-03-22T17:09:50.897+0000: 468.191: [GC (Allocation Failure) 2018-03-22T17:09:50.897+0000: 468.191: [DefNew: 138025K->9002K(153600K), 0.0107640 secs] 342386K->213363K(494976K), 0.0108348 secs] [Times: user=0.01 sys=0.00, real=0.01 secs] 
2018-03-22T17:09:53.703+0000: 470.997: [GC (Allocation Failure) 2018-03-22T17:09:53.703+0000: 470.997: [DefNew: 145578K->9057K(153600K), 0.0111729 secs] 349939K->214107K(494976K), 0.0112555 secs] [Times: user=0.01 sys=0.00, real=0.02 secs] 
2018-03-22T17:09:56.806+0000: 474.099: [GC (Allocation Failure) 2018-03-22T17:09:56.806+0000: 474.099: [DefNew: 145633K->9400K(153600K), 0.0126134 secs] 350683K->215450K(494976K), 0.0126887 secs] [Times: user=0.02 sys=0.00, real=0.01 secs] 
2018-03-22T17:09:59.889+0000: 477.183: [GC (Allocation Failure) 2018-03-22T17:09:59.889+0000: 477.183: [DefNew: 144513K->7836K(153600K), 0.0101847 secs] 350564K->214893K(494976K), 0.0102512 secs] [Times: user=0.01 sys=0.00, real=0.01 secs] 
2018-03-22T17:10:02.305+0000: 479.599: [GC (Allocation Failure) 2018-03-22T17:10:02.305+0000: 479.599: [DefNew: 144412K->10266K(153600K), 0.0140621 secs] 351469K->217323K(494976K), 0.0141407 secs] [Times: user=0.02 sys=0.00, real=0.02 secs] 
2018-03-22T17:10:04.895+0000: 482.189: [GC (Allocation Failure) 2018-03-22T17:10:04.895+0000: 482.189: [DefNew: 146782K->8019K(153600K), 0.0124577 secs] 353839K->216576K(494976K), 0.0125272 secs] [Times: user=0.01 sys=0.00, real=0.01 secs] 
2018-03-22T17:10:07.796+0000: 485.090: [GC (Allocation Failure) 2018-03-22T17:10:07.797+0000: 485.090: [DefNew: 144595K->9314K(153600K), 0.0114899 secs] 353152K->217870K(494976K), 0.0115589 secs] [Times: user=0.01 sys=0.00, real=0.01 secs] 
2018-03-22T17:10:10.497+0000: 487.790: [GC (Allocation Failure) 2018-03-22T17:10:10.497+0000: 487.790: [DefNew: 139343K->8524K(153600K), 0.0199784 secs] 347900K->218245K(494976K), 0.0200575 secs] [Times: user=0.02 sys=0.00, real=0.02 secs] 
2018-03-22T17:10:13.107+0000: 490.401: [GC (Allocation Failure) 2018-03-22T17:10:13.107+0000: 490.401: [DefNew: 145100K->8910K(153600K), 0.0192038 secs] 354821K->219024K(494976K), 0.0192699 secs] [Times: user=0.02 sys=0.00, real=0.02 secs] 
2018-03-22T17:10:16.000+0000: 493.294: [GC (Allocation Failure) 2018-03-22T17:10:16.000+0000: 493.294: [DefNew: 145118K->8983K(153600K), 0.0254569 secs] 355231K->219884K(494976K), 0.0255239 secs] [Times: user=0.02 sys=0.00, real=0.03 secs] 
2018-03-22T17:10:18.842+0000: 496.136: [GC (Allocation Failure) 2018-03-22T17:10:18.842+0000: 496.136: [DefNew: 145559K->11378K(153600K), 0.0283466 secs] 356460K->223044K(494976K), 0.0284121 secs] [Times: user=0.03 sys=0.00, real=0.03 secs] 
2018-03-22T17:10:21.508+0000: 498.802: [GC (Allocation Failure) 2018-03-22T17:10:21.508+0000: 498.802: [DefNew: 147954K->10615K(153600K), 0.0367971 secs] 359620K->225122K(494976K), 0.0408725 secs] [Times: user=0.04 sys=0.00, real=0.04 secs] 
2018-03-22T17:10:23.885+0000: 501.179: [GC (Allocation Failure) 2018-03-22T17:10:23.886+0000: 501.179: [DefNew: 147191K->10111K(153600K), 0.0405182 secs] 361698K->226821K(494976K), 0.0405865 secs] [Times: user=0.04 sys=0.01, real=0.04 secs] 
2018-03-22T17:10:26.505+0000: 503.799: [GC (Allocation Failure) 2018-03-22T17:10:26.505+0000: 503.799: [DefNew: 139740K->5718K(153600K), 0.0206086 secs] 356451K->224171K(494976K), 0.0206769 secs] [Times: user=0.02 sys=0.00, real=0.03 secs] 
2018-03-22T17:10:28.991+0000: 506.284: [GC (Allocation Failure) 2018-03-22T17:10:28.991+0000: 506.284: [DefNew: 139943K->6978K(153600K), 0.0127167 secs] 358395K->225430K(494976K), 0.0127839 secs] [Times: user=0.02 sys=0.00, real=0.01 secs] 
2018-03-22T17:10:31.493+0000: 508.787: [GC (Allocation Failure) 2018-03-22T17:10:31.493+0000: 508.787: [DefNew: 130920K->7846K(153600K), 0.0174994 secs] 349372K->226298K(494976K), 0.0175749 secs] [Times: user=0.01 sys=0.00, real=0.02 secs] 
2018-03-22T17:10:34.352+0000: 511.645: [GC (Allocation Failure) 2018-03-22T17:10:34.352+0000: 511.645: [DefNew: 144422K->11575K(153600K), 0.0272954 secs] 362874K->230027K(494976K), 0.0273714 secs] [Times: user=0.03 sys=0.00, real=0.03 secs] 
2018-03-22T17:10:37.003+0000: 514.296: [GC (Allocation Failure) 2018-03-22T17:10:37.003+0000: 514.296: [DefNew: 140439K->6811K(153600K), 0.0226777 secs] 358892K->227727K(494976K), 0.0227445 secs] [Times: user=0.03 sys=0.00, real=0.03 secs] 
2018-03-22T17:10:39.514+0000: 516.808: [GC (Allocation Failure) 2018-03-22T17:10:39.514+0000: 516.808: [DefNew: 138348K->8406K(153600K), 0.0202185 secs] 359264K->229323K(494976K), 0.0202933 secs] [Times: user=0.02 sys=0.00, real=0.02 secs] 
2018-03-22T17:10:42.013+0000: 519.307: [GC (Allocation Failure) 2018-03-22T17:10:42.013+0000: 519.307: [DefNew: 141210K->9160K(153600K), 0.0181398 secs] 362127K->230076K(494976K), 0.0182155 secs] [Times: user=0.02 sys=0.00, real=0.01 secs] 
2018-03-22T17:10:44.543+0000: 521.837: [GC (Allocation Failure) 2018-03-22T17:10:44.544+0000: 521.837: [DefNew: 144833K->9767K(153600K), 0.0211551 secs] 365749K->231261K(494976K), 0.0212317 secs] [Times: user=0.02 sys=0.00, real=0.02 secs] 
2018-03-22T17:10:47.071+0000: 524.365: [GC (Allocation Failure) 2018-03-22T17:10:47.071+0000: 524.365: [DefNew: 141800K->8440K(153600K), 0.0239855 secs] 363294K->231837K(494976K), 0.0240617 secs] [Times: user=0.02 sys=0.01, real=0.03 secs] 
2018-03-22T17:10:49.497+0000: 526.791: [GC (Allocation Failure) 2018-03-22T17:10:49.497+0000: 526.791: [DefNew: 135827K->9292K(153600K), 0.0177579 secs] 359224K->232689K(494976K), 0.0178266 secs] [Times: user=0.02 sys=0.00, real=0.02 secs] 
2018-03-22T17:10:52.009+0000: 529.303: [GC (Allocation Failure) 2018-03-22T17:10:52.009+0000: 529.303: [DefNew: 139035K->8880K(153600K), 0.0249002 secs] 362432K->233397K(494976K), 0.0249807 secs] [Times: user=0.03 sys=0.00, real=0.03 secs] 
17:10:53.153 [Client] INFO  c.s.f.r.e.s.SocketRear  - FlameSocketGraphDeployerRear@10.0.0.16: has been disconnected from Connection 5
17:11:03.545 [worker-akka.actor.default-dispatcher-3] INFO  a.a.CoordinatedShutdown CoordinatedShutdown(akka://worker) - Starting coordinated shutdown from JVM shutdown hook
17:11:03.564 [worker-akka.actor.default-dispatcher-14] INFO  a.a.LocalActorRef akka://worker/user/watcher/graph/edge/FlameSocketGraphDeployerRear - Stopped
17:11:03.565 [worker-akka.actor.default-dispatcher-13] INFO  a.a.LocalActorRef akka://worker/user/watcher/graph/graph/$a - Stopped
17:11:03.565 [worker-akka.actor.default-dispatcher-13] INFO  a.a.LocalActorRef akka://worker/user/watcher/graph/graph/$b - Stopped
17:11:03.565 [worker-akka.actor.default-dispatcher-13] INFO  a.a.LocalActorRef akka://worker/user/watcher/graph/graph/$c - Stopped
17:11:03.567 [worker-akka.actor.default-dispatcher-7] INFO  a.a.LocalActorRef akka://worker/user/watcher/graph/graph/local-acker/$a - Stopped
17:11:03.568 [worker-akka.actor.default-dispatcher-14] INFO  a.a.LocalActorRef akka://worker/user/watcher/graph/graph/local-acker/$a - Message [com.spbsu.flamestream.runtime.utils.akka.PingActor$InnerPing] from Actor[akka://worker/user/watcher/graph/graph/local-acker/$a#199299993] to Actor[akka://worker/user/watcher/graph/graph/local-acker/$a#199299993] was not delivered. [1] dead letters encountered. This logging can be turned off or adjusted with configuration settings 'akka.log-dead-letters' and 'akka.log-dead-letters-during-shutdown'.
17:11:03.569 [worker-akka.actor.default-dispatcher-13] INFO  a.a.LocalActorRef akka://worker/user/watcher/graph/graph/local-acker - Stopped
17:11:03.570 [worker-akka.actor.default-dispatcher-13] INFO  a.a.LocalActorRef akka://worker/user/watcher/graph/graph - Stopped
17:11:03.573 [worker-akka.actor.default-dispatcher-12] INFO  a.a.LocalActorRef akka://worker/user/watcher/graph/negotiator - Stopped
17:11:03.574 [worker-akka.actor.default-dispatcher-7] INFO  a.a.LocalActorRef akka://worker/user/watcher/graph/graph/local-acker/$a - Message [com.spbsu.flamestream.runtime.utils.akka.PingActor$Stop] from Actor[akka://worker/user/watcher/graph/graph/local-acker#768717910] to Actor[akka://worker/user/watcher/graph/graph/local-acker/$a#199299993] was not delivered. [2] dead letters encountered. This logging can be turned off or adjusted with configuration settings 'akka.log-dead-letters' and 'akka.log-dead-letters-during-shutdown'.
17:11:03.575 [worker-akka.actor.default-dispatcher-5] INFO  a.a.LocalActorRef akka://worker/user/watcher/graph/edge/FlameSocketGraphDeployerFront - Stopped
17:11:03.576 [worker-akka.actor.default-dispatcher-5] INFO  a.a.LocalActorRef akka://worker/user/watcher/graph/edge - Stopped
17:11:03.576 [worker-akka.actor.default-dispatcher-5] INFO  a.a.LocalActorRef akka://worker/user/watcher/graph - Stopped
17:11:03.577 [worker-akka.actor.default-dispatcher-7] INFO  a.a.RepointableActorRef akka://worker/user/watcher - Stopped
17:11:03.586 [worker-akka.actor.default-dispatcher-5] INFO  o.a.z.ZooKeeper  - Session: 0x1624ea83f700004 closed
17:11:03.586 [worker-akka.actor.default-dispatcher-6-EventThread] INFO  o.a.z.ClientCnxn  - EventThread shut down for session: 0x1624ea83f700004
17:11:03.595 [worker-akka.actor.default-dispatcher-5] INFO  a.r.RemoteActorRefProvider$RemotingTerminator akka://worker@10.0.0.16:5412/system/remoting-terminator - Shutting down remote daemon.
17:11:03.595 [worker-akka.actor.default-dispatcher-5] INFO  a.r.RemoteActorRefProvider$RemotingTerminator akka://worker@10.0.0.16:5412/system/remoting-terminator - Remote daemon shut down; proceeding with flushing remote transports.
17:11:03.737 [worker-akka.actor.default-dispatcher-16] INFO  a.r.RemoteActorRefProvider$RemotingTerminator akka://worker@10.0.0.16:5412/system/remoting-terminator - Remoting shut down.
Heap
 def new generation   total 153600K, used 111801K [0x00000000e0c00000, 0x00000000eb2a0000, 0x00000000eb2a0000)
  eden space 136576K,  75% used [0x00000000e0c00000, 0x00000000e7082418, 0x00000000e9160000)
  from space 17024K,  52% used [0x00000000e9160000, 0x00000000e9a0c3e0, 0x00000000ea200000)
  to   space 17024K,   0% used [0x00000000ea200000, 0x00000000ea200000, 0x00000000eb2a0000)
 tenured generation   total 341376K, used 224516K [0x00000000eb2a0000, 0x0000000100000000, 0x0000000100000000)
   the space 341376K,  65% used [0x00000000eb2a0000, 0x00000000f8de1160, 0x00000000f8de1200, 0x0000000100000000)
 Metaspace       used 34033K, capacity 34958K, committed 35200K, reserved 1079296K
  class space    used 4479K, capacity 4664K, committed 4736K, reserved 1048576K
