12:01:58.536 [worker-akka.actor.default-dispatcher-2] INFO  a.e.s.Slf4jLogger  - Slf4jLogger started
2018-02-19T12:01:58.683+0000: 1.810: [Full GC (Metadata GC Threshold) 2018-02-19T12:01:58.683+0000: 1.810: [Tenured: 0K->15412K(341376K), 0.0354740 secs] 117539K->15412K(494976K), [Metaspace: 20870K->20870K(1067008K)], 0.0355326 secs] [Times: user=0.03 sys=0.00, real=0.04 secs] 
Ama winner
Ama winner
12:01:58.996 [worker-akka.actor.default-dispatcher-2] INFO  a.r.a.ArteryTransport(akka://worker) akka.remote.artery.ArteryTransport(akka://worker) - Started embedded media driver in directory [/dev/shm/aeron-root-worker-8f4387e0-8c70-4115-a62a-f69c4f37177c]
12:01:59.182 [worker-akka.actor.default-dispatcher-2] INFO  a.r.a.ArteryTransport(akka://worker) akka.remote.artery.ArteryTransport(akka://worker) - Remoting started; listening on address: [akka://worker@172.31.34.169:5412] with UID [3561469358705830126]
12:01:59.237 [worker-akka.actor.default-dispatcher-2] INFO  o.a.z.ZooKeeper  - Client environment:zookeeper.version=3.4.9-1757313, built on 08/23/2016 06:50 GMT
12:01:59.237 [worker-akka.actor.default-dispatcher-2] INFO  o.a.z.ZooKeeper  - Client environment:host.name=ip-172-31-34-169.us-east-2.compute.internal
12:01:59.237 [worker-akka.actor.default-dispatcher-2] INFO  o.a.z.ZooKeeper  - Client environment:java.version=1.8.0_151
12:01:59.237 [worker-akka.actor.default-dispatcher-2] INFO  o.a.z.ZooKeeper  - Client environment:java.vendor=Oracle Corporation
12:01:59.237 [worker-akka.actor.default-dispatcher-2] INFO  o.a.z.ZooKeeper  - Client environment:java.home=/usr/lib/jvm/java-8-openjdk-amd64/jre
12:01:59.237 [worker-akka.actor.default-dispatcher-2] INFO  o.a.z.ZooKeeper  - Client environment:java.class.path=lib/commons-cli-1.4.jar:lib/minlog-1.3.0.jar:lib/asm-5.0.4.jar:lib/hadoop-annotations-2.7.3.jar:lib/hadoop-auth-2.7.3.jar:lib/akka-slf4j_2.11-2.5.6.jar:lib/jersey-core-1.9.jar:lib/lz4-1.3.0.jar:lib/jackson-core-asl-1.9.13.jar:lib/aeron-client-1.3.0.jar:lib/htrace-core-3.1.0-incubating.jar:lib/xz-1.0.jar:lib/commons-httpclient-3.1.jar:lib/asm-3.1.jar:lib/commons-lang3-3.4.jar:lib/scala-library-2.11.11.jar:lib/scala-java8-compat_2.11-0.7.0.jar:lib/commons-configuration-1.6.jar:lib/objenesis-2.1.jar:lib/jackson-annotations-2.8.0.jar:lib/jsr305-3.0.0.jar:lib/curator-framework-2.7.1.jar:lib/jersey-server-1.9.jar:lib/jets3t-0.9.0.jar:lib/leveldb-0.7.jar:lib/jetty-6.1.26.jar:lib/stax-api-1.0-2.jar:lib/flamestream-core-1.0-SNAPSHOT.jar:lib/reflectasm-1.07-shaded.jar:lib/apacheds-kerberos-codec-2.0.0-M15.jar:lib/api-asn1-api-1.0.0-M20.jar:lib/commons-lang-2.6.jar:lib/commons-beanutils-1.7.0.jar:lib/jackson-xc-1.8.3.jar:lib/jetty-util-6.1.26.jar:lib/logback-classic-1.2.3.jar:lib/jool-0.9.12.jar:lib/flamestream-runtime-1.0-SNAPSHOT-tests.jar:lib/httpcore-4.1.2.jar:lib/kryo-4.0.0.jar:lib/ant-1.8.1.jar:lib/jaxb-impl-2.2.3-1.jar:lib/jersey-json-1.9.jar:lib/commons-compress-1.4.1.jar:lib/leveldbjni-all-1.8.jar:lib/paranamer-2.3.jar:lib/jackson-core-2.8.4.jar:lib/commons-math3-3.6.1.jar:lib/scala-parser-combinators_2.11-1.0.4.jar:lib/netty-3.10.6.Final.jar:lib/trove4j-3.0.3.jar:lib/jaxb-api-2.2.2.jar:lib/logback-core-1.2.3.jar:lib/snappy-java-1.0.4.1.jar:lib/protobuf-java-2.5.0.jar:lib/reactive-streams-1.0.1.jar:lib/flamestream-examples-1.0-SNAPSHOT.jar:lib/commons-codec-1.4.jar:lib/activation-1.1.jar:lib/commons-net-3.1.jar:lib/curator-recipes-2.7.1.jar:lib/jackson-mapper-asl-1.9.13.jar:lib/jackson-databind-2.8.4.jar:lib/flamestream-runtime-1.0-SNAPSHOT.jar:lib/jackson-jaxrs-1.8.3.jar:lib/slf4j-api-1.7.24.jar:lib/akka-remote_2.11-2.5.6.jar:lib/akka-testkit_2.11-2.5.6.jar:lib/jline-0.9.94.jar:lib/akka-stream_2.11-2.5.6.jar:lib/jsp-api-2.1.jar:lib/kryonet-2.21.jar:lib/akka-kryo-serialization_2.11-0.5.0.jar:lib/config-1.3.1.jar:lib/ant-launcher-1.8.1.jar:lib/commons-logging-1.2.jar:lib/ssl-config-core_2.11-0.2.2.jar:lib/testng-6.10.jar:lib/leveldb-api-0.7.jar:lib/reflectasm-1.11.3.jar:lib/jcommander-1.48.jar:lib/commons-1.1.jar:lib/commons-digester-1.8.jar:lib/minlog-1.2.jar:lib/java-xmlbuilder-0.4.jar:lib/jettison-1.1.jar:lib/gson-2.2.4.jar:lib/jdk.tools-1.8.jar:lib/aeron-driver-1.3.0.jar:lib/zookeeper-3.4.9.jar:lib/commons-beanutils-core-1.8.0.jar:lib/commons-math3-3.1.1.jar:lib/akka-actor_2.11-2.5.6.jar:lib/curator-client-2.7.1.jar:lib/servlet-api-2.5.jar:lib/apacheds-i18n-2.0.0-M15.jar:lib/commons-io-2.4.jar:lib/commons-codec-1.6.jar:lib/akka-protobuf_2.11-2.5.6.jar:lib/protobuf-java-3.5.1.jar:lib/jdom-2.0.2.jar:lib/api-util-1.0.0-M20.jar:lib/hadoop-common-2.7.3.jar:lib/agrona-0.9.6.jar:lib/xmlenc-0.52.jar:lib/guava-21.0.jar:lib/commons-collections-3.2.2.jar:lib/avro-1.7.4.jar:lib/httpclient-4.1.2.jar:lib/flamestream-core-1.0-SNAPSHOT-tests.jar:lib/annotations-12.0.jar:lib/jsch-0.1.42.jar:flamestream-runtime-1.0-SNAPSHOT.jar
12:01:59.238 [worker-akka.actor.default-dispatcher-2] INFO  o.a.z.ZooKeeper  - Client environment:java.library.path=/usr/java/packages/lib/amd64:/usr/lib/x86_64-linux-gnu/jni:/lib/x86_64-linux-gnu:/usr/lib/x86_64-linux-gnu:/usr/lib/jni:/lib:/usr/lib
12:01:59.238 [worker-akka.actor.default-dispatcher-2] INFO  o.a.z.ZooKeeper  - Client environment:java.io.tmpdir=/tmp
12:01:59.238 [worker-akka.actor.default-dispatcher-2] INFO  o.a.z.ZooKeeper  - Client environment:java.compiler=<NA>
12:01:59.238 [worker-akka.actor.default-dispatcher-2] INFO  o.a.z.ZooKeeper  - Client environment:os.name=Linux
12:01:59.238 [worker-akka.actor.default-dispatcher-2] INFO  o.a.z.ZooKeeper  - Client environment:os.arch=amd64
12:01:59.238 [worker-akka.actor.default-dispatcher-2] INFO  o.a.z.ZooKeeper  - Client environment:os.version=4.4.0-1049-aws
12:01:59.238 [worker-akka.actor.default-dispatcher-2] INFO  o.a.z.ZooKeeper  - Client environment:user.name=root
12:01:59.239 [worker-akka.actor.default-dispatcher-2] INFO  o.a.z.ZooKeeper  - Client environment:user.home=/root
12:01:59.240 [worker-akka.actor.default-dispatcher-2] INFO  o.a.z.ZooKeeper  - Client environment:user.dir=/opt/flamestream
12:01:59.241 [worker-akka.actor.default-dispatcher-2] INFO  o.a.z.ZooKeeper  - Initiating client connection, connectString=172.31.34.147:2181 sessionTimeout=5000 watcher=com.spbsu.flamestream.runtime.application.LifecycleWatcher$$Lambda$29/764839090@3d5d5f13
12:01:59.258 [worker-akka.actor.default-dispatcher-2-SendThread(172.31.34.147:2181)] INFO  o.a.z.ClientCnxn  - Opening socket connection to server 172.31.34.147/172.31.34.147:2181. Will not attempt to authenticate using SASL (unknown error)
12:01:59.259 [worker-akka.actor.default-dispatcher-2] INFO  a.a.RepointableActorRef akka://worker/user/watcher - Starting...
12:01:59.264 [worker-akka.actor.default-dispatcher-2-SendThread(172.31.34.147:2181)] INFO  o.a.z.ClientCnxn  - Socket connection established to 172.31.34.147/172.31.34.147:2181, initiating session
12:01:59.269 [worker-akka.actor.default-dispatcher-2-SendThread(172.31.34.147:2181)] INFO  o.a.z.ClientCnxn  - Session establishment complete on server 172.31.34.147/172.31.34.147:2181, sessionid = 0x161adf060390008, negotiated timeout = 6000
12:01:59.347 [worker-akka.actor.default-dispatcher-2] INFO  a.a.RepointableActorRef akka://worker/user/watcher - Connected to ZK
12:02:08.928 [worker-akka.actor.default-dispatcher-2] INFO  a.a.RepointableActorRef akka://worker/user/watcher - Creating node with watchGraphs: 'com.spbsu.flamestream.core.Graph$Builder$MyGraph@4084ed8a', config: 'ClusterConfig{paths={172.31.33.155=akka://worker@172.31.33.155:5412/user/watcher/graph0000000000, 172.31.47.83=akka://worker@172.31.47.83:5412/user/watcher/graph0000000000, 172.31.45.197=akka://worker@172.31.45.197:5412/user/watcher/graph0000000000, 172.31.42.36=akka://worker@172.31.42.36:5412/user/watcher/graph0000000000, 172.31.44.83=akka://worker@172.31.44.83:5412/user/watcher/graph0000000000, 172.31.39.64=akka://worker@172.31.39.64:5412/user/watcher/graph0000000000, 172.31.35.79=akka://worker@172.31.35.79:5412/user/watcher/graph0000000000, 172.31.34.169=akka://worker@172.31.34.169:5412/user/watcher/graph0000000000, 172.31.47.100=akka://worker@172.31.47.100:5412/user/watcher/graph0000000000, 172.31.37.101=akka://worker@172.31.37.101:5412/user/watcher/graph0000000000}, ackerLocation='172.31.35.79', props=ComputationLayout{ranges={172.31.33.155=HashRange{from=-1670265060, to=-1193046472}, 172.31.47.83=HashRange{from=1670265056, to=2147483644}, 172.31.45.197=HashRange{from=-715827884, to=-238609296}, 172.31.42.36=HashRange{from=1193046468, to=1670265056}, 172.31.44.83=HashRange{from=-238609296, to=238609292}, 172.31.39.64=HashRange{from=715827880, to=1193046468}, 172.31.35.79=HashRange{from=0, to=0}, 172.31.34.169=HashRange{from=-2147483648, to=-1670265060}, 172.31.47.100=HashRange{from=238609292, to=715827880}, 172.31.37.101=HashRange{from=-1193046472, to=-715827884}}}}'
12:02:09.783 [worker-akka.actor.default-dispatcher-2] INFO  a.a.LocalActorRef akka://worker/user/watcher/graph0000000000/graph - Starting...
12:02:09.788 [worker-akka.actor.default-dispatcher-2] INFO  a.a.LocalActorRef akka://worker/user/watcher/graph0000000000/graph/local-acker - Starting...
12:02:09.790 [worker-akka.actor.default-dispatcher-2] INFO  a.a.LocalActorRef akka://worker/user/watcher/graph0000000000/graph/local-acker/$a - Starting...
Warning: space is running low in /dev/shm (tmpfs) threshold=167,772,160 usable=158,621,696
Warning: space is running low in /dev/shm (tmpfs) threshold=167,772,160 usable=146,034,688
Warning: space is running low in /dev/shm (tmpfs) threshold=167,772,160 usable=133,447,680
Warning: space is running low in /dev/shm (tmpfs) threshold=167,772,160 usable=120,860,672
Warning: space is running low in /dev/shm (tmpfs) threshold=167,772,160 usable=108,273,664
Warning: space is running low in /dev/shm (tmpfs) threshold=167,772,160 usable=95,686,656
Warning: space is running low in /dev/shm (tmpfs) threshold=167,772,160 usable=83,099,648
Warning: space is running low in /dev/shm (tmpfs) threshold=167,772,160 usable=70,512,640
12:02:10.923 [worker-akka.actor.default-dispatcher-2] INFO  a.a.LocalActorRef akka://worker/user/watcher/graph0000000000/graph - Finishing constructor
12:02:10.924 [worker-akka.actor.default-dispatcher-2] INFO  a.a.LocalActorRef akka://worker/user/watcher/graph0000000000 - Starting...
12:02:10.924 [worker-akka.actor.default-dispatcher-2] INFO  a.a.LocalActorRef akka://worker/user/watcher/graph0000000000/negotiator - Starting...
12:02:10.989 [worker-akka.actor.default-dispatcher-2] INFO  a.a.LocalActorRef akka://worker/user/watcher/graph0000000000/graph/$a - Starting...
12:02:10.990 [worker-akka.actor.default-dispatcher-2] INFO  a.a.LocalActorRef akka://worker/user/watcher/graph0000000000/edge - Starting...
12:02:10.991 [worker-akka.actor.default-dispatcher-2] INFO  a.a.LocalActorRef akka://worker/user/watcher/graph0000000000/graph/$b - Starting...
12:02:10.992 [worker-akka.actor.default-dispatcher-2] INFO  a.a.LocalActorRef akka://worker/user/watcher/graph0000000000/graph/$c - Starting...
12:02:11.016 [worker-akka.actor.default-dispatcher-2] INFO  c.s.f.r.e.s.SocketRear  - FlameSocketGraphDeployerRear@172.31.34.169: connecting to 172.31.34.147:5678
12:02:11.019 [worker-akka.actor.default-dispatcher-2] INFO  c.s.f.r.e.s.SocketRear  - FlameSocketGraphDeployerRear@172.31.34.169: connected to 172.31.34.147:5678
12:02:11.040 [worker-akka.actor.default-dispatcher-2] INFO  a.a.LocalActorRef akka://worker/user/watcher/graph0000000000/edge/FlameSocketGraphDeployerRear - Starting...
12:02:11.041 [worker-akka.actor.default-dispatcher-2] INFO  a.a.LocalActorRef akka://worker/user/watcher/graph0000000000/edge/FlameSocketGraphDeployerFront - Starting...
12:02:11.041 [worker-akka.actor.default-dispatcher-2] INFO  a.a.LocalActorRef akka://worker/user/watcher/graph0000000000/negotiator - Requesting ticket for the frontClass FlameSocketGraphDeployerFront@172.31.34.169
12:02:11.052 [worker-akka.actor.default-dispatcher-2] INFO  a.a.LocalActorRef akka://worker/user/watcher/graph0000000000/negotiator - Ticket for the frontClass received: FrontTicket{allowedTimestamp=(1519041728931, FlameSocketGraphDeployerFront@172.31.34.169)}
12:02:11.053 [worker-akka.actor.default-dispatcher-2] INFO  c.s.f.r.e.s.SocketFront  - FlameSocketGraphDeployerFront@172.31.34.169: connecting to 172.31.34.147:4567
12:02:11.069 [Client] INFO  c.s.f.r.e.s.SocketFront  - FlameSocketGraphDeployerFront@172.31.34.169 has been disconnected from Connection 8
2018-02-19T12:02:16.304+0000: 19.431: [GC (Allocation Failure) 2018-02-19T12:02:16.304+0000: 19.431: [DefNew: 136576K->14956K(153600K), 0.0362495 secs] 151988K->49900K(494976K), 0.0363193 secs] [Times: user=0.02 sys=0.01, real=0.04 secs] 
2018-02-19T12:02:43.751+0000: 46.878: [GC (Allocation Failure) 2018-02-19T12:02:43.751+0000: 46.878: [DefNew: 151532K->3217K(153600K), 0.0171527 secs] 186476K->45683K(494976K), 0.0172146 secs] [Times: user=0.02 sys=0.00, real=0.02 secs] 
2018-02-19T12:03:24.692+0000: 87.819: [GC (Allocation Failure) 2018-02-19T12:03:24.692+0000: 87.819: [DefNew: 139793K->5672K(153600K), 0.0114996 secs] 182259K->48137K(494976K), 0.0115630 secs] [Times: user=0.01 sys=0.00, real=0.01 secs] 
2018-02-19T12:03:58.246+0000: 121.373: [GC (Allocation Failure) 2018-02-19T12:03:58.246+0000: 121.373: [DefNew: 142248K->6904K(153600K), 0.0154411 secs] 184713K->49370K(494976K), 0.0155176 secs] [Times: user=0.02 sys=0.01, real=0.02 secs] 
2018-02-19T12:04:31.712+0000: 154.839: [GC (Allocation Failure) 2018-02-19T12:04:31.712+0000: 154.839: [DefNew: 143480K->8542K(153600K), 0.0144098 secs] 185946K->51008K(494976K), 0.0144706 secs] [Times: user=0.02 sys=0.00, real=0.01 secs] 
2018-02-19T12:05:01.665+0000: 184.792: [GC (Allocation Failure) 2018-02-19T12:05:01.665+0000: 184.792: [DefNew: 145118K->8251K(153600K), 0.0170346 secs] 187584K->52129K(494976K), 0.0170998 secs] [Times: user=0.01 sys=0.00, real=0.02 secs] 
2018-02-19T12:05:36.043+0000: 219.170: [GC (Allocation Failure) 2018-02-19T12:05:36.043+0000: 219.170: [DefNew: 144827K->9488K(153600K), 0.0152674 secs] 188705K->53366K(494976K), 0.0153292 secs] [Times: user=0.01 sys=0.00, real=0.01 secs] 
2018-02-19T12:06:14.826+0000: 257.953: [GC (Allocation Failure) 2018-02-19T12:06:14.826+0000: 257.953: [DefNew: 146064K->9357K(153600K), 0.0179562 secs] 189942K->54424K(494976K), 0.0180303 secs] [Times: user=0.01 sys=0.00, real=0.02 secs] 
2018-02-19T12:06:52.946+0000: 296.073: [GC (Allocation Failure) 2018-02-19T12:06:52.946+0000: 296.073: [DefNew: 145933K->9425K(153600K), 0.0191890 secs] 191000K->55540K(494976K), 0.0192642 secs] [Times: user=0.02 sys=0.00, real=0.02 secs] 
2018-02-19T12:07:22.339+0000: 325.466: [GC (Allocation Failure) 2018-02-19T12:07:22.339+0000: 325.466: [DefNew: 146001K->9383K(153600K), 0.0164107 secs] 192116K->56605K(494976K), 0.0164684 secs] [Times: user=0.02 sys=0.00, real=0.02 secs] 
2018-02-19T12:07:56.161+0000: 359.288: [GC (Allocation Failure) 2018-02-19T12:07:56.161+0000: 359.288: [DefNew: 145959K->9421K(153600K), 0.0157567 secs] 193181K->57744K(494976K), 0.0158536 secs] [Times: user=0.01 sys=0.00, real=0.01 secs] 
2018-02-19T12:08:32.408+0000: 395.535: [GC (Allocation Failure) 2018-02-19T12:08:32.408+0000: 395.535: [DefNew: 145997K->9260K(153600K), 0.0168952 secs] 194320K->58628K(494976K), 0.0169700 secs] [Times: user=0.00 sys=0.01, real=0.01 secs] 
2018-02-19T12:09:15.391+0000: 438.518: [GC (Allocation Failure) 2018-02-19T12:09:15.391+0000: 438.518: [DefNew: 145836K->9647K(153600K), 0.0162844 secs] 195204K->59963K(494976K), 0.0163881 secs] [Times: user=0.01 sys=0.00, real=0.02 secs] 
2018-02-19T12:09:55.877+0000: 479.004: [GC (Allocation Failure) 2018-02-19T12:09:55.877+0000: 479.004: [DefNew: 146223K->9609K(153600K), 0.0181304 secs] 196539K->61187K(494976K), 0.0181980 secs] [Times: user=0.02 sys=0.00, real=0.02 secs] 
2018-02-19T12:10:33.806+0000: 516.933: [GC (Allocation Failure) 2018-02-19T12:10:33.806+0000: 516.933: [DefNew: 146185K->9718K(153600K), 0.0247980 secs] 197763K->62359K(494976K), 0.0248628 secs] [Times: user=0.02 sys=0.01, real=0.03 secs] 
2018-02-19T12:11:10.348+0000: 553.475: [GC (Allocation Failure) 2018-02-19T12:11:10.349+0000: 553.476: [DefNew: 146294K->8770K(153600K), 0.0168083 secs] 198935K->63283K(494976K), 0.0168727 secs] [Times: user=0.01 sys=0.00, real=0.01 secs] 
2018-02-19T12:11:50.551+0000: 593.678: [GC (Allocation Failure) 2018-02-19T12:11:50.551+0000: 593.678: [DefNew: 145346K->8856K(153600K), 0.0168043 secs] 199859K->64421K(494976K), 0.0168675 secs] [Times: user=0.00 sys=0.01, real=0.02 secs] 
2018-02-19T12:12:23.510+0000: 626.637: [GC (Allocation Failure) 2018-02-19T12:12:23.510+0000: 626.637: [DefNew: 145432K->9019K(153600K), 0.0172117 secs] 200997K->65726K(494976K), 0.0172770 secs] [Times: user=0.01 sys=0.01, real=0.02 secs] 
2018-02-19T12:13:00.740+0000: 663.867: [GC (Allocation Failure) 2018-02-19T12:13:00.740+0000: 663.867: [DefNew: 145595K->9278K(153600K), 0.0170186 secs] 202302K->66993K(494976K), 0.0170852 secs] [Times: user=0.02 sys=0.00, real=0.01 secs] 
2018-02-19T12:13:43.752+0000: 706.879: [GC (Allocation Failure) 2018-02-19T12:13:43.752+0000: 706.879: [DefNew: 145854K->9273K(153600K), 0.0159152 secs] 203569K->67963K(494976K), 0.0159794 secs] [Times: user=0.02 sys=0.00, real=0.02 secs] 
2018-02-19T12:14:20.369+0000: 743.496: [GC (Allocation Failure) 2018-02-19T12:14:20.369+0000: 743.496: [DefNew: 145849K->9295K(153600K), 0.0167855 secs] 204539K->68995K(494976K), 0.0168496 secs] [Times: user=0.02 sys=0.00, real=0.01 secs] 
2018-02-19T12:14:53.750+0000: 776.877: [GC (Allocation Failure) 2018-02-19T12:14:53.750+0000: 776.877: [DefNew: 145871K->9787K(153600K), 0.0170455 secs] 205571K->70494K(494976K), 0.0171074 secs] [Times: user=0.02 sys=0.00, real=0.02 secs] 
2018-02-19T12:15:28.451+0000: 811.578: [GC (Allocation Failure) 2018-02-19T12:15:28.451+0000: 811.578: [DefNew: 146363K->8605K(153600K), 0.0297576 secs] 207070K->71557K(494976K), 0.0298251 secs] [Times: user=0.00 sys=0.03, real=0.03 secs] 
2018-02-19T12:15:59.024+0000: 842.151: [GC (Allocation Failure) 2018-02-19T12:15:59.024+0000: 842.151: [DefNew: 145181K->8922K(153600K), 0.0154994 secs] 208133K->72833K(494976K), 0.0155659 secs] [Times: user=0.02 sys=0.00, real=0.02 secs] 
2018-02-19T12:16:36.138+0000: 879.265: [GC (Allocation Failure) 2018-02-19T12:16:36.138+0000: 879.265: [DefNew: 145498K->10015K(153600K), 0.0161565 secs] 209409K->75018K(494976K), 0.0162169 secs] [Times: user=0.02 sys=0.00, real=0.02 secs] 
2018-02-19T12:17:08.239+0000: 911.366: [GC (Allocation Failure) 2018-02-19T12:17:08.239+0000: 911.366: [DefNew: 146591K->8941K(153600K), 0.0180172 secs] 211594K->76598K(494976K), 0.0180791 secs] [Times: user=0.01 sys=0.00, real=0.01 secs] 
2018-02-19T12:17:38.139+0000: 941.266: [GC (Allocation Failure) 2018-02-19T12:17:38.139+0000: 941.266: [DefNew: 145517K->7987K(153600K), 0.0155460 secs] 213174K->77827K(494976K), 0.0156186 secs] [Times: user=0.02 sys=0.00, real=0.01 secs] 
2018-02-19T12:18:13.934+0000: 977.061: [GC (Allocation Failure) 2018-02-19T12:18:13.934+0000: 977.061: [DefNew: 144563K->9621K(153600K), 0.0146348 secs] 214403K->79461K(494976K), 0.0146968 secs] [Times: user=0.01 sys=0.00, real=0.02 secs] 
2018-02-19T12:18:46.920+0000: 1010.047: [GC (Allocation Failure) 2018-02-19T12:18:46.920+0000: 1010.047: [DefNew: 146197K->9556K(153600K), 0.0162635 secs] 216037K->80686K(494976K), 0.0163235 secs] [Times: user=0.00 sys=0.01, real=0.01 secs] 
2018-02-19T12:19:20.778+0000: 1043.905: [GC (Allocation Failure) 2018-02-19T12:19:20.778+0000: 1043.905: [DefNew: 146132K->9531K(153600K), 0.0156871 secs] 217262K->81677K(494976K), 0.0157493 secs] [Times: user=0.01 sys=0.00, real=0.02 secs] 
2018-02-19T12:20:01.435+0000: 1084.562: [GC (Allocation Failure) 2018-02-19T12:20:01.435+0000: 1084.562: [DefNew: 146107K->9835K(153600K), 0.0170578 secs] 218253K->83210K(494976K), 0.0171188 secs] [Times: user=0.02 sys=0.01, real=0.02 secs] 
2018-02-19T12:20:33.660+0000: 1116.787: [GC (Allocation Failure) 2018-02-19T12:20:33.660+0000: 1116.787: [DefNew: 146411K->8641K(153600K), 0.0167821 secs] 219786K->84235K(494976K), 0.0168424 secs] [Times: user=0.02 sys=0.00, real=0.01 secs] 
2018-02-19T12:21:12.522+0000: 1155.649: [GC (Allocation Failure) 2018-02-19T12:21:12.522+0000: 1155.649: [DefNew: 145217K->8788K(153600K), 0.0159341 secs] 220811K->85970K(494976K), 0.0159973 secs] [Times: user=0.02 sys=0.00, real=0.01 secs] 
2018-02-19T12:21:46.595+0000: 1189.722: [GC (Allocation Failure) 2018-02-19T12:21:46.595+0000: 1189.722: [DefNew: 145364K->9177K(153600K), 0.0154295 secs] 222546K->87650K(494976K), 0.0155083 secs] [Times: user=0.02 sys=0.00, real=0.02 secs] 
2018-02-19T12:22:17.427+0000: 1220.554: [GC (Allocation Failure) 2018-02-19T12:22:17.427+0000: 1220.554: [DefNew: 145753K->9235K(153600K), 0.0156442 secs] 224226K->89135K(494976K), 0.0157044 secs] [Times: user=0.02 sys=0.00, real=0.02 secs] 
2018-02-19T12:22:56.155+0000: 1259.282: [GC (Allocation Failure) 2018-02-19T12:22:56.155+0000: 1259.282: [DefNew: 145811K->9456K(153600K), 0.0165183 secs] 225711K->91027K(494976K), 0.0165817 secs] [Times: user=0.02 sys=0.00, real=0.02 secs] 
2018-02-19T12:23:26.624+0000: 1289.751: [GC (Allocation Failure) 2018-02-19T12:23:26.624+0000: 1289.751: [DefNew: 146032K->9511K(153600K), 0.0158220 secs] 227603K->92413K(494976K), 0.0158853 secs] [Times: user=0.00 sys=0.02, real=0.02 secs] 
2018-02-19T12:24:09.318+0000: 1332.445: [GC (Allocation Failure) 2018-02-19T12:24:09.318+0000: 1332.445: [DefNew: 146087K->9584K(153600K), 0.0161646 secs] 228989K->94028K(494976K), 0.0162308 secs] [Times: user=0.01 sys=0.00, real=0.02 secs] 
2018-02-19T12:24:39.792+0000: 1362.919: [GC (Allocation Failure) 2018-02-19T12:24:39.792+0000: 1362.919: [DefNew: 146160K->9958K(153600K), 0.0163077 secs] 230604K->95882K(494976K), 0.0163825 secs] [Times: user=0.02 sys=0.00, real=0.02 secs] 
2018-02-19T12:25:17.922+0000: 1401.049: [GC (Allocation Failure) 2018-02-19T12:25:17.922+0000: 1401.049: [DefNew: 146534K->9606K(153600K), 0.0157590 secs] 232458K->97055K(494976K), 0.0158178 secs] [Times: user=0.01 sys=0.00, real=0.01 secs] 
2018-02-19T12:25:46.497+0000: 1429.624: [GC (Allocation Failure) 2018-02-19T12:25:46.497+0000: 1429.624: [DefNew: 146182K->9646K(153600K), 0.0161225 secs] 233631K->98578K(494976K), 0.0162021 secs] [Times: user=0.01 sys=0.00, real=0.02 secs] 
2018-02-19T12:26:17.992+0000: 1461.119: [GC (Allocation Failure) 2018-02-19T12:26:17.992+0000: 1461.119: [DefNew: 146222K->10246K(153600K), 0.0173493 secs] 235154K->100464K(494976K), 0.0174258 secs] [Times: user=0.02 sys=0.00, real=0.02 secs] 
2018-02-19T12:26:56.084+0000: 1499.211: [GC (Allocation Failure) 2018-02-19T12:26:56.084+0000: 1499.211: [DefNew: 146822K->9983K(153600K), 0.0157505 secs] 237040K->101642K(494976K), 0.0158130 secs] [Times: user=0.01 sys=0.00, real=0.02 secs] 
2018-02-19T12:27:24.347+0000: 1527.474: [GC (Allocation Failure) 2018-02-19T12:27:24.347+0000: 1527.474: [DefNew: 146559K->10204K(153600K), 0.0168451 secs] 238218K->103323K(494976K), 0.0169054 secs] [Times: user=0.02 sys=0.00, real=0.01 secs] 
12:27:50.514 [Client] INFO  c.s.f.r.e.s.SocketRear  - FlameSocketGraphDeployerRear@172.31.34.169: has been disconnected from Connection 8
12:28:07.808 [worker-akka.actor.default-dispatcher-2] INFO  a.a.CoordinatedShutdown CoordinatedShutdown(akka://worker) - Starting coordinated shutdown from JVM shutdown hook
12:28:07.850 [worker-akka.actor.default-dispatcher-2] INFO  a.a.LocalActorRef akka://worker/user/watcher/graph0000000000/negotiator - Stopped
12:28:07.852 [worker-akka.actor.default-dispatcher-2] INFO  a.a.LocalActorRef akka://worker/user/watcher/graph0000000000/edge/FlameSocketGraphDeployerFront - Stopped
12:28:07.852 [worker-akka.actor.default-dispatcher-2] INFO  a.a.LocalActorRef akka://worker/user/watcher/graph0000000000/edge/FlameSocketGraphDeployerRear - Stopped
12:28:07.853 [worker-akka.actor.default-dispatcher-2] INFO  a.a.LocalActorRef akka://worker/user/watcher/graph0000000000/graph/$a - Stopped
12:28:07.853 [worker-akka.actor.default-dispatcher-2] INFO  a.a.LocalActorRef akka://worker/user/watcher/graph0000000000/graph/$b - Stopped
12:28:07.853 [worker-akka.actor.default-dispatcher-2] INFO  a.a.LocalActorRef akka://worker/user/watcher/graph0000000000/graph/$c - Stopped
12:28:07.853 [worker-akka.actor.default-dispatcher-2] INFO  a.a.LocalActorRef akka://worker/user/watcher/graph0000000000/graph/local-acker/$a - Stopped
12:28:07.860 [worker-akka.actor.default-dispatcher-2] INFO  a.a.LocalActorRef akka://worker/user/watcher/graph0000000000/edge - Stopped
12:28:07.860 [worker-akka.actor.default-dispatcher-2] INFO  a.a.LocalActorRef akka://worker/user/watcher/graph0000000000/graph/local-acker/$a - Message [com.spbsu.flamestream.runtime.utils.akka.PingActor$InnerPing] from Actor[akka://worker/user/watcher/graph0000000000/graph/local-acker/$a#1530947496] to Actor[akka://worker/user/watcher/graph0000000000/graph/local-acker/$a#1530947496] was not delivered. [1] dead letters encountered. This logging can be turned off or adjusted with configuration settings 'akka.log-dead-letters' and 'akka.log-dead-letters-during-shutdown'.
12:28:07.860 [worker-akka.actor.default-dispatcher-2] INFO  a.a.LocalActorRef akka://worker/user/watcher/graph0000000000/graph/local-acker - Stopped
12:28:07.865 [worker-akka.actor.default-dispatcher-2] INFO  a.a.LocalActorRef akka://worker/user/watcher/graph0000000000/graph/local-acker/$a - Message [com.spbsu.flamestream.runtime.utils.akka.PingActor$Stop] from Actor[akka://worker/user/watcher/graph0000000000/graph/local-acker#-1246780377] to Actor[akka://worker/user/watcher/graph0000000000/graph/local-acker/$a#1530947496] was not delivered. [2] dead letters encountered. This logging can be turned off or adjusted with configuration settings 'akka.log-dead-letters' and 'akka.log-dead-letters-during-shutdown'.
12:28:07.867 [worker-akka.actor.default-dispatcher-2] INFO  a.a.LocalActorRef akka://worker/user/watcher/graph0000000000/graph/local-acker - Message [com.spbsu.flamestream.runtime.acker.LocalAcker$Flush] from Actor[akka://worker/user/watcher/graph0000000000/graph/local-acker#-1246780377] to Actor[akka://worker/user/watcher/graph0000000000/graph/local-acker#-1246780377] was not delivered. [3] dead letters encountered. This logging can be turned off or adjusted with configuration settings 'akka.log-dead-letters' and 'akka.log-dead-letters-during-shutdown'.
12:28:07.868 [worker-akka.actor.default-dispatcher-2] INFO  a.a.LocalActorRef akka://worker/user/watcher/graph0000000000/graph/local-acker - Message [com.spbsu.flamestream.runtime.acker.LocalAcker$Flush] from Actor[akka://worker/user/watcher/graph0000000000/graph/local-acker#-1246780377] to Actor[akka://worker/user/watcher/graph0000000000/graph/local-acker#-1246780377] was not delivered. [4] dead letters encountered. This logging can be turned off or adjusted with configuration settings 'akka.log-dead-letters' and 'akka.log-dead-letters-during-shutdown'.
12:28:07.869 [worker-akka.actor.default-dispatcher-2] INFO  a.a.LocalActorRef akka://worker/user/watcher/graph0000000000/graph/local-acker - Message [com.spbsu.flamestream.runtime.acker.LocalAcker$Flush] from Actor[akka://worker/user/watcher/graph0000000000/graph/local-acker#-1246780377] to Actor[akka://worker/user/watcher/graph0000000000/graph/local-acker#-1246780377] was not delivered. [5] dead letters encountered. This logging can be turned off or adjusted with configuration settings 'akka.log-dead-letters' and 'akka.log-dead-letters-during-shutdown'.
12:28:07.869 [worker-akka.actor.default-dispatcher-2] INFO  a.a.LocalActorRef akka://worker/user/watcher/graph0000000000/graph/local-acker - Message [com.spbsu.flamestream.runtime.acker.LocalAcker$Flush] from Actor[akka://worker/user/watcher/graph0000000000/graph/local-acker#-1246780377] to Actor[akka://worker/user/watcher/graph0000000000/graph/local-acker#-1246780377] was not delivered. [6] dead letters encountered. This logging can be turned off or adjusted with configuration settings 'akka.log-dead-letters' and 'akka.log-dead-letters-during-shutdown'.
12:28:07.871 [worker-akka.actor.default-dispatcher-2] INFO  a.a.LocalActorRef akka://worker/user/watcher/graph0000000000/graph/local-acker - Message [com.spbsu.flamestream.runtime.acker.LocalAcker$Flush] from Actor[akka://worker/user/watcher/graph0000000000/graph/local-acker#-1246780377] to Actor[akka://worker/user/watcher/graph0000000000/graph/local-acker#-1246780377] was not delivered. [7] dead letters encountered. This logging can be turned off or adjusted with configuration settings 'akka.log-dead-letters' and 'akka.log-dead-letters-during-shutdown'.
12:28:07.871 [worker-akka.actor.default-dispatcher-2] INFO  a.a.LocalActorRef akka://worker/user/watcher/graph0000000000/graph/local-acker - Message [com.spbsu.flamestream.runtime.acker.LocalAcker$Flush] from Actor[akka://worker/user/watcher/graph0000000000/graph/local-acker#-1246780377] to Actor[akka://worker/user/watcher/graph0000000000/graph/local-acker#-1246780377] was not delivered. [8] dead letters encountered. This logging can be turned off or adjusted with configuration settings 'akka.log-dead-letters' and 'akka.log-dead-letters-during-shutdown'.
12:28:07.871 [worker-akka.actor.default-dispatcher-2] INFO  a.a.LocalActorRef akka://worker/user/watcher/graph0000000000/graph/local-acker - Message [com.spbsu.flamestream.runtime.acker.LocalAcker$Flush] from Actor[akka://worker/user/watcher/graph0000000000/graph/local-acker#-1246780377] to Actor[akka://worker/user/watcher/graph0000000000/graph/local-acker#-1246780377] was not delivered. [9] dead letters encountered. This logging can be turned off or adjusted with configuration settings 'akka.log-dead-letters' and 'akka.log-dead-letters-during-shutdown'.
12:28:07.872 [worker-akka.actor.default-dispatcher-2] INFO  a.a.LocalActorRef akka://worker/user/watcher/graph0000000000/graph/local-acker - Message [com.spbsu.flamestream.runtime.acker.LocalAcker$Flush] from Actor[akka://worker/user/watcher/graph0000000000/graph/local-acker#-1246780377] to Actor[akka://worker/user/watcher/graph0000000000/graph/local-acker#-1246780377] was not delivered. [10] dead letters encountered. This logging can be turned off or adjusted with configuration settings 'akka.log-dead-letters' and 'akka.log-dead-letters-during-shutdown'.
12:28:07.874 [worker-akka.actor.default-dispatcher-2] INFO  a.a.LocalActorRef akka://worker/user/watcher/graph0000000000/graph - Stopped
12:28:07.877 [worker-akka.actor.default-dispatcher-2-EventThread] INFO  o.a.z.ClientCnxn  - EventThread shut down for session: 0x161adf060390008
12:28:07.877 [worker-akka.actor.default-dispatcher-2] INFO  o.a.z.ZooKeeper  - Session: 0x161adf060390008 closed
12:28:07.877 [worker-akka.actor.default-dispatcher-2] INFO  a.a.LocalActorRef akka://worker/user/watcher/graph0000000000 - Stopped
12:28:07.877 [worker-akka.actor.default-dispatcher-2] INFO  a.a.RepointableActorRef akka://worker/user/watcher - Stopped
12:28:07.892 [worker-akka.actor.default-dispatcher-2] INFO  a.r.RemoteActorRefProvider$RemotingTerminator akka://worker@172.31.34.169:5412/system/remoting-terminator - Shutting down remote daemon.
12:28:07.894 [worker-akka.actor.default-dispatcher-2] INFO  a.r.RemoteActorRefProvider$RemotingTerminator akka://worker@172.31.34.169:5412/system/remoting-terminator - Remote daemon shut down; proceeding with flushing remote transports.
12:28:09.035 [worker-akka.actor.default-dispatcher-2] INFO  a.r.RemoteActorRefProvider$RemotingTerminator akka://worker@172.31.34.169:5412/system/remoting-terminator - Remoting shut down.
Heap
 def new generation   total 153600K, used 123658K [0x00000000e0c00000, 0x00000000eb2a0000, 0x00000000eb2a0000)
  eden space 136576K,  83% used [0x00000000e0c00000, 0x00000000e7acb900, 0x00000000e9160000)
  from space 17024K,  59% used [0x00000000e9160000, 0x00000000e9b57120, 0x00000000ea200000)
  to   space 17024K,   0% used [0x00000000ea200000, 0x00000000ea200000, 0x00000000eb2a0000)
 tenured generation   total 341376K, used 93118K [0x00000000eb2a0000, 0x0000000100000000, 0x0000000100000000)
   the space 341376K,  27% used [0x00000000eb2a0000, 0x00000000f0d8faf8, 0x00000000f0d8fc00, 0x0000000100000000)
 Metaspace       used 33631K, capacity 34418K, committed 34688K, reserved 1079296K
  class space    used 4456K, capacity 4624K, committed 4736K, reserved 1048576K
