13:59:00.880 [worker-akka.actor.default-dispatcher-2] INFO  a.e.s.Slf4jLogger  - Slf4jLogger started
2018-02-19T13:59:01.053+0000: 2.589: [Full GC (Metadata GC Threshold) 2018-02-19T13:59:01.053+0000: 2.589: [Tenured: 0K->15410K(341376K), 0.0375354 secs] 117538K->15410K(494976K), [Metaspace: 20872K->20872K(1067008K)], 0.0376031 secs] [Times: user=0.03 sys=0.01, real=0.04 secs] 
Ama winner
Ama winner
13:59:01.498 [worker-akka.actor.default-dispatcher-2] INFO  a.r.a.ArteryTransport(akka://worker) akka.remote.artery.ArteryTransport(akka://worker) - Started embedded media driver in directory [/dev/shm/aeron-root-worker-8f19b086-fe4d-4dfe-88db-954342d43d36]
13:59:01.712 [worker-akka.actor.default-dispatcher-2] INFO  a.r.a.ArteryTransport(akka://worker) akka.remote.artery.ArteryTransport(akka://worker) - Remoting started; listening on address: [akka://worker@172.31.34.169:5412] with UID [7925230727184578424]
13:59:01.818 [worker-akka.actor.default-dispatcher-2] INFO  o.a.z.ZooKeeper  - Client environment:zookeeper.version=3.4.9-1757313, built on 08/23/2016 06:50 GMT
13:59:01.818 [worker-akka.actor.default-dispatcher-2] INFO  o.a.z.ZooKeeper  - Client environment:host.name=ip-172-31-34-169.us-east-2.compute.internal
13:59:01.819 [worker-akka.actor.default-dispatcher-2] INFO  o.a.z.ZooKeeper  - Client environment:java.version=1.8.0_151
13:59:01.819 [worker-akka.actor.default-dispatcher-2] INFO  o.a.z.ZooKeeper  - Client environment:java.vendor=Oracle Corporation
13:59:01.819 [worker-akka.actor.default-dispatcher-2] INFO  o.a.z.ZooKeeper  - Client environment:java.home=/usr/lib/jvm/java-8-openjdk-amd64/jre
13:59:01.819 [worker-akka.actor.default-dispatcher-2] INFO  o.a.z.ZooKeeper  - Client environment:java.class.path=lib/commons-cli-1.4.jar:lib/minlog-1.3.0.jar:lib/asm-5.0.4.jar:lib/hadoop-annotations-2.7.3.jar:lib/hadoop-auth-2.7.3.jar:lib/akka-slf4j_2.11-2.5.6.jar:lib/jersey-core-1.9.jar:lib/lz4-1.3.0.jar:lib/jackson-core-asl-1.9.13.jar:lib/aeron-client-1.3.0.jar:lib/htrace-core-3.1.0-incubating.jar:lib/xz-1.0.jar:lib/commons-httpclient-3.1.jar:lib/asm-3.1.jar:lib/commons-lang3-3.4.jar:lib/scala-library-2.11.11.jar:lib/scala-java8-compat_2.11-0.7.0.jar:lib/commons-configuration-1.6.jar:lib/objenesis-2.1.jar:lib/jackson-annotations-2.8.0.jar:lib/jsr305-3.0.0.jar:lib/curator-framework-2.7.1.jar:lib/jersey-server-1.9.jar:lib/jets3t-0.9.0.jar:lib/leveldb-0.7.jar:lib/jetty-6.1.26.jar:lib/stax-api-1.0-2.jar:lib/flamestream-core-1.0-SNAPSHOT.jar:lib/reflectasm-1.07-shaded.jar:lib/apacheds-kerberos-codec-2.0.0-M15.jar:lib/api-asn1-api-1.0.0-M20.jar:lib/commons-lang-2.6.jar:lib/commons-beanutils-1.7.0.jar:lib/jackson-xc-1.8.3.jar:lib/jetty-util-6.1.26.jar:lib/logback-classic-1.2.3.jar:lib/jool-0.9.12.jar:lib/flamestream-runtime-1.0-SNAPSHOT-tests.jar:lib/httpcore-4.1.2.jar:lib/kryo-4.0.0.jar:lib/ant-1.8.1.jar:lib/jaxb-impl-2.2.3-1.jar:lib/jersey-json-1.9.jar:lib/commons-compress-1.4.1.jar:lib/leveldbjni-all-1.8.jar:lib/paranamer-2.3.jar:lib/jackson-core-2.8.4.jar:lib/commons-math3-3.6.1.jar:lib/scala-parser-combinators_2.11-1.0.4.jar:lib/netty-3.10.6.Final.jar:lib/trove4j-3.0.3.jar:lib/jaxb-api-2.2.2.jar:lib/logback-core-1.2.3.jar:lib/snappy-java-1.0.4.1.jar:lib/protobuf-java-2.5.0.jar:lib/reactive-streams-1.0.1.jar:lib/flamestream-examples-1.0-SNAPSHOT.jar:lib/commons-codec-1.4.jar:lib/activation-1.1.jar:lib/commons-net-3.1.jar:lib/curator-recipes-2.7.1.jar:lib/jackson-mapper-asl-1.9.13.jar:lib/jackson-databind-2.8.4.jar:lib/flamestream-runtime-1.0-SNAPSHOT.jar:lib/jackson-jaxrs-1.8.3.jar:lib/slf4j-api-1.7.24.jar:lib/akka-remote_2.11-2.5.6.jar:lib/akka-testkit_2.11-2.5.6.jar:lib/jline-0.9.94.jar:lib/akka-stream_2.11-2.5.6.jar:lib/jsp-api-2.1.jar:lib/kryonet-2.21.jar:lib/akka-kryo-serialization_2.11-0.5.0.jar:lib/config-1.3.1.jar:lib/ant-launcher-1.8.1.jar:lib/commons-logging-1.2.jar:lib/ssl-config-core_2.11-0.2.2.jar:lib/testng-6.10.jar:lib/leveldb-api-0.7.jar:lib/reflectasm-1.11.3.jar:lib/jcommander-1.48.jar:lib/commons-1.1.jar:lib/commons-digester-1.8.jar:lib/minlog-1.2.jar:lib/java-xmlbuilder-0.4.jar:lib/jettison-1.1.jar:lib/gson-2.2.4.jar:lib/jdk.tools-1.8.jar:lib/aeron-driver-1.3.0.jar:lib/zookeeper-3.4.9.jar:lib/commons-beanutils-core-1.8.0.jar:lib/commons-math3-3.1.1.jar:lib/akka-actor_2.11-2.5.6.jar:lib/curator-client-2.7.1.jar:lib/servlet-api-2.5.jar:lib/apacheds-i18n-2.0.0-M15.jar:lib/commons-io-2.4.jar:lib/commons-codec-1.6.jar:lib/akka-protobuf_2.11-2.5.6.jar:lib/protobuf-java-3.5.1.jar:lib/jdom-2.0.2.jar:lib/api-util-1.0.0-M20.jar:lib/hadoop-common-2.7.3.jar:lib/agrona-0.9.6.jar:lib/xmlenc-0.52.jar:lib/guava-21.0.jar:lib/commons-collections-3.2.2.jar:lib/avro-1.7.4.jar:lib/httpclient-4.1.2.jar:lib/flamestream-core-1.0-SNAPSHOT-tests.jar:lib/annotations-12.0.jar:lib/jsch-0.1.42.jar:flamestream-runtime-1.0-SNAPSHOT.jar
13:59:01.819 [worker-akka.actor.default-dispatcher-2] INFO  o.a.z.ZooKeeper  - Client environment:java.library.path=/usr/java/packages/lib/amd64:/usr/lib/x86_64-linux-gnu/jni:/lib/x86_64-linux-gnu:/usr/lib/x86_64-linux-gnu:/usr/lib/jni:/lib:/usr/lib
13:59:01.819 [worker-akka.actor.default-dispatcher-2] INFO  o.a.z.ZooKeeper  - Client environment:java.io.tmpdir=/tmp
13:59:01.819 [worker-akka.actor.default-dispatcher-2] INFO  o.a.z.ZooKeeper  - Client environment:java.compiler=<NA>
13:59:01.819 [worker-akka.actor.default-dispatcher-2] INFO  o.a.z.ZooKeeper  - Client environment:os.name=Linux
13:59:01.819 [worker-akka.actor.default-dispatcher-2] INFO  o.a.z.ZooKeeper  - Client environment:os.arch=amd64
13:59:01.819 [worker-akka.actor.default-dispatcher-2] INFO  o.a.z.ZooKeeper  - Client environment:os.version=4.4.0-1049-aws
13:59:01.819 [worker-akka.actor.default-dispatcher-2] INFO  o.a.z.ZooKeeper  - Client environment:user.name=root
13:59:01.821 [worker-akka.actor.default-dispatcher-2] INFO  o.a.z.ZooKeeper  - Client environment:user.home=/root
13:59:01.821 [worker-akka.actor.default-dispatcher-2] INFO  o.a.z.ZooKeeper  - Client environment:user.dir=/opt/flamestream
13:59:01.823 [worker-akka.actor.default-dispatcher-2] INFO  o.a.z.ZooKeeper  - Initiating client connection, connectString=172.31.34.147:2181 sessionTimeout=5000 watcher=com.spbsu.flamestream.runtime.application.LifecycleWatcher$$Lambda$29/2091173542@1b48f905
13:59:01.859 [worker-akka.actor.default-dispatcher-2] INFO  a.a.RepointableActorRef akka://worker/user/watcher - Starting...
13:59:01.861 [worker-akka.actor.default-dispatcher-2-SendThread(172.31.34.147:2181)] INFO  o.a.z.ClientCnxn  - Opening socket connection to server 172.31.34.147/172.31.34.147:2181. Will not attempt to authenticate using SASL (unknown error)
13:59:01.866 [worker-akka.actor.default-dispatcher-2-SendThread(172.31.34.147:2181)] INFO  o.a.z.ClientCnxn  - Socket connection established to 172.31.34.147/172.31.34.147:2181, initiating session
13:59:01.874 [worker-akka.actor.default-dispatcher-2-SendThread(172.31.34.147:2181)] INFO  o.a.z.ClientCnxn  - Session establishment complete on server 172.31.34.147/172.31.34.147:2181, sessionid = 0x161ae5b84060009, negotiated timeout = 6000
13:59:01.969 [worker-akka.actor.default-dispatcher-2] INFO  a.a.RepointableActorRef akka://worker/user/watcher - Connected to ZK
13:59:12.135 [worker-akka.actor.default-dispatcher-2] INFO  a.a.RepointableActorRef akka://worker/user/watcher - Creating node with watchGraphs: 'com.spbsu.flamestream.core.Graph$Builder$MyGraph@22aae96d', config: 'ClusterConfig{paths={172.31.33.155=akka://worker@172.31.33.155:5412/user/watcher/graph0000000000, 172.31.47.83=akka://worker@172.31.47.83:5412/user/watcher/graph0000000000, 172.31.45.197=akka://worker@172.31.45.197:5412/user/watcher/graph0000000000, 172.31.42.36=akka://worker@172.31.42.36:5412/user/watcher/graph0000000000, 172.31.44.83=akka://worker@172.31.44.83:5412/user/watcher/graph0000000000, 172.31.39.64=akka://worker@172.31.39.64:5412/user/watcher/graph0000000000, 172.31.35.79=akka://worker@172.31.35.79:5412/user/watcher/graph0000000000, 172.31.34.169=akka://worker@172.31.34.169:5412/user/watcher/graph0000000000, 172.31.47.100=akka://worker@172.31.47.100:5412/user/watcher/graph0000000000, 172.31.37.101=akka://worker@172.31.37.101:5412/user/watcher/graph0000000000}, ackerLocation='172.31.35.79', props=ComputationLayout{ranges={172.31.33.155=HashRange{from=-1670265060, to=-1193046472}, 172.31.47.83=HashRange{from=1670265056, to=2147483644}, 172.31.45.197=HashRange{from=-715827884, to=-238609296}, 172.31.42.36=HashRange{from=1193046468, to=1670265056}, 172.31.44.83=HashRange{from=-238609296, to=238609292}, 172.31.39.64=HashRange{from=715827880, to=1193046468}, 172.31.35.79=HashRange{from=0, to=0}, 172.31.34.169=HashRange{from=-2147483648, to=-1670265060}, 172.31.47.100=HashRange{from=238609292, to=715827880}, 172.31.37.101=HashRange{from=-1193046472, to=-715827884}}}}'
13:59:12.985 [worker-akka.actor.default-dispatcher-2] INFO  a.a.LocalActorRef akka://worker/user/watcher/graph0000000000/graph - Starting...
13:59:12.985 [worker-akka.actor.default-dispatcher-2] INFO  a.a.LocalActorRef akka://worker/user/watcher/graph0000000000/graph/local-acker - Starting...
13:59:12.996 [worker-akka.actor.default-dispatcher-2] INFO  a.a.LocalActorRef akka://worker/user/watcher/graph0000000000/graph/local-acker/$a - Starting...
Warning: space is running low in /dev/shm (tmpfs) threshold=167,772,160 usable=158,621,696
Warning: space is running low in /dev/shm (tmpfs) threshold=167,772,160 usable=146,034,688
Warning: space is running low in /dev/shm (tmpfs) threshold=167,772,160 usable=133,447,680
Warning: space is running low in /dev/shm (tmpfs) threshold=167,772,160 usable=120,860,672
Warning: space is running low in /dev/shm (tmpfs) threshold=167,772,160 usable=108,273,664
Warning: space is running low in /dev/shm (tmpfs) threshold=167,772,160 usable=95,686,656
Warning: space is running low in /dev/shm (tmpfs) threshold=167,772,160 usable=83,099,648
Warning: space is running low in /dev/shm (tmpfs) threshold=167,772,160 usable=70,512,640
13:59:14.586 [worker-akka.actor.default-dispatcher-2] INFO  a.a.LocalActorRef akka://worker/user/watcher/graph0000000000 - Starting...
13:59:14.587 [worker-akka.actor.default-dispatcher-2] INFO  a.a.LocalActorRef akka://worker/user/watcher/graph0000000000/graph - Finishing constructor
13:59:14.588 [worker-akka.actor.default-dispatcher-2] INFO  a.a.LocalActorRef akka://worker/user/watcher/graph0000000000/negotiator - Starting...
13:59:14.589 [worker-akka.actor.default-dispatcher-2] INFO  a.a.LocalActorRef akka://worker/user/watcher/graph0000000000/edge - Starting...
13:59:14.672 [worker-akka.actor.default-dispatcher-2] INFO  c.s.f.r.e.s.SocketRear  - FlameSocketGraphDeployerRear@172.31.34.169: connecting to 172.31.34.147:5678
13:59:14.678 [worker-akka.actor.default-dispatcher-2] INFO  c.s.f.r.e.s.SocketRear  - FlameSocketGraphDeployerRear@172.31.34.169: connected to 172.31.34.147:5678
13:59:14.706 [worker-akka.actor.default-dispatcher-2] INFO  a.a.LocalActorRef akka://worker/user/watcher/graph0000000000/graph/$a - Starting...
13:59:14.713 [worker-akka.actor.default-dispatcher-2] INFO  a.a.LocalActorRef akka://worker/user/watcher/graph0000000000/graph/$b - Starting...
13:59:14.714 [worker-akka.actor.default-dispatcher-2] INFO  a.a.LocalActorRef akka://worker/user/watcher/graph0000000000/graph/$c - Starting...
13:59:14.715 [worker-akka.actor.default-dispatcher-2] INFO  a.a.LocalActorRef akka://worker/user/watcher/graph0000000000/edge/FlameSocketGraphDeployerRear - Starting...
13:59:14.717 [worker-akka.actor.default-dispatcher-2] INFO  a.a.LocalActorRef akka://worker/user/watcher/graph0000000000/edge/FlameSocketGraphDeployerFront - Starting...
13:59:14.719 [worker-akka.actor.default-dispatcher-2] INFO  a.a.LocalActorRef akka://worker/user/watcher/graph0000000000/negotiator - Requesting ticket for the frontClass FlameSocketGraphDeployerFront@172.31.34.169
13:59:14.721 [worker-akka.actor.default-dispatcher-2] INFO  a.a.LocalActorRef akka://worker/user/watcher/graph0000000000/negotiator - Ticket for the frontClass received: FrontTicket{allowedTimestamp=(1519048752140, FlameSocketGraphDeployerFront@172.31.34.169)}
13:59:14.723 [worker-akka.actor.default-dispatcher-2] INFO  c.s.f.r.e.s.SocketFront  - FlameSocketGraphDeployerFront@172.31.34.169: connecting to 172.31.34.147:4567
13:59:14.746 [Client] INFO  c.s.f.r.e.s.SocketFront  - FlameSocketGraphDeployerFront@172.31.34.169 has been disconnected from Connection 8
2018-02-19T13:59:18.108+0000: 19.644: [GC (Allocation Failure) 2018-02-19T13:59:18.108+0000: 19.644: [DefNew: 136576K->15659K(153600K), 0.0258790 secs] 151986K->50602K(494976K), 0.0259400 secs] [Times: user=0.02 sys=0.00, real=0.02 secs] 
2018-02-19T13:59:32.010+0000: 33.547: [GC (Allocation Failure) 2018-02-19T13:59:32.011+0000: 33.547: [DefNew: 152235K->3560K(153600K), 0.0220188 secs] 187178K->46123K(494976K), 0.0230271 secs] [Times: user=0.01 sys=0.00, real=0.02 secs] 
2018-02-19T13:59:46.845+0000: 48.380: [GC (Allocation Failure) 2018-02-19T13:59:46.845+0000: 48.380: [DefNew: 140136K->5792K(153600K), 0.0120511 secs] 182699K->48355K(494976K), 0.0121185 secs] [Times: user=0.01 sys=0.00, real=0.01 secs] 
2018-02-19T14:00:00.709+0000: 62.245: [GC (Allocation Failure) 2018-02-19T14:00:00.709+0000: 62.245: [DefNew: 142368K->7561K(153600K), 0.0168431 secs] 184931K->50124K(494976K), 0.0169068 secs] [Times: user=0.02 sys=0.00, real=0.01 secs] 
2018-02-19T14:00:13.853+0000: 75.388: [GC (Allocation Failure) 2018-02-19T14:00:13.853+0000: 75.388: [DefNew: 144137K->8820K(153600K), 0.0148508 secs] 186700K->51383K(494976K), 0.0149233 secs] [Times: user=0.02 sys=0.00, real=0.02 secs] 
2018-02-19T14:00:26.816+0000: 88.351: [GC (Allocation Failure) 2018-02-19T14:00:26.816+0000: 88.351: [DefNew: 145396K->8763K(153600K), 0.0169560 secs] 187959K->52792K(494976K), 0.0170230 secs] [Times: user=0.02 sys=0.00, real=0.02 secs] 
2018-02-19T14:00:41.545+0000: 103.081: [GC (Allocation Failure) 2018-02-19T14:00:41.545+0000: 103.081: [DefNew: 145339K->8791K(153600K), 0.0170139 secs] 189368K->54072K(494976K), 0.0170807 secs] [Times: user=0.01 sys=0.00, real=0.02 secs] 
2018-02-19T14:01:01.034+0000: 122.570: [GC (Allocation Failure) 2018-02-19T14:01:01.034+0000: 122.570: [DefNew: 145367K->9099K(153600K), 0.0191381 secs] 190648K->55565K(494976K), 0.0192006 secs] [Times: user=0.02 sys=0.00, real=0.02 secs] 
2018-02-19T14:01:17.297+0000: 138.833: [GC (Allocation Failure) 2018-02-19T14:01:17.297+0000: 138.833: [DefNew: 145675K->9258K(153600K), 0.0164125 secs] 192141K->56915K(494976K), 0.0164877 secs] [Times: user=0.02 sys=0.00, real=0.02 secs] 
2018-02-19T14:01:29.099+0000: 150.634: [GC (Allocation Failure) 2018-02-19T14:01:29.099+0000: 150.634: [DefNew: 145834K->9127K(153600K), 0.0164091 secs] 193491K->58013K(494976K), 0.0164639 secs] [Times: user=0.02 sys=0.00, real=0.02 secs] 
2018-02-19T14:01:46.653+0000: 168.189: [GC (Allocation Failure) 2018-02-19T14:01:46.653+0000: 168.189: [DefNew: 145703K->9042K(153600K), 0.0163220 secs] 194589K->59106K(494976K), 0.0163969 secs] [Times: user=0.01 sys=0.00, real=0.02 secs] 
2018-02-19T14:02:04.195+0000: 185.731: [GC (Allocation Failure) 2018-02-19T14:02:04.195+0000: 185.731: [DefNew: 145618K->8557K(153600K), 0.0157518 secs] 195682K->60207K(494976K), 0.0158119 secs] [Times: user=0.01 sys=0.00, real=0.02 secs] 
2018-02-19T14:02:20.227+0000: 201.763: [GC (Allocation Failure) 2018-02-19T14:02:20.227+0000: 201.763: [DefNew: 145133K->8983K(153600K), 0.0167024 secs] 196783K->61744K(494976K), 0.0167684 secs] [Times: user=0.02 sys=0.00, real=0.01 secs] 
2018-02-19T14:02:36.782+0000: 218.318: [GC (Allocation Failure) 2018-02-19T14:02:36.782+0000: 218.318: [DefNew: 145559K->9381K(153600K), 0.0158522 secs] 198320K->63237K(494976K), 0.0159150 secs] [Times: user=0.01 sys=0.00, real=0.01 secs] 
2018-02-19T14:02:53.447+0000: 234.983: [GC (Allocation Failure) 2018-02-19T14:02:53.447+0000: 234.983: [DefNew: 145957K->9762K(153600K), 0.0173832 secs] 199813K->64667K(494976K), 0.0174466 secs] [Times: user=0.02 sys=0.00, real=0.01 secs] 
2018-02-19T14:03:08.271+0000: 249.807: [GC (Allocation Failure) 2018-02-19T14:03:08.271+0000: 249.807: [DefNew: 146338K->8064K(153600K), 0.0169571 secs] 201243K->65564K(494976K), 0.0170244 secs] [Times: user=0.00 sys=0.01, real=0.02 secs] 
2018-02-19T14:03:21.410+0000: 262.946: [GC (Allocation Failure) 2018-02-19T14:03:21.411+0000: 262.946: [DefNew: 144640K->11267K(153600K), 0.0172232 secs] 202140K->68766K(494976K), 0.0173057 secs] [Times: user=0.01 sys=0.00, real=0.02 secs] 
2018-02-19T14:03:35.405+0000: 276.941: [GC (Allocation Failure) 2018-02-19T14:03:35.405+0000: 276.941: [DefNew: 147843K->8349K(153600K), 0.0187959 secs] 205342K->69564K(494976K), 0.0188615 secs] [Times: user=0.02 sys=0.00, real=0.02 secs] 
2018-02-19T14:03:51.971+0000: 293.507: [GC (Allocation Failure) 2018-02-19T14:03:51.971+0000: 293.507: [DefNew: 144925K->9600K(153600K), 0.0150138 secs] 206140K->70816K(494976K), 0.0151348 secs] [Times: user=0.01 sys=0.01, real=0.01 secs] 
2018-02-19T14:04:08.193+0000: 309.729: [GC (Allocation Failure) 2018-02-19T14:04:08.193+0000: 309.729: [DefNew: 146176K->8288K(153600K), 0.0163408 secs] 207392K->72068K(494976K), 0.0164061 secs] [Times: user=0.02 sys=0.00, real=0.02 secs] 
2018-02-19T14:04:21.970+0000: 323.506: [GC (Allocation Failure) 2018-02-19T14:04:21.970+0000: 323.506: [DefNew: 144864K->10090K(153600K), 0.0149187 secs] 208644K->73870K(494976K), 0.0150077 secs] [Times: user=0.02 sys=0.00, real=0.01 secs] 
2018-02-19T14:04:33.975+0000: 335.511: [GC (Allocation Failure) 2018-02-19T14:04:33.975+0000: 335.511: [DefNew: 146666K->9066K(153600K), 0.0181504 secs] 210446K->75017K(494976K), 0.0182440 secs] [Times: user=0.01 sys=0.01, real=0.02 secs] 
2018-02-19T14:04:45.950+0000: 347.486: [GC (Allocation Failure) 2018-02-19T14:04:45.950+0000: 347.486: [DefNew: 145642K->9354K(153600K), 0.0172260 secs] 211593K->76394K(494976K), 0.0172897 secs] [Times: user=0.02 sys=0.00, real=0.02 secs] 
2018-02-19T14:05:00.025+0000: 361.561: [GC (Allocation Failure) 2018-02-19T14:05:00.025+0000: 361.561: [DefNew: 145930K->10064K(153600K), 0.0168108 secs] 212970K->78631K(494976K), 0.0168730 secs] [Times: user=0.02 sys=0.00, real=0.02 secs] 
2018-02-19T14:05:12.033+0000: 373.569: [GC (Allocation Failure) 2018-02-19T14:05:12.033+0000: 373.569: [DefNew: 146640K->8792K(153600K), 0.0176548 secs] 215207K->79882K(494976K), 0.0177230 secs] [Times: user=0.01 sys=0.00, real=0.02 secs] 
2018-02-19T14:05:25.233+0000: 386.768: [GC (Allocation Failure) 2018-02-19T14:05:25.233+0000: 386.769: [DefNew: 145368K->8298K(153600K), 0.0163126 secs] 216458K->81499K(494976K), 0.0163745 secs] [Times: user=0.01 sys=0.00, real=0.02 secs] 
2018-02-19T14:05:39.462+0000: 400.998: [GC (Allocation Failure) 2018-02-19T14:05:39.462+0000: 400.998: [DefNew: 144874K->9668K(153600K), 0.0146140 secs] 218075K->82870K(494976K), 0.0147047 secs] [Times: user=0.02 sys=0.00, real=0.01 secs] 
2018-02-19T14:05:53.052+0000: 414.587: [GC (Allocation Failure) 2018-02-19T14:05:53.052+0000: 414.587: [DefNew: 146244K->9879K(153600K), 0.0164827 secs] 219446K->84272K(494976K), 0.0165451 secs] [Times: user=0.02 sys=0.00, real=0.02 secs] 
2018-02-19T14:06:08.342+0000: 429.878: [GC (Allocation Failure) 2018-02-19T14:06:08.343+0000: 429.878: [DefNew: 146455K->9760K(153600K), 0.0169016 secs] 220848K->85359K(494976K), 0.0169645 secs] [Times: user=0.01 sys=0.00, real=0.02 secs] 
2018-02-19T14:06:23.347+0000: 444.882: [GC (Allocation Failure) 2018-02-19T14:06:23.347+0000: 444.882: [DefNew: 146336K->10206K(153600K), 0.0173096 secs] 221935K->87022K(494976K), 0.0173811 secs] [Times: user=0.01 sys=0.00, real=0.02 secs] 
2018-02-19T14:06:38.193+0000: 459.728: [GC (Allocation Failure) 2018-02-19T14:06:38.193+0000: 459.728: [DefNew: 146782K->9094K(153600K), 0.0181031 secs] 223598K->88264K(494976K), 0.0181682 secs] [Times: user=0.02 sys=0.01, real=0.02 secs] 
2018-02-19T14:06:53.875+0000: 475.410: [GC (Allocation Failure) 2018-02-19T14:06:53.875+0000: 475.410: [DefNew: 145670K->10010K(153600K), 0.0176510 secs] 224840K->90654K(494976K), 0.0177239 secs] [Times: user=0.01 sys=0.00, real=0.02 secs] 
2018-02-19T14:07:07.978+0000: 489.514: [GC (Allocation Failure) 2018-02-19T14:07:07.978+0000: 489.514: [DefNew: 146586K->9067K(153600K), 0.0167855 secs] 227230K->91233K(494976K), 0.0168485 secs] [Times: user=0.01 sys=0.00, real=0.02 secs] 
2018-02-19T14:07:19.726+0000: 501.262: [GC (Allocation Failure) 2018-02-19T14:07:19.726+0000: 501.262: [DefNew: 145643K->8900K(153600K), 0.0161101 secs] 227809K->92495K(494976K), 0.0161866 secs] [Times: user=0.02 sys=0.00, real=0.02 secs] 
2018-02-19T14:07:34.095+0000: 515.631: [GC (Allocation Failure) 2018-02-19T14:07:34.095+0000: 515.631: [DefNew: 145476K->9727K(153600K), 0.0162363 secs] 229071K->94791K(494976K), 0.0163130 secs] [Times: user=0.02 sys=0.01, real=0.02 secs] 
2018-02-19T14:07:47.534+0000: 529.070: [GC (Allocation Failure) 2018-02-19T14:07:47.534+0000: 529.070: [DefNew: 146303K->9949K(153600K), 0.0179886 secs] 231367K->96307K(494976K), 0.0180473 secs] [Times: user=0.02 sys=0.01, real=0.02 secs] 
2018-02-19T14:08:04.897+0000: 546.432: [GC (Allocation Failure) 2018-02-19T14:08:04.897+0000: 546.432: [DefNew: 146525K->9943K(153600K), 0.0174407 secs] 232883K->97780K(494976K), 0.0175152 secs] [Times: user=0.01 sys=0.00, real=0.02 secs] 
2018-02-19T14:08:18.201+0000: 559.736: [GC (Allocation Failure) 2018-02-19T14:08:18.201+0000: 559.736: [DefNew: 146519K->9724K(153600K), 0.0159819 secs] 234356K->99170K(494976K), 0.0160562 secs] [Times: user=0.02 sys=0.00, real=0.01 secs] 
2018-02-19T14:08:34.377+0000: 575.913: [GC (Allocation Failure) 2018-02-19T14:08:34.377+0000: 575.913: [DefNew: 146300K->10128K(153600K), 0.0175623 secs] 235746K->101026K(494976K), 0.0176243 secs] [Times: user=0.01 sys=0.00, real=0.02 secs] 
2018-02-19T14:08:46.679+0000: 588.215: [GC (Allocation Failure) 2018-02-19T14:08:46.679+0000: 588.215: [DefNew: 146704K->9819K(153600K), 0.0165279 secs] 237602K->102268K(494976K), 0.0165921 secs] [Times: user=0.01 sys=0.00, real=0.01 secs] 
2018-02-19T14:08:56.638+0000: 598.174: [GC (Allocation Failure) 2018-02-19T14:08:56.638+0000: 598.174: [DefNew: 146395K->9896K(153600K), 0.0157417 secs] 238844K->103975K(494976K), 0.0158075 secs] [Times: user=0.01 sys=0.00, real=0.02 secs] 
2018-02-19T14:09:12.456+0000: 613.992: [GC (Allocation Failure) 2018-02-19T14:09:12.456+0000: 613.992: [DefNew: 146472K->9737K(153600K), 0.0158611 secs] 240551K->105367K(494976K), 0.0159216 secs] [Times: user=0.02 sys=0.00, real=0.02 secs] 
2018-02-19T14:09:22.946+0000: 624.482: [GC (Allocation Failure) 2018-02-19T14:09:22.946+0000: 624.482: [DefNew: 146313K->10424K(153600K), 0.0160316 secs] 241943K->107317K(494976K), 0.0160921 secs] [Times: user=0.01 sys=0.00, real=0.02 secs] 
14:09:33.349 [Client] INFO  c.s.f.r.e.s.SocketRear  - FlameSocketGraphDeployerRear@172.31.34.169: has been disconnected from Connection 8
14:09:47.427 [worker-akka.actor.default-dispatcher-2] INFO  a.a.CoordinatedShutdown CoordinatedShutdown(akka://worker) - Starting coordinated shutdown from JVM shutdown hook
14:09:47.474 [worker-akka.actor.default-dispatcher-2] INFO  a.a.LocalActorRef akka://worker/user/watcher/graph0000000000/negotiator - Stopped
14:09:47.475 [worker-akka.actor.default-dispatcher-2] INFO  a.a.LocalActorRef akka://worker/user/watcher/graph0000000000/graph/local-acker/$a - Stopped
14:09:47.475 [worker-akka.actor.default-dispatcher-2] INFO  a.a.LocalActorRef akka://worker/user/watcher/graph0000000000/edge/FlameSocketGraphDeployerFront - Stopped
14:09:47.476 [worker-akka.actor.default-dispatcher-2] INFO  a.a.LocalActorRef akka://worker/user/watcher/graph0000000000/edge/FlameSocketGraphDeployerRear - Stopped
14:09:47.477 [worker-akka.actor.default-dispatcher-2] INFO  a.a.LocalActorRef akka://worker/user/watcher/graph0000000000/graph/$a - Stopped
14:09:47.478 [worker-akka.actor.default-dispatcher-2] INFO  a.a.LocalActorRef akka://worker/user/watcher/graph0000000000/graph/$b - Stopped
14:09:47.478 [worker-akka.actor.default-dispatcher-2] INFO  a.a.LocalActorRef akka://worker/user/watcher/graph0000000000/graph/$c - Stopped
14:09:47.483 [worker-akka.actor.default-dispatcher-2] INFO  a.a.LocalActorRef akka://worker/user/watcher/graph0000000000/edge - Stopped
14:09:47.484 [worker-akka.actor.default-dispatcher-2] INFO  a.a.LocalActorRef akka://worker/user/watcher/graph0000000000/graph/local-acker/$a - Message [com.spbsu.flamestream.runtime.utils.akka.PingActor$InnerPing] from Actor[akka://worker/user/watcher/graph0000000000/graph/local-acker/$a#764118997] to Actor[akka://worker/user/watcher/graph0000000000/graph/local-acker/$a#764118997] was not delivered. [1] dead letters encountered. This logging can be turned off or adjusted with configuration settings 'akka.log-dead-letters' and 'akka.log-dead-letters-during-shutdown'.
14:09:47.486 [worker-akka.actor.default-dispatcher-2] INFO  a.a.LocalActorRef akka://worker/user/watcher/graph0000000000/graph/local-acker - Stopped
14:09:47.487 [worker-akka.actor.default-dispatcher-2] INFO  a.a.LocalActorRef akka://worker/user/watcher/graph0000000000/graph - Stopped
14:09:47.488 [worker-akka.actor.default-dispatcher-2] INFO  a.a.LocalActorRef akka://worker/user/watcher/graph0000000000 - Stopped
14:09:47.491 [worker-akka.actor.default-dispatcher-2-EventThread] INFO  o.a.z.ClientCnxn  - EventThread shut down for session: 0x161ae5b84060009
14:09:47.491 [worker-akka.actor.default-dispatcher-2] INFO  o.a.z.ZooKeeper  - Session: 0x161ae5b84060009 closed
14:09:47.498 [worker-akka.actor.default-dispatcher-2] INFO  a.a.RepointableActorRef akka://worker/user/watcher - Stopped
14:09:47.498 [worker-akka.actor.default-dispatcher-2] INFO  a.a.LocalActorRef akka://worker/user/watcher/graph0000000000/graph/local-acker/$a - Message [com.spbsu.flamestream.runtime.utils.akka.PingActor$Stop] from Actor[akka://worker/user/watcher/graph0000000000/graph/local-acker#-1311706417] to Actor[akka://worker/user/watcher/graph0000000000/graph/local-acker/$a#764118997] was not delivered. [2] dead letters encountered. This logging can be turned off or adjusted with configuration settings 'akka.log-dead-letters' and 'akka.log-dead-letters-during-shutdown'.
14:09:47.498 [worker-akka.actor.default-dispatcher-2] INFO  a.a.LocalActorRef akka://worker/user/watcher/graph0000000000/graph/local-acker - Message [com.spbsu.flamestream.runtime.acker.LocalAcker$Flush] from Actor[akka://worker/user/watcher/graph0000000000/graph/local-acker#-1311706417] to Actor[akka://worker/user/watcher/graph0000000000/graph/local-acker#-1311706417] was not delivered. [3] dead letters encountered. This logging can be turned off or adjusted with configuration settings 'akka.log-dead-letters' and 'akka.log-dead-letters-during-shutdown'.
14:09:47.498 [worker-akka.actor.default-dispatcher-2] INFO  a.a.LocalActorRef akka://worker/user/watcher/graph0000000000/graph/local-acker - Message [com.spbsu.flamestream.runtime.acker.LocalAcker$Flush] from Actor[akka://worker/user/watcher/graph0000000000/graph/local-acker#-1311706417] to Actor[akka://worker/user/watcher/graph0000000000/graph/local-acker#-1311706417] was not delivered. [4] dead letters encountered. This logging can be turned off or adjusted with configuration settings 'akka.log-dead-letters' and 'akka.log-dead-letters-during-shutdown'.
14:09:47.498 [worker-akka.actor.default-dispatcher-2] INFO  a.a.LocalActorRef akka://worker/user/watcher/graph0000000000/graph/local-acker - Message [com.spbsu.flamestream.runtime.acker.LocalAcker$Flush] from Actor[akka://worker/user/watcher/graph0000000000/graph/local-acker#-1311706417] to Actor[akka://worker/user/watcher/graph0000000000/graph/local-acker#-1311706417] was not delivered. [5] dead letters encountered. This logging can be turned off or adjusted with configuration settings 'akka.log-dead-letters' and 'akka.log-dead-letters-during-shutdown'.
14:09:47.500 [worker-akka.actor.default-dispatcher-2] INFO  a.a.LocalActorRef akka://worker/user/watcher/graph0000000000/graph/local-acker - Message [com.spbsu.flamestream.runtime.acker.LocalAcker$Flush] from Actor[akka://worker/user/watcher/graph0000000000/graph/local-acker#-1311706417] to Actor[akka://worker/user/watcher/graph0000000000/graph/local-acker#-1311706417] was not delivered. [6] dead letters encountered. This logging can be turned off or adjusted with configuration settings 'akka.log-dead-letters' and 'akka.log-dead-letters-during-shutdown'.
14:09:47.500 [worker-akka.actor.default-dispatcher-2] INFO  a.a.LocalActorRef akka://worker/user/watcher/graph0000000000/graph/local-acker - Message [com.spbsu.flamestream.runtime.acker.LocalAcker$Flush] from Actor[akka://worker/user/watcher/graph0000000000/graph/local-acker#-1311706417] to Actor[akka://worker/user/watcher/graph0000000000/graph/local-acker#-1311706417] was not delivered. [7] dead letters encountered. This logging can be turned off or adjusted with configuration settings 'akka.log-dead-letters' and 'akka.log-dead-letters-during-shutdown'.
14:09:47.500 [worker-akka.actor.default-dispatcher-2] INFO  a.a.LocalActorRef akka://worker/user/watcher/graph0000000000/graph/local-acker - Message [com.spbsu.flamestream.runtime.acker.LocalAcker$Flush] from Actor[akka://worker/user/watcher/graph0000000000/graph/local-acker#-1311706417] to Actor[akka://worker/user/watcher/graph0000000000/graph/local-acker#-1311706417] was not delivered. [8] dead letters encountered. This logging can be turned off or adjusted with configuration settings 'akka.log-dead-letters' and 'akka.log-dead-letters-during-shutdown'.
14:09:47.500 [worker-akka.actor.default-dispatcher-2] INFO  a.a.LocalActorRef akka://worker/user/watcher/graph0000000000/graph/local-acker - Message [com.spbsu.flamestream.runtime.acker.LocalAcker$Flush] from Actor[akka://worker/user/watcher/graph0000000000/graph/local-acker#-1311706417] to Actor[akka://worker/user/watcher/graph0000000000/graph/local-acker#-1311706417] was not delivered. [9] dead letters encountered. This logging can be turned off or adjusted with configuration settings 'akka.log-dead-letters' and 'akka.log-dead-letters-during-shutdown'.
14:09:47.500 [worker-akka.actor.default-dispatcher-2] INFO  a.a.LocalActorRef akka://worker/user/watcher/graph0000000000/graph/local-acker - Message [com.spbsu.flamestream.runtime.acker.LocalAcker$Flush] from Actor[akka://worker/user/watcher/graph0000000000/graph/local-acker#-1311706417] to Actor[akka://worker/user/watcher/graph0000000000/graph/local-acker#-1311706417] was not delivered. [10] dead letters encountered. This logging can be turned off or adjusted with configuration settings 'akka.log-dead-letters' and 'akka.log-dead-letters-during-shutdown'.
14:09:47.515 [worker-akka.actor.default-dispatcher-2] INFO  a.r.RemoteActorRefProvider$RemotingTerminator akka://worker@172.31.34.169:5412/system/remoting-terminator - Shutting down remote daemon.
14:09:47.517 [worker-akka.actor.default-dispatcher-2] INFO  a.r.RemoteActorRefProvider$RemotingTerminator akka://worker@172.31.34.169:5412/system/remoting-terminator - Remote daemon shut down; proceeding with flushing remote transports.
14:09:48.675 [worker-akka.actor.default-dispatcher-2] INFO  a.r.RemoteActorRefProvider$RemotingTerminator akka://worker@172.31.34.169:5412/system/remoting-terminator - Remoting shut down.
Heap
 def new generation   total 153600K, used 131502K [0x00000000e0c00000, 0x00000000eb2a0000, 0x00000000eb2a0000)
  eden space 136576K,  88% used [0x00000000e0c00000, 0x00000000e823d7d8, 0x00000000e9160000)
  from space 17024K,  61% used [0x00000000ea200000, 0x00000000eac2e3c0, 0x00000000eb2a0000)
  to   space 17024K,   0% used [0x00000000e9160000, 0x00000000e9160000, 0x00000000ea200000)
 tenured generation   total 341376K, used 96892K [0x00000000eb2a0000, 0x0000000100000000, 0x0000000100000000)
   the space 341376K,  28% used [0x00000000eb2a0000, 0x00000000f113f060, 0x00000000f113f200, 0x0000000100000000)
 Metaspace       used 33478K, capacity 34230K, committed 34432K, reserved 1079296K
  class space    used 4457K, capacity 4624K, committed 4736K, reserved 1048576K
