11:44:55.419 [worker-akka.actor.default-dispatcher-2] INFO  a.e.s.Slf4jLogger  - Slf4jLogger started
2018-02-21T11:44:55.595+0000: 2.399: [Full GC (Metadata GC Threshold) 2018-02-21T11:44:55.595+0000: 2.399: [Tenured: 0K->15491K(341376K), 0.0361866 secs] 117538K->15491K(494976K), [Metaspace: 20939K->20939K(1067008K)], 0.0362478 secs] [Times: user=0.03 sys=0.01, real=0.03 secs] 
Ama winner
Ama winner
11:44:56.031 [worker-akka.actor.default-dispatcher-2] INFO  a.r.a.ArteryTransport(akka://worker) akka.remote.artery.ArteryTransport(akka://worker) - Started embedded media driver in directory [/dev/shm/aeron-root-worker-f24670ad-5731-4520-b3fd-f7eb43eb75ff]
11:44:56.228 [worker-akka.actor.default-dispatcher-2] INFO  a.r.a.ArteryTransport(akka://worker) akka.remote.artery.ArteryTransport(akka://worker) - Remoting started; listening on address: [akka://worker@172.31.47.100:5412] with UID [6565300982529201467]
11:44:56.332 [worker-akka.actor.default-dispatcher-2] INFO  o.a.z.ZooKeeper  - Client environment:zookeeper.version=3.4.9-1757313, built on 08/23/2016 06:50 GMT
11:44:56.332 [worker-akka.actor.default-dispatcher-2] INFO  o.a.z.ZooKeeper  - Client environment:host.name=ip-172-31-47-100.us-east-2.compute.internal
11:44:56.332 [worker-akka.actor.default-dispatcher-2] INFO  o.a.z.ZooKeeper  - Client environment:java.version=1.8.0_151
11:44:56.332 [worker-akka.actor.default-dispatcher-2] INFO  o.a.z.ZooKeeper  - Client environment:java.vendor=Oracle Corporation
11:44:56.332 [worker-akka.actor.default-dispatcher-2] INFO  o.a.z.ZooKeeper  - Client environment:java.home=/usr/lib/jvm/java-8-openjdk-amd64/jre
11:44:56.332 [worker-akka.actor.default-dispatcher-2] INFO  o.a.z.ZooKeeper  - Client environment:java.class.path=lib/commons-cli-1.4.jar:lib/minlog-1.3.0.jar:lib/asm-5.0.4.jar:lib/hadoop-annotations-2.7.3.jar:lib/hadoop-auth-2.7.3.jar:lib/akka-slf4j_2.11-2.5.6.jar:lib/jersey-core-1.9.jar:lib/lz4-1.3.0.jar:lib/jackson-core-asl-1.9.13.jar:lib/aeron-client-1.3.0.jar:lib/htrace-core-3.1.0-incubating.jar:lib/xz-1.0.jar:lib/commons-httpclient-3.1.jar:lib/asm-3.1.jar:lib/commons-lang3-3.4.jar:lib/scala-library-2.11.11.jar:lib/scala-java8-compat_2.11-0.7.0.jar:lib/commons-configuration-1.6.jar:lib/objenesis-2.1.jar:lib/jackson-annotations-2.8.0.jar:lib/jsr305-3.0.0.jar:lib/curator-framework-2.7.1.jar:lib/jersey-server-1.9.jar:lib/jets3t-0.9.0.jar:lib/leveldb-0.7.jar:lib/jetty-6.1.26.jar:lib/stax-api-1.0-2.jar:lib/flamestream-core-1.0-SNAPSHOT.jar:lib/reflectasm-1.07-shaded.jar:lib/apacheds-kerberos-codec-2.0.0-M15.jar:lib/api-asn1-api-1.0.0-M20.jar:lib/commons-lang-2.6.jar:lib/commons-beanutils-1.7.0.jar:lib/jackson-xc-1.8.3.jar:lib/jetty-util-6.1.26.jar:lib/logback-classic-1.2.3.jar:lib/jool-0.9.12.jar:lib/flamestream-runtime-1.0-SNAPSHOT-tests.jar:lib/httpcore-4.1.2.jar:lib/kryo-4.0.0.jar:lib/ant-1.8.1.jar:lib/jaxb-impl-2.2.3-1.jar:lib/jersey-json-1.9.jar:lib/commons-compress-1.4.1.jar:lib/leveldbjni-all-1.8.jar:lib/paranamer-2.3.jar:lib/jackson-core-2.8.4.jar:lib/commons-math3-3.6.1.jar:lib/scala-parser-combinators_2.11-1.0.4.jar:lib/netty-3.10.6.Final.jar:lib/trove4j-3.0.3.jar:lib/jaxb-api-2.2.2.jar:lib/logback-core-1.2.3.jar:lib/snappy-java-1.0.4.1.jar:lib/protobuf-java-2.5.0.jar:lib/reactive-streams-1.0.1.jar:lib/flamestream-examples-1.0-SNAPSHOT.jar:lib/commons-codec-1.4.jar:lib/activation-1.1.jar:lib/commons-net-3.1.jar:lib/curator-recipes-2.7.1.jar:lib/jackson-mapper-asl-1.9.13.jar:lib/jackson-databind-2.8.4.jar:lib/flamestream-runtime-1.0-SNAPSHOT.jar:lib/jackson-jaxrs-1.8.3.jar:lib/slf4j-api-1.7.24.jar:lib/akka-remote_2.11-2.5.6.jar:lib/akka-testkit_2.11-2.5.6.jar:lib/jline-0.9.94.jar:lib/akka-stream_2.11-2.5.6.jar:lib/jsp-api-2.1.jar:lib/kryonet-2.21.jar:lib/akka-kryo-serialization_2.11-0.5.0.jar:lib/config-1.3.1.jar:lib/ant-launcher-1.8.1.jar:lib/commons-logging-1.2.jar:lib/ssl-config-core_2.11-0.2.2.jar:lib/testng-6.10.jar:lib/leveldb-api-0.7.jar:lib/reflectasm-1.11.3.jar:lib/jcommander-1.48.jar:lib/commons-1.1.jar:lib/commons-digester-1.8.jar:lib/minlog-1.2.jar:lib/java-xmlbuilder-0.4.jar:lib/jettison-1.1.jar:lib/gson-2.2.4.jar:lib/jdk.tools-1.8.jar:lib/aeron-driver-1.3.0.jar:lib/zookeeper-3.4.9.jar:lib/commons-beanutils-core-1.8.0.jar:lib/commons-math3-3.1.1.jar:lib/akka-actor_2.11-2.5.6.jar:lib/curator-client-2.7.1.jar:lib/servlet-api-2.5.jar:lib/apacheds-i18n-2.0.0-M15.jar:lib/commons-io-2.4.jar:lib/commons-codec-1.6.jar:lib/akka-protobuf_2.11-2.5.6.jar:lib/protobuf-java-3.5.1.jar:lib/jdom-2.0.2.jar:lib/api-util-1.0.0-M20.jar:lib/hadoop-common-2.7.3.jar:lib/agrona-0.9.6.jar:lib/xmlenc-0.52.jar:lib/guava-21.0.jar:lib/commons-collections-3.2.2.jar:lib/avro-1.7.4.jar:lib/httpclient-4.1.2.jar:lib/flamestream-core-1.0-SNAPSHOT-tests.jar:lib/annotations-12.0.jar:lib/jsch-0.1.42.jar:flamestream-runtime-1.0-SNAPSHOT.jar
11:44:56.332 [worker-akka.actor.default-dispatcher-2] INFO  o.a.z.ZooKeeper  - Client environment:java.library.path=/usr/java/packages/lib/amd64:/usr/lib/x86_64-linux-gnu/jni:/lib/x86_64-linux-gnu:/usr/lib/x86_64-linux-gnu:/usr/lib/jni:/lib:/usr/lib
11:44:56.332 [worker-akka.actor.default-dispatcher-2] INFO  o.a.z.ZooKeeper  - Client environment:java.io.tmpdir=/tmp
11:44:56.332 [worker-akka.actor.default-dispatcher-2] INFO  o.a.z.ZooKeeper  - Client environment:java.compiler=<NA>
11:44:56.332 [worker-akka.actor.default-dispatcher-2] INFO  o.a.z.ZooKeeper  - Client environment:os.name=Linux
11:44:56.332 [worker-akka.actor.default-dispatcher-2] INFO  o.a.z.ZooKeeper  - Client environment:os.arch=amd64
11:44:56.332 [worker-akka.actor.default-dispatcher-2] INFO  o.a.z.ZooKeeper  - Client environment:os.version=4.4.0-1049-aws
11:44:56.332 [worker-akka.actor.default-dispatcher-2] INFO  o.a.z.ZooKeeper  - Client environment:user.name=root
11:44:56.334 [worker-akka.actor.default-dispatcher-2] INFO  o.a.z.ZooKeeper  - Client environment:user.home=/root
11:44:56.334 [worker-akka.actor.default-dispatcher-2] INFO  o.a.z.ZooKeeper  - Client environment:user.dir=/opt/flamestream
11:44:56.335 [worker-akka.actor.default-dispatcher-2] INFO  o.a.z.ZooKeeper  - Initiating client connection, connectString=172.31.34.147:2181 sessionTimeout=5000 watcher=com.spbsu.flamestream.runtime.application.LifecycleWatcher$$Lambda$29/764839090@3d5d5f13
11:44:56.369 [worker-akka.actor.default-dispatcher-2] INFO  a.a.RepointableActorRef akka://worker/user/watcher - Starting...
11:44:56.371 [worker-akka.actor.default-dispatcher-2-SendThread(172.31.34.147:2181)] INFO  o.a.z.ClientCnxn  - Opening socket connection to server 172.31.34.147/172.31.34.147:2181. Will not attempt to authenticate using SASL (unknown error)
11:44:56.376 [worker-akka.actor.default-dispatcher-2-SendThread(172.31.34.147:2181)] INFO  o.a.z.ClientCnxn  - Socket connection established to 172.31.34.147/172.31.34.147:2181, initiating session
11:44:56.384 [worker-akka.actor.default-dispatcher-2-SendThread(172.31.34.147:2181)] INFO  o.a.z.ClientCnxn  - Session establishment complete on server 172.31.34.147/172.31.34.147:2181, sessionid = 0x161b82d7c4f0004, negotiated timeout = 6000
11:44:56.474 [worker-akka.actor.default-dispatcher-2] INFO  a.a.RepointableActorRef akka://worker/user/watcher - Connected to ZK
11:45:06.125 [worker-akka.actor.default-dispatcher-2] INFO  a.a.RepointableActorRef akka://worker/user/watcher - Creating node with watchGraphs: 'com.spbsu.flamestream.core.Graph$Builder$MyGraph@cf23589', config: 'ClusterConfig{paths={172.31.33.155=akka://worker@172.31.33.155:5412/user/watcher/graph0000000000, 172.31.47.83=akka://worker@172.31.47.83:5412/user/watcher/graph0000000000, 172.31.45.197=akka://worker@172.31.45.197:5412/user/watcher/graph0000000000, 172.31.42.36=akka://worker@172.31.42.36:5412/user/watcher/graph0000000000, 172.31.44.83=akka://worker@172.31.44.83:5412/user/watcher/graph0000000000, 172.31.39.64=akka://worker@172.31.39.64:5412/user/watcher/graph0000000000, 172.31.35.79=akka://worker@172.31.35.79:5412/user/watcher/graph0000000000, 172.31.34.169=akka://worker@172.31.34.169:5412/user/watcher/graph0000000000, 172.31.47.100=akka://worker@172.31.47.100:5412/user/watcher/graph0000000000, 172.31.37.101=akka://worker@172.31.37.101:5412/user/watcher/graph0000000000}, ackerLocation='172.31.35.79', props=ComputationLayout{ranges={172.31.33.155=HashRange{from=-1670265060, to=-1193046472}, 172.31.47.83=HashRange{from=1670265056, to=2147483644}, 172.31.45.197=HashRange{from=-715827884, to=-238609296}, 172.31.42.36=HashRange{from=1193046468, to=1670265056}, 172.31.44.83=HashRange{from=-238609296, to=238609292}, 172.31.39.64=HashRange{from=715827880, to=1193046468}, 172.31.35.79=HashRange{from=0, to=0}, 172.31.34.169=HashRange{from=-2147483648, to=-1670265060}, 172.31.47.100=HashRange{from=238609292, to=715827880}, 172.31.37.101=HashRange{from=-1193046472, to=-715827884}}}}'
11:45:07.023 [worker-akka.actor.default-dispatcher-2] INFO  a.a.LocalActorRef akka://worker/user/watcher/graph0000000000/graph - Starting...
11:45:07.024 [worker-akka.actor.default-dispatcher-2] INFO  a.a.LocalActorRef akka://worker/user/watcher/graph0000000000/graph/local-acker - Starting...
11:45:07.026 [worker-akka.actor.default-dispatcher-2] INFO  a.a.LocalActorRef akka://worker/user/watcher/graph0000000000/graph/local-acker/$a - Starting...
Warning: space is running low in /dev/shm (tmpfs) threshold=167,772,160 usable=158,621,696
Warning: space is running low in /dev/shm (tmpfs) threshold=167,772,160 usable=146,034,688
Warning: space is running low in /dev/shm (tmpfs) threshold=167,772,160 usable=133,447,680
Warning: space is running low in /dev/shm (tmpfs) threshold=167,772,160 usable=120,860,672
Warning: space is running low in /dev/shm (tmpfs) threshold=167,772,160 usable=108,273,664
Warning: space is running low in /dev/shm (tmpfs) threshold=167,772,160 usable=95,686,656
Warning: space is running low in /dev/shm (tmpfs) threshold=167,772,160 usable=83,099,648
Warning: space is running low in /dev/shm (tmpfs) threshold=167,772,160 usable=70,512,640
11:45:08.886 [worker-akka.actor.default-dispatcher-2] INFO  a.a.LocalActorRef akka://worker/user/watcher/graph0000000000/graph - Finishing constructor
11:45:08.887 [worker-akka.actor.default-dispatcher-2] INFO  a.a.LocalActorRef akka://worker/user/watcher/graph0000000000 - Starting...
11:45:08.887 [worker-akka.actor.default-dispatcher-2] INFO  a.a.LocalActorRef akka://worker/user/watcher/graph0000000000/negotiator - Starting...
11:45:08.955 [worker-akka.actor.default-dispatcher-2] INFO  a.a.LocalActorRef akka://worker/user/watcher/graph0000000000/graph/$a - Starting...
11:45:08.957 [worker-akka.actor.default-dispatcher-2] INFO  a.a.LocalActorRef akka://worker/user/watcher/graph0000000000/edge - Starting...
11:45:08.957 [worker-akka.actor.default-dispatcher-2] INFO  a.a.LocalActorRef akka://worker/user/watcher/graph0000000000/graph/$b - Starting...
11:45:08.957 [worker-akka.actor.default-dispatcher-2] INFO  a.a.LocalActorRef akka://worker/user/watcher/graph0000000000/graph/$c - Starting...
11:45:08.983 [worker-akka.actor.default-dispatcher-2] INFO  c.s.f.r.e.s.SocketRear  - FlameSocketGraphDeployerRear@172.31.47.100: connecting to 172.31.34.147:5678
11:45:08.991 [worker-akka.actor.default-dispatcher-2] INFO  c.s.f.r.e.s.SocketRear  - FlameSocketGraphDeployerRear@172.31.47.100: connected to 172.31.34.147:5678
11:45:09.013 [worker-akka.actor.default-dispatcher-2] INFO  a.a.LocalActorRef akka://worker/user/watcher/graph0000000000/edge/FlameSocketGraphDeployerRear - Starting...
11:45:09.014 [worker-akka.actor.default-dispatcher-2] INFO  a.a.LocalActorRef akka://worker/user/watcher/graph0000000000/edge/FlameSocketGraphDeployerFront - Starting...
11:45:09.015 [worker-akka.actor.default-dispatcher-2] INFO  a.a.LocalActorRef akka://worker/user/watcher/graph0000000000/negotiator - Requesting ticket for the frontClass FlameSocketGraphDeployerFront@172.31.47.100
11:45:09.029 [worker-akka.actor.default-dispatcher-2] INFO  a.a.LocalActorRef akka://worker/user/watcher/graph0000000000/negotiator - Ticket for the frontClass received: FrontTicket{allowedTimestamp=(1519213506133, FlameSocketGraphDeployerFront@172.31.47.100)}
11:45:09.030 [worker-akka.actor.default-dispatcher-2] INFO  c.s.f.r.e.s.SocketFront  - FlameSocketGraphDeployerFront@172.31.47.100: connecting to 172.31.34.147:4567
11:45:09.050 [Client] INFO  c.s.f.r.e.s.SocketFront  - FlameSocketGraphDeployerFront@172.31.47.100 has been disconnected from Connection 10
2018-02-21T11:45:12.181+0000: 18.985: [GC (Allocation Failure) 2018-02-21T11:45:12.181+0000: 18.985: [DefNew: 136576K->17024K(153600K), 0.0401797 secs] 152067K->53288K(494976K), 0.0402540 secs] [Times: user=0.02 sys=0.01, real=0.04 secs] 
2018-02-21T11:45:29.688+0000: 36.492: [GC (Allocation Failure) 2018-02-21T11:45:29.688+0000: 36.492: [DefNew: 153600K->3908K(153600K), 0.0183995 secs] 189864K->50743K(494976K), 0.0184602 secs] [Times: user=0.01 sys=0.00, real=0.02 secs] 
2018-02-21T11:45:46.853+0000: 53.658: [GC (Allocation Failure) 2018-02-21T11:45:46.854+0000: 53.658: [DefNew: 140484K->5628K(153600K), 0.0118866 secs] 187319K->52464K(494976K), 0.0129131 secs] [Times: user=0.01 sys=0.01, real=0.02 secs] 
2018-02-21T11:46:05.683+0000: 72.488: [GC (Allocation Failure) 2018-02-21T11:46:05.683+0000: 72.488: [DefNew: 142204K->7892K(153600K), 0.0170766 secs] 189040K->54727K(494976K), 0.0171500 secs] [Times: user=0.02 sys=0.00, real=0.01 secs] 
2018-02-21T11:46:21.228+0000: 88.032: [GC (Allocation Failure) 2018-02-21T11:46:21.228+0000: 88.032: [DefNew: 144468K->8936K(153600K), 0.0152781 secs] 191303K->55771K(494976K), 0.0153441 secs] [Times: user=0.02 sys=0.00, real=0.02 secs] 
2018-02-21T11:46:38.993+0000: 105.797: [GC (Allocation Failure) 2018-02-21T11:46:38.993+0000: 105.797: [DefNew: 145512K->8705K(153600K), 0.0162827 secs] 192347K->57086K(494976K), 0.0163485 secs] [Times: user=0.01 sys=0.00, real=0.02 secs] 
2018-02-21T11:46:59.161+0000: 125.966: [GC (Allocation Failure) 2018-02-21T11:46:59.161+0000: 125.966: [DefNew: 145281K->9011K(153600K), 0.0182083 secs] 193662K->58802K(494976K), 0.0182694 secs] [Times: user=0.02 sys=0.00, real=0.01 secs] 
2018-02-21T11:47:19.611+0000: 146.415: [GC (Allocation Failure) 2018-02-21T11:47:19.611+0000: 146.415: [DefNew: 145587K->8872K(153600K), 0.0197204 secs] 195378K->59835K(494976K), 0.0197867 secs] [Times: user=0.02 sys=0.00, real=0.02 secs] 
2018-02-21T11:47:37.037+0000: 163.842: [GC (Allocation Failure) 2018-02-21T11:47:37.037+0000: 163.842: [DefNew: 145448K->9055K(153600K), 0.0162665 secs] 196411K->61285K(494976K), 0.0163295 secs] [Times: user=0.01 sys=0.00, real=0.02 secs] 
2018-02-21T11:47:57.404+0000: 184.209: [GC (Allocation Failure) 2018-02-21T11:47:57.404+0000: 184.209: [DefNew: 145631K->9047K(153600K), 0.0249981 secs] 197861K->62457K(494976K), 0.0250694 secs] [Times: user=0.01 sys=0.01, real=0.02 secs] 
2018-02-21T11:48:17.982+0000: 204.786: [GC (Allocation Failure) 2018-02-21T11:48:17.982+0000: 204.786: [DefNew: 145623K->8712K(153600K), 0.0227281 secs] 199033K->63430K(494976K), 0.0227941 secs] [Times: user=0.01 sys=0.01, real=0.02 secs] 
2018-02-21T11:48:36.208+0000: 223.012: [GC (Allocation Failure) 2018-02-21T11:48:36.208+0000: 223.012: [DefNew: 145288K->8361K(153600K), 0.0152708 secs] 200006K->64530K(494976K), 0.0153374 secs] [Times: user=0.01 sys=0.00, real=0.02 secs] 
2018-02-21T11:48:57.197+0000: 244.001: [GC (Allocation Failure) 2018-02-21T11:48:57.197+0000: 244.001: [DefNew: 144937K->10118K(153600K), 0.0155683 secs] 201106K->66288K(494976K), 0.0156389 secs] [Times: user=0.02 sys=0.00, real=0.01 secs] 
2018-02-21T11:49:20.759+0000: 267.564: [GC (Allocation Failure) 2018-02-21T11:49:20.759+0000: 267.564: [DefNew: 146694K->8962K(153600K), 0.0187977 secs] 202864K->67364K(494976K), 0.0188602 secs] [Times: user=0.02 sys=0.00, real=0.02 secs] 
2018-02-21T11:49:41.305+0000: 288.110: [GC (Allocation Failure) 2018-02-21T11:49:41.305+0000: 288.110: [DefNew: 145538K->9311K(153600K), 0.0228115 secs] 203940K->68683K(494976K), 0.0228761 secs] [Times: user=0.01 sys=0.01, real=0.02 secs] 
2018-02-21T11:49:59.011+0000: 305.815: [GC (Allocation Failure) 2018-02-21T11:49:59.011+0000: 305.815: [DefNew: 145887K->9910K(153600K), 0.0166078 secs] 205259K->70282K(494976K), 0.0166662 secs] [Times: user=0.02 sys=0.00, real=0.02 secs] 
2018-02-21T11:50:15.934+0000: 322.738: [GC (Allocation Failure) 2018-02-21T11:50:15.934+0000: 322.738: [DefNew: 146486K->8501K(153600K), 0.0259111 secs] 206858K->71473K(494976K), 0.0259934 secs] [Times: user=0.00 sys=0.02, real=0.02 secs] 
2018-02-21T11:50:36.849+0000: 343.653: [GC (Allocation Failure) 2018-02-21T11:50:36.849+0000: 343.653: [DefNew: 145077K->9496K(153600K), 0.0148196 secs] 208049K->72468K(494976K), 0.0148860 secs] [Times: user=0.01 sys=0.00, real=0.02 secs] 
2018-02-21T11:50:58.817+0000: 365.621: [GC (Allocation Failure) 2018-02-21T11:50:58.817+0000: 365.621: [DefNew: 146072K->9590K(153600K), 0.0166849 secs] 209044K->73791K(494976K), 0.0167411 secs] [Times: user=0.01 sys=0.00, real=0.02 secs] 
2018-02-21T11:51:16.236+0000: 383.041: [GC (Allocation Failure) 2018-02-21T11:51:16.236+0000: 383.041: [DefNew: 146166K->9981K(153600K), 0.0182130 secs] 210367K->75295K(494976K), 0.0182897 secs] [Times: user=0.01 sys=0.00, real=0.02 secs] 
2018-02-21T11:51:33.239+0000: 400.043: [GC (Allocation Failure) 2018-02-21T11:51:33.239+0000: 400.043: [DefNew: 146557K->9291K(153600K), 0.0187053 secs] 211871K->76733K(494976K), 0.0187658 secs] [Times: user=0.02 sys=0.00, real=0.02 secs] 
2018-02-21T11:51:51.353+0000: 418.157: [GC (Allocation Failure) 2018-02-21T11:51:51.353+0000: 418.157: [DefNew: 145867K->10446K(153600K), 0.0166734 secs] 213309K->79166K(494976K), 0.0167588 secs] [Times: user=0.01 sys=0.00, real=0.02 secs] 
2018-02-21T11:52:08.480+0000: 435.284: [GC (Allocation Failure) 2018-02-21T11:52:08.480+0000: 435.284: [DefNew: 147022K->8701K(153600K), 0.0252676 secs] 215742K->80308K(494976K), 0.0253258 secs] [Times: user=0.01 sys=0.02, real=0.03 secs] 
2018-02-21T11:52:26.477+0000: 453.281: [GC (Allocation Failure) 2018-02-21T11:52:26.477+0000: 453.281: [DefNew: 145277K->7904K(153600K), 0.0163388 secs] 216884K->81712K(494976K), 0.0163996 secs] [Times: user=0.01 sys=0.00, real=0.02 secs] 
2018-02-21T11:52:44.795+0000: 471.599: [GC (Allocation Failure) 2018-02-21T11:52:44.795+0000: 471.599: [DefNew: 144480K->9536K(153600K), 0.0145974 secs] 218288K->83343K(494976K), 0.0146581 secs] [Times: user=0.01 sys=0.00, real=0.01 secs] 
2018-02-21T11:53:04.744+0000: 491.549: [GC (Allocation Failure) 2018-02-21T11:53:04.744+0000: 491.549: [DefNew: 146112K->9414K(153600K), 0.0166896 secs] 219919K->84594K(494976K), 0.0167822 secs] [Times: user=0.02 sys=0.00, real=0.01 secs] 
2018-02-21T11:53:20.128+0000: 506.932: [GC (Allocation Failure) 2018-02-21T11:53:20.128+0000: 506.932: [DefNew: 145930K->9910K(153600K), 0.0160825 secs] 221110K->86308K(494976K), 0.0161534 secs] [Times: user=0.01 sys=0.00, real=0.02 secs] 
2018-02-21T11:53:41.527+0000: 528.331: [GC (Allocation Failure) 2018-02-21T11:53:41.527+0000: 528.331: [DefNew: 146486K->9779K(153600K), 0.0170303 secs] 222884K->87407K(494976K), 0.0170896 secs] [Times: user=0.02 sys=0.00, real=0.02 secs] 
2018-02-21T11:53:58.312+0000: 545.116: [GC (Allocation Failure) 2018-02-21T11:53:58.312+0000: 545.116: [DefNew: 146355K->10041K(153600K), 0.0166350 secs] 223983K->88871K(494976K), 0.0166934 secs] [Times: user=0.01 sys=0.00, real=0.02 secs] 
2018-02-21T11:54:16.899+0000: 563.703: [GC (Allocation Failure) 2018-02-21T11:54:16.899+0000: 563.703: [DefNew: 146617K->8692K(153600K), 0.0174303 secs] 225447K->90249K(494976K), 0.0174925 secs] [Times: user=0.01 sys=0.01, real=0.02 secs] 
2018-02-21T11:54:34.116+0000: 580.920: [GC (Allocation Failure) 2018-02-21T11:54:34.116+0000: 580.920: [DefNew: 145268K->8646K(153600K), 0.0153819 secs] 226825K->91719K(494976K), 0.0154420 secs] [Times: user=0.02 sys=0.00, real=0.01 secs] 
2018-02-21T11:54:50.250+0000: 597.054: [GC (Allocation Failure) 2018-02-21T11:54:50.250+0000: 597.054: [DefNew: 145222K->9152K(153600K), 0.0191404 secs] 228295K->93632K(494976K), 0.0192042 secs] [Times: user=0.02 sys=0.01, real=0.02 secs] 
2018-02-21T11:55:07.976+0000: 614.780: [GC (Allocation Failure) 2018-02-21T11:55:07.976+0000: 614.780: [DefNew: 145728K->9121K(153600K), 0.0210451 secs] 230208K->95100K(494976K), 0.0211253 secs] [Times: user=0.02 sys=0.00, real=0.02 secs] 
2018-02-21T11:55:29.730+0000: 636.534: [GC (Allocation Failure) 2018-02-21T11:55:29.730+0000: 636.534: [DefNew: 145697K->9702K(153600K), 0.0161815 secs] 231676K->97037K(494976K), 0.0162626 secs] [Times: user=0.02 sys=0.00, real=0.02 secs] 
2018-02-21T11:55:46.961+0000: 653.765: [GC (Allocation Failure) 2018-02-21T11:55:46.961+0000: 653.765: [DefNew: 146278K->9512K(153600K), 0.0193727 secs] 233613K->98556K(494976K), 0.0194292 secs] [Times: user=0.02 sys=0.00, real=0.02 secs] 
2018-02-21T11:56:05.409+0000: 672.213: [GC (Allocation Failure) 2018-02-21T11:56:05.409+0000: 672.213: [DefNew: 146088K->9693K(153600K), 0.0292729 secs] 235132K->100245K(494976K), 0.0293371 secs] [Times: user=0.00 sys=0.03, real=0.03 secs] 
2018-02-21T11:56:24.101+0000: 690.905: [GC (Allocation Failure) 2018-02-21T11:56:24.101+0000: 690.905: [DefNew: 146269K->10359K(153600K), 0.0296653 secs] 236821K->102521K(494976K), 0.0297267 secs] [Times: user=0.00 sys=0.03, real=0.03 secs] 
2018-02-21T11:56:37.650+0000: 704.454: [GC (Allocation Failure) 2018-02-21T11:56:37.650+0000: 704.454: [DefNew: 146935K->9652K(153600K), 0.0156824 secs] 239097K->103312K(494976K), 0.0157754 secs] [Times: user=0.02 sys=0.00, real=0.02 secs] 
2018-02-21T11:56:55.681+0000: 722.485: [GC (Allocation Failure) 2018-02-21T11:56:55.681+0000: 722.485: [DefNew: 146228K->9851K(153600K), 0.0164751 secs] 239888K->104976K(494976K), 0.0165479 secs] [Times: user=0.01 sys=0.00, real=0.02 secs] 
11:57:10.018 [Client] INFO  c.s.f.r.e.s.SocketRear  - FlameSocketGraphDeployerRear@172.31.47.100: has been disconnected from Connection 9
11:57:22.993 [worker-akka.actor.default-dispatcher-2] INFO  a.a.CoordinatedShutdown CoordinatedShutdown(akka://worker) - Starting coordinated shutdown from JVM shutdown hook
11:57:23.048 [worker-akka.actor.default-dispatcher-2] INFO  a.a.LocalActorRef akka://worker/user/watcher/graph0000000000/negotiator - Stopped
11:57:23.049 [worker-akka.actor.default-dispatcher-2] INFO  a.a.LocalActorRef akka://worker/user/watcher/graph0000000000/edge/FlameSocketGraphDeployerFront - Stopped
11:57:23.050 [worker-akka.actor.default-dispatcher-2] INFO  a.a.LocalActorRef akka://worker/user/watcher/graph0000000000/graph/local-acker/$a - Stopped
11:57:23.055 [worker-akka.actor.default-dispatcher-2] INFO  a.a.LocalActorRef akka://worker/user/watcher/graph0000000000/edge/FlameSocketGraphDeployerRear - Stopped
11:57:23.055 [worker-akka.actor.default-dispatcher-2] INFO  a.a.LocalActorRef akka://worker/user/watcher/graph0000000000/graph/$a - Stopped
11:57:23.056 [worker-akka.actor.default-dispatcher-2] INFO  a.a.LocalActorRef akka://worker/user/watcher/graph0000000000/graph/local-acker/$a - Message [com.spbsu.flamestream.runtime.utils.akka.PingActor$InnerPing] from Actor[akka://worker/user/watcher/graph0000000000/graph/local-acker/$a#899612867] to Actor[akka://worker/user/watcher/graph0000000000/graph/local-acker/$a#899612867] was not delivered. [1] dead letters encountered. This logging can be turned off or adjusted with configuration settings 'akka.log-dead-letters' and 'akka.log-dead-letters-during-shutdown'.
11:57:23.057 [worker-akka.actor.default-dispatcher-2] INFO  a.a.LocalActorRef akka://worker/user/watcher/graph0000000000/graph/local-acker - Stopped
11:57:23.059 [worker-akka.actor.default-dispatcher-2] INFO  a.a.LocalActorRef akka://worker/user/watcher/graph0000000000/graph/$b - Stopped
11:57:23.059 [worker-akka.actor.default-dispatcher-2] INFO  a.a.LocalActorRef akka://worker/user/watcher/graph0000000000/graph/$c - Stopped
11:57:23.061 [worker-akka.actor.default-dispatcher-2] INFO  a.a.LocalActorRef akka://worker/user/watcher/graph0000000000/edge - Stopped
11:57:23.063 [worker-akka.actor.default-dispatcher-2] INFO  a.a.LocalActorRef akka://worker/user/watcher/graph0000000000/graph - Stopped
11:57:23.066 [worker-akka.actor.default-dispatcher-2] INFO  a.a.LocalActorRef akka://worker/user/watcher/graph0000000000 - Stopped
11:57:23.067 [worker-akka.actor.default-dispatcher-2] INFO  a.a.LocalActorRef akka://worker/user/watcher/graph0000000000/graph/local-acker/$a - Message [com.spbsu.flamestream.runtime.utils.akka.PingActor$Stop] from Actor[akka://worker/user/watcher/graph0000000000/graph/local-acker#348523551] to Actor[akka://worker/user/watcher/graph0000000000/graph/local-acker/$a#899612867] was not delivered. [2] dead letters encountered. This logging can be turned off or adjusted with configuration settings 'akka.log-dead-letters' and 'akka.log-dead-letters-during-shutdown'.
11:57:23.068 [worker-akka.actor.default-dispatcher-2] INFO  a.a.LocalActorRef akka://worker/user/watcher/graph0000000000/graph/local-acker - Message [com.spbsu.flamestream.runtime.acker.LocalAcker$Flush] from Actor[akka://worker/user/watcher/graph0000000000/graph/local-acker#348523551] to Actor[akka://worker/user/watcher/graph0000000000/graph/local-acker#348523551] was not delivered. [3] dead letters encountered. This logging can be turned off or adjusted with configuration settings 'akka.log-dead-letters' and 'akka.log-dead-letters-during-shutdown'.
11:57:23.070 [worker-akka.actor.default-dispatcher-2-EventThread] INFO  o.a.z.ClientCnxn  - EventThread shut down for session: 0x161b82d7c4f0004
11:57:23.071 [worker-akka.actor.default-dispatcher-2] INFO  o.a.z.ZooKeeper  - Session: 0x161b82d7c4f0004 closed
11:57:23.071 [worker-akka.actor.default-dispatcher-2] INFO  a.a.RepointableActorRef akka://worker/user/watcher - Stopped
11:57:23.088 [worker-akka.actor.default-dispatcher-2] INFO  a.r.RemoteActorRefProvider$RemotingTerminator akka://worker@172.31.47.100:5412/system/remoting-terminator - Shutting down remote daemon.
11:57:23.091 [worker-akka.actor.default-dispatcher-2] INFO  a.r.RemoteActorRefProvider$RemotingTerminator akka://worker@172.31.47.100:5412/system/remoting-terminator - Remote daemon shut down; proceeding with flushing remote transports.
11:57:23.258 [worker-akka.actor.default-dispatcher-2] INFO  a.r.RemoteActorRefProvider$RemotingTerminator akka://worker@172.31.47.100:5412/system/remoting-terminator - Remoting shut down.
Attempts of event 'sink-receive' - 553093
Attempts of event 'sink-send' - 545515
Heap
 def new generation   total 153600K, used 129708K [0x00000000e0c00000, 0x00000000eb2a0000, 0x00000000eb2a0000)
  eden space 136576K,  87% used [0x00000000e0c00000, 0x00000000e810c560, 0x00000000e9160000)
  from space 17024K,  57% used [0x00000000ea200000, 0x00000000eab9ed98, 0x00000000eb2a0000)
  to   space 17024K,   0% used [0x00000000e9160000, 0x00000000e9160000, 0x00000000ea200000)
 tenured generation   total 341376K, used 95125K [0x00000000eb2a0000, 0x0000000100000000, 0x0000000100000000)
   the space 341376K,  27% used [0x00000000eb2a0000, 0x00000000f0f85430, 0x00000000f0f85600, 0x0000000100000000)
 Metaspace       used 33459K, capacity 34234K, committed 34432K, reserved 1079296K
  class space    used 4452K, capacity 4624K, committed 4736K, reserved 1048576K
