10:39:09.955 [worker-akka.actor.default-dispatcher-2] INFO  a.e.s.Slf4jLogger  - Slf4jLogger started
2018-02-23T10:39:10.136+0000: 2.607: [Full GC (Metadata GC Threshold) 2018-02-23T10:39:10.136+0000: 2.607: [Tenured: 0K->15412K(341376K), 0.0385563 secs] 114799K->15412K(494976K), [Metaspace: 20873K->20873K(1067008K)], 0.0386233 secs] [Times: user=0.04 sys=0.00, real=0.04 secs] 
Ama winner
Ama winner
10:39:10.610 [worker-akka.actor.default-dispatcher-2] INFO  a.r.a.ArteryTransport(akka://worker) akka.remote.artery.ArteryTransport(akka://worker) - Started embedded media driver in directory [/dev/shm/aeron-root-worker-b60bd8c7-5f09-4cbb-bad1-780be43d1fab]
10:39:10.832 [worker-akka.actor.default-dispatcher-2] INFO  a.r.a.ArteryTransport(akka://worker) akka.remote.artery.ArteryTransport(akka://worker) - Remoting started; listening on address: [akka://worker@172.31.34.169:5412] with UID [-223033431335166912]
10:39:10.938 [worker-akka.actor.default-dispatcher-2] INFO  o.a.z.ZooKeeper  - Client environment:zookeeper.version=3.4.9-1757313, built on 08/23/2016 06:50 GMT
10:39:10.938 [worker-akka.actor.default-dispatcher-2] INFO  o.a.z.ZooKeeper  - Client environment:host.name=ip-172-31-34-169.us-east-2.compute.internal
10:39:10.938 [worker-akka.actor.default-dispatcher-2] INFO  o.a.z.ZooKeeper  - Client environment:java.version=1.8.0_151
10:39:10.938 [worker-akka.actor.default-dispatcher-2] INFO  o.a.z.ZooKeeper  - Client environment:java.vendor=Oracle Corporation
10:39:10.938 [worker-akka.actor.default-dispatcher-2] INFO  o.a.z.ZooKeeper  - Client environment:java.home=/usr/lib/jvm/java-8-openjdk-amd64/jre
10:39:10.938 [worker-akka.actor.default-dispatcher-2] INFO  o.a.z.ZooKeeper  - Client environment:java.class.path=lib/commons-cli-1.4.jar:lib/minlog-1.3.0.jar:lib/asm-5.0.4.jar:lib/hadoop-annotations-2.7.3.jar:lib/hadoop-auth-2.7.3.jar:lib/akka-slf4j_2.11-2.5.6.jar:lib/jersey-core-1.9.jar:lib/lz4-1.3.0.jar:lib/jackson-core-asl-1.9.13.jar:lib/aeron-client-1.3.0.jar:lib/htrace-core-3.1.0-incubating.jar:lib/xz-1.0.jar:lib/commons-httpclient-3.1.jar:lib/asm-3.1.jar:lib/commons-lang3-3.4.jar:lib/scala-library-2.11.11.jar:lib/scala-java8-compat_2.11-0.7.0.jar:lib/commons-configuration-1.6.jar:lib/objenesis-2.1.jar:lib/jackson-annotations-2.8.0.jar:lib/jsr305-3.0.0.jar:lib/curator-framework-2.7.1.jar:lib/jersey-server-1.9.jar:lib/jets3t-0.9.0.jar:lib/leveldb-0.7.jar:lib/jetty-6.1.26.jar:lib/stax-api-1.0-2.jar:lib/flamestream-core-1.0-SNAPSHOT.jar:lib/reflectasm-1.07-shaded.jar:lib/apacheds-kerberos-codec-2.0.0-M15.jar:lib/api-asn1-api-1.0.0-M20.jar:lib/commons-lang-2.6.jar:lib/commons-beanutils-1.7.0.jar:lib/jackson-xc-1.8.3.jar:lib/jetty-util-6.1.26.jar:lib/logback-classic-1.2.3.jar:lib/jool-0.9.12.jar:lib/flamestream-runtime-1.0-SNAPSHOT-tests.jar:lib/httpcore-4.1.2.jar:lib/kryo-4.0.0.jar:lib/ant-1.8.1.jar:lib/jaxb-impl-2.2.3-1.jar:lib/jersey-json-1.9.jar:lib/commons-compress-1.4.1.jar:lib/leveldbjni-all-1.8.jar:lib/paranamer-2.3.jar:lib/jackson-core-2.8.4.jar:lib/commons-math3-3.6.1.jar:lib/scala-parser-combinators_2.11-1.0.4.jar:lib/netty-3.10.6.Final.jar:lib/trove4j-3.0.3.jar:lib/jaxb-api-2.2.2.jar:lib/logback-core-1.2.3.jar:lib/snappy-java-1.0.4.1.jar:lib/protobuf-java-2.5.0.jar:lib/reactive-streams-1.0.1.jar:lib/flamestream-examples-1.0-SNAPSHOT.jar:lib/commons-codec-1.4.jar:lib/activation-1.1.jar:lib/commons-net-3.1.jar:lib/curator-recipes-2.7.1.jar:lib/jackson-mapper-asl-1.9.13.jar:lib/jackson-databind-2.8.4.jar:lib/flamestream-runtime-1.0-SNAPSHOT.jar:lib/jackson-jaxrs-1.8.3.jar:lib/slf4j-api-1.7.24.jar:lib/akka-remote_2.11-2.5.6.jar:lib/akka-testkit_2.11-2.5.6.jar:lib/jline-0.9.94.jar:lib/akka-stream_2.11-2.5.6.jar:lib/jsp-api-2.1.jar:lib/kryonet-2.21.jar:lib/akka-kryo-serialization_2.11-0.5.0.jar:lib/config-1.3.1.jar:lib/ant-launcher-1.8.1.jar:lib/commons-logging-1.2.jar:lib/ssl-config-core_2.11-0.2.2.jar:lib/testng-6.10.jar:lib/leveldb-api-0.7.jar:lib/reflectasm-1.11.3.jar:lib/jcommander-1.48.jar:lib/commons-1.1.jar:lib/commons-digester-1.8.jar:lib/minlog-1.2.jar:lib/java-xmlbuilder-0.4.jar:lib/jettison-1.1.jar:lib/gson-2.2.4.jar:lib/jdk.tools-1.8.jar:lib/aeron-driver-1.3.0.jar:lib/zookeeper-3.4.9.jar:lib/commons-beanutils-core-1.8.0.jar:lib/commons-math3-3.1.1.jar:lib/akka-actor_2.11-2.5.6.jar:lib/curator-client-2.7.1.jar:lib/servlet-api-2.5.jar:lib/apacheds-i18n-2.0.0-M15.jar:lib/commons-io-2.4.jar:lib/commons-codec-1.6.jar:lib/akka-protobuf_2.11-2.5.6.jar:lib/jdom-2.0.2.jar:lib/api-util-1.0.0-M20.jar:lib/hadoop-common-2.7.3.jar:lib/agrona-0.9.6.jar:lib/xmlenc-0.52.jar:lib/guava-21.0.jar:lib/commons-collections-3.2.2.jar:lib/avro-1.7.4.jar:lib/httpclient-4.1.2.jar:lib/flamestream-core-1.0-SNAPSHOT-tests.jar:lib/annotations-12.0.jar:lib/jsch-0.1.42.jar:flamestream-runtime-1.0-SNAPSHOT.jar
10:39:10.938 [worker-akka.actor.default-dispatcher-2] INFO  o.a.z.ZooKeeper  - Client environment:java.library.path=/usr/java/packages/lib/amd64:/usr/lib/x86_64-linux-gnu/jni:/lib/x86_64-linux-gnu:/usr/lib/x86_64-linux-gnu:/usr/lib/jni:/lib:/usr/lib
10:39:10.938 [worker-akka.actor.default-dispatcher-2] INFO  o.a.z.ZooKeeper  - Client environment:java.io.tmpdir=/tmp
10:39:10.938 [worker-akka.actor.default-dispatcher-2] INFO  o.a.z.ZooKeeper  - Client environment:java.compiler=<NA>
10:39:10.938 [worker-akka.actor.default-dispatcher-2] INFO  o.a.z.ZooKeeper  - Client environment:os.name=Linux
10:39:10.939 [worker-akka.actor.default-dispatcher-2] INFO  o.a.z.ZooKeeper  - Client environment:os.arch=amd64
10:39:10.939 [worker-akka.actor.default-dispatcher-2] INFO  o.a.z.ZooKeeper  - Client environment:os.version=4.4.0-1049-aws
10:39:10.939 [worker-akka.actor.default-dispatcher-2] INFO  o.a.z.ZooKeeper  - Client environment:user.name=root
10:39:10.940 [worker-akka.actor.default-dispatcher-2] INFO  o.a.z.ZooKeeper  - Client environment:user.home=/root
10:39:10.940 [worker-akka.actor.default-dispatcher-2] INFO  o.a.z.ZooKeeper  - Client environment:user.dir=/opt/flamestream
10:39:10.943 [worker-akka.actor.default-dispatcher-2] INFO  o.a.z.ZooKeeper  - Initiating client connection, connectString=172.31.34.147:2181 sessionTimeout=5000 watcher=com.spbsu.flamestream.runtime.application.LifecycleWatcher$$Lambda$29/2091173542@1b48f905
10:39:10.980 [worker-akka.actor.default-dispatcher-2] INFO  a.a.RepointableActorRef akka://worker/user/watcher - Starting...
10:39:10.983 [worker-akka.actor.default-dispatcher-2-SendThread(172.31.34.147:2181)] INFO  o.a.z.ClientCnxn  - Opening socket connection to server 172.31.34.147/172.31.34.147:2181. Will not attempt to authenticate using SASL (unknown error)
10:39:10.986 [worker-akka.actor.default-dispatcher-2-SendThread(172.31.34.147:2181)] INFO  o.a.z.ClientCnxn  - Socket connection established to 172.31.34.147/172.31.34.147:2181, initiating session
10:39:10.998 [worker-akka.actor.default-dispatcher-2-SendThread(172.31.34.147:2181)] INFO  o.a.z.ClientCnxn  - Session establishment complete on server 172.31.34.147/172.31.34.147:2181, sessionid = 0x161c23e272f0009, negotiated timeout = 6000
10:39:11.095 [worker-akka.actor.default-dispatcher-2] INFO  a.a.RepointableActorRef akka://worker/user/watcher - Connected to ZK
10:39:17.826 [worker-akka.actor.default-dispatcher-2] INFO  a.a.RepointableActorRef akka://worker/user/watcher - Creating node with watchGraphs: 'com.spbsu.flamestream.core.Graph$Builder$MyGraph@22aae96d', config: 'ClusterConfig{paths={172.31.33.155=akka://worker@172.31.33.155:5412/user/watcher/graph0000000000, 172.31.47.83=akka://worker@172.31.47.83:5412/user/watcher/graph0000000000, 172.31.45.197=akka://worker@172.31.45.197:5412/user/watcher/graph0000000000, 172.31.42.36=akka://worker@172.31.42.36:5412/user/watcher/graph0000000000, 172.31.44.83=akka://worker@172.31.44.83:5412/user/watcher/graph0000000000, 172.31.39.64=akka://worker@172.31.39.64:5412/user/watcher/graph0000000000, 172.31.35.79=akka://worker@172.31.35.79:5412/user/watcher/graph0000000000, 172.31.34.169=akka://worker@172.31.34.169:5412/user/watcher/graph0000000000, 172.31.47.100=akka://worker@172.31.47.100:5412/user/watcher/graph0000000000, 172.31.37.101=akka://worker@172.31.37.101:5412/user/watcher/graph0000000000}, ackerLocation='172.31.35.79', props=ComputationLayout{ranges={172.31.33.155=HashRange{from=-1670265060, to=-1193046472}, 172.31.47.83=HashRange{from=1670265056, to=2147483644}, 172.31.45.197=HashRange{from=-715827884, to=-238609296}, 172.31.42.36=HashRange{from=1193046468, to=1670265056}, 172.31.44.83=HashRange{from=-238609296, to=238609292}, 172.31.39.64=HashRange{from=715827880, to=1193046468}, 172.31.35.79=HashRange{from=0, to=0}, 172.31.34.169=HashRange{from=-2147483648, to=-1670265060}, 172.31.47.100=HashRange{from=238609292, to=715827880}, 172.31.37.101=HashRange{from=-1193046472, to=-715827884}}}}'
10:39:18.764 [worker-akka.actor.default-dispatcher-2] INFO  a.a.LocalActorRef akka://worker/user/watcher/graph0000000000/graph - Starting...
10:39:18.768 [worker-akka.actor.default-dispatcher-2] INFO  a.a.LocalActorRef akka://worker/user/watcher/graph0000000000/graph/local-acker/$a - Starting...
10:39:18.769 [worker-akka.actor.default-dispatcher-2] INFO  a.a.LocalActorRef akka://worker/user/watcher/graph0000000000/graph/local-acker - Starting...
Warning: space is running low in /dev/shm (tmpfs) threshold=167,772,160 usable=158,621,696
Warning: space is running low in /dev/shm (tmpfs) threshold=167,772,160 usable=146,034,688
Warning: space is running low in /dev/shm (tmpfs) threshold=167,772,160 usable=133,447,680
Warning: space is running low in /dev/shm (tmpfs) threshold=167,772,160 usable=120,860,672
Warning: space is running low in /dev/shm (tmpfs) threshold=167,772,160 usable=108,273,664
Warning: space is running low in /dev/shm (tmpfs) threshold=167,772,160 usable=95,686,656
Warning: space is running low in /dev/shm (tmpfs) threshold=167,772,160 usable=83,099,648
Warning: space is running low in /dev/shm (tmpfs) threshold=167,772,160 usable=70,512,640
10:39:20.286 [worker-akka.actor.default-dispatcher-2] INFO  a.a.LocalActorRef akka://worker/user/watcher/graph0000000000/graph - Finishing constructor
10:39:20.287 [worker-akka.actor.default-dispatcher-2] INFO  a.a.LocalActorRef akka://worker/user/watcher/graph0000000000 - Starting...
10:39:20.288 [worker-akka.actor.default-dispatcher-2] INFO  a.a.LocalActorRef akka://worker/user/watcher/graph0000000000/negotiator - Starting...
10:39:20.351 [worker-akka.actor.default-dispatcher-2] INFO  a.a.LocalActorRef akka://worker/user/watcher/graph0000000000/edge - Starting...
10:39:20.353 [worker-akka.actor.default-dispatcher-2] INFO  a.a.LocalActorRef akka://worker/user/watcher/graph0000000000/graph/$a - Starting...
10:39:20.354 [worker-akka.actor.default-dispatcher-2] INFO  a.a.LocalActorRef akka://worker/user/watcher/graph0000000000/graph/$b - Starting...
10:39:20.355 [worker-akka.actor.default-dispatcher-2] INFO  a.a.LocalActorRef akka://worker/user/watcher/graph0000000000/graph/$c - Starting...
10:39:20.382 [worker-akka.actor.default-dispatcher-2] INFO  c.s.f.r.e.s.SocketRear  - FlameSocketGraphDeployerRear@172.31.34.169: connecting to 172.31.34.147:5678
10:39:20.389 [worker-akka.actor.default-dispatcher-2] INFO  c.s.f.r.e.s.SocketRear  - FlameSocketGraphDeployerRear@172.31.34.169: connected to 172.31.34.147:5678
10:39:20.422 [worker-akka.actor.default-dispatcher-2] INFO  a.a.LocalActorRef akka://worker/user/watcher/graph0000000000/edge/FlameSocketGraphDeployerRear - Starting...
10:39:20.434 [worker-akka.actor.default-dispatcher-2] INFO  a.a.LocalActorRef akka://worker/user/watcher/graph0000000000/edge/FlameSocketGraphDeployerFront - Starting...
10:39:20.435 [worker-akka.actor.default-dispatcher-2] INFO  a.a.LocalActorRef akka://worker/user/watcher/graph0000000000/negotiator - Requesting ticket for the frontClass FlameSocketGraphDeployerFront@172.31.34.169
10:39:20.437 [worker-akka.actor.default-dispatcher-2] INFO  a.a.LocalActorRef akka://worker/user/watcher/graph0000000000/negotiator - Ticket for the frontClass received: FrontTicket{allowedTimestamp=(1519382357832, FlameSocketGraphDeployerFront@172.31.34.169)}
10:39:20.438 [worker-akka.actor.default-dispatcher-2] INFO  c.s.f.r.e.s.SocketFront  - FlameSocketGraphDeployerFront@172.31.34.169: connecting to 172.31.34.147:4567
10:39:20.453 [Client] INFO  c.s.f.r.e.s.SocketFront  - FlameSocketGraphDeployerFront@172.31.34.169 has been disconnected from Connection 9
2018-02-23T10:39:23.768+0000: 16.239: [GC (Allocation Failure) 2018-02-23T10:39:23.768+0000: 16.239: [DefNew: 136576K->15529K(153600K), 0.0744072 secs] 151988K->50473K(494976K), 0.0744728 secs] [Times: user=0.01 sys=0.06, real=0.08 secs] 
2018-02-23T10:39:25.643+0000: 18.113: [GC (Allocation Failure) 2018-02-23T10:39:25.643+0000: 18.113: [DefNew: 152105K->8787K(153600K), 0.0324903 secs] 187049K->51619K(494976K), 0.0325570 secs] [Times: user=0.03 sys=0.01, real=0.03 secs] 
2018-02-23T10:39:30.253+0000: 22.724: [GC (Allocation Failure) 2018-02-23T10:39:30.253+0000: 22.724: [DefNew: 145363K->3205K(153600K), 0.0134131 secs] 188195K->47834K(494976K), 0.0134709 secs] [Times: user=0.01 sys=0.00, real=0.02 secs] 
2018-02-23T10:39:34.616+0000: 27.087: [GC (Allocation Failure) 2018-02-23T10:39:34.617+0000: 27.087: [DefNew: 139781K->5816K(153600K), 0.0131886 secs] 184410K->50446K(494976K), 0.0132566 secs] [Times: user=0.02 sys=0.00, real=0.01 secs] 
2018-02-23T10:39:38.782+0000: 31.252: [GC (Allocation Failure) 2018-02-23T10:39:38.782+0000: 31.253: [DefNew: 142392K->8355K(153600K), 0.0159464 secs] 187022K->52985K(494976K), 0.0160214 secs] [Times: user=0.02 sys=0.00, real=0.01 secs] 
2018-02-23T10:39:42.459+0000: 34.930: [GC (Allocation Failure) 2018-02-23T10:39:42.459+0000: 34.930: [DefNew: 144931K->8584K(153600K), 0.0140032 secs] 189561K->53214K(494976K), 0.0140637 secs] [Times: user=0.01 sys=0.00, real=0.02 secs] 
2018-02-23T10:39:45.781+0000: 38.252: [GC (Allocation Failure) 2018-02-23T10:39:45.781+0000: 38.252: [DefNew: 145160K->8479K(153600K), 0.0156855 secs] 189790K->54316K(494976K), 0.0157477 secs] [Times: user=0.01 sys=0.00, real=0.01 secs] 
2018-02-23T10:39:50.182+0000: 42.653: [GC (Allocation Failure) 2018-02-23T10:39:50.182+0000: 42.653: [DefNew: 145055K->9642K(153600K), 0.0208828 secs] 190892K->55478K(494976K), 0.0209469 secs] [Times: user=0.01 sys=0.01, real=0.02 secs] 
2018-02-23T10:39:54.367+0000: 46.838: [GC (Allocation Failure) 2018-02-23T10:39:54.367+0000: 46.838: [DefNew: 146218K->9468K(153600K), 0.0181088 secs] 192054K->56729K(494976K), 0.0181840 secs] [Times: user=0.01 sys=0.01, real=0.02 secs] 
2018-02-23T10:39:59.958+0000: 52.429: [GC (Allocation Failure) 2018-02-23T10:39:59.958+0000: 52.429: [DefNew: 146044K->9408K(153600K), 0.0172457 secs] 193305K->57952K(494976K), 0.0173254 secs] [Times: user=0.02 sys=0.00, real=0.02 secs] 
2018-02-23T10:40:04.311+0000: 56.782: [GC (Allocation Failure) 2018-02-23T10:40:04.312+0000: 56.782: [DefNew: 145984K->9539K(153600K), 0.0164824 secs] 194528K->59013K(494976K), 0.0165465 secs] [Times: user=0.01 sys=0.00, real=0.02 secs] 
2018-02-23T10:40:08.091+0000: 60.561: [GC (Allocation Failure) 2018-02-23T10:40:08.091+0000: 60.562: [DefNew: 146115K->10126K(153600K), 0.0170966 secs] 195589K->60625K(494976K), 0.0171625 secs] [Times: user=0.02 sys=0.00, real=0.02 secs] 
2018-02-23T10:40:12.517+0000: 64.988: [GC (Allocation Failure) 2018-02-23T10:40:12.517+0000: 64.988: [DefNew: 146702K->9008K(153600K), 0.0194585 secs] 197201K->61606K(494976K), 0.0195211 secs] [Times: user=0.01 sys=0.01, real=0.02 secs] 
2018-02-23T10:40:17.869+0000: 70.339: [GC (Allocation Failure) 2018-02-23T10:40:17.869+0000: 70.339: [DefNew: 145584K->8226K(153600K), 0.0277633 secs] 198182K->62228K(494976K), 0.0278499 secs] [Times: user=0.01 sys=0.01, real=0.03 secs] 
2018-02-23T10:40:24.024+0000: 76.495: [GC (Allocation Failure) 2018-02-23T10:40:24.024+0000: 76.495: [DefNew: 144802K->9719K(153600K), 0.0156086 secs] 198804K->63721K(494976K), 0.0156780 secs] [Times: user=0.01 sys=0.00, real=0.01 secs] 
2018-02-23T10:40:28.215+0000: 80.685: [GC (Allocation Failure) 2018-02-23T10:40:28.215+0000: 80.685: [DefNew: 146295K->9048K(153600K), 0.0269333 secs] 200297K->65027K(494976K), 0.0269975 secs] [Times: user=0.02 sys=0.01, real=0.03 secs] 
2018-02-23T10:40:34.050+0000: 86.521: [GC (Allocation Failure) 2018-02-23T10:40:34.050+0000: 86.521: [DefNew: 145624K->9634K(153600K), 0.0199262 secs] 201603K->66480K(494976K), 0.0199908 secs] [Times: user=0.01 sys=0.00, real=0.02 secs] 
2018-02-23T10:40:39.994+0000: 92.465: [GC (Allocation Failure) 2018-02-23T10:40:39.994+0000: 92.465: [DefNew: 146210K->9876K(153600K), 0.0173605 secs] 203056K->67767K(494976K), 0.0174553 secs] [Times: user=0.02 sys=0.00, real=0.01 secs] 
2018-02-23T10:40:43.923+0000: 96.393: [GC (Allocation Failure) 2018-02-23T10:40:43.923+0000: 96.393: [DefNew: 146452K->9845K(153600K), 0.0190514 secs] 204343K->69034K(494976K), 0.0191165 secs] [Times: user=0.02 sys=0.00, real=0.02 secs] 
2018-02-23T10:40:48.984+0000: 101.454: [GC (Allocation Failure) 2018-02-23T10:40:48.984+0000: 101.454: [DefNew: 146421K->8766K(153600K), 0.0229481 secs] 205610K->70263K(494976K), 0.0230258 secs] [Times: user=0.01 sys=0.01, real=0.02 secs] 
2018-02-23T10:40:53.990+0000: 106.461: [GC (Allocation Failure) 2018-02-23T10:40:53.990+0000: 106.461: [DefNew: 145342K->8922K(153600K), 0.0170438 secs] 206839K->71681K(494976K), 0.0171142 secs] [Times: user=0.02 sys=0.00, real=0.02 secs] 
2018-02-23T10:40:59.602+0000: 112.072: [GC (Allocation Failure) 2018-02-23T10:40:59.602+0000: 112.072: [DefNew: 145498K->8781K(153600K), 0.0159973 secs] 208257K->72670K(494976K), 0.0160601 secs] [Times: user=0.02 sys=0.01, real=0.01 secs] 
2018-02-23T10:41:04.075+0000: 116.546: [GC (Allocation Failure) 2018-02-23T10:41:04.075+0000: 116.546: [DefNew: 145357K->8864K(153600K), 0.0289705 secs] 209246K->73904K(494976K), 0.0290309 secs] [Times: user=0.01 sys=0.01, real=0.03 secs] 
2018-02-23T10:41:08.735+0000: 121.205: [GC (Allocation Failure) 2018-02-23T10:41:08.735+0000: 121.205: [DefNew: 145440K->8989K(153600K), 0.0163536 secs] 210480K->75323K(494976K), 0.0164151 secs] [Times: user=0.02 sys=0.00, real=0.01 secs] 
2018-02-23T10:41:11.905+0000: 124.376: [GC (Allocation Failure) 2018-02-23T10:41:11.905+0000: 124.376: [DefNew: 145565K->9975K(153600K), 0.0302139 secs] 211899K->77464K(494976K), 0.0302789 secs] [Times: user=0.01 sys=0.02, real=0.03 secs] 
2018-02-23T10:41:16.398+0000: 128.869: [GC (Allocation Failure) 2018-02-23T10:41:16.398+0000: 128.869: [DefNew: 146551K->8606K(153600K), 0.0184773 secs] 214040K->78935K(494976K), 0.0185441 secs] [Times: user=0.02 sys=0.00, real=0.02 secs] 
2018-02-23T10:41:20.560+0000: 133.031: [GC (Allocation Failure) 2018-02-23T10:41:20.560+0000: 133.031: [DefNew: 145182K->8653K(153600K), 0.0273249 secs] 215511K->80209K(494976K), 0.0273926 secs] [Times: user=0.02 sys=0.02, real=0.03 secs] 
2018-02-23T10:41:24.957+0000: 137.428: [GC (Allocation Failure) 2018-02-23T10:41:24.957+0000: 137.428: [DefNew: 145229K->8539K(153600K), 0.0293145 secs] 216785K->82392K(494976K), 0.0293813 secs] [Times: user=0.00 sys=0.02, real=0.03 secs] 
2018-02-23T10:41:29.102+0000: 141.573: [GC (Allocation Failure) 2018-02-23T10:41:29.102+0000: 141.573: [DefNew: 145115K->8819K(153600K), 0.0160552 secs] 218968K->83898K(494976K), 0.0161195 secs] [Times: user=0.01 sys=0.01, real=0.01 secs] 
2018-02-23T10:41:34.627+0000: 147.098: [GC (Allocation Failure) 2018-02-23T10:41:34.627+0000: 147.098: [DefNew: 145395K->8505K(153600K), 0.0284534 secs] 220474K->85070K(494976K), 0.0285294 secs] [Times: user=0.02 sys=0.01, real=0.03 secs] 
2018-02-23T10:41:39.767+0000: 152.238: [GC (Allocation Failure) 2018-02-23T10:41:39.768+0000: 152.238: [DefNew: 145081K->10271K(153600K), 0.0149174 secs] 221646K->86837K(494976K), 0.0149895 secs] [Times: user=0.02 sys=0.00, real=0.02 secs] 
2018-02-23T10:41:44.062+0000: 156.533: [GC (Allocation Failure) 2018-02-23T10:41:44.062+0000: 156.533: [DefNew: 146847K->9068K(153600K), 0.0423328 secs] 223413K->88358K(494976K), 0.0423957 secs] [Times: user=0.00 sys=0.04, real=0.04 secs] 
2018-02-23T10:41:49.487+0000: 161.958: [GC (Allocation Failure) 2018-02-23T10:41:49.487+0000: 161.958: [DefNew: 145644K->9084K(153600K), 0.0158230 secs] 224934K->89894K(494976K), 0.0158906 secs] [Times: user=0.01 sys=0.00, real=0.02 secs] 
2018-02-23T10:41:53.323+0000: 165.794: [GC (Allocation Failure) 2018-02-23T10:41:53.323+0000: 165.794: [DefNew: 145660K->9161K(153600K), 0.0158952 secs] 226470K->91443K(494976K), 0.0159618 secs] [Times: user=0.01 sys=0.00, real=0.01 secs] 
2018-02-23T10:41:57.590+0000: 170.060: [GC (Allocation Failure) 2018-02-23T10:41:57.590+0000: 170.060: [DefNew: 145737K->9692K(153600K), 0.0176583 secs] 228019K->93561K(494976K), 0.0177207 secs] [Times: user=0.02 sys=0.00, real=0.02 secs] 
2018-02-23T10:42:02.629+0000: 175.099: [GC (Allocation Failure) 2018-02-23T10:42:02.629+0000: 175.099: [DefNew: 146268K->9522K(153600K), 0.0158944 secs] 230137K->94831K(494976K), 0.0159661 secs] [Times: user=0.02 sys=0.00, real=0.02 secs] 
2018-02-23T10:42:07.125+0000: 179.596: [GC (Allocation Failure) 2018-02-23T10:42:07.125+0000: 179.596: [DefNew: 146098K->9680K(153600K), 0.0319242 secs] 231407K->96517K(494976K), 0.0320058 secs] [Times: user=0.01 sys=0.02, real=0.03 secs] 
2018-02-23T10:42:12.003+0000: 184.474: [GC (Allocation Failure) 2018-02-23T10:42:12.003+0000: 184.474: [DefNew: 146256K->10427K(153600K), 0.0261053 secs] 233093K->98795K(494976K), 0.0261748 secs] [Times: user=0.01 sys=0.02, real=0.02 secs] 
2018-02-23T10:42:16.184+0000: 188.654: [GC (Allocation Failure) 2018-02-23T10:42:16.184+0000: 188.654: [DefNew: 147003K->10280K(153600K), 0.0275506 secs] 235371K->100245K(494976K), 0.0276186 secs] [Times: user=0.01 sys=0.02, real=0.02 secs] 
2018-02-23T10:42:21.495+0000: 193.966: [GC (Allocation Failure) 2018-02-23T10:42:21.495+0000: 193.966: [DefNew: 146856K->9737K(153600K), 0.0239079 secs] 236821K->101362K(494976K), 0.0239717 secs] [Times: user=0.02 sys=0.01, real=0.02 secs] 
2018-02-23T10:42:25.275+0000: 197.746: [GC (Allocation Failure) 2018-02-23T10:42:25.275+0000: 197.746: [DefNew: 146313K->9951K(153600K), 0.0163496 secs] 237938K->103157K(494976K), 0.0164155 secs] [Times: user=0.02 sys=0.00, real=0.01 secs] 
2018-02-23T10:42:30.813+0000: 203.283: [GC (Allocation Failure) 2018-02-23T10:42:30.813+0000: 203.283: [DefNew: 146527K->10299K(153600K), 0.0165275 secs] 239733K->104921K(494976K), 0.0165911 secs] [Times: user=0.01 sys=0.00, real=0.02 secs] 
2018-02-23T10:42:35.266+0000: 207.737: [GC (Allocation Failure) 2018-02-23T10:42:35.266+0000: 207.737: [DefNew: 146875K->10339K(153600K), 0.0179960 secs] 241497K->106395K(494976K), 0.0180582 secs] [Times: user=0.01 sys=0.00, real=0.02 secs] 
2018-02-23T10:42:38.717+0000: 211.188: [GC (Allocation Failure) 2018-02-23T10:42:38.717+0000: 211.188: [DefNew: 146915K->10623K(153600K), 0.0226330 secs] 242971K->108409K(494976K), 0.0226989 secs] [Times: user=0.02 sys=0.00, real=0.02 secs] 
2018-02-23T10:42:44.217+0000: 216.689: [GC (Allocation Failure) 2018-02-23T10:42:44.218+0000: 216.689: [DefNew: 147199K->10179K(153600K), 0.0170263 secs] 244985K->109675K(494976K), 0.0182356 secs] [Times: user=0.02 sys=0.00, real=0.02 secs] 
2018-02-23T10:42:48.542+0000: 221.013: [GC (Allocation Failure) 2018-02-23T10:42:48.542+0000: 221.013: [DefNew: 146755K->11622K(153600K), 0.0337413 secs] 246251K->112493K(494976K), 0.0338218 secs] [Times: user=0.01 sys=0.01, real=0.03 secs] 
10:42:50.639 [Client] INFO  c.s.f.r.e.s.SocketRear  - FlameSocketGraphDeployerRear@172.31.34.169: has been disconnected from Connection 9
10:43:09.571 [worker-akka.actor.default-dispatcher-2] INFO  a.a.CoordinatedShutdown CoordinatedShutdown(akka://worker) - Starting coordinated shutdown from JVM shutdown hook
10:43:09.624 [worker-akka.actor.default-dispatcher-2] INFO  a.a.LocalActorRef akka://worker/user/watcher/graph0000000000/negotiator - Stopped
10:43:09.624 [worker-akka.actor.default-dispatcher-2] INFO  a.a.LocalActorRef akka://worker/user/watcher/graph0000000000/edge/FlameSocketGraphDeployerFront - Stopped
10:43:09.625 [worker-akka.actor.default-dispatcher-2] INFO  a.a.LocalActorRef akka://worker/user/watcher/graph0000000000/edge/FlameSocketGraphDeployerRear - Stopped
10:43:09.626 [worker-akka.actor.default-dispatcher-2] INFO  a.a.LocalActorRef akka://worker/user/watcher/graph0000000000/graph/$a - Stopped
10:43:09.629 [worker-akka.actor.default-dispatcher-2] INFO  a.a.LocalActorRef akka://worker/user/watcher/graph0000000000/graph/$b - Stopped
10:43:09.630 [worker-akka.actor.default-dispatcher-2] INFO  a.a.LocalActorRef akka://worker/user/watcher/graph0000000000/graph/$c - Stopped
10:43:09.631 [worker-akka.actor.default-dispatcher-2] INFO  a.a.LocalActorRef akka://worker/user/watcher/graph0000000000/graph/local-acker/$a - Stopped
10:43:09.637 [worker-akka.actor.default-dispatcher-2] INFO  a.a.LocalActorRef akka://worker/user/watcher/graph0000000000/edge - Stopped
10:43:09.638 [worker-akka.actor.default-dispatcher-2] INFO  a.a.LocalActorRef akka://worker/user/watcher/graph0000000000/graph/local-acker/$a - Message [com.spbsu.flamestream.runtime.utils.akka.PingActor$InnerPing] from Actor[akka://worker/user/watcher/graph0000000000/graph/local-acker/$a#1186928694] to Actor[akka://worker/user/watcher/graph0000000000/graph/local-acker/$a#1186928694] was not delivered. [1] dead letters encountered. This logging can be turned off or adjusted with configuration settings 'akka.log-dead-letters' and 'akka.log-dead-letters-during-shutdown'.
10:43:09.638 [worker-akka.actor.default-dispatcher-2] INFO  a.a.LocalActorRef akka://worker/user/watcher/graph0000000000/graph/local-acker - Stopped
10:43:09.641 [worker-akka.actor.default-dispatcher-2] INFO  a.a.LocalActorRef akka://worker/user/watcher/graph0000000000/graph/local-acker/$a - Message [com.spbsu.flamestream.runtime.utils.akka.PingActor$Stop] from Actor[akka://worker/user/watcher/graph0000000000/graph/local-acker#1176688508] to Actor[akka://worker/user/watcher/graph0000000000/graph/local-acker/$a#1186928694] was not delivered. [2] dead letters encountered. This logging can be turned off or adjusted with configuration settings 'akka.log-dead-letters' and 'akka.log-dead-letters-during-shutdown'.
10:43:09.644 [worker-akka.actor.default-dispatcher-2] INFO  a.a.LocalActorRef akka://worker/user/watcher/graph0000000000/graph/local-acker - Message [com.spbsu.flamestream.runtime.acker.LocalAcker$Flush] from Actor[akka://worker/user/watcher/graph0000000000/graph/local-acker#1176688508] to Actor[akka://worker/user/watcher/graph0000000000/graph/local-acker#1176688508] was not delivered. [3] dead letters encountered. This logging can be turned off or adjusted with configuration settings 'akka.log-dead-letters' and 'akka.log-dead-letters-during-shutdown'.
10:43:09.645 [worker-akka.actor.default-dispatcher-2] INFO  a.a.LocalActorRef akka://worker/user/watcher/graph0000000000/graph/local-acker - Message [com.spbsu.flamestream.runtime.acker.LocalAcker$Flush] from Actor[akka://worker/user/watcher/graph0000000000/graph/local-acker#1176688508] to Actor[akka://worker/user/watcher/graph0000000000/graph/local-acker#1176688508] was not delivered. [4] dead letters encountered. This logging can be turned off or adjusted with configuration settings 'akka.log-dead-letters' and 'akka.log-dead-letters-during-shutdown'.
10:43:09.646 [worker-akka.actor.default-dispatcher-2] INFO  a.a.LocalActorRef akka://worker/user/watcher/graph0000000000/graph/local-acker - Message [com.spbsu.flamestream.runtime.acker.LocalAcker$Flush] from Actor[akka://worker/user/watcher/graph0000000000/graph/local-acker#1176688508] to Actor[akka://worker/user/watcher/graph0000000000/graph/local-acker#1176688508] was not delivered. [5] dead letters encountered. This logging can be turned off or adjusted with configuration settings 'akka.log-dead-letters' and 'akka.log-dead-letters-during-shutdown'.
10:43:09.647 [worker-akka.actor.default-dispatcher-2] INFO  a.a.LocalActorRef akka://worker/user/watcher/graph0000000000/graph/local-acker - Message [com.spbsu.flamestream.runtime.acker.LocalAcker$Flush] from Actor[akka://worker/user/watcher/graph0000000000/graph/local-acker#1176688508] to Actor[akka://worker/user/watcher/graph0000000000/graph/local-acker#1176688508] was not delivered. [6] dead letters encountered. This logging can be turned off or adjusted with configuration settings 'akka.log-dead-letters' and 'akka.log-dead-letters-during-shutdown'.
10:43:09.648 [worker-akka.actor.default-dispatcher-2] INFO  a.a.LocalActorRef akka://worker/user/watcher/graph0000000000/graph/local-acker - Message [com.spbsu.flamestream.runtime.acker.LocalAcker$Flush] from Actor[akka://worker/user/watcher/graph0000000000/graph/local-acker#1176688508] to Actor[akka://worker/user/watcher/graph0000000000/graph/local-acker#1176688508] was not delivered. [7] dead letters encountered. This logging can be turned off or adjusted with configuration settings 'akka.log-dead-letters' and 'akka.log-dead-letters-during-shutdown'.
10:43:09.648 [worker-akka.actor.default-dispatcher-2] INFO  a.a.LocalActorRef akka://worker/user/watcher/graph0000000000/graph/local-acker - Message [com.spbsu.flamestream.runtime.acker.LocalAcker$Flush] from Actor[akka://worker/user/watcher/graph0000000000/graph/local-acker#1176688508] to Actor[akka://worker/user/watcher/graph0000000000/graph/local-acker#1176688508] was not delivered. [8] dead letters encountered. This logging can be turned off or adjusted with configuration settings 'akka.log-dead-letters' and 'akka.log-dead-letters-during-shutdown'.
10:43:09.648 [worker-akka.actor.default-dispatcher-2] INFO  a.a.LocalActorRef akka://worker/user/watcher/graph0000000000/graph/local-acker - Message [com.spbsu.flamestream.runtime.acker.LocalAcker$Flush] from Actor[akka://worker/user/watcher/graph0000000000/graph/local-acker#1176688508] to Actor[akka://worker/user/watcher/graph0000000000/graph/local-acker#1176688508] was not delivered. [9] dead letters encountered. This logging can be turned off or adjusted with configuration settings 'akka.log-dead-letters' and 'akka.log-dead-letters-during-shutdown'.
10:43:09.648 [worker-akka.actor.default-dispatcher-2] INFO  a.a.LocalActorRef akka://worker/user/watcher/graph0000000000/graph/local-acker - Message [com.spbsu.flamestream.runtime.acker.LocalAcker$Flush] from Actor[akka://worker/user/watcher/graph0000000000/graph/local-acker#1176688508] to Actor[akka://worker/user/watcher/graph0000000000/graph/local-acker#1176688508] was not delivered. [10] dead letters encountered. This logging can be turned off or adjusted with configuration settings 'akka.log-dead-letters' and 'akka.log-dead-letters-during-shutdown'.
10:43:09.650 [worker-akka.actor.default-dispatcher-2] INFO  a.a.LocalActorRef akka://worker/user/watcher/graph0000000000/graph/local-acker - Message [com.spbsu.flamestream.runtime.acker.LocalAcker$Flush] from Actor[akka://worker/user/watcher/graph0000000000/graph/local-acker#1176688508] to Actor[akka://worker/user/watcher/graph0000000000/graph/local-acker#1176688508] was not delivered. [11] dead letters encountered. This logging can be turned off or adjusted with configuration settings 'akka.log-dead-letters' and 'akka.log-dead-letters-during-shutdown'.
10:43:09.656 [worker-akka.actor.default-dispatcher-2] INFO  o.a.z.ZooKeeper  - Session: 0x161c23e272f0009 closed
10:43:09.657 [worker-akka.actor.default-dispatcher-2] INFO  a.a.LocalActorRef akka://worker/user/watcher/graph0000000000/graph - Stopped
10:43:09.657 [worker-akka.actor.default-dispatcher-2] INFO  a.a.LocalActorRef akka://worker/user/watcher/graph0000000000 - Stopped
10:43:09.657 [worker-akka.actor.default-dispatcher-2] INFO  a.a.LocalActorRef akka://worker/user/watcher/graph0000000000/graph/local-acker - Message [com.spbsu.flamestream.runtime.acker.LocalAcker$Flush] from Actor[akka://worker/user/watcher/graph0000000000/graph/local-acker#1176688508] to Actor[akka://worker/user/watcher/graph0000000000/graph/local-acker#1176688508] was not delivered. [12] dead letters encountered. This logging can be turned off or adjusted with configuration settings 'akka.log-dead-letters' and 'akka.log-dead-letters-during-shutdown'.
10:43:09.657 [worker-akka.actor.default-dispatcher-2-EventThread] INFO  o.a.z.ClientCnxn  - EventThread shut down for session: 0x161c23e272f0009
10:43:09.658 [worker-akka.actor.default-dispatcher-2] INFO  a.a.LocalActorRef akka://worker/user/watcher/graph0000000000/graph/local-acker - Message [com.spbsu.flamestream.runtime.acker.LocalAcker$Flush] from Actor[akka://worker/user/watcher/graph0000000000/graph/local-acker#1176688508] to Actor[akka://worker/user/watcher/graph0000000000/graph/local-acker#1176688508] was not delivered. [13] dead letters encountered. This logging can be turned off or adjusted with configuration settings 'akka.log-dead-letters' and 'akka.log-dead-letters-during-shutdown'.
10:43:09.659 [worker-akka.actor.default-dispatcher-2] INFO  a.a.RepointableActorRef akka://worker/user/watcher - Stopped
10:43:09.675 [worker-akka.actor.default-dispatcher-2] INFO  a.r.RemoteActorRefProvider$RemotingTerminator akka://worker@172.31.34.169:5412/system/remoting-terminator - Shutting down remote daemon.
10:43:09.677 [worker-akka.actor.default-dispatcher-2] INFO  a.r.RemoteActorRefProvider$RemotingTerminator akka://worker@172.31.34.169:5412/system/remoting-terminator - Remote daemon shut down; proceeding with flushing remote transports.
10:43:10.820 [worker-akka.actor.default-dispatcher-2] INFO  a.r.RemoteActorRefProvider$RemotingTerminator akka://worker@172.31.34.169:5412/system/remoting-terminator - Remoting shut down.
Heap
 def new generation   total 153600K, used 92188K [0x00000000e0c00000, 0x00000000eb2a0000, 0x00000000eb2a0000)
  eden space 136576K,  58% used [0x00000000e0c00000, 0x00000000e5aad908, 0x00000000e9160000)
  from space 17024K,  68% used [0x00000000e9160000, 0x00000000e9cb9890, 0x00000000ea200000)
  to   space 17024K,   0% used [0x00000000ea200000, 0x00000000ea200000, 0x00000000eb2a0000)
 tenured generation   total 341376K, used 100871K [0x00000000eb2a0000, 0x0000000100000000, 0x0000000100000000)
   the space 341376K,  29% used [0x00000000eb2a0000, 0x00000000f1521d28, 0x00000000f1521e00, 0x0000000100000000)
 Metaspace       used 33373K, capacity 34162K, committed 34432K, reserved 1079296K
  class space    used 4455K, capacity 4624K, committed 4736K, reserved 1048576K
