13:29:21.506 [worker-akka.actor.default-dispatcher-2] INFO  a.e.s.Slf4jLogger  - Slf4jLogger started
2018-02-19T13:29:21.685+0000: 2.697: [Full GC (Metadata GC Threshold) 2018-02-19T13:29:21.685+0000: 2.697: [Tenured: 0K->15491K(341376K), 0.0396267 secs] 117538K->15491K(494976K), [Metaspace: 20934K->20934K(1067008K)], 0.0396915 secs] [Times: user=0.03 sys=0.00, real=0.04 secs] 
Ama winner
Ama winner
13:29:22.167 [worker-akka.actor.default-dispatcher-2] INFO  a.r.a.ArteryTransport(akka://worker) akka.remote.artery.ArteryTransport(akka://worker) - Started embedded media driver in directory [/dev/shm/aeron-root-worker-48db4c66-67a5-4e61-a3e3-3f9cfd97a356]
13:29:22.382 [worker-akka.actor.default-dispatcher-2] INFO  a.r.a.ArteryTransport(akka://worker) akka.remote.artery.ArteryTransport(akka://worker) - Remoting started; listening on address: [akka://worker@172.31.47.100:5412] with UID [-6981302547819977001]
13:29:22.492 [worker-akka.actor.default-dispatcher-2] INFO  o.a.z.ZooKeeper  - Client environment:zookeeper.version=3.4.9-1757313, built on 08/23/2016 06:50 GMT
13:29:22.492 [worker-akka.actor.default-dispatcher-2] INFO  o.a.z.ZooKeeper  - Client environment:host.name=ip-172-31-47-100.us-east-2.compute.internal
13:29:22.492 [worker-akka.actor.default-dispatcher-2] INFO  o.a.z.ZooKeeper  - Client environment:java.version=1.8.0_151
13:29:22.492 [worker-akka.actor.default-dispatcher-2] INFO  o.a.z.ZooKeeper  - Client environment:java.vendor=Oracle Corporation
13:29:22.492 [worker-akka.actor.default-dispatcher-2] INFO  o.a.z.ZooKeeper  - Client environment:java.home=/usr/lib/jvm/java-8-openjdk-amd64/jre
13:29:22.492 [worker-akka.actor.default-dispatcher-2] INFO  o.a.z.ZooKeeper  - Client environment:java.class.path=lib/commons-cli-1.4.jar:lib/minlog-1.3.0.jar:lib/asm-5.0.4.jar:lib/hadoop-annotations-2.7.3.jar:lib/hadoop-auth-2.7.3.jar:lib/akka-slf4j_2.11-2.5.6.jar:lib/jersey-core-1.9.jar:lib/lz4-1.3.0.jar:lib/jackson-core-asl-1.9.13.jar:lib/aeron-client-1.3.0.jar:lib/htrace-core-3.1.0-incubating.jar:lib/xz-1.0.jar:lib/commons-httpclient-3.1.jar:lib/asm-3.1.jar:lib/commons-lang3-3.4.jar:lib/scala-library-2.11.11.jar:lib/scala-java8-compat_2.11-0.7.0.jar:lib/commons-configuration-1.6.jar:lib/objenesis-2.1.jar:lib/jackson-annotations-2.8.0.jar:lib/jsr305-3.0.0.jar:lib/curator-framework-2.7.1.jar:lib/jersey-server-1.9.jar:lib/jets3t-0.9.0.jar:lib/leveldb-0.7.jar:lib/jetty-6.1.26.jar:lib/stax-api-1.0-2.jar:lib/flamestream-core-1.0-SNAPSHOT.jar:lib/reflectasm-1.07-shaded.jar:lib/apacheds-kerberos-codec-2.0.0-M15.jar:lib/api-asn1-api-1.0.0-M20.jar:lib/commons-lang-2.6.jar:lib/commons-beanutils-1.7.0.jar:lib/jackson-xc-1.8.3.jar:lib/jetty-util-6.1.26.jar:lib/logback-classic-1.2.3.jar:lib/jool-0.9.12.jar:lib/flamestream-runtime-1.0-SNAPSHOT-tests.jar:lib/httpcore-4.1.2.jar:lib/kryo-4.0.0.jar:lib/ant-1.8.1.jar:lib/jaxb-impl-2.2.3-1.jar:lib/jersey-json-1.9.jar:lib/commons-compress-1.4.1.jar:lib/leveldbjni-all-1.8.jar:lib/paranamer-2.3.jar:lib/jackson-core-2.8.4.jar:lib/commons-math3-3.6.1.jar:lib/scala-parser-combinators_2.11-1.0.4.jar:lib/netty-3.10.6.Final.jar:lib/trove4j-3.0.3.jar:lib/jaxb-api-2.2.2.jar:lib/logback-core-1.2.3.jar:lib/snappy-java-1.0.4.1.jar:lib/protobuf-java-2.5.0.jar:lib/reactive-streams-1.0.1.jar:lib/flamestream-examples-1.0-SNAPSHOT.jar:lib/commons-codec-1.4.jar:lib/activation-1.1.jar:lib/commons-net-3.1.jar:lib/curator-recipes-2.7.1.jar:lib/jackson-mapper-asl-1.9.13.jar:lib/jackson-databind-2.8.4.jar:lib/flamestream-runtime-1.0-SNAPSHOT.jar:lib/jackson-jaxrs-1.8.3.jar:lib/slf4j-api-1.7.24.jar:lib/akka-remote_2.11-2.5.6.jar:lib/akka-testkit_2.11-2.5.6.jar:lib/jline-0.9.94.jar:lib/akka-stream_2.11-2.5.6.jar:lib/jsp-api-2.1.jar:lib/kryonet-2.21.jar:lib/akka-kryo-serialization_2.11-0.5.0.jar:lib/config-1.3.1.jar:lib/ant-launcher-1.8.1.jar:lib/commons-logging-1.2.jar:lib/ssl-config-core_2.11-0.2.2.jar:lib/testng-6.10.jar:lib/leveldb-api-0.7.jar:lib/reflectasm-1.11.3.jar:lib/jcommander-1.48.jar:lib/commons-1.1.jar:lib/commons-digester-1.8.jar:lib/minlog-1.2.jar:lib/java-xmlbuilder-0.4.jar:lib/jettison-1.1.jar:lib/gson-2.2.4.jar:lib/jdk.tools-1.8.jar:lib/aeron-driver-1.3.0.jar:lib/zookeeper-3.4.9.jar:lib/commons-beanutils-core-1.8.0.jar:lib/commons-math3-3.1.1.jar:lib/akka-actor_2.11-2.5.6.jar:lib/curator-client-2.7.1.jar:lib/servlet-api-2.5.jar:lib/apacheds-i18n-2.0.0-M15.jar:lib/commons-io-2.4.jar:lib/commons-codec-1.6.jar:lib/akka-protobuf_2.11-2.5.6.jar:lib/protobuf-java-3.5.1.jar:lib/jdom-2.0.2.jar:lib/api-util-1.0.0-M20.jar:lib/hadoop-common-2.7.3.jar:lib/agrona-0.9.6.jar:lib/xmlenc-0.52.jar:lib/guava-21.0.jar:lib/commons-collections-3.2.2.jar:lib/avro-1.7.4.jar:lib/httpclient-4.1.2.jar:lib/flamestream-core-1.0-SNAPSHOT-tests.jar:lib/annotations-12.0.jar:lib/jsch-0.1.42.jar:flamestream-runtime-1.0-SNAPSHOT.jar
13:29:22.492 [worker-akka.actor.default-dispatcher-2] INFO  o.a.z.ZooKeeper  - Client environment:java.library.path=/usr/java/packages/lib/amd64:/usr/lib/x86_64-linux-gnu/jni:/lib/x86_64-linux-gnu:/usr/lib/x86_64-linux-gnu:/usr/lib/jni:/lib:/usr/lib
13:29:22.493 [worker-akka.actor.default-dispatcher-2] INFO  o.a.z.ZooKeeper  - Client environment:java.io.tmpdir=/tmp
13:29:22.493 [worker-akka.actor.default-dispatcher-2] INFO  o.a.z.ZooKeeper  - Client environment:java.compiler=<NA>
13:29:22.493 [worker-akka.actor.default-dispatcher-2] INFO  o.a.z.ZooKeeper  - Client environment:os.name=Linux
13:29:22.493 [worker-akka.actor.default-dispatcher-2] INFO  o.a.z.ZooKeeper  - Client environment:os.arch=amd64
13:29:22.493 [worker-akka.actor.default-dispatcher-2] INFO  o.a.z.ZooKeeper  - Client environment:os.version=4.4.0-1049-aws
13:29:22.493 [worker-akka.actor.default-dispatcher-2] INFO  o.a.z.ZooKeeper  - Client environment:user.name=root
13:29:22.493 [worker-akka.actor.default-dispatcher-2] INFO  o.a.z.ZooKeeper  - Client environment:user.home=/root
13:29:22.493 [worker-akka.actor.default-dispatcher-2] INFO  o.a.z.ZooKeeper  - Client environment:user.dir=/opt/flamestream
13:29:22.495 [worker-akka.actor.default-dispatcher-2] INFO  o.a.z.ZooKeeper  - Initiating client connection, connectString=172.31.34.147:2181 sessionTimeout=5000 watcher=com.spbsu.flamestream.runtime.application.LifecycleWatcher$$Lambda$29/2091173542@1b48f905
13:29:22.529 [worker-akka.actor.default-dispatcher-2] INFO  a.a.RepointableActorRef akka://worker/user/watcher - Starting...
13:29:22.533 [worker-akka.actor.default-dispatcher-2-SendThread(172.31.34.147:2181)] INFO  o.a.z.ClientCnxn  - Opening socket connection to server 172.31.34.147/172.31.34.147:2181. Will not attempt to authenticate using SASL (unknown error)
13:29:22.537 [worker-akka.actor.default-dispatcher-2-SendThread(172.31.34.147:2181)] INFO  o.a.z.ClientCnxn  - Socket connection established to 172.31.34.147/172.31.34.147:2181, initiating session
13:29:22.545 [worker-akka.actor.default-dispatcher-2-SendThread(172.31.34.147:2181)] INFO  o.a.z.ClientCnxn  - Session establishment complete on server 172.31.34.147/172.31.34.147:2181, sessionid = 0x161ae4056810007, negotiated timeout = 6000
13:29:22.644 [worker-akka.actor.default-dispatcher-2] INFO  a.a.RepointableActorRef akka://worker/user/watcher - Connected to ZK
13:29:32.741 [worker-akka.actor.default-dispatcher-2] INFO  a.a.RepointableActorRef akka://worker/user/watcher - Creating node with watchGraphs: 'com.spbsu.flamestream.core.Graph$Builder$MyGraph@22aae96d', config: 'ClusterConfig{paths={172.31.33.155=akka://worker@172.31.33.155:5412/user/watcher/graph0000000000, 172.31.47.83=akka://worker@172.31.47.83:5412/user/watcher/graph0000000000, 172.31.45.197=akka://worker@172.31.45.197:5412/user/watcher/graph0000000000, 172.31.42.36=akka://worker@172.31.42.36:5412/user/watcher/graph0000000000, 172.31.44.83=akka://worker@172.31.44.83:5412/user/watcher/graph0000000000, 172.31.39.64=akka://worker@172.31.39.64:5412/user/watcher/graph0000000000, 172.31.35.79=akka://worker@172.31.35.79:5412/user/watcher/graph0000000000, 172.31.34.169=akka://worker@172.31.34.169:5412/user/watcher/graph0000000000, 172.31.47.100=akka://worker@172.31.47.100:5412/user/watcher/graph0000000000, 172.31.37.101=akka://worker@172.31.37.101:5412/user/watcher/graph0000000000}, ackerLocation='172.31.35.79', props=ComputationLayout{ranges={172.31.33.155=HashRange{from=-1670265060, to=-1193046472}, 172.31.47.83=HashRange{from=1670265056, to=2147483644}, 172.31.45.197=HashRange{from=-715827884, to=-238609296}, 172.31.42.36=HashRange{from=1193046468, to=1670265056}, 172.31.44.83=HashRange{from=-238609296, to=238609292}, 172.31.39.64=HashRange{from=715827880, to=1193046468}, 172.31.35.79=HashRange{from=0, to=0}, 172.31.34.169=HashRange{from=-2147483648, to=-1670265060}, 172.31.47.100=HashRange{from=238609292, to=715827880}, 172.31.37.101=HashRange{from=-1193046472, to=-715827884}}}}'
13:29:33.523 [worker-akka.actor.default-dispatcher-2] INFO  a.a.LocalActorRef akka://worker/user/watcher/graph0000000000/graph - Starting...
13:29:33.523 [worker-akka.actor.default-dispatcher-2] INFO  a.a.LocalActorRef akka://worker/user/watcher/graph0000000000/graph/local-acker - Starting...
13:29:33.525 [worker-akka.actor.default-dispatcher-2] INFO  a.a.LocalActorRef akka://worker/user/watcher/graph0000000000/graph/local-acker/$a - Starting...
Warning: space is running low in /dev/shm (tmpfs) threshold=167,772,160 usable=158,621,696
Warning: space is running low in /dev/shm (tmpfs) threshold=167,772,160 usable=146,034,688
Warning: space is running low in /dev/shm (tmpfs) threshold=167,772,160 usable=133,447,680
Warning: space is running low in /dev/shm (tmpfs) threshold=167,772,160 usable=120,860,672
Warning: space is running low in /dev/shm (tmpfs) threshold=167,772,160 usable=108,273,664
Warning: space is running low in /dev/shm (tmpfs) threshold=167,772,160 usable=95,686,656
Warning: space is running low in /dev/shm (tmpfs) threshold=167,772,160 usable=83,099,648
Warning: space is running low in /dev/shm (tmpfs) threshold=167,772,160 usable=70,512,640
13:29:35.042 [worker-akka.actor.default-dispatcher-2] INFO  a.a.LocalActorRef akka://worker/user/watcher/graph0000000000 - Starting...
13:29:35.043 [worker-akka.actor.default-dispatcher-2] INFO  a.a.LocalActorRef akka://worker/user/watcher/graph0000000000/graph - Finishing constructor
13:29:35.044 [worker-akka.actor.default-dispatcher-2] INFO  a.a.LocalActorRef akka://worker/user/watcher/graph0000000000/negotiator - Starting...
13:29:35.045 [worker-akka.actor.default-dispatcher-2] INFO  a.a.LocalActorRef akka://worker/user/watcher/graph0000000000/edge - Starting...
13:29:35.126 [worker-akka.actor.default-dispatcher-2] INFO  c.s.f.r.e.s.SocketRear  - FlameSocketGraphDeployerRear@172.31.47.100: connecting to 172.31.34.147:5678
13:29:35.134 [worker-akka.actor.default-dispatcher-2] INFO  c.s.f.r.e.s.SocketRear  - FlameSocketGraphDeployerRear@172.31.47.100: connected to 172.31.34.147:5678
13:29:35.159 [worker-akka.actor.default-dispatcher-2] INFO  a.a.LocalActorRef akka://worker/user/watcher/graph0000000000/graph/$a - Starting...
13:29:35.170 [worker-akka.actor.default-dispatcher-2] INFO  a.a.LocalActorRef akka://worker/user/watcher/graph0000000000/graph/$b - Starting...
13:29:35.171 [worker-akka.actor.default-dispatcher-2] INFO  a.a.LocalActorRef akka://worker/user/watcher/graph0000000000/graph/$c - Starting...
13:29:35.172 [worker-akka.actor.default-dispatcher-2] INFO  a.a.LocalActorRef akka://worker/user/watcher/graph0000000000/edge/FlameSocketGraphDeployerRear - Starting...
13:29:35.172 [worker-akka.actor.default-dispatcher-2] INFO  a.a.LocalActorRef akka://worker/user/watcher/graph0000000000/edge/FlameSocketGraphDeployerFront - Starting...
13:29:35.174 [worker-akka.actor.default-dispatcher-2] INFO  a.a.LocalActorRef akka://worker/user/watcher/graph0000000000/negotiator - Requesting ticket for the frontClass FlameSocketGraphDeployerFront@172.31.47.100
13:29:35.178 [worker-akka.actor.default-dispatcher-2] INFO  a.a.LocalActorRef akka://worker/user/watcher/graph0000000000/negotiator - Ticket for the frontClass received: FrontTicket{allowedTimestamp=(1519046972703, FlameSocketGraphDeployerFront@172.31.47.100)}
13:29:35.179 [worker-akka.actor.default-dispatcher-2] INFO  c.s.f.r.e.s.SocketFront  - FlameSocketGraphDeployerFront@172.31.47.100: connecting to 172.31.34.147:4567
13:29:35.190 [Client] INFO  c.s.f.r.e.s.SocketFront  - FlameSocketGraphDeployerFront@172.31.47.100 has been disconnected from Connection 9
2018-02-19T13:29:38.865+0000: 19.877: [GC (Allocation Failure) 2018-02-19T13:29:38.865+0000: 19.877: [DefNew: 136576K->15316K(153600K), 0.0307363 secs] 152067K->50338K(494976K), 0.0308049 secs] [Times: user=0.01 sys=0.02, real=0.03 secs] 
2018-02-19T13:29:59.208+0000: 40.219: [GC (Allocation Failure) 2018-02-19T13:29:59.208+0000: 40.219: [DefNew: 151892K->3593K(153600K), 0.0173027 secs] 186914K->46131K(494976K), 0.0173679 secs] [Times: user=0.01 sys=0.00, real=0.01 secs] 
2018-02-19T13:30:20.190+0000: 61.202: [GC (Allocation Failure) 2018-02-19T13:30:20.190+0000: 61.202: [DefNew: 140169K->5759K(153600K), 0.0130961 secs] 182707K->48296K(494976K), 0.0131689 secs] [Times: user=0.01 sys=0.00, real=0.01 secs] 
2018-02-19T13:30:40.582+0000: 81.594: [GC (Allocation Failure) 2018-02-19T13:30:40.582+0000: 81.594: [DefNew: 142335K->8442K(153600K), 0.0175397 secs] 184872K->50980K(494976K), 0.0176074 secs] [Times: user=0.01 sys=0.00, real=0.02 secs] 
2018-02-19T13:30:57.136+0000: 98.148: [GC (Allocation Failure) 2018-02-19T13:30:57.136+0000: 98.148: [DefNew: 145018K->8983K(153600K), 0.0147337 secs] 187556K->51520K(494976K), 0.0148051 secs] [Times: user=0.01 sys=0.00, real=0.02 secs] 
2018-02-19T13:31:17.469+0000: 118.481: [GC (Allocation Failure) 2018-02-19T13:31:17.469+0000: 118.481: [DefNew: 145559K->8666K(153600K), 0.0172904 secs] 188096K->52713K(494976K), 0.0173670 secs] [Times: user=0.01 sys=0.00, real=0.02 secs] 
2018-02-19T13:31:39.370+0000: 140.382: [GC (Allocation Failure) 2018-02-19T13:31:39.370+0000: 140.382: [DefNew: 145242K->9506K(153600K), 0.0175407 secs] 189289K->54802K(494976K), 0.0176153 secs] [Times: user=0.02 sys=0.00, real=0.02 secs] 
2018-02-19T13:32:03.858+0000: 164.870: [GC (Allocation Failure) 2018-02-19T13:32:03.858+0000: 164.870: [DefNew: 146082K->8960K(153600K), 0.0194323 secs] 191378K->55554K(494976K), 0.0195055 secs] [Times: user=0.02 sys=0.00, real=0.01 secs] 
2018-02-19T13:32:25.797+0000: 186.809: [GC (Allocation Failure) 2018-02-19T13:32:25.797+0000: 186.809: [DefNew: 145536K->9388K(153600K), 0.0228823 secs] 192130K->57293K(494976K), 0.0229561 secs] [Times: user=0.03 sys=0.00, real=0.03 secs] 
2018-02-19T13:32:48.461+0000: 209.473: [GC (Allocation Failure) 2018-02-19T13:32:48.461+0000: 209.473: [DefNew: 145964K->9121K(153600K), 0.0169842 secs] 193869K->58209K(494976K), 0.0170518 secs] [Times: user=0.02 sys=0.00, real=0.02 secs] 
2018-02-19T13:33:12.997+0000: 234.009: [GC (Allocation Failure) 2018-02-19T13:33:12.997+0000: 234.009: [DefNew: 145697K->8857K(153600K), 0.0163018 secs] 194785K->59234K(494976K), 0.0163653 secs] [Times: user=0.02 sys=0.00, real=0.02 secs] 
2018-02-19T13:33:36.929+0000: 257.940: [GC (Allocation Failure) 2018-02-19T13:33:36.929+0000: 257.940: [DefNew: 145433K->8859K(153600K), 0.0164599 secs] 195810K->60711K(494976K), 0.0165259 secs] [Times: user=0.02 sys=0.00, real=0.01 secs] 
2018-02-19T13:33:57.005+0000: 278.016: [GC (Allocation Failure) 2018-02-19T13:33:57.005+0000: 278.016: [DefNew: 145435K->9103K(153600K), 0.0189340 secs] 197287K->62154K(494976K), 0.0190030 secs] [Times: user=0.01 sys=0.01, real=0.02 secs] 
2018-02-19T13:34:22.323+0000: 303.335: [GC (Allocation Failure) 2018-02-19T13:34:22.323+0000: 303.335: [DefNew: 145679K->9177K(153600K), 0.0169463 secs] 198730K->63416K(494976K), 0.0170250 secs] [Times: user=0.01 sys=0.00, real=0.02 secs] 
2018-02-19T13:34:43.933+0000: 324.945: [GC (Allocation Failure) 2018-02-19T13:34:43.933+0000: 324.945: [DefNew: 145753K->9546K(153600K), 0.0179585 secs] 199992K->64875K(494976K), 0.0180239 secs] [Times: user=0.02 sys=0.00, real=0.02 secs] 
2018-02-19T13:35:01.146+0000: 342.158: [GC (Allocation Failure) 2018-02-19T13:35:01.146+0000: 342.158: [DefNew: 146122K->9126K(153600K), 0.0165023 secs] 201451K->65557K(494976K), 0.0165684 secs] [Times: user=0.01 sys=0.00, real=0.01 secs] 
2018-02-19T13:35:23.253+0000: 364.265: [GC (Allocation Failure) 2018-02-19T13:35:23.253+0000: 364.265: [DefNew: 145702K->9769K(153600K), 0.0187000 secs] 202133K->67305K(494976K), 0.0187662 secs] [Times: user=0.02 sys=0.00, real=0.02 secs] 
2018-02-19T13:35:49.360+0000: 390.371: [GC (Allocation Failure) 2018-02-19T13:35:49.360+0000: 390.371: [DefNew: 146345K->9592K(153600K), 0.0168310 secs] 203881K->68360K(494976K), 0.0169104 secs] [Times: user=0.02 sys=0.00, real=0.01 secs] 
2018-02-19T13:36:11.406+0000: 412.418: [GC (Allocation Failure) 2018-02-19T13:36:11.406+0000: 412.418: [DefNew: 146168K->9647K(153600K), 0.0173311 secs] 204936K->69498K(494976K), 0.0174150 secs] [Times: user=0.02 sys=0.00, real=0.01 secs] 
2018-02-19T13:36:29.649+0000: 430.661: [GC (Allocation Failure) 2018-02-19T13:36:29.649+0000: 430.661: [DefNew: 146223K->8342K(153600K), 0.0179477 secs] 206074K->70570K(494976K), 0.0180264 secs] [Times: user=0.01 sys=0.00, real=0.02 secs] 
2018-02-19T13:36:46.019+0000: 447.031: [GC (Allocation Failure) 2018-02-19T13:36:46.019+0000: 447.031: [DefNew: 144918K->10006K(153600K), 0.0163223 secs] 207146K->72234K(494976K), 0.0163877 secs] [Times: user=0.01 sys=0.00, real=0.01 secs] 
2018-02-19T13:37:04.680+0000: 465.692: [GC (Allocation Failure) 2018-02-19T13:37:04.680+0000: 465.692: [DefNew: 146582K->8532K(153600K), 0.0180813 secs] 208810K->73085K(494976K), 0.0181596 secs] [Times: user=0.02 sys=0.00, real=0.02 secs] 
2018-02-19T13:37:23.651+0000: 484.663: [GC (Allocation Failure) 2018-02-19T13:37:23.651+0000: 484.663: [DefNew: 145108K->9522K(153600K), 0.0163710 secs] 209661K->75175K(494976K), 0.0164413 secs] [Times: user=0.02 sys=0.00, real=0.02 secs] 
2018-02-19T13:37:43.115+0000: 504.126: [GC (Allocation Failure) 2018-02-19T13:37:43.115+0000: 504.126: [DefNew: 146098K->9713K(153600K), 0.0171698 secs] 211751K->76642K(494976K), 0.0172344 secs] [Times: user=0.01 sys=0.00, real=0.02 secs] 
2018-02-19T13:38:03.515+0000: 524.527: [GC (Allocation Failure) 2018-02-19T13:38:03.515+0000: 524.527: [DefNew: 146289K->10555K(153600K), 0.0184677 secs] 213218K->78593K(494976K), 0.0185471 secs] [Times: user=0.02 sys=0.00, real=0.02 secs] 
2018-02-19T13:38:24.537+0000: 545.548: [GC (Allocation Failure) 2018-02-19T13:38:24.537+0000: 545.549: [DefNew: 147131K->9491K(153600K), 0.0175444 secs] 215169K->79495K(494976K), 0.0176085 secs] [Times: user=0.02 sys=0.00, real=0.02 secs] 
2018-02-19T13:38:45.464+0000: 566.476: [GC (Allocation Failure) 2018-02-19T13:38:45.464+0000: 566.476: [DefNew: 146067K->9735K(153600K), 0.0170346 secs] 216071K->81000K(494976K), 0.0171011 secs] [Times: user=0.02 sys=0.00, real=0.02 secs] 
2018-02-19T13:39:07.035+0000: 588.047: [GC (Allocation Failure) 2018-02-19T13:39:07.035+0000: 588.047: [DefNew: 146311K->9894K(153600K), 0.0179951 secs] 217576K->82417K(494976K), 0.0180618 secs] [Times: user=0.02 sys=0.00, real=0.02 secs] 
2018-02-19T13:39:24.120+0000: 605.132: [GC (Allocation Failure) 2018-02-19T13:39:24.120+0000: 605.132: [DefNew: 146470K->9567K(153600K), 0.0168775 secs] 218993K->83365K(494976K), 0.0169393 secs] [Times: user=0.02 sys=0.00, real=0.01 secs] 
2018-02-19T13:39:44.540+0000: 625.552: [GC (Allocation Failure) 2018-02-19T13:39:44.540+0000: 625.552: [DefNew: 146143K->9873K(153600K), 0.0167839 secs] 219941K->84847K(494976K), 0.0168484 secs] [Times: user=0.02 sys=0.00, real=0.01 secs] 
2018-02-19T13:40:05.155+0000: 646.166: [GC (Allocation Failure) 2018-02-19T13:40:05.155+0000: 646.166: [DefNew: 146449K->9704K(153600K), 0.0211275 secs] 221423K->86064K(494976K), 0.0212051 secs] [Times: user=0.02 sys=0.00, real=0.02 secs] 
2018-02-19T13:40:24.137+0000: 665.149: [GC (Allocation Failure) 2018-02-19T13:40:24.137+0000: 665.149: [DefNew: 146280K->10465K(153600K), 0.0223437 secs] 222640K->87844K(494976K), 0.0224304 secs] [Times: user=0.02 sys=0.01, real=0.03 secs] 
2018-02-19T13:40:43.872+0000: 684.884: [GC (Allocation Failure) 2018-02-19T13:40:43.872+0000: 684.884: [DefNew: 147041K->9277K(153600K), 0.0192291 secs] 224420K->89290K(494976K), 0.0193082 secs] [Times: user=0.02 sys=0.01, real=0.02 secs] 
2018-02-19T13:41:02.812+0000: 703.824: [GC (Allocation Failure) 2018-02-19T13:41:02.812+0000: 703.824: [DefNew: 145853K->9018K(153600K), 0.0174038 secs] 225866K->90452K(494976K), 0.0174824 secs] [Times: user=0.02 sys=0.00, real=0.02 secs] 
2018-02-19T13:41:25.044+0000: 726.056: [GC (Allocation Failure) 2018-02-19T13:41:25.044+0000: 726.056: [DefNew: 145594K->8959K(153600K), 0.0158851 secs] 227028K->92064K(494976K), 0.0159394 secs] [Times: user=0.02 sys=0.00, real=0.02 secs] 
2018-02-19T13:41:44.248+0000: 745.260: [GC (Allocation Failure) 2018-02-19T13:41:44.248+0000: 745.260: [DefNew: 145535K->9827K(153600K), 0.0179617 secs] 228640K->94424K(494976K), 0.0180336 secs] [Times: user=0.02 sys=0.00, real=0.02 secs] 
2018-02-19T13:42:03.674+0000: 764.686: [GC (Allocation Failure) 2018-02-19T13:42:03.674+0000: 764.686: [DefNew: 146403K->9621K(153600K), 0.0173131 secs] 231000K->95728K(494976K), 0.0173814 secs] [Times: user=0.01 sys=0.00, real=0.02 secs] 
2018-02-19T13:42:25.954+0000: 786.965: [GC (Allocation Failure) 2018-02-19T13:42:25.954+0000: 786.965: [DefNew: 146197K->9814K(153600K), 0.0175554 secs] 232304K->97413K(494976K), 0.0176351 secs] [Times: user=0.01 sys=0.00, real=0.02 secs] 
2018-02-19T13:42:40.410+0000: 801.422: [GC (Allocation Failure) 2018-02-19T13:42:40.410+0000: 801.422: [DefNew: 146390K->9324K(153600K), 0.0152829 secs] 233989K->98705K(494976K), 0.0153443 secs] [Times: user=0.02 sys=0.00, real=0.01 secs] 
2018-02-19T13:43:00.257+0000: 821.269: [GC (Allocation Failure) 2018-02-19T13:43:00.257+0000: 821.269: [DefNew: 145900K->9356K(153600K), 0.0171868 secs] 235281K->100348K(494976K), 0.0172610 secs] [Times: user=0.02 sys=0.00, real=0.02 secs] 
13:43:18.373 [Client] INFO  c.s.f.r.e.s.SocketRear  - FlameSocketGraphDeployerRear@172.31.47.100: has been disconnected from Connection 9
13:43:31.551 [worker-akka.actor.default-dispatcher-2] INFO  a.a.CoordinatedShutdown CoordinatedShutdown(akka://worker) - Starting coordinated shutdown from JVM shutdown hook
13:43:31.599 [worker-akka.actor.default-dispatcher-2] INFO  a.a.LocalActorRef akka://worker/user/watcher/graph0000000000/negotiator - Stopped
13:43:31.600 [worker-akka.actor.default-dispatcher-2] INFO  a.a.LocalActorRef akka://worker/user/watcher/graph0000000000/edge/FlameSocketGraphDeployerFront - Stopped
13:43:31.600 [worker-akka.actor.default-dispatcher-2] INFO  a.a.LocalActorRef akka://worker/user/watcher/graph0000000000/edge/FlameSocketGraphDeployerRear - Stopped
13:43:31.600 [worker-akka.actor.default-dispatcher-2] INFO  a.a.LocalActorRef akka://worker/user/watcher/graph0000000000/graph/$a - Stopped
13:43:31.600 [worker-akka.actor.default-dispatcher-2] INFO  a.a.LocalActorRef akka://worker/user/watcher/graph0000000000/graph/$b - Stopped
13:43:31.600 [worker-akka.actor.default-dispatcher-2] INFO  a.a.LocalActorRef akka://worker/user/watcher/graph0000000000/graph/$c - Stopped
13:43:31.609 [worker-akka.actor.default-dispatcher-2] INFO  a.a.LocalActorRef akka://worker/user/watcher/graph0000000000/graph/local-acker/$a - Stopped
13:43:31.610 [worker-akka.actor.default-dispatcher-2] INFO  a.a.LocalActorRef akka://worker/user/watcher/graph0000000000/edge - Stopped
13:43:31.612 [worker-akka.actor.default-dispatcher-2] INFO  a.a.LocalActorRef akka://worker/user/watcher/graph0000000000/graph/local-acker/$a - Message [com.spbsu.flamestream.runtime.utils.akka.PingActor$InnerPing] from Actor[akka://worker/user/watcher/graph0000000000/graph/local-acker/$a#-1508481754] to Actor[akka://worker/user/watcher/graph0000000000/graph/local-acker/$a#-1508481754] was not delivered. [1] dead letters encountered. This logging can be turned off or adjusted with configuration settings 'akka.log-dead-letters' and 'akka.log-dead-letters-during-shutdown'.
13:43:31.612 [worker-akka.actor.default-dispatcher-2] INFO  a.a.LocalActorRef akka://worker/user/watcher/graph0000000000/graph/local-acker - Stopped
13:43:31.615 [worker-akka.actor.default-dispatcher-2] INFO  a.a.LocalActorRef akka://worker/user/watcher/graph0000000000/graph/local-acker/$a - Message [com.spbsu.flamestream.runtime.utils.akka.PingActor$Stop] from Actor[akka://worker/user/watcher/graph0000000000/graph/local-acker#-1673615743] to Actor[akka://worker/user/watcher/graph0000000000/graph/local-acker/$a#-1508481754] was not delivered. [2] dead letters encountered. This logging can be turned off or adjusted with configuration settings 'akka.log-dead-letters' and 'akka.log-dead-letters-during-shutdown'.
13:43:31.617 [worker-akka.actor.default-dispatcher-2] INFO  a.a.LocalActorRef akka://worker/user/watcher/graph0000000000/graph/local-acker - Message [com.spbsu.flamestream.runtime.acker.LocalAcker$Flush] from Actor[akka://worker/user/watcher/graph0000000000/graph/local-acker#-1673615743] to Actor[akka://worker/user/watcher/graph0000000000/graph/local-acker#-1673615743] was not delivered. [3] dead letters encountered. This logging can be turned off or adjusted with configuration settings 'akka.log-dead-letters' and 'akka.log-dead-letters-during-shutdown'.
13:43:31.618 [worker-akka.actor.default-dispatcher-2] INFO  a.a.LocalActorRef akka://worker/user/watcher/graph0000000000/graph/local-acker - Message [com.spbsu.flamestream.runtime.acker.LocalAcker$Flush] from Actor[akka://worker/user/watcher/graph0000000000/graph/local-acker#-1673615743] to Actor[akka://worker/user/watcher/graph0000000000/graph/local-acker#-1673615743] was not delivered. [4] dead letters encountered. This logging can be turned off or adjusted with configuration settings 'akka.log-dead-letters' and 'akka.log-dead-letters-during-shutdown'.
13:43:31.618 [worker-akka.actor.default-dispatcher-2] INFO  a.a.LocalActorRef akka://worker/user/watcher/graph0000000000/graph/local-acker - Message [com.spbsu.flamestream.runtime.acker.LocalAcker$Flush] from Actor[akka://worker/user/watcher/graph0000000000/graph/local-acker#-1673615743] to Actor[akka://worker/user/watcher/graph0000000000/graph/local-acker#-1673615743] was not delivered. [5] dead letters encountered. This logging can be turned off or adjusted with configuration settings 'akka.log-dead-letters' and 'akka.log-dead-letters-during-shutdown'.
13:43:31.619 [worker-akka.actor.default-dispatcher-2] INFO  a.a.LocalActorRef akka://worker/user/watcher/graph0000000000/graph/local-acker - Message [com.spbsu.flamestream.runtime.acker.LocalAcker$Flush] from Actor[akka://worker/user/watcher/graph0000000000/graph/local-acker#-1673615743] to Actor[akka://worker/user/watcher/graph0000000000/graph/local-acker#-1673615743] was not delivered. [6] dead letters encountered. This logging can be turned off or adjusted with configuration settings 'akka.log-dead-letters' and 'akka.log-dead-letters-during-shutdown'.
13:43:31.620 [worker-akka.actor.default-dispatcher-2] INFO  a.a.LocalActorRef akka://worker/user/watcher/graph0000000000/graph/local-acker - Message [com.spbsu.flamestream.runtime.acker.LocalAcker$Flush] from Actor[akka://worker/user/watcher/graph0000000000/graph/local-acker#-1673615743] to Actor[akka://worker/user/watcher/graph0000000000/graph/local-acker#-1673615743] was not delivered. [7] dead letters encountered. This logging can be turned off or adjusted with configuration settings 'akka.log-dead-letters' and 'akka.log-dead-letters-during-shutdown'.
13:43:31.620 [worker-akka.actor.default-dispatcher-2] INFO  a.a.LocalActorRef akka://worker/user/watcher/graph0000000000/graph/local-acker - Message [com.spbsu.flamestream.runtime.acker.LocalAcker$Flush] from Actor[akka://worker/user/watcher/graph0000000000/graph/local-acker#-1673615743] to Actor[akka://worker/user/watcher/graph0000000000/graph/local-acker#-1673615743] was not delivered. [8] dead letters encountered. This logging can be turned off or adjusted with configuration settings 'akka.log-dead-letters' and 'akka.log-dead-letters-during-shutdown'.
13:43:31.620 [worker-akka.actor.default-dispatcher-2] INFO  a.a.LocalActorRef akka://worker/user/watcher/graph0000000000/graph/local-acker - Message [com.spbsu.flamestream.runtime.acker.LocalAcker$Flush] from Actor[akka://worker/user/watcher/graph0000000000/graph/local-acker#-1673615743] to Actor[akka://worker/user/watcher/graph0000000000/graph/local-acker#-1673615743] was not delivered. [9] dead letters encountered. This logging can be turned off or adjusted with configuration settings 'akka.log-dead-letters' and 'akka.log-dead-letters-during-shutdown'.
13:43:31.622 [worker-akka.actor.default-dispatcher-2] INFO  a.a.LocalActorRef akka://worker/user/watcher/graph0000000000/graph - Stopped
13:43:31.623 [worker-akka.actor.default-dispatcher-2] INFO  a.a.LocalActorRef akka://worker/user/watcher/graph0000000000 - Stopped
13:43:31.625 [worker-akka.actor.default-dispatcher-2-EventThread] INFO  o.a.z.ClientCnxn  - EventThread shut down for session: 0x161ae4056810007
13:43:31.626 [worker-akka.actor.default-dispatcher-2] INFO  o.a.z.ZooKeeper  - Session: 0x161ae4056810007 closed
13:43:31.626 [worker-akka.actor.default-dispatcher-2] INFO  a.a.RepointableActorRef akka://worker/user/watcher - Stopped
13:43:31.641 [worker-akka.actor.default-dispatcher-2] INFO  a.r.RemoteActorRefProvider$RemotingTerminator akka://worker@172.31.47.100:5412/system/remoting-terminator - Shutting down remote daemon.
13:43:31.644 [worker-akka.actor.default-dispatcher-2] INFO  a.r.RemoteActorRefProvider$RemotingTerminator akka://worker@172.31.47.100:5412/system/remoting-terminator - Remote daemon shut down; proceeding with flushing remote transports.
13:43:31.835 [worker-akka.actor.default-dispatcher-2] INFO  a.r.RemoteActorRefProvider$RemotingTerminator akka://worker@172.31.47.100:5412/system/remoting-terminator - Remoting shut down.
2018-02-19T13:43:31.854+0000: 852.866: [GC (Allocation Failure) 2018-02-19T13:43:31.854+0000: 852.866: [DefNew: 145932K->10291K(153600K), 0.0175697 secs] 236924K->102693K(494976K), 0.0176296 secs] [Times: user=0.02 sys=0.00, real=0.02 secs] 
Heap
 def new generation   total 153600K, used 12618K [0x00000000e0c00000, 0x00000000eb2a0000, 0x00000000eb2a0000)
  eden space 136576K,   1% used [0x00000000e0c00000, 0x00000000e0e45cb0, 0x00000000e9160000)
  from space 17024K,  60% used [0x00000000ea200000, 0x00000000eac0cef0, 0x00000000eb2a0000)
  to   space 17024K,   0% used [0x00000000e9160000, 0x00000000e9160000, 0x00000000ea200000)
 tenured generation   total 341376K, used 92401K [0x00000000eb2a0000, 0x0000000100000000, 0x0000000100000000)
   the space 341376K,  27% used [0x00000000eb2a0000, 0x00000000f0cdc740, 0x00000000f0cdc800, 0x0000000100000000)
 Metaspace       used 33519K, capacity 34298K, committed 34688K, reserved 1079296K
  class space    used 4457K, capacity 4624K, committed 4736K, reserved 1048576K
