11:28:34,174 |-INFO in ch.qos.logback.classic.LoggerContext[default] - Could NOT find resource [logback-test.xml]
11:28:34,174 |-INFO in ch.qos.logback.classic.LoggerContext[default] - Could NOT find resource [logback.groovy]
11:28:34,174 |-INFO in ch.qos.logback.classic.LoggerContext[default] - Found resource [logback.xml] at [jar:file:/opt/flamestream/lib/flamestream-runtime-1.0-SNAPSHOT.jar!/logback.xml]
11:28:34,175 |-WARN in ch.qos.logback.classic.LoggerContext[default] - Resource [logback.xml] occurs multiple times on the classpath.
11:28:34,175 |-WARN in ch.qos.logback.classic.LoggerContext[default] - Resource [logback.xml] occurs at [jar:file:/opt/flamestream/flamestream-runtime-1.0-SNAPSHOT.jar!/logback.xml]
11:28:34,175 |-WARN in ch.qos.logback.classic.LoggerContext[default] - Resource [logback.xml] occurs at [jar:file:/opt/flamestream/lib/flamestream-runtime-1.0-SNAPSHOT.jar!/logback.xml]
11:28:34,191 |-INFO in ch.qos.logback.core.joran.spi.ConfigurationWatchList@69b794e2 - URL [jar:file:/opt/flamestream/lib/flamestream-runtime-1.0-SNAPSHOT.jar!/logback.xml] is not of type file
11:28:34,273 |-INFO in ch.qos.logback.classic.joran.action.ConfigurationAction - debug attribute not set
11:28:34,274 |-INFO in ch.qos.logback.core.joran.action.AppenderAction - About to instantiate appender of type [ch.qos.logback.core.ConsoleAppender]
11:28:34,280 |-INFO in ch.qos.logback.core.joran.action.AppenderAction - Naming appender as [STDOUT]
11:28:34,291 |-INFO in ch.qos.logback.core.joran.action.NestedComplexPropertyIA - Assuming default type [ch.qos.logback.classic.encoder.PatternLayoutEncoder] for [encoder] property
11:28:34,339 |-INFO in ch.qos.logback.core.joran.action.AppenderAction - About to instantiate appender of type [ch.qos.logback.core.rolling.RollingFileAppender]
11:28:34,342 |-INFO in ch.qos.logback.core.joran.action.AppenderAction - Naming appender as [FILE]
11:28:34,368 |-INFO in c.q.l.core.rolling.TimeBasedRollingPolicy@1059063940 - No compression will be used
11:28:34,369 |-INFO in c.q.l.core.rolling.TimeBasedRollingPolicy@1059063940 - Will use the pattern /tmp/application_%d{yyyy-MM-dd}.%i.log for the active file
11:28:34,376 |-INFO in ch.qos.logback.core.rolling.SizeAndTimeBasedFNATP@4d339552 - The date pattern is 'yyyy-MM-dd' from file name pattern '/tmp/application_%d{yyyy-MM-dd}.%i.log'.
11:28:34,376 |-INFO in ch.qos.logback.core.rolling.SizeAndTimeBasedFNATP@4d339552 - Roll-over at midnight.
11:28:34,382 |-INFO in ch.qos.logback.core.rolling.SizeAndTimeBasedFNATP@4d339552 - Setting initial period to Fri Mar 30 10:41:22 UTC 2018
11:28:34,382 |-WARN in ch.qos.logback.core.rolling.SizeAndTimeBasedFNATP@4d339552 - SizeAndTimeBasedFNATP is deprecated. Use SizeAndTimeBasedRollingPolicy instead
11:28:34,382 |-WARN in ch.qos.logback.core.rolling.SizeAndTimeBasedFNATP@4d339552 - For more information see http://logback.qos.ch/manual/appenders.html#SizeAndTimeBasedRollingPolicy
11:28:34,385 |-INFO in ch.qos.logback.core.joran.action.NestedComplexPropertyIA - Assuming default type [ch.qos.logback.classic.encoder.PatternLayoutEncoder] for [encoder] property
11:28:34,390 |-INFO in ch.qos.logback.core.rolling.RollingFileAppender[FILE] - Active log file name: /tmp/application.log
11:28:34,390 |-INFO in ch.qos.logback.core.rolling.RollingFileAppender[FILE] - File property is set to [/tmp/application.log]
11:28:34,391 |-INFO in ch.qos.logback.classic.joran.action.RootLoggerAction - Setting level of ROOT logger to INFO
11:28:34,391 |-INFO in ch.qos.logback.core.joran.action.AppenderRefAction - Attaching appender named [STDOUT] to Logger[ROOT]
11:28:34,391 |-INFO in ch.qos.logback.core.joran.action.AppenderRefAction - Attaching appender named [FILE] to Logger[ROOT]
11:28:34,391 |-INFO in ch.qos.logback.classic.joran.action.ConfigurationAction - End of configuration.
11:28:34,392 |-INFO in ch.qos.logback.classic.joran.JoranConfigurator@f0f2775 - Registering current configuration as safe fallback point

11:28:34.395 [main] INFO  c.s.f.r.a.WorkerApplication  - Starting worker with id: '10.0.0.162', host: '10.0.0.162:5412', zkString: '10.0.0.107:2181'
11:28:35.305 [worker-akka.actor.default-dispatcher-6] INFO  a.e.s.Slf4jLogger  - Slf4jLogger started
2018-03-30T11:28:35.439+0000: 1.837: [Full GC (Metadata GC Threshold) 2018-03-30T11:28:35.439+0000: 1.837: [Tenured: 0K->15874K(341376K), 0.0391847 secs] 131339K->15874K(494976K), [Metaspace: 20935K->20935K(1067008K)], 0.0392475 secs] [Times: user=0.03 sys=0.00, real=0.04 secs] 
Ama winner
Ama winner
11:28:35.837 [worker-akka.actor.default-dispatcher-6] INFO  a.r.a.ArteryTransport(akka://worker) akka.remote.artery.ArteryTransport(akka://worker) - Started embedded media driver in directory [/dev/shm/aeron-10.0.0.162]
11:28:36.014 [worker-akka.actor.default-dispatcher-6] INFO  a.r.a.ArteryTransport(akka://worker) akka.remote.artery.ArteryTransport(akka://worker) - Remoting started; listening on address: [akka://worker@10.0.0.162:5412] with UID [3317867425156960390]
11:28:36.068 [worker-akka.actor.default-dispatcher-4] INFO  a.a.RepointableActorRef akka://worker/user/watcher - Starting...
11:28:36.127 [worker-akka.actor.default-dispatcher-6] INFO  o.a.z.ZooKeeper  - Client environment:zookeeper.version=3.4.9-1757313, built on 08/23/2016 06:50 GMT
11:28:36.128 [worker-akka.actor.default-dispatcher-6] INFO  o.a.z.ZooKeeper  - Client environment:host.name=localhost
11:28:36.128 [worker-akka.actor.default-dispatcher-6] INFO  o.a.z.ZooKeeper  - Client environment:java.version=1.8.0_151
11:28:36.128 [worker-akka.actor.default-dispatcher-6] INFO  o.a.z.ZooKeeper  - Client environment:java.vendor=Oracle Corporation
11:28:36.128 [worker-akka.actor.default-dispatcher-6] INFO  o.a.z.ZooKeeper  - Client environment:java.home=/usr/lib/jvm/java-8-openjdk-amd64/jre
11:28:36.129 [worker-akka.actor.default-dispatcher-6] INFO  o.a.z.ZooKeeper  - Client environment:java.class.path=lib/commons-cli-1.4.jar:lib/minlog-1.3.0.jar:lib/asm-5.0.4.jar:lib/hadoop-annotations-2.7.3.jar:lib/hadoop-auth-2.7.3.jar:lib/akka-slf4j_2.11-2.5.6.jar:lib/jersey-core-1.9.jar:lib/lz4-1.3.0.jar:lib/jackson-core-asl-1.9.13.jar:lib/aeron-client-1.3.0.jar:lib/htrace-core-3.1.0-incubating.jar:lib/xz-1.0.jar:lib/commons-httpclient-3.1.jar:lib/asm-3.1.jar:lib/commons-lang3-3.4.jar:lib/scala-library-2.11.11.jar:lib/scala-java8-compat_2.11-0.7.0.jar:lib/commons-configuration-1.6.jar:lib/objenesis-2.1.jar:lib/jackson-annotations-2.8.0.jar:lib/jsr305-3.0.0.jar:lib/curator-framework-2.7.1.jar:lib/jersey-server-1.9.jar:lib/jets3t-0.9.0.jar:lib/leveldb-0.7.jar:lib/jetty-6.1.26.jar:lib/stax-api-1.0-2.jar:lib/flamestream-core-1.0-SNAPSHOT.jar:lib/reflectasm-1.07-shaded.jar:lib/apacheds-kerberos-codec-2.0.0-M15.jar:lib/api-asn1-api-1.0.0-M20.jar:lib/commons-lang-2.6.jar:lib/commons-beanutils-1.7.0.jar:lib/jackson-xc-1.8.3.jar:lib/jetty-util-6.1.26.jar:lib/logback-classic-1.2.3.jar:lib/jool-0.9.12.jar:lib/httpcore-4.1.2.jar:lib/kryo-4.0.0.jar:lib/ant-1.8.1.jar:lib/jaxb-impl-2.2.3-1.jar:lib/jersey-json-1.9.jar:lib/commons-compress-1.4.1.jar:lib/leveldbjni-all-1.8.jar:lib/paranamer-2.3.jar:lib/jackson-core-2.8.4.jar:lib/commons-math3-3.6.1.jar:lib/scala-parser-combinators_2.11-1.0.4.jar:lib/netty-3.10.6.Final.jar:lib/trove4j-3.0.3.jar:lib/jaxb-api-2.2.2.jar:lib/logback-core-1.2.3.jar:lib/snappy-java-1.0.4.1.jar:lib/protobuf-java-2.5.0.jar:lib/reactive-streams-1.0.1.jar:lib/flamestream-examples-1.0-SNAPSHOT.jar:lib/commons-codec-1.4.jar:lib/activation-1.1.jar:lib/commons-net-3.1.jar:lib/curator-recipes-2.7.1.jar:lib/jackson-mapper-asl-1.9.13.jar:lib/jackson-databind-2.8.4.jar:lib/flamestream-runtime-1.0-SNAPSHOT.jar:lib/jackson-jaxrs-1.8.3.jar:lib/slf4j-api-1.7.24.jar:lib/akka-remote_2.11-2.5.6.jar:lib/akka-testkit_2.11-2.5.6.jar:lib/jline-0.9.94.jar:lib/jedis-2.9.0.jar:lib/akka-stream_2.11-2.5.6.jar:lib/jsp-api-2.1.jar:lib/kryonet-2.21.jar:lib/akka-kryo-serialization_2.11-0.5.0.jar:lib/config-1.3.1.jar:lib/ant-launcher-1.8.1.jar:lib/commons-logging-1.2.jar:lib/ssl-config-core_2.11-0.2.2.jar:lib/testng-6.10.jar:lib/leveldb-api-0.7.jar:lib/reflectasm-1.11.3.jar:lib/jcommander-1.48.jar:lib/commons-1.1.jar:lib/commons-digester-1.8.jar:lib/minlog-1.2.jar:lib/java-xmlbuilder-0.4.jar:lib/jettison-1.1.jar:lib/gson-2.2.4.jar:lib/jdk.tools-1.8.jar:lib/aeron-driver-1.3.0.jar:lib/zookeeper-3.4.9.jar:lib/commons-beanutils-core-1.8.0.jar:lib/commons-math3-3.1.1.jar:lib/akka-actor_2.11-2.5.6.jar:lib/curator-client-2.7.1.jar:lib/servlet-api-2.5.jar:lib/commons-pool2-2.4.2.jar:lib/apacheds-i18n-2.0.0-M15.jar:lib/commons-io-2.4.jar:lib/commons-codec-1.6.jar:lib/akka-protobuf_2.11-2.5.6.jar:lib/jdom-2.0.2.jar:lib/rocksdbjni-5.5.1.jar:lib/api-util-1.0.0-M20.jar:lib/hadoop-common-2.7.3.jar:lib/agrona-0.9.6.jar:lib/xmlenc-0.52.jar:lib/guava-21.0.jar:lib/commons-collections-3.2.2.jar:lib/avro-1.7.4.jar:lib/httpclient-4.1.2.jar:lib/flamestream-core-1.0-SNAPSHOT-tests.jar:lib/annotations-12.0.jar:lib/jsch-0.1.42.jar:flamestream-runtime-1.0-SNAPSHOT.jar
11:28:36.130 [worker-akka.actor.default-dispatcher-6] INFO  o.a.z.ZooKeeper  - Client environment:java.library.path=/usr/java/packages/lib/amd64:/usr/lib/x86_64-linux-gnu/jni:/lib/x86_64-linux-gnu:/usr/lib/x86_64-linux-gnu:/usr/lib/jni:/lib:/usr/lib
11:28:36.131 [worker-akka.actor.default-dispatcher-6] INFO  o.a.z.ZooKeeper  - Client environment:java.io.tmpdir=/tmp
11:28:36.131 [worker-akka.actor.default-dispatcher-6] INFO  o.a.z.ZooKeeper  - Client environment:java.compiler=<NA>
11:28:36.131 [worker-akka.actor.default-dispatcher-6] INFO  o.a.z.ZooKeeper  - Client environment:os.name=Linux
11:28:36.131 [worker-akka.actor.default-dispatcher-6] INFO  o.a.z.ZooKeeper  - Client environment:os.arch=amd64
11:28:36.132 [worker-akka.actor.default-dispatcher-6] INFO  o.a.z.ZooKeeper  - Client environment:os.version=4.4.0-1049-aws
11:28:36.133 [worker-akka.actor.default-dispatcher-6] INFO  o.a.z.ZooKeeper  - Client environment:user.name=root
11:28:36.133 [worker-akka.actor.default-dispatcher-6] INFO  o.a.z.ZooKeeper  - Client environment:user.home=/root
11:28:36.135 [worker-akka.actor.default-dispatcher-6] INFO  o.a.z.ZooKeeper  - Client environment:user.dir=/opt/flamestream
11:28:36.138 [worker-akka.actor.default-dispatcher-6] INFO  o.a.z.ZooKeeper  - Initiating client connection, connectString=10.0.0.107:2181 sessionTimeout=5000 watcher=com.spbsu.flamestream.runtime.application.LifecycleWatcher$$Lambda$30/240269319@fca090e
11:28:36.173 [worker-akka.actor.default-dispatcher-6-SendThread(10.0.0.107:2181)] INFO  o.a.z.ClientCnxn  - Opening socket connection to server 10.0.0.107/10.0.0.107:2181. Will not attempt to authenticate using SASL (unknown error)
11:28:36.183 [worker-akka.actor.default-dispatcher-6-SendThread(10.0.0.107:2181)] INFO  o.a.z.ClientCnxn  - Socket connection established to 10.0.0.107/10.0.0.107:2181, initiating session
11:28:36.192 [worker-akka.actor.default-dispatcher-6-SendThread(10.0.0.107:2181)] INFO  o.a.z.ClientCnxn  - Session establishment complete on server 10.0.0.107/10.0.0.107:2181, sessionid = 0x16276a9cd3d0007, negotiated timeout = 6000
11:28:36.203 [worker-akka.actor.default-dispatcher-4] INFO  a.a.RepointableActorRef akka://worker/user/watcher - Initializing rocksDB backend
11:28:36.379 [worker-akka.actor.default-dispatcher-4] INFO  a.a.RepointableActorRef akka://worker/user/watcher - Connected to ZK
11:28:46.740 [worker-akka.actor.default-dispatcher-4] INFO  a.a.RepointableActorRef akka://worker/user/watcher - Creating node with watchGraphs: 'com.spbsu.flamestream.core.Graph$Builder$MyGraph@151ef9f', config: 'ClusterConfig{paths={10.0.0.205=akka://worker@10.0.0.205:5412/user/watcher, 10.0.0.60=akka://worker@10.0.0.60:5412/user/watcher, 10.0.0.170=akka://worker@10.0.0.170:5412/user/watcher, 10.0.0.124=akka://worker@10.0.0.124:5412/user/watcher, 10.0.0.49=akka://worker@10.0.0.49:5412/user/watcher, 10.0.0.42=akka://worker@10.0.0.42:5412/user/watcher, 10.0.0.97=akka://worker@10.0.0.97:5412/user/watcher, 10.0.0.251=akka://worker@10.0.0.251:5412/user/watcher, 10.0.0.162=akka://worker@10.0.0.162:5412/user/watcher, 10.0.0.173=akka://worker@10.0.0.173:5412/user/watcher}, ackerLocation='10.0.0.60', props=ComputationLayout{hashGroups={10.0.0.205=com.spbsu.flamestream.runtime.config.HashGroup@1ffe1b9d, 10.0.0.60=com.spbsu.flamestream.runtime.config.HashGroup@c01f, 10.0.0.170=com.spbsu.flamestream.runtime.config.HashGroup@5d5c21bc, 10.0.0.124=com.spbsu.flamestream.runtime.config.HashGroup@56dcaf5d, 10.0.0.49=com.spbsu.flamestream.runtime.config.HashGroup@c65a7748, 10.0.0.42=com.spbsu.flamestream.runtime.config.HashGroup@231425fe, 10.0.0.97=com.spbsu.flamestream.runtime.config.HashGroup@fbc82752, 10.0.0.251=com.spbsu.flamestream.runtime.config.HashGroup@ccbcd570, 10.0.0.162=com.spbsu.flamestream.runtime.config.HashGroup@4276a447, 10.0.0.173=com.spbsu.flamestream.runtime.config.HashGroup@3fc198ed}}}'
11:28:47.634 [worker-akka.actor.default-dispatcher-6] INFO  a.a.LocalActorRef akka://worker/user/watcher/graph_at_0/graph - Starting...
11:28:47.641 [worker-akka.actor.default-dispatcher-5] INFO  a.a.LocalActorRef akka://worker/user/watcher/graph_at_0/graph/local-acker/$a - Starting...
11:28:47.649 [worker-akka.actor.default-dispatcher-6] INFO  a.a.LocalActorRef akka://worker/user/watcher/graph_at_0/graph/local-acker - Starting...
11:28:49.053 [worker-akka.actor.default-dispatcher-5] INFO  a.a.LocalActorRef akka://worker/user/watcher/graph_at_0/graph - Finishing constructor
11:28:49.054 [worker-akka.actor.default-dispatcher-2] INFO  a.a.LocalActorRef akka://worker/user/watcher/graph_at_0/negotiator - Starting...
11:28:49.056 [worker-akka.actor.default-dispatcher-3] INFO  a.a.LocalActorRef akka://worker/user/watcher/graph_at_0/edge - Starting...
11:28:49.060 [worker-akka.actor.default-dispatcher-5] INFO  a.a.LocalActorRef akka://worker/user/watcher/graph_at_0 - Starting FlameNode with config 'ClusterConfig{paths={10.0.0.205=akka://worker@10.0.0.205:5412/user/watcher/graph_at_0, 10.0.0.60=akka://worker@10.0.0.60:5412/user/watcher/graph_at_0, 10.0.0.170=akka://worker@10.0.0.170:5412/user/watcher/graph_at_0, 10.0.0.124=akka://worker@10.0.0.124:5412/user/watcher/graph_at_0, 10.0.0.49=akka://worker@10.0.0.49:5412/user/watcher/graph_at_0, 10.0.0.42=akka://worker@10.0.0.42:5412/user/watcher/graph_at_0, 10.0.0.97=akka://worker@10.0.0.97:5412/user/watcher/graph_at_0, 10.0.0.251=akka://worker@10.0.0.251:5412/user/watcher/graph_at_0, 10.0.0.162=akka://worker@10.0.0.162:5412/user/watcher/graph_at_0, 10.0.0.173=akka://worker@10.0.0.173:5412/user/watcher/graph_at_0}, ackerLocation='10.0.0.60', props=ComputationLayout{hashGroups={10.0.0.205=com.spbsu.flamestream.runtime.config.HashGroup@1ffe1b9d, 10.0.0.60=com.spbsu.flamestream.runtime.config.HashGroup@c01f, 10.0.0.170=com.spbsu.flamestream.runtime.config.HashGroup@5d5c21bc, 10.0.0.124=com.spbsu.flamestream.runtime.config.HashGroup@56dcaf5d, 10.0.0.49=com.spbsu.flamestream.runtime.config.HashGroup@c65a7748, 10.0.0.42=com.spbsu.flamestream.runtime.config.HashGroup@231425fe, 10.0.0.97=com.spbsu.flamestream.runtime.config.HashGroup@fbc82752, 10.0.0.251=com.spbsu.flamestream.runtime.config.HashGroup@ccbcd570, 10.0.0.162=com.spbsu.flamestream.runtime.config.HashGroup@4276a447, 10.0.0.173=com.spbsu.flamestream.runtime.config.HashGroup@3fc198ed}}}'
11:28:49.087 [worker-akka.actor.default-dispatcher-5] INFO  a.a.LocalActorRef akka://worker/user/watcher/graph_at_0/negotiator - Requesting ticket for the frontClass FlameSocketGraphDeployerFront@10.0.0.162
11:28:49.113 [worker-akka.actor.default-dispatcher-11] INFO  a.a.LocalActorRef akka://worker/user/watcher/graph_at_0/graph - Received last commit 'LastCommit{globalTime=(0000000, min@min)}'
11:28:49.125 [worker-akka.actor.default-dispatcher-3] INFO  c.s.f.r.e.s.SocketRear  - FlameSocketGraphDeployerRear@10.0.0.162: connecting to 10.0.0.107:5678
11:28:49.132 [worker-akka.actor.default-dispatcher-11] INFO  a.a.LocalActorRef akka://worker/user/watcher/graph_at_0/edge/FlameSocketGraphDeployerFront - Starting...
11:28:49.137 [worker-akka.actor.default-dispatcher-3] INFO  c.s.f.r.e.s.SocketRear  - FlameSocketGraphDeployerRear@10.0.0.162: connected to 10.0.0.107:5678
11:28:49.138 [worker-akka.actor.default-dispatcher-3] INFO  a.a.LocalActorRef akka://worker/user/watcher/graph_at_0/edge/FlameSocketGraphDeployerRear - Starting...
11:28:49.205 [worker-akka.actor.default-dispatcher-3] INFO  a.a.LocalActorRef akka://worker/user/watcher/graph_at_0/graph/$a - Starting...
11:28:49.233 [worker-akka.actor.default-dispatcher-3] INFO  a.a.LocalActorRef akka://worker/user/watcher/graph_at_0/graph/$a - Attached rear to graph (-9223372036854775808, min@min)
11:28:49.235 [worker-akka.actor.default-dispatcher-3] INFO  a.a.LocalActorRef akka://worker/user/watcher/graph_at_0/graph/$b - Starting...
11:28:49.240 [worker-akka.actor.default-dispatcher-3] INFO  a.a.LocalActorRef akka://worker/user/watcher/graph_at_0/graph/$c - Starting...
11:28:49.392 [worker-akka.actor.default-dispatcher-3] INFO  a.a.LocalActorRef akka://worker/user/watcher/graph_at_0/negotiator - Ticket for the frontClass received: FrontTicket{allowedTimestamp=(0000000, FlameSocketGraphDeployerFront@10.0.0.162)}
11:28:49.394 [worker-akka.actor.default-dispatcher-3] INFO  c.s.f.r.e.s.SocketFront  - FlameSocketGraphDeployerFront@10.0.0.162: connecting to 10.0.0.107:4567
11:28:49.423 [Client] INFO  c.s.f.r.e.s.SocketFront  - FlameSocketGraphDeployerFront@10.0.0.162 has been disconnected from Connection 8
2018-03-30T11:28:53.729+0000: 20.127: [GC (Allocation Failure) 2018-03-30T11:28:53.729+0000: 20.127: [DefNew: 136576K->16172K(153600K), 0.0246856 secs] 152450K->51578K(494976K), 0.0247640 secs] [Times: user=0.01 sys=0.01, real=0.03 secs] 
2018-03-30T11:29:02.481+0000: 28.879: [GC (Allocation Failure) 2018-03-30T11:29:02.481+0000: 28.879: [DefNew: 152748K->6036K(153600K), 0.0194816 secs] 188154K->49702K(494976K), 0.0195473 secs] [Times: user=0.02 sys=0.01, real=0.02 secs] 
2018-03-30T11:29:12.792+0000: 39.190: [GC (Allocation Failure) 2018-03-30T11:29:12.792+0000: 39.190: [DefNew: 142612K->9826K(153600K), 0.0123140 secs] 186278K->53492K(494976K), 0.0123785 secs] [Times: user=0.01 sys=0.00, real=0.01 secs] 
2018-03-30T11:29:21.309+0000: 47.707: [GC (Allocation Failure) 2018-03-30T11:29:21.309+0000: 47.707: [DefNew: 146402K->9855K(153600K), 0.0177457 secs] 190068K->55623K(494976K), 0.0178111 secs] [Times: user=0.01 sys=0.00, real=0.01 secs] 
2018-03-30T11:29:28.979+0000: 55.377: [GC (Allocation Failure) 2018-03-30T11:29:28.979+0000: 55.377: [DefNew: 146431K->5381K(153600K), 0.0150309 secs] 192199K->56706K(494976K), 0.0150995 secs] [Times: user=0.01 sys=0.00, real=0.01 secs] 
2018-03-30T11:29:36.349+0000: 62.747: [GC (Allocation Failure) 2018-03-30T11:29:36.349+0000: 62.747: [DefNew: 141530K->11952K(153600K), 0.0316156 secs] 192855K->63277K(494976K), 0.0316829 secs] [Times: user=0.03 sys=0.00, real=0.03 secs] 
2018-03-30T11:29:42.373+0000: 68.771: [GC (Allocation Failure) 2018-03-30T11:29:42.373+0000: 68.771: [DefNew: 148023K->8729K(153600K), 0.0186317 secs] 199348K->68512K(494976K), 0.0186961 secs] [Times: user=0.02 sys=0.00, real=0.02 secs] 
2018-03-30T11:29:49.097+0000: 75.495: [GC (Allocation Failure) 2018-03-30T11:29:49.097+0000: 75.495: [DefNew: 145305K->3766K(153600K), 0.0134366 secs] 205088K->69497K(494976K), 0.0135034 secs] [Times: user=0.01 sys=0.01, real=0.01 secs] 
2018-03-30T11:29:55.830+0000: 82.229: [GC (Allocation Failure) 2018-03-30T11:29:55.830+0000: 82.229: [DefNew: 139570K->6558K(153600K), 0.0133108 secs] 205301K->72289K(494976K), 0.0133781 secs] [Times: user=0.01 sys=0.00, real=0.01 secs] 
2018-03-30T11:30:02.911+0000: 89.309: [GC (Allocation Failure) 2018-03-30T11:30:02.911+0000: 89.309: [DefNew: 143134K->6404K(153600K), 0.0137599 secs] 208865K->72135K(494976K), 0.0138243 secs] [Times: user=0.02 sys=0.00, real=0.01 secs] 
2018-03-30T11:30:09.805+0000: 96.204: [GC (Allocation Failure) 2018-03-30T11:30:09.805+0000: 96.204: [DefNew: 142980K->7627K(153600K), 0.0130387 secs] 208711K->73358K(494976K), 0.0130994 secs] [Times: user=0.01 sys=0.00, real=0.02 secs] 
2018-03-30T11:30:16.837+0000: 103.235: [GC (Allocation Failure) 2018-03-30T11:30:16.837+0000: 103.235: [DefNew: 142335K->9520K(153600K), 0.0151477 secs] 208066K->75251K(494976K), 0.0152138 secs] [Times: user=0.02 sys=0.00, real=0.01 secs] 
2018-03-30T11:30:22.840+0000: 109.239: [GC (Allocation Failure) 2018-03-30T11:30:22.840+0000: 109.239: [DefNew: 142824K->9358K(153600K), 0.0177021 secs] 208555K->76233K(494976K), 0.0177818 secs] [Times: user=0.02 sys=0.00, real=0.02 secs] 
2018-03-30T11:30:29.339+0000: 115.738: [GC (Allocation Failure) 2018-03-30T11:30:29.339+0000: 115.738: [DefNew: 144877K->9198K(153600K), 0.0170845 secs] 211751K->77068K(494976K), 0.0171584 secs] [Times: user=0.02 sys=0.00, real=0.01 secs] 
2018-03-30T11:30:35.176+0000: 121.574: [GC (Allocation Failure) 2018-03-30T11:30:35.176+0000: 121.574: [DefNew: 145774K->7838K(153600K), 0.0149571 secs] 213644K->76617K(494976K), 0.0150177 secs] [Times: user=0.02 sys=0.00, real=0.02 secs] 
2018-03-30T11:30:40.342+0000: 126.740: [GC (Allocation Failure) 2018-03-30T11:30:40.342+0000: 126.740: [DefNew: 136307K->10276K(153600K), 0.0167697 secs] 205086K->79055K(494976K), 0.0168342 secs] [Times: user=0.02 sys=0.00, real=0.02 secs] 
2018-03-30T11:30:45.343+0000: 131.741: [GC (Allocation Failure) 2018-03-30T11:30:45.343+0000: 131.741: [DefNew: 146233K->17024K(153600K), 0.0230667 secs] 215011K->96138K(494976K), 0.0231423 secs] [Times: user=0.03 sys=0.00, real=0.02 secs] 
2018-03-30T11:30:51.204+0000: 137.602: [GC (Allocation Failure) 2018-03-30T11:30:51.204+0000: 137.602: [DefNew: 153600K->3109K(153600K), 0.0144494 secs] 232714K->99115K(494976K), 0.0145402 secs] [Times: user=0.00 sys=0.00, real=0.02 secs] 
2018-03-30T11:30:56.369+0000: 142.767: [GC (Allocation Failure) 2018-03-30T11:30:56.369+0000: 142.767: [DefNew: 135621K->6192K(153600K), 0.0121822 secs] 231627K->102199K(494976K), 0.0122539 secs] [Times: user=0.02 sys=0.00, real=0.02 secs] 
2018-03-30T11:31:02.309+0000: 148.707: [GC (Allocation Failure) 2018-03-30T11:31:02.309+0000: 148.707: [DefNew: 142768K->5555K(153600K), 0.0118866 secs] 238775K->101562K(494976K), 0.0119590 secs] [Times: user=0.01 sys=0.00, real=0.02 secs] 
2018-03-30T11:31:07.812+0000: 154.211: [GC (Allocation Failure) 2018-03-30T11:31:07.813+0000: 154.211: [DefNew: 142131K->7510K(153600K), 0.0124866 secs] 238138K->103517K(494976K), 0.0125509 secs] [Times: user=0.01 sys=0.00, real=0.01 secs] 
2018-03-30T11:31:13.320+0000: 159.718: [GC (Allocation Failure) 2018-03-30T11:31:13.320+0000: 159.718: [DefNew: 144086K->8974K(153600K), 0.0150336 secs] 240093K->104981K(494976K), 0.0150989 secs] [Times: user=0.01 sys=0.00, real=0.01 secs] 
2018-03-30T11:31:18.351+0000: 164.749: [GC (Allocation Failure) 2018-03-30T11:31:18.351+0000: 164.749: [DefNew: 142308K->7244K(153600K), 0.0131848 secs] 238315K->103964K(494976K), 0.0132577 secs] [Times: user=0.02 sys=0.00, real=0.01 secs] 
2018-03-30T11:31:23.783+0000: 170.181: [GC (Allocation Failure) 2018-03-30T11:31:23.783+0000: 170.181: [DefNew: 143820K->8607K(153600K), 0.0127290 secs] 240540K->105326K(494976K), 0.0128029 secs] [Times: user=0.02 sys=0.00, real=0.01 secs] 
2018-03-30T11:31:28.353+0000: 174.751: [GC (Allocation Failure) 2018-03-30T11:31:28.353+0000: 174.751: [DefNew: 143467K->7556K(153600K), 0.0128092 secs] 240186K->104915K(494976K), 0.0128769 secs] [Times: user=0.01 sys=0.00, real=0.01 secs] 
2018-03-30T11:31:33.311+0000: 179.709: [GC (Allocation Failure) 2018-03-30T11:31:33.311+0000: 179.709: [DefNew: 144132K->8636K(153600K), 0.0132772 secs] 241491K->105996K(494976K), 0.0133449 secs] [Times: user=0.01 sys=0.00, real=0.01 secs] 
2018-03-30T11:31:37.855+0000: 184.253: [GC (Allocation Failure) 2018-03-30T11:31:37.855+0000: 184.253: [DefNew: 145212K->8657K(153600K), 0.0143858 secs] 242572K->106525K(494976K), 0.0144533 secs] [Times: user=0.01 sys=0.01, real=0.02 secs] 
2018-03-30T11:31:42.817+0000: 189.215: [GC (Allocation Failure) 2018-03-30T11:31:42.817+0000: 189.215: [DefNew: 145233K->10126K(153600K), 0.0160429 secs] 243101K->108610K(494976K), 0.0161071 secs] [Times: user=0.01 sys=0.00, real=0.01 secs] 
2018-03-30T11:31:47.774+0000: 194.172: [GC (Allocation Failure) 2018-03-30T11:31:47.774+0000: 194.172: [DefNew: 146702K->7506K(153600K), 0.0144731 secs] 245186K->107889K(494976K), 0.0145369 secs] [Times: user=0.02 sys=0.00, real=0.01 secs] 
2018-03-30T11:31:52.406+0000: 198.804: [GC (Allocation Failure) 2018-03-30T11:31:52.406+0000: 198.804: [DefNew: 142809K->8337K(153600K), 0.0245211 secs] 243192K->108721K(494976K), 0.0246053 secs] [Times: user=0.02 sys=0.00, real=0.03 secs] 
2018-03-30T11:31:57.355+0000: 203.753: [GC (Allocation Failure) 2018-03-30T11:31:57.355+0000: 203.753: [DefNew: 143477K->9270K(153600K), 0.0132827 secs] 243861K->109654K(494976K), 0.0133493 secs] [Times: user=0.01 sys=0.00, real=0.01 secs] 
2018-03-30T11:32:02.307+0000: 208.705: [GC (Allocation Failure) 2018-03-30T11:32:02.307+0000: 208.705: [DefNew: 145846K->8149K(153600K), 0.0136503 secs] 246230K->109733K(494976K), 0.0137133 secs] [Times: user=0.02 sys=0.00, real=0.02 secs] 
2018-03-30T11:32:06.811+0000: 213.209: [GC (Allocation Failure) 2018-03-30T11:32:06.811+0000: 213.209: [DefNew: 144725K->9999K(153600K), 0.0146709 secs] 246309K->111583K(494976K), 0.0147388 secs] [Times: user=0.01 sys=0.00, real=0.01 secs] 
2018-03-30T11:32:10.886+0000: 217.285: [GC (Allocation Failure) 2018-03-30T11:32:10.886+0000: 217.285: [DefNew: 146575K->7369K(153600K), 0.0136521 secs] 248159K->110878K(494976K), 0.0137124 secs] [Times: user=0.02 sys=0.00, real=0.02 secs] 
2018-03-30T11:32:14.860+0000: 221.258: [GC (Allocation Failure) 2018-03-30T11:32:14.860+0000: 221.258: [DefNew: 139156K->8733K(153600K), 0.0130213 secs] 242665K->112241K(494976K), 0.0130878 secs] [Times: user=0.02 sys=0.00, real=0.01 secs] 
2018-03-30T11:32:19.420+0000: 225.818: [GC (Allocation Failure) 2018-03-30T11:32:19.420+0000: 225.818: [DefNew: 144413K->8331K(153600K), 0.0259359 secs] 247922K->112435K(494976K), 0.0260106 secs] [Times: user=0.02 sys=0.00, real=0.02 secs] 
2018-03-30T11:32:23.930+0000: 230.328: [GC (Allocation Failure) 2018-03-30T11:32:23.930+0000: 230.328: [DefNew: 142248K->8784K(153600K), 0.0179905 secs] 246352K->112888K(494976K), 0.0180568 secs] [Times: user=0.02 sys=0.00, real=0.01 secs] 
2018-03-30T11:32:27.877+0000: 234.275: [GC (Allocation Failure) 2018-03-30T11:32:27.877+0000: 234.275: [DefNew: 143124K->8927K(153600K), 0.0136027 secs] 247228K->113618K(494976K), 0.0136711 secs] [Times: user=0.01 sys=0.00, real=0.01 secs] 
2018-03-30T11:32:31.864+0000: 238.262: [GC (Allocation Failure) 2018-03-30T11:32:31.864+0000: 238.262: [DefNew: 141985K->9359K(153600K), 0.0148078 secs] 246676K->114614K(494976K), 0.0148741 secs] [Times: user=0.02 sys=0.00, real=0.02 secs] 
2018-03-30T11:32:36.371+0000: 242.769: [GC (Allocation Failure) 2018-03-30T11:32:36.371+0000: 242.769: [DefNew: 143205K->8434K(153600K), 0.0140890 secs] 248460K->114777K(494976K), 0.0141531 secs] [Times: user=0.01 sys=0.00, real=0.01 secs] 
2018-03-30T11:32:40.541+0000: 246.940: [GC (Allocation Failure) 2018-03-30T11:32:40.541+0000: 246.940: [DefNew: 145010K->9100K(153600K), 0.0125088 secs] 251353K->115443K(494976K), 0.0125722 secs] [Times: user=0.02 sys=0.00, real=0.01 secs] 
2018-03-30T11:32:44.862+0000: 251.260: [GC (Allocation Failure) 2018-03-30T11:32:44.862+0000: 251.260: [DefNew: 144405K->8689K(153600K), 0.0136041 secs] 250749K->115750K(494976K), 0.0136717 secs] [Times: user=0.01 sys=0.00, real=0.01 secs] 
2018-03-30T11:32:49.311+0000: 255.709: [GC (Allocation Failure) 2018-03-30T11:32:49.311+0000: 255.709: [DefNew: 145265K->9343K(153600K), 0.0146505 secs] 252326K->117017K(494976K), 0.0147169 secs] [Times: user=0.02 sys=0.00, real=0.01 secs] 
2018-03-30T11:32:53.370+0000: 259.768: [GC (Allocation Failure) 2018-03-30T11:32:53.370+0000: 259.768: [DefNew: 144802K->8137K(153600K), 0.0177501 secs] 252475K->116992K(494976K), 0.0178136 secs] [Times: user=0.02 sys=0.01, real=0.01 secs] 
2018-03-30T11:32:57.441+0000: 263.839: [GC (Allocation Failure) 2018-03-30T11:32:57.441+0000: 263.839: [DefNew: 142454K->8424K(153600K), 0.0190002 secs] 251309K->117279K(494976K), 0.0190757 secs] [Times: user=0.01 sys=0.00, real=0.02 secs] 
2018-03-30T11:33:01.342+0000: 267.740: [GC (Allocation Failure) 2018-03-30T11:33:01.342+0000: 267.740: [DefNew: 145000K->11430K(153600K), 0.0325778 secs] 253855K->120285K(494976K), 0.0326466 secs] [Times: user=0.03 sys=0.00, real=0.03 secs] 
2018-03-30T11:33:04.867+0000: 271.265: [GC (Allocation Failure) 2018-03-30T11:33:04.867+0000: 271.265: [DefNew: 141096K->7376K(153600K), 0.0171851 secs] 249951K->118903K(494976K), 0.0172695 secs] [Times: user=0.01 sys=0.00, real=0.02 secs] 
2018-03-30T11:33:08.817+0000: 275.215: [GC (Allocation Failure) 2018-03-30T11:33:08.817+0000: 275.215: [DefNew: 143952K->9656K(153600K), 0.0141712 secs] 255479K->121183K(494976K), 0.0142350 secs] [Times: user=0.01 sys=0.00, real=0.02 secs] 
2018-03-30T11:33:12.820+0000: 279.218: [GC (Allocation Failure) 2018-03-30T11:33:12.820+0000: 279.218: [DefNew: 146232K->9403K(153600K), 0.0163511 secs] 257759K->122220K(494976K), 0.0164153 secs] [Times: user=0.01 sys=0.00, real=0.01 secs] 
2018-03-30T11:33:16.309+0000: 282.707: [GC (Allocation Failure) 2018-03-30T11:33:16.309+0000: 282.707: [DefNew: 145979K->7351K(153600K), 0.0136225 secs] 258796K->121663K(494976K), 0.0136904 secs] [Times: user=0.01 sys=0.00, real=0.01 secs] 
2018-03-30T11:33:19.813+0000: 286.212: [GC (Allocation Failure) 2018-03-30T11:33:19.814+0000: 286.212: [DefNew: 143927K->8499K(153600K), 0.0126016 secs] 258239K->122811K(494976K), 0.0126687 secs] [Times: user=0.01 sys=0.00, real=0.01 secs] 
2018-03-30T11:33:23.062+0000: 289.460: [GC (Allocation Failure) 2018-03-30T11:33:23.062+0000: 289.460: [DefNew: 145075K->8828K(153600K), 0.0226957 secs] 259387K->123140K(494976K), 0.0227734 secs] [Times: user=0.03 sys=0.00, real=0.02 secs] 
2018-03-30T11:33:26.829+0000: 293.227: [GC (Allocation Failure) 2018-03-30T11:33:26.829+0000: 293.227: [DefNew: 145404K->10160K(153600K), 0.0300914 secs] 259716K->125201K(494976K), 0.0301677 secs] [Times: user=0.03 sys=0.00, real=0.03 secs] 
2018-03-30T11:33:29.970+0000: 296.368: [GC (Allocation Failure) 2018-03-30T11:33:29.970+0000: 296.368: [DefNew: 146736K->7268K(153600K), 0.0133140 secs] 261777K->124033K(494976K), 0.0133844 secs] [Times: user=0.01 sys=0.00, real=0.01 secs] 
2018-03-30T11:33:33.316+0000: 299.714: [GC (Allocation Failure) 2018-03-30T11:33:33.316+0000: 299.714: [DefNew: 143844K->17024K(153600K), 0.0193337 secs] 260609K->142587K(494976K), 0.0193994 secs] [Times: user=0.02 sys=0.00, real=0.02 secs] 
2018-03-30T11:33:36.379+0000: 302.778: [GC (Allocation Failure) 2018-03-30T11:33:36.379+0000: 302.778: [DefNew: 146402K->17024K(153600K), 0.0188722 secs] 271965K->161813K(494976K), 0.0189396 secs] [Times: user=0.01 sys=0.00, real=0.02 secs] 
2018-03-30T11:33:40.307+0000: 306.705: [GC (Allocation Failure) 2018-03-30T11:33:40.307+0000: 306.705: [DefNew: 153600K->3678K(153600K), 0.0165707 secs] 298389K->165261K(494976K), 0.0166351 secs] [Times: user=0.01 sys=0.01, real=0.02 secs] 
2018-03-30T11:33:43.461+0000: 309.859: [GC (Allocation Failure) 2018-03-30T11:33:43.461+0000: 309.859: [DefNew: 136844K->5433K(153600K), 0.0116146 secs] 298428K->167016K(494976K), 0.0116822 secs] [Times: user=0.01 sys=0.00, real=0.01 secs] 
2018-03-30T11:33:46.965+0000: 313.363: [GC (Allocation Failure) 2018-03-30T11:33:46.965+0000: 313.363: [DefNew: 136497K->6594K(153600K), 0.0182341 secs] 298080K->168177K(494976K), 0.0182994 secs] [Times: user=0.02 sys=0.00, real=0.02 secs] 
2018-03-30T11:33:50.203+0000: 316.602: [GC (Allocation Failure) 2018-03-30T11:33:50.204+0000: 316.602: [DefNew: 143170K->7712K(153600K), 0.0106855 secs] 304753K->169295K(494976K), 0.0107602 secs] [Times: user=0.01 sys=0.00, real=0.01 secs] 
2018-03-30T11:33:53.427+0000: 319.825: [GC (Allocation Failure) 2018-03-30T11:33:53.427+0000: 319.825: [DefNew: 144288K->8268K(153600K), 0.0114699 secs] 305871K->169851K(494976K), 0.0115388 secs] [Times: user=0.01 sys=0.00, real=0.02 secs] 
2018-03-30T11:33:56.879+0000: 323.277: [GC (Allocation Failure) 2018-03-30T11:33:56.879+0000: 323.277: [DefNew: 138167K->9307K(153600K), 0.0122229 secs] 299751K->170890K(494976K), 0.0122918 secs] [Times: user=0.01 sys=0.00, real=0.01 secs] 
2018-03-30T11:34:00.010+0000: 326.408: [GC (Allocation Failure) 2018-03-30T11:34:00.010+0000: 326.408: [DefNew: 142709K->8271K(153600K), 0.0311716 secs] 304292K->171110K(494976K), 0.0312399 secs] [Times: user=0.04 sys=0.00, real=0.03 secs] 
2018-03-30T11:34:03.472+0000: 329.871: [GC (Allocation Failure) 2018-03-30T11:34:03.472+0000: 329.871: [DefNew: 139440K->8747K(153600K), 0.0189140 secs] 302279K->171586K(494976K), 0.0189974 secs] [Times: user=0.02 sys=0.00, real=0.02 secs] 
2018-03-30T11:34:06.980+0000: 333.378: [GC (Allocation Failure) 2018-03-30T11:34:06.980+0000: 333.378: [DefNew: 143299K->8719K(153600K), 0.0256345 secs] 306137K->172177K(494976K), 0.0257064 secs] [Times: user=0.03 sys=0.00, real=0.02 secs] 
2018-03-30T11:34:09.984+0000: 336.382: [GC (Allocation Failure) 2018-03-30T11:34:09.984+0000: 336.382: [DefNew: 136943K->9157K(153600K), 0.0257096 secs] 300401K->173135K(494976K), 0.0257786 secs] [Times: user=0.03 sys=0.00, real=0.03 secs] 
2018-03-30T11:34:13.474+0000: 339.872: [GC (Allocation Failure) 2018-03-30T11:34:13.474+0000: 339.872: [DefNew: 140442K->8281K(153600K), 0.0234009 secs] 304421K->173536K(494976K), 0.0234670 secs] [Times: user=0.03 sys=0.00, real=0.03 secs] 
2018-03-30T11:34:16.971+0000: 343.370: [GC (Allocation Failure) 2018-03-30T11:34:16.971+0000: 343.370: [DefNew: 139254K->8729K(153600K), 0.0167271 secs] 304510K->173985K(494976K), 0.0167913 secs] [Times: user=0.01 sys=0.00, real=0.01 secs] 
2018-03-30T11:34:19.885+0000: 346.283: [GC (Allocation Failure) 2018-03-30T11:34:19.885+0000: 346.283: [DefNew: 137051K->8639K(153600K), 0.0118726 secs] 302307K->174509K(494976K), 0.0119409 secs] [Times: user=0.02 sys=0.00, real=0.02 secs] 
2018-03-30T11:34:22.831+0000: 349.229: [GC (Allocation Failure) 2018-03-30T11:34:22.831+0000: 349.229: [DefNew: 145215K->12113K(153600K), 0.0177423 secs] 311085K->178487K(494976K), 0.0178082 secs] [Times: user=0.02 sys=0.00, real=0.01 secs] 
2018-03-30T11:34:26.317+0000: 352.715: [GC (Allocation Failure) 2018-03-30T11:34:26.317+0000: 352.715: [DefNew: 148689K->7844K(153600K), 0.0158339 secs] 315063K->177229K(494976K), 0.0159018 secs] [Times: user=0.01 sys=0.00, real=0.01 secs] 
2018-03-30T11:34:29.389+0000: 355.787: [GC (Allocation Failure) 2018-03-30T11:34:29.389+0000: 355.787: [DefNew: 137444K->7301K(153600K), 0.0099083 secs] 306830K->176687K(494976K), 0.0099875 secs] [Times: user=0.01 sys=0.00, real=0.01 secs] 
2018-03-30T11:34:32.883+0000: 359.281: [GC (Allocation Failure) 2018-03-30T11:34:32.883+0000: 359.281: [DefNew: 142960K->7839K(153600K), 0.0099192 secs] 312346K->177225K(494976K), 0.0099961 secs] [Times: user=0.01 sys=0.00, real=0.01 secs] 
2018-03-30T11:34:35.894+0000: 362.292: [GC (Allocation Failure) 2018-03-30T11:34:35.894+0000: 362.292: [DefNew: 138438K->8638K(153600K), 0.0113449 secs] 307824K->178024K(494976K), 0.0114122 secs] [Times: user=0.01 sys=0.00, real=0.01 secs] 
2018-03-30T11:34:39.310+0000: 365.708: [GC (Allocation Failure) 2018-03-30T11:34:39.310+0000: 365.708: [DefNew: 145214K->9528K(153600K), 0.0131130 secs] 314600K->179374K(494976K), 0.0131805 secs] [Times: user=0.02 sys=0.00, real=0.01 secs] 
2018-03-30T11:34:42.029+0000: 368.427: [GC (Allocation Failure) 2018-03-30T11:34:42.029+0000: 368.427: [DefNew: 146104K->17024K(153600K), 0.0445241 secs] 315950K->189386K(494976K), 0.0446006 secs] [Times: user=0.04 sys=0.01, real=0.04 secs] 
2018-03-30T11:34:45.391+0000: 371.789: [GC (Allocation Failure) 2018-03-30T11:34:45.391+0000: 371.789: [DefNew: 153600K->6681K(153600K), 0.0352829 secs] 325962K->183742K(494976K), 0.0353458 secs] [Times: user=0.03 sys=0.00, real=0.03 secs] 
2018-03-30T11:34:48.827+0000: 375.225: [GC (Allocation Failure) 2018-03-30T11:34:48.827+0000: 375.225: [DefNew: 143257K->5735K(153600K), 0.0173181 secs] 320318K->182796K(494976K), 0.0173805 secs] [Times: user=0.02 sys=0.00, real=0.02 secs] 
2018-03-30T11:34:52.314+0000: 378.712: [GC (Allocation Failure) 2018-03-30T11:34:52.314+0000: 378.712: [DefNew: 142311K->6744K(153600K), 0.0146719 secs] 319372K->183806K(494976K), 0.0147377 secs] [Times: user=0.01 sys=0.00, real=0.01 secs] 
2018-03-30T11:34:55.478+0000: 381.876: [GC (Allocation Failure) 2018-03-30T11:34:55.478+0000: 381.876: [DefNew: 141446K->7290K(153600K), 0.0164217 secs] 318508K->184351K(494976K), 0.0164906 secs] [Times: user=0.02 sys=0.00, real=0.01 secs] 
2018-03-30T11:34:58.390+0000: 384.788: [GC (Allocation Failure) 2018-03-30T11:34:58.390+0000: 384.788: [DefNew: 139820K->8026K(153600K), 0.0101698 secs] 316881K->185088K(494976K), 0.0102419 secs] [Times: user=0.01 sys=0.00, real=0.01 secs] 
2018-03-30T11:35:01.326+0000: 387.724: [GC (Allocation Failure) 2018-03-30T11:35:01.326+0000: 387.724: [DefNew: 144602K->11794K(153600K), 0.0188979 secs] 321664K->188856K(494976K), 0.0189697 secs] [Times: user=0.02 sys=0.00, real=0.02 secs] 
2018-03-30T11:35:04.350+0000: 390.748: [GC (Allocation Failure) 2018-03-30T11:35:04.350+0000: 390.748: [DefNew: 148370K->9752K(153600K), 0.0185645 secs] 325432K->189693K(494976K), 0.0186477 secs] [Times: user=0.02 sys=0.00, real=0.01 secs] 
2018-03-30T11:35:07.178+0000: 393.576: [GC (Allocation Failure) 2018-03-30T11:35:07.178+0000: 393.576: [DefNew: 146328K->5569K(153600K), 0.0130245 secs] 326269K->188167K(494976K), 0.0131380 secs] [Times: user=0.01 sys=0.00, real=0.01 secs] 
2018-03-30T11:35:10.483+0000: 396.881: [GC (Allocation Failure) 2018-03-30T11:35:10.483+0000: 396.881: [DefNew: 137131K->6492K(153600K), 0.0144972 secs] 319728K->189090K(494976K), 0.0145695 secs] [Times: user=0.01 sys=0.00, real=0.02 secs] 
2018-03-30T11:35:13.817+0000: 400.215: [GC (Allocation Failure) 2018-03-30T11:35:13.817+0000: 400.215: [DefNew: 143068K->8319K(153600K), 0.0108365 secs] 325666K->190916K(494976K), 0.0109142 secs] [Times: user=0.01 sys=0.00, real=0.00 secs] 
2018-03-30T11:35:16.811+0000: 403.209: [GC (Allocation Failure) 2018-03-30T11:35:16.811+0000: 403.209: [DefNew: 144895K->9201K(153600K), 0.0121477 secs] 327492K->191798K(494976K), 0.0122155 secs] [Times: user=0.01 sys=0.00, real=0.01 secs] 
2018-03-30T11:35:19.892+0000: 406.290: [GC (Allocation Failure) 2018-03-30T11:35:19.892+0000: 406.290: [DefNew: 142558K->7423K(153600K), 0.0119114 secs] 325156K->191654K(494976K), 0.0119837 secs] [Times: user=0.01 sys=0.00, real=0.01 secs] 
2018-03-30T11:35:22.900+0000: 409.298: [GC (Allocation Failure) 2018-03-30T11:35:22.900+0000: 409.298: [DefNew: 137874K->7994K(153600K), 0.0099978 secs] 322105K->192225K(494976K), 0.0100655 secs] [Times: user=0.01 sys=0.00, real=0.01 secs] 
2018-03-30T11:35:25.798+0000: 412.196: [GC (Allocation Failure) 2018-03-30T11:35:25.798+0000: 412.196: [DefNew: 144570K->9350K(153600K), 0.0120556 secs] 328801K->193582K(494976K), 0.0121244 secs] [Times: user=0.01 sys=0.00, real=0.01 secs] 
2018-03-30T11:35:28.501+0000: 414.899: [GC (Allocation Failure) 2018-03-30T11:35:28.501+0000: 414.899: [DefNew: 145525K->8504K(153600K), 0.0137532 secs] 329757K->193779K(494976K), 0.0138227 secs] [Times: user=0.01 sys=0.00, real=0.01 secs] 
2018-03-30T11:35:31.524+0000: 417.922: [GC (Allocation Failure) 2018-03-30T11:35:31.524+0000: 417.923: [DefNew: 144414K->9379K(153600K), 0.0130391 secs] 329689K->194654K(494976K), 0.0131125 secs] [Times: user=0.01 sys=0.00, real=0.02 secs] 
2018-03-30T11:35:34.358+0000: 420.756: [GC (Allocation Failure) 2018-03-30T11:35:34.358+0000: 420.756: [DefNew: 145955K->11839K(153600K), 0.0346345 secs] 331230K->198450K(494976K), 0.0347090 secs] [Times: user=0.03 sys=0.00, real=0.03 secs] 
2018-03-30T11:35:37.331+0000: 423.729: [GC (Allocation Failure) 2018-03-30T11:35:37.331+0000: 423.729: [DefNew: 148415K->8040K(153600K), 0.0196553 secs] 335026K->198752K(494976K), 0.0197172 secs] [Times: user=0.01 sys=0.01, real=0.02 secs] 
2018-03-30T11:35:40.341+0000: 426.739: [GC (Allocation Failure) 2018-03-30T11:35:40.341+0000: 426.739: [DefNew: 144616K->8011K(153600K), 0.0153211 secs] 335328K->198724K(494976K), 0.0153894 secs] [Times: user=0.02 sys=0.00, real=0.01 secs] 
2018-03-30T11:35:43.001+0000: 429.399: [GC (Allocation Failure) 2018-03-30T11:35:43.001+0000: 429.399: [DefNew: 140541K->7815K(153600K), 0.0184646 secs] 331253K->198528K(494976K), 0.0185227 secs] [Times: user=0.01 sys=0.00, real=0.02 secs] 
2018-03-30T11:35:46.002+0000: 432.400: [GC (Allocation Failure) 2018-03-30T11:35:46.002+0000: 432.400: [DefNew: 136036K->8462K(153600K), 0.0154937 secs] 326749K->199175K(494976K), 0.0155615 secs] [Times: user=0.01 sys=0.00, real=0.02 secs] 
2018-03-30T11:35:48.844+0000: 435.242: [GC (Allocation Failure) 2018-03-30T11:35:48.844+0000: 435.242: [DefNew: 144896K->11855K(153600K), 0.0265103 secs] 335609K->202568K(494976K), 0.0266271 secs] [Times: user=0.03 sys=0.00, real=0.03 secs] 
2018-03-30T11:35:51.815+0000: 438.213: [GC (Allocation Failure) 2018-03-30T11:35:51.815+0000: 438.213: [DefNew: 148431K->7670K(153600K), 0.0378387 secs] 339144K->201645K(494976K), 0.0379053 secs] [Times: user=0.04 sys=0.01, real=0.04 secs] 
2018-03-30T11:35:54.504+0000: 440.902: [GC (Allocation Failure) 2018-03-30T11:35:54.504+0000: 440.902: [DefNew: 138524K->7985K(153600K), 0.0168608 secs] 332499K->201960K(494976K), 0.0169273 secs] [Times: user=0.02 sys=0.00, real=0.02 secs] 
2018-03-30T11:35:57.513+0000: 443.911: [GC (Allocation Failure) 2018-03-30T11:35:57.513+0000: 443.911: [DefNew: 144555K->8776K(153600K), 0.0185964 secs] 338530K->202752K(494976K), 0.0186676 secs] [Times: user=0.01 sys=0.00, real=0.02 secs] 
2018-03-30T11:35:59.900+0000: 446.298: [GC (Allocation Failure) 2018-03-30T11:35:59.900+0000: 446.298: [DefNew: 138607K->9244K(153600K), 0.0122164 secs] 332582K->203691K(494976K), 0.0122892 secs] [Times: user=0.01 sys=0.00, real=0.01 secs] 
2018-03-30T11:36:02.898+0000: 449.296: [GC (Allocation Failure) 2018-03-30T11:36:02.898+0000: 449.296: [DefNew: 140480K->8630K(153600K), 0.0113165 secs] 334927K->204075K(494976K), 0.0113836 secs] [Times: user=0.01 sys=0.00, real=0.01 secs] 
2018-03-30T11:36:05.830+0000: 452.228: [GC (Allocation Failure) 2018-03-30T11:36:05.830+0000: 452.229: [DefNew: 145206K->11607K(153600K), 0.0167259 secs] 340651K->207863K(494976K), 0.0167921 secs] [Times: user=0.01 sys=0.00, real=0.01 secs] 
2018-03-30T11:36:08.897+0000: 455.296: [GC (Allocation Failure) 2018-03-30T11:36:08.897+0000: 455.296: [DefNew: 146038K->5542K(153600K), 0.0111370 secs] 342294K->205203K(494976K), 0.0112035 secs] [Times: user=0.01 sys=0.00, real=0.00 secs] 
2018-03-30T11:36:11.808+0000: 458.206: [GC (Allocation Failure) 2018-03-30T11:36:11.808+0000: 458.206: [DefNew: 142118K->7439K(153600K), 0.0097469 secs] 341779K->207100K(494976K), 0.0098112 secs] [Times: user=0.01 sys=0.00, real=0.02 secs] 
2018-03-30T11:36:14.402+0000: 460.800: [GC (Allocation Failure) 2018-03-30T11:36:14.402+0000: 460.800: [DefNew: 134548K->7838K(153600K), 0.0095573 secs] 334210K->207500K(494976K), 0.0096226 secs] [Times: user=0.00 sys=0.00, real=0.01 secs] 
2018-03-30T11:36:16.902+0000: 463.300: [GC (Allocation Failure) 2018-03-30T11:36:16.902+0000: 463.300: [DefNew: 135548K->9372K(153600K), 0.0120111 secs] 335210K->209033K(494976K), 0.0120879 secs] [Times: user=0.01 sys=0.00, real=0.01 secs] 
2018-03-30T11:36:19.512+0000: 465.910: [GC (Allocation Failure) 2018-03-30T11:36:19.512+0000: 465.910: [DefNew: 138313K->8376K(153600K), 0.0218530 secs] 337975K->209120K(494976K), 0.0219182 secs] [Times: user=0.01 sys=0.00, real=0.02 secs] 
2018-03-30T11:36:22.164+0000: 468.563: [GC (Allocation Failure) 2018-03-30T11:36:22.164+0000: 468.563: [DefNew: 144952K->9823K(153600K), 0.0200282 secs] 345696K->210566K(494976K), 0.0200935 secs] [Times: user=0.02 sys=0.00, real=0.02 secs] 
2018-03-30T11:36:25.006+0000: 471.404: [GC (Allocation Failure) 2018-03-30T11:36:25.006+0000: 471.404: [DefNew: 141944K->8838K(153600K), 0.0242353 secs] 342687K->210759K(494976K), 0.0243115 secs] [Times: user=0.03 sys=0.00, real=0.03 secs] 
2018-03-30T11:36:27.508+0000: 473.906: [GC (Allocation Failure) 2018-03-30T11:36:27.508+0000: 473.906: [DefNew: 135194K->8911K(153600K), 0.0192893 secs] 337116K->211491K(494976K), 0.0193690 secs] [Times: user=0.02 sys=0.00, real=0.02 secs] 
2018-03-30T11:36:30.312+0000: 476.711: [GC (Allocation Failure) 2018-03-30T11:36:30.313+0000: 476.711: [DefNew: 145487K->8686K(153600K), 0.0196225 secs] 348067K->212353K(494976K), 0.0196888 secs] [Times: user=0.02 sys=0.00, real=0.02 secs] 
2018-03-30T11:36:33.351+0000: 479.750: [GC (Allocation Failure) 2018-03-30T11:36:33.352+0000: 479.750: [DefNew: 145262K->10611K(153600K), 0.0272658 secs] 348929K->215173K(494976K), 0.0273352 secs] [Times: user=0.03 sys=0.00, real=0.03 secs] 
2018-03-30T11:36:35.943+0000: 482.341: [GC (Allocation Failure) 2018-03-30T11:36:35.943+0000: 482.341: [DefNew: 141941K->7056K(153600K), 0.0115023 secs] 346503K->213434K(494976K), 0.0115765 secs] [Times: user=0.01 sys=0.00, real=0.01 secs] 
2018-03-30T11:36:38.448+0000: 484.846: [GC (Allocation Failure) 2018-03-30T11:36:38.448+0000: 484.846: [DefNew: 143632K->17024K(153600K), 0.0161621 secs] 350010K->226889K(494976K), 0.0162204 secs] [Times: user=0.02 sys=0.00, real=0.02 secs] 
2018-03-30T11:36:41.318+0000: 487.716: [GC (Allocation Failure) 2018-03-30T11:36:41.318+0000: 487.716: [DefNew: 153600K->5253K(153600K), 0.0135123 secs] 363465K->218426K(494976K), 0.0135792 secs] [Times: user=0.02 sys=0.00, real=0.01 secs] 
2018-03-30T11:36:43.909+0000: 490.307: [GC (Allocation Failure) 2018-03-30T11:36:43.909+0000: 490.307: [DefNew: 130836K->5277K(153600K), 0.0078819 secs] 344009K->218450K(494976K), 0.0079508 secs] [Times: user=0.01 sys=0.00, real=0.01 secs] 
2018-03-30T11:36:46.509+0000: 492.907: [GC (Allocation Failure) 2018-03-30T11:36:46.509+0000: 492.907: [DefNew: 137242K->6736K(153600K), 0.0111181 secs] 350415K->219909K(494976K), 0.0111901 secs] [Times: user=0.02 sys=0.00, real=0.02 secs] 
2018-03-30T11:36:48.972+0000: 495.370: [GC (Allocation Failure) 2018-03-30T11:36:48.972+0000: 495.370: [DefNew: 140615K->7984K(153600K), 0.0102035 secs] 353788K->221157K(494976K), 0.0102728 secs] [Times: user=0.01 sys=0.00, real=0.01 secs] 
2018-03-30T11:36:51.820+0000: 498.218: [GC (Allocation Failure) 2018-03-30T11:36:51.820+0000: 498.218: [DefNew: 144560K->10920K(153600K), 0.0141124 secs] 357733K->224094K(494976K), 0.0141801 secs] [Times: user=0.02 sys=0.00, real=0.01 secs] 
2018-03-30T11:36:54.426+0000: 500.824: [GC (Allocation Failure) 2018-03-30T11:36:54.426+0000: 500.824: [DefNew: 146613K->5946K(153600K), 0.0114454 secs] 359786K->222161K(494976K), 0.0115096 secs] [Times: user=0.01 sys=0.00, real=0.02 secs] 
2018-03-30T11:36:56.819+0000: 503.218: [GC (Allocation Failure) 2018-03-30T11:36:56.819+0000: 503.218: [DefNew: 142522K->10651K(153600K), 0.0146316 secs] 358737K->226867K(494976K), 0.0146983 secs] [Times: user=0.02 sys=0.00, real=0.01 secs] 
2018-03-30T11:36:59.305+0000: 505.704: [GC (Allocation Failure) 2018-03-30T11:36:59.305+0000: 505.704: [DefNew: 147227K->6385K(153600K), 0.0116538 secs] 363443K->225518K(494976K), 0.0117207 secs] [Times: user=0.01 sys=0.00, real=0.02 secs] 
2018-03-30T11:37:01.917+0000: 508.315: [GC (Allocation Failure) 2018-03-30T11:37:01.917+0000: 508.315: [DefNew: 140269K->7487K(153600K), 0.0091346 secs] 359402K->226620K(494976K), 0.0092046 secs] [Times: user=0.01 sys=0.00, real=0.01 secs] 
2018-03-30T11:37:04.408+0000: 510.806: [GC (Allocation Failure) 2018-03-30T11:37:04.408+0000: 510.806: [DefNew: 134204K->8647K(153600K), 0.0098469 secs] 353338K->227781K(494976K), 0.0099123 secs] [Times: user=0.01 sys=0.00, real=0.02 secs] 
2018-03-30T11:37:07.332+0000: 513.730: [GC (Allocation Failure) 2018-03-30T11:37:07.332+0000: 513.730: [DefNew: 145223K->9839K(153600K), 0.0144401 secs] 364357K->230719K(494976K), 0.0145055 secs] [Times: user=0.01 sys=0.00, real=0.01 secs] 
2018-03-30T11:37:09.917+0000: 516.315: [GC (Allocation Failure) 2018-03-30T11:37:09.917+0000: 516.315: [DefNew: 138618K->6576K(153600K), 0.0095034 secs] 359497K->228918K(494976K), 0.0095681 secs] [Times: user=0.01 sys=0.00, real=0.00 secs] 
2018-03-30T11:37:12.333+0000: 518.731: [GC (Allocation Failure) 2018-03-30T11:37:12.333+0000: 518.731: [DefNew: 143144K->10784K(153600K), 0.0147819 secs] 365486K->233126K(494976K), 0.0148499 secs] [Times: user=0.01 sys=0.00, real=0.01 secs] 
2018-03-30T11:37:14.908+0000: 521.307: [GC (Allocation Failure) 2018-03-30T11:37:14.908+0000: 521.307: [DefNew: 140114K->6549K(153600K), 0.0113676 secs] 362456K->231387K(494976K), 0.0114441 secs] [Times: user=0.01 sys=0.00, real=0.02 secs] 
2018-03-30T11:37:17.407+0000: 523.805: [GC (Allocation Failure) 2018-03-30T11:37:17.407+0000: 523.805: [DefNew: 143125K->12064K(153600K), 0.0178602 secs] 367963K->236902K(494976K), 0.0179258 secs] [Times: user=0.01 sys=0.00, real=0.02 secs] 
2018-03-30T11:37:19.911+0000: 526.309: [GC (Allocation Failure) 2018-03-30T11:37:19.911+0000: 526.309: [DefNew: 138053K->5735K(153600K), 0.0115728 secs] 362891K->234162K(494976K), 0.0116499 secs] [Times: user=0.01 sys=0.00, real=0.01 secs] 
2018-03-30T11:37:22.417+0000: 528.816: [GC (Allocation Failure) 2018-03-30T11:37:22.417+0000: 528.816: [DefNew: 138723K->7330K(153600K), 0.0097903 secs] 367150K->235757K(494976K), 0.0098581 secs] [Times: user=0.02 sys=0.00, real=0.00 secs] 
2018-03-30T11:37:24.914+0000: 531.312: [GC (Allocation Failure) 2018-03-30T11:37:24.914+0000: 531.312: [DefNew: 135116K->8329K(153600K), 0.0097704 secs] 363543K->236756K(494976K), 0.0098360 secs] [Times: user=0.01 sys=0.00, real=0.01 secs] 
11:37:26.826 [Client] INFO  c.s.f.r.e.s.SocketRear  - FlameSocketGraphDeployerRear@10.0.0.162: has been disconnected from Connection 9
2018-03-30T11:37:27.409+0000: 533.807: [GC (Allocation Failure) 2018-03-30T11:37:27.409+0000: 533.807: [DefNew: 135639K->9086K(153600K), 0.0104876 secs] 364066K->237513K(494976K), 0.0105526 secs] [Times: user=0.01 sys=0.00, real=0.01 secs] 
11:37:38.636 [worker-akka.actor.default-dispatcher-10] INFO  a.a.CoordinatedShutdown CoordinatedShutdown(akka://worker) - Starting coordinated shutdown from JVM shutdown hook
11:37:38.652 [worker-akka.actor.default-dispatcher-14] INFO  a.a.LocalActorRef akka://worker/user/watcher/graph_at_0/edge/FlameSocketGraphDeployerFront - Stopped
11:37:38.656 [worker-akka.actor.default-dispatcher-14] INFO  a.a.LocalActorRef akka://worker/user/watcher/graph_at_0/edge/FlameSocketGraphDeployerRear - Stopped
11:37:38.656 [worker-akka.actor.default-dispatcher-14] INFO  a.a.LocalActorRef akka://worker/user/watcher/graph_at_0/negotiator - Stopped
11:37:38.656 [worker-akka.actor.default-dispatcher-14] INFO  a.a.LocalActorRef akka://worker/user/watcher/graph_at_0/graph/$a - Stopped
11:37:38.657 [worker-akka.actor.default-dispatcher-14] INFO  a.a.LocalActorRef akka://worker/user/watcher/graph_at_0/graph/$b - Stopped
11:37:38.657 [worker-akka.actor.default-dispatcher-5] INFO  a.a.LocalActorRef akka://worker/user/watcher/graph_at_0/edge - Stopped
11:37:38.658 [worker-akka.actor.default-dispatcher-15] INFO  a.a.LocalActorRef akka://worker/user/watcher/graph_at_0/graph/$c - Stopped
11:37:38.660 [worker-akka.actor.default-dispatcher-15] INFO  a.a.LocalActorRef akka://worker/user/watcher/graph_at_0/graph/local-acker/$a - Stopped
11:37:38.661 [worker-akka.actor.default-dispatcher-15] INFO  a.a.LocalActorRef akka://worker/user/watcher/graph_at_0/graph/local-acker - Stopped
11:37:38.661 [worker-akka.actor.default-dispatcher-15] INFO  a.a.LocalActorRef akka://worker/user/watcher/graph_at_0/graph - Stopped
11:37:38.661 [worker-akka.actor.default-dispatcher-15] INFO  a.a.LocalActorRef akka://worker/user/watcher/graph_at_0/graph/local-acker/$a - Message [com.spbsu.flamestream.runtime.utils.akka.PingActor$InnerPing] from Actor[akka://worker/user/watcher/graph_at_0/graph/local-acker/$a#-707629278] to Actor[akka://worker/user/watcher/graph_at_0/graph/local-acker/$a#-707629278] was not delivered. [1] dead letters encountered. This logging can be turned off or adjusted with configuration settings 'akka.log-dead-letters' and 'akka.log-dead-letters-during-shutdown'.
11:37:38.661 [worker-akka.actor.default-dispatcher-15] INFO  a.a.LocalActorRef akka://worker/user/watcher/graph_at_0/graph/local-acker/$a - Message [com.spbsu.flamestream.runtime.utils.akka.PingActor$Stop] from Actor[akka://worker/user/watcher/graph_at_0/graph/local-acker#-702234272] to Actor[akka://worker/user/watcher/graph_at_0/graph/local-acker/$a#-707629278] was not delivered. [2] dead letters encountered. This logging can be turned off or adjusted with configuration settings 'akka.log-dead-letters' and 'akka.log-dead-letters-during-shutdown'.
11:37:38.662 [worker-akka.actor.default-dispatcher-15] INFO  a.a.LocalActorRef akka://worker/user/watcher/graph_at_0/graph/local-acker - Message [com.spbsu.flamestream.runtime.acker.LocalAcker$Flush] from Actor[akka://worker/user/watcher/graph_at_0/graph/local-acker/$a#-707629278] to Actor[akka://worker/user/watcher/graph_at_0/graph/local-acker#-702234272] was not delivered. [3] dead letters encountered. This logging can be turned off or adjusted with configuration settings 'akka.log-dead-letters' and 'akka.log-dead-letters-during-shutdown'.
11:37:38.663 [worker-akka.actor.default-dispatcher-5] INFO  a.a.LocalActorRef akka://worker/user/watcher/graph_at_0 - Stopped
11:37:38.663 [worker-akka.actor.default-dispatcher-11] INFO  a.a.RepointableActorRef akka://worker/user/watcher - Stopped
11:37:38.668 [worker-akka.actor.default-dispatcher-6-EventThread] INFO  o.a.z.ClientCnxn  - EventThread shut down for session: 0x16276a9cd3d0007
11:37:38.668 [worker-akka.actor.default-dispatcher-15] INFO  o.a.z.ZooKeeper  - Session: 0x16276a9cd3d0007 closed
11:37:38.681 [worker-akka.actor.default-dispatcher-4] INFO  a.r.RemoteActorRefProvider$RemotingTerminator akka://worker@10.0.0.162:5412/system/remoting-terminator - Shutting down remote daemon.
11:37:38.682 [worker-akka.actor.default-dispatcher-4] INFO  a.r.RemoteActorRefProvider$RemotingTerminator akka://worker@10.0.0.162:5412/system/remoting-terminator - Remote daemon shut down; proceeding with flushing remote transports.
11:37:38.836 [worker-akka.actor.default-dispatcher-10] INFO  a.r.RemoteActorRefProvider$RemotingTerminator akka://worker@10.0.0.162:5412/system/remoting-terminator - Remoting shut down.
Heap
 def new generation   total 153600K, used 35016K [0x00000000e0c00000, 0x00000000eb2a0000, 0x00000000eb2a0000)
  eden space 136576K,  18% used [0x00000000e0c00000, 0x00000000e2552928, 0x00000000e9160000)
  from space 17024K,  53% used [0x00000000ea200000, 0x00000000eaadfa38, 0x00000000eb2a0000)
  to   space 17024K,   0% used [0x00000000e9160000, 0x00000000e9160000, 0x00000000ea200000)
 tenured generation   total 341376K, used 228427K [0x00000000eb2a0000, 0x0000000100000000, 0x0000000100000000)
   the space 341376K,  66% used [0x00000000eb2a0000, 0x00000000f91b2c58, 0x00000000f91b2e00, 0x0000000100000000)
 Metaspace       used 34412K, capacity 35348K, committed 35456K, reserved 1079296K
  class space    used 4534K, capacity 4703K, committed 4736K, reserved 1048576K
