12:01:58.614 [worker-akka.actor.default-dispatcher-2] INFO  a.e.s.Slf4jLogger  - Slf4jLogger started
2018-02-19T12:01:58.770+0000: 1.883: [Full GC (Metadata GC Threshold) 2018-02-19T12:01:58.770+0000: 1.883: [Tenured: 0K->15411K(341376K), 0.0384769 secs] 117538K->15411K(494976K), [Metaspace: 20874K->20874K(1067008K)], 0.0385378 secs] [Times: user=0.04 sys=0.00, real=0.04 secs] 
Ama winner
Ama winner
12:01:59.154 [worker-akka.actor.default-dispatcher-2] INFO  a.r.a.ArteryTransport(akka://worker) akka.remote.artery.ArteryTransport(akka://worker) - Started embedded media driver in directory [/dev/shm/aeron-root-worker-05ce0d2c-2950-4fa4-89ac-44a33260296c]
12:01:59.372 [worker-akka.actor.default-dispatcher-2] INFO  a.r.a.ArteryTransport(akka://worker) akka.remote.artery.ArteryTransport(akka://worker) - Remoting started; listening on address: [akka://worker@172.31.44.83:5412] with UID [-2698327104521506336]
12:01:59.474 [worker-akka.actor.default-dispatcher-2] INFO  o.a.z.ZooKeeper  - Client environment:zookeeper.version=3.4.9-1757313, built on 08/23/2016 06:50 GMT
12:01:59.475 [worker-akka.actor.default-dispatcher-2] INFO  o.a.z.ZooKeeper  - Client environment:host.name=ip-172-31-44-83.us-east-2.compute.internal
12:01:59.475 [worker-akka.actor.default-dispatcher-2] INFO  o.a.z.ZooKeeper  - Client environment:java.version=1.8.0_151
12:01:59.475 [worker-akka.actor.default-dispatcher-2] INFO  o.a.z.ZooKeeper  - Client environment:java.vendor=Oracle Corporation
12:01:59.475 [worker-akka.actor.default-dispatcher-2] INFO  o.a.z.ZooKeeper  - Client environment:java.home=/usr/lib/jvm/java-8-openjdk-amd64/jre
12:01:59.475 [worker-akka.actor.default-dispatcher-2] INFO  o.a.z.ZooKeeper  - Client environment:java.class.path=lib/commons-cli-1.4.jar:lib/minlog-1.3.0.jar:lib/asm-5.0.4.jar:lib/hadoop-annotations-2.7.3.jar:lib/hadoop-auth-2.7.3.jar:lib/akka-slf4j_2.11-2.5.6.jar:lib/jersey-core-1.9.jar:lib/lz4-1.3.0.jar:lib/jackson-core-asl-1.9.13.jar:lib/aeron-client-1.3.0.jar:lib/htrace-core-3.1.0-incubating.jar:lib/xz-1.0.jar:lib/commons-httpclient-3.1.jar:lib/asm-3.1.jar:lib/commons-lang3-3.4.jar:lib/scala-library-2.11.11.jar:lib/scala-java8-compat_2.11-0.7.0.jar:lib/commons-configuration-1.6.jar:lib/objenesis-2.1.jar:lib/jackson-annotations-2.8.0.jar:lib/jsr305-3.0.0.jar:lib/curator-framework-2.7.1.jar:lib/jersey-server-1.9.jar:lib/jets3t-0.9.0.jar:lib/leveldb-0.7.jar:lib/jetty-6.1.26.jar:lib/stax-api-1.0-2.jar:lib/flamestream-core-1.0-SNAPSHOT.jar:lib/reflectasm-1.07-shaded.jar:lib/apacheds-kerberos-codec-2.0.0-M15.jar:lib/api-asn1-api-1.0.0-M20.jar:lib/commons-lang-2.6.jar:lib/commons-beanutils-1.7.0.jar:lib/jackson-xc-1.8.3.jar:lib/jetty-util-6.1.26.jar:lib/logback-classic-1.2.3.jar:lib/jool-0.9.12.jar:lib/flamestream-runtime-1.0-SNAPSHOT-tests.jar:lib/httpcore-4.1.2.jar:lib/kryo-4.0.0.jar:lib/ant-1.8.1.jar:lib/jaxb-impl-2.2.3-1.jar:lib/jersey-json-1.9.jar:lib/commons-compress-1.4.1.jar:lib/leveldbjni-all-1.8.jar:lib/paranamer-2.3.jar:lib/jackson-core-2.8.4.jar:lib/commons-math3-3.6.1.jar:lib/scala-parser-combinators_2.11-1.0.4.jar:lib/netty-3.10.6.Final.jar:lib/trove4j-3.0.3.jar:lib/jaxb-api-2.2.2.jar:lib/logback-core-1.2.3.jar:lib/snappy-java-1.0.4.1.jar:lib/protobuf-java-2.5.0.jar:lib/reactive-streams-1.0.1.jar:lib/flamestream-examples-1.0-SNAPSHOT.jar:lib/commons-codec-1.4.jar:lib/activation-1.1.jar:lib/commons-net-3.1.jar:lib/curator-recipes-2.7.1.jar:lib/jackson-mapper-asl-1.9.13.jar:lib/jackson-databind-2.8.4.jar:lib/flamestream-runtime-1.0-SNAPSHOT.jar:lib/jackson-jaxrs-1.8.3.jar:lib/slf4j-api-1.7.24.jar:lib/akka-remote_2.11-2.5.6.jar:lib/akka-testkit_2.11-2.5.6.jar:lib/jline-0.9.94.jar:lib/akka-stream_2.11-2.5.6.jar:lib/jsp-api-2.1.jar:lib/kryonet-2.21.jar:lib/akka-kryo-serialization_2.11-0.5.0.jar:lib/config-1.3.1.jar:lib/ant-launcher-1.8.1.jar:lib/commons-logging-1.2.jar:lib/ssl-config-core_2.11-0.2.2.jar:lib/testng-6.10.jar:lib/leveldb-api-0.7.jar:lib/reflectasm-1.11.3.jar:lib/jcommander-1.48.jar:lib/commons-1.1.jar:lib/commons-digester-1.8.jar:lib/minlog-1.2.jar:lib/java-xmlbuilder-0.4.jar:lib/jettison-1.1.jar:lib/gson-2.2.4.jar:lib/jdk.tools-1.8.jar:lib/aeron-driver-1.3.0.jar:lib/zookeeper-3.4.9.jar:lib/commons-beanutils-core-1.8.0.jar:lib/commons-math3-3.1.1.jar:lib/akka-actor_2.11-2.5.6.jar:lib/curator-client-2.7.1.jar:lib/servlet-api-2.5.jar:lib/apacheds-i18n-2.0.0-M15.jar:lib/commons-io-2.4.jar:lib/commons-codec-1.6.jar:lib/akka-protobuf_2.11-2.5.6.jar:lib/protobuf-java-3.5.1.jar:lib/jdom-2.0.2.jar:lib/api-util-1.0.0-M20.jar:lib/hadoop-common-2.7.3.jar:lib/agrona-0.9.6.jar:lib/xmlenc-0.52.jar:lib/guava-21.0.jar:lib/commons-collections-3.2.2.jar:lib/avro-1.7.4.jar:lib/httpclient-4.1.2.jar:lib/flamestream-core-1.0-SNAPSHOT-tests.jar:lib/annotations-12.0.jar:lib/jsch-0.1.42.jar:flamestream-runtime-1.0-SNAPSHOT.jar
12:01:59.475 [worker-akka.actor.default-dispatcher-2] INFO  o.a.z.ZooKeeper  - Client environment:java.library.path=/usr/java/packages/lib/amd64:/usr/lib/x86_64-linux-gnu/jni:/lib/x86_64-linux-gnu:/usr/lib/x86_64-linux-gnu:/usr/lib/jni:/lib:/usr/lib
12:01:59.475 [worker-akka.actor.default-dispatcher-2] INFO  o.a.z.ZooKeeper  - Client environment:java.io.tmpdir=/tmp
12:01:59.475 [worker-akka.actor.default-dispatcher-2] INFO  o.a.z.ZooKeeper  - Client environment:java.compiler=<NA>
12:01:59.475 [worker-akka.actor.default-dispatcher-2] INFO  o.a.z.ZooKeeper  - Client environment:os.name=Linux
12:01:59.475 [worker-akka.actor.default-dispatcher-2] INFO  o.a.z.ZooKeeper  - Client environment:os.arch=amd64
12:01:59.475 [worker-akka.actor.default-dispatcher-2] INFO  o.a.z.ZooKeeper  - Client environment:os.version=4.4.0-1049-aws
12:01:59.475 [worker-akka.actor.default-dispatcher-2] INFO  o.a.z.ZooKeeper  - Client environment:user.name=root
12:01:59.477 [worker-akka.actor.default-dispatcher-2] INFO  o.a.z.ZooKeeper  - Client environment:user.home=/root
12:01:59.477 [worker-akka.actor.default-dispatcher-2] INFO  o.a.z.ZooKeeper  - Client environment:user.dir=/opt/flamestream
12:01:59.480 [worker-akka.actor.default-dispatcher-2] INFO  o.a.z.ZooKeeper  - Initiating client connection, connectString=172.31.34.147:2181 sessionTimeout=5000 watcher=com.spbsu.flamestream.runtime.application.LifecycleWatcher$$Lambda$29/764839090@3d5d5f13
12:01:59.513 [worker-akka.actor.default-dispatcher-2-SendThread(172.31.34.147:2181)] INFO  o.a.z.ClientCnxn  - Opening socket connection to server 172.31.34.147/172.31.34.147:2181. Will not attempt to authenticate using SASL (unknown error)
12:01:59.515 [worker-akka.actor.default-dispatcher-2] INFO  a.a.RepointableActorRef akka://worker/user/watcher - Starting...
12:01:59.523 [worker-akka.actor.default-dispatcher-2-SendThread(172.31.34.147:2181)] INFO  o.a.z.ClientCnxn  - Socket connection established to 172.31.34.147/172.31.34.147:2181, initiating session
12:01:59.530 [worker-akka.actor.default-dispatcher-2-SendThread(172.31.34.147:2181)] INFO  o.a.z.ClientCnxn  - Session establishment complete on server 172.31.34.147/172.31.34.147:2181, sessionid = 0x161adf06039000b, negotiated timeout = 6000
12:01:59.621 [worker-akka.actor.default-dispatcher-2] INFO  a.a.RepointableActorRef akka://worker/user/watcher - Connected to ZK
12:02:08.957 [worker-akka.actor.default-dispatcher-2] INFO  a.a.RepointableActorRef akka://worker/user/watcher - Creating node with watchGraphs: 'com.spbsu.flamestream.core.Graph$Builder$MyGraph@4084ed8a', config: 'ClusterConfig{paths={172.31.33.155=akka://worker@172.31.33.155:5412/user/watcher/graph0000000000, 172.31.47.83=akka://worker@172.31.47.83:5412/user/watcher/graph0000000000, 172.31.45.197=akka://worker@172.31.45.197:5412/user/watcher/graph0000000000, 172.31.42.36=akka://worker@172.31.42.36:5412/user/watcher/graph0000000000, 172.31.44.83=akka://worker@172.31.44.83:5412/user/watcher/graph0000000000, 172.31.39.64=akka://worker@172.31.39.64:5412/user/watcher/graph0000000000, 172.31.35.79=akka://worker@172.31.35.79:5412/user/watcher/graph0000000000, 172.31.34.169=akka://worker@172.31.34.169:5412/user/watcher/graph0000000000, 172.31.47.100=akka://worker@172.31.47.100:5412/user/watcher/graph0000000000, 172.31.37.101=akka://worker@172.31.37.101:5412/user/watcher/graph0000000000}, ackerLocation='172.31.35.79', props=ComputationLayout{ranges={172.31.33.155=HashRange{from=-1670265060, to=-1193046472}, 172.31.47.83=HashRange{from=1670265056, to=2147483644}, 172.31.45.197=HashRange{from=-715827884, to=-238609296}, 172.31.42.36=HashRange{from=1193046468, to=1670265056}, 172.31.44.83=HashRange{from=-238609296, to=238609292}, 172.31.39.64=HashRange{from=715827880, to=1193046468}, 172.31.35.79=HashRange{from=0, to=0}, 172.31.34.169=HashRange{from=-2147483648, to=-1670265060}, 172.31.47.100=HashRange{from=238609292, to=715827880}, 172.31.37.101=HashRange{from=-1193046472, to=-715827884}}}}'
12:02:09.796 [worker-akka.actor.default-dispatcher-2] INFO  a.a.LocalActorRef akka://worker/user/watcher/graph0000000000/graph - Starting...
12:02:09.796 [worker-akka.actor.default-dispatcher-2] INFO  a.a.LocalActorRef akka://worker/user/watcher/graph0000000000/graph/local-acker - Starting...
12:02:09.804 [worker-akka.actor.default-dispatcher-2] INFO  a.a.LocalActorRef akka://worker/user/watcher/graph0000000000/graph/local-acker/$a - Starting...
Warning: space is running low in /dev/shm (tmpfs) threshold=167,772,160 usable=158,621,696
Warning: space is running low in /dev/shm (tmpfs) threshold=167,772,160 usable=146,034,688
Warning: space is running low in /dev/shm (tmpfs) threshold=167,772,160 usable=133,447,680
Warning: space is running low in /dev/shm (tmpfs) threshold=167,772,160 usable=120,860,672
Warning: space is running low in /dev/shm (tmpfs) threshold=167,772,160 usable=108,273,664
Warning: space is running low in /dev/shm (tmpfs) threshold=167,772,160 usable=95,686,656
Warning: space is running low in /dev/shm (tmpfs) threshold=167,772,160 usable=83,099,648
Warning: space is running low in /dev/shm (tmpfs) threshold=167,772,160 usable=70,512,640
12:02:10.930 [worker-akka.actor.default-dispatcher-2] INFO  a.a.LocalActorRef akka://worker/user/watcher/graph0000000000/graph - Finishing constructor
12:02:10.931 [worker-akka.actor.default-dispatcher-2] INFO  a.a.LocalActorRef akka://worker/user/watcher/graph0000000000 - Starting...
12:02:10.936 [worker-akka.actor.default-dispatcher-2] INFO  a.a.LocalActorRef akka://worker/user/watcher/graph0000000000/negotiator - Starting...
12:02:10.937 [worker-akka.actor.default-dispatcher-2] INFO  a.a.LocalActorRef akka://worker/user/watcher/graph0000000000/edge - Starting...
12:02:11.023 [worker-akka.actor.default-dispatcher-2] INFO  c.s.f.r.e.s.SocketRear  - FlameSocketGraphDeployerRear@172.31.44.83: connecting to 172.31.34.147:5678
12:02:11.030 [worker-akka.actor.default-dispatcher-2] INFO  c.s.f.r.e.s.SocketRear  - FlameSocketGraphDeployerRear@172.31.44.83: connected to 172.31.34.147:5678
12:02:11.058 [worker-akka.actor.default-dispatcher-2] INFO  a.a.LocalActorRef akka://worker/user/watcher/graph0000000000/graph/$a - Starting...
12:02:11.061 [worker-akka.actor.default-dispatcher-2] INFO  a.a.LocalActorRef akka://worker/user/watcher/graph0000000000/graph/$b - Starting...
12:02:11.061 [worker-akka.actor.default-dispatcher-2] INFO  a.a.LocalActorRef akka://worker/user/watcher/graph0000000000/graph/$c - Starting...
12:02:11.070 [worker-akka.actor.default-dispatcher-2] INFO  a.a.LocalActorRef akka://worker/user/watcher/graph0000000000/edge/FlameSocketGraphDeployerRear - Starting...
12:02:11.070 [worker-akka.actor.default-dispatcher-2] INFO  a.a.LocalActorRef akka://worker/user/watcher/graph0000000000/edge/FlameSocketGraphDeployerFront - Starting...
12:02:11.071 [worker-akka.actor.default-dispatcher-2] INFO  a.a.LocalActorRef akka://worker/user/watcher/graph0000000000/negotiator - Requesting ticket for the frontClass FlameSocketGraphDeployerFront@172.31.44.83
12:02:11.074 [worker-akka.actor.default-dispatcher-2] INFO  a.a.LocalActorRef akka://worker/user/watcher/graph0000000000/negotiator - Ticket for the frontClass received: FrontTicket{allowedTimestamp=(1519041728931, FlameSocketGraphDeployerFront@172.31.44.83)}
12:02:11.076 [worker-akka.actor.default-dispatcher-2] INFO  c.s.f.r.e.s.SocketFront  - FlameSocketGraphDeployerFront@172.31.44.83: connecting to 172.31.34.147:4567
12:02:11.102 [Client] INFO  c.s.f.r.e.s.SocketFront  - FlameSocketGraphDeployerFront@172.31.44.83 has been disconnected from Connection 9
2018-02-19T12:02:18.136+0000: 21.248: [GC (Allocation Failure) 2018-02-19T12:02:18.136+0000: 21.248: [DefNew: 136576K->15100K(153600K), 0.0355969 secs] 151987K->50043K(494976K), 0.0356682 secs] [Times: user=0.01 sys=0.02, real=0.03 secs] 
2018-02-19T12:02:56.482+0000: 59.595: [GC (Allocation Failure) 2018-02-19T12:02:56.482+0000: 59.595: [DefNew: 151676K->4079K(153600K), 0.0193200 secs] 186619K->46704K(494976K), 0.0193951 secs] [Times: user=0.01 sys=0.01, real=0.02 secs] 
2018-02-19T12:03:39.606+0000: 102.718: [GC (Allocation Failure) 2018-02-19T12:03:39.606+0000: 102.718: [DefNew: 140655K->6234K(153600K), 0.0135237 secs] 183280K->48858K(494976K), 0.0135969 secs] [Times: user=0.01 sys=0.00, real=0.02 secs] 
2018-02-19T12:04:21.207+0000: 144.320: [GC (Allocation Failure) 2018-02-19T12:04:21.207+0000: 144.320: [DefNew: 142810K->8051K(153600K), 0.0162228 secs] 185434K->50675K(494976K), 0.0162891 secs] [Times: user=0.01 sys=0.00, real=0.01 secs] 
2018-02-19T12:04:52.246+0000: 175.358: [GC (Allocation Failure) 2018-02-19T12:04:52.246+0000: 175.358: [DefNew: 144627K->9349K(153600K), 0.0153982 secs] 187251K->51974K(494976K), 0.0154616 secs] [Times: user=0.01 sys=0.00, real=0.02 secs] 
2018-02-19T12:05:22.187+0000: 205.300: [GC (Allocation Failure) 2018-02-19T12:05:22.187+0000: 205.300: [DefNew: 145925K->8884K(153600K), 0.0168844 secs] 188550K->53051K(494976K), 0.0169506 secs] [Times: user=0.02 sys=0.00, real=0.01 secs] 
2018-02-19T12:06:01.182+0000: 244.294: [GC (Allocation Failure) 2018-02-19T12:06:01.182+0000: 244.294: [DefNew: 145460K->8446K(153600K), 0.0195826 secs] 189627K->54239K(494976K), 0.0196521 secs] [Times: user=0.01 sys=0.01, real=0.02 secs] 
2018-02-19T12:06:48.127+0000: 291.240: [GC (Allocation Failure) 2018-02-19T12:06:48.127+0000: 291.240: [DefNew: 145022K->10224K(153600K), 0.0164616 secs] 190815K->56017K(494976K), 0.0165413 secs] [Times: user=0.02 sys=0.00, real=0.01 secs] 
2018-02-19T12:07:28.232+0000: 331.345: [GC (Allocation Failure) 2018-02-19T12:07:28.233+0000: 331.345: [DefNew: 146800K->8826K(153600K), 0.0192157 secs] 192593K->57262K(494976K), 0.0192820 secs] [Times: user=0.02 sys=0.00, real=0.02 secs] 
2018-02-19T12:08:10.155+0000: 373.267: [GC (Allocation Failure) 2018-02-19T12:08:10.155+0000: 373.268: [DefNew: 145402K->8825K(153600K), 0.0165502 secs] 193838K->58481K(494976K), 0.0166370 secs] [Times: user=0.02 sys=0.00, real=0.01 secs] 
2018-02-19T12:08:55.969+0000: 419.082: [GC (Allocation Failure) 2018-02-19T12:08:55.970+0000: 419.082: [DefNew: 145401K->8813K(153600K), 0.0212364 secs] 195057K->59674K(494976K), 0.0213040 secs] [Times: user=0.01 sys=0.02, real=0.02 secs] 
2018-02-19T12:09:30.805+0000: 453.917: [GC (Allocation Failure) 2018-02-19T12:09:30.805+0000: 453.917: [DefNew: 145389K->8321K(153600K), 0.0155471 secs] 196250K->60661K(494976K), 0.0156149 secs] [Times: user=0.01 sys=0.00, real=0.02 secs] 
2018-02-19T12:10:12.173+0000: 495.286: [GC (Allocation Failure) 2018-02-19T12:10:12.173+0000: 495.286: [DefNew: 144897K->9532K(153600K), 0.0149984 secs] 197237K->61872K(494976K), 0.0150631 secs] [Times: user=0.02 sys=0.00, real=0.02 secs] 
2018-02-19T12:10:51.571+0000: 534.683: [GC (Allocation Failure) 2018-02-19T12:10:51.571+0000: 534.683: [DefNew: 146108K->9572K(153600K), 0.0187713 secs] 198448K->63044K(494976K), 0.0188677 secs] [Times: user=0.02 sys=0.00, real=0.02 secs] 
2018-02-19T12:11:36.332+0000: 579.445: [GC (Allocation Failure) 2018-02-19T12:11:36.332+0000: 579.445: [DefNew: 146148K->9643K(153600K), 0.0172190 secs] 199620K->64242K(494976K), 0.0172964 secs] [Times: user=0.02 sys=0.00, real=0.02 secs] 
2018-02-19T12:12:15.458+0000: 618.570: [GC (Allocation Failure) 2018-02-19T12:12:15.458+0000: 618.570: [DefNew: 146219K->8988K(153600K), 0.0191942 secs] 200818K->65450K(494976K), 0.0192615 secs] [Times: user=0.01 sys=0.01, real=0.02 secs] 
2018-02-19T12:12:56.024+0000: 659.136: [GC (Allocation Failure) 2018-02-19T12:12:56.024+0000: 659.136: [DefNew: 145564K->9466K(153600K), 0.0181863 secs] 202026K->66896K(494976K), 0.0182593 secs] [Times: user=0.01 sys=0.00, real=0.02 secs] 
2018-02-19T12:13:37.639+0000: 700.752: [GC (Allocation Failure) 2018-02-19T12:13:37.639+0000: 700.752: [DefNew: 146042K->9483K(153600K), 0.0168935 secs] 203472K->68021K(494976K), 0.0169737 secs] [Times: user=0.02 sys=0.00, real=0.02 secs] 
2018-02-19T12:14:23.111+0000: 746.224: [GC (Allocation Failure) 2018-02-19T12:14:23.111+0000: 746.224: [DefNew: 146059K->9628K(153600K), 0.0192959 secs] 204597K->69310K(494976K), 0.0194118 secs] [Times: user=0.02 sys=0.00, real=0.02 secs] 
2018-02-19T12:14:58.908+0000: 782.021: [GC (Allocation Failure) 2018-02-19T12:14:58.908+0000: 782.021: [DefNew: 146204K->9522K(153600K), 0.0171971 secs] 205886K->70315K(494976K), 0.0172610 secs] [Times: user=0.02 sys=0.00, real=0.01 secs] 
2018-02-19T12:15:36.187+0000: 819.299: [GC (Allocation Failure) 2018-02-19T12:15:36.187+0000: 819.299: [DefNew: 146098K->9945K(153600K), 0.0189034 secs] 206891K->71917K(494976K), 0.0189698 secs] [Times: user=0.00 sys=0.01, real=0.01 secs] 
2018-02-19T12:16:11.438+0000: 854.551: [GC (Allocation Failure) 2018-02-19T12:16:11.438+0000: 854.551: [DefNew: 146521K->8595K(153600K), 0.0175720 secs] 208493K->72793K(494976K), 0.0176363 secs] [Times: user=0.02 sys=0.00, real=0.02 secs] 
2018-02-19T12:16:51.795+0000: 894.908: [GC (Allocation Failure) 2018-02-19T12:16:51.795+0000: 894.908: [DefNew: 145171K->10014K(153600K), 0.0175247 secs] 209369K->75329K(494976K), 0.0175911 secs] [Times: user=0.02 sys=0.00, real=0.01 secs] 
2018-02-19T12:17:29.421+0000: 932.533: [GC (Allocation Failure) 2018-02-19T12:17:29.421+0000: 932.533: [DefNew: 146590K->10262K(153600K), 0.0180424 secs] 211905K->76985K(494976K), 0.0181093 secs] [Times: user=0.02 sys=0.00, real=0.02 secs] 
2018-02-19T12:18:08.738+0000: 971.851: [GC (Allocation Failure) 2018-02-19T12:18:08.738+0000: 971.851: [DefNew: 146838K->8238K(153600K), 0.0192344 secs] 213561K->78397K(494976K), 0.0193390 secs] [Times: user=0.00 sys=0.01, real=0.02 secs] 
2018-02-19T12:18:53.564+0000: 1016.676: [GC (Allocation Failure) 2018-02-19T12:18:53.564+0000: 1016.676: [DefNew: 144814K->9327K(153600K), 0.0150814 secs] 214973K->79486K(494976K), 0.0151611 secs] [Times: user=0.01 sys=0.00, real=0.02 secs] 
2018-02-19T12:19:31.994+0000: 1055.107: [GC (Allocation Failure) 2018-02-19T12:19:31.994+0000: 1055.107: [DefNew: 145903K->9665K(153600K), 0.0304158 secs] 216062K->81043K(494976K), 0.0304816 secs] [Times: user=0.00 sys=0.03, real=0.02 secs] 
2018-02-19T12:20:11.886+0000: 1094.998: [GC (Allocation Failure) 2018-02-19T12:20:11.886+0000: 1094.998: [DefNew: 146241K->9599K(153600K), 0.0172344 secs] 217619K->82314K(494976K), 0.0172987 secs] [Times: user=0.02 sys=0.00, real=0.02 secs] 
2018-02-19T12:20:48.918+0000: 1132.031: [GC (Allocation Failure) 2018-02-19T12:20:48.919+0000: 1132.031: [DefNew: 146175K->9910K(153600K), 0.0174439 secs] 218890K->83887K(494976K), 0.0175086 secs] [Times: user=0.02 sys=0.00, real=0.02 secs] 
2018-02-19T12:21:24.642+0000: 1167.755: [GC (Allocation Failure) 2018-02-19T12:21:24.642+0000: 1167.755: [DefNew: 146486K->9450K(153600K), 0.0164346 secs] 220463K->84700K(494976K), 0.0165000 secs] [Times: user=0.01 sys=0.01, real=0.02 secs] 
2018-02-19T12:21:59.009+0000: 1202.122: [GC (Allocation Failure) 2018-02-19T12:21:59.009+0000: 1202.122: [DefNew: 146026K->9655K(153600K), 0.0167533 secs] 221276K->86100K(494976K), 0.0168207 secs] [Times: user=0.02 sys=0.00, real=0.01 secs] 
2018-02-19T12:22:33.599+0000: 1236.712: [GC (Allocation Failure) 2018-02-19T12:22:33.599+0000: 1236.712: [DefNew: 146231K->9425K(153600K), 0.0168763 secs] 222676K->87246K(494976K), 0.0169789 secs] [Times: user=0.01 sys=0.01, real=0.02 secs] 
2018-02-19T12:23:10.540+0000: 1273.652: [GC (Allocation Failure) 2018-02-19T12:23:10.540+0000: 1273.652: [DefNew: 146001K->10006K(153600K), 0.0170311 secs] 223822K->88777K(494976K), 0.0171082 secs] [Times: user=0.02 sys=0.00, real=0.02 secs] 
2018-02-19T12:23:45.257+0000: 1308.370: [GC (Allocation Failure) 2018-02-19T12:23:45.257+0000: 1308.370: [DefNew: 146582K->8678K(153600K), 0.0185693 secs] 225353K->89933K(494976K), 0.0186447 secs] [Times: user=0.01 sys=0.01, real=0.02 secs] 
2018-02-19T12:24:24.156+0000: 1347.269: [GC (Allocation Failure) 2018-02-19T12:24:24.156+0000: 1347.269: [DefNew: 145254K->8708K(153600K), 0.0163732 secs] 226509K->91578K(494976K), 0.0164364 secs] [Times: user=0.01 sys=0.00, real=0.01 secs] 
2018-02-19T12:25:09.863+0000: 1392.976: [GC (Allocation Failure) 2018-02-19T12:25:09.863+0000: 1392.976: [DefNew: 145284K->9004K(153600K), 0.0156854 secs] 228154K->93138K(494976K), 0.0157535 secs] [Times: user=0.01 sys=0.00, real=0.02 secs] 
2018-02-19T12:25:48.539+0000: 1431.652: [GC (Allocation Failure) 2018-02-19T12:25:48.539+0000: 1431.652: [DefNew: 145580K->9352K(153600K), 0.0169671 secs] 229714K->94999K(494976K), 0.0170335 secs] [Times: user=0.01 sys=0.00, real=0.02 secs] 
2018-02-19T12:26:19.019+0000: 1462.132: [GC (Allocation Failure) 2018-02-19T12:26:19.019+0000: 1462.132: [DefNew: 145928K->9492K(153600K), 0.0163149 secs] 231575K->96495K(494976K), 0.0163792 secs] [Times: user=0.01 sys=0.00, real=0.02 secs] 
2018-02-19T12:27:02.596+0000: 1505.709: [GC (Allocation Failure) 2018-02-19T12:27:02.596+0000: 1505.709: [DefNew: 146068K->9544K(153600K), 0.0167177 secs] 233071K->98235K(494976K), 0.0167813 secs] [Times: user=0.02 sys=0.00, real=0.01 secs] 
2018-02-19T12:27:31.081+0000: 1534.193: [GC (Allocation Failure) 2018-02-19T12:27:31.081+0000: 1534.193: [DefNew: 146120K->9433K(153600K), 0.0165329 secs] 234811K->99615K(494976K), 0.0165920 secs] [Times: user=0.02 sys=0.00, real=0.02 secs] 
12:27:50.524 [Client] INFO  c.s.f.r.e.s.SocketRear  - FlameSocketGraphDeployerRear@172.31.44.83: has been disconnected from Connection 9
12:28:07.812 [worker-akka.actor.default-dispatcher-2] INFO  a.a.CoordinatedShutdown CoordinatedShutdown(akka://worker) - Starting coordinated shutdown from JVM shutdown hook
12:28:07.852 [worker-akka.actor.default-dispatcher-2] INFO  a.a.LocalActorRef akka://worker/user/watcher/graph0000000000/negotiator - Stopped
12:28:07.853 [worker-akka.actor.default-dispatcher-2] INFO  a.a.LocalActorRef akka://worker/user/watcher/graph0000000000/edge/FlameSocketGraphDeployerFront - Stopped
12:28:07.858 [worker-akka.actor.default-dispatcher-2] INFO  a.a.LocalActorRef akka://worker/user/watcher/graph0000000000/edge/FlameSocketGraphDeployerRear - Stopped
12:28:07.859 [worker-akka.actor.default-dispatcher-2] INFO  a.a.LocalActorRef akka://worker/user/watcher/graph0000000000/graph/$a - Stopped
12:28:07.859 [worker-akka.actor.default-dispatcher-2] INFO  a.a.LocalActorRef akka://worker/user/watcher/graph0000000000/graph/$b - Stopped
12:28:07.859 [worker-akka.actor.default-dispatcher-2] INFO  a.a.LocalActorRef akka://worker/user/watcher/graph0000000000/graph/$c - Stopped
12:28:07.859 [worker-akka.actor.default-dispatcher-2] INFO  a.a.LocalActorRef akka://worker/user/watcher/graph0000000000/graph/local-acker/$a - Stopped
12:28:07.862 [worker-akka.actor.default-dispatcher-2] INFO  a.a.LocalActorRef akka://worker/user/watcher/graph0000000000/edge - Stopped
12:28:07.863 [worker-akka.actor.default-dispatcher-2] INFO  a.a.LocalActorRef akka://worker/user/watcher/graph0000000000/graph/local-acker/$a - Message [com.spbsu.flamestream.runtime.utils.akka.PingActor$InnerPing] from Actor[akka://worker/user/watcher/graph0000000000/graph/local-acker/$a#-1962040686] to Actor[akka://worker/user/watcher/graph0000000000/graph/local-acker/$a#-1962040686] was not delivered. [1] dead letters encountered. This logging can be turned off or adjusted with configuration settings 'akka.log-dead-letters' and 'akka.log-dead-letters-during-shutdown'.
12:28:07.863 [worker-akka.actor.default-dispatcher-2] INFO  a.a.LocalActorRef akka://worker/user/watcher/graph0000000000/graph/local-acker - Stopped
12:28:07.865 [worker-akka.actor.default-dispatcher-2] INFO  a.a.LocalActorRef akka://worker/user/watcher/graph0000000000/graph/local-acker/$a - Message [com.spbsu.flamestream.runtime.utils.akka.PingActor$Stop] from Actor[akka://worker/user/watcher/graph0000000000/graph/local-acker#2022487556] to Actor[akka://worker/user/watcher/graph0000000000/graph/local-acker/$a#-1962040686] was not delivered. [2] dead letters encountered. This logging can be turned off or adjusted with configuration settings 'akka.log-dead-letters' and 'akka.log-dead-letters-during-shutdown'.
12:28:07.866 [worker-akka.actor.default-dispatcher-2] INFO  a.a.LocalActorRef akka://worker/user/watcher/graph0000000000/graph/local-acker - Message [com.spbsu.flamestream.runtime.acker.LocalAcker$Flush] from Actor[akka://worker/user/watcher/graph0000000000/graph/local-acker#2022487556] to Actor[akka://worker/user/watcher/graph0000000000/graph/local-acker#2022487556] was not delivered. [3] dead letters encountered. This logging can be turned off or adjusted with configuration settings 'akka.log-dead-letters' and 'akka.log-dead-letters-during-shutdown'.
12:28:07.866 [worker-akka.actor.default-dispatcher-2] INFO  a.a.LocalActorRef akka://worker/user/watcher/graph0000000000/graph/local-acker - Message [com.spbsu.flamestream.runtime.acker.LocalAcker$Flush] from Actor[akka://worker/user/watcher/graph0000000000/graph/local-acker#2022487556] to Actor[akka://worker/user/watcher/graph0000000000/graph/local-acker#2022487556] was not delivered. [4] dead letters encountered. This logging can be turned off or adjusted with configuration settings 'akka.log-dead-letters' and 'akka.log-dead-letters-during-shutdown'.
12:28:07.871 [worker-akka.actor.default-dispatcher-2] INFO  a.a.LocalActorRef akka://worker/user/watcher/graph0000000000/graph/local-acker - Message [com.spbsu.flamestream.runtime.acker.LocalAcker$Flush] from Actor[akka://worker/user/watcher/graph0000000000/graph/local-acker#2022487556] to Actor[akka://worker/user/watcher/graph0000000000/graph/local-acker#2022487556] was not delivered. [5] dead letters encountered. This logging can be turned off or adjusted with configuration settings 'akka.log-dead-letters' and 'akka.log-dead-letters-during-shutdown'.
12:28:07.871 [worker-akka.actor.default-dispatcher-2] INFO  a.a.LocalActorRef akka://worker/user/watcher/graph0000000000/graph/local-acker - Message [com.spbsu.flamestream.runtime.acker.LocalAcker$Flush] from Actor[akka://worker/user/watcher/graph0000000000/graph/local-acker#2022487556] to Actor[akka://worker/user/watcher/graph0000000000/graph/local-acker#2022487556] was not delivered. [6] dead letters encountered. This logging can be turned off or adjusted with configuration settings 'akka.log-dead-letters' and 'akka.log-dead-letters-during-shutdown'.
12:28:07.871 [worker-akka.actor.default-dispatcher-2] INFO  a.a.LocalActorRef akka://worker/user/watcher/graph0000000000/graph/local-acker - Message [com.spbsu.flamestream.runtime.acker.LocalAcker$Flush] from Actor[akka://worker/user/watcher/graph0000000000/graph/local-acker#2022487556] to Actor[akka://worker/user/watcher/graph0000000000/graph/local-acker#2022487556] was not delivered. [7] dead letters encountered. This logging can be turned off or adjusted with configuration settings 'akka.log-dead-letters' and 'akka.log-dead-letters-during-shutdown'.
12:28:07.871 [worker-akka.actor.default-dispatcher-2] INFO  a.a.LocalActorRef akka://worker/user/watcher/graph0000000000/graph/local-acker - Message [com.spbsu.flamestream.runtime.acker.LocalAcker$Flush] from Actor[akka://worker/user/watcher/graph0000000000/graph/local-acker#2022487556] to Actor[akka://worker/user/watcher/graph0000000000/graph/local-acker#2022487556] was not delivered. [8] dead letters encountered. This logging can be turned off or adjusted with configuration settings 'akka.log-dead-letters' and 'akka.log-dead-letters-during-shutdown'.
12:28:07.871 [worker-akka.actor.default-dispatcher-2] INFO  a.a.LocalActorRef akka://worker/user/watcher/graph0000000000/graph/local-acker - Message [com.spbsu.flamestream.runtime.acker.LocalAcker$Flush] from Actor[akka://worker/user/watcher/graph0000000000/graph/local-acker#2022487556] to Actor[akka://worker/user/watcher/graph0000000000/graph/local-acker#2022487556] was not delivered. [9] dead letters encountered. This logging can be turned off or adjusted with configuration settings 'akka.log-dead-letters' and 'akka.log-dead-letters-during-shutdown'.
12:28:07.871 [worker-akka.actor.default-dispatcher-2] INFO  a.a.LocalActorRef akka://worker/user/watcher/graph0000000000/graph/local-acker - Message [com.spbsu.flamestream.runtime.acker.LocalAcker$Flush] from Actor[akka://worker/user/watcher/graph0000000000/graph/local-acker#2022487556] to Actor[akka://worker/user/watcher/graph0000000000/graph/local-acker#2022487556] was not delivered. [10] dead letters encountered. This logging can be turned off or adjusted with configuration settings 'akka.log-dead-letters' and 'akka.log-dead-letters-during-shutdown'.
12:28:07.874 [worker-akka.actor.default-dispatcher-2] INFO  a.a.LocalActorRef akka://worker/user/watcher/graph0000000000/graph - Stopped
12:28:07.877 [worker-akka.actor.default-dispatcher-2-EventThread] INFO  o.a.z.ClientCnxn  - EventThread shut down for session: 0x161adf06039000b
12:28:07.877 [worker-akka.actor.default-dispatcher-2] INFO  o.a.z.ZooKeeper  - Session: 0x161adf06039000b closed
12:28:07.878 [worker-akka.actor.default-dispatcher-2] INFO  a.a.LocalActorRef akka://worker/user/watcher/graph0000000000 - Stopped
12:28:07.878 [worker-akka.actor.default-dispatcher-2] INFO  a.a.RepointableActorRef akka://worker/user/watcher - Stopped
12:28:07.894 [worker-akka.actor.default-dispatcher-2] INFO  a.r.RemoteActorRefProvider$RemotingTerminator akka://worker@172.31.44.83:5412/system/remoting-terminator - Shutting down remote daemon.
12:28:07.897 [worker-akka.actor.default-dispatcher-2] INFO  a.r.RemoteActorRefProvider$RemotingTerminator akka://worker@172.31.44.83:5412/system/remoting-terminator - Remote daemon shut down; proceeding with flushing remote transports.
12:28:09.036 [worker-akka.actor.default-dispatcher-2] INFO  a.r.RemoteActorRefProvider$RemotingTerminator akka://worker@172.31.44.83:5412/system/remoting-terminator - Remoting shut down.
Heap
 def new generation   total 153600K, used 97507K [0x00000000e0c00000, 0x00000000eb2a0000, 0x00000000eb2a0000)
  eden space 136576K,  64% used [0x00000000e0c00000, 0x00000000e6202810, 0x00000000e9160000)
  from space 17024K,  55% used [0x00000000e9160000, 0x00000000e9a96530, 0x00000000ea200000)
  to   space 17024K,   0% used [0x00000000ea200000, 0x00000000ea200000, 0x00000000eb2a0000)
 tenured generation   total 341376K, used 90182K [0x00000000eb2a0000, 0x0000000100000000, 0x0000000100000000)
   the space 341376K,  26% used [0x00000000eb2a0000, 0x00000000f0ab1aa8, 0x00000000f0ab1c00, 0x0000000100000000)
 Metaspace       used 33642K, capacity 34426K, committed 34688K, reserved 1079296K
  class space    used 4456K, capacity 4624K, committed 4736K, reserved 1048576K
