17:02:03,974 |-INFO in ch.qos.logback.classic.LoggerContext[default] - Could NOT find resource [logback-test.xml]
17:02:03,975 |-INFO in ch.qos.logback.classic.LoggerContext[default] - Could NOT find resource [logback.groovy]
17:02:03,975 |-INFO in ch.qos.logback.classic.LoggerContext[default] - Found resource [logback.xml] at [jar:file:/opt/flamestream/lib/flamestream-runtime-1.0-SNAPSHOT.jar!/logback.xml]
17:02:03,977 |-WARN in ch.qos.logback.classic.LoggerContext[default] - Resource [logback.xml] occurs multiple times on the classpath.
17:02:03,977 |-WARN in ch.qos.logback.classic.LoggerContext[default] - Resource [logback.xml] occurs at [jar:file:/opt/flamestream/flamestream-runtime-1.0-SNAPSHOT.jar!/logback.xml]
17:02:03,977 |-WARN in ch.qos.logback.classic.LoggerContext[default] - Resource [logback.xml] occurs at [jar:file:/opt/flamestream/lib/flamestream-runtime-1.0-SNAPSHOT.jar!/logback.xml]
17:02:03,998 |-INFO in ch.qos.logback.core.joran.spi.ConfigurationWatchList@69b794e2 - URL [jar:file:/opt/flamestream/lib/flamestream-runtime-1.0-SNAPSHOT.jar!/logback.xml] is not of type file
17:02:04,080 |-INFO in ch.qos.logback.classic.joran.action.ConfigurationAction - debug attribute not set
17:02:04,085 |-INFO in ch.qos.logback.core.joran.action.AppenderAction - About to instantiate appender of type [ch.qos.logback.core.ConsoleAppender]
17:02:04,091 |-INFO in ch.qos.logback.core.joran.action.AppenderAction - Naming appender as [STDOUT]
17:02:04,098 |-INFO in ch.qos.logback.core.joran.action.NestedComplexPropertyIA - Assuming default type [ch.qos.logback.classic.encoder.PatternLayoutEncoder] for [encoder] property
17:02:04,133 |-INFO in ch.qos.logback.core.joran.action.AppenderAction - About to instantiate appender of type [ch.qos.logback.core.rolling.RollingFileAppender]
17:02:04,141 |-INFO in ch.qos.logback.core.joran.action.AppenderAction - Naming appender as [FILE]
17:02:04,158 |-INFO in c.q.l.core.rolling.TimeBasedRollingPolicy@1059063940 - No compression will be used
17:02:04,159 |-INFO in c.q.l.core.rolling.TimeBasedRollingPolicy@1059063940 - Will use the pattern /tmp/application_%d{yyyy-MM-dd}.%i.log for the active file
17:02:04,162 |-INFO in ch.qos.logback.core.rolling.SizeAndTimeBasedFNATP@4d339552 - The date pattern is 'yyyy-MM-dd' from file name pattern '/tmp/application_%d{yyyy-MM-dd}.%i.log'.
17:02:04,162 |-INFO in ch.qos.logback.core.rolling.SizeAndTimeBasedFNATP@4d339552 - Roll-over at midnight.
17:02:04,167 |-INFO in ch.qos.logback.core.rolling.SizeAndTimeBasedFNATP@4d339552 - Setting initial period to Thu Mar 22 17:00:21 UTC 2018
17:02:04,167 |-WARN in ch.qos.logback.core.rolling.SizeAndTimeBasedFNATP@4d339552 - SizeAndTimeBasedFNATP is deprecated. Use SizeAndTimeBasedRollingPolicy instead
17:02:04,167 |-WARN in ch.qos.logback.core.rolling.SizeAndTimeBasedFNATP@4d339552 - For more information see http://logback.qos.ch/manual/appenders.html#SizeAndTimeBasedRollingPolicy
17:02:04,171 |-INFO in ch.qos.logback.core.joran.action.NestedComplexPropertyIA - Assuming default type [ch.qos.logback.classic.encoder.PatternLayoutEncoder] for [encoder] property
17:02:04,176 |-INFO in ch.qos.logback.core.rolling.RollingFileAppender[FILE] - Active log file name: /tmp/application.log
17:02:04,176 |-INFO in ch.qos.logback.core.rolling.RollingFileAppender[FILE] - File property is set to [/tmp/application.log]
17:02:04,177 |-INFO in ch.qos.logback.classic.joran.action.RootLoggerAction - Setting level of ROOT logger to INFO
17:02:04,177 |-INFO in ch.qos.logback.core.joran.action.AppenderRefAction - Attaching appender named [STDOUT] to Logger[ROOT]
17:02:04,178 |-INFO in ch.qos.logback.core.joran.action.AppenderRefAction - Attaching appender named [FILE] to Logger[ROOT]
17:02:04,178 |-INFO in ch.qos.logback.classic.joran.action.ConfigurationAction - End of configuration.
17:02:04,178 |-INFO in ch.qos.logback.classic.joran.JoranConfigurator@f0f2775 - Registering current configuration as safe fallback point

17:02:04.182 [main] INFO  c.s.f.r.a.WorkerApplication  - Starting worker with id: '10.0.0.52', host: '10.0.0.52:5412', zkString: '10.0.0.101:2181'
17:02:05.043 [worker-akka.actor.default-dispatcher-2] INFO  a.e.s.Slf4jLogger  - Slf4jLogger started
2018-03-22T17:02:05.185+0000: 1.801: [Full GC (Metadata GC Threshold) 2018-03-22T17:02:05.185+0000: 1.801: [Tenured: 0K->15818K(341376K), 0.0393242 secs] 134103K->15818K(494976K), [Metaspace: 20890K->20890K(1067008K)], 0.0393910 secs] [Times: user=0.04 sys=0.00, real=0.04 secs] 
Ama winner
Ama winner
17:02:05.585 [worker-akka.actor.default-dispatcher-2] INFO  a.r.a.ArteryTransport(akka://worker) akka.remote.artery.ArteryTransport(akka://worker) - Started embedded media driver in directory [/dev/shm/aeron-root-worker-eb1cb8cf-bdba-49d4-8adc-cb3554c9db45]
17:02:05.764 [worker-akka.actor.default-dispatcher-2] INFO  a.r.a.ArteryTransport(akka://worker) akka.remote.artery.ArteryTransport(akka://worker) - Remoting started; listening on address: [akka://worker@10.0.0.52:5412] with UID [8931110439415245480]
17:02:05.819 [worker-akka.actor.default-dispatcher-7] INFO  a.a.RepointableActorRef akka://worker/user/watcher - Starting...
17:02:05.831 [worker-akka.actor.default-dispatcher-2] INFO  o.a.z.ZooKeeper  - Client environment:zookeeper.version=3.4.9-1757313, built on 08/23/2016 06:50 GMT
17:02:05.831 [worker-akka.actor.default-dispatcher-2] INFO  o.a.z.ZooKeeper  - Client environment:host.name=localhost
17:02:05.831 [worker-akka.actor.default-dispatcher-2] INFO  o.a.z.ZooKeeper  - Client environment:java.version=1.8.0_151
17:02:05.831 [worker-akka.actor.default-dispatcher-2] INFO  o.a.z.ZooKeeper  - Client environment:java.vendor=Oracle Corporation
17:02:05.831 [worker-akka.actor.default-dispatcher-2] INFO  o.a.z.ZooKeeper  - Client environment:java.home=/usr/lib/jvm/java-8-openjdk-amd64/jre
17:02:05.831 [worker-akka.actor.default-dispatcher-2] INFO  o.a.z.ZooKeeper  - Client environment:java.class.path=lib/commons-cli-1.4.jar:lib/minlog-1.3.0.jar:lib/asm-5.0.4.jar:lib/hadoop-annotations-2.7.3.jar:lib/hadoop-auth-2.7.3.jar:lib/akka-slf4j_2.11-2.5.6.jar:lib/jersey-core-1.9.jar:lib/lz4-1.3.0.jar:lib/jackson-core-asl-1.9.13.jar:lib/aeron-client-1.3.0.jar:lib/htrace-core-3.1.0-incubating.jar:lib/xz-1.0.jar:lib/commons-httpclient-3.1.jar:lib/asm-3.1.jar:lib/commons-lang3-3.4.jar:lib/scala-library-2.11.11.jar:lib/scala-java8-compat_2.11-0.7.0.jar:lib/commons-configuration-1.6.jar:lib/objenesis-2.1.jar:lib/jackson-annotations-2.8.0.jar:lib/jsr305-3.0.0.jar:lib/curator-framework-2.7.1.jar:lib/jersey-server-1.9.jar:lib/jets3t-0.9.0.jar:lib/leveldb-0.7.jar:lib/jetty-6.1.26.jar:lib/stax-api-1.0-2.jar:lib/flamestream-core-1.0-SNAPSHOT.jar:lib/reflectasm-1.07-shaded.jar:lib/apacheds-kerberos-codec-2.0.0-M15.jar:lib/api-asn1-api-1.0.0-M20.jar:lib/commons-lang-2.6.jar:lib/commons-beanutils-1.7.0.jar:lib/jackson-xc-1.8.3.jar:lib/jetty-util-6.1.26.jar:lib/logback-classic-1.2.3.jar:lib/jool-0.9.12.jar:lib/httpcore-4.1.2.jar:lib/kryo-4.0.0.jar:lib/ant-1.8.1.jar:lib/jaxb-impl-2.2.3-1.jar:lib/jersey-json-1.9.jar:lib/commons-compress-1.4.1.jar:lib/leveldbjni-all-1.8.jar:lib/paranamer-2.3.jar:lib/jackson-core-2.8.4.jar:lib/commons-math3-3.6.1.jar:lib/scala-parser-combinators_2.11-1.0.4.jar:lib/netty-3.10.6.Final.jar:lib/trove4j-3.0.3.jar:lib/jaxb-api-2.2.2.jar:lib/logback-core-1.2.3.jar:lib/snappy-java-1.0.4.1.jar:lib/protobuf-java-2.5.0.jar:lib/reactive-streams-1.0.1.jar:lib/flamestream-examples-1.0-SNAPSHOT.jar:lib/commons-codec-1.4.jar:lib/activation-1.1.jar:lib/commons-net-3.1.jar:lib/curator-recipes-2.7.1.jar:lib/jackson-mapper-asl-1.9.13.jar:lib/jackson-databind-2.8.4.jar:lib/flamestream-runtime-1.0-SNAPSHOT.jar:lib/jackson-jaxrs-1.8.3.jar:lib/slf4j-api-1.7.24.jar:lib/akka-remote_2.11-2.5.6.jar:lib/akka-testkit_2.11-2.5.6.jar:lib/jline-0.9.94.jar:lib/jedis-2.9.0.jar:lib/akka-stream_2.11-2.5.6.jar:lib/jsp-api-2.1.jar:lib/kryonet-2.21.jar:lib/akka-kryo-serialization_2.11-0.5.0.jar:lib/config-1.3.1.jar:lib/ant-launcher-1.8.1.jar:lib/commons-logging-1.2.jar:lib/ssl-config-core_2.11-0.2.2.jar:lib/testng-6.10.jar:lib/leveldb-api-0.7.jar:lib/reflectasm-1.11.3.jar:lib/jcommander-1.48.jar:lib/commons-1.1.jar:lib/commons-digester-1.8.jar:lib/minlog-1.2.jar:lib/java-xmlbuilder-0.4.jar:lib/jettison-1.1.jar:lib/gson-2.2.4.jar:lib/jdk.tools-1.8.jar:lib/aeron-driver-1.3.0.jar:lib/zookeeper-3.4.9.jar:lib/commons-beanutils-core-1.8.0.jar:lib/commons-math3-3.1.1.jar:lib/akka-actor_2.11-2.5.6.jar:lib/curator-client-2.7.1.jar:lib/servlet-api-2.5.jar:lib/commons-pool2-2.4.2.jar:lib/apacheds-i18n-2.0.0-M15.jar:lib/commons-io-2.4.jar:lib/commons-codec-1.6.jar:lib/akka-protobuf_2.11-2.5.6.jar:lib/jdom-2.0.2.jar:lib/rocksdbjni-5.5.1.jar:lib/api-util-1.0.0-M20.jar:lib/hadoop-common-2.7.3.jar:lib/agrona-0.9.6.jar:lib/xmlenc-0.52.jar:lib/guava-21.0.jar:lib/commons-collections-3.2.2.jar:lib/avro-1.7.4.jar:lib/httpclient-4.1.2.jar:lib/flamestream-core-1.0-SNAPSHOT-tests.jar:lib/annotations-12.0.jar:lib/jsch-0.1.42.jar:flamestream-runtime-1.0-SNAPSHOT.jar
17:02:05.831 [worker-akka.actor.default-dispatcher-2] INFO  o.a.z.ZooKeeper  - Client environment:java.library.path=/usr/java/packages/lib/amd64:/usr/lib/x86_64-linux-gnu/jni:/lib/x86_64-linux-gnu:/usr/lib/x86_64-linux-gnu:/usr/lib/jni:/lib:/usr/lib
17:02:05.831 [worker-akka.actor.default-dispatcher-2] INFO  o.a.z.ZooKeeper  - Client environment:java.io.tmpdir=/tmp
17:02:05.831 [worker-akka.actor.default-dispatcher-2] INFO  o.a.z.ZooKeeper  - Client environment:java.compiler=<NA>
17:02:05.832 [worker-akka.actor.default-dispatcher-2] INFO  o.a.z.ZooKeeper  - Client environment:os.name=Linux
17:02:05.832 [worker-akka.actor.default-dispatcher-2] INFO  o.a.z.ZooKeeper  - Client environment:os.arch=amd64
17:02:05.833 [worker-akka.actor.default-dispatcher-2] INFO  o.a.z.ZooKeeper  - Client environment:os.version=4.4.0-1049-aws
17:02:05.834 [worker-akka.actor.default-dispatcher-2] INFO  o.a.z.ZooKeeper  - Client environment:user.name=root
17:02:05.834 [worker-akka.actor.default-dispatcher-2] INFO  o.a.z.ZooKeeper  - Client environment:user.home=/root
17:02:05.834 [worker-akka.actor.default-dispatcher-2] INFO  o.a.z.ZooKeeper  - Client environment:user.dir=/opt/flamestream
17:02:05.835 [worker-akka.actor.default-dispatcher-2] INFO  o.a.z.ZooKeeper  - Initiating client connection, connectString=10.0.0.101:2181 sessionTimeout=5000 watcher=com.spbsu.flamestream.runtime.application.LifecycleWatcher$$Lambda$29/1924733145@4fb1a0ca
17:02:05.868 [worker-akka.actor.default-dispatcher-7] INFO  a.a.RepointableActorRef akka://worker/user/watcher - Initializing rocksDB backend
17:02:05.869 [worker-akka.actor.default-dispatcher-2-SendThread(10.0.0.101:2181)] INFO  o.a.z.ClientCnxn  - Opening socket connection to server 10.0.0.101/10.0.0.101:2181. Will not attempt to authenticate using SASL (unknown error)
17:02:05.877 [worker-akka.actor.default-dispatcher-2-SendThread(10.0.0.101:2181)] INFO  o.a.z.ClientCnxn  - Socket connection established to 10.0.0.101/10.0.0.101:2181, initiating session
17:02:05.892 [worker-akka.actor.default-dispatcher-2-SendThread(10.0.0.101:2181)] INFO  o.a.z.ClientCnxn  - Session establishment complete on server 10.0.0.101/10.0.0.101:2181, sessionid = 0x1624ea83f700008, negotiated timeout = 6000
17:02:06.058 [worker-akka.actor.default-dispatcher-7] INFO  a.a.RepointableActorRef akka://worker/user/watcher - Connected to ZK
17:02:13.221 [worker-akka.actor.default-dispatcher-7] INFO  a.a.RepointableActorRef akka://worker/user/watcher - Creating node with watchGraphs: 'com.spbsu.flamestream.core.Graph$Builder$MyGraph@442cde83', config: 'ClusterConfig{paths={10.0.0.62=akka://worker@10.0.0.62:5412/user/watcher/graph, 10.0.0.92=akka://worker@10.0.0.92:5412/user/watcher/graph, 10.0.0.19=akka://worker@10.0.0.19:5412/user/watcher/graph, 10.0.0.224=akka://worker@10.0.0.224:5412/user/watcher/graph, 10.0.0.16=akka://worker@10.0.0.16:5412/user/watcher/graph, 10.0.0.14=akka://worker@10.0.0.14:5412/user/watcher/graph, 10.0.0.45=akka://worker@10.0.0.45:5412/user/watcher/graph, 10.0.0.41=akka://worker@10.0.0.41:5412/user/watcher/graph, 10.0.0.52=akka://worker@10.0.0.52:5412/user/watcher/graph, 10.0.0.63=akka://worker@10.0.0.63:5412/user/watcher/graph}, ackerLocation='10.0.0.41', props=ComputationLayout{hashGroups={10.0.0.62=com.spbsu.flamestream.runtime.config.HashGroup@1ffe1b9d, 10.0.0.92=com.spbsu.flamestream.runtime.config.HashGroup@5d5c21bc, 10.0.0.19=com.spbsu.flamestream.runtime.config.HashGroup@56dcaf5d, 10.0.0.224=com.spbsu.flamestream.runtime.config.HashGroup@c65a7748, 10.0.0.16=com.spbsu.flamestream.runtime.config.HashGroup@231425fe, 10.0.0.14=com.spbsu.flamestream.runtime.config.HashGroup@fbc82752, 10.0.0.45=com.spbsu.flamestream.runtime.config.HashGroup@ccbcd570, 10.0.0.41=com.spbsu.flamestream.runtime.config.HashGroup@c01f, 10.0.0.52=com.spbsu.flamestream.runtime.config.HashGroup@4276a447, 10.0.0.63=com.spbsu.flamestream.runtime.config.HashGroup@3fc198ed}}}'
17:02:14.132 [worker-akka.actor.default-dispatcher-2] INFO  a.a.LocalActorRef akka://worker/user/watcher/graph/graph - Starting...
17:02:14.145 [worker-akka.actor.default-dispatcher-3] INFO  a.a.LocalActorRef akka://worker/user/watcher/graph/graph/local-acker/$a - Starting...
17:02:14.149 [worker-akka.actor.default-dispatcher-6] INFO  a.a.LocalActorRef akka://worker/user/watcher/graph/graph/local-acker - Starting...
17:02:15.240 [worker-akka.actor.default-dispatcher-5] INFO  a.a.LocalActorRef akka://worker/user/watcher/graph/graph - Finishing constructor
17:02:15.241 [worker-akka.actor.default-dispatcher-2] INFO  a.a.LocalActorRef akka://worker/user/watcher/graph/edge - Starting...
17:02:15.247 [worker-akka.actor.default-dispatcher-5] INFO  a.a.LocalActorRef akka://worker/user/watcher/graph/negotiator - Starting...
17:02:15.253 [worker-akka.actor.default-dispatcher-4] INFO  a.a.LocalActorRef akka://worker/user/watcher/graph - Starting...
17:02:15.290 [worker-akka.actor.default-dispatcher-11] INFO  a.a.LocalActorRef akka://worker/user/watcher/graph/graph - Received last commit 'LastCommit{globalTime=(0000000, min@min)}'
17:02:15.294 [worker-akka.actor.default-dispatcher-11] INFO  a.a.LocalActorRef akka://worker/user/watcher/graph/negotiator - Requesting ticket for the frontClass FlameSocketGraphDeployerFront@10.0.0.52
17:02:15.318 [worker-akka.actor.default-dispatcher-6] INFO  c.s.f.r.e.s.SocketRear  - FlameSocketGraphDeployerRear@10.0.0.52: connecting to 10.0.0.101:5678
17:02:15.328 [worker-akka.actor.default-dispatcher-7] INFO  a.a.LocalActorRef akka://worker/user/watcher/graph/edge/FlameSocketGraphDeployerFront - Starting...
17:02:15.333 [worker-akka.actor.default-dispatcher-6] INFO  c.s.f.r.e.s.SocketRear  - FlameSocketGraphDeployerRear@10.0.0.52: connected to 10.0.0.101:5678
17:02:15.335 [worker-akka.actor.default-dispatcher-12] INFO  a.a.LocalActorRef akka://worker/user/watcher/graph/edge/FlameSocketGraphDeployerRear - Starting...
17:02:15.371 [worker-akka.actor.default-dispatcher-12] INFO  a.a.LocalActorRef akka://worker/user/watcher/graph/graph/$a - Starting...
17:02:15.401 [worker-akka.actor.default-dispatcher-12] INFO  a.a.LocalActorRef akka://worker/user/watcher/graph/graph/$a - Attached rear to graph (-9223372036854775808, min@min)
17:02:15.406 [worker-akka.actor.default-dispatcher-12] INFO  a.a.LocalActorRef akka://worker/user/watcher/graph/graph/$b - Starting...
17:02:15.411 [worker-akka.actor.default-dispatcher-12] INFO  a.a.LocalActorRef akka://worker/user/watcher/graph/graph/$c - Starting...
17:02:15.589 [worker-akka.actor.default-dispatcher-12] INFO  a.a.LocalActorRef akka://worker/user/watcher/graph/negotiator - Ticket for the frontClass received: FrontTicket{allowedTimestamp=(0000000, FlameSocketGraphDeployerFront@10.0.0.52)}
17:02:15.590 [worker-akka.actor.default-dispatcher-12] INFO  c.s.f.r.e.s.SocketFront  - FlameSocketGraphDeployerFront@10.0.0.52: connecting to 10.0.0.101:4567
17:02:15.600 [Client] INFO  c.s.f.r.e.s.SocketFront  - FlameSocketGraphDeployerFront@10.0.0.52 has been disconnected from Connection 9
2018-03-22T17:02:19.799+0000: 16.416: [GC (Allocation Failure) 2018-03-22T17:02:19.799+0000: 16.416: [DefNew: 136576K->15554K(153600K), 0.0242769 secs] 152394K->50904K(494976K), 0.0243426 secs] [Times: user=0.02 sys=0.01, real=0.03 secs] 
2018-03-22T17:02:27.238+0000: 23.854: [GC (Allocation Failure) 2018-03-22T17:02:27.238+0000: 23.854: [DefNew: 152130K->5437K(153600K), 0.0177145 secs] 187480K->48872K(494976K), 0.0177793 secs] [Times: user=0.01 sys=0.01, real=0.02 secs] 
2018-03-22T17:02:37.788+0000: 34.404: [GC (Allocation Failure) 2018-03-22T17:02:37.788+0000: 34.404: [DefNew: 142013K->9581K(153600K), 0.0128331 secs] 185448K->53016K(494976K), 0.0129090 secs] [Times: user=0.01 sys=0.00, real=0.02 secs] 
2018-03-22T17:02:46.526+0000: 43.142: [GC (Allocation Failure) 2018-03-22T17:02:46.526+0000: 43.142: [DefNew: 146157K->9896K(153600K), 0.0205629 secs] 189592K->55174K(494976K), 0.0206292 secs] [Times: user=0.02 sys=0.00, real=0.02 secs] 
2018-03-22T17:02:54.800+0000: 51.417: [GC (Allocation Failure) 2018-03-22T17:02:54.800+0000: 51.417: [DefNew: 146472K->6058K(153600K), 0.0172220 secs] 191750K->56950K(494976K), 0.0172878 secs] [Times: user=0.01 sys=0.00, real=0.01 secs] 
2018-03-22T17:03:01.792+0000: 58.409: [GC (Allocation Failure) 2018-03-22T17:03:01.793+0000: 58.409: [DefNew: 142634K->11163K(153600K), 0.0152598 secs] 193526K->62055K(494976K), 0.0153264 secs] [Times: user=0.01 sys=0.00, real=0.01 secs] 
2018-03-22T17:03:07.947+0000: 64.564: [GC (Allocation Failure) 2018-03-22T17:03:07.947+0000: 64.564: [DefNew: 147739K->13458K(153600K), 0.0162731 secs] 198631K->67260K(494976K), 0.0163406 secs] [Times: user=0.01 sys=0.00, real=0.02 secs] 
2018-03-22T17:03:13.316+0000: 69.932: [GC (Allocation Failure) 2018-03-22T17:03:13.316+0000: 69.932: [DefNew: 147597K->10501K(153600K), 0.0181704 secs] 201399K->69534K(494976K), 0.0182372 secs] [Times: user=0.02 sys=0.00, real=0.02 secs] 
2018-03-22T17:03:20.477+0000: 77.094: [GC (Allocation Failure) 2018-03-22T17:03:20.477+0000: 77.094: [DefNew: 147077K->5007K(153600K), 0.0140241 secs] 206110K->69686K(494976K), 0.0140935 secs] [Times: user=0.02 sys=0.00, real=0.02 secs] 
2018-03-22T17:03:27.253+0000: 83.869: [GC (Allocation Failure) 2018-03-22T17:03:27.253+0000: 83.869: [DefNew: 141583K->6352K(153600K), 0.0122262 secs] 206262K->71031K(494976K), 0.0122931 secs] [Times: user=0.01 sys=0.00, real=0.01 secs] 
2018-03-22T17:03:34.321+0000: 90.938: [GC (Allocation Failure) 2018-03-22T17:03:34.321+0000: 90.938: [DefNew: 142125K->8600K(153600K), 0.0154627 secs] 206804K->73279K(494976K), 0.0155381 secs] [Times: user=0.01 sys=0.00, real=0.01 secs] 
2018-03-22T17:03:40.822+0000: 97.438: [GC (Allocation Failure) 2018-03-22T17:03:40.822+0000: 97.438: [DefNew: 142140K->8554K(153600K), 0.0172735 secs] 206818K->74536K(494976K), 0.0173427 secs] [Times: user=0.02 sys=0.00, real=0.01 secs] 
2018-03-22T17:03:47.600+0000: 104.216: [GC (Allocation Failure) 2018-03-22T17:03:47.600+0000: 104.216: [DefNew: 145130K->7180K(153600K), 0.0234075 secs] 211112K->74050K(494976K), 0.0234776 secs] [Times: user=0.03 sys=0.00, real=0.03 secs] 
2018-03-22T17:03:53.849+0000: 110.465: [GC (Allocation Failure) 2018-03-22T17:03:53.849+0000: 110.465: [DefNew: 143017K->9112K(153600K), 0.0159909 secs] 209888K->75983K(494976K), 0.0160595 secs] [Times: user=0.02 sys=0.00, real=0.01 secs] 
2018-03-22T17:03:59.796+0000: 116.413: [GC (Allocation Failure) 2018-03-22T17:03:59.796+0000: 116.413: [DefNew: 145688K->8472K(153600K), 0.0164642 secs] 212559K->76349K(494976K), 0.0165299 secs] [Times: user=0.02 sys=0.00, real=0.02 secs] 
2018-03-22T17:04:04.203+0000: 120.820: [GC (Allocation Failure) 2018-03-22T17:04:04.203+0000: 120.820: [DefNew: 145048K->8752K(153600K), 0.0271932 secs] 212925K->76629K(494976K), 0.0272658 secs] [Times: user=0.02 sys=0.00, real=0.03 secs] 
2018-03-22T17:04:08.793+0000: 125.409: [GC (Allocation Failure) 2018-03-22T17:04:08.793+0000: 125.409: [DefNew: 145328K->17024K(153600K), 0.0229121 secs] 213205K->94382K(494976K), 0.0229819 secs] [Times: user=0.02 sys=0.01, real=0.02 secs] 
2018-03-22T17:04:14.833+0000: 131.449: [GC (Allocation Failure) 2018-03-22T17:04:14.833+0000: 131.449: [DefNew: 150571K->5049K(153600K), 0.0175915 secs] 227929K->99248K(494976K), 0.0176592 secs] [Times: user=0.02 sys=0.01, real=0.02 secs] 
2018-03-22T17:04:20.488+0000: 137.105: [GC (Allocation Failure) 2018-03-22T17:04:20.488+0000: 137.105: [DefNew: 141625K->5264K(153600K), 0.0120807 secs] 235824K->99463K(494976K), 0.0121583 secs] [Times: user=0.01 sys=0.00, real=0.01 secs] 
2018-03-22T17:04:26.308+0000: 142.925: [GC (Allocation Failure) 2018-03-22T17:04:26.308+0000: 142.925: [DefNew: 141771K->6861K(153600K), 0.0130807 secs] 235969K->101060K(494976K), 0.0131459 secs] [Times: user=0.02 sys=0.00, real=0.02 secs] 
2018-03-22T17:04:31.828+0000: 148.445: [GC (Allocation Failure) 2018-03-22T17:04:31.828+0000: 148.445: [DefNew: 143423K->6739K(153600K), 0.0114769 secs] 237622K->100938K(494976K), 0.0115429 secs] [Times: user=0.01 sys=0.00, real=0.00 secs] 
2018-03-22T17:04:37.230+0000: 153.846: [GC (Allocation Failure) 2018-03-22T17:04:37.230+0000: 153.846: [DefNew: 143315K->7494K(153600K), 0.0127557 secs] 237514K->101692K(494976K), 0.0128189 secs] [Times: user=0.01 sys=0.00, real=0.01 secs] 
2018-03-22T17:04:41.832+0000: 158.449: [GC (Allocation Failure) 2018-03-22T17:04:41.832+0000: 158.449: [DefNew: 139745K->8099K(153600K), 0.0133839 secs] 233943K->102297K(494976K), 0.0134487 secs] [Times: user=0.02 sys=0.00, real=0.01 secs] 
2018-03-22T17:04:47.551+0000: 164.168: [GC (Allocation Failure) 2018-03-22T17:04:47.551+0000: 164.168: [DefNew: 144675K->8842K(153600K), 0.0132249 secs] 238873K->103041K(494976K), 0.0132995 secs] [Times: user=0.01 sys=0.00, real=0.01 secs] 
2018-03-22T17:04:52.336+0000: 168.953: [GC (Allocation Failure) 2018-03-22T17:04:52.336+0000: 168.953: [DefNew: 141541K->8576K(153600K), 0.0147096 secs] 235739K->103637K(494976K), 0.0147768 secs] [Times: user=0.01 sys=0.00, real=0.02 secs] 
2018-03-22T17:04:57.337+0000: 173.954: [GC (Allocation Failure) 2018-03-22T17:04:57.337+0000: 173.954: [DefNew: 142094K->8491K(153600K), 0.0141947 secs] 237155K->104157K(494976K), 0.0142629 secs] [Times: user=0.02 sys=0.00, real=0.02 secs] 
2018-03-22T17:05:01.909+0000: 178.526: [GC (Allocation Failure) 2018-03-22T17:05:01.909+0000: 178.526: [DefNew: 144555K->9142K(153600K), 0.0262280 secs] 240220K->104808K(494976K), 0.0263002 secs] [Times: user=0.02 sys=0.00, real=0.02 secs] 
2018-03-22T17:05:06.793+0000: 183.410: [GC (Allocation Failure) 2018-03-22T17:05:06.794+0000: 183.410: [DefNew: 145718K->9129K(153600K), 0.0167363 secs] 241384K->105901K(494976K), 0.0168073 secs] [Times: user=0.02 sys=0.00, real=0.02 secs] 
2018-03-22T17:05:11.746+0000: 188.362: [GC (Allocation Failure) 2018-03-22T17:05:11.746+0000: 188.362: [DefNew: 145705K->8580K(153600K), 0.0142050 secs] 242477K->105988K(494976K), 0.0142769 secs] [Times: user=0.01 sys=0.00, real=0.01 secs] 
2018-03-22T17:05:16.316+0000: 192.933: [GC (Allocation Failure) 2018-03-22T17:05:16.316+0000: 192.933: [DefNew: 145156K->10150K(153600K), 0.0175037 secs] 242564K->108208K(494976K), 0.0175716 secs] [Times: user=0.02 sys=0.00, real=0.02 secs] 
2018-03-22T17:05:21.337+0000: 197.954: [GC (Allocation Failure) 2018-03-22T17:05:21.337+0000: 197.954: [DefNew: 145526K->7259K(153600K), 0.0143572 secs] 243584K->107080K(494976K), 0.0144301 secs] [Times: user=0.01 sys=0.00, real=0.02 secs] 
2018-03-22T17:05:25.800+0000: 202.417: [GC (Allocation Failure) 2018-03-22T17:05:25.800+0000: 202.417: [DefNew: 143835K->9082K(153600K), 0.0145455 secs] 243656K->108903K(494976K), 0.0146125 secs] [Times: user=0.02 sys=0.00, real=0.01 secs] 
2018-03-22T17:05:30.404+0000: 207.021: [GC (Allocation Failure) 2018-03-22T17:05:30.404+0000: 207.021: [DefNew: 140914K->7873K(153600K), 0.0251910 secs] 240735K->108333K(494976K), 0.0252595 secs] [Times: user=0.03 sys=0.00, real=0.03 secs] 
2018-03-22T17:05:34.799+0000: 211.415: [GC (Allocation Failure) 2018-03-22T17:05:34.799+0000: 211.415: [DefNew: 144449K->9855K(153600K), 0.0152239 secs] 244909K->110314K(494976K), 0.0152925 secs] [Times: user=0.02 sys=0.00, real=0.02 secs] 
2018-03-22T17:05:38.842+0000: 215.458: [GC (Allocation Failure) 2018-03-22T17:05:38.842+0000: 215.458: [DefNew: 140611K->7988K(153600K), 0.0150228 secs] 241070K->110162K(494976K), 0.0150915 secs] [Times: user=0.01 sys=0.00, real=0.01 secs] 
2018-03-22T17:05:43.347+0000: 219.963: [GC (Allocation Failure) 2018-03-22T17:05:43.347+0000: 219.963: [DefNew: 138453K->8279K(153600K), 0.0124588 secs] 240626K->110452K(494976K), 0.0125415 secs] [Times: user=0.02 sys=0.00, real=0.01 secs] 
2018-03-22T17:05:47.845+0000: 224.462: [GC (Allocation Failure) 2018-03-22T17:05:47.845+0000: 224.462: [DefNew: 138460K->8865K(153600K), 0.0123524 secs] 240634K->111038K(494976K), 0.0124169 secs] [Times: user=0.01 sys=0.00, real=0.01 secs] 
2018-03-22T17:05:52.291+0000: 228.908: [GC (Allocation Failure) 2018-03-22T17:05:52.291+0000: 228.908: [DefNew: 145441K->9014K(153600K), 0.0139345 secs] 247614K->111796K(494976K), 0.0139992 secs] [Times: user=0.02 sys=0.00, real=0.01 secs] 
2018-03-22T17:05:56.292+0000: 232.908: [GC (Allocation Failure) 2018-03-22T17:05:56.292+0000: 232.909: [DefNew: 145590K->9737K(153600K), 0.0229708 secs] 248372K->112991K(494976K), 0.0231763 secs] [Times: user=0.01 sys=0.02, real=0.02 secs] 
2018-03-22T17:06:00.678+0000: 237.295: [GC (Allocation Failure) 2018-03-22T17:06:00.679+0000: 237.295: [DefNew: 146313K->8356K(153600K), 0.0264112 secs] 249567K->112842K(494976K), 0.0264781 secs] [Times: user=0.03 sys=0.00, real=0.03 secs] 
2018-03-22T17:06:04.851+0000: 241.468: [GC (Allocation Failure) 2018-03-22T17:06:04.851+0000: 241.468: [DefNew: 139438K->9104K(153600K), 0.0126809 secs] 243924K->113590K(494976K), 0.0127497 secs] [Times: user=0.01 sys=0.00, real=0.01 secs] 
2018-03-22T17:06:09.362+0000: 245.979: [GC (Allocation Failure) 2018-03-22T17:06:09.362+0000: 245.979: [DefNew: 141503K->8871K(153600K), 0.0138528 secs] 245989K->113986K(494976K), 0.0139250 secs] [Times: user=0.01 sys=0.00, real=0.01 secs] 
2018-03-22T17:06:13.789+0000: 250.405: [GC (Allocation Failure) 2018-03-22T17:06:13.789+0000: 250.405: [DefNew: 145447K->9068K(153600K), 0.0137542 secs] 250562K->114743K(494976K), 0.0138199 secs] [Times: user=0.01 sys=0.00, real=0.01 secs] 
2018-03-22T17:06:18.113+0000: 254.729: [GC (Allocation Failure) 2018-03-22T17:06:18.113+0000: 254.729: [DefNew: 145644K->8221K(153600K), 0.0139045 secs] 251319K->115063K(494976K), 0.0139817 secs] [Times: user=0.02 sys=0.00, real=0.01 secs] 
2018-03-22T17:06:22.295+0000: 258.912: [GC (Allocation Failure) 2018-03-22T17:06:22.295+0000: 258.912: [DefNew: 144797K->9917K(153600K), 0.0149516 secs] 251639K->116760K(494976K), 0.0150191 secs] [Times: user=0.01 sys=0.00, real=0.02 secs] 
2018-03-22T17:06:26.298+0000: 262.915: [GC (Allocation Failure) 2018-03-22T17:06:26.298+0000: 262.915: [DefNew: 146493K->9010K(153600K), 0.0153567 secs] 253336K->117160K(494976K), 0.0154256 secs] [Times: user=0.01 sys=0.00, real=0.02 secs] 
2018-03-22T17:06:30.292+0000: 266.909: [GC (Allocation Failure) 2018-03-22T17:06:30.292+0000: 266.909: [DefNew: 145586K->8711K(153600K), 0.0142100 secs] 253736K->117397K(494976K), 0.0142799 secs] [Times: user=0.01 sys=0.00, real=0.01 secs] 
2018-03-22T17:06:33.867+0000: 270.483: [GC (Allocation Failure) 2018-03-22T17:06:33.867+0000: 270.484: [DefNew: 141307K->8033K(153600K), 0.0133977 secs] 249994K->117208K(494976K), 0.0134636 secs] [Times: user=0.02 sys=0.00, real=0.02 secs] 
2018-03-22T17:06:37.810+0000: 274.427: [GC (Allocation Failure) 2018-03-22T17:06:37.810+0000: 274.427: [DefNew: 144609K->11508K(153600K), 0.0219837 secs] 253784K->120683K(494976K), 0.0220435 secs] [Times: user=0.02 sys=0.01, real=0.02 secs] 
2018-03-22T17:06:41.427+0000: 278.043: [GC (Allocation Failure) 2018-03-22T17:06:41.427+0000: 278.043: [DefNew: 147049K->6908K(153600K), 0.0285078 secs] 256224K->119193K(494976K), 0.0285776 secs] [Times: user=0.03 sys=0.00, real=0.03 secs] 
2018-03-22T17:06:44.859+0000: 281.476: [GC (Allocation Failure) 2018-03-22T17:06:44.859+0000: 281.476: [DefNew: 137620K->7783K(153600K), 0.0116759 secs] 249904K->120067K(494976K), 0.0117458 secs] [Times: user=0.01 sys=0.00, real=0.02 secs] 
2018-03-22T17:06:48.255+0000: 284.872: [GC (Allocation Failure) 2018-03-22T17:06:48.256+0000: 284.872: [DefNew: 144359K->8859K(153600K), 0.0131484 secs] 256643K->121143K(494976K), 0.0132260 secs] [Times: user=0.01 sys=0.00, real=0.02 secs] 
2018-03-22T17:06:51.864+0000: 288.481: [GC (Allocation Failure) 2018-03-22T17:06:51.864+0000: 288.481: [DefNew: 141741K->8564K(153600K), 0.0128512 secs] 254025K->121585K(494976K), 0.0129405 secs] [Times: user=0.01 sys=0.01, real=0.01 secs] 
2018-03-22T17:06:55.360+0000: 291.977: [GC (Allocation Failure) 2018-03-22T17:06:55.360+0000: 291.977: [DefNew: 141803K->8670K(153600K), 0.0130586 secs] 254824K->122286K(494976K), 0.0131237 secs] [Times: user=0.02 sys=0.00, real=0.01 secs] 
2018-03-22T17:06:58.377+0000: 294.994: [GC (Allocation Failure) 2018-03-22T17:06:58.377+0000: 294.994: [DefNew: 137944K->17024K(153600K), 0.0185046 secs] 251560K->139279K(494976K), 0.0185815 secs] [Times: user=0.02 sys=0.00, real=0.02 secs] 
2018-03-22T17:07:01.443+0000: 298.060: [GC (Allocation Failure) 2018-03-22T17:07:01.443+0000: 298.060: [DefNew: 151608K->17023K(153600K), 0.0497616 secs] 273863K->159255K(494976K), 0.0498391 secs] [Times: user=0.03 sys=0.02, real=0.05 secs] 
2018-03-22T17:07:04.872+0000: 301.489: [GC (Allocation Failure) 2018-03-22T17:07:04.872+0000: 301.489: [DefNew: 146162K->2211K(153600K), 0.0131857 secs] 288394K->161207K(494976K), 0.0132539 secs] [Times: user=0.01 sys=0.01, real=0.01 secs] 
2018-03-22T17:07:08.312+0000: 304.928: [GC (Allocation Failure) 2018-03-22T17:07:08.312+0000: 304.928: [DefNew: 138787K->8251K(153600K), 0.0140517 secs] 297783K->167247K(494976K), 0.0141199 secs] [Times: user=0.01 sys=0.00, real=0.01 secs] 
2018-03-22T17:07:11.871+0000: 308.488: [GC (Allocation Failure) 2018-03-22T17:07:11.871+0000: 308.488: [DefNew: 137477K->6277K(153600K), 0.0093215 secs] 296473K->165273K(494976K), 0.0093992 secs] [Times: user=0.01 sys=0.00, real=0.01 secs] 
2018-03-22T17:07:15.366+0000: 311.982: [GC (Allocation Failure) 2018-03-22T17:07:15.366+0000: 311.982: [DefNew: 141221K->7482K(153600K), 0.0112088 secs] 300218K->166478K(494976K), 0.0112739 secs] [Times: user=0.02 sys=0.00, real=0.01 secs] 
2018-03-22T17:07:18.866+0000: 315.483: [GC (Allocation Failure) 2018-03-22T17:07:18.866+0000: 315.483: [DefNew: 143273K->8269K(153600K), 0.0115599 secs] 302269K->167265K(494976K), 0.0116273 secs] [Times: user=0.01 sys=0.00, real=0.01 secs] 
2018-03-22T17:07:22.321+0000: 318.937: [GC (Allocation Failure) 2018-03-22T17:07:22.321+0000: 318.937: [DefNew: 144845K->10339K(153600K), 0.0257240 secs] 303841K->169335K(494976K), 0.0257911 secs] [Times: user=0.03 sys=0.00, real=0.02 secs] 
2018-03-22T17:07:25.448+0000: 322.064: [GC (Allocation Failure) 2018-03-22T17:07:25.448+0000: 322.064: [DefNew: 142000K->7802K(153600K), 0.0287299 secs] 300996K->168625K(494976K), 0.0288012 secs] [Times: user=0.02 sys=0.00, real=0.03 secs] 
2018-03-22T17:07:28.363+0000: 324.980: [GC (Allocation Failure) 2018-03-22T17:07:28.363+0000: 324.980: [DefNew: 135718K->8517K(153600K), 0.0113465 secs] 296541K->169340K(494976K), 0.0114210 secs] [Times: user=0.01 sys=0.00, real=0.01 secs] 
2018-03-22T17:07:31.444+0000: 328.060: [GC (Allocation Failure) 2018-03-22T17:07:31.444+0000: 328.060: [DefNew: 145093K->8350K(153600K), 0.0129227 secs] 305916K->169883K(494976K), 0.0129962 secs] [Times: user=0.01 sys=0.00, real=0.01 secs] 
2018-03-22T17:07:34.866+0000: 331.482: [GC (Allocation Failure) 2018-03-22T17:07:34.866+0000: 331.482: [DefNew: 136816K->8877K(153600K), 0.0116616 secs] 298349K->170410K(494976K), 0.0117341 secs] [Times: user=0.02 sys=0.00, real=0.01 secs] 
2018-03-22T17:07:38.050+0000: 334.667: [GC (Allocation Failure) 2018-03-22T17:07:38.051+0000: 334.667: [DefNew: 145453K->8793K(153600K), 0.0128037 secs] 306986K->170941K(494976K), 0.0128698 secs] [Times: user=0.01 sys=0.00, real=0.01 secs] 
2018-03-22T17:07:41.367+0000: 337.983: [GC (Allocation Failure) 2018-03-22T17:07:41.367+0000: 337.983: [DefNew: 140256K->8759K(153600K), 0.0118934 secs] 302405K->171455K(494976K), 0.0119622 secs] [Times: user=0.01 sys=0.00, real=0.01 secs] 
2018-03-22T17:07:44.868+0000: 341.485: [GC (Allocation Failure) 2018-03-22T17:07:44.868+0000: 341.485: [DefNew: 141956K->8386K(153600K), 0.0121496 secs] 304651K->171750K(494976K), 0.0122191 secs] [Times: user=0.01 sys=0.00, real=0.01 secs] 
2018-03-22T17:07:48.313+0000: 344.930: [GC (Allocation Failure) 2018-03-22T17:07:48.313+0000: 344.930: [DefNew: 144962K->11768K(153600K), 0.0167002 secs] 308326K->175132K(494976K), 0.0167852 secs] [Times: user=0.02 sys=0.00, real=0.02 secs] 
2018-03-22T17:07:51.428+0000: 348.044: [GC (Allocation Failure) 2018-03-22T17:07:51.428+0000: 348.044: [DefNew: 147724K->6284K(153600K), 0.0150487 secs] 311089K->173072K(494976K), 0.0151205 secs] [Times: user=0.01 sys=0.00, real=0.02 secs] 
2018-03-22T17:07:54.846+0000: 351.462: [GC (Allocation Failure) 2018-03-22T17:07:54.846+0000: 351.462: [DefNew: 142860K->10669K(153600K), 0.0217936 secs] 309648K->177456K(494976K), 0.0218549 secs] [Times: user=0.02 sys=0.00, real=0.02 secs] 
2018-03-22T17:07:58.235+0000: 354.852: [GC (Allocation Failure) 2018-03-22T17:07:58.235+0000: 354.852: [DefNew: 147245K->5026K(153600K), 0.0197971 secs] 314032K->174860K(494976K), 0.0198769 secs] [Times: user=0.02 sys=0.00, real=0.02 secs] 
2018-03-22T17:08:01.390+0000: 358.007: [GC (Allocation Failure) 2018-03-22T17:08:01.390+0000: 358.007: [DefNew: 141602K->9703K(153600K), 0.0292818 secs] 311436K->179536K(494976K), 0.0293492 secs] [Times: user=0.03 sys=0.00, real=0.02 secs] 
2018-03-22T17:08:04.459+0000: 361.075: [GC (Allocation Failure) 2018-03-22T17:08:04.459+0000: 361.075: [DefNew: 139480K->6700K(153600K), 0.0208544 secs] 309314K->177498K(494976K), 0.0209245 secs] [Times: user=0.02 sys=0.00, real=0.02 secs] 
2018-03-22T17:08:07.375+0000: 363.992: [GC (Allocation Failure) 2018-03-22T17:08:07.375+0000: 363.992: [DefNew: 134038K->7485K(153600K), 0.0102394 secs] 304836K->178283K(494976K), 0.0103059 secs] [Times: user=0.01 sys=0.00, real=0.01 secs] 
2018-03-22T17:08:10.213+0000: 366.830: [GC (Allocation Failure) 2018-03-22T17:08:10.213+0000: 366.830: [DefNew: 144061K->8580K(153600K), 0.0122044 secs] 314859K->179378K(494976K), 0.0122745 secs] [Times: user=0.01 sys=0.00, real=0.01 secs] 
2018-03-22T17:08:13.370+0000: 369.987: [GC (Allocation Failure) 2018-03-22T17:08:13.371+0000: 369.987: [DefNew: 136960K->8240K(153600K), 0.0113512 secs] 307758K->179609K(494976K), 0.0114206 secs] [Times: user=0.01 sys=0.01, real=0.01 secs] 
2018-03-22T17:08:16.791+0000: 373.408: [GC (Allocation Failure) 2018-03-22T17:08:16.791+0000: 373.408: [DefNew: 144816K->9254K(153600K), 0.0124122 secs] 316185K->180624K(494976K), 0.0124894 secs] [Times: user=0.02 sys=0.00, real=0.01 secs] 
2018-03-22T17:08:19.877+0000: 376.494: [GC (Allocation Failure) 2018-03-22T17:08:19.877+0000: 376.494: [DefNew: 137299K->9055K(153600K), 0.0128787 secs] 308669K->181177K(494976K), 0.0129502 secs] [Times: user=0.01 sys=0.00, real=0.02 secs] 
2018-03-22T17:08:22.975+0000: 379.592: [GC (Allocation Failure) 2018-03-22T17:08:22.975+0000: 379.592: [DefNew: 136157K->8849K(153600K), 0.0160231 secs] 308280K->181589K(494976K), 0.0160995 secs] [Times: user=0.01 sys=0.00, real=0.02 secs] 
2018-03-22T17:08:25.975+0000: 382.592: [GC (Allocation Failure) 2018-03-22T17:08:25.975+0000: 382.592: [DefNew: 141252K->9060K(153600K), 0.0206213 secs] 313992K->182343K(494976K), 0.0206886 secs] [Times: user=0.03 sys=0.00, real=0.02 secs] 
2018-03-22T17:08:28.969+0000: 385.585: [GC (Allocation Failure) 2018-03-22T17:08:28.969+0000: 385.585: [DefNew: 139022K->8733K(153600K), 0.0248515 secs] 312305K->182699K(494976K), 0.0249319 secs] [Times: user=0.03 sys=0.00, real=0.02 secs] 
2018-03-22T17:08:31.873+0000: 388.490: [GC (Allocation Failure) 2018-03-22T17:08:31.873+0000: 388.490: [DefNew: 141085K->9238K(153600K), 0.0128777 secs] 315050K->183654K(494976K), 0.0129440 secs] [Times: user=0.01 sys=0.00, real=0.01 secs] 
2018-03-22T17:08:34.876+0000: 391.492: [GC (Allocation Failure) 2018-03-22T17:08:34.876+0000: 391.492: [DefNew: 138773K->8485K(153600K), 0.0131243 secs] 313189K->184042K(494976K), 0.0131936 secs] [Times: user=0.01 sys=0.00, real=0.02 secs] 
2018-03-22T17:08:38.190+0000: 394.807: [GC (Allocation Failure) 2018-03-22T17:08:38.190+0000: 394.807: [DefNew: 145061K->8758K(153600K), 0.0110971 secs] 320618K->184315K(494976K), 0.0111664 secs] [Times: user=0.01 sys=0.00, real=0.01 secs] 
2018-03-22T17:08:41.300+0000: 397.916: [GC (Allocation Failure) 2018-03-22T17:08:41.300+0000: 397.916: [DefNew: 145256K->10031K(153600K), 0.0137586 secs] 320812K->186140K(494976K), 0.0138464 secs] [Times: user=0.01 sys=0.00, real=0.02 secs] 
2018-03-22T17:08:43.986+0000: 400.603: [GC (Allocation Failure) 2018-03-22T17:08:43.986+0000: 400.603: [DefNew: 146607K->7265K(153600K), 0.0121842 secs] 322716K->185698K(494976K), 0.0122468 secs] [Times: user=0.02 sys=0.00, real=0.01 secs] 
2018-03-22T17:08:47.304+0000: 403.921: [GC (Allocation Failure) 2018-03-22T17:08:47.304+0000: 403.921: [DefNew: 143841K->9982K(153600K), 0.0134694 secs] 322274K->188415K(494976K), 0.0135342 secs] [Times: user=0.01 sys=0.00, real=0.01 secs] 
2018-03-22T17:08:50.316+0000: 406.933: [GC (Allocation Failure) 2018-03-22T17:08:50.316+0000: 406.933: [DefNew: 146558K->10950K(153600K), 0.0173951 secs] 324991K->190664K(494976K), 0.0174612 secs] [Times: user=0.02 sys=0.00, real=0.02 secs] 
2018-03-22T17:08:53.324+0000: 409.941: [GC (Allocation Failure) 2018-03-22T17:08:53.324+0000: 409.941: [DefNew: 147526K->10045K(153600K), 0.0175624 secs] 327240K->191819K(494976K), 0.0176446 secs] [Times: user=0.02 sys=0.00, real=0.02 secs] 
2018-03-22T17:08:56.295+0000: 412.912: [GC (Allocation Failure) 2018-03-22T17:08:56.295+0000: 412.912: [DefNew: 146621K->6141K(153600K), 0.0121194 secs] 328395K->190152K(494976K), 0.0121891 secs] [Times: user=0.01 sys=0.00, real=0.01 secs] 
2018-03-22T17:08:58.882+0000: 415.499: [GC (Allocation Failure) 2018-03-22T17:08:58.883+0000: 415.499: [DefNew: 139604K->7229K(153600K), 0.0100312 secs] 323614K->191240K(494976K), 0.0100980 secs] [Times: user=0.01 sys=0.00, real=0.01 secs] 
2018-03-22T17:09:01.890+0000: 418.507: [GC (Allocation Failure) 2018-03-22T17:09:01.890+0000: 418.507: [DefNew: 139706K->8000K(153600K), 0.0107527 secs] 323717K->192011K(494976K), 0.0108267 secs] [Times: user=0.01 sys=0.00, real=0.01 secs] 
2018-03-22T17:09:04.812+0000: 421.428: [GC (Allocation Failure) 2018-03-22T17:09:04.812+0000: 421.428: [DefNew: 144449K->11311K(153600K), 0.0171040 secs] 328459K->195321K(494976K), 0.0171734 secs] [Times: user=0.02 sys=0.00, real=0.02 secs] 
2018-03-22T17:09:07.885+0000: 424.502: [GC (Allocation Failure) 2018-03-22T17:09:07.885+0000: 424.502: [DefNew: 147457K->6731K(153600K), 0.0127190 secs] 331467K->193572K(494976K), 0.0127885 secs] [Times: user=0.01 sys=0.00, real=0.01 secs] 
2018-03-22T17:09:10.883+0000: 427.500: [GC (Allocation Failure) 2018-03-22T17:09:10.883+0000: 427.500: [DefNew: 142355K->7697K(153600K), 0.0100741 secs] 329197K->194538K(494976K), 0.0101422 secs] [Times: user=0.01 sys=0.00, real=0.01 secs] 
2018-03-22T17:09:13.795+0000: 430.412: [GC (Allocation Failure) 2018-03-22T17:09:13.795+0000: 430.412: [DefNew: 144273K->9602K(153600K), 0.0126501 secs] 331114K->196444K(494976K), 0.0127197 secs] [Times: user=0.01 sys=0.00, real=0.01 secs] 
2018-03-22T17:09:16.796+0000: 433.413: [GC (Allocation Failure) 2018-03-22T17:09:16.796+0000: 433.413: [DefNew: 146178K->8104K(153600K), 0.0126467 secs] 333020K->196456K(494976K), 0.0127157 secs] [Times: user=0.00 sys=0.01, real=0.02 secs] 
2018-03-22T17:09:19.385+0000: 436.002: [GC (Allocation Failure) 2018-03-22T17:09:19.385+0000: 436.002: [DefNew: 139719K->9111K(153600K), 0.0114387 secs] 328071K->197463K(494976K), 0.0115053 secs] [Times: user=0.01 sys=0.00, real=0.01 secs] 
2018-03-22T17:09:22.302+0000: 438.919: [GC (Allocation Failure) 2018-03-22T17:09:22.303+0000: 438.919: [DefNew: 145687K->10450K(153600K), 0.0141203 secs] 334039K->199484K(494976K), 0.0141872 secs] [Times: user=0.02 sys=0.00, real=0.01 secs] 
2018-03-22T17:09:24.995+0000: 441.612: [GC (Allocation Failure) 2018-03-22T17:09:24.995+0000: 441.612: [DefNew: 142366K->7873K(153600K), 0.0160558 secs] 331400K->198583K(494976K), 0.0161292 secs] [Times: user=0.02 sys=0.00, real=0.02 secs] 
2018-03-22T17:09:27.835+0000: 444.452: [GC (Allocation Failure) 2018-03-22T17:09:27.835+0000: 444.452: [DefNew: 144449K->11256K(153600K), 0.0274561 secs] 335159K->201965K(494976K), 0.0275261 secs] [Times: user=0.03 sys=0.00, real=0.03 secs] 
2018-03-22T17:09:30.854+0000: 447.470: [GC (Allocation Failure) 2018-03-22T17:09:30.854+0000: 447.470: [DefNew: 147832K->9775K(153600K), 0.0358075 secs] 338541K->203393K(494976K), 0.0358845 secs] [Times: user=0.04 sys=0.00, real=0.04 secs] 
2018-03-22T17:09:33.974+0000: 450.590: [GC (Allocation Failure) 2018-03-22T17:09:33.974+0000: 450.590: [DefNew: 146351K->5822K(153600K), 0.0116182 secs] 339969K->200976K(494976K), 0.0116852 secs] [Times: user=0.01 sys=0.00, real=0.01 secs] 
2018-03-22T17:09:36.813+0000: 453.429: [GC (Allocation Failure) 2018-03-22T17:09:36.813+0000: 453.429: [DefNew: 142311K->8636K(153600K), 0.0234358 secs] 337464K->203789K(494976K), 0.0235020 secs] [Times: user=0.03 sys=0.00, real=0.02 secs] 
2018-03-22T17:09:39.506+0000: 456.123: [GC (Allocation Failure) 2018-03-22T17:09:39.506+0000: 456.123: [DefNew: 133759K->7445K(153600K), 0.0192187 secs] 328912K->203280K(494976K), 0.0192885 secs] [Times: user=0.02 sys=0.00, real=0.02 secs] 
2018-03-22T17:09:42.306+0000: 458.923: [GC (Allocation Failure) 2018-03-22T17:09:42.306+0000: 458.923: [DefNew: 144021K->9311K(153600K), 0.0227016 secs] 339856K->205146K(494976K), 0.0227765 secs] [Times: user=0.03 sys=0.00, real=0.03 secs] 
2018-03-22T17:09:44.917+0000: 461.534: [GC (Allocation Failure) 2018-03-22T17:09:44.917+0000: 461.534: [DefNew: 145887K->12386K(153600K), 0.0378221 secs] 341722K->208849K(494976K), 0.0378934 secs] [Times: user=0.04 sys=0.00, real=0.04 secs] 
2018-03-22T17:09:47.821+0000: 464.438: [GC (Allocation Failure) 2018-03-22T17:09:47.821+0000: 464.438: [DefNew: 148962K->7371K(153600K), 0.0320959 secs] 345425K->207782K(494976K), 0.0321732 secs] [Times: user=0.03 sys=0.00, real=0.03 secs] 
2018-03-22T17:09:50.474+0000: 467.090: [GC (Allocation Failure) 2018-03-22T17:09:50.474+0000: 467.090: [DefNew: 143947K->6929K(153600K), 0.0104553 secs] 344358K->207339K(494976K), 0.0105213 secs] [Times: user=0.01 sys=0.00, real=0.01 secs] 
2018-03-22T17:09:53.384+0000: 470.000: [GC (Allocation Failure) 2018-03-22T17:09:53.384+0000: 470.000: [DefNew: 143464K->8411K(153600K), 0.0106842 secs] 343875K->208822K(494976K), 0.0107548 secs] [Times: user=0.01 sys=0.00, real=0.01 secs] 
2018-03-22T17:09:56.307+0000: 472.923: [GC (Allocation Failure) 2018-03-22T17:09:56.307+0000: 472.923: [DefNew: 144987K->10400K(153600K), 0.0132242 secs] 345398K->210811K(494976K), 0.0132901 secs] [Times: user=0.01 sys=0.00, real=0.01 secs] 
2018-03-22T17:09:59.400+0000: 476.017: [GC (Allocation Failure) 2018-03-22T17:09:59.400+0000: 476.017: [DefNew: 145100K->6947K(153600K), 0.0113136 secs] 345511K->209480K(494976K), 0.0113825 secs] [Times: user=0.01 sys=0.00, real=0.01 secs] 
2018-03-22T17:10:02.203+0000: 478.820: [GC (Allocation Failure) 2018-03-22T17:10:02.203+0000: 478.820: [DefNew: 143523K->8702K(153600K), 0.0123854 secs] 346056K->211235K(494976K), 0.0124570 secs] [Times: user=0.02 sys=0.00, real=0.01 secs] 
2018-03-22T17:10:04.866+0000: 481.482: [GC (Allocation Failure) 2018-03-22T17:10:04.866+0000: 481.482: [DefNew: 145278K->12055K(153600K), 0.0182822 secs] 347811K->215362K(494976K), 0.0183521 secs] [Times: user=0.02 sys=0.00, real=0.02 secs] 
2018-03-22T17:10:07.396+0000: 484.012: [GC (Allocation Failure) 2018-03-22T17:10:07.396+0000: 484.012: [DefNew: 137713K->5542K(153600K), 0.0126610 secs] 341020K->212777K(494976K), 0.0127330 secs] [Times: user=0.02 sys=0.00, real=0.02 secs] 
2018-03-22T17:10:10.208+0000: 486.825: [GC (Allocation Failure) 2018-03-22T17:10:10.208+0000: 486.825: [DefNew: 142118K->6811K(153600K), 0.0142451 secs] 349353K->214045K(494976K), 0.0142974 secs] [Times: user=0.01 sys=0.00, real=0.01 secs] 
2018-03-22T17:10:12.998+0000: 489.614: [GC (Allocation Failure) 2018-03-22T17:10:12.998+0000: 489.614: [DefNew: 141467K->7970K(153600K), 0.0157224 secs] 348702K->215204K(494976K), 0.0157960 secs] [Times: user=0.02 sys=0.00, real=0.02 secs] 
2018-03-22T17:10:15.434+0000: 492.051: [GC (Allocation Failure) 2018-03-22T17:10:15.434+0000: 492.051: [DefNew: 132097K->9079K(153600K), 0.0126530 secs] 339332K->216313K(494976K), 0.0127056 secs] [Times: user=0.01 sys=0.00, real=0.01 secs] 
2018-03-22T17:10:18.296+0000: 494.913: [GC (Allocation Failure) 2018-03-22T17:10:18.296+0000: 494.913: [DefNew: 145655K->9212K(153600K), 0.0118136 secs] 352889K->217211K(494976K), 0.0118810 secs] [Times: user=0.01 sys=0.00, real=0.01 secs] 
2018-03-22T17:10:20.873+0000: 497.489: [GC (Allocation Failure) 2018-03-22T17:10:20.873+0000: 497.489: [DefNew: 145788K->12471K(153600K), 0.0189034 secs] 353787K->221369K(494976K), 0.0189713 secs] [Times: user=0.02 sys=0.00, real=0.02 secs] 
2018-03-22T17:10:23.300+0000: 499.917: [GC (Allocation Failure) 2018-03-22T17:10:23.300+0000: 499.917: [DefNew: 149047K->7219K(153600K), 0.0148590 secs] 357945K->219898K(494976K), 0.0149269 secs] [Times: user=0.01 sys=0.00, real=0.01 secs] 
2018-03-22T17:10:25.762+0000: 502.378: [GC (Allocation Failure) 2018-03-22T17:10:25.762+0000: 502.378: [DefNew: 143795K->7489K(153600K), 0.0097079 secs] 356474K->220168K(494976K), 0.0097724 secs] [Times: user=0.01 sys=0.00, real=0.01 secs] 
2018-03-22T17:10:28.391+0000: 505.008: [GC (Allocation Failure) 2018-03-22T17:10:28.391+0000: 505.008: [DefNew: 138717K->8412K(153600K), 0.0100503 secs] 351396K->221091K(494976K), 0.0101215 secs] [Times: user=0.01 sys=0.00, real=0.01 secs] 
2018-03-22T17:10:30.889+0000: 507.505: [GC (Allocation Failure) 2018-03-22T17:10:30.889+0000: 507.505: [DefNew: 134582K->9329K(153600K), 0.0111039 secs] 347261K->222008K(494976K), 0.0111711 secs] [Times: user=0.01 sys=0.00, real=0.00 secs] 
2018-03-22T17:10:33.820+0000: 510.437: [GC (Allocation Failure) 2018-03-22T17:10:33.820+0000: 510.437: [DefNew: 145905K->12398K(153600K), 0.0183412 secs] 358584K->225962K(494976K), 0.0184107 secs] [Times: user=0.01 sys=0.00, real=0.02 secs] 
2018-03-22T17:10:36.392+0000: 513.009: [GC (Allocation Failure) 2018-03-22T17:10:36.392+0000: 513.009: [DefNew: 138323K->5705K(153600K), 0.0123447 secs] 351888K->223100K(494976K), 0.0124155 secs] [Times: user=0.01 sys=0.00, real=0.01 secs] 
2018-03-22T17:10:38.894+0000: 515.511: [GC (Allocation Failure) 2018-03-22T17:10:38.894+0000: 515.511: [DefNew: 141162K->7953K(153600K), 0.0108774 secs] 358557K->225348K(494976K), 0.0109491 secs] [Times: user=0.01 sys=0.00, real=0.01 secs] 
2018-03-22T17:10:41.405+0000: 518.021: [GC (Allocation Failure) 2018-03-22T17:10:41.405+0000: 518.021: [DefNew: 133698K->8484K(153600K), 0.0104806 secs] 351093K->225879K(494976K), 0.0105515 secs] [Times: user=0.01 sys=0.00, real=0.01 secs] 
2018-03-22T17:10:43.802+0000: 520.418: [GC (Allocation Failure) 2018-03-22T17:10:43.802+0000: 520.418: [DefNew: 145060K->10448K(153600K), 0.0132756 secs] 362455K->227843K(494976K), 0.0133536 secs] [Times: user=0.01 sys=0.00, real=0.01 secs] 
2018-03-22T17:10:46.418+0000: 523.035: [GC (Allocation Failure) 2018-03-22T17:10:46.418+0000: 523.035: [DefNew: 146717K->8452K(153600K), 0.0127592 secs] 364112K->227684K(494976K), 0.0128279 secs] [Times: user=0.02 sys=0.00, real=0.02 secs] 
2018-03-22T17:10:48.897+0000: 525.514: [GC (Allocation Failure) 2018-03-22T17:10:48.898+0000: 525.514: [DefNew: 139959K->9632K(153600K), 0.0116523 secs] 359191K->228864K(494976K), 0.0117229 secs] [Times: user=0.01 sys=0.00, real=0.02 secs] 
2018-03-22T17:10:51.407+0000: 528.023: [GC (Allocation Failure) 2018-03-22T17:10:51.407+0000: 528.023: [DefNew: 135798K->8940K(153600K), 0.0117886 secs] 355030K->229382K(494976K), 0.0118551 secs] [Times: user=0.01 sys=0.00, real=0.01 secs] 
17:10:53.148 [Client] INFO  c.s.f.r.e.s.SocketRear  - FlameSocketGraphDeployerRear@10.0.0.52: has been disconnected from Connection 9
17:11:04.283 [worker-akka.actor.default-dispatcher-4] INFO  a.a.CoordinatedShutdown CoordinatedShutdown(akka://worker) - Starting coordinated shutdown from JVM shutdown hook
17:11:04.300 [worker-akka.actor.default-dispatcher-3] INFO  a.a.LocalActorRef akka://worker/user/watcher/graph/edge/FlameSocketGraphDeployerFront - Stopped
17:11:04.301 [worker-akka.actor.default-dispatcher-14] INFO  a.a.LocalActorRef akka://worker/user/watcher/graph/negotiator - Stopped
17:11:04.302 [worker-akka.actor.default-dispatcher-5] INFO  a.a.LocalActorRef akka://worker/user/watcher/graph/edge/FlameSocketGraphDeployerRear - Stopped
17:11:04.306 [worker-akka.actor.default-dispatcher-16] INFO  a.a.LocalActorRef akka://worker/user/watcher/graph/edge - Stopped
17:11:04.307 [worker-akka.actor.default-dispatcher-3] INFO  a.a.LocalActorRef akka://worker/user/watcher/graph/graph/$a - Stopped
17:11:04.309 [worker-akka.actor.default-dispatcher-3] INFO  a.a.LocalActorRef akka://worker/user/watcher/graph/graph/$b - Stopped
17:11:04.309 [worker-akka.actor.default-dispatcher-3] INFO  a.a.LocalActorRef akka://worker/user/watcher/graph/graph/$c - Stopped
17:11:04.309 [worker-akka.actor.default-dispatcher-3] INFO  a.a.LocalActorRef akka://worker/user/watcher/graph/graph/local-acker/$a - Stopped
17:11:04.309 [worker-akka.actor.default-dispatcher-3] INFO  a.a.LocalActorRef akka://worker/user/watcher/graph/graph/local-acker/$a - Message [com.spbsu.flamestream.runtime.utils.akka.PingActor$InnerPing] from Actor[akka://worker/user/watcher/graph/graph/local-acker/$a#1609919930] to Actor[akka://worker/user/watcher/graph/graph/local-acker/$a#1609919930] was not delivered. [1] dead letters encountered. This logging can be turned off or adjusted with configuration settings 'akka.log-dead-letters' and 'akka.log-dead-letters-during-shutdown'.
17:11:04.312 [worker-akka.actor.default-dispatcher-16] INFO  a.a.LocalActorRef akka://worker/user/watcher/graph/graph/local-acker - Stopped
17:11:04.312 [worker-akka.actor.default-dispatcher-16] INFO  a.a.LocalActorRef akka://worker/user/watcher/graph/graph - Stopped
17:11:04.313 [worker-akka.actor.default-dispatcher-15] INFO  a.a.LocalActorRef akka://worker/user/watcher/graph - Stopped
17:11:04.314 [worker-akka.actor.default-dispatcher-6] INFO  a.a.RepointableActorRef akka://worker/user/watcher - Stopped
17:11:04.314 [worker-akka.actor.default-dispatcher-3] INFO  a.a.LocalActorRef akka://worker/user/watcher/graph/graph/local-acker/$a - Message [com.spbsu.flamestream.runtime.utils.akka.PingActor$Stop] from Actor[akka://worker/user/watcher/graph/graph/local-acker#1069804635] to Actor[akka://worker/user/watcher/graph/graph/local-acker/$a#1609919930] was not delivered. [2] dead letters encountered. This logging can be turned off or adjusted with configuration settings 'akka.log-dead-letters' and 'akka.log-dead-letters-during-shutdown'.
17:11:04.315 [worker-akka.actor.default-dispatcher-3] INFO  a.a.LocalActorRef akka://worker/user/watcher/graph/graph/local-acker - Message [com.spbsu.flamestream.runtime.acker.LocalAcker$Flush] from Actor[akka://worker/user/watcher/graph/graph/local-acker/$a#1609919930] to Actor[akka://worker/user/watcher/graph/graph/local-acker#1069804635] was not delivered. [3] dead letters encountered. This logging can be turned off or adjusted with configuration settings 'akka.log-dead-letters' and 'akka.log-dead-letters-during-shutdown'.
17:11:04.315 [worker-akka.actor.default-dispatcher-3] INFO  a.a.LocalActorRef akka://worker/user/watcher/graph/graph/local-acker - Message [com.spbsu.flamestream.runtime.acker.LocalAcker$Flush] from Actor[akka://worker/user/watcher/graph/graph/local-acker/$a#1609919930] to Actor[akka://worker/user/watcher/graph/graph/local-acker#1069804635] was not delivered. [4] dead letters encountered. This logging can be turned off or adjusted with configuration settings 'akka.log-dead-letters' and 'akka.log-dead-letters-during-shutdown'.
17:11:04.316 [worker-akka.actor.default-dispatcher-2-EventThread] INFO  o.a.z.ClientCnxn  - EventThread shut down for session: 0x1624ea83f700008
17:11:04.317 [worker-akka.actor.default-dispatcher-15] INFO  o.a.z.ZooKeeper  - Session: 0x1624ea83f700008 closed
17:11:04.327 [worker-akka.actor.default-dispatcher-2] INFO  a.r.RemoteActorRefProvider$RemotingTerminator akka://worker@10.0.0.52:5412/system/remoting-terminator - Shutting down remote daemon.
17:11:04.327 [worker-akka.actor.default-dispatcher-2] INFO  a.r.RemoteActorRefProvider$RemotingTerminator akka://worker@10.0.0.52:5412/system/remoting-terminator - Remote daemon shut down; proceeding with flushing remote transports.
17:11:05.456 [worker-akka.actor.default-dispatcher-16] INFO  a.r.RemoteActorRefProvider$RemotingTerminator akka://worker@10.0.0.52:5412/system/remoting-terminator - Remoting shut down.
Heap
 def new generation   total 153600K, used 137313K [0x00000000e0c00000, 0x00000000eb2a0000, 0x00000000eb2a0000)
  eden space 136576K,  93% used [0x00000000e0c00000, 0x00000000e895d328, 0x00000000e9160000)
  from space 17024K,  52% used [0x00000000e9160000, 0x00000000e9a1b280, 0x00000000ea200000)
  to   space 17024K,   0% used [0x00000000ea200000, 0x00000000ea200000, 0x00000000eb2a0000)
 tenured generation   total 341376K, used 220441K [0x00000000eb2a0000, 0x0000000100000000, 0x0000000100000000)
   the space 341376K,  64% used [0x00000000eb2a0000, 0x00000000f89e65b0, 0x00000000f89e6600, 0x0000000100000000)
 Metaspace       used 34032K, capacity 34942K, committed 35200K, reserved 1079296K
  class space    used 4480K, capacity 4664K, committed 4736K, reserved 1048576K
