13:59:00.957 [worker-akka.actor.default-dispatcher-2] INFO  a.e.s.Slf4jLogger  - Slf4jLogger started
2018-02-19T13:59:01.137+0000: 2.648: [Full GC (Metadata GC Threshold) 2018-02-19T13:59:01.137+0000: 2.648: [Tenured: 0K->15410K(341376K), 0.0394784 secs] 117538K->15410K(494976K), [Metaspace: 20866K->20866K(1067008K)], 0.0395412 secs] [Times: user=0.04 sys=0.01, real=0.04 secs] 
Ama winner
Ama winner
13:59:01.604 [worker-akka.actor.default-dispatcher-2] INFO  a.r.a.ArteryTransport(akka://worker) akka.remote.artery.ArteryTransport(akka://worker) - Started embedded media driver in directory [/dev/shm/aeron-root-worker-1b37ea21-92f6-4271-a155-94ab2b244725]
13:59:01.827 [worker-akka.actor.default-dispatcher-2] INFO  a.r.a.ArteryTransport(akka://worker) akka.remote.artery.ArteryTransport(akka://worker) - Remoting started; listening on address: [akka://worker@172.31.37.101:5412] with UID [3938417686840105265]
13:59:01.930 [worker-akka.actor.default-dispatcher-2] INFO  o.a.z.ZooKeeper  - Client environment:zookeeper.version=3.4.9-1757313, built on 08/23/2016 06:50 GMT
13:59:01.930 [worker-akka.actor.default-dispatcher-2] INFO  o.a.z.ZooKeeper  - Client environment:host.name=ip-172-31-37-101.us-east-2.compute.internal
13:59:01.931 [worker-akka.actor.default-dispatcher-2] INFO  o.a.z.ZooKeeper  - Client environment:java.version=1.8.0_151
13:59:01.931 [worker-akka.actor.default-dispatcher-2] INFO  o.a.z.ZooKeeper  - Client environment:java.vendor=Oracle Corporation
13:59:01.931 [worker-akka.actor.default-dispatcher-2] INFO  o.a.z.ZooKeeper  - Client environment:java.home=/usr/lib/jvm/java-8-openjdk-amd64/jre
13:59:01.931 [worker-akka.actor.default-dispatcher-2] INFO  o.a.z.ZooKeeper  - Client environment:java.class.path=lib/commons-cli-1.4.jar:lib/minlog-1.3.0.jar:lib/asm-5.0.4.jar:lib/hadoop-annotations-2.7.3.jar:lib/hadoop-auth-2.7.3.jar:lib/akka-slf4j_2.11-2.5.6.jar:lib/jersey-core-1.9.jar:lib/lz4-1.3.0.jar:lib/jackson-core-asl-1.9.13.jar:lib/aeron-client-1.3.0.jar:lib/htrace-core-3.1.0-incubating.jar:lib/xz-1.0.jar:lib/commons-httpclient-3.1.jar:lib/asm-3.1.jar:lib/commons-lang3-3.4.jar:lib/scala-library-2.11.11.jar:lib/scala-java8-compat_2.11-0.7.0.jar:lib/commons-configuration-1.6.jar:lib/objenesis-2.1.jar:lib/jackson-annotations-2.8.0.jar:lib/jsr305-3.0.0.jar:lib/curator-framework-2.7.1.jar:lib/jersey-server-1.9.jar:lib/jets3t-0.9.0.jar:lib/leveldb-0.7.jar:lib/jetty-6.1.26.jar:lib/stax-api-1.0-2.jar:lib/flamestream-core-1.0-SNAPSHOT.jar:lib/reflectasm-1.07-shaded.jar:lib/apacheds-kerberos-codec-2.0.0-M15.jar:lib/api-asn1-api-1.0.0-M20.jar:lib/commons-lang-2.6.jar:lib/commons-beanutils-1.7.0.jar:lib/jackson-xc-1.8.3.jar:lib/jetty-util-6.1.26.jar:lib/logback-classic-1.2.3.jar:lib/jool-0.9.12.jar:lib/flamestream-runtime-1.0-SNAPSHOT-tests.jar:lib/httpcore-4.1.2.jar:lib/kryo-4.0.0.jar:lib/ant-1.8.1.jar:lib/jaxb-impl-2.2.3-1.jar:lib/jersey-json-1.9.jar:lib/commons-compress-1.4.1.jar:lib/leveldbjni-all-1.8.jar:lib/paranamer-2.3.jar:lib/jackson-core-2.8.4.jar:lib/commons-math3-3.6.1.jar:lib/scala-parser-combinators_2.11-1.0.4.jar:lib/netty-3.10.6.Final.jar:lib/trove4j-3.0.3.jar:lib/jaxb-api-2.2.2.jar:lib/logback-core-1.2.3.jar:lib/snappy-java-1.0.4.1.jar:lib/protobuf-java-2.5.0.jar:lib/reactive-streams-1.0.1.jar:lib/flamestream-examples-1.0-SNAPSHOT.jar:lib/commons-codec-1.4.jar:lib/activation-1.1.jar:lib/commons-net-3.1.jar:lib/curator-recipes-2.7.1.jar:lib/jackson-mapper-asl-1.9.13.jar:lib/jackson-databind-2.8.4.jar:lib/flamestream-runtime-1.0-SNAPSHOT.jar:lib/jackson-jaxrs-1.8.3.jar:lib/slf4j-api-1.7.24.jar:lib/akka-remote_2.11-2.5.6.jar:lib/akka-testkit_2.11-2.5.6.jar:lib/jline-0.9.94.jar:lib/akka-stream_2.11-2.5.6.jar:lib/jsp-api-2.1.jar:lib/kryonet-2.21.jar:lib/akka-kryo-serialization_2.11-0.5.0.jar:lib/config-1.3.1.jar:lib/ant-launcher-1.8.1.jar:lib/commons-logging-1.2.jar:lib/ssl-config-core_2.11-0.2.2.jar:lib/testng-6.10.jar:lib/leveldb-api-0.7.jar:lib/reflectasm-1.11.3.jar:lib/jcommander-1.48.jar:lib/commons-1.1.jar:lib/commons-digester-1.8.jar:lib/minlog-1.2.jar:lib/java-xmlbuilder-0.4.jar:lib/jettison-1.1.jar:lib/gson-2.2.4.jar:lib/jdk.tools-1.8.jar:lib/aeron-driver-1.3.0.jar:lib/zookeeper-3.4.9.jar:lib/commons-beanutils-core-1.8.0.jar:lib/commons-math3-3.1.1.jar:lib/akka-actor_2.11-2.5.6.jar:lib/curator-client-2.7.1.jar:lib/servlet-api-2.5.jar:lib/apacheds-i18n-2.0.0-M15.jar:lib/commons-io-2.4.jar:lib/commons-codec-1.6.jar:lib/akka-protobuf_2.11-2.5.6.jar:lib/protobuf-java-3.5.1.jar:lib/jdom-2.0.2.jar:lib/api-util-1.0.0-M20.jar:lib/hadoop-common-2.7.3.jar:lib/agrona-0.9.6.jar:lib/xmlenc-0.52.jar:lib/guava-21.0.jar:lib/commons-collections-3.2.2.jar:lib/avro-1.7.4.jar:lib/httpclient-4.1.2.jar:lib/flamestream-core-1.0-SNAPSHOT-tests.jar:lib/annotations-12.0.jar:lib/jsch-0.1.42.jar:flamestream-runtime-1.0-SNAPSHOT.jar
13:59:01.931 [worker-akka.actor.default-dispatcher-2] INFO  o.a.z.ZooKeeper  - Client environment:java.library.path=/usr/java/packages/lib/amd64:/usr/lib/x86_64-linux-gnu/jni:/lib/x86_64-linux-gnu:/usr/lib/x86_64-linux-gnu:/usr/lib/jni:/lib:/usr/lib
13:59:01.931 [worker-akka.actor.default-dispatcher-2] INFO  o.a.z.ZooKeeper  - Client environment:java.io.tmpdir=/tmp
13:59:01.931 [worker-akka.actor.default-dispatcher-2] INFO  o.a.z.ZooKeeper  - Client environment:java.compiler=<NA>
13:59:01.931 [worker-akka.actor.default-dispatcher-2] INFO  o.a.z.ZooKeeper  - Client environment:os.name=Linux
13:59:01.931 [worker-akka.actor.default-dispatcher-2] INFO  o.a.z.ZooKeeper  - Client environment:os.arch=amd64
13:59:01.931 [worker-akka.actor.default-dispatcher-2] INFO  o.a.z.ZooKeeper  - Client environment:os.version=4.4.0-1049-aws
13:59:01.931 [worker-akka.actor.default-dispatcher-2] INFO  o.a.z.ZooKeeper  - Client environment:user.name=root
13:59:01.934 [worker-akka.actor.default-dispatcher-2] INFO  o.a.z.ZooKeeper  - Client environment:user.home=/root
13:59:01.934 [worker-akka.actor.default-dispatcher-2] INFO  o.a.z.ZooKeeper  - Client environment:user.dir=/opt/flamestream
13:59:01.936 [worker-akka.actor.default-dispatcher-2] INFO  o.a.z.ZooKeeper  - Initiating client connection, connectString=172.31.34.147:2181 sessionTimeout=5000 watcher=com.spbsu.flamestream.runtime.application.LifecycleWatcher$$Lambda$29/2091173542@1b48f905
13:59:01.971 [worker-akka.actor.default-dispatcher-2] INFO  a.a.RepointableActorRef akka://worker/user/watcher - Starting...
13:59:01.974 [worker-akka.actor.default-dispatcher-2-SendThread(172.31.34.147:2181)] INFO  o.a.z.ClientCnxn  - Opening socket connection to server 172.31.34.147/172.31.34.147:2181. Will not attempt to authenticate using SASL (unknown error)
13:59:01.978 [worker-akka.actor.default-dispatcher-2-SendThread(172.31.34.147:2181)] INFO  o.a.z.ClientCnxn  - Socket connection established to 172.31.34.147/172.31.34.147:2181, initiating session
13:59:01.987 [worker-akka.actor.default-dispatcher-2-SendThread(172.31.34.147:2181)] INFO  o.a.z.ClientCnxn  - Session establishment complete on server 172.31.34.147/172.31.34.147:2181, sessionid = 0x161ae5b8406000b, negotiated timeout = 6000
13:59:02.083 [worker-akka.actor.default-dispatcher-2] INFO  a.a.RepointableActorRef akka://worker/user/watcher - Connected to ZK
13:59:12.148 [worker-akka.actor.default-dispatcher-2] INFO  a.a.RepointableActorRef akka://worker/user/watcher - Creating node with watchGraphs: 'com.spbsu.flamestream.core.Graph$Builder$MyGraph@22aae96d', config: 'ClusterConfig{paths={172.31.33.155=akka://worker@172.31.33.155:5412/user/watcher/graph0000000000, 172.31.47.83=akka://worker@172.31.47.83:5412/user/watcher/graph0000000000, 172.31.45.197=akka://worker@172.31.45.197:5412/user/watcher/graph0000000000, 172.31.42.36=akka://worker@172.31.42.36:5412/user/watcher/graph0000000000, 172.31.44.83=akka://worker@172.31.44.83:5412/user/watcher/graph0000000000, 172.31.39.64=akka://worker@172.31.39.64:5412/user/watcher/graph0000000000, 172.31.35.79=akka://worker@172.31.35.79:5412/user/watcher/graph0000000000, 172.31.34.169=akka://worker@172.31.34.169:5412/user/watcher/graph0000000000, 172.31.47.100=akka://worker@172.31.47.100:5412/user/watcher/graph0000000000, 172.31.37.101=akka://worker@172.31.37.101:5412/user/watcher/graph0000000000}, ackerLocation='172.31.35.79', props=ComputationLayout{ranges={172.31.33.155=HashRange{from=-1670265060, to=-1193046472}, 172.31.47.83=HashRange{from=1670265056, to=2147483644}, 172.31.45.197=HashRange{from=-715827884, to=-238609296}, 172.31.42.36=HashRange{from=1193046468, to=1670265056}, 172.31.44.83=HashRange{from=-238609296, to=238609292}, 172.31.39.64=HashRange{from=715827880, to=1193046468}, 172.31.35.79=HashRange{from=0, to=0}, 172.31.34.169=HashRange{from=-2147483648, to=-1670265060}, 172.31.47.100=HashRange{from=238609292, to=715827880}, 172.31.37.101=HashRange{from=-1193046472, to=-715827884}}}}'
13:59:12.996 [worker-akka.actor.default-dispatcher-2] INFO  a.a.LocalActorRef akka://worker/user/watcher/graph0000000000/graph - Starting...
13:59:12.997 [worker-akka.actor.default-dispatcher-2] INFO  a.a.LocalActorRef akka://worker/user/watcher/graph0000000000/graph/local-acker/$a - Starting...
13:59:12.997 [worker-akka.actor.default-dispatcher-2] INFO  a.a.LocalActorRef akka://worker/user/watcher/graph0000000000/graph/local-acker - Starting...
Warning: space is running low in /dev/shm (tmpfs) threshold=167,772,160 usable=158,621,696
Warning: space is running low in /dev/shm (tmpfs) threshold=167,772,160 usable=146,034,688
Warning: space is running low in /dev/shm (tmpfs) threshold=167,772,160 usable=133,447,680
Warning: space is running low in /dev/shm (tmpfs) threshold=167,772,160 usable=120,860,672
Warning: space is running low in /dev/shm (tmpfs) threshold=167,772,160 usable=108,273,664
Warning: space is running low in /dev/shm (tmpfs) threshold=167,772,160 usable=95,686,656
Warning: space is running low in /dev/shm (tmpfs) threshold=167,772,160 usable=83,099,648
Warning: space is running low in /dev/shm (tmpfs) threshold=167,772,160 usable=70,512,640
13:59:14.678 [worker-akka.actor.default-dispatcher-2] INFO  a.a.LocalActorRef akka://worker/user/watcher/graph0000000000/graph - Finishing constructor
13:59:14.680 [worker-akka.actor.default-dispatcher-2] INFO  a.a.LocalActorRef akka://worker/user/watcher/graph0000000000 - Starting...
13:59:14.743 [worker-akka.actor.default-dispatcher-2] INFO  a.a.LocalActorRef akka://worker/user/watcher/graph0000000000/negotiator - Starting...
13:59:14.745 [worker-akka.actor.default-dispatcher-2] INFO  a.a.LocalActorRef akka://worker/user/watcher/graph0000000000/edge - Starting...
13:59:14.747 [worker-akka.actor.default-dispatcher-2] INFO  a.a.LocalActorRef akka://worker/user/watcher/graph0000000000/graph/$a - Starting...
13:59:14.747 [worker-akka.actor.default-dispatcher-2] INFO  a.a.LocalActorRef akka://worker/user/watcher/graph0000000000/graph/$b - Starting...
13:59:14.747 [worker-akka.actor.default-dispatcher-2] INFO  a.a.LocalActorRef akka://worker/user/watcher/graph0000000000/graph/$c - Starting...
13:59:14.777 [worker-akka.actor.default-dispatcher-2] INFO  c.s.f.r.e.s.SocketRear  - FlameSocketGraphDeployerRear@172.31.37.101: connecting to 172.31.34.147:5678
13:59:14.785 [worker-akka.actor.default-dispatcher-2] INFO  c.s.f.r.e.s.SocketRear  - FlameSocketGraphDeployerRear@172.31.37.101: connected to 172.31.34.147:5678
13:59:14.813 [worker-akka.actor.default-dispatcher-2] INFO  a.a.LocalActorRef akka://worker/user/watcher/graph0000000000/edge/FlameSocketGraphDeployerRear - Starting...
13:59:14.815 [worker-akka.actor.default-dispatcher-2] INFO  a.a.LocalActorRef akka://worker/user/watcher/graph0000000000/edge/FlameSocketGraphDeployerFront - Starting...
13:59:14.823 [worker-akka.actor.default-dispatcher-2] INFO  a.a.LocalActorRef akka://worker/user/watcher/graph0000000000/negotiator - Requesting ticket for the frontClass FlameSocketGraphDeployerFront@172.31.37.101
13:59:14.826 [worker-akka.actor.default-dispatcher-2] INFO  a.a.LocalActorRef akka://worker/user/watcher/graph0000000000/negotiator - Ticket for the frontClass received: FrontTicket{allowedTimestamp=(1519048752140, FlameSocketGraphDeployerFront@172.31.37.101)}
13:59:14.827 [worker-akka.actor.default-dispatcher-2] INFO  c.s.f.r.e.s.SocketFront  - FlameSocketGraphDeployerFront@172.31.37.101: connecting to 172.31.34.147:4567
13:59:14.846 [Client] INFO  c.s.f.r.e.s.SocketFront  - FlameSocketGraphDeployerFront@172.31.37.101 has been disconnected from Connection 10
2018-02-19T13:59:18.154+0000: 19.665: [GC (Allocation Failure) 2018-02-19T13:59:18.154+0000: 19.665: [DefNew: 136576K->15409K(153600K), 0.0434138 secs] 151986K->50351K(494976K), 0.0434795 secs] [Times: user=0.02 sys=0.02, real=0.05 secs] 
2018-02-19T13:59:31.568+0000: 33.080: [GC (Allocation Failure) 2018-02-19T13:59:31.569+0000: 33.080: [DefNew: 151985K->3447K(153600K), 0.0172522 secs] 186927K->45972K(494976K), 0.0173133 secs] [Times: user=0.01 sys=0.00, real=0.02 secs] 
2018-02-19T13:59:47.966+0000: 49.477: [GC (Allocation Failure) 2018-02-19T13:59:47.966+0000: 49.477: [DefNew: 140023K->5726K(153600K), 0.0120160 secs] 182548K->48251K(494976K), 0.0120825 secs] [Times: user=0.01 sys=0.00, real=0.01 secs] 
2018-02-19T14:00:04.078+0000: 65.589: [GC (Allocation Failure) 2018-02-19T14:00:04.078+0000: 65.589: [DefNew: 142302K->8171K(153600K), 0.0170232 secs] 184827K->50696K(494976K), 0.0170838 secs] [Times: user=0.02 sys=0.00, real=0.02 secs] 
2018-02-19T14:00:17.124+0000: 78.635: [GC (Allocation Failure) 2018-02-19T14:00:17.124+0000: 78.635: [DefNew: 144747K->8840K(153600K), 0.0154107 secs] 187272K->51366K(494976K), 0.0154909 secs] [Times: user=0.01 sys=0.00, real=0.01 secs] 
2018-02-19T14:00:31.575+0000: 93.086: [GC (Allocation Failure) 2018-02-19T14:00:31.575+0000: 93.086: [DefNew: 145416K->8771K(153600K), 0.0295388 secs] 187942K->52673K(494976K), 0.0296050 secs] [Times: user=0.03 sys=0.00, real=0.03 secs] 
2018-02-19T14:00:46.283+0000: 107.794: [GC (Allocation Failure) 2018-02-19T14:00:46.283+0000: 107.794: [DefNew: 145347K->8545K(153600K), 0.0162408 secs] 189249K->53793K(494976K), 0.0163066 secs] [Times: user=0.01 sys=0.00, real=0.01 secs] 
2018-02-19T14:01:03.662+0000: 125.173: [GC (Allocation Failure) 2018-02-19T14:01:03.662+0000: 125.173: [DefNew: 145121K->8374K(153600K), 0.0167089 secs] 190369K->55121K(494976K), 0.0167713 secs] [Times: user=0.02 sys=0.00, real=0.02 secs] 
2018-02-19T14:01:20.784+0000: 142.295: [GC (Allocation Failure) 2018-02-19T14:01:20.784+0000: 142.295: [DefNew: 144950K->10053K(153600K), 0.0156784 secs] 191697K->56801K(494976K), 0.0157378 secs] [Times: user=0.01 sys=0.00, real=0.01 secs] 
2018-02-19T14:01:37.759+0000: 159.270: [GC (Allocation Failure) 2018-02-19T14:01:37.759+0000: 159.270: [DefNew: 146629K->9163K(153600K), 0.0187313 secs] 193377K->58148K(494976K), 0.0187936 secs] [Times: user=0.02 sys=0.00, real=0.02 secs] 
2018-02-19T14:01:55.940+0000: 177.451: [GC (Allocation Failure) 2018-02-19T14:01:55.940+0000: 177.451: [DefNew: 145739K->8881K(153600K), 0.0155946 secs] 194724K->59188K(494976K), 0.0156568 secs] [Times: user=0.02 sys=0.00, real=0.02 secs] 
2018-02-19T14:02:10.189+0000: 191.701: [GC (Allocation Failure) 2018-02-19T14:02:10.189+0000: 191.701: [DefNew: 145457K->8950K(153600K), 0.0163652 secs] 195764K->60294K(494976K), 0.0164282 secs] [Times: user=0.01 sys=0.00, real=0.02 secs] 
2018-02-19T14:02:28.045+0000: 209.556: [GC (Allocation Failure) 2018-02-19T14:02:28.045+0000: 209.556: [DefNew: 145526K->8524K(153600K), 0.0175008 secs] 196870K->61514K(494976K), 0.0175678 secs] [Times: user=0.02 sys=0.00, real=0.02 secs] 
2018-02-19T14:02:43.517+0000: 225.028: [GC (Allocation Failure) 2018-02-19T14:02:43.517+0000: 225.028: [DefNew: 145100K->8718K(153600K), 0.0168775 secs] 198090K->62974K(494976K), 0.0169490 secs] [Times: user=0.02 sys=0.00, real=0.01 secs] 
2018-02-19T14:03:01.640+0000: 243.151: [GC (Allocation Failure) 2018-02-19T14:03:01.640+0000: 243.151: [DefNew: 145294K->9256K(153600K), 0.0178176 secs] 199550K->64409K(494976K), 0.0178823 secs] [Times: user=0.02 sys=0.00, real=0.02 secs] 
2018-02-19T14:03:16.235+0000: 257.746: [GC (Allocation Failure) 2018-02-19T14:03:16.235+0000: 257.746: [DefNew: 145832K->9405K(153600K), 0.0166213 secs] 200985K->65647K(494976K), 0.0166821 secs] [Times: user=0.01 sys=0.00, real=0.01 secs] 
2018-02-19T14:03:31.829+0000: 273.342: [GC (Allocation Failure) 2018-02-19T14:03:31.830+0000: 273.342: [DefNew: 145981K->9806K(153600K), 0.0170011 secs] 202223K->67109K(494976K), 0.0180321 secs] [Times: user=0.01 sys=0.01, real=0.02 secs] 
2018-02-19T14:03:47.591+0000: 289.102: [GC (Allocation Failure) 2018-02-19T14:03:47.591+0000: 289.102: [DefNew: 146382K->8760K(153600K), 0.0186222 secs] 203685K->68499K(494976K), 0.0186886 secs] [Times: user=0.02 sys=0.00, real=0.02 secs] 
2018-02-19T14:04:06.778+0000: 308.289: [GC (Allocation Failure) 2018-02-19T14:04:06.778+0000: 308.290: [DefNew: 145336K->8620K(153600K), 0.0164519 secs] 205075K->69664K(494976K), 0.0165576 secs] [Times: user=0.02 sys=0.00, real=0.02 secs] 
2018-02-19T14:04:19.719+0000: 321.230: [GC (Allocation Failure) 2018-02-19T14:04:19.719+0000: 321.230: [DefNew: 145196K->8245K(153600K), 0.0185048 secs] 206240K->70934K(494976K), 0.0185653 secs] [Times: user=0.02 sys=0.00, real=0.02 secs] 
2018-02-19T14:04:34.370+0000: 335.882: [GC (Allocation Failure) 2018-02-19T14:04:34.371+0000: 335.882: [DefNew: 144821K->9640K(153600K), 0.0153319 secs] 207510K->72329K(494976K), 0.0154363 secs] [Times: user=0.02 sys=0.00, real=0.02 secs] 
2018-02-19T14:04:46.187+0000: 347.699: [GC (Allocation Failure) 2018-02-19T14:04:46.187+0000: 347.699: [DefNew: 146216K->9619K(153600K), 0.0174579 secs] 208905K->73378K(494976K), 0.0175275 secs] [Times: user=0.01 sys=0.01, real=0.02 secs] 
2018-02-19T14:05:01.375+0000: 362.886: [GC (Allocation Failure) 2018-02-19T14:05:01.375+0000: 362.886: [DefNew: 146195K->9576K(153600K), 0.0164856 secs] 209954K->74476K(494976K), 0.0165503 secs] [Times: user=0.02 sys=0.00, real=0.01 secs] 
2018-02-19T14:05:16.784+0000: 378.295: [GC (Allocation Failure) 2018-02-19T14:05:16.784+0000: 378.295: [DefNew: 146152K->9890K(153600K), 0.0314170 secs] 211052K->76925K(494976K), 0.0314838 secs] [Times: user=0.01 sys=0.03, real=0.03 secs] 
2018-02-19T14:05:30.591+0000: 392.102: [GC (Allocation Failure) 2018-02-19T14:05:30.591+0000: 392.102: [DefNew: 146466K->8776K(153600K), 0.0301698 secs] 213501K->78138K(494976K), 0.0302311 secs] [Times: user=0.00 sys=0.04, real=0.03 secs] 
2018-02-19T14:05:47.886+0000: 409.397: [GC (Allocation Failure) 2018-02-19T14:05:47.886+0000: 409.398: [DefNew: 145352K->7721K(153600K), 0.0281563 secs] 214714K->79525K(494976K), 0.0282353 secs] [Times: user=0.00 sys=0.03, real=0.03 secs] 
2018-02-19T14:06:05.714+0000: 427.225: [GC (Allocation Failure) 2018-02-19T14:06:05.714+0000: 427.225: [DefNew: 144297K->9585K(153600K), 0.0148765 secs] 216101K->81389K(494976K), 0.0149398 secs] [Times: user=0.02 sys=0.00, real=0.02 secs] 
2018-02-19T14:06:18.381+0000: 439.892: [GC (Allocation Failure) 2018-02-19T14:06:18.381+0000: 439.892: [DefNew: 146161K->9971K(153600K), 0.0173591 secs] 217965K->82825K(494976K), 0.0174358 secs] [Times: user=0.02 sys=0.00, real=0.02 secs] 
2018-02-19T14:06:35.797+0000: 457.308: [GC (Allocation Failure) 2018-02-19T14:06:35.797+0000: 457.308: [DefNew: 146547K->10093K(153600K), 0.0174014 secs] 219401K->84293K(494976K), 0.0174657 secs] [Times: user=0.02 sys=0.00, real=0.01 secs] 
2018-02-19T14:06:51.721+0000: 473.232: [GC (Allocation Failure) 2018-02-19T14:06:51.721+0000: 473.232: [DefNew: 146669K->8981K(153600K), 0.0181693 secs] 220869K->85928K(494976K), 0.0182325 secs] [Times: user=0.00 sys=0.01, real=0.02 secs] 
2018-02-19T14:07:07.910+0000: 489.422: [GC (Allocation Failure) 2018-02-19T14:07:07.910+0000: 489.422: [DefNew: 145557K->9253K(153600K), 0.0164054 secs] 222504K->87589K(494976K), 0.0164683 secs] [Times: user=0.02 sys=0.00, real=0.02 secs] 
2018-02-19T14:07:20.990+0000: 502.502: [GC (Allocation Failure) 2018-02-19T14:07:20.990+0000: 502.502: [DefNew: 145829K->8523K(153600K), 0.0162149 secs] 224165K->88806K(494976K), 0.0162870 secs] [Times: user=0.02 sys=0.00, real=0.02 secs] 
2018-02-19T14:07:33.846+0000: 515.357: [GC (Allocation Failure) 2018-02-19T14:07:33.846+0000: 515.358: [DefNew: 145099K->8462K(153600K), 0.0156426 secs] 225382K->90235K(494976K), 0.0157436 secs] [Times: user=0.02 sys=0.00, real=0.01 secs] 
2018-02-19T14:07:48.431+0000: 529.943: [GC (Allocation Failure) 2018-02-19T14:07:48.431+0000: 529.943: [DefNew: 145038K->10693K(153600K), 0.0160032 secs] 226811K->92467K(494976K), 0.0160765 secs] [Times: user=0.01 sys=0.00, real=0.02 secs] 
2018-02-19T14:08:07.057+0000: 548.568: [GC (Allocation Failure) 2018-02-19T14:08:07.057+0000: 548.568: [DefNew: 147269K->9503K(153600K), 0.0180027 secs] 229043K->93642K(494976K), 0.0180767 secs] [Times: user=0.02 sys=0.00, real=0.02 secs] 
2018-02-19T14:08:20.901+0000: 562.412: [GC (Allocation Failure) 2018-02-19T14:08:20.901+0000: 562.412: [DefNew: 146079K->9046K(153600K), 0.0166182 secs] 230218K->94771K(494976K), 0.0166764 secs] [Times: user=0.01 sys=0.00, real=0.02 secs] 
2018-02-19T14:08:37.951+0000: 579.462: [GC (Allocation Failure) 2018-02-19T14:08:37.951+0000: 579.462: [DefNew: 145622K->9416K(153600K), 0.0171619 secs] 231347K->96637K(494976K), 0.0172263 secs] [Times: user=0.02 sys=0.00, real=0.02 secs] 
2018-02-19T14:08:53.632+0000: 595.143: [GC (Allocation Failure) 2018-02-19T14:08:53.632+0000: 595.143: [DefNew: 145992K->9211K(153600K), 0.0156373 secs] 233213K->97834K(494976K), 0.0156980 secs] [Times: user=0.01 sys=0.01, real=0.02 secs] 
2018-02-19T14:09:04.803+0000: 606.314: [GC (Allocation Failure) 2018-02-19T14:09:04.803+0000: 606.314: [DefNew: 145787K->9561K(153600K), 0.0163758 secs] 234410K->99773K(494976K), 0.0164382 secs] [Times: user=0.00 sys=0.01, real=0.01 secs] 
2018-02-19T14:09:21.186+0000: 622.698: [GC (Allocation Failure) 2018-02-19T14:09:21.186+0000: 622.698: [DefNew: 146137K->10023K(153600K), 0.0166036 secs] 236349K->101536K(494976K), 0.0166758 secs] [Times: user=0.01 sys=0.01, real=0.02 secs] 
14:09:33.363 [Client] INFO  c.s.f.r.e.s.SocketRear  - FlameSocketGraphDeployerRear@172.31.37.101: has been disconnected from Connection 10
14:09:48.365 [worker-akka.actor.default-dispatcher-2] INFO  a.a.CoordinatedShutdown CoordinatedShutdown(akka://worker) - Starting coordinated shutdown from JVM shutdown hook
14:09:48.408 [worker-akka.actor.default-dispatcher-2] INFO  a.a.LocalActorRef akka://worker/user/watcher/graph0000000000/negotiator - Stopped
14:09:48.409 [worker-akka.actor.default-dispatcher-2] INFO  a.a.LocalActorRef akka://worker/user/watcher/graph0000000000/edge/FlameSocketGraphDeployerFront - Stopped
14:09:48.413 [worker-akka.actor.default-dispatcher-2] INFO  a.a.LocalActorRef akka://worker/user/watcher/graph0000000000/graph/local-acker/$a - Stopped
14:09:48.413 [worker-akka.actor.default-dispatcher-2] INFO  a.a.LocalActorRef akka://worker/user/watcher/graph0000000000/edge/FlameSocketGraphDeployerRear - Stopped
14:09:48.413 [worker-akka.actor.default-dispatcher-2] INFO  a.a.LocalActorRef akka://worker/user/watcher/graph0000000000/graph/$a - Stopped
14:09:48.413 [worker-akka.actor.default-dispatcher-2] INFO  a.a.LocalActorRef akka://worker/user/watcher/graph0000000000/graph/$b - Stopped
14:09:48.413 [worker-akka.actor.default-dispatcher-2] INFO  a.a.LocalActorRef akka://worker/user/watcher/graph0000000000/graph/$c - Stopped
14:09:48.417 [worker-akka.actor.default-dispatcher-2] INFO  a.a.LocalActorRef akka://worker/user/watcher/graph0000000000/edge - Stopped
14:09:48.418 [worker-akka.actor.default-dispatcher-2] INFO  a.a.LocalActorRef akka://worker/user/watcher/graph0000000000/graph/local-acker/$a - Message [com.spbsu.flamestream.runtime.utils.akka.PingActor$InnerPing] from Actor[akka://worker/user/watcher/graph0000000000/graph/local-acker/$a#-101027440] to Actor[akka://worker/user/watcher/graph0000000000/graph/local-acker/$a#-101027440] was not delivered. [1] dead letters encountered. This logging can be turned off or adjusted with configuration settings 'akka.log-dead-letters' and 'akka.log-dead-letters-during-shutdown'.
14:09:48.419 [worker-akka.actor.default-dispatcher-2] INFO  a.a.LocalActorRef akka://worker/user/watcher/graph0000000000/graph/local-acker - Stopped
14:09:48.420 [worker-akka.actor.default-dispatcher-2] INFO  a.a.LocalActorRef akka://worker/user/watcher/graph0000000000/graph/local-acker/$a - Message [com.spbsu.flamestream.runtime.utils.akka.PingActor$Stop] from Actor[akka://worker/user/watcher/graph0000000000/graph/local-acker#-568877319] to Actor[akka://worker/user/watcher/graph0000000000/graph/local-acker/$a#-101027440] was not delivered. [2] dead letters encountered. This logging can be turned off or adjusted with configuration settings 'akka.log-dead-letters' and 'akka.log-dead-letters-during-shutdown'.
14:09:48.420 [worker-akka.actor.default-dispatcher-2] INFO  a.a.LocalActorRef akka://worker/user/watcher/graph0000000000/graph/local-acker - Message [com.spbsu.flamestream.runtime.acker.LocalAcker$Flush] from Actor[akka://worker/user/watcher/graph0000000000/graph/local-acker#-568877319] to Actor[akka://worker/user/watcher/graph0000000000/graph/local-acker#-568877319] was not delivered. [3] dead letters encountered. This logging can be turned off or adjusted with configuration settings 'akka.log-dead-letters' and 'akka.log-dead-letters-during-shutdown'.
14:09:48.422 [worker-akka.actor.default-dispatcher-2] INFO  a.a.LocalActorRef akka://worker/user/watcher/graph0000000000/graph - Stopped
14:09:48.422 [worker-akka.actor.default-dispatcher-2] INFO  a.a.LocalActorRef akka://worker/user/watcher/graph0000000000 - Stopped
14:09:48.425 [worker-akka.actor.default-dispatcher-2-EventThread] INFO  o.a.z.ClientCnxn  - EventThread shut down for session: 0x161ae5b8406000b
14:09:48.425 [worker-akka.actor.default-dispatcher-2] INFO  o.a.z.ZooKeeper  - Session: 0x161ae5b8406000b closed
14:09:48.425 [worker-akka.actor.default-dispatcher-2] INFO  a.a.RepointableActorRef akka://worker/user/watcher - Stopped
14:09:48.437 [worker-akka.actor.default-dispatcher-2] INFO  a.r.RemoteActorRefProvider$RemotingTerminator akka://worker@172.31.37.101:5412/system/remoting-terminator - Shutting down remote daemon.
14:09:48.440 [worker-akka.actor.default-dispatcher-2] INFO  a.r.RemoteActorRefProvider$RemotingTerminator akka://worker@172.31.37.101:5412/system/remoting-terminator - Remote daemon shut down; proceeding with flushing remote transports.
14:09:49.590 [worker-akka.actor.default-dispatcher-2] INFO  a.r.RemoteActorRefProvider$RemotingTerminator akka://worker@172.31.37.101:5412/system/remoting-terminator - Remoting shut down.
Heap
 def new generation   total 153600K, used 143231K [0x00000000e0c00000, 0x00000000eb2a0000, 0x00000000eb2a0000)
  eden space 136576K,  97% used [0x00000000e0c00000, 0x00000000e8e15ff8, 0x00000000e9160000)
  from space 17024K,  58% used [0x00000000e9160000, 0x00000000e9b29cb8, 0x00000000ea200000)
  to   space 17024K,   0% used [0x00000000ea200000, 0x00000000ea200000, 0x00000000eb2a0000)
 tenured generation   total 341376K, used 91513K [0x00000000eb2a0000, 0x0000000100000000, 0x0000000100000000)
   the space 341376K,  26% used [0x00000000eb2a0000, 0x00000000f0bfe498, 0x00000000f0bfe600, 0x0000000100000000)
 Metaspace       used 33469K, capacity 34222K, committed 34432K, reserved 1079296K
  class space    used 4457K, capacity 4624K, committed 4736K, reserved 1048576K
