11:39:29.221 [main] INFO  c.s.f.r.a.WorkerApplication  - Starting worker with id: '172.31.42.36', host: '172.31.42.36:5412', zkString: '172.31.34.147:2181'
11:39:30.154 [worker-akka.actor.default-dispatcher-2] INFO  a.e.s.Slf4jLogger  - Slf4jLogger started
2018-02-15T11:39:30.307+0000: 2.147: [Full GC (Metadata GC Threshold) 2018-02-15T11:39:30.307+0000: 2.147: [Tenured: 0K->15448K(341376K), 0.0379233 secs] 117522K->15448K(494976K), [Metaspace: 20941K->20941K(1067008K)], 0.0379886 secs] [Times: user=0.03 sys=0.00, real=0.04 secs] 
11:39:30.681 [worker-akka.actor.default-dispatcher-2] INFO  a.r.a.ArteryTransport(akka://worker) akka.remote.artery.ArteryTransport(akka://worker) - Started embedded media driver in directory [/dev/shm/aeron-root-worker-ca4120c2-2f34-4b6c-9255-de4ff81b0714]
11:39:30.893 [worker-akka.actor.default-dispatcher-2] INFO  a.r.a.ArteryTransport(akka://worker) akka.remote.artery.ArteryTransport(akka://worker) - Remoting started; listening on address: [akka://worker@172.31.42.36:5412] with UID [-471218299860268220]
11:39:30.989 [worker-akka.actor.default-dispatcher-2] INFO  o.a.z.ZooKeeper  - Client environment:zookeeper.version=3.4.9-1757313, built on 08/23/2016 06:50 GMT
11:39:30.990 [worker-akka.actor.default-dispatcher-2] INFO  o.a.z.ZooKeeper  - Client environment:host.name=ip-172-31-42-36.us-east-2.compute.internal
11:39:30.990 [worker-akka.actor.default-dispatcher-2] INFO  o.a.z.ZooKeeper  - Client environment:java.version=1.8.0_151
11:39:30.990 [worker-akka.actor.default-dispatcher-2] INFO  o.a.z.ZooKeeper  - Client environment:java.vendor=Oracle Corporation
11:39:30.990 [worker-akka.actor.default-dispatcher-2] INFO  o.a.z.ZooKeeper  - Client environment:java.home=/usr/lib/jvm/java-8-openjdk-amd64/jre
11:39:30.990 [worker-akka.actor.default-dispatcher-2] INFO  o.a.z.ZooKeeper  - Client environment:java.class.path=lib/commons-cli-1.4.jar:lib/minlog-1.3.0.jar:lib/asm-5.0.4.jar:lib/hadoop-annotations-2.7.3.jar:lib/hadoop-auth-2.7.3.jar:lib/akka-slf4j_2.11-2.5.6.jar:lib/jersey-core-1.9.jar:lib/lz4-1.3.0.jar:lib/jackson-core-asl-1.9.13.jar:lib/aeron-client-1.3.0.jar:lib/htrace-core-3.1.0-incubating.jar:lib/xz-1.0.jar:lib/commons-httpclient-3.1.jar:lib/asm-3.1.jar:lib/commons-lang3-3.4.jar:lib/scala-library-2.11.11.jar:lib/scala-java8-compat_2.11-0.7.0.jar:lib/commons-configuration-1.6.jar:lib/objenesis-2.1.jar:lib/jackson-annotations-2.8.0.jar:lib/jsr305-3.0.0.jar:lib/curator-framework-2.7.1.jar:lib/jersey-server-1.9.jar:lib/jets3t-0.9.0.jar:lib/leveldb-0.7.jar:lib/jetty-6.1.26.jar:lib/stax-api-1.0-2.jar:lib/flamestream-core-1.0-SNAPSHOT.jar:lib/reflectasm-1.07-shaded.jar:lib/apacheds-kerberos-codec-2.0.0-M15.jar:lib/api-asn1-api-1.0.0-M20.jar:lib/commons-lang-2.6.jar:lib/commons-beanutils-1.7.0.jar:lib/jackson-xc-1.8.3.jar:lib/jetty-util-6.1.26.jar:lib/logback-classic-1.2.3.jar:lib/jool-0.9.12.jar:lib/flamestream-runtime-1.0-SNAPSHOT-tests.jar:lib/httpcore-4.1.2.jar:lib/kryo-4.0.0.jar:lib/ant-1.8.1.jar:lib/jaxb-impl-2.2.3-1.jar:lib/jersey-json-1.9.jar:lib/commons-compress-1.4.1.jar:lib/leveldbjni-all-1.8.jar:lib/paranamer-2.3.jar:lib/jackson-core-2.8.4.jar:lib/commons-math3-3.6.1.jar:lib/scala-parser-combinators_2.11-1.0.4.jar:lib/netty-3.10.6.Final.jar:lib/trove4j-3.0.3.jar:lib/jaxb-api-2.2.2.jar:lib/logback-core-1.2.3.jar:lib/snappy-java-1.0.4.1.jar:lib/protobuf-java-2.5.0.jar:lib/reactive-streams-1.0.1.jar:lib/flamestream-examples-1.0-SNAPSHOT.jar:lib/commons-codec-1.4.jar:lib/activation-1.1.jar:lib/commons-net-3.1.jar:lib/curator-recipes-2.7.1.jar:lib/jackson-mapper-asl-1.9.13.jar:lib/jackson-databind-2.8.4.jar:lib/flamestream-runtime-1.0-SNAPSHOT.jar:lib/jackson-jaxrs-1.8.3.jar:lib/slf4j-api-1.7.24.jar:lib/akka-remote_2.11-2.5.6.jar:lib/akka-testkit_2.11-2.5.6.jar:lib/jline-0.9.94.jar:lib/akka-stream_2.11-2.5.6.jar:lib/jsp-api-2.1.jar:lib/kryonet-2.21.jar:lib/akka-kryo-serialization_2.11-0.5.0.jar:lib/config-1.3.1.jar:lib/ant-launcher-1.8.1.jar:lib/commons-logging-1.2.jar:lib/ssl-config-core_2.11-0.2.2.jar:lib/testng-6.10.jar:lib/guava-19.0.jar:lib/leveldb-api-0.7.jar:lib/reflectasm-1.11.3.jar:lib/jcommander-1.48.jar:lib/commons-1.1.jar:lib/commons-digester-1.8.jar:lib/minlog-1.2.jar:lib/java-xmlbuilder-0.4.jar:lib/jettison-1.1.jar:lib/gson-2.2.4.jar:lib/jdk.tools-1.8.jar:lib/aeron-driver-1.3.0.jar:lib/zookeeper-3.4.9.jar:lib/commons-beanutils-core-1.8.0.jar:lib/commons-math3-3.1.1.jar:lib/akka-actor_2.11-2.5.6.jar:lib/curator-client-2.7.1.jar:lib/servlet-api-2.5.jar:lib/apacheds-i18n-2.0.0-M15.jar:lib/commons-io-2.4.jar:lib/commons-codec-1.6.jar:lib/akka-protobuf_2.11-2.5.6.jar:lib/jdom-2.0.2.jar:lib/api-util-1.0.0-M20.jar:lib/hadoop-common-2.7.3.jar:lib/agrona-0.9.6.jar:lib/xmlenc-0.52.jar:lib/guava-21.0.jar:lib/commons-collections-3.2.2.jar:lib/avro-1.7.4.jar:lib/commons-1.0-SNAPSHOT.jar:lib/httpclient-4.1.2.jar:lib/flamestream-core-1.0-SNAPSHOT-tests.jar:lib/annotations-12.0.jar:lib/jsch-0.1.42.jar:flamestream-runtime-1.0-SNAPSHOT.jar
11:39:30.990 [worker-akka.actor.default-dispatcher-2] INFO  o.a.z.ZooKeeper  - Client environment:java.library.path=/usr/java/packages/lib/amd64:/usr/lib/x86_64-linux-gnu/jni:/lib/x86_64-linux-gnu:/usr/lib/x86_64-linux-gnu:/usr/lib/jni:/lib:/usr/lib
11:39:30.990 [worker-akka.actor.default-dispatcher-2] INFO  o.a.z.ZooKeeper  - Client environment:java.io.tmpdir=/tmp
11:39:30.990 [worker-akka.actor.default-dispatcher-2] INFO  o.a.z.ZooKeeper  - Client environment:java.compiler=<NA>
11:39:30.990 [worker-akka.actor.default-dispatcher-2] INFO  o.a.z.ZooKeeper  - Client environment:os.name=Linux
11:39:30.990 [worker-akka.actor.default-dispatcher-2] INFO  o.a.z.ZooKeeper  - Client environment:os.arch=amd64
11:39:30.990 [worker-akka.actor.default-dispatcher-2] INFO  o.a.z.ZooKeeper  - Client environment:os.version=4.4.0-1049-aws
11:39:30.992 [worker-akka.actor.default-dispatcher-2] INFO  o.a.z.ZooKeeper  - Client environment:user.name=root
11:39:30.992 [worker-akka.actor.default-dispatcher-2] INFO  o.a.z.ZooKeeper  - Client environment:user.home=/root
11:39:30.992 [worker-akka.actor.default-dispatcher-2] INFO  o.a.z.ZooKeeper  - Client environment:user.dir=/opt/flamestream
11:39:30.995 [worker-akka.actor.default-dispatcher-2] INFO  o.a.z.ZooKeeper  - Initiating client connection, connectString=172.31.34.147:2181 sessionTimeout=5000 watcher=com.spbsu.flamestream.runtime.application.LifecycleWatcher$$Lambda$29/801066142@59ccea0d
11:39:31.033 [worker-akka.actor.default-dispatcher-2-SendThread(172.31.34.147:2181)] INFO  o.a.z.ClientCnxn  - Opening socket connection to server 172.31.34.147/172.31.34.147:2181. Will not attempt to authenticate using SASL (unknown error)
11:39:31.034 [worker-akka.actor.default-dispatcher-2] INFO  a.a.RepointableActorRef akka://worker/user/watcher - Starting...
11:39:31.039 [worker-akka.actor.default-dispatcher-2-SendThread(172.31.34.147:2181)] INFO  o.a.z.ClientCnxn  - Socket connection established to 172.31.34.147/172.31.34.147:2181, initiating session
11:39:31.048 [worker-akka.actor.default-dispatcher-2-SendThread(172.31.34.147:2181)] INFO  o.a.z.ClientCnxn  - Session establishment complete on server 172.31.34.147/172.31.34.147:2181, sessionid = 0x161994201fa0004, negotiated timeout = 6000
11:39:31.129 [worker-akka.actor.default-dispatcher-2] INFO  a.a.RepointableActorRef akka://worker/user/watcher - Connected to ZK
11:39:42.783 [worker-akka.actor.default-dispatcher-2] INFO  a.a.RepointableActorRef akka://worker/user/watcher - Creating node with watchGraphs: 'com.spbsu.flamestream.core.Graph$Builder$MyGraph@8b81974', config: 'ClusterConfig{paths={172.31.33.155=akka://worker@172.31.33.155:5412/user/watcher/graph0000000000, 172.31.47.83=akka://worker@172.31.47.83:5412/user/watcher/graph0000000000, 172.31.45.197=akka://worker@172.31.45.197:5412/user/watcher/graph0000000000, 172.31.42.36=akka://worker@172.31.42.36:5412/user/watcher/graph0000000000, 172.31.44.83=akka://worker@172.31.44.83:5412/user/watcher/graph0000000000, 172.31.39.64=akka://worker@172.31.39.64:5412/user/watcher/graph0000000000, 172.31.35.79=akka://worker@172.31.35.79:5412/user/watcher/graph0000000000, 172.31.34.169=akka://worker@172.31.34.169:5412/user/watcher/graph0000000000, 172.31.47.100=akka://worker@172.31.47.100:5412/user/watcher/graph0000000000, 172.31.37.101=akka://worker@172.31.37.101:5412/user/watcher/graph0000000000}, ackerLocation='172.31.35.79', props=ComputationLayout{ranges={172.31.33.155=HashRange{from=1670265056, to=2147483644}, 172.31.47.83=HashRange{from=715827880, to=1193046468}, 172.31.45.197=HashRange{from=-1670265060, to=-1193046472}, 172.31.42.36=HashRange{from=238609292, to=715827880}, 172.31.44.83=HashRange{from=-1193046472, to=-715827884}, 172.31.39.64=HashRange{from=-238609296, to=238609292}, 172.31.35.79=HashRange{from=0, to=0}, 172.31.34.169=HashRange{from=1193046468, to=1670265056}, 172.31.47.100=HashRange{from=-715827884, to=-238609296}, 172.31.37.101=HashRange{from=-2147483648, to=-1670265060}}}}'
11:39:43.587 [worker-akka.actor.default-dispatcher-2] INFO  a.a.LocalActorRef akka://worker/user/watcher/graph0000000000/graph - Starting...
11:39:43.588 [worker-akka.actor.default-dispatcher-2] INFO  a.a.LocalActorRef akka://worker/user/watcher/graph0000000000/graph/local-acker/$a - Starting...
11:39:43.591 [worker-akka.actor.default-dispatcher-2] INFO  a.a.LocalActorRef akka://worker/user/watcher/graph0000000000/graph/local-acker - Starting...
Warning: space is running low in /dev/shm (tmpfs) threshold=167,772,160 usable=158,621,696
Warning: space is running low in /dev/shm (tmpfs) threshold=167,772,160 usable=146,034,688
Warning: space is running low in /dev/shm (tmpfs) threshold=167,772,160 usable=133,447,680
Warning: space is running low in /dev/shm (tmpfs) threshold=167,772,160 usable=120,860,672
Warning: space is running low in /dev/shm (tmpfs) threshold=167,772,160 usable=108,273,664
Warning: space is running low in /dev/shm (tmpfs) threshold=167,772,160 usable=95,686,656
Warning: space is running low in /dev/shm (tmpfs) threshold=167,772,160 usable=83,099,648
Warning: space is running low in /dev/shm (tmpfs) threshold=167,772,160 usable=70,512,640
11:39:44.870 [worker-akka.actor.default-dispatcher-2] INFO  a.a.LocalActorRef akka://worker/user/watcher/graph0000000000/graph - Finishing constructor
11:39:44.872 [worker-akka.actor.default-dispatcher-2] INFO  a.a.LocalActorRef akka://worker/user/watcher/graph0000000000 - Starting...
11:39:44.873 [worker-akka.actor.default-dispatcher-2] INFO  a.a.LocalActorRef akka://worker/user/watcher/graph0000000000/negotiator - Starting...
11:39:44.932 [worker-akka.actor.default-dispatcher-2] INFO  a.a.LocalActorRef akka://worker/user/watcher/graph0000000000/edge - Starting...
11:39:44.935 [worker-akka.actor.default-dispatcher-2] INFO  a.a.LocalActorRef akka://worker/user/watcher/graph0000000000/graph/$a - Starting...
11:39:44.936 [worker-akka.actor.default-dispatcher-2] INFO  a.a.LocalActorRef akka://worker/user/watcher/graph0000000000/graph/$b - Starting...
11:39:44.936 [worker-akka.actor.default-dispatcher-2] INFO  a.a.LocalActorRef akka://worker/user/watcher/graph0000000000/graph/$c - Starting...
11:39:44.958 [worker-akka.actor.default-dispatcher-2] INFO  c.s.f.r.e.s.SocketRear  - FlameSocketGraphDeployerRear@172.31.42.36: connecting to 172.31.34.147:5678
11:39:44.967 [worker-akka.actor.default-dispatcher-2] INFO  c.s.f.r.e.s.SocketRear  - FlameSocketGraphDeployerRear@172.31.42.36: connected to 172.31.34.147:5678
2018-02-15T11:39:44.970+0000: 16.809: [GC (Allocation Failure) 2018-02-15T11:39:44.970+0000: 16.810: [DefNew: 121208K->17024K(153600K), 0.0218783 secs] 136657K->43104K(494976K), 0.0219318 secs] [Times: user=0.01 sys=0.00, real=0.02 secs] 
11:39:45.005 [worker-akka.actor.default-dispatcher-2] INFO  a.a.LocalActorRef akka://worker/user/watcher/graph0000000000/edge/FlameSocketGraphDeployerRear - Starting...
11:39:45.011 [worker-akka.actor.default-dispatcher-2] INFO  a.a.LocalActorRef akka://worker/user/watcher/graph0000000000/edge/FlameSocketGraphDeployerFront - Starting...
11:39:45.011 [worker-akka.actor.default-dispatcher-2] INFO  a.a.LocalActorRef akka://worker/user/watcher/graph0000000000/negotiator - Requesting ticket for the frontClass FlameSocketGraphDeployerFront@172.31.42.36
11:39:45.023 [worker-akka.actor.default-dispatcher-2] INFO  a.a.LocalActorRef akka://worker/user/watcher/graph0000000000/negotiator - Ticket for the frontClass received: FrontTicket{allowedTimestamp=(1518694782799, FlameSocketGraphDeployerFront@172.31.42.36)}
11:39:45.024 [worker-akka.actor.default-dispatcher-2] INFO  c.s.f.r.e.s.SocketFront  - FlameSocketGraphDeployerFront@172.31.42.36: connecting to 172.31.34.147:4567
11:39:45.038 [Client] INFO  c.s.f.r.e.s.SocketFront  - FlameSocketGraphDeployerFront@172.31.42.36 has been disconnected from Connection 6
2018-02-15T11:39:59.735+0000: 31.575: [GC (Allocation Failure) 2018-02-15T11:39:59.735+0000: 31.575: [DefNew: 153600K->3674K(153600K), 0.0701472 secs] 179680K->66271K(494976K), 0.0702321 secs] [Times: user=0.02 sys=0.05, real=0.07 secs] 
2018-02-15T11:40:19.061+0000: 50.901: [GC (Allocation Failure) 2018-02-15T11:40:19.061+0000: 50.901: [DefNew: 140250K->5809K(153600K), 0.0126582 secs] 202847K->68406K(494976K), 0.0127241 secs] [Times: user=0.01 sys=0.00, real=0.01 secs] 
2018-02-15T11:40:35.323+0000: 67.163: [GC (Allocation Failure) 2018-02-15T11:40:35.323+0000: 67.163: [DefNew: 142385K->7627K(153600K), 0.0172517 secs] 204982K->70223K(494976K), 0.0173208 secs] [Times: user=0.02 sys=0.00, real=0.02 secs] 
2018-02-15T11:40:53.197+0000: 85.036: [GC (Allocation Failure) 2018-02-15T11:40:53.197+0000: 85.036: [DefNew: 144203K->9139K(153600K), 0.0162856 secs] 206799K->71736K(494976K), 0.0163634 secs] [Times: user=0.02 sys=0.00, real=0.01 secs] 
2018-02-15T11:41:04.893+0000: 96.732: [GC (Allocation Failure) 2018-02-15T11:41:04.893+0000: 96.732: [DefNew: 145715K->9055K(153600K), 0.0181749 secs] 208312K->73287K(494976K), 0.0182448 secs] [Times: user=0.02 sys=0.00, real=0.02 secs] 
2018-02-15T11:41:23.119+0000: 114.958: [GC (Allocation Failure) 2018-02-15T11:41:23.119+0000: 114.958: [DefNew: 145631K->8705K(153600K), 0.0171208 secs] 209863K->74236K(494976K), 0.0171898 secs] [Times: user=0.02 sys=0.00, real=0.01 secs] 
2018-02-15T11:41:45.521+0000: 137.360: [GC (Allocation Failure) 2018-02-15T11:41:45.521+0000: 137.360: [DefNew: 145281K->8739K(153600K), 0.0166773 secs] 210812K->75652K(494976K), 0.0167452 secs] [Times: user=0.02 sys=0.00, real=0.02 secs] 
2018-02-15T11:42:04.199+0000: 156.039: [GC (Allocation Failure) 2018-02-15T11:42:04.199+0000: 156.039: [DefNew: 145315K->8927K(153600K), 0.0174570 secs] 212228K->77185K(494976K), 0.0175260 secs] [Times: user=0.02 sys=0.00, real=0.02 secs] 
2018-02-15T11:42:19.121+0000: 170.960: [GC (Allocation Failure) 2018-02-15T11:42:19.121+0000: 170.960: [DefNew: 145503K->8885K(153600K), 0.0170584 secs] 213761K->78523K(494976K), 0.0171213 secs] [Times: user=0.02 sys=0.00, real=0.02 secs] 
2018-02-15T11:42:39.415+0000: 191.255: [GC (Allocation Failure) 2018-02-15T11:42:39.415+0000: 191.255: [DefNew: 145461K->9091K(153600K), 0.0176418 secs] 215099K->79883K(494976K), 0.0177291 secs] [Times: user=0.01 sys=0.00, real=0.02 secs] 
2018-02-15T11:43:00.899+0000: 212.738: [GC (Allocation Failure) 2018-02-15T11:43:00.899+0000: 212.738: [DefNew: 145667K->8816K(153600K), 0.0169752 secs] 216459K->80881K(494976K), 0.0170406 secs] [Times: user=0.02 sys=0.00, real=0.01 secs] 
2018-02-15T11:43:19.611+0000: 231.451: [GC (Allocation Failure) 2018-02-15T11:43:19.611+0000: 231.451: [DefNew: 145392K->8625K(153600K), 0.0171086 secs] 217457K->82108K(494976K), 0.0171823 secs] [Times: user=0.02 sys=0.00, real=0.02 secs] 
2018-02-15T11:43:39.319+0000: 251.158: [GC (Allocation Failure) 2018-02-15T11:43:39.319+0000: 251.158: [DefNew: 145201K->8917K(153600K), 0.0171604 secs] 218684K->83503K(494976K), 0.0172304 secs] [Times: user=0.02 sys=0.00, real=0.01 secs] 
2018-02-15T11:43:59.211+0000: 271.050: [GC (Allocation Failure) 2018-02-15T11:43:59.211+0000: 271.050: [DefNew: 145493K->9089K(153600K), 0.0184261 secs] 220079K->84858K(494976K), 0.0185064 secs] [Times: user=0.02 sys=0.01, real=0.02 secs] 
2018-02-15T11:44:18.516+0000: 290.356: [GC (Allocation Failure) 2018-02-15T11:44:18.516+0000: 290.356: [DefNew: 145665K->9453K(153600K), 0.0172268 secs] 221434K->86283K(494976K), 0.0172935 secs] [Times: user=0.01 sys=0.00, real=0.01 secs] 
2018-02-15T11:44:35.779+0000: 307.619: [GC (Allocation Failure) 2018-02-15T11:44:35.779+0000: 307.619: [DefNew: 146029K->9653K(153600K), 0.0191671 secs] 222859K->87572K(494976K), 0.0192443 secs] [Times: user=0.02 sys=0.00, real=0.02 secs] 
2018-02-15T11:44:53.640+0000: 325.480: [GC (Allocation Failure) 2018-02-15T11:44:53.640+0000: 325.480: [DefNew: 146229K->9598K(153600K), 0.0172721 secs] 224148K->88623K(494976K), 0.0173515 secs] [Times: user=0.02 sys=0.00, real=0.02 secs] 
2018-02-15T11:45:14.994+0000: 346.834: [GC (Allocation Failure) 2018-02-15T11:45:14.994+0000: 346.834: [DefNew: 146174K->10225K(153600K), 0.0196588 secs] 225199K->90446K(494976K), 0.0197277 secs] [Times: user=0.02 sys=0.01, real=0.02 secs] 
2018-02-15T11:45:33.974+0000: 365.813: [GC (Allocation Failure) 2018-02-15T11:45:33.974+0000: 365.813: [DefNew: 146801K->8622K(153600K), 0.0216746 secs] 227022K->91230K(494976K), 0.0217412 secs] [Times: user=0.02 sys=0.01, real=0.02 secs] 
2018-02-15T11:45:49.612+0000: 381.452: [GC (Allocation Failure) 2018-02-15T11:45:49.612+0000: 381.452: [DefNew: 145198K->8340K(153600K), 0.0174114 secs] 227806K->92313K(494976K), 0.0174787 secs] [Times: user=0.01 sys=0.00, real=0.02 secs] 
2018-02-15T11:46:06.604+0000: 398.444: [GC (Allocation Failure) 2018-02-15T11:46:06.604+0000: 398.444: [DefNew: 144916K->10021K(153600K), 0.0160852 secs] 228889K->93993K(494976K), 0.0161559 secs] [Times: user=0.01 sys=0.00, real=0.02 secs] 
2018-02-15T11:46:21.883+0000: 413.722: [GC (Allocation Failure) 2018-02-15T11:46:21.883+0000: 413.722: [DefNew: 146597K->10216K(153600K), 0.0197104 secs] 230569K->96301K(494976K), 0.0197897 secs] [Times: user=0.02 sys=0.00, real=0.02 secs] 
2018-02-15T11:46:38.314+0000: 430.153: [GC (Allocation Failure) 2018-02-15T11:46:38.314+0000: 430.153: [DefNew: 146792K->8268K(153600K), 0.0302440 secs] 232877K->97272K(494976K), 0.0303069 secs] [Times: user=0.01 sys=0.02, real=0.03 secs] 
2018-02-15T11:46:55.396+0000: 447.235: [GC (Allocation Failure) 2018-02-15T11:46:55.396+0000: 447.235: [DefNew: 144844K->9815K(153600K), 0.0148157 secs] 233848K->98819K(494976K), 0.0148811 secs] [Times: user=0.01 sys=0.00, real=0.02 secs] 
2018-02-15T11:47:12.412+0000: 464.252: [GC (Allocation Failure) 2018-02-15T11:47:12.412+0000: 464.252: [DefNew: 146391K->9287K(153600K), 0.0181055 secs] 235395K->100351K(494976K), 0.0181767 secs] [Times: user=0.02 sys=0.00, real=0.02 secs] 
2018-02-15T11:47:31.006+0000: 482.845: [GC (Allocation Failure) 2018-02-15T11:47:31.006+0000: 482.845: [DefNew: 145863K->9788K(153600K), 0.0184065 secs] 236927K->101921K(494976K), 0.0184712 secs] [Times: user=0.02 sys=0.00, real=0.02 secs] 
2018-02-15T11:47:48.284+0000: 500.124: [GC (Allocation Failure) 2018-02-15T11:47:48.284+0000: 500.124: [DefNew: 146364K->10421K(153600K), 0.0175589 secs] 238497K->103826K(494976K), 0.0176356 secs] [Times: user=0.02 sys=0.00, real=0.02 secs] 
2018-02-15T11:48:07.273+0000: 519.112: [GC (Allocation Failure) 2018-02-15T11:48:07.273+0000: 519.113: [DefNew: 146997K->8209K(153600K), 0.0233561 secs] 240402K->104353K(494976K), 0.0234296 secs] [Times: user=0.01 sys=0.02, real=0.03 secs] 
2018-02-15T11:48:22.466+0000: 534.306: [GC (Allocation Failure) 2018-02-15T11:48:22.466+0000: 534.306: [DefNew: 144785K->9686K(153600K), 0.0146633 secs] 240929K->105829K(494976K), 0.0147387 secs] [Times: user=0.02 sys=0.00, real=0.02 secs] 
2018-02-15T11:48:40.318+0000: 552.158: [GC (Allocation Failure) 2018-02-15T11:48:40.318+0000: 552.158: [DefNew: 146262K->9921K(153600K), 0.0175542 secs] 242405K->107237K(494976K), 0.0176305 secs] [Times: user=0.02 sys=0.00, real=0.01 secs] 
2018-02-15T11:48:57.847+0000: 569.686: [GC (Allocation Failure) 2018-02-15T11:48:57.847+0000: 569.686: [DefNew: 146497K->9861K(153600K), 0.0174399 secs] 243813K->108490K(494976K), 0.0175043 secs] [Times: user=0.01 sys=0.00, real=0.02 secs] 
2018-02-15T11:49:13.298+0000: 585.138: [GC (Allocation Failure) 2018-02-15T11:49:13.298+0000: 585.138: [DefNew: 146437K->8610K(153600K), 0.0178692 secs] 245066K->109808K(494976K), 0.0179352 secs] [Times: user=0.02 sys=0.00, real=0.01 secs] 
2018-02-15T11:49:30.941+0000: 602.781: [GC (Allocation Failure) 2018-02-15T11:49:30.941+0000: 602.781: [DefNew: 145186K->8989K(153600K), 0.0172976 secs] 246384K->111618K(494976K), 0.0173649 secs] [Times: user=0.02 sys=0.00, real=0.02 secs] 
2018-02-15T11:49:45.753+0000: 617.593: [GC (Allocation Failure) 2018-02-15T11:49:45.753+0000: 617.593: [DefNew: 145565K->9018K(153600K), 0.0159645 secs] 248194K->112984K(494976K), 0.0160296 secs] [Times: user=0.02 sys=0.00, real=0.02 secs] 
2018-02-15T11:50:06.882+0000: 638.721: [GC (Allocation Failure) 2018-02-15T11:50:06.882+0000: 638.721: [DefNew: 145594K->9063K(153600K), 0.0171707 secs] 249560K->114730K(494976K), 0.0172416 secs] [Times: user=0.02 sys=0.00, real=0.02 secs] 
2018-02-15T11:50:28.054+0000: 659.894: [GC (Allocation Failure) 2018-02-15T11:50:28.054+0000: 659.894: [DefNew: 145639K->9838K(153600K), 0.0175530 secs] 251306K->116822K(494976K), 0.0176180 secs] [Times: user=0.02 sys=0.00, real=0.02 secs] 
2018-02-15T11:50:47.405+0000: 679.245: [GC (Allocation Failure) 2018-02-15T11:50:47.405+0000: 679.245: [DefNew: 146414K->9855K(153600K), 0.0172645 secs] 253398K->118307K(494976K), 0.0173311 secs] [Times: user=0.02 sys=0.00, real=0.02 secs] 
2018-02-15T11:51:02.365+0000: 694.205: [GC (Allocation Failure) 2018-02-15T11:51:02.365+0000: 694.205: [DefNew: 146431K->9851K(153600K), 0.0177262 secs] 254883K->119992K(494976K), 0.0177924 secs] [Times: user=0.02 sys=0.00, real=0.02 secs] 
2018-02-15T11:51:20.739+0000: 712.579: [GC (Allocation Failure) 2018-02-15T11:51:20.739+0000: 712.579: [DefNew: 146427K->9361K(153600K), 0.0168244 secs] 256568K->121305K(494976K), 0.0168988 secs] [Times: user=0.02 sys=0.00, real=0.02 secs] 
2018-02-15T11:51:33.884+0000: 725.724: [GC (Allocation Failure) 2018-02-15T11:51:33.884+0000: 725.724: [DefNew: 145937K->9944K(153600K), 0.0173213 secs] 257881K->123370K(494976K), 0.0174032 secs] [Times: user=0.02 sys=0.00, real=0.02 secs] 
11:51:46.099 [Client] INFO  c.s.f.r.e.s.SocketRear  - FlameSocketGraphDeployerRear@172.31.42.36: has been disconnected from Connection 6
11:55:22.397 [worker-akka.actor.default-dispatcher-2] INFO  a.a.CoordinatedShutdown CoordinatedShutdown(akka://worker) - Starting coordinated shutdown from JVM shutdown hook
11:55:22.440 [worker-akka.actor.default-dispatcher-2] INFO  a.a.LocalActorRef akka://worker/user/watcher/graph0000000000/edge/FlameSocketGraphDeployerFront - Stopped
11:55:22.441 [worker-akka.actor.default-dispatcher-2] INFO  a.a.LocalActorRef akka://worker/user/watcher/graph0000000000/edge/FlameSocketGraphDeployerRear - Stopped
11:55:22.442 [worker-akka.actor.default-dispatcher-2] INFO  a.a.LocalActorRef akka://worker/user/watcher/graph0000000000/graph/$a - Stopped
11:55:22.443 [worker-akka.actor.default-dispatcher-2] INFO  a.a.LocalActorRef akka://worker/user/watcher/graph0000000000/graph/$b - Stopped
11:55:22.445 [worker-akka.actor.default-dispatcher-2] INFO  a.a.LocalActorRef akka://worker/user/watcher/graph0000000000/negotiator - Stopped
11:55:22.446 [worker-akka.actor.default-dispatcher-2] INFO  a.a.LocalActorRef akka://worker/user/watcher/graph0000000000/graph/$c - Stopped
11:55:22.446 [worker-akka.actor.default-dispatcher-2] INFO  a.a.LocalActorRef akka://worker/user/watcher/graph0000000000/graph/local-acker/$a - Stopped
11:55:22.452 [worker-akka.actor.default-dispatcher-2] INFO  a.a.LocalActorRef akka://worker/user/watcher/graph0000000000/edge - Stopped
11:55:22.452 [worker-akka.actor.default-dispatcher-2] INFO  a.a.LocalActorRef akka://worker/user/watcher/graph0000000000/graph/local-acker/$a - Message [com.spbsu.flamestream.runtime.utils.akka.PingActor$InnerPing] from Actor[akka://worker/user/watcher/graph0000000000/graph/local-acker/$a#24570040] to Actor[akka://worker/user/watcher/graph0000000000/graph/local-acker/$a#24570040] was not delivered. [1] dead letters encountered. This logging can be turned off or adjusted with configuration settings 'akka.log-dead-letters' and 'akka.log-dead-letters-during-shutdown'.
11:55:22.452 [worker-akka.actor.default-dispatcher-2] INFO  a.a.LocalActorRef akka://worker/user/watcher/graph0000000000/graph/local-acker - Stopped
11:55:22.454 [worker-akka.actor.default-dispatcher-2] INFO  a.a.LocalActorRef akka://worker/user/watcher/graph0000000000/graph/local-acker/$a - Message [com.spbsu.flamestream.runtime.utils.akka.PingActor$Stop] from Actor[akka://worker/user/watcher/graph0000000000/graph/local-acker#-1829710011] to Actor[akka://worker/user/watcher/graph0000000000/graph/local-acker/$a#24570040] was not delivered. [2] dead letters encountered. This logging can be turned off or adjusted with configuration settings 'akka.log-dead-letters' and 'akka.log-dead-letters-during-shutdown'.
11:55:22.456 [worker-akka.actor.default-dispatcher-2] INFO  a.a.LocalActorRef akka://worker/user/watcher/graph0000000000/graph/local-acker - Message [com.spbsu.flamestream.runtime.acker.LocalAcker$Flush] from Actor[akka://worker/user/watcher/graph0000000000/graph/local-acker#-1829710011] to Actor[akka://worker/user/watcher/graph0000000000/graph/local-acker#-1829710011] was not delivered. [3] dead letters encountered. This logging can be turned off or adjusted with configuration settings 'akka.log-dead-letters' and 'akka.log-dead-letters-during-shutdown'.
11:55:22.456 [worker-akka.actor.default-dispatcher-2] INFO  a.a.LocalActorRef akka://worker/user/watcher/graph0000000000/graph/local-acker - Message [com.spbsu.flamestream.runtime.acker.LocalAcker$Flush] from Actor[akka://worker/user/watcher/graph0000000000/graph/local-acker#-1829710011] to Actor[akka://worker/user/watcher/graph0000000000/graph/local-acker#-1829710011] was not delivered. [4] dead letters encountered. This logging can be turned off or adjusted with configuration settings 'akka.log-dead-letters' and 'akka.log-dead-letters-during-shutdown'.
11:55:22.457 [worker-akka.actor.default-dispatcher-2] INFO  a.a.LocalActorRef akka://worker/user/watcher/graph0000000000/graph - Stopped
11:55:22.457 [worker-akka.actor.default-dispatcher-2] INFO  a.a.LocalActorRef akka://worker/user/watcher/graph0000000000 - Stopped
11:55:22.460 [worker-akka.actor.default-dispatcher-2-EventThread] INFO  o.a.z.ClientCnxn  - EventThread shut down for session: 0x161994201fa0004
11:55:22.460 [worker-akka.actor.default-dispatcher-2] INFO  o.a.z.ZooKeeper  - Session: 0x161994201fa0004 closed
11:55:22.460 [worker-akka.actor.default-dispatcher-2] INFO  a.a.RepointableActorRef akka://worker/user/watcher - Stopped
11:55:22.471 [worker-akka.actor.default-dispatcher-2] INFO  a.r.RemoteActorRefProvider$RemotingTerminator akka://worker@172.31.42.36:5412/system/remoting-terminator - Shutting down remote daemon.
11:55:22.474 [worker-akka.actor.default-dispatcher-2] INFO  a.r.RemoteActorRefProvider$RemotingTerminator akka://worker@172.31.42.36:5412/system/remoting-terminator - Remote daemon shut down; proceeding with flushing remote transports.
11:55:23.641 [worker-akka.actor.default-dispatcher-2] INFO  a.r.RemoteActorRefProvider$RemotingTerminator akka://worker@172.31.42.36:5412/system/remoting-terminator - Remoting shut down.
Attempts of event 'shuffle-send' - 0
Attempts of event 'front-receive-send' - 0
Attempts of event 'inject-out' - 546648
Attempts of event 'sink-receive' - 551785
Attempts of event 'flatmap-receive' - 1133
Attempts of event 'fm-send' - 567280
Attempts of event 'rear-in' - 545515
Attempts of event 'flatmap-send' - 567280
2018-02-15T11:55:23.818+0000: 955.658: [GC (Allocation Failure) 2018-02-15T11:55:23.818+0000: 955.658: [DefNew: 146520K->9900K(153600K), 0.0327621 secs] 259946K->125062K(494976K), 0.0328219 secs] [Times: user=0.03 sys=0.00, real=0.03 secs] 
Attempts of event 'inject-in' - 546648
Attempts of event 'wrong-ordering-filter-receive' - 551785
Attempts of event 'accept-in' - 0
Attempts of event 'grouping-receive' - 1097300
Heap
 def new generation   total 153600K, used 23796K [0x00000000e0c00000, 0x00000000eb2a0000, 0x00000000eb2a0000)
  eden space 136576K,  10% used [0x00000000e0c00000, 0x00000000e1992060, 0x00000000e9160000)
  from space 17024K,  58% used [0x00000000e9160000, 0x00000000e9b0b078, 0x00000000ea200000)
  to   space 17024K,   0% used [0x00000000ea200000, 0x00000000ea200000, 0x00000000eb2a0000)
 tenured generation   total 341376K, used 115162K [0x00000000eb2a0000, 0x0000000100000000, 0x0000000100000000)
   the space 341376K,  33% used [0x00000000eb2a0000, 0x00000000f2316a68, 0x00000000f2316c00, 0x0000000100000000)
 Metaspace       used 33505K, capacity 34304K, committed 34688K, reserved 1079296K
  class space    used 4453K, capacity 4627K, committed 4736K, reserved 1048576K
