15:18:49.541 [main] INFO  c.s.f.r.a.WorkerApplication  - Started embedded media driver in directory [/dev/shm/aeron-26ac7cce-07c9-4e32-a53b-9773ec208b3e]
15:18:49.546 [main] INFO  c.s.f.r.a.WorkerApplication  - Starting worker with id: '172.31.37.101', host: '172.31.37.101:5412', zkString: '172.31.34.147:2181'
15:18:50.446 [worker-akka.actor.default-dispatcher-2] INFO  a.e.s.Slf4jLogger  - Slf4jLogger started
2018-02-15T15:18:50.514+0000: 2.404: [Full GC (Metadata GC Threshold) 2018-02-15T15:18:50.514+0000: 2.404: [Tenured: 0K->15262K(341376K), 0.0390470 secs] 114798K->15262K(494976K), [Metaspace: 20897K->20897K(1067008K)], 0.0391138 secs] [Times: user=0.04 sys=0.01, real=0.04 secs] 
15:18:51.053 [worker-akka.actor.default-dispatcher-2] INFO  a.r.a.ArteryTransport(akka://worker) akka.remote.artery.ArteryTransport(akka://worker) - Remoting started; listening on address: [akka://worker@172.31.37.101:5412] with UID [2375101318104669764]
15:18:51.110 [worker-akka.actor.default-dispatcher-2] INFO  o.a.z.ZooKeeper  - Client environment:zookeeper.version=3.4.9-1757313, built on 08/23/2016 06:50 GMT
15:18:51.110 [worker-akka.actor.default-dispatcher-2] INFO  o.a.z.ZooKeeper  - Client environment:host.name=ip-172-31-37-101.us-east-2.compute.internal
15:18:51.110 [worker-akka.actor.default-dispatcher-2] INFO  o.a.z.ZooKeeper  - Client environment:java.version=1.8.0_151
15:18:51.110 [worker-akka.actor.default-dispatcher-2] INFO  o.a.z.ZooKeeper  - Client environment:java.vendor=Oracle Corporation
15:18:51.110 [worker-akka.actor.default-dispatcher-2] INFO  o.a.z.ZooKeeper  - Client environment:java.home=/usr/lib/jvm/java-8-openjdk-amd64/jre
15:18:51.110 [worker-akka.actor.default-dispatcher-2] INFO  o.a.z.ZooKeeper  - Client environment:java.class.path=lib/commons-cli-1.4.jar:lib/minlog-1.3.0.jar:lib/asm-5.0.4.jar:lib/hadoop-annotations-2.7.3.jar:lib/hadoop-auth-2.7.3.jar:lib/akka-slf4j_2.11-2.5.6.jar:lib/jersey-core-1.9.jar:lib/lz4-1.3.0.jar:lib/jackson-core-asl-1.9.13.jar:lib/aeron-client-1.3.0.jar:lib/htrace-core-3.1.0-incubating.jar:lib/xz-1.0.jar:lib/commons-httpclient-3.1.jar:lib/asm-3.1.jar:lib/commons-lang3-3.4.jar:lib/scala-library-2.11.11.jar:lib/scala-java8-compat_2.11-0.7.0.jar:lib/commons-configuration-1.6.jar:lib/objenesis-2.1.jar:lib/jackson-annotations-2.8.0.jar:lib/jsr305-3.0.0.jar:lib/curator-framework-2.7.1.jar:lib/jersey-server-1.9.jar:lib/jets3t-0.9.0.jar:lib/leveldb-0.7.jar:lib/jetty-6.1.26.jar:lib/stax-api-1.0-2.jar:lib/flamestream-core-1.0-SNAPSHOT.jar:lib/reflectasm-1.07-shaded.jar:lib/apacheds-kerberos-codec-2.0.0-M15.jar:lib/api-asn1-api-1.0.0-M20.jar:lib/commons-lang-2.6.jar:lib/commons-beanutils-1.7.0.jar:lib/jackson-xc-1.8.3.jar:lib/jetty-util-6.1.26.jar:lib/logback-classic-1.2.3.jar:lib/jool-0.9.12.jar:lib/flamestream-runtime-1.0-SNAPSHOT-tests.jar:lib/httpcore-4.1.2.jar:lib/kryo-4.0.0.jar:lib/ant-1.8.1.jar:lib/jaxb-impl-2.2.3-1.jar:lib/jersey-json-1.9.jar:lib/commons-compress-1.4.1.jar:lib/leveldbjni-all-1.8.jar:lib/paranamer-2.3.jar:lib/jackson-core-2.8.4.jar:lib/commons-math3-3.6.1.jar:lib/scala-parser-combinators_2.11-1.0.4.jar:lib/netty-3.10.6.Final.jar:lib/trove4j-3.0.3.jar:lib/jaxb-api-2.2.2.jar:lib/logback-core-1.2.3.jar:lib/snappy-java-1.0.4.1.jar:lib/protobuf-java-2.5.0.jar:lib/reactive-streams-1.0.1.jar:lib/flamestream-examples-1.0-SNAPSHOT.jar:lib/commons-codec-1.4.jar:lib/activation-1.1.jar:lib/commons-net-3.1.jar:lib/curator-recipes-2.7.1.jar:lib/jackson-mapper-asl-1.9.13.jar:lib/jackson-databind-2.8.4.jar:lib/flamestream-runtime-1.0-SNAPSHOT.jar:lib/jackson-jaxrs-1.8.3.jar:lib/slf4j-api-1.7.24.jar:lib/akka-remote_2.11-2.5.6.jar:lib/akka-testkit_2.11-2.5.6.jar:lib/jline-0.9.94.jar:lib/akka-stream_2.11-2.5.6.jar:lib/jsp-api-2.1.jar:lib/kryonet-2.21.jar:lib/akka-kryo-serialization_2.11-0.5.0.jar:lib/config-1.3.1.jar:lib/ant-launcher-1.8.1.jar:lib/commons-logging-1.2.jar:lib/ssl-config-core_2.11-0.2.2.jar:lib/testng-6.10.jar:lib/guava-19.0.jar:lib/leveldb-api-0.7.jar:lib/reflectasm-1.11.3.jar:lib/jcommander-1.48.jar:lib/commons-1.1.jar:lib/commons-digester-1.8.jar:lib/minlog-1.2.jar:lib/java-xmlbuilder-0.4.jar:lib/jettison-1.1.jar:lib/gson-2.2.4.jar:lib/jdk.tools-1.8.jar:lib/aeron-driver-1.3.0.jar:lib/zookeeper-3.4.9.jar:lib/commons-beanutils-core-1.8.0.jar:lib/commons-math3-3.1.1.jar:lib/akka-actor_2.11-2.5.6.jar:lib/curator-client-2.7.1.jar:lib/servlet-api-2.5.jar:lib/apacheds-i18n-2.0.0-M15.jar:lib/commons-io-2.4.jar:lib/commons-codec-1.6.jar:lib/akka-protobuf_2.11-2.5.6.jar:lib/jdom-2.0.2.jar:lib/api-util-1.0.0-M20.jar:lib/hadoop-common-2.7.3.jar:lib/agrona-0.9.6.jar:lib/xmlenc-0.52.jar:lib/guava-21.0.jar:lib/commons-collections-3.2.2.jar:lib/avro-1.7.4.jar:lib/commons-1.0-SNAPSHOT.jar:lib/httpclient-4.1.2.jar:lib/flamestream-core-1.0-SNAPSHOT-tests.jar:lib/annotations-12.0.jar:lib/jsch-0.1.42.jar:flamestream-runtime-1.0-SNAPSHOT.jar
15:18:51.110 [worker-akka.actor.default-dispatcher-2] INFO  o.a.z.ZooKeeper  - Client environment:java.library.path=/usr/java/packages/lib/amd64:/usr/lib/x86_64-linux-gnu/jni:/lib/x86_64-linux-gnu:/usr/lib/x86_64-linux-gnu:/usr/lib/jni:/lib:/usr/lib
15:18:51.110 [worker-akka.actor.default-dispatcher-2] INFO  o.a.z.ZooKeeper  - Client environment:java.io.tmpdir=/tmp
15:18:51.110 [worker-akka.actor.default-dispatcher-2] INFO  o.a.z.ZooKeeper  - Client environment:java.compiler=<NA>
15:18:51.110 [worker-akka.actor.default-dispatcher-2] INFO  o.a.z.ZooKeeper  - Client environment:os.name=Linux
15:18:51.110 [worker-akka.actor.default-dispatcher-2] INFO  o.a.z.ZooKeeper  - Client environment:os.arch=amd64
15:18:51.111 [worker-akka.actor.default-dispatcher-2] INFO  o.a.z.ZooKeeper  - Client environment:os.version=4.4.0-1049-aws
15:18:51.112 [worker-akka.actor.default-dispatcher-2] INFO  o.a.z.ZooKeeper  - Client environment:user.name=root
15:18:51.112 [worker-akka.actor.default-dispatcher-2] INFO  o.a.z.ZooKeeper  - Client environment:user.home=/root
15:18:51.112 [worker-akka.actor.default-dispatcher-2] INFO  o.a.z.ZooKeeper  - Client environment:user.dir=/opt/flamestream
15:18:51.114 [worker-akka.actor.default-dispatcher-2] INFO  o.a.z.ZooKeeper  - Initiating client connection, connectString=172.31.34.147:2181 sessionTimeout=5000 watcher=com.spbsu.flamestream.runtime.application.LifecycleWatcher$$Lambda$29/774873639@230c7f86
15:18:51.136 [worker-akka.actor.default-dispatcher-2] INFO  a.a.RepointableActorRef akka://worker/user/watcher - Starting...
15:18:51.138 [worker-akka.actor.default-dispatcher-2-SendThread(172.31.34.147:2181)] INFO  o.a.z.ClientCnxn  - Opening socket connection to server 172.31.34.147/172.31.34.147:2181. Will not attempt to authenticate using SASL (unknown error)
15:18:51.141 [worker-akka.actor.default-dispatcher-2-SendThread(172.31.34.147:2181)] INFO  o.a.z.ClientCnxn  - Socket connection established to 172.31.34.147/172.31.34.147:2181, initiating session
15:18:51.146 [worker-akka.actor.default-dispatcher-2-SendThread(172.31.34.147:2181)] INFO  o.a.z.ClientCnxn  - Session establishment complete on server 172.31.34.147/172.31.34.147:2181, sessionid = 0x1619a0ace950009, negotiated timeout = 6000
15:18:51.238 [worker-akka.actor.default-dispatcher-2] INFO  a.a.RepointableActorRef akka://worker/user/watcher - Connected to ZK
15:18:59.295 [worker-akka.actor.default-dispatcher-2] INFO  a.a.RepointableActorRef akka://worker/user/watcher - Creating node with watchGraphs: 'com.spbsu.flamestream.core.Graph$Builder$MyGraph@387030fa', config: 'ClusterConfig{paths={172.31.33.155=akka://worker@172.31.33.155:5412/user/watcher/graph0000000000, 172.31.47.83=akka://worker@172.31.47.83:5412/user/watcher/graph0000000000, 172.31.45.197=akka://worker@172.31.45.197:5412/user/watcher/graph0000000000, 172.31.42.36=akka://worker@172.31.42.36:5412/user/watcher/graph0000000000, 172.31.44.83=akka://worker@172.31.44.83:5412/user/watcher/graph0000000000, 172.31.39.64=akka://worker@172.31.39.64:5412/user/watcher/graph0000000000, 172.31.35.79=akka://worker@172.31.35.79:5412/user/watcher/graph0000000000, 172.31.34.169=akka://worker@172.31.34.169:5412/user/watcher/graph0000000000, 172.31.47.100=akka://worker@172.31.47.100:5412/user/watcher/graph0000000000, 172.31.37.101=akka://worker@172.31.37.101:5412/user/watcher/graph0000000000}, ackerLocation='172.31.35.79', props=ComputationLayout{ranges={172.31.33.155=HashRange{from=1670265056, to=2147483644}, 172.31.47.83=HashRange{from=715827880, to=1193046468}, 172.31.45.197=HashRange{from=-1670265060, to=-1193046472}, 172.31.42.36=HashRange{from=238609292, to=715827880}, 172.31.44.83=HashRange{from=-1193046472, to=-715827884}, 172.31.39.64=HashRange{from=-238609296, to=238609292}, 172.31.35.79=HashRange{from=0, to=0}, 172.31.34.169=HashRange{from=1193046468, to=1670265056}, 172.31.47.100=HashRange{from=-715827884, to=-238609296}, 172.31.37.101=HashRange{from=-2147483648, to=-1670265060}}}}'
15:19:00.233 [worker-akka.actor.default-dispatcher-2] INFO  a.a.LocalActorRef akka://worker/user/watcher/graph0000000000/graph - Starting...
15:19:00.235 [worker-akka.actor.default-dispatcher-2] INFO  a.a.LocalActorRef akka://worker/user/watcher/graph0000000000/graph/local-acker/$a - Starting...
15:19:00.237 [worker-akka.actor.default-dispatcher-2] INFO  a.a.LocalActorRef akka://worker/user/watcher/graph0000000000/graph/local-acker - Starting...
Warning: space is running low in /dev/shm (tmpfs) threshold=167,772,160 usable=158,621,696
Warning: space is running low in /dev/shm (tmpfs) threshold=167,772,160 usable=146,034,688
Warning: space is running low in /dev/shm (tmpfs) threshold=167,772,160 usable=133,447,680
Warning: space is running low in /dev/shm (tmpfs) threshold=167,772,160 usable=120,860,672
Warning: space is running low in /dev/shm (tmpfs) threshold=167,772,160 usable=108,273,664
Warning: space is running low in /dev/shm (tmpfs) threshold=167,772,160 usable=95,686,656
Warning: space is running low in /dev/shm (tmpfs) threshold=167,772,160 usable=83,099,648
Warning: space is running low in /dev/shm (tmpfs) threshold=167,772,160 usable=70,512,640
15:19:01.918 [worker-akka.actor.default-dispatcher-2] INFO  a.a.LocalActorRef akka://worker/user/watcher/graph0000000000/graph - Finishing constructor
15:19:01.919 [worker-akka.actor.default-dispatcher-2] INFO  a.a.LocalActorRef akka://worker/user/watcher/graph0000000000 - Starting...
15:19:01.986 [worker-akka.actor.default-dispatcher-2] INFO  a.a.LocalActorRef akka://worker/user/watcher/graph0000000000/negotiator - Starting...
15:19:01.987 [worker-akka.actor.default-dispatcher-2] INFO  a.a.LocalActorRef akka://worker/user/watcher/graph0000000000/edge - Starting...
15:19:01.987 [worker-akka.actor.default-dispatcher-2] INFO  a.a.LocalActorRef akka://worker/user/watcher/graph0000000000/graph/$a - Starting...
15:19:01.988 [worker-akka.actor.default-dispatcher-2] INFO  a.a.LocalActorRef akka://worker/user/watcher/graph0000000000/graph/$b - Starting...
15:19:01.989 [worker-akka.actor.default-dispatcher-2] INFO  a.a.LocalActorRef akka://worker/user/watcher/graph0000000000/graph/$c - Starting...
15:19:02.005 [worker-akka.actor.default-dispatcher-2] INFO  c.s.f.r.e.s.SocketRear  - FlameSocketGraphDeployerRear@172.31.37.101: connecting to 172.31.34.147:5678
15:19:02.010 [worker-akka.actor.default-dispatcher-2] INFO  c.s.f.r.e.s.SocketRear  - FlameSocketGraphDeployerRear@172.31.37.101: connected to 172.31.34.147:5678
2018-02-15T15:19:02.016+0000: 13.906: [GC (Allocation Failure) 2018-02-15T15:19:02.016+0000: 13.906: [DefNew: 126391K->17024K(153600K), 0.0394199 secs] 141654K->43122K(494976K), 0.0394774 secs] [Times: user=0.02 sys=0.03, real=0.04 secs] 
15:19:02.073 [worker-akka.actor.default-dispatcher-2] INFO  a.a.LocalActorRef akka://worker/user/watcher/graph0000000000/edge/FlameSocketGraphDeployerRear - Starting...
15:19:02.075 [worker-akka.actor.default-dispatcher-2] INFO  a.a.LocalActorRef akka://worker/user/watcher/graph0000000000/edge/FlameSocketGraphDeployerFront - Starting...
15:19:02.076 [worker-akka.actor.default-dispatcher-2] INFO  a.a.LocalActorRef akka://worker/user/watcher/graph0000000000/negotiator - Requesting ticket for the frontClass FlameSocketGraphDeployerFront@172.31.37.101
15:19:02.084 [worker-akka.actor.default-dispatcher-2] INFO  a.a.LocalActorRef akka://worker/user/watcher/graph0000000000/negotiator - Ticket for the frontClass received: FrontTicket{allowedTimestamp=(1518707939299, FlameSocketGraphDeployerFront@172.31.37.101)}
15:19:02.085 [worker-akka.actor.default-dispatcher-2] INFO  c.s.f.r.e.s.SocketFront  - FlameSocketGraphDeployerFront@172.31.37.101: connecting to 172.31.34.147:4567
15:19:02.111 [Client] INFO  c.s.f.r.e.s.SocketFront  - FlameSocketGraphDeployerFront@172.31.37.101 has been disconnected from Connection 10
2018-02-15T15:19:15.584+0000: 27.474: [GC (Allocation Failure) 2018-02-15T15:19:15.584+0000: 27.474: [DefNew: 153600K->3881K(153600K), 0.0523157 secs] 179698K->66497K(494976K), 0.0524008 secs] [Times: user=0.01 sys=0.03, real=0.05 secs] 
2018-02-15T15:19:31.799+0000: 43.689: [GC (Allocation Failure) 2018-02-15T15:19:31.799+0000: 43.689: [DefNew: 140457K->5577K(153600K), 0.0132979 secs] 203073K->68193K(494976K), 0.0133742 secs] [Times: user=0.01 sys=0.00, real=0.02 secs] 
2018-02-15T15:19:45.392+0000: 57.282: [GC (Allocation Failure) 2018-02-15T15:19:45.392+0000: 57.282: [DefNew: 142153K->7551K(153600K), 0.0175469 secs] 204769K->70167K(494976K), 0.0176086 secs] [Times: user=0.01 sys=0.00, real=0.02 secs] 
2018-02-15T15:20:00.914+0000: 72.804: [GC (Allocation Failure) 2018-02-15T15:20:00.914+0000: 72.804: [DefNew: 144127K->8856K(153600K), 0.0160952 secs] 206743K->71472K(494976K), 0.0161625 secs] [Times: user=0.02 sys=0.00, real=0.02 secs] 
2018-02-15T15:20:14.858+0000: 86.748: [GC (Allocation Failure) 2018-02-15T15:20:14.858+0000: 86.748: [DefNew: 145432K->8119K(153600K), 0.0188301 secs] 208048K->72295K(494976K), 0.0189086 secs] [Times: user=0.02 sys=0.00, real=0.02 secs] 
2018-02-15T15:20:31.719+0000: 103.609: [GC (Allocation Failure) 2018-02-15T15:20:31.719+0000: 103.609: [DefNew: 144695K->9313K(153600K), 0.0154676 secs] 208871K->73489K(494976K), 0.0155355 secs] [Times: user=0.02 sys=0.00, real=0.02 secs] 
2018-02-15T15:20:46.001+0000: 117.891: [GC (Allocation Failure) 2018-02-15T15:20:46.001+0000: 117.891: [DefNew: 145889K->9295K(153600K), 0.0210486 secs] 210065K->74626K(494976K), 0.0211189 secs] [Times: user=0.02 sys=0.01, real=0.02 secs] 
2018-02-15T15:21:08.670+0000: 140.560: [GC (Allocation Failure) 2018-02-15T15:21:08.670+0000: 140.560: [DefNew: 145871K->9823K(153600K), 0.0201829 secs] 211202K->76179K(494976K), 0.0202516 secs] [Times: user=0.02 sys=0.00, real=0.02 secs] 
2018-02-15T15:21:27.124+0000: 159.014: [GC (Allocation Failure) 2018-02-15T15:21:27.124+0000: 159.014: [DefNew: 146399K->8815K(153600K), 0.0183390 secs] 212755K->77403K(494976K), 0.0184066 secs] [Times: user=0.02 sys=0.00, real=0.02 secs] 
2018-02-15T15:21:44.584+0000: 176.474: [GC (Allocation Failure) 2018-02-15T15:21:44.584+0000: 176.474: [DefNew: 145391K->8719K(153600K), 0.0170064 secs] 213979K->78421K(494976K), 0.0170722 secs] [Times: user=0.02 sys=0.01, real=0.02 secs] 
2018-02-15T15:22:04.174+0000: 196.064: [GC (Allocation Failure) 2018-02-15T15:22:04.174+0000: 196.064: [DefNew: 145295K->9203K(153600K), 0.0163594 secs] 214997K->79807K(494976K), 0.0164290 secs] [Times: user=0.02 sys=0.00, real=0.02 secs] 
2018-02-15T15:22:21.814+0000: 213.704: [GC (Allocation Failure) 2018-02-15T15:22:21.814+0000: 213.704: [DefNew: 145779K->8651K(153600K), 0.0257771 secs] 216383K->80870K(494976K), 0.0258426 secs] [Times: user=0.01 sys=0.02, real=0.02 secs] 
2018-02-15T15:22:39.224+0000: 231.114: [GC (Allocation Failure) 2018-02-15T15:22:39.224+0000: 231.114: [DefNew: 145227K->8682K(153600K), 0.0166132 secs] 217446K->81982K(494976K), 0.0166800 secs] [Times: user=0.02 sys=0.00, real=0.02 secs] 
2018-02-15T15:22:54.772+0000: 246.662: [GC (Allocation Failure) 2018-02-15T15:22:54.772+0000: 246.662: [DefNew: 145258K->8505K(153600K), 0.0168482 secs] 218558K->83015K(494976K), 0.0169215 secs] [Times: user=0.02 sys=0.00, real=0.02 secs] 
2018-02-15T15:23:15.312+0000: 267.202: [GC (Allocation Failure) 2018-02-15T15:23:15.312+0000: 267.202: [DefNew: 145081K->9700K(153600K), 0.0156688 secs] 219591K->84210K(494976K), 0.0157342 secs] [Times: user=0.01 sys=0.00, real=0.01 secs] 
2018-02-15T15:23:34.231+0000: 286.121: [GC (Allocation Failure) 2018-02-15T15:23:34.231+0000: 286.121: [DefNew: 146276K->9339K(153600K), 0.0307236 secs] 220786K->85790K(494976K), 0.0307917 secs] [Times: user=0.01 sys=0.03, real=0.03 secs] 
2018-02-15T15:23:50.927+0000: 302.817: [GC (Allocation Failure) 2018-02-15T15:23:50.927+0000: 302.817: [DefNew: 145915K->9534K(153600K), 0.0224151 secs] 222366K->87063K(494976K), 0.0224830 secs] [Times: user=0.01 sys=0.02, real=0.03 secs] 
2018-02-15T15:24:08.964+0000: 320.854: [GC (Allocation Failure) 2018-02-15T15:24:08.964+0000: 320.854: [DefNew: 146110K->8923K(153600K), 0.0181210 secs] 223639K->88584K(494976K), 0.0181830 secs] [Times: user=0.01 sys=0.01, real=0.02 secs] 
2018-02-15T15:24:31.014+0000: 342.904: [GC (Allocation Failure) 2018-02-15T15:24:31.014+0000: 342.904: [DefNew: 145499K->8542K(153600K), 0.0162720 secs] 225160K->89603K(494976K), 0.0163500 secs] [Times: user=0.01 sys=0.00, real=0.02 secs] 
2018-02-15T15:24:49.099+0000: 360.989: [GC (Allocation Failure) 2018-02-15T15:24:49.099+0000: 360.989: [DefNew: 145118K->8578K(153600K), 0.0163064 secs] 226179K->90866K(494976K), 0.0163832 secs] [Times: user=0.02 sys=0.00, real=0.02 secs] 
2018-02-15T15:25:03.274+0000: 375.164: [GC (Allocation Failure) 2018-02-15T15:25:03.274+0000: 375.164: [DefNew: 145154K->8581K(153600K), 0.0158640 secs] 227442K->92114K(494976K), 0.0159318 secs] [Times: user=0.02 sys=0.00, real=0.02 secs] 
2018-02-15T15:25:18.419+0000: 390.309: [GC (Allocation Failure) 2018-02-15T15:25:18.419+0000: 390.309: [DefNew: 145157K->9239K(153600K), 0.0173043 secs] 228690K->93959K(494976K), 0.0173687 secs] [Times: user=0.02 sys=0.00, real=0.02 secs] 
2018-02-15T15:25:36.033+0000: 407.922: [GC (Allocation Failure) 2018-02-15T15:25:36.033+0000: 407.923: [DefNew: 145815K->10139K(153600K), 0.0172716 secs] 230535K->96007K(494976K), 0.0173382 secs] [Times: user=0.01 sys=0.00, real=0.02 secs] 
2018-02-15T15:25:51.097+0000: 422.987: [GC (Allocation Failure) 2018-02-15T15:25:51.097+0000: 422.987: [DefNew: 146715K->8569K(153600K), 0.0171984 secs] 232583K->96993K(494976K), 0.0172647 secs] [Times: user=0.02 sys=0.00, real=0.02 secs] 
2018-02-15T15:26:05.269+0000: 437.159: [GC (Allocation Failure) 2018-02-15T15:26:05.269+0000: 437.159: [DefNew: 145145K->7712K(153600K), 0.0210318 secs] 233569K->98535K(494976K), 0.0211012 secs] [Times: user=0.01 sys=0.01, real=0.02 secs] 
2018-02-15T15:26:19.088+0000: 450.978: [GC (Allocation Failure) 2018-02-15T15:26:19.088+0000: 450.978: [DefNew: 144288K->8980K(153600K), 0.0139968 secs] 235111K->99802K(494976K), 0.0140710 secs] [Times: user=0.02 sys=0.00, real=0.02 secs] 
2018-02-15T15:26:36.002+0000: 467.892: [GC (Allocation Failure) 2018-02-15T15:26:36.002+0000: 467.892: [DefNew: 145556K->9217K(153600K), 0.0178825 secs] 236378K->101056K(494976K), 0.0179543 secs] [Times: user=0.02 sys=0.00, real=0.01 secs] 
2018-02-15T15:26:53.650+0000: 485.540: [GC (Allocation Failure) 2018-02-15T15:26:53.650+0000: 485.540: [DefNew: 145793K->9525K(153600K), 0.0163702 secs] 237632K->102503K(494976K), 0.0164417 secs] [Times: user=0.01 sys=0.00, real=0.01 secs] 
2018-02-15T15:27:09.814+0000: 501.704: [GC (Allocation Failure) 2018-02-15T15:27:09.814+0000: 501.704: [DefNew: 146101K->9836K(153600K), 0.0175406 secs] 239079K->103728K(494976K), 0.0176073 secs] [Times: user=0.02 sys=0.00, real=0.02 secs] 
2018-02-15T15:27:25.164+0000: 517.054: [GC (Allocation Failure) 2018-02-15T15:27:25.164+0000: 517.054: [DefNew: 146412K->9837K(153600K), 0.0160779 secs] 240304K->104990K(494976K), 0.0161439 secs] [Times: user=0.01 sys=0.00, real=0.01 secs] 
2018-02-15T15:27:42.519+0000: 534.409: [GC (Allocation Failure) 2018-02-15T15:27:42.519+0000: 534.409: [DefNew: 146413K->10036K(153600K), 0.0181489 secs] 241566K->106265K(494976K), 0.0182245 secs] [Times: user=0.01 sys=0.01, real=0.02 secs] 
2018-02-15T15:28:00.501+0000: 552.391: [GC (Allocation Failure) 2018-02-15T15:28:00.501+0000: 552.391: [DefNew: 146612K->9177K(153600K), 0.0186320 secs] 242841K->107790K(494976K), 0.0186973 secs] [Times: user=0.02 sys=0.00, real=0.01 secs] 
2018-02-15T15:28:17.430+0000: 569.320: [GC (Allocation Failure) 2018-02-15T15:28:17.430+0000: 569.320: [DefNew: 145753K->9075K(153600K), 0.0177095 secs] 244366K->109164K(494976K), 0.0177807 secs] [Times: user=0.02 sys=0.00, real=0.01 secs] 
2018-02-15T15:28:34.386+0000: 586.276: [GC (Allocation Failure) 2018-02-15T15:28:34.386+0000: 586.276: [DefNew: 145651K->9928K(153600K), 0.0171727 secs] 245740K->111537K(494976K), 0.0172363 secs] [Times: user=0.02 sys=0.00, real=0.02 secs] 
2018-02-15T15:28:50.947+0000: 602.837: [GC (Allocation Failure) 2018-02-15T15:28:50.948+0000: 602.838: [DefNew: 146504K->9893K(153600K), 0.0182782 secs] 248113K->112818K(494976K), 0.0183646 secs] [Times: user=0.02 sys=0.00, real=0.02 secs] 
2018-02-15T15:29:07.054+0000: 618.944: [GC (Allocation Failure) 2018-02-15T15:29:07.054+0000: 618.944: [DefNew: 146469K->9706K(153600K), 0.0164133 secs] 249394K->114147K(494976K), 0.0164779 secs] [Times: user=0.02 sys=0.00, real=0.02 secs] 
2018-02-15T15:29:23.599+0000: 635.489: [GC (Allocation Failure) 2018-02-15T15:29:23.599+0000: 635.489: [DefNew: 146282K->9376K(153600K), 0.0163591 secs] 250723K->115534K(494976K), 0.0164271 secs] [Times: user=0.02 sys=0.00, real=0.02 secs] 
2018-02-15T15:29:35.654+0000: 647.544: [GC (Allocation Failure) 2018-02-15T15:29:35.654+0000: 647.544: [DefNew: 145952K->9113K(153600K), 0.0154450 secs] 252110K->116857K(494976K), 0.0155068 secs] [Times: user=0.01 sys=0.01, real=0.02 secs] 
2018-02-15T15:29:54.028+0000: 665.918: [GC (Allocation Failure) 2018-02-15T15:29:54.028+0000: 665.918: [DefNew: 145689K->9343K(153600K), 0.0165700 secs] 253433K->118430K(494976K), 0.0166390 secs] [Times: user=0.02 sys=0.00, real=0.02 secs] 
2018-02-15T15:30:09.500+0000: 681.390: [GC (Allocation Failure) 2018-02-15T15:30:09.500+0000: 681.390: [DefNew: 145919K->9858K(153600K), 0.0178198 secs] 255006K->120158K(494976K), 0.0178867 secs] [Times: user=0.01 sys=0.01, real=0.02 secs] 
2018-02-15T15:30:21.963+0000: 693.853: [GC (Allocation Failure) 2018-02-15T15:30:21.963+0000: 693.853: [DefNew: 146434K->10620K(153600K), 0.0163678 secs] 256734K->122392K(494976K), 0.0164343 secs] [Times: user=0.02 sys=0.00, real=0.01 secs] 
2018-02-15T15:30:39.842+0000: 711.732: [GC (Allocation Failure) 2018-02-15T15:30:39.842+0000: 711.732: [DefNew: 147196K->10075K(153600K), 0.0174282 secs] 258968K->123544K(494976K), 0.0174968 secs] [Times: user=0.02 sys=0.00, real=0.01 secs] 
2018-02-15T15:30:54.103+0000: 725.993: [GC (Allocation Failure) 2018-02-15T15:30:54.103+0000: 725.993: [DefNew: 146651K->10365K(153600K), 0.0183867 secs] 260120K->125471K(494976K), 0.0184498 secs] [Times: user=0.02 sys=0.00, real=0.02 secs] 
15:31:03.232 [Client] INFO  c.s.f.r.e.s.SocketRear  - FlameSocketGraphDeployerRear@172.31.37.101: has been disconnected from Connection 10
15:35:45.201 [worker-akka.actor.default-dispatcher-2] INFO  a.a.CoordinatedShutdown CoordinatedShutdown(akka://worker) - Starting coordinated shutdown from JVM shutdown hook
15:35:45.238 [worker-akka.actor.default-dispatcher-2] INFO  a.a.LocalActorRef akka://worker/user/watcher/graph0000000000/negotiator - Stopped
15:35:45.240 [worker-akka.actor.default-dispatcher-2] INFO  a.a.LocalActorRef akka://worker/user/watcher/graph0000000000/edge/FlameSocketGraphDeployerFront - Stopped
15:35:45.240 [worker-akka.actor.default-dispatcher-2] INFO  a.a.LocalActorRef akka://worker/user/watcher/graph0000000000/edge/FlameSocketGraphDeployerRear - Stopped
15:35:45.241 [worker-akka.actor.default-dispatcher-2] INFO  a.a.LocalActorRef akka://worker/user/watcher/graph0000000000/graph/$a - Stopped
15:35:45.242 [worker-akka.actor.default-dispatcher-2] INFO  a.a.LocalActorRef akka://worker/user/watcher/graph0000000000/graph/$b - Stopped
15:35:45.244 [worker-akka.actor.default-dispatcher-2] INFO  a.a.LocalActorRef akka://worker/user/watcher/graph0000000000/graph/$c - Stopped
15:35:45.244 [worker-akka.actor.default-dispatcher-2] INFO  a.a.LocalActorRef akka://worker/user/watcher/graph0000000000/graph/local-acker/$a - Stopped
15:35:45.250 [worker-akka.actor.default-dispatcher-2] INFO  a.a.LocalActorRef akka://worker/user/watcher/graph0000000000/edge - Stopped
15:35:45.251 [worker-akka.actor.default-dispatcher-2] INFO  a.a.LocalActorRef akka://worker/user/watcher/graph0000000000/graph/local-acker/$a - Message [com.spbsu.flamestream.runtime.utils.akka.PingActor$InnerPing] from Actor[akka://worker/user/watcher/graph0000000000/graph/local-acker/$a#1204646526] to Actor[akka://worker/user/watcher/graph0000000000/graph/local-acker/$a#1204646526] was not delivered. [1] dead letters encountered. This logging can be turned off or adjusted with configuration settings 'akka.log-dead-letters' and 'akka.log-dead-letters-during-shutdown'.
15:35:45.251 [worker-akka.actor.default-dispatcher-2] INFO  a.a.LocalActorRef akka://worker/user/watcher/graph0000000000/graph/local-acker - Stopped
15:35:45.253 [worker-akka.actor.default-dispatcher-2] INFO  a.a.LocalActorRef akka://worker/user/watcher/graph0000000000/graph/local-acker/$a - Message [com.spbsu.flamestream.runtime.utils.akka.PingActor$Stop] from Actor[akka://worker/user/watcher/graph0000000000/graph/local-acker#-570128954] to Actor[akka://worker/user/watcher/graph0000000000/graph/local-acker/$a#1204646526] was not delivered. [2] dead letters encountered. This logging can be turned off or adjusted with configuration settings 'akka.log-dead-letters' and 'akka.log-dead-letters-during-shutdown'.
15:35:45.254 [worker-akka.actor.default-dispatcher-2] INFO  a.a.LocalActorRef akka://worker/user/watcher/graph0000000000/graph/local-acker - Message [com.spbsu.flamestream.runtime.acker.LocalAcker$Flush] from Actor[akka://worker/user/watcher/graph0000000000/graph/local-acker#-570128954] to Actor[akka://worker/user/watcher/graph0000000000/graph/local-acker#-570128954] was not delivered. [3] dead letters encountered. This logging can be turned off or adjusted with configuration settings 'akka.log-dead-letters' and 'akka.log-dead-letters-during-shutdown'.
15:35:45.254 [worker-akka.actor.default-dispatcher-2] INFO  a.a.LocalActorRef akka://worker/user/watcher/graph0000000000/graph/local-acker - Message [com.spbsu.flamestream.runtime.acker.LocalAcker$Flush] from Actor[akka://worker/user/watcher/graph0000000000/graph/local-acker#-570128954] to Actor[akka://worker/user/watcher/graph0000000000/graph/local-acker#-570128954] was not delivered. [4] dead letters encountered. This logging can be turned off or adjusted with configuration settings 'akka.log-dead-letters' and 'akka.log-dead-letters-during-shutdown'.
15:35:45.255 [worker-akka.actor.default-dispatcher-2] INFO  a.a.LocalActorRef akka://worker/user/watcher/graph0000000000/graph/local-acker - Message [com.spbsu.flamestream.runtime.acker.LocalAcker$Flush] from Actor[akka://worker/user/watcher/graph0000000000/graph/local-acker#-570128954] to Actor[akka://worker/user/watcher/graph0000000000/graph/local-acker#-570128954] was not delivered. [5] dead letters encountered. This logging can be turned off or adjusted with configuration settings 'akka.log-dead-letters' and 'akka.log-dead-letters-during-shutdown'.
15:35:45.255 [worker-akka.actor.default-dispatcher-2] INFO  a.a.LocalActorRef akka://worker/user/watcher/graph0000000000/graph/local-acker - Message [com.spbsu.flamestream.runtime.acker.LocalAcker$Flush] from Actor[akka://worker/user/watcher/graph0000000000/graph/local-acker#-570128954] to Actor[akka://worker/user/watcher/graph0000000000/graph/local-acker#-570128954] was not delivered. [6] dead letters encountered. This logging can be turned off or adjusted with configuration settings 'akka.log-dead-letters' and 'akka.log-dead-letters-during-shutdown'.
15:35:45.255 [worker-akka.actor.default-dispatcher-2] INFO  a.a.LocalActorRef akka://worker/user/watcher/graph0000000000/graph/local-acker - Message [com.spbsu.flamestream.runtime.acker.LocalAcker$Flush] from Actor[akka://worker/user/watcher/graph0000000000/graph/local-acker#-570128954] to Actor[akka://worker/user/watcher/graph0000000000/graph/local-acker#-570128954] was not delivered. [7] dead letters encountered. This logging can be turned off or adjusted with configuration settings 'akka.log-dead-letters' and 'akka.log-dead-letters-during-shutdown'.
15:35:45.256 [worker-akka.actor.default-dispatcher-2] INFO  a.a.LocalActorRef akka://worker/user/watcher/graph0000000000/graph/local-acker - Message [com.spbsu.flamestream.runtime.acker.LocalAcker$Flush] from Actor[akka://worker/user/watcher/graph0000000000/graph/local-acker#-570128954] to Actor[akka://worker/user/watcher/graph0000000000/graph/local-acker#-570128954] was not delivered. [8] dead letters encountered. This logging can be turned off or adjusted with configuration settings 'akka.log-dead-letters' and 'akka.log-dead-letters-during-shutdown'.
15:35:45.257 [worker-akka.actor.default-dispatcher-2] INFO  a.a.LocalActorRef akka://worker/user/watcher/graph0000000000/graph/local-acker - Message [com.spbsu.flamestream.runtime.acker.LocalAcker$Flush] from Actor[akka://worker/user/watcher/graph0000000000/graph/local-acker#-570128954] to Actor[akka://worker/user/watcher/graph0000000000/graph/local-acker#-570128954] was not delivered. [9] dead letters encountered. This logging can be turned off or adjusted with configuration settings 'akka.log-dead-letters' and 'akka.log-dead-letters-during-shutdown'.
15:35:45.257 [worker-akka.actor.default-dispatcher-2] INFO  a.a.LocalActorRef akka://worker/user/watcher/graph0000000000/graph/local-acker - Message [com.spbsu.flamestream.runtime.acker.LocalAcker$Flush] from Actor[akka://worker/user/watcher/graph0000000000/graph/local-acker#-570128954] to Actor[akka://worker/user/watcher/graph0000000000/graph/local-acker#-570128954] was not delivered. [10] dead letters encountered. This logging can be turned off or adjusted with configuration settings 'akka.log-dead-letters' and 'akka.log-dead-letters-during-shutdown'.
15:35:45.257 [worker-akka.actor.default-dispatcher-2] INFO  a.a.LocalActorRef akka://worker/user/watcher/graph0000000000/graph/local-acker - Message [com.spbsu.flamestream.runtime.acker.LocalAcker$Flush] from Actor[akka://worker/user/watcher/graph0000000000/graph/local-acker#-570128954] to Actor[akka://worker/user/watcher/graph0000000000/graph/local-acker#-570128954] was not delivered. [11] dead letters encountered. This logging can be turned off or adjusted with configuration settings 'akka.log-dead-letters' and 'akka.log-dead-letters-during-shutdown'.
15:35:45.259 [worker-akka.actor.default-dispatcher-2-EventThread] INFO  o.a.z.ClientCnxn  - EventThread shut down for session: 0x1619a0ace950009
15:35:45.260 [worker-akka.actor.default-dispatcher-2] INFO  o.a.z.ZooKeeper  - Session: 0x1619a0ace950009 closed
15:35:45.265 [worker-akka.actor.default-dispatcher-2] INFO  a.a.LocalActorRef akka://worker/user/watcher/graph0000000000/graph - Stopped
15:35:45.266 [worker-akka.actor.default-dispatcher-2] INFO  a.a.LocalActorRef akka://worker/user/watcher/graph0000000000 - Stopped
15:35:45.266 [worker-akka.actor.default-dispatcher-2] INFO  a.a.RepointableActorRef akka://worker/user/watcher - Stopped
15:35:45.267 [worker-akka.actor.default-dispatcher-2] INFO  a.a.LocalActorRef akka://worker/user/watcher/graph0000000000/graph/local-acker - Message [com.spbsu.flamestream.runtime.acker.LocalAcker$Flush] from Actor[akka://worker/user/watcher/graph0000000000/graph/local-acker#-570128954] to Actor[akka://worker/user/watcher/graph0000000000/graph/local-acker#-570128954] was not delivered. [12] dead letters encountered. This logging can be turned off or adjusted with configuration settings 'akka.log-dead-letters' and 'akka.log-dead-letters-during-shutdown'.
15:35:45.268 [worker-akka.actor.default-dispatcher-2] INFO  a.a.LocalActorRef akka://worker/user/watcher/graph0000000000/graph/local-acker - Message [com.spbsu.flamestream.runtime.acker.LocalAcker$Flush] from Actor[akka://worker/user/watcher/graph0000000000/graph/local-acker#-570128954] to Actor[akka://worker/user/watcher/graph0000000000/graph/local-acker#-570128954] was not delivered. [13] dead letters encountered. This logging can be turned off or adjusted with configuration settings 'akka.log-dead-letters' and 'akka.log-dead-letters-during-shutdown'.
15:35:45.269 [worker-akka.actor.default-dispatcher-2] INFO  a.a.LocalActorRef akka://worker/user/watcher/graph0000000000/graph/local-acker - Message [com.spbsu.flamestream.runtime.acker.LocalAcker$Flush] from Actor[akka://worker/user/watcher/graph0000000000/graph/local-acker#-570128954] to Actor[akka://worker/user/watcher/graph0000000000/graph/local-acker#-570128954] was not delivered. [14] dead letters encountered. This logging can be turned off or adjusted with configuration settings 'akka.log-dead-letters' and 'akka.log-dead-letters-during-shutdown'.
15:35:45.288 [worker-akka.actor.default-dispatcher-2] INFO  a.r.RemoteActorRefProvider$RemotingTerminator akka://worker@172.31.37.101:5412/system/remoting-terminator - Shutting down remote daemon.
15:35:45.290 [worker-akka.actor.default-dispatcher-2] INFO  a.r.RemoteActorRefProvider$RemotingTerminator akka://worker@172.31.37.101:5412/system/remoting-terminator - Remote daemon shut down; proceeding with flushing remote transports.
15:35:46.384 [worker-akka.actor.default-dispatcher-2] INFO  a.r.RemoteActorRefProvider$RemotingTerminator akka://worker@172.31.37.101:5412/system/remoting-terminator - Remoting shut down.
Attempts of event 'shuffle-send' - 0
Attempts of event 'front-receive-send' - 0
Attempts of event 'inject-out' - 607005
Attempts of event 'sink-receive' - 615127
Attempts of event 'flatmap-receive' - 1106
Attempts of event 'fm-send' - 550913
Attempts of event 'rear-in' - 605899
Attempts of event 'flatmap-send' - 550913
2018-02-15T15:35:46.483+0000: 1018.373: [GC (Allocation Failure) 2018-02-15T15:35:46.484+0000: 1018.374: [DefNew: 146941K->10112K(153600K), 0.0178876 secs] 262047K->126822K(494976K), 0.0185863 secs] [Times: user=0.02 sys=0.00, real=0.02 secs] 
Attempts of event 'inject-in' - 607005
Attempts of event 'wrong-ordering-filter-receive' - 615127
Attempts of event 'accept-in' - 0
Attempts of event 'grouping-receive' - 1221026
Heap
 def new generation   total 153600K, used 24072K [0x00000000e0c00000, 0x00000000eb2a0000, 0x00000000eb2a0000)
  eden space 136576K,  10% used [0x00000000e0c00000, 0x00000000e19a2138, 0x00000000e9160000)
  from space 17024K,  59% used [0x00000000ea200000, 0x00000000eabe0160, 0x00000000eb2a0000)
  to   space 17024K,   0% used [0x00000000e9160000, 0x00000000e9160000, 0x00000000ea200000)
 tenured generation   total 341376K, used 116710K [0x00000000eb2a0000, 0x0000000100000000, 0x0000000100000000)
   the space 341376K,  34% used [0x00000000eb2a0000, 0x00000000f24999f0, 0x00000000f2499a00, 0x0000000100000000)
 Metaspace       used 33477K, capacity 34294K, committed 34688K, reserved 1079296K
  class space    used 4453K, capacity 4624K, committed 4736K, reserved 1048576K
