15:33:36.166 [worker-akka.actor.default-dispatcher-2] INFO  a.e.s.Slf4jLogger  - Slf4jLogger started
2018-02-16T15:33:36.309+0000: 1.759: [Full GC (Metadata GC Threshold) 2018-02-16T15:33:36.309+0000: 1.759: [Tenured: 0K->15410K(341376K), 0.0345550 secs] 114800K->15410K(494976K), [Metaspace: 20875K->20875K(1067008K)], 0.0346166 secs] [Times: user=0.03 sys=0.00, real=0.03 secs] 
Ama winner
Ama winner
15:33:36.662 [worker-akka.actor.default-dispatcher-2] INFO  a.r.a.ArteryTransport(akka://worker) akka.remote.artery.ArteryTransport(akka://worker) - Started embedded media driver in directory [/dev/shm/aeron-root-worker-4beb3868-0a32-4cfd-be0a-31776e6975f6]
15:33:36.852 [worker-akka.actor.default-dispatcher-2] INFO  a.r.a.ArteryTransport(akka://worker) akka.remote.artery.ArteryTransport(akka://worker) - Remoting started; listening on address: [akka://worker@172.31.42.36:5412] with UID [-4949839001267920162]
15:33:36.944 [worker-akka.actor.default-dispatcher-2] INFO  o.a.z.ZooKeeper  - Client environment:zookeeper.version=3.4.9-1757313, built on 08/23/2016 06:50 GMT
15:33:36.944 [worker-akka.actor.default-dispatcher-2] INFO  o.a.z.ZooKeeper  - Client environment:host.name=ip-172-31-42-36.us-east-2.compute.internal
15:33:36.944 [worker-akka.actor.default-dispatcher-2] INFO  o.a.z.ZooKeeper  - Client environment:java.version=1.8.0_151
15:33:36.944 [worker-akka.actor.default-dispatcher-2] INFO  o.a.z.ZooKeeper  - Client environment:java.vendor=Oracle Corporation
15:33:36.944 [worker-akka.actor.default-dispatcher-2] INFO  o.a.z.ZooKeeper  - Client environment:java.home=/usr/lib/jvm/java-8-openjdk-amd64/jre
15:33:36.944 [worker-akka.actor.default-dispatcher-2] INFO  o.a.z.ZooKeeper  - Client environment:java.class.path=lib/commons-cli-1.4.jar:lib/minlog-1.3.0.jar:lib/asm-5.0.4.jar:lib/hadoop-annotations-2.7.3.jar:lib/hadoop-auth-2.7.3.jar:lib/akka-slf4j_2.11-2.5.6.jar:lib/jersey-core-1.9.jar:lib/lz4-1.3.0.jar:lib/jackson-core-asl-1.9.13.jar:lib/aeron-client-1.3.0.jar:lib/htrace-core-3.1.0-incubating.jar:lib/xz-1.0.jar:lib/commons-httpclient-3.1.jar:lib/asm-3.1.jar:lib/commons-lang3-3.4.jar:lib/scala-library-2.11.11.jar:lib/scala-java8-compat_2.11-0.7.0.jar:lib/commons-configuration-1.6.jar:lib/objenesis-2.1.jar:lib/jackson-annotations-2.8.0.jar:lib/jsr305-3.0.0.jar:lib/curator-framework-2.7.1.jar:lib/jersey-server-1.9.jar:lib/jets3t-0.9.0.jar:lib/leveldb-0.7.jar:lib/jetty-6.1.26.jar:lib/stax-api-1.0-2.jar:lib/flamestream-core-1.0-SNAPSHOT.jar:lib/reflectasm-1.07-shaded.jar:lib/apacheds-kerberos-codec-2.0.0-M15.jar:lib/api-asn1-api-1.0.0-M20.jar:lib/commons-lang-2.6.jar:lib/commons-beanutils-1.7.0.jar:lib/jackson-xc-1.8.3.jar:lib/jetty-util-6.1.26.jar:lib/logback-classic-1.2.3.jar:lib/jool-0.9.12.jar:lib/flamestream-runtime-1.0-SNAPSHOT-tests.jar:lib/httpcore-4.1.2.jar:lib/kryo-4.0.0.jar:lib/ant-1.8.1.jar:lib/jaxb-impl-2.2.3-1.jar:lib/jersey-json-1.9.jar:lib/commons-compress-1.4.1.jar:lib/leveldbjni-all-1.8.jar:lib/paranamer-2.3.jar:lib/jackson-core-2.8.4.jar:lib/commons-math3-3.6.1.jar:lib/scala-parser-combinators_2.11-1.0.4.jar:lib/netty-3.10.6.Final.jar:lib/trove4j-3.0.3.jar:lib/jaxb-api-2.2.2.jar:lib/logback-core-1.2.3.jar:lib/snappy-java-1.0.4.1.jar:lib/protobuf-java-2.5.0.jar:lib/reactive-streams-1.0.1.jar:lib/flamestream-examples-1.0-SNAPSHOT.jar:lib/commons-codec-1.4.jar:lib/activation-1.1.jar:lib/commons-net-3.1.jar:lib/curator-recipes-2.7.1.jar:lib/jackson-mapper-asl-1.9.13.jar:lib/jackson-databind-2.8.4.jar:lib/flamestream-runtime-1.0-SNAPSHOT.jar:lib/jackson-jaxrs-1.8.3.jar:lib/slf4j-api-1.7.24.jar:lib/akka-remote_2.11-2.5.6.jar:lib/akka-testkit_2.11-2.5.6.jar:lib/jline-0.9.94.jar:lib/akka-stream_2.11-2.5.6.jar:lib/jsp-api-2.1.jar:lib/kryonet-2.21.jar:lib/akka-kryo-serialization_2.11-0.5.0.jar:lib/config-1.3.1.jar:lib/ant-launcher-1.8.1.jar:lib/commons-logging-1.2.jar:lib/ssl-config-core_2.11-0.2.2.jar:lib/testng-6.10.jar:lib/leveldb-api-0.7.jar:lib/reflectasm-1.11.3.jar:lib/jcommander-1.48.jar:lib/commons-1.1.jar:lib/commons-digester-1.8.jar:lib/minlog-1.2.jar:lib/java-xmlbuilder-0.4.jar:lib/jettison-1.1.jar:lib/gson-2.2.4.jar:lib/jdk.tools-1.8.jar:lib/aeron-driver-1.3.0.jar:lib/zookeeper-3.4.9.jar:lib/commons-beanutils-core-1.8.0.jar:lib/commons-math3-3.1.1.jar:lib/akka-actor_2.11-2.5.6.jar:lib/curator-client-2.7.1.jar:lib/servlet-api-2.5.jar:lib/apacheds-i18n-2.0.0-M15.jar:lib/commons-io-2.4.jar:lib/commons-codec-1.6.jar:lib/akka-protobuf_2.11-2.5.6.jar:lib/protobuf-java-3.5.1.jar:lib/jdom-2.0.2.jar:lib/api-util-1.0.0-M20.jar:lib/hadoop-common-2.7.3.jar:lib/agrona-0.9.6.jar:lib/xmlenc-0.52.jar:lib/guava-21.0.jar:lib/commons-collections-3.2.2.jar:lib/avro-1.7.4.jar:lib/httpclient-4.1.2.jar:lib/flamestream-core-1.0-SNAPSHOT-tests.jar:lib/annotations-12.0.jar:lib/jsch-0.1.42.jar:flamestream-runtime-1.0-SNAPSHOT.jar
15:33:36.944 [worker-akka.actor.default-dispatcher-2] INFO  o.a.z.ZooKeeper  - Client environment:java.library.path=/usr/java/packages/lib/amd64:/usr/lib/x86_64-linux-gnu/jni:/lib/x86_64-linux-gnu:/usr/lib/x86_64-linux-gnu:/usr/lib/jni:/lib:/usr/lib
15:33:36.944 [worker-akka.actor.default-dispatcher-2] INFO  o.a.z.ZooKeeper  - Client environment:java.io.tmpdir=/tmp
15:33:36.944 [worker-akka.actor.default-dispatcher-2] INFO  o.a.z.ZooKeeper  - Client environment:java.compiler=<NA>
15:33:36.944 [worker-akka.actor.default-dispatcher-2] INFO  o.a.z.ZooKeeper  - Client environment:os.name=Linux
15:33:36.944 [worker-akka.actor.default-dispatcher-2] INFO  o.a.z.ZooKeeper  - Client environment:os.arch=amd64
15:33:36.945 [worker-akka.actor.default-dispatcher-2] INFO  o.a.z.ZooKeeper  - Client environment:os.version=4.4.0-1049-aws
15:33:36.945 [worker-akka.actor.default-dispatcher-2] INFO  o.a.z.ZooKeeper  - Client environment:user.name=root
15:33:36.946 [worker-akka.actor.default-dispatcher-2] INFO  o.a.z.ZooKeeper  - Client environment:user.home=/root
15:33:36.946 [worker-akka.actor.default-dispatcher-2] INFO  o.a.z.ZooKeeper  - Client environment:user.dir=/opt/flamestream
15:33:36.947 [worker-akka.actor.default-dispatcher-2] INFO  o.a.z.ZooKeeper  - Initiating client connection, connectString=172.31.34.147:2181 sessionTimeout=5000 watcher=com.spbsu.flamestream.runtime.application.LifecycleWatcher$$Lambda$29/764839090@3d5d5f13
15:33:36.978 [worker-akka.actor.default-dispatcher-2] INFO  a.a.RepointableActorRef akka://worker/user/watcher - Starting...
15:33:36.981 [worker-akka.actor.default-dispatcher-2-SendThread(172.31.34.147:2181)] INFO  o.a.z.ClientCnxn  - Opening socket connection to server 172.31.34.147/172.31.34.147:2181. Will not attempt to authenticate using SASL (unknown error)
15:33:36.986 [worker-akka.actor.default-dispatcher-2-SendThread(172.31.34.147:2181)] INFO  o.a.z.ClientCnxn  - Socket connection established to 172.31.34.147/172.31.34.147:2181, initiating session
15:33:36.994 [worker-akka.actor.default-dispatcher-2-SendThread(172.31.34.147:2181)] INFO  o.a.z.ClientCnxn  - Session establishment complete on server 172.31.34.147/172.31.34.147:2181, sessionid = 0x1619f3ec2370003, negotiated timeout = 6000
15:33:37.063 [worker-akka.actor.default-dispatcher-2] INFO  a.a.RepointableActorRef akka://worker/user/watcher - Connected to ZK
15:33:49.241 [worker-akka.actor.default-dispatcher-2] INFO  a.a.RepointableActorRef akka://worker/user/watcher - Creating node with watchGraphs: 'com.spbsu.flamestream.core.Graph$Builder$MyGraph@6c1314f1', config: 'ClusterConfig{paths={172.31.33.155=akka://worker@172.31.33.155:5412/user/watcher/graph0000000000, 172.31.47.83=akka://worker@172.31.47.83:5412/user/watcher/graph0000000000, 172.31.45.197=akka://worker@172.31.45.197:5412/user/watcher/graph0000000000, 172.31.42.36=akka://worker@172.31.42.36:5412/user/watcher/graph0000000000, 172.31.44.83=akka://worker@172.31.44.83:5412/user/watcher/graph0000000000, 172.31.39.64=akka://worker@172.31.39.64:5412/user/watcher/graph0000000000, 172.31.35.79=akka://worker@172.31.35.79:5412/user/watcher/graph0000000000, 172.31.34.169=akka://worker@172.31.34.169:5412/user/watcher/graph0000000000, 172.31.47.100=akka://worker@172.31.47.100:5412/user/watcher/graph0000000000, 172.31.37.101=akka://worker@172.31.37.101:5412/user/watcher/graph0000000000}, ackerLocation='172.31.35.79', props=ComputationLayout{ranges={172.31.33.155=HashRange{from=-1670265060, to=-1193046472}, 172.31.47.83=HashRange{from=1670265056, to=2147483644}, 172.31.45.197=HashRange{from=-715827884, to=-238609296}, 172.31.42.36=HashRange{from=1193046468, to=1670265056}, 172.31.44.83=HashRange{from=-238609296, to=238609292}, 172.31.39.64=HashRange{from=715827880, to=1193046468}, 172.31.35.79=HashRange{from=0, to=0}, 172.31.34.169=HashRange{from=-2147483648, to=-1670265060}, 172.31.47.100=HashRange{from=238609292, to=715827880}, 172.31.37.101=HashRange{from=-1193046472, to=-715827884}}}}'
15:33:49.993 [worker-akka.actor.default-dispatcher-2] INFO  a.a.LocalActorRef akka://worker/user/watcher/graph0000000000/graph - Starting...
15:33:49.993 [worker-akka.actor.default-dispatcher-2] INFO  a.a.LocalActorRef akka://worker/user/watcher/graph0000000000/graph/local-acker - Starting...
15:33:50.009 [worker-akka.actor.default-dispatcher-2] INFO  a.a.LocalActorRef akka://worker/user/watcher/graph0000000000/graph/local-acker/$a - Starting...
Warning: space is running low in /dev/shm (tmpfs) threshold=167,772,160 usable=158,621,696
Warning: space is running low in /dev/shm (tmpfs) threshold=167,772,160 usable=146,034,688
Warning: space is running low in /dev/shm (tmpfs) threshold=167,772,160 usable=133,447,680
Warning: space is running low in /dev/shm (tmpfs) threshold=167,772,160 usable=120,860,672
Warning: space is running low in /dev/shm (tmpfs) threshold=167,772,160 usable=108,273,664
Warning: space is running low in /dev/shm (tmpfs) threshold=167,772,160 usable=95,686,656
Warning: space is running low in /dev/shm (tmpfs) threshold=167,772,160 usable=83,099,648
Warning: space is running low in /dev/shm (tmpfs) threshold=167,772,160 usable=70,512,640
15:33:51.429 [worker-akka.actor.default-dispatcher-2] INFO  a.a.LocalActorRef akka://worker/user/watcher/graph0000000000 - Starting...
15:33:51.429 [worker-akka.actor.default-dispatcher-2] INFO  a.a.LocalActorRef akka://worker/user/watcher/graph0000000000/graph - Finishing constructor
15:33:51.430 [worker-akka.actor.default-dispatcher-2] INFO  a.a.LocalActorRef akka://worker/user/watcher/graph0000000000/negotiator - Starting...
15:33:51.431 [worker-akka.actor.default-dispatcher-2] INFO  a.a.LocalActorRef akka://worker/user/watcher/graph0000000000/edge - Starting...
15:33:51.512 [worker-akka.actor.default-dispatcher-2] INFO  c.s.f.r.e.s.SocketRear  - FlameSocketGraphDeployerRear@172.31.42.36: connecting to 172.31.34.147:5678
15:33:51.521 [worker-akka.actor.default-dispatcher-2] INFO  c.s.f.r.e.s.SocketRear  - FlameSocketGraphDeployerRear@172.31.42.36: connected to 172.31.34.147:5678
2018-02-16T15:33:51.524+0000: 16.974: [GC (Allocation Failure) 2018-02-16T15:33:51.524+0000: 16.974: [DefNew: 125068K->17024K(153600K), 0.0346989 secs] 140479K->43153K(494976K), 0.0347493 secs] [Times: user=0.02 sys=0.01, real=0.03 secs] 
15:33:51.580 [worker-akka.actor.default-dispatcher-2] INFO  a.a.LocalActorRef akka://worker/user/watcher/graph0000000000/graph/$a - Starting...
15:33:51.581 [worker-akka.actor.default-dispatcher-2] INFO  a.a.LocalActorRef akka://worker/user/watcher/graph0000000000/graph/$b - Starting...
15:33:51.583 [worker-akka.actor.default-dispatcher-2] INFO  a.a.LocalActorRef akka://worker/user/watcher/graph0000000000/graph/$c - Starting...
15:33:51.584 [worker-akka.actor.default-dispatcher-2] INFO  a.a.LocalActorRef akka://worker/user/watcher/graph0000000000/edge/FlameSocketGraphDeployerRear - Starting...
15:33:51.596 [worker-akka.actor.default-dispatcher-2] INFO  a.a.LocalActorRef akka://worker/user/watcher/graph0000000000/edge/FlameSocketGraphDeployerFront - Starting...
15:33:51.597 [worker-akka.actor.default-dispatcher-2] INFO  a.a.LocalActorRef akka://worker/user/watcher/graph0000000000/negotiator - Requesting ticket for the frontClass FlameSocketGraphDeployerFront@172.31.42.36
15:33:51.600 [worker-akka.actor.default-dispatcher-2] INFO  a.a.LocalActorRef akka://worker/user/watcher/graph0000000000/negotiator - Ticket for the frontClass received: FrontTicket{allowedTimestamp=(1518795229240, FlameSocketGraphDeployerFront@172.31.42.36)}
15:33:51.600 [worker-akka.actor.default-dispatcher-2] INFO  c.s.f.r.e.s.SocketFront  - FlameSocketGraphDeployerFront@172.31.42.36: connecting to 172.31.34.147:4567
15:33:51.666 [Client] INFO  c.s.f.r.e.s.SocketFront  - FlameSocketGraphDeployerFront@172.31.42.36 has been disconnected from Connection 5
2018-02-16T15:34:01.981+0000: 27.431: [GC (Allocation Failure) 2018-02-16T15:34:01.981+0000: 27.431: [DefNew: 153600K->3600K(153600K), 0.0614115 secs] 179729K->66246K(494976K), 0.0614722 secs] [Times: user=0.01 sys=0.04, real=0.06 secs] 
2018-02-16T15:34:15.000+0000: 40.450: [GC (Allocation Failure) 2018-02-16T15:34:15.000+0000: 40.450: [DefNew: 140176K->5303K(153600K), 0.0117529 secs] 202822K->67948K(494976K), 0.0118081 secs] [Times: user=0.02 sys=0.00, real=0.01 secs] 
2018-02-16T15:34:24.867+0000: 50.317: [GC (Allocation Failure) 2018-02-16T15:34:24.867+0000: 50.317: [DefNew: 141879K->7353K(153600K), 0.0149442 secs] 204524K->69999K(494976K), 0.0149993 secs] [Times: user=0.01 sys=0.00, real=0.02 secs] 
2018-02-16T15:34:36.569+0000: 62.019: [GC (Allocation Failure) 2018-02-16T15:34:36.569+0000: 62.019: [DefNew: 143929K->9035K(153600K), 0.0145383 secs] 206575K->71681K(494976K), 0.0145960 secs] [Times: user=0.02 sys=0.00, real=0.01 secs] 
2018-02-16T15:34:45.828+0000: 71.278: [GC (Allocation Failure) 2018-02-16T15:34:45.828+0000: 71.278: [DefNew: 145611K->8582K(153600K), 0.0176188 secs] 208257K->72796K(494976K), 0.0176822 secs] [Times: user=0.02 sys=0.00, real=0.01 secs] 
2018-02-16T15:34:58.270+0000: 83.721: [GC (Allocation Failure) 2018-02-16T15:34:58.271+0000: 83.721: [DefNew: 145158K->8440K(153600K), 0.0169842 secs] 209372K->73822K(494976K), 0.0170582 secs] [Times: user=0.02 sys=0.00, real=0.01 secs] 
2018-02-16T15:35:11.409+0000: 96.859: [GC (Allocation Failure) 2018-02-16T15:35:11.409+0000: 96.859: [DefNew: 145016K->9806K(153600K), 0.0157011 secs] 210398K->75188K(494976K), 0.0157786 secs] [Times: user=0.01 sys=0.01, real=0.01 secs] 
2018-02-16T15:35:28.441+0000: 113.891: [GC (Allocation Failure) 2018-02-16T15:35:28.441+0000: 113.891: [DefNew: 146382K->10221K(153600K), 0.0191671 secs] 211764K->76849K(494976K), 0.0192228 secs] [Times: user=0.02 sys=0.00, real=0.02 secs] 
2018-02-16T15:35:40.567+0000: 126.017: [GC (Allocation Failure) 2018-02-16T15:35:40.567+0000: 126.017: [DefNew: 146797K->9223K(153600K), 0.0289028 secs] 213425K->78099K(494976K), 0.0289655 secs] [Times: user=0.01 sys=0.02, real=0.03 secs] 
2018-02-16T15:35:54.081+0000: 139.531: [GC (Allocation Failure) 2018-02-16T15:35:54.081+0000: 139.531: [DefNew: 145799K->8992K(153600K), 0.0153063 secs] 214675K->78987K(494976K), 0.0153645 secs] [Times: user=0.01 sys=0.00, real=0.01 secs] 
2018-02-16T15:36:08.535+0000: 153.985: [GC (Allocation Failure) 2018-02-16T15:36:08.535+0000: 153.985: [DefNew: 145568K->9025K(153600K), 0.0163634 secs] 215563K->80215K(494976K), 0.0164222 secs] [Times: user=0.01 sys=0.00, real=0.02 secs] 
2018-02-16T15:36:21.931+0000: 167.382: [GC (Allocation Failure) 2018-02-16T15:36:21.932+0000: 167.382: [DefNew: 145601K->8629K(153600K), 0.0149500 secs] 216791K->81394K(494976K), 0.0150167 secs] [Times: user=0.01 sys=0.00, real=0.01 secs] 
2018-02-16T15:36:35.584+0000: 181.034: [GC (Allocation Failure) 2018-02-16T15:36:35.584+0000: 181.034: [DefNew: 145205K->8944K(153600K), 0.0159121 secs] 217970K->82918K(494976K), 0.0159680 secs] [Times: user=0.02 sys=0.00, real=0.02 secs] 
2018-02-16T15:36:50.059+0000: 195.509: [GC (Allocation Failure) 2018-02-16T15:36:50.059+0000: 195.509: [DefNew: 145520K->9271K(153600K), 0.0165607 secs] 219494K->84297K(494976K), 0.0166283 secs] [Times: user=0.01 sys=0.00, real=0.02 secs] 
2018-02-16T15:37:04.777+0000: 210.227: [GC (Allocation Failure) 2018-02-16T15:37:04.777+0000: 210.227: [DefNew: 145847K->9453K(153600K), 0.0177635 secs] 220873K->85510K(494976K), 0.0178249 secs] [Times: user=0.01 sys=0.00, real=0.02 secs] 
2018-02-16T15:37:15.801+0000: 221.251: [GC (Allocation Failure) 2018-02-16T15:37:15.801+0000: 221.251: [DefNew: 146029K->9428K(153600K), 0.0149116 secs] 222086K->86601K(494976K), 0.0149898 secs] [Times: user=0.01 sys=0.00, real=0.01 secs] 
2018-02-16T15:37:28.753+0000: 234.204: [GC (Allocation Failure) 2018-02-16T15:37:28.754+0000: 234.204: [DefNew: 146004K->10067K(153600K), 0.0176983 secs] 223177K->88358K(494976K), 0.0177743 secs] [Times: user=0.02 sys=0.00, real=0.02 secs] 
2018-02-16T15:37:41.389+0000: 246.839: [GC (Allocation Failure) 2018-02-16T15:37:41.389+0000: 246.839: [DefNew: 146643K->8270K(153600K), 0.0181107 secs] 224934K->89185K(494976K), 0.0181733 secs] [Times: user=0.01 sys=0.01, real=0.01 secs] 
2018-02-16T15:37:55.817+0000: 261.267: [GC (Allocation Failure) 2018-02-16T15:37:55.817+0000: 261.267: [DefNew: 144846K->9560K(153600K), 0.0135287 secs] 225761K->90475K(494976K), 0.0135960 secs] [Times: user=0.02 sys=0.00, real=0.02 secs] 
2018-02-16T15:38:08.359+0000: 273.809: [GC (Allocation Failure) 2018-02-16T15:38:08.359+0000: 273.809: [DefNew: 146136K->9793K(153600K), 0.0167662 secs] 227051K->91757K(494976K), 0.0168566 secs] [Times: user=0.01 sys=0.00, real=0.02 secs] 
2018-02-16T15:38:20.597+0000: 286.047: [GC (Allocation Failure) 2018-02-16T15:38:20.597+0000: 286.047: [DefNew: 146369K->8664K(153600K), 0.0287802 secs] 228333K->92860K(494976K), 0.0288410 secs] [Times: user=0.01 sys=0.02, real=0.03 secs] 
2018-02-16T15:38:29.224+0000: 294.674: [GC (Allocation Failure) 2018-02-16T15:38:29.224+0000: 294.674: [DefNew: 145240K->8803K(153600K), 0.0143108 secs] 229436K->94083K(494976K), 0.0143754 secs] [Times: user=0.01 sys=0.00, real=0.01 secs] 
2018-02-16T15:38:41.254+0000: 306.704: [GC (Allocation Failure) 2018-02-16T15:38:41.254+0000: 306.704: [DefNew: 145379K->9666K(153600K), 0.0275997 secs] 230659K->96152K(494976K), 0.0276973 secs] [Times: user=0.00 sys=0.02, real=0.03 secs] 
2018-02-16T15:38:52.426+0000: 317.876: [GC (Allocation Failure) 2018-02-16T15:38:52.426+0000: 317.876: [DefNew: 146242K->9931K(153600K), 0.0171865 secs] 232728K->97764K(494976K), 0.0172459 secs] [Times: user=0.02 sys=0.00, real=0.02 secs] 
2018-02-16T15:39:01.914+0000: 327.365: [GC (Allocation Failure) 2018-02-16T15:39:01.915+0000: 327.365: [DefNew: 146507K->7606K(153600K), 0.0213402 secs] 234340K->98534K(494976K), 0.0214011 secs] [Times: user=0.01 sys=0.01, real=0.02 secs] 
2018-02-16T15:39:15.095+0000: 340.545: [GC (Allocation Failure) 2018-02-16T15:39:15.095+0000: 340.545: [DefNew: 144182K->9249K(153600K), 0.0140628 secs] 235110K->100177K(494976K), 0.0141237 secs] [Times: user=0.01 sys=0.00, real=0.02 secs] 
2018-02-16T15:39:28.981+0000: 354.431: [GC (Allocation Failure) 2018-02-16T15:39:28.981+0000: 354.431: [DefNew: 145825K->9605K(153600K), 0.0158596 secs] 236753K->101823K(494976K), 0.0159163 secs] [Times: user=0.02 sys=0.00, real=0.01 secs] 
2018-02-16T15:39:41.574+0000: 367.024: [GC (Allocation Failure) 2018-02-16T15:39:41.574+0000: 367.024: [DefNew: 146181K->9840K(153600K), 0.0160279 secs] 238399K->102979K(494976K), 0.0160883 secs] [Times: user=0.02 sys=0.00, real=0.02 secs] 
2018-02-16T15:39:54.513+0000: 379.963: [GC (Allocation Failure) 2018-02-16T15:39:54.513+0000: 379.963: [DefNew: 146416K->9808K(153600K), 0.0270707 secs] 239555K->104219K(494976K), 0.0271308 secs] [Times: user=0.00 sys=0.02, real=0.03 secs] 
2018-02-16T15:40:06.415+0000: 391.865: [GC (Allocation Failure) 2018-02-16T15:40:06.415+0000: 391.865: [DefNew: 146384K->10647K(153600K), 0.0164853 secs] 240795K->106215K(494976K), 0.0165423 secs] [Times: user=0.02 sys=0.00, real=0.02 secs] 
2018-02-16T15:40:19.233+0000: 404.683: [GC (Allocation Failure) 2018-02-16T15:40:19.233+0000: 404.683: [DefNew: 147223K->8956K(153600K), 0.0170826 secs] 242791K->107157K(494976K), 0.0171393 secs] [Times: user=0.02 sys=0.00, real=0.02 secs] 
2018-02-16T15:40:30.620+0000: 416.070: [GC (Allocation Failure) 2018-02-16T15:40:30.620+0000: 416.070: [DefNew: 145532K->8524K(153600K), 0.0230086 secs] 243733K->108415K(494976K), 0.0230696 secs] [Times: user=0.01 sys=0.01, real=0.02 secs] 
2018-02-16T15:40:41.959+0000: 427.409: [GC (Allocation Failure) 2018-02-16T15:40:41.959+0000: 427.409: [DefNew: 145100K->8903K(153600K), 0.0146686 secs] 244991K->110179K(494976K), 0.0147348 secs] [Times: user=0.02 sys=0.00, real=0.02 secs] 
2018-02-16T15:40:53.142+0000: 438.592: [GC (Allocation Failure) 2018-02-16T15:40:53.142+0000: 438.592: [DefNew: 145479K->9078K(153600K), 0.0178202 secs] 246755K->111742K(494976K), 0.0178777 secs] [Times: user=0.01 sys=0.01, real=0.02 secs] 
2018-02-16T15:41:05.240+0000: 450.691: [GC (Allocation Failure) 2018-02-16T15:41:05.241+0000: 450.691: [DefNew: 145654K->8989K(153600K), 0.0147585 secs] 248318K->113119K(494976K), 0.0148181 secs] [Times: user=0.02 sys=0.00, real=0.01 secs] 
2018-02-16T15:41:17.378+0000: 462.828: [GC (Allocation Failure) 2018-02-16T15:41:17.378+0000: 462.828: [DefNew: 145565K->9710K(153600K), 0.0158263 secs] 249695K->115291K(494976K), 0.0158951 secs] [Times: user=0.01 sys=0.00, real=0.02 secs] 
2018-02-16T15:41:29.424+0000: 474.874: [GC (Allocation Failure) 2018-02-16T15:41:29.424+0000: 474.874: [DefNew: 146286K->10088K(153600K), 0.0153222 secs] 251867K->117154K(494976K), 0.0153784 secs] [Times: user=0.02 sys=0.00, real=0.01 secs] 
2018-02-16T15:41:42.779+0000: 488.230: [GC (Allocation Failure) 2018-02-16T15:41:42.780+0000: 488.230: [DefNew: 146664K->9761K(153600K), 0.0269242 secs] 253730K->118490K(494976K), 0.0269846 secs] [Times: user=0.01 sys=0.03, real=0.03 secs] 
2018-02-16T15:41:56.199+0000: 501.649: [GC (Allocation Failure) 2018-02-16T15:41:56.199+0000: 501.649: [DefNew: 146337K->10245K(153600K), 0.0270297 secs] 255066K->120472K(494976K), 0.0270894 secs] [Times: user=0.00 sys=0.02, real=0.03 secs] 
2018-02-16T15:42:08.598+0000: 514.048: [GC (Allocation Failure) 2018-02-16T15:42:08.598+0000: 514.048: [DefNew: 146821K->10159K(153600K), 0.0166385 secs] 257048K->121825K(494976K), 0.0166993 secs] [Times: user=0.02 sys=0.00, real=0.02 secs] 
2018-02-16T15:42:18.041+0000: 523.491: [GC (Allocation Failure) 2018-02-16T15:42:18.041+0000: 523.491: [DefNew: 146735K->10320K(153600K), 0.0160290 secs] 258401K->123625K(494976K), 0.0161024 secs] [Times: user=0.02 sys=0.00, real=0.01 secs] 
15:42:28.381 [Client] INFO  c.s.f.r.e.s.SocketRear  - FlameSocketGraphDeployerRear@172.31.42.36: has been disconnected from Connection 5
2018-02-16T15:45:58.276+0000: 743.726: [GC (Allocation Failure) 2018-02-16T15:45:58.276+0000: 743.726: [DefNew: 146896K->9790K(153600K), 0.0182420 secs] 260201K->124810K(494976K), 0.0183342 secs] [Times: user=0.01 sys=0.00, real=0.02 secs] 
15:50:26.010 [worker-akka.actor.default-dispatcher-2] INFO  a.a.CoordinatedShutdown CoordinatedShutdown(akka://worker) - Starting coordinated shutdown from JVM shutdown hook
15:50:26.045 [worker-akka.actor.default-dispatcher-2] INFO  a.a.LocalActorRef akka://worker/user/watcher/graph0000000000/negotiator - Stopped
15:50:26.046 [worker-akka.actor.default-dispatcher-2] INFO  a.a.LocalActorRef akka://worker/user/watcher/graph0000000000/edge/FlameSocketGraphDeployerFront - Stopped
15:50:26.051 [worker-akka.actor.default-dispatcher-2] INFO  a.a.LocalActorRef akka://worker/user/watcher/graph0000000000/edge/FlameSocketGraphDeployerRear - Stopped
15:50:26.051 [worker-akka.actor.default-dispatcher-2] INFO  a.a.LocalActorRef akka://worker/user/watcher/graph0000000000/graph/$a - Stopped
15:50:26.052 [worker-akka.actor.default-dispatcher-2] INFO  a.a.LocalActorRef akka://worker/user/watcher/graph0000000000/graph/$b - Stopped
15:50:26.052 [worker-akka.actor.default-dispatcher-2] INFO  a.a.LocalActorRef akka://worker/user/watcher/graph0000000000/graph/$c - Stopped
15:50:26.052 [worker-akka.actor.default-dispatcher-2] INFO  a.a.LocalActorRef akka://worker/user/watcher/graph0000000000/graph/local-acker/$a - Stopped
15:50:26.057 [worker-akka.actor.default-dispatcher-2] INFO  a.a.LocalActorRef akka://worker/user/watcher/graph0000000000/edge - Stopped
15:50:26.058 [worker-akka.actor.default-dispatcher-2] INFO  a.a.LocalActorRef akka://worker/user/watcher/graph0000000000/graph/local-acker/$a - Message [com.spbsu.flamestream.runtime.utils.akka.PingActor$InnerPing] from Actor[akka://worker/user/watcher/graph0000000000/graph/local-acker/$a#-612856692] to Actor[akka://worker/user/watcher/graph0000000000/graph/local-acker/$a#-612856692] was not delivered. [1] dead letters encountered. This logging can be turned off or adjusted with configuration settings 'akka.log-dead-letters' and 'akka.log-dead-letters-during-shutdown'.
15:50:26.059 [worker-akka.actor.default-dispatcher-2] INFO  a.a.LocalActorRef akka://worker/user/watcher/graph0000000000/graph/local-acker - Stopped
15:50:26.060 [worker-akka.actor.default-dispatcher-2] INFO  a.a.LocalActorRef akka://worker/user/watcher/graph0000000000/graph/local-acker/$a - Message [com.spbsu.flamestream.runtime.utils.akka.PingActor$Stop] from Actor[akka://worker/user/watcher/graph0000000000/graph/local-acker#-1751807924] to Actor[akka://worker/user/watcher/graph0000000000/graph/local-acker/$a#-612856692] was not delivered. [2] dead letters encountered. This logging can be turned off or adjusted with configuration settings 'akka.log-dead-letters' and 'akka.log-dead-letters-during-shutdown'.
15:50:26.062 [worker-akka.actor.default-dispatcher-2] INFO  a.a.LocalActorRef akka://worker/user/watcher/graph0000000000/graph/local-acker - Message [com.spbsu.flamestream.runtime.acker.LocalAcker$Flush] from Actor[akka://worker/user/watcher/graph0000000000/graph/local-acker#-1751807924] to Actor[akka://worker/user/watcher/graph0000000000/graph/local-acker#-1751807924] was not delivered. [3] dead letters encountered. This logging can be turned off or adjusted with configuration settings 'akka.log-dead-letters' and 'akka.log-dead-letters-during-shutdown'.
15:50:26.062 [worker-akka.actor.default-dispatcher-2] INFO  a.a.LocalActorRef akka://worker/user/watcher/graph0000000000/graph/local-acker - Message [com.spbsu.flamestream.runtime.acker.LocalAcker$Flush] from Actor[akka://worker/user/watcher/graph0000000000/graph/local-acker#-1751807924] to Actor[akka://worker/user/watcher/graph0000000000/graph/local-acker#-1751807924] was not delivered. [4] dead letters encountered. This logging can be turned off or adjusted with configuration settings 'akka.log-dead-letters' and 'akka.log-dead-letters-during-shutdown'.
15:50:26.063 [worker-akka.actor.default-dispatcher-2] INFO  a.a.LocalActorRef akka://worker/user/watcher/graph0000000000/graph - Stopped
15:50:26.063 [worker-akka.actor.default-dispatcher-2] INFO  a.a.LocalActorRef akka://worker/user/watcher/graph0000000000 - Stopped
15:50:26.065 [worker-akka.actor.default-dispatcher-2-EventThread] INFO  o.a.z.ClientCnxn  - EventThread shut down for session: 0x1619f3ec2370003
15:50:26.065 [worker-akka.actor.default-dispatcher-2] INFO  o.a.z.ZooKeeper  - Session: 0x1619f3ec2370003 closed
15:50:26.066 [worker-akka.actor.default-dispatcher-2] INFO  a.a.RepointableActorRef akka://worker/user/watcher - Stopped
15:50:26.078 [worker-akka.actor.default-dispatcher-2] INFO  a.r.RemoteActorRefProvider$RemotingTerminator akka://worker@172.31.42.36:5412/system/remoting-terminator - Shutting down remote daemon.
15:50:26.082 [worker-akka.actor.default-dispatcher-2] INFO  a.r.RemoteActorRefProvider$RemotingTerminator akka://worker@172.31.42.36:5412/system/remoting-terminator - Remote daemon shut down; proceeding with flushing remote transports.
15:50:27.247 [worker-akka.actor.default-dispatcher-2] INFO  a.r.RemoteActorRefProvider$RemotingTerminator akka://worker@172.31.42.36:5412/system/remoting-terminator - Remoting shut down.
Attempts of event 'shuffle-send' - 0
Attempts of event 'front-receive-send' - 0
Attempts of event 'inject-out' - 574341
Attempts of event 'sink-receive' - 586010
Attempts of event 'flatmap-receive' - 1117
Attempts of event 'fm-send' - 542203
Attempts of event 'rear-in' - 573224
Attempts of event 'flatmap-send' - 542203
Attempts of event 'inject-in' - 574341
Attempts of event 'wrong-ordering-filter-receive' - 586010
Attempts of event 'accept-in' - 0
Attempts of event 'grouping-receive' - 1159234
Heap
 def new generation   total 153600K, used 76126K [0x00000000e0c00000, 0x00000000eb2a0000, 0x00000000eb2a0000)
  eden space 136576K,  48% used [0x00000000e0c00000, 0x00000000e4cc7f18, 0x00000000e9160000)
  from space 17024K,  57% used [0x00000000ea200000, 0x00000000eab8fab8, 0x00000000eb2a0000)
  to   space 17024K,   0% used [0x00000000e9160000, 0x00000000e9160000, 0x00000000ea200000)
 tenured generation   total 341376K, used 115019K [0x00000000eb2a0000, 0x0000000100000000, 0x0000000100000000)
   the space 341376K,  33% used [0x00000000eb2a0000, 0x00000000f22f2ff0, 0x00000000f22f3000, 0x0000000100000000)
 Metaspace       used 33481K, capacity 34244K, committed 34432K, reserved 1079296K
  class space    used 4456K, capacity 4627K, committed 4736K, reserved 1048576K
