10:15:15.187 [worker-akka.actor.default-dispatcher-2] INFO  a.e.s.Slf4jLogger  - Slf4jLogger started
2018-02-23T10:15:15.351+0000: 1.841: [Full GC (Metadata GC Threshold) 2018-02-23T10:15:15.351+0000: 1.841: [Tenured: 0K->15407K(341376K), 0.0375808 secs] 117531K->15407K(494976K), [Metaspace: 20872K->20872K(1067008K)], 0.0376474 secs] [Times: user=0.04 sys=0.00, real=0.04 secs] 
Ama winner
Ama winner
10:15:15.732 [worker-akka.actor.default-dispatcher-2] INFO  a.r.a.ArteryTransport(akka://worker) akka.remote.artery.ArteryTransport(akka://worker) - Started embedded media driver in directory [/dev/shm/aeron-root-worker-62c97dc5-16ad-4085-87db-a8126399be98]
10:15:15.963 [worker-akka.actor.default-dispatcher-2] INFO  a.r.a.ArteryTransport(akka://worker) akka.remote.artery.ArteryTransport(akka://worker) - Remoting started; listening on address: [akka://worker@172.31.37.101:5412] with UID [-3845138852741748815]
10:15:16.065 [worker-akka.actor.default-dispatcher-2] INFO  o.a.z.ZooKeeper  - Client environment:zookeeper.version=3.4.9-1757313, built on 08/23/2016 06:50 GMT
10:15:16.065 [worker-akka.actor.default-dispatcher-2] INFO  o.a.z.ZooKeeper  - Client environment:host.name=ip-172-31-37-101.us-east-2.compute.internal
10:15:16.065 [worker-akka.actor.default-dispatcher-2] INFO  o.a.z.ZooKeeper  - Client environment:java.version=1.8.0_151
10:15:16.065 [worker-akka.actor.default-dispatcher-2] INFO  o.a.z.ZooKeeper  - Client environment:java.vendor=Oracle Corporation
10:15:16.065 [worker-akka.actor.default-dispatcher-2] INFO  o.a.z.ZooKeeper  - Client environment:java.home=/usr/lib/jvm/java-8-openjdk-amd64/jre
10:15:16.065 [worker-akka.actor.default-dispatcher-2] INFO  o.a.z.ZooKeeper  - Client environment:java.class.path=lib/commons-cli-1.4.jar:lib/minlog-1.3.0.jar:lib/asm-5.0.4.jar:lib/hadoop-annotations-2.7.3.jar:lib/hadoop-auth-2.7.3.jar:lib/akka-slf4j_2.11-2.5.6.jar:lib/jersey-core-1.9.jar:lib/lz4-1.3.0.jar:lib/jackson-core-asl-1.9.13.jar:lib/aeron-client-1.3.0.jar:lib/htrace-core-3.1.0-incubating.jar:lib/xz-1.0.jar:lib/commons-httpclient-3.1.jar:lib/asm-3.1.jar:lib/commons-lang3-3.4.jar:lib/scala-library-2.11.11.jar:lib/scala-java8-compat_2.11-0.7.0.jar:lib/commons-configuration-1.6.jar:lib/objenesis-2.1.jar:lib/jackson-annotations-2.8.0.jar:lib/jsr305-3.0.0.jar:lib/curator-framework-2.7.1.jar:lib/jersey-server-1.9.jar:lib/jets3t-0.9.0.jar:lib/leveldb-0.7.jar:lib/jetty-6.1.26.jar:lib/stax-api-1.0-2.jar:lib/flamestream-core-1.0-SNAPSHOT.jar:lib/reflectasm-1.07-shaded.jar:lib/apacheds-kerberos-codec-2.0.0-M15.jar:lib/api-asn1-api-1.0.0-M20.jar:lib/commons-lang-2.6.jar:lib/commons-beanutils-1.7.0.jar:lib/jackson-xc-1.8.3.jar:lib/jetty-util-6.1.26.jar:lib/logback-classic-1.2.3.jar:lib/jool-0.9.12.jar:lib/flamestream-runtime-1.0-SNAPSHOT-tests.jar:lib/httpcore-4.1.2.jar:lib/kryo-4.0.0.jar:lib/ant-1.8.1.jar:lib/jaxb-impl-2.2.3-1.jar:lib/jersey-json-1.9.jar:lib/commons-compress-1.4.1.jar:lib/leveldbjni-all-1.8.jar:lib/paranamer-2.3.jar:lib/jackson-core-2.8.4.jar:lib/commons-math3-3.6.1.jar:lib/scala-parser-combinators_2.11-1.0.4.jar:lib/netty-3.10.6.Final.jar:lib/trove4j-3.0.3.jar:lib/jaxb-api-2.2.2.jar:lib/logback-core-1.2.3.jar:lib/snappy-java-1.0.4.1.jar:lib/protobuf-java-2.5.0.jar:lib/reactive-streams-1.0.1.jar:lib/flamestream-examples-1.0-SNAPSHOT.jar:lib/commons-codec-1.4.jar:lib/activation-1.1.jar:lib/commons-net-3.1.jar:lib/curator-recipes-2.7.1.jar:lib/jackson-mapper-asl-1.9.13.jar:lib/jackson-databind-2.8.4.jar:lib/flamestream-runtime-1.0-SNAPSHOT.jar:lib/jackson-jaxrs-1.8.3.jar:lib/slf4j-api-1.7.24.jar:lib/akka-remote_2.11-2.5.6.jar:lib/akka-testkit_2.11-2.5.6.jar:lib/jline-0.9.94.jar:lib/akka-stream_2.11-2.5.6.jar:lib/jsp-api-2.1.jar:lib/kryonet-2.21.jar:lib/akka-kryo-serialization_2.11-0.5.0.jar:lib/config-1.3.1.jar:lib/ant-launcher-1.8.1.jar:lib/commons-logging-1.2.jar:lib/ssl-config-core_2.11-0.2.2.jar:lib/testng-6.10.jar:lib/leveldb-api-0.7.jar:lib/reflectasm-1.11.3.jar:lib/jcommander-1.48.jar:lib/commons-1.1.jar:lib/commons-digester-1.8.jar:lib/minlog-1.2.jar:lib/java-xmlbuilder-0.4.jar:lib/jettison-1.1.jar:lib/gson-2.2.4.jar:lib/jdk.tools-1.8.jar:lib/aeron-driver-1.3.0.jar:lib/zookeeper-3.4.9.jar:lib/commons-beanutils-core-1.8.0.jar:lib/commons-math3-3.1.1.jar:lib/akka-actor_2.11-2.5.6.jar:lib/curator-client-2.7.1.jar:lib/servlet-api-2.5.jar:lib/apacheds-i18n-2.0.0-M15.jar:lib/commons-io-2.4.jar:lib/commons-codec-1.6.jar:lib/akka-protobuf_2.11-2.5.6.jar:lib/jdom-2.0.2.jar:lib/api-util-1.0.0-M20.jar:lib/hadoop-common-2.7.3.jar:lib/agrona-0.9.6.jar:lib/xmlenc-0.52.jar:lib/guava-21.0.jar:lib/commons-collections-3.2.2.jar:lib/avro-1.7.4.jar:lib/httpclient-4.1.2.jar:lib/flamestream-core-1.0-SNAPSHOT-tests.jar:lib/annotations-12.0.jar:lib/jsch-0.1.42.jar:flamestream-runtime-1.0-SNAPSHOT.jar
10:15:16.065 [worker-akka.actor.default-dispatcher-2] INFO  o.a.z.ZooKeeper  - Client environment:java.library.path=/usr/java/packages/lib/amd64:/usr/lib/x86_64-linux-gnu/jni:/lib/x86_64-linux-gnu:/usr/lib/x86_64-linux-gnu:/usr/lib/jni:/lib:/usr/lib
10:15:16.065 [worker-akka.actor.default-dispatcher-2] INFO  o.a.z.ZooKeeper  - Client environment:java.io.tmpdir=/tmp
10:15:16.065 [worker-akka.actor.default-dispatcher-2] INFO  o.a.z.ZooKeeper  - Client environment:java.compiler=<NA>
10:15:16.066 [worker-akka.actor.default-dispatcher-2] INFO  o.a.z.ZooKeeper  - Client environment:os.name=Linux
10:15:16.066 [worker-akka.actor.default-dispatcher-2] INFO  o.a.z.ZooKeeper  - Client environment:os.arch=amd64
10:15:16.066 [worker-akka.actor.default-dispatcher-2] INFO  o.a.z.ZooKeeper  - Client environment:os.version=4.4.0-1049-aws
10:15:16.066 [worker-akka.actor.default-dispatcher-2] INFO  o.a.z.ZooKeeper  - Client environment:user.name=root
10:15:16.067 [worker-akka.actor.default-dispatcher-2] INFO  o.a.z.ZooKeeper  - Client environment:user.home=/root
10:15:16.067 [worker-akka.actor.default-dispatcher-2] INFO  o.a.z.ZooKeeper  - Client environment:user.dir=/opt/flamestream
10:15:16.070 [worker-akka.actor.default-dispatcher-2] INFO  o.a.z.ZooKeeper  - Initiating client connection, connectString=172.31.34.147:2181 sessionTimeout=5000 watcher=com.spbsu.flamestream.runtime.application.LifecycleWatcher$$Lambda$29/764839090@3d5d5f13
10:15:16.104 [worker-akka.actor.default-dispatcher-2-SendThread(172.31.34.147:2181)] INFO  o.a.z.ClientCnxn  - Opening socket connection to server 172.31.34.147/172.31.34.147:2181. Will not attempt to authenticate using SASL (unknown error)
10:15:16.105 [worker-akka.actor.default-dispatcher-2] INFO  a.a.RepointableActorRef akka://worker/user/watcher - Starting...
10:15:16.110 [worker-akka.actor.default-dispatcher-2-SendThread(172.31.34.147:2181)] INFO  o.a.z.ClientCnxn  - Socket connection established to 172.31.34.147/172.31.34.147:2181, initiating session
10:15:16.119 [worker-akka.actor.default-dispatcher-2-SendThread(172.31.34.147:2181)] INFO  o.a.z.ClientCnxn  - Session establishment complete on server 172.31.34.147/172.31.34.147:2181, sessionid = 0x161c2283ddd000a, negotiated timeout = 6000
10:15:16.211 [worker-akka.actor.default-dispatcher-2] INFO  a.a.RepointableActorRef akka://worker/user/watcher - Connected to ZK
10:15:22.737 [worker-akka.actor.default-dispatcher-2] INFO  a.a.RepointableActorRef akka://worker/user/watcher - Creating node with watchGraphs: 'com.spbsu.flamestream.core.Graph$Builder$MyGraph@4084ed8a', config: 'ClusterConfig{paths={172.31.33.155=akka://worker@172.31.33.155:5412/user/watcher/graph0000000000, 172.31.47.83=akka://worker@172.31.47.83:5412/user/watcher/graph0000000000, 172.31.45.197=akka://worker@172.31.45.197:5412/user/watcher/graph0000000000, 172.31.42.36=akka://worker@172.31.42.36:5412/user/watcher/graph0000000000, 172.31.44.83=akka://worker@172.31.44.83:5412/user/watcher/graph0000000000, 172.31.39.64=akka://worker@172.31.39.64:5412/user/watcher/graph0000000000, 172.31.35.79=akka://worker@172.31.35.79:5412/user/watcher/graph0000000000, 172.31.34.169=akka://worker@172.31.34.169:5412/user/watcher/graph0000000000, 172.31.47.100=akka://worker@172.31.47.100:5412/user/watcher/graph0000000000, 172.31.37.101=akka://worker@172.31.37.101:5412/user/watcher/graph0000000000}, ackerLocation='172.31.35.79', props=ComputationLayout{ranges={172.31.33.155=HashRange{from=-1670265060, to=-1193046472}, 172.31.47.83=HashRange{from=1670265056, to=2147483644}, 172.31.45.197=HashRange{from=-715827884, to=-238609296}, 172.31.42.36=HashRange{from=1193046468, to=1670265056}, 172.31.44.83=HashRange{from=-238609296, to=238609292}, 172.31.39.64=HashRange{from=715827880, to=1193046468}, 172.31.35.79=HashRange{from=0, to=0}, 172.31.34.169=HashRange{from=-2147483648, to=-1670265060}, 172.31.47.100=HashRange{from=238609292, to=715827880}, 172.31.37.101=HashRange{from=-1193046472, to=-715827884}}}}'
10:15:23.646 [worker-akka.actor.default-dispatcher-2] INFO  a.a.LocalActorRef akka://worker/user/watcher/graph0000000000/graph - Starting...
10:15:23.648 [worker-akka.actor.default-dispatcher-2] INFO  a.a.LocalActorRef akka://worker/user/watcher/graph0000000000/graph/local-acker - Starting...
10:15:23.650 [worker-akka.actor.default-dispatcher-2] INFO  a.a.LocalActorRef akka://worker/user/watcher/graph0000000000/graph/local-acker/$a - Starting...
Warning: space is running low in /dev/shm (tmpfs) threshold=167,772,160 usable=158,621,696
Warning: space is running low in /dev/shm (tmpfs) threshold=167,772,160 usable=146,034,688
Warning: space is running low in /dev/shm (tmpfs) threshold=167,772,160 usable=133,447,680
Warning: space is running low in /dev/shm (tmpfs) threshold=167,772,160 usable=120,860,672
Warning: space is running low in /dev/shm (tmpfs) threshold=167,772,160 usable=108,273,664
Warning: space is running low in /dev/shm (tmpfs) threshold=167,772,160 usable=95,686,656
Warning: space is running low in /dev/shm (tmpfs) threshold=167,772,160 usable=83,099,648
Warning: space is running low in /dev/shm (tmpfs) threshold=167,772,160 usable=70,512,640
10:15:25.229 [worker-akka.actor.default-dispatcher-2] INFO  a.a.LocalActorRef akka://worker/user/watcher/graph0000000000/graph - Finishing constructor
10:15:25.230 [worker-akka.actor.default-dispatcher-2] INFO  a.a.LocalActorRef akka://worker/user/watcher/graph0000000000 - Starting...
10:15:25.230 [worker-akka.actor.default-dispatcher-2] INFO  a.a.LocalActorRef akka://worker/user/watcher/graph0000000000/negotiator - Starting...
10:15:25.289 [worker-akka.actor.default-dispatcher-2] INFO  a.a.LocalActorRef akka://worker/user/watcher/graph0000000000/edge - Starting...
10:15:25.291 [worker-akka.actor.default-dispatcher-2] INFO  a.a.LocalActorRef akka://worker/user/watcher/graph0000000000/graph/$a - Starting...
10:15:25.292 [worker-akka.actor.default-dispatcher-2] INFO  a.a.LocalActorRef akka://worker/user/watcher/graph0000000000/graph/$b - Starting...
10:15:25.293 [worker-akka.actor.default-dispatcher-2] INFO  a.a.LocalActorRef akka://worker/user/watcher/graph0000000000/graph/$c - Starting...
10:15:25.324 [worker-akka.actor.default-dispatcher-2] INFO  c.s.f.r.e.s.SocketRear  - FlameSocketGraphDeployerRear@172.31.37.101: connecting to 172.31.34.147:5678
10:15:25.330 [worker-akka.actor.default-dispatcher-2] INFO  c.s.f.r.e.s.SocketRear  - FlameSocketGraphDeployerRear@172.31.37.101: connected to 172.31.34.147:5678
10:15:25.361 [worker-akka.actor.default-dispatcher-2] INFO  a.a.LocalActorRef akka://worker/user/watcher/graph0000000000/edge/FlameSocketGraphDeployerRear - Starting...
10:15:25.361 [worker-akka.actor.default-dispatcher-2] INFO  a.a.LocalActorRef akka://worker/user/watcher/graph0000000000/edge/FlameSocketGraphDeployerFront - Starting...
10:15:25.363 [worker-akka.actor.default-dispatcher-2] INFO  a.a.LocalActorRef akka://worker/user/watcher/graph0000000000/negotiator - Requesting ticket for the frontClass FlameSocketGraphDeployerFront@172.31.37.101
10:15:25.375 [worker-akka.actor.default-dispatcher-2] INFO  a.a.LocalActorRef akka://worker/user/watcher/graph0000000000/negotiator - Ticket for the frontClass received: FrontTicket{allowedTimestamp=(1519380922738, FlameSocketGraphDeployerFront@172.31.37.101)}
10:15:25.375 [worker-akka.actor.default-dispatcher-2] INFO  c.s.f.r.e.s.SocketFront  - FlameSocketGraphDeployerFront@172.31.37.101: connecting to 172.31.34.147:4567
10:15:25.425 [Client] INFO  c.s.f.r.e.s.SocketFront  - FlameSocketGraphDeployerFront@172.31.37.101 has been disconnected from Connection 10
2018-02-23T10:15:28.949+0000: 15.439: [GC (Allocation Failure) 2018-02-23T10:15:28.949+0000: 15.439: [DefNew: 136576K->15491K(153600K), 0.1473163 secs] 151983K->50430K(494976K), 0.1473926 secs] [Times: user=0.01 sys=0.13, real=0.15 secs] 
2018-02-23T10:15:35.567+0000: 22.057: [GC (Allocation Failure) 2018-02-23T10:15:35.567+0000: 22.057: [DefNew: 152067K->3955K(153600K), 0.0200146 secs] 187006K->46548K(494976K), 0.0200888 secs] [Times: user=0.02 sys=0.00, real=0.02 secs] 
2018-02-23T10:15:46.556+0000: 33.046: [GC (Allocation Failure) 2018-02-23T10:15:46.556+0000: 33.046: [DefNew: 140531K->5123K(153600K), 0.0114001 secs] 183124K->47715K(494976K), 0.0114674 secs] [Times: user=0.01 sys=0.00, real=0.02 secs] 
2018-02-23T10:15:53.637+0000: 40.127: [GC (Allocation Failure) 2018-02-23T10:15:53.637+0000: 40.127: [DefNew: 141699K->6648K(153600K), 0.0152220 secs] 184291K->49241K(494976K), 0.0152860 secs] [Times: user=0.01 sys=0.01, real=0.01 secs] 
2018-02-23T10:16:02.705+0000: 49.194: [GC (Allocation Failure) 2018-02-23T10:16:02.705+0000: 49.194: [DefNew: 143224K->8289K(153600K), 0.0146335 secs] 185817K->50881K(494976K), 0.0147062 secs] [Times: user=0.01 sys=0.00, real=0.01 secs] 
2018-02-23T10:16:10.312+0000: 56.802: [GC (Allocation Failure) 2018-02-23T10:16:10.312+0000: 56.802: [DefNew: 144865K->9440K(153600K), 0.0294783 secs] 187457K->52033K(494976K), 0.0295431 secs] [Times: user=0.00 sys=0.02, real=0.03 secs] 
2018-02-23T10:16:20.116+0000: 66.605: [GC (Allocation Failure) 2018-02-23T10:16:20.116+0000: 66.605: [DefNew: 146016K->9779K(153600K), 0.0174610 secs] 188609K->53595K(494976K), 0.0175251 secs] [Times: user=0.01 sys=0.00, real=0.02 secs] 
2018-02-23T10:16:31.541+0000: 78.031: [GC (Allocation Failure) 2018-02-23T10:16:31.541+0000: 78.031: [DefNew: 146355K->8232K(153600K), 0.0188232 secs] 190171K->54545K(494976K), 0.0188907 secs] [Times: user=0.02 sys=0.00, real=0.02 secs] 
2018-02-23T10:16:43.334+0000: 89.823: [GC (Allocation Failure) 2018-02-23T10:16:43.334+0000: 89.824: [DefNew: 144808K->9898K(153600K), 0.0163088 secs] 191121K->56211K(494976K), 0.0163950 secs] [Times: user=0.01 sys=0.00, real=0.02 secs] 
2018-02-23T10:16:52.846+0000: 99.335: [GC (Allocation Failure) 2018-02-23T10:16:52.846+0000: 99.335: [DefNew: 146474K->8642K(153600K), 0.0222709 secs] 192787K->57166K(494976K), 0.0223558 secs] [Times: user=0.01 sys=0.01, real=0.02 secs] 
2018-02-23T10:17:03.955+0000: 110.445: [GC (Allocation Failure) 2018-02-23T10:17:03.955+0000: 110.445: [DefNew: 145218K->9080K(153600K), 0.0176925 secs] 193742K->58771K(494976K), 0.0177594 secs] [Times: user=0.02 sys=0.00, real=0.02 secs] 
2018-02-23T10:17:16.330+0000: 122.819: [GC (Allocation Failure) 2018-02-23T10:17:16.330+0000: 122.819: [DefNew: 145656K->8813K(153600K), 0.0174307 secs] 195347K->59733K(494976K), 0.0174980 secs] [Times: user=0.01 sys=0.00, real=0.02 secs] 
2018-02-23T10:17:28.337+0000: 134.827: [GC (Allocation Failure) 2018-02-23T10:17:28.337+0000: 134.827: [DefNew: 145389K->8637K(153600K), 0.0167654 secs] 196309K->60965K(494976K), 0.0168302 secs] [Times: user=0.01 sys=0.00, real=0.01 secs] 
2018-02-23T10:17:37.142+0000: 143.631: [GC (Allocation Failure) 2018-02-23T10:17:37.142+0000: 143.631: [DefNew: 145213K->8667K(153600K), 0.0183156 secs] 197541K->62139K(494976K), 0.0183876 secs] [Times: user=0.01 sys=0.01, real=0.02 secs] 
2018-02-23T10:17:49.190+0000: 155.680: [GC (Allocation Failure) 2018-02-23T10:17:49.191+0000: 155.680: [DefNew: 145243K->8958K(153600K), 0.0170796 secs] 198715K->63577K(494976K), 0.0171516 secs] [Times: user=0.02 sys=0.00, real=0.02 secs] 
2018-02-23T10:17:59.557+0000: 166.047: [GC (Allocation Failure) 2018-02-23T10:17:59.557+0000: 166.047: [DefNew: 145534K->8813K(153600K), 0.0168667 secs] 200153K->64518K(494976K), 0.0169326 secs] [Times: user=0.02 sys=0.00, real=0.01 secs] 
2018-02-23T10:18:09.505+0000: 175.995: [GC (Allocation Failure) 2018-02-23T10:18:09.505+0000: 175.995: [DefNew: 145389K->8814K(153600K), 0.0166428 secs] 201094K->65648K(494976K), 0.0167182 secs] [Times: user=0.01 sys=0.00, real=0.01 secs] 
2018-02-23T10:18:20.214+0000: 186.704: [GC (Allocation Failure) 2018-02-23T10:18:20.214+0000: 186.704: [DefNew: 145390K->9453K(153600K), 0.0179810 secs] 202224K->67229K(494976K), 0.0180650 secs] [Times: user=0.01 sys=0.00, real=0.02 secs] 
2018-02-23T10:18:32.548+0000: 199.038: [GC (Allocation Failure) 2018-02-23T10:18:32.548+0000: 199.038: [DefNew: 146029K->9350K(153600K), 0.0173971 secs] 203805K->68355K(494976K), 0.0174625 secs] [Times: user=0.02 sys=0.00, real=0.02 secs] 
2018-02-23T10:18:44.214+0000: 210.704: [GC (Allocation Failure) 2018-02-23T10:18:44.214+0000: 210.704: [DefNew: 145926K->9354K(153600K), 0.0167602 secs] 204931K->69338K(494976K), 0.0168224 secs] [Times: user=0.02 sys=0.00, real=0.02 secs] 
2018-02-23T10:18:52.416+0000: 218.906: [GC (Allocation Failure) 2018-02-23T10:18:52.416+0000: 218.906: [DefNew: 145930K->9664K(153600K), 0.0176817 secs] 205914K->70714K(494976K), 0.0177634 secs] [Times: user=0.02 sys=0.00, real=0.02 secs] 
2018-02-23T10:19:01.111+0000: 227.601: [GC (Allocation Failure) 2018-02-23T10:19:01.111+0000: 227.601: [DefNew: 146240K->9349K(153600K), 0.0171762 secs] 207290K->71514K(494976K), 0.0172415 secs] [Times: user=0.02 sys=0.00, real=0.02 secs] 
2018-02-23T10:19:10.088+0000: 236.578: [GC (Allocation Failure) 2018-02-23T10:19:10.088+0000: 236.578: [DefNew: 145925K->9704K(153600K), 0.0173302 secs] 208090K->73018K(494976K), 0.0173963 secs] [Times: user=0.02 sys=0.00, real=0.02 secs] 
2018-02-23T10:19:20.301+0000: 246.791: [GC (Allocation Failure) 2018-02-23T10:19:20.301+0000: 246.791: [DefNew: 146280K->9023K(153600K), 0.0186631 secs] 209594K->74444K(494976K), 0.0187393 secs] [Times: user=0.01 sys=0.00, real=0.02 secs] 
2018-02-23T10:19:29.643+0000: 256.133: [GC (Allocation Failure) 2018-02-23T10:19:29.643+0000: 256.133: [DefNew: 145599K->10359K(153600K), 0.0176841 secs] 211020K->76866K(494976K), 0.0177515 secs] [Times: user=0.01 sys=0.01, real=0.02 secs] 
2018-02-23T10:19:39.120+0000: 265.610: [GC (Allocation Failure) 2018-02-23T10:19:39.120+0000: 265.610: [DefNew: 146935K->8390K(153600K), 0.0174074 secs] 213442K->77585K(494976K), 0.0174757 secs] [Times: user=0.01 sys=0.00, real=0.02 secs] 
2018-02-23T10:19:49.266+0000: 275.756: [GC (Allocation Failure) 2018-02-23T10:19:49.266+0000: 275.756: [DefNew: 144966K->10191K(153600K), 0.0152744 secs] 214161K->79386K(494976K), 0.0153391 secs] [Times: user=0.01 sys=0.01, real=0.01 secs] 
2018-02-23T10:20:00.546+0000: 287.036: [GC (Allocation Failure) 2018-02-23T10:20:00.546+0000: 287.036: [DefNew: 146767K->9670K(153600K), 0.0212922 secs] 215962K->80938K(494976K), 0.0213616 secs] [Times: user=0.02 sys=0.00, real=0.02 secs] 
2018-02-23T10:20:10.211+0000: 296.700: [GC (Allocation Failure) 2018-02-23T10:20:10.211+0000: 296.700: [DefNew: 146246K->9925K(153600K), 0.0175414 secs] 217514K->82308K(494976K), 0.0176063 secs] [Times: user=0.02 sys=0.00, real=0.02 secs] 
2018-02-23T10:20:21.098+0000: 307.588: [GC (Allocation Failure) 2018-02-23T10:20:21.098+0000: 307.588: [DefNew: 146501K->10404K(153600K), 0.0190729 secs] 218884K->84038K(494976K), 0.0191388 secs] [Times: user=0.02 sys=0.00, real=0.02 secs] 
2018-02-23T10:20:30.432+0000: 316.921: [GC (Allocation Failure) 2018-02-23T10:20:30.432+0000: 316.921: [DefNew: 146980K->8220K(153600K), 0.0180167 secs] 220614K->84680K(494976K), 0.0180910 secs] [Times: user=0.02 sys=0.00, real=0.02 secs] 
2018-02-23T10:20:41.282+0000: 327.771: [GC (Allocation Failure) 2018-02-23T10:20:41.282+0000: 327.771: [DefNew: 144796K->10026K(153600K), 0.0151425 secs] 221256K->86486K(494976K), 0.0152163 secs] [Times: user=0.02 sys=0.00, real=0.02 secs] 
2018-02-23T10:20:47.721+0000: 334.210: [GC (Allocation Failure) 2018-02-23T10:20:47.721+0000: 334.210: [DefNew: 146602K->8333K(153600K), 0.0170090 secs] 223062K->87539K(494976K), 0.0170688 secs] [Times: user=0.02 sys=0.00, real=0.02 secs] 
2018-02-23T10:20:59.545+0000: 346.035: [GC (Allocation Failure) 2018-02-23T10:20:59.545+0000: 346.035: [DefNew: 144909K->10309K(153600K), 0.0157749 secs] 224115K->89516K(494976K), 0.0158491 secs] [Times: user=0.02 sys=0.00, real=0.01 secs] 
2018-02-23T10:21:08.676+0000: 355.166: [GC (Allocation Failure) 2018-02-23T10:21:08.676+0000: 355.166: [DefNew: 146885K->9240K(153600K), 0.0179542 secs] 226092K->90681K(494976K), 0.0180165 secs] [Times: user=0.01 sys=0.00, real=0.02 secs] 
2018-02-23T10:21:21.081+0000: 367.571: [GC (Allocation Failure) 2018-02-23T10:21:21.081+0000: 367.571: [DefNew: 145816K->9422K(153600K), 0.0178038 secs] 227257K->92448K(494976K), 0.0178693 secs] [Times: user=0.01 sys=0.00, real=0.02 secs] 
2018-02-23T10:21:29.778+0000: 376.268: [GC (Allocation Failure) 2018-02-23T10:21:29.778+0000: 376.268: [DefNew: 145998K->9491K(153600K), 0.0163765 secs] 229024K->94055K(494976K), 0.0164540 secs] [Times: user=0.02 sys=0.00, real=0.01 secs] 
2018-02-23T10:21:41.688+0000: 388.177: [GC (Allocation Failure) 2018-02-23T10:21:41.688+0000: 388.177: [DefNew: 146067K->9541K(153600K), 0.0169152 secs] 230631K->95719K(494976K), 0.0169929 secs] [Times: user=0.01 sys=0.00, real=0.02 secs] 
2018-02-23T10:21:52.308+0000: 398.797: [GC (Allocation Failure) 2018-02-23T10:21:52.308+0000: 398.797: [DefNew: 146117K->9408K(153600K), 0.0160884 secs] 232295K->96947K(494976K), 0.0161553 secs] [Times: user=0.01 sys=0.00, real=0.01 secs] 
2018-02-23T10:22:00.331+0000: 406.821: [GC (Allocation Failure) 2018-02-23T10:22:00.331+0000: 406.821: [DefNew: 145984K->9507K(153600K), 0.0165627 secs] 233523K->98541K(494976K), 0.0166272 secs] [Times: user=0.02 sys=0.00, real=0.02 secs] 
2018-02-23T10:22:10.826+0000: 417.315: [GC (Allocation Failure) 2018-02-23T10:22:10.826+0000: 417.315: [DefNew: 146083K->9823K(153600K), 0.0172420 secs] 235117K->100335K(494976K), 0.0173041 secs] [Times: user=0.02 sys=0.00, real=0.01 secs] 
10:22:19.899 [Client] INFO  c.s.f.r.e.s.SocketRear  - FlameSocketGraphDeployerRear@172.31.37.101: has been disconnected from Connection 10
2018-02-23T10:22:29.928+0000: 436.417: [GC (Allocation Failure) 2018-02-23T10:22:29.928+0000: 436.417: [DefNew: 146399K->9775K(153600K), 0.0236221 secs] 236911K->101721K(494976K), 0.0236749 secs] [Times: user=0.01 sys=0.00, real=0.02 secs] 
10:22:32.640 [worker-akka.actor.default-dispatcher-2] INFO  a.a.CoordinatedShutdown CoordinatedShutdown(akka://worker) - Starting coordinated shutdown from JVM shutdown hook
10:22:32.691 [worker-akka.actor.default-dispatcher-2] INFO  a.a.LocalActorRef akka://worker/user/watcher/graph0000000000/negotiator - Stopped
10:22:32.692 [worker-akka.actor.default-dispatcher-2] INFO  a.a.LocalActorRef akka://worker/user/watcher/graph0000000000/edge/FlameSocketGraphDeployerFront - Stopped
10:22:32.696 [worker-akka.actor.default-dispatcher-2] INFO  a.a.LocalActorRef akka://worker/user/watcher/graph0000000000/edge/FlameSocketGraphDeployerRear - Stopped
10:22:32.697 [worker-akka.actor.default-dispatcher-2] INFO  a.a.LocalActorRef akka://worker/user/watcher/graph0000000000/graph/local-acker/$a - Stopped
10:22:32.699 [worker-akka.actor.default-dispatcher-2] INFO  a.a.LocalActorRef akka://worker/user/watcher/graph0000000000/graph/$a - Stopped
10:22:32.702 [worker-akka.actor.default-dispatcher-2] INFO  a.a.LocalActorRef akka://worker/user/watcher/graph0000000000/graph/local-acker/$a - Message [com.spbsu.flamestream.runtime.utils.akka.PingActor$InnerPing] from Actor[akka://worker/user/watcher/graph0000000000/graph/local-acker/$a#902286790] to Actor[akka://worker/user/watcher/graph0000000000/graph/local-acker/$a#902286790] was not delivered. [1] dead letters encountered. This logging can be turned off or adjusted with configuration settings 'akka.log-dead-letters' and 'akka.log-dead-letters-during-shutdown'.
10:22:32.703 [worker-akka.actor.default-dispatcher-2] INFO  a.a.LocalActorRef akka://worker/user/watcher/graph0000000000/graph/$b - Stopped
10:22:32.703 [worker-akka.actor.default-dispatcher-2] INFO  a.a.LocalActorRef akka://worker/user/watcher/graph0000000000/graph/local-acker - Stopped
10:22:32.704 [worker-akka.actor.default-dispatcher-2] INFO  a.a.LocalActorRef akka://worker/user/watcher/graph0000000000/graph/$c - Stopped
10:22:32.707 [worker-akka.actor.default-dispatcher-2] INFO  a.a.LocalActorRef akka://worker/user/watcher/graph0000000000/edge - Stopped
10:22:32.709 [worker-akka.actor.default-dispatcher-2] INFO  a.a.LocalActorRef akka://worker/user/watcher/graph0000000000/graph - Stopped
10:22:32.709 [worker-akka.actor.default-dispatcher-2] INFO  a.a.LocalActorRef akka://worker/user/watcher/graph0000000000 - Stopped
10:22:32.709 [worker-akka.actor.default-dispatcher-2] INFO  a.a.LocalActorRef akka://worker/user/watcher/graph0000000000/graph/local-acker/$a - Message [com.spbsu.flamestream.runtime.utils.akka.PingActor$Stop] from Actor[akka://worker/user/watcher/graph0000000000/graph/local-acker#-2130328433] to Actor[akka://worker/user/watcher/graph0000000000/graph/local-acker/$a#902286790] was not delivered. [2] dead letters encountered. This logging can be turned off or adjusted with configuration settings 'akka.log-dead-letters' and 'akka.log-dead-letters-during-shutdown'.
10:22:32.709 [worker-akka.actor.default-dispatcher-2] INFO  a.a.LocalActorRef akka://worker/user/watcher/graph0000000000/graph/local-acker - Message [com.spbsu.flamestream.runtime.acker.LocalAcker$Flush] from Actor[akka://worker/user/watcher/graph0000000000/graph/local-acker#-2130328433] to Actor[akka://worker/user/watcher/graph0000000000/graph/local-acker#-2130328433] was not delivered. [3] dead letters encountered. This logging can be turned off or adjusted with configuration settings 'akka.log-dead-letters' and 'akka.log-dead-letters-during-shutdown'.
10:22:32.712 [worker-akka.actor.default-dispatcher-2] INFO  a.a.LocalActorRef akka://worker/user/watcher/graph0000000000/graph/local-acker - Message [com.spbsu.flamestream.runtime.acker.LocalAcker$Flush] from Actor[akka://worker/user/watcher/graph0000000000/graph/local-acker#-2130328433] to Actor[akka://worker/user/watcher/graph0000000000/graph/local-acker#-2130328433] was not delivered. [4] dead letters encountered. This logging can be turned off or adjusted with configuration settings 'akka.log-dead-letters' and 'akka.log-dead-letters-during-shutdown'.
10:22:32.712 [worker-akka.actor.default-dispatcher-2] INFO  a.a.LocalActorRef akka://worker/user/watcher/graph0000000000/graph/local-acker - Message [com.spbsu.flamestream.runtime.acker.LocalAcker$Flush] from Actor[akka://worker/user/watcher/graph0000000000/graph/local-acker#-2130328433] to Actor[akka://worker/user/watcher/graph0000000000/graph/local-acker#-2130328433] was not delivered. [5] dead letters encountered. This logging can be turned off or adjusted with configuration settings 'akka.log-dead-letters' and 'akka.log-dead-letters-during-shutdown'.
10:22:32.713 [worker-akka.actor.default-dispatcher-2] INFO  a.a.LocalActorRef akka://worker/user/watcher/graph0000000000/graph/local-acker - Message [com.spbsu.flamestream.runtime.acker.LocalAcker$Flush] from Actor[akka://worker/user/watcher/graph0000000000/graph/local-acker#-2130328433] to Actor[akka://worker/user/watcher/graph0000000000/graph/local-acker#-2130328433] was not delivered. [6] dead letters encountered. This logging can be turned off or adjusted with configuration settings 'akka.log-dead-letters' and 'akka.log-dead-letters-during-shutdown'.
10:22:32.716 [worker-akka.actor.default-dispatcher-2-EventThread] INFO  o.a.z.ClientCnxn  - EventThread shut down for session: 0x161c2283ddd000a
10:22:32.716 [worker-akka.actor.default-dispatcher-2] INFO  o.a.z.ZooKeeper  - Session: 0x161c2283ddd000a closed
10:22:32.716 [worker-akka.actor.default-dispatcher-2] INFO  a.a.RepointableActorRef akka://worker/user/watcher - Stopped
10:22:32.730 [worker-akka.actor.default-dispatcher-2] INFO  a.r.RemoteActorRefProvider$RemotingTerminator akka://worker@172.31.37.101:5412/system/remoting-terminator - Shutting down remote daemon.
10:22:32.732 [worker-akka.actor.default-dispatcher-2] INFO  a.r.RemoteActorRefProvider$RemotingTerminator akka://worker@172.31.37.101:5412/system/remoting-terminator - Remote daemon shut down; proceeding with flushing remote transports.
10:22:33.892 [worker-akka.actor.default-dispatcher-2] INFO  a.r.RemoteActorRefProvider$RemotingTerminator akka://worker@172.31.37.101:5412/system/remoting-terminator - Remoting shut down.
Heap
 def new generation   total 153600K, used 23207K [0x00000000e0c00000, 0x00000000eb2a0000, 0x00000000eb2a0000)
  eden space 136576K,   9% used [0x00000000e0c00000, 0x00000000e191ddc0, 0x00000000e9160000)
  from space 17024K,  57% used [0x00000000e9160000, 0x00000000e9aebe68, 0x00000000ea200000)
  to   space 17024K,   0% used [0x00000000ea200000, 0x00000000ea200000, 0x00000000eb2a0000)
 tenured generation   total 341376K, used 91946K [0x00000000eb2a0000, 0x0000000100000000, 0x0000000100000000)
   the space 341376K,  26% used [0x00000000eb2a0000, 0x00000000f0c6a818, 0x00000000f0c6aa00, 0x0000000100000000)
 Metaspace       used 33418K, capacity 34158K, committed 34432K, reserved 1079296K
  class space    used 4456K, capacity 4624K, committed 4736K, reserved 1048576K
