11:44:55.362 [worker-akka.actor.default-dispatcher-2] INFO  a.e.s.Slf4jLogger  - Slf4jLogger started
2018-02-21T11:44:55.534+0000: 2.325: [Full GC (Metadata GC Threshold) 2018-02-21T11:44:55.534+0000: 2.325: [Tenured: 0K->15411K(341376K), 0.0375154 secs] 117538K->15411K(494976K), [Metaspace: 20872K->20872K(1067008K)], 0.0375858 secs] [Times: user=0.03 sys=0.01, real=0.04 secs] 
Ama winner
Ama winner
11:44:55.963 [worker-akka.actor.default-dispatcher-2] INFO  a.r.a.ArteryTransport(akka://worker) akka.remote.artery.ArteryTransport(akka://worker) - Started embedded media driver in directory [/dev/shm/aeron-root-worker-1d2faa09-b6eb-4e30-b7e9-d32d3e01e5f0]
11:44:56.194 [worker-akka.actor.default-dispatcher-2] INFO  a.r.a.ArteryTransport(akka://worker) akka.remote.artery.ArteryTransport(akka://worker) - Remoting started; listening on address: [akka://worker@172.31.42.36:5412] with UID [4654650708151709988]
11:44:56.299 [worker-akka.actor.default-dispatcher-2] INFO  o.a.z.ZooKeeper  - Client environment:zookeeper.version=3.4.9-1757313, built on 08/23/2016 06:50 GMT
11:44:56.299 [worker-akka.actor.default-dispatcher-2] INFO  o.a.z.ZooKeeper  - Client environment:host.name=ip-172-31-42-36.us-east-2.compute.internal
11:44:56.300 [worker-akka.actor.default-dispatcher-2] INFO  o.a.z.ZooKeeper  - Client environment:java.version=1.8.0_151
11:44:56.300 [worker-akka.actor.default-dispatcher-2] INFO  o.a.z.ZooKeeper  - Client environment:java.vendor=Oracle Corporation
11:44:56.300 [worker-akka.actor.default-dispatcher-2] INFO  o.a.z.ZooKeeper  - Client environment:java.home=/usr/lib/jvm/java-8-openjdk-amd64/jre
11:44:56.300 [worker-akka.actor.default-dispatcher-2] INFO  o.a.z.ZooKeeper  - Client environment:java.class.path=lib/commons-cli-1.4.jar:lib/minlog-1.3.0.jar:lib/asm-5.0.4.jar:lib/hadoop-annotations-2.7.3.jar:lib/hadoop-auth-2.7.3.jar:lib/akka-slf4j_2.11-2.5.6.jar:lib/jersey-core-1.9.jar:lib/lz4-1.3.0.jar:lib/jackson-core-asl-1.9.13.jar:lib/aeron-client-1.3.0.jar:lib/htrace-core-3.1.0-incubating.jar:lib/xz-1.0.jar:lib/commons-httpclient-3.1.jar:lib/asm-3.1.jar:lib/commons-lang3-3.4.jar:lib/scala-library-2.11.11.jar:lib/scala-java8-compat_2.11-0.7.0.jar:lib/commons-configuration-1.6.jar:lib/objenesis-2.1.jar:lib/jackson-annotations-2.8.0.jar:lib/jsr305-3.0.0.jar:lib/curator-framework-2.7.1.jar:lib/jersey-server-1.9.jar:lib/jets3t-0.9.0.jar:lib/leveldb-0.7.jar:lib/jetty-6.1.26.jar:lib/stax-api-1.0-2.jar:lib/flamestream-core-1.0-SNAPSHOT.jar:lib/reflectasm-1.07-shaded.jar:lib/apacheds-kerberos-codec-2.0.0-M15.jar:lib/api-asn1-api-1.0.0-M20.jar:lib/commons-lang-2.6.jar:lib/commons-beanutils-1.7.0.jar:lib/jackson-xc-1.8.3.jar:lib/jetty-util-6.1.26.jar:lib/logback-classic-1.2.3.jar:lib/jool-0.9.12.jar:lib/flamestream-runtime-1.0-SNAPSHOT-tests.jar:lib/httpcore-4.1.2.jar:lib/kryo-4.0.0.jar:lib/ant-1.8.1.jar:lib/jaxb-impl-2.2.3-1.jar:lib/jersey-json-1.9.jar:lib/commons-compress-1.4.1.jar:lib/leveldbjni-all-1.8.jar:lib/paranamer-2.3.jar:lib/jackson-core-2.8.4.jar:lib/commons-math3-3.6.1.jar:lib/scala-parser-combinators_2.11-1.0.4.jar:lib/netty-3.10.6.Final.jar:lib/trove4j-3.0.3.jar:lib/jaxb-api-2.2.2.jar:lib/logback-core-1.2.3.jar:lib/snappy-java-1.0.4.1.jar:lib/protobuf-java-2.5.0.jar:lib/reactive-streams-1.0.1.jar:lib/flamestream-examples-1.0-SNAPSHOT.jar:lib/commons-codec-1.4.jar:lib/activation-1.1.jar:lib/commons-net-3.1.jar:lib/curator-recipes-2.7.1.jar:lib/jackson-mapper-asl-1.9.13.jar:lib/jackson-databind-2.8.4.jar:lib/flamestream-runtime-1.0-SNAPSHOT.jar:lib/jackson-jaxrs-1.8.3.jar:lib/slf4j-api-1.7.24.jar:lib/akka-remote_2.11-2.5.6.jar:lib/akka-testkit_2.11-2.5.6.jar:lib/jline-0.9.94.jar:lib/akka-stream_2.11-2.5.6.jar:lib/jsp-api-2.1.jar:lib/kryonet-2.21.jar:lib/akka-kryo-serialization_2.11-0.5.0.jar:lib/config-1.3.1.jar:lib/ant-launcher-1.8.1.jar:lib/commons-logging-1.2.jar:lib/ssl-config-core_2.11-0.2.2.jar:lib/testng-6.10.jar:lib/leveldb-api-0.7.jar:lib/reflectasm-1.11.3.jar:lib/jcommander-1.48.jar:lib/commons-1.1.jar:lib/commons-digester-1.8.jar:lib/minlog-1.2.jar:lib/java-xmlbuilder-0.4.jar:lib/jettison-1.1.jar:lib/gson-2.2.4.jar:lib/jdk.tools-1.8.jar:lib/aeron-driver-1.3.0.jar:lib/zookeeper-3.4.9.jar:lib/commons-beanutils-core-1.8.0.jar:lib/commons-math3-3.1.1.jar:lib/akka-actor_2.11-2.5.6.jar:lib/curator-client-2.7.1.jar:lib/servlet-api-2.5.jar:lib/apacheds-i18n-2.0.0-M15.jar:lib/commons-io-2.4.jar:lib/commons-codec-1.6.jar:lib/akka-protobuf_2.11-2.5.6.jar:lib/protobuf-java-3.5.1.jar:lib/jdom-2.0.2.jar:lib/api-util-1.0.0-M20.jar:lib/hadoop-common-2.7.3.jar:lib/agrona-0.9.6.jar:lib/xmlenc-0.52.jar:lib/guava-21.0.jar:lib/commons-collections-3.2.2.jar:lib/avro-1.7.4.jar:lib/httpclient-4.1.2.jar:lib/flamestream-core-1.0-SNAPSHOT-tests.jar:lib/annotations-12.0.jar:lib/jsch-0.1.42.jar:flamestream-runtime-1.0-SNAPSHOT.jar
11:44:56.300 [worker-akka.actor.default-dispatcher-2] INFO  o.a.z.ZooKeeper  - Client environment:java.library.path=/usr/java/packages/lib/amd64:/usr/lib/x86_64-linux-gnu/jni:/lib/x86_64-linux-gnu:/usr/lib/x86_64-linux-gnu:/usr/lib/jni:/lib:/usr/lib
11:44:56.300 [worker-akka.actor.default-dispatcher-2] INFO  o.a.z.ZooKeeper  - Client environment:java.io.tmpdir=/tmp
11:44:56.300 [worker-akka.actor.default-dispatcher-2] INFO  o.a.z.ZooKeeper  - Client environment:java.compiler=<NA>
11:44:56.300 [worker-akka.actor.default-dispatcher-2] INFO  o.a.z.ZooKeeper  - Client environment:os.name=Linux
11:44:56.300 [worker-akka.actor.default-dispatcher-2] INFO  o.a.z.ZooKeeper  - Client environment:os.arch=amd64
11:44:56.300 [worker-akka.actor.default-dispatcher-2] INFO  o.a.z.ZooKeeper  - Client environment:os.version=4.4.0-1049-aws
11:44:56.300 [worker-akka.actor.default-dispatcher-2] INFO  o.a.z.ZooKeeper  - Client environment:user.name=root
11:44:56.302 [worker-akka.actor.default-dispatcher-2] INFO  o.a.z.ZooKeeper  - Client environment:user.home=/root
11:44:56.302 [worker-akka.actor.default-dispatcher-2] INFO  o.a.z.ZooKeeper  - Client environment:user.dir=/opt/flamestream
11:44:56.305 [worker-akka.actor.default-dispatcher-2] INFO  o.a.z.ZooKeeper  - Initiating client connection, connectString=172.31.34.147:2181 sessionTimeout=5000 watcher=com.spbsu.flamestream.runtime.application.LifecycleWatcher$$Lambda$29/764839090@3d5d5f13
11:44:56.341 [worker-akka.actor.default-dispatcher-2] INFO  a.a.RepointableActorRef akka://worker/user/watcher - Starting...
11:44:56.342 [worker-akka.actor.default-dispatcher-2-SendThread(172.31.34.147:2181)] INFO  o.a.z.ClientCnxn  - Opening socket connection to server 172.31.34.147/172.31.34.147:2181. Will not attempt to authenticate using SASL (unknown error)
11:44:56.347 [worker-akka.actor.default-dispatcher-2-SendThread(172.31.34.147:2181)] INFO  o.a.z.ClientCnxn  - Socket connection established to 172.31.34.147/172.31.34.147:2181, initiating session
11:44:56.360 [worker-akka.actor.default-dispatcher-2-SendThread(172.31.34.147:2181)] INFO  o.a.z.ClientCnxn  - Session establishment complete on server 172.31.34.147/172.31.34.147:2181, sessionid = 0x161b82d7c4f0003, negotiated timeout = 6000
11:44:56.443 [worker-akka.actor.default-dispatcher-2] INFO  a.a.RepointableActorRef akka://worker/user/watcher - Connected to ZK
11:45:06.120 [worker-akka.actor.default-dispatcher-2] INFO  a.a.RepointableActorRef akka://worker/user/watcher - Creating node with watchGraphs: 'com.spbsu.flamestream.core.Graph$Builder$MyGraph@1b645720', config: 'ClusterConfig{paths={172.31.33.155=akka://worker@172.31.33.155:5412/user/watcher/graph0000000000, 172.31.47.83=akka://worker@172.31.47.83:5412/user/watcher/graph0000000000, 172.31.45.197=akka://worker@172.31.45.197:5412/user/watcher/graph0000000000, 172.31.42.36=akka://worker@172.31.42.36:5412/user/watcher/graph0000000000, 172.31.44.83=akka://worker@172.31.44.83:5412/user/watcher/graph0000000000, 172.31.39.64=akka://worker@172.31.39.64:5412/user/watcher/graph0000000000, 172.31.35.79=akka://worker@172.31.35.79:5412/user/watcher/graph0000000000, 172.31.34.169=akka://worker@172.31.34.169:5412/user/watcher/graph0000000000, 172.31.47.100=akka://worker@172.31.47.100:5412/user/watcher/graph0000000000, 172.31.37.101=akka://worker@172.31.37.101:5412/user/watcher/graph0000000000}, ackerLocation='172.31.35.79', props=ComputationLayout{ranges={172.31.33.155=HashRange{from=-1670265060, to=-1193046472}, 172.31.47.83=HashRange{from=1670265056, to=2147483644}, 172.31.45.197=HashRange{from=-715827884, to=-238609296}, 172.31.42.36=HashRange{from=1193046468, to=1670265056}, 172.31.44.83=HashRange{from=-238609296, to=238609292}, 172.31.39.64=HashRange{from=715827880, to=1193046468}, 172.31.35.79=HashRange{from=0, to=0}, 172.31.34.169=HashRange{from=-2147483648, to=-1670265060}, 172.31.47.100=HashRange{from=238609292, to=715827880}, 172.31.37.101=HashRange{from=-1193046472, to=-715827884}}}}'
11:45:07.034 [worker-akka.actor.default-dispatcher-2] INFO  a.a.LocalActorRef akka://worker/user/watcher/graph0000000000/graph - Starting...
11:45:07.036 [worker-akka.actor.default-dispatcher-2] INFO  a.a.LocalActorRef akka://worker/user/watcher/graph0000000000/graph/local-acker/$a - Starting...
11:45:07.038 [worker-akka.actor.default-dispatcher-2] INFO  a.a.LocalActorRef akka://worker/user/watcher/graph0000000000/graph/local-acker - Starting...
Warning: space is running low in /dev/shm (tmpfs) threshold=167,772,160 usable=158,621,696
Warning: space is running low in /dev/shm (tmpfs) threshold=167,772,160 usable=146,034,688
Warning: space is running low in /dev/shm (tmpfs) threshold=167,772,160 usable=133,447,680
Warning: space is running low in /dev/shm (tmpfs) threshold=167,772,160 usable=120,860,672
Warning: space is running low in /dev/shm (tmpfs) threshold=167,772,160 usable=108,273,664
Warning: space is running low in /dev/shm (tmpfs) threshold=167,772,160 usable=95,686,656
Warning: space is running low in /dev/shm (tmpfs) threshold=167,772,160 usable=83,099,648
Warning: space is running low in /dev/shm (tmpfs) threshold=167,772,160 usable=70,512,640
11:45:08.692 [worker-akka.actor.default-dispatcher-2] INFO  a.a.LocalActorRef akka://worker/user/watcher/graph0000000000/graph - Finishing constructor
11:45:08.693 [worker-akka.actor.default-dispatcher-2] INFO  a.a.LocalActorRef akka://worker/user/watcher/graph0000000000 - Starting...
11:45:08.694 [worker-akka.actor.default-dispatcher-2] INFO  a.a.LocalActorRef akka://worker/user/watcher/graph0000000000/negotiator - Starting...
11:45:08.757 [worker-akka.actor.default-dispatcher-2] INFO  a.a.LocalActorRef akka://worker/user/watcher/graph0000000000/edge - Starting...
11:45:08.758 [worker-akka.actor.default-dispatcher-2] INFO  a.a.LocalActorRef akka://worker/user/watcher/graph0000000000/graph/$a - Starting...
11:45:08.759 [worker-akka.actor.default-dispatcher-2] INFO  a.a.LocalActorRef akka://worker/user/watcher/graph0000000000/graph/$b - Starting...
11:45:08.760 [worker-akka.actor.default-dispatcher-2] INFO  a.a.LocalActorRef akka://worker/user/watcher/graph0000000000/graph/$c - Starting...
11:45:08.786 [worker-akka.actor.default-dispatcher-2] INFO  c.s.f.r.e.s.SocketRear  - FlameSocketGraphDeployerRear@172.31.42.36: connecting to 172.31.34.147:5678
11:45:08.793 [worker-akka.actor.default-dispatcher-2] INFO  c.s.f.r.e.s.SocketRear  - FlameSocketGraphDeployerRear@172.31.42.36: connected to 172.31.34.147:5678
11:45:08.829 [worker-akka.actor.default-dispatcher-2] INFO  a.a.LocalActorRef akka://worker/user/watcher/graph0000000000/edge/FlameSocketGraphDeployerRear - Starting...
11:45:08.830 [worker-akka.actor.default-dispatcher-2] INFO  a.a.LocalActorRef akka://worker/user/watcher/graph0000000000/edge/FlameSocketGraphDeployerFront - Starting...
11:45:08.831 [worker-akka.actor.default-dispatcher-2] INFO  a.a.LocalActorRef akka://worker/user/watcher/graph0000000000/negotiator - Requesting ticket for the frontClass FlameSocketGraphDeployerFront@172.31.42.36
11:45:08.836 [worker-akka.actor.default-dispatcher-2] INFO  a.a.LocalActorRef akka://worker/user/watcher/graph0000000000/negotiator - Ticket for the frontClass received: FrontTicket{allowedTimestamp=(1519213506133, FlameSocketGraphDeployerFront@172.31.42.36)}
11:45:08.837 [worker-akka.actor.default-dispatcher-2] INFO  c.s.f.r.e.s.SocketFront  - FlameSocketGraphDeployerFront@172.31.42.36: connecting to 172.31.34.147:4567
11:45:08.860 [Client] INFO  c.s.f.r.e.s.SocketFront  - FlameSocketGraphDeployerFront@172.31.42.36 has been disconnected from Connection 6
2018-02-21T11:45:12.458+0000: 19.252: [GC (Allocation Failure) 2018-02-21T11:45:12.460+0000: 19.252: [DefNew: 136576K->17023K(153600K), 0.0353615 secs] 151987K->53818K(494976K), 0.0369743 secs] [Times: user=0.01 sys=0.01, real=0.03 secs] 
2018-02-21T11:45:29.466+0000: 36.258: [GC (Allocation Failure) 2018-02-21T11:45:29.466+0000: 36.258: [DefNew: 153599K->3545K(153600K), 0.0181597 secs] 190394K->51150K(494976K), 0.0182258 secs] [Times: user=0.02 sys=0.01, real=0.01 secs] 
2018-02-21T11:45:47.537+0000: 54.329: [GC (Allocation Failure) 2018-02-21T11:45:47.537+0000: 54.329: [DefNew: 140121K->5456K(153600K), 0.0118467 secs] 187726K->53061K(494976K), 0.0119138 secs] [Times: user=0.01 sys=0.00, real=0.02 secs] 
2018-02-21T11:46:05.939+0000: 72.731: [GC (Allocation Failure) 2018-02-21T11:46:05.939+0000: 72.731: [DefNew: 142032K->7441K(153600K), 0.0156965 secs] 189637K->55047K(494976K), 0.0157648 secs] [Times: user=0.01 sys=0.00, real=0.01 secs] 
2018-02-21T11:46:20.896+0000: 87.687: [GC (Allocation Failure) 2018-02-21T11:46:20.896+0000: 87.687: [DefNew: 144017K->8690K(153600K), 0.0148749 secs] 191623K->56296K(494976K), 0.0149424 secs] [Times: user=0.01 sys=0.00, real=0.02 secs] 
2018-02-21T11:46:36.994+0000: 103.786: [GC (Allocation Failure) 2018-02-21T11:46:36.994+0000: 103.786: [DefNew: 145266K->8675K(153600K), 0.0178545 secs] 192872K->57792K(494976K), 0.0179190 secs] [Times: user=0.02 sys=0.00, real=0.02 secs] 
2018-02-21T11:46:54.599+0000: 121.390: [GC (Allocation Failure) 2018-02-21T11:46:54.599+0000: 121.390: [DefNew: 145251K->8439K(153600K), 0.0158320 secs] 194368K->58788K(494976K), 0.0158981 secs] [Times: user=0.01 sys=0.00, real=0.01 secs] 
2018-02-21T11:47:16.186+0000: 142.978: [GC (Allocation Failure) 2018-02-21T11:47:16.186+0000: 142.978: [DefNew: 145015K->10058K(153600K), 0.0191360 secs] 195364K->60407K(494976K), 0.0192011 secs] [Times: user=0.02 sys=0.00, real=0.01 secs] 
2018-02-21T11:47:34.717+0000: 161.508: [GC (Allocation Failure) 2018-02-21T11:47:34.717+0000: 161.508: [DefNew: 146634K->8819K(153600K), 0.0180887 secs] 196983K->61482K(494976K), 0.0181622 secs] [Times: user=0.02 sys=0.00, real=0.02 secs] 
2018-02-21T11:47:51.300+0000: 178.091: [GC (Allocation Failure) 2018-02-21T11:47:51.300+0000: 178.092: [DefNew: 145395K->8723K(153600K), 0.0154160 secs] 198058K->62589K(494976K), 0.0154799 secs] [Times: user=0.02 sys=0.00, real=0.01 secs] 
2018-02-21T11:48:09.527+0000: 196.319: [GC (Allocation Failure) 2018-02-21T11:48:09.527+0000: 196.319: [DefNew: 145299K->8605K(153600K), 0.0153426 secs] 199165K->63538K(494976K), 0.0154042 secs] [Times: user=0.02 sys=0.00, real=0.01 secs] 
2018-02-21T11:48:30.134+0000: 216.926: [GC (Allocation Failure) 2018-02-21T11:48:30.134+0000: 216.926: [DefNew: 145181K->8618K(153600K), 0.0157706 secs] 200114K->65151K(494976K), 0.0158414 secs] [Times: user=0.01 sys=0.00, real=0.02 secs] 
2018-02-21T11:48:51.283+0000: 238.075: [GC (Allocation Failure) 2018-02-21T11:48:51.283+0000: 238.075: [DefNew: 145194K->8710K(153600K), 0.0166025 secs] 201727K->66356K(494976K), 0.0166842 secs] [Times: user=0.01 sys=0.00, real=0.02 secs] 
2018-02-21T11:49:07.306+0000: 254.098: [GC (Allocation Failure) 2018-02-21T11:49:07.306+0000: 254.098: [DefNew: 145286K->8662K(153600K), 0.0156104 secs] 202932K->67374K(494976K), 0.0156751 secs] [Times: user=0.02 sys=0.00, real=0.01 secs] 
2018-02-21T11:49:29.050+0000: 275.842: [GC (Allocation Failure) 2018-02-21T11:49:29.050+0000: 275.842: [DefNew: 145238K->9041K(153600K), 0.0171945 secs] 203950K->68668K(494976K), 0.0172696 secs] [Times: user=0.01 sys=0.01, real=0.02 secs] 
2018-02-21T11:49:46.233+0000: 293.025: [GC (Allocation Failure) 2018-02-21T11:49:46.233+0000: 293.025: [DefNew: 145617K->9070K(153600K), 0.0165507 secs] 205244K->69836K(494976K), 0.0166117 secs] [Times: user=0.02 sys=0.00, real=0.02 secs] 
2018-02-21T11:50:04.439+0000: 311.230: [GC (Allocation Failure) 2018-02-21T11:50:04.439+0000: 311.230: [DefNew: 145646K->9259K(153600K), 0.0175703 secs] 206412K->71171K(494976K), 0.0176530 secs] [Times: user=0.01 sys=0.01, real=0.01 secs] 
2018-02-21T11:50:25.432+0000: 332.224: [GC (Allocation Failure) 2018-02-21T11:50:25.432+0000: 332.224: [DefNew: 145835K->9888K(153600K), 0.0173841 secs] 207747K->72723K(494976K), 0.0174471 secs] [Times: user=0.02 sys=0.00, real=0.02 secs] 
2018-02-21T11:50:47.725+0000: 354.517: [GC (Allocation Failure) 2018-02-21T11:50:47.725+0000: 354.517: [DefNew: 146464K->8809K(153600K), 0.0197062 secs] 209299K->73945K(494976K), 0.0197688 secs] [Times: user=0.02 sys=0.00, real=0.02 secs] 
2018-02-21T11:51:05.184+0000: 371.976: [GC (Allocation Failure) 2018-02-21T11:51:05.184+0000: 371.976: [DefNew: 145385K->8722K(153600K), 0.0156214 secs] 210521K->75012K(494976K), 0.0156910 secs] [Times: user=0.02 sys=0.00, real=0.02 secs] 
2018-02-21T11:51:22.706+0000: 389.498: [GC (Allocation Failure) 2018-02-21T11:51:22.706+0000: 389.498: [DefNew: 145298K->8858K(153600K), 0.0175881 secs] 211588K->76564K(494976K), 0.0176530 secs] [Times: user=0.01 sys=0.00, real=0.01 secs] 
2018-02-21T11:51:36.530+0000: 403.322: [GC (Allocation Failure) 2018-02-21T11:51:36.530+0000: 403.322: [DefNew: 145434K->9047K(153600K), 0.0156085 secs] 213140K->77960K(494976K), 0.0156717 secs] [Times: user=0.00 sys=0.00, real=0.02 secs] 
2018-02-21T11:51:55.771+0000: 422.562: [GC (Allocation Failure) 2018-02-21T11:51:55.771+0000: 422.562: [DefNew: 145623K->10568K(153600K), 0.0166595 secs] 214536K->80603K(494976K), 0.0167322 secs] [Times: user=0.02 sys=0.00, real=0.02 secs] 
2018-02-21T11:52:13.226+0000: 440.018: [GC (Allocation Failure) 2018-02-21T11:52:13.226+0000: 440.018: [DefNew: 147144K->8985K(153600K), 0.0175993 secs] 217179K->81828K(494976K), 0.0176589 secs] [Times: user=0.00 sys=0.00, real=0.01 secs] 
2018-02-21T11:52:30.146+0000: 456.937: [GC (Allocation Failure) 2018-02-21T11:52:30.146+0000: 456.938: [DefNew: 145561K->8085K(153600K), 0.0162084 secs] 218404K->83298K(494976K), 0.0162839 secs] [Times: user=0.02 sys=0.00, real=0.01 secs] 
2018-02-21T11:52:48.245+0000: 475.036: [GC (Allocation Failure) 2018-02-21T11:52:48.245+0000: 475.036: [DefNew: 144661K->9610K(153600K), 0.0145372 secs] 219874K->84823K(494976K), 0.0145974 secs] [Times: user=0.01 sys=0.00, real=0.02 secs] 
2018-02-21T11:53:05.656+0000: 492.447: [GC (Allocation Failure) 2018-02-21T11:53:05.656+0000: 492.447: [DefNew: 146186K->9691K(153600K), 0.0172591 secs] 221399K->86240K(494976K), 0.0173300 secs] [Times: user=0.01 sys=0.00, real=0.02 secs] 
2018-02-21T11:53:22.514+0000: 509.306: [GC (Allocation Failure) 2018-02-21T11:53:22.515+0000: 509.306: [DefNew: 146267K->9728K(153600K), 0.0286481 secs] 222816K->87395K(494976K), 0.0287245 secs] [Times: user=0.00 sys=0.03, real=0.03 secs] 
2018-02-21T11:53:42.875+0000: 529.666: [GC (Allocation Failure) 2018-02-21T11:53:42.875+0000: 529.666: [DefNew: 146304K->10079K(153600K), 0.0165741 secs] 223971K->88864K(494976K), 0.0166330 secs] [Times: user=0.02 sys=0.01, real=0.02 secs] 
2018-02-21T11:53:57.934+0000: 544.726: [GC (Allocation Failure) 2018-02-21T11:53:57.934+0000: 544.726: [DefNew: 146655K->9138K(153600K), 0.0214706 secs] 225440K->90596K(494976K), 0.0215369 secs] [Times: user=0.00 sys=0.02, real=0.02 secs] 
2018-02-21T11:54:18.079+0000: 564.870: [GC (Allocation Failure) 2018-02-21T11:54:18.079+0000: 564.870: [DefNew: 145714K->9353K(153600K), 0.0165812 secs] 227172K->92254K(494976K), 0.0166515 secs] [Times: user=0.01 sys=0.00, real=0.01 secs] 
2018-02-21T11:54:34.504+0000: 581.296: [GC (Allocation Failure) 2018-02-21T11:54:34.504+0000: 581.296: [DefNew: 145929K->8999K(153600K), 0.0165119 secs] 228830K->93790K(494976K), 0.0165803 secs] [Times: user=0.01 sys=0.00, real=0.02 secs] 
2018-02-21T11:54:53.272+0000: 600.064: [GC (Allocation Failure) 2018-02-21T11:54:53.272+0000: 600.064: [DefNew: 145575K->9829K(153600K), 0.0178784 secs] 230366K->96111K(494976K), 0.0179393 secs] [Times: user=0.02 sys=0.00, real=0.02 secs] 
2018-02-21T11:55:08.910+0000: 615.702: [GC (Allocation Failure) 2018-02-21T11:55:08.911+0000: 615.702: [DefNew: 146405K->10008K(153600K), 0.0176295 secs] 232687K->97773K(494976K), 0.0177080 secs] [Times: user=0.02 sys=0.00, real=0.02 secs] 
2018-02-21T11:55:30.279+0000: 637.070: [GC (Allocation Failure) 2018-02-21T11:55:30.279+0000: 637.070: [DefNew: 146584K->9678K(153600K), 0.0169330 secs] 234349K->99143K(494976K), 0.0169949 secs] [Times: user=0.01 sys=0.00, real=0.01 secs] 
2018-02-21T11:55:45.426+0000: 652.218: [GC (Allocation Failure) 2018-02-21T11:55:45.426+0000: 652.218: [DefNew: 146254K->9799K(153600K), 0.0165505 secs] 235719K->100755K(494976K), 0.0166158 secs] [Times: user=0.01 sys=0.00, real=0.01 secs] 
2018-02-21T11:56:03.213+0000: 670.005: [GC (Allocation Failure) 2018-02-21T11:56:03.213+0000: 670.005: [DefNew: 146375K->9297K(153600K), 0.0160232 secs] 237331K->101735K(494976K), 0.0160894 secs] [Times: user=0.01 sys=0.00, real=0.02 secs] 
2018-02-21T11:56:22.989+0000: 689.780: [GC (Allocation Failure) 2018-02-21T11:56:22.989+0000: 689.780: [DefNew: 145873K->10093K(153600K), 0.0170273 secs] 238311K->103950K(494976K), 0.0170937 secs] [Times: user=0.02 sys=0.00, real=0.02 secs] 
2018-02-21T11:56:37.761+0000: 704.553: [GC (Allocation Failure) 2018-02-21T11:56:37.761+0000: 704.553: [DefNew: 146669K->10509K(153600K), 0.0167075 secs] 240526K->105655K(494976K), 0.0167864 secs] [Times: user=0.02 sys=0.00, real=0.02 secs] 
2018-02-21T11:56:55.996+0000: 722.788: [GC (Allocation Failure) 2018-02-21T11:56:55.996+0000: 722.788: [DefNew: 147085K->10251K(153600K), 0.0171513 secs] 242231K->106945K(494976K), 0.0172136 secs] [Times: user=0.02 sys=0.00, real=0.02 secs] 
11:57:10.028 [Client] INFO  c.s.f.r.e.s.SocketRear  - FlameSocketGraphDeployerRear@172.31.42.36: has been disconnected from Connection 6
11:57:23.015 [worker-akka.actor.default-dispatcher-2] INFO  a.a.CoordinatedShutdown CoordinatedShutdown(akka://worker) - Starting coordinated shutdown from JVM shutdown hook
11:57:23.072 [worker-akka.actor.default-dispatcher-2] INFO  a.a.LocalActorRef akka://worker/user/watcher/graph0000000000/negotiator - Stopped
11:57:23.072 [worker-akka.actor.default-dispatcher-2] INFO  a.a.LocalActorRef akka://worker/user/watcher/graph0000000000/edge/FlameSocketGraphDeployerFront - Stopped
11:57:23.072 [worker-akka.actor.default-dispatcher-2] INFO  a.a.LocalActorRef akka://worker/user/watcher/graph0000000000/edge/FlameSocketGraphDeployerRear - Stopped
11:57:23.072 [worker-akka.actor.default-dispatcher-2] INFO  a.a.LocalActorRef akka://worker/user/watcher/graph0000000000/graph/$a - Stopped
11:57:23.073 [worker-akka.actor.default-dispatcher-2] INFO  a.a.LocalActorRef akka://worker/user/watcher/graph0000000000/graph/$b - Stopped
11:57:23.077 [worker-akka.actor.default-dispatcher-2] INFO  a.a.LocalActorRef akka://worker/user/watcher/graph0000000000/graph/$c - Stopped
11:57:23.078 [worker-akka.actor.default-dispatcher-2] INFO  a.a.LocalActorRef akka://worker/user/watcher/graph0000000000/graph/local-acker/$a - Stopped
11:57:23.083 [worker-akka.actor.default-dispatcher-2] INFO  a.a.LocalActorRef akka://worker/user/watcher/graph0000000000/edge - Stopped
11:57:23.084 [worker-akka.actor.default-dispatcher-2] INFO  a.a.LocalActorRef akka://worker/user/watcher/graph0000000000/graph/local-acker/$a - Message [com.spbsu.flamestream.runtime.utils.akka.PingActor$InnerPing] from Actor[akka://worker/user/watcher/graph0000000000/graph/local-acker/$a#1668709351] to Actor[akka://worker/user/watcher/graph0000000000/graph/local-acker/$a#1668709351] was not delivered. [1] dead letters encountered. This logging can be turned off or adjusted with configuration settings 'akka.log-dead-letters' and 'akka.log-dead-letters-during-shutdown'.
11:57:23.084 [worker-akka.actor.default-dispatcher-2] INFO  a.a.LocalActorRef akka://worker/user/watcher/graph0000000000/graph/local-acker - Stopped
11:57:23.087 [worker-akka.actor.default-dispatcher-2] INFO  a.a.LocalActorRef akka://worker/user/watcher/graph0000000000/graph/local-acker/$a - Message [com.spbsu.flamestream.runtime.utils.akka.PingActor$Stop] from Actor[akka://worker/user/watcher/graph0000000000/graph/local-acker#1210549010] to Actor[akka://worker/user/watcher/graph0000000000/graph/local-acker/$a#1668709351] was not delivered. [2] dead letters encountered. This logging can be turned off or adjusted with configuration settings 'akka.log-dead-letters' and 'akka.log-dead-letters-during-shutdown'.
11:57:23.087 [worker-akka.actor.default-dispatcher-2] INFO  a.a.LocalActorRef akka://worker/user/watcher/graph0000000000/graph/local-acker - Message [com.spbsu.flamestream.runtime.acker.LocalAcker$Flush] from Actor[akka://worker/user/watcher/graph0000000000/graph/local-acker#1210549010] to Actor[akka://worker/user/watcher/graph0000000000/graph/local-acker#1210549010] was not delivered. [3] dead letters encountered. This logging can be turned off or adjusted with configuration settings 'akka.log-dead-letters' and 'akka.log-dead-letters-during-shutdown'.
11:57:23.087 [worker-akka.actor.default-dispatcher-2] INFO  a.a.LocalActorRef akka://worker/user/watcher/graph0000000000/graph/local-acker - Message [com.spbsu.flamestream.runtime.acker.LocalAcker$Flush] from Actor[akka://worker/user/watcher/graph0000000000/graph/local-acker#1210549010] to Actor[akka://worker/user/watcher/graph0000000000/graph/local-acker#1210549010] was not delivered. [4] dead letters encountered. This logging can be turned off or adjusted with configuration settings 'akka.log-dead-letters' and 'akka.log-dead-letters-during-shutdown'.
11:57:23.088 [worker-akka.actor.default-dispatcher-2] INFO  a.a.LocalActorRef akka://worker/user/watcher/graph0000000000/graph/local-acker - Message [com.spbsu.flamestream.runtime.acker.LocalAcker$Flush] from Actor[akka://worker/user/watcher/graph0000000000/graph/local-acker#1210549010] to Actor[akka://worker/user/watcher/graph0000000000/graph/local-acker#1210549010] was not delivered. [5] dead letters encountered. This logging can be turned off or adjusted with configuration settings 'akka.log-dead-letters' and 'akka.log-dead-letters-during-shutdown'.
11:57:23.090 [worker-akka.actor.default-dispatcher-2] INFO  a.a.LocalActorRef akka://worker/user/watcher/graph0000000000/graph/local-acker - Message [com.spbsu.flamestream.runtime.acker.LocalAcker$Flush] from Actor[akka://worker/user/watcher/graph0000000000/graph/local-acker#1210549010] to Actor[akka://worker/user/watcher/graph0000000000/graph/local-acker#1210549010] was not delivered. [6] dead letters encountered. This logging can be turned off or adjusted with configuration settings 'akka.log-dead-letters' and 'akka.log-dead-letters-during-shutdown'.
11:57:23.091 [worker-akka.actor.default-dispatcher-2] INFO  a.a.LocalActorRef akka://worker/user/watcher/graph0000000000/graph/local-acker - Message [com.spbsu.flamestream.runtime.acker.LocalAcker$Flush] from Actor[akka://worker/user/watcher/graph0000000000/graph/local-acker#1210549010] to Actor[akka://worker/user/watcher/graph0000000000/graph/local-acker#1210549010] was not delivered. [7] dead letters encountered. This logging can be turned off or adjusted with configuration settings 'akka.log-dead-letters' and 'akka.log-dead-letters-during-shutdown'.
11:57:23.092 [worker-akka.actor.default-dispatcher-2] INFO  a.a.LocalActorRef akka://worker/user/watcher/graph0000000000/graph/local-acker - Message [com.spbsu.flamestream.runtime.acker.LocalAcker$Flush] from Actor[akka://worker/user/watcher/graph0000000000/graph/local-acker#1210549010] to Actor[akka://worker/user/watcher/graph0000000000/graph/local-acker#1210549010] was not delivered. [8] dead letters encountered. This logging can be turned off or adjusted with configuration settings 'akka.log-dead-letters' and 'akka.log-dead-letters-during-shutdown'.
11:57:23.093 [worker-akka.actor.default-dispatcher-2] INFO  a.a.LocalActorRef akka://worker/user/watcher/graph0000000000/graph/local-acker - Message [com.spbsu.flamestream.runtime.acker.LocalAcker$Flush] from Actor[akka://worker/user/watcher/graph0000000000/graph/local-acker#1210549010] to Actor[akka://worker/user/watcher/graph0000000000/graph/local-acker#1210549010] was not delivered. [9] dead letters encountered. This logging can be turned off or adjusted with configuration settings 'akka.log-dead-letters' and 'akka.log-dead-letters-during-shutdown'.
11:57:23.094 [worker-akka.actor.default-dispatcher-2] INFO  a.a.LocalActorRef akka://worker/user/watcher/graph0000000000/graph/local-acker - Message [com.spbsu.flamestream.runtime.acker.LocalAcker$Flush] from Actor[akka://worker/user/watcher/graph0000000000/graph/local-acker#1210549010] to Actor[akka://worker/user/watcher/graph0000000000/graph/local-acker#1210549010] was not delivered. [10] dead letters encountered. This logging can be turned off or adjusted with configuration settings 'akka.log-dead-letters' and 'akka.log-dead-letters-during-shutdown'.
11:57:23.094 [worker-akka.actor.default-dispatcher-2] INFO  a.a.LocalActorRef akka://worker/user/watcher/graph0000000000/graph/local-acker - Message [com.spbsu.flamestream.runtime.acker.LocalAcker$Flush] from Actor[akka://worker/user/watcher/graph0000000000/graph/local-acker#1210549010] to Actor[akka://worker/user/watcher/graph0000000000/graph/local-acker#1210549010] was not delivered. [11] dead letters encountered. This logging can be turned off or adjusted with configuration settings 'akka.log-dead-letters' and 'akka.log-dead-letters-during-shutdown'.
11:57:23.097 [worker-akka.actor.default-dispatcher-2-EventThread] INFO  o.a.z.ClientCnxn  - EventThread shut down for session: 0x161b82d7c4f0003
11:57:23.097 [worker-akka.actor.default-dispatcher-2] INFO  o.a.z.ZooKeeper  - Session: 0x161b82d7c4f0003 closed
11:57:23.097 [worker-akka.actor.default-dispatcher-2] INFO  a.a.LocalActorRef akka://worker/user/watcher/graph0000000000/graph - Stopped
11:57:23.098 [worker-akka.actor.default-dispatcher-2] INFO  a.a.LocalActorRef akka://worker/user/watcher/graph0000000000 - Stopped
11:57:23.099 [worker-akka.actor.default-dispatcher-2] INFO  a.a.RepointableActorRef akka://worker/user/watcher - Stopped
11:57:23.111 [worker-akka.actor.default-dispatcher-2] INFO  a.r.RemoteActorRefProvider$RemotingTerminator akka://worker@172.31.42.36:5412/system/remoting-terminator - Shutting down remote daemon.
11:57:23.114 [worker-akka.actor.default-dispatcher-2] INFO  a.r.RemoteActorRefProvider$RemotingTerminator akka://worker@172.31.42.36:5412/system/remoting-terminator - Remote daemon shut down; proceeding with flushing remote transports.
11:57:23.252 [worker-akka.actor.default-dispatcher-2] INFO  a.r.RemoteActorRefProvider$RemotingTerminator akka://worker@172.31.42.36:5412/system/remoting-terminator - Remoting shut down.
Attempts of event 'sink-receive' - 581908
Attempts of event 'sink-send' - 573224
Heap
 def new generation   total 153600K, used 134304K [0x00000000e0c00000, 0x00000000eb2a0000, 0x00000000eb2a0000)
  eden space 136576K,  90% used [0x00000000e0c00000, 0x00000000e8525280, 0x00000000e9160000)
  from space 17024K,  60% used [0x00000000e9160000, 0x00000000e9b62dd8, 0x00000000ea200000)
  to   space 17024K,   0% used [0x00000000ea200000, 0x00000000ea200000, 0x00000000eb2a0000)
 tenured generation   total 341376K, used 96694K [0x00000000eb2a0000, 0x0000000100000000, 0x0000000100000000)
   the space 341376K,  28% used [0x00000000eb2a0000, 0x00000000f110d970, 0x00000000f110da00, 0x0000000100000000)
 Metaspace       used 33457K, capacity 34234K, committed 34432K, reserved 1079296K
  class space    used 4451K, capacity 4624K, committed 4736K, reserved 1048576K
