15:07:28,237 |-INFO in ch.qos.logback.classic.LoggerContext[default] - Could NOT find resource [logback-test.xml]
15:07:28,238 |-INFO in ch.qos.logback.classic.LoggerContext[default] - Could NOT find resource [logback.groovy]
15:07:28,238 |-INFO in ch.qos.logback.classic.LoggerContext[default] - Found resource [logback.xml] at [jar:file:/opt/flamestream/lib/flamestream-runtime-1.0-SNAPSHOT.jar!/logback.xml]
15:07:28,238 |-WARN in ch.qos.logback.classic.LoggerContext[default] - Resource [logback.xml] occurs multiple times on the classpath.
15:07:28,238 |-WARN in ch.qos.logback.classic.LoggerContext[default] - Resource [logback.xml] occurs at [jar:file:/opt/flamestream/flamestream-runtime-1.0-SNAPSHOT.jar!/logback.xml]
15:07:28,238 |-WARN in ch.qos.logback.classic.LoggerContext[default] - Resource [logback.xml] occurs at [jar:file:/opt/flamestream/lib/flamestream-runtime-1.0-SNAPSHOT.jar!/logback.xml]
15:07:28,260 |-INFO in ch.qos.logback.core.joran.spi.ConfigurationWatchList@69b794e2 - URL [jar:file:/opt/flamestream/lib/flamestream-runtime-1.0-SNAPSHOT.jar!/logback.xml] is not of type file
15:07:28,340 |-INFO in ch.qos.logback.classic.joran.action.ConfigurationAction - debug attribute not set
15:07:28,341 |-INFO in ch.qos.logback.core.joran.action.AppenderAction - About to instantiate appender of type [ch.qos.logback.core.ConsoleAppender]
15:07:28,347 |-INFO in ch.qos.logback.core.joran.action.AppenderAction - Naming appender as [STDOUT]
15:07:28,354 |-INFO in ch.qos.logback.core.joran.action.NestedComplexPropertyIA - Assuming default type [ch.qos.logback.classic.encoder.PatternLayoutEncoder] for [encoder] property
15:07:28,389 |-INFO in ch.qos.logback.core.joran.action.AppenderAction - About to instantiate appender of type [ch.qos.logback.core.rolling.RollingFileAppender]
15:07:28,397 |-INFO in ch.qos.logback.core.joran.action.AppenderAction - Naming appender as [FILE]
15:07:28,411 |-INFO in c.q.l.core.rolling.TimeBasedRollingPolicy@1059063940 - No compression will be used
15:07:28,412 |-INFO in c.q.l.core.rolling.TimeBasedRollingPolicy@1059063940 - Will use the pattern /tmp/application_%d{yyyy-MM-dd}.%i.log for the active file
15:07:28,416 |-INFO in ch.qos.logback.core.rolling.SizeAndTimeBasedFNATP@4d339552 - The date pattern is 'yyyy-MM-dd' from file name pattern '/tmp/application_%d{yyyy-MM-dd}.%i.log'.
15:07:28,416 |-INFO in ch.qos.logback.core.rolling.SizeAndTimeBasedFNATP@4d339552 - Roll-over at midnight.
15:07:28,421 |-INFO in ch.qos.logback.core.rolling.SizeAndTimeBasedFNATP@4d339552 - Setting initial period to Thu Mar 29 15:02:55 UTC 2018
15:07:28,421 |-WARN in ch.qos.logback.core.rolling.SizeAndTimeBasedFNATP@4d339552 - SizeAndTimeBasedFNATP is deprecated. Use SizeAndTimeBasedRollingPolicy instead
15:07:28,421 |-WARN in ch.qos.logback.core.rolling.SizeAndTimeBasedFNATP@4d339552 - For more information see http://logback.qos.ch/manual/appenders.html#SizeAndTimeBasedRollingPolicy
15:07:28,426 |-INFO in ch.qos.logback.core.joran.action.NestedComplexPropertyIA - Assuming default type [ch.qos.logback.classic.encoder.PatternLayoutEncoder] for [encoder] property
15:07:28,430 |-INFO in ch.qos.logback.core.rolling.RollingFileAppender[FILE] - Active log file name: /tmp/application.log
15:07:28,430 |-INFO in ch.qos.logback.core.rolling.RollingFileAppender[FILE] - File property is set to [/tmp/application.log]
15:07:28,431 |-INFO in ch.qos.logback.classic.joran.action.RootLoggerAction - Setting level of ROOT logger to INFO
15:07:28,431 |-INFO in ch.qos.logback.core.joran.action.AppenderRefAction - Attaching appender named [STDOUT] to Logger[ROOT]
15:07:28,432 |-INFO in ch.qos.logback.core.joran.action.AppenderRefAction - Attaching appender named [FILE] to Logger[ROOT]
15:07:28,432 |-INFO in ch.qos.logback.classic.joran.action.ConfigurationAction - End of configuration.
15:07:28,432 |-INFO in ch.qos.logback.classic.joran.JoranConfigurator@f0f2775 - Registering current configuration as safe fallback point

15:07:28.436 [main] INFO  c.s.f.r.a.WorkerApplication  - Starting worker with id: '10.0.0.39', host: '10.0.0.39:5412', zkString: '10.0.0.14:2181'
15:07:29.306 [worker-akka.actor.default-dispatcher-2] INFO  a.e.s.Slf4jLogger  - Slf4jLogger started
2018-03-29T15:07:29.448+0000: 1.795: [Full GC (Metadata GC Threshold) 2018-03-29T15:07:29.448+0000: 1.795: [Tenured: 0K->15842K(341376K), 0.0386351 secs] 131339K->15842K(494976K), [Metaspace: 20936K->20936K(1067008K)], 0.0386996 secs] [Times: user=0.03 sys=0.00, real=0.04 secs] 
Ama winner
Ama winner
15:07:29.849 [worker-akka.actor.default-dispatcher-2] INFO  a.r.a.ArteryTransport(akka://worker) akka.remote.artery.ArteryTransport(akka://worker) - Started embedded media driver in directory [/dev/shm/aeron-10.0.0.39]
15:07:30.025 [worker-akka.actor.default-dispatcher-2] INFO  a.r.a.ArteryTransport(akka://worker) akka.remote.artery.ArteryTransport(akka://worker) - Remoting started; listening on address: [akka://worker@10.0.0.39:5412] with UID [-9011400291825636630]
15:07:30.083 [worker-akka.actor.default-dispatcher-6] INFO  a.a.RepointableActorRef akka://worker/user/watcher - Starting...
15:07:30.143 [worker-akka.actor.default-dispatcher-2] INFO  o.a.z.ZooKeeper  - Client environment:zookeeper.version=3.4.9-1757313, built on 08/23/2016 06:50 GMT
15:07:30.145 [worker-akka.actor.default-dispatcher-2] INFO  o.a.z.ZooKeeper  - Client environment:host.name=localhost
15:07:30.145 [worker-akka.actor.default-dispatcher-2] INFO  o.a.z.ZooKeeper  - Client environment:java.version=1.8.0_151
15:07:30.145 [worker-akka.actor.default-dispatcher-2] INFO  o.a.z.ZooKeeper  - Client environment:java.vendor=Oracle Corporation
15:07:30.145 [worker-akka.actor.default-dispatcher-2] INFO  o.a.z.ZooKeeper  - Client environment:java.home=/usr/lib/jvm/java-8-openjdk-amd64/jre
15:07:30.145 [worker-akka.actor.default-dispatcher-2] INFO  o.a.z.ZooKeeper  - Client environment:java.class.path=lib/commons-cli-1.4.jar:lib/minlog-1.3.0.jar:lib/asm-5.0.4.jar:lib/hadoop-annotations-2.7.3.jar:lib/hadoop-auth-2.7.3.jar:lib/akka-slf4j_2.11-2.5.6.jar:lib/jersey-core-1.9.jar:lib/lz4-1.3.0.jar:lib/jackson-core-asl-1.9.13.jar:lib/aeron-client-1.3.0.jar:lib/htrace-core-3.1.0-incubating.jar:lib/xz-1.0.jar:lib/commons-httpclient-3.1.jar:lib/asm-3.1.jar:lib/commons-lang3-3.4.jar:lib/scala-library-2.11.11.jar:lib/scala-java8-compat_2.11-0.7.0.jar:lib/commons-configuration-1.6.jar:lib/objenesis-2.1.jar:lib/jackson-annotations-2.8.0.jar:lib/jsr305-3.0.0.jar:lib/curator-framework-2.7.1.jar:lib/jersey-server-1.9.jar:lib/jets3t-0.9.0.jar:lib/leveldb-0.7.jar:lib/jetty-6.1.26.jar:lib/stax-api-1.0-2.jar:lib/flamestream-core-1.0-SNAPSHOT.jar:lib/reflectasm-1.07-shaded.jar:lib/apacheds-kerberos-codec-2.0.0-M15.jar:lib/api-asn1-api-1.0.0-M20.jar:lib/commons-lang-2.6.jar:lib/commons-beanutils-1.7.0.jar:lib/jackson-xc-1.8.3.jar:lib/jetty-util-6.1.26.jar:lib/logback-classic-1.2.3.jar:lib/jool-0.9.12.jar:lib/httpcore-4.1.2.jar:lib/kryo-4.0.0.jar:lib/ant-1.8.1.jar:lib/jaxb-impl-2.2.3-1.jar:lib/jersey-json-1.9.jar:lib/commons-compress-1.4.1.jar:lib/leveldbjni-all-1.8.jar:lib/paranamer-2.3.jar:lib/jackson-core-2.8.4.jar:lib/commons-math3-3.6.1.jar:lib/scala-parser-combinators_2.11-1.0.4.jar:lib/netty-3.10.6.Final.jar:lib/trove4j-3.0.3.jar:lib/jaxb-api-2.2.2.jar:lib/logback-core-1.2.3.jar:lib/snappy-java-1.0.4.1.jar:lib/protobuf-java-2.5.0.jar:lib/reactive-streams-1.0.1.jar:lib/flamestream-examples-1.0-SNAPSHOT.jar:lib/commons-codec-1.4.jar:lib/activation-1.1.jar:lib/commons-net-3.1.jar:lib/curator-recipes-2.7.1.jar:lib/jackson-mapper-asl-1.9.13.jar:lib/jackson-databind-2.8.4.jar:lib/flamestream-runtime-1.0-SNAPSHOT.jar:lib/jackson-jaxrs-1.8.3.jar:lib/slf4j-api-1.7.24.jar:lib/akka-remote_2.11-2.5.6.jar:lib/akka-testkit_2.11-2.5.6.jar:lib/jline-0.9.94.jar:lib/jedis-2.9.0.jar:lib/akka-stream_2.11-2.5.6.jar:lib/jsp-api-2.1.jar:lib/kryonet-2.21.jar:lib/akka-kryo-serialization_2.11-0.5.0.jar:lib/config-1.3.1.jar:lib/ant-launcher-1.8.1.jar:lib/commons-logging-1.2.jar:lib/ssl-config-core_2.11-0.2.2.jar:lib/testng-6.10.jar:lib/leveldb-api-0.7.jar:lib/reflectasm-1.11.3.jar:lib/jcommander-1.48.jar:lib/commons-1.1.jar:lib/commons-digester-1.8.jar:lib/minlog-1.2.jar:lib/java-xmlbuilder-0.4.jar:lib/jettison-1.1.jar:lib/gson-2.2.4.jar:lib/jdk.tools-1.8.jar:lib/aeron-driver-1.3.0.jar:lib/zookeeper-3.4.9.jar:lib/commons-beanutils-core-1.8.0.jar:lib/commons-math3-3.1.1.jar:lib/akka-actor_2.11-2.5.6.jar:lib/curator-client-2.7.1.jar:lib/servlet-api-2.5.jar:lib/commons-pool2-2.4.2.jar:lib/apacheds-i18n-2.0.0-M15.jar:lib/commons-io-2.4.jar:lib/commons-codec-1.6.jar:lib/akka-protobuf_2.11-2.5.6.jar:lib/jdom-2.0.2.jar:lib/rocksdbjni-5.5.1.jar:lib/api-util-1.0.0-M20.jar:lib/hadoop-common-2.7.3.jar:lib/agrona-0.9.6.jar:lib/xmlenc-0.52.jar:lib/guava-21.0.jar:lib/commons-collections-3.2.2.jar:lib/avro-1.7.4.jar:lib/httpclient-4.1.2.jar:lib/flamestream-core-1.0-SNAPSHOT-tests.jar:lib/annotations-12.0.jar:lib/jsch-0.1.42.jar:flamestream-runtime-1.0-SNAPSHOT.jar
15:07:30.145 [worker-akka.actor.default-dispatcher-2] INFO  o.a.z.ZooKeeper  - Client environment:java.library.path=/usr/java/packages/lib/amd64:/usr/lib/x86_64-linux-gnu/jni:/lib/x86_64-linux-gnu:/usr/lib/x86_64-linux-gnu:/usr/lib/jni:/lib:/usr/lib
15:07:30.146 [worker-akka.actor.default-dispatcher-2] INFO  o.a.z.ZooKeeper  - Client environment:java.io.tmpdir=/tmp
15:07:30.146 [worker-akka.actor.default-dispatcher-2] INFO  o.a.z.ZooKeeper  - Client environment:java.compiler=<NA>
15:07:30.146 [worker-akka.actor.default-dispatcher-2] INFO  o.a.z.ZooKeeper  - Client environment:os.name=Linux
15:07:30.146 [worker-akka.actor.default-dispatcher-2] INFO  o.a.z.ZooKeeper  - Client environment:os.arch=amd64
15:07:30.148 [worker-akka.actor.default-dispatcher-2] INFO  o.a.z.ZooKeeper  - Client environment:os.version=4.4.0-1049-aws
15:07:30.149 [worker-akka.actor.default-dispatcher-2] INFO  o.a.z.ZooKeeper  - Client environment:user.name=root
15:07:30.149 [worker-akka.actor.default-dispatcher-2] INFO  o.a.z.ZooKeeper  - Client environment:user.home=/root
15:07:30.149 [worker-akka.actor.default-dispatcher-2] INFO  o.a.z.ZooKeeper  - Client environment:user.dir=/opt/flamestream
15:07:30.152 [worker-akka.actor.default-dispatcher-2] INFO  o.a.z.ZooKeeper  - Initiating client connection, connectString=10.0.0.14:2181 sessionTimeout=5000 watcher=com.spbsu.flamestream.runtime.application.LifecycleWatcher$$Lambda$30/679119433@59ad2b85
15:07:30.189 [worker-akka.actor.default-dispatcher-2-SendThread(10.0.0.14:2181)] INFO  o.a.z.ClientCnxn  - Opening socket connection to server 10.0.0.14/10.0.0.14:2181. Will not attempt to authenticate using SASL (unknown error)
15:07:30.198 [worker-akka.actor.default-dispatcher-2-SendThread(10.0.0.14:2181)] INFO  o.a.z.ClientCnxn  - Socket connection established to 10.0.0.14/10.0.0.14:2181, initiating session
15:07:30.207 [worker-akka.actor.default-dispatcher-2-SendThread(10.0.0.14:2181)] INFO  o.a.z.ClientCnxn  - Session establishment complete on server 10.0.0.14/10.0.0.14:2181, sessionid = 0x162724b934d0004, negotiated timeout = 6000
15:07:30.218 [worker-akka.actor.default-dispatcher-6] INFO  a.a.RepointableActorRef akka://worker/user/watcher - Initializing rocksDB backend
15:07:30.388 [worker-akka.actor.default-dispatcher-6] INFO  a.a.RepointableActorRef akka://worker/user/watcher - Connected to ZK
15:07:40.622 [worker-akka.actor.default-dispatcher-6] INFO  a.a.RepointableActorRef akka://worker/user/watcher - Creating node with watchGraphs: 'com.spbsu.flamestream.core.Graph$Builder$MyGraph@57f7b845', config: 'ClusterConfig{paths={10.0.0.82=akka://worker@10.0.0.82:5412/user/watcher, 10.0.0.102=akka://worker@10.0.0.102:5412/user/watcher, 10.0.0.39=akka://worker@10.0.0.39:5412/user/watcher, 10.0.0.225=akka://worker@10.0.0.225:5412/user/watcher, 10.0.0.27=akka://worker@10.0.0.27:5412/user/watcher, 10.0.0.236=akka://worker@10.0.0.236:5412/user/watcher, 10.0.0.25=akka://worker@10.0.0.25:5412/user/watcher, 10.0.0.167=akka://worker@10.0.0.167:5412/user/watcher, 10.0.0.46=akka://worker@10.0.0.46:5412/user/watcher, 10.0.0.189=akka://worker@10.0.0.189:5412/user/watcher}, ackerLocation='10.0.0.46', props=ComputationLayout{hashGroups={10.0.0.82=com.spbsu.flamestream.runtime.config.HashGroup@1ffe1b9d, 10.0.0.102=com.spbsu.flamestream.runtime.config.HashGroup@5d5c21bc, 10.0.0.39=com.spbsu.flamestream.runtime.config.HashGroup@56dcaf5d, 10.0.0.225=com.spbsu.flamestream.runtime.config.HashGroup@c65a7748, 10.0.0.27=com.spbsu.flamestream.runtime.config.HashGroup@231425fe, 10.0.0.236=com.spbsu.flamestream.runtime.config.HashGroup@fbc82752, 10.0.0.25=com.spbsu.flamestream.runtime.config.HashGroup@ccbcd570, 10.0.0.167=com.spbsu.flamestream.runtime.config.HashGroup@4276a447, 10.0.0.46=com.spbsu.flamestream.runtime.config.HashGroup@c01f, 10.0.0.189=com.spbsu.flamestream.runtime.config.HashGroup@3fc198ed}}}'
15:07:41.511 [worker-akka.actor.default-dispatcher-2] INFO  a.a.LocalActorRef akka://worker/user/watcher/graph_at_0/graph - Starting...
15:07:41.518 [worker-akka.actor.default-dispatcher-4] INFO  a.a.LocalActorRef akka://worker/user/watcher/graph_at_0/graph/local-acker/$a - Starting...
15:07:41.527 [worker-akka.actor.default-dispatcher-2] INFO  a.a.LocalActorRef akka://worker/user/watcher/graph_at_0/graph/local-acker - Starting...
15:07:42.541 [worker-akka.actor.default-dispatcher-3] INFO  a.a.LocalActorRef akka://worker/user/watcher/graph_at_0/graph - Finishing constructor
15:07:42.543 [worker-akka.actor.default-dispatcher-4] INFO  a.a.LocalActorRef akka://worker/user/watcher/graph_at_0/edge - Starting...
15:07:42.546 [worker-akka.actor.default-dispatcher-4] INFO  a.a.LocalActorRef akka://worker/user/watcher/graph_at_0 - Starting FlameNode with config 'ClusterConfig{paths={10.0.0.82=akka://worker@10.0.0.82:5412/user/watcher/graph_at_0, 10.0.0.102=akka://worker@10.0.0.102:5412/user/watcher/graph_at_0, 10.0.0.39=akka://worker@10.0.0.39:5412/user/watcher/graph_at_0, 10.0.0.225=akka://worker@10.0.0.225:5412/user/watcher/graph_at_0, 10.0.0.27=akka://worker@10.0.0.27:5412/user/watcher/graph_at_0, 10.0.0.236=akka://worker@10.0.0.236:5412/user/watcher/graph_at_0, 10.0.0.25=akka://worker@10.0.0.25:5412/user/watcher/graph_at_0, 10.0.0.167=akka://worker@10.0.0.167:5412/user/watcher/graph_at_0, 10.0.0.46=akka://worker@10.0.0.46:5412/user/watcher/graph_at_0, 10.0.0.189=akka://worker@10.0.0.189:5412/user/watcher/graph_at_0}, ackerLocation='10.0.0.46', props=ComputationLayout{hashGroups={10.0.0.82=com.spbsu.flamestream.runtime.config.HashGroup@1ffe1b9d, 10.0.0.102=com.spbsu.flamestream.runtime.config.HashGroup@5d5c21bc, 10.0.0.39=com.spbsu.flamestream.runtime.config.HashGroup@56dcaf5d, 10.0.0.225=com.spbsu.flamestream.runtime.config.HashGroup@c65a7748, 10.0.0.27=com.spbsu.flamestream.runtime.config.HashGroup@231425fe, 10.0.0.236=com.spbsu.flamestream.runtime.config.HashGroup@fbc82752, 10.0.0.25=com.spbsu.flamestream.runtime.config.HashGroup@ccbcd570, 10.0.0.167=com.spbsu.flamestream.runtime.config.HashGroup@4276a447, 10.0.0.46=com.spbsu.flamestream.runtime.config.HashGroup@c01f, 10.0.0.189=com.spbsu.flamestream.runtime.config.HashGroup@3fc198ed}}}'
15:07:42.550 [worker-akka.actor.default-dispatcher-3] INFO  a.a.LocalActorRef akka://worker/user/watcher/graph_at_0/negotiator - Starting...
15:07:42.588 [worker-akka.actor.default-dispatcher-5] INFO  a.a.LocalActorRef akka://worker/user/watcher/graph_at_0/graph - Received last commit 'LastCommit{globalTime=(0000000, min@min)}'
15:07:42.593 [worker-akka.actor.default-dispatcher-3] INFO  a.a.LocalActorRef akka://worker/user/watcher/graph_at_0/negotiator - Requesting ticket for the frontClass FlameSocketGraphDeployerFront@10.0.0.39
15:07:42.626 [worker-akka.actor.default-dispatcher-6] INFO  c.s.f.r.e.s.SocketRear  - FlameSocketGraphDeployerRear@10.0.0.39: connecting to 10.0.0.14:5678
15:07:42.642 [worker-akka.actor.default-dispatcher-10] INFO  a.a.LocalActorRef akka://worker/user/watcher/graph_at_0/edge/FlameSocketGraphDeployerFront - Starting...
15:07:42.645 [worker-akka.actor.default-dispatcher-6] INFO  c.s.f.r.e.s.SocketRear  - FlameSocketGraphDeployerRear@10.0.0.39: connected to 10.0.0.14:5678
15:07:42.646 [worker-akka.actor.default-dispatcher-6] INFO  a.a.LocalActorRef akka://worker/user/watcher/graph_at_0/edge/FlameSocketGraphDeployerRear - Starting...
15:07:42.683 [worker-akka.actor.default-dispatcher-11] INFO  a.a.LocalActorRef akka://worker/user/watcher/graph_at_0/graph/$a - Starting...
15:07:42.701 [worker-akka.actor.default-dispatcher-11] INFO  a.a.LocalActorRef akka://worker/user/watcher/graph_at_0/graph/$b - Starting...
15:07:42.728 [worker-akka.actor.default-dispatcher-11] INFO  a.a.LocalActorRef akka://worker/user/watcher/graph_at_0/graph/$b - Attached rear to graph (-9223372036854775808, min@min)
15:07:42.732 [worker-akka.actor.default-dispatcher-11] INFO  a.a.LocalActorRef akka://worker/user/watcher/graph_at_0/graph/$c - Starting...
15:07:43.544 [worker-akka.actor.default-dispatcher-11] INFO  a.a.LocalActorRef akka://worker/user/watcher/graph_at_0/negotiator - Ticket for the frontClass received: FrontTicket{allowedTimestamp=(0000000, FlameSocketGraphDeployerFront@10.0.0.39)}
15:07:43.545 [worker-akka.actor.default-dispatcher-11] INFO  c.s.f.r.e.s.SocketFront  - FlameSocketGraphDeployerFront@10.0.0.39: connecting to 10.0.0.14:4567
15:07:43.555 [Client] INFO  c.s.f.r.e.s.SocketFront  - FlameSocketGraphDeployerFront@10.0.0.39 has been disconnected from Connection 3
2018-03-29T15:07:47.462+0000: 19.810: [GC (Allocation Failure) 2018-03-29T15:07:47.462+0000: 19.810: [DefNew: 136576K->15685K(153600K), 0.0249072 secs] 152418K->51059K(494976K), 0.0249746 secs] [Times: user=0.02 sys=0.00, real=0.02 secs] 
2018-03-29T15:07:55.494+0000: 27.841: [GC (Allocation Failure) 2018-03-29T15:07:55.494+0000: 27.841: [DefNew: 152261K->5970K(153600K), 0.0183162 secs] 187635K->49417K(494976K), 0.0183793 secs] [Times: user=0.01 sys=0.01, real=0.01 secs] 
2018-03-29T15:08:07.717+0000: 40.065: [GC (Allocation Failure) 2018-03-29T15:08:07.717+0000: 40.065: [DefNew: 142546K->10227K(153600K), 0.0139364 secs] 185993K->53673K(494976K), 0.0140048 secs] [Times: user=0.01 sys=0.00, real=0.01 secs] 
2018-03-29T15:08:16.585+0000: 48.932: [GC (Allocation Failure) 2018-03-29T15:08:16.585+0000: 48.933: [DefNew: 146803K->10738K(153600K), 0.0190217 secs] 190249K->56179K(494976K), 0.0190852 secs] [Times: user=0.01 sys=0.00, real=0.02 secs] 
2018-03-29T15:08:26.577+0000: 58.924: [GC (Allocation Failure) 2018-03-29T15:08:26.577+0000: 58.924: [DefNew: 147314K->6950K(153600K), 0.0175561 secs] 192755K->58139K(494976K), 0.0176207 secs] [Times: user=0.01 sys=0.01, real=0.02 secs] 
2018-03-29T15:08:34.518+0000: 66.866: [GC (Allocation Failure) 2018-03-29T15:08:34.519+0000: 66.866: [DefNew: 143526K->16533K(153600K), 0.0297735 secs] 194715K->67722K(494976K), 0.0298405 secs] [Times: user=0.03 sys=0.00, real=0.03 secs] 
2018-03-29T15:08:41.718+0000: 74.066: [GC (Allocation Failure) 2018-03-29T15:08:41.718+0000: 74.066: [DefNew: 153109K->6221K(153600K), 0.0227623 secs] 204298K->70634K(494976K), 0.0228341 secs] [Times: user=0.02 sys=0.00, real=0.03 secs] 
2018-03-29T15:08:51.087+0000: 83.434: [GC (Allocation Failure) 2018-03-29T15:08:51.087+0000: 83.434: [DefNew: 142797K->6741K(153600K), 0.0139438 secs] 207210K->71153K(494976K), 0.0140117 secs] [Times: user=0.02 sys=0.00, real=0.02 secs] 
2018-03-29T15:09:00.369+0000: 92.716: [GC (Allocation Failure) 2018-03-29T15:09:00.369+0000: 92.716: [DefNew: 143317K->8548K(153600K), 0.0148237 secs] 207729K->72960K(494976K), 0.0148935 secs] [Times: user=0.01 sys=0.00, real=0.02 secs] 
2018-03-29T15:09:09.028+0000: 101.376: [GC (Allocation Failure) 2018-03-29T15:09:09.029+0000: 101.376: [DefNew: 145124K->7450K(153600K), 0.0168097 secs] 209536K->73769K(494976K), 0.0168772 secs] [Times: user=0.02 sys=0.00, real=0.02 secs] 
2018-03-29T15:09:18.717+0000: 111.064: [GC (Allocation Failure) 2018-03-29T15:09:18.717+0000: 111.064: [DefNew: 144026K->9322K(153600K), 0.0156430 secs] 210345K->75640K(494976K), 0.0157116 secs] [Times: user=0.02 sys=0.00, real=0.01 secs] 
2018-03-29T15:09:27.192+0000: 119.540: [GC (Allocation Failure) 2018-03-29T15:09:27.192+0000: 119.540: [DefNew: 145898K->8559K(153600K), 0.0166344 secs] 212216K->76099K(494976K), 0.0167013 secs] [Times: user=0.01 sys=0.00, real=0.02 secs] 
2018-03-29T15:09:34.092+0000: 126.439: [GC (Allocation Failure) 2018-03-29T15:09:34.092+0000: 126.439: [DefNew: 145135K->17023K(153600K), 0.0353963 secs] 212675K->86045K(494976K), 0.0354638 secs] [Times: user=0.03 sys=0.00, real=0.04 secs] 
2018-03-29T15:09:41.497+0000: 133.844: [GC (Allocation Failure) 2018-03-29T15:09:41.497+0000: 133.844: [DefNew: 153599K->13000K(153600K), 0.0210623 secs] 222621K->95451K(494976K), 0.0211308 secs] [Times: user=0.02 sys=0.00, real=0.02 secs] 
2018-03-29T15:09:49.756+0000: 142.103: [GC (Allocation Failure) 2018-03-29T15:09:49.756+0000: 142.103: [DefNew: 146181K->6259K(153600K), 0.0173203 secs] 228632K->98559K(494976K), 0.0173982 secs] [Times: user=0.02 sys=0.00, real=0.02 secs] 
2018-03-29T15:09:58.702+0000: 151.050: [GC (Allocation Failure) 2018-03-29T15:09:58.702+0000: 151.050: [DefNew: 142835K->6067K(153600K), 0.0116833 secs] 235135K->98368K(494976K), 0.0117544 secs] [Times: user=0.01 sys=0.00, real=0.01 secs] 
2018-03-29T15:10:06.733+0000: 159.081: [GC (Allocation Failure) 2018-03-29T15:10:06.733+0000: 159.081: [DefNew: 142643K->8512K(153600K), 0.0155643 secs] 234944K->100813K(494976K), 0.0156445 secs] [Times: user=0.01 sys=0.00, real=0.01 secs] 
2018-03-29T15:10:14.569+0000: 166.916: [GC (Allocation Failure) 2018-03-29T15:10:14.569+0000: 166.916: [DefNew: 145088K->7712K(153600K), 0.0150600 secs] 237389K->101104K(494976K), 0.0151288 secs] [Times: user=0.02 sys=0.00, real=0.02 secs] 
2018-03-29T15:10:21.719+0000: 174.066: [GC (Allocation Failure) 2018-03-29T15:10:21.719+0000: 174.066: [DefNew: 144288K->9075K(153600K), 0.0147157 secs] 237680K->102467K(494976K), 0.0147959 secs] [Times: user=0.02 sys=0.00, real=0.02 secs] 
2018-03-29T15:10:28.727+0000: 181.074: [GC (Allocation Failure) 2018-03-29T15:10:28.727+0000: 181.074: [DefNew: 145651K->11146K(153600K), 0.0199544 secs] 239043K->105403K(494976K), 0.0200319 secs] [Times: user=0.02 sys=0.00, real=0.02 secs] 
2018-03-29T15:10:35.717+0000: 188.064: [GC (Allocation Failure) 2018-03-29T15:10:35.717+0000: 188.064: [DefNew: 147722K->7456K(153600K), 0.0178934 secs] 241979K->104990K(494976K), 0.0179764 secs] [Times: user=0.01 sys=0.01, real=0.02 secs] 
2018-03-29T15:10:42.760+0000: 195.108: [GC (Allocation Failure) 2018-03-29T15:10:42.761+0000: 195.108: [DefNew: 144032K->9492K(153600K), 0.0165197 secs] 241566K->107025K(494976K), 0.0165892 secs] [Times: user=0.02 sys=0.00, real=0.02 secs] 
2018-03-29T15:10:50.044+0000: 202.391: [GC (Allocation Failure) 2018-03-29T15:10:50.044+0000: 202.391: [DefNew: 146068K->7171K(153600K), 0.0145834 secs] 243601K->105896K(494976K), 0.0146575 secs] [Times: user=0.02 sys=0.00, real=0.01 secs] 
2018-03-29T15:10:57.720+0000: 210.068: [GC (Allocation Failure) 2018-03-29T15:10:57.720+0000: 210.068: [DefNew: 143747K->9584K(153600K), 0.0150331 secs] 242472K->108309K(494976K), 0.0151139 secs] [Times: user=0.02 sys=0.00, real=0.02 secs] 
2018-03-29T15:11:03.819+0000: 216.167: [GC (Allocation Failure) 2018-03-29T15:11:03.820+0000: 216.167: [DefNew: 143962K->10955K(153600K), 0.0353213 secs] 242687K->110647K(494976K), 0.0353928 secs] [Times: user=0.04 sys=0.00, real=0.04 secs] 
2018-03-29T15:11:09.642+0000: 221.989: [GC (Allocation Failure) 2018-03-29T15:11:09.642+0000: 221.989: [DefNew: 147531K->7508K(153600K), 0.0166207 secs] 247223K->110203K(494976K), 0.0167040 secs] [Times: user=0.01 sys=0.01, real=0.01 secs] 
2018-03-29T15:11:16.570+0000: 228.918: [GC (Allocation Failure) 2018-03-29T15:11:16.570+0000: 228.918: [DefNew: 144084K->8203K(153600K), 0.0128316 secs] 246779K->110898K(494976K), 0.0128983 secs] [Times: user=0.02 sys=0.00, real=0.02 secs] 
2018-03-29T15:11:22.739+0000: 235.086: [GC (Allocation Failure) 2018-03-29T15:11:22.739+0000: 235.086: [DefNew: 144779K->11715K(153600K), 0.0184343 secs] 247474K->114410K(494976K), 0.0185036 secs] [Times: user=0.02 sys=0.00, real=0.02 secs] 
2018-03-29T15:11:28.767+0000: 241.115: [GC (Allocation Failure) 2018-03-29T15:11:28.767+0000: 241.115: [DefNew: 141651K->8662K(153600K), 0.0198431 secs] 244346K->114695K(494976K), 0.0199154 secs] [Times: user=0.02 sys=0.00, real=0.02 secs] 
2018-03-29T15:11:35.722+0000: 248.069: [GC (Allocation Failure) 2018-03-29T15:11:35.722+0000: 248.069: [DefNew: 145238K->7665K(153600K), 0.0150815 secs] 251271K->115125K(494976K), 0.0151749 secs] [Times: user=0.02 sys=0.00, real=0.01 secs] 
2018-03-29T15:11:42.273+0000: 254.620: [GC (Allocation Failure) 2018-03-29T15:11:42.273+0000: 254.620: [DefNew: 144241K->7499K(153600K), 0.0113723 secs] 251701K->114959K(494976K), 0.0114431 secs] [Times: user=0.01 sys=0.00, real=0.01 secs] 
2018-03-29T15:11:48.947+0000: 261.294: [GC (Allocation Failure) 2018-03-29T15:11:48.947+0000: 261.294: [DefNew: 144075K->8593K(153600K), 0.0133182 secs] 251535K->116054K(494976K), 0.0133857 secs] [Times: user=0.01 sys=0.00, real=0.01 secs] 
2018-03-29T15:11:54.848+0000: 267.195: [GC (Allocation Failure) 2018-03-29T15:11:54.848+0000: 267.195: [DefNew: 145169K->8562K(153600K), 0.0150658 secs] 252630K->116819K(494976K), 0.0151345 secs] [Times: user=0.02 sys=0.00, real=0.02 secs] 
2018-03-29T15:12:00.786+0000: 273.133: [GC (Allocation Failure) 2018-03-29T15:12:00.786+0000: 273.133: [DefNew: 137979K->11264K(153600K), 0.0194997 secs] 246236K->120318K(494976K), 0.0195707 secs] [Times: user=0.02 sys=0.00, real=0.02 secs] 
2018-03-29T15:12:06.731+0000: 279.078: [GC (Allocation Failure) 2018-03-29T15:12:06.731+0000: 279.078: [DefNew: 147840K->9704K(153600K), 0.0197234 secs] 256894K->121597K(494976K), 0.0197898 secs] [Times: user=0.01 sys=0.00, real=0.02 secs] 
2018-03-29T15:12:11.779+0000: 284.126: [GC (Allocation Failure) 2018-03-29T15:12:11.779+0000: 284.126: [DefNew: 138997K->7920K(153600K), 0.0140926 secs] 250890K->120984K(494976K), 0.0141626 secs] [Times: user=0.01 sys=0.00, real=0.02 secs] 
2018-03-29T15:12:16.681+0000: 289.028: [GC (Allocation Failure) 2018-03-29T15:12:16.681+0000: 289.028: [DefNew: 144496K->9456K(153600K), 0.0294840 secs] 257560K->122520K(494976K), 0.0295586 secs] [Times: user=0.03 sys=0.00, real=0.03 secs] 
2018-03-29T15:12:21.634+0000: 293.981: [GC (Allocation Failure) 2018-03-29T15:12:21.634+0000: 293.981: [DefNew: 146032K->17023K(153600K), 0.0204332 secs] 259096K->139615K(494976K), 0.0205229 secs] [Times: user=0.02 sys=0.01, real=0.02 secs] 
2018-03-29T15:12:26.717+0000: 299.064: [GC (Allocation Failure) 2018-03-29T15:12:26.717+0000: 299.064: [DefNew: 153599K->17023K(153600K), 0.0206019 secs] 276191K->161060K(494976K), 0.0206692 secs] [Times: user=0.02 sys=0.01, real=0.02 secs] 
2018-03-29T15:12:32.725+0000: 305.072: [GC (Allocation Failure) 2018-03-29T15:12:32.725+0000: 305.072: [DefNew: 153599K->5171K(153600K), 0.0345656 secs] 297636K->165835K(494976K), 0.0346346 secs] [Times: user=0.02 sys=0.01, real=0.03 secs] 
2018-03-29T15:12:37.733+0000: 310.080: [GC (Allocation Failure) 2018-03-29T15:12:37.733+0000: 310.080: [DefNew: 141747K->8843K(153600K), 0.0146715 secs] 302411K->169507K(494976K), 0.0147456 secs] [Times: user=0.01 sys=0.00, real=0.01 secs] 
2018-03-29T15:12:42.787+0000: 315.134: [GC (Allocation Failure) 2018-03-29T15:12:42.787+0000: 315.134: [DefNew: 143733K->7275K(153600K), 0.0136230 secs] 304397K->169135K(494976K), 0.0136929 secs] [Times: user=0.01 sys=0.00, real=0.01 secs] 
2018-03-29T15:12:47.812+0000: 320.159: [GC (Allocation Failure) 2018-03-29T15:12:47.812+0000: 320.159: [DefNew: 139448K->8554K(153600K), 0.0130834 secs] 301309K->170414K(494976K), 0.0131536 secs] [Times: user=0.01 sys=0.00, real=0.02 secs] 
2018-03-29T15:12:52.822+0000: 325.169: [GC (Allocation Failure) 2018-03-29T15:12:52.822+0000: 325.169: [DefNew: 145130K->8290K(153600K), 0.0138730 secs] 306990K->171335K(494976K), 0.0139347 secs] [Times: user=0.02 sys=0.00, real=0.01 secs] 
2018-03-29T15:12:58.260+0000: 330.607: [GC (Allocation Failure) 2018-03-29T15:12:58.260+0000: 330.607: [DefNew: 144866K->9781K(153600K), 0.0138567 secs] 307911K->172825K(494976K), 0.0139294 secs] [Times: user=0.01 sys=0.00, real=0.02 secs] 
2018-03-29T15:13:03.778+0000: 336.125: [GC (Allocation Failure) 2018-03-29T15:13:03.778+0000: 336.125: [DefNew: 146357K->12463K(153600K), 0.0220987 secs] 309401K->177365K(494976K), 0.0221687 secs] [Times: user=0.02 sys=0.00, real=0.02 secs] 
2018-03-29T15:13:08.793+0000: 341.141: [GC (Allocation Failure) 2018-03-29T15:13:08.793+0000: 341.141: [DefNew: 147232K->5159K(153600K), 0.0147091 secs] 312134K->174678K(494976K), 0.0147866 secs] [Times: user=0.01 sys=0.00, real=0.01 secs] 
2018-03-29T15:13:14.732+0000: 347.080: [GC (Allocation Failure) 2018-03-29T15:13:14.732+0000: 347.080: [DefNew: 141735K->9597K(153600K), 0.0146591 secs] 311254K->179117K(494976K), 0.0147308 secs] [Times: user=0.01 sys=0.00, real=0.02 secs] 
2018-03-29T15:13:19.801+0000: 352.149: [GC (Allocation Failure) 2018-03-29T15:13:19.801+0000: 352.149: [DefNew: 146173K->6997K(153600K), 0.0126789 secs] 315693K->178060K(494976K), 0.0127506 secs] [Times: user=0.01 sys=0.00, real=0.01 secs] 
2018-03-29T15:13:24.892+0000: 357.240: [GC (Allocation Failure) 2018-03-29T15:13:24.892+0000: 357.240: [DefNew: 143573K->8252K(153600K), 0.0117512 secs] 314636K->179315K(494976K), 0.0118241 secs] [Times: user=0.01 sys=0.00, real=0.02 secs] 
2018-03-29T15:13:30.287+0000: 362.634: [GC (Allocation Failure) 2018-03-29T15:13:30.287+0000: 362.634: [DefNew: 144828K->9689K(153600K), 0.0250382 secs] 315891K->180753K(494976K), 0.0251018 secs] [Times: user=0.02 sys=0.01, real=0.02 secs] 
2018-03-29T15:13:35.335+0000: 367.683: [GC (Allocation Failure) 2018-03-29T15:13:35.335+0000: 367.683: [DefNew: 146265K->8811K(153600K), 0.0152147 secs] 317329K->181705K(494976K), 0.0153006 secs] [Times: user=0.01 sys=0.00, real=0.01 secs] 
2018-03-29T15:13:40.074+0000: 372.421: [GC (Allocation Failure) 2018-03-29T15:13:40.074+0000: 372.421: [DefNew: 145387K->9065K(153600K), 0.0139168 secs] 318281K->182843K(494976K), 0.0139865 secs] [Times: user=0.01 sys=0.00, real=0.01 secs] 
2018-03-29T15:13:45.793+0000: 378.141: [GC (Allocation Failure) 2018-03-29T15:13:45.793+0000: 378.141: [DefNew: 144378K->9036K(153600K), 0.0138090 secs] 318156K->184047K(494976K), 0.0138978 secs] [Times: user=0.01 sys=0.00, real=0.01 secs] 
2018-03-29T15:13:50.802+0000: 383.149: [GC (Allocation Failure) 2018-03-29T15:13:50.802+0000: 383.149: [DefNew: 139561K->8686K(153600K), 0.0142262 secs] 314572K->184844K(494976K), 0.0142944 secs] [Times: user=0.01 sys=0.00, real=0.01 secs] 
2018-03-29T15:13:55.652+0000: 388.000: [GC (Allocation Failure) 2018-03-29T15:13:55.652+0000: 388.000: [DefNew: 145262K->9335K(153600K), 0.0149329 secs] 321420K->186674K(494976K), 0.0150059 secs] [Times: user=0.02 sys=0.00, real=0.02 secs] 
2018-03-29T15:14:00.422+0000: 392.769: [GC (Allocation Failure) 2018-03-29T15:14:00.422+0000: 392.769: [DefNew: 145911K->9308K(153600K), 0.0146402 secs] 323250K->187618K(494976K), 0.0147098 secs] [Times: user=0.01 sys=0.00, real=0.01 secs] 
2018-03-29T15:14:05.804+0000: 398.151: [GC (Allocation Failure) 2018-03-29T15:14:05.804+0000: 398.151: [DefNew: 143804K->9008K(153600K), 0.0138246 secs] 322115K->188391K(494976K), 0.0138975 secs] [Times: user=0.01 sys=0.00, real=0.01 secs] 
2018-03-29T15:14:10.337+0000: 402.684: [GC (Allocation Failure) 2018-03-29T15:14:10.337+0000: 402.684: [DefNew: 145584K->9190K(153600K), 0.0274275 secs] 324967K->189889K(494976K), 0.0274884 secs] [Times: user=0.03 sys=0.00, real=0.03 secs] 
2018-03-29T15:14:15.727+0000: 408.074: [GC (Allocation Failure) 2018-03-29T15:14:15.727+0000: 408.074: [DefNew: 145766K->10650K(153600K), 0.0169744 secs] 326465K->192577K(494976K), 0.0170443 secs] [Times: user=0.02 sys=0.00, real=0.02 secs] 
2018-03-29T15:14:19.956+0000: 412.303: [GC (Allocation Failure) 2018-03-29T15:14:19.956+0000: 412.303: [DefNew: 147226K->7106K(153600K), 0.0134975 secs] 329153K->192079K(494976K), 0.0135714 secs] [Times: user=0.01 sys=0.00, real=0.01 secs] 
2018-03-29T15:14:24.799+0000: 417.146: [GC (Allocation Failure) 2018-03-29T15:14:24.799+0000: 417.146: [DefNew: 138391K->8989K(153600K), 0.0125157 secs] 323364K->193963K(494976K), 0.0125901 secs] [Times: user=0.01 sys=0.00, real=0.01 secs] 
2018-03-29T15:14:28.893+0000: 421.241: [GC (Allocation Failure) 2018-03-29T15:14:28.894+0000: 421.241: [DefNew: 137293K->9034K(153600K), 0.0231224 secs] 322266K->195105K(494976K), 0.0232027 secs] [Times: user=0.02 sys=0.00, real=0.02 secs] 
2018-03-29T15:14:33.799+0000: 426.147: [GC (Allocation Failure) 2018-03-29T15:14:33.800+0000: 426.147: [DefNew: 144219K->9286K(153600K), 0.0140856 secs] 330290K->196388K(494976K), 0.0141701 secs] [Times: user=0.01 sys=0.00, real=0.02 secs] 
2018-03-29T15:14:37.814+0000: 430.161: [GC (Allocation Failure) 2018-03-29T15:14:37.814+0000: 430.161: [DefNew: 141960K->8821K(153600K), 0.0132372 secs] 329063K->197072K(494976K), 0.0133102 secs] [Times: user=0.01 sys=0.00, real=0.01 secs] 
2018-03-29T15:14:42.038+0000: 434.385: [GC (Allocation Failure) 2018-03-29T15:14:42.038+0000: 434.385: [DefNew: 145397K->8959K(153600K), 0.0133662 secs] 333648K->198456K(494976K), 0.0134396 secs] [Times: user=0.01 sys=0.00, real=0.01 secs] 
2018-03-29T15:14:46.917+0000: 439.264: [GC (Allocation Failure) 2018-03-29T15:14:46.917+0000: 439.264: [DefNew: 138787K->8997K(153600K), 0.0271495 secs] 328284K->199672K(494976K), 0.0272205 secs] [Times: user=0.03 sys=0.00, real=0.03 secs] 
2018-03-29T15:14:51.137+0000: 443.484: [GC (Allocation Failure) 2018-03-29T15:14:51.137+0000: 443.485: [DefNew: 145573K->9156K(153600K), 0.0136978 secs] 336248K->200852K(494976K), 0.0137701 secs] [Times: user=0.01 sys=0.00, real=0.01 secs] 
2018-03-29T15:14:55.815+0000: 448.162: [GC (Allocation Failure) 2018-03-29T15:14:55.815+0000: 448.162: [DefNew: 145118K->9023K(153600K), 0.0133382 secs] 336813K->201756K(494976K), 0.0134098 secs] [Times: user=0.01 sys=0.00, real=0.01 secs] 
2018-03-29T15:15:00.768+0000: 453.115: [GC (Allocation Failure) 2018-03-29T15:15:00.768+0000: 453.115: [DefNew: 145599K->12330K(153600K), 0.0193271 secs] 338332K->206476K(494976K), 0.0193952 secs] [Times: user=0.02 sys=0.00, real=0.02 secs] 
2018-03-29T15:15:05.729+0000: 458.077: [GC (Allocation Failure) 2018-03-29T15:15:05.729+0000: 458.077: [DefNew: 148906K->8729K(153600K), 0.0170160 secs] 343052K->206149K(494976K), 0.0170921 secs] [Times: user=0.01 sys=0.00, real=0.02 secs] 
2018-03-29T15:15:09.848+0000: 462.195: [GC (Allocation Failure) 2018-03-29T15:15:09.848+0000: 462.195: [DefNew: 145305K->17024K(153600K), 0.0248640 secs] 342725K->218055K(494976K), 0.0249229 secs] [Times: user=0.02 sys=0.00, real=0.03 secs] 
2018-03-29T15:15:14.724+0000: 467.071: [GC (Allocation Failure) 2018-03-29T15:15:14.724+0000: 467.071: [DefNew: 153600K->7434K(153600K), 0.0158710 secs] 354631K->211060K(494976K), 0.0159513 secs] [Times: user=0.02 sys=0.00, real=0.01 secs] 
2018-03-29T15:15:19.374+0000: 471.721: [GC (Allocation Failure) 2018-03-29T15:15:19.374+0000: 471.721: [DefNew: 144010K->8125K(153600K), 0.0111570 secs] 347636K->211751K(494976K), 0.0112269 secs] [Times: user=0.01 sys=0.00, real=0.01 secs] 
2018-03-29T15:15:23.808+0000: 476.155: [GC (Allocation Failure) 2018-03-29T15:15:23.808+0000: 476.155: [DefNew: 137521K->9355K(153600K), 0.0120083 secs] 341147K->212981K(494976K), 0.0120793 secs] [Times: user=0.01 sys=0.00, real=0.01 secs] 
2018-03-29T15:15:28.912+0000: 481.259: [GC (Allocation Failure) 2018-03-29T15:15:28.912+0000: 481.259: [DefNew: 139903K->8310K(153600K), 0.0239316 secs] 343529K->213882K(494976K), 0.0240119 secs] [Times: user=0.03 sys=0.00, real=0.03 secs] 
2018-03-29T15:15:32.833+0000: 485.180: [GC (Allocation Failure) 2018-03-29T15:15:32.833+0000: 485.181: [DefNew: 137151K->9930K(153600K), 0.0131632 secs] 342723K->215502K(494976K), 0.0132341 secs] [Times: user=0.01 sys=0.00, real=0.01 secs] 
2018-03-29T15:15:36.741+0000: 489.088: [GC (Allocation Failure) 2018-03-29T15:15:36.741+0000: 489.088: [DefNew: 146506K->12294K(153600K), 0.0211051 secs] 352078K->220049K(494976K), 0.0211768 secs] [Times: user=0.01 sys=0.00, real=0.02 secs] 
2018-03-29T15:15:40.942+0000: 493.290: [GC (Allocation Failure) 2018-03-29T15:15:40.942+0000: 493.290: [DefNew: 148870K->7074K(153600K), 0.0132785 secs] 356625K->217848K(494976K), 0.0133501 secs] [Times: user=0.01 sys=0.00, real=0.01 secs] 
2018-03-29T15:15:45.555+0000: 497.903: [GC (Allocation Failure) 2018-03-29T15:15:45.555+0000: 497.903: [DefNew: 143650K->8971K(153600K), 0.0119000 secs] 354424K->219745K(494976K), 0.0119836 secs] [Times: user=0.01 sys=0.00, real=0.01 secs] 
2018-03-29T15:15:49.730+0000: 502.077: [GC (Allocation Failure) 2018-03-29T15:15:49.730+0000: 502.077: [DefNew: 145547K->10577K(153600K), 0.0157956 secs] 356321K->222464K(494976K), 0.0158738 secs] [Times: user=0.02 sys=0.00, real=0.02 secs] 
2018-03-29T15:15:53.593+0000: 505.940: [GC (Allocation Failure) 2018-03-29T15:15:53.593+0000: 505.940: [DefNew: 147153K->8425K(153600K), 0.0335990 secs] 359040K->222971K(494976K), 0.0336787 secs] [Times: user=0.03 sys=0.00, real=0.03 secs] 
2018-03-29T15:15:57.593+0000: 509.940: [GC (Allocation Failure) 2018-03-29T15:15:57.593+0000: 509.940: [DefNew: 145001K->10434K(153600K), 0.0133260 secs] 359547K->224980K(494976K), 0.0134047 secs] [Times: user=0.01 sys=0.00, real=0.01 secs] 
2018-03-29T15:16:02.736+0000: 515.083: [GC (Allocation Failure) 2018-03-29T15:16:02.736+0000: 515.083: [DefNew: 147010K->12024K(153600K), 0.0187666 secs] 361556K->228328K(494976K), 0.0188408 secs] [Times: user=0.02 sys=0.00, real=0.02 secs] 
2018-03-29T15:16:06.812+0000: 519.159: [GC (Allocation Failure) 2018-03-29T15:16:06.812+0000: 519.159: [DefNew: 145222K->7695K(153600K), 0.0157317 secs] 361527K->227574K(494976K), 0.0158048 secs] [Times: user=0.01 sys=0.00, real=0.02 secs] 
2018-03-29T15:16:10.756+0000: 523.103: [GC (Allocation Failure) 2018-03-29T15:16:10.756+0000: 523.103: [DefNew: 144271K->11918K(153600K), 0.0167325 secs] 364150K->231796K(494976K), 0.0168130 secs] [Times: user=0.01 sys=0.00, real=0.02 secs] 
2018-03-29T15:16:14.819+0000: 527.166: [GC (Allocation Failure) 2018-03-29T15:16:14.819+0000: 527.166: [DefNew: 135026K->8016K(153600K), 0.0143862 secs] 354905K->231022K(494976K), 0.0144590 secs] [Times: user=0.02 sys=0.00, real=0.02 secs] 
2018-03-29T15:16:18.931+0000: 531.278: [GC (Allocation Failure) 2018-03-29T15:16:18.931+0000: 531.278: [DefNew: 132739K->9345K(153600K), 0.0221606 secs] 355745K->232351K(494976K), 0.0222330 secs] [Times: user=0.03 sys=0.00, real=0.03 secs] 
15:16:21.043 [Client] INFO  c.s.f.r.e.s.SocketRear  - FlameSocketGraphDeployerRear@10.0.0.39: has been disconnected from Connection 4
15:16:32.421 [worker-akka.actor.default-dispatcher-11] INFO  a.a.CoordinatedShutdown CoordinatedShutdown(akka://worker) - Starting coordinated shutdown from JVM shutdown hook
15:16:32.443 [worker-akka.actor.default-dispatcher-16] INFO  a.a.LocalActorRef akka://worker/user/watcher/graph_at_0/edge/FlameSocketGraphDeployerFront - Stopped
15:16:32.444 [worker-akka.actor.default-dispatcher-16] INFO  a.a.LocalActorRef akka://worker/user/watcher/graph_at_0/negotiator - Stopped
15:16:32.444 [worker-akka.actor.default-dispatcher-13] INFO  a.a.LocalActorRef akka://worker/user/watcher/graph_at_0/edge/FlameSocketGraphDeployerRear - Stopped
15:16:32.448 [worker-akka.actor.default-dispatcher-6] INFO  a.a.LocalActorRef akka://worker/user/watcher/graph_at_0/graph/$a - Stopped
15:16:32.449 [worker-akka.actor.default-dispatcher-6] INFO  a.a.LocalActorRef akka://worker/user/watcher/graph_at_0/graph/$b - Stopped
15:16:32.449 [worker-akka.actor.default-dispatcher-6] INFO  a.a.LocalActorRef akka://worker/user/watcher/graph_at_0/graph/$c - Stopped
15:16:32.451 [worker-akka.actor.default-dispatcher-16] INFO  a.a.LocalActorRef akka://worker/user/watcher/graph_at_0/edge - Stopped
15:16:32.452 [worker-akka.actor.default-dispatcher-10] INFO  a.a.LocalActorRef akka://worker/user/watcher/graph_at_0/graph/local-acker/$a - Stopped
15:16:32.456 [worker-akka.actor.default-dispatcher-10] INFO  a.a.LocalActorRef akka://worker/user/watcher/graph_at_0/graph/local-acker - Stopped
15:16:32.457 [worker-akka.actor.default-dispatcher-2-EventThread] INFO  o.a.z.ClientCnxn  - EventThread shut down for session: 0x162724b934d0004
15:16:32.458 [worker-akka.actor.default-dispatcher-4] INFO  o.a.z.ZooKeeper  - Session: 0x162724b934d0004 closed
15:16:32.459 [worker-akka.actor.default-dispatcher-10] INFO  a.a.LocalActorRef akka://worker/user/watcher/graph_at_0/graph - Stopped
15:16:32.463 [worker-akka.actor.default-dispatcher-10] INFO  a.a.LocalActorRef akka://worker/user/watcher/graph_at_0/graph/local-acker/$a - Message [com.spbsu.flamestream.runtime.utils.akka.PingActor$InnerPing] from Actor[akka://worker/user/watcher/graph_at_0/graph/local-acker/$a#1995815173] to Actor[akka://worker/user/watcher/graph_at_0/graph/local-acker/$a#1995815173] was not delivered. [1] dead letters encountered. This logging can be turned off or adjusted with configuration settings 'akka.log-dead-letters' and 'akka.log-dead-letters-during-shutdown'.
15:16:32.464 [worker-akka.actor.default-dispatcher-10] INFO  a.a.LocalActorRef akka://worker/user/watcher/graph_at_0/graph/local-acker/$a - Message [com.spbsu.flamestream.runtime.utils.akka.PingActor$Stop] from Actor[akka://worker/user/watcher/graph_at_0/graph/local-acker#-306314849] to Actor[akka://worker/user/watcher/graph_at_0/graph/local-acker/$a#1995815173] was not delivered. [2] dead letters encountered. This logging can be turned off or adjusted with configuration settings 'akka.log-dead-letters' and 'akka.log-dead-letters-during-shutdown'.
15:16:32.465 [worker-akka.actor.default-dispatcher-10] INFO  a.a.LocalActorRef akka://worker/user/watcher/graph_at_0/graph/local-acker - Message [com.spbsu.flamestream.runtime.acker.LocalAcker$Flush] from Actor[akka://worker/user/watcher/graph_at_0/graph/local-acker/$a#1995815173] to Actor[akka://worker/user/watcher/graph_at_0/graph/local-acker#-306314849] was not delivered. [3] dead letters encountered. This logging can be turned off or adjusted with configuration settings 'akka.log-dead-letters' and 'akka.log-dead-letters-during-shutdown'.
15:16:32.467 [worker-akka.actor.default-dispatcher-17] INFO  a.a.LocalActorRef akka://worker/user/watcher/graph_at_0 - Stopped
15:16:32.467 [worker-akka.actor.default-dispatcher-17] INFO  a.a.RepointableActorRef akka://worker/user/watcher - Stopped
15:16:32.477 [worker-akka.actor.default-dispatcher-18] INFO  a.r.RemoteActorRefProvider$RemotingTerminator akka://worker@10.0.0.39:5412/system/remoting-terminator - Shutting down remote daemon.
15:16:32.480 [worker-akka.actor.default-dispatcher-18] INFO  a.r.RemoteActorRefProvider$RemotingTerminator akka://worker@10.0.0.39:5412/system/remoting-terminator - Remote daemon shut down; proceeding with flushing remote transports.
15:16:33.617 [worker-akka.actor.default-dispatcher-10] INFO  a.r.RemoteActorRefProvider$RemotingTerminator akka://worker@10.0.0.39:5412/system/remoting-terminator - Remoting shut down.
Heap
 def new generation   total 153600K, used 125360K [0x00000000e0c00000, 0x00000000eb2a0000, 0x00000000eb2a0000)
  eden space 136576K,  84% used [0x00000000e0c00000, 0x00000000e7d4bcd0, 0x00000000e9160000)
  from space 17024K,  54% used [0x00000000e9160000, 0x00000000e9a805f8, 0x00000000ea200000)
  to   space 17024K,   0% used [0x00000000ea200000, 0x00000000ea200000, 0x00000000eb2a0000)
 tenured generation   total 341376K, used 223005K [0x00000000eb2a0000, 0x0000000100000000, 0x0000000100000000)
   the space 341376K,  65% used [0x00000000eb2a0000, 0x00000000f8c677a0, 0x00000000f8c67800, 0x0000000100000000)
 Metaspace       used 34418K, capacity 35344K, committed 35456K, reserved 1079296K
  class space    used 4534K, capacity 4703K, committed 4736K, reserved 1048576K
