15:07:30,302 |-INFO in ch.qos.logback.classic.LoggerContext[default] - Could NOT find resource [logback-test.xml]
15:07:30,302 |-INFO in ch.qos.logback.classic.LoggerContext[default] - Could NOT find resource [logback.groovy]
15:07:30,302 |-INFO in ch.qos.logback.classic.LoggerContext[default] - Found resource [logback.xml] at [jar:file:/opt/flamestream/lib/flamestream-runtime-1.0-SNAPSHOT.jar!/logback.xml]
15:07:30,303 |-WARN in ch.qos.logback.classic.LoggerContext[default] - Resource [logback.xml] occurs multiple times on the classpath.
15:07:30,303 |-WARN in ch.qos.logback.classic.LoggerContext[default] - Resource [logback.xml] occurs at [jar:file:/opt/flamestream/flamestream-runtime-1.0-SNAPSHOT.jar!/logback.xml]
15:07:30,303 |-WARN in ch.qos.logback.classic.LoggerContext[default] - Resource [logback.xml] occurs at [jar:file:/opt/flamestream/lib/flamestream-runtime-1.0-SNAPSHOT.jar!/logback.xml]
15:07:30,324 |-INFO in ch.qos.logback.core.joran.spi.ConfigurationWatchList@69b794e2 - URL [jar:file:/opt/flamestream/lib/flamestream-runtime-1.0-SNAPSHOT.jar!/logback.xml] is not of type file
15:07:30,416 |-INFO in ch.qos.logback.classic.joran.action.ConfigurationAction - debug attribute not set
15:07:30,417 |-INFO in ch.qos.logback.core.joran.action.AppenderAction - About to instantiate appender of type [ch.qos.logback.core.ConsoleAppender]
15:07:30,424 |-INFO in ch.qos.logback.core.joran.action.AppenderAction - Naming appender as [STDOUT]
15:07:30,432 |-INFO in ch.qos.logback.core.joran.action.NestedComplexPropertyIA - Assuming default type [ch.qos.logback.classic.encoder.PatternLayoutEncoder] for [encoder] property
15:07:30,470 |-INFO in ch.qos.logback.core.joran.action.AppenderAction - About to instantiate appender of type [ch.qos.logback.core.rolling.RollingFileAppender]
15:07:30,478 |-INFO in ch.qos.logback.core.joran.action.AppenderAction - Naming appender as [FILE]
15:07:30,496 |-INFO in c.q.l.core.rolling.TimeBasedRollingPolicy@1059063940 - No compression will be used
15:07:30,499 |-INFO in c.q.l.core.rolling.TimeBasedRollingPolicy@1059063940 - Will use the pattern /tmp/application_%d{yyyy-MM-dd}.%i.log for the active file
15:07:30,503 |-INFO in ch.qos.logback.core.rolling.SizeAndTimeBasedFNATP@4d339552 - The date pattern is 'yyyy-MM-dd' from file name pattern '/tmp/application_%d{yyyy-MM-dd}.%i.log'.
15:07:30,503 |-INFO in ch.qos.logback.core.rolling.SizeAndTimeBasedFNATP@4d339552 - Roll-over at midnight.
15:07:30,507 |-INFO in ch.qos.logback.core.rolling.SizeAndTimeBasedFNATP@4d339552 - Setting initial period to Thu Mar 29 15:02:55 UTC 2018
15:07:30,508 |-WARN in ch.qos.logback.core.rolling.SizeAndTimeBasedFNATP@4d339552 - SizeAndTimeBasedFNATP is deprecated. Use SizeAndTimeBasedRollingPolicy instead
15:07:30,508 |-WARN in ch.qos.logback.core.rolling.SizeAndTimeBasedFNATP@4d339552 - For more information see http://logback.qos.ch/manual/appenders.html#SizeAndTimeBasedRollingPolicy
15:07:30,515 |-INFO in ch.qos.logback.core.joran.action.NestedComplexPropertyIA - Assuming default type [ch.qos.logback.classic.encoder.PatternLayoutEncoder] for [encoder] property
15:07:30,519 |-INFO in ch.qos.logback.core.rolling.RollingFileAppender[FILE] - Active log file name: /tmp/application.log
15:07:30,519 |-INFO in ch.qos.logback.core.rolling.RollingFileAppender[FILE] - File property is set to [/tmp/application.log]
15:07:30,520 |-INFO in ch.qos.logback.classic.joran.action.RootLoggerAction - Setting level of ROOT logger to INFO
15:07:30,520 |-INFO in ch.qos.logback.core.joran.action.AppenderRefAction - Attaching appender named [STDOUT] to Logger[ROOT]
15:07:30,521 |-INFO in ch.qos.logback.core.joran.action.AppenderRefAction - Attaching appender named [FILE] to Logger[ROOT]
15:07:30,521 |-INFO in ch.qos.logback.classic.joran.action.ConfigurationAction - End of configuration.
15:07:30,521 |-INFO in ch.qos.logback.classic.joran.JoranConfigurator@f0f2775 - Registering current configuration as safe fallback point

15:07:30.525 [main] INFO  c.s.f.r.a.WorkerApplication  - Starting worker with id: '10.0.0.225', host: '10.0.0.225:5412', zkString: '10.0.0.14:2181'
15:07:31.466 [worker-akka.actor.default-dispatcher-6] INFO  a.e.s.Slf4jLogger  - Slf4jLogger started
2018-03-29T15:07:31.615+0000: 1.929: [Full GC (Metadata GC Threshold) 2018-03-29T15:07:31.615+0000: 1.929: [Tenured: 0K->15907K(341376K), 0.0470429 secs] 134102K->15907K(494976K), [Metaspace: 20930K->20930K(1067008K)], 0.0471255 secs] [Times: user=0.04 sys=0.01, real=0.05 secs] 
Ama winner
Ama winner
15:07:32.015 [worker-akka.actor.default-dispatcher-6] INFO  a.r.a.ArteryTransport(akka://worker) akka.remote.artery.ArteryTransport(akka://worker) - Started embedded media driver in directory [/dev/shm/aeron-10.0.0.225]
15:07:32.204 [worker-akka.actor.default-dispatcher-6] INFO  a.r.a.ArteryTransport(akka://worker) akka.remote.artery.ArteryTransport(akka://worker) - Remoting started; listening on address: [akka://worker@10.0.0.225:5412] with UID [-4884959114230340432]
15:07:32.257 [worker-akka.actor.default-dispatcher-7] INFO  a.a.RepointableActorRef akka://worker/user/watcher - Starting...
15:07:32.323 [worker-akka.actor.default-dispatcher-6] INFO  o.a.z.ZooKeeper  - Client environment:zookeeper.version=3.4.9-1757313, built on 08/23/2016 06:50 GMT
15:07:32.324 [worker-akka.actor.default-dispatcher-6] INFO  o.a.z.ZooKeeper  - Client environment:host.name=localhost
15:07:32.325 [worker-akka.actor.default-dispatcher-6] INFO  o.a.z.ZooKeeper  - Client environment:java.version=1.8.0_151
15:07:32.325 [worker-akka.actor.default-dispatcher-6] INFO  o.a.z.ZooKeeper  - Client environment:java.vendor=Oracle Corporation
15:07:32.325 [worker-akka.actor.default-dispatcher-6] INFO  o.a.z.ZooKeeper  - Client environment:java.home=/usr/lib/jvm/java-8-openjdk-amd64/jre
15:07:32.326 [worker-akka.actor.default-dispatcher-6] INFO  o.a.z.ZooKeeper  - Client environment:java.class.path=lib/commons-cli-1.4.jar:lib/minlog-1.3.0.jar:lib/asm-5.0.4.jar:lib/hadoop-annotations-2.7.3.jar:lib/hadoop-auth-2.7.3.jar:lib/akka-slf4j_2.11-2.5.6.jar:lib/jersey-core-1.9.jar:lib/lz4-1.3.0.jar:lib/jackson-core-asl-1.9.13.jar:lib/aeron-client-1.3.0.jar:lib/htrace-core-3.1.0-incubating.jar:lib/xz-1.0.jar:lib/commons-httpclient-3.1.jar:lib/asm-3.1.jar:lib/commons-lang3-3.4.jar:lib/scala-library-2.11.11.jar:lib/scala-java8-compat_2.11-0.7.0.jar:lib/commons-configuration-1.6.jar:lib/objenesis-2.1.jar:lib/jackson-annotations-2.8.0.jar:lib/jsr305-3.0.0.jar:lib/curator-framework-2.7.1.jar:lib/jersey-server-1.9.jar:lib/jets3t-0.9.0.jar:lib/leveldb-0.7.jar:lib/jetty-6.1.26.jar:lib/stax-api-1.0-2.jar:lib/flamestream-core-1.0-SNAPSHOT.jar:lib/reflectasm-1.07-shaded.jar:lib/apacheds-kerberos-codec-2.0.0-M15.jar:lib/api-asn1-api-1.0.0-M20.jar:lib/commons-lang-2.6.jar:lib/commons-beanutils-1.7.0.jar:lib/jackson-xc-1.8.3.jar:lib/jetty-util-6.1.26.jar:lib/logback-classic-1.2.3.jar:lib/jool-0.9.12.jar:lib/httpcore-4.1.2.jar:lib/kryo-4.0.0.jar:lib/ant-1.8.1.jar:lib/jaxb-impl-2.2.3-1.jar:lib/jersey-json-1.9.jar:lib/commons-compress-1.4.1.jar:lib/leveldbjni-all-1.8.jar:lib/paranamer-2.3.jar:lib/jackson-core-2.8.4.jar:lib/commons-math3-3.6.1.jar:lib/scala-parser-combinators_2.11-1.0.4.jar:lib/netty-3.10.6.Final.jar:lib/trove4j-3.0.3.jar:lib/jaxb-api-2.2.2.jar:lib/logback-core-1.2.3.jar:lib/snappy-java-1.0.4.1.jar:lib/protobuf-java-2.5.0.jar:lib/reactive-streams-1.0.1.jar:lib/flamestream-examples-1.0-SNAPSHOT.jar:lib/commons-codec-1.4.jar:lib/activation-1.1.jar:lib/commons-net-3.1.jar:lib/curator-recipes-2.7.1.jar:lib/jackson-mapper-asl-1.9.13.jar:lib/jackson-databind-2.8.4.jar:lib/flamestream-runtime-1.0-SNAPSHOT.jar:lib/jackson-jaxrs-1.8.3.jar:lib/slf4j-api-1.7.24.jar:lib/akka-remote_2.11-2.5.6.jar:lib/akka-testkit_2.11-2.5.6.jar:lib/jline-0.9.94.jar:lib/jedis-2.9.0.jar:lib/akka-stream_2.11-2.5.6.jar:lib/jsp-api-2.1.jar:lib/kryonet-2.21.jar:lib/akka-kryo-serialization_2.11-0.5.0.jar:lib/config-1.3.1.jar:lib/ant-launcher-1.8.1.jar:lib/commons-logging-1.2.jar:lib/ssl-config-core_2.11-0.2.2.jar:lib/testng-6.10.jar:lib/leveldb-api-0.7.jar:lib/reflectasm-1.11.3.jar:lib/jcommander-1.48.jar:lib/commons-1.1.jar:lib/commons-digester-1.8.jar:lib/minlog-1.2.jar:lib/java-xmlbuilder-0.4.jar:lib/jettison-1.1.jar:lib/gson-2.2.4.jar:lib/jdk.tools-1.8.jar:lib/aeron-driver-1.3.0.jar:lib/zookeeper-3.4.9.jar:lib/commons-beanutils-core-1.8.0.jar:lib/commons-math3-3.1.1.jar:lib/akka-actor_2.11-2.5.6.jar:lib/curator-client-2.7.1.jar:lib/servlet-api-2.5.jar:lib/commons-pool2-2.4.2.jar:lib/apacheds-i18n-2.0.0-M15.jar:lib/commons-io-2.4.jar:lib/commons-codec-1.6.jar:lib/akka-protobuf_2.11-2.5.6.jar:lib/jdom-2.0.2.jar:lib/rocksdbjni-5.5.1.jar:lib/api-util-1.0.0-M20.jar:lib/hadoop-common-2.7.3.jar:lib/agrona-0.9.6.jar:lib/xmlenc-0.52.jar:lib/guava-21.0.jar:lib/commons-collections-3.2.2.jar:lib/avro-1.7.4.jar:lib/httpclient-4.1.2.jar:lib/flamestream-core-1.0-SNAPSHOT-tests.jar:lib/annotations-12.0.jar:lib/jsch-0.1.42.jar:flamestream-runtime-1.0-SNAPSHOT.jar
15:07:32.326 [worker-akka.actor.default-dispatcher-6] INFO  o.a.z.ZooKeeper  - Client environment:java.library.path=/usr/java/packages/lib/amd64:/usr/lib/x86_64-linux-gnu/jni:/lib/x86_64-linux-gnu:/usr/lib/x86_64-linux-gnu:/usr/lib/jni:/lib:/usr/lib
15:07:32.326 [worker-akka.actor.default-dispatcher-6] INFO  o.a.z.ZooKeeper  - Client environment:java.io.tmpdir=/tmp
15:07:32.326 [worker-akka.actor.default-dispatcher-6] INFO  o.a.z.ZooKeeper  - Client environment:java.compiler=<NA>
15:07:32.326 [worker-akka.actor.default-dispatcher-6] INFO  o.a.z.ZooKeeper  - Client environment:os.name=Linux
15:07:32.326 [worker-akka.actor.default-dispatcher-6] INFO  o.a.z.ZooKeeper  - Client environment:os.arch=amd64
15:07:32.328 [worker-akka.actor.default-dispatcher-6] INFO  o.a.z.ZooKeeper  - Client environment:os.version=4.4.0-1049-aws
15:07:32.329 [worker-akka.actor.default-dispatcher-6] INFO  o.a.z.ZooKeeper  - Client environment:user.name=root
15:07:32.329 [worker-akka.actor.default-dispatcher-6] INFO  o.a.z.ZooKeeper  - Client environment:user.home=/root
15:07:32.330 [worker-akka.actor.default-dispatcher-6] INFO  o.a.z.ZooKeeper  - Client environment:user.dir=/opt/flamestream
15:07:32.333 [worker-akka.actor.default-dispatcher-6] INFO  o.a.z.ZooKeeper  - Initiating client connection, connectString=10.0.0.14:2181 sessionTimeout=5000 watcher=com.spbsu.flamestream.runtime.application.LifecycleWatcher$$Lambda$30/1111588398@351b3350
15:07:32.371 [worker-akka.actor.default-dispatcher-6-SendThread(10.0.0.14:2181)] INFO  o.a.z.ClientCnxn  - Opening socket connection to server 10.0.0.14/10.0.0.14:2181. Will not attempt to authenticate using SASL (unknown error)
15:07:32.383 [worker-akka.actor.default-dispatcher-6-SendThread(10.0.0.14:2181)] INFO  o.a.z.ClientCnxn  - Socket connection established to 10.0.0.14/10.0.0.14:2181, initiating session
15:07:32.393 [worker-akka.actor.default-dispatcher-6-SendThread(10.0.0.14:2181)] INFO  o.a.z.ClientCnxn  - Session establishment complete on server 10.0.0.14/10.0.0.14:2181, sessionid = 0x162724b934d000c, negotiated timeout = 6000
15:07:32.403 [worker-akka.actor.default-dispatcher-7] INFO  a.a.RepointableActorRef akka://worker/user/watcher - Initializing rocksDB backend
15:07:32.596 [worker-akka.actor.default-dispatcher-7] INFO  a.a.RepointableActorRef akka://worker/user/watcher - Connected to ZK
15:07:40.631 [worker-akka.actor.default-dispatcher-7] INFO  a.a.RepointableActorRef akka://worker/user/watcher - Creating node with watchGraphs: 'com.spbsu.flamestream.core.Graph$Builder$MyGraph@785f9143', config: 'ClusterConfig{paths={10.0.0.82=akka://worker@10.0.0.82:5412/user/watcher, 10.0.0.102=akka://worker@10.0.0.102:5412/user/watcher, 10.0.0.39=akka://worker@10.0.0.39:5412/user/watcher, 10.0.0.225=akka://worker@10.0.0.225:5412/user/watcher, 10.0.0.27=akka://worker@10.0.0.27:5412/user/watcher, 10.0.0.236=akka://worker@10.0.0.236:5412/user/watcher, 10.0.0.25=akka://worker@10.0.0.25:5412/user/watcher, 10.0.0.167=akka://worker@10.0.0.167:5412/user/watcher, 10.0.0.46=akka://worker@10.0.0.46:5412/user/watcher, 10.0.0.189=akka://worker@10.0.0.189:5412/user/watcher}, ackerLocation='10.0.0.46', props=ComputationLayout{hashGroups={10.0.0.82=com.spbsu.flamestream.runtime.config.HashGroup@1ffe1b9d, 10.0.0.102=com.spbsu.flamestream.runtime.config.HashGroup@5d5c21bc, 10.0.0.39=com.spbsu.flamestream.runtime.config.HashGroup@56dcaf5d, 10.0.0.225=com.spbsu.flamestream.runtime.config.HashGroup@c65a7748, 10.0.0.27=com.spbsu.flamestream.runtime.config.HashGroup@231425fe, 10.0.0.236=com.spbsu.flamestream.runtime.config.HashGroup@fbc82752, 10.0.0.25=com.spbsu.flamestream.runtime.config.HashGroup@ccbcd570, 10.0.0.167=com.spbsu.flamestream.runtime.config.HashGroup@4276a447, 10.0.0.46=com.spbsu.flamestream.runtime.config.HashGroup@c01f, 10.0.0.189=com.spbsu.flamestream.runtime.config.HashGroup@3fc198ed}}}'
15:07:41.521 [worker-akka.actor.default-dispatcher-6] INFO  a.a.LocalActorRef akka://worker/user/watcher/graph_at_0/graph - Starting...
15:07:41.529 [worker-akka.actor.default-dispatcher-3] INFO  a.a.LocalActorRef akka://worker/user/watcher/graph_at_0/graph/local-acker/$a - Starting...
15:07:41.542 [worker-akka.actor.default-dispatcher-2] INFO  a.a.LocalActorRef akka://worker/user/watcher/graph_at_0/graph/local-acker - Starting...
15:07:42.826 [worker-akka.actor.default-dispatcher-4] INFO  a.a.LocalActorRef akka://worker/user/watcher/graph_at_0/graph - Finishing constructor
15:07:42.827 [worker-akka.actor.default-dispatcher-4] INFO  a.a.LocalActorRef akka://worker/user/watcher/graph_at_0/negotiator - Starting...
15:07:42.830 [worker-akka.actor.default-dispatcher-5] INFO  a.a.LocalActorRef akka://worker/user/watcher/graph_at_0/edge - Starting...
15:07:42.836 [worker-akka.actor.default-dispatcher-2] INFO  a.a.LocalActorRef akka://worker/user/watcher/graph_at_0 - Starting FlameNode with config 'ClusterConfig{paths={10.0.0.82=akka://worker@10.0.0.82:5412/user/watcher/graph_at_0, 10.0.0.102=akka://worker@10.0.0.102:5412/user/watcher/graph_at_0, 10.0.0.39=akka://worker@10.0.0.39:5412/user/watcher/graph_at_0, 10.0.0.225=akka://worker@10.0.0.225:5412/user/watcher/graph_at_0, 10.0.0.27=akka://worker@10.0.0.27:5412/user/watcher/graph_at_0, 10.0.0.236=akka://worker@10.0.0.236:5412/user/watcher/graph_at_0, 10.0.0.25=akka://worker@10.0.0.25:5412/user/watcher/graph_at_0, 10.0.0.167=akka://worker@10.0.0.167:5412/user/watcher/graph_at_0, 10.0.0.46=akka://worker@10.0.0.46:5412/user/watcher/graph_at_0, 10.0.0.189=akka://worker@10.0.0.189:5412/user/watcher/graph_at_0}, ackerLocation='10.0.0.46', props=ComputationLayout{hashGroups={10.0.0.82=com.spbsu.flamestream.runtime.config.HashGroup@1ffe1b9d, 10.0.0.102=com.spbsu.flamestream.runtime.config.HashGroup@5d5c21bc, 10.0.0.39=com.spbsu.flamestream.runtime.config.HashGroup@56dcaf5d, 10.0.0.225=com.spbsu.flamestream.runtime.config.HashGroup@c65a7748, 10.0.0.27=com.spbsu.flamestream.runtime.config.HashGroup@231425fe, 10.0.0.236=com.spbsu.flamestream.runtime.config.HashGroup@fbc82752, 10.0.0.25=com.spbsu.flamestream.runtime.config.HashGroup@ccbcd570, 10.0.0.167=com.spbsu.flamestream.runtime.config.HashGroup@4276a447, 10.0.0.46=com.spbsu.flamestream.runtime.config.HashGroup@c01f, 10.0.0.189=com.spbsu.flamestream.runtime.config.HashGroup@3fc198ed}}}'
15:07:42.861 [worker-akka.actor.default-dispatcher-2] INFO  a.a.LocalActorRef akka://worker/user/watcher/graph_at_0/negotiator - Requesting ticket for the frontClass FlameSocketGraphDeployerFront@10.0.0.225
15:07:42.893 [worker-akka.actor.default-dispatcher-11] INFO  a.a.LocalActorRef akka://worker/user/watcher/graph_at_0/graph - Received last commit 'LastCommit{globalTime=(0000000, min@min)}'
15:07:42.901 [worker-akka.actor.default-dispatcher-3] INFO  c.s.f.r.e.s.SocketRear  - FlameSocketGraphDeployerRear@10.0.0.225: connecting to 10.0.0.14:5678
15:07:42.917 [worker-akka.actor.default-dispatcher-4] INFO  a.a.LocalActorRef akka://worker/user/watcher/graph_at_0/edge/FlameSocketGraphDeployerFront - Starting...
15:07:42.919 [worker-akka.actor.default-dispatcher-3] INFO  c.s.f.r.e.s.SocketRear  - FlameSocketGraphDeployerRear@10.0.0.225: connected to 10.0.0.14:5678
15:07:42.921 [worker-akka.actor.default-dispatcher-3] INFO  a.a.LocalActorRef akka://worker/user/watcher/graph_at_0/edge/FlameSocketGraphDeployerRear - Starting...
15:07:42.986 [worker-akka.actor.default-dispatcher-3] INFO  a.a.LocalActorRef akka://worker/user/watcher/graph_at_0/graph/$a - Starting...
15:07:43.025 [worker-akka.actor.default-dispatcher-3] INFO  a.a.LocalActorRef akka://worker/user/watcher/graph_at_0/graph/$a - Attached rear to graph (-9223372036854775808, min@min)
15:07:43.030 [worker-akka.actor.default-dispatcher-6] INFO  a.a.LocalActorRef akka://worker/user/watcher/graph_at_0/graph/$b - Starting...
15:07:43.035 [worker-akka.actor.default-dispatcher-3] INFO  a.a.LocalActorRef akka://worker/user/watcher/graph_at_0/graph/$c - Starting...
15:07:43.548 [worker-akka.actor.default-dispatcher-3] INFO  a.a.LocalActorRef akka://worker/user/watcher/graph_at_0/negotiator - Ticket for the frontClass received: FrontTicket{allowedTimestamp=(0000000, FlameSocketGraphDeployerFront@10.0.0.225)}
15:07:43.549 [worker-akka.actor.default-dispatcher-3] INFO  c.s.f.r.e.s.SocketFront  - FlameSocketGraphDeployerFront@10.0.0.225: connecting to 10.0.0.14:4567
15:07:43.572 [Client] INFO  c.s.f.r.e.s.SocketFront  - FlameSocketGraphDeployerFront@10.0.0.225 has been disconnected from Connection 5
2018-03-29T15:07:47.753+0000: 18.068: [GC (Allocation Failure) 2018-03-29T15:07:47.753+0000: 18.068: [DefNew: 136576K->15883K(153600K), 0.0281746 secs] 152483K->51322K(494976K), 0.0282545 secs] [Times: user=0.01 sys=0.01, real=0.03 secs] 
2018-03-29T15:07:56.418+0000: 26.732: [GC (Allocation Failure) 2018-03-29T15:07:56.418+0000: 26.732: [DefNew: 152459K->6313K(153600K), 0.0216482 secs] 187898K->49825K(494976K), 0.0217296 secs] [Times: user=0.01 sys=0.00, real=0.02 secs] 
2018-03-29T15:08:08.711+0000: 39.025: [GC (Allocation Failure) 2018-03-29T15:08:08.711+0000: 39.025: [DefNew: 142889K->10813K(153600K), 0.0170502 secs] 186401K->54325K(494976K), 0.0171326 secs] [Times: user=0.01 sys=0.00, real=0.01 secs] 
2018-03-29T15:08:18.708+0000: 49.022: [GC (Allocation Failure) 2018-03-29T15:08:18.708+0000: 49.022: [DefNew: 147389K->10177K(153600K), 0.0198998 secs] 190901K->55807K(494976K), 0.0199846 secs] [Times: user=0.02 sys=0.00, real=0.02 secs] 
2018-03-29T15:08:27.715+0000: 58.030: [GC (Allocation Failure) 2018-03-29T15:08:27.715+0000: 58.030: [DefNew: 146753K->10237K(153600K), 0.0184973 secs] 192383K->59696K(494976K), 0.0185749 secs] [Times: user=0.02 sys=0.00, real=0.02 secs] 
2018-03-29T15:08:35.520+0000: 65.834: [GC (Allocation Failure) 2018-03-29T15:08:35.520+0000: 65.834: [DefNew: 146813K->14632K(153600K), 0.0198291 secs] 196272K->65854K(494976K), 0.0199124 secs] [Times: user=0.02 sys=0.01, real=0.02 secs] 
2018-03-29T15:08:42.709+0000: 73.024: [GC (Allocation Failure) 2018-03-29T15:08:42.709+0000: 73.024: [DefNew: 151208K->5406K(153600K), 0.0204804 secs] 202430K->68190K(494976K), 0.0205607 secs] [Times: user=0.02 sys=0.00, real=0.02 secs] 
2018-03-29T15:08:51.727+0000: 82.042: [GC (Allocation Failure) 2018-03-29T15:08:51.727+0000: 82.042: [DefNew: 141982K->8443K(153600K), 0.0175913 secs] 204766K->71226K(494976K), 0.0176760 secs] [Times: user=0.01 sys=0.00, real=0.02 secs] 
2018-03-29T15:09:00.738+0000: 91.053: [GC (Allocation Failure) 2018-03-29T15:09:00.738+0000: 91.053: [DefNew: 145019K->9568K(153600K), 0.0185777 secs] 207802K->72352K(494976K), 0.0186594 secs] [Times: user=0.02 sys=0.00, real=0.02 secs] 
2018-03-29T15:09:10.716+0000: 101.030: [GC (Allocation Failure) 2018-03-29T15:09:10.716+0000: 101.030: [DefNew: 146144K->8280K(153600K), 0.0199966 secs] 208928K->73243K(494976K), 0.0200778 secs] [Times: user=0.02 sys=0.00, real=0.02 secs] 
2018-03-29T15:09:19.744+0000: 110.058: [GC (Allocation Failure) 2018-03-29T15:09:19.744+0000: 110.058: [DefNew: 144182K->10405K(153600K), 0.0202353 secs] 209146K->75368K(494976K), 0.0203252 secs] [Times: user=0.02 sys=0.00, real=0.02 secs] 
2018-03-29T15:09:27.708+0000: 118.023: [GC (Allocation Failure) 2018-03-29T15:09:27.708+0000: 118.023: [DefNew: 146981K->7345K(153600K), 0.0186830 secs] 211944K->74869K(494976K), 0.0187621 secs] [Times: user=0.02 sys=0.00, real=0.02 secs] 
2018-03-29T15:09:33.190+0000: 123.505: [GC (Allocation Failure) 2018-03-29T15:09:33.190+0000: 123.505: [DefNew: 143921K->17023K(153600K), 0.0218002 secs] 211445K->92212K(494976K), 0.0218943 secs] [Times: user=0.01 sys=0.01, real=0.02 secs] 
2018-03-29T15:09:40.808+0000: 131.123: [GC (Allocation Failure) 2018-03-29T15:09:40.808+0000: 131.123: [DefNew: 153599K->4715K(153600K), 0.0180401 secs] 228788K->96739K(494976K), 0.0181269 secs] [Times: user=0.01 sys=0.01, real=0.02 secs] 
2018-03-29T15:09:48.749+0000: 139.064: [GC (Allocation Failure) 2018-03-29T15:09:48.749+0000: 139.064: [DefNew: 137399K->8082K(153600K), 0.0170855 secs] 229423K->100106K(494976K), 0.0171697 secs] [Times: user=0.02 sys=0.00, real=0.01 secs] 
2018-03-29T15:09:57.712+0000: 148.026: [GC (Allocation Failure) 2018-03-29T15:09:57.712+0000: 148.026: [DefNew: 144658K->7998K(153600K), 0.0154005 secs] 236682K->100023K(494976K), 0.0154816 secs] [Times: user=0.01 sys=0.00, real=0.01 secs] 
2018-03-29T15:10:04.856+0000: 155.170: [GC (Allocation Failure) 2018-03-29T15:10:04.856+0000: 155.170: [DefNew: 144574K->8433K(153600K), 0.0159444 secs] 236599K->100457K(494976K), 0.0160355 secs] [Times: user=0.02 sys=0.00, real=0.02 secs] 
2018-03-29T15:10:11.759+0000: 162.074: [GC (Allocation Failure) 2018-03-29T15:10:11.760+0000: 162.074: [DefNew: 144749K->11468K(153600K), 0.0210434 secs] 236773K->103493K(494976K), 0.0211236 secs] [Times: user=0.03 sys=0.00, real=0.02 secs] 
2018-03-29T15:10:19.100+0000: 169.414: [GC (Allocation Failure) 2018-03-29T15:10:19.100+0000: 169.414: [DefNew: 148044K->7521K(153600K), 0.0186642 secs] 240069K->102691K(494976K), 0.0187471 secs] [Times: user=0.01 sys=0.00, real=0.02 secs] 
2018-03-29T15:10:26.707+0000: 177.021: [GC (Allocation Failure) 2018-03-29T15:10:26.707+0000: 177.021: [DefNew: 144097K->8460K(153600K), 0.0160471 secs] 239267K->103630K(494976K), 0.0161275 secs] [Times: user=0.02 sys=0.00, real=0.02 secs] 
2018-03-29T15:10:33.085+0000: 183.399: [GC (Allocation Failure) 2018-03-29T15:10:33.085+0000: 183.399: [DefNew: 145036K->9965K(153600K), 0.0176479 secs] 240206K->105135K(494976K), 0.0177341 secs] [Times: user=0.02 sys=0.00, real=0.02 secs] 
2018-03-29T15:10:39.828+0000: 190.142: [GC (Allocation Failure) 2018-03-29T15:10:39.828+0000: 190.142: [DefNew: 146541K->8504K(153600K), 0.0177265 secs] 241711K->105634K(494976K), 0.0178080 secs] [Times: user=0.01 sys=0.00, real=0.02 secs] 
2018-03-29T15:10:46.764+0000: 197.078: [GC (Allocation Failure) 2018-03-29T15:10:46.764+0000: 197.078: [DefNew: 140929K->11643K(153600K), 0.0194348 secs] 238058K->108773K(494976K), 0.0195167 secs] [Times: user=0.02 sys=0.00, real=0.02 secs] 
2018-03-29T15:10:53.722+0000: 204.037: [GC (Allocation Failure) 2018-03-29T15:10:53.722+0000: 204.037: [DefNew: 148219K->9173K(153600K), 0.0222670 secs] 245349K->109103K(494976K), 0.0223510 secs] [Times: user=0.03 sys=0.00, real=0.02 secs] 
2018-03-29T15:10:59.774+0000: 210.089: [GC (Allocation Failure) 2018-03-29T15:10:59.774+0000: 210.089: [DefNew: 140273K->9052K(153600K), 0.0185974 secs] 240202K->109993K(494976K), 0.0186775 secs] [Times: user=0.02 sys=0.00, real=0.02 secs] 
2018-03-29T15:11:05.776+0000: 216.090: [GC (Allocation Failure) 2018-03-29T15:11:05.776+0000: 216.090: [DefNew: 140619K->9666K(153600K), 0.0203548 secs] 241561K->111558K(494976K), 0.0204413 secs] [Times: user=0.02 sys=0.00, real=0.02 secs] 
2018-03-29T15:11:11.773+0000: 222.088: [GC (Allocation Failure) 2018-03-29T15:11:11.773+0000: 222.088: [DefNew: 146139K->8785K(153600K), 0.0204475 secs] 248032K->112660K(494976K), 0.0205334 secs] [Times: user=0.02 sys=0.00, real=0.02 secs] 
2018-03-29T15:11:18.766+0000: 229.081: [GC (Allocation Failure) 2018-03-29T15:11:18.766+0000: 229.081: [DefNew: 143602K->8653K(153600K), 0.0184880 secs] 247477K->113734K(494976K), 0.0185782 secs] [Times: user=0.02 sys=0.00, real=0.02 secs] 
2018-03-29T15:11:24.763+0000: 235.077: [GC (Allocation Failure) 2018-03-29T15:11:24.763+0000: 235.077: [DefNew: 145229K->9248K(153600K), 0.0218856 secs] 250310K->115696K(494976K), 0.0219705 secs] [Times: user=0.02 sys=0.00, real=0.02 secs] 
2018-03-29T15:11:31.710+0000: 242.024: [GC (Allocation Failure) 2018-03-29T15:11:31.710+0000: 242.024: [DefNew: 145824K->7499K(153600K), 0.0149223 secs] 252272K->115005K(494976K), 0.0150246 secs] [Times: user=0.02 sys=0.00, real=0.01 secs] 
2018-03-29T15:11:38.711+0000: 249.025: [GC (Allocation Failure) 2018-03-29T15:11:38.711+0000: 249.025: [DefNew: 144075K->8115K(153600K), 0.0281926 secs] 251581K->115621K(494976K), 0.0282836 secs] [Times: user=0.02 sys=0.00, real=0.03 secs] 
2018-03-29T15:11:45.300+0000: 255.615: [GC (Allocation Failure) 2018-03-29T15:11:45.301+0000: 255.615: [DefNew: 144691K->8722K(153600K), 0.0144673 secs] 252197K->116228K(494976K), 0.0145598 secs] [Times: user=0.01 sys=0.00, real=0.01 secs] 
2018-03-29T15:11:51.265+0000: 261.580: [GC (Allocation Failure) 2018-03-29T15:11:51.265+0000: 261.580: [DefNew: 145298K->8532K(153600K), 0.0159305 secs] 252804K->117247K(494976K), 0.0160174 secs] [Times: user=0.01 sys=0.00, real=0.02 secs] 
2018-03-29T15:11:57.114+0000: 267.428: [GC (Allocation Failure) 2018-03-29T15:11:57.114+0000: 267.428: [DefNew: 145108K->8849K(153600K), 0.0261612 secs] 253823K->118414K(494976K), 0.0262407 secs] [Times: user=0.03 sys=0.01, real=0.03 secs] 
2018-03-29T15:12:02.777+0000: 273.091: [GC (Allocation Failure) 2018-03-29T15:12:02.777+0000: 273.091: [DefNew: 144531K->8849K(153600K), 0.0166443 secs] 254096K->119193K(494976K), 0.0167264 secs] [Times: user=0.02 sys=0.00, real=0.02 secs] 
2018-03-29T15:12:08.780+0000: 279.094: [GC (Allocation Failure) 2018-03-29T15:12:08.780+0000: 279.094: [DefNew: 140812K->9889K(153600K), 0.0170223 secs] 251156K->120924K(494976K), 0.0171087 secs] [Times: user=0.01 sys=0.00, real=0.02 secs] 
2018-03-29T15:12:14.244+0000: 284.559: [GC (Allocation Failure) 2018-03-29T15:12:14.244+0000: 284.559: [DefNew: 146465K->9409K(153600K), 0.0193020 secs] 257500K->122203K(494976K), 0.0193915 secs] [Times: user=0.02 sys=0.00, real=0.02 secs] 
2018-03-29T15:12:18.782+0000: 289.097: [GC (Allocation Failure) 2018-03-29T15:12:18.782+0000: 289.097: [DefNew: 143921K->17023K(153600K), 0.0240497 secs] 256715K->140199K(494976K), 0.0241336 secs] [Times: user=0.02 sys=0.01, real=0.02 secs] 
2018-03-29T15:12:23.799+0000: 294.114: [GC (Allocation Failure) 2018-03-29T15:12:23.799+0000: 294.114: [DefNew: 151202K->17024K(153600K), 0.0208476 secs] 274378K->160494K(494976K), 0.0209330 secs] [Times: user=0.02 sys=0.01, real=0.02 secs] 
2018-03-29T15:12:29.361+0000: 299.675: [GC (Allocation Failure) 2018-03-29T15:12:29.361+0000: 299.675: [DefNew: 153600K->5548K(153600K), 0.0523319 secs] 297070K->165715K(494976K), 0.0524139 secs] [Times: user=0.04 sys=0.02, real=0.05 secs] 
2018-03-29T15:12:34.831+0000: 305.146: [GC (Allocation Failure) 2018-03-29T15:12:34.831+0000: 305.146: [DefNew: 142124K->6837K(153600K), 0.0116301 secs] 302291K->167003K(494976K), 0.0117035 secs] [Times: user=0.01 sys=0.00, real=0.01 secs] 
2018-03-29T15:12:40.718+0000: 311.032: [GC (Allocation Failure) 2018-03-29T15:12:40.718+0000: 311.032: [DefNew: 143413K->10163K(153600K), 0.0172149 secs] 303579K->170329K(494976K), 0.0173084 secs] [Times: user=0.02 sys=0.00, real=0.01 secs] 
2018-03-29T15:12:45.820+0000: 316.135: [GC (Allocation Failure) 2018-03-29T15:12:45.821+0000: 316.135: [DefNew: 146739K->11190K(153600K), 0.0498064 secs] 306905K->173474K(494976K), 0.0498908 secs] [Times: user=0.04 sys=0.01, real=0.05 secs] 
2018-03-29T15:12:50.793+0000: 321.107: [GC (Allocation Failure) 2018-03-29T15:12:50.793+0000: 321.108: [DefNew: 139797K->4840K(153600K), 0.0141980 secs] 302080K->170808K(494976K), 0.0142951 secs] [Times: user=0.02 sys=0.00, real=0.01 secs] 
2018-03-29T15:12:55.797+0000: 326.111: [GC (Allocation Failure) 2018-03-29T15:12:55.797+0000: 326.111: [DefNew: 137120K->7192K(153600K), 0.0122840 secs] 303088K->173160K(494976K), 0.0123781 secs] [Times: user=0.01 sys=0.00, real=0.02 secs] 
2018-03-29T15:13:01.321+0000: 331.635: [GC (Allocation Failure) 2018-03-29T15:13:01.321+0000: 331.635: [DefNew: 143768K->8573K(153600K), 0.0133819 secs] 309736K->174541K(494976K), 0.0134714 secs] [Times: user=0.02 sys=0.00, real=0.01 secs] 
2018-03-29T15:13:06.624+0000: 336.938: [GC (Allocation Failure) 2018-03-29T15:13:06.624+0000: 336.938: [DefNew: 145149K->9201K(153600K), 0.0308334 secs] 311117K->176128K(494976K), 0.0309308 secs] [Times: user=0.03 sys=0.00, real=0.03 secs] 
2018-03-29T15:13:12.068+0000: 342.382: [GC (Allocation Failure) 2018-03-29T15:13:12.068+0000: 342.382: [DefNew: 145777K->8454K(153600K), 0.0148721 secs] 312704K->176528K(494976K), 0.0149660 secs] [Times: user=0.02 sys=0.00, real=0.02 secs] 
2018-03-29T15:13:17.472+0000: 347.787: [GC (Allocation Failure) 2018-03-29T15:13:17.473+0000: 347.787: [DefNew: 145030K->10211K(153600K), 0.0148992 secs] 313104K->178284K(494976K), 0.0149898 secs] [Times: user=0.02 sys=0.00, real=0.01 secs] 
2018-03-29T15:13:22.767+0000: 353.082: [GC (Allocation Failure) 2018-03-29T15:13:22.768+0000: 353.082: [DefNew: 146787K->11404K(153600K), 0.0218031 secs] 314860K->181510K(494976K), 0.0218882 secs] [Times: user=0.01 sys=0.00, real=0.03 secs] 
2018-03-29T15:13:28.025+0000: 358.339: [GC (Allocation Failure) 2018-03-29T15:13:28.025+0000: 358.339: [DefNew: 147980K->6817K(153600K), 0.0225147 secs] 318086K->179528K(494976K), 0.0225991 secs] [Times: user=0.03 sys=0.00, real=0.02 secs] 
2018-03-29T15:13:32.725+0000: 363.039: [GC (Allocation Failure) 2018-03-29T15:13:32.725+0000: 363.039: [DefNew: 143393K->10767K(153600K), 0.0176601 secs] 316104K->183478K(494976K), 0.0177491 secs] [Times: user=0.02 sys=0.00, real=0.02 secs] 
2018-03-29T15:13:37.276+0000: 367.590: [GC (Allocation Failure) 2018-03-29T15:13:37.276+0000: 367.590: [DefNew: 147343K->7731K(153600K), 0.0153827 secs] 320054K->182618K(494976K), 0.0154762 secs] [Times: user=0.02 sys=0.00, real=0.02 secs] 
2018-03-29T15:13:42.796+0000: 373.110: [GC (Allocation Failure) 2018-03-29T15:13:42.796+0000: 373.110: [DefNew: 143734K->8754K(153600K), 0.0134858 secs] 318622K->183641K(494976K), 0.0135785 secs] [Times: user=0.02 sys=0.00, real=0.02 secs] 
2018-03-29T15:13:47.797+0000: 378.111: [GC (Allocation Failure) 2018-03-29T15:13:47.797+0000: 378.111: [DefNew: 142384K->9219K(153600K), 0.0159353 secs] 317271K->185379K(494976K), 0.0160208 secs] [Times: user=0.01 sys=0.00, real=0.01 secs] 
2018-03-29T15:13:52.782+0000: 383.097: [GC (Allocation Failure) 2018-03-29T15:13:52.782+0000: 383.097: [DefNew: 145795K->11425K(153600K), 0.0205993 secs] 321955K->188783K(494976K), 0.0206928 secs] [Times: user=0.02 sys=0.00, real=0.02 secs] 
2018-03-29T15:13:57.730+0000: 388.045: [GC (Allocation Failure) 2018-03-29T15:13:57.730+0000: 388.045: [DefNew: 148001K->10416K(153600K), 0.0219862 secs] 325359K->190233K(494976K), 0.0220720 secs] [Times: user=0.02 sys=0.00, real=0.02 secs] 
2018-03-29T15:14:01.801+0000: 392.116: [GC (Allocation Failure) 2018-03-29T15:14:01.802+0000: 392.116: [DefNew: 141543K->8439K(153600K), 0.0151718 secs] 321361K->189551K(494976K), 0.0152705 secs] [Times: user=0.02 sys=0.00, real=0.02 secs] 
2018-03-29T15:14:07.037+0000: 397.351: [GC (Allocation Failure) 2018-03-29T15:14:07.037+0000: 397.351: [DefNew: 145015K->9069K(153600K), 0.0252908 secs] 326127K->190181K(494976K), 0.0253767 secs] [Times: user=0.02 sys=0.00, real=0.02 secs] 
2018-03-29T15:14:11.892+0000: 402.207: [GC (Allocation Failure) 2018-03-29T15:14:11.892+0000: 402.207: [DefNew: 145645K->9450K(153600K), 0.0186686 secs] 326757K->191855K(494976K), 0.0187491 secs] [Times: user=0.02 sys=0.00, real=0.02 secs] 
2018-03-29T15:14:17.283+0000: 407.597: [GC (Allocation Failure) 2018-03-29T15:14:17.283+0000: 407.597: [DefNew: 146026K->8909K(153600K), 0.0163856 secs] 328431K->192949K(494976K), 0.0164663 secs] [Times: user=0.02 sys=0.00, real=0.02 secs] 
2018-03-29T15:14:22.396+0000: 412.711: [GC (Allocation Failure) 2018-03-29T15:14:22.396+0000: 412.711: [DefNew: 145485K->9571K(153600K), 0.0158642 secs] 329525K->194434K(494976K), 0.0159540 secs] [Times: user=0.02 sys=0.00, real=0.02 secs] 
2018-03-29T15:14:26.420+0000: 416.734: [GC (Allocation Failure) 2018-03-29T15:14:26.420+0000: 416.734: [DefNew: 146147K->9686K(153600K), 0.0166114 secs] 331010K->195732K(494976K), 0.0167115 secs] [Times: user=0.01 sys=0.00, real=0.02 secs] 
2018-03-29T15:14:31.012+0000: 421.326: [GC (Allocation Failure) 2018-03-29T15:14:31.012+0000: 421.326: [DefNew: 146262K->9052K(153600K), 0.0244857 secs] 332308K->196149K(494976K), 0.0245854 secs] [Times: user=0.02 sys=0.00, real=0.02 secs] 
2018-03-29T15:14:35.809+0000: 426.124: [GC (Allocation Failure) 2018-03-29T15:14:35.809+0000: 426.124: [DefNew: 135380K->9049K(153600K), 0.0154050 secs] 322477K->197367K(494976K), 0.0154946 secs] [Times: user=0.02 sys=0.00, real=0.01 secs] 
2018-03-29T15:14:40.730+0000: 431.044: [GC (Allocation Failure) 2018-03-29T15:14:40.730+0000: 431.044: [DefNew: 145625K->12510K(153600K), 0.0215544 secs] 333943K->202078K(494976K), 0.0216383 secs] [Times: user=0.02 sys=0.00, real=0.02 secs] 
2018-03-29T15:14:45.501+0000: 435.815: [GC (Allocation Failure) 2018-03-29T15:14:45.501+0000: 435.815: [DefNew: 149086K->7529K(153600K), 0.0159767 secs] 338654K->199848K(494976K), 0.0160838 secs] [Times: user=0.01 sys=0.00, real=0.02 secs] 
2018-03-29T15:14:49.813+0000: 440.127: [GC (Allocation Failure) 2018-03-29T15:14:49.813+0000: 440.127: [DefNew: 140894K->9494K(153600K), 0.0143193 secs] 333213K->201813K(494976K), 0.0144092 secs] [Times: user=0.01 sys=0.00, real=0.01 secs] 
2018-03-29T15:14:54.164+0000: 444.479: [GC (Allocation Failure) 2018-03-29T15:14:54.164+0000: 444.479: [DefNew: 146070K->9232K(153600K), 0.0301957 secs] 338389K->202653K(494976K), 0.0302797 secs] [Times: user=0.01 sys=0.01, real=0.03 secs] 
2018-03-29T15:14:59.552+0000: 449.866: [GC (Allocation Failure) 2018-03-29T15:14:59.552+0000: 449.866: [DefNew: 145808K->9475K(153600K), 0.0157802 secs] 339229K->204101K(494976K), 0.0158568 secs] [Times: user=0.02 sys=0.00, real=0.01 secs] 
2018-03-29T15:15:04.554+0000: 454.869: [GC (Allocation Failure) 2018-03-29T15:15:04.554+0000: 454.869: [DefNew: 146051K->9025K(153600K), 0.0149523 secs] 340677K->205012K(494976K), 0.0150327 secs] [Times: user=0.02 sys=0.00, real=0.02 secs] 
2018-03-29T15:15:08.812+0000: 459.126: [GC (Allocation Failure) 2018-03-29T15:15:08.812+0000: 459.126: [DefNew: 140035K->8283K(153600K), 0.0146020 secs] 336022K->205816K(494976K), 0.0146944 secs] [Times: user=0.02 sys=0.00, real=0.01 secs] 
2018-03-29T15:15:12.749+0000: 463.064: [GC (Allocation Failure) 2018-03-29T15:15:12.749+0000: 463.064: [DefNew: 144665K->12847K(153600K), 0.0381099 secs] 342198K->210381K(494976K), 0.0381963 secs] [Times: user=0.04 sys=0.00, real=0.03 secs] 
2018-03-29T15:15:16.806+0000: 467.121: [GC (Allocation Failure) 2018-03-29T15:15:16.806+0000: 467.121: [DefNew: 138264K->7889K(153600K), 0.0168546 secs] 335797K->208743K(494976K), 0.0169396 secs] [Times: user=0.01 sys=0.00, real=0.02 secs] 
2018-03-29T15:15:21.555+0000: 471.870: [GC (Allocation Failure) 2018-03-29T15:15:21.555+0000: 471.870: [DefNew: 144465K->9664K(153600K), 0.0134107 secs] 345319K->210519K(494976K), 0.0135029 secs] [Times: user=0.01 sys=0.00, real=0.02 secs] 
2018-03-29T15:15:26.811+0000: 477.125: [GC (Allocation Failure) 2018-03-29T15:15:26.811+0000: 477.125: [DefNew: 145548K->8153K(153600K), 0.0131243 secs] 346402K->210709K(494976K), 0.0132109 secs] [Times: user=0.01 sys=0.00, real=0.01 secs] 
2018-03-29T15:15:30.815+0000: 481.130: [GC (Allocation Failure) 2018-03-29T15:15:30.815+0000: 481.130: [DefNew: 135053K->10110K(153600K), 0.0147012 secs] 337609K->212666K(494976K), 0.0147920 secs] [Times: user=0.01 sys=0.00, real=0.02 secs] 
2018-03-29T15:15:34.960+0000: 485.274: [GC (Allocation Failure) 2018-03-29T15:15:34.960+0000: 485.274: [DefNew: 138388K->8962K(153600K), 0.0339492 secs] 340944K->213731K(494976K), 0.0340485 secs] [Times: user=0.03 sys=0.00, real=0.03 secs] 
2018-03-29T15:15:39.405+0000: 489.719: [GC (Allocation Failure) 2018-03-29T15:15:39.405+0000: 489.719: [DefNew: 145538K->9761K(153600K), 0.0254454 secs] 350307K->215266K(494976K), 0.0255212 secs] [Times: user=0.03 sys=0.01, real=0.03 secs] 
2018-03-29T15:15:43.814+0000: 494.129: [GC (Allocation Failure) 2018-03-29T15:15:43.814+0000: 494.129: [DefNew: 146268K->9650K(153600K), 0.0148457 secs] 351773K->216336K(494976K), 0.0149717 secs] [Times: user=0.01 sys=0.00, real=0.02 secs] 
2018-03-29T15:15:48.514+0000: 498.828: [GC (Allocation Failure) 2018-03-29T15:15:48.514+0000: 498.828: [DefNew: 146226K->9700K(153600K), 0.0152515 secs] 352912K->217874K(494976K), 0.0153542 secs] [Times: user=0.02 sys=0.00, real=0.02 secs] 
2018-03-29T15:15:51.967+0000: 502.282: [GC (Allocation Failure) 2018-03-29T15:15:51.967+0000: 502.282: [DefNew: 146276K->10059K(153600K), 0.0167078 secs] 354450K->219411K(494976K), 0.0167926 secs] [Times: user=0.01 sys=0.00, real=0.02 secs] 
2018-03-29T15:15:56.813+0000: 507.128: [GC (Allocation Failure) 2018-03-29T15:15:56.813+0000: 507.128: [DefNew: 142694K->10339K(153600K), 0.0156582 secs] 352045K->220984K(494976K), 0.0157543 secs] [Times: user=0.01 sys=0.00, real=0.02 secs] 
2018-03-29T15:16:01.821+0000: 512.136: [GC (Allocation Failure) 2018-03-29T15:16:01.821+0000: 512.136: [DefNew: 146615K->6946K(153600K), 0.0152615 secs] 357260K->221474K(494976K), 0.0153512 secs] [Times: user=0.01 sys=0.00, real=0.01 secs] 
2018-03-29T15:16:05.820+0000: 516.135: [GC (Allocation Failure) 2018-03-29T15:16:05.820+0000: 516.135: [DefNew: 136585K->9566K(153600K), 0.0141132 secs] 351113K->224094K(494976K), 0.0141972 secs] [Times: user=0.02 sys=0.00, real=0.01 secs] 
2018-03-29T15:16:09.756+0000: 520.070: [GC (Allocation Failure) 2018-03-29T15:16:09.756+0000: 520.070: [DefNew: 146142K->12646K(153600K), 0.0431683 secs] 360670K->228669K(494976K), 0.0432602 secs] [Times: user=0.04 sys=0.00, real=0.05 secs] 
2018-03-29T15:16:13.817+0000: 524.131: [GC (Allocation Failure) 2018-03-29T15:16:13.817+0000: 524.131: [DefNew: 146951K->8052K(153600K), 0.0154500 secs] 362974K->226879K(494976K), 0.0155397 secs] [Times: user=0.02 sys=0.00, real=0.01 secs] 
2018-03-29T15:16:17.831+0000: 528.146: [GC (Allocation Failure) 2018-03-29T15:16:17.831+0000: 528.146: [DefNew: 139870K->9651K(153600K), 0.0129408 secs] 358698K->228479K(494976K), 0.0130255 secs] [Times: user=0.02 sys=0.00, real=0.01 secs] 
15:16:21.037 [Client] INFO  c.s.f.r.e.s.SocketRear  - FlameSocketGraphDeployerRear@10.0.0.225: has been disconnected from Connection 5
2018-03-29T15:16:28.622+0000: 538.937: [GC (Allocation Failure) 2018-03-29T15:16:28.622+0000: 538.937: [DefNew: 146227K->8898K(153600K), 0.0137315 secs] 365055K->229383K(494976K), 0.0138143 secs] [Times: user=0.02 sys=0.00, real=0.01 secs] 
15:16:33.400 [worker-akka.actor.default-dispatcher-16] INFO  a.a.CoordinatedShutdown CoordinatedShutdown(akka://worker) - Starting coordinated shutdown from JVM shutdown hook
15:16:33.423 [worker-akka.actor.default-dispatcher-14] INFO  a.a.LocalActorRef akka://worker/user/watcher/graph_at_0/edge/FlameSocketGraphDeployerFront - Stopped
15:16:33.423 [worker-akka.actor.default-dispatcher-14] INFO  a.a.LocalActorRef akka://worker/user/watcher/graph_at_0/edge/FlameSocketGraphDeployerRear - Stopped
15:16:33.424 [worker-akka.actor.default-dispatcher-2] INFO  a.a.LocalActorRef akka://worker/user/watcher/graph_at_0/edge - Stopped
15:16:33.429 [worker-akka.actor.default-dispatcher-7] INFO  a.a.LocalActorRef akka://worker/user/watcher/graph_at_0/graph/$a - Stopped
15:16:33.429 [worker-akka.actor.default-dispatcher-7] INFO  a.a.LocalActorRef akka://worker/user/watcher/graph_at_0/graph/$b - Stopped
15:16:33.429 [worker-akka.actor.default-dispatcher-7] INFO  a.a.LocalActorRef akka://worker/user/watcher/graph_at_0/graph/$c - Stopped
15:16:33.431 [worker-akka.actor.default-dispatcher-7] INFO  a.a.LocalActorRef akka://worker/user/watcher/graph_at_0/graph/local-acker/$a - Stopped
15:16:33.431 [worker-akka.actor.default-dispatcher-7] INFO  a.a.LocalActorRef akka://worker/user/watcher/graph_at_0/negotiator - Stopped
15:16:33.433 [worker-akka.actor.default-dispatcher-3] INFO  a.a.LocalActorRef akka://worker/user/watcher/graph_at_0/graph/local-acker - Stopped
15:16:33.433 [worker-akka.actor.default-dispatcher-3] INFO  a.a.LocalActorRef akka://worker/user/watcher/graph_at_0/graph - Stopped
15:16:33.434 [worker-akka.actor.default-dispatcher-3] INFO  a.a.LocalActorRef akka://worker/user/watcher/graph_at_0/graph/local-acker/$a - Message [com.spbsu.flamestream.runtime.utils.akka.PingActor$InnerPing] from Actor[akka://worker/user/watcher/graph_at_0/graph/local-acker/$a#154152114] to Actor[akka://worker/user/watcher/graph_at_0/graph/local-acker/$a#154152114] was not delivered. [1] dead letters encountered. This logging can be turned off or adjusted with configuration settings 'akka.log-dead-letters' and 'akka.log-dead-letters-during-shutdown'.
15:16:33.434 [worker-akka.actor.default-dispatcher-3] INFO  a.a.LocalActorRef akka://worker/user/watcher/graph_at_0/graph/local-acker/$a - Message [com.spbsu.flamestream.runtime.utils.akka.PingActor$Stop] from Actor[akka://worker/user/watcher/graph_at_0/graph/local-acker#814492794] to Actor[akka://worker/user/watcher/graph_at_0/graph/local-acker/$a#154152114] was not delivered. [2] dead letters encountered. This logging can be turned off or adjusted with configuration settings 'akka.log-dead-letters' and 'akka.log-dead-letters-during-shutdown'.
15:16:33.437 [worker-akka.actor.default-dispatcher-4] INFO  a.a.LocalActorRef akka://worker/user/watcher/graph_at_0 - Stopped
15:16:33.438 [worker-akka.actor.default-dispatcher-14] INFO  a.a.RepointableActorRef akka://worker/user/watcher - Stopped
15:16:33.440 [worker-akka.actor.default-dispatcher-6-EventThread] INFO  o.a.z.ClientCnxn  - EventThread shut down for session: 0x162724b934d000c
15:16:33.440 [worker-akka.actor.default-dispatcher-4] INFO  o.a.z.ZooKeeper  - Session: 0x162724b934d000c closed
15:16:33.455 [worker-akka.actor.default-dispatcher-4] INFO  a.r.RemoteActorRefProvider$RemotingTerminator akka://worker@10.0.0.225:5412/system/remoting-terminator - Shutting down remote daemon.
15:16:33.455 [worker-akka.actor.default-dispatcher-4] INFO  a.r.RemoteActorRefProvider$RemotingTerminator akka://worker@10.0.0.225:5412/system/remoting-terminator - Remote daemon shut down; proceeding with flushing remote transports.
15:16:34.638 [worker-akka.actor.default-dispatcher-14] INFO  a.r.RemoteActorRefProvider$RemotingTerminator akka://worker@10.0.0.225:5412/system/remoting-terminator - Remoting shut down.
Heap
 def new generation   total 153600K, used 23438K [0x00000000e0c00000, 0x00000000eb2a0000, 0x00000000eb2a0000)
  eden space 136576K,  10% used [0x00000000e0c00000, 0x00000000e1a33130, 0x00000000e9160000)
  from space 17024K,  52% used [0x00000000ea200000, 0x00000000eaab0908, 0x00000000eb2a0000)
  to   space 17024K,   0% used [0x00000000e9160000, 0x00000000e9160000, 0x00000000ea200000)
 tenured generation   total 341376K, used 220485K [0x00000000eb2a0000, 0x0000000100000000, 0x0000000100000000)
   the space 341376K,  64% used [0x00000000eb2a0000, 0x00000000f89f1530, 0x00000000f89f1600, 0x0000000100000000)
 Metaspace       used 34381K, capacity 35284K, committed 35456K, reserved 1079296K
  class space    used 4530K, capacity 4703K, committed 4736K, reserved 1048576K
