13:59:02.019 [worker-akka.actor.default-dispatcher-2] INFO  a.e.s.Slf4jLogger  - Slf4jLogger started
2018-02-19T13:59:02.221+0000: 3.725: [Full GC (Metadata GC Threshold) 2018-02-19T13:59:02.221+0000: 3.725: [Tenured: 0K->15410K(341376K), 0.0385459 secs] 117612K->15410K(494976K), [Metaspace: 20878K->20878K(1067008K)], 0.0386121 secs] [Times: user=0.04 sys=0.00, real=0.04 secs] 
Ama winner
Ama winner
13:59:02.731 [worker-akka.actor.default-dispatcher-2] INFO  a.r.a.ArteryTransport(akka://worker) akka.remote.artery.ArteryTransport(akka://worker) - Started embedded media driver in directory [/dev/shm/aeron-root-worker-351e02fc-b7f8-4586-a141-dfbf1513a80b]
13:59:02.955 [worker-akka.actor.default-dispatcher-2] INFO  a.r.a.ArteryTransport(akka://worker) akka.remote.artery.ArteryTransport(akka://worker) - Remoting started; listening on address: [akka://worker@172.31.47.83:5412] with UID [-1518699554761586983]
13:59:03.058 [worker-akka.actor.default-dispatcher-2] INFO  o.a.z.ZooKeeper  - Client environment:zookeeper.version=3.4.9-1757313, built on 08/23/2016 06:50 GMT
13:59:03.058 [worker-akka.actor.default-dispatcher-2] INFO  o.a.z.ZooKeeper  - Client environment:host.name=ip-172-31-47-83.us-east-2.compute.internal
13:59:03.058 [worker-akka.actor.default-dispatcher-2] INFO  o.a.z.ZooKeeper  - Client environment:java.version=1.8.0_151
13:59:03.058 [worker-akka.actor.default-dispatcher-2] INFO  o.a.z.ZooKeeper  - Client environment:java.vendor=Oracle Corporation
13:59:03.059 [worker-akka.actor.default-dispatcher-2] INFO  o.a.z.ZooKeeper  - Client environment:java.home=/usr/lib/jvm/java-8-openjdk-amd64/jre
13:59:03.059 [worker-akka.actor.default-dispatcher-2] INFO  o.a.z.ZooKeeper  - Client environment:java.class.path=lib/commons-cli-1.4.jar:lib/minlog-1.3.0.jar:lib/asm-5.0.4.jar:lib/hadoop-annotations-2.7.3.jar:lib/hadoop-auth-2.7.3.jar:lib/akka-slf4j_2.11-2.5.6.jar:lib/jersey-core-1.9.jar:lib/lz4-1.3.0.jar:lib/jackson-core-asl-1.9.13.jar:lib/aeron-client-1.3.0.jar:lib/htrace-core-3.1.0-incubating.jar:lib/xz-1.0.jar:lib/commons-httpclient-3.1.jar:lib/asm-3.1.jar:lib/commons-lang3-3.4.jar:lib/scala-library-2.11.11.jar:lib/scala-java8-compat_2.11-0.7.0.jar:lib/commons-configuration-1.6.jar:lib/objenesis-2.1.jar:lib/jackson-annotations-2.8.0.jar:lib/jsr305-3.0.0.jar:lib/curator-framework-2.7.1.jar:lib/jersey-server-1.9.jar:lib/jets3t-0.9.0.jar:lib/leveldb-0.7.jar:lib/jetty-6.1.26.jar:lib/stax-api-1.0-2.jar:lib/flamestream-core-1.0-SNAPSHOT.jar:lib/reflectasm-1.07-shaded.jar:lib/apacheds-kerberos-codec-2.0.0-M15.jar:lib/api-asn1-api-1.0.0-M20.jar:lib/commons-lang-2.6.jar:lib/commons-beanutils-1.7.0.jar:lib/jackson-xc-1.8.3.jar:lib/jetty-util-6.1.26.jar:lib/logback-classic-1.2.3.jar:lib/jool-0.9.12.jar:lib/flamestream-runtime-1.0-SNAPSHOT-tests.jar:lib/httpcore-4.1.2.jar:lib/kryo-4.0.0.jar:lib/ant-1.8.1.jar:lib/jaxb-impl-2.2.3-1.jar:lib/jersey-json-1.9.jar:lib/commons-compress-1.4.1.jar:lib/leveldbjni-all-1.8.jar:lib/paranamer-2.3.jar:lib/jackson-core-2.8.4.jar:lib/commons-math3-3.6.1.jar:lib/scala-parser-combinators_2.11-1.0.4.jar:lib/netty-3.10.6.Final.jar:lib/trove4j-3.0.3.jar:lib/jaxb-api-2.2.2.jar:lib/logback-core-1.2.3.jar:lib/snappy-java-1.0.4.1.jar:lib/protobuf-java-2.5.0.jar:lib/reactive-streams-1.0.1.jar:lib/flamestream-examples-1.0-SNAPSHOT.jar:lib/commons-codec-1.4.jar:lib/activation-1.1.jar:lib/commons-net-3.1.jar:lib/curator-recipes-2.7.1.jar:lib/jackson-mapper-asl-1.9.13.jar:lib/jackson-databind-2.8.4.jar:lib/flamestream-runtime-1.0-SNAPSHOT.jar:lib/jackson-jaxrs-1.8.3.jar:lib/slf4j-api-1.7.24.jar:lib/akka-remote_2.11-2.5.6.jar:lib/akka-testkit_2.11-2.5.6.jar:lib/jline-0.9.94.jar:lib/akka-stream_2.11-2.5.6.jar:lib/jsp-api-2.1.jar:lib/kryonet-2.21.jar:lib/akka-kryo-serialization_2.11-0.5.0.jar:lib/config-1.3.1.jar:lib/ant-launcher-1.8.1.jar:lib/commons-logging-1.2.jar:lib/ssl-config-core_2.11-0.2.2.jar:lib/testng-6.10.jar:lib/leveldb-api-0.7.jar:lib/reflectasm-1.11.3.jar:lib/jcommander-1.48.jar:lib/commons-1.1.jar:lib/commons-digester-1.8.jar:lib/minlog-1.2.jar:lib/java-xmlbuilder-0.4.jar:lib/jettison-1.1.jar:lib/gson-2.2.4.jar:lib/jdk.tools-1.8.jar:lib/aeron-driver-1.3.0.jar:lib/zookeeper-3.4.9.jar:lib/commons-beanutils-core-1.8.0.jar:lib/commons-math3-3.1.1.jar:lib/akka-actor_2.11-2.5.6.jar:lib/curator-client-2.7.1.jar:lib/servlet-api-2.5.jar:lib/apacheds-i18n-2.0.0-M15.jar:lib/commons-io-2.4.jar:lib/commons-codec-1.6.jar:lib/akka-protobuf_2.11-2.5.6.jar:lib/protobuf-java-3.5.1.jar:lib/jdom-2.0.2.jar:lib/api-util-1.0.0-M20.jar:lib/hadoop-common-2.7.3.jar:lib/agrona-0.9.6.jar:lib/xmlenc-0.52.jar:lib/guava-21.0.jar:lib/commons-collections-3.2.2.jar:lib/avro-1.7.4.jar:lib/httpclient-4.1.2.jar:lib/flamestream-core-1.0-SNAPSHOT-tests.jar:lib/annotations-12.0.jar:lib/jsch-0.1.42.jar:flamestream-runtime-1.0-SNAPSHOT.jar
13:59:03.059 [worker-akka.actor.default-dispatcher-2] INFO  o.a.z.ZooKeeper  - Client environment:java.library.path=/usr/java/packages/lib/amd64:/usr/lib/x86_64-linux-gnu/jni:/lib/x86_64-linux-gnu:/usr/lib/x86_64-linux-gnu:/usr/lib/jni:/lib:/usr/lib
13:59:03.059 [worker-akka.actor.default-dispatcher-2] INFO  o.a.z.ZooKeeper  - Client environment:java.io.tmpdir=/tmp
13:59:03.059 [worker-akka.actor.default-dispatcher-2] INFO  o.a.z.ZooKeeper  - Client environment:java.compiler=<NA>
13:59:03.059 [worker-akka.actor.default-dispatcher-2] INFO  o.a.z.ZooKeeper  - Client environment:os.name=Linux
13:59:03.059 [worker-akka.actor.default-dispatcher-2] INFO  o.a.z.ZooKeeper  - Client environment:os.arch=amd64
13:59:03.059 [worker-akka.actor.default-dispatcher-2] INFO  o.a.z.ZooKeeper  - Client environment:os.version=4.4.0-1049-aws
13:59:03.059 [worker-akka.actor.default-dispatcher-2] INFO  o.a.z.ZooKeeper  - Client environment:user.name=root
13:59:03.060 [worker-akka.actor.default-dispatcher-2] INFO  o.a.z.ZooKeeper  - Client environment:user.home=/root
13:59:03.061 [worker-akka.actor.default-dispatcher-2] INFO  o.a.z.ZooKeeper  - Client environment:user.dir=/opt/flamestream
13:59:03.064 [worker-akka.actor.default-dispatcher-2] INFO  o.a.z.ZooKeeper  - Initiating client connection, connectString=172.31.34.147:2181 sessionTimeout=5000 watcher=com.spbsu.flamestream.runtime.application.LifecycleWatcher$$Lambda$29/1242108822@61293334
13:59:03.099 [worker-akka.actor.default-dispatcher-2] INFO  a.a.RepointableActorRef akka://worker/user/watcher - Starting...
13:59:03.107 [worker-akka.actor.default-dispatcher-2-SendThread(172.31.34.147:2181)] INFO  o.a.z.ClientCnxn  - Opening socket connection to server 172.31.34.147/172.31.34.147:2181. Will not attempt to authenticate using SASL (unknown error)
13:59:03.114 [worker-akka.actor.default-dispatcher-2-SendThread(172.31.34.147:2181)] INFO  o.a.z.ClientCnxn  - Socket connection established to 172.31.34.147/172.31.34.147:2181, initiating session
13:59:03.121 [worker-akka.actor.default-dispatcher-2-SendThread(172.31.34.147:2181)] INFO  o.a.z.ClientCnxn  - Session establishment complete on server 172.31.34.147/172.31.34.147:2181, sessionid = 0x161ae5b8406000c, negotiated timeout = 6000
13:59:03.216 [worker-akka.actor.default-dispatcher-2] INFO  a.a.RepointableActorRef akka://worker/user/watcher - Connected to ZK
13:59:12.129 [worker-akka.actor.default-dispatcher-2] INFO  a.a.RepointableActorRef akka://worker/user/watcher - Creating node with watchGraphs: 'com.spbsu.flamestream.core.Graph$Builder$MyGraph@68bb32a', config: 'ClusterConfig{paths={172.31.33.155=akka://worker@172.31.33.155:5412/user/watcher/graph0000000000, 172.31.47.83=akka://worker@172.31.47.83:5412/user/watcher/graph0000000000, 172.31.45.197=akka://worker@172.31.45.197:5412/user/watcher/graph0000000000, 172.31.42.36=akka://worker@172.31.42.36:5412/user/watcher/graph0000000000, 172.31.44.83=akka://worker@172.31.44.83:5412/user/watcher/graph0000000000, 172.31.39.64=akka://worker@172.31.39.64:5412/user/watcher/graph0000000000, 172.31.35.79=akka://worker@172.31.35.79:5412/user/watcher/graph0000000000, 172.31.34.169=akka://worker@172.31.34.169:5412/user/watcher/graph0000000000, 172.31.47.100=akka://worker@172.31.47.100:5412/user/watcher/graph0000000000, 172.31.37.101=akka://worker@172.31.37.101:5412/user/watcher/graph0000000000}, ackerLocation='172.31.35.79', props=ComputationLayout{ranges={172.31.33.155=HashRange{from=-1670265060, to=-1193046472}, 172.31.47.83=HashRange{from=1670265056, to=2147483644}, 172.31.45.197=HashRange{from=-715827884, to=-238609296}, 172.31.42.36=HashRange{from=1193046468, to=1670265056}, 172.31.44.83=HashRange{from=-238609296, to=238609292}, 172.31.39.64=HashRange{from=715827880, to=1193046468}, 172.31.35.79=HashRange{from=0, to=0}, 172.31.34.169=HashRange{from=-2147483648, to=-1670265060}, 172.31.47.100=HashRange{from=238609292, to=715827880}, 172.31.37.101=HashRange{from=-1193046472, to=-715827884}}}}'
13:59:13.030 [worker-akka.actor.default-dispatcher-2] INFO  a.a.LocalActorRef akka://worker/user/watcher/graph0000000000/graph - Starting...
13:59:13.032 [worker-akka.actor.default-dispatcher-2] INFO  a.a.LocalActorRef akka://worker/user/watcher/graph0000000000/graph/local-acker - Starting...
13:59:13.035 [worker-akka.actor.default-dispatcher-2] INFO  a.a.LocalActorRef akka://worker/user/watcher/graph0000000000/graph/local-acker/$a - Starting...
Warning: space is running low in /dev/shm (tmpfs) threshold=167,772,160 usable=158,621,696
Warning: space is running low in /dev/shm (tmpfs) threshold=167,772,160 usable=146,034,688
Warning: space is running low in /dev/shm (tmpfs) threshold=167,772,160 usable=133,447,680
Warning: space is running low in /dev/shm (tmpfs) threshold=167,772,160 usable=120,860,672
Warning: space is running low in /dev/shm (tmpfs) threshold=167,772,160 usable=108,273,664
Warning: space is running low in /dev/shm (tmpfs) threshold=167,772,160 usable=95,686,656
Warning: space is running low in /dev/shm (tmpfs) threshold=167,772,160 usable=83,099,648
Warning: space is running low in /dev/shm (tmpfs) threshold=167,772,160 usable=70,512,640
13:59:13.970 [worker-akka.actor.default-dispatcher-2] INFO  a.a.LocalActorRef akka://worker/user/watcher/graph0000000000/graph - Finishing constructor
13:59:13.972 [worker-akka.actor.default-dispatcher-2] INFO  a.a.LocalActorRef akka://worker/user/watcher/graph0000000000 - Starting...
13:59:13.974 [worker-akka.actor.default-dispatcher-2] INFO  a.a.LocalActorRef akka://worker/user/watcher/graph0000000000/negotiator - Starting...
13:59:14.039 [worker-akka.actor.default-dispatcher-2] INFO  a.a.LocalActorRef akka://worker/user/watcher/graph0000000000/edge - Starting...
13:59:14.041 [worker-akka.actor.default-dispatcher-2] INFO  a.a.LocalActorRef akka://worker/user/watcher/graph0000000000/graph/$a - Starting...
13:59:14.042 [worker-akka.actor.default-dispatcher-2] INFO  a.a.LocalActorRef akka://worker/user/watcher/graph0000000000/graph/$b - Starting...
13:59:14.042 [worker-akka.actor.default-dispatcher-2] INFO  a.a.LocalActorRef akka://worker/user/watcher/graph0000000000/graph/$c - Starting...
13:59:14.070 [worker-akka.actor.default-dispatcher-2] INFO  c.s.f.r.e.s.SocketRear  - FlameSocketGraphDeployerRear@172.31.47.83: connecting to 172.31.34.147:5678
13:59:14.078 [worker-akka.actor.default-dispatcher-2] INFO  c.s.f.r.e.s.SocketRear  - FlameSocketGraphDeployerRear@172.31.47.83: connected to 172.31.34.147:5678
13:59:14.104 [worker-akka.actor.default-dispatcher-2] INFO  a.a.LocalActorRef akka://worker/user/watcher/graph0000000000/edge/FlameSocketGraphDeployerRear - Starting...
13:59:14.105 [worker-akka.actor.default-dispatcher-2] INFO  a.a.LocalActorRef akka://worker/user/watcher/graph0000000000/edge/FlameSocketGraphDeployerFront - Starting...
13:59:14.107 [worker-akka.actor.default-dispatcher-2] INFO  a.a.LocalActorRef akka://worker/user/watcher/graph0000000000/negotiator - Requesting ticket for the frontClass FlameSocketGraphDeployerFront@172.31.47.83
13:59:14.124 [worker-akka.actor.default-dispatcher-2] INFO  a.a.LocalActorRef akka://worker/user/watcher/graph0000000000/negotiator - Ticket for the frontClass received: FrontTicket{allowedTimestamp=(1519048752140, FlameSocketGraphDeployerFront@172.31.47.83)}
13:59:14.126 [worker-akka.actor.default-dispatcher-2] INFO  c.s.f.r.e.s.SocketFront  - FlameSocketGraphDeployerFront@172.31.47.83: connecting to 172.31.34.147:4567
13:59:14.147 [Client] INFO  c.s.f.r.e.s.SocketFront  - FlameSocketGraphDeployerFront@172.31.47.83 has been disconnected from Connection 3
2018-02-19T13:59:18.113+0000: 19.618: [GC (Allocation Failure) 2018-02-19T13:59:18.114+0000: 19.618: [DefNew: 136576K->15252K(153600K), 0.0287900 secs] 151986K->50194K(494976K), 0.0288583 secs] [Times: user=0.01 sys=0.02, real=0.02 secs] 
2018-02-19T13:59:31.821+0000: 33.325: [GC (Allocation Failure) 2018-02-19T13:59:31.821+0000: 33.325: [DefNew: 151828K->3608K(153600K), 0.0177015 secs] 186770K->46117K(494976K), 0.0177618 secs] [Times: user=0.01 sys=0.01, real=0.02 secs] 
2018-02-19T13:59:46.462+0000: 47.966: [GC (Allocation Failure) 2018-02-19T13:59:46.462+0000: 47.966: [DefNew: 140184K->5383K(153600K), 0.0111547 secs] 182693K->47893K(494976K), 0.0112138 secs] [Times: user=0.01 sys=0.00, real=0.02 secs] 
2018-02-19T13:59:58.813+0000: 60.317: [GC (Allocation Failure) 2018-02-19T13:59:58.813+0000: 60.317: [DefNew: 141959K->6958K(153600K), 0.0151245 secs] 184469K->49468K(494976K), 0.0151980 secs] [Times: user=0.02 sys=0.01, real=0.01 secs] 
2018-02-19T14:00:10.810+0000: 72.314: [GC (Allocation Failure) 2018-02-19T14:00:10.810+0000: 72.314: [DefNew: 143534K->8699K(153600K), 0.0151197 secs] 186044K->51209K(494976K), 0.0151855 secs] [Times: user=0.01 sys=0.00, real=0.02 secs] 
2018-02-19T14:00:22.099+0000: 83.603: [GC (Allocation Failure) 2018-02-19T14:00:22.099+0000: 83.603: [DefNew: 145275K->8327K(153600K), 0.0165889 secs] 187785K->52385K(494976K), 0.0166651 secs] [Times: user=0.02 sys=0.00, real=0.02 secs] 
2018-02-19T14:00:36.716+0000: 98.220: [GC (Allocation Failure) 2018-02-19T14:00:36.716+0000: 98.220: [DefNew: 144903K->9351K(153600K), 0.0152265 secs] 188961K->53410K(494976K), 0.0152995 secs] [Times: user=0.02 sys=0.00, real=0.01 secs] 
2018-02-19T14:00:54.110+0000: 115.614: [GC (Allocation Failure) 2018-02-19T14:00:54.110+0000: 115.614: [DefNew: 145927K->9723K(153600K), 0.0177995 secs] 189986K->54863K(494976K), 0.0178789 secs] [Times: user=0.01 sys=0.00, real=0.02 secs] 
2018-02-19T14:01:11.139+0000: 132.643: [GC (Allocation Failure) 2018-02-19T14:01:11.139+0000: 132.643: [DefNew: 146299K->10481K(153600K), 0.0204603 secs] 191439K->56615K(494976K), 0.0205268 secs] [Times: user=0.02 sys=0.00, real=0.02 secs] 
2018-02-19T14:01:24.496+0000: 146.000: [GC (Allocation Failure) 2018-02-19T14:01:24.496+0000: 146.000: [DefNew: 147057K->8872K(153600K), 0.0182007 secs] 193191K->57442K(494976K), 0.0182665 secs] [Times: user=0.02 sys=0.00, real=0.02 secs] 
2018-02-19T14:01:40.217+0000: 161.721: [GC (Allocation Failure) 2018-02-19T14:01:40.217+0000: 161.722: [DefNew: 145448K->8728K(153600K), 0.0156785 secs] 194018K->58395K(494976K), 0.0157558 secs] [Times: user=0.02 sys=0.00, real=0.02 secs] 
2018-02-19T14:01:58.299+0000: 179.803: [GC (Allocation Failure) 2018-02-19T14:01:58.299+0000: 179.803: [DefNew: 145304K->8727K(153600K), 0.0160531 secs] 194971K->59663K(494976K), 0.0161230 secs] [Times: user=0.02 sys=0.00, real=0.02 secs] 
2018-02-19T14:02:15.261+0000: 196.765: [GC (Allocation Failure) 2018-02-19T14:02:15.261+0000: 196.765: [DefNew: 145303K->8747K(153600K), 0.0157325 secs] 196239K->61048K(494976K), 0.0157956 secs] [Times: user=0.01 sys=0.00, real=0.02 secs] 
2018-02-19T14:02:30.368+0000: 211.872: [GC (Allocation Failure) 2018-02-19T14:02:30.368+0000: 211.872: [DefNew: 145323K->8658K(153600K), 0.0160519 secs] 197624K->62054K(494976K), 0.0161286 secs] [Times: user=0.02 sys=0.00, real=0.01 secs] 
2018-02-19T14:02:45.981+0000: 227.485: [GC (Allocation Failure) 2018-02-19T14:02:45.981+0000: 227.485: [DefNew: 145234K->9158K(153600K), 0.0162496 secs] 198630K->63649K(494976K), 0.0163126 secs] [Times: user=0.02 sys=0.00, real=0.02 secs] 
2018-02-19T14:03:01.257+0000: 242.761: [GC (Allocation Failure) 2018-02-19T14:03:01.257+0000: 242.761: [DefNew: 145734K->9095K(153600K), 0.0166644 secs] 200225K->64707K(494976K), 0.0167353 secs] [Times: user=0.01 sys=0.00, real=0.02 secs] 
2018-02-19T14:03:16.252+0000: 257.756: [GC (Allocation Failure) 2018-02-19T14:03:16.252+0000: 257.756: [DefNew: 145671K->9016K(153600K), 0.0164293 secs] 201283K->65801K(494976K), 0.0165014 secs] [Times: user=0.02 sys=0.00, real=0.02 secs] 
2018-02-19T14:03:33.056+0000: 274.560: [GC (Allocation Failure) 2018-02-19T14:03:33.056+0000: 274.560: [DefNew: 145592K->10379K(153600K), 0.0184024 secs] 202377K->68192K(494976K), 0.0184605 secs] [Times: user=0.02 sys=0.00, real=0.02 secs] 
2018-02-19T14:03:49.704+0000: 291.208: [GC (Allocation Failure) 2018-02-19T14:03:49.704+0000: 291.208: [DefNew: 146955K->9479K(153600K), 0.0186942 secs] 204768K->69466K(494976K), 0.0187558 secs] [Times: user=0.02 sys=0.00, real=0.02 secs] 
2018-02-19T14:04:06.725+0000: 308.229: [GC (Allocation Failure) 2018-02-19T14:04:06.725+0000: 308.229: [DefNew: 146055K->9200K(153600K), 0.0163235 secs] 206042K->70556K(494976K), 0.0164011 secs] [Times: user=0.02 sys=0.00, real=0.01 secs] 
2018-02-19T14:04:21.271+0000: 322.775: [GC (Allocation Failure) 2018-02-19T14:04:21.271+0000: 322.775: [DefNew: 145776K->8582K(153600K), 0.0215787 secs] 207132K->71984K(494976K), 0.0216579 secs] [Times: user=0.01 sys=0.00, real=0.03 secs] 
2018-02-19T14:04:35.022+0000: 336.526: [GC (Allocation Failure) 2018-02-19T14:04:35.022+0000: 336.526: [DefNew: 145158K->8707K(153600K), 0.0160463 secs] 208560K->73451K(494976K), 0.0161133 secs] [Times: user=0.02 sys=0.00, real=0.02 secs] 
2018-02-19T14:04:47.351+0000: 348.855: [GC (Allocation Failure) 2018-02-19T14:04:47.351+0000: 348.855: [DefNew: 145283K->8961K(153600K), 0.0174886 secs] 210027K->74782K(494976K), 0.0175539 secs] [Times: user=0.02 sys=0.00, real=0.02 secs] 
2018-02-19T14:05:02.971+0000: 364.475: [GC (Allocation Failure) 2018-02-19T14:05:02.971+0000: 364.475: [DefNew: 145537K->10137K(153600K), 0.0168388 secs] 211358K->77029K(494976K), 0.0169020 secs] [Times: user=0.01 sys=0.00, real=0.02 secs] 
2018-02-19T14:05:15.214+0000: 376.718: [GC (Allocation Failure) 2018-02-19T14:05:15.214+0000: 376.718: [DefNew: 146713K->8549K(153600K), 0.0183555 secs] 213605K->78124K(494976K), 0.0184190 secs] [Times: user=0.02 sys=0.00, real=0.02 secs] 
2018-02-19T14:05:29.776+0000: 391.280: [GC (Allocation Failure) 2018-02-19T14:05:29.776+0000: 391.280: [DefNew: 145125K->7720K(153600K), 0.0165381 secs] 214700K->79616K(494976K), 0.0166127 secs] [Times: user=0.02 sys=0.00, real=0.02 secs] 
2018-02-19T14:05:45.183+0000: 406.687: [GC (Allocation Failure) 2018-02-19T14:05:45.183+0000: 406.687: [DefNew: 144296K->9192K(153600K), 0.0140138 secs] 216192K->81088K(494976K), 0.0140798 secs] [Times: user=0.01 sys=0.00, real=0.02 secs] 
2018-02-19T14:06:00.502+0000: 422.006: [GC (Allocation Failure) 2018-02-19T14:06:00.502+0000: 422.006: [DefNew: 145768K->9466K(153600K), 0.0159289 secs] 217664K->82457K(494976K), 0.0159934 secs] [Times: user=0.02 sys=0.00, real=0.02 secs] 
2018-02-19T14:06:14.963+0000: 436.467: [GC (Allocation Failure) 2018-02-19T14:06:14.963+0000: 436.467: [DefNew: 146042K->9775K(153600K), 0.0170543 secs] 219033K->83902K(494976K), 0.0171177 secs] [Times: user=0.02 sys=0.00, real=0.02 secs] 
2018-02-19T14:06:29.766+0000: 451.270: [GC (Allocation Failure) 2018-02-19T14:06:29.766+0000: 451.270: [DefNew: 146351K->9852K(153600K), 0.0168348 secs] 220478K->85195K(494976K), 0.0169091 secs] [Times: user=0.02 sys=0.00, real=0.01 secs] 
2018-02-19T14:06:43.713+0000: 465.217: [GC (Allocation Failure) 2018-02-19T14:06:43.713+0000: 465.217: [DefNew: 146428K->10042K(153600K), 0.0172409 secs] 221771K->86557K(494976K), 0.0173187 secs] [Times: user=0.02 sys=0.00, real=0.01 secs] 
2018-02-19T14:06:59.969+0000: 481.473: [GC (Allocation Failure) 2018-02-19T14:06:59.969+0000: 481.473: [DefNew: 146618K->9258K(153600K), 0.0221102 secs] 223133K->88398K(494976K), 0.0221739 secs] [Times: user=0.01 sys=0.01, real=0.02 secs] 
2018-02-19T14:07:14.226+0000: 495.730: [GC (Allocation Failure) 2018-02-19T14:07:14.226+0000: 495.730: [DefNew: 145834K->9217K(153600K), 0.0173347 secs] 224974K->89972K(494976K), 0.0173993 secs] [Times: user=0.01 sys=0.00, real=0.01 secs] 
2018-02-19T14:07:27.199+0000: 508.703: [GC (Allocation Failure) 2018-02-19T14:07:27.199+0000: 508.703: [DefNew: 145793K->8776K(153600K), 0.0168238 secs] 226548K->91048K(494976K), 0.0169029 secs] [Times: user=0.02 sys=0.00, real=0.02 secs] 
2018-02-19T14:07:41.534+0000: 523.038: [GC (Allocation Failure) 2018-02-19T14:07:41.534+0000: 523.038: [DefNew: 145352K->9178K(153600K), 0.0170762 secs] 227624K->92828K(494976K), 0.0171402 secs] [Times: user=0.02 sys=0.00, real=0.01 secs] 
2018-02-19T14:07:55.885+0000: 537.389: [GC (Allocation Failure) 2018-02-19T14:07:55.885+0000: 537.389: [DefNew: 145754K->9279K(153600K), 0.0155301 secs] 229404K->94299K(494976K), 0.0156042 secs] [Times: user=0.02 sys=0.00, real=0.01 secs] 
2018-02-19T14:08:09.630+0000: 551.134: [GC (Allocation Failure) 2018-02-19T14:08:09.630+0000: 551.134: [DefNew: 145855K->8930K(153600K), 0.0165880 secs] 230875K->95561K(494976K), 0.0166573 secs] [Times: user=0.00 sys=0.01, real=0.02 secs] 
2018-02-19T14:08:25.068+0000: 566.572: [GC (Allocation Failure) 2018-02-19T14:08:25.068+0000: 566.572: [DefNew: 145506K->9396K(153600K), 0.0159929 secs] 232137K->97414K(494976K), 0.0160530 secs] [Times: user=0.01 sys=0.00, real=0.01 secs] 
2018-02-19T14:08:42.376+0000: 583.880: [GC (Allocation Failure) 2018-02-19T14:08:42.376+0000: 583.880: [DefNew: 145972K->9815K(153600K), 0.0169788 secs] 233990K->99160K(494976K), 0.0170729 secs] [Times: user=0.02 sys=0.00, real=0.02 secs] 
2018-02-19T14:08:55.871+0000: 597.375: [GC (Allocation Failure) 2018-02-19T14:08:55.871+0000: 597.375: [DefNew: 146391K->10428K(153600K), 0.0174049 secs] 235736K->101156K(494976K), 0.0174657 secs] [Times: user=0.01 sys=0.00, real=0.02 secs] 
2018-02-19T14:09:10.768+0000: 612.272: [GC (Allocation Failure) 2018-02-19T14:09:10.768+0000: 612.272: [DefNew: 147004K->10225K(153600K), 0.0169202 secs] 237732K->102635K(494976K), 0.0169883 secs] [Times: user=0.02 sys=0.00, real=0.02 secs] 
2018-02-19T14:09:23.574+0000: 625.078: [GC (Allocation Failure) 2018-02-19T14:09:23.574+0000: 625.078: [DefNew: 146801K->10491K(153600K), 0.0228941 secs] 239211K->104566K(494976K), 0.0229721 secs] [Times: user=0.02 sys=0.00, real=0.02 secs] 
14:09:33.347 [Client] INFO  c.s.f.r.e.s.SocketRear  - FlameSocketGraphDeployerRear@172.31.47.83: has been disconnected from Connection 3
14:09:47.625 [worker-akka.actor.default-dispatcher-2] INFO  a.a.CoordinatedShutdown CoordinatedShutdown(akka://worker) - Starting coordinated shutdown from JVM shutdown hook
14:09:47.665 [worker-akka.actor.default-dispatcher-2] INFO  a.a.LocalActorRef akka://worker/user/watcher/graph0000000000/negotiator - Stopped
14:09:47.666 [worker-akka.actor.default-dispatcher-2] INFO  a.a.LocalActorRef akka://worker/user/watcher/graph0000000000/edge/FlameSocketGraphDeployerFront - Stopped
14:09:47.670 [worker-akka.actor.default-dispatcher-2] INFO  a.a.LocalActorRef akka://worker/user/watcher/graph0000000000/edge/FlameSocketGraphDeployerRear - Stopped
14:09:47.672 [worker-akka.actor.default-dispatcher-2] INFO  a.a.LocalActorRef akka://worker/user/watcher/graph0000000000/graph/$a - Stopped
14:09:47.674 [worker-akka.actor.default-dispatcher-2] INFO  a.a.LocalActorRef akka://worker/user/watcher/graph0000000000/graph/$b - Stopped
14:09:47.675 [worker-akka.actor.default-dispatcher-2] INFO  a.a.LocalActorRef akka://worker/user/watcher/graph0000000000/graph/$c - Stopped
14:09:47.676 [worker-akka.actor.default-dispatcher-2] INFO  a.a.LocalActorRef akka://worker/user/watcher/graph0000000000/graph/local-acker/$a - Stopped
14:09:47.683 [worker-akka.actor.default-dispatcher-2] INFO  a.a.LocalActorRef akka://worker/user/watcher/graph0000000000/edge - Stopped
14:09:47.684 [worker-akka.actor.default-dispatcher-2] INFO  a.a.LocalActorRef akka://worker/user/watcher/graph0000000000/graph/local-acker/$a - Message [com.spbsu.flamestream.runtime.utils.akka.PingActor$InnerPing] from Actor[akka://worker/user/watcher/graph0000000000/graph/local-acker/$a#1660507700] to Actor[akka://worker/user/watcher/graph0000000000/graph/local-acker/$a#1660507700] was not delivered. [1] dead letters encountered. This logging can be turned off or adjusted with configuration settings 'akka.log-dead-letters' and 'akka.log-dead-letters-during-shutdown'.
14:09:47.685 [worker-akka.actor.default-dispatcher-2] INFO  a.a.LocalActorRef akka://worker/user/watcher/graph0000000000/graph/local-acker - Stopped
14:09:47.688 [worker-akka.actor.default-dispatcher-2] INFO  a.a.LocalActorRef akka://worker/user/watcher/graph0000000000/graph/local-acker/$a - Message [com.spbsu.flamestream.runtime.utils.akka.PingActor$Stop] from Actor[akka://worker/user/watcher/graph0000000000/graph/local-acker#-1270287330] to Actor[akka://worker/user/watcher/graph0000000000/graph/local-acker/$a#1660507700] was not delivered. [2] dead letters encountered. This logging can be turned off or adjusted with configuration settings 'akka.log-dead-letters' and 'akka.log-dead-letters-during-shutdown'.
14:09:47.689 [worker-akka.actor.default-dispatcher-2] INFO  a.a.LocalActorRef akka://worker/user/watcher/graph0000000000/graph/local-acker - Message [com.spbsu.flamestream.runtime.acker.LocalAcker$Flush] from Actor[akka://worker/user/watcher/graph0000000000/graph/local-acker#-1270287330] to Actor[akka://worker/user/watcher/graph0000000000/graph/local-acker#-1270287330] was not delivered. [3] dead letters encountered. This logging can be turned off or adjusted with configuration settings 'akka.log-dead-letters' and 'akka.log-dead-letters-during-shutdown'.
14:09:47.691 [worker-akka.actor.default-dispatcher-2] INFO  a.a.LocalActorRef akka://worker/user/watcher/graph0000000000/graph/local-acker - Message [com.spbsu.flamestream.runtime.acker.LocalAcker$Flush] from Actor[akka://worker/user/watcher/graph0000000000/graph/local-acker#-1270287330] to Actor[akka://worker/user/watcher/graph0000000000/graph/local-acker#-1270287330] was not delivered. [4] dead letters encountered. This logging can be turned off or adjusted with configuration settings 'akka.log-dead-letters' and 'akka.log-dead-letters-during-shutdown'.
14:09:47.692 [worker-akka.actor.default-dispatcher-2] INFO  a.a.LocalActorRef akka://worker/user/watcher/graph0000000000/graph/local-acker - Message [com.spbsu.flamestream.runtime.acker.LocalAcker$Flush] from Actor[akka://worker/user/watcher/graph0000000000/graph/local-acker#-1270287330] to Actor[akka://worker/user/watcher/graph0000000000/graph/local-acker#-1270287330] was not delivered. [5] dead letters encountered. This logging can be turned off or adjusted with configuration settings 'akka.log-dead-letters' and 'akka.log-dead-letters-during-shutdown'.
14:09:47.692 [worker-akka.actor.default-dispatcher-2] INFO  a.a.LocalActorRef akka://worker/user/watcher/graph0000000000/graph/local-acker - Message [com.spbsu.flamestream.runtime.acker.LocalAcker$Flush] from Actor[akka://worker/user/watcher/graph0000000000/graph/local-acker#-1270287330] to Actor[akka://worker/user/watcher/graph0000000000/graph/local-acker#-1270287330] was not delivered. [6] dead letters encountered. This logging can be turned off or adjusted with configuration settings 'akka.log-dead-letters' and 'akka.log-dead-letters-during-shutdown'.
14:09:47.692 [worker-akka.actor.default-dispatcher-2] INFO  a.a.LocalActorRef akka://worker/user/watcher/graph0000000000/graph/local-acker - Message [com.spbsu.flamestream.runtime.acker.LocalAcker$Flush] from Actor[akka://worker/user/watcher/graph0000000000/graph/local-acker#-1270287330] to Actor[akka://worker/user/watcher/graph0000000000/graph/local-acker#-1270287330] was not delivered. [7] dead letters encountered. This logging can be turned off or adjusted with configuration settings 'akka.log-dead-letters' and 'akka.log-dead-letters-during-shutdown'.
14:09:47.692 [worker-akka.actor.default-dispatcher-2] INFO  a.a.LocalActorRef akka://worker/user/watcher/graph0000000000/graph/local-acker - Message [com.spbsu.flamestream.runtime.acker.LocalAcker$Flush] from Actor[akka://worker/user/watcher/graph0000000000/graph/local-acker#-1270287330] to Actor[akka://worker/user/watcher/graph0000000000/graph/local-acker#-1270287330] was not delivered. [8] dead letters encountered. This logging can be turned off or adjusted with configuration settings 'akka.log-dead-letters' and 'akka.log-dead-letters-during-shutdown'.
14:09:47.692 [worker-akka.actor.default-dispatcher-2] INFO  a.a.LocalActorRef akka://worker/user/watcher/graph0000000000/graph/local-acker - Message [com.spbsu.flamestream.runtime.acker.LocalAcker$Flush] from Actor[akka://worker/user/watcher/graph0000000000/graph/local-acker#-1270287330] to Actor[akka://worker/user/watcher/graph0000000000/graph/local-acker#-1270287330] was not delivered. [9] dead letters encountered. This logging can be turned off or adjusted with configuration settings 'akka.log-dead-letters' and 'akka.log-dead-letters-during-shutdown'.
14:09:47.693 [worker-akka.actor.default-dispatcher-2] INFO  a.a.LocalActorRef akka://worker/user/watcher/graph0000000000/graph/local-acker - Message [com.spbsu.flamestream.runtime.acker.LocalAcker$Flush] from Actor[akka://worker/user/watcher/graph0000000000/graph/local-acker#-1270287330] to Actor[akka://worker/user/watcher/graph0000000000/graph/local-acker#-1270287330] was not delivered. [10] dead letters encountered. This logging can be turned off or adjusted with configuration settings 'akka.log-dead-letters' and 'akka.log-dead-letters-during-shutdown'.
14:09:47.695 [worker-akka.actor.default-dispatcher-2] INFO  a.a.LocalActorRef akka://worker/user/watcher/graph0000000000/graph - Stopped
14:09:47.700 [worker-akka.actor.default-dispatcher-2] INFO  o.a.z.ZooKeeper  - Session: 0x161ae5b8406000c closed
14:09:47.700 [worker-akka.actor.default-dispatcher-2] INFO  a.a.LocalActorRef akka://worker/user/watcher/graph0000000000 - Stopped
14:09:47.700 [worker-akka.actor.default-dispatcher-2] INFO  a.a.RepointableActorRef akka://worker/user/watcher - Stopped
14:09:47.701 [worker-akka.actor.default-dispatcher-2-EventThread] INFO  o.a.z.ClientCnxn  - EventThread shut down for session: 0x161ae5b8406000c
14:09:47.715 [worker-akka.actor.default-dispatcher-2] INFO  a.r.RemoteActorRefProvider$RemotingTerminator akka://worker@172.31.47.83:5412/system/remoting-terminator - Shutting down remote daemon.
14:09:47.719 [worker-akka.actor.default-dispatcher-2] INFO  a.r.RemoteActorRefProvider$RemotingTerminator akka://worker@172.31.47.83:5412/system/remoting-terminator - Remote daemon shut down; proceeding with flushing remote transports.
14:09:48.870 [worker-akka.actor.default-dispatcher-2] INFO  a.r.RemoteActorRefProvider$RemotingTerminator akka://worker@172.31.47.83:5412/system/remoting-terminator - Remoting shut down.
Heap
 def new generation   total 153600K, used 120412K [0x00000000e0c00000, 0x00000000eb2a0000, 0x00000000eb2a0000)
  eden space 136576K,  80% used [0x00000000e0c00000, 0x00000000e7758508, 0x00000000e9160000)
  from space 17024K,  61% used [0x00000000e9160000, 0x00000000e9b9eed0, 0x00000000ea200000)
  to   space 17024K,   0% used [0x00000000ea200000, 0x00000000ea200000, 0x00000000eb2a0000)
 tenured generation   total 341376K, used 94074K [0x00000000eb2a0000, 0x0000000100000000, 0x0000000100000000)
   the space 341376K,  27% used [0x00000000eb2a0000, 0x00000000f0e7ea58, 0x00000000f0e7ec00, 0x0000000100000000)
 Metaspace       used 33482K, capacity 34234K, committed 34432K, reserved 1079296K
  class space    used 4456K, capacity 4624K, committed 4736K, reserved 1048576K
