11:39:30.045 [main] INFO  c.s.f.r.a.WorkerApplication  - Starting worker with id: '172.31.44.83', host: '172.31.44.83:5412', zkString: '172.31.34.147:2181'
11:39:30.973 [worker-akka.actor.default-dispatcher-2] INFO  a.e.s.Slf4jLogger  - Slf4jLogger started
2018-02-15T11:39:31.123+0000: 2.035: [Full GC (Metadata GC Threshold) 2018-02-15T11:39:31.123+0000: 2.035: [Tenured: 0K->15451K(341376K), 0.0367968 secs] 117591K->15451K(494976K), [Metaspace: 20949K->20949K(1067008K)], 0.0368588 secs] [Times: user=0.04 sys=0.00, real=0.03 secs] 
11:39:31.504 [worker-akka.actor.default-dispatcher-2] INFO  a.r.a.ArteryTransport(akka://worker) akka.remote.artery.ArteryTransport(akka://worker) - Started embedded media driver in directory [/dev/shm/aeron-root-worker-343aa723-5f75-46e5-9547-5cf68485a376]
11:39:31.717 [worker-akka.actor.default-dispatcher-2] INFO  a.r.a.ArteryTransport(akka://worker) akka.remote.artery.ArteryTransport(akka://worker) - Remoting started; listening on address: [akka://worker@172.31.44.83:5412] with UID [6436924460279091405]
11:39:31.814 [worker-akka.actor.default-dispatcher-2] INFO  o.a.z.ZooKeeper  - Client environment:zookeeper.version=3.4.9-1757313, built on 08/23/2016 06:50 GMT
11:39:31.815 [worker-akka.actor.default-dispatcher-2] INFO  o.a.z.ZooKeeper  - Client environment:host.name=ip-172-31-44-83.us-east-2.compute.internal
11:39:31.815 [worker-akka.actor.default-dispatcher-2] INFO  o.a.z.ZooKeeper  - Client environment:java.version=1.8.0_151
11:39:31.815 [worker-akka.actor.default-dispatcher-2] INFO  o.a.z.ZooKeeper  - Client environment:java.vendor=Oracle Corporation
11:39:31.815 [worker-akka.actor.default-dispatcher-2] INFO  o.a.z.ZooKeeper  - Client environment:java.home=/usr/lib/jvm/java-8-openjdk-amd64/jre
11:39:31.815 [worker-akka.actor.default-dispatcher-2] INFO  o.a.z.ZooKeeper  - Client environment:java.class.path=lib/commons-cli-1.4.jar:lib/minlog-1.3.0.jar:lib/asm-5.0.4.jar:lib/hadoop-annotations-2.7.3.jar:lib/hadoop-auth-2.7.3.jar:lib/akka-slf4j_2.11-2.5.6.jar:lib/jersey-core-1.9.jar:lib/lz4-1.3.0.jar:lib/jackson-core-asl-1.9.13.jar:lib/aeron-client-1.3.0.jar:lib/htrace-core-3.1.0-incubating.jar:lib/xz-1.0.jar:lib/commons-httpclient-3.1.jar:lib/asm-3.1.jar:lib/commons-lang3-3.4.jar:lib/scala-library-2.11.11.jar:lib/scala-java8-compat_2.11-0.7.0.jar:lib/commons-configuration-1.6.jar:lib/objenesis-2.1.jar:lib/jackson-annotations-2.8.0.jar:lib/jsr305-3.0.0.jar:lib/curator-framework-2.7.1.jar:lib/jersey-server-1.9.jar:lib/jets3t-0.9.0.jar:lib/leveldb-0.7.jar:lib/jetty-6.1.26.jar:lib/stax-api-1.0-2.jar:lib/flamestream-core-1.0-SNAPSHOT.jar:lib/reflectasm-1.07-shaded.jar:lib/apacheds-kerberos-codec-2.0.0-M15.jar:lib/api-asn1-api-1.0.0-M20.jar:lib/commons-lang-2.6.jar:lib/commons-beanutils-1.7.0.jar:lib/jackson-xc-1.8.3.jar:lib/jetty-util-6.1.26.jar:lib/logback-classic-1.2.3.jar:lib/jool-0.9.12.jar:lib/flamestream-runtime-1.0-SNAPSHOT-tests.jar:lib/httpcore-4.1.2.jar:lib/kryo-4.0.0.jar:lib/ant-1.8.1.jar:lib/jaxb-impl-2.2.3-1.jar:lib/jersey-json-1.9.jar:lib/commons-compress-1.4.1.jar:lib/leveldbjni-all-1.8.jar:lib/paranamer-2.3.jar:lib/jackson-core-2.8.4.jar:lib/commons-math3-3.6.1.jar:lib/scala-parser-combinators_2.11-1.0.4.jar:lib/netty-3.10.6.Final.jar:lib/trove4j-3.0.3.jar:lib/jaxb-api-2.2.2.jar:lib/logback-core-1.2.3.jar:lib/snappy-java-1.0.4.1.jar:lib/protobuf-java-2.5.0.jar:lib/reactive-streams-1.0.1.jar:lib/flamestream-examples-1.0-SNAPSHOT.jar:lib/commons-codec-1.4.jar:lib/activation-1.1.jar:lib/commons-net-3.1.jar:lib/curator-recipes-2.7.1.jar:lib/jackson-mapper-asl-1.9.13.jar:lib/jackson-databind-2.8.4.jar:lib/flamestream-runtime-1.0-SNAPSHOT.jar:lib/jackson-jaxrs-1.8.3.jar:lib/slf4j-api-1.7.24.jar:lib/akka-remote_2.11-2.5.6.jar:lib/akka-testkit_2.11-2.5.6.jar:lib/jline-0.9.94.jar:lib/akka-stream_2.11-2.5.6.jar:lib/jsp-api-2.1.jar:lib/kryonet-2.21.jar:lib/akka-kryo-serialization_2.11-0.5.0.jar:lib/config-1.3.1.jar:lib/ant-launcher-1.8.1.jar:lib/commons-logging-1.2.jar:lib/ssl-config-core_2.11-0.2.2.jar:lib/testng-6.10.jar:lib/guava-19.0.jar:lib/leveldb-api-0.7.jar:lib/reflectasm-1.11.3.jar:lib/jcommander-1.48.jar:lib/commons-1.1.jar:lib/commons-digester-1.8.jar:lib/minlog-1.2.jar:lib/java-xmlbuilder-0.4.jar:lib/jettison-1.1.jar:lib/gson-2.2.4.jar:lib/jdk.tools-1.8.jar:lib/aeron-driver-1.3.0.jar:lib/zookeeper-3.4.9.jar:lib/commons-beanutils-core-1.8.0.jar:lib/commons-math3-3.1.1.jar:lib/akka-actor_2.11-2.5.6.jar:lib/curator-client-2.7.1.jar:lib/servlet-api-2.5.jar:lib/apacheds-i18n-2.0.0-M15.jar:lib/commons-io-2.4.jar:lib/commons-codec-1.6.jar:lib/akka-protobuf_2.11-2.5.6.jar:lib/jdom-2.0.2.jar:lib/api-util-1.0.0-M20.jar:lib/hadoop-common-2.7.3.jar:lib/agrona-0.9.6.jar:lib/xmlenc-0.52.jar:lib/guava-21.0.jar:lib/commons-collections-3.2.2.jar:lib/avro-1.7.4.jar:lib/commons-1.0-SNAPSHOT.jar:lib/httpclient-4.1.2.jar:lib/flamestream-core-1.0-SNAPSHOT-tests.jar:lib/annotations-12.0.jar:lib/jsch-0.1.42.jar:flamestream-runtime-1.0-SNAPSHOT.jar
11:39:31.815 [worker-akka.actor.default-dispatcher-2] INFO  o.a.z.ZooKeeper  - Client environment:java.library.path=/usr/java/packages/lib/amd64:/usr/lib/x86_64-linux-gnu/jni:/lib/x86_64-linux-gnu:/usr/lib/x86_64-linux-gnu:/usr/lib/jni:/lib:/usr/lib
11:39:31.815 [worker-akka.actor.default-dispatcher-2] INFO  o.a.z.ZooKeeper  - Client environment:java.io.tmpdir=/tmp
11:39:31.815 [worker-akka.actor.default-dispatcher-2] INFO  o.a.z.ZooKeeper  - Client environment:java.compiler=<NA>
11:39:31.815 [worker-akka.actor.default-dispatcher-2] INFO  o.a.z.ZooKeeper  - Client environment:os.name=Linux
11:39:31.815 [worker-akka.actor.default-dispatcher-2] INFO  o.a.z.ZooKeeper  - Client environment:os.arch=amd64
11:39:31.815 [worker-akka.actor.default-dispatcher-2] INFO  o.a.z.ZooKeeper  - Client environment:os.version=4.4.0-1049-aws
11:39:31.816 [worker-akka.actor.default-dispatcher-2] INFO  o.a.z.ZooKeeper  - Client environment:user.name=root
11:39:31.817 [worker-akka.actor.default-dispatcher-2] INFO  o.a.z.ZooKeeper  - Client environment:user.home=/root
11:39:31.818 [worker-akka.actor.default-dispatcher-2] INFO  o.a.z.ZooKeeper  - Client environment:user.dir=/opt/flamestream
11:39:31.820 [worker-akka.actor.default-dispatcher-2] INFO  o.a.z.ZooKeeper  - Initiating client connection, connectString=172.31.34.147:2181 sessionTimeout=5000 watcher=com.spbsu.flamestream.runtime.application.LifecycleWatcher$$Lambda$29/163846144@70e0cc66
11:39:31.857 [worker-akka.actor.default-dispatcher-2] INFO  a.a.RepointableActorRef akka://worker/user/watcher - Starting...
11:39:31.859 [worker-akka.actor.default-dispatcher-2-SendThread(172.31.34.147:2181)] INFO  o.a.z.ClientCnxn  - Opening socket connection to server 172.31.34.147/172.31.34.147:2181. Will not attempt to authenticate using SASL (unknown error)
11:39:31.867 [worker-akka.actor.default-dispatcher-2-SendThread(172.31.34.147:2181)] INFO  o.a.z.ClientCnxn  - Socket connection established to 172.31.34.147/172.31.34.147:2181, initiating session
11:39:31.874 [worker-akka.actor.default-dispatcher-2-SendThread(172.31.34.147:2181)] INFO  o.a.z.ClientCnxn  - Session establishment complete on server 172.31.34.147/172.31.34.147:2181, sessionid = 0x161994201fa0009, negotiated timeout = 6000
11:39:31.956 [worker-akka.actor.default-dispatcher-2] INFO  a.a.RepointableActorRef akka://worker/user/watcher - Connected to ZK
11:39:42.793 [worker-akka.actor.default-dispatcher-2] INFO  a.a.RepointableActorRef akka://worker/user/watcher - Creating node with watchGraphs: 'com.spbsu.flamestream.core.Graph$Builder$MyGraph@658a92f6', config: 'ClusterConfig{paths={172.31.33.155=akka://worker@172.31.33.155:5412/user/watcher/graph0000000000, 172.31.47.83=akka://worker@172.31.47.83:5412/user/watcher/graph0000000000, 172.31.45.197=akka://worker@172.31.45.197:5412/user/watcher/graph0000000000, 172.31.42.36=akka://worker@172.31.42.36:5412/user/watcher/graph0000000000, 172.31.44.83=akka://worker@172.31.44.83:5412/user/watcher/graph0000000000, 172.31.39.64=akka://worker@172.31.39.64:5412/user/watcher/graph0000000000, 172.31.35.79=akka://worker@172.31.35.79:5412/user/watcher/graph0000000000, 172.31.34.169=akka://worker@172.31.34.169:5412/user/watcher/graph0000000000, 172.31.47.100=akka://worker@172.31.47.100:5412/user/watcher/graph0000000000, 172.31.37.101=akka://worker@172.31.37.101:5412/user/watcher/graph0000000000}, ackerLocation='172.31.35.79', props=ComputationLayout{ranges={172.31.33.155=HashRange{from=1670265056, to=2147483644}, 172.31.47.83=HashRange{from=715827880, to=1193046468}, 172.31.45.197=HashRange{from=-1670265060, to=-1193046472}, 172.31.42.36=HashRange{from=238609292, to=715827880}, 172.31.44.83=HashRange{from=-1193046472, to=-715827884}, 172.31.39.64=HashRange{from=-238609296, to=238609292}, 172.31.35.79=HashRange{from=0, to=0}, 172.31.34.169=HashRange{from=1193046468, to=1670265056}, 172.31.47.100=HashRange{from=-715827884, to=-238609296}, 172.31.37.101=HashRange{from=-2147483648, to=-1670265060}}}}'
11:39:43.591 [worker-akka.actor.default-dispatcher-2] INFO  a.a.LocalActorRef akka://worker/user/watcher/graph0000000000/graph - Starting...
11:39:43.591 [worker-akka.actor.default-dispatcher-2] INFO  a.a.LocalActorRef akka://worker/user/watcher/graph0000000000/graph/local-acker - Starting...
11:39:43.594 [worker-akka.actor.default-dispatcher-2] INFO  a.a.LocalActorRef akka://worker/user/watcher/graph0000000000/graph/local-acker/$a - Starting...
Warning: space is running low in /dev/shm (tmpfs) threshold=167,772,160 usable=158,621,696
Warning: space is running low in /dev/shm (tmpfs) threshold=167,772,160 usable=146,034,688
Warning: space is running low in /dev/shm (tmpfs) threshold=167,772,160 usable=133,447,680
Warning: space is running low in /dev/shm (tmpfs) threshold=167,772,160 usable=120,860,672
Warning: space is running low in /dev/shm (tmpfs) threshold=167,772,160 usable=108,273,664
Warning: space is running low in /dev/shm (tmpfs) threshold=167,772,160 usable=95,686,656
Warning: space is running low in /dev/shm (tmpfs) threshold=167,772,160 usable=83,099,648
Warning: space is running low in /dev/shm (tmpfs) threshold=167,772,160 usable=70,512,640
11:39:45.049 [worker-akka.actor.default-dispatcher-2] INFO  a.a.LocalActorRef akka://worker/user/watcher/graph0000000000/graph - Finishing constructor
11:39:45.051 [worker-akka.actor.default-dispatcher-2] INFO  a.a.LocalActorRef akka://worker/user/watcher/graph0000000000 - Starting...
11:39:45.051 [worker-akka.actor.default-dispatcher-2] INFO  a.a.LocalActorRef akka://worker/user/watcher/graph0000000000/negotiator - Starting...
11:39:45.117 [worker-akka.actor.default-dispatcher-2] INFO  a.a.LocalActorRef akka://worker/user/watcher/graph0000000000/edge - Starting...
11:39:45.120 [worker-akka.actor.default-dispatcher-2] INFO  a.a.LocalActorRef akka://worker/user/watcher/graph0000000000/graph/$a - Starting...
11:39:45.122 [worker-akka.actor.default-dispatcher-2] INFO  a.a.LocalActorRef akka://worker/user/watcher/graph0000000000/graph/$b - Starting...
11:39:45.123 [worker-akka.actor.default-dispatcher-2] INFO  a.a.LocalActorRef akka://worker/user/watcher/graph0000000000/graph/$c - Starting...
11:39:45.144 [worker-akka.actor.default-dispatcher-2] INFO  c.s.f.r.e.s.SocketRear  - FlameSocketGraphDeployerRear@172.31.44.83: connecting to 172.31.34.147:5678
11:39:45.152 [worker-akka.actor.default-dispatcher-2] INFO  c.s.f.r.e.s.SocketRear  - FlameSocketGraphDeployerRear@172.31.44.83: connected to 172.31.34.147:5678
2018-02-15T11:39:45.157+0000: 16.069: [GC (Allocation Failure) 2018-02-15T11:39:45.157+0000: 16.069: [DefNew: 121191K->17023K(153600K), 0.0238807 secs] 136643K->43069K(494976K), 0.0239626 secs] [Times: user=0.02 sys=0.00, real=0.02 secs] 
11:39:45.202 [worker-akka.actor.default-dispatcher-2] INFO  a.a.LocalActorRef akka://worker/user/watcher/graph0000000000/edge/FlameSocketGraphDeployerRear - Starting...
11:39:45.203 [worker-akka.actor.default-dispatcher-2] INFO  a.a.LocalActorRef akka://worker/user/watcher/graph0000000000/edge/FlameSocketGraphDeployerFront - Starting...
11:39:45.203 [worker-akka.actor.default-dispatcher-2] INFO  a.a.LocalActorRef akka://worker/user/watcher/graph0000000000/negotiator - Requesting ticket for the frontClass FlameSocketGraphDeployerFront@172.31.44.83
11:39:45.219 [worker-akka.actor.default-dispatcher-2] INFO  a.a.LocalActorRef akka://worker/user/watcher/graph0000000000/negotiator - Ticket for the frontClass received: FrontTicket{allowedTimestamp=(1518694782799, FlameSocketGraphDeployerFront@172.31.44.83)}
11:39:45.220 [worker-akka.actor.default-dispatcher-2] INFO  c.s.f.r.e.s.SocketFront  - FlameSocketGraphDeployerFront@172.31.44.83: connecting to 172.31.34.147:4567
11:39:45.238 [Client] INFO  c.s.f.r.e.s.SocketFront  - FlameSocketGraphDeployerFront@172.31.44.83 has been disconnected from Connection 7
2018-02-15T11:39:59.768+0000: 30.680: [GC (Allocation Failure) 2018-02-15T11:39:59.768+0000: 30.680: [DefNew: 153599K->3614K(153600K), 0.0777094 secs] 179645K->66176K(494976K), 0.0777908 secs] [Times: user=0.01 sys=0.07, real=0.08 secs] 
2018-02-15T11:40:20.540+0000: 51.452: [GC (Allocation Failure) 2018-02-15T11:40:20.540+0000: 51.452: [DefNew: 140190K->5616K(153600K), 0.0126739 secs] 202752K->68178K(494976K), 0.0127417 secs] [Times: user=0.01 sys=0.00, real=0.02 secs] 
2018-02-15T11:40:35.135+0000: 66.047: [GC (Allocation Failure) 2018-02-15T11:40:35.135+0000: 66.047: [DefNew: 142192K->7370K(153600K), 0.0159412 secs] 204754K->69933K(494976K), 0.0159999 secs] [Times: user=0.00 sys=0.01, real=0.02 secs] 
2018-02-15T11:40:50.195+0000: 81.107: [GC (Allocation Failure) 2018-02-15T11:40:50.195+0000: 81.107: [DefNew: 143946K->8832K(153600K), 0.0153801 secs] 206509K->71395K(494976K), 0.0154418 secs] [Times: user=0.02 sys=0.00, real=0.02 secs] 
2018-02-15T11:41:06.820+0000: 97.731: [GC (Allocation Failure) 2018-02-15T11:41:06.820+0000: 97.731: [DefNew: 145408K->8871K(153600K), 0.0184397 secs] 207971K->73007K(494976K), 0.0185051 secs] [Times: user=0.02 sys=0.00, real=0.02 secs] 
2018-02-15T11:41:21.205+0000: 112.117: [GC (Allocation Failure) 2018-02-15T11:41:21.205+0000: 112.117: [DefNew: 145447K->8268K(153600K), 0.0162080 secs] 209583K->73795K(494976K), 0.0162833 secs] [Times: user=0.01 sys=0.00, real=0.01 secs] 
2018-02-15T11:41:40.530+0000: 131.442: [GC (Allocation Failure) 2018-02-15T11:41:40.530+0000: 131.442: [DefNew: 144844K->9796K(153600K), 0.0157832 secs] 210371K->75323K(494976K), 0.0158463 secs] [Times: user=0.02 sys=0.00, real=0.02 secs] 
2018-02-15T11:42:01.738+0000: 152.650: [GC (Allocation Failure) 2018-02-15T11:42:01.738+0000: 152.650: [DefNew: 146372K->8379K(153600K), 0.0209522 secs] 211899K->76296K(494976K), 0.0210189 secs] [Times: user=0.02 sys=0.00, real=0.02 secs] 
2018-02-15T11:42:19.357+0000: 170.269: [GC (Allocation Failure) 2018-02-15T11:42:19.357+0000: 170.269: [DefNew: 144955K->9999K(153600K), 0.0164671 secs] 212872K->77916K(494976K), 0.0165317 secs] [Times: user=0.02 sys=0.00, real=0.02 secs] 
2018-02-15T11:42:40.012+0000: 190.923: [GC (Allocation Failure) 2018-02-15T11:42:40.012+0000: 190.923: [DefNew: 146575K->8953K(153600K), 0.0189817 secs] 214492K->78991K(494976K), 0.0190517 secs] [Times: user=0.02 sys=0.00, real=0.02 secs] 
2018-02-15T11:43:00.971+0000: 211.883: [GC (Allocation Failure) 2018-02-15T11:43:00.971+0000: 211.883: [DefNew: 145529K->8874K(153600K), 0.0168757 secs] 215567K->79997K(494976K), 0.0169470 secs] [Times: user=0.01 sys=0.00, real=0.01 secs] 
2018-02-15T11:43:21.189+0000: 232.101: [GC (Allocation Failure) 2018-02-15T11:43:21.189+0000: 232.101: [DefNew: 145450K->9131K(153600K), 0.0166559 secs] 216573K->81707K(494976K), 0.0167192 secs] [Times: user=0.02 sys=0.00, real=0.02 secs] 
2018-02-15T11:43:39.202+0000: 250.114: [GC (Allocation Failure) 2018-02-15T11:43:39.202+0000: 250.114: [DefNew: 145707K->8613K(153600K), 0.0182098 secs] 218283K->82525K(494976K), 0.0182734 secs] [Times: user=0.01 sys=0.01, real=0.01 secs] 
2018-02-15T11:43:58.182+0000: 269.094: [GC (Allocation Failure) 2018-02-15T11:43:58.183+0000: 269.094: [DefNew: 145189K->8666K(153600K), 0.0158456 secs] 219101K->83633K(494976K), 0.0159225 secs] [Times: user=0.01 sys=0.00, real=0.01 secs] 
2018-02-15T11:44:18.402+0000: 289.313: [GC (Allocation Failure) 2018-02-15T11:44:18.402+0000: 289.313: [DefNew: 145242K->9347K(153600K), 0.0185939 secs] 220209K->85344K(494976K), 0.0186575 secs] [Times: user=0.01 sys=0.00, real=0.02 secs] 
2018-02-15T11:44:34.840+0000: 305.752: [GC (Allocation Failure) 2018-02-15T11:44:34.840+0000: 305.752: [DefNew: 145923K->8997K(153600K), 0.0157585 secs] 221920K->86173K(494976K), 0.0158234 secs] [Times: user=0.02 sys=0.00, real=0.02 secs] 
2018-02-15T11:44:53.523+0000: 324.434: [GC (Allocation Failure) 2018-02-15T11:44:53.523+0000: 324.434: [DefNew: 145573K->9432K(153600K), 0.0186885 secs] 222749K->87664K(494976K), 0.0187471 secs] [Times: user=0.02 sys=0.01, real=0.01 secs] 
2018-02-15T11:45:15.001+0000: 345.912: [GC (Allocation Failure) 2018-02-15T11:45:15.001+0000: 345.912: [DefNew: 146008K->9475K(153600K), 0.0181650 secs] 224240K->88760K(494976K), 0.0182309 secs] [Times: user=0.01 sys=0.00, real=0.02 secs] 
2018-02-15T11:45:36.034+0000: 366.946: [GC (Allocation Failure) 2018-02-15T11:45:36.034+0000: 366.946: [DefNew: 146051K->9342K(153600K), 0.0165023 secs] 225336K->89838K(494976K), 0.0165633 secs] [Times: user=0.02 sys=0.00, real=0.02 secs] 
2018-02-15T11:45:53.917+0000: 384.828: [GC (Allocation Failure) 2018-02-15T11:45:53.917+0000: 384.828: [DefNew: 145918K->9825K(153600K), 0.0169359 secs] 226414K->91222K(494976K), 0.0169971 secs] [Times: user=0.02 sys=0.00, real=0.02 secs] 
2018-02-15T11:46:09.533+0000: 400.444: [GC (Allocation Failure) 2018-02-15T11:46:09.533+0000: 400.444: [DefNew: 146401K->9237K(153600K), 0.0310907 secs] 227798K->92858K(494976K), 0.0311518 secs] [Times: user=0.01 sys=0.02, real=0.03 secs] 
2018-02-15T11:46:29.966+0000: 420.878: [GC (Allocation Failure) 2018-02-15T11:46:29.966+0000: 420.878: [DefNew: 145813K->9098K(153600K), 0.0165483 secs] 229434K->93958K(494976K), 0.0166103 secs] [Times: user=0.01 sys=0.00, real=0.02 secs] 
2018-02-15T11:46:45.621+0000: 436.532: [GC (Allocation Failure) 2018-02-15T11:46:45.621+0000: 436.532: [DefNew: 145674K->10373K(153600K), 0.0301345 secs] 230534K->96533K(494976K), 0.0302104 secs] [Times: user=0.01 sys=0.01, real=0.04 secs] 
2018-02-15T11:47:00.125+0000: 451.037: [GC (Allocation Failure) 2018-02-15T11:47:00.125+0000: 451.037: [DefNew: 146949K->8587K(153600K), 0.0176915 secs] 233109K->97558K(494976K), 0.0177539 secs] [Times: user=0.01 sys=0.00, real=0.02 secs] 
2018-02-15T11:47:21.335+0000: 472.247: [GC (Allocation Failure) 2018-02-15T11:47:21.335+0000: 472.247: [DefNew: 145163K->8013K(153600K), 0.0165059 secs] 234134K->99315K(494976K), 0.0165668 secs] [Times: user=0.01 sys=0.00, real=0.02 secs] 
2018-02-15T11:47:39.645+0000: 490.557: [GC (Allocation Failure) 2018-02-15T11:47:39.645+0000: 490.557: [DefNew: 144589K->9456K(153600K), 0.0144785 secs] 235891K->100757K(494976K), 0.0145403 secs] [Times: user=0.02 sys=0.00, real=0.01 secs] 
2018-02-15T11:47:54.472+0000: 505.384: [GC (Allocation Failure) 2018-02-15T11:47:54.472+0000: 505.384: [DefNew: 146032K->9950K(153600K), 0.0173467 secs] 237333K->102241K(494976K), 0.0174292 secs] [Times: user=0.02 sys=0.00, real=0.01 secs] 
2018-02-15T11:48:13.256+0000: 524.168: [GC (Allocation Failure) 2018-02-15T11:48:13.256+0000: 524.168: [DefNew: 146526K->9599K(153600K), 0.0173849 secs] 238817K->103359K(494976K), 0.0174621 secs] [Times: user=0.01 sys=0.00, real=0.02 secs] 
2018-02-15T11:48:31.173+0000: 542.084: [GC (Allocation Failure) 2018-02-15T11:48:31.173+0000: 542.085: [DefNew: 146175K->10053K(153600K), 0.0176139 secs] 239935K->104952K(494976K), 0.0176864 secs] [Times: user=0.01 sys=0.01, real=0.02 secs] 
2018-02-15T11:48:53.020+0000: 563.931: [GC (Allocation Failure) 2018-02-15T11:48:53.020+0000: 563.931: [DefNew: 146629K->8858K(153600K), 0.0177168 secs] 241528K->106241K(494976K), 0.0177823 secs] [Times: user=0.02 sys=0.00, real=0.02 secs] 
2018-02-15T11:49:09.029+0000: 579.940: [GC (Allocation Failure) 2018-02-15T11:49:09.029+0000: 579.940: [DefNew: 145434K->9233K(153600K), 0.0177147 secs] 242817K->108213K(494976K), 0.0177828 secs] [Times: user=0.01 sys=0.00, real=0.02 secs] 
2018-02-15T11:49:25.912+0000: 596.824: [GC (Allocation Failure) 2018-02-15T11:49:25.912+0000: 596.824: [DefNew: 145809K->9010K(153600K), 0.0162177 secs] 244789K->109519K(494976K), 0.0162903 secs] [Times: user=0.01 sys=0.00, real=0.01 secs] 
2018-02-15T11:49:41.897+0000: 612.809: [GC (Allocation Failure) 2018-02-15T11:49:41.897+0000: 612.809: [DefNew: 145586K->8948K(153600K), 0.0164084 secs] 246095K->110902K(494976K), 0.0164711 secs] [Times: user=0.01 sys=0.00, real=0.02 secs] 
2018-02-15T11:50:00.883+0000: 631.795: [GC (Allocation Failure) 2018-02-15T11:50:00.883+0000: 631.795: [DefNew: 145524K->9024K(153600K), 0.0156326 secs] 247478K->112334K(494976K), 0.0156890 secs] [Times: user=0.01 sys=0.00, real=0.01 secs] 
2018-02-15T11:50:16.832+0000: 647.744: [GC (Allocation Failure) 2018-02-15T11:50:16.832+0000: 647.744: [DefNew: 145600K->8815K(153600K), 0.0160155 secs] 248910K->113726K(494976K), 0.0160775 secs] [Times: user=0.01 sys=0.00, real=0.01 secs] 
2018-02-15T11:50:36.061+0000: 666.972: [GC (Allocation Failure) 2018-02-15T11:50:36.061+0000: 666.972: [DefNew: 145391K->9159K(153600K), 0.0155929 secs] 250302K->115449K(494976K), 0.0156520 secs] [Times: user=0.01 sys=0.00, real=0.02 secs] 
2018-02-15T11:50:52.373+0000: 683.284: [GC (Allocation Failure) 2018-02-15T11:50:52.373+0000: 683.284: [DefNew: 145735K->9222K(153600K), 0.0159002 secs] 252025K->116945K(494976K), 0.0159601 secs] [Times: user=0.02 sys=0.00, real=0.01 secs] 
2018-02-15T11:51:05.783+0000: 696.695: [GC (Allocation Failure) 2018-02-15T11:51:05.783+0000: 696.695: [DefNew: 145798K->9626K(153600K), 0.0192435 secs] 253521K->118727K(494976K), 0.0193068 secs] [Times: user=0.02 sys=0.00, real=0.02 secs] 
2018-02-15T11:51:25.589+0000: 716.501: [GC (Allocation Failure) 2018-02-15T11:51:25.589+0000: 716.501: [DefNew: 146202K->9713K(153600K), 0.0194669 secs] 255303K->120387K(494976K), 0.0195300 secs] [Times: user=0.02 sys=0.00, real=0.02 secs] 
2018-02-15T11:51:39.290+0000: 730.202: [GC (Allocation Failure) 2018-02-15T11:51:39.290+0000: 730.202: [DefNew: 146289K->10044K(153600K), 0.0179563 secs] 256963K->122142K(494976K), 0.0180153 secs] [Times: user=0.02 sys=0.00, real=0.02 secs] 
11:51:46.103 [Client] INFO  c.s.f.r.e.s.SocketRear  - FlameSocketGraphDeployerRear@172.31.44.83: has been disconnected from Connection 7
11:55:22.208 [worker-akka.actor.default-dispatcher-2] INFO  a.a.CoordinatedShutdown CoordinatedShutdown(akka://worker) - Starting coordinated shutdown from JVM shutdown hook
11:55:22.247 [worker-akka.actor.default-dispatcher-2] INFO  a.a.LocalActorRef akka://worker/user/watcher/graph0000000000/negotiator - Stopped
11:55:22.247 [worker-akka.actor.default-dispatcher-2] INFO  a.a.LocalActorRef akka://worker/user/watcher/graph0000000000/edge/FlameSocketGraphDeployerFront - Stopped
11:55:22.247 [worker-akka.actor.default-dispatcher-2] INFO  a.a.LocalActorRef akka://worker/user/watcher/graph0000000000/edge/FlameSocketGraphDeployerRear - Stopped
11:55:22.250 [worker-akka.actor.default-dispatcher-2] INFO  a.a.LocalActorRef akka://worker/user/watcher/graph0000000000/graph/$a - Stopped
11:55:22.252 [worker-akka.actor.default-dispatcher-2] INFO  a.a.LocalActorRef akka://worker/user/watcher/graph0000000000/graph/$b - Stopped
11:55:22.253 [worker-akka.actor.default-dispatcher-2] INFO  a.a.LocalActorRef akka://worker/user/watcher/graph0000000000/graph/$c - Stopped
11:55:22.253 [worker-akka.actor.default-dispatcher-2] INFO  a.a.LocalActorRef akka://worker/user/watcher/graph0000000000/graph/local-acker/$a - Stopped
11:55:22.259 [worker-akka.actor.default-dispatcher-2] INFO  a.a.LocalActorRef akka://worker/user/watcher/graph0000000000/edge - Stopped
11:55:22.259 [worker-akka.actor.default-dispatcher-2] INFO  a.a.LocalActorRef akka://worker/user/watcher/graph0000000000/graph/local-acker/$a - Message [com.spbsu.flamestream.runtime.utils.akka.PingActor$InnerPing] from Actor[akka://worker/user/watcher/graph0000000000/graph/local-acker/$a#489110410] to Actor[akka://worker/user/watcher/graph0000000000/graph/local-acker/$a#489110410] was not delivered. [1] dead letters encountered. This logging can be turned off or adjusted with configuration settings 'akka.log-dead-letters' and 'akka.log-dead-letters-during-shutdown'.
11:55:22.261 [worker-akka.actor.default-dispatcher-2] INFO  a.a.LocalActorRef akka://worker/user/watcher/graph0000000000/graph/local-acker - Stopped
11:55:22.264 [worker-akka.actor.default-dispatcher-2] INFO  a.a.LocalActorRef akka://worker/user/watcher/graph0000000000/graph/local-acker/$a - Message [com.spbsu.flamestream.runtime.utils.akka.PingActor$Stop] from Actor[akka://worker/user/watcher/graph0000000000/graph/local-acker#-1238249565] to Actor[akka://worker/user/watcher/graph0000000000/graph/local-acker/$a#489110410] was not delivered. [2] dead letters encountered. This logging can be turned off or adjusted with configuration settings 'akka.log-dead-letters' and 'akka.log-dead-letters-during-shutdown'.
11:55:22.265 [worker-akka.actor.default-dispatcher-2] INFO  a.a.LocalActorRef akka://worker/user/watcher/graph0000000000/graph/local-acker - Message [com.spbsu.flamestream.runtime.acker.LocalAcker$Flush] from Actor[akka://worker/user/watcher/graph0000000000/graph/local-acker#-1238249565] to Actor[akka://worker/user/watcher/graph0000000000/graph/local-acker#-1238249565] was not delivered. [3] dead letters encountered. This logging can be turned off or adjusted with configuration settings 'akka.log-dead-letters' and 'akka.log-dead-letters-during-shutdown'.
11:55:22.266 [worker-akka.actor.default-dispatcher-2] INFO  a.a.LocalActorRef akka://worker/user/watcher/graph0000000000/graph/local-acker - Message [com.spbsu.flamestream.runtime.acker.LocalAcker$Flush] from Actor[akka://worker/user/watcher/graph0000000000/graph/local-acker#-1238249565] to Actor[akka://worker/user/watcher/graph0000000000/graph/local-acker#-1238249565] was not delivered. [4] dead letters encountered. This logging can be turned off or adjusted with configuration settings 'akka.log-dead-letters' and 'akka.log-dead-letters-during-shutdown'.
11:55:22.267 [worker-akka.actor.default-dispatcher-2] INFO  a.a.LocalActorRef akka://worker/user/watcher/graph0000000000/graph/local-acker - Message [com.spbsu.flamestream.runtime.acker.LocalAcker$Flush] from Actor[akka://worker/user/watcher/graph0000000000/graph/local-acker#-1238249565] to Actor[akka://worker/user/watcher/graph0000000000/graph/local-acker#-1238249565] was not delivered. [5] dead letters encountered. This logging can be turned off or adjusted with configuration settings 'akka.log-dead-letters' and 'akka.log-dead-letters-during-shutdown'.
11:55:22.267 [worker-akka.actor.default-dispatcher-2] INFO  a.a.LocalActorRef akka://worker/user/watcher/graph0000000000/graph - Stopped
11:55:22.267 [worker-akka.actor.default-dispatcher-2] INFO  a.a.LocalActorRef akka://worker/user/watcher/graph0000000000 - Stopped
11:55:22.272 [worker-akka.actor.default-dispatcher-2-EventThread] INFO  o.a.z.ClientCnxn  - EventThread shut down for session: 0x161994201fa0009
11:55:22.272 [worker-akka.actor.default-dispatcher-2] INFO  o.a.z.ZooKeeper  - Session: 0x161994201fa0009 closed
11:55:22.272 [worker-akka.actor.default-dispatcher-2] INFO  a.a.RepointableActorRef akka://worker/user/watcher - Stopped
11:55:22.286 [worker-akka.actor.default-dispatcher-2] INFO  a.r.RemoteActorRefProvider$RemotingTerminator akka://worker@172.31.44.83:5412/system/remoting-terminator - Shutting down remote daemon.
11:55:22.288 [worker-akka.actor.default-dispatcher-2] INFO  a.r.RemoteActorRefProvider$RemotingTerminator akka://worker@172.31.44.83:5412/system/remoting-terminator - Remote daemon shut down; proceeding with flushing remote transports.
11:55:23.433 [worker-akka.actor.default-dispatcher-2] INFO  a.r.RemoteActorRefProvider$RemotingTerminator akka://worker@172.31.44.83:5412/system/remoting-terminator - Remoting shut down.
Attempts of event 'shuffle-send' - 0
Attempts of event 'front-receive-send' - 0
Attempts of event 'inject-out' - 545240
Attempts of event 'sink-receive' - 551699
Attempts of event 'flatmap-receive' - 1071
Attempts of event 'fm-send' - 554259
Attempts of event 'rear-in' - 544169
Attempts of event 'flatmap-send' - 554259
Attempts of event 'inject-in' - 545240
Attempts of event 'wrong-ordering-filter-receive' - 551699
Attempts of event 'accept-in' - 0
Attempts of event 'grouping-receive' - 1095868
Heap
 def new generation   total 153600K, used 116758K [0x00000000e0c00000, 0x00000000eb2a0000, 0x00000000eb2a0000)
  eden space 136576K,  78% used [0x00000000e0c00000, 0x00000000e7436808, 0x00000000e9160000)
  from space 17024K,  59% used [0x00000000ea200000, 0x00000000eabcf0d0, 0x00000000eb2a0000)
  to   space 17024K,   0% used [0x00000000e9160000, 0x00000000e9160000, 0x00000000ea200000)
 tenured generation   total 341376K, used 112098K [0x00000000eb2a0000, 0x0000000100000000, 0x0000000100000000)
   the space 341376K,  32% used [0x00000000eb2a0000, 0x00000000f2018968, 0x00000000f2018a00, 0x0000000100000000)
 Metaspace       used 33494K, capacity 34308K, committed 34688K, reserved 1079296K
  class space    used 4453K, capacity 4627K, committed 4736K, reserved 1048576K
