10:39:09.328 [worker-akka.actor.default-dispatcher-2] INFO  a.e.s.Slf4jLogger  - Slf4jLogger started
2018-02-23T10:39:09.495+0000: 2.625: [Full GC (Metadata GC Threshold) 2018-02-23T10:39:09.495+0000: 2.625: [Tenured: 0K->15403K(341376K), 0.0382182 secs] 117531K->15403K(494976K), [Metaspace: 20869K->20869K(1067008K)], 0.0383070 secs] [Times: user=0.04 sys=0.00, real=0.04 secs] 
Ama winner
Ama winner
10:39:09.964 [worker-akka.actor.default-dispatcher-2] INFO  a.r.a.ArteryTransport(akka://worker) akka.remote.artery.ArteryTransport(akka://worker) - Started embedded media driver in directory [/dev/shm/aeron-root-worker-5b947191-33d4-4c73-b94d-478ce52b3dbc]
10:39:10.193 [worker-akka.actor.default-dispatcher-2] INFO  a.r.a.ArteryTransport(akka://worker) akka.remote.artery.ArteryTransport(akka://worker) - Remoting started; listening on address: [akka://worker@172.31.42.36:5412] with UID [-6897524246905452456]
10:39:10.302 [worker-akka.actor.default-dispatcher-2] INFO  o.a.z.ZooKeeper  - Client environment:zookeeper.version=3.4.9-1757313, built on 08/23/2016 06:50 GMT
10:39:10.302 [worker-akka.actor.default-dispatcher-2] INFO  o.a.z.ZooKeeper  - Client environment:host.name=ip-172-31-42-36.us-east-2.compute.internal
10:39:10.302 [worker-akka.actor.default-dispatcher-2] INFO  o.a.z.ZooKeeper  - Client environment:java.version=1.8.0_151
10:39:10.302 [worker-akka.actor.default-dispatcher-2] INFO  o.a.z.ZooKeeper  - Client environment:java.vendor=Oracle Corporation
10:39:10.303 [worker-akka.actor.default-dispatcher-2] INFO  o.a.z.ZooKeeper  - Client environment:java.home=/usr/lib/jvm/java-8-openjdk-amd64/jre
10:39:10.303 [worker-akka.actor.default-dispatcher-2] INFO  o.a.z.ZooKeeper  - Client environment:java.class.path=lib/commons-cli-1.4.jar:lib/minlog-1.3.0.jar:lib/asm-5.0.4.jar:lib/hadoop-annotations-2.7.3.jar:lib/hadoop-auth-2.7.3.jar:lib/akka-slf4j_2.11-2.5.6.jar:lib/jersey-core-1.9.jar:lib/lz4-1.3.0.jar:lib/jackson-core-asl-1.9.13.jar:lib/aeron-client-1.3.0.jar:lib/htrace-core-3.1.0-incubating.jar:lib/xz-1.0.jar:lib/commons-httpclient-3.1.jar:lib/asm-3.1.jar:lib/commons-lang3-3.4.jar:lib/scala-library-2.11.11.jar:lib/scala-java8-compat_2.11-0.7.0.jar:lib/commons-configuration-1.6.jar:lib/objenesis-2.1.jar:lib/jackson-annotations-2.8.0.jar:lib/jsr305-3.0.0.jar:lib/curator-framework-2.7.1.jar:lib/jersey-server-1.9.jar:lib/jets3t-0.9.0.jar:lib/leveldb-0.7.jar:lib/jetty-6.1.26.jar:lib/stax-api-1.0-2.jar:lib/flamestream-core-1.0-SNAPSHOT.jar:lib/reflectasm-1.07-shaded.jar:lib/apacheds-kerberos-codec-2.0.0-M15.jar:lib/api-asn1-api-1.0.0-M20.jar:lib/commons-lang-2.6.jar:lib/commons-beanutils-1.7.0.jar:lib/jackson-xc-1.8.3.jar:lib/jetty-util-6.1.26.jar:lib/logback-classic-1.2.3.jar:lib/jool-0.9.12.jar:lib/flamestream-runtime-1.0-SNAPSHOT-tests.jar:lib/httpcore-4.1.2.jar:lib/kryo-4.0.0.jar:lib/ant-1.8.1.jar:lib/jaxb-impl-2.2.3-1.jar:lib/jersey-json-1.9.jar:lib/commons-compress-1.4.1.jar:lib/leveldbjni-all-1.8.jar:lib/paranamer-2.3.jar:lib/jackson-core-2.8.4.jar:lib/commons-math3-3.6.1.jar:lib/scala-parser-combinators_2.11-1.0.4.jar:lib/netty-3.10.6.Final.jar:lib/trove4j-3.0.3.jar:lib/jaxb-api-2.2.2.jar:lib/logback-core-1.2.3.jar:lib/snappy-java-1.0.4.1.jar:lib/protobuf-java-2.5.0.jar:lib/reactive-streams-1.0.1.jar:lib/flamestream-examples-1.0-SNAPSHOT.jar:lib/commons-codec-1.4.jar:lib/activation-1.1.jar:lib/commons-net-3.1.jar:lib/curator-recipes-2.7.1.jar:lib/jackson-mapper-asl-1.9.13.jar:lib/jackson-databind-2.8.4.jar:lib/flamestream-runtime-1.0-SNAPSHOT.jar:lib/jackson-jaxrs-1.8.3.jar:lib/slf4j-api-1.7.24.jar:lib/akka-remote_2.11-2.5.6.jar:lib/akka-testkit_2.11-2.5.6.jar:lib/jline-0.9.94.jar:lib/akka-stream_2.11-2.5.6.jar:lib/jsp-api-2.1.jar:lib/kryonet-2.21.jar:lib/akka-kryo-serialization_2.11-0.5.0.jar:lib/config-1.3.1.jar:lib/ant-launcher-1.8.1.jar:lib/commons-logging-1.2.jar:lib/ssl-config-core_2.11-0.2.2.jar:lib/testng-6.10.jar:lib/leveldb-api-0.7.jar:lib/reflectasm-1.11.3.jar:lib/jcommander-1.48.jar:lib/commons-1.1.jar:lib/commons-digester-1.8.jar:lib/minlog-1.2.jar:lib/java-xmlbuilder-0.4.jar:lib/jettison-1.1.jar:lib/gson-2.2.4.jar:lib/jdk.tools-1.8.jar:lib/aeron-driver-1.3.0.jar:lib/zookeeper-3.4.9.jar:lib/commons-beanutils-core-1.8.0.jar:lib/commons-math3-3.1.1.jar:lib/akka-actor_2.11-2.5.6.jar:lib/curator-client-2.7.1.jar:lib/servlet-api-2.5.jar:lib/apacheds-i18n-2.0.0-M15.jar:lib/commons-io-2.4.jar:lib/commons-codec-1.6.jar:lib/akka-protobuf_2.11-2.5.6.jar:lib/jdom-2.0.2.jar:lib/api-util-1.0.0-M20.jar:lib/hadoop-common-2.7.3.jar:lib/agrona-0.9.6.jar:lib/xmlenc-0.52.jar:lib/guava-21.0.jar:lib/commons-collections-3.2.2.jar:lib/avro-1.7.4.jar:lib/httpclient-4.1.2.jar:lib/flamestream-core-1.0-SNAPSHOT-tests.jar:lib/annotations-12.0.jar:lib/jsch-0.1.42.jar:flamestream-runtime-1.0-SNAPSHOT.jar
10:39:10.303 [worker-akka.actor.default-dispatcher-2] INFO  o.a.z.ZooKeeper  - Client environment:java.library.path=/usr/java/packages/lib/amd64:/usr/lib/x86_64-linux-gnu/jni:/lib/x86_64-linux-gnu:/usr/lib/x86_64-linux-gnu:/usr/lib/jni:/lib:/usr/lib
10:39:10.303 [worker-akka.actor.default-dispatcher-2] INFO  o.a.z.ZooKeeper  - Client environment:java.io.tmpdir=/tmp
10:39:10.303 [worker-akka.actor.default-dispatcher-2] INFO  o.a.z.ZooKeeper  - Client environment:java.compiler=<NA>
10:39:10.303 [worker-akka.actor.default-dispatcher-2] INFO  o.a.z.ZooKeeper  - Client environment:os.name=Linux
10:39:10.303 [worker-akka.actor.default-dispatcher-2] INFO  o.a.z.ZooKeeper  - Client environment:os.arch=amd64
10:39:10.303 [worker-akka.actor.default-dispatcher-2] INFO  o.a.z.ZooKeeper  - Client environment:os.version=4.4.0-1049-aws
10:39:10.304 [worker-akka.actor.default-dispatcher-2] INFO  o.a.z.ZooKeeper  - Client environment:user.name=root
10:39:10.305 [worker-akka.actor.default-dispatcher-2] INFO  o.a.z.ZooKeeper  - Client environment:user.home=/root
10:39:10.305 [worker-akka.actor.default-dispatcher-2] INFO  o.a.z.ZooKeeper  - Client environment:user.dir=/opt/flamestream
10:39:10.308 [worker-akka.actor.default-dispatcher-2] INFO  o.a.z.ZooKeeper  - Initiating client connection, connectString=172.31.34.147:2181 sessionTimeout=5000 watcher=com.spbsu.flamestream.runtime.application.LifecycleWatcher$$Lambda$29/2091173542@1b48f905
10:39:10.344 [worker-akka.actor.default-dispatcher-2] INFO  a.a.RepointableActorRef akka://worker/user/watcher - Starting...
10:39:10.347 [worker-akka.actor.default-dispatcher-2-SendThread(172.31.34.147:2181)] INFO  o.a.z.ClientCnxn  - Opening socket connection to server 172.31.34.147/172.31.34.147:2181. Will not attempt to authenticate using SASL (unknown error)
10:39:10.352 [worker-akka.actor.default-dispatcher-2-SendThread(172.31.34.147:2181)] INFO  o.a.z.ClientCnxn  - Socket connection established to 172.31.34.147/172.31.34.147:2181, initiating session
10:39:10.363 [worker-akka.actor.default-dispatcher-2-SendThread(172.31.34.147:2181)] INFO  o.a.z.ClientCnxn  - Session establishment complete on server 172.31.34.147/172.31.34.147:2181, sessionid = 0x161c23e272f0004, negotiated timeout = 6000
10:39:10.460 [worker-akka.actor.default-dispatcher-2] INFO  a.a.RepointableActorRef akka://worker/user/watcher - Connected to ZK
10:39:17.837 [worker-akka.actor.default-dispatcher-2] INFO  a.a.RepointableActorRef akka://worker/user/watcher - Creating node with watchGraphs: 'com.spbsu.flamestream.core.Graph$Builder$MyGraph@22aae96d', config: 'ClusterConfig{paths={172.31.33.155=akka://worker@172.31.33.155:5412/user/watcher/graph0000000000, 172.31.47.83=akka://worker@172.31.47.83:5412/user/watcher/graph0000000000, 172.31.45.197=akka://worker@172.31.45.197:5412/user/watcher/graph0000000000, 172.31.42.36=akka://worker@172.31.42.36:5412/user/watcher/graph0000000000, 172.31.44.83=akka://worker@172.31.44.83:5412/user/watcher/graph0000000000, 172.31.39.64=akka://worker@172.31.39.64:5412/user/watcher/graph0000000000, 172.31.35.79=akka://worker@172.31.35.79:5412/user/watcher/graph0000000000, 172.31.34.169=akka://worker@172.31.34.169:5412/user/watcher/graph0000000000, 172.31.47.100=akka://worker@172.31.47.100:5412/user/watcher/graph0000000000, 172.31.37.101=akka://worker@172.31.37.101:5412/user/watcher/graph0000000000}, ackerLocation='172.31.35.79', props=ComputationLayout{ranges={172.31.33.155=HashRange{from=-1670265060, to=-1193046472}, 172.31.47.83=HashRange{from=1670265056, to=2147483644}, 172.31.45.197=HashRange{from=-715827884, to=-238609296}, 172.31.42.36=HashRange{from=1193046468, to=1670265056}, 172.31.44.83=HashRange{from=-238609296, to=238609292}, 172.31.39.64=HashRange{from=715827880, to=1193046468}, 172.31.35.79=HashRange{from=0, to=0}, 172.31.34.169=HashRange{from=-2147483648, to=-1670265060}, 172.31.47.100=HashRange{from=238609292, to=715827880}, 172.31.37.101=HashRange{from=-1193046472, to=-715827884}}}}'
10:39:18.781 [worker-akka.actor.default-dispatcher-2] INFO  a.a.LocalActorRef akka://worker/user/watcher/graph0000000000/graph - Starting...
10:39:18.789 [worker-akka.actor.default-dispatcher-2] INFO  a.a.LocalActorRef akka://worker/user/watcher/graph0000000000/graph/local-acker - Starting...
10:39:18.790 [worker-akka.actor.default-dispatcher-2] INFO  a.a.LocalActorRef akka://worker/user/watcher/graph0000000000/graph/local-acker/$a - Starting...
Warning: space is running low in /dev/shm (tmpfs) threshold=167,772,160 usable=158,621,696
Warning: space is running low in /dev/shm (tmpfs) threshold=167,772,160 usable=146,034,688
Warning: space is running low in /dev/shm (tmpfs) threshold=167,772,160 usable=133,447,680
Warning: space is running low in /dev/shm (tmpfs) threshold=167,772,160 usable=120,860,672
Warning: space is running low in /dev/shm (tmpfs) threshold=167,772,160 usable=108,273,664
Warning: space is running low in /dev/shm (tmpfs) threshold=167,772,160 usable=95,686,656
Warning: space is running low in /dev/shm (tmpfs) threshold=167,772,160 usable=83,099,648
Warning: space is running low in /dev/shm (tmpfs) threshold=167,772,160 usable=70,512,640
10:39:20.125 [worker-akka.actor.default-dispatcher-2] INFO  a.a.LocalActorRef akka://worker/user/watcher/graph0000000000/graph - Finishing constructor
10:39:20.127 [worker-akka.actor.default-dispatcher-2] INFO  a.a.LocalActorRef akka://worker/user/watcher/graph0000000000 - Starting...
10:39:20.127 [worker-akka.actor.default-dispatcher-2] INFO  a.a.LocalActorRef akka://worker/user/watcher/graph0000000000/negotiator - Starting...
10:39:20.187 [worker-akka.actor.default-dispatcher-2] INFO  a.a.LocalActorRef akka://worker/user/watcher/graph0000000000/edge - Starting...
10:39:20.189 [worker-akka.actor.default-dispatcher-2] INFO  a.a.LocalActorRef akka://worker/user/watcher/graph0000000000/graph/$a - Starting...
10:39:20.189 [worker-akka.actor.default-dispatcher-2] INFO  a.a.LocalActorRef akka://worker/user/watcher/graph0000000000/graph/$b - Starting...
10:39:20.189 [worker-akka.actor.default-dispatcher-2] INFO  a.a.LocalActorRef akka://worker/user/watcher/graph0000000000/graph/$c - Starting...
10:39:20.220 [worker-akka.actor.default-dispatcher-2] INFO  c.s.f.r.e.s.SocketRear  - FlameSocketGraphDeployerRear@172.31.42.36: connecting to 172.31.34.147:5678
10:39:20.223 [worker-akka.actor.default-dispatcher-2] INFO  c.s.f.r.e.s.SocketRear  - FlameSocketGraphDeployerRear@172.31.42.36: connected to 172.31.34.147:5678
10:39:20.241 [worker-akka.actor.default-dispatcher-2] INFO  a.a.LocalActorRef akka://worker/user/watcher/graph0000000000/edge/FlameSocketGraphDeployerRear - Starting...
10:39:20.242 [worker-akka.actor.default-dispatcher-2] INFO  a.a.LocalActorRef akka://worker/user/watcher/graph0000000000/edge/FlameSocketGraphDeployerFront - Starting...
10:39:20.242 [worker-akka.actor.default-dispatcher-2] INFO  a.a.LocalActorRef akka://worker/user/watcher/graph0000000000/negotiator - Requesting ticket for the frontClass FlameSocketGraphDeployerFront@172.31.42.36
10:39:20.258 [worker-akka.actor.default-dispatcher-2] INFO  a.a.LocalActorRef akka://worker/user/watcher/graph0000000000/negotiator - Ticket for the frontClass received: FrontTicket{allowedTimestamp=(1519382357832, FlameSocketGraphDeployerFront@172.31.42.36)}
10:39:20.260 [worker-akka.actor.default-dispatcher-2] INFO  c.s.f.r.e.s.SocketFront  - FlameSocketGraphDeployerFront@172.31.42.36: connecting to 172.31.34.147:4567
10:39:20.269 [Client] INFO  c.s.f.r.e.s.SocketFront  - FlameSocketGraphDeployerFront@172.31.42.36 has been disconnected from Connection 5
2018-02-23T10:39:23.800+0000: 16.929: [GC (Allocation Failure) 2018-02-23T10:39:23.800+0000: 16.929: [DefNew: 136576K->15162K(153600K), 0.0821181 secs] 151979K->50096K(494976K), 0.0821826 secs] [Times: user=0.03 sys=0.06, real=0.08 secs] 
2018-02-23T10:39:25.490+0000: 18.619: [GC (Allocation Failure) 2018-02-23T10:39:25.490+0000: 18.619: [DefNew: 151738K->7749K(153600K), 0.0279310 secs] 186672K->50559K(494976K), 0.0280030 secs] [Times: user=0.02 sys=0.02, real=0.03 secs] 
2018-02-23T10:39:30.763+0000: 23.893: [GC (Allocation Failure) 2018-02-23T10:39:30.764+0000: 23.893: [DefNew: 144325K->5523K(153600K), 0.0128778 secs] 187135K->48333K(494976K), 0.0129353 secs] [Times: user=0.01 sys=0.00, real=0.02 secs] 
2018-02-23T10:39:34.855+0000: 27.984: [GC (Allocation Failure) 2018-02-23T10:39:34.855+0000: 27.984: [DefNew: 142099K->7886K(153600K), 0.0154364 secs] 184909K->50695K(494976K), 0.0154974 secs] [Times: user=0.01 sys=0.00, real=0.02 secs] 
2018-02-23T10:39:39.915+0000: 33.045: [GC (Allocation Failure) 2018-02-23T10:39:39.915+0000: 33.045: [DefNew: 144462K->8623K(153600K), 0.0147697 secs] 187271K->51433K(494976K), 0.0148346 secs] [Times: user=0.02 sys=0.00, real=0.02 secs] 
2018-02-23T10:39:43.142+0000: 36.271: [GC (Allocation Failure) 2018-02-23T10:39:43.142+0000: 36.271: [DefNew: 145199K->10302K(153600K), 0.0231223 secs] 188009K->54363K(494976K), 0.0231874 secs] [Times: user=0.02 sys=0.00, real=0.02 secs] 
2018-02-23T10:39:47.024+0000: 40.153: [GC (Allocation Failure) 2018-02-23T10:39:47.024+0000: 40.153: [DefNew: 146878K->7022K(153600K), 0.0300970 secs] 190939K->54025K(494976K), 0.0301587 secs] [Times: user=0.01 sys=0.02, real=0.03 secs] 
2018-02-23T10:39:51.849+0000: 44.978: [GC (Allocation Failure) 2018-02-23T10:39:51.849+0000: 44.978: [DefNew: 143598K->8328K(153600K), 0.0139725 secs] 190601K->55331K(494976K), 0.0140566 secs] [Times: user=0.01 sys=0.00, real=0.01 secs] 
2018-02-23T10:39:58.080+0000: 51.209: [GC (Allocation Failure) 2018-02-23T10:39:58.080+0000: 51.210: [DefNew: 144904K->10091K(153600K), 0.0159368 secs] 191907K->57094K(494976K), 0.0159995 secs] [Times: user=0.01 sys=0.00, real=0.02 secs] 
2018-02-23T10:40:02.712+0000: 55.841: [GC (Allocation Failure) 2018-02-23T10:40:02.712+0000: 55.841: [DefNew: 146667K->8717K(153600K), 0.0189007 secs] 193670K->58243K(494976K), 0.0189618 secs] [Times: user=0.01 sys=0.01, real=0.02 secs] 
2018-02-23T10:40:06.843+0000: 59.973: [GC (Allocation Failure) 2018-02-23T10:40:06.843+0000: 59.973: [DefNew: 145293K->9406K(153600K), 0.0207071 secs] 194819K->59983K(494976K), 0.0207699 secs] [Times: user=0.02 sys=0.00, real=0.02 secs] 
2018-02-23T10:40:12.191+0000: 65.320: [GC (Allocation Failure) 2018-02-23T10:40:12.191+0000: 65.321: [DefNew: 145982K->9288K(153600K), 0.0163478 secs] 196559K->61022K(494976K), 0.0164277 secs] [Times: user=0.02 sys=0.00, real=0.01 secs] 
2018-02-23T10:40:17.893+0000: 71.023: [GC (Allocation Failure) 2018-02-23T10:40:17.894+0000: 71.023: [DefNew: 145864K->8447K(153600K), 0.0178589 secs] 197598K->61799K(494976K), 0.0179391 secs] [Times: user=0.02 sys=0.00, real=0.02 secs] 
2018-02-23T10:40:23.992+0000: 77.121: [GC (Allocation Failure) 2018-02-23T10:40:23.992+0000: 77.121: [DefNew: 145023K->10615K(153600K), 0.0164955 secs] 198375K->63967K(494976K), 0.0165660 secs] [Times: user=0.02 sys=0.00, real=0.02 secs] 
2018-02-23T10:40:28.738+0000: 81.868: [GC (Allocation Failure) 2018-02-23T10:40:28.739+0000: 81.868: [DefNew: 147191K->9069K(153600K), 0.0230348 secs] 200543K->64441K(494976K), 0.0231092 secs] [Times: user=0.01 sys=0.02, real=0.02 secs] 
2018-02-23T10:40:34.710+0000: 87.839: [GC (Allocation Failure) 2018-02-23T10:40:34.710+0000: 87.839: [DefNew: 145645K->9550K(153600K), 0.0176768 secs] 201017K->65985K(494976K), 0.0177616 secs] [Times: user=0.02 sys=0.00, real=0.02 secs] 
2018-02-23T10:40:40.149+0000: 93.279: [GC (Allocation Failure) 2018-02-23T10:40:40.149+0000: 93.279: [DefNew: 146126K->9443K(153600K), 0.0166468 secs] 202561K->66969K(494976K), 0.0167081 secs] [Times: user=0.02 sys=0.00, real=0.01 secs] 
2018-02-23T10:40:44.499+0000: 97.628: [GC (Allocation Failure) 2018-02-23T10:40:44.499+0000: 97.628: [DefNew: 146019K->9726K(153600K), 0.0183621 secs] 203545K->68477K(494976K), 0.0184278 secs] [Times: user=0.01 sys=0.01, real=0.02 secs] 
2018-02-23T10:40:50.171+0000: 103.300: [GC (Allocation Failure) 2018-02-23T10:40:50.171+0000: 103.300: [DefNew: 146302K->8974K(153600K), 0.0268175 secs] 205053K->70156K(494976K), 0.0268850 secs] [Times: user=0.01 sys=0.02, real=0.03 secs] 
2018-02-23T10:40:56.088+0000: 109.217: [GC (Allocation Failure) 2018-02-23T10:40:56.088+0000: 109.217: [DefNew: 145550K->8747K(153600K), 0.0162040 secs] 206732K->71111K(494976K), 0.0162880 secs] [Times: user=0.01 sys=0.00, real=0.02 secs] 
2018-02-23T10:41:02.119+0000: 115.248: [GC (Allocation Failure) 2018-02-23T10:41:02.119+0000: 115.248: [DefNew: 145323K->8921K(153600K), 0.0290803 secs] 207687K->72468K(494976K), 0.0291406 secs] [Times: user=0.01 sys=0.01, real=0.03 secs] 
2018-02-23T10:41:06.165+0000: 119.294: [GC (Allocation Failure) 2018-02-23T10:41:06.165+0000: 119.294: [DefNew: 145497K->8731K(153600K), 0.0178887 secs] 209044K->73743K(494976K), 0.0179494 secs] [Times: user=0.02 sys=0.00, real=0.02 secs] 
2018-02-23T10:41:10.920+0000: 124.049: [GC (Allocation Failure) 2018-02-23T10:41:10.920+0000: 124.050: [DefNew: 145307K->9217K(153600K), 0.0173885 secs] 210319K->75370K(494976K), 0.0174541 secs] [Times: user=0.02 sys=0.00, real=0.02 secs] 
2018-02-23T10:41:15.368+0000: 128.497: [GC (Allocation Failure) 2018-02-23T10:41:15.368+0000: 128.497: [DefNew: 145793K->9416K(153600K), 0.0203617 secs] 211946K->76894K(494976K), 0.0204574 secs] [Times: user=0.01 sys=0.01, real=0.03 secs] 
2018-02-23T10:41:20.458+0000: 133.587: [GC (Allocation Failure) 2018-02-23T10:41:20.458+0000: 133.587: [DefNew: 145992K->10553K(153600K), 0.0174747 secs] 213470K->79131K(494976K), 0.0175478 secs] [Times: user=0.01 sys=0.00, real=0.01 secs] 
2018-02-23T10:41:24.506+0000: 137.636: [GC (Allocation Failure) 2018-02-23T10:41:24.506+0000: 137.636: [DefNew: 147129K->8802K(153600K), 0.0281577 secs] 215707K->80281K(494976K), 0.0282228 secs] [Times: user=0.00 sys=0.02, real=0.03 secs] 
2018-02-23T10:41:28.759+0000: 141.888: [GC (Allocation Failure) 2018-02-23T10:41:28.759+0000: 141.888: [DefNew: 145378K->7885K(153600K), 0.0275684 secs] 216857K->81743K(494976K), 0.0276297 secs] [Times: user=0.01 sys=0.03, real=0.02 secs] 
2018-02-23T10:41:34.352+0000: 147.482: [GC (Allocation Failure) 2018-02-23T10:41:34.352+0000: 147.482: [DefNew: 144461K->9300K(153600K), 0.0147619 secs] 218319K->83158K(494976K), 0.0148212 secs] [Times: user=0.01 sys=0.00, real=0.01 secs] 
2018-02-23T10:41:38.687+0000: 151.816: [GC (Allocation Failure) 2018-02-23T10:41:38.687+0000: 151.817: [DefNew: 145876K->9861K(153600K), 0.0166127 secs] 219734K->84863K(494976K), 0.0166733 secs] [Times: user=0.02 sys=0.00, real=0.02 secs] 
2018-02-23T10:41:43.350+0000: 156.479: [GC (Allocation Failure) 2018-02-23T10:41:43.350+0000: 156.480: [DefNew: 146437K->8452K(153600K), 0.0180074 secs] 221439K->86184K(494976K), 0.0180798 secs] [Times: user=0.02 sys=0.00, real=0.02 secs] 
2018-02-23T10:41:48.298+0000: 161.427: [GC (Allocation Failure) 2018-02-23T10:41:48.298+0000: 161.427: [DefNew: 145028K->9995K(153600K), 0.0148797 secs] 222760K->87727K(494976K), 0.0149437 secs] [Times: user=0.02 sys=0.00, real=0.01 secs] 
2018-02-23T10:41:53.055+0000: 166.185: [GC (Allocation Failure) 2018-02-23T10:41:53.055+0000: 166.185: [DefNew: 146571K->10163K(153600K), 0.0319594 secs] 224303K->90440K(494976K), 0.0320234 secs] [Times: user=0.01 sys=0.02, real=0.03 secs] 
2018-02-23T10:41:57.581+0000: 170.710: [GC (Allocation Failure) 2018-02-23T10:41:57.581+0000: 170.710: [DefNew: 146739K->8834K(153600K), 0.0277310 secs] 227016K->90463K(494976K), 0.0278050 secs] [Times: user=0.01 sys=0.01, real=0.03 secs] 
2018-02-23T10:42:02.702+0000: 175.831: [GC (Allocation Failure) 2018-02-23T10:42:02.702+0000: 175.831: [DefNew: 145410K->9087K(153600K), 0.0162915 secs] 227039K->92289K(494976K), 0.0163522 secs] [Times: user=0.02 sys=0.00, real=0.02 secs] 
2018-02-23T10:42:07.477+0000: 180.606: [GC (Allocation Failure) 2018-02-23T10:42:07.477+0000: 180.606: [DefNew: 145663K->9675K(153600K), 0.0299484 secs] 228865K->94195K(494976K), 0.0300095 secs] [Times: user=0.01 sys=0.02, real=0.02 secs] 
2018-02-23T10:42:11.175+0000: 184.304: [GC (Allocation Failure) 2018-02-23T10:42:11.175+0000: 184.304: [DefNew: 146251K->9241K(153600K), 0.0236351 secs] 230771K->95467K(494976K), 0.0236974 secs] [Times: user=0.01 sys=0.01, real=0.03 secs] 
2018-02-23T10:42:15.646+0000: 188.775: [GC (Allocation Failure) 2018-02-23T10:42:15.646+0000: 188.775: [DefNew: 145817K->9270K(153600K), 0.0220872 secs] 232043K->97141K(494976K), 0.0221502 secs] [Times: user=0.01 sys=0.01, real=0.03 secs] 
2018-02-23T10:42:21.840+0000: 194.969: [GC (Allocation Failure) 2018-02-23T10:42:21.840+0000: 194.969: [DefNew: 145846K->9673K(153600K), 0.0161699 secs] 233717K->98798K(494976K), 0.0162347 secs] [Times: user=0.01 sys=0.00, real=0.02 secs] 
2018-02-23T10:42:26.310+0000: 199.439: [GC (Allocation Failure) 2018-02-23T10:42:26.310+0000: 199.439: [DefNew: 146249K->10369K(153600K), 0.0225597 secs] 235374K->101060K(494976K), 0.0226335 secs] [Times: user=0.02 sys=0.00, real=0.02 secs] 
2018-02-23T10:42:31.925+0000: 205.055: [GC (Allocation Failure) 2018-02-23T10:42:31.925+0000: 205.055: [DefNew: 146945K->10288K(153600K), 0.0227577 secs] 237636K->102584K(494976K), 0.0228361 secs] [Times: user=0.02 sys=0.00, real=0.03 secs] 
2018-02-23T10:42:37.319+0000: 210.448: [GC (Allocation Failure) 2018-02-23T10:42:37.319+0000: 210.448: [DefNew: 146864K->10167K(153600K), 0.0179504 secs] 239160K->104015K(494976K), 0.0180136 secs] [Times: user=0.01 sys=0.01, real=0.02 secs] 
2018-02-23T10:42:40.557+0000: 213.686: [GC (Allocation Failure) 2018-02-23T10:42:40.557+0000: 213.686: [DefNew: 146743K->10147K(153600K), 0.0172178 secs] 240591K->105638K(494976K), 0.0172923 secs] [Times: user=0.01 sys=0.00, real=0.01 secs] 
2018-02-23T10:42:45.864+0000: 218.993: [GC (Allocation Failure) 2018-02-23T10:42:45.864+0000: 218.993: [DefNew: 146723K->10251K(153600K), 0.0219039 secs] 242214K->107393K(494976K), 0.0219700 secs] [Times: user=0.01 sys=0.01, real=0.02 secs] 
2018-02-23T10:42:50.478+0000: 223.608: [GC (Allocation Failure) 2018-02-23T10:42:50.479+0000: 223.608: [DefNew: 146827K->10884K(153600K), 0.0293400 secs] 243969K->109485K(494976K), 0.0305684 secs] [Times: user=0.01 sys=0.01, real=0.03 secs] 
10:42:50.624 [Client] INFO  c.s.f.r.e.s.SocketRear  - FlameSocketGraphDeployerRear@172.31.42.36: has been disconnected from Connection 5
10:43:08.867 [worker-akka.actor.default-dispatcher-2] INFO  a.a.CoordinatedShutdown CoordinatedShutdown(akka://worker) - Starting coordinated shutdown from JVM shutdown hook
10:43:08.921 [worker-akka.actor.default-dispatcher-2] INFO  a.a.LocalActorRef akka://worker/user/watcher/graph0000000000/negotiator - Stopped
10:43:08.922 [worker-akka.actor.default-dispatcher-2] INFO  a.a.LocalActorRef akka://worker/user/watcher/graph0000000000/edge/FlameSocketGraphDeployerFront - Stopped
10:43:08.925 [worker-akka.actor.default-dispatcher-2] INFO  a.a.LocalActorRef akka://worker/user/watcher/graph0000000000/edge/FlameSocketGraphDeployerRear - Stopped
10:43:08.926 [worker-akka.actor.default-dispatcher-2] INFO  a.a.LocalActorRef akka://worker/user/watcher/graph0000000000/graph/$a - Stopped
10:43:08.926 [worker-akka.actor.default-dispatcher-2] INFO  a.a.LocalActorRef akka://worker/user/watcher/graph0000000000/graph/$b - Stopped
10:43:08.926 [worker-akka.actor.default-dispatcher-2] INFO  a.a.LocalActorRef akka://worker/user/watcher/graph0000000000/graph/$c - Stopped
10:43:08.927 [worker-akka.actor.default-dispatcher-2] INFO  a.a.LocalActorRef akka://worker/user/watcher/graph0000000000/graph/local-acker/$a - Stopped
10:43:08.931 [worker-akka.actor.default-dispatcher-2] INFO  a.a.LocalActorRef akka://worker/user/watcher/graph0000000000/edge - Stopped
10:43:08.933 [worker-akka.actor.default-dispatcher-2] INFO  a.a.LocalActorRef akka://worker/user/watcher/graph0000000000/graph/local-acker/$a - Message [com.spbsu.flamestream.runtime.utils.akka.PingActor$InnerPing] from Actor[akka://worker/user/watcher/graph0000000000/graph/local-acker/$a#406455660] to Actor[akka://worker/user/watcher/graph0000000000/graph/local-acker/$a#406455660] was not delivered. [1] dead letters encountered. This logging can be turned off or adjusted with configuration settings 'akka.log-dead-letters' and 'akka.log-dead-letters-during-shutdown'.
10:43:08.933 [worker-akka.actor.default-dispatcher-2] INFO  a.a.LocalActorRef akka://worker/user/watcher/graph0000000000/graph/local-acker - Stopped
10:43:08.936 [worker-akka.actor.default-dispatcher-2] INFO  a.a.LocalActorRef akka://worker/user/watcher/graph0000000000/graph/local-acker/$a - Message [com.spbsu.flamestream.runtime.utils.akka.PingActor$Stop] from Actor[akka://worker/user/watcher/graph0000000000/graph/local-acker#1458924622] to Actor[akka://worker/user/watcher/graph0000000000/graph/local-acker/$a#406455660] was not delivered. [2] dead letters encountered. This logging can be turned off or adjusted with configuration settings 'akka.log-dead-letters' and 'akka.log-dead-letters-during-shutdown'.
10:43:08.938 [worker-akka.actor.default-dispatcher-2] INFO  a.a.LocalActorRef akka://worker/user/watcher/graph0000000000/graph/local-acker - Message [com.spbsu.flamestream.runtime.acker.LocalAcker$Flush] from Actor[akka://worker/user/watcher/graph0000000000/graph/local-acker#1458924622] to Actor[akka://worker/user/watcher/graph0000000000/graph/local-acker#1458924622] was not delivered. [3] dead letters encountered. This logging can be turned off or adjusted with configuration settings 'akka.log-dead-letters' and 'akka.log-dead-letters-during-shutdown'.
10:43:08.938 [worker-akka.actor.default-dispatcher-2] INFO  a.a.LocalActorRef akka://worker/user/watcher/graph0000000000/graph/local-acker - Message [com.spbsu.flamestream.runtime.acker.LocalAcker$Flush] from Actor[akka://worker/user/watcher/graph0000000000/graph/local-acker#1458924622] to Actor[akka://worker/user/watcher/graph0000000000/graph/local-acker#1458924622] was not delivered. [4] dead letters encountered. This logging can be turned off or adjusted with configuration settings 'akka.log-dead-letters' and 'akka.log-dead-letters-during-shutdown'.
10:43:08.938 [worker-akka.actor.default-dispatcher-2] INFO  a.a.LocalActorRef akka://worker/user/watcher/graph0000000000/graph/local-acker - Message [com.spbsu.flamestream.runtime.acker.LocalAcker$Flush] from Actor[akka://worker/user/watcher/graph0000000000/graph/local-acker#1458924622] to Actor[akka://worker/user/watcher/graph0000000000/graph/local-acker#1458924622] was not delivered. [5] dead letters encountered. This logging can be turned off or adjusted with configuration settings 'akka.log-dead-letters' and 'akka.log-dead-letters-during-shutdown'.
10:43:08.938 [worker-akka.actor.default-dispatcher-2] INFO  a.a.LocalActorRef akka://worker/user/watcher/graph0000000000/graph/local-acker - Message [com.spbsu.flamestream.runtime.acker.LocalAcker$Flush] from Actor[akka://worker/user/watcher/graph0000000000/graph/local-acker#1458924622] to Actor[akka://worker/user/watcher/graph0000000000/graph/local-acker#1458924622] was not delivered. [6] dead letters encountered. This logging can be turned off or adjusted with configuration settings 'akka.log-dead-letters' and 'akka.log-dead-letters-during-shutdown'.
10:43:08.940 [worker-akka.actor.default-dispatcher-2] INFO  a.a.LocalActorRef akka://worker/user/watcher/graph0000000000/graph/local-acker - Message [com.spbsu.flamestream.runtime.acker.LocalAcker$Flush] from Actor[akka://worker/user/watcher/graph0000000000/graph/local-acker#1458924622] to Actor[akka://worker/user/watcher/graph0000000000/graph/local-acker#1458924622] was not delivered. [7] dead letters encountered. This logging can be turned off or adjusted with configuration settings 'akka.log-dead-letters' and 'akka.log-dead-letters-during-shutdown'.
10:43:08.941 [worker-akka.actor.default-dispatcher-2] INFO  a.a.LocalActorRef akka://worker/user/watcher/graph0000000000/graph/local-acker - Message [com.spbsu.flamestream.runtime.acker.LocalAcker$Flush] from Actor[akka://worker/user/watcher/graph0000000000/graph/local-acker#1458924622] to Actor[akka://worker/user/watcher/graph0000000000/graph/local-acker#1458924622] was not delivered. [8] dead letters encountered. This logging can be turned off or adjusted with configuration settings 'akka.log-dead-letters' and 'akka.log-dead-letters-during-shutdown'.
10:43:08.941 [worker-akka.actor.default-dispatcher-2] INFO  a.a.LocalActorRef akka://worker/user/watcher/graph0000000000/graph/local-acker - Message [com.spbsu.flamestream.runtime.acker.LocalAcker$Flush] from Actor[akka://worker/user/watcher/graph0000000000/graph/local-acker#1458924622] to Actor[akka://worker/user/watcher/graph0000000000/graph/local-acker#1458924622] was not delivered. [9] dead letters encountered. This logging can be turned off or adjusted with configuration settings 'akka.log-dead-letters' and 'akka.log-dead-letters-during-shutdown'.
10:43:08.941 [worker-akka.actor.default-dispatcher-2] INFO  a.a.LocalActorRef akka://worker/user/watcher/graph0000000000/graph/local-acker - Message [com.spbsu.flamestream.runtime.acker.LocalAcker$Flush] from Actor[akka://worker/user/watcher/graph0000000000/graph/local-acker#1458924622] to Actor[akka://worker/user/watcher/graph0000000000/graph/local-acker#1458924622] was not delivered. [10] dead letters encountered. This logging can be turned off or adjusted with configuration settings 'akka.log-dead-letters' and 'akka.log-dead-letters-during-shutdown'.
10:43:08.942 [worker-akka.actor.default-dispatcher-2] INFO  a.a.LocalActorRef akka://worker/user/watcher/graph0000000000/graph - Stopped
10:43:08.945 [worker-akka.actor.default-dispatcher-2-EventThread] INFO  o.a.z.ClientCnxn  - EventThread shut down for session: 0x161c23e272f0004
10:43:08.945 [worker-akka.actor.default-dispatcher-2] INFO  o.a.z.ZooKeeper  - Session: 0x161c23e272f0004 closed
10:43:08.946 [worker-akka.actor.default-dispatcher-2] INFO  a.a.LocalActorRef akka://worker/user/watcher/graph0000000000 - Stopped
10:43:08.946 [worker-akka.actor.default-dispatcher-2] INFO  a.a.RepointableActorRef akka://worker/user/watcher - Stopped
10:43:08.959 [worker-akka.actor.default-dispatcher-2] INFO  a.r.RemoteActorRefProvider$RemotingTerminator akka://worker@172.31.42.36:5412/system/remoting-terminator - Shutting down remote daemon.
10:43:08.962 [worker-akka.actor.default-dispatcher-2] INFO  a.r.RemoteActorRefProvider$RemotingTerminator akka://worker@172.31.42.36:5412/system/remoting-terminator - Remote daemon shut down; proceeding with flushing remote transports.
10:43:10.118 [worker-akka.actor.default-dispatcher-2] INFO  a.r.RemoteActorRefProvider$RemotingTerminator akka://worker@172.31.42.36:5412/system/remoting-terminator - Remoting shut down.
Heap
 def new generation   total 153600K, used 29469K [0x00000000e0c00000, 0x00000000eb2a0000, 0x00000000eb2a0000)
  eden space 136576K,  13% used [0x00000000e0c00000, 0x00000000e1e264b0, 0x00000000e9160000)
  from space 17024K,  63% used [0x00000000e9160000, 0x00000000e9c010c8, 0x00000000ea200000)
  to   space 17024K,   0% used [0x00000000ea200000, 0x00000000ea200000, 0x00000000eb2a0000)
 tenured generation   total 341376K, used 98601K [0x00000000eb2a0000, 0x0000000100000000, 0x0000000100000000)
   the space 341376K,  28% used [0x00000000eb2a0000, 0x00000000f12ea638, 0x00000000f12ea800, 0x0000000100000000)
 Metaspace       used 33363K, capacity 34162K, committed 34432K, reserved 1079296K
  class space    used 4455K, capacity 4624K, committed 4736K, reserved 1048576K
