15:07:28,204 |-INFO in ch.qos.logback.classic.LoggerContext[default] - Could NOT find resource [logback-test.xml]
15:07:28,204 |-INFO in ch.qos.logback.classic.LoggerContext[default] - Could NOT find resource [logback.groovy]
15:07:28,204 |-INFO in ch.qos.logback.classic.LoggerContext[default] - Found resource [logback.xml] at [jar:file:/opt/flamestream/lib/flamestream-runtime-1.0-SNAPSHOT.jar!/logback.xml]
15:07:28,206 |-WARN in ch.qos.logback.classic.LoggerContext[default] - Resource [logback.xml] occurs multiple times on the classpath.
15:07:28,206 |-WARN in ch.qos.logback.classic.LoggerContext[default] - Resource [logback.xml] occurs at [jar:file:/opt/flamestream/flamestream-runtime-1.0-SNAPSHOT.jar!/logback.xml]
15:07:28,206 |-WARN in ch.qos.logback.classic.LoggerContext[default] - Resource [logback.xml] occurs at [jar:file:/opt/flamestream/lib/flamestream-runtime-1.0-SNAPSHOT.jar!/logback.xml]
15:07:28,226 |-INFO in ch.qos.logback.core.joran.spi.ConfigurationWatchList@69b794e2 - URL [jar:file:/opt/flamestream/lib/flamestream-runtime-1.0-SNAPSHOT.jar!/logback.xml] is not of type file
15:07:28,311 |-INFO in ch.qos.logback.classic.joran.action.ConfigurationAction - debug attribute not set
15:07:28,311 |-INFO in ch.qos.logback.core.joran.action.AppenderAction - About to instantiate appender of type [ch.qos.logback.core.ConsoleAppender]
15:07:28,318 |-INFO in ch.qos.logback.core.joran.action.AppenderAction - Naming appender as [STDOUT]
15:07:28,325 |-INFO in ch.qos.logback.core.joran.action.NestedComplexPropertyIA - Assuming default type [ch.qos.logback.classic.encoder.PatternLayoutEncoder] for [encoder] property
15:07:28,360 |-INFO in ch.qos.logback.core.joran.action.AppenderAction - About to instantiate appender of type [ch.qos.logback.core.rolling.RollingFileAppender]
15:07:28,369 |-INFO in ch.qos.logback.core.joran.action.AppenderAction - Naming appender as [FILE]
15:07:28,387 |-INFO in c.q.l.core.rolling.TimeBasedRollingPolicy@1059063940 - No compression will be used
15:07:28,388 |-INFO in c.q.l.core.rolling.TimeBasedRollingPolicy@1059063940 - Will use the pattern /tmp/application_%d{yyyy-MM-dd}.%i.log for the active file
15:07:28,390 |-INFO in ch.qos.logback.core.rolling.SizeAndTimeBasedFNATP@4d339552 - The date pattern is 'yyyy-MM-dd' from file name pattern '/tmp/application_%d{yyyy-MM-dd}.%i.log'.
15:07:28,390 |-INFO in ch.qos.logback.core.rolling.SizeAndTimeBasedFNATP@4d339552 - Roll-over at midnight.
15:07:28,397 |-INFO in ch.qos.logback.core.rolling.SizeAndTimeBasedFNATP@4d339552 - Setting initial period to Thu Mar 29 15:02:55 UTC 2018
15:07:28,397 |-WARN in ch.qos.logback.core.rolling.SizeAndTimeBasedFNATP@4d339552 - SizeAndTimeBasedFNATP is deprecated. Use SizeAndTimeBasedRollingPolicy instead
15:07:28,397 |-WARN in ch.qos.logback.core.rolling.SizeAndTimeBasedFNATP@4d339552 - For more information see http://logback.qos.ch/manual/appenders.html#SizeAndTimeBasedRollingPolicy
15:07:28,402 |-INFO in ch.qos.logback.core.joran.action.NestedComplexPropertyIA - Assuming default type [ch.qos.logback.classic.encoder.PatternLayoutEncoder] for [encoder] property
15:07:28,407 |-INFO in ch.qos.logback.core.rolling.RollingFileAppender[FILE] - Active log file name: /tmp/application.log
15:07:28,407 |-INFO in ch.qos.logback.core.rolling.RollingFileAppender[FILE] - File property is set to [/tmp/application.log]
15:07:28,408 |-INFO in ch.qos.logback.classic.joran.action.RootLoggerAction - Setting level of ROOT logger to INFO
15:07:28,408 |-INFO in ch.qos.logback.core.joran.action.AppenderRefAction - Attaching appender named [STDOUT] to Logger[ROOT]
15:07:28,408 |-INFO in ch.qos.logback.core.joran.action.AppenderRefAction - Attaching appender named [FILE] to Logger[ROOT]
15:07:28,408 |-INFO in ch.qos.logback.classic.joran.action.ConfigurationAction - End of configuration.
15:07:28,409 |-INFO in ch.qos.logback.classic.joran.JoranConfigurator@f0f2775 - Registering current configuration as safe fallback point

15:07:28.413 [main] INFO  c.s.f.r.a.WorkerApplication  - Starting worker with id: '10.0.0.82', host: '10.0.0.82:5412', zkString: '10.0.0.14:2181'
15:07:29.295 [worker-akka.actor.default-dispatcher-2] INFO  a.e.s.Slf4jLogger  - Slf4jLogger started
2018-03-29T15:07:29.431+0000: 1.784: [Full GC (Metadata GC Threshold) 2018-03-29T15:07:29.431+0000: 1.784: [Tenured: 0K->15843K(341376K), 0.0386808 secs] 131339K->15843K(494976K), [Metaspace: 20938K->20938K(1067008K)], 0.0387472 secs] [Times: user=0.04 sys=0.00, real=0.04 secs] 
Ama winner
Ama winner
15:07:29.797 [worker-akka.actor.default-dispatcher-2] INFO  a.r.a.ArteryTransport(akka://worker) akka.remote.artery.ArteryTransport(akka://worker) - Started embedded media driver in directory [/dev/shm/aeron-10.0.0.82]
15:07:29.968 [worker-akka.actor.default-dispatcher-2] INFO  a.r.a.ArteryTransport(akka://worker) akka.remote.artery.ArteryTransport(akka://worker) - Remoting started; listening on address: [akka://worker@10.0.0.82:5412] with UID [-8843365334301592236]
15:07:30.019 [worker-akka.actor.default-dispatcher-6] INFO  a.a.RepointableActorRef akka://worker/user/watcher - Starting...
15:07:30.082 [worker-akka.actor.default-dispatcher-2] INFO  o.a.z.ZooKeeper  - Client environment:zookeeper.version=3.4.9-1757313, built on 08/23/2016 06:50 GMT
15:07:30.082 [worker-akka.actor.default-dispatcher-2] INFO  o.a.z.ZooKeeper  - Client environment:host.name=localhost
15:07:30.082 [worker-akka.actor.default-dispatcher-2] INFO  o.a.z.ZooKeeper  - Client environment:java.version=1.8.0_151
15:07:30.082 [worker-akka.actor.default-dispatcher-2] INFO  o.a.z.ZooKeeper  - Client environment:java.vendor=Oracle Corporation
15:07:30.082 [worker-akka.actor.default-dispatcher-2] INFO  o.a.z.ZooKeeper  - Client environment:java.home=/usr/lib/jvm/java-8-openjdk-amd64/jre
15:07:30.083 [worker-akka.actor.default-dispatcher-2] INFO  o.a.z.ZooKeeper  - Client environment:java.class.path=lib/commons-cli-1.4.jar:lib/minlog-1.3.0.jar:lib/asm-5.0.4.jar:lib/hadoop-annotations-2.7.3.jar:lib/hadoop-auth-2.7.3.jar:lib/akka-slf4j_2.11-2.5.6.jar:lib/jersey-core-1.9.jar:lib/lz4-1.3.0.jar:lib/jackson-core-asl-1.9.13.jar:lib/aeron-client-1.3.0.jar:lib/htrace-core-3.1.0-incubating.jar:lib/xz-1.0.jar:lib/commons-httpclient-3.1.jar:lib/asm-3.1.jar:lib/commons-lang3-3.4.jar:lib/scala-library-2.11.11.jar:lib/scala-java8-compat_2.11-0.7.0.jar:lib/commons-configuration-1.6.jar:lib/objenesis-2.1.jar:lib/jackson-annotations-2.8.0.jar:lib/jsr305-3.0.0.jar:lib/curator-framework-2.7.1.jar:lib/jersey-server-1.9.jar:lib/jets3t-0.9.0.jar:lib/leveldb-0.7.jar:lib/jetty-6.1.26.jar:lib/stax-api-1.0-2.jar:lib/flamestream-core-1.0-SNAPSHOT.jar:lib/reflectasm-1.07-shaded.jar:lib/apacheds-kerberos-codec-2.0.0-M15.jar:lib/api-asn1-api-1.0.0-M20.jar:lib/commons-lang-2.6.jar:lib/commons-beanutils-1.7.0.jar:lib/jackson-xc-1.8.3.jar:lib/jetty-util-6.1.26.jar:lib/logback-classic-1.2.3.jar:lib/jool-0.9.12.jar:lib/httpcore-4.1.2.jar:lib/kryo-4.0.0.jar:lib/ant-1.8.1.jar:lib/jaxb-impl-2.2.3-1.jar:lib/jersey-json-1.9.jar:lib/commons-compress-1.4.1.jar:lib/leveldbjni-all-1.8.jar:lib/paranamer-2.3.jar:lib/jackson-core-2.8.4.jar:lib/commons-math3-3.6.1.jar:lib/scala-parser-combinators_2.11-1.0.4.jar:lib/netty-3.10.6.Final.jar:lib/trove4j-3.0.3.jar:lib/jaxb-api-2.2.2.jar:lib/logback-core-1.2.3.jar:lib/snappy-java-1.0.4.1.jar:lib/protobuf-java-2.5.0.jar:lib/reactive-streams-1.0.1.jar:lib/flamestream-examples-1.0-SNAPSHOT.jar:lib/commons-codec-1.4.jar:lib/activation-1.1.jar:lib/commons-net-3.1.jar:lib/curator-recipes-2.7.1.jar:lib/jackson-mapper-asl-1.9.13.jar:lib/jackson-databind-2.8.4.jar:lib/flamestream-runtime-1.0-SNAPSHOT.jar:lib/jackson-jaxrs-1.8.3.jar:lib/slf4j-api-1.7.24.jar:lib/akka-remote_2.11-2.5.6.jar:lib/akka-testkit_2.11-2.5.6.jar:lib/jline-0.9.94.jar:lib/jedis-2.9.0.jar:lib/akka-stream_2.11-2.5.6.jar:lib/jsp-api-2.1.jar:lib/kryonet-2.21.jar:lib/akka-kryo-serialization_2.11-0.5.0.jar:lib/config-1.3.1.jar:lib/ant-launcher-1.8.1.jar:lib/commons-logging-1.2.jar:lib/ssl-config-core_2.11-0.2.2.jar:lib/testng-6.10.jar:lib/leveldb-api-0.7.jar:lib/reflectasm-1.11.3.jar:lib/jcommander-1.48.jar:lib/commons-1.1.jar:lib/commons-digester-1.8.jar:lib/minlog-1.2.jar:lib/java-xmlbuilder-0.4.jar:lib/jettison-1.1.jar:lib/gson-2.2.4.jar:lib/jdk.tools-1.8.jar:lib/aeron-driver-1.3.0.jar:lib/zookeeper-3.4.9.jar:lib/commons-beanutils-core-1.8.0.jar:lib/commons-math3-3.1.1.jar:lib/akka-actor_2.11-2.5.6.jar:lib/curator-client-2.7.1.jar:lib/servlet-api-2.5.jar:lib/commons-pool2-2.4.2.jar:lib/apacheds-i18n-2.0.0-M15.jar:lib/commons-io-2.4.jar:lib/commons-codec-1.6.jar:lib/akka-protobuf_2.11-2.5.6.jar:lib/jdom-2.0.2.jar:lib/rocksdbjni-5.5.1.jar:lib/api-util-1.0.0-M20.jar:lib/hadoop-common-2.7.3.jar:lib/agrona-0.9.6.jar:lib/xmlenc-0.52.jar:lib/guava-21.0.jar:lib/commons-collections-3.2.2.jar:lib/avro-1.7.4.jar:lib/httpclient-4.1.2.jar:lib/flamestream-core-1.0-SNAPSHOT-tests.jar:lib/annotations-12.0.jar:lib/jsch-0.1.42.jar:flamestream-runtime-1.0-SNAPSHOT.jar
15:07:30.083 [worker-akka.actor.default-dispatcher-2] INFO  o.a.z.ZooKeeper  - Client environment:java.library.path=/usr/java/packages/lib/amd64:/usr/lib/x86_64-linux-gnu/jni:/lib/x86_64-linux-gnu:/usr/lib/x86_64-linux-gnu:/usr/lib/jni:/lib:/usr/lib
15:07:30.084 [worker-akka.actor.default-dispatcher-2] INFO  o.a.z.ZooKeeper  - Client environment:java.io.tmpdir=/tmp
15:07:30.085 [worker-akka.actor.default-dispatcher-2] INFO  o.a.z.ZooKeeper  - Client environment:java.compiler=<NA>
15:07:30.085 [worker-akka.actor.default-dispatcher-2] INFO  o.a.z.ZooKeeper  - Client environment:os.name=Linux
15:07:30.085 [worker-akka.actor.default-dispatcher-2] INFO  o.a.z.ZooKeeper  - Client environment:os.arch=amd64
15:07:30.086 [worker-akka.actor.default-dispatcher-2] INFO  o.a.z.ZooKeeper  - Client environment:os.version=4.4.0-1049-aws
15:07:30.087 [worker-akka.actor.default-dispatcher-2] INFO  o.a.z.ZooKeeper  - Client environment:user.name=root
15:07:30.087 [worker-akka.actor.default-dispatcher-2] INFO  o.a.z.ZooKeeper  - Client environment:user.home=/root
15:07:30.087 [worker-akka.actor.default-dispatcher-2] INFO  o.a.z.ZooKeeper  - Client environment:user.dir=/opt/flamestream
15:07:30.090 [worker-akka.actor.default-dispatcher-2] INFO  o.a.z.ZooKeeper  - Initiating client connection, connectString=10.0.0.14:2181 sessionTimeout=5000 watcher=com.spbsu.flamestream.runtime.application.LifecycleWatcher$$Lambda$30/679119433@59ad2b85
15:07:30.125 [worker-akka.actor.default-dispatcher-2-SendThread(10.0.0.14:2181)] INFO  o.a.z.ClientCnxn  - Opening socket connection to server 10.0.0.14/10.0.0.14:2181. Will not attempt to authenticate using SASL (unknown error)
15:07:30.135 [worker-akka.actor.default-dispatcher-2-SendThread(10.0.0.14:2181)] INFO  o.a.z.ClientCnxn  - Socket connection established to 10.0.0.14/10.0.0.14:2181, initiating session
15:07:30.145 [worker-akka.actor.default-dispatcher-2-SendThread(10.0.0.14:2181)] INFO  o.a.z.ClientCnxn  - Session establishment complete on server 10.0.0.14/10.0.0.14:2181, sessionid = 0x162724b934d0003, negotiated timeout = 6000
15:07:30.156 [worker-akka.actor.default-dispatcher-6] INFO  a.a.RepointableActorRef akka://worker/user/watcher - Initializing rocksDB backend
15:07:30.325 [worker-akka.actor.default-dispatcher-6] INFO  a.a.RepointableActorRef akka://worker/user/watcher - Connected to ZK
15:07:40.616 [worker-akka.actor.default-dispatcher-6] INFO  a.a.RepointableActorRef akka://worker/user/watcher - Creating node with watchGraphs: 'com.spbsu.flamestream.core.Graph$Builder$MyGraph@57f7b845', config: 'ClusterConfig{paths={10.0.0.82=akka://worker@10.0.0.82:5412/user/watcher, 10.0.0.102=akka://worker@10.0.0.102:5412/user/watcher, 10.0.0.39=akka://worker@10.0.0.39:5412/user/watcher, 10.0.0.225=akka://worker@10.0.0.225:5412/user/watcher, 10.0.0.27=akka://worker@10.0.0.27:5412/user/watcher, 10.0.0.236=akka://worker@10.0.0.236:5412/user/watcher, 10.0.0.25=akka://worker@10.0.0.25:5412/user/watcher, 10.0.0.167=akka://worker@10.0.0.167:5412/user/watcher, 10.0.0.46=akka://worker@10.0.0.46:5412/user/watcher, 10.0.0.189=akka://worker@10.0.0.189:5412/user/watcher}, ackerLocation='10.0.0.46', props=ComputationLayout{hashGroups={10.0.0.82=com.spbsu.flamestream.runtime.config.HashGroup@1ffe1b9d, 10.0.0.102=com.spbsu.flamestream.runtime.config.HashGroup@5d5c21bc, 10.0.0.39=com.spbsu.flamestream.runtime.config.HashGroup@56dcaf5d, 10.0.0.225=com.spbsu.flamestream.runtime.config.HashGroup@c65a7748, 10.0.0.27=com.spbsu.flamestream.runtime.config.HashGroup@231425fe, 10.0.0.236=com.spbsu.flamestream.runtime.config.HashGroup@fbc82752, 10.0.0.25=com.spbsu.flamestream.runtime.config.HashGroup@ccbcd570, 10.0.0.167=com.spbsu.flamestream.runtime.config.HashGroup@4276a447, 10.0.0.46=com.spbsu.flamestream.runtime.config.HashGroup@c01f, 10.0.0.189=com.spbsu.flamestream.runtime.config.HashGroup@3fc198ed}}}'
15:07:41.427 [worker-akka.actor.default-dispatcher-3] INFO  a.a.LocalActorRef akka://worker/user/watcher/graph_at_0/graph - Starting...
15:07:41.433 [worker-akka.actor.default-dispatcher-4] INFO  a.a.LocalActorRef akka://worker/user/watcher/graph_at_0/graph/local-acker/$a - Starting...
15:07:41.446 [worker-akka.actor.default-dispatcher-2] INFO  a.a.LocalActorRef akka://worker/user/watcher/graph_at_0/graph/local-acker - Starting...
15:07:41.988 [worker-akka.actor.default-dispatcher-4] INFO  a.a.LocalActorRef akka://worker/user/watcher/graph_at_0/graph - Finishing constructor
15:07:41.998 [worker-akka.actor.default-dispatcher-4] INFO  a.a.LocalActorRef akka://worker/user/watcher/graph_at_0/edge - Starting...
15:07:41.998 [worker-akka.actor.default-dispatcher-4] INFO  a.a.LocalActorRef akka://worker/user/watcher/graph_at_0 - Starting FlameNode with config 'ClusterConfig{paths={10.0.0.82=akka://worker@10.0.0.82:5412/user/watcher/graph_at_0, 10.0.0.102=akka://worker@10.0.0.102:5412/user/watcher/graph_at_0, 10.0.0.39=akka://worker@10.0.0.39:5412/user/watcher/graph_at_0, 10.0.0.225=akka://worker@10.0.0.225:5412/user/watcher/graph_at_0, 10.0.0.27=akka://worker@10.0.0.27:5412/user/watcher/graph_at_0, 10.0.0.236=akka://worker@10.0.0.236:5412/user/watcher/graph_at_0, 10.0.0.25=akka://worker@10.0.0.25:5412/user/watcher/graph_at_0, 10.0.0.167=akka://worker@10.0.0.167:5412/user/watcher/graph_at_0, 10.0.0.46=akka://worker@10.0.0.46:5412/user/watcher/graph_at_0, 10.0.0.189=akka://worker@10.0.0.189:5412/user/watcher/graph_at_0}, ackerLocation='10.0.0.46', props=ComputationLayout{hashGroups={10.0.0.82=com.spbsu.flamestream.runtime.config.HashGroup@1ffe1b9d, 10.0.0.102=com.spbsu.flamestream.runtime.config.HashGroup@5d5c21bc, 10.0.0.39=com.spbsu.flamestream.runtime.config.HashGroup@56dcaf5d, 10.0.0.225=com.spbsu.flamestream.runtime.config.HashGroup@c65a7748, 10.0.0.27=com.spbsu.flamestream.runtime.config.HashGroup@231425fe, 10.0.0.236=com.spbsu.flamestream.runtime.config.HashGroup@fbc82752, 10.0.0.25=com.spbsu.flamestream.runtime.config.HashGroup@ccbcd570, 10.0.0.167=com.spbsu.flamestream.runtime.config.HashGroup@4276a447, 10.0.0.46=com.spbsu.flamestream.runtime.config.HashGroup@c01f, 10.0.0.189=com.spbsu.flamestream.runtime.config.HashGroup@3fc198ed}}}'
15:07:41.998 [worker-akka.actor.default-dispatcher-4] INFO  a.a.LocalActorRef akka://worker/user/watcher/graph_at_0/negotiator - Starting...
15:07:42.013 [worker-akka.actor.default-dispatcher-11] INFO  a.a.LocalActorRef akka://worker/user/watcher/graph_at_0/negotiator - Requesting ticket for the frontClass FlameSocketGraphDeployerFront@10.0.0.82
15:07:42.051 [worker-akka.actor.default-dispatcher-3] INFO  a.a.LocalActorRef akka://worker/user/watcher/graph_at_0/graph - Received last commit 'LastCommit{globalTime=(0000000, min@min)}'
15:07:42.065 [worker-akka.actor.default-dispatcher-12] INFO  c.s.f.r.e.s.SocketRear  - FlameSocketGraphDeployerRear@10.0.0.82: connecting to 10.0.0.14:5678
15:07:42.084 [worker-akka.actor.default-dispatcher-6] INFO  a.a.LocalActorRef akka://worker/user/watcher/graph_at_0/edge/FlameSocketGraphDeployerFront - Starting...
15:07:42.088 [worker-akka.actor.default-dispatcher-12] INFO  c.s.f.r.e.s.SocketRear  - FlameSocketGraphDeployerRear@10.0.0.82: connected to 10.0.0.14:5678
15:07:42.089 [worker-akka.actor.default-dispatcher-12] INFO  a.a.LocalActorRef akka://worker/user/watcher/graph_at_0/edge/FlameSocketGraphDeployerRear - Starting...
15:07:42.127 [worker-akka.actor.default-dispatcher-3] INFO  a.a.LocalActorRef akka://worker/user/watcher/graph_at_0/graph/$a - Starting...
15:07:42.145 [worker-akka.actor.default-dispatcher-3] INFO  a.a.LocalActorRef akka://worker/user/watcher/graph_at_0/graph/$b - Starting...
15:07:42.173 [worker-akka.actor.default-dispatcher-3] INFO  a.a.LocalActorRef akka://worker/user/watcher/graph_at_0/graph/$b - Attached rear to graph (-9223372036854775808, min@min)
15:07:42.177 [worker-akka.actor.default-dispatcher-3] INFO  a.a.LocalActorRef akka://worker/user/watcher/graph_at_0/graph/$c - Starting...
15:07:43.528 [worker-akka.actor.default-dispatcher-3] INFO  a.a.LocalActorRef akka://worker/user/watcher/graph_at_0/negotiator - Ticket for the frontClass received: FrontTicket{allowedTimestamp=(0000000, FlameSocketGraphDeployerFront@10.0.0.82)}
15:07:43.528 [worker-akka.actor.default-dispatcher-3] INFO  c.s.f.r.e.s.SocketFront  - FlameSocketGraphDeployerFront@10.0.0.82: connecting to 10.0.0.14:4567
15:07:43.559 [Client] INFO  c.s.f.r.e.s.SocketFront  - FlameSocketGraphDeployerFront@10.0.0.82 has been disconnected from Connection 2
2018-03-29T15:07:47.979+0000: 20.332: [GC (Allocation Failure) 2018-03-29T15:07:47.979+0000: 20.332: [DefNew: 136576K->16671K(153600K), 0.0461137 secs] 152419K->52045K(494976K), 0.0461786 secs] [Times: user=0.04 sys=0.01, real=0.04 secs] 
2018-03-29T15:07:56.612+0000: 28.965: [GC (Allocation Failure) 2018-03-29T15:07:56.613+0000: 28.965: [DefNew: 153247K->6938K(153600K), 0.0205927 secs] 188621K->50540K(494976K), 0.0206555 secs] [Times: user=0.02 sys=0.01, real=0.02 secs] 
2018-03-29T15:08:06.883+0000: 39.236: [GC (Allocation Failure) 2018-03-29T15:08:06.883+0000: 39.236: [DefNew: 143514K->9051K(153600K), 0.0129683 secs] 187116K->52652K(494976K), 0.0130353 secs] [Times: user=0.02 sys=0.00, real=0.01 secs] 
2018-03-29T15:08:15.955+0000: 48.308: [GC (Allocation Failure) 2018-03-29T15:08:15.955+0000: 48.308: [DefNew: 145627K->10136K(153600K), 0.0184397 secs] 189228K->55978K(494976K), 0.0185024 secs] [Times: user=0.01 sys=0.00, real=0.02 secs] 
2018-03-29T15:08:25.709+0000: 58.061: [GC (Allocation Failure) 2018-03-29T15:08:25.709+0000: 58.062: [DefNew: 146712K->8505K(153600K), 0.0164753 secs] 192554K->57746K(494976K), 0.0165414 secs] [Times: user=0.01 sys=0.00, real=0.01 secs] 
2018-03-29T15:08:32.714+0000: 65.067: [GC (Allocation Failure) 2018-03-29T15:08:32.714+0000: 65.067: [DefNew: 145081K->17024K(153600K), 0.0191957 secs] 194322K->66762K(494976K), 0.0192747 secs] [Times: user=0.02 sys=0.00, real=0.02 secs] 
2018-03-29T15:08:38.709+0000: 71.062: [GC (Allocation Failure) 2018-03-29T15:08:38.709+0000: 71.062: [DefNew: 153600K->5764K(153600K), 0.0204108 secs] 203338K->68518K(494976K), 0.0204763 secs] [Times: user=0.02 sys=0.00, real=0.02 secs] 
2018-03-29T15:08:47.732+0000: 80.085: [GC (Allocation Failure) 2018-03-29T15:08:47.732+0000: 80.085: [DefNew: 140760K->7964K(153600K), 0.0147665 secs] 203514K->70718K(494976K), 0.0148413 secs] [Times: user=0.01 sys=0.00, real=0.01 secs] 
2018-03-29T15:08:54.738+0000: 87.091: [GC (Allocation Failure) 2018-03-29T15:08:54.738+0000: 87.091: [DefNew: 143304K->9624K(153600K), 0.0164877 secs] 206058K->72378K(494976K), 0.0165552 secs] [Times: user=0.01 sys=0.00, real=0.02 secs] 
2018-03-29T15:09:03.715+0000: 96.068: [GC (Allocation Failure) 2018-03-29T15:09:03.715+0000: 96.068: [DefNew: 146200K->8812K(153600K), 0.0193715 secs] 208954K->73594K(494976K), 0.0194421 secs] [Times: user=0.02 sys=0.00, real=0.02 secs] 
2018-03-29T15:09:13.722+0000: 106.075: [GC (Allocation Failure) 2018-03-29T15:09:13.722+0000: 106.075: [DefNew: 145388K->8348K(153600K), 0.0341229 secs] 210170K->74370K(494976K), 0.0342032 secs] [Times: user=0.03 sys=0.00, real=0.03 secs] 
2018-03-29T15:09:21.804+0000: 114.156: [GC (Allocation Failure) 2018-03-29T15:09:21.804+0000: 114.156: [DefNew: 144924K->8171K(153600K), 0.0137049 secs] 210946K->74193K(494976K), 0.0137736 secs] [Times: user=0.01 sys=0.00, real=0.01 secs] 
2018-03-29T15:09:29.746+0000: 122.099: [GC (Allocation Failure) 2018-03-29T15:09:29.747+0000: 122.099: [DefNew: 140591K->11391K(153600K), 0.0184633 secs] 206613K->77413K(494976K), 0.0185398 secs] [Times: user=0.02 sys=0.00, real=0.02 secs] 
2018-03-29T15:09:35.745+0000: 128.098: [GC (Allocation Failure) 2018-03-29T15:09:35.745+0000: 128.098: [DefNew: 147054K->17023K(153600K), 0.0276595 secs] 213076K->95841K(494976K), 0.0277363 secs] [Times: user=0.02 sys=0.00, real=0.03 secs] 
2018-03-29T15:09:43.749+0000: 136.102: [GC (Allocation Failure) 2018-03-29T15:09:43.749+0000: 136.102: [DefNew: 152288K->6348K(153600K), 0.0198484 secs] 231106K->101950K(494976K), 0.0199231 secs] [Times: user=0.01 sys=0.01, real=0.02 secs] 
2018-03-29T15:09:51.443+0000: 143.796: [GC (Allocation Failure) 2018-03-29T15:09:51.443+0000: 143.796: [DefNew: 142924K->6108K(153600K), 0.0114969 secs] 238526K->101710K(494976K), 0.0115676 secs] [Times: user=0.00 sys=0.00, real=0.01 secs] 
2018-03-29T15:09:59.759+0000: 152.112: [GC (Allocation Failure) 2018-03-29T15:09:59.759+0000: 152.112: [DefNew: 140173K->8805K(153600K), 0.0155710 secs] 235775K->104407K(494976K), 0.0156378 secs] [Times: user=0.02 sys=0.00, real=0.01 secs] 
2018-03-29T15:10:06.759+0000: 159.112: [GC (Allocation Failure) 2018-03-29T15:10:06.759+0000: 159.112: [DefNew: 142306K->8689K(153600K), 0.0173275 secs] 237909K->105385K(494976K), 0.0173973 secs] [Times: user=0.02 sys=0.00, real=0.01 secs] 
2018-03-29T15:10:13.756+0000: 166.109: [GC (Allocation Failure) 2018-03-29T15:10:13.756+0000: 166.109: [DefNew: 140044K->8857K(153600K), 0.0184054 secs] 236741K->106620K(494976K), 0.0184833 secs] [Times: user=0.02 sys=0.00, real=0.02 secs] 
2018-03-29T15:10:20.754+0000: 173.107: [GC (Allocation Failure) 2018-03-29T15:10:20.754+0000: 173.107: [DefNew: 141075K->9304K(153600K), 0.0179840 secs] 238838K->107997K(494976K), 0.0180544 secs] [Times: user=0.02 sys=0.00, real=0.02 secs] 
2018-03-29T15:10:27.614+0000: 179.967: [GC (Allocation Failure) 2018-03-29T15:10:27.615+0000: 179.967: [DefNew: 145880K->8003K(153600K), 0.0147123 secs] 244573K->107672K(494976K), 0.0147882 secs] [Times: user=0.01 sys=0.00, real=0.02 secs] 
2018-03-29T15:10:34.767+0000: 187.120: [GC (Allocation Failure) 2018-03-29T15:10:34.768+0000: 187.120: [DefNew: 144083K->10582K(153600K), 0.0179463 secs] 243752K->110251K(494976K), 0.0180156 secs] [Times: user=0.02 sys=0.00, real=0.01 secs] 
2018-03-29T15:10:42.041+0000: 194.394: [GC (Allocation Failure) 2018-03-29T15:10:42.041+0000: 194.394: [DefNew: 147158K->7694K(153600K), 0.0154129 secs] 246827K->109388K(494976K), 0.0154812 secs] [Times: user=0.01 sys=0.00, real=0.01 secs] 
2018-03-29T15:10:49.522+0000: 201.875: [GC (Allocation Failure) 2018-03-29T15:10:49.522+0000: 201.875: [DefNew: 144270K->8785K(153600K), 0.0144161 secs] 245964K->110478K(494976K), 0.0144905 secs] [Times: user=0.02 sys=0.00, real=0.01 secs] 
2018-03-29T15:10:55.758+0000: 208.111: [GC (Allocation Failure) 2018-03-29T15:10:55.758+0000: 208.111: [DefNew: 140046K->11255K(153600K), 0.0191335 secs] 241739K->113777K(494976K), 0.0192003 secs] [Times: user=0.02 sys=0.00, real=0.02 secs] 
2018-03-29T15:11:02.304+0000: 214.656: [GC (Allocation Failure) 2018-03-29T15:11:02.304+0000: 214.656: [DefNew: 147831K->6555K(153600K), 0.0161388 secs] 250353K->112353K(494976K), 0.0162048 secs] [Times: user=0.02 sys=0.00, real=0.02 secs] 
2018-03-29T15:11:08.682+0000: 221.035: [GC (Allocation Failure) 2018-03-29T15:11:08.682+0000: 221.035: [DefNew: 143131K->8714K(153600K), 0.0143630 secs] 248929K->114512K(494976K), 0.0144325 secs] [Times: user=0.02 sys=0.00, real=0.01 secs] 
2018-03-29T15:11:15.716+0000: 228.069: [GC (Allocation Failure) 2018-03-29T15:11:15.716+0000: 228.069: [DefNew: 145290K->9277K(153600K), 0.0162112 secs] 251088K->115928K(494976K), 0.0162789 secs] [Times: user=0.02 sys=0.00, real=0.02 secs] 
2018-03-29T15:11:21.776+0000: 234.129: [GC (Allocation Failure) 2018-03-29T15:11:21.776+0000: 234.129: [DefNew: 145076K->10502K(153600K), 0.0187344 secs] 251727K->118185K(494976K), 0.0188111 secs] [Times: user=0.01 sys=0.00, real=0.02 secs] 
2018-03-29T15:11:27.765+0000: 240.118: [GC (Allocation Failure) 2018-03-29T15:11:27.765+0000: 240.118: [DefNew: 146400K->9170K(153600K), 0.0196890 secs] 254082K->119294K(494976K), 0.0197673 secs] [Times: user=0.02 sys=0.00, real=0.02 secs] 
2018-03-29T15:11:34.773+0000: 247.126: [GC (Allocation Failure) 2018-03-29T15:11:34.773+0000: 247.126: [DefNew: 144388K->8915K(153600K), 0.0172726 secs] 254511K->120390K(494976K), 0.0173539 secs] [Times: user=0.02 sys=0.00, real=0.02 secs] 
2018-03-29T15:11:41.127+0000: 253.480: [GC (Allocation Failure) 2018-03-29T15:11:41.127+0000: 253.480: [DefNew: 145491K->6560K(153600K), 0.0134094 secs] 256966K->119449K(494976K), 0.0134757 secs] [Times: user=0.01 sys=0.00, real=0.01 secs] 
2018-03-29T15:11:47.770+0000: 260.123: [GC (Allocation Failure) 2018-03-29T15:11:47.770+0000: 260.123: [DefNew: 140810K->10411K(153600K), 0.0163387 secs] 253699K->123300K(494976K), 0.0164213 secs] [Times: user=0.02 sys=0.00, real=0.02 secs] 
2018-03-29T15:11:53.780+0000: 266.133: [GC (Allocation Failure) 2018-03-29T15:11:53.780+0000: 266.133: [DefNew: 141763K->9638K(153600K), 0.0194743 secs] 254652K->124627K(494976K), 0.0195442 secs] [Times: user=0.02 sys=0.00, real=0.02 secs] 
2018-03-29T15:11:59.324+0000: 271.677: [GC (Allocation Failure) 2018-03-29T15:11:59.324+0000: 271.677: [DefNew: 146214K->7253K(153600K), 0.0138922 secs] 261203K->123430K(494976K), 0.0139816 secs] [Times: user=0.01 sys=0.00, real=0.01 secs] 
2018-03-29T15:12:03.987+0000: 276.340: [GC (Allocation Failure) 2018-03-29T15:12:03.987+0000: 276.340: [DefNew: 143829K->7866K(153600K), 0.0244973 secs] 260006K->124044K(494976K), 0.0245649 secs] [Times: user=0.03 sys=0.00, real=0.02 secs] 
2018-03-29T15:12:08.944+0000: 281.297: [GC (Allocation Failure) 2018-03-29T15:12:08.944+0000: 281.297: [DefNew: 144442K->9568K(153600K), 0.0146253 secs] 260620K->125745K(494976K), 0.0146920 secs] [Times: user=0.02 sys=0.00, real=0.02 secs] 
2018-03-29T15:12:13.774+0000: 286.127: [GC (Allocation Failure) 2018-03-29T15:12:13.774+0000: 286.127: [DefNew: 145406K->17024K(153600K), 0.0268771 secs] 261583K->146046K(494976K), 0.0269487 secs] [Times: user=0.02 sys=0.01, real=0.03 secs] 
2018-03-29T15:12:17.982+0000: 290.335: [GC (Allocation Failure) 2018-03-29T15:12:17.982+0000: 290.335: [DefNew: 153600K->17024K(153600K), 0.0324684 secs] 282622K->167552K(494976K), 0.0325349 secs] [Times: user=0.03 sys=0.00, real=0.03 secs] 
2018-03-29T15:12:23.772+0000: 296.125: [GC (Allocation Failure) 2018-03-29T15:12:23.772+0000: 296.125: [DefNew: 153600K->7573K(153600K), 0.0239824 secs] 304128K->174799K(494976K), 0.0240554 secs] [Times: user=0.02 sys=0.01, real=0.02 secs] 
2018-03-29T15:12:28.963+0000: 301.316: [GC (Allocation Failure) 2018-03-29T15:12:28.963+0000: 301.316: [DefNew: 144149K->7295K(153600K), 0.0113261 secs] 311375K->174521K(494976K), 0.0114054 secs] [Times: user=0.01 sys=0.00, real=0.01 secs] 
2018-03-29T15:12:34.826+0000: 307.179: [GC (Allocation Failure) 2018-03-29T15:12:34.826+0000: 307.179: [DefNew: 143871K->8497K(153600K), 0.0134489 secs] 311097K->175723K(494976K), 0.0135057 secs] [Times: user=0.02 sys=0.00, real=0.02 secs] 
2018-03-29T15:12:40.480+0000: 312.833: [GC (Allocation Failure) 2018-03-29T15:12:40.480+0000: 312.833: [DefNew: 145073K->9907K(153600K), 0.0149372 secs] 312299K->177133K(494976K), 0.0150097 secs] [Times: user=0.02 sys=0.00, real=0.01 secs] 
2018-03-29T15:12:45.118+0000: 317.471: [GC (Allocation Failure) 2018-03-29T15:12:45.118+0000: 317.471: [DefNew: 146483K->9262K(153600K), 0.0158518 secs] 313709K->178383K(494976K), 0.0159183 secs] [Times: user=0.02 sys=0.00, real=0.02 secs] 
2018-03-29T15:12:50.646+0000: 322.998: [GC (Allocation Failure) 2018-03-29T15:12:50.646+0000: 322.998: [DefNew: 145838K->9809K(153600K), 0.0282086 secs] 314959K->179800K(494976K), 0.0282751 secs] [Times: user=0.02 sys=0.00, real=0.03 secs] 
2018-03-29T15:12:54.780+0000: 327.133: [GC (Allocation Failure) 2018-03-29T15:12:54.781+0000: 327.133: [DefNew: 140277K->9958K(153600K), 0.0160461 secs] 310269K->181182K(494976K), 0.0161165 secs] [Times: user=0.02 sys=0.00, real=0.01 secs] 
2018-03-29T15:12:59.783+0000: 332.136: [GC (Allocation Failure) 2018-03-29T15:12:59.783+0000: 332.136: [DefNew: 139550K->8900K(153600K), 0.0145477 secs] 310773K->181266K(494976K), 0.0146375 secs] [Times: user=0.01 sys=0.00, real=0.01 secs] 
2018-03-29T15:13:04.882+0000: 337.235: [GC (Allocation Failure) 2018-03-29T15:13:04.882+0000: 337.235: [DefNew: 137242K->8679K(153600K), 0.0259170 secs] 309608K->182087K(494976K), 0.0259901 secs] [Times: user=0.03 sys=0.00, real=0.03 secs] 
2018-03-29T15:13:10.727+0000: 343.080: [GC (Allocation Failure) 2018-03-29T15:13:10.727+0000: 343.080: [DefNew: 145255K->10503K(153600K), 0.0168556 secs] 318663K->184955K(494976K), 0.0169235 secs] [Times: user=0.02 sys=0.00, real=0.01 secs] 
2018-03-29T15:13:15.793+0000: 348.146: [GC (Allocation Failure) 2018-03-29T15:13:15.793+0000: 348.146: [DefNew: 138587K->7146K(153600K), 0.0139807 secs] 313039K->184140K(494976K), 0.0140550 secs] [Times: user=0.01 sys=0.00, real=0.02 secs] 
2018-03-29T15:13:20.787+0000: 353.140: [GC (Allocation Failure) 2018-03-29T15:13:20.787+0000: 353.140: [DefNew: 134429K->8808K(153600K), 0.0119912 secs] 311423K->185802K(494976K), 0.0120712 secs] [Times: user=0.01 sys=0.00, real=0.01 secs] 
2018-03-29T15:13:25.884+0000: 358.237: [GC (Allocation Failure) 2018-03-29T15:13:25.884+0000: 358.237: [DefNew: 137743K->8597K(153600K), 0.0217697 secs] 314737K->186640K(494976K), 0.0218407 secs] [Times: user=0.02 sys=0.00, real=0.02 secs] 
2018-03-29T15:13:30.453+0000: 362.806: [GC (Allocation Failure) 2018-03-29T15:13:30.454+0000: 362.806: [DefNew: 145173K->9404K(153600K), 0.0148984 secs] 323216K->188463K(494976K), 0.0149696 secs] [Times: user=0.02 sys=0.00, real=0.02 secs] 
2018-03-29T15:13:35.638+0000: 367.991: [GC (Allocation Failure) 2018-03-29T15:13:35.638+0000: 367.991: [DefNew: 145980K->9476K(153600K), 0.0154303 secs] 325039K->189627K(494976K), 0.0155004 secs] [Times: user=0.01 sys=0.00, real=0.02 secs] 
2018-03-29T15:13:40.715+0000: 373.068: [GC (Allocation Failure) 2018-03-29T15:13:40.715+0000: 373.068: [DefNew: 146052K->10549K(153600K), 0.0161791 secs] 326203K->191689K(494976K), 0.0162586 secs] [Times: user=0.02 sys=0.00, real=0.02 secs] 
2018-03-29T15:13:45.878+0000: 378.231: [GC (Allocation Failure) 2018-03-29T15:13:45.878+0000: 378.231: [DefNew: 146992K->7738K(153600K), 0.0273836 secs] 328132K->191756K(494976K), 0.0274538 secs] [Times: user=0.02 sys=0.00, real=0.03 secs] 
2018-03-29T15:13:50.728+0000: 383.081: [GC (Allocation Failure) 2018-03-29T15:13:50.728+0000: 383.081: [DefNew: 144314K->12066K(153600K), 0.0168915 secs] 328332K->196083K(494976K), 0.0169713 secs] [Times: user=0.02 sys=0.00, real=0.01 secs] 
2018-03-29T15:13:55.066+0000: 387.419: [GC (Allocation Failure) 2018-03-29T15:13:55.066+0000: 387.419: [DefNew: 148642K->7740K(153600K), 0.0146191 secs] 332659K->194519K(494976K), 0.0147008 secs] [Times: user=0.01 sys=0.00, real=0.02 secs] 
2018-03-29T15:13:59.794+0000: 392.147: [GC (Allocation Failure) 2018-03-29T15:13:59.794+0000: 392.147: [DefNew: 134197K->9825K(153600K), 0.0138413 secs] 320976K->196605K(494976K), 0.0139145 secs] [Times: user=0.02 sys=0.00, real=0.02 secs] 
2018-03-29T15:14:04.726+0000: 397.079: [GC (Allocation Failure) 2018-03-29T15:14:04.726+0000: 397.079: [DefNew: 146401K->11438K(153600K), 0.0185476 secs] 333181K->199305K(494976K), 0.0186171 secs] [Times: user=0.02 sys=0.00, real=0.02 secs] 
2018-03-29T15:14:09.718+0000: 402.071: [GC (Allocation Failure) 2018-03-29T15:14:09.718+0000: 402.071: [DefNew: 148014K->7700K(153600K), 0.0305378 secs] 335881K->198518K(494976K), 0.0306077 secs] [Times: user=0.03 sys=0.00, real=0.04 secs] 
2018-03-29T15:14:14.596+0000: 406.949: [GC (Allocation Failure) 2018-03-29T15:14:14.596+0000: 406.949: [DefNew: 144276K->9381K(153600K), 0.0125216 secs] 335094K->200200K(494976K), 0.0125892 secs] [Times: user=0.01 sys=0.00, real=0.02 secs] 
2018-03-29T15:14:19.594+0000: 411.947: [GC (Allocation Failure) 2018-03-29T15:14:19.594+0000: 411.947: [DefNew: 145957K->9239K(153600K), 0.0130823 secs] 336776K->201097K(494976K), 0.0131534 secs] [Times: user=0.01 sys=0.00, real=0.02 secs] 
2018-03-29T15:14:23.799+0000: 416.152: [GC (Allocation Failure) 2018-03-29T15:14:23.799+0000: 416.152: [DefNew: 143779K->9247K(153600K), 0.0141719 secs] 335636K->202249K(494976K), 0.0142637 secs] [Times: user=0.00 sys=0.00, real=0.01 secs] 
2018-03-29T15:14:28.026+0000: 420.379: [GC (Allocation Failure) 2018-03-29T15:14:28.026+0000: 420.379: [DefNew: 145823K->9402K(153600K), 0.0336891 secs] 338825K->203565K(494976K), 0.0337711 secs] [Times: user=0.03 sys=0.00, real=0.04 secs] 
2018-03-29T15:14:32.825+0000: 425.177: [GC (Allocation Failure) 2018-03-29T15:14:32.825+0000: 425.178: [DefNew: 139417K->9711K(153600K), 0.0137719 secs] 333580K->204831K(494976K), 0.0138431 secs] [Times: user=0.02 sys=0.00, real=0.01 secs] 
2018-03-29T15:14:37.631+0000: 429.984: [GC (Allocation Failure) 2018-03-29T15:14:37.631+0000: 429.984: [DefNew: 146287K->9886K(153600K), 0.0142545 secs] 341407K->206120K(494976K), 0.0143274 secs] [Times: user=0.01 sys=0.00, real=0.01 secs] 
2018-03-29T15:14:41.800+0000: 434.153: [GC (Allocation Failure) 2018-03-29T15:14:41.800+0000: 434.153: [DefNew: 139964K->10301K(153600K), 0.0144696 secs] 336198K->207836K(494976K), 0.0145470 secs] [Times: user=0.02 sys=0.00, real=0.01 secs] 
2018-03-29T15:14:46.061+0000: 438.413: [GC (Allocation Failure) 2018-03-29T15:14:46.061+0000: 438.413: [DefNew: 146877K->9248K(153600K), 0.0304631 secs] 344412K->208134K(494976K), 0.0305323 secs] [Times: user=0.02 sys=0.01, real=0.03 secs] 
2018-03-29T15:14:50.782+0000: 443.135: [GC (Allocation Failure) 2018-03-29T15:14:50.782+0000: 443.135: [DefNew: 145824K->12979K(153600K), 0.0216105 secs] 344710K->212998K(494976K), 0.0216858 secs] [Times: user=0.02 sys=0.00, real=0.02 secs] 
2018-03-29T15:14:54.802+0000: 447.155: [GC (Allocation Failure) 2018-03-29T15:14:54.802+0000: 447.155: [DefNew: 143301K->4803K(153600K), 0.0145693 secs] 343320K->210854K(494976K), 0.0146428 secs] [Times: user=0.01 sys=0.00, real=0.01 secs] 
2018-03-29T15:14:59.471+0000: 451.824: [GC (Allocation Failure) 2018-03-29T15:14:59.471+0000: 451.824: [DefNew: 141379K->7266K(153600K), 0.0099070 secs] 347430K->213316K(494976K), 0.0099896 secs] [Times: user=0.01 sys=0.00, real=0.01 secs] 
2018-03-29T15:15:03.942+0000: 456.295: [GC (Allocation Failure) 2018-03-29T15:15:03.942+0000: 456.295: [DefNew: 143842K->17024K(153600K), 0.0533386 secs] 349892K->226752K(494976K), 0.0534011 secs] [Times: user=0.05 sys=0.01, real=0.05 secs] 
2018-03-29T15:15:08.749+0000: 461.102: [GC (Allocation Failure) 2018-03-29T15:15:08.749+0000: 461.102: [DefNew: 153600K->8457K(153600K), 0.0192400 secs] 363328K->220992K(494976K), 0.0193074 secs] [Times: user=0.02 sys=0.00, real=0.02 secs] 
2018-03-29T15:15:12.717+0000: 465.070: [GC (Allocation Failure) 2018-03-29T15:15:12.717+0000: 465.070: [DefNew: 144910K->9847K(153600K), 0.0149257 secs] 357445K->222382K(494976K), 0.0149990 secs] [Times: user=0.02 sys=0.00, real=0.02 secs] 
2018-03-29T15:15:16.805+0000: 469.158: [GC (Allocation Failure) 2018-03-29T15:15:16.805+0000: 469.158: [DefNew: 143891K->8325K(153600K), 0.0128837 secs] 356426K->222527K(494976K), 0.0129582 secs] [Times: user=0.02 sys=0.00, real=0.01 secs] 
2018-03-29T15:15:20.846+0000: 473.199: [GC (Allocation Failure) 2018-03-29T15:15:20.846+0000: 473.199: [DefNew: 144901K->17024K(153600K), 0.0264514 secs] 359103K->236591K(494976K), 0.0265135 secs] [Times: user=0.03 sys=0.00, real=0.03 secs] 
2018-03-29T15:15:25.805+0000: 478.158: [GC (Allocation Failure) 2018-03-29T15:15:25.805+0000: 478.158: [DefNew: 142510K->3620K(153600K), 0.0111035 secs] 362078K->226094K(494976K), 0.0111877 secs] [Times: user=0.01 sys=0.00, real=0.01 secs] 
2018-03-29T15:15:30.073+0000: 482.426: [GC (Allocation Failure) 2018-03-29T15:15:30.073+0000: 482.426: [DefNew: 140196K->17024K(153600K), 0.0675670 secs] 362670K->242211K(494976K), 0.0676260 secs] [Times: user=0.06 sys=0.01, real=0.07 secs] 
2018-03-29T15:15:34.288+0000: 486.641: [GC (Allocation Failure) 2018-03-29T15:15:34.289+0000: 486.641: [DefNew: 153600K->5423K(153600K), 0.0224903 secs] 378787K->232843K(494976K), 0.0225722 secs] [Times: user=0.02 sys=0.00, real=0.02 secs] 
2018-03-29T15:15:38.807+0000: 491.160: [GC (Allocation Failure) 2018-03-29T15:15:38.807+0000: 491.160: [DefNew: 136571K->8391K(153600K), 0.0118268 secs] 363991K->235811K(494976K), 0.0119149 secs] [Times: user=0.01 sys=0.00, real=0.01 secs] 
2018-03-29T15:15:42.811+0000: 495.164: [GC (Allocation Failure) 2018-03-29T15:15:42.811+0000: 495.164: [DefNew: 140211K->10066K(153600K), 0.0128085 secs] 367631K->237486K(494976K), 0.0128924 secs] [Times: user=0.01 sys=0.00, real=0.01 secs] 
2018-03-29T15:15:47.345+0000: 499.698: [GC (Allocation Failure) 2018-03-29T15:15:47.345+0000: 499.698: [DefNew: 146642K->9311K(153600K), 0.0129844 secs] 374062K->238193K(494976K), 0.0130525 secs] [Times: user=0.02 sys=0.00, real=0.01 secs] 
2018-03-29T15:15:50.720+0000: 503.073: [GC (Allocation Failure) 2018-03-29T15:15:50.720+0000: 503.073: [DefNew: 145887K->12904K(153600K), 0.0192178 secs] 374769K->243116K(494976K), 0.0192974 secs] [Times: user=0.02 sys=0.00, real=0.02 secs] 
2018-03-29T15:15:54.777+0000: 507.130: [GC (Allocation Failure) 2018-03-29T15:15:54.777+0000: 507.130: [DefNew: 149480K->8387K(153600K), 0.0436604 secs] 379692K->245187K(494976K), 0.0437298 secs] [Times: user=0.04 sys=0.00, real=0.05 secs] 
2018-03-29T15:15:58.810+0000: 511.163: [GC (Allocation Failure) 2018-03-29T15:15:58.810+0000: 511.163: [DefNew: 136576K->7549K(153600K), 0.0105040 secs] 373376K->244349K(494976K), 0.0105817 secs] [Times: user=0.00 sys=0.00, real=0.01 secs] 
2018-03-29T15:16:03.730+0000: 516.083: [GC (Allocation Failure) 2018-03-29T15:16:03.730+0000: 516.083: [DefNew: 144125K->11752K(153600K), 0.0161999 secs] 380925K->248551K(494976K), 0.0162805 secs] [Times: user=0.02 sys=0.00, real=0.01 secs] 
2018-03-29T15:16:07.715+0000: 520.068: [GC (Allocation Failure) 2018-03-29T15:16:07.715+0000: 520.068: [DefNew: 148328K->9313K(153600K), 0.0175128 secs] 385127K->249280K(494976K), 0.0175813 secs] [Times: user=0.02 sys=0.00, real=0.02 secs] 
2018-03-29T15:16:11.667+0000: 524.020: [GC (Allocation Failure) 2018-03-29T15:16:11.667+0000: 524.020: [DefNew: 145889K->8853K(153600K), 0.0138891 secs] 385856K->250230K(494976K), 0.0139605 secs] [Times: user=0.01 sys=0.00, real=0.01 secs] 
2018-03-29T15:16:15.717+0000: 528.070: [GC (Allocation Failure) 2018-03-29T15:16:15.717+0000: 528.070: [DefNew: 145429K->9438K(153600K), 0.0163135 secs] 386806K->253129K(494976K), 0.0163853 secs] [Times: user=0.02 sys=0.00, real=0.02 secs] 
2018-03-29T15:16:19.740+0000: 532.093: [GC (Allocation Failure) 2018-03-29T15:16:19.740+0000: 532.093: [DefNew: 146014K->9362K(153600K), 0.0322261 secs] 389705K->255294K(494976K), 0.0323054 secs] [Times: user=0.04 sys=0.00, real=0.03 secs] 
15:16:21.036 [Client] INFO  c.s.f.r.e.s.SocketRear  - FlameSocketGraphDeployerRear@10.0.0.82: has been disconnected from Connection 2
15:16:32.398 [worker-akka.actor.default-dispatcher-3] INFO  a.a.CoordinatedShutdown CoordinatedShutdown(akka://worker) - Starting coordinated shutdown from JVM shutdown hook
15:16:32.416 [worker-akka.actor.default-dispatcher-16] INFO  a.a.LocalActorRef akka://worker/user/watcher/graph_at_0/edge/FlameSocketGraphDeployerFront - Stopped
15:16:32.416 [worker-akka.actor.default-dispatcher-16] INFO  a.a.LocalActorRef akka://worker/user/watcher/graph_at_0/negotiator - Stopped
15:16:32.416 [worker-akka.actor.default-dispatcher-13] INFO  a.a.LocalActorRef akka://worker/user/watcher/graph_at_0/edge/FlameSocketGraphDeployerRear - Stopped
15:16:32.422 [worker-akka.actor.default-dispatcher-4] INFO  a.a.LocalActorRef akka://worker/user/watcher/graph_at_0/graph/$a - Stopped
15:16:32.422 [worker-akka.actor.default-dispatcher-4] INFO  a.a.LocalActorRef akka://worker/user/watcher/graph_at_0/graph/$b - Stopped
15:16:32.422 [worker-akka.actor.default-dispatcher-4] INFO  a.a.LocalActorRef akka://worker/user/watcher/graph_at_0/graph/$c - Stopped
15:16:32.425 [worker-akka.actor.default-dispatcher-3] INFO  a.a.LocalActorRef akka://worker/user/watcher/graph_at_0/graph/local-acker/$a - Stopped
15:16:32.428 [worker-akka.actor.default-dispatcher-16] INFO  a.a.LocalActorRef akka://worker/user/watcher/graph_at_0/edge - Stopped
15:16:32.428 [worker-akka.actor.default-dispatcher-16] INFO  a.a.LocalActorRef akka://worker/user/watcher/graph_at_0/graph/local-acker/$a - Message [com.spbsu.flamestream.runtime.utils.akka.PingActor$InnerPing] from Actor[akka://worker/user/watcher/graph_at_0/graph/local-acker/$a#-1788217620] to Actor[akka://worker/user/watcher/graph_at_0/graph/local-acker/$a#-1788217620] was not delivered. [1] dead letters encountered. This logging can be turned off or adjusted with configuration settings 'akka.log-dead-letters' and 'akka.log-dead-letters-during-shutdown'.
15:16:32.431 [worker-akka.actor.default-dispatcher-5] INFO  a.a.LocalActorRef akka://worker/user/watcher/graph_at_0/graph/local-acker - Stopped
15:16:32.431 [worker-akka.actor.default-dispatcher-5] INFO  a.a.LocalActorRef akka://worker/user/watcher/graph_at_0/graph - Stopped
15:16:32.432 [worker-akka.actor.default-dispatcher-5] INFO  a.a.LocalActorRef akka://worker/user/watcher/graph_at_0/graph/local-acker/$a - Message [com.spbsu.flamestream.runtime.utils.akka.PingActor$Stop] from Actor[akka://worker/user/watcher/graph_at_0/graph/local-acker#-103202900] to Actor[akka://worker/user/watcher/graph_at_0/graph/local-acker/$a#-1788217620] was not delivered. [2] dead letters encountered. This logging can be turned off or adjusted with configuration settings 'akka.log-dead-letters' and 'akka.log-dead-letters-during-shutdown'.
15:16:32.433 [worker-akka.actor.default-dispatcher-5] INFO  a.a.LocalActorRef akka://worker/user/watcher/graph_at_0/graph/local-acker - Message [com.spbsu.flamestream.runtime.acker.LocalAcker$Flush] from Actor[akka://worker/user/watcher/graph_at_0/graph/local-acker/$a#-1788217620] to Actor[akka://worker/user/watcher/graph_at_0/graph/local-acker#-103202900] was not delivered. [3] dead letters encountered. This logging can be turned off or adjusted with configuration settings 'akka.log-dead-letters' and 'akka.log-dead-letters-during-shutdown'.
15:16:32.433 [worker-akka.actor.default-dispatcher-5] INFO  a.a.LocalActorRef akka://worker/user/watcher/graph_at_0 - Stopped
15:16:32.433 [worker-akka.actor.default-dispatcher-5] INFO  a.a.RepointableActorRef akka://worker/user/watcher - Stopped
15:16:32.434 [worker-akka.actor.default-dispatcher-2-EventThread] INFO  o.a.z.ClientCnxn  - EventThread shut down for session: 0x162724b934d0003
15:16:32.434 [worker-akka.actor.default-dispatcher-15] INFO  o.a.z.ZooKeeper  - Session: 0x162724b934d0003 closed
15:16:32.445 [worker-akka.actor.default-dispatcher-18] INFO  a.r.RemoteActorRefProvider$RemotingTerminator akka://worker@10.0.0.82:5412/system/remoting-terminator - Shutting down remote daemon.
15:16:32.445 [worker-akka.actor.default-dispatcher-18] INFO  a.r.RemoteActorRefProvider$RemotingTerminator akka://worker@10.0.0.82:5412/system/remoting-terminator - Remote daemon shut down; proceeding with flushing remote transports.
15:16:32.586 [worker-akka.actor.default-dispatcher-5] INFO  a.r.RemoteActorRefProvider$RemotingTerminator akka://worker@10.0.0.82:5412/system/remoting-terminator - Remoting shut down.
Heap
 def new generation   total 153600K, used 98248K [0x00000000e0c00000, 0x00000000eb2a0000, 0x00000000eb2a0000)
  eden space 136576K,  65% used [0x00000000e0c00000, 0x00000000e62cd580, 0x00000000e9160000)
  from space 17024K,  54% used [0x00000000ea200000, 0x00000000eab24ba0, 0x00000000eb2a0000)
  to   space 17024K,   0% used [0x00000000e9160000, 0x00000000e9160000, 0x00000000ea200000)
 tenured generation   total 341376K, used 245931K [0x00000000eb2a0000, 0x0000000100000000, 0x0000000100000000)
   the space 341376K,  72% used [0x00000000eb2a0000, 0x00000000fa2cad90, 0x00000000fa2cae00, 0x0000000100000000)
 Metaspace       used 34482K, capacity 35440K, committed 35456K, reserved 1079296K
  class space    used 4546K, capacity 4735K, committed 4736K, reserved 1048576K
