17:02:03,284 |-INFO in ch.qos.logback.classic.LoggerContext[default] - Could NOT find resource [logback-test.xml]
17:02:03,284 |-INFO in ch.qos.logback.classic.LoggerContext[default] - Could NOT find resource [logback.groovy]
17:02:03,284 |-INFO in ch.qos.logback.classic.LoggerContext[default] - Found resource [logback.xml] at [jar:file:/opt/flamestream/lib/flamestream-runtime-1.0-SNAPSHOT.jar!/logback.xml]
17:02:03,285 |-WARN in ch.qos.logback.classic.LoggerContext[default] - Resource [logback.xml] occurs multiple times on the classpath.
17:02:03,285 |-WARN in ch.qos.logback.classic.LoggerContext[default] - Resource [logback.xml] occurs at [jar:file:/opt/flamestream/flamestream-runtime-1.0-SNAPSHOT.jar!/logback.xml]
17:02:03,285 |-WARN in ch.qos.logback.classic.LoggerContext[default] - Resource [logback.xml] occurs at [jar:file:/opt/flamestream/lib/flamestream-runtime-1.0-SNAPSHOT.jar!/logback.xml]
17:02:03,309 |-INFO in ch.qos.logback.core.joran.spi.ConfigurationWatchList@69b794e2 - URL [jar:file:/opt/flamestream/lib/flamestream-runtime-1.0-SNAPSHOT.jar!/logback.xml] is not of type file
17:02:03,381 |-INFO in ch.qos.logback.classic.joran.action.ConfigurationAction - debug attribute not set
17:02:03,381 |-INFO in ch.qos.logback.core.joran.action.AppenderAction - About to instantiate appender of type [ch.qos.logback.core.ConsoleAppender]
17:02:03,390 |-INFO in ch.qos.logback.core.joran.action.AppenderAction - Naming appender as [STDOUT]
17:02:03,397 |-INFO in ch.qos.logback.core.joran.action.NestedComplexPropertyIA - Assuming default type [ch.qos.logback.classic.encoder.PatternLayoutEncoder] for [encoder] property
17:02:03,441 |-INFO in ch.qos.logback.core.joran.action.AppenderAction - About to instantiate appender of type [ch.qos.logback.core.rolling.RollingFileAppender]
17:02:03,444 |-INFO in ch.qos.logback.core.joran.action.AppenderAction - Naming appender as [FILE]
17:02:03,469 |-INFO in c.q.l.core.rolling.TimeBasedRollingPolicy@1059063940 - No compression will be used
17:02:03,470 |-INFO in c.q.l.core.rolling.TimeBasedRollingPolicy@1059063940 - Will use the pattern /tmp/application_%d{yyyy-MM-dd}.%i.log for the active file
17:02:03,473 |-INFO in ch.qos.logback.core.rolling.SizeAndTimeBasedFNATP@4d339552 - The date pattern is 'yyyy-MM-dd' from file name pattern '/tmp/application_%d{yyyy-MM-dd}.%i.log'.
17:02:03,473 |-INFO in ch.qos.logback.core.rolling.SizeAndTimeBasedFNATP@4d339552 - Roll-over at midnight.
17:02:03,477 |-INFO in ch.qos.logback.core.rolling.SizeAndTimeBasedFNATP@4d339552 - Setting initial period to Thu Mar 22 17:00:20 UTC 2018
17:02:03,478 |-WARN in ch.qos.logback.core.rolling.SizeAndTimeBasedFNATP@4d339552 - SizeAndTimeBasedFNATP is deprecated. Use SizeAndTimeBasedRollingPolicy instead
17:02:03,478 |-WARN in ch.qos.logback.core.rolling.SizeAndTimeBasedFNATP@4d339552 - For more information see http://logback.qos.ch/manual/appenders.html#SizeAndTimeBasedRollingPolicy
17:02:03,482 |-INFO in ch.qos.logback.core.joran.action.NestedComplexPropertyIA - Assuming default type [ch.qos.logback.classic.encoder.PatternLayoutEncoder] for [encoder] property
17:02:03,486 |-INFO in ch.qos.logback.core.rolling.RollingFileAppender[FILE] - Active log file name: /tmp/application.log
17:02:03,486 |-INFO in ch.qos.logback.core.rolling.RollingFileAppender[FILE] - File property is set to [/tmp/application.log]
17:02:03,487 |-INFO in ch.qos.logback.classic.joran.action.RootLoggerAction - Setting level of ROOT logger to INFO
17:02:03,487 |-INFO in ch.qos.logback.core.joran.action.AppenderRefAction - Attaching appender named [STDOUT] to Logger[ROOT]
17:02:03,488 |-INFO in ch.qos.logback.core.joran.action.AppenderRefAction - Attaching appender named [FILE] to Logger[ROOT]
17:02:03,488 |-INFO in ch.qos.logback.classic.joran.action.ConfigurationAction - End of configuration.
17:02:03,488 |-INFO in ch.qos.logback.classic.joran.JoranConfigurator@f0f2775 - Registering current configuration as safe fallback point

17:02:03.492 [main] INFO  c.s.f.r.a.WorkerApplication  - Starting worker with id: '10.0.0.62', host: '10.0.0.62:5412', zkString: '10.0.0.101:2181'
17:02:04.375 [worker-akka.actor.default-dispatcher-6] INFO  a.e.s.Slf4jLogger  - Slf4jLogger started
2018-03-22T17:02:04.515+0000: 1.825: [Full GC (Metadata GC Threshold) 2018-03-22T17:02:04.515+0000: 1.825: [Tenured: 0K->15852K(341376K), 0.0391697 secs] 134103K->15852K(494976K), [Metaspace: 20911K->20911K(1067008K)], 0.0392362 secs] [Times: user=0.03 sys=0.01, real=0.04 secs] 
Ama winner
Ama winner
17:02:04.910 [worker-akka.actor.default-dispatcher-6] INFO  a.r.a.ArteryTransport(akka://worker) akka.remote.artery.ArteryTransport(akka://worker) - Started embedded media driver in directory [/dev/shm/aeron-root-worker-7cda74cf-d304-42a3-b573-bfcc1f5bb13b]
17:02:05.084 [worker-akka.actor.default-dispatcher-6] INFO  a.r.a.ArteryTransport(akka://worker) akka.remote.artery.ArteryTransport(akka://worker) - Remoting started; listening on address: [akka://worker@10.0.0.62:5412] with UID [785355444552791790]
17:02:05.138 [worker-akka.actor.default-dispatcher-2] INFO  a.a.RepointableActorRef akka://worker/user/watcher - Starting...
17:02:05.149 [worker-akka.actor.default-dispatcher-6] INFO  o.a.z.ZooKeeper  - Client environment:zookeeper.version=3.4.9-1757313, built on 08/23/2016 06:50 GMT
17:02:05.150 [worker-akka.actor.default-dispatcher-6] INFO  o.a.z.ZooKeeper  - Client environment:host.name=localhost
17:02:05.150 [worker-akka.actor.default-dispatcher-6] INFO  o.a.z.ZooKeeper  - Client environment:java.version=1.8.0_151
17:02:05.150 [worker-akka.actor.default-dispatcher-6] INFO  o.a.z.ZooKeeper  - Client environment:java.vendor=Oracle Corporation
17:02:05.150 [worker-akka.actor.default-dispatcher-6] INFO  o.a.z.ZooKeeper  - Client environment:java.home=/usr/lib/jvm/java-8-openjdk-amd64/jre
17:02:05.150 [worker-akka.actor.default-dispatcher-6] INFO  o.a.z.ZooKeeper  - Client environment:java.class.path=lib/commons-cli-1.4.jar:lib/minlog-1.3.0.jar:lib/asm-5.0.4.jar:lib/hadoop-annotations-2.7.3.jar:lib/hadoop-auth-2.7.3.jar:lib/akka-slf4j_2.11-2.5.6.jar:lib/jersey-core-1.9.jar:lib/lz4-1.3.0.jar:lib/jackson-core-asl-1.9.13.jar:lib/aeron-client-1.3.0.jar:lib/htrace-core-3.1.0-incubating.jar:lib/xz-1.0.jar:lib/commons-httpclient-3.1.jar:lib/asm-3.1.jar:lib/commons-lang3-3.4.jar:lib/scala-library-2.11.11.jar:lib/scala-java8-compat_2.11-0.7.0.jar:lib/commons-configuration-1.6.jar:lib/objenesis-2.1.jar:lib/jackson-annotations-2.8.0.jar:lib/jsr305-3.0.0.jar:lib/curator-framework-2.7.1.jar:lib/jersey-server-1.9.jar:lib/jets3t-0.9.0.jar:lib/leveldb-0.7.jar:lib/jetty-6.1.26.jar:lib/stax-api-1.0-2.jar:lib/flamestream-core-1.0-SNAPSHOT.jar:lib/reflectasm-1.07-shaded.jar:lib/apacheds-kerberos-codec-2.0.0-M15.jar:lib/api-asn1-api-1.0.0-M20.jar:lib/commons-lang-2.6.jar:lib/commons-beanutils-1.7.0.jar:lib/jackson-xc-1.8.3.jar:lib/jetty-util-6.1.26.jar:lib/logback-classic-1.2.3.jar:lib/jool-0.9.12.jar:lib/httpcore-4.1.2.jar:lib/kryo-4.0.0.jar:lib/ant-1.8.1.jar:lib/jaxb-impl-2.2.3-1.jar:lib/jersey-json-1.9.jar:lib/commons-compress-1.4.1.jar:lib/leveldbjni-all-1.8.jar:lib/paranamer-2.3.jar:lib/jackson-core-2.8.4.jar:lib/commons-math3-3.6.1.jar:lib/scala-parser-combinators_2.11-1.0.4.jar:lib/netty-3.10.6.Final.jar:lib/trove4j-3.0.3.jar:lib/jaxb-api-2.2.2.jar:lib/logback-core-1.2.3.jar:lib/snappy-java-1.0.4.1.jar:lib/protobuf-java-2.5.0.jar:lib/reactive-streams-1.0.1.jar:lib/flamestream-examples-1.0-SNAPSHOT.jar:lib/commons-codec-1.4.jar:lib/activation-1.1.jar:lib/commons-net-3.1.jar:lib/curator-recipes-2.7.1.jar:lib/jackson-mapper-asl-1.9.13.jar:lib/jackson-databind-2.8.4.jar:lib/flamestream-runtime-1.0-SNAPSHOT.jar:lib/jackson-jaxrs-1.8.3.jar:lib/slf4j-api-1.7.24.jar:lib/akka-remote_2.11-2.5.6.jar:lib/akka-testkit_2.11-2.5.6.jar:lib/jline-0.9.94.jar:lib/jedis-2.9.0.jar:lib/akka-stream_2.11-2.5.6.jar:lib/jsp-api-2.1.jar:lib/kryonet-2.21.jar:lib/akka-kryo-serialization_2.11-0.5.0.jar:lib/config-1.3.1.jar:lib/ant-launcher-1.8.1.jar:lib/commons-logging-1.2.jar:lib/ssl-config-core_2.11-0.2.2.jar:lib/testng-6.10.jar:lib/leveldb-api-0.7.jar:lib/reflectasm-1.11.3.jar:lib/jcommander-1.48.jar:lib/commons-1.1.jar:lib/commons-digester-1.8.jar:lib/minlog-1.2.jar:lib/java-xmlbuilder-0.4.jar:lib/jettison-1.1.jar:lib/gson-2.2.4.jar:lib/jdk.tools-1.8.jar:lib/aeron-driver-1.3.0.jar:lib/zookeeper-3.4.9.jar:lib/commons-beanutils-core-1.8.0.jar:lib/commons-math3-3.1.1.jar:lib/akka-actor_2.11-2.5.6.jar:lib/curator-client-2.7.1.jar:lib/servlet-api-2.5.jar:lib/commons-pool2-2.4.2.jar:lib/apacheds-i18n-2.0.0-M15.jar:lib/commons-io-2.4.jar:lib/commons-codec-1.6.jar:lib/akka-protobuf_2.11-2.5.6.jar:lib/jdom-2.0.2.jar:lib/rocksdbjni-5.5.1.jar:lib/api-util-1.0.0-M20.jar:lib/hadoop-common-2.7.3.jar:lib/agrona-0.9.6.jar:lib/xmlenc-0.52.jar:lib/guava-21.0.jar:lib/commons-collections-3.2.2.jar:lib/avro-1.7.4.jar:lib/httpclient-4.1.2.jar:lib/flamestream-core-1.0-SNAPSHOT-tests.jar:lib/annotations-12.0.jar:lib/jsch-0.1.42.jar:flamestream-runtime-1.0-SNAPSHOT.jar
17:02:05.151 [worker-akka.actor.default-dispatcher-6] INFO  o.a.z.ZooKeeper  - Client environment:java.library.path=/usr/java/packages/lib/amd64:/usr/lib/x86_64-linux-gnu/jni:/lib/x86_64-linux-gnu:/usr/lib/x86_64-linux-gnu:/usr/lib/jni:/lib:/usr/lib
17:02:05.151 [worker-akka.actor.default-dispatcher-6] INFO  o.a.z.ZooKeeper  - Client environment:java.io.tmpdir=/tmp
17:02:05.151 [worker-akka.actor.default-dispatcher-6] INFO  o.a.z.ZooKeeper  - Client environment:java.compiler=<NA>
17:02:05.151 [worker-akka.actor.default-dispatcher-6] INFO  o.a.z.ZooKeeper  - Client environment:os.name=Linux
17:02:05.151 [worker-akka.actor.default-dispatcher-6] INFO  o.a.z.ZooKeeper  - Client environment:os.arch=amd64
17:02:05.152 [worker-akka.actor.default-dispatcher-6] INFO  o.a.z.ZooKeeper  - Client environment:os.version=4.4.0-1049-aws
17:02:05.153 [worker-akka.actor.default-dispatcher-6] INFO  o.a.z.ZooKeeper  - Client environment:user.name=root
17:02:05.153 [worker-akka.actor.default-dispatcher-6] INFO  o.a.z.ZooKeeper  - Client environment:user.home=/root
17:02:05.153 [worker-akka.actor.default-dispatcher-6] INFO  o.a.z.ZooKeeper  - Client environment:user.dir=/opt/flamestream
17:02:05.154 [worker-akka.actor.default-dispatcher-6] INFO  o.a.z.ZooKeeper  - Initiating client connection, connectString=10.0.0.101:2181 sessionTimeout=5000 watcher=com.spbsu.flamestream.runtime.application.LifecycleWatcher$$Lambda$29/18463291@10b0ff0e
17:02:05.189 [worker-akka.actor.default-dispatcher-2] INFO  a.a.RepointableActorRef akka://worker/user/watcher - Initializing rocksDB backend
17:02:05.188 [worker-akka.actor.default-dispatcher-6-SendThread(10.0.0.101:2181)] INFO  o.a.z.ClientCnxn  - Opening socket connection to server 10.0.0.101/10.0.0.101:2181. Will not attempt to authenticate using SASL (unknown error)
17:02:05.198 [worker-akka.actor.default-dispatcher-6-SendThread(10.0.0.101:2181)] INFO  o.a.z.ClientCnxn  - Socket connection established to 10.0.0.101/10.0.0.101:2181, initiating session
17:02:05.212 [worker-akka.actor.default-dispatcher-6-SendThread(10.0.0.101:2181)] INFO  o.a.z.ClientCnxn  - Session establishment complete on server 10.0.0.101/10.0.0.101:2181, sessionid = 0x1624ea83f700003, negotiated timeout = 6000
17:02:05.381 [worker-akka.actor.default-dispatcher-2] INFO  a.a.RepointableActorRef akka://worker/user/watcher - Connected to ZK
17:02:13.206 [worker-akka.actor.default-dispatcher-2] INFO  a.a.RepointableActorRef akka://worker/user/watcher - Creating node with watchGraphs: 'com.spbsu.flamestream.core.Graph$Builder$MyGraph@3f36249', config: 'ClusterConfig{paths={10.0.0.62=akka://worker@10.0.0.62:5412/user/watcher/graph, 10.0.0.92=akka://worker@10.0.0.92:5412/user/watcher/graph, 10.0.0.19=akka://worker@10.0.0.19:5412/user/watcher/graph, 10.0.0.224=akka://worker@10.0.0.224:5412/user/watcher/graph, 10.0.0.16=akka://worker@10.0.0.16:5412/user/watcher/graph, 10.0.0.14=akka://worker@10.0.0.14:5412/user/watcher/graph, 10.0.0.45=akka://worker@10.0.0.45:5412/user/watcher/graph, 10.0.0.41=akka://worker@10.0.0.41:5412/user/watcher/graph, 10.0.0.52=akka://worker@10.0.0.52:5412/user/watcher/graph, 10.0.0.63=akka://worker@10.0.0.63:5412/user/watcher/graph}, ackerLocation='10.0.0.41', props=ComputationLayout{hashGroups={10.0.0.62=com.spbsu.flamestream.runtime.config.HashGroup@1ffe1b9d, 10.0.0.92=com.spbsu.flamestream.runtime.config.HashGroup@5d5c21bc, 10.0.0.19=com.spbsu.flamestream.runtime.config.HashGroup@56dcaf5d, 10.0.0.224=com.spbsu.flamestream.runtime.config.HashGroup@c65a7748, 10.0.0.16=com.spbsu.flamestream.runtime.config.HashGroup@231425fe, 10.0.0.14=com.spbsu.flamestream.runtime.config.HashGroup@fbc82752, 10.0.0.45=com.spbsu.flamestream.runtime.config.HashGroup@ccbcd570, 10.0.0.41=com.spbsu.flamestream.runtime.config.HashGroup@c01f, 10.0.0.52=com.spbsu.flamestream.runtime.config.HashGroup@4276a447, 10.0.0.63=com.spbsu.flamestream.runtime.config.HashGroup@3fc198ed}}}'
17:02:13.916 [worker-akka.actor.default-dispatcher-7] INFO  a.a.LocalActorRef akka://worker/user/watcher/graph/graph - Starting...
17:02:13.924 [worker-akka.actor.default-dispatcher-7] INFO  a.a.LocalActorRef akka://worker/user/watcher/graph/graph/local-acker/$a - Starting...
17:02:13.936 [worker-akka.actor.default-dispatcher-6] INFO  a.a.LocalActorRef akka://worker/user/watcher/graph/graph/local-acker - Starting...
17:02:14.642 [worker-akka.actor.default-dispatcher-4] INFO  a.a.LocalActorRef akka://worker/user/watcher/graph/graph - Finishing constructor
17:02:14.642 [worker-akka.actor.default-dispatcher-4] INFO  a.a.LocalActorRef akka://worker/user/watcher/graph/edge - Starting...
17:02:14.644 [worker-akka.actor.default-dispatcher-5] INFO  a.a.LocalActorRef akka://worker/user/watcher/graph - Starting...
17:02:14.648 [worker-akka.actor.default-dispatcher-3] INFO  a.a.LocalActorRef akka://worker/user/watcher/graph/negotiator - Starting...
17:02:14.673 [worker-akka.actor.default-dispatcher-4] INFO  a.a.LocalActorRef akka://worker/user/watcher/graph/negotiator - Requesting ticket for the frontClass FlameSocketGraphDeployerFront@10.0.0.62
17:02:14.705 [worker-akka.actor.default-dispatcher-2] INFO  a.a.LocalActorRef akka://worker/user/watcher/graph/graph - Received last commit 'LastCommit{globalTime=(0000000, min@min)}'
17:02:14.714 [worker-akka.actor.default-dispatcher-5] INFO  c.s.f.r.e.s.SocketRear  - FlameSocketGraphDeployerRear@10.0.0.62: connecting to 10.0.0.101:5678
17:02:14.726 [worker-akka.actor.default-dispatcher-2] INFO  a.a.LocalActorRef akka://worker/user/watcher/graph/edge/FlameSocketGraphDeployerFront - Starting...
17:02:14.729 [worker-akka.actor.default-dispatcher-5] INFO  c.s.f.r.e.s.SocketRear  - FlameSocketGraphDeployerRear@10.0.0.62: connected to 10.0.0.101:5678
17:02:14.730 [worker-akka.actor.default-dispatcher-5] INFO  a.a.LocalActorRef akka://worker/user/watcher/graph/edge/FlameSocketGraphDeployerRear - Starting...
17:02:14.783 [worker-akka.actor.default-dispatcher-11] INFO  a.a.LocalActorRef akka://worker/user/watcher/graph/graph/$a - Starting...
17:02:14.788 [worker-akka.actor.default-dispatcher-11] INFO  a.a.LocalActorRef akka://worker/user/watcher/graph/graph/$b - Starting...
17:02:14.805 [worker-akka.actor.default-dispatcher-11] INFO  a.a.LocalActorRef akka://worker/user/watcher/graph/graph/$c - Starting...
17:02:14.837 [worker-akka.actor.default-dispatcher-11] INFO  a.a.LocalActorRef akka://worker/user/watcher/graph/graph/$c - Attached rear to graph (-9223372036854775808, min@min)
17:02:15.530 [worker-akka.actor.default-dispatcher-11] INFO  a.a.LocalActorRef akka://worker/user/watcher/graph/negotiator - Ticket for the frontClass received: FrontTicket{allowedTimestamp=(0000000, FlameSocketGraphDeployerFront@10.0.0.62)}
17:02:15.531 [worker-akka.actor.default-dispatcher-11] INFO  c.s.f.r.e.s.SocketFront  - FlameSocketGraphDeployerFront@10.0.0.62: connecting to 10.0.0.101:4567
17:02:15.544 [Client] INFO  c.s.f.r.e.s.SocketFront  - FlameSocketGraphDeployerFront@10.0.0.62 has been disconnected from Connection 2
2018-03-22T17:02:19.767+0000: 17.077: [GC (Allocation Failure) 2018-03-22T17:02:19.767+0000: 17.077: [DefNew: 136576K->15675K(153600K), 0.0249760 secs] 152428K->51058K(494976K), 0.0250512 secs] [Times: user=0.01 sys=0.01, real=0.03 secs] 
2018-03-22T17:02:28.009+0000: 25.319: [GC (Allocation Failure) 2018-03-22T17:02:28.009+0000: 25.319: [DefNew: 152251K->6172K(153600K), 0.0212021 secs] 187634K->49597K(494976K), 0.0212724 secs] [Times: user=0.02 sys=0.00, real=0.02 secs] 
2018-03-22T17:02:37.308+0000: 34.619: [GC (Allocation Failure) 2018-03-22T17:02:37.308+0000: 34.619: [DefNew: 142748K->9662K(153600K), 0.0123404 secs] 186173K->53087K(494976K), 0.0124023 secs] [Times: user=0.01 sys=0.00, real=0.02 secs] 
2018-03-22T17:02:44.921+0000: 42.232: [GC (Allocation Failure) 2018-03-22T17:02:44.921+0000: 42.232: [DefNew: 146238K->9320K(153600K), 0.0168841 secs] 189663K->54890K(494976K), 0.0169487 secs] [Times: user=0.01 sys=0.00, real=0.01 secs] 
2018-03-22T17:02:52.562+0000: 49.872: [GC (Allocation Failure) 2018-03-22T17:02:52.562+0000: 49.872: [DefNew: 145896K->5474K(153600K), 0.0149687 secs] 191466K->56556K(494976K), 0.0150328 secs] [Times: user=0.01 sys=0.00, real=0.01 secs] 
2018-03-22T17:02:58.797+0000: 56.108: [GC (Allocation Failure) 2018-03-22T17:02:58.797+0000: 56.108: [DefNew: 138777K->11480K(153600K), 0.0151010 secs] 189859K->62562K(494976K), 0.0151669 secs] [Times: user=0.01 sys=0.00, real=0.02 secs] 
2018-03-22T17:03:04.623+0000: 61.933: [GC (Allocation Failure) 2018-03-22T17:03:04.623+0000: 61.934: [DefNew: 148056K->13021K(153600K), 0.0155895 secs] 199138K->66760K(494976K), 0.0156550 secs] [Times: user=0.02 sys=0.00, real=0.01 secs] 
2018-03-22T17:03:10.046+0000: 67.356: [GC (Allocation Failure) 2018-03-22T17:03:10.046+0000: 67.356: [DefNew: 149597K->10009K(153600K), 0.0168590 secs] 203336K->69129K(494976K), 0.0169249 secs] [Times: user=0.02 sys=0.00, real=0.02 secs] 
2018-03-22T17:03:16.919+0000: 74.229: [GC (Allocation Failure) 2018-03-22T17:03:16.919+0000: 74.229: [DefNew: 146585K->5576K(153600K), 0.0141578 secs] 205705K->69883K(494976K), 0.0142349 secs] [Times: user=0.01 sys=0.00, real=0.02 secs] 
2018-03-22T17:03:23.286+0000: 80.597: [GC (Allocation Failure) 2018-03-22T17:03:23.286+0000: 80.597: [DefNew: 142152K->7583K(153600K), 0.0149370 secs] 206459K->71889K(494976K), 0.0150035 secs] [Times: user=0.02 sys=0.00, real=0.02 secs] 
2018-03-22T17:03:29.306+0000: 86.616: [GC (Allocation Failure) 2018-03-22T17:03:29.306+0000: 86.616: [DefNew: 144027K->8868K(153600K), 0.0153590 secs] 208333K->73174K(494976K), 0.0154273 secs] [Times: user=0.01 sys=0.00, real=0.02 secs] 
2018-03-22T17:03:35.807+0000: 93.118: [GC (Allocation Failure) 2018-03-22T17:03:35.807+0000: 93.118: [DefNew: 143630K->8851K(153600K), 0.0180324 secs] 207936K->74539K(494976K), 0.0181028 secs] [Times: user=0.02 sys=0.00, real=0.02 secs] 
2018-03-22T17:03:42.309+0000: 99.619: [GC (Allocation Failure) 2018-03-22T17:03:42.309+0000: 99.619: [DefNew: 142664K->8333K(153600K), 0.0160844 secs] 208353K->75198K(494976K), 0.0161541 secs] [Times: user=0.01 sys=0.00, real=0.02 secs] 
2018-03-22T17:03:47.825+0000: 105.136: [GC (Allocation Failure) 2018-03-22T17:03:47.826+0000: 105.136: [DefNew: 142934K->9294K(153600K), 0.0153464 secs] 209799K->76158K(494976K), 0.0154147 secs] [Times: user=0.02 sys=0.00, real=0.02 secs] 
2018-03-22T17:03:53.819+0000: 111.129: [GC (Allocation Failure) 2018-03-22T17:03:53.819+0000: 111.129: [DefNew: 142353K->8877K(153600K), 0.0166713 secs] 209217K->76770K(494976K), 0.0167401 secs] [Times: user=0.02 sys=0.00, real=0.02 secs] 
2018-03-22T17:03:59.313+0000: 116.623: [GC (Allocation Failure) 2018-03-22T17:03:59.313+0000: 116.623: [DefNew: 142937K->8956K(153600K), 0.0161853 secs] 210830K->77670K(494976K), 0.0162539 secs] [Times: user=0.01 sys=0.00, real=0.01 secs] 
2018-03-22T17:04:03.831+0000: 121.142: [GC (Allocation Failure) 2018-03-22T17:04:03.831+0000: 121.142: [DefNew: 145532K->17023K(153600K), 0.0259085 secs] 214246K->99049K(494976K), 0.0259676 secs] [Times: user=0.03 sys=0.00, real=0.02 secs] 
2018-03-22T17:04:09.154+0000: 126.464: [GC (Allocation Failure) 2018-03-22T17:04:09.154+0000: 126.464: [DefNew: 153599K->4216K(153600K), 0.0170834 secs] 235625K->97721K(494976K), 0.0171502 secs] [Times: user=0.01 sys=0.00, real=0.01 secs] 
2018-03-22T17:04:14.796+0000: 132.106: [GC (Allocation Failure) 2018-03-22T17:04:14.796+0000: 132.106: [DefNew: 140792K->6340K(153600K), 0.0119624 secs] 234297K->99845K(494976K), 0.0120407 secs] [Times: user=0.00 sys=0.00, real=0.01 secs] 
2018-03-22T17:04:19.984+0000: 137.295: [GC (Allocation Failure) 2018-03-22T17:04:19.984+0000: 137.295: [DefNew: 142916K->6220K(153600K), 0.0111668 secs] 236421K->99724K(494976K), 0.0112310 secs] [Times: user=0.01 sys=0.00, real=0.01 secs] 
2018-03-22T17:04:25.284+0000: 142.594: [GC (Allocation Failure) 2018-03-22T17:04:25.284+0000: 142.594: [DefNew: 142796K->7832K(153600K), 0.0127721 secs] 236300K->101337K(494976K), 0.0128407 secs] [Times: user=0.01 sys=0.00, real=0.01 secs] 
2018-03-22T17:04:31.067+0000: 148.377: [GC (Allocation Failure) 2018-03-22T17:04:31.067+0000: 148.377: [DefNew: 144408K->7538K(153600K), 0.0115845 secs] 237913K->101043K(494976K), 0.0116487 secs] [Times: user=0.02 sys=0.00, real=0.01 secs] 
2018-03-22T17:04:35.803+0000: 153.113: [GC (Allocation Failure) 2018-03-22T17:04:35.803+0000: 153.113: [DefNew: 144114K->10268K(153600K), 0.0166707 secs] 237619K->103772K(494976K), 0.0167394 secs] [Times: user=0.02 sys=0.00, real=0.02 secs] 
2018-03-22T17:04:40.835+0000: 158.146: [GC (Allocation Failure) 2018-03-22T17:04:40.835+0000: 158.146: [DefNew: 146844K->12577K(153600K), 0.0195559 secs] 240348K->107719K(494976K), 0.0196273 secs] [Times: user=0.02 sys=0.00, real=0.02 secs] 
2018-03-22T17:04:46.277+0000: 163.588: [GC (Allocation Failure) 2018-03-22T17:04:46.277+0000: 163.588: [DefNew: 149153K->3831K(153600K), 0.0133119 secs] 244295K->103514K(494976K), 0.0133780 secs] [Times: user=0.01 sys=0.00, real=0.01 secs] 
2018-03-22T17:04:51.326+0000: 168.636: [GC (Allocation Failure) 2018-03-22T17:04:51.326+0000: 168.636: [DefNew: 140251K->5318K(153600K), 0.0094216 secs] 239933K->105000K(494976K), 0.0094854 secs] [Times: user=0.01 sys=0.00, real=0.01 secs] 
2018-03-22T17:04:56.326+0000: 173.636: [GC (Allocation Failure) 2018-03-22T17:04:56.326+0000: 173.637: [DefNew: 139176K->6054K(153600K), 0.0097310 secs] 238858K->105737K(494976K), 0.0097970 secs] [Times: user=0.01 sys=0.00, real=0.01 secs] 
2018-03-22T17:05:00.779+0000: 178.090: [GC (Allocation Failure) 2018-03-22T17:05:00.779+0000: 178.090: [DefNew: 142630K->7446K(153600K), 0.0120854 secs] 242313K->107129K(494976K), 0.0121611 secs] [Times: user=0.01 sys=0.00, real=0.01 secs] 
2018-03-22T17:05:05.165+0000: 182.476: [GC (Allocation Failure) 2018-03-22T17:05:05.165+0000: 182.476: [DefNew: 144022K->7727K(153600K), 0.0213001 secs] 243705K->107410K(494976K), 0.0213642 secs] [Times: user=0.02 sys=0.00, real=0.02 secs] 
2018-03-22T17:05:09.824+0000: 187.135: [GC (Allocation Failure) 2018-03-22T17:05:09.824+0000: 187.135: [DefNew: 143153K->8415K(153600K), 0.0127143 secs] 242835K->108097K(494976K), 0.0127852 secs] [Times: user=0.01 sys=0.00, real=0.01 secs] 
2018-03-22T17:05:14.326+0000: 191.636: [GC (Allocation Failure) 2018-03-22T17:05:14.326+0000: 191.636: [DefNew: 140594K->8906K(153600K), 0.0129436 secs] 240277K->108588K(494976K), 0.0130125 secs] [Times: user=0.01 sys=0.00, real=0.01 secs] 
2018-03-22T17:05:18.466+0000: 195.776: [GC (Allocation Failure) 2018-03-22T17:05:18.466+0000: 195.776: [DefNew: 145482K->8845K(153600K), 0.0142435 secs] 245164K->109152K(494976K), 0.0143110 secs] [Times: user=0.01 sys=0.00, real=0.02 secs] 
2018-03-22T17:05:23.289+0000: 200.600: [GC (Allocation Failure) 2018-03-22T17:05:23.290+0000: 200.600: [DefNew: 145421K->10701K(153600K), 0.0173234 secs] 245728K->111640K(494976K), 0.0173941 secs] [Times: user=0.01 sys=0.00, real=0.02 secs] 
2018-03-22T17:05:27.663+0000: 204.974: [GC (Allocation Failure) 2018-03-22T17:05:27.663+0000: 204.974: [DefNew: 147277K->7001K(153600K), 0.0266162 secs] 248216K->110526K(494976K), 0.0266923 secs] [Times: user=0.03 sys=0.00, real=0.02 secs] 
2018-03-22T17:05:31.893+0000: 209.203: [GC (Allocation Failure) 2018-03-22T17:05:31.893+0000: 209.204: [DefNew: 138221K->7561K(153600K), 0.0212371 secs] 241746K->111086K(494976K), 0.0213141 secs] [Times: user=0.02 sys=0.00, real=0.02 secs] 
2018-03-22T17:05:35.835+0000: 213.146: [GC (Allocation Failure) 2018-03-22T17:05:35.835+0000: 213.146: [DefNew: 138043K->7634K(153600K), 0.0112014 secs] 241568K->111159K(494976K), 0.0112808 secs] [Times: user=0.01 sys=0.00, real=0.01 secs] 
2018-03-22T17:05:39.834+0000: 217.144: [GC (Allocation Failure) 2018-03-22T17:05:39.834+0000: 217.144: [DefNew: 142075K->8827K(153600K), 0.0128552 secs] 245600K->112352K(494976K), 0.0129199 secs] [Times: user=0.01 sys=0.00, real=0.01 secs] 
2018-03-22T17:05:43.835+0000: 221.145: [GC (Allocation Failure) 2018-03-22T17:05:43.835+0000: 221.145: [DefNew: 142819K->9203K(153600K), 0.0146284 secs] 246344K->113184K(494976K), 0.0147004 secs] [Times: user=0.02 sys=0.00, real=0.01 secs] 
2018-03-22T17:05:48.338+0000: 225.648: [GC (Allocation Failure) 2018-03-22T17:05:48.338+0000: 225.648: [DefNew: 144114K->8555K(153600K), 0.0136628 secs] 248095K->113666K(494976K), 0.0137279 secs] [Times: user=0.02 sys=0.00, real=0.02 secs] 
2018-03-22T17:05:52.393+0000: 229.704: [GC (Allocation Failure) 2018-03-22T17:05:52.393+0000: 229.704: [DefNew: 140482K->8334K(153600K), 0.0211517 secs] 245593K->113934K(494976K), 0.0212195 secs] [Times: user=0.02 sys=0.00, real=0.02 secs] 
2018-03-22T17:05:55.837+0000: 233.147: [GC (Allocation Failure) 2018-03-22T17:05:55.837+0000: 233.147: [DefNew: 138302K->9478K(153600K), 0.0141354 secs] 243902K->115078K(494976K), 0.0142149 secs] [Times: user=0.01 sys=0.00, real=0.02 secs] 
2018-03-22T17:05:59.833+0000: 237.143: [GC (Allocation Failure) 2018-03-22T17:05:59.833+0000: 237.143: [DefNew: 140859K->8490K(153600K), 0.0137647 secs] 246459K->115245K(494976K), 0.0138328 secs] [Times: user=0.01 sys=0.00, real=0.01 secs] 
2018-03-22T17:06:04.221+0000: 241.532: [GC (Allocation Failure) 2018-03-22T17:06:04.221+0000: 241.532: [DefNew: 145066K->9232K(153600K), 0.0122954 secs] 251821K->115986K(494976K), 0.0123642 secs] [Times: user=0.01 sys=0.00, real=0.01 secs] 
2018-03-22T17:06:08.779+0000: 246.089: [GC (Allocation Failure) 2018-03-22T17:06:08.779+0000: 246.089: [DefNew: 145808K->8537K(153600K), 0.0138440 secs] 252562K->116580K(494976K), 0.0139121 secs] [Times: user=0.01 sys=0.01, real=0.02 secs] 
2018-03-22T17:06:12.836+0000: 250.146: [GC (Allocation Failure) 2018-03-22T17:06:12.836+0000: 250.146: [DefNew: 143640K->8513K(153600K), 0.0126448 secs] 251683K->117067K(494976K), 0.0127129 secs] [Times: user=0.01 sys=0.00, real=0.01 secs] 
2018-03-22T17:06:16.785+0000: 254.096: [GC (Allocation Failure) 2018-03-22T17:06:16.785+0000: 254.096: [DefNew: 145089K->9452K(153600K), 0.0143605 secs] 253643K->118541K(494976K), 0.0144285 secs] [Times: user=0.01 sys=0.00, real=0.02 secs] 
2018-03-22T17:06:20.839+0000: 258.149: [GC (Allocation Failure) 2018-03-22T17:06:20.839+0000: 258.149: [DefNew: 145370K->7831K(153600K), 0.0136796 secs] 254459K->118305K(494976K), 0.0137489 secs] [Times: user=0.01 sys=0.00, real=0.02 secs] 
2018-03-22T17:06:24.656+0000: 261.967: [GC (Allocation Failure) 2018-03-22T17:06:24.656+0000: 261.967: [DefNew: 144407K->8704K(153600K), 0.0123713 secs] 254881K->119178K(494976K), 0.0124379 secs] [Times: user=0.01 sys=0.00, real=0.01 secs] 
2018-03-22T17:06:28.424+0000: 265.734: [GC (Allocation Failure) 2018-03-22T17:06:28.424+0000: 265.734: [DefNew: 143805K->8475K(153600K), 0.0184226 secs] 254279K->119476K(494976K), 0.0184885 secs] [Times: user=0.02 sys=0.00, real=0.02 secs] 
2018-03-22T17:06:31.857+0000: 269.167: [GC (Allocation Failure) 2018-03-22T17:06:31.857+0000: 269.167: [DefNew: 145051K->17023K(153600K), 0.0254185 secs] 256052K->128028K(494976K), 0.0254878 secs] [Times: user=0.02 sys=0.01, real=0.03 secs] 
2018-03-22T17:06:35.636+0000: 272.946: [GC (Allocation Failure) 2018-03-22T17:06:35.636+0000: 272.946: [DefNew: 153599K->4156K(153600K), 0.0146044 secs] 264604K->120782K(494976K), 0.0146696 secs] [Times: user=0.01 sys=0.00, real=0.01 secs] 
2018-03-22T17:06:39.342+0000: 276.653: [GC (Allocation Failure) 2018-03-22T17:06:39.342+0000: 276.653: [DefNew: 134185K->5737K(153600K), 0.0089921 secs] 250811K->122363K(494976K), 0.0090695 secs] [Times: user=0.01 sys=0.00, real=0.01 secs] 
2018-03-22T17:06:42.685+0000: 279.995: [GC (Allocation Failure) 2018-03-22T17:06:42.685+0000: 279.995: [DefNew: 142313K->7773K(153600K), 0.0117831 secs] 258939K->124399K(494976K), 0.0118578 secs] [Times: user=0.02 sys=0.00, real=0.01 secs] 
2018-03-22T17:06:45.845+0000: 283.155: [GC (Allocation Failure) 2018-03-22T17:06:45.845+0000: 283.155: [DefNew: 137785K->10998K(153600K), 0.0173589 secs] 254411K->127624K(494976K), 0.0174282 secs] [Times: user=0.01 sys=0.00, real=0.02 secs] 
2018-03-22T17:06:48.248+0000: 285.559: [GC (Allocation Failure) 2018-03-22T17:06:48.249+0000: 285.559: [DefNew: 147574K->17024K(153600K), 0.0596909 secs] 264200K->158615K(494976K), 0.0597580 secs] [Times: user=0.05 sys=0.01, real=0.06 secs] 
2018-03-22T17:06:51.851+0000: 289.162: [GC (Allocation Failure) 2018-03-22T17:06:51.851+0000: 289.162: [DefNew: 152145K->3619K(153600K), 0.0132186 secs] 293737K->161966K(494976K), 0.0132868 secs] [Times: user=0.00 sys=0.01, real=0.02 secs] 
2018-03-22T17:06:55.349+0000: 292.660: [GC (Allocation Failure) 2018-03-22T17:06:55.349+0000: 292.660: [DefNew: 137126K->5723K(153600K), 0.0089808 secs] 295473K->164070K(494976K), 0.0090555 secs] [Times: user=0.01 sys=0.00, real=0.01 secs] 
2018-03-22T17:06:58.828+0000: 296.138: [GC (Allocation Failure) 2018-03-22T17:06:58.828+0000: 296.138: [DefNew: 142299K->9618K(153600K), 0.0145870 secs] 300646K->167965K(494976K), 0.0146593 secs] [Times: user=0.02 sys=0.00, real=0.02 secs] 
2018-03-22T17:07:02.347+0000: 299.657: [GC (Allocation Failure) 2018-03-22T17:07:02.347+0000: 299.657: [DefNew: 146194K->8531K(153600K), 0.0163777 secs] 304541K->169005K(494976K), 0.0164448 secs] [Times: user=0.02 sys=0.00, real=0.02 secs] 
2018-03-22T17:07:05.858+0000: 303.168: [GC (Allocation Failure) 2018-03-22T17:07:05.858+0000: 303.168: [DefNew: 140473K->5052K(153600K), 0.0100093 secs] 300946K->166979K(494976K), 0.0100887 secs] [Times: user=0.00 sys=0.00, real=0.01 secs] 
2018-03-22T17:07:08.902+0000: 306.212: [GC (Allocation Failure) 2018-03-22T17:07:08.902+0000: 306.212: [DefNew: 141628K->9735K(153600K), 0.0286979 secs] 303555K->171662K(494976K), 0.0287659 secs] [Times: user=0.03 sys=0.00, real=0.02 secs] 
2018-03-22T17:07:12.429+0000: 309.740: [GC (Allocation Failure) 2018-03-22T17:07:12.429+0000: 309.740: [DefNew: 144842K->6867K(153600K), 0.0223410 secs] 306769K->169730K(494976K), 0.0224118 secs] [Times: user=0.02 sys=0.00, real=0.03 secs] 
2018-03-22T17:07:15.482+0000: 312.792: [GC (Allocation Failure) 2018-03-22T17:07:15.482+0000: 312.792: [DefNew: 143443K->8106K(153600K), 0.0127684 secs] 306306K->170969K(494976K), 0.0128299 secs] [Times: user=0.01 sys=0.00, real=0.01 secs] 
2018-03-22T17:07:18.527+0000: 315.837: [GC (Allocation Failure) 2018-03-22T17:07:18.527+0000: 315.837: [DefNew: 144682K->8840K(153600K), 0.0117914 secs] 307545K->171703K(494976K), 0.0118556 secs] [Times: user=0.01 sys=0.00, real=0.01 secs] 
2018-03-22T17:07:21.852+0000: 319.163: [GC (Allocation Failure) 2018-03-22T17:07:21.853+0000: 319.163: [DefNew: 138585K->9028K(153600K), 0.0124018 secs] 301448K->172343K(494976K), 0.0124682 secs] [Times: user=0.02 sys=0.00, real=0.01 secs] 
2018-03-22T17:07:25.117+0000: 322.427: [GC (Allocation Failure) 2018-03-22T17:07:25.117+0000: 322.427: [DefNew: 145604K->8929K(153600K), 0.0133728 secs] 308919K->173090K(494976K), 0.0134418 secs] [Times: user=0.01 sys=0.00, real=0.01 secs] 
2018-03-22T17:07:28.163+0000: 325.473: [GC (Allocation Failure) 2018-03-22T17:07:28.163+0000: 325.473: [DefNew: 145505K->9009K(153600K), 0.0131705 secs] 309666K->173847K(494976K), 0.0132379 secs] [Times: user=0.01 sys=0.00, real=0.01 secs] 
2018-03-22T17:07:31.364+0000: 328.674: [GC (Allocation Failure) 2018-03-22T17:07:31.364+0000: 328.675: [DefNew: 142990K->8403K(153600K), 0.0128833 secs] 307829K->174027K(494976K), 0.0129486 secs] [Times: user=0.01 sys=0.00, real=0.01 secs] 
2018-03-22T17:07:34.794+0000: 332.105: [GC (Allocation Failure) 2018-03-22T17:07:34.794+0000: 332.105: [DefNew: 144970K->11985K(153600K), 0.0164405 secs] 310595K->177610K(494976K), 0.0165069 secs] [Times: user=0.02 sys=0.00, real=0.01 secs] 
2018-03-22T17:07:37.899+0000: 335.210: [GC (Allocation Failure) 2018-03-22T17:07:37.899+0000: 335.210: [DefNew: 148561K->10679K(153600K), 0.0303792 secs] 314186K->179344K(494976K), 0.0304602 secs] [Times: user=0.02 sys=0.01, real=0.02 secs] 
2018-03-22T17:07:40.952+0000: 338.262: [GC (Allocation Failure) 2018-03-22T17:07:40.952+0000: 338.262: [DefNew: 138371K->5683K(153600K), 0.0251407 secs] 307037K->176681K(494976K), 0.0252159 secs] [Times: user=0.01 sys=0.01, real=0.02 secs] 
2018-03-22T17:07:44.446+0000: 341.756: [GC (Allocation Failure) 2018-03-22T17:07:44.446+0000: 341.756: [DefNew: 140527K->6348K(153600K), 0.0127617 secs] 311524K->177345K(494976K), 0.0128286 secs] [Times: user=0.01 sys=0.00, real=0.01 secs] 
2018-03-22T17:07:47.792+0000: 345.102: [GC (Allocation Failure) 2018-03-22T17:07:47.792+0000: 345.102: [DefNew: 142924K->8007K(153600K), 0.0194407 secs] 313921K->179004K(494976K), 0.0195137 secs] [Times: user=0.02 sys=0.00, real=0.02 secs] 
2018-03-22T17:07:50.936+0000: 348.247: [GC (Allocation Failure) 2018-03-22T17:07:50.936+0000: 348.247: [DefNew: 144583K->11584K(153600K), 0.0297567 secs] 315580K->182581K(494976K), 0.0298257 secs] [Times: user=0.03 sys=0.00, real=0.03 secs] 
2018-03-22T17:07:53.855+0000: 351.165: [GC (Allocation Failure) 2018-03-22T17:07:53.855+0000: 351.165: [DefNew: 141328K->5903K(153600K), 0.0130165 secs] 312326K->180459K(494976K), 0.0130932 secs] [Times: user=0.01 sys=0.00, real=0.01 secs] 
2018-03-22T17:07:57.287+0000: 354.597: [GC (Allocation Failure) 2018-03-22T17:07:57.287+0000: 354.597: [DefNew: 142479K->7856K(153600K), 0.0109303 secs] 317035K->182412K(494976K), 0.0109970 secs] [Times: user=0.01 sys=0.00, real=0.01 secs] 
2018-03-22T17:08:00.366+0000: 357.677: [GC (Allocation Failure) 2018-03-22T17:08:00.367+0000: 357.677: [DefNew: 143221K->7741K(153600K), 0.0098308 secs] 317777K->182297K(494976K), 0.0098986 secs] [Times: user=0.01 sys=0.00, real=0.01 secs] 
2018-03-22T17:08:03.360+0000: 360.670: [GC (Allocation Failure) 2018-03-22T17:08:03.360+0000: 360.670: [DefNew: 142008K->9127K(153600K), 0.0117594 secs] 316564K->183683K(494976K), 0.0118246 secs] [Times: user=0.01 sys=0.00, real=0.01 secs] 
2018-03-22T17:08:06.445+0000: 363.755: [GC (Allocation Failure) 2018-03-22T17:08:06.445+0000: 363.756: [DefNew: 145703K->8723K(153600K), 0.0116707 secs] 320259K->184050K(494976K), 0.0117449 secs] [Times: user=0.01 sys=0.00, real=0.01 secs] 
2018-03-22T17:08:09.510+0000: 366.821: [GC (Allocation Failure) 2018-03-22T17:08:09.510+0000: 366.821: [DefNew: 145299K->17024K(153600K), 0.0395895 secs] 320626K->195361K(494976K), 0.0396476 secs] [Times: user=0.04 sys=0.01, real=0.04 secs] 
2018-03-22T17:08:12.460+0000: 369.770: [GC (Allocation Failure) 2018-03-22T17:08:12.460+0000: 369.770: [DefNew: 143987K->3430K(153600K), 0.0235636 secs] 322324K->186501K(494976K), 0.0236374 secs] [Times: user=0.02 sys=0.01, real=0.02 secs] 
2018-03-22T17:08:15.446+0000: 372.756: [GC (Allocation Failure) 2018-03-22T17:08:15.446+0000: 372.756: [DefNew: 131308K->5078K(153600K), 0.0117747 secs] 314380K->188149K(494976K), 0.0118423 secs] [Times: user=0.01 sys=0.00, real=0.01 secs] 
2018-03-22T17:08:18.785+0000: 376.096: [GC (Allocation Failure) 2018-03-22T17:08:18.785+0000: 376.096: [DefNew: 141654K->6566K(153600K), 0.0189298 secs] 324725K->189637K(494976K), 0.0189959 secs] [Times: user=0.02 sys=0.00, real=0.02 secs] 
2018-03-22T17:08:21.786+0000: 379.097: [GC (Allocation Failure) 2018-03-22T17:08:21.786+0000: 379.097: [DefNew: 143142K->8040K(153600K), 0.0220589 secs] 326213K->191111K(494976K), 0.0221357 secs] [Times: user=0.02 sys=0.00, real=0.02 secs] 
2018-03-22T17:08:24.597+0000: 381.908: [GC (Allocation Failure) 2018-03-22T17:08:24.597+0000: 381.908: [DefNew: 144616K->8412K(153600K), 0.0168048 secs] 327687K->191484K(494976K), 0.0168706 secs] [Times: user=0.02 sys=0.00, real=0.02 secs] 
2018-03-22T17:08:27.403+0000: 384.714: [GC (Allocation Failure) 2018-03-22T17:08:27.403+0000: 384.714: [DefNew: 144988K->12467K(153600K), 0.0297856 secs] 328060K->195538K(494976K), 0.0298542 secs] [Times: user=0.03 sys=0.00, real=0.03 secs] 
2018-03-22T17:08:30.453+0000: 387.764: [GC (Allocation Failure) 2018-03-22T17:08:30.453+0000: 387.764: [DefNew: 149043K->8504K(153600K), 0.0321269 secs] 332114K->195806K(494976K), 0.0322035 secs] [Times: user=0.04 sys=0.00, real=0.03 secs] 
2018-03-22T17:08:33.291+0000: 390.602: [GC (Allocation Failure) 2018-03-22T17:08:33.291+0000: 390.602: [DefNew: 145080K->7832K(153600K), 0.0156849 secs] 332382K->195135K(494976K), 0.0157503 secs] [Times: user=0.01 sys=0.00, real=0.01 secs] 
2018-03-22T17:08:36.327+0000: 393.638: [GC (Allocation Failure) 2018-03-22T17:08:36.327+0000: 393.638: [DefNew: 144408K->10378K(153600K), 0.0267629 secs] 331711K->197680K(494976K), 0.0268330 secs] [Times: user=0.03 sys=0.00, real=0.03 secs] 
2018-03-22T17:08:39.461+0000: 396.771: [GC (Allocation Failure) 2018-03-22T17:08:39.461+0000: 396.771: [DefNew: 139530K->6819K(153600K), 0.0196743 secs] 326832K->196028K(494976K), 0.0197506 secs] [Times: user=0.01 sys=0.01, real=0.02 secs] 
2018-03-22T17:08:42.292+0000: 399.603: [GC (Allocation Failure) 2018-03-22T17:08:42.292+0000: 399.603: [DefNew: 143395K->8448K(153600K), 0.0143083 secs] 332604K->197658K(494976K), 0.0143789 secs] [Times: user=0.01 sys=0.00, real=0.01 secs] 
2018-03-22T17:08:44.969+0000: 402.279: [GC (Allocation Failure) 2018-03-22T17:08:44.969+0000: 402.279: [DefNew: 145024K->8862K(153600K), 0.0118004 secs] 334234K->198072K(494976K), 0.0118717 secs] [Times: user=0.01 sys=0.00, real=0.02 secs] 
2018-03-22T17:08:48.316+0000: 405.626: [GC (Allocation Failure) 2018-03-22T17:08:48.316+0000: 405.626: [DefNew: 145438K->11240K(153600K), 0.0351402 secs] 334648K->201379K(494976K), 0.0352105 secs] [Times: user=0.03 sys=0.00, real=0.03 secs] 
2018-03-22T17:08:51.454+0000: 408.765: [GC (Allocation Failure) 2018-03-22T17:08:51.454+0000: 408.765: [DefNew: 147816K->10083K(153600K), 0.0353644 secs] 337955K->202806K(494976K), 0.0354397 secs] [Times: user=0.03 sys=0.01, real=0.03 secs] 
2018-03-22T17:08:54.272+0000: 411.583: [GC (Allocation Failure) 2018-03-22T17:08:54.272+0000: 411.583: [DefNew: 146659K->5686K(153600K), 0.0237889 secs] 339382K->200787K(494976K), 0.0238532 secs] [Times: user=0.03 sys=0.00, real=0.02 secs] 
2018-03-22T17:08:56.864+0000: 414.174: [GC (Allocation Failure) 2018-03-22T17:08:56.864+0000: 414.174: [DefNew: 131704K->7168K(153600K), 0.0091443 secs] 326805K->202268K(494976K), 0.0092188 secs] [Times: user=0.01 sys=0.00, real=0.01 secs] 
2018-03-22T17:08:59.365+0000: 416.676: [GC (Allocation Failure) 2018-03-22T17:08:59.365+0000: 416.676: [DefNew: 135174K->8760K(153600K), 0.0115868 secs] 330274K->203860K(494976K), 0.0116589 secs] [Times: user=0.01 sys=0.00, real=0.01 secs] 
2018-03-22T17:09:01.877+0000: 419.187: [GC (Allocation Failure) 2018-03-22T17:09:01.877+0000: 419.187: [DefNew: 134346K->8343K(153600K), 0.0114832 secs] 329447K->204272K(494976K), 0.0115524 secs] [Times: user=0.01 sys=0.00, real=0.01 secs] 
2018-03-22T17:09:04.785+0000: 422.096: [GC (Allocation Failure) 2018-03-22T17:09:04.785+0000: 422.096: [DefNew: 144919K->10255K(153600K), 0.0126931 secs] 340848K->206184K(494976K), 0.0127596 secs] [Times: user=0.02 sys=0.00, real=0.01 secs] 
2018-03-22T17:09:07.482+0000: 424.792: [GC (Allocation Failure) 2018-03-22T17:09:07.482+0000: 424.792: [DefNew: 138134K->8480K(153600K), 0.0263532 secs] 334063K->205972K(494976K), 0.0264295 secs] [Times: user=0.03 sys=0.00, real=0.02 secs] 
2018-03-22T17:09:10.299+0000: 427.609: [GC (Allocation Failure) 2018-03-22T17:09:10.299+0000: 427.609: [DefNew: 145056K->10694K(153600K), 0.0209082 secs] 342548K->208185K(494976K), 0.0209861 secs] [Times: user=0.02 sys=0.00, real=0.03 secs] 
2018-03-22T17:09:12.985+0000: 430.296: [GC (Allocation Failure) 2018-03-22T17:09:12.985+0000: 430.296: [DefNew: 137207K->8322K(153600K), 0.0236093 secs] 334698K->207585K(494976K), 0.0236869 secs] [Times: user=0.02 sys=0.00, real=0.02 secs] 
2018-03-22T17:09:15.694+0000: 433.005: [GC (Allocation Failure) 2018-03-22T17:09:15.694+0000: 433.005: [DefNew: 144898K->9679K(153600K), 0.0203900 secs] 344161K->208942K(494976K), 0.0204610 secs] [Times: user=0.02 sys=0.00, real=0.02 secs] 
2018-03-22T17:09:18.479+0000: 435.790: [GC (Allocation Failure) 2018-03-22T17:09:18.479+0000: 435.790: [DefNew: 138872K->8508K(153600K), 0.0229803 secs] 338134K->209424K(494976K), 0.0230650 secs] [Times: user=0.02 sys=0.00, real=0.02 secs] 
2018-03-22T17:09:20.870+0000: 438.181: [GC (Allocation Failure) 2018-03-22T17:09:20.870+0000: 438.181: [DefNew: 133808K->9537K(153600K), 0.0110088 secs] 334725K->210453K(494976K), 0.0110863 secs] [Times: user=0.01 sys=0.00, real=0.02 secs] 
2018-03-22T17:09:23.779+0000: 441.090: [GC (Allocation Failure) 2018-03-22T17:09:23.779+0000: 441.090: [DefNew: 146113K->8931K(153600K), 0.0133388 secs] 347029K->211371K(494976K), 0.0134058 secs] [Times: user=0.01 sys=0.00, real=0.02 secs] 
2018-03-22T17:09:26.368+0000: 443.678: [GC (Allocation Failure) 2018-03-22T17:09:26.368+0000: 443.678: [DefNew: 141670K->8700K(153600K), 0.0124165 secs] 344110K->212300K(494976K), 0.0124946 secs] [Times: user=0.01 sys=0.00, real=0.02 secs] 
2018-03-22T17:09:29.367+0000: 446.678: [GC (Allocation Failure) 2018-03-22T17:09:29.367+0000: 446.678: [DefNew: 145276K->11753K(153600K), 0.0172720 secs] 348876K->216245K(494976K), 0.0173387 secs] [Times: user=0.02 sys=0.00, real=0.02 secs] 
2018-03-22T17:09:32.294+0000: 449.605: [GC (Allocation Failure) 2018-03-22T17:09:32.294+0000: 449.605: [DefNew: 148329K->6965K(153600K), 0.0159541 secs] 352821K->215919K(494976K), 0.0160239 secs] [Times: user=0.01 sys=0.00, real=0.01 secs] 
2018-03-22T17:09:35.286+0000: 452.596: [GC (Allocation Failure) 2018-03-22T17:09:35.286+0000: 452.596: [DefNew: 143541K->6823K(153600K), 0.0090270 secs] 352495K->215776K(494976K), 0.0090903 secs] [Times: user=0.01 sys=0.00, real=0.01 secs] 
2018-03-22T17:09:37.887+0000: 455.197: [GC (Allocation Failure) 2018-03-22T17:09:37.887+0000: 455.197: [DefNew: 138586K->7391K(153600K), 0.0093114 secs] 347540K->216345K(494976K), 0.0093827 secs] [Times: user=0.01 sys=0.00, real=0.01 secs] 
2018-03-22T17:09:40.487+0000: 457.798: [GC (Allocation Failure) 2018-03-22T17:09:40.487+0000: 457.798: [DefNew: 132386K->8143K(153600K), 0.0148235 secs] 341339K->217097K(494976K), 0.0148954 secs] [Times: user=0.01 sys=0.00, real=0.02 secs] 
2018-03-22T17:09:42.982+0000: 460.293: [GC (Allocation Failure) 2018-03-22T17:09:42.982+0000: 460.293: [DefNew: 143214K->9968K(153600K), 0.0163523 secs] 352168K->218921K(494976K), 0.0164224 secs] [Times: user=0.02 sys=0.00, real=0.01 secs] 
2018-03-22T17:09:45.469+0000: 462.779: [GC (Allocation Failure) 2018-03-22T17:09:45.469+0000: 462.779: [DefNew: 145544K->8543K(153600K), 0.0214197 secs] 354497K->219306K(494976K), 0.0214955 secs] [Times: user=0.02 sys=0.00, real=0.02 secs] 
2018-03-22T17:09:48.236+0000: 465.547: [GC (Allocation Failure) 2018-03-22T17:09:48.236+0000: 465.547: [DefNew: 145119K->8387K(153600K), 0.0180323 secs] 355882K->220037K(494976K), 0.0180916 secs] [Times: user=0.02 sys=0.00, real=0.02 secs] 
2018-03-22T17:09:50.978+0000: 468.289: [GC (Allocation Failure) 2018-03-22T17:09:50.979+0000: 468.289: [DefNew: 144742K->9634K(153600K), 0.0198543 secs] 356393K->221285K(494976K), 0.0199210 secs] [Times: user=0.02 sys=0.00, real=0.02 secs] 
2018-03-22T17:09:53.476+0000: 470.786: [GC (Allocation Failure) 2018-03-22T17:09:53.476+0000: 470.786: [DefNew: 135938K->8651K(153600K), 0.0259914 secs] 347589K->222260K(494976K), 0.0260596 secs] [Times: user=0.03 sys=0.00, real=0.03 secs] 
2018-03-22T17:09:56.298+0000: 473.609: [GC (Allocation Failure) 2018-03-22T17:09:56.298+0000: 473.609: [DefNew: 145227K->9155K(153600K), 0.0249555 secs] 358836K->223736K(494976K), 0.0250266 secs] [Times: user=0.03 sys=0.00, real=0.03 secs] 
2018-03-22T17:09:59.320+0000: 476.631: [GC (Allocation Failure) 2018-03-22T17:09:59.320+0000: 476.631: [DefNew: 145731K->10959K(153600K), 0.0156039 secs] 360312K->226618K(494976K), 0.0156843 secs] [Times: user=0.02 sys=0.00, real=0.01 secs] 
2018-03-22T17:10:01.892+0000: 479.203: [GC (Allocation Failure) 2018-03-22T17:10:01.893+0000: 479.203: [DefNew: 135615K->5811K(153600K), 0.0117602 secs] 351275K->224188K(494976K), 0.0118352 secs] [Times: user=0.01 sys=0.00, real=0.01 secs] 
2018-03-22T17:10:04.376+0000: 481.687: [GC (Allocation Failure) 2018-03-22T17:10:04.376+0000: 481.687: [DefNew: 142387K->8126K(153600K), 0.0103021 secs] 360764K->226502K(494976K), 0.0103943 secs] [Times: user=0.01 sys=0.00, real=0.01 secs] 
2018-03-22T17:10:06.875+0000: 484.186: [GC (Allocation Failure) 2018-03-22T17:10:06.875+0000: 484.186: [DefNew: 138865K->9057K(153600K), 0.0109860 secs] 357242K->227433K(494976K), 0.0110677 secs] [Times: user=0.00 sys=0.00, real=0.01 secs] 
2018-03-22T17:10:09.380+0000: 486.691: [GC (Allocation Failure) 2018-03-22T17:10:09.380+0000: 486.691: [DefNew: 140710K->9097K(153600K), 0.0115586 secs] 359087K->228174K(494976K), 0.0116290 secs] [Times: user=0.01 sys=0.01, real=0.01 secs] 
2018-03-22T17:10:11.878+0000: 489.189: [GC (Allocation Failure) 2018-03-22T17:10:11.878+0000: 489.189: [DefNew: 144591K->9019K(153600K), 0.0122906 secs] 363668K->229320K(494976K), 0.0123610 secs] [Times: user=0.01 sys=0.00, real=0.01 secs] 
2018-03-22T17:10:14.332+0000: 491.643: [GC (Allocation Failure) 2018-03-22T17:10:14.333+0000: 491.643: [DefNew: 145595K->11950K(153600K), 0.0194171 secs] 365896K->233514K(494976K), 0.0194881 secs] [Times: user=0.02 sys=0.00, real=0.02 secs] 
2018-03-22T17:10:16.876+0000: 494.186: [GC (Allocation Failure) 2018-03-22T17:10:16.876+0000: 494.186: [DefNew: 140356K->4922K(153600K), 0.0116231 secs] 361919K->230742K(494976K), 0.0116920 secs] [Times: user=0.01 sys=0.00, real=0.01 secs] 
2018-03-22T17:10:19.475+0000: 496.785: [GC (Allocation Failure) 2018-03-22T17:10:19.475+0000: 496.785: [DefNew: 141498K->6309K(153600K), 0.0081965 secs] 367318K->232129K(494976K), 0.0082608 secs] [Times: user=0.01 sys=0.00, real=0.01 secs] 
2018-03-22T17:10:21.854+0000: 499.164: [GC (Allocation Failure) 2018-03-22T17:10:21.854+0000: 499.165: [DefNew: 142885K->12373K(153600K), 0.0181209 secs] 368705K->238193K(494976K), 0.0181900 secs] [Times: user=0.01 sys=0.00, real=0.02 secs] 
2018-03-22T17:10:24.144+0000: 501.454: [GC (Allocation Failure) 2018-03-22T17:10:24.144+0000: 501.454: [DefNew: 148949K->7235K(153600K), 0.0125889 secs] 374769K->235734K(494976K), 0.0126540 secs] [Times: user=0.01 sys=0.00, real=0.01 secs] 
2018-03-22T17:10:26.800+0000: 504.111: [GC (Allocation Failure) 2018-03-22T17:10:26.800+0000: 504.111: [DefNew: 143811K->11068K(153600K), 0.0145795 secs] 372310K->239567K(494976K), 0.0146591 secs] [Times: user=0.01 sys=0.00, real=0.01 secs] 
2018-03-22T17:10:29.404+0000: 506.715: [GC (Allocation Failure) 2018-03-22T17:10:29.404+0000: 506.715: [DefNew: 146391K->5084K(153600K), 0.0120212 secs] 374889K->237726K(494976K), 0.0120900 secs] [Times: user=0.02 sys=0.00, real=0.01 secs] 
2018-03-22T17:10:31.880+0000: 509.190: [GC (Allocation Failure) 2018-03-22T17:10:31.880+0000: 509.190: [DefNew: 133059K->5993K(153600K), 0.0080770 secs] 365701K->238636K(494976K), 0.0081479 secs] [Times: user=0.01 sys=0.00, real=0.00 secs] 
2018-03-22T17:10:34.779+0000: 512.089: [GC (Allocation Failure) 2018-03-22T17:10:34.779+0000: 512.089: [DefNew: 142569K->7316K(153600K), 0.0089646 secs] 375212K->239959K(494976K), 0.0090304 secs] [Times: user=0.01 sys=0.00, real=0.01 secs] 
2018-03-22T17:10:37.299+0000: 514.610: [GC (Allocation Failure) 2018-03-22T17:10:37.299+0000: 514.610: [DefNew: 143892K->11336K(153600K), 0.0151984 secs] 376535K->243979K(494976K), 0.0152690 secs] [Times: user=0.01 sys=0.01, real=0.02 secs] 
2018-03-22T17:10:39.471+0000: 516.782: [GC (Allocation Failure) 2018-03-22T17:10:39.471+0000: 516.782: [DefNew: 147912K->6898K(153600K), 0.0129427 secs] 380555K->242366K(494976K), 0.0130188 secs] [Times: user=0.02 sys=0.00, real=0.01 secs] 
2018-03-22T17:10:41.888+0000: 519.199: [GC (Allocation Failure) 2018-03-22T17:10:41.888+0000: 519.199: [DefNew: 131936K->8296K(153600K), 0.0100000 secs] 367405K->243765K(494976K), 0.0100803 secs] [Times: user=0.01 sys=0.00, real=0.01 secs] 
2018-03-22T17:10:44.301+0000: 521.612: [GC (Allocation Failure) 2018-03-22T17:10:44.301+0000: 521.612: [DefNew: 144872K->12204K(153600K), 0.0157432 secs] 380341K->247672K(494976K), 0.0158088 secs] [Times: user=0.01 sys=0.00, real=0.01 secs] 
2018-03-22T17:10:46.868+0000: 524.178: [GC (Allocation Failure) 2018-03-22T17:10:46.868+0000: 524.178: [DefNew: 148780K->9575K(153600K), 0.0208717 secs] 384248K->250020K(494976K), 0.0209584 secs] [Times: user=0.02 sys=0.00, real=0.02 secs] 
2018-03-22T17:10:49.379+0000: 526.690: [GC (Allocation Failure) 2018-03-22T17:10:49.379+0000: 526.690: [DefNew: 144200K->5413K(153600K), 0.0098598 secs] 384646K->247882K(494976K), 0.0099277 secs] [Times: user=0.02 sys=0.00, real=0.00 secs] 
2018-03-22T17:10:51.807+0000: 529.118: [GC (Allocation Failure) 2018-03-22T17:10:51.807+0000: 529.118: [DefNew: 141989K->10657K(153600K), 0.0151477 secs] 384458K->253126K(494976K), 0.0152181 secs] [Times: user=0.02 sys=0.00, real=0.02 secs] 
17:10:53.135 [Client] INFO  c.s.f.r.e.s.SocketRear  - FlameSocketGraphDeployerRear@10.0.0.62: has been disconnected from Connection 2
17:11:03.539 [worker-akka.actor.default-dispatcher-11] INFO  a.a.CoordinatedShutdown CoordinatedShutdown(akka://worker) - Starting coordinated shutdown from JVM shutdown hook
17:11:03.555 [worker-akka.actor.default-dispatcher-3] INFO  a.a.LocalActorRef akka://worker/user/watcher/graph/negotiator - Stopped
17:11:03.555 [worker-akka.actor.default-dispatcher-3] INFO  a.a.LocalActorRef akka://worker/user/watcher/graph/edge/FlameSocketGraphDeployerFront - Stopped
17:11:03.555 [worker-akka.actor.default-dispatcher-15] INFO  a.a.LocalActorRef akka://worker/user/watcher/graph/edge/FlameSocketGraphDeployerRear - Stopped
17:11:03.564 [worker-akka.actor.default-dispatcher-16] INFO  a.a.LocalActorRef akka://worker/user/watcher/graph/edge - Stopped
17:11:03.566 [worker-akka.actor.default-dispatcher-3] INFO  a.a.LocalActorRef akka://worker/user/watcher/graph/graph/$a - Stopped
17:11:03.566 [worker-akka.actor.default-dispatcher-3] INFO  a.a.LocalActorRef akka://worker/user/watcher/graph/graph/$b - Stopped
17:11:03.566 [worker-akka.actor.default-dispatcher-3] INFO  a.a.LocalActorRef akka://worker/user/watcher/graph/graph/$c - Stopped
17:11:03.569 [worker-akka.actor.default-dispatcher-6] INFO  a.a.LocalActorRef akka://worker/user/watcher/graph/graph/local-acker/$a - Stopped
17:11:03.569 [worker-akka.actor.default-dispatcher-6] INFO  a.a.LocalActorRef akka://worker/user/watcher/graph/graph/local-acker - Stopped
17:11:03.573 [worker-akka.actor.default-dispatcher-6] INFO  a.a.LocalActorRef akka://worker/user/watcher/graph/graph - Stopped
17:11:03.573 [worker-akka.actor.default-dispatcher-6] INFO  a.a.LocalActorRef akka://worker/user/watcher/graph/graph/local-acker/$a - Message [com.spbsu.flamestream.runtime.utils.akka.PingActor$InnerPing] from Actor[akka://worker/user/watcher/graph/graph/local-acker/$a#-1294645761] to Actor[akka://worker/user/watcher/graph/graph/local-acker/$a#-1294645761] was not delivered. [1] dead letters encountered. This logging can be turned off or adjusted with configuration settings 'akka.log-dead-letters' and 'akka.log-dead-letters-during-shutdown'.
17:11:03.574 [worker-akka.actor.default-dispatcher-6-EventThread] INFO  o.a.z.ClientCnxn  - EventThread shut down for session: 0x1624ea83f700003
17:11:03.574 [worker-akka.actor.default-dispatcher-7] INFO  o.a.z.ZooKeeper  - Session: 0x1624ea83f700003 closed
17:11:03.579 [worker-akka.actor.default-dispatcher-6] INFO  a.a.LocalActorRef akka://worker/user/watcher/graph/graph/local-acker/$a - Message [com.spbsu.flamestream.runtime.utils.akka.PingActor$Stop] from Actor[akka://worker/user/watcher/graph/graph/local-acker#346879681] to Actor[akka://worker/user/watcher/graph/graph/local-acker/$a#-1294645761] was not delivered. [2] dead letters encountered. This logging can be turned off or adjusted with configuration settings 'akka.log-dead-letters' and 'akka.log-dead-letters-during-shutdown'.
17:11:03.580 [worker-akka.actor.default-dispatcher-6] INFO  a.a.LocalActorRef akka://worker/user/watcher/graph/graph/local-acker - Message [com.spbsu.flamestream.runtime.acker.LocalAcker$Flush] from Actor[akka://worker/user/watcher/graph/graph/local-acker/$a#-1294645761] to Actor[akka://worker/user/watcher/graph/graph/local-acker#346879681] was not delivered. [3] dead letters encountered. This logging can be turned off or adjusted with configuration settings 'akka.log-dead-letters' and 'akka.log-dead-letters-during-shutdown'.
17:11:03.580 [worker-akka.actor.default-dispatcher-6] INFO  a.a.LocalActorRef akka://worker/user/watcher/graph/graph/local-acker - Message [com.spbsu.flamestream.runtime.acker.LocalAcker$Flush] from Actor[akka://worker/user/watcher/graph/graph/local-acker/$a#-1294645761] to Actor[akka://worker/user/watcher/graph/graph/local-acker#346879681] was not delivered. [4] dead letters encountered. This logging can be turned off or adjusted with configuration settings 'akka.log-dead-letters' and 'akka.log-dead-letters-during-shutdown'.
17:11:03.580 [worker-akka.actor.default-dispatcher-6] INFO  a.a.LocalActorRef akka://worker/user/watcher/graph/graph/local-acker - Message [com.spbsu.flamestream.runtime.acker.LocalAcker$Flush] from Actor[akka://worker/user/watcher/graph/graph/local-acker/$a#-1294645761] to Actor[akka://worker/user/watcher/graph/graph/local-acker#346879681] was not delivered. [5] dead letters encountered. This logging can be turned off or adjusted with configuration settings 'akka.log-dead-letters' and 'akka.log-dead-letters-during-shutdown'.
17:11:03.580 [worker-akka.actor.default-dispatcher-6] INFO  a.a.LocalActorRef akka://worker/user/watcher/graph - Stopped
17:11:03.580 [worker-akka.actor.default-dispatcher-6] INFO  a.a.RepointableActorRef akka://worker/user/watcher - Stopped
17:11:03.588 [worker-akka.actor.default-dispatcher-7] INFO  a.r.RemoteActorRefProvider$RemotingTerminator akka://worker@10.0.0.62:5412/system/remoting-terminator - Shutting down remote daemon.
17:11:03.588 [worker-akka.actor.default-dispatcher-7] INFO  a.r.RemoteActorRefProvider$RemotingTerminator akka://worker@10.0.0.62:5412/system/remoting-terminator - Remote daemon shut down; proceeding with flushing remote transports.
17:11:04.727 [worker-akka.actor.default-dispatcher-6] INFO  a.r.RemoteActorRefProvider$RemotingTerminator akka://worker@10.0.0.62:5412/system/remoting-terminator - Remoting shut down.
Heap
 def new generation   total 153600K, used 121456K [0x00000000e0c00000, 0x00000000eb2a0000, 0x00000000eb2a0000)
  eden space 136576K,  81% used [0x00000000e0c00000, 0x00000000e7833d88, 0x00000000e9160000)
  from space 17024K,  62% used [0x00000000e9160000, 0x00000000e9bc84f8, 0x00000000ea200000)
  to   space 17024K,   0% used [0x00000000ea200000, 0x00000000ea200000, 0x00000000eb2a0000)
 tenured generation   total 341376K, used 242469K [0x00000000eb2a0000, 0x0000000100000000, 0x0000000100000000)
   the space 341376K,  71% used [0x00000000eb2a0000, 0x00000000f9f69458, 0x00000000f9f69600, 0x0000000100000000)
 Metaspace       used 34088K, capacity 34954K, committed 35200K, reserved 1079296K
  class space    used 4492K, capacity 4664K, committed 4736K, reserved 1048576K
