14:45:40.379 [main] INFO  c.s.f.r.a.WorkerApplication  - Starting worker with id: '172.31.79.233', host: '172.31.79.233:5412', zkString: '172.31.168.30:2181'
14:45:41.296 [worker-akka.actor.default-dispatcher-2] INFO  a.e.s.Slf4jLogger  - Slf4jLogger started
2018-02-12T14:45:41.441+0000: 1.815: [Full GC (Metadata GC Threshold) 2018-02-12T14:45:41.441+0000: 1.815: [Tenured: 0K->15391K(341376K), 0.0386122 secs] 125724K->15391K(494976K), [Metaspace: 20867K->20867K(1067008K)], 0.0386777 secs] [Times: user=0.03 sys=0.01, real=0.04 secs] 
14:45:41.807 [worker-akka.actor.default-dispatcher-2] INFO  a.r.a.ArteryTransport(akka://worker) akka.remote.artery.ArteryTransport(akka://worker) - Started embedded media driver in directory [/dev/shm/aeron-root-worker-06210ccd-0e78-410a-80db-554619c45fd9]
14:45:42.033 [worker-akka.actor.default-dispatcher-2] INFO  a.r.a.ArteryTransport(akka://worker) akka.remote.artery.ArteryTransport(akka://worker) - Remoting started; listening on address: [akka://worker@172.31.79.233:5412] with UID [4189968615984554698]
14:45:42.148 [worker-akka.actor.default-dispatcher-2] INFO  o.a.z.ZooKeeper  - Client environment:zookeeper.version=3.4.9-1757313, built on 08/23/2016 06:50 GMT
14:45:42.148 [worker-akka.actor.default-dispatcher-2] INFO  o.a.z.ZooKeeper  - Client environment:host.name=ip-172-31-79-233.us-west-2.compute.internal
14:45:42.148 [worker-akka.actor.default-dispatcher-2] INFO  o.a.z.ZooKeeper  - Client environment:java.version=1.8.0_151
14:45:42.148 [worker-akka.actor.default-dispatcher-2] INFO  o.a.z.ZooKeeper  - Client environment:java.vendor=Oracle Corporation
14:45:42.148 [worker-akka.actor.default-dispatcher-2] INFO  o.a.z.ZooKeeper  - Client environment:java.home=/usr/lib/jvm/java-8-openjdk-amd64/jre
14:45:42.148 [worker-akka.actor.default-dispatcher-2] INFO  o.a.z.ZooKeeper  - Client environment:java.class.path=lib/hadoop-annotations-2.7.3.jar:lib/avro-1.7.4.jar:lib/paranamer-2.3.jar:lib/jackson-xc-1.8.3.jar:lib/curator-recipes-2.7.1.jar:lib/agrona-0.9.6.jar:lib/commons-digester-1.8.jar:lib/commons-configuration-1.6.jar:lib/kryonet-2.21.jar:lib/jackson-annotations-2.8.0.jar:lib/akka-testkit_2.11-2.5.6.jar:lib/commons-logging-1.2.jar:lib/leveldbjni-all-1.8.jar:lib/jcommander-1.48.jar:lib/xmlenc-0.52.jar:lib/jaxb-api-2.2.2.jar:lib/jackson-databind-2.8.4.jar:lib/hadoop-auth-2.7.3.jar:lib/flamestream-runtime-1.0-SNAPSHOT-tests.jar:lib/netty-3.10.6.Final.jar:lib/commons-1.1.jar:lib/commons-codec-1.6.jar:lib/config-1.3.1.jar:lib/commons-net-3.1.jar:lib/slf4j-api-1.7.24.jar:lib/commons-httpclient-3.1.jar:lib/htrace-core-3.1.0-incubating.jar:lib/snappy-java-1.0.4.1.jar:lib/flamestream-runtime-1.0-SNAPSHOT.jar:lib/guava-21.0.jar:lib/leveldb-api-0.7.jar:lib/commons-cli-1.4.jar:lib/jsp-api-2.1.jar:lib/scala-parser-combinators_2.11-1.0.4.jar:lib/ant-1.8.1.jar:lib/jersey-json-1.9.jar:lib/asm-5.0.4.jar:lib/flamestream-examples-1.0-SNAPSHOT.jar:lib/java-xmlbuilder-0.4.jar:lib/api-asn1-api-1.0.0-M20.jar:lib/jaxb-impl-2.2.3-1.jar:lib/apacheds-i18n-2.0.0-M15.jar:lib/jersey-server-1.9.jar:lib/minlog-1.3.0.jar:lib/akka-stream_2.11-2.5.6.jar:lib/httpclient-4.1.2.jar:lib/commons-io-2.4.jar:lib/akka-actor_2.11-2.5.6.jar:lib/curator-client-2.7.1.jar:lib/logback-core-1.2.3.jar:lib/jsch-0.1.42.jar:lib/jackson-mapper-asl-1.9.13.jar:lib/activation-1.1.jar:lib/jetty-util-6.1.26.jar:lib/reflectasm-1.11.3.jar:lib/akka-remote_2.11-2.5.6.jar:lib/gson-2.2.4.jar:lib/commons-codec-1.4.jar:lib/akka-protobuf_2.11-2.5.6.jar:lib/jets3t-0.9.0.jar:lib/httpcore-4.1.2.jar:lib/logback-classic-1.2.3.jar:lib/jdom-2.0.2.jar:lib/hadoop-common-2.7.3.jar:lib/api-util-1.0.0-M20.jar:lib/jettison-1.1.jar:lib/jackson-core-asl-1.9.13.jar:lib/trove4j-3.0.3.jar:lib/xz-1.0.jar:lib/jline-0.9.94.jar:lib/commons-1.0-SNAPSHOT.jar:lib/ssl-config-core_2.11-0.2.2.jar:lib/akka-kryo-serialization_2.11-0.5.0.jar:lib/reactive-streams-1.0.1.jar:lib/leveldb-0.7.jar:lib/protobuf-java-2.5.0.jar:lib/curator-framework-2.7.1.jar:lib/kryo-4.0.0.jar:lib/jsr305-3.0.0.jar:lib/flamestream-core-1.0-SNAPSHOT-tests.jar:lib/commons-compress-1.4.1.jar:lib/commons-math3-3.1.1.jar:lib/lz4-1.3.0.jar:lib/jackson-jaxrs-1.8.3.jar:lib/aeron-client-1.3.0.jar:lib/akka-slf4j_2.11-2.5.6.jar:lib/aeron-driver-1.3.0.jar:lib/jdk.tools-1.8.jar:lib/scala-java8-compat_2.11-0.7.0.jar:lib/guava-19.0.jar:lib/zookeeper-3.4.9.jar:lib/ant-launcher-1.8.1.jar:lib/testng-6.10.jar:lib/reflectasm-1.07-shaded.jar:lib/commons-beanutils-core-1.8.0.jar:lib/minlog-1.2.jar:lib/commons-beanutils-1.7.0.jar:lib/commons-lang-2.6.jar:lib/objenesis-2.1.jar:lib/servlet-api-2.5.jar:lib/jool-0.9.12.jar:lib/commons-collections-3.2.2.jar:lib/apacheds-kerberos-codec-2.0.0-M15.jar:lib/commons-math3-3.6.1.jar:lib/commons-lang3-3.4.jar:lib/jackson-core-2.8.4.jar:lib/asm-3.1.jar:lib/jetty-6.1.26.jar:lib/flamestream-core-1.0-SNAPSHOT.jar:lib/jersey-core-1.9.jar:lib/annotations-12.0.jar:lib/scala-library-2.11.11.jar:lib/stax-api-1.0-2.jar:flamestream-runtime-1.0-SNAPSHOT.jar
14:45:42.149 [worker-akka.actor.default-dispatcher-2] INFO  o.a.z.ZooKeeper  - Client environment:java.library.path=/usr/java/packages/lib/amd64:/usr/lib/x86_64-linux-gnu/jni:/lib/x86_64-linux-gnu:/usr/lib/x86_64-linux-gnu:/usr/lib/jni:/lib:/usr/lib
14:45:42.149 [worker-akka.actor.default-dispatcher-2] INFO  o.a.z.ZooKeeper  - Client environment:java.io.tmpdir=/tmp
14:45:42.149 [worker-akka.actor.default-dispatcher-2] INFO  o.a.z.ZooKeeper  - Client environment:java.compiler=<NA>
14:45:42.149 [worker-akka.actor.default-dispatcher-2] INFO  o.a.z.ZooKeeper  - Client environment:os.name=Linux
14:45:42.149 [worker-akka.actor.default-dispatcher-2] INFO  o.a.z.ZooKeeper  - Client environment:os.arch=amd64
14:45:42.149 [worker-akka.actor.default-dispatcher-2] INFO  o.a.z.ZooKeeper  - Client environment:os.version=4.4.0-1049-aws
14:45:42.149 [worker-akka.actor.default-dispatcher-2] INFO  o.a.z.ZooKeeper  - Client environment:user.name=root
14:45:42.149 [worker-akka.actor.default-dispatcher-2] INFO  o.a.z.ZooKeeper  - Client environment:user.home=/root
14:45:42.149 [worker-akka.actor.default-dispatcher-2] INFO  o.a.z.ZooKeeper  - Client environment:user.dir=/opt/flamestream
14:45:42.152 [worker-akka.actor.default-dispatcher-2] INFO  o.a.z.ZooKeeper  - Initiating client connection, connectString=172.31.168.30:2181 sessionTimeout=5000 watcher=com.spbsu.flamestream.runtime.application.LifecycleWatcher$$Lambda$29/1502588814@df6e749
14:45:42.187 [worker-akka.actor.default-dispatcher-2] INFO  a.a.RepointableActorRef akka://worker/user/watcher - Starting...
14:45:42.188 [worker-akka.actor.default-dispatcher-2-SendThread(172.31.168.30:2181)] INFO  o.a.z.ClientCnxn  - Opening socket connection to server 172.31.168.30/172.31.168.30:2181. Will not attempt to authenticate using SASL (unknown error)
14:45:42.192 [worker-akka.actor.default-dispatcher-2-SendThread(172.31.168.30:2181)] INFO  o.a.z.ClientCnxn  - Socket connection established to 172.31.168.30/172.31.168.30:2181, initiating session
14:45:42.199 [worker-akka.actor.default-dispatcher-2-SendThread(172.31.168.30:2181)] INFO  o.a.z.ClientCnxn  - Session establishment complete on server 172.31.168.30/172.31.168.30:2181, sessionid = 0x1618a79e4d70006, negotiated timeout = 6000
14:45:42.285 [worker-akka.actor.default-dispatcher-2] INFO  a.a.RepointableActorRef akka://worker/user/watcher - Connected to ZK
14:45:53.011 [worker-akka.actor.default-dispatcher-2] INFO  a.a.RepointableActorRef akka://worker/user/watcher - Creating node with watchGraphs: 'com.spbsu.flamestream.core.Graph$Builder$MyGraph@7c0f02b2', config: 'ClusterConfig{paths={172.31.217.87=akka://worker@172.31.217.87:5412/user/watcher/graph0000000000, 172.31.137.85=akka://worker@172.31.137.85:5412/user/watcher/graph0000000000, 172.31.80.161=akka://worker@172.31.80.161:5412/user/watcher/graph0000000000, 172.31.79.233=akka://worker@172.31.79.233:5412/user/watcher/graph0000000000}, ackerLocation='172.31.80.161', props=ComputationLayout{ranges={172.31.217.87=HashRange{from=-2147483648, to=-715827883}, 172.31.137.85=HashRange{from=-715827883, to=715827882}, 172.31.80.161=HashRange{from=0, to=0}, 172.31.79.233=HashRange{from=715827882, to=2147483647}}}}'
14:45:53.409 [worker-akka.actor.default-dispatcher-2] INFO  a.a.LocalActorRef akka://worker/user/watcher/graph0000000000/graph - Starting...
14:45:53.721 [worker-akka.actor.default-dispatcher-2] INFO  a.a.LocalActorRef akka://worker/user/watcher/graph0000000000/graph - Finishing constructor
14:45:53.723 [worker-akka.actor.default-dispatcher-2] INFO  a.a.LocalActorRef akka://worker/user/watcher/graph0000000000 - Starting...
14:45:53.723 [worker-akka.actor.default-dispatcher-2] INFO  a.a.LocalActorRef akka://worker/user/watcher/graph0000000000/negotiator - Starting...
14:45:53.736 [worker-akka.actor.default-dispatcher-2] INFO  a.a.LocalActorRef akka://worker/user/watcher/graph0000000000/edge - Starting...
14:45:53.738 [worker-akka.actor.default-dispatcher-2] INFO  a.a.LocalActorRef akka://worker/user/watcher/graph0000000000/graph/ActorJoba_8ce668e8-e44e-4ea4-8e8f-9a668279ed21 - Starting...
14:45:53.739 [worker-akka.actor.default-dispatcher-2] INFO  a.a.LocalActorRef akka://worker/user/watcher/graph0000000000/graph/ActorJoba_67d96732-33b4-4fa8-953e-0fe520561349 - Starting...
14:45:53.740 [worker-akka.actor.default-dispatcher-2] INFO  a.a.LocalActorRef akka://worker/user/watcher/graph0000000000/graph/ActorJoba_afeb5a32-61c0-4530-98dd-fe736fb236f7 - Starting...
14:45:53.740 [worker-akka.actor.default-dispatcher-2] INFO  a.a.LocalActorRef akka://worker/user/watcher/graph0000000000/graph/ActorJoba_c2a5310d-167d-4c04-9dc5-d81f96d1ebaa - Starting...
14:45:53.763 [worker-akka.actor.default-dispatcher-2] INFO  c.s.f.r.e.s.SocketRear  - FlameSocketGraphDeployerRear@172.31.79.233: connecting to 172.31.168.30:5678
14:45:53.768 [worker-akka.actor.default-dispatcher-2] INFO  c.s.f.r.e.s.SocketRear  - FlameSocketGraphDeployerRear@172.31.79.233: connected to 172.31.168.30:5678
14:45:53.792 [worker-akka.actor.default-dispatcher-2] INFO  a.a.LocalActorRef akka://worker/user/watcher/graph0000000000/graph/ActorJoba_c26f4e26-2f8c-49ca-ba54-f94618193f3f - Starting...
14:45:53.792 [worker-akka.actor.default-dispatcher-2] INFO  a.a.LocalActorRef akka://worker/user/watcher/graph0000000000/graph/ActorJoba_a0b08c33-117a-476b-8e9d-6e0cc918447d - Starting...
14:45:53.792 [worker-akka.actor.default-dispatcher-2] INFO  a.a.LocalActorRef akka://worker/user/watcher/graph0000000000/graph/ActorJoba_24e1fb81-f72b-45d6-87b8-a5f56cbdad8d - Starting...
14:45:53.794 [worker-akka.actor.default-dispatcher-2] INFO  a.a.LocalActorRef akka://worker/user/watcher/graph0000000000/edge/FlameSocketGraphDeployerRear - Starting...
14:45:53.795 [worker-akka.actor.default-dispatcher-2] INFO  a.a.LocalActorRef akka://worker/user/watcher/graph0000000000/edge/FlameSocketGraphDeployerFront - Starting...
14:45:53.796 [worker-akka.actor.default-dispatcher-2] INFO  a.a.LocalActorRef akka://worker/user/watcher/graph0000000000/negotiator - Requesting ticket for the frontClass FlameSocketGraphDeployerFront@172.31.79.233
14:45:53.811 [worker-akka.actor.default-dispatcher-2] INFO  a.a.LocalActorRef akka://worker/user/watcher/graph0000000000/negotiator - Ticket for the frontClass received: FrontTicket{allowedTimestamp=(1518446753008, FlameSocketGraphDeployerFront@172.31.79.233)}
14:45:53.812 [worker-akka.actor.default-dispatcher-2] INFO  c.s.f.r.e.s.SocketFront  - FlameSocketGraphDeployerFront@172.31.79.233: connecting to 172.31.168.30:4567
14:45:53.821 [Client] INFO  c.s.f.r.e.s.SocketFront  - FlameSocketGraphDeployerFront@172.31.79.233 has been disconnected from Connection 4
2018-02-12T14:45:55.403+0000: 15.776: [GC (Allocation Failure) 2018-02-12T14:45:55.403+0000: 15.776: [DefNew: 136576K->17023K(153600K), 0.0305365 secs] 151967K->57773K(494976K), 0.0306108 secs] [Times: user=0.02 sys=0.01, real=0.03 secs] 
2018-02-12T14:45:57.915+0000: 18.289: [GC (Allocation Failure) 2018-02-12T14:45:57.915+0000: 18.289: [DefNew: 153599K->8460K(153600K), 0.0385617 secs] 194349K->64319K(494976K), 0.0386230 secs] [Times: user=0.03 sys=0.01, real=0.04 secs] 
2018-02-12T14:46:00.038+0000: 20.412: [GC (Allocation Failure) 2018-02-12T14:46:00.038+0000: 20.412: [DefNew: 145036K->12255K(153600K), 0.0342987 secs] 200895K->68115K(494976K), 0.0343600 secs] [Times: user=0.04 sys=0.00, real=0.03 secs] 
2018-02-12T14:46:02.275+0000: 22.649: [GC (Allocation Failure) 2018-02-12T14:46:02.275+0000: 22.649: [DefNew: 148831K->13190K(153600K), 0.0343947 secs] 204691K->72560K(494976K), 0.0344563 secs] [Times: user=0.03 sys=0.00, real=0.04 secs] 
2018-02-12T14:46:04.146+0000: 24.520: [GC (Allocation Failure) 2018-02-12T14:46:04.146+0000: 24.520: [DefNew: 149766K->14915K(153600K), 0.0617359 secs] 209136K->76772K(494976K), 0.0617977 secs] [Times: user=0.06 sys=0.00, real=0.07 secs] 
2018-02-12T14:46:05.729+0000: 26.103: [GC (Allocation Failure) 2018-02-12T14:46:05.729+0000: 26.103: [DefNew: 151491K->8216K(153600K), 0.0328990 secs] 213348K->80020K(494976K), 0.0329623 secs] [Times: user=0.04 sys=0.00, real=0.03 secs] 
2018-02-12T14:46:07.769+0000: 28.143: [GC (Allocation Failure) 2018-02-12T14:46:07.769+0000: 28.143: [DefNew: 144792K->10340K(153600K), 0.0224350 secs] 216596K->82143K(494976K), 0.0224961 secs] [Times: user=0.02 sys=0.00, real=0.02 secs] 
2018-02-12T14:46:09.336+0000: 29.709: [GC (Allocation Failure) 2018-02-12T14:46:09.336+0000: 29.709: [DefNew: 146916K->13543K(153600K), 0.0378759 secs] 218719K->87915K(494976K), 0.0379435 secs] [Times: user=0.04 sys=0.00, real=0.04 secs] 
2018-02-12T14:46:10.757+0000: 31.131: [GC (Allocation Failure) 2018-02-12T14:46:10.757+0000: 31.131: [DefNew: 150119K->8047K(153600K), 0.0293342 secs] 224491K->88879K(494976K), 0.0294002 secs] [Times: user=0.02 sys=0.00, real=0.02 secs] 
2018-02-12T14:46:11.996+0000: 32.370: [GC (Allocation Failure) 2018-02-12T14:46:11.997+0000: 32.370: [DefNew: 144623K->11772K(153600K), 0.0230189 secs] 225455K->92604K(494976K), 0.0230935 secs] [Times: user=0.03 sys=0.00, real=0.02 secs] 
2018-02-12T14:46:13.366+0000: 33.739: [GC (Allocation Failure) 2018-02-12T14:46:13.366+0000: 33.739: [DefNew: 148348K->9445K(153600K), 0.0480408 secs] 229180K->94256K(494976K), 0.0481027 secs] [Times: user=0.05 sys=0.01, real=0.05 secs] 
2018-02-12T14:46:15.168+0000: 35.541: [GC (Allocation Failure) 2018-02-12T14:46:15.168+0000: 35.541: [DefNew: 146021K->4493K(153600K), 0.0148248 secs] 230832K->91771K(494976K), 0.0148820 secs] [Times: user=0.01 sys=0.01, real=0.02 secs] 
2018-02-12T14:46:18.775+0000: 39.149: [GC (Allocation Failure) 2018-02-12T14:46:18.775+0000: 39.149: [DefNew: 141069K->7134K(153600K), 0.0149038 secs] 228347K->94412K(494976K), 0.0149618 secs] [Times: user=0.02 sys=0.00, real=0.02 secs] 
2018-02-12T14:46:21.915+0000: 42.289: [GC (Allocation Failure) 2018-02-12T14:46:21.915+0000: 42.289: [DefNew: 143710K->9550K(153600K), 0.0173003 secs] 230988K->96828K(494976K), 0.0173606 secs] [Times: user=0.01 sys=0.00, real=0.02 secs] 
2018-02-12T14:46:24.610+0000: 44.984: [GC (Allocation Failure) 2018-02-12T14:46:24.610+0000: 44.984: [DefNew: 146126K->11070K(153600K), 0.0221058 secs] 233404K->99956K(494976K), 0.0221679 secs] [Times: user=0.03 sys=0.00, real=0.02 secs] 
2018-02-12T14:46:26.882+0000: 47.256: [GC (Allocation Failure) 2018-02-12T14:46:26.882+0000: 47.256: [DefNew: 147646K->8166K(153600K), 0.0217959 secs] 236532K->100639K(494976K), 0.0218866 secs] [Times: user=0.02 sys=0.00, real=0.02 secs] 
2018-02-12T14:46:29.902+0000: 50.275: [GC (Allocation Failure) 2018-02-12T14:46:29.902+0000: 50.276: [DefNew: 144742K->10398K(153600K), 0.0180682 secs] 237215K->102871K(494976K), 0.0181441 secs] [Times: user=0.01 sys=0.00, real=0.02 secs] 
2018-02-12T14:46:33.447+0000: 53.821: [GC (Allocation Failure) 2018-02-12T14:46:33.447+0000: 53.821: [DefNew: 146974K->8501K(153600K), 0.0226302 secs] 239447K->104940K(494976K), 0.0226927 secs] [Times: user=0.02 sys=0.00, real=0.03 secs] 
2018-02-12T14:46:36.356+0000: 56.730: [GC (Allocation Failure) 2018-02-12T14:46:36.356+0000: 56.730: [DefNew: 145077K->12241K(153600K), 0.0204613 secs] 241516K->108680K(494976K), 0.0205268 secs] [Times: user=0.02 sys=0.00, real=0.02 secs] 
2018-02-12T14:46:39.587+0000: 59.961: [GC (Allocation Failure) 2018-02-12T14:46:39.587+0000: 59.961: [DefNew: 148817K->9117K(153600K), 0.0216037 secs] 245256K->109589K(494976K), 0.0216664 secs] [Times: user=0.03 sys=0.00, real=0.03 secs] 
2018-02-12T14:46:42.697+0000: 63.074: [GC (Allocation Failure) 2018-02-12T14:46:42.700+0000: 63.074: [DefNew: 145693K->8531K(153600K), 0.0191630 secs] 246165K->111903K(494976K), 0.0220252 secs] [Times: user=0.02 sys=0.00, real=0.02 secs] 
2018-02-12T14:46:45.213+0000: 65.587: [GC (Allocation Failure) 2018-02-12T14:46:45.213+0000: 65.587: [DefNew: 145107K->10287K(153600K), 0.0227591 secs] 248479K->115619K(494976K), 0.0228409 secs] [Times: user=0.02 sys=0.00, real=0.03 secs] 
2018-02-12T14:46:47.201+0000: 67.575: [GC (Allocation Failure) 2018-02-12T14:46:47.201+0000: 67.575: [DefNew: 146863K->10001K(153600K), 0.0216393 secs] 252195K->117195K(494976K), 0.0217102 secs] [Times: user=0.02 sys=0.00, real=0.02 secs] 
2018-02-12T14:46:50.818+0000: 71.192: [GC (Allocation Failure) 2018-02-12T14:46:50.818+0000: 71.192: [DefNew: 146577K->11704K(153600K), 0.0240601 secs] 253771K->121372K(494976K), 0.0241242 secs] [Times: user=0.02 sys=0.00, real=0.02 secs] 
2018-02-12T14:46:54.936+0000: 75.310: [GC (Allocation Failure) 2018-02-12T14:46:54.936+0000: 75.310: [DefNew: 148280K->7147K(153600K), 0.0215673 secs] 257948K->122050K(494976K), 0.0216293 secs] [Times: user=0.02 sys=0.00, real=0.02 secs] 
2018-02-12T14:46:59.116+0000: 79.490: [GC (Allocation Failure) 2018-02-12T14:46:59.116+0000: 79.490: [DefNew: 143723K->10279K(153600K), 0.0186038 secs] 258626K->125181K(494976K), 0.0186743 secs] [Times: user=0.02 sys=0.00, real=0.01 secs] 
2018-02-12T14:47:03.273+0000: 83.647: [GC (Allocation Failure) 2018-02-12T14:47:03.273+0000: 83.647: [DefNew: 146855K->11167K(153600K), 0.0241476 secs] 261757K->128565K(494976K), 0.0242071 secs] [Times: user=0.03 sys=0.00, real=0.03 secs] 
2018-02-12T14:47:05.367+0000: 85.741: [GC (Allocation Failure) 2018-02-12T14:47:05.367+0000: 85.741: [DefNew: 147743K->10913K(153600K), 0.0223693 secs] 265141K->130731K(494976K), 0.0224341 secs] [Times: user=0.01 sys=0.00, real=0.03 secs] 
14:47:06.126 [Client] INFO  c.s.f.r.e.s.SocketRear  - FlameSocketGraphDeployerRear@172.31.79.233: has been disconnected from Connection 4
14:47:16.397 [worker-akka.actor.default-dispatcher-2] INFO  a.a.CoordinatedShutdown CoordinatedShutdown(akka://worker) - Starting coordinated shutdown from JVM shutdown hook
14:47:16.415 [worker-akka.actor.default-dispatcher-2] INFO  a.a.LocalActorRef akka://worker/user/watcher/graph0000000000/negotiator - Stopped
14:47:16.417 [worker-akka.actor.default-dispatcher-2] INFO  a.a.LocalActorRef akka://worker/user/watcher/graph0000000000/edge/FlameSocketGraphDeployerFront - Stopped
14:47:16.417 [worker-akka.actor.default-dispatcher-2] INFO  a.a.LocalActorRef akka://worker/user/watcher/graph0000000000/edge/FlameSocketGraphDeployerRear - Stopped
14:47:16.418 [worker-akka.actor.default-dispatcher-2] INFO  a.a.LocalActorRef akka://worker/user/watcher/graph0000000000/graph/ActorJoba_24e1fb81-f72b-45d6-87b8-a5f56cbdad8d - Stopped
14:47:16.418 [worker-akka.actor.default-dispatcher-2] INFO  a.a.LocalActorRef akka://worker/user/watcher/graph0000000000/graph/ActorJoba_67d96732-33b4-4fa8-953e-0fe520561349 - Stopped
14:47:16.424 [worker-akka.actor.default-dispatcher-2] INFO  a.a.LocalActorRef akka://worker/user/watcher/graph0000000000/graph/ActorJoba_8ce668e8-e44e-4ea4-8e8f-9a668279ed21 - Stopped
14:47:16.427 [worker-akka.actor.default-dispatcher-2] INFO  a.a.LocalActorRef akka://worker/user/watcher/graph0000000000/graph/ActorJoba_a0b08c33-117a-476b-8e9d-6e0cc918447d - Stopped
14:47:16.427 [worker-akka.actor.default-dispatcher-2] INFO  a.a.LocalActorRef akka://worker/user/watcher/graph0000000000/graph/ActorJoba_afeb5a32-61c0-4530-98dd-fe736fb236f7 - Stopped
14:47:16.428 [worker-akka.actor.default-dispatcher-2] INFO  a.a.LocalActorRef akka://worker/user/watcher/graph0000000000/graph/ActorJoba_c26f4e26-2f8c-49ca-ba54-f94618193f3f - Stopped
14:47:16.428 [worker-akka.actor.default-dispatcher-2] INFO  a.a.LocalActorRef akka://worker/user/watcher/graph0000000000/graph/ActorJoba_c2a5310d-167d-4c04-9dc5-d81f96d1ebaa - Stopped
14:47:16.431 [worker-akka.actor.default-dispatcher-2-EventThread] INFO  o.a.z.ClientCnxn  - EventThread shut down for session: 0x1618a79e4d70006
14:47:16.432 [worker-akka.actor.default-dispatcher-2] INFO  o.a.z.ZooKeeper  - Session: 0x1618a79e4d70006 closed
14:47:16.432 [worker-akka.actor.default-dispatcher-2] INFO  a.a.LocalActorRef akka://worker/user/watcher/graph0000000000/edge - Stopped
14:47:16.432 [worker-akka.actor.default-dispatcher-2] INFO  a.a.LocalActorRef akka://worker/user/watcher/graph0000000000/graph - Stopped
14:47:16.433 [worker-akka.actor.default-dispatcher-2] INFO  a.a.LocalActorRef akka://worker/user/watcher/graph0000000000 - Stopped
14:47:16.433 [worker-akka.actor.default-dispatcher-2] INFO  a.a.RepointableActorRef akka://worker/user/watcher - Stopped
14:47:16.449 [worker-akka.actor.default-dispatcher-2] INFO  a.r.RemoteActorRefProvider$RemotingTerminator akka://worker@172.31.79.233:5412/system/remoting-terminator - Shutting down remote daemon.
14:47:16.450 [worker-akka.actor.default-dispatcher-2] INFO  a.r.RemoteActorRefProvider$RemotingTerminator akka://worker@172.31.79.233:5412/system/remoting-terminator - Remote daemon shut down; proceeding with flushing remote transports.
14:47:16.531 [worker-akka.actor.default-dispatcher-2] INFO  a.r.RemoteActorRefProvider$RemotingTerminator akka://worker@172.31.79.233:5412/system/remoting-terminator - Remoting shut down.
Attempts of event 'barrier-delay' - 328
Attempts of event 'front-receive-send' - 0
Attempts of event 'inject-out' - 380413
Attempts of event 'flatmap-receive' - 316
Attempts of event 'accept-out' - 0
Attempts of event 'rear-in' - 250092
Attempts of event 'flatmap-send' - 592897
Attempts of event 'inject-in' - 380413
Attempts of event 'wrong-ordering-filter-receive' - 292861
Attempts of event 'accept-in' - 0
Attempts of event 'grouping-receive' - 551716
Heap
 def new generation   total 153600K, used 92059K [0x00000000e0c00000, 0x00000000eb2a0000, 0x00000000eb2a0000)
  eden space 136576K,  59% used [0x00000000e0c00000, 0x00000000e5b3ea18, 0x00000000e9160000)
  from space 17024K,  64% used [0x00000000e9160000, 0x00000000e9c08510, 0x00000000ea200000)
  to   space 17024K,   0% used [0x00000000ea200000, 0x00000000ea200000, 0x00000000eb2a0000)
 tenured generation   total 341376K, used 119818K [0x00000000eb2a0000, 0x0000000100000000, 0x0000000100000000)
   the space 341376K,  35% used [0x00000000eb2a0000, 0x00000000f27a2ab0, 0x00000000f27a2c00, 0x0000000100000000)
 Metaspace       used 33283K, capacity 34018K, committed 34176K, reserved 1079296K
  class space    used 4462K, capacity 4643K, committed 4736K, reserved 1048576K
