14:34:38,874 |-INFO in ch.qos.logback.classic.LoggerContext[default] - Could NOT find resource [logback-test.xml]
14:34:38,874 |-INFO in ch.qos.logback.classic.LoggerContext[default] - Could NOT find resource [logback.groovy]
14:34:38,874 |-INFO in ch.qos.logback.classic.LoggerContext[default] - Found resource [logback.xml] at [jar:file:/opt/flamestream/lib/flamestream-runtime-1.0-SNAPSHOT.jar!/logback.xml]
14:34:38,875 |-WARN in ch.qos.logback.classic.LoggerContext[default] - Resource [logback.xml] occurs multiple times on the classpath.
14:34:38,875 |-WARN in ch.qos.logback.classic.LoggerContext[default] - Resource [logback.xml] occurs at [jar:file:/opt/flamestream/flamestream-runtime-1.0-SNAPSHOT.jar!/logback.xml]
14:34:38,875 |-WARN in ch.qos.logback.classic.LoggerContext[default] - Resource [logback.xml] occurs at [jar:file:/opt/flamestream/lib/flamestream-runtime-1.0-SNAPSHOT.jar!/logback.xml]
14:34:38,893 |-INFO in ch.qos.logback.core.joran.spi.ConfigurationWatchList@69b794e2 - URL [jar:file:/opt/flamestream/lib/flamestream-runtime-1.0-SNAPSHOT.jar!/logback.xml] is not of type file
14:34:38,981 |-INFO in ch.qos.logback.classic.joran.action.ConfigurationAction - debug attribute not set
14:34:38,982 |-INFO in ch.qos.logback.core.joran.action.AppenderAction - About to instantiate appender of type [ch.qos.logback.core.ConsoleAppender]
14:34:38,988 |-INFO in ch.qos.logback.core.joran.action.AppenderAction - Naming appender as [STDOUT]
14:34:38,995 |-INFO in ch.qos.logback.core.joran.action.NestedComplexPropertyIA - Assuming default type [ch.qos.logback.classic.encoder.PatternLayoutEncoder] for [encoder] property
14:34:39,030 |-INFO in ch.qos.logback.core.joran.action.AppenderAction - About to instantiate appender of type [ch.qos.logback.core.rolling.RollingFileAppender]
14:34:39,040 |-INFO in ch.qos.logback.core.joran.action.AppenderAction - Naming appender as [FILE]
14:34:39,059 |-INFO in c.q.l.core.rolling.TimeBasedRollingPolicy@1059063940 - No compression will be used
14:34:39,060 |-INFO in c.q.l.core.rolling.TimeBasedRollingPolicy@1059063940 - Will use the pattern /tmp/application_%d{yyyy-MM-dd}.%i.log for the active file
14:34:39,065 |-INFO in ch.qos.logback.core.rolling.SizeAndTimeBasedFNATP@4d339552 - The date pattern is 'yyyy-MM-dd' from file name pattern '/tmp/application_%d{yyyy-MM-dd}.%i.log'.
14:34:39,065 |-INFO in ch.qos.logback.core.rolling.SizeAndTimeBasedFNATP@4d339552 - Roll-over at midnight.
14:34:39,069 |-INFO in ch.qos.logback.core.rolling.SizeAndTimeBasedFNATP@4d339552 - Setting initial period to Mon Mar 26 13:53:06 UTC 2018
14:34:39,069 |-WARN in ch.qos.logback.core.rolling.SizeAndTimeBasedFNATP@4d339552 - SizeAndTimeBasedFNATP is deprecated. Use SizeAndTimeBasedRollingPolicy instead
14:34:39,069 |-WARN in ch.qos.logback.core.rolling.SizeAndTimeBasedFNATP@4d339552 - For more information see http://logback.qos.ch/manual/appenders.html#SizeAndTimeBasedRollingPolicy
14:34:39,074 |-INFO in ch.qos.logback.core.joran.action.NestedComplexPropertyIA - Assuming default type [ch.qos.logback.classic.encoder.PatternLayoutEncoder] for [encoder] property
14:34:39,079 |-INFO in ch.qos.logback.core.rolling.RollingFileAppender[FILE] - Active log file name: /tmp/application.log
14:34:39,079 |-INFO in ch.qos.logback.core.rolling.RollingFileAppender[FILE] - File property is set to [/tmp/application.log]
14:34:39,079 |-INFO in ch.qos.logback.classic.joran.action.RootLoggerAction - Setting level of ROOT logger to INFO
14:34:39,079 |-INFO in ch.qos.logback.core.joran.action.AppenderRefAction - Attaching appender named [STDOUT] to Logger[ROOT]
14:34:39,080 |-INFO in ch.qos.logback.core.joran.action.AppenderRefAction - Attaching appender named [FILE] to Logger[ROOT]
14:34:39,080 |-INFO in ch.qos.logback.classic.joran.action.ConfigurationAction - End of configuration.
14:34:39,080 |-INFO in ch.qos.logback.classic.joran.JoranConfigurator@f0f2775 - Registering current configuration as safe fallback point

14:34:39.084 [main] INFO  c.s.f.r.a.WorkerApplication  - Starting worker with id: '10.0.0.197', host: '10.0.0.197:5412', zkString: '10.0.0.132:2181'
14:34:39.961 [worker-akka.actor.default-dispatcher-3] INFO  a.e.s.Slf4jLogger  - Slf4jLogger started
2018-03-26T14:34:40.109+0000: 1.817: [Full GC (Metadata GC Threshold) 2018-03-26T14:34:40.109+0000: 1.818: [Tenured: 0K->15755K(341376K), 0.0446133 secs] 128576K->15755K(494976K), [Metaspace: 20941K->20941K(1067008K)], 0.0447048 secs] [Times: user=0.04 sys=0.00, real=0.05 secs] 
Ama winner
Ama winner
14:34:40.514 [worker-akka.actor.default-dispatcher-3] INFO  a.r.a.ArteryTransport(akka://worker) akka.remote.artery.ArteryTransport(akka://worker) - Started embedded media driver in directory [/dev/shm/aeron-root-worker-02905b60-68a5-49bd-b82d-e97b9ebc5726]
14:34:40.688 [worker-akka.actor.default-dispatcher-3] INFO  a.r.a.ArteryTransport(akka://worker) akka.remote.artery.ArteryTransport(akka://worker) - Remoting started; listening on address: [akka://worker@10.0.0.197:5412] with UID [-2123811625981459244]
14:34:40.749 [worker-akka.actor.default-dispatcher-3] INFO  a.a.RepointableActorRef akka://worker/user/watcher - Starting...
14:34:40.761 [worker-akka.actor.default-dispatcher-2] INFO  o.a.z.ZooKeeper  - Client environment:zookeeper.version=3.4.9-1757313, built on 08/23/2016 06:50 GMT
14:34:40.761 [worker-akka.actor.default-dispatcher-2] INFO  o.a.z.ZooKeeper  - Client environment:host.name=localhost
14:34:40.761 [worker-akka.actor.default-dispatcher-2] INFO  o.a.z.ZooKeeper  - Client environment:java.version=1.8.0_151
14:34:40.761 [worker-akka.actor.default-dispatcher-2] INFO  o.a.z.ZooKeeper  - Client environment:java.vendor=Oracle Corporation
14:34:40.761 [worker-akka.actor.default-dispatcher-2] INFO  o.a.z.ZooKeeper  - Client environment:java.home=/usr/lib/jvm/java-8-openjdk-amd64/jre
14:34:40.761 [worker-akka.actor.default-dispatcher-2] INFO  o.a.z.ZooKeeper  - Client environment:java.class.path=lib/commons-cli-1.4.jar:lib/minlog-1.3.0.jar:lib/asm-5.0.4.jar:lib/hadoop-annotations-2.7.3.jar:lib/hadoop-auth-2.7.3.jar:lib/akka-slf4j_2.11-2.5.6.jar:lib/jersey-core-1.9.jar:lib/lz4-1.3.0.jar:lib/jackson-core-asl-1.9.13.jar:lib/aeron-client-1.3.0.jar:lib/htrace-core-3.1.0-incubating.jar:lib/xz-1.0.jar:lib/commons-httpclient-3.1.jar:lib/asm-3.1.jar:lib/commons-lang3-3.4.jar:lib/scala-library-2.11.11.jar:lib/scala-java8-compat_2.11-0.7.0.jar:lib/commons-configuration-1.6.jar:lib/objenesis-2.1.jar:lib/jackson-annotations-2.8.0.jar:lib/jsr305-3.0.0.jar:lib/curator-framework-2.7.1.jar:lib/jersey-server-1.9.jar:lib/jets3t-0.9.0.jar:lib/leveldb-0.7.jar:lib/jetty-6.1.26.jar:lib/stax-api-1.0-2.jar:lib/flamestream-core-1.0-SNAPSHOT.jar:lib/reflectasm-1.07-shaded.jar:lib/apacheds-kerberos-codec-2.0.0-M15.jar:lib/api-asn1-api-1.0.0-M20.jar:lib/commons-lang-2.6.jar:lib/commons-beanutils-1.7.0.jar:lib/jackson-xc-1.8.3.jar:lib/jetty-util-6.1.26.jar:lib/logback-classic-1.2.3.jar:lib/jool-0.9.12.jar:lib/httpcore-4.1.2.jar:lib/kryo-4.0.0.jar:lib/ant-1.8.1.jar:lib/jaxb-impl-2.2.3-1.jar:lib/jersey-json-1.9.jar:lib/commons-compress-1.4.1.jar:lib/leveldbjni-all-1.8.jar:lib/paranamer-2.3.jar:lib/jackson-core-2.8.4.jar:lib/commons-math3-3.6.1.jar:lib/scala-parser-combinators_2.11-1.0.4.jar:lib/netty-3.10.6.Final.jar:lib/trove4j-3.0.3.jar:lib/jaxb-api-2.2.2.jar:lib/logback-core-1.2.3.jar:lib/snappy-java-1.0.4.1.jar:lib/protobuf-java-2.5.0.jar:lib/reactive-streams-1.0.1.jar:lib/flamestream-examples-1.0-SNAPSHOT.jar:lib/commons-codec-1.4.jar:lib/activation-1.1.jar:lib/commons-net-3.1.jar:lib/curator-recipes-2.7.1.jar:lib/jackson-mapper-asl-1.9.13.jar:lib/jackson-databind-2.8.4.jar:lib/flamestream-runtime-1.0-SNAPSHOT.jar:lib/jackson-jaxrs-1.8.3.jar:lib/slf4j-api-1.7.24.jar:lib/akka-remote_2.11-2.5.6.jar:lib/akka-testkit_2.11-2.5.6.jar:lib/jline-0.9.94.jar:lib/jedis-2.9.0.jar:lib/akka-stream_2.11-2.5.6.jar:lib/jsp-api-2.1.jar:lib/kryonet-2.21.jar:lib/akka-kryo-serialization_2.11-0.5.0.jar:lib/config-1.3.1.jar:lib/ant-launcher-1.8.1.jar:lib/commons-logging-1.2.jar:lib/ssl-config-core_2.11-0.2.2.jar:lib/testng-6.10.jar:lib/leveldb-api-0.7.jar:lib/reflectasm-1.11.3.jar:lib/jcommander-1.48.jar:lib/commons-1.1.jar:lib/commons-digester-1.8.jar:lib/minlog-1.2.jar:lib/java-xmlbuilder-0.4.jar:lib/jettison-1.1.jar:lib/gson-2.2.4.jar:lib/jdk.tools-1.8.jar:lib/aeron-driver-1.3.0.jar:lib/zookeeper-3.4.9.jar:lib/commons-beanutils-core-1.8.0.jar:lib/commons-math3-3.1.1.jar:lib/akka-actor_2.11-2.5.6.jar:lib/curator-client-2.7.1.jar:lib/servlet-api-2.5.jar:lib/commons-pool2-2.4.2.jar:lib/apacheds-i18n-2.0.0-M15.jar:lib/commons-io-2.4.jar:lib/commons-codec-1.6.jar:lib/akka-protobuf_2.11-2.5.6.jar:lib/jdom-2.0.2.jar:lib/rocksdbjni-5.5.1.jar:lib/api-util-1.0.0-M20.jar:lib/hadoop-common-2.7.3.jar:lib/agrona-0.9.6.jar:lib/xmlenc-0.52.jar:lib/guava-21.0.jar:lib/commons-collections-3.2.2.jar:lib/avro-1.7.4.jar:lib/httpclient-4.1.2.jar:lib/flamestream-core-1.0-SNAPSHOT-tests.jar:lib/annotations-12.0.jar:lib/jsch-0.1.42.jar:flamestream-runtime-1.0-SNAPSHOT.jar
14:34:40.761 [worker-akka.actor.default-dispatcher-2] INFO  o.a.z.ZooKeeper  - Client environment:java.library.path=/usr/java/packages/lib/amd64:/usr/lib/x86_64-linux-gnu/jni:/lib/x86_64-linux-gnu:/usr/lib/x86_64-linux-gnu:/usr/lib/jni:/lib:/usr/lib
14:34:40.761 [worker-akka.actor.default-dispatcher-2] INFO  o.a.z.ZooKeeper  - Client environment:java.io.tmpdir=/tmp
14:34:40.761 [worker-akka.actor.default-dispatcher-2] INFO  o.a.z.ZooKeeper  - Client environment:java.compiler=<NA>
14:34:40.762 [worker-akka.actor.default-dispatcher-2] INFO  o.a.z.ZooKeeper  - Client environment:os.name=Linux
14:34:40.763 [worker-akka.actor.default-dispatcher-2] INFO  o.a.z.ZooKeeper  - Client environment:os.arch=amd64
14:34:40.765 [worker-akka.actor.default-dispatcher-2] INFO  o.a.z.ZooKeeper  - Client environment:os.version=4.4.0-1049-aws
14:34:40.765 [worker-akka.actor.default-dispatcher-2] INFO  o.a.z.ZooKeeper  - Client environment:user.name=root
14:34:40.765 [worker-akka.actor.default-dispatcher-2] INFO  o.a.z.ZooKeeper  - Client environment:user.home=/root
14:34:40.766 [worker-akka.actor.default-dispatcher-2] INFO  o.a.z.ZooKeeper  - Client environment:user.dir=/opt/flamestream
14:34:40.767 [worker-akka.actor.default-dispatcher-2] INFO  o.a.z.ZooKeeper  - Initiating client connection, connectString=10.0.0.132:2181 sessionTimeout=5000 watcher=com.spbsu.flamestream.runtime.application.LifecycleWatcher$$Lambda$30/2096180099@4790c9fb
14:34:40.801 [worker-akka.actor.default-dispatcher-2-SendThread(10.0.0.132:2181)] INFO  o.a.z.ClientCnxn  - Opening socket connection to server 10.0.0.132/10.0.0.132:2181. Will not attempt to authenticate using SASL (unknown error)
14:34:40.811 [worker-akka.actor.default-dispatcher-2-SendThread(10.0.0.132:2181)] INFO  o.a.z.ClientCnxn  - Socket connection established to 10.0.0.132/10.0.0.132:2181, initiating session
14:34:40.820 [worker-akka.actor.default-dispatcher-2-SendThread(10.0.0.132:2181)] INFO  o.a.z.ClientCnxn  - Session establishment complete on server 10.0.0.132/10.0.0.132:2181, sessionid = 0x16262bac549000b, negotiated timeout = 6000
14:34:40.829 [worker-akka.actor.default-dispatcher-3] INFO  a.a.RepointableActorRef akka://worker/user/watcher - Initializing rocksDB backend
14:34:41.003 [worker-akka.actor.default-dispatcher-3] INFO  a.a.RepointableActorRef akka://worker/user/watcher - Connected to ZK
14:34:49.251 [worker-akka.actor.default-dispatcher-3] INFO  a.a.RepointableActorRef akka://worker/user/watcher - Creating node with watchGraphs: 'com.spbsu.flamestream.core.Graph$Builder$MyGraph@b2af01c', config: 'ClusterConfig{paths={10.0.0.51=akka://worker@10.0.0.51:5412/user/watcher/graph, 10.0.0.118=akka://worker@10.0.0.118:5412/user/watcher/graph, 10.0.0.49=akka://worker@10.0.0.49:5412/user/watcher/graph, 10.0.0.48=akka://worker@10.0.0.48:5412/user/watcher/graph, 10.0.0.14=akka://worker@10.0.0.14:5412/user/watcher/graph, 10.0.0.197=akka://worker@10.0.0.197:5412/user/watcher/graph, 10.0.0.13=akka://worker@10.0.0.13:5412/user/watcher/graph, 10.0.0.166=akka://worker@10.0.0.166:5412/user/watcher/graph, 10.0.0.64=akka://worker@10.0.0.64:5412/user/watcher/graph, 10.0.0.97=akka://worker@10.0.0.97:5412/user/watcher/graph}, ackerLocation='10.0.0.166', props=ComputationLayout{hashGroups={10.0.0.51=com.spbsu.flamestream.runtime.config.HashGroup@1ffe1b9d, 10.0.0.118=com.spbsu.flamestream.runtime.config.HashGroup@5d5c21bc, 10.0.0.49=com.spbsu.flamestream.runtime.config.HashGroup@56dcaf5d, 10.0.0.48=com.spbsu.flamestream.runtime.config.HashGroup@c65a7748, 10.0.0.14=com.spbsu.flamestream.runtime.config.HashGroup@231425fe, 10.0.0.197=com.spbsu.flamestream.runtime.config.HashGroup@fbc82752, 10.0.0.13=com.spbsu.flamestream.runtime.config.HashGroup@ccbcd570, 10.0.0.166=com.spbsu.flamestream.runtime.config.HashGroup@c01f, 10.0.0.64=com.spbsu.flamestream.runtime.config.HashGroup@4276a447, 10.0.0.97=com.spbsu.flamestream.runtime.config.HashGroup@3fc198ed}}}'
14:34:50.163 [worker-akka.actor.default-dispatcher-2] INFO  a.a.LocalActorRef akka://worker/user/watcher/graph/graph - Starting...
14:34:50.179 [worker-akka.actor.default-dispatcher-4] INFO  a.a.LocalActorRef akka://worker/user/watcher/graph/graph/local-acker/$a - Starting...
14:34:50.185 [worker-akka.actor.default-dispatcher-2] INFO  a.a.LocalActorRef akka://worker/user/watcher/graph/graph/local-acker - Starting...
14:34:51.471 [worker-akka.actor.default-dispatcher-5] INFO  a.a.LocalActorRef akka://worker/user/watcher/graph/graph - Finishing constructor
14:34:51.474 [worker-akka.actor.default-dispatcher-9] INFO  a.a.LocalActorRef akka://worker/user/watcher/graph/negotiator - Starting...
14:34:51.478 [worker-akka.actor.default-dispatcher-9] INFO  a.a.LocalActorRef akka://worker/user/watcher/graph/edge - Starting...
14:34:51.480 [worker-akka.actor.default-dispatcher-5] INFO  a.a.LocalActorRef akka://worker/user/watcher/graph - Starting...
14:34:51.515 [worker-akka.actor.default-dispatcher-10] INFO  a.a.LocalActorRef akka://worker/user/watcher/graph/negotiator - Requesting ticket for the frontClass FlameSocketGraphDeployerFront@10.0.0.197
14:34:51.536 [worker-akka.actor.default-dispatcher-3] INFO  a.a.LocalActorRef akka://worker/user/watcher/graph/graph - Received last commit 'LastCommit{globalTime=(0000000, min@min)}'
14:34:51.549 [worker-akka.actor.default-dispatcher-4] INFO  c.s.f.r.e.s.SocketRear  - FlameSocketGraphDeployerRear@10.0.0.197: connecting to 10.0.0.132:5678
14:34:51.551 [worker-akka.actor.default-dispatcher-3] INFO  a.a.LocalActorRef akka://worker/user/watcher/graph/edge/FlameSocketGraphDeployerFront - Starting...
14:34:51.558 [worker-akka.actor.default-dispatcher-4] INFO  c.s.f.r.e.s.SocketRear  - FlameSocketGraphDeployerRear@10.0.0.197: connected to 10.0.0.132:5678
14:34:51.559 [worker-akka.actor.default-dispatcher-4] INFO  a.a.LocalActorRef akka://worker/user/watcher/graph/edge/FlameSocketGraphDeployerRear - Starting...
14:34:51.613 [worker-akka.actor.default-dispatcher-4] INFO  a.a.LocalActorRef akka://worker/user/watcher/graph/graph/$a - Starting...
14:34:51.621 [worker-akka.actor.default-dispatcher-4] INFO  a.a.LocalActorRef akka://worker/user/watcher/graph/graph/$b - Starting...
14:34:51.637 [worker-akka.actor.default-dispatcher-4] INFO  a.a.LocalActorRef akka://worker/user/watcher/graph/graph/$c - Starting...
14:34:51.667 [worker-akka.actor.default-dispatcher-4] INFO  a.a.LocalActorRef akka://worker/user/watcher/graph/graph/$c - Attached rear to graph (-9223372036854775808, min@min)
14:34:51.903 [worker-akka.actor.default-dispatcher-4] INFO  a.a.LocalActorRef akka://worker/user/watcher/graph/negotiator - Ticket for the frontClass received: FrontTicket{allowedTimestamp=(0000000, FlameSocketGraphDeployerFront@10.0.0.197)}
14:34:51.904 [worker-akka.actor.default-dispatcher-4] INFO  c.s.f.r.e.s.SocketFront  - FlameSocketGraphDeployerFront@10.0.0.197: connecting to 10.0.0.132:4567
14:34:51.919 [Client] INFO  c.s.f.r.e.s.SocketFront  - FlameSocketGraphDeployerFront@10.0.0.197 has been disconnected from Connection 7
2018-03-26T14:34:56.297+0000: 18.005: [GC (Allocation Failure) 2018-03-26T14:34:56.297+0000: 18.005: [DefNew: 136576K->15975K(153600K), 0.0292527 secs] 152331K->51262K(494976K), 0.0293407 secs] [Times: user=0.02 sys=0.01, real=0.03 secs] 
2018-03-26T14:35:08.106+0000: 29.815: [GC (Allocation Failure) 2018-03-26T14:35:08.106+0000: 29.815: [DefNew: 152551K->6468K(153600K), 0.0218926 secs] 187838K->50099K(494976K), 0.0219698 secs] [Times: user=0.00 sys=0.02, real=0.02 secs] 
2018-03-26T14:35:20.259+0000: 41.967: [GC (Allocation Failure) 2018-03-26T14:35:20.259+0000: 41.967: [DefNew: 143044K->11080K(153600K), 0.0164815 secs] 186675K->54710K(494976K), 0.0165621 secs] [Times: user=0.02 sys=0.00, real=0.02 secs] 
2018-03-26T14:35:30.341+0000: 52.050: [GC (Allocation Failure) 2018-03-26T14:35:30.341+0000: 52.050: [DefNew: 147656K->11226K(153600K), 0.0238616 secs] 191286K->57122K(494976K), 0.0239371 secs] [Times: user=0.02 sys=0.00, real=0.03 secs] 
2018-03-26T14:35:39.675+0000: 61.383: [GC (Allocation Failure) 2018-03-26T14:35:39.675+0000: 61.383: [DefNew: 147802K->10297K(153600K), 0.0182678 secs] 193698K->60013K(494976K), 0.0183516 secs] [Times: user=0.01 sys=0.00, real=0.02 secs] 
2018-03-26T14:35:47.352+0000: 69.060: [GC (Allocation Failure) 2018-03-26T14:35:47.352+0000: 69.060: [DefNew: 145225K->16050K(153600K), 0.0230263 secs] 194940K->67580K(494976K), 0.0231072 secs] [Times: user=0.03 sys=0.00, real=0.03 secs] 
2018-03-26T14:35:57.665+0000: 79.373: [GC (Allocation Failure) 2018-03-26T14:35:57.665+0000: 79.373: [DefNew: 152626K->4019K(153600K), 0.0190179 secs] 204156K->67618K(494976K), 0.0190961 secs] [Times: user=0.02 sys=0.00, real=0.02 secs] 
2018-03-26T14:36:07.329+0000: 89.037: [GC (Allocation Failure) 2018-03-26T14:36:07.329+0000: 89.037: [DefNew: 140595K->6755K(153600K), 0.0149800 secs] 204194K->70354K(494976K), 0.0150550 secs] [Times: user=0.02 sys=0.00, real=0.01 secs] 
2018-03-26T14:36:17.078+0000: 98.786: [GC (Allocation Failure) 2018-03-26T14:36:17.078+0000: 98.786: [DefNew: 143331K->7842K(153600K), 0.0151976 secs] 206930K->71441K(494976K), 0.0152815 secs] [Times: user=0.01 sys=0.00, real=0.02 secs] 
2018-03-26T14:36:26.733+0000: 108.442: [GC (Allocation Failure) 2018-03-26T14:36:26.733+0000: 108.442: [DefNew: 144418K->8686K(153600K), 0.0153737 secs] 208017K->72285K(494976K), 0.0154511 secs] [Times: user=0.01 sys=0.00, real=0.01 secs] 
2018-03-26T14:36:35.362+0000: 117.070: [GC (Allocation Failure) 2018-03-26T14:36:35.362+0000: 117.070: [DefNew: 144139K->10044K(153600K), 0.0203760 secs] 207738K->74926K(494976K), 0.0204569 secs] [Times: user=0.02 sys=0.00, real=0.02 secs] 
2018-03-26T14:36:43.279+0000: 124.988: [GC (Allocation Failure) 2018-03-26T14:36:43.279+0000: 124.988: [DefNew: 146620K->7360K(153600K), 0.0192478 secs] 211502K->74998K(494976K), 0.0193395 secs] [Times: user=0.02 sys=0.00, real=0.02 secs] 
2018-03-26T14:36:50.369+0000: 132.077: [GC (Allocation Failure) 2018-03-26T14:36:50.369+0000: 132.077: [DefNew: 137839K->17024K(153600K), 0.0195099 secs] 205478K->85489K(494976K), 0.0195908 secs] [Times: user=0.02 sys=0.00, real=0.02 secs] 
2018-03-26T14:36:58.345+0000: 140.054: [GC (Allocation Failure) 2018-03-26T14:36:58.345+0000: 140.054: [DefNew: 153600K->13119K(153600K), 0.0445004 secs] 222065K->94290K(494976K), 0.0445786 secs] [Times: user=0.04 sys=0.01, real=0.04 secs] 
2018-03-26T14:37:07.337+0000: 149.045: [GC (Allocation Failure) 2018-03-26T14:37:07.337+0000: 149.045: [DefNew: 149695K->5200K(153600K), 0.0166311 secs] 230866K->96213K(494976K), 0.0167197 secs] [Times: user=0.01 sys=0.00, real=0.02 secs] 
2018-03-26T14:37:15.973+0000: 157.681: [GC (Allocation Failure) 2018-03-26T14:37:15.973+0000: 157.681: [DefNew: 141776K->5605K(153600K), 0.0126536 secs] 232789K->96618K(494976K), 0.0127305 secs] [Times: user=0.01 sys=0.00, real=0.02 secs] 
2018-03-26T14:37:24.376+0000: 166.085: [GC (Allocation Failure) 2018-03-26T14:37:24.376+0000: 166.085: [DefNew: 138420K->8667K(153600K), 0.0166006 secs] 229433K->99680K(494976K), 0.0166804 secs] [Times: user=0.02 sys=0.00, real=0.01 secs] 
2018-03-26T14:37:32.375+0000: 174.083: [GC (Allocation Failure) 2018-03-26T14:37:32.375+0000: 174.084: [DefNew: 140779K->9446K(153600K), 0.0198446 secs] 231792K->101295K(494976K), 0.0199269 secs] [Times: user=0.02 sys=0.00, real=0.02 secs] 
2018-03-26T14:37:39.373+0000: 181.081: [GC (Allocation Failure) 2018-03-26T14:37:39.373+0000: 181.081: [DefNew: 143000K->9626K(153600K), 0.0201313 secs] 234849K->102653K(494976K), 0.0202117 secs] [Times: user=0.02 sys=0.00, real=0.02 secs] 
2018-03-26T14:37:47.359+0000: 189.068: [GC (Allocation Failure) 2018-03-26T14:37:47.359+0000: 189.068: [DefNew: 146202K->9447K(153600K), 0.0197084 secs] 239229K->103572K(494976K), 0.0197894 secs] [Times: user=0.02 sys=0.00, real=0.02 secs] 
2018-03-26T14:37:55.331+0000: 197.040: [GC (Allocation Failure) 2018-03-26T14:37:55.332+0000: 197.040: [DefNew: 146023K->8726K(153600K), 0.0176849 secs] 240148K->103977K(494976K), 0.0177775 secs] [Times: user=0.02 sys=0.00, real=0.02 secs] 
2018-03-26T14:38:02.458+0000: 204.166: [GC (Allocation Failure) 2018-03-26T14:38:02.458+0000: 204.166: [DefNew: 145302K->7023K(153600K), 0.0150852 secs] 240553K->103438K(494976K), 0.0151739 secs] [Times: user=0.02 sys=0.00, real=0.01 secs] 
2018-03-26T14:38:10.080+0000: 211.788: [GC (Allocation Failure) 2018-03-26T14:38:10.080+0000: 211.788: [DefNew: 143599K->8602K(153600K), 0.0158798 secs] 240014K->105017K(494976K), 0.0159715 secs] [Times: user=0.01 sys=0.00, real=0.02 secs] 
2018-03-26T14:38:16.446+0000: 218.155: [GC (Allocation Failure) 2018-03-26T14:38:16.446+0000: 218.155: [DefNew: 139134K->10610K(153600K), 0.0389425 secs] 235549K->108034K(494976K), 0.0390261 secs] [Times: user=0.04 sys=0.01, real=0.04 secs] 
2018-03-26T14:38:22.686+0000: 224.394: [GC (Allocation Failure) 2018-03-26T14:38:22.686+0000: 224.394: [DefNew: 147186K->7224K(153600K), 0.0167859 secs] 244610K->106614K(494976K), 0.0168624 secs] [Times: user=0.02 sys=0.00, real=0.01 secs] 
2018-03-26T14:38:30.026+0000: 231.734: [GC (Allocation Failure) 2018-03-26T14:38:30.026+0000: 231.734: [DefNew: 143800K->8501K(153600K), 0.0151242 secs] 243190K->107891K(494976K), 0.0152132 secs] [Times: user=0.01 sys=0.00, real=0.01 secs] 
2018-03-26T14:38:35.930+0000: 237.638: [GC (Allocation Failure) 2018-03-26T14:38:35.930+0000: 237.638: [DefNew: 145077K->9535K(153600K), 0.0163386 secs] 244467K->108925K(494976K), 0.0164183 secs] [Times: user=0.02 sys=0.00, real=0.02 secs] 
2018-03-26T14:38:43.390+0000: 245.099: [GC (Allocation Failure) 2018-03-26T14:38:43.390+0000: 245.099: [DefNew: 144003K->11422K(153600K), 0.0210127 secs] 243394K->111799K(494976K), 0.0211010 secs] [Times: user=0.02 sys=0.00, real=0.02 secs] 
2018-03-26T14:38:50.387+0000: 252.096: [GC (Allocation Failure) 2018-03-26T14:38:50.387+0000: 252.096: [DefNew: 144875K->9968K(153600K), 0.0218677 secs] 245252K->113192K(494976K), 0.0219544 secs] [Times: user=0.02 sys=0.00, real=0.02 secs] 
2018-03-26T14:38:57.460+0000: 259.169: [GC (Allocation Failure) 2018-03-26T14:38:57.460+0000: 259.169: [DefNew: 146203K->9674K(153600K), 0.0380303 secs] 249427K->114148K(494976K), 0.0381225 secs] [Times: user=0.03 sys=0.01, real=0.04 secs] 
2018-03-26T14:39:04.258+0000: 265.966: [GC (Allocation Failure) 2018-03-26T14:39:04.258+0000: 265.966: [DefNew: 146250K->6537K(153600K), 0.0156218 secs] 250724K->113139K(494976K), 0.0157038 secs] [Times: user=0.02 sys=0.00, real=0.02 secs] 
2018-03-26T14:39:09.450+0000: 271.158: [GC (Allocation Failure) 2018-03-26T14:39:09.450+0000: 271.158: [DefNew: 143113K->8925K(153600K), 0.0142343 secs] 249715K->115527K(494976K), 0.0143072 secs] [Times: user=0.01 sys=0.00, real=0.01 secs] 
2018-03-26T14:39:15.461+0000: 277.170: [GC (Allocation Failure) 2018-03-26T14:39:15.461+0000: 277.170: [DefNew: 139148K->8080K(153600K), 0.0298639 secs] 245751K->115692K(494976K), 0.0299479 secs] [Times: user=0.03 sys=0.00, real=0.03 secs] 
2018-03-26T14:39:20.430+0000: 282.139: [GC (Allocation Failure) 2018-03-26T14:39:20.430+0000: 282.139: [DefNew: 144656K->17024K(153600K), 0.0179737 secs] 252268K->124744K(494976K), 0.0180621 secs] [Times: user=0.02 sys=0.00, real=0.02 secs] 
2018-03-26T14:39:26.334+0000: 288.043: [GC (Allocation Failure) 2018-03-26T14:39:26.334+0000: 288.043: [DefNew: 153600K->6444K(153600K), 0.0198219 secs] 261320K->119419K(494976K), 0.0199058 secs] [Times: user=0.02 sys=0.00, real=0.02 secs] 
2018-03-26T14:39:31.527+0000: 293.236: [GC (Allocation Failure) 2018-03-26T14:39:31.527+0000: 293.236: [DefNew: 143020K->6778K(153600K), 0.0121292 secs] 255995K->119753K(494976K), 0.0122089 secs] [Times: user=0.01 sys=0.00, real=0.01 secs] 
2018-03-26T14:39:37.351+0000: 299.059: [GC (Allocation Failure) 2018-03-26T14:39:37.351+0000: 299.059: [DefNew: 143204K->10374K(153600K), 0.0175888 secs] 256179K->123348K(494976K), 0.0176693 secs] [Times: user=0.01 sys=0.00, real=0.02 secs] 
2018-03-26T14:39:43.344+0000: 305.052: [GC (Allocation Failure) 2018-03-26T14:39:43.344+0000: 305.052: [DefNew: 146950K->9062K(153600K), 0.0191426 secs] 259924K->124693K(494976K), 0.0192407 secs] [Times: user=0.01 sys=0.01, real=0.02 secs] 
2018-03-26T14:39:48.617+0000: 310.325: [GC (Allocation Failure) 2018-03-26T14:39:48.617+0000: 310.325: [DefNew: 145638K->6342K(153600K), 0.0288429 secs] 261269K->123258K(494976K), 0.0289267 secs] [Times: user=0.02 sys=0.00, real=0.03 secs] 
2018-03-26T14:39:53.034+0000: 314.742: [GC (Allocation Failure) 2018-03-26T14:39:53.034+0000: 314.742: [DefNew: 142918K->17023K(153600K), 0.0236954 secs] 259834K->157429K(494976K), 0.0237884 secs] [Times: user=0.02 sys=0.00, real=0.02 secs] 
2018-03-26T14:39:58.036+0000: 319.744: [GC (Allocation Failure) 2018-03-26T14:39:58.036+0000: 319.744: [DefNew: 153599K->4371K(153600K), 0.0248208 secs] 294005K->161614K(494976K), 0.0249026 secs] [Times: user=0.00 sys=0.02, real=0.02 secs] 
2018-03-26T14:40:03.341+0000: 325.049: [GC (Allocation Failure) 2018-03-26T14:40:03.341+0000: 325.049: [DefNew: 140947K->9376K(153600K), 0.0170456 secs] 298190K->166618K(494976K), 0.0171281 secs] [Times: user=0.02 sys=0.00, real=0.02 secs] 
2018-03-26T14:40:08.406+0000: 330.115: [GC (Allocation Failure) 2018-03-26T14:40:08.406+0000: 330.115: [DefNew: 142660K->6709K(153600K), 0.0139261 secs] 299902K->165207K(494976K), 0.0140115 secs] [Times: user=0.01 sys=0.00, real=0.01 secs] 
2018-03-26T14:40:13.548+0000: 335.256: [GC (Allocation Failure) 2018-03-26T14:40:13.548+0000: 335.256: [DefNew: 143285K->16631K(153600K), 0.0360240 secs] 301783K->175129K(494976K), 0.0360981 secs] [Times: user=0.03 sys=0.00, real=0.03 secs] 
2018-03-26T14:40:19.416+0000: 341.124: [GC (Allocation Failure) 2018-03-26T14:40:19.416+0000: 341.124: [DefNew: 151959K->4079K(153600K), 0.0160798 secs] 310457K->167212K(494976K), 0.0161708 secs] [Times: user=0.01 sys=0.01, real=0.01 secs] 
2018-03-26T14:40:24.944+0000: 346.653: [GC (Allocation Failure) 2018-03-26T14:40:24.944+0000: 346.653: [DefNew: 140655K->6425K(153600K), 0.0109430 secs] 303788K->169559K(494976K), 0.0110281 secs] [Times: user=0.01 sys=0.00, real=0.02 secs] 
2018-03-26T14:40:30.414+0000: 352.123: [GC (Allocation Failure) 2018-03-26T14:40:30.414+0000: 352.123: [DefNew: 142964K->7932K(153600K), 0.0127886 secs] 306097K->171065K(494976K), 0.0128743 secs] [Times: user=0.02 sys=0.00, real=0.01 secs] 
2018-03-26T14:40:35.848+0000: 357.557: [GC (Allocation Failure) 2018-03-26T14:40:35.848+0000: 357.557: [DefNew: 144508K->8651K(153600K), 0.0129287 secs] 307641K->171784K(494976K), 0.0130056 secs] [Times: user=0.01 sys=0.00, real=0.01 secs] 
2018-03-26T14:40:40.411+0000: 362.119: [GC (Allocation Failure) 2018-03-26T14:40:40.411+0000: 362.119: [DefNew: 138532K->8983K(153600K), 0.0156968 secs] 301665K->172949K(494976K), 0.0157760 secs] [Times: user=0.00 sys=0.01, real=0.02 secs] 
2018-03-26T14:40:45.418+0000: 367.126: [GC (Allocation Failure) 2018-03-26T14:40:45.418+0000: 367.126: [DefNew: 142984K->9366K(153600K), 0.0160872 secs] 306950K->174129K(494976K), 0.0161720 secs] [Times: user=0.01 sys=0.00, real=0.02 secs] 
2018-03-26T14:40:51.329+0000: 373.037: [GC (Allocation Failure) 2018-03-26T14:40:51.329+0000: 373.037: [DefNew: 145942K->9698K(153600K), 0.0162812 secs] 310705K->175412K(494976K), 0.0163576 secs] [Times: user=0.01 sys=0.00, real=0.02 secs] 
2018-03-26T14:40:56.458+0000: 378.167: [GC (Allocation Failure) 2018-03-26T14:40:56.458+0000: 378.167: [DefNew: 146274K->11619K(153600K), 0.0427697 secs] 311988K->179334K(494976K), 0.0428529 secs] [Times: user=0.05 sys=0.00, real=0.04 secs] 
2018-03-26T14:41:01.413+0000: 383.121: [GC (Allocation Failure) 2018-03-26T14:41:01.413+0000: 383.121: [DefNew: 140946K->6171K(153600K), 0.0142576 secs] 308662K->176724K(494976K), 0.0143420 secs] [Times: user=0.01 sys=0.00, real=0.02 secs] 
2018-03-26T14:41:06.327+0000: 388.036: [GC (Allocation Failure) 2018-03-26T14:41:06.327+0000: 388.036: [DefNew: 142747K->8070K(153600K), 0.0132102 secs] 313300K->178624K(494976K), 0.0133265 secs] [Times: user=0.01 sys=0.00, real=0.01 secs] 
2018-03-26T14:41:10.508+0000: 392.216: [GC (Allocation Failure) 2018-03-26T14:41:10.508+0000: 392.216: [DefNew: 137874K->9289K(153600K), 0.0237525 secs] 308427K->179843K(494976K), 0.0238362 secs] [Times: user=0.03 sys=0.00, real=0.02 secs] 
2018-03-26T14:41:16.410+0000: 398.119: [GC (Allocation Failure) 2018-03-26T14:41:16.410+0000: 398.119: [DefNew: 145865K->12087K(153600K), 0.0198287 secs] 316419K->183475K(494976K), 0.0199115 secs] [Times: user=0.02 sys=0.00, real=0.02 secs] 
2018-03-26T14:41:21.421+0000: 403.129: [GC (Allocation Failure) 2018-03-26T14:41:21.421+0000: 403.129: [DefNew: 144173K->6626K(153600K), 0.0183374 secs] 315561K->181502K(494976K), 0.0184220 secs] [Times: user=0.01 sys=0.01, real=0.02 secs] 
2018-03-26T14:41:26.413+0000: 408.122: [GC (Allocation Failure) 2018-03-26T14:41:26.413+0000: 408.122: [DefNew: 134861K->8120K(153600K), 0.0122482 secs] 309737K->182995K(494976K), 0.0123317 secs] [Times: user=0.01 sys=0.00, real=0.01 secs] 
2018-03-26T14:41:31.305+0000: 413.013: [GC (Allocation Failure) 2018-03-26T14:41:31.305+0000: 413.013: [DefNew: 144696K->9554K(153600K), 0.0264273 secs] 319571K->184430K(494976K), 0.0265011 secs] [Times: user=0.02 sys=0.00, real=0.03 secs] 
2018-03-26T14:41:35.426+0000: 417.134: [GC (Allocation Failure) 2018-03-26T14:41:35.426+0000: 417.134: [DefNew: 145809K->8407K(153600K), 0.0163621 secs] 320685K->185282K(494976K), 0.0164516 secs] [Times: user=0.02 sys=0.00, real=0.01 secs] 
2018-03-26T14:41:40.442+0000: 422.150: [GC (Allocation Failure) 2018-03-26T14:41:40.442+0000: 422.150: [DefNew: 143975K->9089K(153600K), 0.0131577 secs] 320850K->185964K(494976K), 0.0132400 secs] [Times: user=0.02 sys=0.00, real=0.02 secs] 
2018-03-26T14:41:45.384+0000: 427.093: [GC (Allocation Failure) 2018-03-26T14:41:45.384+0000: 427.093: [DefNew: 145665K->13191K(153600K), 0.0222101 secs] 322540K->190807K(494976K), 0.0222944 secs] [Times: user=0.02 sys=0.00, real=0.03 secs] 
2018-03-26T14:41:50.223+0000: 431.932: [GC (Allocation Failure) 2018-03-26T14:41:50.223+0000: 431.932: [DefNew: 149767K->7335K(153600K), 0.0162752 secs] 327383K->188429K(494976K), 0.0163597 secs] [Times: user=0.01 sys=0.00, real=0.02 secs] 
2018-03-26T14:41:54.485+0000: 436.193: [GC (Allocation Failure) 2018-03-26T14:41:54.485+0000: 436.193: [DefNew: 143911K->8276K(153600K), 0.0173534 secs] 325005K->189369K(494976K), 0.0174243 secs] [Times: user=0.01 sys=0.00, real=0.02 secs] 
2018-03-26T14:41:59.431+0000: 441.139: [GC (Allocation Failure) 2018-03-26T14:41:59.431+0000: 441.139: [DefNew: 137947K->9581K(153600K), 0.0140694 secs] 319041K->190675K(494976K), 0.0141459 secs] [Times: user=0.01 sys=0.00, real=0.02 secs] 
2018-03-26T14:42:03.425+0000: 445.133: [GC (Allocation Failure) 2018-03-26T14:42:03.425+0000: 445.133: [DefNew: 135623K->9789K(153600K), 0.0156619 secs] 316716K->191883K(494976K), 0.0157469 secs] [Times: user=0.02 sys=0.00, real=0.02 secs] 
2018-03-26T14:42:08.428+0000: 450.136: [GC (Allocation Failure) 2018-03-26T14:42:08.428+0000: 450.136: [DefNew: 139180K->8401K(153600K), 0.0153844 secs] 321274K->192606K(494976K), 0.0154721 secs] [Times: user=0.02 sys=0.00, real=0.01 secs] 
2018-03-26T14:42:13.538+0000: 455.247: [GC (Allocation Failure) 2018-03-26T14:42:13.538+0000: 455.247: [DefNew: 144801K->9396K(153600K), 0.0238000 secs] 329007K->193602K(494976K), 0.0238761 secs] [Times: user=0.02 sys=0.00, real=0.02 secs] 
2018-03-26T14:42:18.395+0000: 460.103: [GC (Allocation Failure) 2018-03-26T14:42:18.395+0000: 460.103: [DefNew: 145972K->12518K(153600K), 0.0201171 secs] 330178K->197838K(494976K), 0.0201970 secs] [Times: user=0.02 sys=0.00, real=0.02 secs] 
2018-03-26T14:42:22.808+0000: 464.516: [GC (Allocation Failure) 2018-03-26T14:42:22.808+0000: 464.516: [DefNew: 149094K->7057K(153600K), 0.0167651 secs] 334414K->195656K(494976K), 0.0168469 secs] [Times: user=0.01 sys=0.00, real=0.01 secs] 
2018-03-26T14:42:27.425+0000: 469.134: [GC (Allocation Failure) 2018-03-26T14:42:27.425+0000: 469.134: [DefNew: 142548K->8518K(153600K), 0.0129283 secs] 331148K->197117K(494976K), 0.0130059 secs] [Times: user=0.01 sys=0.00, real=0.01 secs] 
2018-03-26T14:42:32.348+0000: 474.057: [GC (Allocation Failure) 2018-03-26T14:42:32.349+0000: 474.057: [DefNew: 145094K->11742K(153600K), 0.0191376 secs] 333693K->201346K(494976K), 0.0192229 secs] [Times: user=0.02 sys=0.00, real=0.02 secs] 
2018-03-26T14:42:37.554+0000: 479.262: [GC (Allocation Failure) 2018-03-26T14:42:37.554+0000: 479.262: [DefNew: 142177K->5938K(153600K), 0.0330905 secs] 331781K->198991K(494976K), 0.0331727 secs] [Times: user=0.03 sys=0.01, real=0.03 secs] 
2018-03-26T14:42:41.436+0000: 483.144: [GC (Allocation Failure) 2018-03-26T14:42:41.436+0000: 483.144: [DefNew: 133458K->7825K(153600K), 0.0117972 secs] 326511K->200879K(494976K), 0.0118759 secs] [Times: user=0.01 sys=0.00, real=0.01 secs] 
2018-03-26T14:42:45.777+0000: 487.485: [GC (Allocation Failure) 2018-03-26T14:42:45.777+0000: 487.485: [DefNew: 144401K->9452K(153600K), 0.0134541 secs] 337455K->202506K(494976K), 0.0135333 secs] [Times: user=0.01 sys=0.00, real=0.01 secs] 
2018-03-26T14:42:50.076+0000: 491.784: [GC (Allocation Failure) 2018-03-26T14:42:50.076+0000: 491.784: [DefNew: 146028K->9494K(153600K), 0.0157869 secs] 339082K->203466K(494976K), 0.0158695 secs] [Times: user=0.02 sys=0.00, real=0.01 secs] 
2018-03-26T14:42:54.840+0000: 496.549: [GC (Allocation Failure) 2018-03-26T14:42:54.840+0000: 496.549: [DefNew: 146070K->8151K(153600K), 0.0290293 secs] 340042K->204001K(494976K), 0.0291024 secs] [Times: user=0.03 sys=0.00, real=0.03 secs] 
2018-03-26T14:42:59.159+0000: 500.867: [GC (Allocation Failure) 2018-03-26T14:42:59.159+0000: 500.867: [DefNew: 144727K->11028K(153600K), 0.0163140 secs] 340577K->206878K(494976K), 0.0164239 secs] [Times: user=0.02 sys=0.00, real=0.02 secs] 
2018-03-26T14:43:03.441+0000: 505.149: [GC (Allocation Failure) 2018-03-26T14:43:03.441+0000: 505.149: [DefNew: 136572K->8909K(153600K), 0.0152390 secs] 332422K->206826K(494976K), 0.0153243 secs] [Times: user=0.02 sys=0.00, real=0.02 secs] 
2018-03-26T14:43:08.351+0000: 510.059: [GC (Allocation Failure) 2018-03-26T14:43:08.351+0000: 510.059: [DefNew: 145485K->12335K(153600K), 0.0199348 secs] 343402K->211284K(494976K), 0.0200277 secs] [Times: user=0.02 sys=0.00, real=0.02 secs] 
2018-03-26T14:43:13.364+0000: 515.072: [GC (Allocation Failure) 2018-03-26T14:43:13.364+0000: 515.072: [DefNew: 148721K->8908K(153600K), 0.0346183 secs] 347671K->211760K(494976K), 0.0347003 secs] [Times: user=0.03 sys=0.00, real=0.04 secs] 
2018-03-26T14:43:17.448+0000: 519.156: [GC (Allocation Failure) 2018-03-26T14:43:17.448+0000: 519.156: [DefNew: 137971K->6804K(153600K), 0.0138893 secs] 340823K->211207K(494976K), 0.0139722 secs] [Times: user=0.01 sys=0.00, real=0.01 secs] 
2018-03-26T14:43:21.431+0000: 523.140: [GC (Allocation Failure) 2018-03-26T14:43:21.431+0000: 523.140: [DefNew: 135716K->8996K(153600K), 0.0127751 secs] 340119K->213399K(494976K), 0.0128534 secs] [Times: user=0.01 sys=0.00, real=0.01 secs] 
2018-03-26T14:43:25.636+0000: 527.345: [GC (Allocation Failure) 2018-03-26T14:43:25.636+0000: 527.345: [DefNew: 145572K->8806K(153600K), 0.0137819 secs] 349975K->214376K(494976K), 0.0138628 secs] [Times: user=0.01 sys=0.00, real=0.01 secs] 
14:43:29.785 [Client] INFO  c.s.f.r.e.s.SocketRear  - FlameSocketGraphDeployerRear@10.0.0.197: has been disconnected from Connection 7
2018-03-26T14:43:30.434+0000: 532.143: [GC (Allocation Failure) 2018-03-26T14:43:30.434+0000: 532.143: [DefNew: 145382K->12143K(153600K), 0.0211526 secs] 350952K->219155K(494976K), 0.0212336 secs] [Times: user=0.02 sys=0.00, real=0.02 secs] 
14:43:41.916 [worker-akka.actor.default-dispatcher-12] INFO  a.a.CoordinatedShutdown CoordinatedShutdown(akka://worker) - Starting coordinated shutdown from JVM shutdown hook
14:43:41.939 [worker-akka.actor.default-dispatcher-5] INFO  a.a.LocalActorRef akka://worker/user/watcher/graph/negotiator - Stopped
14:43:41.939 [worker-akka.actor.default-dispatcher-5] INFO  a.a.LocalActorRef akka://worker/user/watcher/graph/edge/FlameSocketGraphDeployerFront - Stopped
14:43:41.939 [worker-akka.actor.default-dispatcher-5] INFO  a.a.LocalActorRef akka://worker/user/watcher/graph/edge/FlameSocketGraphDeployerRear - Stopped
14:43:41.944 [worker-akka.actor.default-dispatcher-15] INFO  a.a.LocalActorRef akka://worker/user/watcher/graph/graph/$a - Stopped
14:43:41.944 [worker-akka.actor.default-dispatcher-15] INFO  a.a.LocalActorRef akka://worker/user/watcher/graph/graph/$b - Stopped
14:43:41.944 [worker-akka.actor.default-dispatcher-15] INFO  a.a.LocalActorRef akka://worker/user/watcher/graph/graph/$c - Stopped
14:43:41.945 [worker-akka.actor.default-dispatcher-15] INFO  a.a.LocalActorRef akka://worker/user/watcher/graph/graph/local-acker/$a - Stopped
14:43:41.947 [worker-akka.actor.default-dispatcher-10] INFO  a.a.LocalActorRef akka://worker/user/watcher/graph/graph/local-acker - Stopped
14:43:41.947 [worker-akka.actor.default-dispatcher-10] INFO  a.a.LocalActorRef akka://worker/user/watcher/graph/graph - Stopped
14:43:41.949 [worker-akka.actor.default-dispatcher-15] INFO  a.a.LocalActorRef akka://worker/user/watcher/graph/graph/local-acker/$a - Message [com.spbsu.flamestream.runtime.utils.akka.PingActor$InnerPing] from Actor[akka://worker/user/watcher/graph/graph/local-acker/$a#-103737908] to Actor[akka://worker/user/watcher/graph/graph/local-acker/$a#-103737908] was not delivered. [1] dead letters encountered. This logging can be turned off or adjusted with configuration settings 'akka.log-dead-letters' and 'akka.log-dead-letters-during-shutdown'.
14:43:41.950 [worker-akka.actor.default-dispatcher-3] INFO  a.a.LocalActorRef akka://worker/user/watcher/graph/graph/local-acker/$a - Message [com.spbsu.flamestream.runtime.utils.akka.PingActor$Stop] from Actor[akka://worker/user/watcher/graph/graph/local-acker#-1804278467] to Actor[akka://worker/user/watcher/graph/graph/local-acker/$a#-103737908] was not delivered. [2] dead letters encountered. This logging can be turned off or adjusted with configuration settings 'akka.log-dead-letters' and 'akka.log-dead-letters-during-shutdown'.
14:43:41.951 [worker-akka.actor.default-dispatcher-11] INFO  a.a.LocalActorRef akka://worker/user/watcher/graph/edge - Stopped
14:43:41.951 [worker-akka.actor.default-dispatcher-17] INFO  a.a.LocalActorRef akka://worker/user/watcher/graph - Stopped
14:43:41.952 [worker-akka.actor.default-dispatcher-3] INFO  a.a.RepointableActorRef akka://worker/user/watcher - Stopped
14:43:41.957 [worker-akka.actor.default-dispatcher-2-EventThread] INFO  o.a.z.ClientCnxn  - EventThread shut down for session: 0x16262bac549000b
14:43:41.958 [worker-akka.actor.default-dispatcher-12] INFO  o.a.z.ZooKeeper  - Session: 0x16262bac549000b closed
14:43:41.971 [worker-akka.actor.default-dispatcher-12] INFO  a.r.RemoteActorRefProvider$RemotingTerminator akka://worker@10.0.0.197:5412/system/remoting-terminator - Shutting down remote daemon.
14:43:41.973 [worker-akka.actor.default-dispatcher-12] INFO  a.r.RemoteActorRefProvider$RemotingTerminator akka://worker@10.0.0.197:5412/system/remoting-terminator - Remote daemon shut down; proceeding with flushing remote transports.
14:43:43.109 [worker-akka.actor.default-dispatcher-11] INFO  a.r.RemoteActorRefProvider$RemotingTerminator akka://worker@10.0.0.197:5412/system/remoting-terminator - Remoting shut down.
Heap
 def new generation   total 153600K, used 39665K [0x00000000e0c00000, 0x00000000eb2a0000, 0x00000000eb2a0000)
  eden space 136576K,  20% used [0x00000000e0c00000, 0x00000000e26e08d8, 0x00000000e9160000)
  from space 17024K,  71% used [0x00000000ea200000, 0x00000000eaddbca8, 0x00000000eb2a0000)
  to   space 17024K,   0% used [0x00000000e9160000, 0x00000000e9160000, 0x00000000ea200000)
 tenured generation   total 341376K, used 207012K [0x00000000eb2a0000, 0x0000000100000000, 0x0000000100000000)
   the space 341376K,  60% used [0x00000000eb2a0000, 0x00000000f7cc9218, 0x00000000f7cc9400, 0x0000000100000000)
 Metaspace       used 34061K, capacity 34970K, committed 35200K, reserved 1079296K
  class space    used 4480K, capacity 4668K, committed 4736K, reserved 1048576K
