17:02:03,296 |-INFO in ch.qos.logback.classic.LoggerContext[default] - Could NOT find resource [logback-test.xml]
17:02:03,297 |-INFO in ch.qos.logback.classic.LoggerContext[default] - Could NOT find resource [logback.groovy]
17:02:03,297 |-INFO in ch.qos.logback.classic.LoggerContext[default] - Found resource [logback.xml] at [jar:file:/opt/flamestream/lib/flamestream-runtime-1.0-SNAPSHOT.jar!/logback.xml]
17:02:03,297 |-WARN in ch.qos.logback.classic.LoggerContext[default] - Resource [logback.xml] occurs multiple times on the classpath.
17:02:03,297 |-WARN in ch.qos.logback.classic.LoggerContext[default] - Resource [logback.xml] occurs at [jar:file:/opt/flamestream/flamestream-runtime-1.0-SNAPSHOT.jar!/logback.xml]
17:02:03,297 |-WARN in ch.qos.logback.classic.LoggerContext[default] - Resource [logback.xml] occurs at [jar:file:/opt/flamestream/lib/flamestream-runtime-1.0-SNAPSHOT.jar!/logback.xml]
17:02:03,317 |-INFO in ch.qos.logback.core.joran.spi.ConfigurationWatchList@69b794e2 - URL [jar:file:/opt/flamestream/lib/flamestream-runtime-1.0-SNAPSHOT.jar!/logback.xml] is not of type file
17:02:03,395 |-INFO in ch.qos.logback.classic.joran.action.ConfigurationAction - debug attribute not set
17:02:03,395 |-INFO in ch.qos.logback.core.joran.action.AppenderAction - About to instantiate appender of type [ch.qos.logback.core.ConsoleAppender]
17:02:03,407 |-INFO in ch.qos.logback.core.joran.action.AppenderAction - Naming appender as [STDOUT]
17:02:03,414 |-INFO in ch.qos.logback.core.joran.action.NestedComplexPropertyIA - Assuming default type [ch.qos.logback.classic.encoder.PatternLayoutEncoder] for [encoder] property
17:02:03,452 |-INFO in ch.qos.logback.core.joran.action.AppenderAction - About to instantiate appender of type [ch.qos.logback.core.rolling.RollingFileAppender]
17:02:03,458 |-INFO in ch.qos.logback.core.joran.action.AppenderAction - Naming appender as [FILE]
17:02:03,474 |-INFO in c.q.l.core.rolling.TimeBasedRollingPolicy@1059063940 - No compression will be used
17:02:03,475 |-INFO in c.q.l.core.rolling.TimeBasedRollingPolicy@1059063940 - Will use the pattern /tmp/application_%d{yyyy-MM-dd}.%i.log for the active file
17:02:03,480 |-INFO in ch.qos.logback.core.rolling.SizeAndTimeBasedFNATP@4d339552 - The date pattern is 'yyyy-MM-dd' from file name pattern '/tmp/application_%d{yyyy-MM-dd}.%i.log'.
17:02:03,480 |-INFO in ch.qos.logback.core.rolling.SizeAndTimeBasedFNATP@4d339552 - Roll-over at midnight.
17:02:03,484 |-INFO in ch.qos.logback.core.rolling.SizeAndTimeBasedFNATP@4d339552 - Setting initial period to Thu Mar 22 17:00:20 UTC 2018
17:02:03,484 |-WARN in ch.qos.logback.core.rolling.SizeAndTimeBasedFNATP@4d339552 - SizeAndTimeBasedFNATP is deprecated. Use SizeAndTimeBasedRollingPolicy instead
17:02:03,484 |-WARN in ch.qos.logback.core.rolling.SizeAndTimeBasedFNATP@4d339552 - For more information see http://logback.qos.ch/manual/appenders.html#SizeAndTimeBasedRollingPolicy
17:02:03,488 |-INFO in ch.qos.logback.core.joran.action.NestedComplexPropertyIA - Assuming default type [ch.qos.logback.classic.encoder.PatternLayoutEncoder] for [encoder] property
17:02:03,493 |-INFO in ch.qos.logback.core.rolling.RollingFileAppender[FILE] - Active log file name: /tmp/application.log
17:02:03,493 |-INFO in ch.qos.logback.core.rolling.RollingFileAppender[FILE] - File property is set to [/tmp/application.log]
17:02:03,494 |-INFO in ch.qos.logback.classic.joran.action.RootLoggerAction - Setting level of ROOT logger to INFO
17:02:03,495 |-INFO in ch.qos.logback.core.joran.action.AppenderRefAction - Attaching appender named [STDOUT] to Logger[ROOT]
17:02:03,495 |-INFO in ch.qos.logback.core.joran.action.AppenderRefAction - Attaching appender named [FILE] to Logger[ROOT]
17:02:03,495 |-INFO in ch.qos.logback.classic.joran.action.ConfigurationAction - End of configuration.
17:02:03,496 |-INFO in ch.qos.logback.classic.joran.JoranConfigurator@f0f2775 - Registering current configuration as safe fallback point

17:02:03.499 [main] INFO  c.s.f.r.a.WorkerApplication  - Starting worker with id: '10.0.0.14', host: '10.0.0.14:5412', zkString: '10.0.0.101:2181'
17:02:04.371 [worker-akka.actor.default-dispatcher-6] INFO  a.e.s.Slf4jLogger  - Slf4jLogger started
2018-03-22T17:02:04.514+0000: 1.792: [Full GC (Metadata GC Threshold) 2018-03-22T17:02:04.514+0000: 1.792: [Tenured: 0K->15856K(341376K), 0.0394699 secs] 134103K->15856K(494976K), [Metaspace: 20893K->20893K(1067008K)], 0.0395389 secs] [Times: user=0.04 sys=0.00, real=0.04 secs] 
Ama winner
Ama winner
17:02:04.952 [worker-akka.actor.default-dispatcher-6] INFO  a.r.a.ArteryTransport(akka://worker) akka.remote.artery.ArteryTransport(akka://worker) - Started embedded media driver in directory [/dev/shm/aeron-root-worker-0ee18259-3fb9-48ce-bdcc-e0b271e8beab]
17:02:05.171 [worker-akka.actor.default-dispatcher-6] INFO  a.r.a.ArteryTransport(akka://worker) akka.remote.artery.ArteryTransport(akka://worker) - Remoting started; listening on address: [akka://worker@10.0.0.14:5412] with UID [-3905127285332194654]
17:02:05.256 [worker-akka.actor.default-dispatcher-6] INFO  a.a.RepointableActorRef akka://worker/user/watcher - Starting...
17:02:05.279 [worker-akka.actor.default-dispatcher-2] INFO  o.a.z.ZooKeeper  - Client environment:zookeeper.version=3.4.9-1757313, built on 08/23/2016 06:50 GMT
17:02:05.280 [worker-akka.actor.default-dispatcher-2] INFO  o.a.z.ZooKeeper  - Client environment:host.name=localhost
17:02:05.280 [worker-akka.actor.default-dispatcher-2] INFO  o.a.z.ZooKeeper  - Client environment:java.version=1.8.0_151
17:02:05.280 [worker-akka.actor.default-dispatcher-2] INFO  o.a.z.ZooKeeper  - Client environment:java.vendor=Oracle Corporation
17:02:05.280 [worker-akka.actor.default-dispatcher-2] INFO  o.a.z.ZooKeeper  - Client environment:java.home=/usr/lib/jvm/java-8-openjdk-amd64/jre
17:02:05.280 [worker-akka.actor.default-dispatcher-2] INFO  o.a.z.ZooKeeper  - Client environment:java.class.path=lib/commons-cli-1.4.jar:lib/minlog-1.3.0.jar:lib/asm-5.0.4.jar:lib/hadoop-annotations-2.7.3.jar:lib/hadoop-auth-2.7.3.jar:lib/akka-slf4j_2.11-2.5.6.jar:lib/jersey-core-1.9.jar:lib/lz4-1.3.0.jar:lib/jackson-core-asl-1.9.13.jar:lib/aeron-client-1.3.0.jar:lib/htrace-core-3.1.0-incubating.jar:lib/xz-1.0.jar:lib/commons-httpclient-3.1.jar:lib/asm-3.1.jar:lib/commons-lang3-3.4.jar:lib/scala-library-2.11.11.jar:lib/scala-java8-compat_2.11-0.7.0.jar:lib/commons-configuration-1.6.jar:lib/objenesis-2.1.jar:lib/jackson-annotations-2.8.0.jar:lib/jsr305-3.0.0.jar:lib/curator-framework-2.7.1.jar:lib/jersey-server-1.9.jar:lib/jets3t-0.9.0.jar:lib/leveldb-0.7.jar:lib/jetty-6.1.26.jar:lib/stax-api-1.0-2.jar:lib/flamestream-core-1.0-SNAPSHOT.jar:lib/reflectasm-1.07-shaded.jar:lib/apacheds-kerberos-codec-2.0.0-M15.jar:lib/api-asn1-api-1.0.0-M20.jar:lib/commons-lang-2.6.jar:lib/commons-beanutils-1.7.0.jar:lib/jackson-xc-1.8.3.jar:lib/jetty-util-6.1.26.jar:lib/logback-classic-1.2.3.jar:lib/jool-0.9.12.jar:lib/httpcore-4.1.2.jar:lib/kryo-4.0.0.jar:lib/ant-1.8.1.jar:lib/jaxb-impl-2.2.3-1.jar:lib/jersey-json-1.9.jar:lib/commons-compress-1.4.1.jar:lib/leveldbjni-all-1.8.jar:lib/paranamer-2.3.jar:lib/jackson-core-2.8.4.jar:lib/commons-math3-3.6.1.jar:lib/scala-parser-combinators_2.11-1.0.4.jar:lib/netty-3.10.6.Final.jar:lib/trove4j-3.0.3.jar:lib/jaxb-api-2.2.2.jar:lib/logback-core-1.2.3.jar:lib/snappy-java-1.0.4.1.jar:lib/protobuf-java-2.5.0.jar:lib/reactive-streams-1.0.1.jar:lib/flamestream-examples-1.0-SNAPSHOT.jar:lib/commons-codec-1.4.jar:lib/activation-1.1.jar:lib/commons-net-3.1.jar:lib/curator-recipes-2.7.1.jar:lib/jackson-mapper-asl-1.9.13.jar:lib/jackson-databind-2.8.4.jar:lib/flamestream-runtime-1.0-SNAPSHOT.jar:lib/jackson-jaxrs-1.8.3.jar:lib/slf4j-api-1.7.24.jar:lib/akka-remote_2.11-2.5.6.jar:lib/akka-testkit_2.11-2.5.6.jar:lib/jline-0.9.94.jar:lib/jedis-2.9.0.jar:lib/akka-stream_2.11-2.5.6.jar:lib/jsp-api-2.1.jar:lib/kryonet-2.21.jar:lib/akka-kryo-serialization_2.11-0.5.0.jar:lib/config-1.3.1.jar:lib/ant-launcher-1.8.1.jar:lib/commons-logging-1.2.jar:lib/ssl-config-core_2.11-0.2.2.jar:lib/testng-6.10.jar:lib/leveldb-api-0.7.jar:lib/reflectasm-1.11.3.jar:lib/jcommander-1.48.jar:lib/commons-1.1.jar:lib/commons-digester-1.8.jar:lib/minlog-1.2.jar:lib/java-xmlbuilder-0.4.jar:lib/jettison-1.1.jar:lib/gson-2.2.4.jar:lib/jdk.tools-1.8.jar:lib/aeron-driver-1.3.0.jar:lib/zookeeper-3.4.9.jar:lib/commons-beanutils-core-1.8.0.jar:lib/commons-math3-3.1.1.jar:lib/akka-actor_2.11-2.5.6.jar:lib/curator-client-2.7.1.jar:lib/servlet-api-2.5.jar:lib/commons-pool2-2.4.2.jar:lib/apacheds-i18n-2.0.0-M15.jar:lib/commons-io-2.4.jar:lib/commons-codec-1.6.jar:lib/akka-protobuf_2.11-2.5.6.jar:lib/jdom-2.0.2.jar:lib/rocksdbjni-5.5.1.jar:lib/api-util-1.0.0-M20.jar:lib/hadoop-common-2.7.3.jar:lib/agrona-0.9.6.jar:lib/xmlenc-0.52.jar:lib/guava-21.0.jar:lib/commons-collections-3.2.2.jar:lib/avro-1.7.4.jar:lib/httpclient-4.1.2.jar:lib/flamestream-core-1.0-SNAPSHOT-tests.jar:lib/annotations-12.0.jar:lib/jsch-0.1.42.jar:flamestream-runtime-1.0-SNAPSHOT.jar
17:02:05.280 [worker-akka.actor.default-dispatcher-2] INFO  o.a.z.ZooKeeper  - Client environment:java.library.path=/usr/java/packages/lib/amd64:/usr/lib/x86_64-linux-gnu/jni:/lib/x86_64-linux-gnu:/usr/lib/x86_64-linux-gnu:/usr/lib/jni:/lib:/usr/lib
17:02:05.280 [worker-akka.actor.default-dispatcher-2] INFO  o.a.z.ZooKeeper  - Client environment:java.io.tmpdir=/tmp
17:02:05.280 [worker-akka.actor.default-dispatcher-2] INFO  o.a.z.ZooKeeper  - Client environment:java.compiler=<NA>
17:02:05.282 [worker-akka.actor.default-dispatcher-2] INFO  o.a.z.ZooKeeper  - Client environment:os.name=Linux
17:02:05.282 [worker-akka.actor.default-dispatcher-2] INFO  o.a.z.ZooKeeper  - Client environment:os.arch=amd64
17:02:05.284 [worker-akka.actor.default-dispatcher-2] INFO  o.a.z.ZooKeeper  - Client environment:os.version=4.4.0-1049-aws
17:02:05.284 [worker-akka.actor.default-dispatcher-2] INFO  o.a.z.ZooKeeper  - Client environment:user.name=root
17:02:05.284 [worker-akka.actor.default-dispatcher-2] INFO  o.a.z.ZooKeeper  - Client environment:user.home=/root
17:02:05.284 [worker-akka.actor.default-dispatcher-2] INFO  o.a.z.ZooKeeper  - Client environment:user.dir=/opt/flamestream
17:02:05.287 [worker-akka.actor.default-dispatcher-2] INFO  o.a.z.ZooKeeper  - Initiating client connection, connectString=10.0.0.101:2181 sessionTimeout=5000 watcher=com.spbsu.flamestream.runtime.application.LifecycleWatcher$$Lambda$29/226179436@42600680
17:02:05.323 [worker-akka.actor.default-dispatcher-6] INFO  a.a.RepointableActorRef akka://worker/user/watcher - Initializing rocksDB backend
17:02:05.323 [worker-akka.actor.default-dispatcher-2-SendThread(10.0.0.101:2181)] INFO  o.a.z.ClientCnxn  - Opening socket connection to server 10.0.0.101/10.0.0.101:2181. Will not attempt to authenticate using SASL (unknown error)
17:02:05.333 [worker-akka.actor.default-dispatcher-2-SendThread(10.0.0.101:2181)] INFO  o.a.z.ClientCnxn  - Socket connection established to 10.0.0.101/10.0.0.101:2181, initiating session
17:02:05.350 [worker-akka.actor.default-dispatcher-2-SendThread(10.0.0.101:2181)] INFO  o.a.z.ClientCnxn  - Session establishment complete on server 10.0.0.101/10.0.0.101:2181, sessionid = 0x1624ea83f700006, negotiated timeout = 6000
17:02:05.513 [worker-akka.actor.default-dispatcher-6] INFO  a.a.RepointableActorRef akka://worker/user/watcher - Connected to ZK
17:02:13.246 [worker-akka.actor.default-dispatcher-6] INFO  a.a.RepointableActorRef akka://worker/user/watcher - Creating node with watchGraphs: 'com.spbsu.flamestream.core.Graph$Builder$MyGraph@712dab43', config: 'ClusterConfig{paths={10.0.0.62=akka://worker@10.0.0.62:5412/user/watcher/graph, 10.0.0.92=akka://worker@10.0.0.92:5412/user/watcher/graph, 10.0.0.19=akka://worker@10.0.0.19:5412/user/watcher/graph, 10.0.0.224=akka://worker@10.0.0.224:5412/user/watcher/graph, 10.0.0.16=akka://worker@10.0.0.16:5412/user/watcher/graph, 10.0.0.14=akka://worker@10.0.0.14:5412/user/watcher/graph, 10.0.0.45=akka://worker@10.0.0.45:5412/user/watcher/graph, 10.0.0.41=akka://worker@10.0.0.41:5412/user/watcher/graph, 10.0.0.52=akka://worker@10.0.0.52:5412/user/watcher/graph, 10.0.0.63=akka://worker@10.0.0.63:5412/user/watcher/graph}, ackerLocation='10.0.0.41', props=ComputationLayout{hashGroups={10.0.0.62=com.spbsu.flamestream.runtime.config.HashGroup@1ffe1b9d, 10.0.0.92=com.spbsu.flamestream.runtime.config.HashGroup@5d5c21bc, 10.0.0.19=com.spbsu.flamestream.runtime.config.HashGroup@56dcaf5d, 10.0.0.224=com.spbsu.flamestream.runtime.config.HashGroup@c65a7748, 10.0.0.16=com.spbsu.flamestream.runtime.config.HashGroup@231425fe, 10.0.0.14=com.spbsu.flamestream.runtime.config.HashGroup@fbc82752, 10.0.0.45=com.spbsu.flamestream.runtime.config.HashGroup@ccbcd570, 10.0.0.41=com.spbsu.flamestream.runtime.config.HashGroup@c01f, 10.0.0.52=com.spbsu.flamestream.runtime.config.HashGroup@4276a447, 10.0.0.63=com.spbsu.flamestream.runtime.config.HashGroup@3fc198ed}}}'
17:02:14.152 [worker-akka.actor.default-dispatcher-2] INFO  a.a.LocalActorRef akka://worker/user/watcher/graph/graph - Starting...
17:02:14.161 [worker-akka.actor.default-dispatcher-3] INFO  a.a.LocalActorRef akka://worker/user/watcher/graph/graph/local-acker/$a - Starting...
17:02:14.172 [worker-akka.actor.default-dispatcher-7] INFO  a.a.LocalActorRef akka://worker/user/watcher/graph/graph/local-acker - Starting...
17:02:15.153 [worker-akka.actor.default-dispatcher-7] INFO  a.a.LocalActorRef akka://worker/user/watcher/graph/graph - Finishing constructor
17:02:15.153 [worker-akka.actor.default-dispatcher-7] INFO  a.a.LocalActorRef akka://worker/user/watcher/graph/negotiator - Starting...
17:02:15.159 [worker-akka.actor.default-dispatcher-2] INFO  a.a.LocalActorRef akka://worker/user/watcher/graph/edge - Starting...
17:02:15.160 [worker-akka.actor.default-dispatcher-3] INFO  a.a.LocalActorRef akka://worker/user/watcher/graph - Starting...
17:02:15.189 [worker-akka.actor.default-dispatcher-4] INFO  a.a.LocalActorRef akka://worker/user/watcher/graph/negotiator - Requesting ticket for the frontClass FlameSocketGraphDeployerFront@10.0.0.14
17:02:15.222 [worker-akka.actor.default-dispatcher-12] INFO  a.a.LocalActorRef akka://worker/user/watcher/graph/graph - Received last commit 'LastCommit{globalTime=(0000000, min@min)}'
17:02:15.233 [worker-akka.actor.default-dispatcher-2] INFO  c.s.f.r.e.s.SocketRear  - FlameSocketGraphDeployerRear@10.0.0.14: connecting to 10.0.0.101:5678
17:02:15.248 [worker-akka.actor.default-dispatcher-7] INFO  a.a.LocalActorRef akka://worker/user/watcher/graph/edge/FlameSocketGraphDeployerFront - Starting...
17:02:15.249 [worker-akka.actor.default-dispatcher-2] INFO  c.s.f.r.e.s.SocketRear  - FlameSocketGraphDeployerRear@10.0.0.14: connected to 10.0.0.101:5678
17:02:15.250 [worker-akka.actor.default-dispatcher-2] INFO  a.a.LocalActorRef akka://worker/user/watcher/graph/edge/FlameSocketGraphDeployerRear - Starting...
17:02:15.298 [worker-akka.actor.default-dispatcher-12] INFO  a.a.LocalActorRef akka://worker/user/watcher/graph/graph/$a - Starting...
17:02:15.316 [worker-akka.actor.default-dispatcher-12] INFO  a.a.LocalActorRef akka://worker/user/watcher/graph/graph/$b - Starting...
17:02:15.348 [worker-akka.actor.default-dispatcher-12] INFO  a.a.LocalActorRef akka://worker/user/watcher/graph/graph/$b - Attached rear to graph (-9223372036854775808, min@min)
17:02:15.352 [worker-akka.actor.default-dispatcher-12] INFO  a.a.LocalActorRef akka://worker/user/watcher/graph/graph/$c - Starting...
17:02:15.607 [worker-akka.actor.default-dispatcher-12] INFO  a.a.LocalActorRef akka://worker/user/watcher/graph/negotiator - Ticket for the frontClass received: FrontTicket{allowedTimestamp=(0000000, FlameSocketGraphDeployerFront@10.0.0.14)}
17:02:15.608 [worker-akka.actor.default-dispatcher-12] INFO  c.s.f.r.e.s.SocketFront  - FlameSocketGraphDeployerFront@10.0.0.14: connecting to 10.0.0.101:4567
17:02:15.641 [Client] INFO  c.s.f.r.e.s.SocketFront  - FlameSocketGraphDeployerFront@10.0.0.14 has been disconnected from Connection 8
2018-03-22T17:02:19.796+0000: 17.074: [GC (Allocation Failure) 2018-03-22T17:02:19.796+0000: 17.074: [DefNew: 136576K->15775K(153600K), 0.0370498 secs] 152432K->51162K(494976K), 0.0371198 secs] [Times: user=0.03 sys=0.01, real=0.03 secs] 
2018-03-22T17:02:30.179+0000: 27.457: [GC (Allocation Failure) 2018-03-22T17:02:30.179+0000: 27.457: [DefNew: 152351K->6088K(153600K), 0.0192842 secs] 187738K->49553K(494976K), 0.0193554 secs] [Times: user=0.02 sys=0.00, real=0.02 secs] 
2018-03-22T17:02:40.818+0000: 38.096: [GC (Allocation Failure) 2018-03-22T17:02:40.818+0000: 38.096: [DefNew: 142664K->10345K(153600K), 0.0141836 secs] 186129K->53811K(494976K), 0.0142536 secs] [Times: user=0.01 sys=0.00, real=0.01 secs] 
2018-03-22T17:02:48.694+0000: 45.973: [GC (Allocation Failure) 2018-03-22T17:02:48.694+0000: 45.973: [DefNew: 146921K->9513K(153600K), 0.0178143 secs] 190387K->55238K(494976K), 0.0178971 secs] [Times: user=0.02 sys=0.00, real=0.02 secs] 
2018-03-22T17:02:58.193+0000: 55.472: [GC (Allocation Failure) 2018-03-22T17:02:58.193+0000: 55.472: [DefNew: 146089K->5692K(153600K), 0.0159373 secs] 191814K->57010K(494976K), 0.0160072 secs] [Times: user=0.02 sys=0.00, real=0.02 secs] 
2018-03-22T17:03:05.220+0000: 62.498: [GC (Allocation Failure) 2018-03-22T17:03:05.220+0000: 62.498: [DefNew: 142268K->15181K(153600K), 0.0161556 secs] 193586K->66499K(494976K), 0.0162253 secs] [Times: user=0.01 sys=0.00, real=0.02 secs] 
2018-03-22T17:03:11.841+0000: 69.119: [GC (Allocation Failure) 2018-03-22T17:03:11.841+0000: 69.119: [DefNew: 150833K->4977K(153600K), 0.0206133 secs] 202151K->69009K(494976K), 0.0206873 secs] [Times: user=0.02 sys=0.00, real=0.02 secs] 
2018-03-22T17:03:19.324+0000: 76.602: [GC (Allocation Failure) 2018-03-22T17:03:19.324+0000: 76.602: [DefNew: 141553K->6356K(153600K), 0.0141780 secs] 205585K->70388K(494976K), 0.0142536 secs] [Times: user=0.02 sys=0.00, real=0.02 secs] 
2018-03-22T17:03:25.847+0000: 83.126: [GC (Allocation Failure) 2018-03-22T17:03:25.847+0000: 83.126: [DefNew: 142197K->7829K(153600K), 0.0145323 secs] 206229K->71861K(494976K), 0.0146020 secs] [Times: user=0.02 sys=0.00, real=0.02 secs] 
2018-03-22T17:03:32.571+0000: 89.849: [GC (Allocation Failure) 2018-03-22T17:03:32.571+0000: 89.849: [DefNew: 144405K->7752K(153600K), 0.0138223 secs] 208437K->71785K(494976K), 0.0138926 secs] [Times: user=0.02 sys=0.00, real=0.01 secs] 
2018-03-22T17:03:39.662+0000: 96.940: [GC (Allocation Failure) 2018-03-22T17:03:39.662+0000: 96.940: [DefNew: 144328K->9468K(153600K), 0.0279362 secs] 208361K->73500K(494976K), 0.0280060 secs] [Times: user=0.03 sys=0.00, real=0.03 secs] 
2018-03-22T17:03:46.324+0000: 103.603: [GC (Allocation Failure) 2018-03-22T17:03:46.324+0000: 103.603: [DefNew: 146044K->9746K(153600K), 0.0188799 secs] 210076K->75210K(494976K), 0.0189509 secs] [Times: user=0.02 sys=0.00, real=0.02 secs] 
2018-03-22T17:03:53.324+0000: 110.602: [GC (Allocation Failure) 2018-03-22T17:03:53.324+0000: 110.602: [DefNew: 146322K->7835K(153600K), 0.0172930 secs] 211786K->75520K(494976K), 0.0173744 secs] [Times: user=0.01 sys=0.00, real=0.02 secs] 
2018-03-22T17:03:59.836+0000: 117.114: [GC (Allocation Failure) 2018-03-22T17:03:59.836+0000: 117.114: [DefNew: 144411K->9193K(153600K), 0.0157923 secs] 212096K->76878K(494976K), 0.0158739 secs] [Times: user=0.02 sys=0.00, real=0.01 secs] 
2018-03-22T17:04:05.323+0000: 122.601: [GC (Allocation Failure) 2018-03-22T17:04:05.323+0000: 122.601: [DefNew: 145769K->8715K(153600K), 0.0165068 secs] 213454K->77286K(494976K), 0.0165759 secs] [Times: user=0.01 sys=0.00, real=0.02 secs] 
2018-03-22T17:04:10.976+0000: 128.254: [GC (Allocation Failure) 2018-03-22T17:04:10.976+0000: 128.254: [DefNew: 145291K->7742K(153600K), 0.0150987 secs] 213862K->77300K(494976K), 0.0151702 secs] [Times: user=0.02 sys=0.00, real=0.01 secs] 
2018-03-22T17:04:16.321+0000: 133.599: [GC (Allocation Failure) 2018-03-22T17:04:16.321+0000: 133.599: [DefNew: 144318K->17024K(153600K), 0.0198242 secs] 213876K->94816K(494976K), 0.0198935 secs] [Times: user=0.01 sys=0.01, real=0.02 secs] 
2018-03-22T17:04:21.859+0000: 139.137: [GC (Allocation Failure) 2018-03-22T17:04:21.859+0000: 139.137: [DefNew: 150762K->4760K(153600K), 0.0178683 secs] 228555K->99427K(494976K), 0.0179495 secs] [Times: user=0.02 sys=0.00, real=0.02 secs] 
2018-03-22T17:04:27.321+0000: 144.599: [GC (Allocation Failure) 2018-03-22T17:04:27.321+0000: 144.599: [DefNew: 141336K->5425K(153600K), 0.0110054 secs] 236003K->100092K(494976K), 0.0110860 secs] [Times: user=0.01 sys=0.00, real=0.01 secs] 
2018-03-22T17:04:33.357+0000: 150.636: [GC (Allocation Failure) 2018-03-22T17:04:33.357+0000: 150.636: [DefNew: 141405K->5494K(153600K), 0.0104359 secs] 236072K->100161K(494976K), 0.0105122 secs] [Times: user=0.02 sys=0.00, real=0.01 secs] 
2018-03-22T17:04:39.275+0000: 156.554: [GC (Allocation Failure) 2018-03-22T17:04:39.275+0000: 156.554: [DefNew: 142070K->6254K(153600K), 0.0238021 secs] 236737K->100921K(494976K), 0.0238624 secs] [Times: user=0.02 sys=0.00, real=0.03 secs] 
2018-03-22T17:04:44.323+0000: 161.601: [GC (Allocation Failure) 2018-03-22T17:04:44.323+0000: 161.601: [DefNew: 142830K->8352K(153600K), 0.0145232 secs] 237497K->103019K(494976K), 0.0145916 secs] [Times: user=0.01 sys=0.00, real=0.02 secs] 
2018-03-22T17:04:49.913+0000: 167.191: [GC (Allocation Failure) 2018-03-22T17:04:49.913+0000: 167.191: [DefNew: 144928K->7533K(153600K), 0.0123721 secs] 239595K->102200K(494976K), 0.0124514 secs] [Times: user=0.02 sys=0.00, real=0.01 secs] 
2018-03-22T17:04:54.859+0000: 172.138: [GC (Allocation Failure) 2018-03-22T17:04:54.859+0000: 172.138: [DefNew: 141036K->8395K(153600K), 0.0137615 secs] 235703K->103062K(494976K), 0.0138325 secs] [Times: user=0.02 sys=0.00, real=0.01 secs] 
2018-03-22T17:04:59.865+0000: 177.144: [GC (Allocation Failure) 2018-03-22T17:04:59.865+0000: 177.144: [DefNew: 143559K->8991K(153600K), 0.0147047 secs] 238226K->103658K(494976K), 0.0147733 secs] [Times: user=0.02 sys=0.00, real=0.02 secs] 
2018-03-22T17:05:04.630+0000: 181.909: [GC (Allocation Failure) 2018-03-22T17:05:04.630+0000: 181.909: [DefNew: 145567K->9332K(153600K), 0.0158832 secs] 240234K->104761K(494976K), 0.0159532 secs] [Times: user=0.02 sys=0.00, real=0.01 secs] 
2018-03-22T17:05:09.386+0000: 186.664: [GC (Allocation Failure) 2018-03-22T17:05:09.386+0000: 186.664: [DefNew: 142477K->8774K(153600K), 0.0151949 secs] 237906K->105201K(494976K), 0.0152662 secs] [Times: user=0.00 sys=0.01, real=0.02 secs] 
2018-03-22T17:05:14.515+0000: 191.793: [GC (Allocation Failure) 2018-03-22T17:05:14.515+0000: 191.793: [DefNew: 145350K->8613K(153600K), 0.0144658 secs] 241777K->105697K(494976K), 0.0145344 secs] [Times: user=0.02 sys=0.00, real=0.02 secs] 
2018-03-22T17:05:19.572+0000: 196.851: [GC (Allocation Failure) 2018-03-22T17:05:19.573+0000: 196.851: [DefNew: 145189K->8857K(153600K), 0.0154871 secs] 242273K->106675K(494976K), 0.0155692 secs] [Times: user=0.01 sys=0.00, real=0.02 secs] 
2018-03-22T17:05:24.698+0000: 201.976: [GC (Allocation Failure) 2018-03-22T17:05:24.698+0000: 201.976: [DefNew: 145433K->8914K(153600K), 0.0266289 secs] 243251K->107198K(494976K), 0.0266970 secs] [Times: user=0.02 sys=0.00, real=0.02 secs] 
2018-03-22T17:05:29.832+0000: 207.110: [GC (Allocation Failure) 2018-03-22T17:05:29.832+0000: 207.110: [DefNew: 145490K->9690K(153600K), 0.0327190 secs] 243774K->108572K(494976K), 0.0327936 secs] [Times: user=0.03 sys=0.00, real=0.03 secs] 
2018-03-22T17:05:34.119+0000: 211.398: [GC (Allocation Failure) 2018-03-22T17:05:34.119+0000: 211.398: [DefNew: 146266K->7935K(153600K), 0.0149989 secs] 245148K->108133K(494976K), 0.0150714 secs] [Times: user=0.01 sys=0.00, real=0.01 secs] 
2018-03-22T17:05:38.476+0000: 215.754: [GC (Allocation Failure) 2018-03-22T17:05:38.476+0000: 215.754: [DefNew: 144511K->8764K(153600K), 0.0133428 secs] 244709K->108962K(494976K), 0.0134108 secs] [Times: user=0.01 sys=0.00, real=0.01 secs] 
2018-03-22T17:05:42.865+0000: 220.144: [GC (Allocation Failure) 2018-03-22T17:05:42.865+0000: 220.144: [DefNew: 139357K->8744K(153600K), 0.0146253 secs] 239554K->109608K(494976K), 0.0147065 secs] [Times: user=0.01 sys=0.00, real=0.02 secs] 
2018-03-22T17:05:47.729+0000: 225.008: [GC (Allocation Failure) 2018-03-22T17:05:47.729+0000: 225.008: [DefNew: 145320K->8740K(153600K), 0.0134447 secs] 246184K->110104K(494976K), 0.0135230 secs] [Times: user=0.01 sys=0.00, real=0.01 secs] 
2018-03-22T17:05:52.320+0000: 229.598: [GC (Allocation Failure) 2018-03-22T17:05:52.320+0000: 229.598: [DefNew: 145193K->9784K(153600K), 0.0160927 secs] 246557K->111853K(494976K), 0.0161855 secs] [Times: user=0.01 sys=0.01, real=0.02 secs] 
2018-03-22T17:05:56.434+0000: 233.712: [GC (Allocation Failure) 2018-03-22T17:05:56.434+0000: 233.712: [DefNew: 143476K->7684K(153600K), 0.0265157 secs] 245546K->111566K(494976K), 0.0265846 secs] [Times: user=0.02 sys=0.00, real=0.03 secs] 
2018-03-22T17:06:01.323+0000: 238.601: [GC (Allocation Failure) 2018-03-22T17:06:01.323+0000: 238.601: [DefNew: 144260K->8831K(153600K), 0.0259811 secs] 248142K->112713K(494976K), 0.0260626 secs] [Times: user=0.02 sys=0.00, real=0.03 secs] 
2018-03-22T17:06:05.527+0000: 242.806: [GC (Allocation Failure) 2018-03-22T17:06:05.527+0000: 242.806: [DefNew: 145407K->7942K(153600K), 0.0127370 secs] 249289K->112519K(494976K), 0.0128108 secs] [Times: user=0.01 sys=0.00, real=0.02 secs] 
2018-03-22T17:06:10.313+0000: 247.591: [GC (Allocation Failure) 2018-03-22T17:06:10.313+0000: 247.591: [DefNew: 144518K->9301K(153600K), 0.0133463 secs] 249095K->113877K(494976K), 0.0134151 secs] [Times: user=0.02 sys=0.00, real=0.01 secs] 
2018-03-22T17:06:14.818+0000: 252.097: [GC (Allocation Failure) 2018-03-22T17:06:14.819+0000: 252.097: [DefNew: 145877K->9421K(153600K), 0.0158172 secs] 250453K->115185K(494976K), 0.0158870 secs] [Times: user=0.02 sys=0.00, real=0.01 secs] 
2018-03-22T17:06:19.125+0000: 256.403: [GC (Allocation Failure) 2018-03-22T17:06:19.125+0000: 256.403: [DefNew: 145997K->7264K(153600K), 0.0138663 secs] 251761K->114530K(494976K), 0.0139373 secs] [Times: user=0.01 sys=0.00, real=0.02 secs] 
2018-03-22T17:06:23.812+0000: 261.090: [GC (Allocation Failure) 2018-03-22T17:06:23.812+0000: 261.090: [DefNew: 143840K->8001K(153600K), 0.0123990 secs] 251106K->115267K(494976K), 0.0124691 secs] [Times: user=0.01 sys=0.00, real=0.01 secs] 
2018-03-22T17:06:27.437+0000: 264.716: [GC (Allocation Failure) 2018-03-22T17:06:27.437+0000: 264.716: [DefNew: 144577K->8442K(153600K), 0.0120249 secs] 251843K->115708K(494976K), 0.0121033 secs] [Times: user=0.01 sys=0.00, real=0.01 secs] 
2018-03-22T17:06:31.372+0000: 268.650: [GC (Allocation Failure) 2018-03-22T17:06:31.372+0000: 268.650: [DefNew: 139612K->9250K(153600K), 0.0140048 secs] 246878K->116516K(494976K), 0.0140767 secs] [Times: user=0.01 sys=0.00, real=0.01 secs] 
2018-03-22T17:06:34.937+0000: 272.215: [GC (Allocation Failure) 2018-03-22T17:06:34.937+0000: 272.215: [DefNew: 141877K->8997K(153600K), 0.0299458 secs] 249143K->117167K(494976K), 0.0300172 secs] [Times: user=0.03 sys=0.00, real=0.02 secs] 
2018-03-22T17:06:38.872+0000: 276.150: [GC (Allocation Failure) 2018-03-22T17:06:38.872+0000: 276.150: [DefNew: 139826K->9143K(153600K), 0.0134428 secs] 247995K->117877K(494976K), 0.0135214 secs] [Times: user=0.02 sys=0.00, real=0.01 secs] 
2018-03-22T17:06:42.813+0000: 280.092: [GC (Allocation Failure) 2018-03-22T17:06:42.813+0000: 280.092: [DefNew: 145719K->9713K(153600K), 0.0162612 secs] 254453K->119556K(494976K), 0.0163334 secs] [Times: user=0.02 sys=0.00, real=0.02 secs] 
2018-03-22T17:06:46.407+0000: 283.685: [GC (Allocation Failure) 2018-03-22T17:06:46.407+0000: 283.685: [DefNew: 146289K->11099K(153600K), 0.0205439 secs] 256132K->122811K(494976K), 0.0206161 secs] [Times: user=0.02 sys=0.00, real=0.02 secs] 
2018-03-22T17:06:49.886+0000: 287.165: [GC (Allocation Failure) 2018-03-22T17:06:49.886+0000: 287.165: [DefNew: 141502K->5356K(153600K), 0.0160584 secs] 253214K->120514K(494976K), 0.0161299 secs] [Times: user=0.01 sys=0.01, real=0.02 secs] 
2018-03-22T17:06:53.535+0000: 290.814: [GC (Allocation Failure) 2018-03-22T17:06:53.535+0000: 290.814: [DefNew: 141932K->6226K(153600K), 0.0175120 secs] 257090K->121385K(494976K), 0.0175839 secs] [Times: user=0.01 sys=0.00, real=0.02 secs] 
2018-03-22T17:06:57.044+0000: 294.322: [GC (Allocation Failure) 2018-03-22T17:06:57.044+0000: 294.322: [DefNew: 142802K->7308K(153600K), 0.0122834 secs] 257961K->122467K(494976K), 0.0123686 secs] [Times: user=0.01 sys=0.00, real=0.02 secs] 
2018-03-22T17:07:00.881+0000: 298.160: [GC (Allocation Failure) 2018-03-22T17:07:00.881+0000: 298.160: [DefNew: 136134K->7889K(153600K), 0.0117008 secs] 251293K->123048K(494976K), 0.0117867 secs] [Times: user=0.01 sys=0.00, real=0.01 secs] 
2018-03-22T17:07:04.378+0000: 301.657: [GC (Allocation Failure) 2018-03-22T17:07:04.378+0000: 301.657: [DefNew: 138748K->8368K(153600K), 0.0115684 secs] 253907K->123527K(494976K), 0.0116402 secs] [Times: user=0.01 sys=0.00, real=0.01 secs] 
2018-03-22T17:07:07.941+0000: 305.219: [GC (Allocation Failure) 2018-03-22T17:07:07.941+0000: 305.219: [DefNew: 144944K->9198K(153600K), 0.0134811 secs] 260103K->124357K(494976K), 0.0135520 secs] [Times: user=0.01 sys=0.00, real=0.01 secs] 
2018-03-22T17:07:11.824+0000: 309.102: [GC (Allocation Failure) 2018-03-22T17:07:11.824+0000: 309.102: [DefNew: 145774K->10561K(153600K), 0.0185335 secs] 260933K->127018K(494976K), 0.0186053 secs] [Times: user=0.01 sys=0.00, real=0.02 secs] 
2018-03-22T17:07:14.410+0000: 311.689: [GC (Allocation Failure) 2018-03-22T17:07:14.410+0000: 311.689: [DefNew: 140925K->17023K(153600K), 0.0230073 secs] 257382K->158257K(494976K), 0.0230770 secs] [Times: user=0.02 sys=0.00, real=0.02 secs] 
2018-03-22T17:07:17.965+0000: 315.244: [GC (Allocation Failure) 2018-03-22T17:07:17.965+0000: 315.244: [DefNew: 152790K->3460K(153600K), 0.0472603 secs] 294023K->161550K(494976K), 0.0473383 secs] [Times: user=0.03 sys=0.02, real=0.05 secs] 
2018-03-22T17:07:21.468+0000: 318.746: [GC (Allocation Failure) 2018-03-22T17:07:21.468+0000: 318.746: [DefNew: 136304K->5096K(153600K), 0.0112976 secs] 294395K->163187K(494976K), 0.0113682 secs] [Times: user=0.02 sys=0.00, real=0.01 secs] 
2018-03-22T17:07:24.894+0000: 322.172: [GC (Allocation Failure) 2018-03-22T17:07:24.894+0000: 322.172: [DefNew: 138118K->6268K(153600K), 0.0099466 secs] 296208K->164359K(494976K), 0.0100313 secs] [Times: user=0.01 sys=0.00, real=0.01 secs] 
2018-03-22T17:07:28.381+0000: 325.660: [GC (Allocation Failure) 2018-03-22T17:07:28.381+0000: 325.660: [DefNew: 141715K->7492K(153600K), 0.0115106 secs] 299805K->165582K(494976K), 0.0115816 secs] [Times: user=0.01 sys=0.00, real=0.01 secs] 
2018-03-22T17:07:31.883+0000: 329.161: [GC (Allocation Failure) 2018-03-22T17:07:31.883+0000: 329.161: [DefNew: 143681K->8010K(153600K), 0.0110553 secs] 301771K->166100K(494976K), 0.0111515 secs] [Times: user=0.01 sys=0.00, real=0.01 secs] 
2018-03-22T17:07:35.401+0000: 332.679: [GC (Allocation Failure) 2018-03-22T17:07:35.401+0000: 332.679: [DefNew: 144586K->17023K(153600K), 0.0135497 secs] 302676K->175395K(494976K), 0.0136213 secs] [Times: user=0.01 sys=0.00, real=0.01 secs] 
2018-03-22T17:07:38.892+0000: 336.170: [GC (Allocation Failure) 2018-03-22T17:07:38.892+0000: 336.170: [DefNew: 147756K->3567K(153600K), 0.0141130 secs] 306127K->167455K(494976K), 0.0141844 secs] [Times: user=0.01 sys=0.00, real=0.01 secs] 
2018-03-22T17:07:42.426+0000: 339.704: [GC (Allocation Failure) 2018-03-22T17:07:42.426+0000: 339.704: [DefNew: 132204K->4965K(153600K), 0.0089689 secs] 296091K->168853K(494976K), 0.0090415 secs] [Times: user=0.00 sys=0.00, real=0.01 secs] 
2018-03-22T17:07:45.977+0000: 343.255: [GC (Allocation Failure) 2018-03-22T17:07:45.977+0000: 343.255: [DefNew: 141541K->6023K(153600K), 0.0159068 secs] 305429K->169911K(494976K), 0.0159752 secs] [Times: user=0.02 sys=0.00, real=0.01 secs] 
2018-03-22T17:07:49.312+0000: 346.590: [GC (Allocation Failure) 2018-03-22T17:07:49.312+0000: 346.590: [DefNew: 142599K->7656K(153600K), 0.0191588 secs] 306487K->171543K(494976K), 0.0192371 secs] [Times: user=0.02 sys=0.00, real=0.02 secs] 
2018-03-22T17:07:52.967+0000: 350.245: [GC (Allocation Failure) 2018-03-22T17:07:52.967+0000: 350.245: [DefNew: 144232K->7780K(153600K), 0.0170426 secs] 308119K->171667K(494976K), 0.0171102 secs] [Times: user=0.01 sys=0.00, real=0.02 secs] 
2018-03-22T17:07:56.324+0000: 353.602: [GC (Allocation Failure) 2018-03-22T17:07:56.324+0000: 353.602: [DefNew: 144356K->9301K(153600K), 0.0226478 secs] 308243K->173188K(494976K), 0.0227270 secs] [Times: user=0.02 sys=0.00, real=0.02 secs] 
2018-03-22T17:07:59.852+0000: 357.130: [GC (Allocation Failure) 2018-03-22T17:07:59.852+0000: 357.130: [DefNew: 145877K->10937K(153600K), 0.0328412 secs] 309764K->175604K(494976K), 0.0329216 secs] [Times: user=0.04 sys=0.00, real=0.03 secs] 
2018-03-22T17:08:02.987+0000: 360.265: [GC (Allocation Failure) 2018-03-22T17:08:02.987+0000: 360.265: [DefNew: 141308K->7252K(153600K), 0.0268892 secs] 305975K->173850K(494976K), 0.0269591 secs] [Times: user=0.02 sys=0.00, real=0.03 secs] 
2018-03-22T17:08:06.480+0000: 363.759: [GC (Allocation Failure) 2018-03-22T17:08:06.480+0000: 363.759: [DefNew: 143828K->11039K(153600K), 0.0325272 secs] 310426K->177637K(494976K), 0.0325895 secs] [Times: user=0.02 sys=0.00, real=0.03 secs] 
2018-03-22T17:08:09.564+0000: 366.842: [GC (Allocation Failure) 2018-03-22T17:08:09.564+0000: 366.842: [DefNew: 147615K->5098K(153600K), 0.0220638 secs] 314213K->175452K(494976K), 0.0221301 secs] [Times: user=0.03 sys=0.00, real=0.02 secs] 
2018-03-22T17:08:12.892+0000: 370.171: [GC (Allocation Failure) 2018-03-22T17:08:12.892+0000: 370.171: [DefNew: 134865K->6164K(153600K), 0.0091718 secs] 305219K->176519K(494976K), 0.0092380 secs] [Times: user=0.01 sys=0.00, real=0.01 secs] 
2018-03-22T17:08:16.393+0000: 373.671: [GC (Allocation Failure) 2018-03-22T17:08:16.393+0000: 373.671: [DefNew: 141369K->7122K(153600K), 0.0096523 secs] 311723K->177476K(494976K), 0.0097201 secs] [Times: user=0.00 sys=0.00, real=0.01 secs] 
2018-03-22T17:08:19.653+0000: 376.932: [GC (Allocation Failure) 2018-03-22T17:08:19.653+0000: 376.932: [DefNew: 143698K->7924K(153600K), 0.0107877 secs] 314052K->178278K(494976K), 0.0108722 secs] [Times: user=0.02 sys=0.00, real=0.01 secs] 
2018-03-22T17:08:22.894+0000: 380.173: [GC (Allocation Failure) 2018-03-22T17:08:22.894+0000: 380.173: [DefNew: 142853K->8603K(153600K), 0.0111801 secs] 313207K->178957K(494976K), 0.0112479 secs] [Times: user=0.01 sys=0.00, real=0.01 secs] 
2018-03-22T17:08:25.891+0000: 383.169: [GC (Allocation Failure) 2018-03-22T17:08:25.891+0000: 383.169: [DefNew: 139270K->8765K(153600K), 0.0122800 secs] 309625K->179641K(494976K), 0.0123540 secs] [Times: user=0.01 sys=0.00, real=0.01 secs] 
2018-03-22T17:08:29.325+0000: 386.604: [GC (Allocation Failure) 2018-03-22T17:08:29.326+0000: 386.604: [DefNew: 145341K->10685K(153600K), 0.0168254 secs] 316217K->182300K(494976K), 0.0168981 secs] [Times: user=0.01 sys=0.00, real=0.02 secs] 
2018-03-22T17:08:32.102+0000: 389.380: [GC (Allocation Failure) 2018-03-22T17:08:32.102+0000: 389.380: [DefNew: 147261K->7352K(153600K), 0.0149992 secs] 318876K->180828K(494976K), 0.0150744 secs] [Times: user=0.01 sys=0.00, real=0.02 secs] 
2018-03-22T17:08:35.347+0000: 392.625: [GC (Allocation Failure) 2018-03-22T17:08:35.347+0000: 392.625: [DefNew: 143928K->9835K(153600K), 0.0259976 secs] 317404K->183311K(494976K), 0.0260697 secs] [Times: user=0.03 sys=0.00, real=0.03 secs] 
2018-03-22T17:08:38.491+0000: 395.770: [GC (Allocation Failure) 2018-03-22T17:08:38.492+0000: 395.770: [DefNew: 136912K->6811K(153600K), 0.0194987 secs] 310388K->181827K(494976K), 0.0195674 secs] [Times: user=0.01 sys=0.00, real=0.02 secs] 
2018-03-22T17:08:41.440+0000: 398.718: [GC (Allocation Failure) 2018-03-22T17:08:41.440+0000: 398.718: [DefNew: 143387K->10619K(153600K), 0.0325403 secs] 318403K->185635K(494976K), 0.0326067 secs] [Times: user=0.03 sys=0.01, real=0.03 secs] 
2018-03-22T17:08:44.394+0000: 401.672: [GC (Allocation Failure) 2018-03-22T17:08:44.394+0000: 401.672: [DefNew: 138509K->5761K(153600K), 0.0126689 secs] 313525K->183419K(494976K), 0.0127482 secs] [Times: user=0.02 sys=0.00, real=0.01 secs] 
2018-03-22T17:08:47.816+0000: 405.095: [GC (Allocation Failure) 2018-03-22T17:08:47.816+0000: 405.095: [DefNew: 142337K->7599K(153600K), 0.0111838 secs] 319995K->185256K(494976K), 0.0112614 secs] [Times: user=0.00 sys=0.00, real=0.01 secs] 
2018-03-22T17:08:50.914+0000: 408.192: [GC (Allocation Failure) 2018-03-22T17:08:50.914+0000: 408.192: [DefNew: 138582K->7489K(153600K), 0.0103049 secs] 316240K->185146K(494976K), 0.0103765 secs] [Times: user=0.01 sys=0.00, real=0.01 secs] 
2018-03-22T17:08:53.901+0000: 411.179: [GC (Allocation Failure) 2018-03-22T17:08:53.901+0000: 411.179: [DefNew: 140431K->8337K(153600K), 0.0114929 secs] 318089K->185994K(494976K), 0.0115780 secs] [Times: user=0.01 sys=0.00, real=0.01 secs] 
2018-03-22T17:08:56.963+0000: 414.241: [GC (Allocation Failure) 2018-03-22T17:08:56.963+0000: 414.241: [DefNew: 144913K->9032K(153600K), 0.0117361 secs] 322570K->186690K(494976K), 0.0118026 secs] [Times: user=0.02 sys=0.00, real=0.01 secs] 
2018-03-22T17:08:59.895+0000: 417.173: [GC (Allocation Failure) 2018-03-22T17:08:59.895+0000: 417.174: [DefNew: 140267K->8979K(153600K), 0.0131048 secs] 317924K->187483K(494976K), 0.0131783 secs] [Times: user=0.01 sys=0.00, real=0.02 secs] 
2018-03-22T17:09:02.895+0000: 420.173: [GC (Allocation Failure) 2018-03-22T17:09:02.895+0000: 420.173: [DefNew: 137466K->8972K(153600K), 0.0123036 secs] 315970K->188100K(494976K), 0.0123835 secs] [Times: user=0.02 sys=0.00, real=0.01 secs] 
2018-03-22T17:09:05.929+0000: 423.207: [GC (Allocation Failure) 2018-03-22T17:09:05.929+0000: 423.207: [DefNew: 140819K->8913K(153600K), 0.0123314 secs] 319947K->188507K(494976K), 0.0124036 secs] [Times: user=0.01 sys=0.00, real=0.01 secs] 
2018-03-22T17:09:08.911+0000: 426.190: [GC (Allocation Failure) 2018-03-22T17:09:08.911+0000: 426.190: [DefNew: 143861K->9345K(153600K), 0.0134453 secs] 323455K->189473K(494976K), 0.0135160 secs] [Times: user=0.01 sys=0.00, real=0.01 secs] 
2018-03-22T17:09:11.963+0000: 429.241: [GC (Allocation Failure) 2018-03-22T17:09:11.963+0000: 429.241: [DefNew: 145921K->8374K(153600K), 0.0123437 secs] 326049K->189830K(494976K), 0.0124133 secs] [Times: user=0.01 sys=0.00, real=0.01 secs] 
2018-03-22T17:09:14.919+0000: 432.198: [GC (Allocation Failure) 2018-03-22T17:09:14.919+0000: 432.198: [DefNew: 138354K->9268K(153600K), 0.0122598 secs] 319810K->190724K(494976K), 0.0123404 secs] [Times: user=0.02 sys=0.00, real=0.01 secs] 
2018-03-22T17:09:17.907+0000: 435.185: [GC (Allocation Failure) 2018-03-22T17:09:17.907+0000: 435.185: [DefNew: 138787K->9247K(153600K), 0.0131371 secs] 320243K->191459K(494976K), 0.0132124 secs] [Times: user=0.01 sys=0.00, real=0.02 secs] 
2018-03-22T17:09:20.826+0000: 438.104: [GC (Allocation Failure) 2018-03-22T17:09:20.826+0000: 438.104: [DefNew: 145823K->11362K(153600K), 0.0177690 secs] 328035K->194787K(494976K), 0.0178407 secs] [Times: user=0.02 sys=0.00, real=0.02 secs] 
2018-03-22T17:09:23.897+0000: 441.175: [GC (Allocation Failure) 2018-03-22T17:09:23.897+0000: 441.176: [DefNew: 146482K->6554K(153600K), 0.0130471 secs] 329907K->192823K(494976K), 0.0131166 secs] [Times: user=0.02 sys=0.00, real=0.01 secs] 
2018-03-22T17:09:26.514+0000: 443.792: [GC (Allocation Failure) 2018-03-22T17:09:26.514+0000: 443.792: [DefNew: 135491K->7581K(153600K), 0.0112510 secs] 321760K->193850K(494976K), 0.0113118 secs] [Times: user=0.02 sys=0.00, real=0.01 secs] 
2018-03-22T17:09:29.455+0000: 446.734: [GC (Allocation Failure) 2018-03-22T17:09:29.455+0000: 446.734: [DefNew: 134521K->8210K(153600K), 0.0099316 secs] 320790K->194479K(494976K), 0.0099883 secs] [Times: user=0.00 sys=0.00, real=0.01 secs] 
2018-03-22T17:09:32.477+0000: 449.755: [GC (Allocation Failure) 2018-03-22T17:09:32.477+0000: 449.755: [DefNew: 139439K->8726K(153600K), 0.0119579 secs] 325708K->194995K(494976K), 0.0120211 secs] [Times: user=0.00 sys=0.00, real=0.01 secs] 
2018-03-22T17:09:35.467+0000: 452.746: [GC (Allocation Failure) 2018-03-22T17:09:35.467+0000: 452.746: [DefNew: 137360K->8494K(153600K), 0.0127174 secs] 323630K->195441K(494976K), 0.0127812 secs] [Times: user=0.01 sys=0.00, real=0.02 secs] 
2018-03-22T17:09:38.321+0000: 455.599: [GC (Allocation Failure) 2018-03-22T17:09:38.321+0000: 455.599: [DefNew: 145070K->10191K(153600K), 0.0213972 secs] 332017K->197137K(494976K), 0.0214641 secs] [Times: user=0.02 sys=0.00, real=0.02 secs] 
2018-03-22T17:09:41.325+0000: 458.603: [GC (Allocation Failure) 2018-03-22T17:09:41.325+0000: 458.603: [DefNew: 146767K->8464K(153600K), 0.0272131 secs] 333713K->197765K(494976K), 0.0272937 secs] [Times: user=0.03 sys=0.00, real=0.03 secs] 
2018-03-22T17:09:43.943+0000: 461.221: [GC (Allocation Failure) 2018-03-22T17:09:43.943+0000: 461.221: [DefNew: 145040K->12276K(153600K), 0.0347098 secs] 334341K->201578K(494976K), 0.0347787 secs] [Times: user=0.03 sys=0.00, real=0.04 secs] 
2018-03-22T17:09:46.503+0000: 463.782: [GC (Allocation Failure) 2018-03-22T17:09:46.503+0000: 463.782: [DefNew: 137982K->5118K(153600K), 0.0214362 secs] 327283K->198312K(494976K), 0.0215169 secs] [Times: user=0.02 sys=0.01, real=0.02 secs] 
2018-03-22T17:09:49.513+0000: 466.791: [GC (Allocation Failure) 2018-03-22T17:09:49.513+0000: 466.791: [DefNew: 139765K->6520K(153600K), 0.0130339 secs] 332959K->199714K(494976K), 0.0131053 secs] [Times: user=0.01 sys=0.00, real=0.01 secs] 
2018-03-22T17:09:52.513+0000: 469.791: [GC (Allocation Failure) 2018-03-22T17:09:52.513+0000: 469.791: [DefNew: 142895K->7526K(153600K), 0.0202631 secs] 336089K->200719K(494976K), 0.0203424 secs] [Times: user=0.02 sys=0.00, real=0.02 secs] 
2018-03-22T17:09:55.328+0000: 472.606: [GC (Allocation Failure) 2018-03-22T17:09:55.328+0000: 472.606: [DefNew: 144102K->9525K(153600K), 0.0187624 secs] 337295K->202719K(494976K), 0.0188536 secs] [Times: user=0.02 sys=0.00, real=0.01 secs] 
2018-03-22T17:09:58.508+0000: 475.787: [GC (Allocation Failure) 2018-03-22T17:09:58.508+0000: 475.787: [DefNew: 140092K->7406K(153600K), 0.0201626 secs] 333286K->201732K(494976K), 0.0202383 secs] [Times: user=0.02 sys=0.00, real=0.02 secs] 
2018-03-22T17:10:01.400+0000: 478.678: [GC (Allocation Failure) 2018-03-22T17:10:01.400+0000: 478.678: [DefNew: 143982K->11737K(153600K), 0.0333219 secs] 338308K->206063K(494976K), 0.0333958 secs] [Times: user=0.04 sys=0.00, real=0.03 secs] 
2018-03-22T17:10:03.912+0000: 481.190: [GC (Allocation Failure) 2018-03-22T17:10:03.912+0000: 481.190: [DefNew: 141370K->5596K(153600K), 0.0127978 secs] 335696K->203528K(494976K), 0.0128691 secs] [Times: user=0.01 sys=0.00, real=0.01 secs] 
2018-03-22T17:10:06.465+0000: 483.744: [GC (Allocation Failure) 2018-03-22T17:10:06.465+0000: 483.744: [DefNew: 139781K->6847K(153600K), 0.0098108 secs] 337714K->204780K(494976K), 0.0098856 secs] [Times: user=0.01 sys=0.00, real=0.01 secs] 
2018-03-22T17:10:09.180+0000: 486.459: [GC (Allocation Failure) 2018-03-22T17:10:09.180+0000: 486.459: [DefNew: 143423K->8229K(153600K), 0.0107984 secs] 341356K->206162K(494976K), 0.0108851 secs] [Times: user=0.01 sys=0.00, real=0.01 secs] 
2018-03-22T17:10:11.912+0000: 489.190: [GC (Allocation Failure) 2018-03-22T17:10:11.912+0000: 489.190: [DefNew: 138864K->8749K(153600K), 0.0109183 secs] 336796K->206681K(494976K), 0.0109893 secs] [Times: user=0.01 sys=0.00, real=0.01 secs] 
2018-03-22T17:10:14.819+0000: 492.098: [GC (Allocation Failure) 2018-03-22T17:10:14.819+0000: 492.098: [DefNew: 145325K->11170K(153600K), 0.0156934 secs] 343257K->209338K(494976K), 0.0157667 secs] [Times: user=0.02 sys=0.00, real=0.01 secs] 
2018-03-22T17:10:17.809+0000: 495.087: [GC (Allocation Failure) 2018-03-22T17:10:17.809+0000: 495.087: [DefNew: 147746K->7591K(153600K), 0.0131530 secs] 345914K->208228K(494976K), 0.0132188 secs] [Times: user=0.02 sys=0.00, real=0.01 secs] 
2018-03-22T17:10:20.513+0000: 497.792: [GC (Allocation Failure) 2018-03-22T17:10:20.513+0000: 497.792: [DefNew: 132900K->8134K(153600K), 0.0115918 secs] 333536K->208770K(494976K), 0.0116499 secs] [Times: user=0.01 sys=0.00, real=0.01 secs] 
2018-03-22T17:10:22.820+0000: 500.098: [GC (Allocation Failure) 2018-03-22T17:10:22.820+0000: 500.098: [DefNew: 144710K->10798K(153600K), 0.0264826 secs] 345346K->211434K(494976K), 0.0265422 secs] [Times: user=0.03 sys=0.00, real=0.02 secs] 
2018-03-22T17:10:25.510+0000: 502.788: [GC (Allocation Failure) 2018-03-22T17:10:25.510+0000: 502.788: [DefNew: 139358K->7736K(153600K), 0.0259883 secs] 339994K->210593K(494976K), 0.0260723 secs] [Times: user=0.02 sys=0.01, real=0.03 secs] 
2018-03-22T17:10:28.351+0000: 505.629: [GC (Allocation Failure) 2018-03-22T17:10:28.351+0000: 505.629: [DefNew: 144312K->11441K(153600K), 0.0273221 secs] 347169K->214299K(494976K), 0.0273944 secs] [Times: user=0.03 sys=0.00, real=0.03 secs] 
2018-03-22T17:10:30.905+0000: 508.183: [GC (Allocation Failure) 2018-03-22T17:10:30.905+0000: 508.183: [DefNew: 136469K->6071K(153600K), 0.0122846 secs] 339327K->212204K(494976K), 0.0123547 secs] [Times: user=0.01 sys=0.01, real=0.02 secs] 
2018-03-22T17:10:33.911+0000: 511.189: [GC (Allocation Failure) 2018-03-22T17:10:33.911+0000: 511.189: [DefNew: 139288K->6549K(153600K), 0.0080813 secs] 345421K->212682K(494976K), 0.0081471 secs] [Times: user=0.00 sys=0.00, real=0.01 secs] 
2018-03-22T17:10:36.406+0000: 513.685: [GC (Allocation Failure) 2018-03-22T17:10:36.406+0000: 513.685: [DefNew: 131819K->7493K(153600K), 0.0094033 secs] 337953K->213627K(494976K), 0.0094727 secs] [Times: user=0.01 sys=0.00, real=0.02 secs] 
2018-03-22T17:10:38.906+0000: 516.185: [GC (Allocation Failure) 2018-03-22T17:10:38.906+0000: 516.185: [DefNew: 138436K->8995K(153600K), 0.0114077 secs] 344569K->215128K(494976K), 0.0114796 secs] [Times: user=0.01 sys=0.00, real=0.02 secs] 
2018-03-22T17:10:41.779+0000: 519.057: [GC (Allocation Failure) 2018-03-22T17:10:41.779+0000: 519.057: [DefNew: 145571K->9252K(153600K), 0.0128947 secs] 351704K->216129K(494976K), 0.0129615 secs] [Times: user=0.02 sys=0.00, real=0.01 secs] 
2018-03-22T17:10:44.344+0000: 521.623: [GC (Allocation Failure) 2018-03-22T17:10:44.344+0000: 521.623: [DefNew: 145828K->11349K(153600K), 0.0284819 secs] 352705K->218816K(494976K), 0.0285421 secs] [Times: user=0.03 sys=0.00, real=0.03 secs] 
2018-03-22T17:10:46.933+0000: 524.212: [GC (Allocation Failure) 2018-03-22T17:10:46.933+0000: 524.212: [DefNew: 138622K->6759K(153600K), 0.0130763 secs] 346089K->217428K(494976K), 0.0131327 secs] [Times: user=0.01 sys=0.00, real=0.01 secs] 
2018-03-22T17:10:49.446+0000: 526.725: [GC (Allocation Failure) 2018-03-22T17:10:49.446+0000: 526.725: [DefNew: 133789K->7735K(153600K), 0.0106113 secs] 344457K->218403K(494976K), 0.0106748 secs] [Times: user=0.01 sys=0.00, real=0.02 secs] 
2018-03-22T17:10:51.991+0000: 529.270: [GC (Allocation Failure) 2018-03-22T17:10:51.991+0000: 529.270: [DefNew: 137136K->8457K(153600K), 0.0112569 secs] 347804K->219125K(494976K), 0.0113285 secs] [Times: user=0.01 sys=0.01, real=0.01 secs] 
17:10:53.162 [Client] INFO  c.s.f.r.e.s.SocketRear  - FlameSocketGraphDeployerRear@10.0.0.14: has been disconnected from Connection 7
17:11:03.582 [worker-akka.actor.default-dispatcher-2] INFO  a.a.CoordinatedShutdown CoordinatedShutdown(akka://worker) - Starting coordinated shutdown from JVM shutdown hook
17:11:03.598 [worker-akka.actor.default-dispatcher-6] INFO  a.a.LocalActorRef akka://worker/user/watcher/graph/edge/FlameSocketGraphDeployerFront - Stopped
17:11:03.599 [worker-akka.actor.default-dispatcher-6] INFO  a.a.LocalActorRef akka://worker/user/watcher/graph/edge/FlameSocketGraphDeployerRear - Stopped
17:11:03.599 [worker-akka.actor.default-dispatcher-6] INFO  a.a.LocalActorRef akka://worker/user/watcher/graph/edge - Stopped
17:11:03.602 [worker-akka.actor.default-dispatcher-6] INFO  a.a.LocalActorRef akka://worker/user/watcher/graph/graph/$a - Stopped
17:11:03.602 [worker-akka.actor.default-dispatcher-6] INFO  a.a.LocalActorRef akka://worker/user/watcher/graph/graph/$b - Stopped
17:11:03.602 [worker-akka.actor.default-dispatcher-6] INFO  a.a.LocalActorRef akka://worker/user/watcher/graph/graph/$c - Stopped
17:11:03.603 [worker-akka.actor.default-dispatcher-12] INFO  a.a.LocalActorRef akka://worker/user/watcher/graph/graph/local-acker/$a - Stopped
17:11:03.604 [worker-akka.actor.default-dispatcher-12] INFO  a.a.LocalActorRef akka://worker/user/watcher/graph/graph/local-acker/$a - Message [com.spbsu.flamestream.runtime.utils.akka.PingActor$InnerPing] from Actor[akka://worker/user/watcher/graph/graph/local-acker/$a#362267851] to Actor[akka://worker/user/watcher/graph/graph/local-acker/$a#362267851] was not delivered. [1] dead letters encountered. This logging can be turned off or adjusted with configuration settings 'akka.log-dead-letters' and 'akka.log-dead-letters-during-shutdown'.
17:11:03.605 [worker-akka.actor.default-dispatcher-11] INFO  a.a.LocalActorRef akka://worker/user/watcher/graph/graph/local-acker - Stopped
17:11:03.605 [worker-akka.actor.default-dispatcher-11] INFO  a.a.LocalActorRef akka://worker/user/watcher/graph/graph - Stopped
17:11:03.606 [worker-akka.actor.default-dispatcher-11] INFO  a.a.LocalActorRef akka://worker/user/watcher/graph/graph/local-acker/$a - Message [com.spbsu.flamestream.runtime.utils.akka.PingActor$Stop] from Actor[akka://worker/user/watcher/graph/graph/local-acker#1531481198] to Actor[akka://worker/user/watcher/graph/graph/local-acker/$a#362267851] was not delivered. [2] dead letters encountered. This logging can be turned off or adjusted with configuration settings 'akka.log-dead-letters' and 'akka.log-dead-letters-during-shutdown'.
17:11:03.607 [worker-akka.actor.default-dispatcher-5] INFO  a.a.LocalActorRef akka://worker/user/watcher/graph/negotiator - Stopped
17:11:03.607 [worker-akka.actor.default-dispatcher-6] INFO  a.a.LocalActorRef akka://worker/user/watcher/graph - Stopped
17:11:03.608 [worker-akka.actor.default-dispatcher-2] INFO  a.a.RepointableActorRef akka://worker/user/watcher - Stopped
17:11:03.611 [worker-akka.actor.default-dispatcher-2-EventThread] INFO  o.a.z.ClientCnxn  - EventThread shut down for session: 0x1624ea83f700006
17:11:03.612 [worker-akka.actor.default-dispatcher-13] INFO  o.a.z.ZooKeeper  - Session: 0x1624ea83f700006 closed
17:11:03.623 [worker-akka.actor.default-dispatcher-13] INFO  a.r.RemoteActorRefProvider$RemotingTerminator akka://worker@10.0.0.14:5412/system/remoting-terminator - Shutting down remote daemon.
17:11:03.624 [worker-akka.actor.default-dispatcher-13] INFO  a.r.RemoteActorRefProvider$RemotingTerminator akka://worker@10.0.0.14:5412/system/remoting-terminator - Remote daemon shut down; proceeding with flushing remote transports.
17:11:04.748 [worker-akka.actor.default-dispatcher-15] INFO  a.r.RemoteActorRefProvider$RemotingTerminator akka://worker@10.0.0.14:5412/system/remoting-terminator - Remoting shut down.
Heap
 def new generation   total 153600K, used 104701K [0x00000000e0c00000, 0x00000000eb2a0000, 0x00000000eb2a0000)
  eden space 136576K,  70% used [0x00000000e0c00000, 0x00000000e69fcfb0, 0x00000000e9160000)
  from space 17024K,  49% used [0x00000000ea200000, 0x00000000eaa42520, 0x00000000eb2a0000)
  to   space 17024K,   0% used [0x00000000e9160000, 0x00000000e9160000, 0x00000000ea200000)
 tenured generation   total 341376K, used 210668K [0x00000000eb2a0000, 0x0000000100000000, 0x0000000100000000)
   the space 341376K,  61% used [0x00000000eb2a0000, 0x00000000f805b1b8, 0x00000000f805b200, 0x0000000100000000)
 Metaspace       used 34011K, capacity 34898K, committed 35200K, reserved 1079296K
  class space    used 4477K, capacity 4664K, committed 4736K, reserved 1048576K
