12:29:35.471 [worker-akka.actor.default-dispatcher-2] INFO  a.e.s.Slf4jLogger  - Slf4jLogger started
2018-02-19T12:29:35.637+0000: 2.618: [Full GC (Metadata GC Threshold) 2018-02-19T12:29:35.637+0000: 2.618: [Tenured: 0K->15412K(341376K), 0.0375512 secs] 117538K->15412K(494976K), [Metaspace: 20870K->20870K(1067008K)], 0.0376147 secs] [Times: user=0.03 sys=0.00, real=0.04 secs] 
Ama winner
Ama winner
12:29:36.055 [worker-akka.actor.default-dispatcher-2] INFO  a.r.a.ArteryTransport(akka://worker) akka.remote.artery.ArteryTransport(akka://worker) - Started embedded media driver in directory [/dev/shm/aeron-root-worker-85169d69-22e3-4e98-a87e-acd575cc3042]
12:29:36.249 [worker-akka.actor.default-dispatcher-2] INFO  a.r.a.ArteryTransport(akka://worker) akka.remote.artery.ArteryTransport(akka://worker) - Remoting started; listening on address: [akka://worker@172.31.42.36:5412] with UID [8493591881194859123]
12:29:36.316 [worker-akka.actor.default-dispatcher-2] INFO  o.a.z.ZooKeeper  - Client environment:zookeeper.version=3.4.9-1757313, built on 08/23/2016 06:50 GMT
12:29:36.316 [worker-akka.actor.default-dispatcher-2] INFO  o.a.z.ZooKeeper  - Client environment:host.name=ip-172-31-42-36.us-east-2.compute.internal
12:29:36.317 [worker-akka.actor.default-dispatcher-2] INFO  o.a.z.ZooKeeper  - Client environment:java.version=1.8.0_151
12:29:36.317 [worker-akka.actor.default-dispatcher-2] INFO  o.a.z.ZooKeeper  - Client environment:java.vendor=Oracle Corporation
12:29:36.317 [worker-akka.actor.default-dispatcher-2] INFO  o.a.z.ZooKeeper  - Client environment:java.home=/usr/lib/jvm/java-8-openjdk-amd64/jre
12:29:36.317 [worker-akka.actor.default-dispatcher-2] INFO  o.a.z.ZooKeeper  - Client environment:java.class.path=lib/commons-cli-1.4.jar:lib/minlog-1.3.0.jar:lib/asm-5.0.4.jar:lib/hadoop-annotations-2.7.3.jar:lib/hadoop-auth-2.7.3.jar:lib/akka-slf4j_2.11-2.5.6.jar:lib/jersey-core-1.9.jar:lib/lz4-1.3.0.jar:lib/jackson-core-asl-1.9.13.jar:lib/aeron-client-1.3.0.jar:lib/htrace-core-3.1.0-incubating.jar:lib/xz-1.0.jar:lib/commons-httpclient-3.1.jar:lib/asm-3.1.jar:lib/commons-lang3-3.4.jar:lib/scala-library-2.11.11.jar:lib/scala-java8-compat_2.11-0.7.0.jar:lib/commons-configuration-1.6.jar:lib/objenesis-2.1.jar:lib/jackson-annotations-2.8.0.jar:lib/jsr305-3.0.0.jar:lib/curator-framework-2.7.1.jar:lib/jersey-server-1.9.jar:lib/jets3t-0.9.0.jar:lib/leveldb-0.7.jar:lib/jetty-6.1.26.jar:lib/stax-api-1.0-2.jar:lib/flamestream-core-1.0-SNAPSHOT.jar:lib/reflectasm-1.07-shaded.jar:lib/apacheds-kerberos-codec-2.0.0-M15.jar:lib/api-asn1-api-1.0.0-M20.jar:lib/commons-lang-2.6.jar:lib/commons-beanutils-1.7.0.jar:lib/jackson-xc-1.8.3.jar:lib/jetty-util-6.1.26.jar:lib/logback-classic-1.2.3.jar:lib/jool-0.9.12.jar:lib/flamestream-runtime-1.0-SNAPSHOT-tests.jar:lib/httpcore-4.1.2.jar:lib/kryo-4.0.0.jar:lib/ant-1.8.1.jar:lib/jaxb-impl-2.2.3-1.jar:lib/jersey-json-1.9.jar:lib/commons-compress-1.4.1.jar:lib/leveldbjni-all-1.8.jar:lib/paranamer-2.3.jar:lib/jackson-core-2.8.4.jar:lib/commons-math3-3.6.1.jar:lib/scala-parser-combinators_2.11-1.0.4.jar:lib/netty-3.10.6.Final.jar:lib/trove4j-3.0.3.jar:lib/jaxb-api-2.2.2.jar:lib/logback-core-1.2.3.jar:lib/snappy-java-1.0.4.1.jar:lib/protobuf-java-2.5.0.jar:lib/reactive-streams-1.0.1.jar:lib/flamestream-examples-1.0-SNAPSHOT.jar:lib/commons-codec-1.4.jar:lib/activation-1.1.jar:lib/commons-net-3.1.jar:lib/curator-recipes-2.7.1.jar:lib/jackson-mapper-asl-1.9.13.jar:lib/jackson-databind-2.8.4.jar:lib/flamestream-runtime-1.0-SNAPSHOT.jar:lib/jackson-jaxrs-1.8.3.jar:lib/slf4j-api-1.7.24.jar:lib/akka-remote_2.11-2.5.6.jar:lib/akka-testkit_2.11-2.5.6.jar:lib/jline-0.9.94.jar:lib/akka-stream_2.11-2.5.6.jar:lib/jsp-api-2.1.jar:lib/kryonet-2.21.jar:lib/akka-kryo-serialization_2.11-0.5.0.jar:lib/config-1.3.1.jar:lib/ant-launcher-1.8.1.jar:lib/commons-logging-1.2.jar:lib/ssl-config-core_2.11-0.2.2.jar:lib/testng-6.10.jar:lib/leveldb-api-0.7.jar:lib/reflectasm-1.11.3.jar:lib/jcommander-1.48.jar:lib/commons-1.1.jar:lib/commons-digester-1.8.jar:lib/minlog-1.2.jar:lib/java-xmlbuilder-0.4.jar:lib/jettison-1.1.jar:lib/gson-2.2.4.jar:lib/jdk.tools-1.8.jar:lib/aeron-driver-1.3.0.jar:lib/zookeeper-3.4.9.jar:lib/commons-beanutils-core-1.8.0.jar:lib/commons-math3-3.1.1.jar:lib/akka-actor_2.11-2.5.6.jar:lib/curator-client-2.7.1.jar:lib/servlet-api-2.5.jar:lib/apacheds-i18n-2.0.0-M15.jar:lib/commons-io-2.4.jar:lib/commons-codec-1.6.jar:lib/akka-protobuf_2.11-2.5.6.jar:lib/protobuf-java-3.5.1.jar:lib/jdom-2.0.2.jar:lib/api-util-1.0.0-M20.jar:lib/hadoop-common-2.7.3.jar:lib/agrona-0.9.6.jar:lib/xmlenc-0.52.jar:lib/guava-21.0.jar:lib/commons-collections-3.2.2.jar:lib/avro-1.7.4.jar:lib/httpclient-4.1.2.jar:lib/flamestream-core-1.0-SNAPSHOT-tests.jar:lib/annotations-12.0.jar:lib/jsch-0.1.42.jar:flamestream-runtime-1.0-SNAPSHOT.jar
12:29:36.317 [worker-akka.actor.default-dispatcher-2] INFO  o.a.z.ZooKeeper  - Client environment:java.library.path=/usr/java/packages/lib/amd64:/usr/lib/x86_64-linux-gnu/jni:/lib/x86_64-linux-gnu:/usr/lib/x86_64-linux-gnu:/usr/lib/jni:/lib:/usr/lib
12:29:36.317 [worker-akka.actor.default-dispatcher-2] INFO  o.a.z.ZooKeeper  - Client environment:java.io.tmpdir=/tmp
12:29:36.317 [worker-akka.actor.default-dispatcher-2] INFO  o.a.z.ZooKeeper  - Client environment:java.compiler=<NA>
12:29:36.317 [worker-akka.actor.default-dispatcher-2] INFO  o.a.z.ZooKeeper  - Client environment:os.name=Linux
12:29:36.317 [worker-akka.actor.default-dispatcher-2] INFO  o.a.z.ZooKeeper  - Client environment:os.arch=amd64
12:29:36.317 [worker-akka.actor.default-dispatcher-2] INFO  o.a.z.ZooKeeper  - Client environment:os.version=4.4.0-1049-aws
12:29:36.317 [worker-akka.actor.default-dispatcher-2] INFO  o.a.z.ZooKeeper  - Client environment:user.name=root
12:29:36.318 [worker-akka.actor.default-dispatcher-2] INFO  o.a.z.ZooKeeper  - Client environment:user.home=/root
12:29:36.318 [worker-akka.actor.default-dispatcher-2] INFO  o.a.z.ZooKeeper  - Client environment:user.dir=/opt/flamestream
12:29:36.320 [worker-akka.actor.default-dispatcher-2] INFO  o.a.z.ZooKeeper  - Initiating client connection, connectString=172.31.34.147:2181 sessionTimeout=5000 watcher=com.spbsu.flamestream.runtime.application.LifecycleWatcher$$Lambda$29/2091173542@1b48f905
12:29:36.341 [worker-akka.actor.default-dispatcher-2] INFO  a.a.RepointableActorRef akka://worker/user/watcher - Starting...
12:29:36.345 [worker-akka.actor.default-dispatcher-2-SendThread(172.31.34.147:2181)] INFO  o.a.z.ClientCnxn  - Opening socket connection to server 172.31.34.147/172.31.34.147:2181. Will not attempt to authenticate using SASL (unknown error)
12:29:36.350 [worker-akka.actor.default-dispatcher-2-SendThread(172.31.34.147:2181)] INFO  o.a.z.ClientCnxn  - Socket connection established to 172.31.34.147/172.31.34.147:2181, initiating session
12:29:36.357 [worker-akka.actor.default-dispatcher-2-SendThread(172.31.34.147:2181)] INFO  o.a.z.ClientCnxn  - Session establishment complete on server 172.31.34.147/172.31.34.147:2181, sessionid = 0x161ae09abc60003, negotiated timeout = 6000
12:29:36.437 [worker-akka.actor.default-dispatcher-2] INFO  a.a.RepointableActorRef akka://worker/user/watcher - Connected to ZK
12:29:46.732 [worker-akka.actor.default-dispatcher-2] INFO  a.a.RepointableActorRef akka://worker/user/watcher - Creating node with watchGraphs: 'com.spbsu.flamestream.core.Graph$Builder$MyGraph@a3be827', config: 'ClusterConfig{paths={172.31.33.155=akka://worker@172.31.33.155:5412/user/watcher/graph0000000000, 172.31.47.83=akka://worker@172.31.47.83:5412/user/watcher/graph0000000000, 172.31.45.197=akka://worker@172.31.45.197:5412/user/watcher/graph0000000000, 172.31.42.36=akka://worker@172.31.42.36:5412/user/watcher/graph0000000000, 172.31.44.83=akka://worker@172.31.44.83:5412/user/watcher/graph0000000000, 172.31.39.64=akka://worker@172.31.39.64:5412/user/watcher/graph0000000000, 172.31.35.79=akka://worker@172.31.35.79:5412/user/watcher/graph0000000000, 172.31.34.169=akka://worker@172.31.34.169:5412/user/watcher/graph0000000000, 172.31.47.100=akka://worker@172.31.47.100:5412/user/watcher/graph0000000000, 172.31.37.101=akka://worker@172.31.37.101:5412/user/watcher/graph0000000000}, ackerLocation='172.31.35.79', props=ComputationLayout{ranges={172.31.33.155=HashRange{from=-1670265060, to=-1193046472}, 172.31.47.83=HashRange{from=1670265056, to=2147483644}, 172.31.45.197=HashRange{from=-715827884, to=-238609296}, 172.31.42.36=HashRange{from=1193046468, to=1670265056}, 172.31.44.83=HashRange{from=-238609296, to=238609292}, 172.31.39.64=HashRange{from=715827880, to=1193046468}, 172.31.35.79=HashRange{from=0, to=0}, 172.31.34.169=HashRange{from=-2147483648, to=-1670265060}, 172.31.47.100=HashRange{from=238609292, to=715827880}, 172.31.37.101=HashRange{from=-1193046472, to=-715827884}}}}'
12:29:47.468 [worker-akka.actor.default-dispatcher-2] INFO  a.a.LocalActorRef akka://worker/user/watcher/graph0000000000/graph - Starting...
12:29:47.469 [worker-akka.actor.default-dispatcher-2] INFO  a.a.LocalActorRef akka://worker/user/watcher/graph0000000000/graph/local-acker/$a - Starting...
12:29:47.469 [worker-akka.actor.default-dispatcher-2] INFO  a.a.LocalActorRef akka://worker/user/watcher/graph0000000000/graph/local-acker - Starting...
Warning: space is running low in /dev/shm (tmpfs) threshold=167,772,160 usable=158,621,696
Warning: space is running low in /dev/shm (tmpfs) threshold=167,772,160 usable=146,034,688
Warning: space is running low in /dev/shm (tmpfs) threshold=167,772,160 usable=133,447,680
Warning: space is running low in /dev/shm (tmpfs) threshold=167,772,160 usable=120,860,672
Warning: space is running low in /dev/shm (tmpfs) threshold=167,772,160 usable=108,273,664
Warning: space is running low in /dev/shm (tmpfs) threshold=167,772,160 usable=95,686,656
Warning: space is running low in /dev/shm (tmpfs) threshold=167,772,160 usable=83,099,648
Warning: space is running low in /dev/shm (tmpfs) threshold=167,772,160 usable=70,512,640
12:29:48.566 [worker-akka.actor.default-dispatcher-2] INFO  a.a.LocalActorRef akka://worker/user/watcher/graph0000000000/graph - Finishing constructor
12:29:48.567 [worker-akka.actor.default-dispatcher-2] INFO  a.a.LocalActorRef akka://worker/user/watcher/graph0000000000 - Starting...
12:29:48.568 [worker-akka.actor.default-dispatcher-2] INFO  a.a.LocalActorRef akka://worker/user/watcher/graph0000000000/negotiator - Starting...
12:29:48.618 [worker-akka.actor.default-dispatcher-2] INFO  a.a.LocalActorRef akka://worker/user/watcher/graph0000000000/graph/$a - Starting...
12:29:48.619 [worker-akka.actor.default-dispatcher-2] INFO  a.a.LocalActorRef akka://worker/user/watcher/graph0000000000/edge - Starting...
12:29:48.620 [worker-akka.actor.default-dispatcher-2] INFO  a.a.LocalActorRef akka://worker/user/watcher/graph0000000000/graph/$b - Starting...
12:29:48.621 [worker-akka.actor.default-dispatcher-2] INFO  a.a.LocalActorRef akka://worker/user/watcher/graph0000000000/graph/$c - Starting...
12:29:48.634 [worker-akka.actor.default-dispatcher-2] INFO  c.s.f.r.e.s.SocketRear  - FlameSocketGraphDeployerRear@172.31.42.36: connecting to 172.31.34.147:5678
12:29:48.637 [worker-akka.actor.default-dispatcher-2] INFO  c.s.f.r.e.s.SocketRear  - FlameSocketGraphDeployerRear@172.31.42.36: connected to 172.31.34.147:5678
12:29:48.666 [worker-akka.actor.default-dispatcher-2] INFO  a.a.LocalActorRef akka://worker/user/watcher/graph0000000000/edge/FlameSocketGraphDeployerRear - Starting...
12:29:48.667 [worker-akka.actor.default-dispatcher-2] INFO  a.a.LocalActorRef akka://worker/user/watcher/graph0000000000/edge/FlameSocketGraphDeployerFront - Starting...
12:29:48.668 [worker-akka.actor.default-dispatcher-2] INFO  a.a.LocalActorRef akka://worker/user/watcher/graph0000000000/negotiator - Requesting ticket for the frontClass FlameSocketGraphDeployerFront@172.31.42.36
12:29:48.679 [worker-akka.actor.default-dispatcher-2] INFO  a.a.LocalActorRef akka://worker/user/watcher/graph0000000000/negotiator - Ticket for the frontClass received: FrontTicket{allowedTimestamp=(1519043386735, FlameSocketGraphDeployerFront@172.31.42.36)}
12:29:48.681 [worker-akka.actor.default-dispatcher-2] INFO  c.s.f.r.e.s.SocketFront  - FlameSocketGraphDeployerFront@172.31.42.36: connecting to 172.31.34.147:4567
12:29:48.699 [Client] INFO  c.s.f.r.e.s.SocketFront  - FlameSocketGraphDeployerFront@172.31.42.36 has been disconnected from Connection 3
2018-02-19T12:29:53.915+0000: 20.897: [GC (Allocation Failure) 2018-02-19T12:29:53.915+0000: 20.897: [DefNew: 136576K->14982K(153600K), 0.0259545 secs] 151988K->49926K(494976K), 0.0260420 secs] [Times: user=0.02 sys=0.01, real=0.03 secs] 
2018-02-19T12:30:23.854+0000: 50.836: [GC (Allocation Failure) 2018-02-19T12:30:23.854+0000: 50.836: [DefNew: 151558K->3373K(153600K), 0.0165944 secs] 186502K->45931K(494976K), 0.0166578 secs] [Times: user=0.01 sys=0.01, real=0.02 secs] 
2018-02-19T12:30:54.563+0000: 81.545: [GC (Allocation Failure) 2018-02-19T12:30:54.563+0000: 81.545: [DefNew: 139949K->5831K(153600K), 0.0121332 secs] 182507K->48389K(494976K), 0.0122020 secs] [Times: user=0.01 sys=0.00, real=0.01 secs] 
2018-02-19T12:31:28.972+0000: 115.953: [GC (Allocation Failure) 2018-02-19T12:31:28.972+0000: 115.954: [DefNew: 142407K->7457K(153600K), 0.0161796 secs] 184965K->50014K(494976K), 0.0162518 secs] [Times: user=0.01 sys=0.00, real=0.01 secs] 
2018-02-19T12:31:55.273+0000: 142.255: [GC (Allocation Failure) 2018-02-19T12:31:55.273+0000: 142.255: [DefNew: 144033K->9034K(153600K), 0.0151365 secs] 186590K->51592K(494976K), 0.0151987 secs] [Times: user=0.01 sys=0.00, real=0.01 secs] 
2018-02-19T12:32:23.445+0000: 170.426: [GC (Allocation Failure) 2018-02-19T12:32:23.445+0000: 170.426: [DefNew: 145610K->8842K(153600K), 0.0174136 secs] 188168K->52824K(494976K), 0.0174861 secs] [Times: user=0.02 sys=0.00, real=0.02 secs] 
2018-02-19T12:32:51.646+0000: 198.628: [GC (Allocation Failure) 2018-02-19T12:32:51.646+0000: 198.628: [DefNew: 145418K->8725K(153600K), 0.0158272 secs] 189400K->54084K(494976K), 0.0159329 secs] [Times: user=0.02 sys=0.00, real=0.02 secs] 
2018-02-19T12:33:29.655+0000: 236.637: [GC (Allocation Failure) 2018-02-19T12:33:29.655+0000: 236.637: [DefNew: 145301K->9341K(153600K), 0.0183987 secs] 190660K->55958K(494976K), 0.0184590 secs] [Times: user=0.02 sys=0.00, real=0.02 secs] 
2018-02-19T12:34:01.734+0000: 268.716: [GC (Allocation Failure) 2018-02-19T12:34:01.734+0000: 268.716: [DefNew: 145917K->8388K(153600K), 0.0152408 secs] 192534K->56363K(494976K), 0.0153058 secs] [Times: user=0.01 sys=0.00, real=0.02 secs] 
2018-02-19T12:34:25.459+0000: 292.441: [GC (Allocation Failure) 2018-02-19T12:34:25.459+0000: 292.441: [DefNew: 144964K->9558K(153600K), 0.0142971 secs] 192939K->57533K(494976K), 0.0143584 secs] [Times: user=0.01 sys=0.00, real=0.02 secs] 
2018-02-19T12:35:02.003+0000: 328.985: [GC (Allocation Failure) 2018-02-19T12:35:02.003+0000: 328.985: [DefNew: 146134K->9492K(153600K), 0.0166050 secs] 194109K->58599K(494976K), 0.0166697 secs] [Times: user=0.02 sys=0.00, real=0.01 secs] 
2018-02-19T12:35:36.549+0000: 363.531: [GC (Allocation Failure) 2018-02-19T12:35:36.549+0000: 363.531: [DefNew: 146068K->9610K(153600K), 0.0156598 secs] 195175K->59670K(494976K), 0.0157173 secs] [Times: user=0.02 sys=0.00, real=0.01 secs] 
2018-02-19T12:36:10.164+0000: 397.146: [GC (Allocation Failure) 2018-02-19T12:36:10.164+0000: 397.146: [DefNew: 146186K->9381K(153600K), 0.0156424 secs] 196246K->60932K(494976K), 0.0157326 secs] [Times: user=0.01 sys=0.00, real=0.01 secs] 
2018-02-19T12:36:38.907+0000: 425.889: [GC (Allocation Failure) 2018-02-19T12:36:38.907+0000: 425.889: [DefNew: 145957K->9700K(153600K), 0.0198165 secs] 197508K->62201K(494976K), 0.0198900 secs] [Times: user=0.02 sys=0.00, real=0.02 secs] 
2018-02-19T12:37:14.288+0000: 461.269: [GC (Allocation Failure) 2018-02-19T12:37:14.288+0000: 461.269: [DefNew: 146276K->8968K(153600K), 0.0170741 secs] 198777K->63475K(494976K), 0.0171351 secs] [Times: user=0.02 sys=0.00, real=0.02 secs] 
2018-02-19T12:37:47.654+0000: 494.636: [GC (Allocation Failure) 2018-02-19T12:37:47.654+0000: 494.636: [DefNew: 145544K->8530K(153600K), 0.0154624 secs] 200051K->64053K(494976K), 0.0155235 secs] [Times: user=0.01 sys=0.00, real=0.02 secs] 
2018-02-19T12:38:14.989+0000: 521.971: [GC (Allocation Failure) 2018-02-19T12:38:14.989+0000: 521.971: [DefNew: 145106K->8707K(153600K), 0.0156371 secs] 200629K->65299K(494976K), 0.0157216 secs] [Times: user=0.02 sys=0.00, real=0.01 secs] 
2018-02-19T12:38:46.835+0000: 553.817: [GC (Allocation Failure) 2018-02-19T12:38:46.835+0000: 553.817: [DefNew: 145283K->9562K(153600K), 0.0197003 secs] 201875K->67135K(494976K), 0.0197819 secs] [Times: user=0.02 sys=0.00, real=0.02 secs] 
2018-02-19T12:39:24.471+0000: 591.452: [GC (Allocation Failure) 2018-02-19T12:39:24.471+0000: 591.452: [DefNew: 146138K->9244K(153600K), 0.0153333 secs] 203711K->67874K(494976K), 0.0154253 secs] [Times: user=0.02 sys=0.00, real=0.01 secs] 
2018-02-19T12:39:59.109+0000: 626.091: [GC (Allocation Failure) 2018-02-19T12:39:59.109+0000: 626.091: [DefNew: 145820K->9572K(153600K), 0.0168643 secs] 204450K->69187K(494976K), 0.0169384 secs] [Times: user=0.00 sys=0.01, real=0.01 secs] 
2018-02-19T12:40:28.914+0000: 655.896: [GC (Allocation Failure) 2018-02-19T12:40:28.914+0000: 655.896: [DefNew: 146148K->9548K(153600K), 0.0154776 secs] 205763K->70191K(494976K), 0.0155486 secs] [Times: user=0.02 sys=0.00, real=0.02 secs] 
2018-02-19T12:40:58.171+0000: 685.153: [GC (Allocation Failure) 2018-02-19T12:40:58.171+0000: 685.153: [DefNew: 146124K->10007K(153600K), 0.0167476 secs] 206767K->71715K(494976K), 0.0168081 secs] [Times: user=0.02 sys=0.00, real=0.01 secs] 
2018-02-19T12:41:25.842+0000: 712.823: [GC (Allocation Failure) 2018-02-19T12:41:25.842+0000: 712.823: [DefNew: 146583K->8965K(153600K), 0.0168255 secs] 208291K->72857K(494976K), 0.0168870 secs] [Times: user=0.01 sys=0.00, real=0.01 secs] 
2018-02-19T12:41:58.491+0000: 745.473: [GC (Allocation Failure) 2018-02-19T12:41:58.491+0000: 745.473: [DefNew: 145541K->9992K(153600K), 0.0160919 secs] 209433K->75019K(494976K), 0.0161535 secs] [Times: user=0.02 sys=0.00, real=0.01 secs] 
2018-02-19T12:42:25.970+0000: 772.952: [GC (Allocation Failure) 2018-02-19T12:42:25.970+0000: 772.952: [DefNew: 146568K->9823K(153600K), 0.0156734 secs] 211595K->76255K(494976K), 0.0157287 secs] [Times: user=0.02 sys=0.00, real=0.01 secs] 
2018-02-19T12:42:55.870+0000: 802.852: [GC (Allocation Failure) 2018-02-19T12:42:55.870+0000: 802.852: [DefNew: 146399K->9941K(153600K), 0.0165965 secs] 212831K->77551K(494976K), 0.0166969 secs] [Times: user=0.02 sys=0.00, real=0.01 secs] 
2018-02-19T12:43:29.896+0000: 836.878: [GC (Allocation Failure) 2018-02-19T12:43:29.896+0000: 836.878: [DefNew: 146517K->9334K(153600K), 0.0171527 secs] 214127K->79007K(494976K), 0.0172145 secs] [Times: user=0.01 sys=0.00, real=0.02 secs] 
2018-02-19T12:44:01.840+0000: 868.822: [GC (Allocation Failure) 2018-02-19T12:44:01.840+0000: 868.822: [DefNew: 145910K->9503K(153600K), 0.0152409 secs] 215583K->80292K(494976K), 0.0152981 secs] [Times: user=0.02 sys=0.00, real=0.02 secs] 
2018-02-19T12:44:28.926+0000: 895.908: [GC (Allocation Failure) 2018-02-19T12:44:28.926+0000: 895.908: [DefNew: 146079K->9770K(153600K), 0.0168386 secs] 216868K->81673K(494976K), 0.0169003 secs] [Times: user=0.01 sys=0.01, real=0.02 secs] 
2018-02-19T12:45:03.222+0000: 930.204: [GC (Allocation Failure) 2018-02-19T12:45:03.222+0000: 930.204: [DefNew: 146346K->9802K(153600K), 0.0172176 secs] 218249K->82907K(494976K), 0.0172932 secs] [Times: user=0.02 sys=0.00, real=0.01 secs] 
2018-02-19T12:45:30.254+0000: 957.235: [GC (Allocation Failure) 2018-02-19T12:45:30.254+0000: 957.235: [DefNew: 146378K->9943K(153600K), 0.0155175 secs] 219483K->84128K(494976K), 0.0155796 secs] [Times: user=0.02 sys=0.00, real=0.02 secs] 
2018-02-19T12:46:01.647+0000: 988.629: [GC (Allocation Failure) 2018-02-19T12:46:01.647+0000: 988.629: [DefNew: 146519K->10308K(153600K), 0.0178924 secs] 220704K->85781K(494976K), 0.0179597 secs] [Times: user=0.02 sys=0.00, real=0.02 secs] 
2018-02-19T12:46:27.989+0000: 1014.971: [GC (Allocation Failure) 2018-02-19T12:46:27.989+0000: 1014.971: [DefNew: 146884K->9165K(153600K), 0.0171852 secs] 222357K->87248K(494976K), 0.0172448 secs] [Times: user=0.01 sys=0.01, real=0.01 secs] 
2018-02-19T12:47:01.239+0000: 1048.221: [GC (Allocation Failure) 2018-02-19T12:47:01.239+0000: 1048.221: [DefNew: 145741K->9206K(153600K), 0.0161279 secs] 223824K->89016K(494976K), 0.0161987 secs] [Times: user=0.01 sys=0.00, real=0.02 secs] 
2018-02-19T12:47:29.600+0000: 1076.582: [GC (Allocation Failure) 2018-02-19T12:47:29.600+0000: 1076.582: [DefNew: 145782K->9357K(153600K), 0.0156501 secs] 225592K->90551K(494976K), 0.0157197 secs] [Times: user=0.02 sys=0.00, real=0.02 secs] 
2018-02-19T12:48:03.070+0000: 1110.051: [GC (Allocation Failure) 2018-02-19T12:48:03.070+0000: 1110.051: [DefNew: 145933K->9398K(153600K), 0.0157045 secs] 227127K->91947K(494976K), 0.0157621 secs] [Times: user=0.01 sys=0.00, real=0.01 secs] 
2018-02-19T12:48:31.448+0000: 1138.429: [GC (Allocation Failure) 2018-02-19T12:48:31.448+0000: 1138.430: [DefNew: 145974K->9257K(153600K), 0.0155150 secs] 228523K->93422K(494976K), 0.0155747 secs] [Times: user=0.02 sys=0.00, real=0.02 secs] 
2018-02-19T12:49:05.718+0000: 1172.700: [GC (Allocation Failure) 2018-02-19T12:49:05.718+0000: 1172.700: [DefNew: 145833K->9606K(153600K), 0.0171547 secs] 229998K->95215K(494976K), 0.0172175 secs] [Times: user=0.02 sys=0.00, real=0.02 secs] 
2018-02-19T12:49:31.324+0000: 1198.306: [GC (Allocation Failure) 2018-02-19T12:49:31.324+0000: 1198.306: [DefNew: 146182K->9474K(153600K), 0.0150197 secs] 231791K->96556K(494976K), 0.0150835 secs] [Times: user=0.02 sys=0.00, real=0.01 secs] 
2018-02-19T12:49:56.181+0000: 1223.163: [GC (Allocation Failure) 2018-02-19T12:49:56.181+0000: 1223.163: [DefNew: 146050K->9499K(153600K), 0.0151366 secs] 233132K->98021K(494976K), 0.0151961 secs] [Times: user=0.02 sys=0.00, real=0.01 secs] 
2018-02-19T12:50:29.380+0000: 1256.361: [GC (Allocation Failure) 2018-02-19T12:50:29.380+0000: 1256.361: [DefNew: 146075K->9794K(153600K), 0.0156964 secs] 234597K->99765K(494976K), 0.0157555 secs] [Times: user=0.01 sys=0.00, real=0.02 secs] 
2018-02-19T12:50:57.701+0000: 1284.683: [GC (Allocation Failure) 2018-02-19T12:50:57.701+0000: 1284.683: [DefNew: 146370K->10090K(153600K), 0.0162252 secs] 236341K->101406K(494976K), 0.0162862 secs] [Times: user=0.02 sys=0.00, real=0.02 secs] 
12:51:12.900 [Client] INFO  c.s.f.r.e.s.SocketRear  - FlameSocketGraphDeployerRear@172.31.42.36: has been disconnected from Connection 3
12:51:26.931 [worker-akka.actor.default-dispatcher-2] INFO  a.a.CoordinatedShutdown CoordinatedShutdown(akka://worker) - Starting coordinated shutdown from JVM shutdown hook
12:51:26.978 [worker-akka.actor.default-dispatcher-2] INFO  a.a.LocalActorRef akka://worker/user/watcher/graph0000000000/negotiator - Stopped
12:51:26.979 [worker-akka.actor.default-dispatcher-2] INFO  a.a.LocalActorRef akka://worker/user/watcher/graph0000000000/edge/FlameSocketGraphDeployerFront - Stopped
12:51:26.980 [worker-akka.actor.default-dispatcher-2] INFO  a.a.LocalActorRef akka://worker/user/watcher/graph0000000000/edge/FlameSocketGraphDeployerRear - Stopped
12:51:26.981 [worker-akka.actor.default-dispatcher-2] INFO  a.a.LocalActorRef akka://worker/user/watcher/graph0000000000/graph/$a - Stopped
12:51:26.982 [worker-akka.actor.default-dispatcher-2] INFO  a.a.LocalActorRef akka://worker/user/watcher/graph0000000000/graph/$b - Stopped
12:51:26.982 [worker-akka.actor.default-dispatcher-2] INFO  a.a.LocalActorRef akka://worker/user/watcher/graph0000000000/graph/$c - Stopped
12:51:26.982 [worker-akka.actor.default-dispatcher-2] INFO  a.a.LocalActorRef akka://worker/user/watcher/graph0000000000/graph/local-acker/$a - Stopped
12:51:26.987 [worker-akka.actor.default-dispatcher-2] INFO  a.a.LocalActorRef akka://worker/user/watcher/graph0000000000/edge - Stopped
12:51:26.987 [worker-akka.actor.default-dispatcher-2] INFO  a.a.LocalActorRef akka://worker/user/watcher/graph0000000000/graph/local-acker/$a - Message [com.spbsu.flamestream.runtime.utils.akka.PingActor$InnerPing] from Actor[akka://worker/user/watcher/graph0000000000/graph/local-acker/$a#-610043259] to Actor[akka://worker/user/watcher/graph0000000000/graph/local-acker/$a#-610043259] was not delivered. [1] dead letters encountered. This logging can be turned off or adjusted with configuration settings 'akka.log-dead-letters' and 'akka.log-dead-letters-during-shutdown'.
12:51:26.988 [worker-akka.actor.default-dispatcher-2] INFO  a.a.LocalActorRef akka://worker/user/watcher/graph0000000000/graph/local-acker - Stopped
12:51:26.989 [worker-akka.actor.default-dispatcher-2] INFO  a.a.LocalActorRef akka://worker/user/watcher/graph0000000000/graph - Stopped
12:51:26.989 [worker-akka.actor.default-dispatcher-2] INFO  a.a.LocalActorRef akka://worker/user/watcher/graph0000000000 - Stopped
12:51:26.993 [worker-akka.actor.default-dispatcher-2] INFO  a.a.LocalActorRef akka://worker/user/watcher/graph0000000000/graph/local-acker/$a - Message [com.spbsu.flamestream.runtime.utils.akka.PingActor$Stop] from Actor[akka://worker/user/watcher/graph0000000000/graph/local-acker#727643942] to Actor[akka://worker/user/watcher/graph0000000000/graph/local-acker/$a#-610043259] was not delivered. [2] dead letters encountered. This logging can be turned off or adjusted with configuration settings 'akka.log-dead-letters' and 'akka.log-dead-letters-during-shutdown'.
12:51:26.993 [worker-akka.actor.default-dispatcher-2] INFO  a.a.LocalActorRef akka://worker/user/watcher/graph0000000000/graph/local-acker - Message [com.spbsu.flamestream.runtime.acker.LocalAcker$Flush] from Actor[akka://worker/user/watcher/graph0000000000/graph/local-acker#727643942] to Actor[akka://worker/user/watcher/graph0000000000/graph/local-acker#727643942] was not delivered. [3] dead letters encountered. This logging can be turned off or adjusted with configuration settings 'akka.log-dead-letters' and 'akka.log-dead-letters-during-shutdown'.
12:51:26.993 [worker-akka.actor.default-dispatcher-2] INFO  a.a.LocalActorRef akka://worker/user/watcher/graph0000000000/graph/local-acker - Message [com.spbsu.flamestream.runtime.acker.LocalAcker$Flush] from Actor[akka://worker/user/watcher/graph0000000000/graph/local-acker#727643942] to Actor[akka://worker/user/watcher/graph0000000000/graph/local-acker#727643942] was not delivered. [4] dead letters encountered. This logging can be turned off or adjusted with configuration settings 'akka.log-dead-letters' and 'akka.log-dead-letters-during-shutdown'.
12:51:26.993 [worker-akka.actor.default-dispatcher-2] INFO  a.a.LocalActorRef akka://worker/user/watcher/graph0000000000/graph/local-acker - Message [com.spbsu.flamestream.runtime.acker.LocalAcker$Flush] from Actor[akka://worker/user/watcher/graph0000000000/graph/local-acker#727643942] to Actor[akka://worker/user/watcher/graph0000000000/graph/local-acker#727643942] was not delivered. [5] dead letters encountered. This logging can be turned off or adjusted with configuration settings 'akka.log-dead-letters' and 'akka.log-dead-letters-during-shutdown'.
12:51:26.994 [worker-akka.actor.default-dispatcher-2] INFO  a.a.LocalActorRef akka://worker/user/watcher/graph0000000000/graph/local-acker - Message [com.spbsu.flamestream.runtime.acker.LocalAcker$Flush] from Actor[akka://worker/user/watcher/graph0000000000/graph/local-acker#727643942] to Actor[akka://worker/user/watcher/graph0000000000/graph/local-acker#727643942] was not delivered. [6] dead letters encountered. This logging can be turned off or adjusted with configuration settings 'akka.log-dead-letters' and 'akka.log-dead-letters-during-shutdown'.
12:51:26.994 [worker-akka.actor.default-dispatcher-2] INFO  a.a.LocalActorRef akka://worker/user/watcher/graph0000000000/graph/local-acker - Message [com.spbsu.flamestream.runtime.acker.LocalAcker$Flush] from Actor[akka://worker/user/watcher/graph0000000000/graph/local-acker#727643942] to Actor[akka://worker/user/watcher/graph0000000000/graph/local-acker#727643942] was not delivered. [7] dead letters encountered. This logging can be turned off or adjusted with configuration settings 'akka.log-dead-letters' and 'akka.log-dead-letters-during-shutdown'.
12:51:26.995 [worker-akka.actor.default-dispatcher-2] INFO  a.a.LocalActorRef akka://worker/user/watcher/graph0000000000/graph/local-acker - Message [com.spbsu.flamestream.runtime.acker.LocalAcker$Flush] from Actor[akka://worker/user/watcher/graph0000000000/graph/local-acker#727643942] to Actor[akka://worker/user/watcher/graph0000000000/graph/local-acker#727643942] was not delivered. [8] dead letters encountered. This logging can be turned off or adjusted with configuration settings 'akka.log-dead-letters' and 'akka.log-dead-letters-during-shutdown'.
12:51:26.996 [worker-akka.actor.default-dispatcher-2] INFO  a.a.LocalActorRef akka://worker/user/watcher/graph0000000000/graph/local-acker - Message [com.spbsu.flamestream.runtime.acker.LocalAcker$Flush] from Actor[akka://worker/user/watcher/graph0000000000/graph/local-acker#727643942] to Actor[akka://worker/user/watcher/graph0000000000/graph/local-acker#727643942] was not delivered. [9] dead letters encountered. This logging can be turned off or adjusted with configuration settings 'akka.log-dead-letters' and 'akka.log-dead-letters-during-shutdown'.
12:51:26.997 [worker-akka.actor.default-dispatcher-2] INFO  a.a.LocalActorRef akka://worker/user/watcher/graph0000000000/graph/local-acker - Message [com.spbsu.flamestream.runtime.acker.LocalAcker$Flush] from Actor[akka://worker/user/watcher/graph0000000000/graph/local-acker#727643942] to Actor[akka://worker/user/watcher/graph0000000000/graph/local-acker#727643942] was not delivered. [10] dead letters encountered. This logging can be turned off or adjusted with configuration settings 'akka.log-dead-letters' and 'akka.log-dead-letters-during-shutdown'.
12:51:26.997 [worker-akka.actor.default-dispatcher-2] INFO  a.a.LocalActorRef akka://worker/user/watcher/graph0000000000/graph/local-acker - Message [com.spbsu.flamestream.runtime.acker.LocalAcker$Flush] from Actor[akka://worker/user/watcher/graph0000000000/graph/local-acker#727643942] to Actor[akka://worker/user/watcher/graph0000000000/graph/local-acker#727643942] was not delivered. [11] dead letters encountered. This logging can be turned off or adjusted with configuration settings 'akka.log-dead-letters' and 'akka.log-dead-letters-during-shutdown'.
12:51:27.000 [worker-akka.actor.default-dispatcher-2-EventThread] INFO  o.a.z.ClientCnxn  - EventThread shut down for session: 0x161ae09abc60003
12:51:27.000 [worker-akka.actor.default-dispatcher-2] INFO  o.a.z.ZooKeeper  - Session: 0x161ae09abc60003 closed
12:51:27.001 [worker-akka.actor.default-dispatcher-2] INFO  a.a.RepointableActorRef akka://worker/user/watcher - Stopped
12:51:27.013 [worker-akka.actor.default-dispatcher-2] INFO  a.r.RemoteActorRefProvider$RemotingTerminator akka://worker@172.31.42.36:5412/system/remoting-terminator - Shutting down remote daemon.
12:51:27.019 [worker-akka.actor.default-dispatcher-2] INFO  a.r.RemoteActorRefProvider$RemotingTerminator akka://worker@172.31.42.36:5412/system/remoting-terminator - Remote daemon shut down; proceeding with flushing remote transports.
12:51:28.154 [worker-akka.actor.default-dispatcher-2] INFO  a.r.RemoteActorRefProvider$RemotingTerminator akka://worker@172.31.42.36:5412/system/remoting-terminator - Remoting shut down.
Heap
 def new generation   total 153600K, used 91046K [0x00000000e0c00000, 0x00000000eb2a0000, 0x00000000eb2a0000)
  eden space 136576K,  59% used [0x00000000e0c00000, 0x00000000e5b0efe0, 0x00000000e9160000)
  from space 17024K,  59% used [0x00000000e9160000, 0x00000000e9b3a900, 0x00000000ea200000)
  to   space 17024K,   0% used [0x00000000ea200000, 0x00000000ea200000, 0x00000000eb2a0000)
 tenured generation   total 341376K, used 91315K [0x00000000eb2a0000, 0x0000000100000000, 0x0000000100000000)
   the space 341376K,  26% used [0x00000000eb2a0000, 0x00000000f0bccfa8, 0x00000000f0bcd000, 0x0000000100000000)
 Metaspace       used 33613K, capacity 34418K, committed 34688K, reserved 1079296K
  class space    used 4457K, capacity 4624K, committed 4736K, reserved 1048576K
