15:07:30,261 |-INFO in ch.qos.logback.classic.LoggerContext[default] - Could NOT find resource [logback-test.xml]
15:07:30,261 |-INFO in ch.qos.logback.classic.LoggerContext[default] - Could NOT find resource [logback.groovy]
15:07:30,261 |-INFO in ch.qos.logback.classic.LoggerContext[default] - Found resource [logback.xml] at [jar:file:/opt/flamestream/lib/flamestream-runtime-1.0-SNAPSHOT.jar!/logback.xml]
15:07:30,268 |-WARN in ch.qos.logback.classic.LoggerContext[default] - Resource [logback.xml] occurs multiple times on the classpath.
15:07:30,268 |-WARN in ch.qos.logback.classic.LoggerContext[default] - Resource [logback.xml] occurs at [jar:file:/opt/flamestream/flamestream-runtime-1.0-SNAPSHOT.jar!/logback.xml]
15:07:30,268 |-WARN in ch.qos.logback.classic.LoggerContext[default] - Resource [logback.xml] occurs at [jar:file:/opt/flamestream/lib/flamestream-runtime-1.0-SNAPSHOT.jar!/logback.xml]
15:07:30,278 |-INFO in ch.qos.logback.core.joran.spi.ConfigurationWatchList@69b794e2 - URL [jar:file:/opt/flamestream/lib/flamestream-runtime-1.0-SNAPSHOT.jar!/logback.xml] is not of type file
15:07:30,363 |-INFO in ch.qos.logback.classic.joran.action.ConfigurationAction - debug attribute not set
15:07:30,364 |-INFO in ch.qos.logback.core.joran.action.AppenderAction - About to instantiate appender of type [ch.qos.logback.core.ConsoleAppender]
15:07:30,370 |-INFO in ch.qos.logback.core.joran.action.AppenderAction - Naming appender as [STDOUT]
15:07:30,378 |-INFO in ch.qos.logback.core.joran.action.NestedComplexPropertyIA - Assuming default type [ch.qos.logback.classic.encoder.PatternLayoutEncoder] for [encoder] property
15:07:30,424 |-INFO in ch.qos.logback.core.joran.action.AppenderAction - About to instantiate appender of type [ch.qos.logback.core.rolling.RollingFileAppender]
15:07:30,427 |-INFO in ch.qos.logback.core.joran.action.AppenderAction - Naming appender as [FILE]
15:07:30,446 |-INFO in c.q.l.core.rolling.TimeBasedRollingPolicy@1059063940 - No compression will be used
15:07:30,447 |-INFO in c.q.l.core.rolling.TimeBasedRollingPolicy@1059063940 - Will use the pattern /tmp/application_%d{yyyy-MM-dd}.%i.log for the active file
15:07:30,455 |-INFO in ch.qos.logback.core.rolling.SizeAndTimeBasedFNATP@4d339552 - The date pattern is 'yyyy-MM-dd' from file name pattern '/tmp/application_%d{yyyy-MM-dd}.%i.log'.
15:07:30,455 |-INFO in ch.qos.logback.core.rolling.SizeAndTimeBasedFNATP@4d339552 - Roll-over at midnight.
15:07:30,458 |-INFO in ch.qos.logback.core.rolling.SizeAndTimeBasedFNATP@4d339552 - Setting initial period to Thu Mar 29 15:02:56 UTC 2018
15:07:30,458 |-WARN in ch.qos.logback.core.rolling.SizeAndTimeBasedFNATP@4d339552 - SizeAndTimeBasedFNATP is deprecated. Use SizeAndTimeBasedRollingPolicy instead
15:07:30,458 |-WARN in ch.qos.logback.core.rolling.SizeAndTimeBasedFNATP@4d339552 - For more information see http://logback.qos.ch/manual/appenders.html#SizeAndTimeBasedRollingPolicy
15:07:30,463 |-INFO in ch.qos.logback.core.joran.action.NestedComplexPropertyIA - Assuming default type [ch.qos.logback.classic.encoder.PatternLayoutEncoder] for [encoder] property
15:07:30,467 |-INFO in ch.qos.logback.core.rolling.RollingFileAppender[FILE] - Active log file name: /tmp/application.log
15:07:30,467 |-INFO in ch.qos.logback.core.rolling.RollingFileAppender[FILE] - File property is set to [/tmp/application.log]
15:07:30,468 |-INFO in ch.qos.logback.classic.joran.action.RootLoggerAction - Setting level of ROOT logger to INFO
15:07:30,468 |-INFO in ch.qos.logback.core.joran.action.AppenderRefAction - Attaching appender named [STDOUT] to Logger[ROOT]
15:07:30,469 |-INFO in ch.qos.logback.core.joran.action.AppenderRefAction - Attaching appender named [FILE] to Logger[ROOT]
15:07:30,469 |-INFO in ch.qos.logback.classic.joran.action.ConfigurationAction - End of configuration.
15:07:30,469 |-INFO in ch.qos.logback.classic.joran.JoranConfigurator@f0f2775 - Registering current configuration as safe fallback point

15:07:30.473 [main] INFO  c.s.f.r.a.WorkerApplication  - Starting worker with id: '10.0.0.189', host: '10.0.0.189:5412', zkString: '10.0.0.14:2181'
15:07:31.345 [worker-akka.actor.default-dispatcher-2] INFO  a.e.s.Slf4jLogger  - Slf4jLogger started
2018-03-29T15:07:31.481+0000: 1.799: [Full GC (Metadata GC Threshold) 2018-03-29T15:07:31.481+0000: 1.799: [Tenured: 0K->15842K(341376K), 0.0380292 secs] 131339K->15842K(494976K), [Metaspace: 20928K->20928K(1067008K)], 0.0380918 secs] [Times: user=0.04 sys=0.00, real=0.04 secs] 
Ama winner
Ama winner
15:07:31.915 [worker-akka.actor.default-dispatcher-2] INFO  a.r.a.ArteryTransport(akka://worker) akka.remote.artery.ArteryTransport(akka://worker) - Started embedded media driver in directory [/dev/shm/aeron-10.0.0.189]
15:07:32.121 [worker-akka.actor.default-dispatcher-2] INFO  a.r.a.ArteryTransport(akka://worker) akka.remote.artery.ArteryTransport(akka://worker) - Remoting started; listening on address: [akka://worker@10.0.0.189:5412] with UID [-2861149073636767869]
15:07:32.206 [worker-akka.actor.default-dispatcher-6] INFO  a.a.RepointableActorRef akka://worker/user/watcher - Starting...
15:07:32.273 [worker-akka.actor.default-dispatcher-3] INFO  o.a.z.ZooKeeper  - Client environment:zookeeper.version=3.4.9-1757313, built on 08/23/2016 06:50 GMT
15:07:32.274 [worker-akka.actor.default-dispatcher-3] INFO  o.a.z.ZooKeeper  - Client environment:host.name=localhost
15:07:32.275 [worker-akka.actor.default-dispatcher-3] INFO  o.a.z.ZooKeeper  - Client environment:java.version=1.8.0_151
15:07:32.275 [worker-akka.actor.default-dispatcher-3] INFO  o.a.z.ZooKeeper  - Client environment:java.vendor=Oracle Corporation
15:07:32.275 [worker-akka.actor.default-dispatcher-3] INFO  o.a.z.ZooKeeper  - Client environment:java.home=/usr/lib/jvm/java-8-openjdk-amd64/jre
15:07:32.275 [worker-akka.actor.default-dispatcher-3] INFO  o.a.z.ZooKeeper  - Client environment:java.class.path=lib/commons-cli-1.4.jar:lib/minlog-1.3.0.jar:lib/asm-5.0.4.jar:lib/hadoop-annotations-2.7.3.jar:lib/hadoop-auth-2.7.3.jar:lib/akka-slf4j_2.11-2.5.6.jar:lib/jersey-core-1.9.jar:lib/lz4-1.3.0.jar:lib/jackson-core-asl-1.9.13.jar:lib/aeron-client-1.3.0.jar:lib/htrace-core-3.1.0-incubating.jar:lib/xz-1.0.jar:lib/commons-httpclient-3.1.jar:lib/asm-3.1.jar:lib/commons-lang3-3.4.jar:lib/scala-library-2.11.11.jar:lib/scala-java8-compat_2.11-0.7.0.jar:lib/commons-configuration-1.6.jar:lib/objenesis-2.1.jar:lib/jackson-annotations-2.8.0.jar:lib/jsr305-3.0.0.jar:lib/curator-framework-2.7.1.jar:lib/jersey-server-1.9.jar:lib/jets3t-0.9.0.jar:lib/leveldb-0.7.jar:lib/jetty-6.1.26.jar:lib/stax-api-1.0-2.jar:lib/flamestream-core-1.0-SNAPSHOT.jar:lib/reflectasm-1.07-shaded.jar:lib/apacheds-kerberos-codec-2.0.0-M15.jar:lib/api-asn1-api-1.0.0-M20.jar:lib/commons-lang-2.6.jar:lib/commons-beanutils-1.7.0.jar:lib/jackson-xc-1.8.3.jar:lib/jetty-util-6.1.26.jar:lib/logback-classic-1.2.3.jar:lib/jool-0.9.12.jar:lib/httpcore-4.1.2.jar:lib/kryo-4.0.0.jar:lib/ant-1.8.1.jar:lib/jaxb-impl-2.2.3-1.jar:lib/jersey-json-1.9.jar:lib/commons-compress-1.4.1.jar:lib/leveldbjni-all-1.8.jar:lib/paranamer-2.3.jar:lib/jackson-core-2.8.4.jar:lib/commons-math3-3.6.1.jar:lib/scala-parser-combinators_2.11-1.0.4.jar:lib/netty-3.10.6.Final.jar:lib/trove4j-3.0.3.jar:lib/jaxb-api-2.2.2.jar:lib/logback-core-1.2.3.jar:lib/snappy-java-1.0.4.1.jar:lib/protobuf-java-2.5.0.jar:lib/reactive-streams-1.0.1.jar:lib/flamestream-examples-1.0-SNAPSHOT.jar:lib/commons-codec-1.4.jar:lib/activation-1.1.jar:lib/commons-net-3.1.jar:lib/curator-recipes-2.7.1.jar:lib/jackson-mapper-asl-1.9.13.jar:lib/jackson-databind-2.8.4.jar:lib/flamestream-runtime-1.0-SNAPSHOT.jar:lib/jackson-jaxrs-1.8.3.jar:lib/slf4j-api-1.7.24.jar:lib/akka-remote_2.11-2.5.6.jar:lib/akka-testkit_2.11-2.5.6.jar:lib/jline-0.9.94.jar:lib/jedis-2.9.0.jar:lib/akka-stream_2.11-2.5.6.jar:lib/jsp-api-2.1.jar:lib/kryonet-2.21.jar:lib/akka-kryo-serialization_2.11-0.5.0.jar:lib/config-1.3.1.jar:lib/ant-launcher-1.8.1.jar:lib/commons-logging-1.2.jar:lib/ssl-config-core_2.11-0.2.2.jar:lib/testng-6.10.jar:lib/leveldb-api-0.7.jar:lib/reflectasm-1.11.3.jar:lib/jcommander-1.48.jar:lib/commons-1.1.jar:lib/commons-digester-1.8.jar:lib/minlog-1.2.jar:lib/java-xmlbuilder-0.4.jar:lib/jettison-1.1.jar:lib/gson-2.2.4.jar:lib/jdk.tools-1.8.jar:lib/aeron-driver-1.3.0.jar:lib/zookeeper-3.4.9.jar:lib/commons-beanutils-core-1.8.0.jar:lib/commons-math3-3.1.1.jar:lib/akka-actor_2.11-2.5.6.jar:lib/curator-client-2.7.1.jar:lib/servlet-api-2.5.jar:lib/commons-pool2-2.4.2.jar:lib/apacheds-i18n-2.0.0-M15.jar:lib/commons-io-2.4.jar:lib/commons-codec-1.6.jar:lib/akka-protobuf_2.11-2.5.6.jar:lib/jdom-2.0.2.jar:lib/rocksdbjni-5.5.1.jar:lib/api-util-1.0.0-M20.jar:lib/hadoop-common-2.7.3.jar:lib/agrona-0.9.6.jar:lib/xmlenc-0.52.jar:lib/guava-21.0.jar:lib/commons-collections-3.2.2.jar:lib/avro-1.7.4.jar:lib/httpclient-4.1.2.jar:lib/flamestream-core-1.0-SNAPSHOT-tests.jar:lib/annotations-12.0.jar:lib/jsch-0.1.42.jar:flamestream-runtime-1.0-SNAPSHOT.jar
15:07:32.277 [worker-akka.actor.default-dispatcher-3] INFO  o.a.z.ZooKeeper  - Client environment:java.library.path=/usr/java/packages/lib/amd64:/usr/lib/x86_64-linux-gnu/jni:/lib/x86_64-linux-gnu:/usr/lib/x86_64-linux-gnu:/usr/lib/jni:/lib:/usr/lib
15:07:32.277 [worker-akka.actor.default-dispatcher-3] INFO  o.a.z.ZooKeeper  - Client environment:java.io.tmpdir=/tmp
15:07:32.277 [worker-akka.actor.default-dispatcher-3] INFO  o.a.z.ZooKeeper  - Client environment:java.compiler=<NA>
15:07:32.277 [worker-akka.actor.default-dispatcher-3] INFO  o.a.z.ZooKeeper  - Client environment:os.name=Linux
15:07:32.277 [worker-akka.actor.default-dispatcher-3] INFO  o.a.z.ZooKeeper  - Client environment:os.arch=amd64
15:07:32.278 [worker-akka.actor.default-dispatcher-3] INFO  o.a.z.ZooKeeper  - Client environment:os.version=4.4.0-1049-aws
15:07:32.279 [worker-akka.actor.default-dispatcher-3] INFO  o.a.z.ZooKeeper  - Client environment:user.name=root
15:07:32.280 [worker-akka.actor.default-dispatcher-3] INFO  o.a.z.ZooKeeper  - Client environment:user.home=/root
15:07:32.280 [worker-akka.actor.default-dispatcher-3] INFO  o.a.z.ZooKeeper  - Client environment:user.dir=/opt/flamestream
15:07:32.282 [worker-akka.actor.default-dispatcher-3] INFO  o.a.z.ZooKeeper  - Initiating client connection, connectString=10.0.0.14:2181 sessionTimeout=5000 watcher=com.spbsu.flamestream.runtime.application.LifecycleWatcher$$Lambda$30/413149241@4f04353c
15:07:32.321 [worker-akka.actor.default-dispatcher-3-SendThread(10.0.0.14:2181)] INFO  o.a.z.ClientCnxn  - Opening socket connection to server 10.0.0.14/10.0.0.14:2181. Will not attempt to authenticate using SASL (unknown error)
15:07:32.331 [worker-akka.actor.default-dispatcher-3-SendThread(10.0.0.14:2181)] INFO  o.a.z.ClientCnxn  - Socket connection established to 10.0.0.14/10.0.0.14:2181, initiating session
15:07:32.339 [worker-akka.actor.default-dispatcher-3-SendThread(10.0.0.14:2181)] INFO  o.a.z.ClientCnxn  - Session establishment complete on server 10.0.0.14/10.0.0.14:2181, sessionid = 0x162724b934d000b, negotiated timeout = 6000
15:07:32.347 [worker-akka.actor.default-dispatcher-6] INFO  a.a.RepointableActorRef akka://worker/user/watcher - Initializing rocksDB backend
15:07:32.520 [worker-akka.actor.default-dispatcher-6] INFO  a.a.RepointableActorRef akka://worker/user/watcher - Connected to ZK
15:07:40.609 [worker-akka.actor.default-dispatcher-6] INFO  a.a.RepointableActorRef akka://worker/user/watcher - Creating node with watchGraphs: 'com.spbsu.flamestream.core.Graph$Builder$MyGraph@45f825b7', config: 'ClusterConfig{paths={10.0.0.82=akka://worker@10.0.0.82:5412/user/watcher, 10.0.0.102=akka://worker@10.0.0.102:5412/user/watcher, 10.0.0.39=akka://worker@10.0.0.39:5412/user/watcher, 10.0.0.225=akka://worker@10.0.0.225:5412/user/watcher, 10.0.0.27=akka://worker@10.0.0.27:5412/user/watcher, 10.0.0.236=akka://worker@10.0.0.236:5412/user/watcher, 10.0.0.25=akka://worker@10.0.0.25:5412/user/watcher, 10.0.0.167=akka://worker@10.0.0.167:5412/user/watcher, 10.0.0.46=akka://worker@10.0.0.46:5412/user/watcher, 10.0.0.189=akka://worker@10.0.0.189:5412/user/watcher}, ackerLocation='10.0.0.46', props=ComputationLayout{hashGroups={10.0.0.82=com.spbsu.flamestream.runtime.config.HashGroup@1ffe1b9d, 10.0.0.102=com.spbsu.flamestream.runtime.config.HashGroup@5d5c21bc, 10.0.0.39=com.spbsu.flamestream.runtime.config.HashGroup@56dcaf5d, 10.0.0.225=com.spbsu.flamestream.runtime.config.HashGroup@c65a7748, 10.0.0.27=com.spbsu.flamestream.runtime.config.HashGroup@231425fe, 10.0.0.236=com.spbsu.flamestream.runtime.config.HashGroup@fbc82752, 10.0.0.25=com.spbsu.flamestream.runtime.config.HashGroup@ccbcd570, 10.0.0.167=com.spbsu.flamestream.runtime.config.HashGroup@4276a447, 10.0.0.46=com.spbsu.flamestream.runtime.config.HashGroup@c01f, 10.0.0.189=com.spbsu.flamestream.runtime.config.HashGroup@3fc198ed}}}'
15:07:41.485 [worker-akka.actor.default-dispatcher-3] INFO  a.a.LocalActorRef akka://worker/user/watcher/graph_at_0/graph - Starting...
15:07:41.493 [worker-akka.actor.default-dispatcher-4] INFO  a.a.LocalActorRef akka://worker/user/watcher/graph_at_0/graph/local-acker/$a - Starting...
15:07:41.501 [worker-akka.actor.default-dispatcher-3] INFO  a.a.LocalActorRef akka://worker/user/watcher/graph_at_0/graph/local-acker - Starting...
15:07:43.327 [worker-akka.actor.default-dispatcher-4] INFO  a.a.LocalActorRef akka://worker/user/watcher/graph_at_0/graph - Finishing constructor
15:07:43.328 [worker-akka.actor.default-dispatcher-4] INFO  a.a.LocalActorRef akka://worker/user/watcher/graph_at_0/negotiator - Starting...
15:07:43.330 [worker-akka.actor.default-dispatcher-5] INFO  a.a.LocalActorRef akka://worker/user/watcher/graph_at_0/edge - Starting...
15:07:43.332 [worker-akka.actor.default-dispatcher-4] INFO  a.a.LocalActorRef akka://worker/user/watcher/graph_at_0 - Starting FlameNode with config 'ClusterConfig{paths={10.0.0.82=akka://worker@10.0.0.82:5412/user/watcher/graph_at_0, 10.0.0.102=akka://worker@10.0.0.102:5412/user/watcher/graph_at_0, 10.0.0.39=akka://worker@10.0.0.39:5412/user/watcher/graph_at_0, 10.0.0.225=akka://worker@10.0.0.225:5412/user/watcher/graph_at_0, 10.0.0.27=akka://worker@10.0.0.27:5412/user/watcher/graph_at_0, 10.0.0.236=akka://worker@10.0.0.236:5412/user/watcher/graph_at_0, 10.0.0.25=akka://worker@10.0.0.25:5412/user/watcher/graph_at_0, 10.0.0.167=akka://worker@10.0.0.167:5412/user/watcher/graph_at_0, 10.0.0.46=akka://worker@10.0.0.46:5412/user/watcher/graph_at_0, 10.0.0.189=akka://worker@10.0.0.189:5412/user/watcher/graph_at_0}, ackerLocation='10.0.0.46', props=ComputationLayout{hashGroups={10.0.0.82=com.spbsu.flamestream.runtime.config.HashGroup@1ffe1b9d, 10.0.0.102=com.spbsu.flamestream.runtime.config.HashGroup@5d5c21bc, 10.0.0.39=com.spbsu.flamestream.runtime.config.HashGroup@56dcaf5d, 10.0.0.225=com.spbsu.flamestream.runtime.config.HashGroup@c65a7748, 10.0.0.27=com.spbsu.flamestream.runtime.config.HashGroup@231425fe, 10.0.0.236=com.spbsu.flamestream.runtime.config.HashGroup@fbc82752, 10.0.0.25=com.spbsu.flamestream.runtime.config.HashGroup@ccbcd570, 10.0.0.167=com.spbsu.flamestream.runtime.config.HashGroup@4276a447, 10.0.0.46=com.spbsu.flamestream.runtime.config.HashGroup@c01f, 10.0.0.189=com.spbsu.flamestream.runtime.config.HashGroup@3fc198ed}}}'
15:07:43.358 [worker-akka.actor.default-dispatcher-4] INFO  a.a.LocalActorRef akka://worker/user/watcher/graph_at_0/negotiator - Requesting ticket for the frontClass FlameSocketGraphDeployerFront@10.0.0.189
15:07:43.371 [worker-akka.actor.default-dispatcher-5] INFO  a.a.LocalActorRef akka://worker/user/watcher/graph_at_0/graph - Received last commit 'LastCommit{globalTime=(0000000, min@min)}'
15:07:43.393 [worker-akka.actor.default-dispatcher-3] INFO  c.s.f.r.e.s.SocketRear  - FlameSocketGraphDeployerRear@10.0.0.189: connecting to 10.0.0.14:5678
15:07:43.407 [worker-akka.actor.default-dispatcher-5] INFO  a.a.LocalActorRef akka://worker/user/watcher/graph_at_0/edge/FlameSocketGraphDeployerFront - Starting...
15:07:43.412 [worker-akka.actor.default-dispatcher-3] INFO  c.s.f.r.e.s.SocketRear  - FlameSocketGraphDeployerRear@10.0.0.189: connected to 10.0.0.14:5678
15:07:43.413 [worker-akka.actor.default-dispatcher-6] INFO  a.a.LocalActorRef akka://worker/user/watcher/graph_at_0/edge/FlameSocketGraphDeployerRear - Starting...
15:07:43.466 [worker-akka.actor.default-dispatcher-3] INFO  a.a.LocalActorRef akka://worker/user/watcher/graph_at_0/graph/$a - Starting...
15:07:43.488 [worker-akka.actor.default-dispatcher-3] INFO  a.a.LocalActorRef akka://worker/user/watcher/graph_at_0/graph/$a - Attached rear to graph (-9223372036854775808, min@min)
15:07:43.489 [worker-akka.actor.default-dispatcher-3] INFO  a.a.LocalActorRef akka://worker/user/watcher/graph_at_0/graph/$b - Starting...
15:07:43.492 [worker-akka.actor.default-dispatcher-3] INFO  a.a.LocalActorRef akka://worker/user/watcher/graph_at_0/graph/$c - Starting...
15:07:43.586 [worker-akka.actor.default-dispatcher-3] INFO  a.a.LocalActorRef akka://worker/user/watcher/graph_at_0/negotiator - Ticket for the frontClass received: FrontTicket{allowedTimestamp=(0000000, FlameSocketGraphDeployerFront@10.0.0.189)}
15:07:43.594 [worker-akka.actor.default-dispatcher-3] INFO  c.s.f.r.e.s.SocketFront  - FlameSocketGraphDeployerFront@10.0.0.189: connecting to 10.0.0.14:4567
15:07:43.615 [Client] INFO  c.s.f.r.e.s.SocketFront  - FlameSocketGraphDeployerFront@10.0.0.189 has been disconnected from Connection 10
2018-03-29T15:07:47.806+0000: 18.124: [GC (Allocation Failure) 2018-03-29T15:07:47.806+0000: 18.124: [DefNew: 136576K->16188K(153600K), 0.0251345 secs] 152418K->51561K(494976K), 0.0251967 secs] [Times: user=0.02 sys=0.01, real=0.03 secs] 
2018-03-29T15:07:56.686+0000: 27.004: [GC (Allocation Failure) 2018-03-29T15:07:56.686+0000: 27.004: [DefNew: 152764K->6520K(153600K), 0.0211695 secs] 188137K->49911K(494976K), 0.0212330 secs] [Times: user=0.01 sys=0.00, real=0.02 secs] 
2018-03-29T15:08:09.722+0000: 40.040: [GC (Allocation Failure) 2018-03-29T15:08:09.723+0000: 40.040: [DefNew: 142270K->11009K(153600K), 0.0153494 secs] 185660K->54400K(494976K), 0.0154183 secs] [Times: user=0.02 sys=0.00, real=0.02 secs] 
2018-03-29T15:08:18.725+0000: 49.043: [GC (Allocation Failure) 2018-03-29T15:08:18.725+0000: 49.043: [DefNew: 146011K->10823K(153600K), 0.0197300 secs] 189402K->56273K(494976K), 0.0197968 secs] [Times: user=0.02 sys=0.00, real=0.02 secs] 
2018-03-29T15:08:29.220+0000: 59.538: [GC (Allocation Failure) 2018-03-29T15:08:29.220+0000: 59.538: [DefNew: 147399K->10668K(153600K), 0.0180806 secs] 192849K->59876K(494976K), 0.0181449 secs] [Times: user=0.01 sys=0.01, real=0.02 secs] 
2018-03-29T15:08:36.715+0000: 67.032: [GC (Allocation Failure) 2018-03-29T15:08:36.715+0000: 67.033: [DefNew: 147244K->10332K(153600K), 0.0210140 secs] 196452K->67503K(494976K), 0.0210855 secs] [Times: user=0.02 sys=0.00, real=0.03 secs] 
2018-03-29T15:08:45.423+0000: 75.741: [GC (Allocation Failure) 2018-03-29T15:08:45.423+0000: 75.741: [DefNew: 146908K->4613K(153600K), 0.0149230 secs] 204079K->68002K(494976K), 0.0149981 secs] [Times: user=0.01 sys=0.00, real=0.02 secs] 
2018-03-29T15:08:54.316+0000: 84.634: [GC (Allocation Failure) 2018-03-29T15:08:54.316+0000: 84.634: [DefNew: 141189K->6440K(153600K), 0.0133189 secs] 204578K->69830K(494976K), 0.0133841 secs] [Times: user=0.01 sys=0.00, real=0.01 secs] 
2018-03-29T15:09:02.775+0000: 93.093: [GC (Allocation Failure) 2018-03-29T15:09:02.775+0000: 93.093: [DefNew: 139854K->8881K(153600K), 0.0300946 secs] 203244K->72271K(494976K), 0.0301735 secs] [Times: user=0.02 sys=0.00, real=0.03 secs] 
2018-03-29T15:09:12.684+0000: 103.002: [GC (Allocation Failure) 2018-03-29T15:09:12.684+0000: 103.002: [DefNew: 145457K->7523K(153600K), 0.0159898 secs] 208847K->72501K(494976K), 0.0160684 secs] [Times: user=0.02 sys=0.00, real=0.02 secs] 
2018-03-29T15:09:20.905+0000: 111.223: [GC (Allocation Failure) 2018-03-29T15:09:20.905+0000: 111.223: [DefNew: 144099K->8416K(153600K), 0.0138460 secs] 209077K->73394K(494976K), 0.0139132 secs] [Times: user=0.02 sys=0.00, real=0.02 secs] 
2018-03-29T15:09:28.783+0000: 119.101: [GC (Allocation Failure) 2018-03-29T15:09:28.784+0000: 119.101: [DefNew: 144992K->9711K(153600K), 0.0153679 secs] 209970K->74689K(494976K), 0.0154290 secs] [Times: user=0.02 sys=0.00, real=0.02 secs] 
2018-03-29T15:09:35.751+0000: 126.069: [GC (Allocation Failure) 2018-03-29T15:09:35.751+0000: 126.069: [DefNew: 143022K->12199K(153600K), 0.0218332 secs] 208000K->78325K(494976K), 0.0219221 secs] [Times: user=0.02 sys=0.00, real=0.02 secs] 
2018-03-29T15:09:43.588+0000: 133.906: [GC (Allocation Failure) 2018-03-29T15:09:43.588+0000: 133.906: [DefNew: 148775K->17024K(153600K), 0.0227958 secs] 214901K->93604K(494976K), 0.0228615 secs] [Times: user=0.02 sys=0.00, real=0.02 secs] 
2018-03-29T15:09:52.398+0000: 142.716: [GC (Allocation Failure) 2018-03-29T15:09:52.398+0000: 142.716: [DefNew: 153600K->4388K(153600K), 0.0153279 secs] 230180K->97732K(494976K), 0.0153974 secs] [Times: user=0.01 sys=0.00, real=0.01 secs] 
2018-03-29T15:10:01.038+0000: 151.356: [GC (Allocation Failure) 2018-03-29T15:10:01.038+0000: 151.356: [DefNew: 140964K->5882K(153600K), 0.0114781 secs] 234308K->99226K(494976K), 0.0115454 secs] [Times: user=0.01 sys=0.00, real=0.01 secs] 
2018-03-29T15:10:09.012+0000: 159.330: [GC (Allocation Failure) 2018-03-29T15:10:09.012+0000: 159.330: [DefNew: 142458K->7452K(153600K), 0.0138671 secs] 235802K->100796K(494976K), 0.0139363 secs] [Times: user=0.01 sys=0.00, real=0.01 secs] 
2018-03-29T15:10:17.177+0000: 167.495: [GC (Allocation Failure) 2018-03-29T15:10:17.177+0000: 167.495: [DefNew: 144028K->8304K(153600K), 0.0133941 secs] 237372K->101648K(494976K), 0.0134597 secs] [Times: user=0.01 sys=0.00, real=0.01 secs] 
2018-03-29T15:10:24.718+0000: 175.036: [GC (Allocation Failure) 2018-03-29T15:10:24.718+0000: 175.036: [DefNew: 144880K->10869K(153600K), 0.0167871 secs] 238224K->104213K(494976K), 0.0168552 secs] [Times: user=0.01 sys=0.00, real=0.01 secs] 
2018-03-29T15:10:31.372+0000: 181.690: [GC (Allocation Failure) 2018-03-29T15:10:31.373+0000: 181.690: [DefNew: 147445K->7845K(153600K), 0.0341462 secs] 240789K->104273K(494976K), 0.0342339 secs] [Times: user=0.03 sys=0.00, real=0.03 secs] 
2018-03-29T15:10:38.481+0000: 188.799: [GC (Allocation Failure) 2018-03-29T15:10:38.481+0000: 188.799: [DefNew: 144421K->8587K(153600K), 0.0136853 secs] 240849K->105014K(494976K), 0.0137625 secs] [Times: user=0.02 sys=0.00, real=0.01 secs] 
2018-03-29T15:10:45.717+0000: 196.035: [GC (Allocation Failure) 2018-03-29T15:10:45.717+0000: 196.035: [DefNew: 145144K->9965K(153600K), 0.0174207 secs] 241572K->107262K(494976K), 0.0174867 secs] [Times: user=0.02 sys=0.00, real=0.01 secs] 
2018-03-29T15:10:52.757+0000: 203.075: [GC (Allocation Failure) 2018-03-29T15:10:52.758+0000: 203.075: [DefNew: 142701K->9682K(153600K), 0.0196062 secs] 239998K->109186K(494976K), 0.0196742 secs] [Times: user=0.02 sys=0.00, real=0.02 secs] 
2018-03-29T15:10:59.727+0000: 210.045: [GC (Allocation Failure) 2018-03-29T15:10:59.727+0000: 210.045: [DefNew: 146258K->8112K(153600K), 0.0151930 secs] 245762K->108661K(494976K), 0.0152616 secs] [Times: user=0.02 sys=0.00, real=0.02 secs] 
2018-03-29T15:11:05.830+0000: 216.148: [GC (Allocation Failure) 2018-03-29T15:11:05.830+0000: 216.148: [DefNew: 139058K->10673K(153600K), 0.0323180 secs] 239607K->111222K(494976K), 0.0323935 secs] [Times: user=0.04 sys=0.00, real=0.03 secs] 
2018-03-29T15:11:12.474+0000: 222.791: [GC (Allocation Failure) 2018-03-29T15:11:12.474+0000: 222.791: [DefNew: 147249K->6826K(153600K), 0.0160586 secs] 247798K->110356K(494976K), 0.0161285 secs] [Times: user=0.01 sys=0.01, real=0.02 secs] 
2018-03-29T15:11:19.413+0000: 229.731: [GC (Allocation Failure) 2018-03-29T15:11:19.413+0000: 229.731: [DefNew: 143402K->8339K(153600K), 0.0130938 secs] 246932K->111869K(494976K), 0.0131668 secs] [Times: user=0.01 sys=0.00, real=0.01 secs] 
2018-03-29T15:11:25.378+0000: 235.696: [GC (Allocation Failure) 2018-03-29T15:11:25.378+0000: 235.696: [DefNew: 144915K->9018K(153600K), 0.0261749 secs] 248445K->112547K(494976K), 0.0262404 secs] [Times: user=0.02 sys=0.00, real=0.02 secs] 
2018-03-29T15:11:32.714+0000: 243.032: [GC (Allocation Failure) 2018-03-29T15:11:32.714+0000: 243.032: [DefNew: 145594K->10023K(153600K), 0.0171220 secs] 249123K->114505K(494976K), 0.0171916 secs] [Times: user=0.01 sys=0.00, real=0.02 secs] 
2018-03-29T15:11:39.717+0000: 250.035: [GC (Allocation Failure) 2018-03-29T15:11:39.717+0000: 250.035: [DefNew: 146599K->9268K(153600K), 0.0178690 secs] 251081K->115753K(494976K), 0.0179533 secs] [Times: user=0.02 sys=0.00, real=0.01 secs] 
2018-03-29T15:11:46.392+0000: 256.710: [GC (Allocation Failure) 2018-03-29T15:11:46.392+0000: 256.710: [DefNew: 145844K->7940K(153600K), 0.0139496 secs] 252329K->115615K(494976K), 0.0140190 secs] [Times: user=0.01 sys=0.00, real=0.01 secs] 
2018-03-29T15:11:52.767+0000: 263.085: [GC (Allocation Failure) 2018-03-29T15:11:52.767+0000: 263.085: [DefNew: 143134K->11649K(153600K), 0.0186163 secs] 250809K->119325K(494976K), 0.0186831 secs] [Times: user=0.02 sys=0.00, real=0.02 secs] 
2018-03-29T15:11:58.774+0000: 269.092: [GC (Allocation Failure) 2018-03-29T15:11:58.774+0000: 269.092: [DefNew: 142591K->9111K(153600K), 0.0201744 secs] 250266K->119753K(494976K), 0.0202390 secs] [Times: user=0.02 sys=0.00, real=0.02 secs] 
2018-03-29T15:12:04.777+0000: 275.095: [GC (Allocation Failure) 2018-03-29T15:12:04.777+0000: 275.095: [DefNew: 141669K->6889K(153600K), 0.0131286 secs] 252311K->118702K(494976K), 0.0131972 secs] [Times: user=0.02 sys=0.00, real=0.01 secs] 
2018-03-29T15:12:10.770+0000: 281.088: [GC (Allocation Failure) 2018-03-29T15:12:10.770+0000: 281.088: [DefNew: 141239K->8701K(153600K), 0.0136554 secs] 253051K->120513K(494976K), 0.0137218 secs] [Times: user=0.02 sys=0.00, real=0.01 secs] 
2018-03-29T15:12:15.777+0000: 286.095: [GC (Allocation Failure) 2018-03-29T15:12:15.777+0000: 286.095: [DefNew: 145277K->9392K(153600K), 0.0163725 secs] 257089K->122149K(494976K), 0.0164521 secs] [Times: user=0.02 sys=0.00, real=0.01 secs] 
2018-03-29T15:12:21.719+0000: 292.037: [GC (Allocation Failure) 2018-03-29T15:12:21.719+0000: 292.037: [DefNew: 145968K->10856K(153600K), 0.0176991 secs] 258725K->124623K(494976K), 0.0177719 secs] [Times: user=0.02 sys=0.00, real=0.02 secs] 
2018-03-29T15:12:26.710+0000: 297.028: [GC (Allocation Failure) 2018-03-29T15:12:26.710+0000: 297.028: [DefNew: 147432K->17024K(153600K), 0.0208804 secs] 261199K->140572K(494976K), 0.0209464 secs] [Times: user=0.02 sys=0.00, real=0.02 secs] 
2018-03-29T15:12:31.434+0000: 301.752: [GC (Allocation Failure) 2018-03-29T15:12:31.434+0000: 301.752: [DefNew: 153600K->17024K(153600K), 0.0194910 secs] 277148K->160810K(494976K), 0.0195594 secs] [Times: user=0.02 sys=0.00, real=0.02 secs] 
2018-03-29T15:12:36.775+0000: 307.093: [GC (Allocation Failure) 2018-03-29T15:12:36.775+0000: 307.093: [DefNew: 152758K->5425K(153600K), 0.0210366 secs] 296544K->165906K(494976K), 0.0211066 secs] [Times: user=0.01 sys=0.01, real=0.03 secs] 
2018-03-29T15:12:42.715+0000: 313.033: [GC (Allocation Failure) 2018-03-29T15:12:42.715+0000: 313.033: [DefNew: 142001K->8354K(153600K), 0.0127677 secs] 302482K->168835K(494976K), 0.0128322 secs] [Times: user=0.01 sys=0.00, real=0.02 secs] 
2018-03-29T15:12:47.912+0000: 318.230: [GC (Allocation Failure) 2018-03-29T15:12:47.912+0000: 318.230: [DefNew: 144930K->8745K(153600K), 0.0123469 secs] 305411K->169226K(494976K), 0.0124188 secs] [Times: user=0.02 sys=0.00, real=0.01 secs] 
2018-03-29T15:12:53.721+0000: 324.039: [GC (Allocation Failure) 2018-03-29T15:12:53.721+0000: 324.039: [DefNew: 145321K->11079K(153600K), 0.0180736 secs] 305802K->172631K(494976K), 0.0181425 secs] [Times: user=0.01 sys=0.00, real=0.02 secs] 
2018-03-29T15:12:58.860+0000: 329.178: [GC (Allocation Failure) 2018-03-29T15:12:58.860+0000: 329.178: [DefNew: 145370K->7711K(153600K), 0.0333980 secs] 306922K->171783K(494976K), 0.0334746 secs] [Times: user=0.03 sys=0.01, real=0.03 secs] 
2018-03-29T15:13:04.632+0000: 334.950: [GC (Allocation Failure) 2018-03-29T15:13:04.632+0000: 334.950: [DefNew: 144287K->9036K(153600K), 0.0125421 secs] 308359K->173109K(494976K), 0.0126085 secs] [Times: user=0.01 sys=0.00, real=0.01 secs] 
2018-03-29T15:13:09.788+0000: 340.105: [GC (Allocation Failure) 2018-03-29T15:13:09.788+0000: 340.105: [DefNew: 139251K->8454K(153600K), 0.0134279 secs] 303323K->173679K(494976K), 0.0134910 secs] [Times: user=0.01 sys=0.00, real=0.02 secs] 
2018-03-29T15:13:15.714+0000: 346.032: [GC (Allocation Failure) 2018-03-29T15:13:15.715+0000: 346.032: [DefNew: 145030K->10175K(153600K), 0.0137297 secs] 310255K->175400K(494976K), 0.0138098 secs] [Times: user=0.01 sys=0.00, real=0.02 secs] 
2018-03-29T15:13:20.714+0000: 351.032: [GC (Allocation Failure) 2018-03-29T15:13:20.714+0000: 351.032: [DefNew: 146751K->9353K(153600K), 0.0161077 secs] 311976K->176637K(494976K), 0.0161822 secs] [Times: user=0.01 sys=0.00, real=0.02 secs] 
2018-03-29T15:13:25.976+0000: 356.294: [GC (Allocation Failure) 2018-03-29T15:13:25.976+0000: 356.294: [DefNew: 145929K->8028K(153600K), 0.0258777 secs] 313213K->176320K(494976K), 0.0259479 secs] [Times: user=0.03 sys=0.00, real=0.02 secs] 
2018-03-29T15:13:30.857+0000: 361.175: [GC (Allocation Failure) 2018-03-29T15:13:30.857+0000: 361.175: [DefNew: 144604K->9645K(153600K), 0.0135301 secs] 312896K->177937K(494976K), 0.0136042 secs] [Times: user=0.01 sys=0.00, real=0.01 secs] 
2018-03-29T15:13:36.441+0000: 366.758: [GC (Allocation Failure) 2018-03-29T15:13:36.441+0000: 366.758: [DefNew: 146221K->8863K(153600K), 0.0149568 secs] 314513K->178914K(494976K), 0.0150397 secs] [Times: user=0.02 sys=0.00, real=0.02 secs] 
2018-03-29T15:13:41.792+0000: 372.110: [GC (Allocation Failure) 2018-03-29T15:13:41.792+0000: 372.110: [DefNew: 144567K->8804K(153600K), 0.0136508 secs] 314617K->179745K(494976K), 0.0137212 secs] [Times: user=0.02 sys=0.00, real=0.01 secs] 
2018-03-29T15:13:46.893+0000: 377.210: [GC (Allocation Failure) 2018-03-29T15:13:46.893+0000: 377.210: [DefNew: 145380K->8392K(153600K), 0.0146502 secs] 316321K->180557K(494976K), 0.0147099 secs] [Times: user=0.01 sys=0.00, real=0.01 secs] 
2018-03-29T15:13:52.186+0000: 382.504: [GC (Allocation Failure) 2018-03-29T15:13:52.186+0000: 382.504: [DefNew: 144968K->9699K(153600K), 0.0130895 secs] 317133K->181864K(494976K), 0.0131586 secs] [Times: user=0.01 sys=0.00, real=0.02 secs] 
2018-03-29T15:13:57.710+0000: 388.028: [GC (Allocation Failure) 2018-03-29T15:13:57.710+0000: 388.028: [DefNew: 146275K->10305K(153600K), 0.0160586 secs] 318440K->183472K(494976K), 0.0161382 secs] [Times: user=0.01 sys=0.00, real=0.01 secs] 
2018-03-29T15:14:02.473+0000: 392.791: [GC (Allocation Failure) 2018-03-29T15:14:02.473+0000: 392.791: [DefNew: 146881K->9547K(153600K), 0.0151383 secs] 320048K->184355K(494976K), 0.0152096 secs] [Times: user=0.02 sys=0.00, real=0.02 secs] 
2018-03-29T15:14:07.885+0000: 398.203: [GC (Allocation Failure) 2018-03-29T15:14:07.885+0000: 398.203: [DefNew: 138243K->8897K(153600K), 0.0214677 secs] 313051K->184775K(494976K), 0.0215364 secs] [Times: user=0.02 sys=0.00, real=0.02 secs] 
2018-03-29T15:14:12.400+0000: 402.718: [GC (Allocation Failure) 2018-03-29T15:14:12.400+0000: 402.718: [DefNew: 145473K->9262K(153600K), 0.0136791 secs] 321351K->186599K(494976K), 0.0137482 secs] [Times: user=0.01 sys=0.00, real=0.01 secs] 
2018-03-29T15:14:17.729+0000: 408.047: [GC (Allocation Failure) 2018-03-29T15:14:17.729+0000: 408.047: [DefNew: 145838K->12207K(153600K), 0.0197398 secs] 323175K->190909K(494976K), 0.0198131 secs] [Times: user=0.02 sys=0.00, real=0.02 secs] 
2018-03-29T15:14:22.716+0000: 413.034: [GC (Allocation Failure) 2018-03-29T15:14:22.716+0000: 413.034: [DefNew: 148783K->9277K(153600K), 0.0169978 secs] 327485K->190743K(494976K), 0.0170748 secs] [Times: user=0.01 sys=0.00, real=0.01 secs] 
2018-03-29T15:14:26.824+0000: 417.141: [GC (Allocation Failure) 2018-03-29T15:14:26.824+0000: 417.141: [DefNew: 140388K->7995K(153600K), 0.0131503 secs] 321854K->190769K(494976K), 0.0132203 secs] [Times: user=0.01 sys=0.01, real=0.02 secs] 
2018-03-29T15:14:31.766+0000: 422.084: [GC (Allocation Failure) 2018-03-29T15:14:31.766+0000: 422.084: [DefNew: 144571K->12405K(153600K), 0.0337321 secs] 327345K->195179K(494976K), 0.0337976 secs] [Times: user=0.03 sys=0.00, real=0.04 secs] 
2018-03-29T15:14:36.709+0000: 427.027: [GC (Allocation Failure) 2018-03-29T15:14:36.709+0000: 427.027: [DefNew: 148981K->7551K(153600K), 0.0151359 secs] 331755K->193333K(494976K), 0.0152083 secs] [Times: user=0.02 sys=0.00, real=0.01 secs] 
2018-03-29T15:14:41.707+0000: 432.025: [GC (Allocation Failure) 2018-03-29T15:14:41.707+0000: 432.025: [DefNew: 144127K->9859K(153600K), 0.0134854 secs] 329909K->195640K(494976K), 0.0136018 secs] [Times: user=0.01 sys=0.00, real=0.02 secs] 
2018-03-29T15:14:45.809+0000: 436.127: [GC (Allocation Failure) 2018-03-29T15:14:45.809+0000: 436.127: [DefNew: 137821K->8906K(153600K), 0.0129797 secs] 323603K->195736K(494976K), 0.0130517 secs] [Times: user=0.01 sys=0.00, real=0.01 secs] 
2018-03-29T15:14:50.645+0000: 440.963: [GC (Allocation Failure) 2018-03-29T15:14:50.645+0000: 440.963: [DefNew: 145482K->9306K(153600K), 0.0145817 secs] 332312K->197466K(494976K), 0.0146504 secs] [Times: user=0.01 sys=0.00, real=0.02 secs] 
2018-03-29T15:14:55.716+0000: 446.034: [GC (Allocation Failure) 2018-03-29T15:14:55.716+0000: 446.034: [DefNew: 145882K->9408K(153600K), 0.0251959 secs] 334042K->198803K(494976K), 0.0252649 secs] [Times: user=0.03 sys=0.00, real=0.02 secs] 
2018-03-29T15:15:00.809+0000: 451.127: [GC (Allocation Failure) 2018-03-29T15:15:00.809+0000: 451.127: [DefNew: 145139K->9087K(153600K), 0.0136325 secs] 334533K->199506K(494976K), 0.0137023 secs] [Times: user=0.02 sys=0.00, real=0.01 secs] 
2018-03-29T15:15:05.730+0000: 456.048: [GC (Allocation Failure) 2018-03-29T15:15:05.730+0000: 456.048: [DefNew: 145663K->11926K(153600K), 0.0187244 secs] 336082K->203736K(494976K), 0.0187972 secs] [Times: user=0.02 sys=0.00, real=0.02 secs] 
2018-03-29T15:15:10.089+0000: 460.407: [GC (Allocation Failure) 2018-03-29T15:15:10.089+0000: 460.407: [DefNew: 148502K->7313K(153600K), 0.0136782 secs] 340312K->201969K(494976K), 0.0137482 secs] [Times: user=0.01 sys=0.00, real=0.01 secs] 
2018-03-29T15:15:14.807+0000: 465.125: [GC (Allocation Failure) 2018-03-29T15:15:14.807+0000: 465.125: [DefNew: 141312K->9519K(153600K), 0.0133484 secs] 335968K->204175K(494976K), 0.0134226 secs] [Times: user=0.01 sys=0.00, real=0.02 secs] 
2018-03-29T15:15:19.735+0000: 470.053: [GC (Allocation Failure) 2018-03-29T15:15:19.735+0000: 470.053: [DefNew: 146095K->11202K(153600K), 0.0280860 secs] 340751K->206885K(494976K), 0.0281588 secs] [Times: user=0.02 sys=0.00, real=0.03 secs] 
2018-03-29T15:15:23.803+0000: 474.121: [GC (Allocation Failure) 2018-03-29T15:15:23.803+0000: 474.121: [DefNew: 136281K->6913K(153600K), 0.0134584 secs] 331964K->206174K(494976K), 0.0135282 secs] [Times: user=0.01 sys=0.00, real=0.02 secs] 
2018-03-29T15:15:28.812+0000: 479.130: [GC (Allocation Failure) 2018-03-29T15:15:28.812+0000: 479.130: [DefNew: 132384K->8041K(153600K), 0.0101321 secs] 331645K->207302K(494976K), 0.0102050 secs] [Times: user=0.01 sys=0.00, real=0.01 secs] 
2018-03-29T15:15:32.757+0000: 483.075: [GC (Allocation Failure) 2018-03-29T15:15:32.757+0000: 483.075: [DefNew: 144617K->11227K(153600K), 0.0156489 secs] 343878K->210488K(494976K), 0.0157198 secs] [Times: user=0.01 sys=0.00, real=0.01 secs] 
2018-03-29T15:15:36.811+0000: 487.128: [GC (Allocation Failure) 2018-03-29T15:15:36.811+0000: 487.128: [DefNew: 141109K->8709K(153600K), 0.0141763 secs] 340370K->210064K(494976K), 0.0142426 secs] [Times: user=0.01 sys=0.00, real=0.01 secs] 
2018-03-29T15:15:41.065+0000: 491.383: [GC (Allocation Failure) 2018-03-29T15:15:41.065+0000: 491.383: [DefNew: 145285K->9122K(153600K), 0.0130572 secs] 346640K->211341K(494976K), 0.0131274 secs] [Times: user=0.02 sys=0.00, real=0.02 secs] 
2018-03-29T15:15:45.807+0000: 496.125: [GC (Allocation Failure) 2018-03-29T15:15:45.807+0000: 496.125: [DefNew: 141038K->9047K(153600K), 0.0137059 secs] 343256K->212571K(494976K), 0.0137768 secs] [Times: user=0.01 sys=0.00, real=0.02 secs] 
2018-03-29T15:15:49.838+0000: 500.156: [GC (Allocation Failure) 2018-03-29T15:15:49.838+0000: 500.156: [DefNew: 142313K->9615K(153600K), 0.0143926 secs] 345837K->214292K(494976K), 0.0144726 secs] [Times: user=0.01 sys=0.00, real=0.01 secs] 
2018-03-29T15:15:53.917+0000: 504.235: [GC (Allocation Failure) 2018-03-29T15:15:53.917+0000: 504.235: [DefNew: 142932K->9784K(153600K), 0.0270367 secs] 347609K->215537K(494976K), 0.0271056 secs] [Times: user=0.03 sys=0.00, real=0.02 secs] 
2018-03-29T15:15:58.714+0000: 509.032: [GC (Allocation Failure) 2018-03-29T15:15:58.714+0000: 509.032: [DefNew: 146360K->10119K(153600K), 0.0233070 secs] 352113K->217166K(494976K), 0.0233969 secs] [Times: user=0.03 sys=0.00, real=0.03 secs] 
2018-03-29T15:16:03.767+0000: 514.085: [GC (Allocation Failure) 2018-03-29T15:16:03.767+0000: 514.085: [DefNew: 146695K->12382K(153600K), 0.0324940 secs] 353742K->221197K(494976K), 0.0325717 secs] [Times: user=0.03 sys=0.00, real=0.04 secs] 
2018-03-29T15:16:07.767+0000: 518.085: [GC (Allocation Failure) 2018-03-29T15:16:07.767+0000: 518.085: [DefNew: 148958K->11044K(153600K), 0.0209614 secs] 357773K->223236K(494976K), 0.0210308 secs] [Times: user=0.02 sys=0.00, real=0.03 secs] 
2018-03-29T15:16:11.813+0000: 522.131: [GC (Allocation Failure) 2018-03-29T15:16:11.813+0000: 522.131: [DefNew: 140028K->5175K(153600K), 0.0135049 secs] 352220K->221752K(494976K), 0.0135768 secs] [Times: user=0.01 sys=0.00, real=0.01 secs] 
2018-03-29T15:16:16.140+0000: 526.458: [GC (Allocation Failure) 2018-03-29T15:16:16.140+0000: 526.458: [DefNew: 141751K->8100K(153600K), 0.0110842 secs] 358328K->224677K(494976K), 0.0111526 secs] [Times: user=0.01 sys=0.00, real=0.01 secs] 
2018-03-29T15:16:20.816+0000: 531.134: [GC (Allocation Failure) 2018-03-29T15:16:20.816+0000: 531.134: [DefNew: 141062K->9745K(153600K), 0.0118393 secs] 357639K->226322K(494976K), 0.0119118 secs] [Times: user=0.01 sys=0.00, real=0.01 secs] 
15:16:21.035 [Client] INFO  c.s.f.r.e.s.SocketRear  - FlameSocketGraphDeployerRear@10.0.0.189: has been disconnected from Connection 10
15:16:33.200 [worker-akka.actor.default-dispatcher-17] INFO  a.a.CoordinatedShutdown CoordinatedShutdown(akka://worker) - Starting coordinated shutdown from JVM shutdown hook
15:16:33.218 [worker-akka.actor.default-dispatcher-15] INFO  a.a.LocalActorRef akka://worker/user/watcher/graph_at_0/edge/FlameSocketGraphDeployerFront - Stopped
15:16:33.219 [worker-akka.actor.default-dispatcher-15] INFO  a.a.LocalActorRef akka://worker/user/watcher/graph_at_0/negotiator - Stopped
15:16:33.219 [worker-akka.actor.default-dispatcher-15] INFO  a.a.LocalActorRef akka://worker/user/watcher/graph_at_0/edge/FlameSocketGraphDeployerRear - Stopped
15:16:33.223 [worker-akka.actor.default-dispatcher-14] INFO  a.a.LocalActorRef akka://worker/user/watcher/graph_at_0/graph/$a - Stopped
15:16:33.223 [worker-akka.actor.default-dispatcher-14] INFO  a.a.LocalActorRef akka://worker/user/watcher/graph_at_0/graph/$b - Stopped
15:16:33.223 [worker-akka.actor.default-dispatcher-14] INFO  a.a.LocalActorRef akka://worker/user/watcher/graph_at_0/graph/$c - Stopped
15:16:33.223 [worker-akka.actor.default-dispatcher-14] INFO  a.a.LocalActorRef akka://worker/user/watcher/graph_at_0/edge - Stopped
15:16:33.224 [worker-akka.actor.default-dispatcher-12] INFO  a.a.LocalActorRef akka://worker/user/watcher/graph_at_0/graph/local-acker/$a - Stopped
15:16:33.229 [worker-akka.actor.default-dispatcher-12] INFO  a.a.LocalActorRef akka://worker/user/watcher/graph_at_0/graph/local-acker - Stopped
15:16:33.230 [worker-akka.actor.default-dispatcher-12] INFO  a.a.LocalActorRef akka://worker/user/watcher/graph_at_0/graph - Stopped
15:16:33.230 [worker-akka.actor.default-dispatcher-12] INFO  a.a.LocalActorRef akka://worker/user/watcher/graph_at_0/graph/local-acker/$a - Message [com.spbsu.flamestream.runtime.utils.akka.PingActor$InnerPing] from Actor[akka://worker/user/watcher/graph_at_0/graph/local-acker/$a#-67700635] to Actor[akka://worker/user/watcher/graph_at_0/graph/local-acker/$a#-67700635] was not delivered. [1] dead letters encountered. This logging can be turned off or adjusted with configuration settings 'akka.log-dead-letters' and 'akka.log-dead-letters-during-shutdown'.
15:16:33.230 [worker-akka.actor.default-dispatcher-12] INFO  a.a.LocalActorRef akka://worker/user/watcher/graph_at_0/graph/local-acker/$a - Message [com.spbsu.flamestream.runtime.utils.akka.PingActor$Stop] from Actor[akka://worker/user/watcher/graph_at_0/graph/local-acker#1821972543] to Actor[akka://worker/user/watcher/graph_at_0/graph/local-acker/$a#-67700635] was not delivered. [2] dead letters encountered. This logging can be turned off or adjusted with configuration settings 'akka.log-dead-letters' and 'akka.log-dead-letters-during-shutdown'.
15:16:33.230 [worker-akka.actor.default-dispatcher-12] INFO  a.a.LocalActorRef akka://worker/user/watcher/graph_at_0/graph/local-acker - Message [com.spbsu.flamestream.runtime.acker.LocalAcker$Flush] from Actor[akka://worker/user/watcher/graph_at_0/graph/local-acker/$a#-67700635] to Actor[akka://worker/user/watcher/graph_at_0/graph/local-acker#1821972543] was not delivered. [3] dead letters encountered. This logging can be turned off or adjusted with configuration settings 'akka.log-dead-letters' and 'akka.log-dead-letters-during-shutdown'.
15:16:33.231 [worker-akka.actor.default-dispatcher-13] INFO  a.a.LocalActorRef akka://worker/user/watcher/graph_at_0 - Stopped
15:16:33.232 [worker-akka.actor.default-dispatcher-13] INFO  a.a.RepointableActorRef akka://worker/user/watcher - Stopped
15:16:33.237 [worker-akka.actor.default-dispatcher-3-EventThread] INFO  o.a.z.ClientCnxn  - EventThread shut down for session: 0x162724b934d000b
15:16:33.237 [worker-akka.actor.default-dispatcher-12] INFO  o.a.z.ZooKeeper  - Session: 0x162724b934d000b closed
15:16:33.249 [worker-akka.actor.default-dispatcher-17] INFO  a.r.RemoteActorRefProvider$RemotingTerminator akka://worker@10.0.0.189:5412/system/remoting-terminator - Shutting down remote daemon.
15:16:33.249 [worker-akka.actor.default-dispatcher-17] INFO  a.r.RemoteActorRefProvider$RemotingTerminator akka://worker@10.0.0.189:5412/system/remoting-terminator - Remote daemon shut down; proceeding with flushing remote transports.
15:16:34.420 [worker-akka.actor.default-dispatcher-14] INFO  a.r.RemoteActorRefProvider$RemotingTerminator akka://worker@10.0.0.189:5412/system/remoting-terminator - Remoting shut down.
Heap
 def new generation   total 153600K, used 62165K [0x00000000e0c00000, 0x00000000eb2a0000, 0x00000000eb2a0000)
  eden space 136576K,  38% used [0x00000000e0c00000, 0x00000000e3f31188, 0x00000000e9160000)
  from space 17024K,  57% used [0x00000000e9160000, 0x00000000e9ae4530, 0x00000000ea200000)
  to   space 17024K,   0% used [0x00000000ea200000, 0x00000000ea200000, 0x00000000eb2a0000)
 tenured generation   total 341376K, used 216576K [0x00000000eb2a0000, 0x0000000100000000, 0x0000000100000000)
   the space 341376K,  63% used [0x00000000eb2a0000, 0x00000000f8620388, 0x00000000f8620400, 0x0000000100000000)
 Metaspace       used 34386K, capacity 35280K, committed 35456K, reserved 1079296K
  class space    used 4530K, capacity 4703K, committed 4736K, reserved 1048576K
