12:13:12.717 [worker-akka.actor.default-dispatcher-2] INFO  a.e.s.Slf4jLogger  - Slf4jLogger started
2018-02-21T12:13:12.887+0000: 2.022: [Full GC (Metadata GC Threshold) 2018-02-21T12:13:12.887+0000: 2.022: [Tenured: 0K->15404K(341376K), 0.0376753 secs] 117538K->15404K(494976K), [Metaspace: 20869K->20869K(1067008K)], 0.0377697 secs] [Times: user=0.04 sys=0.00, real=0.04 secs] 
Ama winner
Ama winner
12:13:13.312 [worker-akka.actor.default-dispatcher-2] INFO  a.r.a.ArteryTransport(akka://worker) akka.remote.artery.ArteryTransport(akka://worker) - Started embedded media driver in directory [/dev/shm/aeron-root-worker-ab206877-959a-411e-8624-792d995c17b0]
12:13:13.544 [worker-akka.actor.default-dispatcher-2] INFO  a.r.a.ArteryTransport(akka://worker) akka.remote.artery.ArteryTransport(akka://worker) - Remoting started; listening on address: [akka://worker@172.31.39.64:5412] with UID [6409469055596482928]
12:13:13.646 [worker-akka.actor.default-dispatcher-2] INFO  o.a.z.ZooKeeper  - Client environment:zookeeper.version=3.4.9-1757313, built on 08/23/2016 06:50 GMT
12:13:13.647 [worker-akka.actor.default-dispatcher-2] INFO  o.a.z.ZooKeeper  - Client environment:host.name=ip-172-31-39-64.us-east-2.compute.internal
12:13:13.647 [worker-akka.actor.default-dispatcher-2] INFO  o.a.z.ZooKeeper  - Client environment:java.version=1.8.0_151
12:13:13.647 [worker-akka.actor.default-dispatcher-2] INFO  o.a.z.ZooKeeper  - Client environment:java.vendor=Oracle Corporation
12:13:13.647 [worker-akka.actor.default-dispatcher-2] INFO  o.a.z.ZooKeeper  - Client environment:java.home=/usr/lib/jvm/java-8-openjdk-amd64/jre
12:13:13.647 [worker-akka.actor.default-dispatcher-2] INFO  o.a.z.ZooKeeper  - Client environment:java.class.path=lib/commons-cli-1.4.jar:lib/minlog-1.3.0.jar:lib/asm-5.0.4.jar:lib/hadoop-annotations-2.7.3.jar:lib/hadoop-auth-2.7.3.jar:lib/akka-slf4j_2.11-2.5.6.jar:lib/jersey-core-1.9.jar:lib/lz4-1.3.0.jar:lib/jackson-core-asl-1.9.13.jar:lib/aeron-client-1.3.0.jar:lib/htrace-core-3.1.0-incubating.jar:lib/xz-1.0.jar:lib/commons-httpclient-3.1.jar:lib/asm-3.1.jar:lib/commons-lang3-3.4.jar:lib/scala-library-2.11.11.jar:lib/scala-java8-compat_2.11-0.7.0.jar:lib/commons-configuration-1.6.jar:lib/objenesis-2.1.jar:lib/jackson-annotations-2.8.0.jar:lib/jsr305-3.0.0.jar:lib/curator-framework-2.7.1.jar:lib/jersey-server-1.9.jar:lib/jets3t-0.9.0.jar:lib/leveldb-0.7.jar:lib/jetty-6.1.26.jar:lib/stax-api-1.0-2.jar:lib/flamestream-core-1.0-SNAPSHOT.jar:lib/reflectasm-1.07-shaded.jar:lib/apacheds-kerberos-codec-2.0.0-M15.jar:lib/api-asn1-api-1.0.0-M20.jar:lib/commons-lang-2.6.jar:lib/commons-beanutils-1.7.0.jar:lib/jackson-xc-1.8.3.jar:lib/jetty-util-6.1.26.jar:lib/logback-classic-1.2.3.jar:lib/jool-0.9.12.jar:lib/flamestream-runtime-1.0-SNAPSHOT-tests.jar:lib/httpcore-4.1.2.jar:lib/kryo-4.0.0.jar:lib/ant-1.8.1.jar:lib/jaxb-impl-2.2.3-1.jar:lib/jersey-json-1.9.jar:lib/commons-compress-1.4.1.jar:lib/leveldbjni-all-1.8.jar:lib/paranamer-2.3.jar:lib/jackson-core-2.8.4.jar:lib/commons-math3-3.6.1.jar:lib/scala-parser-combinators_2.11-1.0.4.jar:lib/netty-3.10.6.Final.jar:lib/trove4j-3.0.3.jar:lib/jaxb-api-2.2.2.jar:lib/logback-core-1.2.3.jar:lib/snappy-java-1.0.4.1.jar:lib/protobuf-java-2.5.0.jar:lib/reactive-streams-1.0.1.jar:lib/flamestream-examples-1.0-SNAPSHOT.jar:lib/commons-codec-1.4.jar:lib/activation-1.1.jar:lib/commons-net-3.1.jar:lib/curator-recipes-2.7.1.jar:lib/jackson-mapper-asl-1.9.13.jar:lib/jackson-databind-2.8.4.jar:lib/flamestream-runtime-1.0-SNAPSHOT.jar:lib/jackson-jaxrs-1.8.3.jar:lib/slf4j-api-1.7.24.jar:lib/akka-remote_2.11-2.5.6.jar:lib/akka-testkit_2.11-2.5.6.jar:lib/jline-0.9.94.jar:lib/akka-stream_2.11-2.5.6.jar:lib/jsp-api-2.1.jar:lib/kryonet-2.21.jar:lib/akka-kryo-serialization_2.11-0.5.0.jar:lib/config-1.3.1.jar:lib/ant-launcher-1.8.1.jar:lib/commons-logging-1.2.jar:lib/ssl-config-core_2.11-0.2.2.jar:lib/testng-6.10.jar:lib/leveldb-api-0.7.jar:lib/reflectasm-1.11.3.jar:lib/jcommander-1.48.jar:lib/commons-1.1.jar:lib/commons-digester-1.8.jar:lib/minlog-1.2.jar:lib/java-xmlbuilder-0.4.jar:lib/jettison-1.1.jar:lib/gson-2.2.4.jar:lib/jdk.tools-1.8.jar:lib/aeron-driver-1.3.0.jar:lib/zookeeper-3.4.9.jar:lib/commons-beanutils-core-1.8.0.jar:lib/commons-math3-3.1.1.jar:lib/akka-actor_2.11-2.5.6.jar:lib/curator-client-2.7.1.jar:lib/servlet-api-2.5.jar:lib/apacheds-i18n-2.0.0-M15.jar:lib/commons-io-2.4.jar:lib/commons-codec-1.6.jar:lib/akka-protobuf_2.11-2.5.6.jar:lib/protobuf-java-3.5.1.jar:lib/jdom-2.0.2.jar:lib/api-util-1.0.0-M20.jar:lib/hadoop-common-2.7.3.jar:lib/agrona-0.9.6.jar:lib/xmlenc-0.52.jar:lib/guava-21.0.jar:lib/commons-collections-3.2.2.jar:lib/avro-1.7.4.jar:lib/httpclient-4.1.2.jar:lib/flamestream-core-1.0-SNAPSHOT-tests.jar:lib/annotations-12.0.jar:lib/jsch-0.1.42.jar:flamestream-runtime-1.0-SNAPSHOT.jar
12:13:13.647 [worker-akka.actor.default-dispatcher-2] INFO  o.a.z.ZooKeeper  - Client environment:java.library.path=/usr/java/packages/lib/amd64:/usr/lib/x86_64-linux-gnu/jni:/lib/x86_64-linux-gnu:/usr/lib/x86_64-linux-gnu:/usr/lib/jni:/lib:/usr/lib
12:13:13.647 [worker-akka.actor.default-dispatcher-2] INFO  o.a.z.ZooKeeper  - Client environment:java.io.tmpdir=/tmp
12:13:13.647 [worker-akka.actor.default-dispatcher-2] INFO  o.a.z.ZooKeeper  - Client environment:java.compiler=<NA>
12:13:13.647 [worker-akka.actor.default-dispatcher-2] INFO  o.a.z.ZooKeeper  - Client environment:os.name=Linux
12:13:13.648 [worker-akka.actor.default-dispatcher-2] INFO  o.a.z.ZooKeeper  - Client environment:os.arch=amd64
12:13:13.648 [worker-akka.actor.default-dispatcher-2] INFO  o.a.z.ZooKeeper  - Client environment:os.version=4.4.0-1049-aws
12:13:13.648 [worker-akka.actor.default-dispatcher-2] INFO  o.a.z.ZooKeeper  - Client environment:user.name=root
12:13:13.649 [worker-akka.actor.default-dispatcher-2] INFO  o.a.z.ZooKeeper  - Client environment:user.home=/root
12:13:13.649 [worker-akka.actor.default-dispatcher-2] INFO  o.a.z.ZooKeeper  - Client environment:user.dir=/opt/flamestream
12:13:13.653 [worker-akka.actor.default-dispatcher-2] INFO  o.a.z.ZooKeeper  - Initiating client connection, connectString=172.31.34.147:2181 sessionTimeout=5000 watcher=com.spbsu.flamestream.runtime.application.LifecycleWatcher$$Lambda$29/603038501@449d53bd
12:13:13.690 [worker-akka.actor.default-dispatcher-2-SendThread(172.31.34.147:2181)] INFO  o.a.z.ClientCnxn  - Opening socket connection to server 172.31.34.147/172.31.34.147:2181. Will not attempt to authenticate using SASL (unknown error)
12:13:13.691 [worker-akka.actor.default-dispatcher-2] INFO  a.a.RepointableActorRef akka://worker/user/watcher - Starting...
12:13:13.698 [worker-akka.actor.default-dispatcher-2-SendThread(172.31.34.147:2181)] INFO  o.a.z.ClientCnxn  - Socket connection established to 172.31.34.147/172.31.34.147:2181, initiating session
12:13:13.706 [worker-akka.actor.default-dispatcher-2-SendThread(172.31.34.147:2181)] INFO  o.a.z.ClientCnxn  - Session establishment complete on server 172.31.34.147/172.31.34.147:2181, sessionid = 0x161b84784c50007, negotiated timeout = 6000
12:13:13.799 [worker-akka.actor.default-dispatcher-2] INFO  a.a.RepointableActorRef akka://worker/user/watcher - Connected to ZK
12:13:21.550 [worker-akka.actor.default-dispatcher-2] INFO  a.a.RepointableActorRef akka://worker/user/watcher - Creating node with watchGraphs: 'com.spbsu.flamestream.core.Graph$Builder$MyGraph@1749d61c', config: 'ClusterConfig{paths={172.31.33.155=akka://worker@172.31.33.155:5412/user/watcher/graph0000000000, 172.31.47.83=akka://worker@172.31.47.83:5412/user/watcher/graph0000000000, 172.31.39.64=akka://worker@172.31.39.64:5412/user/watcher/graph0000000000, 172.31.35.79=akka://worker@172.31.35.79:5412/user/watcher/graph0000000000, 172.31.47.100=akka://worker@172.31.47.100:5412/user/watcher/graph0000000000, 172.31.37.101=akka://worker@172.31.37.101:5412/user/watcher/graph0000000000}, ackerLocation='172.31.35.79', props=ComputationLayout{ranges={172.31.33.155=HashRange{from=-1288490189, to=-429496730}, 172.31.47.83=HashRange{from=429496729, to=1288490188}, 172.31.39.64=HashRange{from=1288490188, to=2147483647}, 172.31.35.79=HashRange{from=0, to=0}, 172.31.47.100=HashRange{from=-2147483648, to=-1288490189}, 172.31.37.101=HashRange{from=-429496730, to=429496729}}}}'
12:13:22.173 [worker-akka.actor.default-dispatcher-2] INFO  a.a.LocalActorRef akka://worker/user/watcher/graph0000000000/graph - Starting...
12:13:22.175 [worker-akka.actor.default-dispatcher-2] INFO  a.a.LocalActorRef akka://worker/user/watcher/graph0000000000/graph/local-acker - Starting...
12:13:22.179 [worker-akka.actor.default-dispatcher-2] INFO  a.a.LocalActorRef akka://worker/user/watcher/graph0000000000/graph/local-acker/$a - Starting...
12:13:22.888 [worker-akka.actor.default-dispatcher-2] INFO  a.a.LocalActorRef akka://worker/user/watcher/graph0000000000/graph - Finishing constructor
12:13:22.889 [worker-akka.actor.default-dispatcher-2] INFO  a.a.LocalActorRef akka://worker/user/watcher/graph0000000000 - Starting...
12:13:22.889 [worker-akka.actor.default-dispatcher-2] INFO  a.a.LocalActorRef akka://worker/user/watcher/graph0000000000/negotiator - Starting...
12:13:22.954 [worker-akka.actor.default-dispatcher-2] INFO  a.a.LocalActorRef akka://worker/user/watcher/graph0000000000/edge - Starting...
12:13:22.955 [worker-akka.actor.default-dispatcher-2] INFO  a.a.LocalActorRef akka://worker/user/watcher/graph0000000000/graph/$a - Starting...
12:13:22.956 [worker-akka.actor.default-dispatcher-2] INFO  a.a.LocalActorRef akka://worker/user/watcher/graph0000000000/graph/$b - Starting...
12:13:22.958 [worker-akka.actor.default-dispatcher-2] INFO  a.a.LocalActorRef akka://worker/user/watcher/graph0000000000/graph/$c - Starting...
12:13:22.984 [worker-akka.actor.default-dispatcher-2] INFO  c.s.f.r.e.s.SocketRear  - FlameSocketGraphDeployerRear@172.31.39.64: connecting to 172.31.34.147:5678
12:13:22.991 [worker-akka.actor.default-dispatcher-2] INFO  c.s.f.r.e.s.SocketRear  - FlameSocketGraphDeployerRear@172.31.39.64: connected to 172.31.34.147:5678
12:13:23.022 [worker-akka.actor.default-dispatcher-2] INFO  a.a.LocalActorRef akka://worker/user/watcher/graph0000000000/edge/FlameSocketGraphDeployerRear - Starting...
12:13:23.023 [worker-akka.actor.default-dispatcher-2] INFO  a.a.LocalActorRef akka://worker/user/watcher/graph0000000000/edge/FlameSocketGraphDeployerFront - Starting...
12:13:23.025 [worker-akka.actor.default-dispatcher-2] INFO  a.a.LocalActorRef akka://worker/user/watcher/graph0000000000/negotiator - Requesting ticket for the frontClass FlameSocketGraphDeployerFront@172.31.39.64
12:13:23.037 [worker-akka.actor.default-dispatcher-2] INFO  a.a.LocalActorRef akka://worker/user/watcher/graph0000000000/negotiator - Ticket for the frontClass received: FrontTicket{allowedTimestamp=(1519215201547, FlameSocketGraphDeployerFront@172.31.39.64)}
12:13:23.040 [worker-akka.actor.default-dispatcher-2] INFO  c.s.f.r.e.s.SocketFront  - FlameSocketGraphDeployerFront@172.31.39.64: connecting to 172.31.34.147:4567
12:13:23.059 [Client] INFO  c.s.f.r.e.s.SocketFront  - FlameSocketGraphDeployerFront@172.31.39.64 has been disconnected from Connection 4
2018-02-21T12:13:26.848+0000: 15.983: [GC (Allocation Failure) 2018-02-21T12:13:26.848+0000: 15.983: [DefNew: 136576K->17024K(153600K), 0.0275645 secs] 151980K->52062K(494976K), 0.0276458 secs] [Times: user=0.02 sys=0.00, real=0.02 secs] 
2018-02-21T12:13:32.968+0000: 22.103: [GC (Allocation Failure) 2018-02-21T12:13:32.968+0000: 22.103: [DefNew: 153600K->4212K(153600K), 0.0189329 secs] 188638K->48396K(494976K), 0.0190050 secs] [Times: user=0.01 sys=0.01, real=0.02 secs] 
2018-02-21T12:13:44.903+0000: 34.037: [GC (Allocation Failure) 2018-02-21T12:13:44.903+0000: 34.037: [DefNew: 140788K->7143K(153600K), 0.0156884 secs] 184972K->51328K(494976K), 0.0157566 secs] [Times: user=0.01 sys=0.00, real=0.02 secs] 
2018-02-21T12:13:56.103+0000: 45.238: [GC (Allocation Failure) 2018-02-21T12:13:56.103+0000: 45.238: [DefNew: 143719K->9204K(153600K), 0.0181452 secs] 187904K->53388K(494976K), 0.0182121 secs] [Times: user=0.02 sys=0.00, real=0.02 secs] 
2018-02-21T12:14:05.932+0000: 55.067: [GC (Allocation Failure) 2018-02-21T12:14:05.932+0000: 55.067: [DefNew: 145780K->9503K(153600K), 0.0307992 secs] 189964K->55753K(494976K), 0.0308640 secs] [Times: user=0.03 sys=0.00, real=0.03 secs] 
2018-02-21T12:14:14.816+0000: 63.950: [GC (Allocation Failure) 2018-02-21T12:14:14.816+0000: 63.950: [DefNew: 146079K->8877K(153600K), 0.0210814 secs] 192329K->57025K(494976K), 0.0211734 secs] [Times: user=0.03 sys=0.00, real=0.03 secs] 
2018-02-21T12:14:25.493+0000: 74.627: [GC (Allocation Failure) 2018-02-21T12:14:25.493+0000: 74.627: [DefNew: 145453K->8918K(153600K), 0.0192544 secs] 193601K->58904K(494976K), 0.0193229 secs] [Times: user=0.02 sys=0.00, real=0.02 secs] 
2018-02-21T12:14:34.732+0000: 83.867: [GC (Allocation Failure) 2018-02-21T12:14:34.732+0000: 83.867: [DefNew: 145494K->8779K(153600K), 0.0188375 secs] 195480K->60373K(494976K), 0.0189026 secs] [Times: user=0.02 sys=0.00, real=0.02 secs] 
2018-02-21T12:14:42.189+0000: 91.323: [GC (Allocation Failure) 2018-02-21T12:14:42.189+0000: 91.323: [DefNew: 145355K->9299K(153600K), 0.0196104 secs] 196949K->62619K(494976K), 0.0196903 secs] [Times: user=0.02 sys=0.00, real=0.02 secs] 
2018-02-21T12:14:53.416+0000: 102.551: [GC (Allocation Failure) 2018-02-21T12:14:53.416+0000: 102.551: [DefNew: 145875K->9388K(153600K), 0.0199698 secs] 199195K->64476K(494976K), 0.0200348 secs] [Times: user=0.02 sys=0.00, real=0.02 secs] 
2018-02-21T12:15:02.529+0000: 111.663: [GC (Allocation Failure) 2018-02-21T12:15:02.529+0000: 111.663: [DefNew: 145964K->9063K(153600K), 0.0186816 secs] 201052K->65736K(494976K), 0.0187593 secs] [Times: user=0.01 sys=0.00, real=0.02 secs] 
2018-02-21T12:15:13.952+0000: 123.087: [GC (Allocation Failure) 2018-02-21T12:15:13.952+0000: 123.087: [DefNew: 145639K->9350K(153600K), 0.0201462 secs] 202312K->67893K(494976K), 0.0202107 secs] [Times: user=0.02 sys=0.00, real=0.02 secs] 
2018-02-21T12:15:27.880+0000: 137.016: [GC (Allocation Failure) 2018-02-21T12:15:27.881+0000: 137.016: [DefNew: 145926K->9397K(153600K), 0.0192333 secs] 204469K->69487K(494976K), 0.0202176 secs] [Times: user=0.02 sys=0.00, real=0.02 secs] 
2018-02-21T12:15:38.445+0000: 147.579: [GC (Allocation Failure) 2018-02-21T12:15:38.445+0000: 147.579: [DefNew: 145973K->9011K(153600K), 0.0178195 secs] 206063K->70579K(494976K), 0.0178873 secs] [Times: user=0.02 sys=0.00, real=0.01 secs] 
2018-02-21T12:15:48.401+0000: 157.536: [GC (Allocation Failure) 2018-02-21T12:15:48.401+0000: 157.536: [DefNew: 145587K->8712K(153600K), 0.0185476 secs] 207155K->72050K(494976K), 0.0186119 secs] [Times: user=0.02 sys=0.00, real=0.02 secs] 
2018-02-21T12:15:57.158+0000: 166.292: [GC (Allocation Failure) 2018-02-21T12:15:57.158+0000: 166.292: [DefNew: 145288K->10016K(153600K), 0.0190695 secs] 208626K->74753K(494976K), 0.0191387 secs] [Times: user=0.02 sys=0.00, real=0.02 secs] 
2018-02-21T12:16:08.511+0000: 177.646: [GC (Allocation Failure) 2018-02-21T12:16:08.511+0000: 177.646: [DefNew: 146592K->8871K(153600K), 0.0199712 secs] 211329K->76540K(494976K), 0.0200370 secs] [Times: user=0.02 sys=0.00, real=0.02 secs] 
2018-02-21T12:16:20.953+0000: 190.087: [GC (Allocation Failure) 2018-02-21T12:16:20.953+0000: 190.087: [DefNew: 145447K->8130K(153600K), 0.0180604 secs] 213116K->78451K(494976K), 0.0181278 secs] [Times: user=0.02 sys=0.00, real=0.02 secs] 
2018-02-21T12:16:32.904+0000: 202.039: [GC (Allocation Failure) 2018-02-21T12:16:32.904+0000: 202.039: [DefNew: 144706K->9911K(153600K), 0.0162589 secs] 215027K->80232K(494976K), 0.0163245 secs] [Times: user=0.01 sys=0.00, real=0.01 secs] 
2018-02-21T12:16:43.393+0000: 212.528: [GC (Allocation Failure) 2018-02-21T12:16:43.393+0000: 212.528: [DefNew: 146487K->9432K(153600K), 0.0190372 secs] 216808K->81414K(494976K), 0.0191015 secs] [Times: user=0.01 sys=0.00, real=0.02 secs] 
2018-02-21T12:16:56.324+0000: 225.459: [GC (Allocation Failure) 2018-02-21T12:16:56.324+0000: 225.459: [DefNew: 146008K->10256K(153600K), 0.0204995 secs] 217990K->83872K(494976K), 0.0205760 secs] [Times: user=0.02 sys=0.00, real=0.02 secs] 
2018-02-21T12:17:07.571+0000: 236.705: [GC (Allocation Failure) 2018-02-21T12:17:07.571+0000: 236.705: [DefNew: 146832K->9245K(153600K), 0.0201530 secs] 220448K->85798K(494976K), 0.0202189 secs] [Times: user=0.02 sys=0.00, real=0.02 secs] 
2018-02-21T12:17:16.871+0000: 246.006: [GC (Allocation Failure) 2018-02-21T12:17:16.871+0000: 246.006: [DefNew: 145821K->9037K(153600K), 0.0193217 secs] 222374K->87515K(494976K), 0.0194011 secs] [Times: user=0.02 sys=0.00, real=0.02 secs] 
2018-02-21T12:17:29.689+0000: 258.823: [GC (Allocation Failure) 2018-02-21T12:17:29.689+0000: 258.823: [DefNew: 145613K->9481K(153600K), 0.0194540 secs] 224091K->89916K(494976K), 0.0195200 secs] [Times: user=0.02 sys=0.00, real=0.02 secs] 
2018-02-21T12:17:41.755+0000: 270.890: [GC (Allocation Failure) 2018-02-21T12:17:41.755+0000: 270.890: [DefNew: 146057K->9128K(153600K), 0.0184156 secs] 226492K->91185K(494976K), 0.0184789 secs] [Times: user=0.02 sys=0.00, real=0.02 secs] 
2018-02-21T12:17:53.580+0000: 282.714: [GC (Allocation Failure) 2018-02-21T12:17:53.580+0000: 282.714: [DefNew: 145704K->9200K(153600K), 0.0184152 secs] 227761K->93163K(494976K), 0.0185268 secs] [Times: user=0.01 sys=0.00, real=0.02 secs] 
2018-02-21T12:18:03.053+0000: 292.187: [GC (Allocation Failure) 2018-02-21T12:18:03.053+0000: 292.187: [DefNew: 145776K->9506K(153600K), 0.0190401 secs] 229739K->95301K(494976K), 0.0191066 secs] [Times: user=0.02 sys=0.00, real=0.02 secs] 
2018-02-21T12:18:12.164+0000: 301.299: [GC (Allocation Failure) 2018-02-21T12:18:12.164+0000: 301.299: [DefNew: 146082K->9030K(153600K), 0.0181804 secs] 231877K->96599K(494976K), 0.0182454 secs] [Times: user=0.02 sys=0.00, real=0.01 secs] 
2018-02-21T12:18:22.866+0000: 312.001: [GC (Allocation Failure) 2018-02-21T12:18:22.866+0000: 312.001: [DefNew: 145606K->9465K(153600K), 0.0176369 secs] 233175K->98682K(494976K), 0.0177009 secs] [Times: user=0.01 sys=0.00, real=0.01 secs] 
2018-02-21T12:18:32.106+0000: 321.241: [GC (Allocation Failure) 2018-02-21T12:18:32.106+0000: 321.241: [DefNew: 146041K->9763K(153600K), 0.0194896 secs] 235258K->100828K(494976K), 0.0195514 secs] [Times: user=0.02 sys=0.00, real=0.02 secs] 
2018-02-21T12:18:46.701+0000: 335.835: [GC (Allocation Failure) 2018-02-21T12:18:46.701+0000: 335.835: [DefNew: 146339K->9940K(153600K), 0.0187655 secs] 237404K->102645K(494976K), 0.0188313 secs] [Times: user=0.02 sys=0.00, real=0.02 secs] 
2018-02-21T12:18:59.514+0000: 348.649: [GC (Allocation Failure) 2018-02-21T12:18:59.514+0000: 348.649: [DefNew: 146516K->9838K(153600K), 0.0190588 secs] 239221K->104630K(494976K), 0.0191208 secs] [Times: user=0.02 sys=0.00, real=0.02 secs] 
2018-02-21T12:19:09.626+0000: 358.761: [GC (Allocation Failure) 2018-02-21T12:19:09.626+0000: 358.761: [DefNew: 146414K->9858K(153600K), 0.0187308 secs] 241206K->106357K(494976K), 0.0187984 secs] [Times: user=0.01 sys=0.00, real=0.02 secs] 
2018-02-21T12:19:19.823+0000: 368.957: [GC (Allocation Failure) 2018-02-21T12:19:19.823+0000: 368.957: [DefNew: 146434K->10048K(153600K), 0.0186650 secs] 242933K->108248K(494976K), 0.0187336 secs] [Times: user=0.02 sys=0.00, real=0.02 secs] 
2018-02-21T12:19:29.926+0000: 379.060: [GC (Allocation Failure) 2018-02-21T12:19:29.926+0000: 379.060: [DefNew: 146624K->10530K(153600K), 0.0197870 secs] 244824K->110444K(494976K), 0.0198627 secs] [Times: user=0.02 sys=0.00, real=0.02 secs] 
2018-02-21T12:19:38.204+0000: 387.339: [GC (Allocation Failure) 2018-02-21T12:19:38.204+0000: 387.339: [DefNew: 147106K->10616K(153600K), 0.0188273 secs] 247020K->112326K(494976K), 0.0188922 secs] [Times: user=0.02 sys=0.00, real=0.01 secs] 
2018-02-21T12:19:45.853+0000: 394.987: [GC (Allocation Failure) 2018-02-21T12:19:45.853+0000: 394.987: [DefNew: 147192K->11181K(153600K), 0.0203363 secs] 248902K->114882K(494976K), 0.0204012 secs] [Times: user=0.02 sys=0.00, real=0.02 secs] 
2018-02-21T12:19:56.802+0000: 405.936: [GC (Allocation Failure) 2018-02-21T12:19:56.802+0000: 405.936: [DefNew: 147757K->10780K(153600K), 0.0192100 secs] 251458K->116244K(494976K), 0.0192785 secs] [Times: user=0.02 sys=0.00, real=0.02 secs] 
2018-02-21T12:20:08.526+0000: 417.661: [GC (Allocation Failure) 2018-02-21T12:20:08.526+0000: 417.661: [DefNew: 147356K->11541K(153600K), 0.0201552 secs] 252820K->118938K(494976K), 0.0202193 secs] [Times: user=0.02 sys=0.00, real=0.02 secs] 
2018-02-21T12:20:17.694+0000: 426.829: [GC (Allocation Failure) 2018-02-21T12:20:17.694+0000: 426.829: [DefNew: 148117K->8543K(153600K), 0.0200711 secs] 255514K->120807K(494976K), 0.0201330 secs] [Times: user=0.02 sys=0.00, real=0.02 secs] 
2018-02-21T12:20:26.328+0000: 435.463: [GC (Allocation Failure) 2018-02-21T12:20:26.328+0000: 435.463: [DefNew: 145119K->7939K(153600K), 0.0172030 secs] 257383K->123623K(494976K), 0.0172787 secs] [Times: user=0.02 sys=0.00, real=0.02 secs] 
2018-02-21T12:20:35.206+0000: 444.340: [GC (Allocation Failure) 2018-02-21T12:20:35.206+0000: 444.340: [DefNew: 144515K->10765K(153600K), 0.0160697 secs] 260199K->126450K(494976K), 0.0161337 secs] [Times: user=0.02 sys=0.00, real=0.01 secs] 
2018-02-21T12:20:45.612+0000: 454.746: [GC (Allocation Failure) 2018-02-21T12:20:45.612+0000: 454.746: [DefNew: 147341K->11015K(153600K), 0.0184890 secs] 263026K->128416K(494976K), 0.0185530 secs] [Times: user=0.02 sys=0.00, real=0.02 secs] 
2018-02-21T12:20:54.958+0000: 464.093: [GC (Allocation Failure) 2018-02-21T12:20:54.958+0000: 464.093: [DefNew: 147591K->11475K(153600K), 0.0199984 secs] 264992K->130713K(494976K), 0.0200673 secs] [Times: user=0.02 sys=0.00, real=0.02 secs] 
2018-02-21T12:21:06.361+0000: 475.495: [GC (Allocation Failure) 2018-02-21T12:21:06.361+0000: 475.495: [DefNew: 148051K->11198K(153600K), 0.0195598 secs] 267289K->132355K(494976K), 0.0196231 secs] [Times: user=0.02 sys=0.00, real=0.02 secs] 
2018-02-21T12:21:15.726+0000: 484.860: [GC (Allocation Failure) 2018-02-21T12:21:15.726+0000: 484.860: [DefNew: 147774K->13285K(153600K), 0.0212313 secs] 268931K->136633K(494976K), 0.0213065 secs] [Times: user=0.02 sys=0.00, real=0.02 secs] 
2018-02-21T12:21:26.034+0000: 495.168: [GC (Allocation Failure) 2018-02-21T12:21:26.034+0000: 495.168: [DefNew: 149861K->9055K(153600K), 0.0210364 secs] 273209K->139271K(494976K), 0.0210970 secs] [Times: user=0.02 sys=0.00, real=0.02 secs] 
2018-02-21T12:21:34.831+0000: 503.966: [GC (Allocation Failure) 2018-02-21T12:21:34.831+0000: 503.966: [DefNew: 145631K->8486K(153600K), 0.0174168 secs] 275847K->142134K(494976K), 0.0174773 secs] [Times: user=0.01 sys=0.01, real=0.02 secs] 
2018-02-21T12:21:46.392+0000: 515.526: [GC (Allocation Failure) 2018-02-21T12:21:46.392+0000: 515.526: [DefNew: 145062K->12302K(153600K), 0.0174357 secs] 278710K->145950K(494976K), 0.0174997 secs] [Times: user=0.01 sys=0.00, real=0.02 secs] 
2018-02-21T12:21:57.541+0000: 526.675: [GC (Allocation Failure) 2018-02-21T12:21:57.541+0000: 526.675: [DefNew: 148878K->8922K(153600K), 0.0203202 secs] 282526K->148259K(494976K), 0.0203979 secs] [Times: user=0.02 sys=0.00, real=0.02 secs] 
2018-02-21T12:22:06.215+0000: 535.349: [GC (Allocation Failure) 2018-02-21T12:22:06.215+0000: 535.349: [DefNew: 145498K->9069K(153600K), 0.0180531 secs] 284835K->152259K(494976K), 0.0181612 secs] [Times: user=0.02 sys=0.00, real=0.02 secs] 
2018-02-21T12:22:18.604+0000: 547.739: [GC (Allocation Failure) 2018-02-21T12:22:18.604+0000: 547.739: [DefNew: 145645K->9890K(153600K), 0.0188874 secs] 288835K->156854K(494976K), 0.0189528 secs] [Times: user=0.02 sys=0.00, real=0.01 secs] 
2018-02-21T12:22:28.122+0000: 557.257: [GC (Allocation Failure) 2018-02-21T12:22:28.122+0000: 557.257: [DefNew: 146466K->8755K(153600K), 0.0179160 secs] 293430K->159656K(494976K), 0.0179820 secs] [Times: user=0.02 sys=0.00, real=0.02 secs] 
2018-02-21T12:22:38.772+0000: 567.906: [GC (Allocation Failure) 2018-02-21T12:22:38.772+0000: 567.906: [DefNew: 145331K->9438K(153600K), 0.0188971 secs] 296232K->163912K(494976K), 0.0189637 secs] [Times: user=0.02 sys=0.00, real=0.02 secs] 
2018-02-21T12:22:46.947+0000: 576.082: [GC (Allocation Failure) 2018-02-21T12:22:46.947+0000: 576.082: [DefNew: 146014K->8907K(153600K), 0.0176786 secs] 300488K->167227K(494976K), 0.0177426 secs] [Times: user=0.00 sys=0.01, real=0.02 secs] 
2018-02-21T12:22:57.524+0000: 586.658: [GC (Allocation Failure) 2018-02-21T12:22:57.524+0000: 586.658: [DefNew: 145483K->9940K(153600K), 0.0186263 secs] 303803K->171732K(494976K), 0.0186878 secs] [Times: user=0.02 sys=0.00, real=0.02 secs] 
2018-02-21T12:23:07.241+0000: 596.376: [GC (Allocation Failure) 2018-02-21T12:23:07.241+0000: 596.376: [DefNew: 146516K->9691K(153600K), 0.0188124 secs] 308308K->175581K(494976K), 0.0188880 secs] [Times: user=0.02 sys=0.00, real=0.02 secs] 
2018-02-21T12:23:16.703+0000: 605.838: [GC (Allocation Failure) 2018-02-21T12:23:16.703+0000: 605.838: [DefNew: 146267K->9906K(153600K), 0.0193649 secs] 312157K->179758K(494976K), 0.0194642 secs] [Times: user=0.02 sys=0.00, real=0.02 secs] 
2018-02-21T12:23:28.438+0000: 617.572: [GC (Allocation Failure) 2018-02-21T12:23:28.438+0000: 617.572: [DefNew: 146482K->10096K(153600K), 0.0193859 secs] 316334K->183682K(494976K), 0.0194584 secs] [Times: user=0.02 sys=0.00, real=0.02 secs] 
2018-02-21T12:23:40.653+0000: 629.787: [GC (Allocation Failure) 2018-02-21T12:23:40.653+0000: 629.787: [DefNew: 146672K->9583K(153600K), 0.0207328 secs] 320258K->187543K(494976K), 0.0207962 secs] [Times: user=0.01 sys=0.01, real=0.02 secs] 
2018-02-21T12:23:49.507+0000: 638.642: [GC (Allocation Failure) 2018-02-21T12:23:49.507+0000: 638.642: [DefNew: 146159K->9825K(153600K), 0.0198283 secs] 324119K->191493K(494976K), 0.0198961 secs] [Times: user=0.02 sys=0.01, real=0.02 secs] 
2018-02-21T12:24:00.055+0000: 649.189: [GC (Allocation Failure) 2018-02-21T12:24:00.055+0000: 649.189: [DefNew: 146401K->10403K(153600K), 0.0202900 secs] 328069K->196094K(494976K), 0.0203700 secs] [Times: user=0.02 sys=0.00, real=0.02 secs] 
2018-02-21T12:24:13.316+0000: 662.450: [GC (Allocation Failure) 2018-02-21T12:24:13.316+0000: 662.450: [DefNew: 146979K->10146K(153600K), 0.0254302 secs] 332670K->199892K(494976K), 0.0254938 secs] [Times: user=0.02 sys=0.01, real=0.03 secs] 
2018-02-21T12:24:22.294+0000: 671.429: [GC (Allocation Failure) 2018-02-21T12:24:22.294+0000: 671.429: [DefNew: 146722K->9856K(153600K), 0.0222589 secs] 336468K->203862K(494976K), 0.0223427 secs] [Times: user=0.01 sys=0.01, real=0.03 secs] 
2018-02-21T12:24:32.907+0000: 682.041: [GC (Allocation Failure) 2018-02-21T12:24:32.907+0000: 682.041: [DefNew: 146432K->10392K(153600K), 0.0197085 secs] 340438K->208303K(494976K), 0.0197733 secs] [Times: user=0.02 sys=0.00, real=0.02 secs] 
2018-02-21T12:24:40.819+0000: 689.954: [GC (Allocation Failure) 2018-02-21T12:24:40.819+0000: 689.954: [DefNew: 146968K->9921K(153600K), 0.0234460 secs] 344879K->212709K(494976K), 0.0235440 secs] [Times: user=0.02 sys=0.00, real=0.02 secs] 
2018-02-21T12:24:49.202+0000: 698.337: [GC (Allocation Failure) 2018-02-21T12:24:49.202+0000: 698.337: [DefNew: 146497K->9682K(153600K), 0.0207819 secs] 349285K->216604K(494976K), 0.0208591 secs] [Times: user=0.02 sys=0.00, real=0.02 secs] 
2018-02-21T12:25:01.234+0000: 710.368: [GC (Allocation Failure) 2018-02-21T12:25:01.234+0000: 710.369: [DefNew: 146258K->9757K(153600K), 0.0241864 secs] 353180K->220864K(494976K), 0.0242527 secs] [Times: user=0.02 sys=0.00, real=0.03 secs] 
2018-02-21T12:25:09.954+0000: 719.088: [GC (Allocation Failure) 2018-02-21T12:25:09.954+0000: 719.088: [DefNew: 146333K->10899K(153600K), 0.0205734 secs] 357440K->226195K(494976K), 0.0206362 secs] [Times: user=0.02 sys=0.00, real=0.02 secs] 
2018-02-21T12:25:19.988+0000: 729.123: [GC (Allocation Failure) 2018-02-21T12:25:19.988+0000: 729.123: [DefNew: 147475K->10478K(153600K), 0.0235850 secs] 362771K->230594K(494976K), 0.0236521 secs] [Times: user=0.02 sys=0.01, real=0.02 secs] 
12:25:24.514 [Client] INFO  c.s.f.r.e.s.SocketRear  - FlameSocketGraphDeployerRear@172.31.39.64: has been disconnected from Connection 4
12:25:37.434 [worker-akka.actor.default-dispatcher-2] INFO  a.a.CoordinatedShutdown CoordinatedShutdown(akka://worker) - Starting coordinated shutdown from JVM shutdown hook
12:25:37.459 [worker-akka.actor.default-dispatcher-2] INFO  a.a.LocalActorRef akka://worker/user/watcher/graph0000000000/negotiator - Stopped
12:25:37.459 [worker-akka.actor.default-dispatcher-2] INFO  a.a.LocalActorRef akka://worker/user/watcher/graph0000000000/edge/FlameSocketGraphDeployerFront - Stopped
12:25:37.461 [worker-akka.actor.default-dispatcher-2] INFO  a.a.LocalActorRef akka://worker/user/watcher/graph0000000000/edge/FlameSocketGraphDeployerRear - Stopped
12:25:37.461 [worker-akka.actor.default-dispatcher-2] INFO  a.a.LocalActorRef akka://worker/user/watcher/graph0000000000/graph/$a - Stopped
12:25:37.461 [worker-akka.actor.default-dispatcher-2] INFO  a.a.LocalActorRef akka://worker/user/watcher/graph0000000000/graph/$b - Stopped
12:25:37.462 [worker-akka.actor.default-dispatcher-2] INFO  a.a.LocalActorRef akka://worker/user/watcher/graph0000000000/graph/$c - Stopped
12:25:37.462 [worker-akka.actor.default-dispatcher-2] INFO  a.a.LocalActorRef akka://worker/user/watcher/graph0000000000/graph/local-acker/$a - Stopped
12:25:37.466 [worker-akka.actor.default-dispatcher-2] INFO  a.a.LocalActorRef akka://worker/user/watcher/graph0000000000/edge - Stopped
12:25:37.466 [worker-akka.actor.default-dispatcher-2] INFO  a.a.LocalActorRef akka://worker/user/watcher/graph0000000000/graph/local-acker/$a - Message [com.spbsu.flamestream.runtime.utils.akka.PingActor$InnerPing] from Actor[akka://worker/user/watcher/graph0000000000/graph/local-acker/$a#-1485011107] to Actor[akka://worker/user/watcher/graph0000000000/graph/local-acker/$a#-1485011107] was not delivered. [1] dead letters encountered. This logging can be turned off or adjusted with configuration settings 'akka.log-dead-letters' and 'akka.log-dead-letters-during-shutdown'.
12:25:37.467 [worker-akka.actor.default-dispatcher-2] INFO  a.a.LocalActorRef akka://worker/user/watcher/graph0000000000/graph/local-acker - Stopped
12:25:37.475 [worker-akka.actor.default-dispatcher-2] INFO  a.a.LocalActorRef akka://worker/user/watcher/graph0000000000/graph/local-acker/$a - Message [com.spbsu.flamestream.runtime.utils.akka.PingActor$Stop] from Actor[akka://worker/user/watcher/graph0000000000/graph/local-acker#631919892] to Actor[akka://worker/user/watcher/graph0000000000/graph/local-acker/$a#-1485011107] was not delivered. [2] dead letters encountered. This logging can be turned off or adjusted with configuration settings 'akka.log-dead-letters' and 'akka.log-dead-letters-during-shutdown'.
12:25:37.476 [worker-akka.actor.default-dispatcher-2] INFO  a.a.LocalActorRef akka://worker/user/watcher/graph0000000000/graph/local-acker - Message [com.spbsu.flamestream.runtime.acker.LocalAcker$Flush] from Actor[akka://worker/user/watcher/graph0000000000/graph/local-acker#631919892] to Actor[akka://worker/user/watcher/graph0000000000/graph/local-acker#631919892] was not delivered. [3] dead letters encountered. This logging can be turned off or adjusted with configuration settings 'akka.log-dead-letters' and 'akka.log-dead-letters-during-shutdown'.
12:25:37.478 [worker-akka.actor.default-dispatcher-2] INFO  a.a.LocalActorRef akka://worker/user/watcher/graph0000000000/graph/local-acker - Message [com.spbsu.flamestream.runtime.acker.LocalAcker$Flush] from Actor[akka://worker/user/watcher/graph0000000000/graph/local-acker#631919892] to Actor[akka://worker/user/watcher/graph0000000000/graph/local-acker#631919892] was not delivered. [4] dead letters encountered. This logging can be turned off or adjusted with configuration settings 'akka.log-dead-letters' and 'akka.log-dead-letters-during-shutdown'.
12:25:37.478 [worker-akka.actor.default-dispatcher-2] INFO  a.a.LocalActorRef akka://worker/user/watcher/graph0000000000/graph/local-acker - Message [com.spbsu.flamestream.runtime.acker.LocalAcker$Flush] from Actor[akka://worker/user/watcher/graph0000000000/graph/local-acker#631919892] to Actor[akka://worker/user/watcher/graph0000000000/graph/local-acker#631919892] was not delivered. [5] dead letters encountered. This logging can be turned off or adjusted with configuration settings 'akka.log-dead-letters' and 'akka.log-dead-letters-during-shutdown'.
12:25:37.479 [worker-akka.actor.default-dispatcher-2] INFO  a.a.LocalActorRef akka://worker/user/watcher/graph0000000000/graph/local-acker - Message [com.spbsu.flamestream.runtime.acker.LocalAcker$Flush] from Actor[akka://worker/user/watcher/graph0000000000/graph/local-acker#631919892] to Actor[akka://worker/user/watcher/graph0000000000/graph/local-acker#631919892] was not delivered. [6] dead letters encountered. This logging can be turned off or adjusted with configuration settings 'akka.log-dead-letters' and 'akka.log-dead-letters-during-shutdown'.
12:25:37.481 [worker-akka.actor.default-dispatcher-2] INFO  a.a.LocalActorRef akka://worker/user/watcher/graph0000000000/graph/local-acker - Message [com.spbsu.flamestream.runtime.acker.LocalAcker$Flush] from Actor[akka://worker/user/watcher/graph0000000000/graph/local-acker#631919892] to Actor[akka://worker/user/watcher/graph0000000000/graph/local-acker#631919892] was not delivered. [7] dead letters encountered. This logging can be turned off or adjusted with configuration settings 'akka.log-dead-letters' and 'akka.log-dead-letters-during-shutdown'.
12:25:37.481 [worker-akka.actor.default-dispatcher-2] INFO  a.a.LocalActorRef akka://worker/user/watcher/graph0000000000/graph/local-acker - Message [com.spbsu.flamestream.runtime.acker.LocalAcker$Flush] from Actor[akka://worker/user/watcher/graph0000000000/graph/local-acker#631919892] to Actor[akka://worker/user/watcher/graph0000000000/graph/local-acker#631919892] was not delivered. [8] dead letters encountered. This logging can be turned off or adjusted with configuration settings 'akka.log-dead-letters' and 'akka.log-dead-letters-during-shutdown'.
12:25:37.482 [worker-akka.actor.default-dispatcher-2] INFO  a.a.LocalActorRef akka://worker/user/watcher/graph0000000000/graph - Stopped
12:25:37.482 [worker-akka.actor.default-dispatcher-2] INFO  a.a.LocalActorRef akka://worker/user/watcher/graph0000000000 - Stopped
12:25:37.485 [worker-akka.actor.default-dispatcher-2-EventThread] INFO  o.a.z.ClientCnxn  - EventThread shut down for session: 0x161b84784c50007
12:25:37.486 [worker-akka.actor.default-dispatcher-2] INFO  o.a.z.ZooKeeper  - Session: 0x161b84784c50007 closed
12:25:37.486 [worker-akka.actor.default-dispatcher-2] INFO  a.a.RepointableActorRef akka://worker/user/watcher - Stopped
12:25:37.501 [worker-akka.actor.default-dispatcher-2] INFO  a.r.RemoteActorRefProvider$RemotingTerminator akka://worker@172.31.39.64:5412/system/remoting-terminator - Shutting down remote daemon.
12:25:37.502 [worker-akka.actor.default-dispatcher-2] INFO  a.r.RemoteActorRefProvider$RemotingTerminator akka://worker@172.31.39.64:5412/system/remoting-terminator - Remote daemon shut down; proceeding with flushing remote transports.
12:25:37.663 [worker-akka.actor.default-dispatcher-2] INFO  a.r.RemoteActorRefProvider$RemotingTerminator akka://worker@172.31.39.64:5412/system/remoting-terminator - Remoting shut down.
Attempts of event 'sink-receive' - 1038267
Attempts of event 'sink-send' - 1025873
Heap
 def new generation   total 153600K, used 95235K [0x00000000e0c00000, 0x00000000eb2a0000, 0x00000000eb2a0000)
  eden space 136576K,  62% used [0x00000000e0c00000, 0x00000000e5ec5200, 0x00000000e9160000)
  from space 17024K,  61% used [0x00000000e9160000, 0x00000000e9b9bbf8, 0x00000000ea200000)
  to   space 17024K,   0% used [0x00000000ea200000, 0x00000000ea200000, 0x00000000eb2a0000)
 tenured generation   total 341376K, used 220115K [0x00000000eb2a0000, 0x0000000100000000, 0x0000000100000000)
   the space 341376K,  64% used [0x00000000eb2a0000, 0x00000000f8994c80, 0x00000000f8994e00, 0x0000000100000000)
 Metaspace       used 33389K, capacity 34164K, committed 34432K, reserved 1079296K
  class space    used 4453K, capacity 4627K, committed 4736K, reserved 1048576K
