10:39:09.842 [worker-akka.actor.default-dispatcher-2] INFO  a.e.s.Slf4jLogger  - Slf4jLogger started
2018-02-23T10:39:10.015+0000: 3.131: [Full GC (Metadata GC Threshold) 2018-02-23T10:39:10.015+0000: 3.131: [Tenured: 0K->15400K(341376K), 0.0379673 secs] 117531K->15400K(494976K), [Metaspace: 20877K->20877K(1067008K)], 0.0380361 secs] [Times: user=0.04 sys=0.00, real=0.04 secs] 
Ama winner
Ama winner
10:39:10.498 [worker-akka.actor.default-dispatcher-2] INFO  a.r.a.ArteryTransport(akka://worker) akka.remote.artery.ArteryTransport(akka://worker) - Started embedded media driver in directory [/dev/shm/aeron-root-worker-4d301e58-d49a-43ab-9ad0-fc06b8c89d89]
10:39:10.709 [worker-akka.actor.default-dispatcher-2] INFO  a.r.a.ArteryTransport(akka://worker) akka.remote.artery.ArteryTransport(akka://worker) - Remoting started; listening on address: [akka://worker@172.31.47.100:5412] with UID [-4552358814337561742]
10:39:10.814 [worker-akka.actor.default-dispatcher-2] INFO  o.a.z.ZooKeeper  - Client environment:zookeeper.version=3.4.9-1757313, built on 08/23/2016 06:50 GMT
10:39:10.815 [worker-akka.actor.default-dispatcher-2] INFO  o.a.z.ZooKeeper  - Client environment:host.name=ip-172-31-47-100.us-east-2.compute.internal
10:39:10.815 [worker-akka.actor.default-dispatcher-2] INFO  o.a.z.ZooKeeper  - Client environment:java.version=1.8.0_151
10:39:10.815 [worker-akka.actor.default-dispatcher-2] INFO  o.a.z.ZooKeeper  - Client environment:java.vendor=Oracle Corporation
10:39:10.815 [worker-akka.actor.default-dispatcher-2] INFO  o.a.z.ZooKeeper  - Client environment:java.home=/usr/lib/jvm/java-8-openjdk-amd64/jre
10:39:10.815 [worker-akka.actor.default-dispatcher-2] INFO  o.a.z.ZooKeeper  - Client environment:java.class.path=lib/commons-cli-1.4.jar:lib/minlog-1.3.0.jar:lib/asm-5.0.4.jar:lib/hadoop-annotations-2.7.3.jar:lib/hadoop-auth-2.7.3.jar:lib/akka-slf4j_2.11-2.5.6.jar:lib/jersey-core-1.9.jar:lib/lz4-1.3.0.jar:lib/jackson-core-asl-1.9.13.jar:lib/aeron-client-1.3.0.jar:lib/htrace-core-3.1.0-incubating.jar:lib/xz-1.0.jar:lib/commons-httpclient-3.1.jar:lib/asm-3.1.jar:lib/commons-lang3-3.4.jar:lib/scala-library-2.11.11.jar:lib/scala-java8-compat_2.11-0.7.0.jar:lib/commons-configuration-1.6.jar:lib/objenesis-2.1.jar:lib/jackson-annotations-2.8.0.jar:lib/jsr305-3.0.0.jar:lib/curator-framework-2.7.1.jar:lib/jersey-server-1.9.jar:lib/jets3t-0.9.0.jar:lib/leveldb-0.7.jar:lib/jetty-6.1.26.jar:lib/stax-api-1.0-2.jar:lib/flamestream-core-1.0-SNAPSHOT.jar:lib/reflectasm-1.07-shaded.jar:lib/apacheds-kerberos-codec-2.0.0-M15.jar:lib/api-asn1-api-1.0.0-M20.jar:lib/commons-lang-2.6.jar:lib/commons-beanutils-1.7.0.jar:lib/jackson-xc-1.8.3.jar:lib/jetty-util-6.1.26.jar:lib/logback-classic-1.2.3.jar:lib/jool-0.9.12.jar:lib/flamestream-runtime-1.0-SNAPSHOT-tests.jar:lib/httpcore-4.1.2.jar:lib/kryo-4.0.0.jar:lib/ant-1.8.1.jar:lib/jaxb-impl-2.2.3-1.jar:lib/jersey-json-1.9.jar:lib/commons-compress-1.4.1.jar:lib/leveldbjni-all-1.8.jar:lib/paranamer-2.3.jar:lib/jackson-core-2.8.4.jar:lib/commons-math3-3.6.1.jar:lib/scala-parser-combinators_2.11-1.0.4.jar:lib/netty-3.10.6.Final.jar:lib/trove4j-3.0.3.jar:lib/jaxb-api-2.2.2.jar:lib/logback-core-1.2.3.jar:lib/snappy-java-1.0.4.1.jar:lib/protobuf-java-2.5.0.jar:lib/reactive-streams-1.0.1.jar:lib/flamestream-examples-1.0-SNAPSHOT.jar:lib/commons-codec-1.4.jar:lib/activation-1.1.jar:lib/commons-net-3.1.jar:lib/curator-recipes-2.7.1.jar:lib/jackson-mapper-asl-1.9.13.jar:lib/jackson-databind-2.8.4.jar:lib/flamestream-runtime-1.0-SNAPSHOT.jar:lib/jackson-jaxrs-1.8.3.jar:lib/slf4j-api-1.7.24.jar:lib/akka-remote_2.11-2.5.6.jar:lib/akka-testkit_2.11-2.5.6.jar:lib/jline-0.9.94.jar:lib/akka-stream_2.11-2.5.6.jar:lib/jsp-api-2.1.jar:lib/kryonet-2.21.jar:lib/akka-kryo-serialization_2.11-0.5.0.jar:lib/config-1.3.1.jar:lib/ant-launcher-1.8.1.jar:lib/commons-logging-1.2.jar:lib/ssl-config-core_2.11-0.2.2.jar:lib/testng-6.10.jar:lib/leveldb-api-0.7.jar:lib/reflectasm-1.11.3.jar:lib/jcommander-1.48.jar:lib/commons-1.1.jar:lib/commons-digester-1.8.jar:lib/minlog-1.2.jar:lib/java-xmlbuilder-0.4.jar:lib/jettison-1.1.jar:lib/gson-2.2.4.jar:lib/jdk.tools-1.8.jar:lib/aeron-driver-1.3.0.jar:lib/zookeeper-3.4.9.jar:lib/commons-beanutils-core-1.8.0.jar:lib/commons-math3-3.1.1.jar:lib/akka-actor_2.11-2.5.6.jar:lib/curator-client-2.7.1.jar:lib/servlet-api-2.5.jar:lib/apacheds-i18n-2.0.0-M15.jar:lib/commons-io-2.4.jar:lib/commons-codec-1.6.jar:lib/akka-protobuf_2.11-2.5.6.jar:lib/jdom-2.0.2.jar:lib/api-util-1.0.0-M20.jar:lib/hadoop-common-2.7.3.jar:lib/agrona-0.9.6.jar:lib/xmlenc-0.52.jar:lib/guava-21.0.jar:lib/commons-collections-3.2.2.jar:lib/avro-1.7.4.jar:lib/httpclient-4.1.2.jar:lib/flamestream-core-1.0-SNAPSHOT-tests.jar:lib/annotations-12.0.jar:lib/jsch-0.1.42.jar:flamestream-runtime-1.0-SNAPSHOT.jar
10:39:10.815 [worker-akka.actor.default-dispatcher-2] INFO  o.a.z.ZooKeeper  - Client environment:java.library.path=/usr/java/packages/lib/amd64:/usr/lib/x86_64-linux-gnu/jni:/lib/x86_64-linux-gnu:/usr/lib/x86_64-linux-gnu:/usr/lib/jni:/lib:/usr/lib
10:39:10.815 [worker-akka.actor.default-dispatcher-2] INFO  o.a.z.ZooKeeper  - Client environment:java.io.tmpdir=/tmp
10:39:10.815 [worker-akka.actor.default-dispatcher-2] INFO  o.a.z.ZooKeeper  - Client environment:java.compiler=<NA>
10:39:10.815 [worker-akka.actor.default-dispatcher-2] INFO  o.a.z.ZooKeeper  - Client environment:os.name=Linux
10:39:10.815 [worker-akka.actor.default-dispatcher-2] INFO  o.a.z.ZooKeeper  - Client environment:os.arch=amd64
10:39:10.816 [worker-akka.actor.default-dispatcher-2] INFO  o.a.z.ZooKeeper  - Client environment:os.version=4.4.0-1049-aws
10:39:10.816 [worker-akka.actor.default-dispatcher-2] INFO  o.a.z.ZooKeeper  - Client environment:user.name=root
10:39:10.817 [worker-akka.actor.default-dispatcher-2] INFO  o.a.z.ZooKeeper  - Client environment:user.home=/root
10:39:10.817 [worker-akka.actor.default-dispatcher-2] INFO  o.a.z.ZooKeeper  - Client environment:user.dir=/opt/flamestream
10:39:10.821 [worker-akka.actor.default-dispatcher-2] INFO  o.a.z.ZooKeeper  - Initiating client connection, connectString=172.31.34.147:2181 sessionTimeout=5000 watcher=com.spbsu.flamestream.runtime.application.LifecycleWatcher$$Lambda$29/1058902145@7d2d403
10:39:10.856 [worker-akka.actor.default-dispatcher-2] INFO  a.a.RepointableActorRef akka://worker/user/watcher - Starting...
10:39:10.868 [worker-akka.actor.default-dispatcher-2-SendThread(172.31.34.147:2181)] INFO  o.a.z.ClientCnxn  - Opening socket connection to server 172.31.34.147/172.31.34.147:2181. Will not attempt to authenticate using SASL (unknown error)
10:39:10.871 [worker-akka.actor.default-dispatcher-2-SendThread(172.31.34.147:2181)] INFO  o.a.z.ClientCnxn  - Socket connection established to 172.31.34.147/172.31.34.147:2181, initiating session
10:39:10.881 [worker-akka.actor.default-dispatcher-2-SendThread(172.31.34.147:2181)] INFO  o.a.z.ClientCnxn  - Session establishment complete on server 172.31.34.147/172.31.34.147:2181, sessionid = 0x161c23e272f0008, negotiated timeout = 6000
10:39:10.991 [worker-akka.actor.default-dispatcher-2] INFO  a.a.RepointableActorRef akka://worker/user/watcher - Connected to ZK
10:39:17.856 [worker-akka.actor.default-dispatcher-2] INFO  a.a.RepointableActorRef akka://worker/user/watcher - Creating node with watchGraphs: 'com.spbsu.flamestream.core.Graph$Builder$MyGraph@5b1552ce', config: 'ClusterConfig{paths={172.31.33.155=akka://worker@172.31.33.155:5412/user/watcher/graph0000000000, 172.31.47.83=akka://worker@172.31.47.83:5412/user/watcher/graph0000000000, 172.31.45.197=akka://worker@172.31.45.197:5412/user/watcher/graph0000000000, 172.31.42.36=akka://worker@172.31.42.36:5412/user/watcher/graph0000000000, 172.31.44.83=akka://worker@172.31.44.83:5412/user/watcher/graph0000000000, 172.31.39.64=akka://worker@172.31.39.64:5412/user/watcher/graph0000000000, 172.31.35.79=akka://worker@172.31.35.79:5412/user/watcher/graph0000000000, 172.31.34.169=akka://worker@172.31.34.169:5412/user/watcher/graph0000000000, 172.31.47.100=akka://worker@172.31.47.100:5412/user/watcher/graph0000000000, 172.31.37.101=akka://worker@172.31.37.101:5412/user/watcher/graph0000000000}, ackerLocation='172.31.35.79', props=ComputationLayout{ranges={172.31.33.155=HashRange{from=-1670265060, to=-1193046472}, 172.31.47.83=HashRange{from=1670265056, to=2147483644}, 172.31.45.197=HashRange{from=-715827884, to=-238609296}, 172.31.42.36=HashRange{from=1193046468, to=1670265056}, 172.31.44.83=HashRange{from=-238609296, to=238609292}, 172.31.39.64=HashRange{from=715827880, to=1193046468}, 172.31.35.79=HashRange{from=0, to=0}, 172.31.34.169=HashRange{from=-2147483648, to=-1670265060}, 172.31.47.100=HashRange{from=238609292, to=715827880}, 172.31.37.101=HashRange{from=-1193046472, to=-715827884}}}}'
10:39:18.657 [worker-akka.actor.default-dispatcher-2] INFO  a.a.LocalActorRef akka://worker/user/watcher/graph0000000000/graph - Starting...
10:39:18.660 [worker-akka.actor.default-dispatcher-2] INFO  a.a.LocalActorRef akka://worker/user/watcher/graph0000000000/graph/local-acker - Starting...
10:39:18.669 [worker-akka.actor.default-dispatcher-2] INFO  a.a.LocalActorRef akka://worker/user/watcher/graph0000000000/graph/local-acker/$a - Starting...
Warning: space is running low in /dev/shm (tmpfs) threshold=167,772,160 usable=158,621,696
Warning: space is running low in /dev/shm (tmpfs) threshold=167,772,160 usable=146,034,688
Warning: space is running low in /dev/shm (tmpfs) threshold=167,772,160 usable=133,447,680
Warning: space is running low in /dev/shm (tmpfs) threshold=167,772,160 usable=120,860,672
Warning: space is running low in /dev/shm (tmpfs) threshold=167,772,160 usable=108,273,664
Warning: space is running low in /dev/shm (tmpfs) threshold=167,772,160 usable=95,686,656
Warning: space is running low in /dev/shm (tmpfs) threshold=167,772,160 usable=83,099,648
Warning: space is running low in /dev/shm (tmpfs) threshold=167,772,160 usable=70,512,640
10:39:20.168 [worker-akka.actor.default-dispatcher-2] INFO  a.a.LocalActorRef akka://worker/user/watcher/graph0000000000 - Starting...
10:39:20.170 [worker-akka.actor.default-dispatcher-2] INFO  a.a.LocalActorRef akka://worker/user/watcher/graph0000000000/graph - Finishing constructor
10:39:20.171 [worker-akka.actor.default-dispatcher-2] INFO  a.a.LocalActorRef akka://worker/user/watcher/graph0000000000/negotiator - Starting...
10:39:20.172 [worker-akka.actor.default-dispatcher-2] INFO  a.a.LocalActorRef akka://worker/user/watcher/graph0000000000/edge - Starting...
10:39:20.258 [worker-akka.actor.default-dispatcher-2] INFO  c.s.f.r.e.s.SocketRear  - FlameSocketGraphDeployerRear@172.31.47.100: connecting to 172.31.34.147:5678
10:39:20.261 [worker-akka.actor.default-dispatcher-2] INFO  c.s.f.r.e.s.SocketRear  - FlameSocketGraphDeployerRear@172.31.47.100: connected to 172.31.34.147:5678
10:39:20.280 [worker-akka.actor.default-dispatcher-2] INFO  a.a.LocalActorRef akka://worker/user/watcher/graph0000000000/graph/$a - Starting...
10:39:20.289 [worker-akka.actor.default-dispatcher-2] INFO  a.a.LocalActorRef akka://worker/user/watcher/graph0000000000/graph/$b - Starting...
10:39:20.290 [worker-akka.actor.default-dispatcher-2] INFO  a.a.LocalActorRef akka://worker/user/watcher/graph0000000000/graph/$c - Starting...
10:39:20.290 [worker-akka.actor.default-dispatcher-2] INFO  a.a.LocalActorRef akka://worker/user/watcher/graph0000000000/edge/FlameSocketGraphDeployerRear - Starting...
10:39:20.290 [worker-akka.actor.default-dispatcher-2] INFO  a.a.LocalActorRef akka://worker/user/watcher/graph0000000000/edge/FlameSocketGraphDeployerFront - Starting...
10:39:20.292 [worker-akka.actor.default-dispatcher-2] INFO  a.a.LocalActorRef akka://worker/user/watcher/graph0000000000/negotiator - Requesting ticket for the frontClass FlameSocketGraphDeployerFront@172.31.47.100
10:39:20.294 [worker-akka.actor.default-dispatcher-2] INFO  a.a.LocalActorRef akka://worker/user/watcher/graph0000000000/negotiator - Ticket for the frontClass received: FrontTicket{allowedTimestamp=(1519382357832, FlameSocketGraphDeployerFront@172.31.47.100)}
10:39:20.295 [worker-akka.actor.default-dispatcher-2] INFO  c.s.f.r.e.s.SocketFront  - FlameSocketGraphDeployerFront@172.31.47.100: connecting to 172.31.34.147:4567
10:39:20.304 [Client] INFO  c.s.f.r.e.s.SocketFront  - FlameSocketGraphDeployerFront@172.31.47.100 has been disconnected from Connection 6
2018-02-23T10:39:23.772+0000: 16.889: [GC (Allocation Failure) 2018-02-23T10:39:23.772+0000: 16.889: [DefNew: 136576K->15350K(153600K), 0.0350524 secs] 151976K->50282K(494976K), 0.0351303 secs] [Times: user=0.02 sys=0.00, real=0.03 secs] 
2018-02-23T10:39:25.529+0000: 18.646: [GC (Allocation Failure) 2018-02-23T10:39:25.529+0000: 18.646: [DefNew: 151926K->6960K(153600K), 0.0262994 secs] 186858K->49761K(494976K), 0.0263625 secs] [Times: user=0.03 sys=0.00, real=0.02 secs] 
2018-02-23T10:39:30.787+0000: 23.904: [GC (Allocation Failure) 2018-02-23T10:39:30.787+0000: 23.904: [DefNew: 143536K->5198K(153600K), 0.0123821 secs] 186337K->47999K(494976K), 0.0124493 secs] [Times: user=0.02 sys=0.00, real=0.02 secs] 
2018-02-23T10:39:35.717+0000: 28.834: [GC (Allocation Failure) 2018-02-23T10:39:35.717+0000: 28.834: [DefNew: 141774K->7320K(153600K), 0.0152822 secs] 184575K->50121K(494976K), 0.0153423 secs] [Times: user=0.02 sys=0.00, real=0.01 secs] 
2018-02-23T10:39:40.431+0000: 33.548: [GC (Allocation Failure) 2018-02-23T10:39:40.431+0000: 33.548: [DefNew: 143896K->9164K(153600K), 0.0156808 secs] 186697K->51965K(494976K), 0.0157448 secs] [Times: user=0.02 sys=0.00, real=0.01 secs] 
2018-02-23T10:39:43.475+0000: 36.592: [GC (Allocation Failure) 2018-02-23T10:39:43.475+0000: 36.592: [DefNew: 145740K->9142K(153600K), 0.0172894 secs] 188541K->53143K(494976K), 0.0173523 secs] [Times: user=0.02 sys=0.00, real=0.02 secs] 
2018-02-23T10:39:48.126+0000: 41.244: [GC (Allocation Failure) 2018-02-23T10:39:48.127+0000: 41.244: [DefNew: 145718K->8653K(153600K), 0.0161916 secs] 189719K->53930K(494976K), 0.0171533 secs] [Times: user=0.02 sys=0.00, real=0.02 secs] 
2018-02-23T10:39:51.866+0000: 44.983: [GC (Allocation Failure) 2018-02-23T10:39:51.866+0000: 44.983: [DefNew: 145229K->7881K(153600K), 0.0274361 secs] 190506K->54743K(494976K), 0.0274975 secs] [Times: user=0.01 sys=0.01, real=0.03 secs] 
2018-02-23T10:39:58.163+0000: 51.280: [GC (Allocation Failure) 2018-02-23T10:39:58.163+0000: 51.280: [DefNew: 144457K->9969K(153600K), 0.0160749 secs] 191319K->56831K(494976K), 0.0161362 secs] [Times: user=0.02 sys=0.00, real=0.02 secs] 
2018-02-23T10:40:03.034+0000: 56.151: [GC (Allocation Failure) 2018-02-23T10:40:03.034+0000: 56.151: [DefNew: 146545K->8388K(153600K), 0.0247292 secs] 193407K->57670K(494976K), 0.0248081 secs] [Times: user=0.01 sys=0.01, real=0.03 secs] 
2018-02-23T10:40:06.838+0000: 59.955: [GC (Allocation Failure) 2018-02-23T10:40:06.838+0000: 59.955: [DefNew: 144964K->10747K(153600K), 0.0172977 secs] 194246K->60029K(494976K), 0.0173618 secs] [Times: user=0.02 sys=0.00, real=0.01 secs] 
2018-02-23T10:40:12.374+0000: 65.491: [GC (Allocation Failure) 2018-02-23T10:40:12.374+0000: 65.491: [DefNew: 147323K->7414K(153600K), 0.0269104 secs] 196605K->60448K(494976K), 0.0269828 secs] [Times: user=0.01 sys=0.01, real=0.03 secs] 
2018-02-23T10:40:17.748+0000: 70.865: [GC (Allocation Failure) 2018-02-23T10:40:17.748+0000: 70.865: [DefNew: 143990K->8046K(153600K), 0.0136077 secs] 197024K->61080K(494976K), 0.0136711 secs] [Times: user=0.01 sys=0.00, real=0.01 secs] 
2018-02-23T10:40:23.605+0000: 76.721: [GC (Allocation Failure) 2018-02-23T10:40:23.605+0000: 76.722: [DefNew: 144622K->9498K(153600K), 0.0154631 secs] 197656K->62532K(494976K), 0.0155292 secs] [Times: user=0.01 sys=0.01, real=0.02 secs] 
2018-02-23T10:40:28.826+0000: 81.943: [GC (Allocation Failure) 2018-02-23T10:40:28.826+0000: 81.943: [DefNew: 146074K->10188K(153600K), 0.0181803 secs] 199108K->64189K(494976K), 0.0182694 secs] [Times: user=0.01 sys=0.00, real=0.02 secs] 
2018-02-23T10:40:34.016+0000: 87.132: [GC (Allocation Failure) 2018-02-23T10:40:34.016+0000: 87.132: [DefNew: 146764K->9020K(153600K), 0.0219181 secs] 200765K->65179K(494976K), 0.0219848 secs] [Times: user=0.02 sys=0.00, real=0.03 secs] 
2018-02-23T10:40:40.464+0000: 93.581: [GC (Allocation Failure) 2018-02-23T10:40:40.464+0000: 93.581: [DefNew: 145596K->9601K(153600K), 0.0183868 secs] 201755K->66728K(494976K), 0.0184747 secs] [Times: user=0.02 sys=0.00, real=0.02 secs] 
2018-02-23T10:40:45.302+0000: 98.418: [GC (Allocation Failure) 2018-02-23T10:40:45.302+0000: 98.418: [DefNew: 146177K->9833K(153600K), 0.0176656 secs] 203304K->68074K(494976K), 0.0177350 secs] [Times: user=0.02 sys=0.00, real=0.02 secs] 
2018-02-23T10:40:51.028+0000: 104.145: [GC (Allocation Failure) 2018-02-23T10:40:51.028+0000: 104.145: [DefNew: 146409K->9209K(153600K), 0.0233457 secs] 204650K->69787K(494976K), 0.0234154 secs] [Times: user=0.02 sys=0.00, real=0.02 secs] 
2018-02-23T10:40:58.075+0000: 111.191: [GC (Allocation Failure) 2018-02-23T10:40:58.075+0000: 111.191: [DefNew: 145785K->9307K(153600K), 0.0202165 secs] 206363K->71331K(494976K), 0.0202928 secs] [Times: user=0.02 sys=0.00, real=0.02 secs] 
2018-02-23T10:41:04.035+0000: 117.152: [GC (Allocation Failure) 2018-02-23T10:41:04.035+0000: 117.152: [DefNew: 145883K->9414K(153600K), 0.0188195 secs] 207907K->72730K(494976K), 0.0188829 secs] [Times: user=0.01 sys=0.00, real=0.02 secs] 
2018-02-23T10:41:08.463+0000: 121.580: [GC (Allocation Failure) 2018-02-23T10:41:08.463+0000: 121.580: [DefNew: 145990K->9048K(153600K), 0.0162166 secs] 209306K->73847K(494976K), 0.0162846 secs] [Times: user=0.02 sys=0.00, real=0.02 secs] 
2018-02-23T10:41:12.710+0000: 125.827: [GC (Allocation Failure) 2018-02-23T10:41:12.710+0000: 125.827: [DefNew: 145624K->9672K(153600K), 0.0191492 secs] 210423K->75859K(494976K), 0.0192138 secs] [Times: user=0.02 sys=0.00, real=0.02 secs] 
2018-02-23T10:41:17.645+0000: 130.761: [GC (Allocation Failure) 2018-02-23T10:41:17.645+0000: 130.761: [DefNew: 146248K->10065K(153600K), 0.0249527 secs] 212435K->77648K(494976K), 0.0250161 secs] [Times: user=0.01 sys=0.01, real=0.03 secs] 
2018-02-23T10:41:22.716+0000: 135.832: [GC (Allocation Failure) 2018-02-23T10:41:22.716+0000: 135.833: [DefNew: 146641K->8870K(153600K), 0.0183273 secs] 214224K->79233K(494976K), 0.0183880 secs] [Times: user=0.02 sys=0.00, real=0.01 secs] 
2018-02-23T10:41:27.262+0000: 140.379: [GC (Allocation Failure) 2018-02-23T10:41:27.262+0000: 140.379: [DefNew: 145446K->8747K(153600K), 0.0198596 secs] 215809K->81326K(494976K), 0.0199241 secs] [Times: user=0.01 sys=0.01, real=0.02 secs] 
2018-02-23T10:41:32.361+0000: 145.478: [GC (Allocation Failure) 2018-02-23T10:41:32.361+0000: 145.478: [DefNew: 145323K->8086K(153600K), 0.0209247 secs] 217902K->82305K(494976K), 0.0210192 secs] [Times: user=0.00 sys=0.02, real=0.02 secs] 
2018-02-23T10:41:37.693+0000: 150.810: [GC (Allocation Failure) 2018-02-23T10:41:37.693+0000: 150.810: [DefNew: 144662K->10087K(153600K), 0.0151495 secs] 218881K->84305K(494976K), 0.0152115 secs] [Times: user=0.02 sys=0.00, real=0.02 secs] 
2018-02-23T10:41:43.391+0000: 156.508: [GC (Allocation Failure) 2018-02-23T10:41:43.391+0000: 156.508: [DefNew: 146663K->9011K(153600K), 0.0317100 secs] 220881K->85983K(494976K), 0.0317933 secs] [Times: user=0.01 sys=0.02, real=0.03 secs] 
2018-02-23T10:41:49.008+0000: 162.124: [GC (Allocation Failure) 2018-02-23T10:41:49.008+0000: 162.124: [DefNew: 145587K->8754K(153600K), 0.0286054 secs] 222559K->87088K(494976K), 0.0286649 secs] [Times: user=0.01 sys=0.01, real=0.04 secs] 
2018-02-23T10:41:53.515+0000: 166.632: [GC (Allocation Failure) 2018-02-23T10:41:53.515+0000: 166.632: [DefNew: 145330K->8916K(153600K), 0.0293774 secs] 223664K->89001K(494976K), 0.0294415 secs] [Times: user=0.01 sys=0.02, real=0.03 secs] 
2018-02-23T10:41:59.304+0000: 172.421: [GC (Allocation Failure) 2018-02-23T10:41:59.304+0000: 172.421: [DefNew: 145492K->9082K(153600K), 0.0212732 secs] 225577K->90696K(494976K), 0.0213349 secs] [Times: user=0.02 sys=0.01, real=0.02 secs] 
2018-02-23T10:42:03.933+0000: 177.050: [GC (Allocation Failure) 2018-02-23T10:42:03.933+0000: 177.050: [DefNew: 145658K->9141K(153600K), 0.0165010 secs] 227272K->92320K(494976K), 0.0165681 secs] [Times: user=0.01 sys=0.00, real=0.02 secs] 
2018-02-23T10:42:08.943+0000: 182.060: [GC (Allocation Failure) 2018-02-23T10:42:08.943+0000: 182.060: [DefNew: 145717K->9135K(153600K), 0.0262328 secs] 228896K->93953K(494976K), 0.0262908 secs] [Times: user=0.01 sys=0.01, real=0.03 secs] 
2018-02-23T10:42:14.193+0000: 187.309: [GC (Allocation Failure) 2018-02-23T10:42:14.193+0000: 187.309: [DefNew: 145711K->9855K(153600K), 0.0297017 secs] 230529K->96125K(494976K), 0.0297768 secs] [Times: user=0.01 sys=0.01, real=0.03 secs] 
2018-02-23T10:42:19.766+0000: 192.883: [GC (Allocation Failure) 2018-02-23T10:42:19.766+0000: 192.883: [DefNew: 146431K->9538K(153600K), 0.0295166 secs] 232701K->97320K(494976K), 0.0295775 secs] [Times: user=0.01 sys=0.02, real=0.04 secs] 
2018-02-23T10:42:23.737+0000: 196.854: [GC (Allocation Failure) 2018-02-23T10:42:23.737+0000: 196.854: [DefNew: 146114K->9311K(153600K), 0.0168371 secs] 233896K->99013K(494976K), 0.0169098 secs] [Times: user=0.01 sys=0.01, real=0.01 secs] 
2018-02-23T10:42:29.712+0000: 202.828: [GC (Allocation Failure) 2018-02-23T10:42:29.712+0000: 202.828: [DefNew: 145887K->9378K(153600K), 0.0163016 secs] 235589K->100586K(494976K), 0.0163733 secs] [Times: user=0.02 sys=0.00, real=0.02 secs] 
2018-02-23T10:42:34.491+0000: 207.608: [GC (Allocation Failure) 2018-02-23T10:42:34.491+0000: 207.608: [DefNew: 145954K->10123K(153600K), 0.0178312 secs] 237162K->102790K(494976K), 0.0178952 secs] [Times: user=0.02 sys=0.00, real=0.02 secs] 
2018-02-23T10:42:38.705+0000: 211.822: [GC (Allocation Failure) 2018-02-23T10:42:38.705+0000: 211.822: [DefNew: 146699K->10206K(153600K), 0.0244848 secs] 239366K->104350K(494976K), 0.0245463 secs] [Times: user=0.02 sys=0.01, real=0.03 secs] 
2018-02-23T10:42:44.811+0000: 217.927: [GC (Allocation Failure) 2018-02-23T10:42:44.811+0000: 217.927: [DefNew: 146782K->10980K(153600K), 0.0317274 secs] 240926K->106823K(494976K), 0.0317988 secs] [Times: user=0.01 sys=0.02, real=0.03 secs] 
2018-02-23T10:42:49.336+0000: 222.453: [GC (Allocation Failure) 2018-02-23T10:42:49.336+0000: 222.453: [DefNew: 147556K->11220K(153600K), 0.0188431 secs] 243399K->108679K(494976K), 0.0189158 secs] [Times: user=0.02 sys=0.00, real=0.02 secs] 
10:42:50.650 [Client] INFO  c.s.f.r.e.s.SocketRear  - FlameSocketGraphDeployerRear@172.31.47.100: has been disconnected from Connection 6
10:43:08.815 [worker-akka.actor.default-dispatcher-2] INFO  a.a.CoordinatedShutdown CoordinatedShutdown(akka://worker) - Starting coordinated shutdown from JVM shutdown hook
10:43:08.862 [worker-akka.actor.default-dispatcher-2] INFO  a.a.LocalActorRef akka://worker/user/watcher/graph0000000000/negotiator - Stopped
10:43:08.863 [worker-akka.actor.default-dispatcher-2] INFO  a.a.LocalActorRef akka://worker/user/watcher/graph0000000000/edge/FlameSocketGraphDeployerFront - Stopped
10:43:08.865 [worker-akka.actor.default-dispatcher-2] INFO  a.a.LocalActorRef akka://worker/user/watcher/graph0000000000/edge/FlameSocketGraphDeployerRear - Stopped
10:43:08.865 [worker-akka.actor.default-dispatcher-2] INFO  a.a.LocalActorRef akka://worker/user/watcher/graph0000000000/graph/$a - Stopped
10:43:08.867 [worker-akka.actor.default-dispatcher-2] INFO  a.a.LocalActorRef akka://worker/user/watcher/graph0000000000/graph/$b - Stopped
10:43:08.868 [worker-akka.actor.default-dispatcher-2] INFO  a.a.LocalActorRef akka://worker/user/watcher/graph0000000000/graph/$c - Stopped
10:43:08.869 [worker-akka.actor.default-dispatcher-2] INFO  a.a.LocalActorRef akka://worker/user/watcher/graph0000000000/graph/local-acker/$a - Stopped
10:43:08.874 [worker-akka.actor.default-dispatcher-2] INFO  a.a.LocalActorRef akka://worker/user/watcher/graph0000000000/edge - Stopped
10:43:08.874 [worker-akka.actor.default-dispatcher-2] INFO  a.a.LocalActorRef akka://worker/user/watcher/graph0000000000/graph/local-acker/$a - Message [com.spbsu.flamestream.runtime.utils.akka.PingActor$InnerPing] from Actor[akka://worker/user/watcher/graph0000000000/graph/local-acker/$a#-1431295438] to Actor[akka://worker/user/watcher/graph0000000000/graph/local-acker/$a#-1431295438] was not delivered. [1] dead letters encountered. This logging can be turned off or adjusted with configuration settings 'akka.log-dead-letters' and 'akka.log-dead-letters-during-shutdown'.
10:43:08.875 [worker-akka.actor.default-dispatcher-2] INFO  a.a.LocalActorRef akka://worker/user/watcher/graph0000000000/graph/local-acker - Stopped
10:43:08.879 [worker-akka.actor.default-dispatcher-2] INFO  a.a.LocalActorRef akka://worker/user/watcher/graph0000000000/graph/local-acker/$a - Message [com.spbsu.flamestream.runtime.utils.akka.PingActor$Stop] from Actor[akka://worker/user/watcher/graph0000000000/graph/local-acker#482833615] to Actor[akka://worker/user/watcher/graph0000000000/graph/local-acker/$a#-1431295438] was not delivered. [2] dead letters encountered. This logging can be turned off or adjusted with configuration settings 'akka.log-dead-letters' and 'akka.log-dead-letters-during-shutdown'.
10:43:08.880 [worker-akka.actor.default-dispatcher-2] INFO  a.a.LocalActorRef akka://worker/user/watcher/graph0000000000/graph/local-acker - Message [com.spbsu.flamestream.runtime.acker.LocalAcker$Flush] from Actor[akka://worker/user/watcher/graph0000000000/graph/local-acker#482833615] to Actor[akka://worker/user/watcher/graph0000000000/graph/local-acker#482833615] was not delivered. [3] dead letters encountered. This logging can be turned off or adjusted with configuration settings 'akka.log-dead-letters' and 'akka.log-dead-letters-during-shutdown'.
10:43:08.885 [worker-akka.actor.default-dispatcher-2] INFO  a.a.LocalActorRef akka://worker/user/watcher/graph0000000000/graph/local-acker - Message [com.spbsu.flamestream.runtime.acker.LocalAcker$Flush] from Actor[akka://worker/user/watcher/graph0000000000/graph/local-acker#482833615] to Actor[akka://worker/user/watcher/graph0000000000/graph/local-acker#482833615] was not delivered. [4] dead letters encountered. This logging can be turned off or adjusted with configuration settings 'akka.log-dead-letters' and 'akka.log-dead-letters-during-shutdown'.
10:43:08.885 [worker-akka.actor.default-dispatcher-2] INFO  a.a.LocalActorRef akka://worker/user/watcher/graph0000000000/graph/local-acker - Message [com.spbsu.flamestream.runtime.acker.LocalAcker$Flush] from Actor[akka://worker/user/watcher/graph0000000000/graph/local-acker#482833615] to Actor[akka://worker/user/watcher/graph0000000000/graph/local-acker#482833615] was not delivered. [5] dead letters encountered. This logging can be turned off or adjusted with configuration settings 'akka.log-dead-letters' and 'akka.log-dead-letters-during-shutdown'.
10:43:08.885 [worker-akka.actor.default-dispatcher-2] INFO  a.a.LocalActorRef akka://worker/user/watcher/graph0000000000/graph/local-acker - Message [com.spbsu.flamestream.runtime.acker.LocalAcker$Flush] from Actor[akka://worker/user/watcher/graph0000000000/graph/local-acker#482833615] to Actor[akka://worker/user/watcher/graph0000000000/graph/local-acker#482833615] was not delivered. [6] dead letters encountered. This logging can be turned off or adjusted with configuration settings 'akka.log-dead-letters' and 'akka.log-dead-letters-during-shutdown'.
10:43:08.885 [worker-akka.actor.default-dispatcher-2] INFO  a.a.LocalActorRef akka://worker/user/watcher/graph0000000000/graph/local-acker - Message [com.spbsu.flamestream.runtime.acker.LocalAcker$Flush] from Actor[akka://worker/user/watcher/graph0000000000/graph/local-acker#482833615] to Actor[akka://worker/user/watcher/graph0000000000/graph/local-acker#482833615] was not delivered. [7] dead letters encountered. This logging can be turned off or adjusted with configuration settings 'akka.log-dead-letters' and 'akka.log-dead-letters-during-shutdown'.
10:43:08.886 [worker-akka.actor.default-dispatcher-2] INFO  a.a.LocalActorRef akka://worker/user/watcher/graph0000000000/graph/local-acker - Message [com.spbsu.flamestream.runtime.acker.LocalAcker$Flush] from Actor[akka://worker/user/watcher/graph0000000000/graph/local-acker#482833615] to Actor[akka://worker/user/watcher/graph0000000000/graph/local-acker#482833615] was not delivered. [8] dead letters encountered. This logging can be turned off or adjusted with configuration settings 'akka.log-dead-letters' and 'akka.log-dead-letters-during-shutdown'.
10:43:08.887 [worker-akka.actor.default-dispatcher-2] INFO  a.a.LocalActorRef akka://worker/user/watcher/graph0000000000/graph/local-acker - Message [com.spbsu.flamestream.runtime.acker.LocalAcker$Flush] from Actor[akka://worker/user/watcher/graph0000000000/graph/local-acker#482833615] to Actor[akka://worker/user/watcher/graph0000000000/graph/local-acker#482833615] was not delivered. [9] dead letters encountered. This logging can be turned off or adjusted with configuration settings 'akka.log-dead-letters' and 'akka.log-dead-letters-during-shutdown'.
10:43:08.888 [worker-akka.actor.default-dispatcher-2] INFO  a.a.LocalActorRef akka://worker/user/watcher/graph0000000000/graph/local-acker - Message [com.spbsu.flamestream.runtime.acker.LocalAcker$Flush] from Actor[akka://worker/user/watcher/graph0000000000/graph/local-acker#482833615] to Actor[akka://worker/user/watcher/graph0000000000/graph/local-acker#482833615] was not delivered. [10] dead letters encountered. This logging can be turned off or adjusted with configuration settings 'akka.log-dead-letters' and 'akka.log-dead-letters-during-shutdown'.
10:43:08.889 [worker-akka.actor.default-dispatcher-2] INFO  a.a.LocalActorRef akka://worker/user/watcher/graph0000000000/graph - Stopped
10:43:08.892 [worker-akka.actor.default-dispatcher-2-EventThread] INFO  o.a.z.ClientCnxn  - EventThread shut down for session: 0x161c23e272f0008
10:43:08.894 [worker-akka.actor.default-dispatcher-2] INFO  o.a.z.ZooKeeper  - Session: 0x161c23e272f0008 closed
10:43:08.894 [worker-akka.actor.default-dispatcher-2] INFO  a.a.LocalActorRef akka://worker/user/watcher/graph0000000000 - Stopped
10:43:08.895 [worker-akka.actor.default-dispatcher-2] INFO  a.a.RepointableActorRef akka://worker/user/watcher - Stopped
10:43:08.913 [worker-akka.actor.default-dispatcher-2] INFO  a.r.RemoteActorRefProvider$RemotingTerminator akka://worker@172.31.47.100:5412/system/remoting-terminator - Shutting down remote daemon.
10:43:08.917 [worker-akka.actor.default-dispatcher-2] INFO  a.r.RemoteActorRefProvider$RemotingTerminator akka://worker@172.31.47.100:5412/system/remoting-terminator - Remote daemon shut down; proceeding with flushing remote transports.
10:43:10.061 [worker-akka.actor.default-dispatcher-2] INFO  a.r.RemoteActorRefProvider$RemotingTerminator akka://worker@172.31.47.100:5412/system/remoting-terminator - Remoting shut down.
Heap
 def new generation   total 153600K, used 69258K [0x00000000e0c00000, 0x00000000eb2a0000, 0x00000000eb2a0000)
  eden space 136576K,  42% used [0x00000000e0c00000, 0x00000000e44ad7f0, 0x00000000e9160000)
  from space 17024K,  65% used [0x00000000e9160000, 0x00000000e9c550a8, 0x00000000ea200000)
  to   space 17024K,   0% used [0x00000000ea200000, 0x00000000ea200000, 0x00000000eb2a0000)
 tenured generation   total 341376K, used 97459K [0x00000000eb2a0000, 0x0000000100000000, 0x0000000100000000)
   the space 341376K,  28% used [0x00000000eb2a0000, 0x00000000f11ccc38, 0x00000000f11cce00, 0x0000000100000000)
 Metaspace       used 33366K, capacity 34106K, committed 34432K, reserved 1079296K
  class space    used 4454K, capacity 4624K, committed 4736K, reserved 1048576K
