10:39:10.250 [worker-akka.actor.default-dispatcher-2] INFO  a.e.s.Slf4jLogger  - Slf4jLogger started
2018-02-23T10:39:10.435+0000: 2.926: [Full GC (Metadata GC Threshold) 2018-02-23T10:39:10.435+0000: 2.926: [Tenured: 0K->15407K(341376K), 0.0387603 secs] 117531K->15407K(494976K), [Metaspace: 20874K->20874K(1067008K)], 0.0388257 secs] [Times: user=0.03 sys=0.01, real=0.04 secs] 
Ama winner
Ama winner
10:39:10.909 [worker-akka.actor.default-dispatcher-2] INFO  a.r.a.ArteryTransport(akka://worker) akka.remote.artery.ArteryTransport(akka://worker) - Started embedded media driver in directory [/dev/shm/aeron-root-worker-86b17bed-f5e4-4160-a099-9e79fe022c5a]
10:39:11.133 [worker-akka.actor.default-dispatcher-2] INFO  a.r.a.ArteryTransport(akka://worker) akka.remote.artery.ArteryTransport(akka://worker) - Remoting started; listening on address: [akka://worker@172.31.44.83:5412] with UID [-2997204651510139646]
10:39:11.240 [worker-akka.actor.default-dispatcher-2] INFO  o.a.z.ZooKeeper  - Client environment:zookeeper.version=3.4.9-1757313, built on 08/23/2016 06:50 GMT
10:39:11.240 [worker-akka.actor.default-dispatcher-2] INFO  o.a.z.ZooKeeper  - Client environment:host.name=ip-172-31-44-83.us-east-2.compute.internal
10:39:11.240 [worker-akka.actor.default-dispatcher-2] INFO  o.a.z.ZooKeeper  - Client environment:java.version=1.8.0_151
10:39:11.240 [worker-akka.actor.default-dispatcher-2] INFO  o.a.z.ZooKeeper  - Client environment:java.vendor=Oracle Corporation
10:39:11.240 [worker-akka.actor.default-dispatcher-2] INFO  o.a.z.ZooKeeper  - Client environment:java.home=/usr/lib/jvm/java-8-openjdk-amd64/jre
10:39:11.240 [worker-akka.actor.default-dispatcher-2] INFO  o.a.z.ZooKeeper  - Client environment:java.class.path=lib/commons-cli-1.4.jar:lib/minlog-1.3.0.jar:lib/asm-5.0.4.jar:lib/hadoop-annotations-2.7.3.jar:lib/hadoop-auth-2.7.3.jar:lib/akka-slf4j_2.11-2.5.6.jar:lib/jersey-core-1.9.jar:lib/lz4-1.3.0.jar:lib/jackson-core-asl-1.9.13.jar:lib/aeron-client-1.3.0.jar:lib/htrace-core-3.1.0-incubating.jar:lib/xz-1.0.jar:lib/commons-httpclient-3.1.jar:lib/asm-3.1.jar:lib/commons-lang3-3.4.jar:lib/scala-library-2.11.11.jar:lib/scala-java8-compat_2.11-0.7.0.jar:lib/commons-configuration-1.6.jar:lib/objenesis-2.1.jar:lib/jackson-annotations-2.8.0.jar:lib/jsr305-3.0.0.jar:lib/curator-framework-2.7.1.jar:lib/jersey-server-1.9.jar:lib/jets3t-0.9.0.jar:lib/leveldb-0.7.jar:lib/jetty-6.1.26.jar:lib/stax-api-1.0-2.jar:lib/flamestream-core-1.0-SNAPSHOT.jar:lib/reflectasm-1.07-shaded.jar:lib/apacheds-kerberos-codec-2.0.0-M15.jar:lib/api-asn1-api-1.0.0-M20.jar:lib/commons-lang-2.6.jar:lib/commons-beanutils-1.7.0.jar:lib/jackson-xc-1.8.3.jar:lib/jetty-util-6.1.26.jar:lib/logback-classic-1.2.3.jar:lib/jool-0.9.12.jar:lib/flamestream-runtime-1.0-SNAPSHOT-tests.jar:lib/httpcore-4.1.2.jar:lib/kryo-4.0.0.jar:lib/ant-1.8.1.jar:lib/jaxb-impl-2.2.3-1.jar:lib/jersey-json-1.9.jar:lib/commons-compress-1.4.1.jar:lib/leveldbjni-all-1.8.jar:lib/paranamer-2.3.jar:lib/jackson-core-2.8.4.jar:lib/commons-math3-3.6.1.jar:lib/scala-parser-combinators_2.11-1.0.4.jar:lib/netty-3.10.6.Final.jar:lib/trove4j-3.0.3.jar:lib/jaxb-api-2.2.2.jar:lib/logback-core-1.2.3.jar:lib/snappy-java-1.0.4.1.jar:lib/protobuf-java-2.5.0.jar:lib/reactive-streams-1.0.1.jar:lib/flamestream-examples-1.0-SNAPSHOT.jar:lib/commons-codec-1.4.jar:lib/activation-1.1.jar:lib/commons-net-3.1.jar:lib/curator-recipes-2.7.1.jar:lib/jackson-mapper-asl-1.9.13.jar:lib/jackson-databind-2.8.4.jar:lib/flamestream-runtime-1.0-SNAPSHOT.jar:lib/jackson-jaxrs-1.8.3.jar:lib/slf4j-api-1.7.24.jar:lib/akka-remote_2.11-2.5.6.jar:lib/akka-testkit_2.11-2.5.6.jar:lib/jline-0.9.94.jar:lib/akka-stream_2.11-2.5.6.jar:lib/jsp-api-2.1.jar:lib/kryonet-2.21.jar:lib/akka-kryo-serialization_2.11-0.5.0.jar:lib/config-1.3.1.jar:lib/ant-launcher-1.8.1.jar:lib/commons-logging-1.2.jar:lib/ssl-config-core_2.11-0.2.2.jar:lib/testng-6.10.jar:lib/leveldb-api-0.7.jar:lib/reflectasm-1.11.3.jar:lib/jcommander-1.48.jar:lib/commons-1.1.jar:lib/commons-digester-1.8.jar:lib/minlog-1.2.jar:lib/java-xmlbuilder-0.4.jar:lib/jettison-1.1.jar:lib/gson-2.2.4.jar:lib/jdk.tools-1.8.jar:lib/aeron-driver-1.3.0.jar:lib/zookeeper-3.4.9.jar:lib/commons-beanutils-core-1.8.0.jar:lib/commons-math3-3.1.1.jar:lib/akka-actor_2.11-2.5.6.jar:lib/curator-client-2.7.1.jar:lib/servlet-api-2.5.jar:lib/apacheds-i18n-2.0.0-M15.jar:lib/commons-io-2.4.jar:lib/commons-codec-1.6.jar:lib/akka-protobuf_2.11-2.5.6.jar:lib/jdom-2.0.2.jar:lib/api-util-1.0.0-M20.jar:lib/hadoop-common-2.7.3.jar:lib/agrona-0.9.6.jar:lib/xmlenc-0.52.jar:lib/guava-21.0.jar:lib/commons-collections-3.2.2.jar:lib/avro-1.7.4.jar:lib/httpclient-4.1.2.jar:lib/flamestream-core-1.0-SNAPSHOT-tests.jar:lib/annotations-12.0.jar:lib/jsch-0.1.42.jar:flamestream-runtime-1.0-SNAPSHOT.jar
10:39:11.240 [worker-akka.actor.default-dispatcher-2] INFO  o.a.z.ZooKeeper  - Client environment:java.library.path=/usr/java/packages/lib/amd64:/usr/lib/x86_64-linux-gnu/jni:/lib/x86_64-linux-gnu:/usr/lib/x86_64-linux-gnu:/usr/lib/jni:/lib:/usr/lib
10:39:11.240 [worker-akka.actor.default-dispatcher-2] INFO  o.a.z.ZooKeeper  - Client environment:java.io.tmpdir=/tmp
10:39:11.240 [worker-akka.actor.default-dispatcher-2] INFO  o.a.z.ZooKeeper  - Client environment:java.compiler=<NA>
10:39:11.241 [worker-akka.actor.default-dispatcher-2] INFO  o.a.z.ZooKeeper  - Client environment:os.name=Linux
10:39:11.241 [worker-akka.actor.default-dispatcher-2] INFO  o.a.z.ZooKeeper  - Client environment:os.arch=amd64
10:39:11.241 [worker-akka.actor.default-dispatcher-2] INFO  o.a.z.ZooKeeper  - Client environment:os.version=4.4.0-1049-aws
10:39:11.241 [worker-akka.actor.default-dispatcher-2] INFO  o.a.z.ZooKeeper  - Client environment:user.name=root
10:39:11.242 [worker-akka.actor.default-dispatcher-2] INFO  o.a.z.ZooKeeper  - Client environment:user.home=/root
10:39:11.243 [worker-akka.actor.default-dispatcher-2] INFO  o.a.z.ZooKeeper  - Client environment:user.dir=/opt/flamestream
10:39:11.246 [worker-akka.actor.default-dispatcher-2] INFO  o.a.z.ZooKeeper  - Initiating client connection, connectString=172.31.34.147:2181 sessionTimeout=5000 watcher=com.spbsu.flamestream.runtime.application.LifecycleWatcher$$Lambda$29/603038501@449d53bd
10:39:11.280 [worker-akka.actor.default-dispatcher-2] INFO  a.a.RepointableActorRef akka://worker/user/watcher - Starting...
10:39:11.283 [worker-akka.actor.default-dispatcher-2-SendThread(172.31.34.147:2181)] INFO  o.a.z.ClientCnxn  - Opening socket connection to server 172.31.34.147/172.31.34.147:2181. Will not attempt to authenticate using SASL (unknown error)
10:39:11.288 [worker-akka.actor.default-dispatcher-2-SendThread(172.31.34.147:2181)] INFO  o.a.z.ClientCnxn  - Socket connection established to 172.31.34.147/172.31.34.147:2181, initiating session
10:39:11.299 [worker-akka.actor.default-dispatcher-2-SendThread(172.31.34.147:2181)] INFO  o.a.z.ClientCnxn  - Session establishment complete on server 172.31.34.147/172.31.34.147:2181, sessionid = 0x161c23e272f000c, negotiated timeout = 6000
10:39:11.392 [worker-akka.actor.default-dispatcher-2] INFO  a.a.RepointableActorRef akka://worker/user/watcher - Connected to ZK
10:39:17.851 [worker-akka.actor.default-dispatcher-2] INFO  a.a.RepointableActorRef akka://worker/user/watcher - Creating node with watchGraphs: 'com.spbsu.flamestream.core.Graph$Builder$MyGraph@6f7aea09', config: 'ClusterConfig{paths={172.31.33.155=akka://worker@172.31.33.155:5412/user/watcher/graph0000000000, 172.31.47.83=akka://worker@172.31.47.83:5412/user/watcher/graph0000000000, 172.31.45.197=akka://worker@172.31.45.197:5412/user/watcher/graph0000000000, 172.31.42.36=akka://worker@172.31.42.36:5412/user/watcher/graph0000000000, 172.31.44.83=akka://worker@172.31.44.83:5412/user/watcher/graph0000000000, 172.31.39.64=akka://worker@172.31.39.64:5412/user/watcher/graph0000000000, 172.31.35.79=akka://worker@172.31.35.79:5412/user/watcher/graph0000000000, 172.31.34.169=akka://worker@172.31.34.169:5412/user/watcher/graph0000000000, 172.31.47.100=akka://worker@172.31.47.100:5412/user/watcher/graph0000000000, 172.31.37.101=akka://worker@172.31.37.101:5412/user/watcher/graph0000000000}, ackerLocation='172.31.35.79', props=ComputationLayout{ranges={172.31.33.155=HashRange{from=-1670265060, to=-1193046472}, 172.31.47.83=HashRange{from=1670265056, to=2147483644}, 172.31.45.197=HashRange{from=-715827884, to=-238609296}, 172.31.42.36=HashRange{from=1193046468, to=1670265056}, 172.31.44.83=HashRange{from=-238609296, to=238609292}, 172.31.39.64=HashRange{from=715827880, to=1193046468}, 172.31.35.79=HashRange{from=0, to=0}, 172.31.34.169=HashRange{from=-2147483648, to=-1670265060}, 172.31.47.100=HashRange{from=238609292, to=715827880}, 172.31.37.101=HashRange{from=-1193046472, to=-715827884}}}}'
10:39:18.712 [worker-akka.actor.default-dispatcher-2] INFO  a.a.LocalActorRef akka://worker/user/watcher/graph0000000000/graph - Starting...
10:39:18.715 [worker-akka.actor.default-dispatcher-2] INFO  a.a.LocalActorRef akka://worker/user/watcher/graph0000000000/graph/local-acker/$a - Starting...
10:39:18.716 [worker-akka.actor.default-dispatcher-2] INFO  a.a.LocalActorRef akka://worker/user/watcher/graph0000000000/graph/local-acker - Starting...
Warning: space is running low in /dev/shm (tmpfs) threshold=167,772,160 usable=158,621,696
Warning: space is running low in /dev/shm (tmpfs) threshold=167,772,160 usable=146,034,688
Warning: space is running low in /dev/shm (tmpfs) threshold=167,772,160 usable=133,447,680
Warning: space is running low in /dev/shm (tmpfs) threshold=167,772,160 usable=120,860,672
Warning: space is running low in /dev/shm (tmpfs) threshold=167,772,160 usable=108,273,664
Warning: space is running low in /dev/shm (tmpfs) threshold=167,772,160 usable=95,686,656
Warning: space is running low in /dev/shm (tmpfs) threshold=167,772,160 usable=83,099,648
Warning: space is running low in /dev/shm (tmpfs) threshold=167,772,160 usable=70,512,640
10:39:20.155 [worker-akka.actor.default-dispatcher-2] INFO  a.a.LocalActorRef akka://worker/user/watcher/graph0000000000/graph - Finishing constructor
10:39:20.156 [worker-akka.actor.default-dispatcher-2] INFO  a.a.LocalActorRef akka://worker/user/watcher/graph0000000000 - Starting...
10:39:20.157 [worker-akka.actor.default-dispatcher-2] INFO  a.a.LocalActorRef akka://worker/user/watcher/graph0000000000/negotiator - Starting...
10:39:20.225 [worker-akka.actor.default-dispatcher-2] INFO  a.a.LocalActorRef akka://worker/user/watcher/graph0000000000/edge - Starting...
10:39:20.226 [worker-akka.actor.default-dispatcher-2] INFO  a.a.LocalActorRef akka://worker/user/watcher/graph0000000000/graph/$a - Starting...
10:39:20.226 [worker-akka.actor.default-dispatcher-2] INFO  a.a.LocalActorRef akka://worker/user/watcher/graph0000000000/graph/$b - Starting...
10:39:20.227 [worker-akka.actor.default-dispatcher-2] INFO  a.a.LocalActorRef akka://worker/user/watcher/graph0000000000/graph/$c - Starting...
10:39:20.252 [worker-akka.actor.default-dispatcher-2] INFO  c.s.f.r.e.s.SocketRear  - FlameSocketGraphDeployerRear@172.31.44.83: connecting to 172.31.34.147:5678
10:39:20.260 [worker-akka.actor.default-dispatcher-2] INFO  c.s.f.r.e.s.SocketRear  - FlameSocketGraphDeployerRear@172.31.44.83: connected to 172.31.34.147:5678
10:39:20.286 [worker-akka.actor.default-dispatcher-2] INFO  a.a.LocalActorRef akka://worker/user/watcher/graph0000000000/edge/FlameSocketGraphDeployerRear - Starting...
10:39:20.287 [worker-akka.actor.default-dispatcher-2] INFO  a.a.LocalActorRef akka://worker/user/watcher/graph0000000000/edge/FlameSocketGraphDeployerFront - Starting...
10:39:20.289 [worker-akka.actor.default-dispatcher-2] INFO  a.a.LocalActorRef akka://worker/user/watcher/graph0000000000/negotiator - Requesting ticket for the frontClass FlameSocketGraphDeployerFront@172.31.44.83
10:39:20.304 [worker-akka.actor.default-dispatcher-2] INFO  a.a.LocalActorRef akka://worker/user/watcher/graph0000000000/negotiator - Ticket for the frontClass received: FrontTicket{allowedTimestamp=(1519382357832, FlameSocketGraphDeployerFront@172.31.44.83)}
10:39:20.305 [worker-akka.actor.default-dispatcher-2] INFO  c.s.f.r.e.s.SocketFront  - FlameSocketGraphDeployerFront@172.31.44.83: connecting to 172.31.34.147:4567
10:39:20.318 [Client] INFO  c.s.f.r.e.s.SocketFront  - FlameSocketGraphDeployerFront@172.31.44.83 has been disconnected from Connection 7
2018-02-23T10:39:24.110+0000: 16.600: [GC (Allocation Failure) 2018-02-23T10:39:24.110+0000: 16.600: [DefNew: 136576K->15415K(153600K), 0.0552626 secs] 151983K->50354K(494976K), 0.0553377 secs] [Times: user=0.04 sys=0.01, real=0.05 secs] 
2018-02-23T10:39:26.881+0000: 19.371: [GC (Allocation Failure) 2018-02-23T10:39:26.881+0000: 19.371: [DefNew: 151991K->4130K(153600K), 0.0188061 secs] 186930K->46734K(494976K), 0.0188763 secs] [Times: user=0.01 sys=0.01, real=0.02 secs] 
2018-02-23T10:39:32.306+0000: 24.796: [GC (Allocation Failure) 2018-02-23T10:39:32.306+0000: 24.796: [DefNew: 140706K->5580K(153600K), 0.0117529 secs] 183310K->48184K(494976K), 0.0118195 secs] [Times: user=0.02 sys=0.00, real=0.02 secs] 
2018-02-23T10:39:36.984+0000: 29.475: [GC (Allocation Failure) 2018-02-23T10:39:36.984+0000: 29.475: [DefNew: 142156K->7581K(153600K), 0.0159346 secs] 184760K->50186K(494976K), 0.0160280 secs] [Times: user=0.01 sys=0.00, real=0.02 secs] 
2018-02-23T10:39:41.201+0000: 33.692: [GC (Allocation Failure) 2018-02-23T10:39:41.202+0000: 33.692: [DefNew: 144157K->9515K(153600K), 0.0153559 secs] 186762K->52120K(494976K), 0.0154192 secs] [Times: user=0.02 sys=0.00, real=0.02 secs] 
2018-02-23T10:39:44.470+0000: 36.961: [GC (Allocation Failure) 2018-02-23T10:39:44.470+0000: 36.961: [DefNew: 146091K->9651K(153600K), 0.0199198 secs] 188696K->53774K(494976K), 0.0199832 secs] [Times: user=0.02 sys=0.00, real=0.02 secs] 
2018-02-23T10:39:49.535+0000: 42.025: [GC (Allocation Failure) 2018-02-23T10:39:49.535+0000: 42.025: [DefNew: 146227K->8552K(153600K), 0.0194326 secs] 190350K->53911K(494976K), 0.0194980 secs] [Times: user=0.01 sys=0.01, real=0.02 secs] 
2018-02-23T10:39:54.267+0000: 46.757: [GC (Allocation Failure) 2018-02-23T10:39:54.267+0000: 46.757: [DefNew: 145128K->8450K(153600K), 0.0176051 secs] 190487K->55267K(494976K), 0.0176712 secs] [Times: user=0.01 sys=0.01, real=0.02 secs] 
2018-02-23T10:39:59.956+0000: 52.446: [GC (Allocation Failure) 2018-02-23T10:39:59.956+0000: 52.446: [DefNew: 145026K->9939K(153600K), 0.0146051 secs] 191843K->56757K(494976K), 0.0146678 secs] [Times: user=0.02 sys=0.00, real=0.02 secs] 
2018-02-23T10:40:04.925+0000: 57.415: [GC (Allocation Failure) 2018-02-23T10:40:04.925+0000: 57.415: [DefNew: 146515K->8831K(153600K), 0.0234280 secs] 193333K->58136K(494976K), 0.0234872 secs] [Times: user=0.02 sys=0.00, real=0.02 secs] 
2018-02-23T10:40:09.278+0000: 61.768: [GC (Allocation Failure) 2018-02-23T10:40:09.278+0000: 61.768: [DefNew: 145407K->8621K(153600K), 0.0160104 secs] 194712K->59086K(494976K), 0.0160738 secs] [Times: user=0.01 sys=0.00, real=0.01 secs] 
2018-02-23T10:40:15.699+0000: 68.190: [GC (Allocation Failure) 2018-02-23T10:40:15.699+0000: 68.190: [DefNew: 145197K->8782K(153600K), 0.0237324 secs] 195662K->60465K(494976K), 0.0237948 secs] [Times: user=0.01 sys=0.00, real=0.02 secs] 
2018-02-23T10:40:20.857+0000: 73.348: [GC (Allocation Failure) 2018-02-23T10:40:20.857+0000: 73.348: [DefNew: 145358K->8861K(153600K), 0.0246330 secs] 197041K->61940K(494976K), 0.0247054 secs] [Times: user=0.01 sys=0.01, real=0.02 secs] 
2018-02-23T10:40:27.571+0000: 80.062: [GC (Allocation Failure) 2018-02-23T10:40:27.571+0000: 80.062: [DefNew: 145437K->9047K(153600K), 0.0174969 secs] 198516K->63274K(494976K), 0.0175698 secs] [Times: user=0.02 sys=0.00, real=0.02 secs] 
2018-02-23T10:40:32.393+0000: 84.883: [GC (Allocation Failure) 2018-02-23T10:40:32.393+0000: 84.883: [DefNew: 145623K->9516K(153600K), 0.0174770 secs] 199850K->64718K(494976K), 0.0175526 secs] [Times: user=0.02 sys=0.00, real=0.02 secs] 
2018-02-23T10:40:38.634+0000: 91.124: [GC (Allocation Failure) 2018-02-23T10:40:38.634+0000: 91.124: [DefNew: 146092K->10337K(153600K), 0.0185601 secs] 201294K->66744K(494976K), 0.0186218 secs] [Times: user=0.02 sys=0.00, real=0.02 secs] 
2018-02-23T10:40:43.219+0000: 95.710: [GC (Allocation Failure) 2018-02-23T10:40:43.219+0000: 95.710: [DefNew: 146913K->8415K(153600K), 0.0198907 secs] 203320K->67387K(494976K), 0.0199523 secs] [Times: user=0.02 sys=0.00, real=0.02 secs] 
2018-02-23T10:40:48.772+0000: 101.263: [GC (Allocation Failure) 2018-02-23T10:40:48.772+0000: 101.263: [DefNew: 144991K->9724K(153600K), 0.0156749 secs] 203963K->68696K(494976K), 0.0157377 secs] [Times: user=0.02 sys=0.00, real=0.01 secs] 
2018-02-23T10:40:54.467+0000: 106.957: [GC (Allocation Failure) 2018-02-23T10:40:54.467+0000: 106.957: [DefNew: 146300K->10092K(153600K), 0.0178590 secs] 205272K->70158K(494976K), 0.0179232 secs] [Times: user=0.02 sys=0.00, real=0.02 secs] 
2018-02-23T10:41:01.055+0000: 113.545: [GC (Allocation Failure) 2018-02-23T10:41:01.055+0000: 113.545: [DefNew: 146668K->8780K(153600K), 0.0188360 secs] 206734K->71218K(494976K), 0.0189016 secs] [Times: user=0.02 sys=0.00, real=0.02 secs] 
2018-02-23T10:41:06.019+0000: 118.509: [GC (Allocation Failure) 2018-02-23T10:41:06.019+0000: 118.509: [DefNew: 145356K->9182K(153600K), 0.0173714 secs] 207794K->72915K(494976K), 0.0174401 secs] [Times: user=0.01 sys=0.00, real=0.01 secs] 
2018-02-23T10:41:11.052+0000: 123.543: [GC (Allocation Failure) 2018-02-23T10:41:11.052+0000: 123.543: [DefNew: 145758K->9848K(153600K), 0.0206392 secs] 209491K->74939K(494976K), 0.0207046 secs] [Times: user=0.02 sys=0.00, real=0.02 secs] 
2018-02-23T10:41:16.195+0000: 128.686: [GC (Allocation Failure) 2018-02-23T10:41:16.195+0000: 128.686: [DefNew: 146424K->9549K(153600K), 0.0174355 secs] 211515K->75950K(494976K), 0.0175052 secs] [Times: user=0.02 sys=0.00, real=0.02 secs] 
2018-02-23T10:41:21.273+0000: 133.764: [GC (Allocation Failure) 2018-02-23T10:41:21.273+0000: 133.764: [DefNew: 146125K->10410K(153600K), 0.0181260 secs] 212526K->78067K(494976K), 0.0181914 secs] [Times: user=0.02 sys=0.00, real=0.02 secs] 
2018-02-23T10:41:26.126+0000: 138.616: [GC (Allocation Failure) 2018-02-23T10:41:26.126+0000: 138.616: [DefNew: 146986K->8934K(153600K), 0.0218730 secs] 214643K->79605K(494976K), 0.0219371 secs] [Times: user=0.01 sys=0.00, real=0.02 secs] 
2018-02-23T10:41:31.049+0000: 143.539: [GC (Allocation Failure) 2018-02-23T10:41:31.049+0000: 143.539: [DefNew: 145510K->8289K(153600K), 0.0170205 secs] 216181K->81283K(494976K), 0.0170830 secs] [Times: user=0.01 sys=0.00, real=0.02 secs] 
2018-02-23T10:41:36.258+0000: 148.748: [GC (Allocation Failure) 2018-02-23T10:41:36.258+0000: 148.748: [DefNew: 144865K->10586K(153600K), 0.0168717 secs] 217859K->83580K(494976K), 0.0169365 secs] [Times: user=0.02 sys=0.00, real=0.01 secs] 
2018-02-23T10:41:41.558+0000: 154.049: [GC (Allocation Failure) 2018-02-23T10:41:41.558+0000: 154.049: [DefNew: 147162K->8227K(153600K), 0.0234041 secs] 220156K->84190K(494976K), 0.0234641 secs] [Times: user=0.02 sys=0.01, real=0.02 secs] 
2018-02-23T10:41:46.865+0000: 159.355: [GC (Allocation Failure) 2018-02-23T10:41:46.865+0000: 159.355: [DefNew: 144803K->10111K(153600K), 0.0155402 secs] 220766K->86074K(494976K), 0.0156011 secs] [Times: user=0.02 sys=0.00, real=0.02 secs] 
2018-02-23T10:41:52.698+0000: 165.189: [GC (Allocation Failure) 2018-02-23T10:41:52.698+0000: 165.189: [DefNew: 146687K->8794K(153600K), 0.0190858 secs] 222650K->87415K(494976K), 0.0191582 secs] [Times: user=0.02 sys=0.00, real=0.02 secs] 
2018-02-23T10:41:58.495+0000: 170.986: [GC (Allocation Failure) 2018-02-23T10:41:58.495+0000: 170.986: [DefNew: 145370K->9861K(153600K), 0.0185584 secs] 223991K->89939K(494976K), 0.0186246 secs] [Times: user=0.02 sys=0.00, real=0.02 secs] 
2018-02-23T10:42:03.956+0000: 176.446: [GC (Allocation Failure) 2018-02-23T10:42:03.956+0000: 176.446: [DefNew: 146437K->9387K(153600K), 0.0199047 secs] 226515K->91086K(494976K), 0.0199697 secs] [Times: user=0.02 sys=0.01, real=0.02 secs] 
2018-02-23T10:42:09.122+0000: 181.612: [GC (Allocation Failure) 2018-02-23T10:42:09.122+0000: 181.612: [DefNew: 145963K->9147K(153600K), 0.0193309 secs] 227662K->92576K(494976K), 0.0193958 secs] [Times: user=0.02 sys=0.00, real=0.02 secs] 
2018-02-23T10:42:14.107+0000: 186.598: [GC (Allocation Failure) 2018-02-23T10:42:14.107+0000: 186.598: [DefNew: 145723K->10234K(153600K), 0.0182835 secs] 229152K->95267K(494976K), 0.0183601 secs] [Times: user=0.01 sys=0.00, real=0.02 secs] 
2018-02-23T10:42:19.937+0000: 192.427: [GC (Allocation Failure) 2018-02-23T10:42:19.937+0000: 192.427: [DefNew: 146810K->9588K(153600K), 0.0188013 secs] 231843K->96182K(494976K), 0.0188790 secs] [Times: user=0.01 sys=0.01, real=0.02 secs] 
2018-02-23T10:42:24.518+0000: 197.008: [GC (Allocation Failure) 2018-02-23T10:42:24.518+0000: 197.008: [DefNew: 146164K->9668K(153600K), 0.0235404 secs] 232758K->98009K(494976K), 0.0236071 secs] [Times: user=0.02 sys=0.00, real=0.02 secs] 
2018-02-23T10:42:30.807+0000: 203.298: [GC (Allocation Failure) 2018-02-23T10:42:30.807+0000: 203.298: [DefNew: 146244K->9676K(153600K), 0.0195807 secs] 234585K->99655K(494976K), 0.0196435 secs] [Times: user=0.02 sys=0.00, real=0.02 secs] 
2018-02-23T10:42:35.868+0000: 208.359: [GC (Allocation Failure) 2018-02-23T10:42:35.868+0000: 208.359: [DefNew: 146252K->9642K(153600K), 0.0164653 secs] 236231K->101102K(494976K), 0.0165282 secs] [Times: user=0.02 sys=0.00, real=0.02 secs] 
2018-02-23T10:42:39.972+0000: 212.463: [GC (Allocation Failure) 2018-02-23T10:42:39.972+0000: 212.463: [DefNew: 146218K->9890K(153600K), 0.0293402 secs] 237678K->103045K(494976K), 0.0294059 secs] [Times: user=0.01 sys=0.02, real=0.03 secs] 
2018-02-23T10:42:45.602+0000: 218.093: [GC (Allocation Failure) 2018-02-23T10:42:45.602+0000: 218.093: [DefNew: 146466K->10003K(153600K), 0.0298560 secs] 239621K->104784K(494976K), 0.0299226 secs] [Times: user=0.01 sys=0.02, real=0.03 secs] 
2018-02-23T10:42:50.597+0000: 223.087: [GC (Allocation Failure) 2018-02-23T10:42:50.597+0000: 223.087: [DefNew: 146579K->10733K(153600K), 0.0306473 secs] 241360K->107163K(494976K), 0.0307103 secs] [Times: user=0.01 sys=0.02, real=0.03 secs] 
10:42:50.666 [Client] INFO  c.s.f.r.e.s.SocketRear  - FlameSocketGraphDeployerRear@172.31.44.83: has been disconnected from Connection 7
10:43:08.806 [worker-akka.actor.default-dispatcher-2] INFO  a.a.CoordinatedShutdown CoordinatedShutdown(akka://worker) - Starting coordinated shutdown from JVM shutdown hook
10:43:08.860 [worker-akka.actor.default-dispatcher-2] INFO  a.a.LocalActorRef akka://worker/user/watcher/graph0000000000/negotiator - Stopped
10:43:08.860 [worker-akka.actor.default-dispatcher-2] INFO  a.a.LocalActorRef akka://worker/user/watcher/graph0000000000/edge/FlameSocketGraphDeployerFront - Stopped
10:43:08.861 [worker-akka.actor.default-dispatcher-2] INFO  a.a.LocalActorRef akka://worker/user/watcher/graph0000000000/edge/FlameSocketGraphDeployerRear - Stopped
10:43:08.862 [worker-akka.actor.default-dispatcher-2] INFO  a.a.LocalActorRef akka://worker/user/watcher/graph0000000000/graph/$a - Stopped
10:43:08.863 [worker-akka.actor.default-dispatcher-2] INFO  a.a.LocalActorRef akka://worker/user/watcher/graph0000000000/graph/$b - Stopped
10:43:08.864 [worker-akka.actor.default-dispatcher-2] INFO  a.a.LocalActorRef akka://worker/user/watcher/graph0000000000/graph/$c - Stopped
10:43:08.865 [worker-akka.actor.default-dispatcher-2] INFO  a.a.LocalActorRef akka://worker/user/watcher/graph0000000000/graph/local-acker/$a - Stopped
10:43:08.870 [worker-akka.actor.default-dispatcher-2] INFO  a.a.LocalActorRef akka://worker/user/watcher/graph0000000000/edge - Stopped
10:43:08.871 [worker-akka.actor.default-dispatcher-2] INFO  a.a.LocalActorRef akka://worker/user/watcher/graph0000000000/graph/local-acker/$a - Message [com.spbsu.flamestream.runtime.utils.akka.PingActor$InnerPing] from Actor[akka://worker/user/watcher/graph0000000000/graph/local-acker/$a#1295805373] to Actor[akka://worker/user/watcher/graph0000000000/graph/local-acker/$a#1295805373] was not delivered. [1] dead letters encountered. This logging can be turned off or adjusted with configuration settings 'akka.log-dead-letters' and 'akka.log-dead-letters-during-shutdown'.
10:43:08.871 [worker-akka.actor.default-dispatcher-2] INFO  a.a.LocalActorRef akka://worker/user/watcher/graph0000000000/graph/local-acker - Stopped
10:43:08.874 [worker-akka.actor.default-dispatcher-2] INFO  a.a.LocalActorRef akka://worker/user/watcher/graph0000000000/graph/local-acker/$a - Message [com.spbsu.flamestream.runtime.utils.akka.PingActor$Stop] from Actor[akka://worker/user/watcher/graph0000000000/graph/local-acker#-1257142711] to Actor[akka://worker/user/watcher/graph0000000000/graph/local-acker/$a#1295805373] was not delivered. [2] dead letters encountered. This logging can be turned off or adjusted with configuration settings 'akka.log-dead-letters' and 'akka.log-dead-letters-during-shutdown'.
10:43:08.875 [worker-akka.actor.default-dispatcher-2] INFO  a.a.LocalActorRef akka://worker/user/watcher/graph0000000000/graph/local-acker - Message [com.spbsu.flamestream.runtime.acker.LocalAcker$Flush] from Actor[akka://worker/user/watcher/graph0000000000/graph/local-acker#-1257142711] to Actor[akka://worker/user/watcher/graph0000000000/graph/local-acker#-1257142711] was not delivered. [3] dead letters encountered. This logging can be turned off or adjusted with configuration settings 'akka.log-dead-letters' and 'akka.log-dead-letters-during-shutdown'.
10:43:08.877 [worker-akka.actor.default-dispatcher-2] INFO  a.a.LocalActorRef akka://worker/user/watcher/graph0000000000/graph/local-acker - Message [com.spbsu.flamestream.runtime.acker.LocalAcker$Flush] from Actor[akka://worker/user/watcher/graph0000000000/graph/local-acker#-1257142711] to Actor[akka://worker/user/watcher/graph0000000000/graph/local-acker#-1257142711] was not delivered. [4] dead letters encountered. This logging can be turned off or adjusted with configuration settings 'akka.log-dead-letters' and 'akka.log-dead-letters-during-shutdown'.
10:43:08.877 [worker-akka.actor.default-dispatcher-2] INFO  a.a.LocalActorRef akka://worker/user/watcher/graph0000000000/graph/local-acker - Message [com.spbsu.flamestream.runtime.acker.LocalAcker$Flush] from Actor[akka://worker/user/watcher/graph0000000000/graph/local-acker#-1257142711] to Actor[akka://worker/user/watcher/graph0000000000/graph/local-acker#-1257142711] was not delivered. [5] dead letters encountered. This logging can be turned off or adjusted with configuration settings 'akka.log-dead-letters' and 'akka.log-dead-letters-during-shutdown'.
10:43:08.877 [worker-akka.actor.default-dispatcher-2] INFO  a.a.LocalActorRef akka://worker/user/watcher/graph0000000000/graph/local-acker - Message [com.spbsu.flamestream.runtime.acker.LocalAcker$Flush] from Actor[akka://worker/user/watcher/graph0000000000/graph/local-acker#-1257142711] to Actor[akka://worker/user/watcher/graph0000000000/graph/local-acker#-1257142711] was not delivered. [6] dead letters encountered. This logging can be turned off or adjusted with configuration settings 'akka.log-dead-letters' and 'akka.log-dead-letters-during-shutdown'.
10:43:08.878 [worker-akka.actor.default-dispatcher-2] INFO  a.a.LocalActorRef akka://worker/user/watcher/graph0000000000/graph/local-acker - Message [com.spbsu.flamestream.runtime.acker.LocalAcker$Flush] from Actor[akka://worker/user/watcher/graph0000000000/graph/local-acker#-1257142711] to Actor[akka://worker/user/watcher/graph0000000000/graph/local-acker#-1257142711] was not delivered. [7] dead letters encountered. This logging can be turned off or adjusted with configuration settings 'akka.log-dead-letters' and 'akka.log-dead-letters-during-shutdown'.
10:43:08.878 [worker-akka.actor.default-dispatcher-2] INFO  a.a.LocalActorRef akka://worker/user/watcher/graph0000000000/graph/local-acker - Message [com.spbsu.flamestream.runtime.acker.LocalAcker$Flush] from Actor[akka://worker/user/watcher/graph0000000000/graph/local-acker#-1257142711] to Actor[akka://worker/user/watcher/graph0000000000/graph/local-acker#-1257142711] was not delivered. [8] dead letters encountered. This logging can be turned off or adjusted with configuration settings 'akka.log-dead-letters' and 'akka.log-dead-letters-during-shutdown'.
10:43:08.883 [worker-akka.actor.default-dispatcher-2] INFO  a.a.LocalActorRef akka://worker/user/watcher/graph0000000000/graph/local-acker - Message [com.spbsu.flamestream.runtime.acker.LocalAcker$Flush] from Actor[akka://worker/user/watcher/graph0000000000/graph/local-acker#-1257142711] to Actor[akka://worker/user/watcher/graph0000000000/graph/local-acker#-1257142711] was not delivered. [9] dead letters encountered. This logging can be turned off or adjusted with configuration settings 'akka.log-dead-letters' and 'akka.log-dead-letters-during-shutdown'.
10:43:08.884 [worker-akka.actor.default-dispatcher-2] INFO  a.a.LocalActorRef akka://worker/user/watcher/graph0000000000/graph/local-acker - Message [com.spbsu.flamestream.runtime.acker.LocalAcker$Flush] from Actor[akka://worker/user/watcher/graph0000000000/graph/local-acker#-1257142711] to Actor[akka://worker/user/watcher/graph0000000000/graph/local-acker#-1257142711] was not delivered. [10] dead letters encountered. This logging can be turned off or adjusted with configuration settings 'akka.log-dead-letters' and 'akka.log-dead-letters-during-shutdown'.
10:43:08.886 [worker-akka.actor.default-dispatcher-2] INFO  a.a.LocalActorRef akka://worker/user/watcher/graph0000000000/graph - Stopped
10:43:08.886 [worker-akka.actor.default-dispatcher-2] INFO  a.a.LocalActorRef akka://worker/user/watcher/graph0000000000 - Stopped
10:43:08.890 [worker-akka.actor.default-dispatcher-2-EventThread] INFO  o.a.z.ClientCnxn  - EventThread shut down for session: 0x161c23e272f000c
10:43:08.890 [worker-akka.actor.default-dispatcher-2] INFO  o.a.z.ZooKeeper  - Session: 0x161c23e272f000c closed
10:43:08.891 [worker-akka.actor.default-dispatcher-2] INFO  a.a.RepointableActorRef akka://worker/user/watcher - Stopped
10:43:08.907 [worker-akka.actor.default-dispatcher-2] INFO  a.r.RemoteActorRefProvider$RemotingTerminator akka://worker@172.31.44.83:5412/system/remoting-terminator - Shutting down remote daemon.
10:43:08.910 [worker-akka.actor.default-dispatcher-2] INFO  a.r.RemoteActorRefProvider$RemotingTerminator akka://worker@172.31.44.83:5412/system/remoting-terminator - Remote daemon shut down; proceeding with flushing remote transports.
10:43:10.060 [worker-akka.actor.default-dispatcher-2] INFO  a.r.RemoteActorRefProvider$RemotingTerminator akka://worker@172.31.44.83:5412/system/remoting-terminator - Remoting shut down.
Heap
 def new generation   total 153600K, used 25917K [0x00000000e0c00000, 0x00000000eb2a0000, 0x00000000eb2a0000)
  eden space 136576K,  11% used [0x00000000e0c00000, 0x00000000e1ad4068, 0x00000000e9160000)
  from space 17024K,  63% used [0x00000000ea200000, 0x00000000eac7b600, 0x00000000eb2a0000)
  to   space 17024K,   0% used [0x00000000e9160000, 0x00000000e9160000, 0x00000000ea200000)
 tenured generation   total 341376K, used 96430K [0x00000000eb2a0000, 0x0000000100000000, 0x0000000100000000)
   the space 341376K,  28% used [0x00000000eb2a0000, 0x00000000f10cb9c0, 0x00000000f10cba00, 0x0000000100000000)
 Metaspace       used 33377K, capacity 34106K, committed 34432K, reserved 1079296K
  class space    used 4456K, capacity 4624K, committed 4736K, reserved 1048576K
