15:33:37.206 [worker-akka.actor.default-dispatcher-2] INFO  a.e.s.Slf4jLogger  - Slf4jLogger started
2018-02-16T15:33:37.363+0000: 1.895: [Full GC (Metadata GC Threshold) 2018-02-16T15:33:37.363+0000: 1.895: [Tenured: 0K->15410K(341376K), 0.0365741 secs] 117538K->15410K(494976K), [Metaspace: 20870K->20870K(1067008K)], 0.0366384 secs] [Times: user=0.03 sys=0.01, real=0.04 secs] 
Ama winner
Ama winner
15:33:37.749 [worker-akka.actor.default-dispatcher-2] INFO  a.r.a.ArteryTransport(akka://worker) akka.remote.artery.ArteryTransport(akka://worker) - Started embedded media driver in directory [/dev/shm/aeron-root-worker-680d979b-f29b-46af-b54f-aae66d4a0314]
15:33:37.968 [worker-akka.actor.default-dispatcher-2] INFO  a.r.a.ArteryTransport(akka://worker) akka.remote.artery.ArteryTransport(akka://worker) - Remoting started; listening on address: [akka://worker@172.31.44.83:5412] with UID [-7203775516040854142]
15:33:38.071 [worker-akka.actor.default-dispatcher-2] INFO  o.a.z.ZooKeeper  - Client environment:zookeeper.version=3.4.9-1757313, built on 08/23/2016 06:50 GMT
15:33:38.071 [worker-akka.actor.default-dispatcher-2] INFO  o.a.z.ZooKeeper  - Client environment:host.name=ip-172-31-44-83.us-east-2.compute.internal
15:33:38.072 [worker-akka.actor.default-dispatcher-2] INFO  o.a.z.ZooKeeper  - Client environment:java.version=1.8.0_151
15:33:38.072 [worker-akka.actor.default-dispatcher-2] INFO  o.a.z.ZooKeeper  - Client environment:java.vendor=Oracle Corporation
15:33:38.072 [worker-akka.actor.default-dispatcher-2] INFO  o.a.z.ZooKeeper  - Client environment:java.home=/usr/lib/jvm/java-8-openjdk-amd64/jre
15:33:38.072 [worker-akka.actor.default-dispatcher-2] INFO  o.a.z.ZooKeeper  - Client environment:java.class.path=lib/commons-cli-1.4.jar:lib/minlog-1.3.0.jar:lib/asm-5.0.4.jar:lib/hadoop-annotations-2.7.3.jar:lib/hadoop-auth-2.7.3.jar:lib/akka-slf4j_2.11-2.5.6.jar:lib/jersey-core-1.9.jar:lib/lz4-1.3.0.jar:lib/jackson-core-asl-1.9.13.jar:lib/aeron-client-1.3.0.jar:lib/htrace-core-3.1.0-incubating.jar:lib/xz-1.0.jar:lib/commons-httpclient-3.1.jar:lib/asm-3.1.jar:lib/commons-lang3-3.4.jar:lib/scala-library-2.11.11.jar:lib/scala-java8-compat_2.11-0.7.0.jar:lib/commons-configuration-1.6.jar:lib/objenesis-2.1.jar:lib/jackson-annotations-2.8.0.jar:lib/jsr305-3.0.0.jar:lib/curator-framework-2.7.1.jar:lib/jersey-server-1.9.jar:lib/jets3t-0.9.0.jar:lib/leveldb-0.7.jar:lib/jetty-6.1.26.jar:lib/stax-api-1.0-2.jar:lib/flamestream-core-1.0-SNAPSHOT.jar:lib/reflectasm-1.07-shaded.jar:lib/apacheds-kerberos-codec-2.0.0-M15.jar:lib/api-asn1-api-1.0.0-M20.jar:lib/commons-lang-2.6.jar:lib/commons-beanutils-1.7.0.jar:lib/jackson-xc-1.8.3.jar:lib/jetty-util-6.1.26.jar:lib/logback-classic-1.2.3.jar:lib/jool-0.9.12.jar:lib/flamestream-runtime-1.0-SNAPSHOT-tests.jar:lib/httpcore-4.1.2.jar:lib/kryo-4.0.0.jar:lib/ant-1.8.1.jar:lib/jaxb-impl-2.2.3-1.jar:lib/jersey-json-1.9.jar:lib/commons-compress-1.4.1.jar:lib/leveldbjni-all-1.8.jar:lib/paranamer-2.3.jar:lib/jackson-core-2.8.4.jar:lib/commons-math3-3.6.1.jar:lib/scala-parser-combinators_2.11-1.0.4.jar:lib/netty-3.10.6.Final.jar:lib/trove4j-3.0.3.jar:lib/jaxb-api-2.2.2.jar:lib/logback-core-1.2.3.jar:lib/snappy-java-1.0.4.1.jar:lib/protobuf-java-2.5.0.jar:lib/reactive-streams-1.0.1.jar:lib/flamestream-examples-1.0-SNAPSHOT.jar:lib/commons-codec-1.4.jar:lib/activation-1.1.jar:lib/commons-net-3.1.jar:lib/curator-recipes-2.7.1.jar:lib/jackson-mapper-asl-1.9.13.jar:lib/jackson-databind-2.8.4.jar:lib/flamestream-runtime-1.0-SNAPSHOT.jar:lib/jackson-jaxrs-1.8.3.jar:lib/slf4j-api-1.7.24.jar:lib/akka-remote_2.11-2.5.6.jar:lib/akka-testkit_2.11-2.5.6.jar:lib/jline-0.9.94.jar:lib/akka-stream_2.11-2.5.6.jar:lib/jsp-api-2.1.jar:lib/kryonet-2.21.jar:lib/akka-kryo-serialization_2.11-0.5.0.jar:lib/config-1.3.1.jar:lib/ant-launcher-1.8.1.jar:lib/commons-logging-1.2.jar:lib/ssl-config-core_2.11-0.2.2.jar:lib/testng-6.10.jar:lib/leveldb-api-0.7.jar:lib/reflectasm-1.11.3.jar:lib/jcommander-1.48.jar:lib/commons-1.1.jar:lib/commons-digester-1.8.jar:lib/minlog-1.2.jar:lib/java-xmlbuilder-0.4.jar:lib/jettison-1.1.jar:lib/gson-2.2.4.jar:lib/jdk.tools-1.8.jar:lib/aeron-driver-1.3.0.jar:lib/zookeeper-3.4.9.jar:lib/commons-beanutils-core-1.8.0.jar:lib/commons-math3-3.1.1.jar:lib/akka-actor_2.11-2.5.6.jar:lib/curator-client-2.7.1.jar:lib/servlet-api-2.5.jar:lib/apacheds-i18n-2.0.0-M15.jar:lib/commons-io-2.4.jar:lib/commons-codec-1.6.jar:lib/akka-protobuf_2.11-2.5.6.jar:lib/protobuf-java-3.5.1.jar:lib/jdom-2.0.2.jar:lib/api-util-1.0.0-M20.jar:lib/hadoop-common-2.7.3.jar:lib/agrona-0.9.6.jar:lib/xmlenc-0.52.jar:lib/guava-21.0.jar:lib/commons-collections-3.2.2.jar:lib/avro-1.7.4.jar:lib/httpclient-4.1.2.jar:lib/flamestream-core-1.0-SNAPSHOT-tests.jar:lib/annotations-12.0.jar:lib/jsch-0.1.42.jar:flamestream-runtime-1.0-SNAPSHOT.jar
15:33:38.072 [worker-akka.actor.default-dispatcher-2] INFO  o.a.z.ZooKeeper  - Client environment:java.library.path=/usr/java/packages/lib/amd64:/usr/lib/x86_64-linux-gnu/jni:/lib/x86_64-linux-gnu:/usr/lib/x86_64-linux-gnu:/usr/lib/jni:/lib:/usr/lib
15:33:38.072 [worker-akka.actor.default-dispatcher-2] INFO  o.a.z.ZooKeeper  - Client environment:java.io.tmpdir=/tmp
15:33:38.072 [worker-akka.actor.default-dispatcher-2] INFO  o.a.z.ZooKeeper  - Client environment:java.compiler=<NA>
15:33:38.072 [worker-akka.actor.default-dispatcher-2] INFO  o.a.z.ZooKeeper  - Client environment:os.name=Linux
15:33:38.072 [worker-akka.actor.default-dispatcher-2] INFO  o.a.z.ZooKeeper  - Client environment:os.arch=amd64
15:33:38.072 [worker-akka.actor.default-dispatcher-2] INFO  o.a.z.ZooKeeper  - Client environment:os.version=4.4.0-1049-aws
15:33:38.072 [worker-akka.actor.default-dispatcher-2] INFO  o.a.z.ZooKeeper  - Client environment:user.name=root
15:33:38.073 [worker-akka.actor.default-dispatcher-2] INFO  o.a.z.ZooKeeper  - Client environment:user.home=/root
15:33:38.075 [worker-akka.actor.default-dispatcher-2] INFO  o.a.z.ZooKeeper  - Client environment:user.dir=/opt/flamestream
15:33:38.076 [worker-akka.actor.default-dispatcher-2] INFO  o.a.z.ZooKeeper  - Initiating client connection, connectString=172.31.34.147:2181 sessionTimeout=5000 watcher=com.spbsu.flamestream.runtime.application.LifecycleWatcher$$Lambda$29/764839090@3d5d5f13
15:33:38.113 [worker-akka.actor.default-dispatcher-2] INFO  a.a.RepointableActorRef akka://worker/user/watcher - Starting...
15:33:38.117 [worker-akka.actor.default-dispatcher-2-SendThread(172.31.34.147:2181)] INFO  o.a.z.ClientCnxn  - Opening socket connection to server 172.31.34.147/172.31.34.147:2181. Will not attempt to authenticate using SASL (unknown error)
15:33:38.121 [worker-akka.actor.default-dispatcher-2-SendThread(172.31.34.147:2181)] INFO  o.a.z.ClientCnxn  - Socket connection established to 172.31.34.147/172.31.34.147:2181, initiating session
15:33:38.129 [worker-akka.actor.default-dispatcher-2-SendThread(172.31.34.147:2181)] INFO  o.a.z.ClientCnxn  - Session establishment complete on server 172.31.34.147/172.31.34.147:2181, sessionid = 0x1619f3ec237000a, negotiated timeout = 6000
15:33:38.221 [worker-akka.actor.default-dispatcher-2] INFO  a.a.RepointableActorRef akka://worker/user/watcher - Connected to ZK
15:33:49.241 [worker-akka.actor.default-dispatcher-2] INFO  a.a.RepointableActorRef akka://worker/user/watcher - Creating node with watchGraphs: 'com.spbsu.flamestream.core.Graph$Builder$MyGraph@4084ed8a', config: 'ClusterConfig{paths={172.31.33.155=akka://worker@172.31.33.155:5412/user/watcher/graph0000000000, 172.31.47.83=akka://worker@172.31.47.83:5412/user/watcher/graph0000000000, 172.31.45.197=akka://worker@172.31.45.197:5412/user/watcher/graph0000000000, 172.31.42.36=akka://worker@172.31.42.36:5412/user/watcher/graph0000000000, 172.31.44.83=akka://worker@172.31.44.83:5412/user/watcher/graph0000000000, 172.31.39.64=akka://worker@172.31.39.64:5412/user/watcher/graph0000000000, 172.31.35.79=akka://worker@172.31.35.79:5412/user/watcher/graph0000000000, 172.31.34.169=akka://worker@172.31.34.169:5412/user/watcher/graph0000000000, 172.31.47.100=akka://worker@172.31.47.100:5412/user/watcher/graph0000000000, 172.31.37.101=akka://worker@172.31.37.101:5412/user/watcher/graph0000000000}, ackerLocation='172.31.35.79', props=ComputationLayout{ranges={172.31.33.155=HashRange{from=-1670265060, to=-1193046472}, 172.31.47.83=HashRange{from=1670265056, to=2147483644}, 172.31.45.197=HashRange{from=-715827884, to=-238609296}, 172.31.42.36=HashRange{from=1193046468, to=1670265056}, 172.31.44.83=HashRange{from=-238609296, to=238609292}, 172.31.39.64=HashRange{from=715827880, to=1193046468}, 172.31.35.79=HashRange{from=0, to=0}, 172.31.34.169=HashRange{from=-2147483648, to=-1670265060}, 172.31.47.100=HashRange{from=238609292, to=715827880}, 172.31.37.101=HashRange{from=-1193046472, to=-715827884}}}}'
15:33:50.002 [worker-akka.actor.default-dispatcher-2] INFO  a.a.LocalActorRef akka://worker/user/watcher/graph0000000000/graph - Starting...
15:33:50.013 [worker-akka.actor.default-dispatcher-2] INFO  a.a.LocalActorRef akka://worker/user/watcher/graph0000000000/graph/local-acker - Starting...
15:33:50.013 [worker-akka.actor.default-dispatcher-2] INFO  a.a.LocalActorRef akka://worker/user/watcher/graph0000000000/graph/local-acker/$a - Starting...
Warning: space is running low in /dev/shm (tmpfs) threshold=167,772,160 usable=158,621,696
Warning: space is running low in /dev/shm (tmpfs) threshold=167,772,160 usable=146,034,688
Warning: space is running low in /dev/shm (tmpfs) threshold=167,772,160 usable=133,447,680
Warning: space is running low in /dev/shm (tmpfs) threshold=167,772,160 usable=120,860,672
Warning: space is running low in /dev/shm (tmpfs) threshold=167,772,160 usable=108,273,664
Warning: space is running low in /dev/shm (tmpfs) threshold=167,772,160 usable=95,686,656
Warning: space is running low in /dev/shm (tmpfs) threshold=167,772,160 usable=83,099,648
Warning: space is running low in /dev/shm (tmpfs) threshold=167,772,160 usable=70,512,640
15:33:51.591 [worker-akka.actor.default-dispatcher-2] INFO  a.a.LocalActorRef akka://worker/user/watcher/graph0000000000/graph - Finishing constructor
15:33:51.592 [worker-akka.actor.default-dispatcher-2] INFO  a.a.LocalActorRef akka://worker/user/watcher/graph0000000000 - Starting...
15:33:51.593 [worker-akka.actor.default-dispatcher-2] INFO  a.a.LocalActorRef akka://worker/user/watcher/graph0000000000/negotiator - Starting...
15:33:51.593 [worker-akka.actor.default-dispatcher-2] INFO  a.a.LocalActorRef akka://worker/user/watcher/graph0000000000/edge - Starting...
15:33:51.671 [worker-akka.actor.default-dispatcher-2] INFO  c.s.f.r.e.s.SocketRear  - FlameSocketGraphDeployerRear@172.31.44.83: connecting to 172.31.34.147:5678
15:33:51.675 [worker-akka.actor.default-dispatcher-2] INFO  c.s.f.r.e.s.SocketRear  - FlameSocketGraphDeployerRear@172.31.44.83: connected to 172.31.34.147:5678
2018-02-16T15:33:51.681+0000: 16.213: [GC (Allocation Failure) 2018-02-16T15:33:51.681+0000: 16.213: [DefNew: 122475K->17024K(153600K), 0.0239514 secs] 137885K->43152K(494976K), 0.0240123 secs] [Times: user=0.01 sys=0.01, real=0.02 secs] 
15:33:51.722 [worker-akka.actor.default-dispatcher-2] INFO  a.a.LocalActorRef akka://worker/user/watcher/graph0000000000/graph/$a - Starting...
15:33:51.725 [worker-akka.actor.default-dispatcher-2] INFO  a.a.LocalActorRef akka://worker/user/watcher/graph0000000000/graph/$b - Starting...
15:33:51.726 [worker-akka.actor.default-dispatcher-2] INFO  a.a.LocalActorRef akka://worker/user/watcher/graph0000000000/graph/$c - Starting...
15:33:51.727 [worker-akka.actor.default-dispatcher-2] INFO  a.a.LocalActorRef akka://worker/user/watcher/graph0000000000/edge/FlameSocketGraphDeployerRear - Starting...
15:33:51.727 [worker-akka.actor.default-dispatcher-2] INFO  a.a.LocalActorRef akka://worker/user/watcher/graph0000000000/edge/FlameSocketGraphDeployerFront - Starting...
15:33:51.728 [worker-akka.actor.default-dispatcher-2] INFO  a.a.LocalActorRef akka://worker/user/watcher/graph0000000000/negotiator - Requesting ticket for the frontClass FlameSocketGraphDeployerFront@172.31.44.83
15:33:51.733 [worker-akka.actor.default-dispatcher-2] INFO  a.a.LocalActorRef akka://worker/user/watcher/graph0000000000/negotiator - Ticket for the frontClass received: FrontTicket{allowedTimestamp=(1518795229240, FlameSocketGraphDeployerFront@172.31.44.83)}
15:33:51.734 [worker-akka.actor.default-dispatcher-2] INFO  c.s.f.r.e.s.SocketFront  - FlameSocketGraphDeployerFront@172.31.44.83: connecting to 172.31.34.147:4567
15:33:51.757 [Client] INFO  c.s.f.r.e.s.SocketFront  - FlameSocketGraphDeployerFront@172.31.44.83 has been disconnected from Connection 6
2018-02-16T15:34:00.605+0000: 25.136: [GC (Allocation Failure) 2018-02-16T15:34:00.605+0000: 25.136: [DefNew: 153600K->3646K(153600K), 0.1004193 secs] 179728K->66292K(494976K), 0.1004854 secs] [Times: user=0.02 sys=0.08, real=0.10 secs] 
2018-02-16T15:34:15.343+0000: 39.875: [GC (Allocation Failure) 2018-02-16T15:34:15.343+0000: 39.875: [DefNew: 140222K->6324K(153600K), 0.0155955 secs] 202868K->68971K(494976K), 0.0156651 secs] [Times: user=0.01 sys=0.00, real=0.02 secs] 
2018-02-16T15:34:24.791+0000: 49.323: [GC (Allocation Failure) 2018-02-16T15:34:24.791+0000: 49.323: [DefNew: 142900K->7132K(153600K), 0.0158403 secs] 205547K->69778K(494976K), 0.0159016 secs] [Times: user=0.01 sys=0.00, real=0.02 secs] 
2018-02-16T15:34:37.326+0000: 61.858: [GC (Allocation Failure) 2018-02-16T15:34:37.326+0000: 61.858: [DefNew: 143708K->9069K(153600K), 0.0153243 secs] 206354K->71715K(494976K), 0.0153860 secs] [Times: user=0.01 sys=0.00, real=0.01 secs] 
2018-02-16T15:34:45.971+0000: 70.503: [GC (Allocation Failure) 2018-02-16T15:34:45.971+0000: 70.503: [DefNew: 145645K->8100K(153600K), 0.0170309 secs] 208291K->72507K(494976K), 0.0170935 secs] [Times: user=0.02 sys=0.00, real=0.02 secs] 
2018-02-16T15:34:58.944+0000: 83.475: [GC (Allocation Failure) 2018-02-16T15:34:58.944+0000: 83.475: [DefNew: 144676K->9280K(153600K), 0.0156123 secs] 209083K->73687K(494976K), 0.0156720 secs] [Times: user=0.01 sys=0.00, real=0.02 secs] 
2018-02-16T15:35:12.045+0000: 96.577: [GC (Allocation Failure) 2018-02-16T15:35:12.045+0000: 96.577: [DefNew: 145856K->9391K(153600K), 0.0179526 secs] 210263K->75057K(494976K), 0.0180284 secs] [Times: user=0.02 sys=0.01, real=0.02 secs] 
2018-02-16T15:35:28.210+0000: 112.742: [GC (Allocation Failure) 2018-02-16T15:35:28.210+0000: 112.742: [DefNew: 145967K->9823K(153600K), 0.0197014 secs] 211633K->76434K(494976K), 0.0197611 secs] [Times: user=0.02 sys=0.00, real=0.02 secs] 
2018-02-16T15:35:39.348+0000: 123.879: [GC (Allocation Failure) 2018-02-16T15:35:39.348+0000: 123.880: [DefNew: 146399K->8708K(153600K), 0.0188669 secs] 213010K->77586K(494976K), 0.0189265 secs] [Times: user=0.01 sys=0.00, real=0.02 secs] 
2018-02-16T15:35:54.851+0000: 139.383: [GC (Allocation Failure) 2018-02-16T15:35:54.851+0000: 139.383: [DefNew: 145284K->9078K(153600K), 0.0184828 secs] 214162K->79098K(494976K), 0.0185583 secs] [Times: user=0.02 sys=0.00, real=0.02 secs] 
2018-02-16T15:36:09.873+0000: 154.405: [GC (Allocation Failure) 2018-02-16T15:36:09.873+0000: 154.405: [DefNew: 145654K->8839K(153600K), 0.0299104 secs] 215674K->80092K(494976K), 0.0300146 secs] [Times: user=0.01 sys=0.02, real=0.03 secs] 
2018-02-16T15:36:25.830+0000: 170.362: [GC (Allocation Failure) 2018-02-16T15:36:25.830+0000: 170.362: [DefNew: 145415K->8791K(153600K), 0.0164476 secs] 216668K->81495K(494976K), 0.0165070 secs] [Times: user=0.02 sys=0.00, real=0.02 secs] 
2018-02-16T15:36:40.404+0000: 184.936: [GC (Allocation Failure) 2018-02-16T15:36:40.404+0000: 184.936: [DefNew: 145367K->9215K(153600K), 0.0183902 secs] 218071K->83000K(494976K), 0.0184543 secs] [Times: user=0.02 sys=0.00, real=0.02 secs] 
2018-02-16T15:36:54.346+0000: 198.878: [GC (Allocation Failure) 2018-02-16T15:36:54.346+0000: 198.878: [DefNew: 145791K->9152K(153600K), 0.0168985 secs] 219576K->84218K(494976K), 0.0169811 secs] [Times: user=0.02 sys=0.00, real=0.01 secs] 
2018-02-16T15:37:08.865+0000: 213.397: [GC (Allocation Failure) 2018-02-16T15:37:08.865+0000: 213.397: [DefNew: 145728K->9479K(153600K), 0.0192358 secs] 220794K->85560K(494976K), 0.0192990 secs] [Times: user=0.02 sys=0.00, real=0.02 secs] 
2018-02-16T15:37:21.585+0000: 226.117: [GC (Allocation Failure) 2018-02-16T15:37:21.585+0000: 226.117: [DefNew: 146055K->9614K(153600K), 0.0306867 secs] 222136K->86916K(494976K), 0.0307673 secs] [Times: user=0.00 sys=0.03, real=0.04 secs] 
2018-02-16T15:37:37.123+0000: 241.655: [GC (Allocation Failure) 2018-02-16T15:37:37.123+0000: 241.655: [DefNew: 146190K->9904K(153600K), 0.0178925 secs] 223492K->88395K(494976K), 0.0179672 secs] [Times: user=0.02 sys=0.00, real=0.02 secs] 
2018-02-16T15:37:53.502+0000: 258.034: [GC (Allocation Failure) 2018-02-16T15:37:53.502+0000: 258.034: [DefNew: 146480K->8806K(153600K), 0.0189259 secs] 224971K->89716K(494976K), 0.0189950 secs] [Times: user=0.02 sys=0.00, real=0.02 secs] 
2018-02-16T15:38:07.105+0000: 271.636: [GC (Allocation Failure) 2018-02-16T15:38:07.105+0000: 271.636: [DefNew: 145382K->8734K(153600K), 0.0301236 secs] 226292K->90812K(494976K), 0.0302145 secs] [Times: user=0.01 sys=0.02, real=0.04 secs] 
2018-02-16T15:38:18.187+0000: 282.718: [GC (Allocation Failure) 2018-02-16T15:38:18.187+0000: 282.718: [DefNew: 145310K->8562K(153600K), 0.0176949 secs] 227388K->92071K(494976K), 0.0177592 secs] [Times: user=0.01 sys=0.00, real=0.01 secs] 
2018-02-16T15:38:31.325+0000: 295.857: [GC (Allocation Failure) 2018-02-16T15:38:31.325+0000: 295.857: [DefNew: 145138K->8964K(153600K), 0.0165554 secs] 228647K->93749K(494976K), 0.0166125 secs] [Times: user=0.01 sys=0.00, real=0.02 secs] 
2018-02-16T15:38:43.553+0000: 308.085: [GC (Allocation Failure) 2018-02-16T15:38:43.553+0000: 308.085: [DefNew: 145540K->9849K(153600K), 0.0218543 secs] 230325K->95817K(494976K), 0.0219209 secs] [Times: user=0.01 sys=0.01, real=0.03 secs] 
2018-02-16T15:38:56.364+0000: 320.895: [GC (Allocation Failure) 2018-02-16T15:38:56.364+0000: 320.895: [DefNew: 146425K->10092K(153600K), 0.0163830 secs] 232393K->97257K(494976K), 0.0164408 secs] [Times: user=0.02 sys=0.00, real=0.02 secs] 
2018-02-16T15:39:08.199+0000: 332.731: [GC (Allocation Failure) 2018-02-16T15:39:08.199+0000: 332.731: [DefNew: 146668K->9920K(153600K), 0.0170310 secs] 233833K->98512K(494976K), 0.0170960 secs] [Times: user=0.02 sys=0.00, real=0.02 secs] 
2018-02-16T15:39:22.425+0000: 346.957: [GC (Allocation Failure) 2018-02-16T15:39:22.425+0000: 346.957: [DefNew: 146496K->9041K(153600K), 0.0171336 secs] 235088K->99719K(494976K), 0.0171961 secs] [Times: user=0.01 sys=0.00, real=0.02 secs] 
2018-02-16T15:39:35.740+0000: 360.272: [GC (Allocation Failure) 2018-02-16T15:39:35.740+0000: 360.272: [DefNew: 145617K->9484K(153600K), 0.0295431 secs] 236295K->101408K(494976K), 0.0296204 secs] [Times: user=0.00 sys=0.02, real=0.03 secs] 
2018-02-16T15:39:49.915+0000: 374.447: [GC (Allocation Failure) 2018-02-16T15:39:49.915+0000: 374.447: [DefNew: 146060K->9972K(153600K), 0.0178603 secs] 237984K->103004K(494976K), 0.0179212 secs] [Times: user=0.02 sys=0.00, real=0.01 secs] 
2018-02-16T15:40:03.619+0000: 388.150: [GC (Allocation Failure) 2018-02-16T15:40:03.619+0000: 388.151: [DefNew: 146548K->10172K(153600K), 0.0262155 secs] 239580K->104450K(494976K), 0.0262790 secs] [Times: user=0.02 sys=0.02, real=0.02 secs] 
2018-02-16T15:40:16.912+0000: 401.444: [GC (Allocation Failure) 2018-02-16T15:40:16.912+0000: 401.444: [DefNew: 146748K->9256K(153600K), 0.0188324 secs] 241026K->106464K(494976K), 0.0189074 secs] [Times: user=0.01 sys=0.00, real=0.02 secs] 
2018-02-16T15:40:29.946+0000: 414.478: [GC (Allocation Failure) 2018-02-16T15:40:29.946+0000: 414.478: [DefNew: 145832K->9000K(153600K), 0.0157604 secs] 243040K->107719K(494976K), 0.0158187 secs] [Times: user=0.02 sys=0.00, real=0.01 secs] 
2018-02-16T15:40:42.702+0000: 427.233: [GC (Allocation Failure) 2018-02-16T15:40:42.702+0000: 427.233: [DefNew: 145576K->8962K(153600K), 0.0166601 secs] 244295K->109597K(494976K), 0.0167386 secs] [Times: user=0.01 sys=0.00, real=0.02 secs] 
2018-02-16T15:40:55.555+0000: 440.087: [GC (Allocation Failure) 2018-02-16T15:40:55.555+0000: 440.087: [DefNew: 145538K->9421K(153600K), 0.0169929 secs] 246173K->111488K(494976K), 0.0170515 secs] [Times: user=0.02 sys=0.00, real=0.01 secs] 
2018-02-16T15:41:07.489+0000: 452.021: [GC (Allocation Failure) 2018-02-16T15:41:07.489+0000: 452.021: [DefNew: 145997K->8944K(153600K), 0.0157236 secs] 248064K->112569K(494976K), 0.0158114 secs] [Times: user=0.02 sys=0.00, real=0.01 secs] 
2018-02-16T15:41:20.358+0000: 464.890: [GC (Allocation Failure) 2018-02-16T15:41:20.358+0000: 464.890: [DefNew: 145325K->9097K(153600K), 0.0164722 secs] 248950K->114493K(494976K), 0.0165346 secs] [Times: user=0.02 sys=0.00, real=0.02 secs] 
2018-02-16T15:41:33.652+0000: 478.184: [GC (Allocation Failure) 2018-02-16T15:41:33.652+0000: 478.184: [DefNew: 145673K->8987K(153600K), 0.0151814 secs] 251069K->115639K(494976K), 0.0152451 secs] [Times: user=0.01 sys=0.00, real=0.02 secs] 
2018-02-16T15:41:45.993+0000: 490.525: [GC (Allocation Failure) 2018-02-16T15:41:45.993+0000: 490.525: [DefNew: 145563K->9031K(153600K), 0.0206218 secs] 252215K->117310K(494976K), 0.0206856 secs] [Times: user=0.01 sys=0.00, real=0.03 secs] 
2018-02-16T15:41:57.580+0000: 502.112: [GC (Allocation Failure) 2018-02-16T15:41:57.580+0000: 502.112: [DefNew: 145607K->10793K(153600K), 0.0178738 secs] 253886K->120300K(494976K), 0.0179407 secs] [Times: user=0.02 sys=0.00, real=0.02 secs] 
2018-02-16T15:42:12.611+0000: 517.143: [GC (Allocation Failure) 2018-02-16T15:42:12.611+0000: 517.143: [DefNew: 147369K->10129K(153600K), 0.0173909 secs] 256876K->121173K(494976K), 0.0174555 secs] [Times: user=0.02 sys=0.00, real=0.02 secs] 
2018-02-16T15:42:24.269+0000: 528.801: [GC (Allocation Failure) 2018-02-16T15:42:24.270+0000: 528.801: [DefNew: 146705K->10086K(153600K), 0.0193425 secs] 257749K->122695K(494976K), 0.0194025 secs] [Times: user=0.02 sys=0.00, real=0.02 secs] 
15:42:28.378 [Client] INFO  c.s.f.r.e.s.SocketRear  - FlameSocketGraphDeployerRear@172.31.44.83: has been disconnected from Connection 6
15:50:27.321 [worker-akka.actor.default-dispatcher-2] INFO  a.a.CoordinatedShutdown CoordinatedShutdown(akka://worker) - Starting coordinated shutdown from JVM shutdown hook
15:50:27.352 [worker-akka.actor.default-dispatcher-2] INFO  a.a.LocalActorRef akka://worker/user/watcher/graph0000000000/edge/FlameSocketGraphDeployerFront - Stopped
15:50:27.356 [worker-akka.actor.default-dispatcher-2] INFO  a.a.LocalActorRef akka://worker/user/watcher/graph0000000000/edge/FlameSocketGraphDeployerRear - Stopped
15:50:27.359 [worker-akka.actor.default-dispatcher-2] INFO  a.a.LocalActorRef akka://worker/user/watcher/graph0000000000/edge - Stopped
15:50:27.361 [worker-akka.actor.default-dispatcher-2] INFO  a.a.LocalActorRef akka://worker/user/watcher/graph0000000000/graph/$a - Stopped
15:50:27.362 [worker-akka.actor.default-dispatcher-2] INFO  a.a.LocalActorRef akka://worker/user/watcher/graph0000000000/negotiator - Stopped
15:50:27.362 [worker-akka.actor.default-dispatcher-2] INFO  a.a.LocalActorRef akka://worker/user/watcher/graph0000000000/graph/local-acker/$a - Stopped
15:50:27.362 [worker-akka.actor.default-dispatcher-2] INFO  a.a.LocalActorRef akka://worker/user/watcher/graph0000000000/graph/$b - Stopped
15:50:27.363 [worker-akka.actor.default-dispatcher-2] INFO  a.a.LocalActorRef akka://worker/user/watcher/graph0000000000/graph/$c - Stopped
15:50:27.366 [worker-akka.actor.default-dispatcher-2] INFO  a.a.LocalActorRef akka://worker/user/watcher/graph0000000000/graph/local-acker/$a - Message [com.spbsu.flamestream.runtime.utils.akka.PingActor$InnerPing] from Actor[akka://worker/user/watcher/graph0000000000/graph/local-acker/$a#-263863255] to Actor[akka://worker/user/watcher/graph0000000000/graph/local-acker/$a#-263863255] was not delivered. [1] dead letters encountered. This logging can be turned off or adjusted with configuration settings 'akka.log-dead-letters' and 'akka.log-dead-letters-during-shutdown'.
15:50:27.366 [worker-akka.actor.default-dispatcher-2] INFO  a.a.LocalActorRef akka://worker/user/watcher/graph0000000000/graph/local-acker - Stopped
15:50:27.372 [worker-akka.actor.default-dispatcher-2] INFO  a.a.LocalActorRef akka://worker/user/watcher/graph0000000000/graph/local-acker/$a - Message [com.spbsu.flamestream.runtime.utils.akka.PingActor$Stop] from Actor[akka://worker/user/watcher/graph0000000000/graph/local-acker#-1254686625] to Actor[akka://worker/user/watcher/graph0000000000/graph/local-acker/$a#-263863255] was not delivered. [2] dead letters encountered. This logging can be turned off or adjusted with configuration settings 'akka.log-dead-letters' and 'akka.log-dead-letters-during-shutdown'.
15:50:27.372 [worker-akka.actor.default-dispatcher-2] INFO  a.a.LocalActorRef akka://worker/user/watcher/graph0000000000/graph/local-acker - Message [com.spbsu.flamestream.runtime.acker.LocalAcker$Flush] from Actor[akka://worker/user/watcher/graph0000000000/graph/local-acker#-1254686625] to Actor[akka://worker/user/watcher/graph0000000000/graph/local-acker#-1254686625] was not delivered. [3] dead letters encountered. This logging can be turned off or adjusted with configuration settings 'akka.log-dead-letters' and 'akka.log-dead-letters-during-shutdown'.
15:50:27.373 [worker-akka.actor.default-dispatcher-2] INFO  a.a.LocalActorRef akka://worker/user/watcher/graph0000000000/graph/local-acker - Message [com.spbsu.flamestream.runtime.acker.LocalAcker$Flush] from Actor[akka://worker/user/watcher/graph0000000000/graph/local-acker#-1254686625] to Actor[akka://worker/user/watcher/graph0000000000/graph/local-acker#-1254686625] was not delivered. [4] dead letters encountered. This logging can be turned off or adjusted with configuration settings 'akka.log-dead-letters' and 'akka.log-dead-letters-during-shutdown'.
15:50:27.373 [worker-akka.actor.default-dispatcher-2] INFO  a.a.LocalActorRef akka://worker/user/watcher/graph0000000000/graph/local-acker - Message [com.spbsu.flamestream.runtime.acker.LocalAcker$Flush] from Actor[akka://worker/user/watcher/graph0000000000/graph/local-acker#-1254686625] to Actor[akka://worker/user/watcher/graph0000000000/graph/local-acker#-1254686625] was not delivered. [5] dead letters encountered. This logging can be turned off or adjusted with configuration settings 'akka.log-dead-letters' and 'akka.log-dead-letters-during-shutdown'.
15:50:27.374 [worker-akka.actor.default-dispatcher-2] INFO  a.a.LocalActorRef akka://worker/user/watcher/graph0000000000/graph/local-acker - Message [com.spbsu.flamestream.runtime.acker.LocalAcker$Flush] from Actor[akka://worker/user/watcher/graph0000000000/graph/local-acker#-1254686625] to Actor[akka://worker/user/watcher/graph0000000000/graph/local-acker#-1254686625] was not delivered. [6] dead letters encountered. This logging can be turned off or adjusted with configuration settings 'akka.log-dead-letters' and 'akka.log-dead-letters-during-shutdown'.
15:50:27.374 [worker-akka.actor.default-dispatcher-2] INFO  a.a.LocalActorRef akka://worker/user/watcher/graph0000000000/graph/local-acker - Message [com.spbsu.flamestream.runtime.acker.LocalAcker$Flush] from Actor[akka://worker/user/watcher/graph0000000000/graph/local-acker#-1254686625] to Actor[akka://worker/user/watcher/graph0000000000/graph/local-acker#-1254686625] was not delivered. [7] dead letters encountered. This logging can be turned off or adjusted with configuration settings 'akka.log-dead-letters' and 'akka.log-dead-letters-during-shutdown'.
15:50:27.375 [worker-akka.actor.default-dispatcher-2] INFO  a.a.LocalActorRef akka://worker/user/watcher/graph0000000000/graph/local-acker - Message [com.spbsu.flamestream.runtime.acker.LocalAcker$Flush] from Actor[akka://worker/user/watcher/graph0000000000/graph/local-acker#-1254686625] to Actor[akka://worker/user/watcher/graph0000000000/graph/local-acker#-1254686625] was not delivered. [8] dead letters encountered. This logging can be turned off or adjusted with configuration settings 'akka.log-dead-letters' and 'akka.log-dead-letters-during-shutdown'.
15:50:27.375 [worker-akka.actor.default-dispatcher-2] INFO  a.a.LocalActorRef akka://worker/user/watcher/graph0000000000/graph/local-acker - Message [com.spbsu.flamestream.runtime.acker.LocalAcker$Flush] from Actor[akka://worker/user/watcher/graph0000000000/graph/local-acker#-1254686625] to Actor[akka://worker/user/watcher/graph0000000000/graph/local-acker#-1254686625] was not delivered. [9] dead letters encountered. This logging can be turned off or adjusted with configuration settings 'akka.log-dead-letters' and 'akka.log-dead-letters-during-shutdown'.
15:50:27.375 [worker-akka.actor.default-dispatcher-2] INFO  a.a.LocalActorRef akka://worker/user/watcher/graph0000000000/graph - Stopped
15:50:27.377 [worker-akka.actor.default-dispatcher-2] INFO  a.a.LocalActorRef akka://worker/user/watcher/graph0000000000 - Stopped
15:50:27.380 [worker-akka.actor.default-dispatcher-2-EventThread] INFO  o.a.z.ClientCnxn  - EventThread shut down for session: 0x1619f3ec237000a
15:50:27.380 [worker-akka.actor.default-dispatcher-2] INFO  o.a.z.ZooKeeper  - Session: 0x1619f3ec237000a closed
15:50:27.381 [worker-akka.actor.default-dispatcher-2] INFO  a.a.RepointableActorRef akka://worker/user/watcher - Stopped
15:50:27.395 [worker-akka.actor.default-dispatcher-2] INFO  a.r.RemoteActorRefProvider$RemotingTerminator akka://worker@172.31.44.83:5412/system/remoting-terminator - Shutting down remote daemon.
15:50:27.399 [worker-akka.actor.default-dispatcher-2] INFO  a.r.RemoteActorRefProvider$RemotingTerminator akka://worker@172.31.44.83:5412/system/remoting-terminator - Remote daemon shut down; proceeding with flushing remote transports.
15:50:28.548 [worker-akka.actor.default-dispatcher-2] INFO  a.r.RemoteActorRefProvider$RemotingTerminator akka://worker@172.31.44.83:5412/system/remoting-terminator - Remoting shut down.
Attempts of event 'shuffle-send' - 0
Attempts of event 'front-receive-send' - 0
Attempts of event 'inject-out' - 531446
Attempts of event 'sink-receive' - 539355
Attempts of event 'flatmap-receive' - 1067
Attempts of event 'fm-send' - 544169
Attempts of event 'rear-in' - 530379
Attempts of event 'flatmap-send' - 544169
Attempts of event 'inject-in' - 531446
Attempts of event 'wrong-ordering-filter-receive' - 539355
Attempts of event 'accept-in' - 0
Attempts of event 'grouping-receive' - 1069734
Heap
 def new generation   total 153600K, used 136734K [0x00000000e0c00000, 0x00000000eb2a0000, 0x00000000eb2a0000)
  eden space 136576K,  92% used [0x00000000e0c00000, 0x00000000e87adcd8, 0x00000000e9160000)
  from space 17024K,  59% used [0x00000000e9160000, 0x00000000e9b39be8, 0x00000000ea200000)
  to   space 17024K,   0% used [0x00000000ea200000, 0x00000000ea200000, 0x00000000eb2a0000)
 tenured generation   total 341376K, used 112608K [0x00000000eb2a0000, 0x0000000100000000, 0x0000000100000000)
   the space 341376K,  32% used [0x00000000eb2a0000, 0x00000000f2098278, 0x00000000f2098400, 0x0000000100000000)
 Metaspace       used 33499K, capacity 34300K, committed 34688K, reserved 1079296K
  class space    used 4457K, capacity 4627K, committed 4736K, reserved 1048576K
