16:49:21,449 |-INFO in ch.qos.logback.classic.LoggerContext[default] - Could NOT find resource [logback-test.xml]
16:49:21,449 |-INFO in ch.qos.logback.classic.LoggerContext[default] - Could NOT find resource [logback.groovy]
16:49:21,449 |-INFO in ch.qos.logback.classic.LoggerContext[default] - Found resource [logback.xml] at [jar:file:/opt/flamestream/lib/flamestream-runtime-1.0-SNAPSHOT.jar!/logback.xml]
16:49:21,450 |-WARN in ch.qos.logback.classic.LoggerContext[default] - Resource [logback.xml] occurs multiple times on the classpath.
16:49:21,450 |-WARN in ch.qos.logback.classic.LoggerContext[default] - Resource [logback.xml] occurs at [jar:file:/opt/flamestream/flamestream-runtime-1.0-SNAPSHOT.jar!/logback.xml]
16:49:21,450 |-WARN in ch.qos.logback.classic.LoggerContext[default] - Resource [logback.xml] occurs at [jar:file:/opt/flamestream/lib/flamestream-runtime-1.0-SNAPSHOT.jar!/logback.xml]
16:49:21,472 |-INFO in ch.qos.logback.core.joran.spi.ConfigurationWatchList@69b794e2 - URL [jar:file:/opt/flamestream/lib/flamestream-runtime-1.0-SNAPSHOT.jar!/logback.xml] is not of type file
16:49:21,564 |-INFO in ch.qos.logback.classic.joran.action.ConfigurationAction - debug attribute not set
16:49:21,564 |-INFO in ch.qos.logback.core.joran.action.AppenderAction - About to instantiate appender of type [ch.qos.logback.core.ConsoleAppender]
16:49:21,574 |-INFO in ch.qos.logback.core.joran.action.AppenderAction - Naming appender as [STDOUT]
16:49:21,580 |-INFO in ch.qos.logback.core.joran.action.NestedComplexPropertyIA - Assuming default type [ch.qos.logback.classic.encoder.PatternLayoutEncoder] for [encoder] property
16:49:21,616 |-INFO in ch.qos.logback.core.joran.action.AppenderAction - About to instantiate appender of type [ch.qos.logback.core.rolling.RollingFileAppender]
16:49:21,624 |-INFO in ch.qos.logback.core.joran.action.AppenderAction - Naming appender as [FILE]
16:49:21,639 |-INFO in c.q.l.core.rolling.TimeBasedRollingPolicy@1059063940 - No compression will be used
16:49:21,643 |-INFO in c.q.l.core.rolling.TimeBasedRollingPolicy@1059063940 - Will use the pattern /tmp/application_%d{yyyy-MM-dd}.%i.log for the active file
16:49:21,646 |-INFO in ch.qos.logback.core.rolling.SizeAndTimeBasedFNATP@4d339552 - The date pattern is 'yyyy-MM-dd' from file name pattern '/tmp/application_%d{yyyy-MM-dd}.%i.log'.
16:49:21,646 |-INFO in ch.qos.logback.core.rolling.SizeAndTimeBasedFNATP@4d339552 - Roll-over at midnight.
16:49:21,650 |-INFO in ch.qos.logback.core.rolling.SizeAndTimeBasedFNATP@4d339552 - Setting initial period to Fri Mar 23 16:46:49 UTC 2018
16:49:21,651 |-WARN in ch.qos.logback.core.rolling.SizeAndTimeBasedFNATP@4d339552 - SizeAndTimeBasedFNATP is deprecated. Use SizeAndTimeBasedRollingPolicy instead
16:49:21,651 |-WARN in ch.qos.logback.core.rolling.SizeAndTimeBasedFNATP@4d339552 - For more information see http://logback.qos.ch/manual/appenders.html#SizeAndTimeBasedRollingPolicy
16:49:21,655 |-INFO in ch.qos.logback.core.joran.action.NestedComplexPropertyIA - Assuming default type [ch.qos.logback.classic.encoder.PatternLayoutEncoder] for [encoder] property
16:49:21,659 |-INFO in ch.qos.logback.core.rolling.RollingFileAppender[FILE] - Active log file name: /tmp/application.log
16:49:21,659 |-INFO in ch.qos.logback.core.rolling.RollingFileAppender[FILE] - File property is set to [/tmp/application.log]
16:49:21,660 |-INFO in ch.qos.logback.classic.joran.action.RootLoggerAction - Setting level of ROOT logger to INFO
16:49:21,660 |-INFO in ch.qos.logback.core.joran.action.AppenderRefAction - Attaching appender named [STDOUT] to Logger[ROOT]
16:49:21,661 |-INFO in ch.qos.logback.core.joran.action.AppenderRefAction - Attaching appender named [FILE] to Logger[ROOT]
16:49:21,661 |-INFO in ch.qos.logback.classic.joran.action.ConfigurationAction - End of configuration.
16:49:21,661 |-INFO in ch.qos.logback.classic.joran.JoranConfigurator@f0f2775 - Registering current configuration as safe fallback point

16:49:21.665 [main] INFO  c.s.f.r.a.WorkerApplication  - Starting worker with id: '10.0.0.15', host: '10.0.0.15:5412', zkString: '10.0.0.70:2181'
16:49:22.555 [worker-akka.actor.default-dispatcher-7] INFO  a.e.s.Slf4jLogger  - Slf4jLogger started
2018-03-23T16:49:22.688+0000: 1.803: [Full GC (Metadata GC Threshold) 2018-03-23T16:49:22.688+0000: 1.803: [Tenured: 0K->15852K(341376K), 0.0381139 secs] 134102K->15852K(494976K), [Metaspace: 20938K->20938K(1067008K)], 0.0381901 secs] [Times: user=0.03 sys=0.01, real=0.03 secs] 
Ama winner
Ama winner
16:49:23.081 [worker-akka.actor.default-dispatcher-7] INFO  a.r.a.ArteryTransport(akka://worker) akka.remote.artery.ArteryTransport(akka://worker) - Started embedded media driver in directory [/dev/shm/aeron-root-worker-51a87e34-7403-40a1-a438-60f43c067922]
16:49:23.256 [worker-akka.actor.default-dispatcher-7] INFO  a.r.a.ArteryTransport(akka://worker) akka.remote.artery.ArteryTransport(akka://worker) - Remoting started; listening on address: [akka://worker@10.0.0.15:5412] with UID [-4660812269452057798]
16:49:23.309 [worker-akka.actor.default-dispatcher-2] INFO  a.a.RepointableActorRef akka://worker/user/watcher - Starting...
16:49:23.320 [worker-akka.actor.default-dispatcher-7] INFO  o.a.z.ZooKeeper  - Client environment:zookeeper.version=3.4.9-1757313, built on 08/23/2016 06:50 GMT
16:49:23.321 [worker-akka.actor.default-dispatcher-7] INFO  o.a.z.ZooKeeper  - Client environment:host.name=localhost
16:49:23.321 [worker-akka.actor.default-dispatcher-7] INFO  o.a.z.ZooKeeper  - Client environment:java.version=1.8.0_151
16:49:23.321 [worker-akka.actor.default-dispatcher-7] INFO  o.a.z.ZooKeeper  - Client environment:java.vendor=Oracle Corporation
16:49:23.321 [worker-akka.actor.default-dispatcher-7] INFO  o.a.z.ZooKeeper  - Client environment:java.home=/usr/lib/jvm/java-8-openjdk-amd64/jre
16:49:23.321 [worker-akka.actor.default-dispatcher-7] INFO  o.a.z.ZooKeeper  - Client environment:java.class.path=lib/commons-cli-1.4.jar:lib/minlog-1.3.0.jar:lib/asm-5.0.4.jar:lib/hadoop-annotations-2.7.3.jar:lib/hadoop-auth-2.7.3.jar:lib/akka-slf4j_2.11-2.5.6.jar:lib/jersey-core-1.9.jar:lib/lz4-1.3.0.jar:lib/jackson-core-asl-1.9.13.jar:lib/aeron-client-1.3.0.jar:lib/htrace-core-3.1.0-incubating.jar:lib/xz-1.0.jar:lib/commons-httpclient-3.1.jar:lib/asm-3.1.jar:lib/commons-lang3-3.4.jar:lib/scala-library-2.11.11.jar:lib/scala-java8-compat_2.11-0.7.0.jar:lib/commons-configuration-1.6.jar:lib/objenesis-2.1.jar:lib/jackson-annotations-2.8.0.jar:lib/jsr305-3.0.0.jar:lib/curator-framework-2.7.1.jar:lib/jersey-server-1.9.jar:lib/jets3t-0.9.0.jar:lib/leveldb-0.7.jar:lib/jetty-6.1.26.jar:lib/stax-api-1.0-2.jar:lib/flamestream-core-1.0-SNAPSHOT.jar:lib/reflectasm-1.07-shaded.jar:lib/apacheds-kerberos-codec-2.0.0-M15.jar:lib/api-asn1-api-1.0.0-M20.jar:lib/commons-lang-2.6.jar:lib/commons-beanutils-1.7.0.jar:lib/jackson-xc-1.8.3.jar:lib/jetty-util-6.1.26.jar:lib/logback-classic-1.2.3.jar:lib/jool-0.9.12.jar:lib/httpcore-4.1.2.jar:lib/kryo-4.0.0.jar:lib/ant-1.8.1.jar:lib/jaxb-impl-2.2.3-1.jar:lib/jersey-json-1.9.jar:lib/commons-compress-1.4.1.jar:lib/leveldbjni-all-1.8.jar:lib/paranamer-2.3.jar:lib/jackson-core-2.8.4.jar:lib/commons-math3-3.6.1.jar:lib/scala-parser-combinators_2.11-1.0.4.jar:lib/netty-3.10.6.Final.jar:lib/trove4j-3.0.3.jar:lib/jaxb-api-2.2.2.jar:lib/logback-core-1.2.3.jar:lib/snappy-java-1.0.4.1.jar:lib/protobuf-java-2.5.0.jar:lib/reactive-streams-1.0.1.jar:lib/flamestream-examples-1.0-SNAPSHOT.jar:lib/commons-codec-1.4.jar:lib/activation-1.1.jar:lib/commons-net-3.1.jar:lib/curator-recipes-2.7.1.jar:lib/jackson-mapper-asl-1.9.13.jar:lib/jackson-databind-2.8.4.jar:lib/flamestream-runtime-1.0-SNAPSHOT.jar:lib/jackson-jaxrs-1.8.3.jar:lib/slf4j-api-1.7.24.jar:lib/akka-remote_2.11-2.5.6.jar:lib/akka-testkit_2.11-2.5.6.jar:lib/jline-0.9.94.jar:lib/jedis-2.9.0.jar:lib/akka-stream_2.11-2.5.6.jar:lib/jsp-api-2.1.jar:lib/kryonet-2.21.jar:lib/akka-kryo-serialization_2.11-0.5.0.jar:lib/config-1.3.1.jar:lib/ant-launcher-1.8.1.jar:lib/commons-logging-1.2.jar:lib/ssl-config-core_2.11-0.2.2.jar:lib/testng-6.10.jar:lib/leveldb-api-0.7.jar:lib/reflectasm-1.11.3.jar:lib/jcommander-1.48.jar:lib/commons-1.1.jar:lib/commons-digester-1.8.jar:lib/minlog-1.2.jar:lib/java-xmlbuilder-0.4.jar:lib/jettison-1.1.jar:lib/gson-2.2.4.jar:lib/jdk.tools-1.8.jar:lib/aeron-driver-1.3.0.jar:lib/zookeeper-3.4.9.jar:lib/commons-beanutils-core-1.8.0.jar:lib/commons-math3-3.1.1.jar:lib/akka-actor_2.11-2.5.6.jar:lib/curator-client-2.7.1.jar:lib/servlet-api-2.5.jar:lib/commons-pool2-2.4.2.jar:lib/apacheds-i18n-2.0.0-M15.jar:lib/commons-io-2.4.jar:lib/commons-codec-1.6.jar:lib/akka-protobuf_2.11-2.5.6.jar:lib/jdom-2.0.2.jar:lib/rocksdbjni-5.5.1.jar:lib/api-util-1.0.0-M20.jar:lib/hadoop-common-2.7.3.jar:lib/agrona-0.9.6.jar:lib/xmlenc-0.52.jar:lib/guava-21.0.jar:lib/commons-collections-3.2.2.jar:lib/avro-1.7.4.jar:lib/httpclient-4.1.2.jar:lib/flamestream-core-1.0-SNAPSHOT-tests.jar:lib/annotations-12.0.jar:lib/jsch-0.1.42.jar:flamestream-runtime-1.0-SNAPSHOT.jar
16:49:23.321 [worker-akka.actor.default-dispatcher-7] INFO  o.a.z.ZooKeeper  - Client environment:java.library.path=/usr/java/packages/lib/amd64:/usr/lib/x86_64-linux-gnu/jni:/lib/x86_64-linux-gnu:/usr/lib/x86_64-linux-gnu:/usr/lib/jni:/lib:/usr/lib
16:49:23.321 [worker-akka.actor.default-dispatcher-7] INFO  o.a.z.ZooKeeper  - Client environment:java.io.tmpdir=/tmp
16:49:23.321 [worker-akka.actor.default-dispatcher-7] INFO  o.a.z.ZooKeeper  - Client environment:java.compiler=<NA>
16:49:23.321 [worker-akka.actor.default-dispatcher-7] INFO  o.a.z.ZooKeeper  - Client environment:os.name=Linux
16:49:23.321 [worker-akka.actor.default-dispatcher-7] INFO  o.a.z.ZooKeeper  - Client environment:os.arch=amd64
16:49:23.323 [worker-akka.actor.default-dispatcher-7] INFO  o.a.z.ZooKeeper  - Client environment:os.version=4.4.0-1049-aws
16:49:23.323 [worker-akka.actor.default-dispatcher-7] INFO  o.a.z.ZooKeeper  - Client environment:user.name=root
16:49:23.323 [worker-akka.actor.default-dispatcher-7] INFO  o.a.z.ZooKeeper  - Client environment:user.home=/root
16:49:23.324 [worker-akka.actor.default-dispatcher-7] INFO  o.a.z.ZooKeeper  - Client environment:user.dir=/opt/flamestream
16:49:23.325 [worker-akka.actor.default-dispatcher-7] INFO  o.a.z.ZooKeeper  - Initiating client connection, connectString=10.0.0.70:2181 sessionTimeout=5000 watcher=com.spbsu.flamestream.runtime.application.LifecycleWatcher$$Lambda$29/1031333528@411879dd
16:49:23.359 [worker-akka.actor.default-dispatcher-7-SendThread(10.0.0.70:2181)] INFO  o.a.z.ClientCnxn  - Opening socket connection to server 10.0.0.70/10.0.0.70:2181. Will not attempt to authenticate using SASL (unknown error)
16:49:23.360 [worker-akka.actor.default-dispatcher-2] INFO  a.a.RepointableActorRef akka://worker/user/watcher - Initializing rocksDB backend
16:49:23.368 [worker-akka.actor.default-dispatcher-7-SendThread(10.0.0.70:2181)] INFO  o.a.z.ClientCnxn  - Socket connection established to 10.0.0.70/10.0.0.70:2181, initiating session
16:49:23.382 [worker-akka.actor.default-dispatcher-7-SendThread(10.0.0.70:2181)] INFO  o.a.z.ClientCnxn  - Session establishment complete on server 10.0.0.70/10.0.0.70:2181, sessionid = 0x16253c2d3b80003, negotiated timeout = 6000
16:49:23.553 [worker-akka.actor.default-dispatcher-2] INFO  a.a.RepointableActorRef akka://worker/user/watcher - Connected to ZK
16:49:32.087 [worker-akka.actor.default-dispatcher-2] INFO  a.a.RepointableActorRef akka://worker/user/watcher - Creating node with watchGraphs: 'com.spbsu.flamestream.core.Graph$Builder$MyGraph@38065f7d', config: 'ClusterConfig{paths={10.0.0.239=akka://worker@10.0.0.239:5412/user/watcher/graph, 10.0.0.205=akka://worker@10.0.0.205:5412/user/watcher/graph, 10.0.0.139=akka://worker@10.0.0.139:5412/user/watcher/graph, 10.0.0.218=akka://worker@10.0.0.218:5412/user/watcher/graph, 10.0.0.225=akka://worker@10.0.0.225:5412/user/watcher/graph, 10.0.0.15=akka://worker@10.0.0.15:5412/user/watcher/graph, 10.0.0.37=akka://worker@10.0.0.37:5412/user/watcher/graph, 10.0.0.57=akka://worker@10.0.0.57:5412/user/watcher/graph, 10.0.0.155=akka://worker@10.0.0.155:5412/user/watcher/graph, 10.0.0.188=akka://worker@10.0.0.188:5412/user/watcher/graph}, ackerLocation='10.0.0.188', props=ComputationLayout{hashGroups={10.0.0.239=com.spbsu.flamestream.runtime.config.HashGroup@1ffe1b9d, 10.0.0.205=com.spbsu.flamestream.runtime.config.HashGroup@5d5c21bc, 10.0.0.139=com.spbsu.flamestream.runtime.config.HashGroup@56dcaf5d, 10.0.0.218=com.spbsu.flamestream.runtime.config.HashGroup@c65a7748, 10.0.0.225=com.spbsu.flamestream.runtime.config.HashGroup@231425fe, 10.0.0.15=com.spbsu.flamestream.runtime.config.HashGroup@fbc82752, 10.0.0.37=com.spbsu.flamestream.runtime.config.HashGroup@ccbcd570, 10.0.0.57=com.spbsu.flamestream.runtime.config.HashGroup@4276a447, 10.0.0.155=com.spbsu.flamestream.runtime.config.HashGroup@3fc198ed, 10.0.0.188=com.spbsu.flamestream.runtime.config.HashGroup@c01f}}}'
16:49:32.921 [worker-akka.actor.default-dispatcher-7] INFO  a.a.LocalActorRef akka://worker/user/watcher/graph/graph - Starting...
16:49:32.935 [worker-akka.actor.default-dispatcher-3] INFO  a.a.LocalActorRef akka://worker/user/watcher/graph/graph/local-acker/$a - Starting...
16:49:32.938 [worker-akka.actor.default-dispatcher-7] INFO  a.a.LocalActorRef akka://worker/user/watcher/graph/graph/local-acker - Starting...
16:49:34.188 [worker-akka.actor.default-dispatcher-3] INFO  a.a.LocalActorRef akka://worker/user/watcher/graph/graph - Finishing constructor
16:49:34.191 [worker-akka.actor.default-dispatcher-3] INFO  a.a.LocalActorRef akka://worker/user/watcher/graph/negotiator - Starting...
16:49:34.203 [worker-akka.actor.default-dispatcher-3] INFO  a.a.LocalActorRef akka://worker/user/watcher/graph/edge - Starting...
16:49:34.203 [worker-akka.actor.default-dispatcher-3] INFO  a.a.LocalActorRef akka://worker/user/watcher/graph - Starting...
16:49:34.218 [worker-akka.actor.default-dispatcher-6] INFO  a.a.LocalActorRef akka://worker/user/watcher/graph/negotiator - Requesting ticket for the frontClass FlameSocketGraphDeployerFront@10.0.0.15
16:49:34.238 [worker-akka.actor.default-dispatcher-3] INFO  a.a.LocalActorRef akka://worker/user/watcher/graph/graph - Received last commit 'LastCommit{globalTime=(0000000, min@min)}'
16:49:34.262 [worker-akka.actor.default-dispatcher-3] INFO  a.a.LocalActorRef akka://worker/user/watcher/graph/edge/FlameSocketGraphDeployerFront - Starting...
16:49:34.265 [worker-akka.actor.default-dispatcher-5] INFO  c.s.f.r.e.s.SocketRear  - FlameSocketGraphDeployerRear@10.0.0.15: connecting to 10.0.0.70:5678
16:49:34.277 [worker-akka.actor.default-dispatcher-5] INFO  c.s.f.r.e.s.SocketRear  - FlameSocketGraphDeployerRear@10.0.0.15: connected to 10.0.0.70:5678
16:49:34.282 [worker-akka.actor.default-dispatcher-5] INFO  a.a.LocalActorRef akka://worker/user/watcher/graph/edge/FlameSocketGraphDeployerRear - Starting...
16:49:34.319 [worker-akka.actor.default-dispatcher-5] INFO  a.a.LocalActorRef akka://worker/user/watcher/graph/graph/$a - Starting...
16:49:34.328 [worker-akka.actor.default-dispatcher-5] INFO  a.a.LocalActorRef akka://worker/user/watcher/graph/graph/$b - Starting...
16:49:34.344 [worker-akka.actor.default-dispatcher-5] INFO  a.a.LocalActorRef akka://worker/user/watcher/graph/graph/$c - Starting...
16:49:34.378 [worker-akka.actor.default-dispatcher-5] INFO  a.a.LocalActorRef akka://worker/user/watcher/graph/graph/$c - Attached rear to graph (-9223372036854775808, min@min)
16:49:34.528 [worker-akka.actor.default-dispatcher-5] INFO  a.a.LocalActorRef akka://worker/user/watcher/graph/negotiator - Ticket for the frontClass received: FrontTicket{allowedTimestamp=(0000000, FlameSocketGraphDeployerFront@10.0.0.15)}
16:49:34.532 [worker-akka.actor.default-dispatcher-5] INFO  c.s.f.r.e.s.SocketFront  - FlameSocketGraphDeployerFront@10.0.0.15: connecting to 10.0.0.70:4567
16:49:34.557 [Client] INFO  c.s.f.r.e.s.SocketFront  - FlameSocketGraphDeployerFront@10.0.0.15 has been disconnected from Connection 8
2018-03-23T16:49:38.739+0000: 17.854: [GC (Allocation Failure) 2018-03-23T16:49:38.739+0000: 17.854: [DefNew: 136576K->16013K(153600K), 0.0250497 secs] 152428K->51397K(494976K), 0.0251229 secs] [Times: user=0.02 sys=0.02, real=0.02 secs] 
2018-03-23T16:49:43.637+0000: 22.752: [GC (Allocation Failure) 2018-03-23T16:49:43.637+0000: 22.752: [DefNew: 152493K->4847K(153600K), 0.0319816 secs] 187877K->48442K(494976K), 0.0320450 secs] [Times: user=0.03 sys=0.00, real=0.03 secs] 
2018-03-23T16:49:48.590+0000: 27.705: [GC (Allocation Failure) 2018-03-23T16:49:48.590+0000: 27.705: [DefNew: 140942K->5811K(153600K), 0.0088455 secs] 184537K->49406K(494976K), 0.0089159 secs] [Times: user=0.01 sys=0.00, real=0.01 secs] 
2018-03-23T16:49:52.171+0000: 31.285: [GC (Allocation Failure) 2018-03-23T16:49:52.171+0000: 31.285: [DefNew: 141539K->6601K(153600K), 0.0145347 secs] 185134K->50195K(494976K), 0.0146045 secs] [Times: user=0.01 sys=0.00, real=0.01 secs] 
2018-03-23T16:49:56.252+0000: 35.367: [GC (Allocation Failure) 2018-03-23T16:49:56.252+0000: 35.367: [DefNew: 143177K->9018K(153600K), 0.0100125 secs] 186771K->52613K(494976K), 0.0100726 secs] [Times: user=0.01 sys=0.00, real=0.01 secs] 
2018-03-23T16:49:59.962+0000: 39.077: [GC (Allocation Failure) 2018-03-23T16:49:59.963+0000: 39.077: [DefNew: 145594K->8619K(153600K), 0.0143714 secs] 189189K->53599K(494976K), 0.0144391 secs] [Times: user=0.01 sys=0.00, real=0.02 secs] 
2018-03-23T16:50:03.328+0000: 42.443: [GC (Allocation Failure) 2018-03-23T16:50:03.328+0000: 42.443: [DefNew: 144189K->8063K(153600K), 0.0102860 secs] 189170K->53847K(494976K), 0.0103500 secs] [Times: user=0.01 sys=0.00, real=0.01 secs] 
2018-03-23T16:50:06.805+0000: 45.919: [GC (Allocation Failure) 2018-03-23T16:50:06.805+0000: 45.919: [DefNew: 144639K->10458K(153600K), 0.0127529 secs] 190423K->56241K(494976K), 0.0128112 secs] [Times: user=0.01 sys=0.00, real=0.02 secs] 
2018-03-23T16:50:10.232+0000: 49.347: [GC (Allocation Failure) 2018-03-23T16:50:10.232+0000: 49.347: [DefNew: 147034K->4307K(153600K), 0.0139681 secs] 192817K->55314K(494976K), 0.0140356 secs] [Times: user=0.00 sys=0.00, real=0.01 secs] 
2018-03-23T16:50:13.604+0000: 52.718: [GC (Allocation Failure) 2018-03-23T16:50:13.604+0000: 52.718: [DefNew: 140855K->4784K(153600K), 0.0094875 secs] 191862K->55791K(494976K), 0.0095513 secs] [Times: user=0.00 sys=0.00, real=0.01 secs] 
2018-03-23T16:50:17.022+0000: 56.136: [GC (Allocation Failure) 2018-03-23T16:50:17.022+0000: 56.136: [DefNew: 141360K->5314K(153600K), 0.0101712 secs] 192367K->56321K(494976K), 0.0102332 secs] [Times: user=0.01 sys=0.00, real=0.01 secs] 
2018-03-23T16:50:20.102+0000: 59.217: [GC (Allocation Failure) 2018-03-23T16:50:20.103+0000: 59.217: [DefNew: 141890K->6721K(153600K), 0.0213715 secs] 192897K->57728K(494976K), 0.0214347 secs] [Times: user=0.03 sys=0.00, real=0.02 secs] 
2018-03-23T16:50:22.474+0000: 61.588: [GC (Allocation Failure) 2018-03-23T16:50:22.474+0000: 61.588: [DefNew: 141283K->14230K(153600K), 0.0114645 secs] 192290K->65237K(494976K), 0.0115296 secs] [Times: user=0.01 sys=0.00, real=0.01 secs] 
2018-03-23T16:50:25.735+0000: 64.850: [GC (Allocation Failure) 2018-03-23T16:50:25.735+0000: 64.850: [DefNew: 149650K->1810K(153600K), 0.0177550 secs] 200657K->65949K(494976K), 0.0178226 secs] [Times: user=0.01 sys=0.00, real=0.02 secs] 
2018-03-23T16:50:28.295+0000: 67.410: [GC (Allocation Failure) 2018-03-23T16:50:28.295+0000: 67.410: [DefNew: 137047K->3229K(153600K), 0.0084321 secs] 201186K->67368K(494976K), 0.0085001 secs] [Times: user=0.01 sys=0.00, real=0.01 secs] 
2018-03-23T16:50:31.058+0000: 70.173: [GC (Allocation Failure) 2018-03-23T16:50:31.058+0000: 70.173: [DefNew: 139805K->3923K(153600K), 0.0082193 secs] 203944K->68062K(494976K), 0.0082845 secs] [Times: user=0.01 sys=0.00, real=0.00 secs] 
2018-03-23T16:50:34.015+0000: 73.129: [GC (Allocation Failure) 2018-03-23T16:50:34.015+0000: 73.129: [DefNew: 139726K->4333K(153600K), 0.0082839 secs] 203865K->68472K(494976K), 0.0083499 secs] [Times: user=0.00 sys=0.00, real=0.01 secs] 
2018-03-23T16:50:36.705+0000: 75.820: [GC (Allocation Failure) 2018-03-23T16:50:36.705+0000: 75.820: [DefNew: 140909K->5833K(153600K), 0.0190455 secs] 205048K->69971K(494976K), 0.0191148 secs] [Times: user=0.02 sys=0.00, real=0.02 secs] 
2018-03-23T16:50:39.357+0000: 78.472: [GC (Allocation Failure) 2018-03-23T16:50:39.357+0000: 78.472: [DefNew: 142363K->5991K(153600K), 0.0188328 secs] 206501K->70130K(494976K), 0.0189149 secs] [Times: user=0.02 sys=0.00, real=0.01 secs] 
2018-03-23T16:50:41.778+0000: 80.892: [GC (Allocation Failure) 2018-03-23T16:50:41.778+0000: 80.892: [DefNew: 141563K->6017K(153600K), 0.0174209 secs] 205702K->70155K(494976K), 0.0174880 secs] [Times: user=0.01 sys=0.00, real=0.01 secs] 
2018-03-23T16:50:44.463+0000: 83.578: [GC (Allocation Failure) 2018-03-23T16:50:44.463+0000: 83.578: [DefNew: 142593K->6636K(153600K), 0.0209080 secs] 206731K->70774K(494976K), 0.0209771 secs] [Times: user=0.02 sys=0.00, real=0.02 secs] 
2018-03-23T16:50:47.043+0000: 86.158: [GC (Allocation Failure) 2018-03-23T16:50:47.043+0000: 86.158: [DefNew: 141296K->6965K(153600K), 0.0122445 secs] 205435K->71104K(494976K), 0.0123094 secs] [Times: user=0.01 sys=0.00, real=0.01 secs] 
2018-03-23T16:50:49.707+0000: 88.821: [GC (Allocation Failure) 2018-03-23T16:50:49.707+0000: 88.821: [DefNew: 141625K->7442K(153600K), 0.0118133 secs] 205764K->71581K(494976K), 0.0118807 secs] [Times: user=0.02 sys=0.00, real=0.02 secs] 
2018-03-23T16:50:52.549+0000: 91.663: [GC (Allocation Failure) 2018-03-23T16:50:52.549+0000: 91.663: [DefNew: 144018K->8967K(153600K), 0.0138886 secs] 208157K->73106K(494976K), 0.0139538 secs] [Times: user=0.01 sys=0.00, real=0.01 secs] 
2018-03-23T16:50:55.286+0000: 94.400: [GC (Allocation Failure) 2018-03-23T16:50:55.286+0000: 94.400: [DefNew: 145543K->7756K(153600K), 0.0140199 secs] 209682K->73049K(494976K), 0.0140839 secs] [Times: user=0.01 sys=0.00, real=0.02 secs] 
2018-03-23T16:50:57.768+0000: 96.882: [GC (Allocation Failure) 2018-03-23T16:50:57.768+0000: 96.883: [DefNew: 141312K->7443K(153600K), 0.0106823 secs] 206605K->72736K(494976K), 0.0107503 secs] [Times: user=0.01 sys=0.01, real=0.02 secs] 
2018-03-23T16:51:00.374+0000: 99.489: [GC (Allocation Failure) 2018-03-23T16:51:00.374+0000: 99.489: [DefNew: 142856K->7767K(153600K), 0.0114430 secs] 208148K->73060K(494976K), 0.0115125 secs] [Times: user=0.01 sys=0.00, real=0.01 secs] 
2018-03-23T16:51:02.929+0000: 102.044: [GC (Allocation Failure) 2018-03-23T16:51:02.929+0000: 102.044: [DefNew: 141132K->8013K(153600K), 0.0109800 secs] 206425K->73306K(494976K), 0.0110517 secs] [Times: user=0.01 sys=0.00, real=0.01 secs] 
2018-03-23T16:51:05.312+0000: 104.426: [GC (Allocation Failure) 2018-03-23T16:51:05.312+0000: 104.426: [DefNew: 144589K->9578K(153600K), 0.0147388 secs] 209882K->74871K(494976K), 0.0148118 secs] [Times: user=0.01 sys=0.00, real=0.01 secs] 
2018-03-23T16:51:07.654+0000: 106.768: [GC (Allocation Failure) 2018-03-23T16:51:07.654+0000: 106.768: [DefNew: 146154K->10779K(153600K), 0.0158856 secs] 211447K->77292K(494976K), 0.0159456 secs] [Times: user=0.01 sys=0.00, real=0.02 secs] 
2018-03-23T16:51:10.496+0000: 109.610: [GC (Allocation Failure) 2018-03-23T16:51:10.496+0000: 109.610: [DefNew: 146110K->5198K(153600K), 0.0137445 secs] 212623K->73979K(494976K), 0.0138321 secs] [Times: user=0.01 sys=0.00, real=0.02 secs] 
2018-03-23T16:51:12.951+0000: 112.065: [GC (Allocation Failure) 2018-03-23T16:51:12.951+0000: 112.065: [DefNew: 141257K->5694K(153600K), 0.0094102 secs] 210038K->74475K(494976K), 0.0094805 secs] [Times: user=0.00 sys=0.00, real=0.01 secs] 
2018-03-23T16:51:15.498+0000: 114.612: [GC (Allocation Failure) 2018-03-23T16:51:15.498+0000: 114.612: [DefNew: 142270K->7740K(153600K), 0.0124572 secs] 211051K->76521K(494976K), 0.0125284 secs] [Times: user=0.01 sys=0.00, real=0.01 secs] 
2018-03-23T16:51:18.015+0000: 117.129: [GC (Allocation Failure) 2018-03-23T16:51:18.015+0000: 117.129: [DefNew: 144316K->6328K(153600K), 0.0104163 secs] 213097K->75109K(494976K), 0.0104835 secs] [Times: user=0.01 sys=0.00, real=0.01 secs] 
2018-03-23T16:51:20.518+0000: 119.632: [GC (Allocation Failure) 2018-03-23T16:51:20.518+0000: 119.632: [DefNew: 142832K->6815K(153600K), 0.0111445 secs] 211613K->75596K(494976K), 0.0112134 secs] [Times: user=0.01 sys=0.00, real=0.01 secs] 
2018-03-23T16:51:22.866+0000: 121.980: [GC (Allocation Failure) 2018-03-23T16:51:22.866+0000: 121.980: [DefNew: 143391K->8796K(153600K), 0.0135394 secs] 212172K->77577K(494976K), 0.0136075 secs] [Times: user=0.02 sys=0.00, real=0.02 secs] 
2018-03-23T16:51:25.398+0000: 124.512: [GC (Allocation Failure) 2018-03-23T16:51:25.398+0000: 124.512: [DefNew: 145372K->11367K(153600K), 0.0193847 secs] 214153K->80508K(494976K), 0.0194446 secs] [Times: user=0.01 sys=0.00, real=0.02 secs] 
2018-03-23T16:51:27.885+0000: 126.999: [GC (Allocation Failure) 2018-03-23T16:51:27.885+0000: 126.999: [DefNew: 147943K->5042K(153600K), 0.0171978 secs] 217084K->76991K(494976K), 0.0172476 secs] [Times: user=0.02 sys=0.00, real=0.02 secs] 
2018-03-23T16:51:30.243+0000: 129.357: [GC (Allocation Failure) 2018-03-23T16:51:30.243+0000: 129.357: [DefNew: 138056K->17023K(153600K), 0.0299637 secs] 210006K->93659K(494976K), 0.0300286 secs] [Times: user=0.03 sys=0.01, real=0.03 secs] 
2018-03-23T16:51:32.747+0000: 131.861: [GC (Allocation Failure) 2018-03-23T16:51:32.747+0000: 131.861: [DefNew: 152778K->1737K(153600K), 0.0361574 secs] 229414K->95295K(494976K), 0.0362247 secs] [Times: user=0.02 sys=0.02, real=0.04 secs] 
2018-03-23T16:51:35.272+0000: 134.387: [GC (Allocation Failure) 2018-03-23T16:51:35.272+0000: 134.387: [DefNew: 138313K->3111K(153600K), 0.0069895 secs] 231871K->96669K(494976K), 0.0070501 secs] [Times: user=0.01 sys=0.00, real=0.01 secs] 
2018-03-23T16:51:37.926+0000: 137.040: [GC (Allocation Failure) 2018-03-23T16:51:37.926+0000: 137.040: [DefNew: 139687K->3540K(153600K), 0.0121761 secs] 233245K->97098K(494976K), 0.0122468 secs] [Times: user=0.02 sys=0.00, real=0.02 secs] 
2018-03-23T16:51:40.390+0000: 139.504: [GC (Allocation Failure) 2018-03-23T16:51:40.390+0000: 139.504: [DefNew: 140116K->4621K(153600K), 0.0124579 secs] 233674K->98179K(494976K), 0.0125219 secs] [Times: user=0.01 sys=0.00, real=0.01 secs] 
2018-03-23T16:51:42.968+0000: 142.082: [GC (Allocation Failure) 2018-03-23T16:51:42.968+0000: 142.082: [DefNew: 139604K->4576K(153600K), 0.0135191 secs] 233162K->98133K(494976K), 0.0135886 secs] [Times: user=0.02 sys=0.00, real=0.02 secs] 
2018-03-23T16:51:45.372+0000: 144.486: [GC (Allocation Failure) 2018-03-23T16:51:45.372+0000: 144.486: [DefNew: 141054K->4843K(153600K), 0.0119560 secs] 234612K->98401K(494976K), 0.0120320 secs] [Times: user=0.01 sys=0.00, real=0.01 secs] 
2018-03-23T16:51:47.751+0000: 146.865: [GC (Allocation Failure) 2018-03-23T16:51:47.751+0000: 146.865: [DefNew: 141419K->6664K(153600K), 0.0257006 secs] 234977K->100221K(494976K), 0.0257713 secs] [Times: user=0.03 sys=0.00, real=0.03 secs] 
2018-03-23T16:51:50.189+0000: 149.303: [GC (Allocation Failure) 2018-03-23T16:51:50.189+0000: 149.303: [DefNew: 140864K->5344K(153600K), 0.0161981 secs] 234422K->98902K(494976K), 0.0162752 secs] [Times: user=0.01 sys=0.00, real=0.01 secs] 
2018-03-23T16:51:52.551+0000: 151.666: [GC (Allocation Failure) 2018-03-23T16:51:52.551+0000: 151.666: [DefNew: 137718K->5803K(153600K), 0.0134099 secs] 231276K->99361K(494976K), 0.0134773 secs] [Times: user=0.01 sys=0.00, real=0.01 secs] 
2018-03-23T16:51:55.057+0000: 154.171: [GC (Allocation Failure) 2018-03-23T16:51:55.057+0000: 154.171: [DefNew: 142379K->6286K(153600K), 0.0151849 secs] 235937K->99844K(494976K), 0.0152535 secs] [Times: user=0.02 sys=0.00, real=0.01 secs] 
2018-03-23T16:51:57.437+0000: 156.551: [GC (Allocation Failure) 2018-03-23T16:51:57.437+0000: 156.551: [DefNew: 142862K->8149K(153600K), 0.0127213 secs] 236420K->101707K(494976K), 0.0127936 secs] [Times: user=0.01 sys=0.00, real=0.01 secs] 
2018-03-23T16:51:59.834+0000: 158.948: [GC (Allocation Failure) 2018-03-23T16:51:59.834+0000: 158.948: [DefNew: 144725K->8503K(153600K), 0.0134144 secs] 238283K->102060K(494976K), 0.0134827 secs] [Times: user=0.02 sys=0.00, real=0.01 secs] 
2018-03-23T16:52:02.376+0000: 161.491: [GC (Allocation Failure) 2018-03-23T16:52:02.376+0000: 161.491: [DefNew: 144652K->7378K(153600K), 0.0111516 secs] 238210K->100936K(494976K), 0.0112242 secs] [Times: user=0.01 sys=0.00, real=0.00 secs] 
2018-03-23T16:52:04.746+0000: 163.860: [GC (Allocation Failure) 2018-03-23T16:52:04.746+0000: 163.860: [DefNew: 143954K->8846K(153600K), 0.0138945 secs] 237512K->102404K(494976K), 0.0139693 secs] [Times: user=0.02 sys=0.00, real=0.02 secs] 
2018-03-23T16:52:07.390+0000: 166.504: [GC (Allocation Failure) 2018-03-23T16:52:07.390+0000: 166.504: [DefNew: 145088K->7174K(153600K), 0.0181648 secs] 238645K->101355K(494976K), 0.0182399 secs] [Times: user=0.01 sys=0.01, real=0.01 secs] 
2018-03-23T16:52:09.636+0000: 168.751: [GC (Allocation Failure) 2018-03-23T16:52:09.636+0000: 168.751: [DefNew: 141828K->7504K(153600K), 0.0191236 secs] 236009K->101685K(494976K), 0.0191963 secs] [Times: user=0.01 sys=0.00, real=0.01 secs] 
2018-03-23T16:52:11.924+0000: 171.038: [GC (Allocation Failure) 2018-03-23T16:52:11.924+0000: 171.038: [DefNew: 144080K->8987K(153600K), 0.0254346 secs] 238261K->103168K(494976K), 0.0254989 secs] [Times: user=0.02 sys=0.00, real=0.03 secs] 
2018-03-23T16:52:14.357+0000: 173.472: [GC (Allocation Failure) 2018-03-23T16:52:14.357+0000: 173.472: [DefNew: 143599K->7435K(153600K), 0.0180709 secs] 237780K->102173K(494976K), 0.0181444 secs] [Times: user=0.01 sys=0.00, real=0.01 secs] 
2018-03-23T16:52:16.535+0000: 175.650: [GC (Allocation Failure) 2018-03-23T16:52:16.535+0000: 175.650: [DefNew: 144011K->9545K(153600K), 0.0262483 secs] 238749K->104283K(494976K), 0.0263191 secs] [Times: user=0.03 sys=0.00, real=0.03 secs] 
2018-03-23T16:52:18.820+0000: 177.934: [GC (Allocation Failure) 2018-03-23T16:52:18.820+0000: 177.934: [DefNew: 146121K->7702K(153600K), 0.0290858 secs] 240859K->103665K(494976K), 0.0291515 secs] [Times: user=0.03 sys=0.00, real=0.03 secs] 
2018-03-23T16:52:21.166+0000: 180.280: [GC (Allocation Failure) 2018-03-23T16:52:21.166+0000: 180.280: [DefNew: 141863K->7382K(153600K), 0.0169963 secs] 237825K->103344K(494976K), 0.0170739 secs] [Times: user=0.01 sys=0.00, real=0.02 secs] 
2018-03-23T16:52:23.528+0000: 182.643: [GC (Allocation Failure) 2018-03-23T16:52:23.528+0000: 182.643: [DefNew: 143445K->7602K(153600K), 0.0171429 secs] 239408K->103565K(494976K), 0.0172184 secs] [Times: user=0.01 sys=0.00, real=0.01 secs] 
2018-03-23T16:52:25.883+0000: 184.998: [GC (Allocation Failure) 2018-03-23T16:52:25.883+0000: 184.998: [DefNew: 140583K->8221K(153600K), 0.0232397 secs] 236546K->104184K(494976K), 0.0233049 secs] [Times: user=0.02 sys=0.00, real=0.02 secs] 
2018-03-23T16:52:28.251+0000: 187.366: [GC (Allocation Failure) 2018-03-23T16:52:28.251+0000: 187.366: [DefNew: 144797K->9429K(153600K), 0.0250648 secs] 240760K->105391K(494976K), 0.0251304 secs] [Times: user=0.03 sys=0.00, real=0.03 secs] 
2018-03-23T16:52:30.895+0000: 190.009: [GC (Allocation Failure) 2018-03-23T16:52:30.895+0000: 190.009: [DefNew: 141777K->7466K(153600K), 0.0202800 secs] 237739K->104720K(494976K), 0.0203482 secs] [Times: user=0.02 sys=0.00, real=0.02 secs] 
2018-03-23T16:52:33.246+0000: 192.361: [GC (Allocation Failure) 2018-03-23T16:52:33.246+0000: 192.361: [DefNew: 138598K->7642K(153600K), 0.0198132 secs] 235852K->104896K(494976K), 0.0198830 secs] [Times: user=0.02 sys=0.00, real=0.02 secs] 
2018-03-23T16:52:35.468+0000: 194.582: [GC (Allocation Failure) 2018-03-23T16:52:35.468+0000: 194.582: [DefNew: 144218K->9159K(153600K), 0.0248977 secs] 241472K->106413K(494976K), 0.0249690 secs] [Times: user=0.02 sys=0.00, real=0.03 secs] 
2018-03-23T16:52:37.762+0000: 196.876: [GC (Allocation Failure) 2018-03-23T16:52:37.762+0000: 196.876: [DefNew: 140228K->7648K(153600K), 0.0234040 secs] 237482K->105607K(494976K), 0.0234757 secs] [Times: user=0.02 sys=0.00, real=0.02 secs] 
2018-03-23T16:52:40.017+0000: 199.132: [GC (Allocation Failure) 2018-03-23T16:52:40.018+0000: 199.132: [DefNew: 138850K->7895K(153600K), 0.0186005 secs] 236809K->105854K(494976K), 0.0186722 secs] [Times: user=0.02 sys=0.00, real=0.02 secs] 
2018-03-23T16:52:42.535+0000: 201.650: [GC (Allocation Failure) 2018-03-23T16:52:42.535+0000: 201.650: [DefNew: 144471K->9559K(153600K), 0.0251062 secs] 242430K->107519K(494976K), 0.0251811 secs] [Times: user=0.02 sys=0.00, real=0.03 secs] 
2018-03-23T16:52:44.930+0000: 204.044: [GC (Allocation Failure) 2018-03-23T16:52:44.930+0000: 204.044: [DefNew: 146135K->7832K(153600K), 0.0243353 secs] 244095K->106959K(494976K), 0.0243977 secs] [Times: user=0.02 sys=0.00, real=0.02 secs] 
2018-03-23T16:52:47.433+0000: 206.547: [GC (Allocation Failure) 2018-03-23T16:52:47.433+0000: 206.547: [DefNew: 144408K->7785K(153600K), 0.0240496 secs] 243535K->106912K(494976K), 0.0241165 secs] [Times: user=0.02 sys=0.00, real=0.03 secs] 
2018-03-23T16:52:49.797+0000: 208.911: [GC (Allocation Failure) 2018-03-23T16:52:49.797+0000: 208.911: [DefNew: 139149K->7937K(153600K), 0.0172182 secs] 238276K->107064K(494976K), 0.0172797 secs] [Times: user=0.02 sys=0.00, real=0.01 secs] 
2018-03-23T16:52:52.054+0000: 211.169: [GC (Allocation Failure) 2018-03-23T16:52:52.054+0000: 211.169: [DefNew: 144513K->10452K(153600K), 0.0315794 secs] 243640K->109580K(494976K), 0.0316484 secs] [Times: user=0.03 sys=0.00, real=0.03 secs] 
2018-03-23T16:52:54.393+0000: 213.507: [GC (Allocation Failure) 2018-03-23T16:52:54.393+0000: 213.507: [DefNew: 147028K->6899K(153600K), 0.0231638 secs] 246156K->107969K(494976K), 0.0232311 secs] [Times: user=0.02 sys=0.00, real=0.03 secs] 
2018-03-23T16:52:56.718+0000: 215.833: [GC (Allocation Failure) 2018-03-23T16:52:56.718+0000: 215.833: [DefNew: 143475K->8737K(153600K), 0.0212501 secs] 244545K->109807K(494976K), 0.0213296 secs] [Times: user=0.03 sys=0.00, real=0.02 secs] 
2018-03-23T16:52:59.016+0000: 218.131: [GC (Allocation Failure) 2018-03-23T16:52:59.016+0000: 218.131: [DefNew: 142382K->7282K(153600K), 0.0185590 secs] 243452K->108665K(494976K), 0.0186390 secs] [Times: user=0.02 sys=0.00, real=0.01 secs] 
2018-03-23T16:53:01.235+0000: 220.349: [GC (Allocation Failure) 2018-03-23T16:53:01.235+0000: 220.349: [DefNew: 143858K->9367K(153600K), 0.0277798 secs] 245241K->110749K(494976K), 0.0278540 secs] [Times: user=0.02 sys=0.00, real=0.03 secs] 
2018-03-23T16:53:03.333+0000: 222.447: [GC (Allocation Failure) 2018-03-23T16:53:03.333+0000: 222.447: [DefNew: 139809K->7073K(153600K), 0.0206825 secs] 241192K->109435K(494976K), 0.0207531 secs] [Times: user=0.02 sys=0.01, real=0.02 secs] 
2018-03-23T16:53:05.677+0000: 224.792: [GC (Allocation Failure) 2018-03-23T16:53:05.678+0000: 224.792: [DefNew: 143649K->7819K(153600K), 0.0181853 secs] 246011K->110181K(494976K), 0.0182538 secs] [Times: user=0.02 sys=0.00, real=0.01 secs] 
2018-03-23T16:53:07.842+0000: 226.957: [GC (Allocation Failure) 2018-03-23T16:53:07.842+0000: 226.957: [DefNew: 138135K->7675K(153600K), 0.0170068 secs] 240497K->110037K(494976K), 0.0170720 secs] [Times: user=0.02 sys=0.00, real=0.02 secs] 
2018-03-23T16:53:10.043+0000: 229.158: [GC (Allocation Failure) 2018-03-23T16:53:10.043+0000: 229.158: [DefNew: 139542K->7871K(153600K), 0.0179082 secs] 241903K->110232K(494976K), 0.0179769 secs] [Times: user=0.01 sys=0.02, real=0.02 secs] 
2018-03-23T16:53:12.446+0000: 231.561: [GC (Allocation Failure) 2018-03-23T16:53:12.446+0000: 231.561: [DefNew: 140909K->8491K(153600K), 0.0250626 secs] 243271K->110853K(494976K), 0.0251293 secs] [Times: user=0.03 sys=0.00, real=0.03 secs] 
2018-03-23T16:53:14.745+0000: 233.860: [GC (Allocation Failure) 2018-03-23T16:53:14.745+0000: 233.860: [DefNew: 144854K->8912K(153600K), 0.0130485 secs] 247215K->111273K(494976K), 0.0131189 secs] [Times: user=0.01 sys=0.00, real=0.02 secs] 
2018-03-23T16:53:16.941+0000: 236.055: [GC (Allocation Failure) 2018-03-23T16:53:16.941+0000: 236.056: [DefNew: 140416K->8616K(153600K), 0.0179637 secs] 242778K->111528K(494976K), 0.0180347 secs] [Times: user=0.01 sys=0.00, real=0.02 secs] 
2018-03-23T16:53:19.154+0000: 238.269: [GC (Allocation Failure) 2018-03-23T16:53:19.155+0000: 238.269: [DefNew: 141972K->8363K(153600K), 0.0111454 secs] 244884K->111571K(494976K), 0.0112125 secs] [Times: user=0.01 sys=0.00, real=0.01 secs] 
2018-03-23T16:53:21.446+0000: 240.560: [GC (Allocation Failure) 2018-03-23T16:53:21.446+0000: 240.560: [DefNew: 144939K->10846K(153600K), 0.0157002 secs] 248147K->114053K(494976K), 0.0157707 secs] [Times: user=0.02 sys=0.00, real=0.02 secs] 
2018-03-23T16:53:23.670+0000: 242.785: [GC (Allocation Failure) 2018-03-23T16:53:23.670+0000: 242.785: [DefNew: 144429K->6547K(153600K), 0.0128450 secs] 247636K->112115K(494976K), 0.0129267 secs] [Times: user=0.01 sys=0.00, real=0.01 secs] 
2018-03-23T16:53:26.144+0000: 245.258: [GC (Allocation Failure) 2018-03-23T16:53:26.144+0000: 245.258: [DefNew: 142118K->6887K(153600K), 0.0176903 secs] 247686K->112455K(494976K), 0.0177791 secs] [Times: user=0.02 sys=0.00, real=0.02 secs] 
2018-03-23T16:53:28.291+0000: 247.406: [GC (Allocation Failure) 2018-03-23T16:53:28.291+0000: 247.406: [DefNew: 143463K->8365K(153600K), 0.0205211 secs] 249031K->113933K(494976K), 0.0205929 secs] [Times: user=0.02 sys=0.00, real=0.02 secs] 
2018-03-23T16:53:30.648+0000: 249.763: [GC (Allocation Failure) 2018-03-23T16:53:30.648+0000: 249.763: [DefNew: 142828K->7468K(153600K), 0.0184135 secs] 248396K->113036K(494976K), 0.0184807 secs] [Times: user=0.01 sys=0.00, real=0.01 secs] 
2018-03-23T16:53:32.900+0000: 252.015: [GC (Allocation Failure) 2018-03-23T16:53:32.900+0000: 252.015: [DefNew: 143889K->7859K(153600K), 0.0175475 secs] 249457K->113427K(494976K), 0.0176288 secs] [Times: user=0.02 sys=0.00, real=0.02 secs] 
2018-03-23T16:53:35.039+0000: 254.153: [GC (Allocation Failure) 2018-03-23T16:53:35.039+0000: 254.153: [DefNew: 144435K->8178K(153600K), 0.0200075 secs] 250003K->113746K(494976K), 0.0200785 secs] [Times: user=0.02 sys=0.00, real=0.02 secs] 
2018-03-23T16:53:37.092+0000: 256.206: [GC (Allocation Failure) 2018-03-23T16:53:37.092+0000: 256.206: [DefNew: 138799K->8202K(153600K), 0.0221680 secs] 244367K->113770K(494976K), 0.0222365 secs] [Times: user=0.01 sys=0.01, real=0.02 secs] 
2018-03-23T16:53:39.220+0000: 258.334: [GC (Allocation Failure) 2018-03-23T16:53:39.220+0000: 258.334: [DefNew: 144426K->8622K(153600K), 0.0208975 secs] 249994K->114190K(494976K), 0.0209706 secs] [Times: user=0.01 sys=0.01, real=0.02 secs] 
2018-03-23T16:53:41.340+0000: 260.454: [GC (Allocation Failure) 2018-03-23T16:53:41.340+0000: 260.454: [DefNew: 145198K->10935K(153600K), 0.0332904 secs] 250766K->116820K(494976K), 0.0333613 secs] [Times: user=0.04 sys=0.00, real=0.03 secs] 
2018-03-23T16:53:43.460+0000: 262.575: [GC (Allocation Failure) 2018-03-23T16:53:43.460+0000: 262.575: [DefNew: 147511K->7113K(153600K), 0.0264736 secs] 253396K->115565K(494976K), 0.0265405 secs] [Times: user=0.03 sys=0.00, real=0.02 secs] 
2018-03-23T16:53:45.697+0000: 264.811: [GC (Allocation Failure) 2018-03-23T16:53:45.697+0000: 264.811: [DefNew: 139560K->6771K(153600K), 0.0143196 secs] 248012K->115224K(494976K), 0.0143915 secs] [Times: user=0.01 sys=0.00, real=0.01 secs] 
2018-03-23T16:53:47.818+0000: 266.932: [GC (Allocation Failure) 2018-03-23T16:53:47.818+0000: 266.932: [DefNew: 143347K->7652K(153600K), 0.0188647 secs] 251800K->116104K(494976K), 0.0189315 secs] [Times: user=0.02 sys=0.00, real=0.02 secs] 
2018-03-23T16:53:49.999+0000: 269.114: [GC (Allocation Failure) 2018-03-23T16:53:49.999+0000: 269.114: [DefNew: 138313K->7649K(153600K), 0.0198717 secs] 246765K->116101K(494976K), 0.0199526 secs] [Times: user=0.01 sys=0.00, real=0.02 secs] 
2018-03-23T16:53:51.894+0000: 271.008: [GC (Allocation Failure) 2018-03-23T16:53:51.894+0000: 271.008: [DefNew: 139150K->7883K(153600K), 0.0190249 secs] 247603K->116335K(494976K), 0.0190961 secs] [Times: user=0.02 sys=0.00, real=0.02 secs] 
2018-03-23T16:53:54.002+0000: 273.116: [GC (Allocation Failure) 2018-03-23T16:53:54.002+0000: 273.116: [DefNew: 140092K->8480K(153600K), 0.0167543 secs] 248545K->116932K(494976K), 0.0168329 secs] [Times: user=0.02 sys=0.00, real=0.02 secs] 
2018-03-23T16:53:56.180+0000: 275.294: [GC (Allocation Failure) 2018-03-23T16:53:56.180+0000: 275.294: [DefNew: 144020K->8880K(153600K), 0.0166944 secs] 252472K->117333K(494976K), 0.0167592 secs] [Times: user=0.02 sys=0.00, real=0.02 secs] 
2018-03-23T16:53:58.473+0000: 277.587: [GC (Allocation Failure) 2018-03-23T16:53:58.473+0000: 277.587: [DefNew: 138186K->8878K(153600K), 0.0244279 secs] 246638K->117778K(494976K), 0.0245007 secs] [Times: user=0.02 sys=0.00, real=0.03 secs] 
2018-03-23T16:54:00.659+0000: 279.774: [GC (Allocation Failure) 2018-03-23T16:54:00.659+0000: 279.774: [DefNew: 145454K->10488K(153600K), 0.0274203 secs] 254354K->119879K(494976K), 0.0274982 secs] [Times: user=0.02 sys=0.01, real=0.02 secs] 
2018-03-23T16:54:02.840+0000: 281.954: [GC (Allocation Failure) 2018-03-23T16:54:02.840+0000: 281.954: [DefNew: 140060K->7628K(153600K), 0.0202351 secs] 249450K->118930K(494976K), 0.0203052 secs] [Times: user=0.02 sys=0.00, real=0.02 secs] 
2018-03-23T16:54:05.007+0000: 284.121: [GC (Allocation Failure) 2018-03-23T16:54:05.007+0000: 284.121: [DefNew: 144204K->8323K(153600K), 0.0212725 secs] 255506K->119625K(494976K), 0.0213389 secs] [Times: user=0.02 sys=0.00, real=0.03 secs] 
2018-03-23T16:54:07.138+0000: 286.253: [GC (Allocation Failure) 2018-03-23T16:54:07.138+0000: 286.253: [DefNew: 144823K->8766K(153600K), 0.0209572 secs] 256125K->120068K(494976K), 0.0210247 secs] [Times: user=0.03 sys=0.00, real=0.02 secs] 
2018-03-23T16:54:09.318+0000: 288.433: [GC (Allocation Failure) 2018-03-23T16:54:09.318+0000: 288.433: [DefNew: 145342K->9291K(153600K), 0.0265070 secs] 256644K->121009K(494976K), 0.0265741 secs] [Times: user=0.03 sys=0.00, real=0.02 secs] 
2018-03-23T16:54:11.603+0000: 290.718: [GC (Allocation Failure) 2018-03-23T16:54:11.604+0000: 290.718: [DefNew: 145867K->8403K(153600K), 0.0220940 secs] 257585K->121126K(494976K), 0.0221582 secs] [Times: user=0.01 sys=0.00, real=0.02 secs] 
2018-03-23T16:54:13.558+0000: 292.672: [GC (Allocation Failure) 2018-03-23T16:54:13.558+0000: 292.672: [DefNew: 137643K->8450K(153600K), 0.0114053 secs] 250366K->121173K(494976K), 0.0114734 secs] [Times: user=0.00 sys=0.00, real=0.01 secs] 
2018-03-23T16:54:15.674+0000: 294.789: [GC (Allocation Failure) 2018-03-23T16:54:15.674+0000: 294.789: [DefNew: 138055K->8897K(153600K), 0.0204345 secs] 250778K->121620K(494976K), 0.0205112 secs] [Times: user=0.02 sys=0.00, real=0.02 secs] 
2018-03-23T16:54:17.886+0000: 297.000: [GC (Allocation Failure) 2018-03-23T16:54:17.886+0000: 297.000: [DefNew: 145473K->11029K(153600K), 0.0171910 secs] 258196K->124473K(494976K), 0.0172624 secs] [Times: user=0.02 sys=0.00, real=0.02 secs] 
2018-03-23T16:54:20.154+0000: 299.268: [GC (Allocation Failure) 2018-03-23T16:54:20.154+0000: 299.268: [DefNew: 145902K->6647K(153600K), 0.0127672 secs] 259345K->122419K(494976K), 0.0128370 secs] [Times: user=0.01 sys=0.00, real=0.01 secs] 
2018-03-23T16:54:22.536+0000: 301.650: [GC (Allocation Failure) 2018-03-23T16:54:22.536+0000: 301.650: [DefNew: 139572K->6831K(153600K), 0.0168406 secs] 255344K->122603K(494976K), 0.0169093 secs] [Times: user=0.01 sys=0.00, real=0.02 secs] 
2018-03-23T16:54:24.880+0000: 303.995: [GC (Allocation Failure) 2018-03-23T16:54:24.880+0000: 303.995: [DefNew: 143407K->9158K(153600K), 0.0206292 secs] 259179K->124931K(494976K), 0.0206942 secs] [Times: user=0.02 sys=0.00, real=0.02 secs] 
2018-03-23T16:54:26.870+0000: 305.984: [GC (Allocation Failure) 2018-03-23T16:54:26.870+0000: 305.984: [DefNew: 140641K->6839K(153600K), 0.0214017 secs] 256414K->123422K(494976K), 0.0214731 secs] [Times: user=0.02 sys=0.00, real=0.02 secs] 
2018-03-23T16:54:29.081+0000: 308.195: [GC (Allocation Failure) 2018-03-23T16:54:29.081+0000: 308.195: [DefNew: 143415K->8995K(153600K), 0.0204339 secs] 259998K->125579K(494976K), 0.0205005 secs] [Times: user=0.02 sys=0.00, real=0.02 secs] 
2018-03-23T16:54:31.366+0000: 310.480: [GC (Allocation Failure) 2018-03-23T16:54:31.366+0000: 310.480: [DefNew: 142248K->7008K(153600K), 0.0206582 secs] 258831K->124433K(494976K), 0.0207271 secs] [Times: user=0.03 sys=0.00, real=0.02 secs] 
2018-03-23T16:54:32.983+0000: 312.098: [GC (Allocation Failure) 2018-03-23T16:54:32.983+0000: 312.098: [DefNew: 142997K->17024K(153600K), 0.0302960 secs] 260421K->157728K(494976K), 0.0303681 secs] [Times: user=0.02 sys=0.02, real=0.03 secs] 
2018-03-23T16:54:35.143+0000: 314.257: [GC (Allocation Failure) 2018-03-23T16:54:35.143+0000: 314.257: [DefNew: 149467K->2333K(153600K), 0.0124565 secs] 290172K->159969K(494976K), 0.0125301 secs] [Times: user=0.02 sys=0.01, real=0.01 secs] 
2018-03-23T16:54:37.292+0000: 316.406: [GC (Allocation Failure) 2018-03-23T16:54:37.292+0000: 316.406: [DefNew: 138909K->6181K(153600K), 0.0111481 secs] 296545K->163817K(494976K), 0.0112286 secs] [Times: user=0.01 sys=0.00, real=0.01 secs] 
2018-03-23T16:54:39.449+0000: 318.564: [GC (Allocation Failure) 2018-03-23T16:54:39.449+0000: 318.564: [DefNew: 137902K->4740K(153600K), 0.0072833 secs] 295538K->162377K(494976K), 0.0073541 secs] [Times: user=0.01 sys=0.00, real=0.01 secs] 
2018-03-23T16:54:41.572+0000: 320.687: [GC (Allocation Failure) 2018-03-23T16:54:41.572+0000: 320.687: [DefNew: 141316K->5823K(153600K), 0.0087226 secs] 298953K->163459K(494976K), 0.0087898 secs] [Times: user=0.01 sys=0.00, real=0.01 secs] 
2018-03-23T16:54:43.886+0000: 323.000: [GC (Allocation Failure) 2018-03-23T16:54:43.886+0000: 323.000: [DefNew: 142399K->6340K(153600K), 0.0086566 secs] 300035K->163976K(494976K), 0.0087242 secs] [Times: user=0.00 sys=0.00, real=0.01 secs] 
2018-03-23T16:54:46.090+0000: 325.205: [GC (Allocation Failure) 2018-03-23T16:54:46.090+0000: 325.205: [DefNew: 142916K->9836K(153600K), 0.0147742 secs] 300552K->167473K(494976K), 0.0148499 secs] [Times: user=0.01 sys=0.00, real=0.01 secs] 
2018-03-23T16:54:48.291+0000: 327.406: [GC (Allocation Failure) 2018-03-23T16:54:48.292+0000: 327.406: [DefNew: 143727K->5568K(153600K), 0.0207072 secs] 301364K->164884K(494976K), 0.0207871 secs] [Times: user=0.02 sys=0.01, real=0.02 secs] 
2018-03-23T16:54:50.462+0000: 329.576: [GC (Allocation Failure) 2018-03-23T16:54:50.462+0000: 329.576: [DefNew: 142144K->7948K(153600K), 0.0112723 secs] 301460K->167265K(494976K), 0.0113367 secs] [Times: user=0.01 sys=0.00, real=0.01 secs] 
2018-03-23T16:54:52.738+0000: 331.853: [GC (Allocation Failure) 2018-03-23T16:54:52.738+0000: 331.853: [DefNew: 142748K->6986K(153600K), 0.0088492 secs] 302064K->166302K(494976K), 0.0089068 secs] [Times: user=0.01 sys=0.00, real=0.00 secs] 
2018-03-23T16:54:54.885+0000: 333.999: [GC (Allocation Failure) 2018-03-23T16:54:54.885+0000: 333.999: [DefNew: 143562K->8665K(153600K), 0.0143705 secs] 302878K->167981K(494976K), 0.0144240 secs] [Times: user=0.01 sys=0.00, real=0.02 secs] 
2018-03-23T16:54:57.266+0000: 336.381: [GC (Allocation Failure) 2018-03-23T16:54:57.266+0000: 336.381: [DefNew: 145241K->7755K(153600K), 0.0106877 secs] 304557K->167538K(494976K), 0.0107578 secs] [Times: user=0.02 sys=0.00, real=0.02 secs] 
2018-03-23T16:54:59.537+0000: 338.651: [GC (Allocation Failure) 2018-03-23T16:54:59.537+0000: 338.652: [DefNew: 138515K->8116K(153600K), 0.0121081 secs] 298297K->167899K(494976K), 0.0121651 secs] [Times: user=0.01 sys=0.00, real=0.01 secs] 
2018-03-23T16:55:02.069+0000: 341.183: [GC (Allocation Failure) 2018-03-23T16:55:02.069+0000: 341.183: [DefNew: 142684K->8310K(153600K), 0.0102538 secs] 302467K->168092K(494976K), 0.0103301 secs] [Times: user=0.01 sys=0.00, real=0.01 secs] 
2018-03-23T16:55:04.545+0000: 343.660: [GC (Allocation Failure) 2018-03-23T16:55:04.545+0000: 343.660: [DefNew: 136713K->8854K(153600K), 0.0212162 secs] 296495K->168637K(494976K), 0.0212873 secs] [Times: user=0.02 sys=0.00, real=0.02 secs] 
2018-03-23T16:55:06.725+0000: 345.839: [GC (Allocation Failure) 2018-03-23T16:55:06.725+0000: 345.839: [DefNew: 145430K->11068K(153600K), 0.0170128 secs] 305213K->171669K(494976K), 0.0170821 secs] [Times: user=0.01 sys=0.00, real=0.02 secs] 
2018-03-23T16:55:08.969+0000: 348.083: [GC (Allocation Failure) 2018-03-23T16:55:08.969+0000: 348.083: [DefNew: 143207K->6422K(153600K), 0.0124975 secs] 303809K->169514K(494976K), 0.0125688 secs] [Times: user=0.02 sys=0.00, real=0.01 secs] 
2018-03-23T16:55:11.214+0000: 350.328: [GC (Allocation Failure) 2018-03-23T16:55:11.214+0000: 350.328: [DefNew: 142860K->9276K(153600K), 0.0130852 secs] 305952K->172368K(494976K), 0.0131584 secs] [Times: user=0.01 sys=0.00, real=0.01 secs] 
2018-03-23T16:55:13.344+0000: 352.459: [GC (Allocation Failure) 2018-03-23T16:55:13.344+0000: 352.459: [DefNew: 144029K->6428K(153600K), 0.0101742 secs] 307121K->170444K(494976K), 0.0102659 secs] [Times: user=0.01 sys=0.01, real=0.01 secs] 
2018-03-23T16:55:15.680+0000: 354.795: [GC (Allocation Failure) 2018-03-23T16:55:15.680+0000: 354.795: [DefNew: 143004K->8408K(153600K), 0.0238684 secs] 307020K->172425K(494976K), 0.0239389 secs] [Times: user=0.02 sys=0.00, real=0.02 secs] 
2018-03-23T16:55:17.885+0000: 357.000: [GC (Allocation Failure) 2018-03-23T16:55:17.885+0000: 357.000: [DefNew: 140092K->7342K(153600K), 0.0146268 secs] 304109K->171358K(494976K), 0.0147059 secs] [Times: user=0.01 sys=0.00, real=0.02 secs] 
2018-03-23T16:55:20.097+0000: 359.212: [GC (Allocation Failure) 2018-03-23T16:55:20.097+0000: 359.212: [DefNew: 141449K->7959K(153600K), 0.0176866 secs] 305465K->171975K(494976K), 0.0177556 secs] [Times: user=0.01 sys=0.00, real=0.01 secs] 
2018-03-23T16:55:22.027+0000: 361.141: [GC (Allocation Failure) 2018-03-23T16:55:22.027+0000: 361.141: [DefNew: 144535K->10697K(153600K), 0.0285436 secs] 308551K->174713K(494976K), 0.0286156 secs] [Times: user=0.02 sys=0.00, real=0.03 secs] 
2018-03-23T16:55:24.507+0000: 363.622: [GC (Allocation Failure) 2018-03-23T16:55:24.508+0000: 363.622: [DefNew: 147273K->8283K(153600K), 0.0287722 secs] 311289K->174803K(494976K), 0.0288358 secs] [Times: user=0.03 sys=0.00, real=0.04 secs] 
2018-03-23T16:55:26.717+0000: 365.831: [GC (Allocation Failure) 2018-03-23T16:55:26.717+0000: 365.831: [DefNew: 144859K->10316K(153600K), 0.0261413 secs] 311379K->176836K(494976K), 0.0262079 secs] [Times: user=0.03 sys=0.00, real=0.02 secs] 
2018-03-23T16:55:28.864+0000: 367.978: [GC (Allocation Failure) 2018-03-23T16:55:28.864+0000: 367.978: [DefNew: 141469K->5969K(153600K), 0.0187212 secs] 307989K->174432K(494976K), 0.0188001 secs] [Times: user=0.01 sys=0.00, real=0.02 secs] 
2018-03-23T16:55:31.099+0000: 370.213: [GC (Allocation Failure) 2018-03-23T16:55:31.099+0000: 370.213: [DefNew: 142545K->10211K(153600K), 0.0304194 secs] 311008K->178673K(494976K), 0.0304904 secs] [Times: user=0.04 sys=0.00, real=0.03 secs] 
2018-03-23T16:55:33.482+0000: 372.596: [GC (Allocation Failure) 2018-03-23T16:55:33.482+0000: 372.596: [DefNew: 146787K->5917K(153600K), 0.0197751 secs] 315249K->176794K(494976K), 0.0198415 secs] [Times: user=0.02 sys=0.00, real=0.02 secs] 
2018-03-23T16:55:35.827+0000: 374.941: [GC (Allocation Failure) 2018-03-23T16:55:35.827+0000: 374.941: [DefNew: 142482K->5586K(153600K), 0.0133874 secs] 313359K->176463K(494976K), 0.0134581 secs] [Times: user=0.01 sys=0.00, real=0.02 secs] 
2018-03-23T16:55:38.145+0000: 377.260: [GC (Allocation Failure) 2018-03-23T16:55:38.145+0000: 377.260: [DefNew: 135337K->6280K(153600K), 0.0107607 secs] 306213K->177157K(494976K), 0.0108267 secs] [Times: user=0.00 sys=0.00, real=0.01 secs] 
2018-03-23T16:55:40.294+0000: 379.409: [GC (Allocation Failure) 2018-03-23T16:55:40.294+0000: 379.409: [DefNew: 140344K->7002K(153600K), 0.0195911 secs] 311221K->177879K(494976K), 0.0196645 secs] [Times: user=0.02 sys=0.00, real=0.02 secs] 
2018-03-23T16:55:42.501+0000: 381.615: [GC (Allocation Failure) 2018-03-23T16:55:42.501+0000: 381.615: [DefNew: 142283K->7631K(153600K), 0.0162516 secs] 313160K->178508K(494976K), 0.0163181 secs] [Times: user=0.02 sys=0.00, real=0.02 secs] 
2018-03-23T16:55:44.544+0000: 383.659: [GC (Allocation Failure) 2018-03-23T16:55:44.544+0000: 383.659: [DefNew: 134903K->8386K(153600K), 0.0177824 secs] 305780K->179263K(494976K), 0.0178628 secs] [Times: user=0.02 sys=0.00, real=0.02 secs] 
2018-03-23T16:55:46.602+0000: 385.717: [GC (Allocation Failure) 2018-03-23T16:55:46.602+0000: 385.717: [DefNew: 144962K->11919K(153600K), 0.0361603 secs] 315839K->182796K(494976K), 0.0362324 secs] [Times: user=0.04 sys=0.00, real=0.04 secs] 
2018-03-23T16:55:49.016+0000: 388.130: [GC (Allocation Failure) 2018-03-23T16:55:49.016+0000: 388.130: [DefNew: 141436K->5721K(153600K), 0.0196138 secs] 312313K->179698K(494976K), 0.0196818 secs] [Times: user=0.02 sys=0.00, real=0.02 secs] 
2018-03-23T16:55:50.911+0000: 390.026: [GC (Allocation Failure) 2018-03-23T16:55:50.911+0000: 390.026: [DefNew: 141349K->7319K(153600K), 0.0162924 secs] 315327K->181297K(494976K), 0.0163723 secs] [Times: user=0.02 sys=0.00, real=0.01 secs] 
2018-03-23T16:55:53.212+0000: 392.327: [GC (Allocation Failure) 2018-03-23T16:55:53.212+0000: 392.327: [DefNew: 143020K->7901K(153600K), 0.0170678 secs] 316998K->181879K(494976K), 0.0171441 secs] [Times: user=0.01 sys=0.00, real=0.02 secs] 
2018-03-23T16:55:55.471+0000: 394.585: [GC (Allocation Failure) 2018-03-23T16:55:55.471+0000: 394.585: [DefNew: 140903K->8377K(153600K), 0.0181375 secs] 314880K->182355K(494976K), 0.0182075 secs] [Times: user=0.02 sys=0.00, real=0.02 secs] 
2018-03-23T16:55:57.780+0000: 396.895: [GC (Allocation Failure) 2018-03-23T16:55:57.780+0000: 396.895: [DefNew: 140705K->8691K(153600K), 0.0178735 secs] 314683K->182669K(494976K), 0.0179430 secs] [Times: user=0.01 sys=0.00, real=0.02 secs] 
2018-03-23T16:55:59.661+0000: 398.775: [GC (Allocation Failure) 2018-03-23T16:55:59.661+0000: 398.775: [DefNew: 145267K->8393K(153600K), 0.0119538 secs] 319245K->182823K(494976K), 0.0120926 secs] [Times: user=0.01 sys=0.00, real=0.01 secs] 
2018-03-23T16:56:02.101+0000: 401.215: [GC (Allocation Failure) 2018-03-23T16:56:02.101+0000: 401.215: [DefNew: 144969K->11966K(153600K), 0.0174146 secs] 319399K->186396K(494976K), 0.0174862 secs] [Times: user=0.02 sys=0.00, real=0.02 secs] 
2018-03-23T16:56:04.340+0000: 403.454: [GC (Allocation Failure) 2018-03-23T16:56:04.340+0000: 403.454: [DefNew: 146773K->6116K(153600K), 0.0122012 secs] 321203K->183775K(494976K), 0.0122774 secs] [Times: user=0.01 sys=0.00, real=0.01 secs] 
2018-03-23T16:56:06.614+0000: 405.728: [GC (Allocation Failure) 2018-03-23T16:56:06.614+0000: 405.728: [DefNew: 140575K->6629K(153600K), 0.0086074 secs] 318233K->184288K(494976K), 0.0086780 secs] [Times: user=0.01 sys=0.00, real=0.01 secs] 
2018-03-23T16:56:08.829+0000: 407.943: [GC (Allocation Failure) 2018-03-23T16:56:08.829+0000: 407.943: [DefNew: 143205K->8196K(153600K), 0.0107417 secs] 320864K->185854K(494976K), 0.0108131 secs] [Times: user=0.01 sys=0.00, real=0.01 secs] 
2018-03-23T16:56:11.232+0000: 410.346: [GC (Allocation Failure) 2018-03-23T16:56:11.232+0000: 410.346: [DefNew: 144772K->8467K(153600K), 0.0104666 secs] 322430K->186125K(494976K), 0.0105441 secs] [Times: user=0.01 sys=0.00, real=0.01 secs] 
2018-03-23T16:56:13.362+0000: 412.476: [GC (Allocation Failure) 2018-03-23T16:56:13.362+0000: 412.476: [DefNew: 145043K->9296K(153600K), 0.0134949 secs] 322701K->186954K(494976K), 0.0135544 secs] [Times: user=0.01 sys=0.00, real=0.01 secs] 
2018-03-23T16:56:15.716+0000: 414.831: [GC (Allocation Failure) 2018-03-23T16:56:15.716+0000: 414.831: [DefNew: 139013K->7793K(153600K), 0.0252516 secs] 316671K->186534K(494976K), 0.0253248 secs] [Times: user=0.03 sys=0.00, real=0.02 secs] 
2018-03-23T16:56:17.639+0000: 416.754: [GC (Allocation Failure) 2018-03-23T16:56:17.639+0000: 416.754: [DefNew: 144369K->11510K(153600K), 0.0307465 secs] 323110K->190251K(494976K), 0.0308279 secs] [Times: user=0.03 sys=0.00, real=0.03 secs] 
2018-03-23T16:56:20.073+0000: 419.187: [GC (Allocation Failure) 2018-03-23T16:56:20.073+0000: 419.187: [DefNew: 148086K->9404K(153600K), 0.0175747 secs] 326827K->190915K(494976K), 0.0176477 secs] [Times: user=0.02 sys=0.00, real=0.02 secs] 
2018-03-23T16:56:22.142+0000: 421.257: [GC (Allocation Failure) 2018-03-23T16:56:22.142+0000: 421.257: [DefNew: 136523K->6273K(153600K), 0.0101138 secs] 318034K->188516K(494976K), 0.0101896 secs] [Times: user=0.01 sys=0.00, real=0.01 secs] 
2018-03-23T16:56:24.474+0000: 423.588: [GC (Allocation Failure) 2018-03-23T16:56:24.474+0000: 423.588: [DefNew: 142849K->8656K(153600K), 0.0134705 secs] 325092K->190899K(494976K), 0.0135396 secs] [Times: user=0.01 sys=0.00, real=0.01 secs] 
2018-03-23T16:56:26.710+0000: 425.824: [GC (Allocation Failure) 2018-03-23T16:56:26.710+0000: 425.824: [DefNew: 139450K->7238K(153600K), 0.0185526 secs] 321694K->190038K(494976K), 0.0186232 secs] [Times: user=0.02 sys=0.00, real=0.02 secs] 
2018-03-23T16:56:28.714+0000: 427.828: [GC (Allocation Failure) 2018-03-23T16:56:28.714+0000: 427.828: [DefNew: 136880K->7748K(153600K), 0.0190411 secs] 319680K->190549K(494976K), 0.0191136 secs] [Times: user=0.02 sys=0.00, real=0.02 secs] 
2018-03-23T16:56:31.186+0000: 430.301: [GC (Allocation Failure) 2018-03-23T16:56:31.186+0000: 430.301: [DefNew: 144324K->8137K(153600K), 0.0148575 secs] 327125K->190938K(494976K), 0.0149235 secs] [Times: user=0.01 sys=0.00, real=0.02 secs] 
2018-03-23T16:56:33.348+0000: 432.462: [GC (Allocation Failure) 2018-03-23T16:56:33.348+0000: 432.462: [DefNew: 144713K->9686K(153600K), 0.0258050 secs] 327514K->192487K(494976K), 0.0258748 secs] [Times: user=0.03 sys=0.00, real=0.03 secs] 
2018-03-23T16:56:35.635+0000: 434.749: [GC (Allocation Failure) 2018-03-23T16:56:35.635+0000: 434.749: [DefNew: 140207K->7792K(153600K), 0.0231523 secs] 323008K->192148K(494976K), 0.0232347 secs] [Times: user=0.02 sys=0.00, real=0.03 secs] 
2018-03-23T16:56:37.797+0000: 436.912: [GC (Allocation Failure) 2018-03-23T16:56:37.797+0000: 436.912: [DefNew: 137462K->8501K(153600K), 0.0177622 secs] 321818K->192857K(494976K), 0.0178406 secs] [Times: user=0.01 sys=0.00, real=0.01 secs] 
2018-03-23T16:56:43.947+0000: 443.061: [GC (Allocation Failure) 2018-03-23T16:56:43.947+0000: 443.061: [DefNew: 145077K->14872K(153600K), 0.0213695 secs] 329433K->199229K(494976K), 0.0214400 secs] [Times: user=0.03 sys=0.00, real=0.03 secs] 
2018-03-23T16:57:01.270+0000: 460.385: [GC (Allocation Failure) 2018-03-23T16:57:01.270+0000: 460.385: [DefNew: 151448K->17024K(153600K), 0.0505408 secs] 335805K->218789K(494976K), 0.0506092 secs] [Times: user=0.05 sys=0.00, real=0.05 secs] 
2018-03-23T16:57:17.920+0000: 477.035: [GC (Allocation Failure) 2018-03-23T16:57:17.920+0000: 477.035: [DefNew: 153600K->17024K(153600K), 0.0536727 secs] 355365K->236947K(494976K), 0.0537330 secs] [Times: user=0.04 sys=0.02, real=0.05 secs] 
2018-03-23T16:57:32.053+0000: 491.168: [GC (Allocation Failure) 2018-03-23T16:57:32.053+0000: 491.168: [DefNew: 153600K->17023K(153600K), 0.0559089 secs] 373523K->256765K(494976K), 0.0559782 secs] [Times: user=0.04 sys=0.02, real=0.06 secs] 
2018-03-23T16:57:44.553+0000: 503.667: [GC (Allocation Failure) 2018-03-23T16:57:44.553+0000: 503.667: [DefNew: 153599K->17023K(153600K), 0.0499572 secs] 393341K->275010K(494976K), 0.0500228 secs] [Times: user=0.03 sys=0.01, real=0.05 secs] 
2018-03-23T16:58:00.624+0000: 519.739: [GC (Allocation Failure) 2018-03-23T16:58:00.624+0000: 519.739: [DefNew: 153599K->17023K(153600K), 0.0558074 secs] 411586K->294113K(494976K), 0.0558725 secs] [Times: user=0.04 sys=0.01, real=0.06 secs] 
16:58:11.930 [Client] INFO  c.s.f.r.e.s.SocketRear  - FlameSocketGraphDeployerRear@10.0.0.15: has been disconnected from Connection 8
16:58:22.829 [worker-akka.actor.default-dispatcher-3] INFO  a.a.CoordinatedShutdown CoordinatedShutdown(akka://worker) - Starting coordinated shutdown from JVM shutdown hook
16:58:22.845 [worker-akka.actor.default-dispatcher-14] INFO  a.a.LocalActorRef akka://worker/user/watcher/graph/edge/FlameSocketGraphDeployerRear - Stopped
16:58:22.846 [worker-akka.actor.default-dispatcher-15] INFO  a.a.LocalActorRef akka://worker/user/watcher/graph/negotiator - Stopped
16:58:22.847 [worker-akka.actor.default-dispatcher-2] INFO  a.a.LocalActorRef akka://worker/user/watcher/graph/edge/FlameSocketGraphDeployerFront - Stopped
16:58:22.850 [worker-akka.actor.default-dispatcher-4] INFO  a.a.LocalActorRef akka://worker/user/watcher/graph/graph/$a - Stopped
16:58:22.850 [worker-akka.actor.default-dispatcher-4] INFO  a.a.LocalActorRef akka://worker/user/watcher/graph/graph/$b - Stopped
16:58:22.850 [worker-akka.actor.default-dispatcher-4] INFO  a.a.LocalActorRef akka://worker/user/watcher/graph/graph/$c - Stopped
16:58:22.854 [worker-akka.actor.default-dispatcher-12] INFO  a.a.LocalActorRef akka://worker/user/watcher/graph/edge - Stopped
16:58:22.856 [worker-akka.actor.default-dispatcher-13] INFO  a.a.LocalActorRef akka://worker/user/watcher/graph/graph/local-acker/$a - Stopped
16:58:22.858 [worker-akka.actor.default-dispatcher-13] INFO  a.a.LocalActorRef akka://worker/user/watcher/graph/graph/local-acker - Stopped
16:58:22.858 [worker-akka.actor.default-dispatcher-13] INFO  a.a.LocalActorRef akka://worker/user/watcher/graph/graph - Stopped
16:58:22.859 [worker-akka.actor.default-dispatcher-13] INFO  a.a.LocalActorRef akka://worker/user/watcher/graph - Stopped
16:58:22.859 [worker-akka.actor.default-dispatcher-5] INFO  a.a.RepointableActorRef akka://worker/user/watcher - Stopped
16:58:22.860 [worker-akka.actor.default-dispatcher-5] INFO  a.a.LocalActorRef akka://worker/user/watcher/graph/graph/local-acker/$a - Message [com.spbsu.flamestream.runtime.utils.akka.PingActor$InnerPing] from Actor[akka://worker/user/watcher/graph/graph/local-acker/$a#-808917751] to Actor[akka://worker/user/watcher/graph/graph/local-acker/$a#-808917751] was not delivered. [1] dead letters encountered. This logging can be turned off or adjusted with configuration settings 'akka.log-dead-letters' and 'akka.log-dead-letters-during-shutdown'.
16:58:22.860 [worker-akka.actor.default-dispatcher-5] INFO  a.a.LocalActorRef akka://worker/user/watcher/graph/graph/local-acker/$a - Message [com.spbsu.flamestream.runtime.utils.akka.PingActor$Stop] from Actor[akka://worker/user/watcher/graph/graph/local-acker#-1397468136] to Actor[akka://worker/user/watcher/graph/graph/local-acker/$a#-808917751] was not delivered. [2] dead letters encountered. This logging can be turned off or adjusted with configuration settings 'akka.log-dead-letters' and 'akka.log-dead-letters-during-shutdown'.
16:58:22.861 [worker-akka.actor.default-dispatcher-5] INFO  a.a.LocalActorRef akka://worker/user/watcher/graph/graph/local-acker - Message [com.spbsu.flamestream.runtime.acker.LocalAcker$Flush] from Actor[akka://worker/user/watcher/graph/graph/local-acker/$a#-808917751] to Actor[akka://worker/user/watcher/graph/graph/local-acker#-1397468136] was not delivered. [3] dead letters encountered. This logging can be turned off or adjusted with configuration settings 'akka.log-dead-letters' and 'akka.log-dead-letters-during-shutdown'.
16:58:22.870 [worker-akka.actor.default-dispatcher-7-EventThread] INFO  o.a.z.ClientCnxn  - EventThread shut down for session: 0x16253c2d3b80003
16:58:22.870 [worker-akka.actor.default-dispatcher-13] INFO  o.a.z.ZooKeeper  - Session: 0x16253c2d3b80003 closed
16:58:22.880 [worker-akka.actor.default-dispatcher-18] INFO  a.r.RemoteActorRefProvider$RemotingTerminator akka://worker@10.0.0.15:5412/system/remoting-terminator - Shutting down remote daemon.
16:58:22.881 [worker-akka.actor.default-dispatcher-18] INFO  a.r.RemoteActorRefProvider$RemotingTerminator akka://worker@10.0.0.15:5412/system/remoting-terminator - Remote daemon shut down; proceeding with flushing remote transports.
16:58:23.028 [worker-akka.actor.default-dispatcher-7] INFO  a.r.RemoteActorRefProvider$RemotingTerminator akka://worker@10.0.0.15:5412/system/remoting-terminator - Remoting shut down.
Heap
 def new generation   total 153600K, used 138187K [0x00000000e0c00000, 0x00000000eb2a0000, 0x00000000eb2a0000)
  eden space 136576K,  88% used [0x00000000e0c00000, 0x00000000e8252cb8, 0x00000000e9160000)
  from space 17024K,  99% used [0x00000000ea200000, 0x00000000eb29fff0, 0x00000000eb2a0000)
  to   space 17024K,   0% used [0x00000000e9160000, 0x00000000e9160000, 0x00000000ea200000)
 tenured generation   total 341376K, used 277089K [0x00000000eb2a0000, 0x0000000100000000, 0x0000000100000000)
   the space 341376K,  81% used [0x00000000eb2a0000, 0x00000000fc1385b8, 0x00000000fc138600, 0x0000000100000000)
 Metaspace       used 34006K, capacity 34946K, committed 35200K, reserved 1079296K
  class space    used 4478K, capacity 4664K, committed 4736K, reserved 1048576K
