15:18:48.651 [main] INFO  c.s.f.r.a.WorkerApplication  - Started embedded media driver in directory [/dev/shm/aeron-c291886f-45b2-4c6e-b176-f52bd26e3cd8]
15:18:48.656 [main] INFO  c.s.f.r.a.WorkerApplication  - Starting worker with id: '172.31.39.64', host: '172.31.39.64:5412', zkString: '172.31.34.147:2181'
15:18:49.531 [worker-akka.actor.default-dispatcher-2] INFO  a.e.s.Slf4jLogger  - Slf4jLogger started
2018-02-15T15:18:49.597+0000: 2.378: [Full GC (Metadata GC Threshold) 2018-02-15T15:18:49.597+0000: 2.378: [Tenured: 0K->15265K(341376K), 0.0385784 secs] 114798K->15265K(494976K), [Metaspace: 20898K->20898K(1067008K)], 0.0386420 secs] [Times: user=0.04 sys=0.00, real=0.04 secs] 
15:18:50.134 [worker-akka.actor.default-dispatcher-2] INFO  a.r.a.ArteryTransport(akka://worker) akka.remote.artery.ArteryTransport(akka://worker) - Remoting started; listening on address: [akka://worker@172.31.39.64:5412] with UID [29605527047366530]
15:18:50.193 [worker-akka.actor.default-dispatcher-2] INFO  o.a.z.ZooKeeper  - Client environment:zookeeper.version=3.4.9-1757313, built on 08/23/2016 06:50 GMT
15:18:50.193 [worker-akka.actor.default-dispatcher-2] INFO  o.a.z.ZooKeeper  - Client environment:host.name=ip-172-31-39-64.us-east-2.compute.internal
15:18:50.193 [worker-akka.actor.default-dispatcher-2] INFO  o.a.z.ZooKeeper  - Client environment:java.version=1.8.0_151
15:18:50.193 [worker-akka.actor.default-dispatcher-2] INFO  o.a.z.ZooKeeper  - Client environment:java.vendor=Oracle Corporation
15:18:50.193 [worker-akka.actor.default-dispatcher-2] INFO  o.a.z.ZooKeeper  - Client environment:java.home=/usr/lib/jvm/java-8-openjdk-amd64/jre
15:18:50.193 [worker-akka.actor.default-dispatcher-2] INFO  o.a.z.ZooKeeper  - Client environment:java.class.path=lib/commons-cli-1.4.jar:lib/minlog-1.3.0.jar:lib/asm-5.0.4.jar:lib/hadoop-annotations-2.7.3.jar:lib/hadoop-auth-2.7.3.jar:lib/akka-slf4j_2.11-2.5.6.jar:lib/jersey-core-1.9.jar:lib/lz4-1.3.0.jar:lib/jackson-core-asl-1.9.13.jar:lib/aeron-client-1.3.0.jar:lib/htrace-core-3.1.0-incubating.jar:lib/xz-1.0.jar:lib/commons-httpclient-3.1.jar:lib/asm-3.1.jar:lib/commons-lang3-3.4.jar:lib/scala-library-2.11.11.jar:lib/scala-java8-compat_2.11-0.7.0.jar:lib/commons-configuration-1.6.jar:lib/objenesis-2.1.jar:lib/jackson-annotations-2.8.0.jar:lib/jsr305-3.0.0.jar:lib/curator-framework-2.7.1.jar:lib/jersey-server-1.9.jar:lib/jets3t-0.9.0.jar:lib/leveldb-0.7.jar:lib/jetty-6.1.26.jar:lib/stax-api-1.0-2.jar:lib/flamestream-core-1.0-SNAPSHOT.jar:lib/reflectasm-1.07-shaded.jar:lib/apacheds-kerberos-codec-2.0.0-M15.jar:lib/api-asn1-api-1.0.0-M20.jar:lib/commons-lang-2.6.jar:lib/commons-beanutils-1.7.0.jar:lib/jackson-xc-1.8.3.jar:lib/jetty-util-6.1.26.jar:lib/logback-classic-1.2.3.jar:lib/jool-0.9.12.jar:lib/flamestream-runtime-1.0-SNAPSHOT-tests.jar:lib/httpcore-4.1.2.jar:lib/kryo-4.0.0.jar:lib/ant-1.8.1.jar:lib/jaxb-impl-2.2.3-1.jar:lib/jersey-json-1.9.jar:lib/commons-compress-1.4.1.jar:lib/leveldbjni-all-1.8.jar:lib/paranamer-2.3.jar:lib/jackson-core-2.8.4.jar:lib/commons-math3-3.6.1.jar:lib/scala-parser-combinators_2.11-1.0.4.jar:lib/netty-3.10.6.Final.jar:lib/trove4j-3.0.3.jar:lib/jaxb-api-2.2.2.jar:lib/logback-core-1.2.3.jar:lib/snappy-java-1.0.4.1.jar:lib/protobuf-java-2.5.0.jar:lib/reactive-streams-1.0.1.jar:lib/flamestream-examples-1.0-SNAPSHOT.jar:lib/commons-codec-1.4.jar:lib/activation-1.1.jar:lib/commons-net-3.1.jar:lib/curator-recipes-2.7.1.jar:lib/jackson-mapper-asl-1.9.13.jar:lib/jackson-databind-2.8.4.jar:lib/flamestream-runtime-1.0-SNAPSHOT.jar:lib/jackson-jaxrs-1.8.3.jar:lib/slf4j-api-1.7.24.jar:lib/akka-remote_2.11-2.5.6.jar:lib/akka-testkit_2.11-2.5.6.jar:lib/jline-0.9.94.jar:lib/akka-stream_2.11-2.5.6.jar:lib/jsp-api-2.1.jar:lib/kryonet-2.21.jar:lib/akka-kryo-serialization_2.11-0.5.0.jar:lib/config-1.3.1.jar:lib/ant-launcher-1.8.1.jar:lib/commons-logging-1.2.jar:lib/ssl-config-core_2.11-0.2.2.jar:lib/testng-6.10.jar:lib/guava-19.0.jar:lib/leveldb-api-0.7.jar:lib/reflectasm-1.11.3.jar:lib/jcommander-1.48.jar:lib/commons-1.1.jar:lib/commons-digester-1.8.jar:lib/minlog-1.2.jar:lib/java-xmlbuilder-0.4.jar:lib/jettison-1.1.jar:lib/gson-2.2.4.jar:lib/jdk.tools-1.8.jar:lib/aeron-driver-1.3.0.jar:lib/zookeeper-3.4.9.jar:lib/commons-beanutils-core-1.8.0.jar:lib/commons-math3-3.1.1.jar:lib/akka-actor_2.11-2.5.6.jar:lib/curator-client-2.7.1.jar:lib/servlet-api-2.5.jar:lib/apacheds-i18n-2.0.0-M15.jar:lib/commons-io-2.4.jar:lib/commons-codec-1.6.jar:lib/akka-protobuf_2.11-2.5.6.jar:lib/jdom-2.0.2.jar:lib/api-util-1.0.0-M20.jar:lib/hadoop-common-2.7.3.jar:lib/agrona-0.9.6.jar:lib/xmlenc-0.52.jar:lib/guava-21.0.jar:lib/commons-collections-3.2.2.jar:lib/avro-1.7.4.jar:lib/commons-1.0-SNAPSHOT.jar:lib/httpclient-4.1.2.jar:lib/flamestream-core-1.0-SNAPSHOT-tests.jar:lib/annotations-12.0.jar:lib/jsch-0.1.42.jar:flamestream-runtime-1.0-SNAPSHOT.jar
15:18:50.193 [worker-akka.actor.default-dispatcher-2] INFO  o.a.z.ZooKeeper  - Client environment:java.library.path=/usr/java/packages/lib/amd64:/usr/lib/x86_64-linux-gnu/jni:/lib/x86_64-linux-gnu:/usr/lib/x86_64-linux-gnu:/usr/lib/jni:/lib:/usr/lib
15:18:50.193 [worker-akka.actor.default-dispatcher-2] INFO  o.a.z.ZooKeeper  - Client environment:java.io.tmpdir=/tmp
15:18:50.193 [worker-akka.actor.default-dispatcher-2] INFO  o.a.z.ZooKeeper  - Client environment:java.compiler=<NA>
15:18:50.193 [worker-akka.actor.default-dispatcher-2] INFO  o.a.z.ZooKeeper  - Client environment:os.name=Linux
15:18:50.193 [worker-akka.actor.default-dispatcher-2] INFO  o.a.z.ZooKeeper  - Client environment:os.arch=amd64
15:18:50.194 [worker-akka.actor.default-dispatcher-2] INFO  o.a.z.ZooKeeper  - Client environment:os.version=4.4.0-1049-aws
15:18:50.195 [worker-akka.actor.default-dispatcher-2] INFO  o.a.z.ZooKeeper  - Client environment:user.name=root
15:18:50.195 [worker-akka.actor.default-dispatcher-2] INFO  o.a.z.ZooKeeper  - Client environment:user.home=/root
15:18:50.195 [worker-akka.actor.default-dispatcher-2] INFO  o.a.z.ZooKeeper  - Client environment:user.dir=/opt/flamestream
15:18:50.196 [worker-akka.actor.default-dispatcher-2] INFO  o.a.z.ZooKeeper  - Initiating client connection, connectString=172.31.34.147:2181 sessionTimeout=5000 watcher=com.spbsu.flamestream.runtime.application.LifecycleWatcher$$Lambda$29/1244562033@70f39bc4
15:18:50.215 [worker-akka.actor.default-dispatcher-2] INFO  a.a.RepointableActorRef akka://worker/user/watcher - Starting...
15:18:50.219 [worker-akka.actor.default-dispatcher-2-SendThread(172.31.34.147:2181)] INFO  o.a.z.ClientCnxn  - Opening socket connection to server 172.31.34.147/172.31.34.147:2181. Will not attempt to authenticate using SASL (unknown error)
15:18:50.222 [worker-akka.actor.default-dispatcher-2-SendThread(172.31.34.147:2181)] INFO  o.a.z.ClientCnxn  - Socket connection established to 172.31.34.147/172.31.34.147:2181, initiating session
15:18:50.227 [worker-akka.actor.default-dispatcher-2-SendThread(172.31.34.147:2181)] INFO  o.a.z.ClientCnxn  - Session establishment complete on server 172.31.34.147/172.31.34.147:2181, sessionid = 0x1619a0ace950003, negotiated timeout = 6000
15:18:50.306 [worker-akka.actor.default-dispatcher-2] INFO  a.a.RepointableActorRef akka://worker/user/watcher - Connected to ZK
15:18:59.312 [worker-akka.actor.default-dispatcher-2] INFO  a.a.RepointableActorRef akka://worker/user/watcher - Creating node with watchGraphs: 'com.spbsu.flamestream.core.Graph$Builder$MyGraph@3e3ea6e9', config: 'ClusterConfig{paths={172.31.33.155=akka://worker@172.31.33.155:5412/user/watcher/graph0000000000, 172.31.47.83=akka://worker@172.31.47.83:5412/user/watcher/graph0000000000, 172.31.45.197=akka://worker@172.31.45.197:5412/user/watcher/graph0000000000, 172.31.42.36=akka://worker@172.31.42.36:5412/user/watcher/graph0000000000, 172.31.44.83=akka://worker@172.31.44.83:5412/user/watcher/graph0000000000, 172.31.39.64=akka://worker@172.31.39.64:5412/user/watcher/graph0000000000, 172.31.35.79=akka://worker@172.31.35.79:5412/user/watcher/graph0000000000, 172.31.34.169=akka://worker@172.31.34.169:5412/user/watcher/graph0000000000, 172.31.47.100=akka://worker@172.31.47.100:5412/user/watcher/graph0000000000, 172.31.37.101=akka://worker@172.31.37.101:5412/user/watcher/graph0000000000}, ackerLocation='172.31.35.79', props=ComputationLayout{ranges={172.31.33.155=HashRange{from=1670265056, to=2147483644}, 172.31.47.83=HashRange{from=715827880, to=1193046468}, 172.31.45.197=HashRange{from=-1670265060, to=-1193046472}, 172.31.42.36=HashRange{from=238609292, to=715827880}, 172.31.44.83=HashRange{from=-1193046472, to=-715827884}, 172.31.39.64=HashRange{from=-238609296, to=238609292}, 172.31.35.79=HashRange{from=0, to=0}, 172.31.34.169=HashRange{from=1193046468, to=1670265056}, 172.31.47.100=HashRange{from=-715827884, to=-238609296}, 172.31.37.101=HashRange{from=-2147483648, to=-1670265060}}}}'
15:19:00.238 [worker-akka.actor.default-dispatcher-2] INFO  a.a.LocalActorRef akka://worker/user/watcher/graph0000000000/graph - Starting...
15:19:00.240 [worker-akka.actor.default-dispatcher-2] INFO  a.a.LocalActorRef akka://worker/user/watcher/graph0000000000/graph/local-acker/$a - Starting...
15:19:00.240 [worker-akka.actor.default-dispatcher-2] INFO  a.a.LocalActorRef akka://worker/user/watcher/graph0000000000/graph/local-acker - Starting...
Warning: space is running low in /dev/shm (tmpfs) threshold=167,772,160 usable=158,621,696
Warning: space is running low in /dev/shm (tmpfs) threshold=167,772,160 usable=146,034,688
Warning: space is running low in /dev/shm (tmpfs) threshold=167,772,160 usable=133,447,680
Warning: space is running low in /dev/shm (tmpfs) threshold=167,772,160 usable=120,860,672
Warning: space is running low in /dev/shm (tmpfs) threshold=167,772,160 usable=108,273,664
Warning: space is running low in /dev/shm (tmpfs) threshold=167,772,160 usable=95,686,656
Warning: space is running low in /dev/shm (tmpfs) threshold=167,772,160 usable=83,099,648
Warning: space is running low in /dev/shm (tmpfs) threshold=167,772,160 usable=70,512,640
15:19:01.732 [worker-akka.actor.default-dispatcher-2] INFO  a.a.LocalActorRef akka://worker/user/watcher/graph0000000000/graph - Finishing constructor
15:19:01.733 [worker-akka.actor.default-dispatcher-2] INFO  a.a.LocalActorRef akka://worker/user/watcher/graph0000000000 - Starting...
15:19:01.734 [worker-akka.actor.default-dispatcher-2] INFO  a.a.LocalActorRef akka://worker/user/watcher/graph0000000000/negotiator - Starting...
15:19:01.809 [worker-akka.actor.default-dispatcher-2] INFO  a.a.LocalActorRef akka://worker/user/watcher/graph0000000000/edge - Starting...
15:19:01.811 [worker-akka.actor.default-dispatcher-2] INFO  a.a.LocalActorRef akka://worker/user/watcher/graph0000000000/graph/$a - Starting...
15:19:01.812 [worker-akka.actor.default-dispatcher-2] INFO  a.a.LocalActorRef akka://worker/user/watcher/graph0000000000/graph/$b - Starting...
15:19:01.813 [worker-akka.actor.default-dispatcher-2] INFO  a.a.LocalActorRef akka://worker/user/watcher/graph0000000000/graph/$c - Starting...
15:19:01.836 [worker-akka.actor.default-dispatcher-2] INFO  c.s.f.r.e.s.SocketRear  - FlameSocketGraphDeployerRear@172.31.39.64: connecting to 172.31.34.147:5678
15:19:01.843 [worker-akka.actor.default-dispatcher-2] INFO  c.s.f.r.e.s.SocketRear  - FlameSocketGraphDeployerRear@172.31.39.64: connected to 172.31.34.147:5678
2018-02-15T15:19:01.852+0000: 14.633: [GC (Allocation Failure) 2018-02-15T15:19:01.852+0000: 14.633: [DefNew: 126535K->17024K(153600K), 0.0188849 secs] 141801K->43127K(494976K), 0.0189405 secs] [Times: user=0.02 sys=0.00, real=0.02 secs] 
15:19:01.887 [worker-akka.actor.default-dispatcher-2] INFO  a.a.LocalActorRef akka://worker/user/watcher/graph0000000000/edge/FlameSocketGraphDeployerRear - Starting...
15:19:01.890 [worker-akka.actor.default-dispatcher-2] INFO  a.a.LocalActorRef akka://worker/user/watcher/graph0000000000/edge/FlameSocketGraphDeployerFront - Starting...
15:19:01.891 [worker-akka.actor.default-dispatcher-2] INFO  a.a.LocalActorRef akka://worker/user/watcher/graph0000000000/negotiator - Requesting ticket for the frontClass FlameSocketGraphDeployerFront@172.31.39.64
15:19:01.898 [worker-akka.actor.default-dispatcher-2] INFO  a.a.LocalActorRef akka://worker/user/watcher/graph0000000000/negotiator - Ticket for the frontClass received: FrontTicket{allowedTimestamp=(1518707939299, FlameSocketGraphDeployerFront@172.31.39.64)}
15:19:01.899 [worker-akka.actor.default-dispatcher-2] INFO  c.s.f.r.e.s.SocketFront  - FlameSocketGraphDeployerFront@172.31.39.64: connecting to 172.31.34.147:4567
15:19:01.923 [Client] INFO  c.s.f.r.e.s.SocketFront  - FlameSocketGraphDeployerFront@172.31.39.64 has been disconnected from Connection 7
2018-02-15T15:19:16.493+0000: 29.274: [GC (Allocation Failure) 2018-02-15T15:19:16.493+0000: 29.274: [DefNew: 153600K->3805K(153600K), 0.1047993 secs] 179703K->66425K(494976K), 0.1048747 secs] [Times: user=0.01 sys=0.10, real=0.11 secs] 
2018-02-15T15:19:34.358+0000: 47.139: [GC (Allocation Failure) 2018-02-15T15:19:34.358+0000: 47.139: [DefNew: 140381K->6041K(153600K), 0.0128398 secs] 203001K->68661K(494976K), 0.0129101 secs] [Times: user=0.01 sys=0.00, real=0.01 secs] 
2018-02-15T15:19:49.894+0000: 62.675: [GC (Allocation Failure) 2018-02-15T15:19:49.894+0000: 62.675: [DefNew: 142617K->7326K(153600K), 0.0167388 secs] 205237K->69946K(494976K), 0.0168060 secs] [Times: user=0.02 sys=0.00, real=0.02 secs] 
2018-02-15T15:20:07.363+0000: 80.143: [GC (Allocation Failure) 2018-02-15T15:20:07.363+0000: 80.143: [DefNew: 143902K->9079K(153600K), 0.0161805 secs] 206522K->71699K(494976K), 0.0162585 secs] [Times: user=0.02 sys=0.00, real=0.02 secs] 
2018-02-15T15:20:19.095+0000: 91.875: [GC (Allocation Failure) 2018-02-15T15:20:19.095+0000: 91.875: [DefNew: 145655K->8496K(153600K), 0.0180276 secs] 208275K->72759K(494976K), 0.0181023 secs] [Times: user=0.02 sys=0.00, real=0.02 secs] 
2018-02-15T15:20:37.193+0000: 109.974: [GC (Allocation Failure) 2018-02-15T15:20:37.193+0000: 109.974: [DefNew: 145072K->9523K(153600K), 0.0155558 secs] 209335K->73786K(494976K), 0.0156229 secs] [Times: user=0.01 sys=0.00, real=0.02 secs] 
2018-02-15T15:20:57.886+0000: 130.667: [GC (Allocation Failure) 2018-02-15T15:20:57.886+0000: 130.667: [DefNew: 146099K->10062K(153600K), 0.0316080 secs] 210362K->75474K(494976K), 0.0316768 secs] [Times: user=0.01 sys=0.02, real=0.03 secs] 
2018-02-15T15:21:20.792+0000: 153.573: [GC (Allocation Failure) 2018-02-15T15:21:20.792+0000: 153.573: [DefNew: 146638K->8854K(153600K), 0.0212499 secs] 212050K->76532K(494976K), 0.0213315 secs] [Times: user=0.02 sys=0.00, real=0.02 secs] 
2018-02-15T15:21:36.447+0000: 169.227: [GC (Allocation Failure) 2018-02-15T15:21:36.447+0000: 169.228: [DefNew: 145430K->8928K(153600K), 0.0169672 secs] 213108K->77907K(494976K), 0.0170319 secs] [Times: user=0.01 sys=0.00, real=0.02 secs] 
2018-02-15T15:21:58.529+0000: 191.310: [GC (Allocation Failure) 2018-02-15T15:21:58.529+0000: 191.310: [DefNew: 145504K->9100K(153600K), 0.0170475 secs] 214483K->79185K(494976K), 0.0171180 secs] [Times: user=0.02 sys=0.00, real=0.02 secs] 
2018-02-15T15:22:20.778+0000: 213.558: [GC (Allocation Failure) 2018-02-15T15:22:20.778+0000: 213.558: [DefNew: 145676K->9090K(153600K), 0.0169998 secs] 215761K->80431K(494976K), 0.0170688 secs] [Times: user=0.02 sys=0.00, real=0.01 secs] 
2018-02-15T15:22:38.906+0000: 231.686: [GC (Allocation Failure) 2018-02-15T15:22:38.906+0000: 231.687: [DefNew: 145666K->8852K(153600K), 0.0172620 secs] 217007K->81775K(494976K), 0.0173425 secs] [Times: user=0.02 sys=0.00, real=0.01 secs] 
2018-02-15T15:22:55.264+0000: 248.044: [GC (Allocation Failure) 2018-02-15T15:22:55.264+0000: 248.044: [DefNew: 145428K->8559K(153600K), 0.0266550 secs] 218351K->82705K(494976K), 0.0267331 secs] [Times: user=0.00 sys=0.02, real=0.02 secs] 
2018-02-15T15:23:18.790+0000: 271.570: [GC (Allocation Failure) 2018-02-15T15:23:18.790+0000: 271.571: [DefNew: 145135K->8911K(153600K), 0.0176494 secs] 219281K->84235K(494976K), 0.0177127 secs] [Times: user=0.02 sys=0.00, real=0.02 secs] 
2018-02-15T15:23:37.846+0000: 290.627: [GC (Allocation Failure) 2018-02-15T15:23:37.846+0000: 290.627: [DefNew: 145487K->9250K(153600K), 0.0171319 secs] 220811K->85592K(494976K), 0.0171981 secs] [Times: user=0.02 sys=0.00, real=0.01 secs] 
2018-02-15T15:23:57.994+0000: 310.775: [GC (Allocation Failure) 2018-02-15T15:23:57.994+0000: 310.775: [DefNew: 145826K->9464K(153600K), 0.0181586 secs] 222168K->86894K(494976K), 0.0182336 secs] [Times: user=0.01 sys=0.00, real=0.02 secs] 
2018-02-15T15:24:18.523+0000: 331.304: [GC (Allocation Failure) 2018-02-15T15:24:18.523+0000: 331.304: [DefNew: 146040K->10054K(153600K), 0.0181945 secs] 223470K->88406K(494976K), 0.0182721 secs] [Times: user=0.02 sys=0.00, real=0.02 secs] 
2018-02-15T15:24:41.974+0000: 354.755: [GC (Allocation Failure) 2018-02-15T15:24:41.974+0000: 354.755: [DefNew: 146630K->8699K(153600K), 0.0193410 secs] 224982K->89547K(494976K), 0.0194074 secs] [Times: user=0.02 sys=0.00, real=0.02 secs] 
2018-02-15T15:25:00.564+0000: 373.345: [GC (Allocation Failure) 2018-02-15T15:25:00.564+0000: 373.345: [DefNew: 145275K->8882K(153600K), 0.0170426 secs] 226123K->91055K(494976K), 0.0171284 secs] [Times: user=0.00 sys=0.01, real=0.01 secs] 
2018-02-15T15:25:17.572+0000: 390.353: [GC (Allocation Failure) 2018-02-15T15:25:17.572+0000: 390.353: [DefNew: 145458K->8599K(153600K), 0.0301972 secs] 227631K->92173K(494976K), 0.0302715 secs] [Times: user=0.00 sys=0.03, real=0.03 secs] 
2018-02-15T15:25:31.591+0000: 404.372: [GC (Allocation Failure) 2018-02-15T15:25:31.591+0000: 404.372: [DefNew: 145175K->8494K(153600K), 0.0162860 secs] 228749K->93334K(494976K), 0.0163644 secs] [Times: user=0.02 sys=0.00, real=0.02 secs] 
2018-02-15T15:25:50.133+0000: 422.914: [GC (Allocation Failure) 2018-02-15T15:25:50.133+0000: 422.914: [DefNew: 145070K->10745K(153600K), 0.0164177 secs] 229910K->95584K(494976K), 0.0164874 secs] [Times: user=0.02 sys=0.00, real=0.02 secs] 
2018-02-15T15:26:06.331+0000: 439.111: [GC (Allocation Failure) 2018-02-15T15:26:06.331+0000: 439.111: [DefNew: 147321K->9802K(153600K), 0.0195330 secs] 232160K->96983K(494976K), 0.0196075 secs] [Times: user=0.02 sys=0.01, real=0.02 secs] 
2018-02-15T15:26:24.482+0000: 457.263: [GC (Allocation Failure) 2018-02-15T15:26:24.482+0000: 457.263: [DefNew: 146378K->7547K(153600K), 0.0179771 secs] 233559K->98137K(494976K), 0.0180537 secs] [Times: user=0.02 sys=0.00, real=0.02 secs] 
2018-02-15T15:26:45.018+0000: 477.798: [GC (Allocation Failure) 2018-02-15T15:26:45.018+0000: 477.798: [DefNew: 144123K->9569K(153600K), 0.0160703 secs] 234713K->100159K(494976K), 0.0161573 secs] [Times: user=0.02 sys=0.00, real=0.01 secs] 
2018-02-15T15:27:04.224+0000: 497.005: [GC (Allocation Failure) 2018-02-15T15:27:04.225+0000: 497.005: [DefNew: 146145K->9754K(153600K), 0.0178306 secs] 236735K->101452K(494976K), 0.0179023 secs] [Times: user=0.01 sys=0.00, real=0.01 secs] 
2018-02-15T15:27:21.744+0000: 514.524: [GC (Allocation Failure) 2018-02-15T15:27:21.744+0000: 514.525: [DefNew: 146330K->9927K(153600K), 0.0179221 secs] 238028K->102836K(494976K), 0.0179924 secs] [Times: user=0.02 sys=0.00, real=0.01 secs] 
2018-02-15T15:27:38.750+0000: 531.531: [GC (Allocation Failure) 2018-02-15T15:27:38.750+0000: 531.531: [DefNew: 146503K->9929K(153600K), 0.0179889 secs] 239412K->104146K(494976K), 0.0180547 secs] [Times: user=0.02 sys=0.00, real=0.02 secs] 
2018-02-15T15:27:58.136+0000: 550.917: [GC (Allocation Failure) 2018-02-15T15:27:58.136+0000: 550.917: [DefNew: 146505K->10083K(153600K), 0.0188559 secs] 240722K->105720K(494976K), 0.0189289 secs] [Times: user=0.02 sys=0.00, real=0.01 secs] 
2018-02-15T15:28:17.267+0000: 570.048: [GC (Allocation Failure) 2018-02-15T15:28:17.267+0000: 570.048: [DefNew: 146659K->8610K(153600K), 0.0180010 secs] 242296K->106728K(494976K), 0.0180845 secs] [Times: user=0.01 sys=0.00, real=0.02 secs] 
2018-02-15T15:28:34.437+0000: 587.218: [GC (Allocation Failure) 2018-02-15T15:28:34.437+0000: 587.218: [DefNew: 145186K->8746K(153600K), 0.0166829 secs] 243304K->108339K(494976K), 0.0167488 secs] [Times: user=0.02 sys=0.00, real=0.01 secs] 
2018-02-15T15:28:50.863+0000: 603.644: [GC (Allocation Failure) 2018-02-15T15:28:50.863+0000: 603.644: [DefNew: 145322K->9033K(153600K), 0.0170368 secs] 244915K->110110K(494976K), 0.0171186 secs] [Times: user=0.01 sys=0.01, real=0.02 secs] 
2018-02-15T15:29:08.717+0000: 621.498: [GC (Allocation Failure) 2018-02-15T15:29:08.717+0000: 621.498: [DefNew: 145609K->9015K(153600K), 0.0200376 secs] 246686K->111584K(494976K), 0.0201106 secs] [Times: user=0.02 sys=0.00, real=0.02 secs] 
2018-02-15T15:29:26.166+0000: 638.947: [GC (Allocation Failure) 2018-02-15T15:29:26.166+0000: 638.947: [DefNew: 145591K->8958K(153600K), 0.0179345 secs] 248160K->113091K(494976K), 0.0180017 secs] [Times: user=0.01 sys=0.01, real=0.02 secs] 
2018-02-15T15:29:47.755+0000: 660.536: [GC (Allocation Failure) 2018-02-15T15:29:47.755+0000: 660.536: [DefNew: 145534K->9074K(153600K), 0.0157081 secs] 249667K->114658K(494976K), 0.0157737 secs] [Times: user=0.02 sys=0.00, real=0.01 secs] 
2018-02-15T15:30:02.057+0000: 674.838: [GC (Allocation Failure) 2018-02-15T15:30:02.057+0000: 674.838: [DefNew: 145650K->8926K(153600K), 0.0163460 secs] 251234K->116062K(494976K), 0.0164115 secs] [Times: user=0.02 sys=0.00, real=0.01 secs] 
2018-02-15T15:30:19.817+0000: 692.598: [GC (Allocation Failure) 2018-02-15T15:30:19.817+0000: 692.598: [DefNew: 145502K->9787K(153600K), 0.0195735 secs] 252638K->118359K(494976K), 0.0196449 secs] [Times: user=0.02 sys=0.01, real=0.02 secs] 
2018-02-15T15:30:37.063+0000: 709.843: [GC (Allocation Failure) 2018-02-15T15:30:37.063+0000: 709.843: [DefNew: 146363K->9705K(153600K), 0.0174681 secs] 254935K->119676K(494976K), 0.0175485 secs] [Times: user=0.01 sys=0.00, real=0.02 secs] 
2018-02-15T15:30:52.701+0000: 725.482: [GC (Allocation Failure) 2018-02-15T15:30:52.701+0000: 725.482: [DefNew: 146281K->9423K(153600K), 0.0173875 secs] 256252K->121146K(494976K), 0.0174834 secs] [Times: user=0.01 sys=0.00, real=0.02 secs] 
15:31:03.231 [Client] INFO  c.s.f.r.e.s.SocketRear  - FlameSocketGraphDeployerRear@172.31.39.64: has been disconnected from Connection 7
15:35:44.290 [worker-akka.actor.default-dispatcher-2] INFO  a.a.CoordinatedShutdown CoordinatedShutdown(akka://worker) - Starting coordinated shutdown from JVM shutdown hook
15:35:44.325 [worker-akka.actor.default-dispatcher-2] INFO  a.a.LocalActorRef akka://worker/user/watcher/graph0000000000/negotiator - Stopped
15:35:44.328 [worker-akka.actor.default-dispatcher-2] INFO  a.a.LocalActorRef akka://worker/user/watcher/graph0000000000/edge/FlameSocketGraphDeployerFront - Stopped
15:35:44.329 [worker-akka.actor.default-dispatcher-2] INFO  a.a.LocalActorRef akka://worker/user/watcher/graph0000000000/edge/FlameSocketGraphDeployerRear - Stopped
15:35:44.330 [worker-akka.actor.default-dispatcher-2] INFO  a.a.LocalActorRef akka://worker/user/watcher/graph0000000000/graph/$a - Stopped
15:35:44.332 [worker-akka.actor.default-dispatcher-2] INFO  a.a.LocalActorRef akka://worker/user/watcher/graph0000000000/graph/$b - Stopped
15:35:44.334 [worker-akka.actor.default-dispatcher-2] INFO  a.a.LocalActorRef akka://worker/user/watcher/graph0000000000/graph/$c - Stopped
15:35:44.334 [worker-akka.actor.default-dispatcher-2] INFO  a.a.LocalActorRef akka://worker/user/watcher/graph0000000000/graph/local-acker/$a - Stopped
15:35:44.338 [worker-akka.actor.default-dispatcher-2] INFO  a.a.LocalActorRef akka://worker/user/watcher/graph0000000000/graph/local-acker/$a - Message [com.spbsu.flamestream.runtime.utils.akka.PingActor$InnerPing] from Actor[akka://worker/user/watcher/graph0000000000/graph/local-acker/$a#-37373098] to Actor[akka://worker/user/watcher/graph0000000000/graph/local-acker/$a#-37373098] was not delivered. [1] dead letters encountered. This logging can be turned off or adjusted with configuration settings 'akka.log-dead-letters' and 'akka.log-dead-letters-during-shutdown'.
15:35:44.340 [worker-akka.actor.default-dispatcher-2] INFO  a.a.LocalActorRef akka://worker/user/watcher/graph0000000000/edge - Stopped
15:35:44.340 [worker-akka.actor.default-dispatcher-2] INFO  a.a.LocalActorRef akka://worker/user/watcher/graph0000000000/graph/local-acker - Stopped
15:35:44.340 [worker-akka.actor.default-dispatcher-2] INFO  a.a.LocalActorRef akka://worker/user/watcher/graph0000000000/graph - Stopped
15:35:44.340 [worker-akka.actor.default-dispatcher-2] INFO  a.a.LocalActorRef akka://worker/user/watcher/graph0000000000 - Stopped
15:35:44.344 [worker-akka.actor.default-dispatcher-2-EventThread] INFO  o.a.z.ClientCnxn  - EventThread shut down for session: 0x1619a0ace950003
15:35:44.344 [worker-akka.actor.default-dispatcher-2] INFO  o.a.z.ZooKeeper  - Session: 0x1619a0ace950003 closed
15:35:44.345 [worker-akka.actor.default-dispatcher-2] INFO  a.a.RepointableActorRef akka://worker/user/watcher - Stopped
15:35:44.346 [worker-akka.actor.default-dispatcher-2] INFO  a.a.LocalActorRef akka://worker/user/watcher/graph0000000000/graph/local-acker/$a - Message [com.spbsu.flamestream.runtime.utils.akka.PingActor$Stop] from Actor[akka://worker/user/watcher/graph0000000000/graph/local-acker#784506938] to Actor[akka://worker/user/watcher/graph0000000000/graph/local-acker/$a#-37373098] was not delivered. [2] dead letters encountered. This logging can be turned off or adjusted with configuration settings 'akka.log-dead-letters' and 'akka.log-dead-letters-during-shutdown'.
15:35:44.346 [worker-akka.actor.default-dispatcher-2] INFO  a.a.LocalActorRef akka://worker/user/watcher/graph0000000000/graph/local-acker - Message [com.spbsu.flamestream.runtime.acker.LocalAcker$Flush] from Actor[akka://worker/user/watcher/graph0000000000/graph/local-acker#784506938] to Actor[akka://worker/user/watcher/graph0000000000/graph/local-acker#784506938] was not delivered. [3] dead letters encountered. This logging can be turned off or adjusted with configuration settings 'akka.log-dead-letters' and 'akka.log-dead-letters-during-shutdown'.
15:35:44.347 [worker-akka.actor.default-dispatcher-2] INFO  a.a.LocalActorRef akka://worker/user/watcher/graph0000000000/graph/local-acker - Message [com.spbsu.flamestream.runtime.acker.LocalAcker$Flush] from Actor[akka://worker/user/watcher/graph0000000000/graph/local-acker#784506938] to Actor[akka://worker/user/watcher/graph0000000000/graph/local-acker#784506938] was not delivered. [4] dead letters encountered. This logging can be turned off or adjusted with configuration settings 'akka.log-dead-letters' and 'akka.log-dead-letters-during-shutdown'.
15:35:44.347 [worker-akka.actor.default-dispatcher-2] INFO  a.a.LocalActorRef akka://worker/user/watcher/graph0000000000/graph/local-acker - Message [com.spbsu.flamestream.runtime.acker.LocalAcker$Flush] from Actor[akka://worker/user/watcher/graph0000000000/graph/local-acker#784506938] to Actor[akka://worker/user/watcher/graph0000000000/graph/local-acker#784506938] was not delivered. [5] dead letters encountered. This logging can be turned off or adjusted with configuration settings 'akka.log-dead-letters' and 'akka.log-dead-letters-during-shutdown'.
15:35:44.359 [worker-akka.actor.default-dispatcher-2] INFO  a.r.RemoteActorRefProvider$RemotingTerminator akka://worker@172.31.39.64:5412/system/remoting-terminator - Shutting down remote daemon.
15:35:44.363 [worker-akka.actor.default-dispatcher-2] INFO  a.r.RemoteActorRefProvider$RemotingTerminator akka://worker@172.31.39.64:5412/system/remoting-terminator - Remote daemon shut down; proceeding with flushing remote transports.
15:35:45.469 [worker-akka.actor.default-dispatcher-2] INFO  a.r.RemoteActorRefProvider$RemotingTerminator akka://worker@172.31.39.64:5412/system/remoting-terminator - Remoting shut down.
Attempts of event 'shuffle-send' - 0
Attempts of event 'front-receive-send' - 0
Attempts of event 'inject-out' - 531483
Attempts of event 'sink-receive' - 536587
Attempts of event 'flatmap-receive' - 1104
Attempts of event 'fm-send' - 565015
Attempts of event 'rear-in' - 530379
Attempts of event 'flatmap-send' - 565015
2018-02-15T15:35:45.569+0000: 1018.349: [GC (Allocation Failure) 2018-02-15T15:35:45.569+0000: 1018.349: [DefNew: 145999K->9529K(153600K), 0.0185163 secs] 257722K->122717K(494976K), 0.0185796 secs] [Times: user=0.01 sys=0.00, real=0.02 secs] 
Attempts of event 'inject-in' - 531483
Attempts of event 'wrong-ordering-filter-receive' - 536587
Attempts of event 'accept-in' - 0
Attempts of event 'grouping-receive' - 1066966
Heap
 def new generation   total 153600K, used 21539K [0x00000000e0c00000, 0x00000000eb2a0000, 0x00000000eb2a0000)
  eden space 136576K,   8% used [0x00000000e0c00000, 0x00000000e17ba528, 0x00000000e9160000)
  from space 17024K,  55% used [0x00000000ea200000, 0x00000000eab4e768, 0x00000000eb2a0000)
  to   space 17024K,   0% used [0x00000000e9160000, 0x00000000e9160000, 0x00000000ea200000)
 tenured generation   total 341376K, used 113187K [0x00000000eb2a0000, 0x0000000100000000, 0x0000000100000000)
   the space 341376K,  33% used [0x00000000eb2a0000, 0x00000000f2128e88, 0x00000000f2129000, 0x0000000100000000)
 Metaspace       used 33506K, capacity 34294K, committed 34688K, reserved 1079296K
  class space    used 4453K, capacity 4624K, committed 4736K, reserved 1048576K
