14:54:17.757 [worker-akka.actor.default-dispatcher-2] INFO  a.e.s.Slf4jLogger  - Slf4jLogger started
2018-02-16T14:54:17.890+0000: 1.898: [Full GC (Metadata GC Threshold) 2018-02-16T14:54:17.890+0000: 1.898: [Tenured: 0K->15404K(341376K), 0.0378687 secs] 117538K->15404K(494976K), [Metaspace: 20870K->20870K(1067008K)], 0.0379364 secs] [Times: user=0.04 sys=0.00, real=0.04 secs] 
Ama winner
Ama winner
14:54:18.293 [worker-akka.actor.default-dispatcher-2] INFO  a.r.a.ArteryTransport(akka://worker) akka.remote.artery.ArteryTransport(akka://worker) - Started embedded media driver in directory [/dev/shm/aeron-root-worker-dc21c801-3e31-4c86-a414-1a7309fbf82a]
14:54:18.504 [worker-akka.actor.default-dispatcher-2] INFO  a.r.a.ArteryTransport(akka://worker) akka.remote.artery.ArteryTransport(akka://worker) - Remoting started; listening on address: [akka://worker@172.31.47.100:5412] with UID [4037412899460890780]
14:54:18.606 [worker-akka.actor.default-dispatcher-2] INFO  o.a.z.ZooKeeper  - Client environment:zookeeper.version=3.4.9-1757313, built on 08/23/2016 06:50 GMT
14:54:18.606 [worker-akka.actor.default-dispatcher-2] INFO  o.a.z.ZooKeeper  - Client environment:host.name=ip-172-31-47-100.us-east-2.compute.internal
14:54:18.607 [worker-akka.actor.default-dispatcher-2] INFO  o.a.z.ZooKeeper  - Client environment:java.version=1.8.0_151
14:54:18.607 [worker-akka.actor.default-dispatcher-2] INFO  o.a.z.ZooKeeper  - Client environment:java.vendor=Oracle Corporation
14:54:18.607 [worker-akka.actor.default-dispatcher-2] INFO  o.a.z.ZooKeeper  - Client environment:java.home=/usr/lib/jvm/java-8-openjdk-amd64/jre
14:54:18.607 [worker-akka.actor.default-dispatcher-2] INFO  o.a.z.ZooKeeper  - Client environment:java.class.path=lib/commons-cli-1.4.jar:lib/minlog-1.3.0.jar:lib/asm-5.0.4.jar:lib/hadoop-annotations-2.7.3.jar:lib/hadoop-auth-2.7.3.jar:lib/akka-slf4j_2.11-2.5.6.jar:lib/jersey-core-1.9.jar:lib/lz4-1.3.0.jar:lib/jackson-core-asl-1.9.13.jar:lib/aeron-client-1.3.0.jar:lib/htrace-core-3.1.0-incubating.jar:lib/xz-1.0.jar:lib/commons-httpclient-3.1.jar:lib/asm-3.1.jar:lib/commons-lang3-3.4.jar:lib/scala-library-2.11.11.jar:lib/scala-java8-compat_2.11-0.7.0.jar:lib/commons-configuration-1.6.jar:lib/objenesis-2.1.jar:lib/jackson-annotations-2.8.0.jar:lib/jsr305-3.0.0.jar:lib/curator-framework-2.7.1.jar:lib/jersey-server-1.9.jar:lib/jets3t-0.9.0.jar:lib/leveldb-0.7.jar:lib/jetty-6.1.26.jar:lib/stax-api-1.0-2.jar:lib/flamestream-core-1.0-SNAPSHOT.jar:lib/reflectasm-1.07-shaded.jar:lib/apacheds-kerberos-codec-2.0.0-M15.jar:lib/api-asn1-api-1.0.0-M20.jar:lib/commons-lang-2.6.jar:lib/commons-beanutils-1.7.0.jar:lib/jackson-xc-1.8.3.jar:lib/jetty-util-6.1.26.jar:lib/logback-classic-1.2.3.jar:lib/jool-0.9.12.jar:lib/flamestream-runtime-1.0-SNAPSHOT-tests.jar:lib/httpcore-4.1.2.jar:lib/kryo-4.0.0.jar:lib/ant-1.8.1.jar:lib/jaxb-impl-2.2.3-1.jar:lib/jersey-json-1.9.jar:lib/commons-compress-1.4.1.jar:lib/leveldbjni-all-1.8.jar:lib/paranamer-2.3.jar:lib/jackson-core-2.8.4.jar:lib/commons-math3-3.6.1.jar:lib/scala-parser-combinators_2.11-1.0.4.jar:lib/netty-3.10.6.Final.jar:lib/trove4j-3.0.3.jar:lib/jaxb-api-2.2.2.jar:lib/logback-core-1.2.3.jar:lib/snappy-java-1.0.4.1.jar:lib/protobuf-java-2.5.0.jar:lib/reactive-streams-1.0.1.jar:lib/flamestream-examples-1.0-SNAPSHOT.jar:lib/commons-codec-1.4.jar:lib/activation-1.1.jar:lib/commons-net-3.1.jar:lib/curator-recipes-2.7.1.jar:lib/jackson-mapper-asl-1.9.13.jar:lib/jackson-databind-2.8.4.jar:lib/flamestream-runtime-1.0-SNAPSHOT.jar:lib/jackson-jaxrs-1.8.3.jar:lib/slf4j-api-1.7.24.jar:lib/akka-remote_2.11-2.5.6.jar:lib/akka-testkit_2.11-2.5.6.jar:lib/jline-0.9.94.jar:lib/akka-stream_2.11-2.5.6.jar:lib/jsp-api-2.1.jar:lib/kryonet-2.21.jar:lib/akka-kryo-serialization_2.11-0.5.0.jar:lib/config-1.3.1.jar:lib/ant-launcher-1.8.1.jar:lib/commons-logging-1.2.jar:lib/ssl-config-core_2.11-0.2.2.jar:lib/testng-6.10.jar:lib/leveldb-api-0.7.jar:lib/reflectasm-1.11.3.jar:lib/jcommander-1.48.jar:lib/commons-1.1.jar:lib/commons-digester-1.8.jar:lib/minlog-1.2.jar:lib/java-xmlbuilder-0.4.jar:lib/jettison-1.1.jar:lib/gson-2.2.4.jar:lib/jdk.tools-1.8.jar:lib/aeron-driver-1.3.0.jar:lib/zookeeper-3.4.9.jar:lib/commons-beanutils-core-1.8.0.jar:lib/commons-math3-3.1.1.jar:lib/akka-actor_2.11-2.5.6.jar:lib/curator-client-2.7.1.jar:lib/servlet-api-2.5.jar:lib/apacheds-i18n-2.0.0-M15.jar:lib/commons-io-2.4.jar:lib/commons-codec-1.6.jar:lib/akka-protobuf_2.11-2.5.6.jar:lib/protobuf-java-3.5.1.jar:lib/jdom-2.0.2.jar:lib/api-util-1.0.0-M20.jar:lib/hadoop-common-2.7.3.jar:lib/agrona-0.9.6.jar:lib/xmlenc-0.52.jar:lib/guava-21.0.jar:lib/commons-collections-3.2.2.jar:lib/avro-1.7.4.jar:lib/httpclient-4.1.2.jar:lib/flamestream-core-1.0-SNAPSHOT-tests.jar:lib/annotations-12.0.jar:lib/jsch-0.1.42.jar:flamestream-runtime-1.0-SNAPSHOT.jar
14:54:18.607 [worker-akka.actor.default-dispatcher-2] INFO  o.a.z.ZooKeeper  - Client environment:java.library.path=/usr/java/packages/lib/amd64:/usr/lib/x86_64-linux-gnu/jni:/lib/x86_64-linux-gnu:/usr/lib/x86_64-linux-gnu:/usr/lib/jni:/lib:/usr/lib
14:54:18.607 [worker-akka.actor.default-dispatcher-2] INFO  o.a.z.ZooKeeper  - Client environment:java.io.tmpdir=/tmp
14:54:18.607 [worker-akka.actor.default-dispatcher-2] INFO  o.a.z.ZooKeeper  - Client environment:java.compiler=<NA>
14:54:18.607 [worker-akka.actor.default-dispatcher-2] INFO  o.a.z.ZooKeeper  - Client environment:os.name=Linux
14:54:18.607 [worker-akka.actor.default-dispatcher-2] INFO  o.a.z.ZooKeeper  - Client environment:os.arch=amd64
14:54:18.607 [worker-akka.actor.default-dispatcher-2] INFO  o.a.z.ZooKeeper  - Client environment:os.version=4.4.0-1049-aws
14:54:18.608 [worker-akka.actor.default-dispatcher-2] INFO  o.a.z.ZooKeeper  - Client environment:user.name=root
14:54:18.609 [worker-akka.actor.default-dispatcher-2] INFO  o.a.z.ZooKeeper  - Client environment:user.home=/root
14:54:18.609 [worker-akka.actor.default-dispatcher-2] INFO  o.a.z.ZooKeeper  - Client environment:user.dir=/opt/flamestream
14:54:18.612 [worker-akka.actor.default-dispatcher-2] INFO  o.a.z.ZooKeeper  - Initiating client connection, connectString=172.31.34.147:2181 sessionTimeout=5000 watcher=com.spbsu.flamestream.runtime.application.LifecycleWatcher$$Lambda$29/764839090@3d5d5f13
14:54:18.645 [worker-akka.actor.default-dispatcher-2] INFO  a.a.RepointableActorRef akka://worker/user/watcher - Starting...
14:54:18.646 [worker-akka.actor.default-dispatcher-2-SendThread(172.31.34.147:2181)] INFO  o.a.z.ClientCnxn  - Opening socket connection to server 172.31.34.147/172.31.34.147:2181. Will not attempt to authenticate using SASL (unknown error)
14:54:18.652 [worker-akka.actor.default-dispatcher-2-SendThread(172.31.34.147:2181)] INFO  o.a.z.ClientCnxn  - Socket connection established to 172.31.34.147/172.31.34.147:2181, initiating session
14:54:18.661 [worker-akka.actor.default-dispatcher-2-SendThread(172.31.34.147:2181)] INFO  o.a.z.ClientCnxn  - Session establishment complete on server 172.31.34.147/172.31.34.147:2181, sessionid = 0x1619f1aca190004, negotiated timeout = 6000
14:54:18.750 [worker-akka.actor.default-dispatcher-2] INFO  a.a.RepointableActorRef akka://worker/user/watcher - Connected to ZK
14:54:30.565 [worker-akka.actor.default-dispatcher-2] INFO  a.a.RepointableActorRef akka://worker/user/watcher - Creating node with watchGraphs: 'com.spbsu.flamestream.core.Graph$Builder$MyGraph@4084ed8a', config: 'ClusterConfig{paths={172.31.33.155=akka://worker@172.31.33.155:5412/user/watcher/graph0000000000, 172.31.47.83=akka://worker@172.31.47.83:5412/user/watcher/graph0000000000, 172.31.45.197=akka://worker@172.31.45.197:5412/user/watcher/graph0000000000, 172.31.42.36=akka://worker@172.31.42.36:5412/user/watcher/graph0000000000, 172.31.44.83=akka://worker@172.31.44.83:5412/user/watcher/graph0000000000, 172.31.39.64=akka://worker@172.31.39.64:5412/user/watcher/graph0000000000, 172.31.35.79=akka://worker@172.31.35.79:5412/user/watcher/graph0000000000, 172.31.34.169=akka://worker@172.31.34.169:5412/user/watcher/graph0000000000, 172.31.47.100=akka://worker@172.31.47.100:5412/user/watcher/graph0000000000, 172.31.37.101=akka://worker@172.31.37.101:5412/user/watcher/graph0000000000}, ackerLocation='172.31.35.79', props=ComputationLayout{ranges={172.31.33.155=HashRange{from=-1670265060, to=-1193046472}, 172.31.47.83=HashRange{from=1670265056, to=2147483644}, 172.31.45.197=HashRange{from=-715827884, to=-238609296}, 172.31.42.36=HashRange{from=1193046468, to=1670265056}, 172.31.44.83=HashRange{from=-238609296, to=238609292}, 172.31.39.64=HashRange{from=715827880, to=1193046468}, 172.31.35.79=HashRange{from=0, to=0}, 172.31.34.169=HashRange{from=-2147483648, to=-1670265060}, 172.31.47.100=HashRange{from=238609292, to=715827880}, 172.31.37.101=HashRange{from=-1193046472, to=-715827884}}}}'
14:54:31.282 [worker-akka.actor.default-dispatcher-2] INFO  a.a.LocalActorRef akka://worker/user/watcher/graph0000000000/graph - Starting...
14:54:31.287 [worker-akka.actor.default-dispatcher-2] INFO  a.a.LocalActorRef akka://worker/user/watcher/graph0000000000/graph/local-acker - Starting...
14:54:31.287 [worker-akka.actor.default-dispatcher-2] INFO  a.a.LocalActorRef akka://worker/user/watcher/graph0000000000/graph/local-acker/$a - Starting...
Warning: space is running low in /dev/shm (tmpfs) threshold=167,772,160 usable=158,621,696
Warning: space is running low in /dev/shm (tmpfs) threshold=167,772,160 usable=146,034,688
Warning: space is running low in /dev/shm (tmpfs) threshold=167,772,160 usable=133,447,680
Warning: space is running low in /dev/shm (tmpfs) threshold=167,772,160 usable=120,860,672
Warning: space is running low in /dev/shm (tmpfs) threshold=167,772,160 usable=108,273,664
Warning: space is running low in /dev/shm (tmpfs) threshold=167,772,160 usable=95,686,656
Warning: space is running low in /dev/shm (tmpfs) threshold=167,772,160 usable=83,099,648
Warning: space is running low in /dev/shm (tmpfs) threshold=167,772,160 usable=70,512,640
14:54:33.022 [worker-akka.actor.default-dispatcher-2] INFO  a.a.LocalActorRef akka://worker/user/watcher/graph0000000000 - Starting...
14:54:33.023 [worker-akka.actor.default-dispatcher-2] INFO  a.a.LocalActorRef akka://worker/user/watcher/graph0000000000/graph - Finishing constructor
14:54:33.024 [worker-akka.actor.default-dispatcher-2] INFO  a.a.LocalActorRef akka://worker/user/watcher/graph0000000000/negotiator - Starting...
14:54:33.025 [worker-akka.actor.default-dispatcher-2] INFO  a.a.LocalActorRef akka://worker/user/watcher/graph0000000000/edge - Starting...
14:54:33.113 [worker-akka.actor.default-dispatcher-2] INFO  c.s.f.r.e.s.SocketRear  - FlameSocketGraphDeployerRear@172.31.47.100: connecting to 172.31.34.147:5678
14:54:33.119 [worker-akka.actor.default-dispatcher-2] INFO  c.s.f.r.e.s.SocketRear  - FlameSocketGraphDeployerRear@172.31.47.100: connected to 172.31.34.147:5678
2018-02-16T14:54:33.126+0000: 17.134: [GC (Allocation Failure) 2018-02-16T14:54:33.126+0000: 17.134: [DefNew: 122488K->17024K(153600K), 0.0187641 secs] 137892K->43149K(494976K), 0.0188203 secs] [Times: user=0.02 sys=0.00, real=0.02 secs] 
14:54:33.166 [worker-akka.actor.default-dispatcher-2] INFO  a.a.LocalActorRef akka://worker/user/watcher/graph0000000000/graph/$a - Starting...
14:54:33.179 [worker-akka.actor.default-dispatcher-2] INFO  a.a.LocalActorRef akka://worker/user/watcher/graph0000000000/graph/$b - Starting...
14:54:33.180 [worker-akka.actor.default-dispatcher-2] INFO  a.a.LocalActorRef akka://worker/user/watcher/graph0000000000/graph/$c - Starting...
14:54:33.181 [worker-akka.actor.default-dispatcher-2] INFO  a.a.LocalActorRef akka://worker/user/watcher/graph0000000000/edge/FlameSocketGraphDeployerRear - Starting...
14:54:33.181 [worker-akka.actor.default-dispatcher-2] INFO  a.a.LocalActorRef akka://worker/user/watcher/graph0000000000/edge/FlameSocketGraphDeployerFront - Starting...
14:54:33.182 [worker-akka.actor.default-dispatcher-2] INFO  a.a.LocalActorRef akka://worker/user/watcher/graph0000000000/negotiator - Requesting ticket for the frontClass FlameSocketGraphDeployerFront@172.31.47.100
14:54:33.183 [worker-akka.actor.default-dispatcher-2] INFO  a.a.LocalActorRef akka://worker/user/watcher/graph0000000000/negotiator - Ticket for the frontClass received: FrontTicket{allowedTimestamp=(1518792870514, FlameSocketGraphDeployerFront@172.31.47.100)}
14:54:33.186 [worker-akka.actor.default-dispatcher-2] INFO  c.s.f.r.e.s.SocketFront  - FlameSocketGraphDeployerFront@172.31.47.100: connecting to 172.31.34.147:4567
14:54:33.204 [Client] INFO  c.s.f.r.e.s.SocketFront  - FlameSocketGraphDeployerFront@172.31.47.100 has been disconnected from Connection 9
2018-02-16T14:54:43.605+0000: 27.613: [GC (Allocation Failure) 2018-02-16T14:54:43.605+0000: 27.613: [DefNew: 153600K->3533K(153600K), 0.0671848 secs] 179725K->66177K(494976K), 0.0672503 secs] [Times: user=0.01 sys=0.05, real=0.07 secs] 
2018-02-16T14:54:57.326+0000: 41.334: [GC (Allocation Failure) 2018-02-16T14:54:57.326+0000: 41.334: [DefNew: 140109K->5448K(153600K), 0.0130198 secs] 202753K->68091K(494976K), 0.0130867 secs] [Times: user=0.00 sys=0.00, real=0.02 secs] 
2018-02-16T14:55:10.818+0000: 54.827: [GC (Allocation Failure) 2018-02-16T14:55:10.818+0000: 54.827: [DefNew: 142024K->7544K(153600K), 0.0172316 secs] 204667K->70188K(494976K), 0.0172940 secs] [Times: user=0.01 sys=0.00, real=0.02 secs] 
2018-02-16T14:55:21.846+0000: 65.854: [GC (Allocation Failure) 2018-02-16T14:55:21.846+0000: 65.854: [DefNew: 144120K->9443K(153600K), 0.0160548 secs] 206764K->72087K(494976K), 0.0161230 secs] [Times: user=0.02 sys=0.00, real=0.02 secs] 
2018-02-16T14:55:34.537+0000: 78.545: [GC (Allocation Failure) 2018-02-16T14:55:34.537+0000: 78.545: [DefNew: 146019K->8987K(153600K), 0.0184835 secs] 208663K->73164K(494976K), 0.0185493 secs] [Times: user=0.02 sys=0.00, real=0.02 secs] 
2018-02-16T14:55:46.633+0000: 90.641: [GC (Allocation Failure) 2018-02-16T14:55:46.633+0000: 90.641: [DefNew: 145563K->8948K(153600K), 0.0174604 secs] 209740K->74440K(494976K), 0.0175234 secs] [Times: user=0.02 sys=0.00, real=0.02 secs] 
2018-02-16T14:56:01.876+0000: 105.884: [GC (Allocation Failure) 2018-02-16T14:56:01.876+0000: 105.884: [DefNew: 145524K->8582K(153600K), 0.0174795 secs] 211016K->75529K(494976K), 0.0175470 secs] [Times: user=0.02 sys=0.00, real=0.01 secs] 
2018-02-16T14:56:16.633+0000: 120.641: [GC (Allocation Failure) 2018-02-16T14:56:16.633+0000: 120.641: [DefNew: 145158K->8977K(153600K), 0.0171650 secs] 212105K->77297K(494976K), 0.0172373 secs] [Times: user=0.02 sys=0.00, real=0.02 secs] 
2018-02-16T14:56:28.810+0000: 132.819: [GC (Allocation Failure) 2018-02-16T14:56:28.810+0000: 132.819: [DefNew: 145553K->9001K(153600K), 0.0190457 secs] 213873K->78676K(494976K), 0.0191185 secs] [Times: user=0.02 sys=0.00, real=0.02 secs] 
2018-02-16T14:56:44.149+0000: 148.157: [GC (Allocation Failure) 2018-02-16T14:56:44.149+0000: 148.157: [DefNew: 145577K->9110K(153600K), 0.0167362 secs] 215252K->79878K(494976K), 0.0167977 secs] [Times: user=0.02 sys=0.00, real=0.01 secs] 
2018-02-16T14:56:58.174+0000: 162.183: [GC (Allocation Failure) 2018-02-16T14:56:58.174+0000: 162.183: [DefNew: 145686K->9493K(153600K), 0.0350561 secs] 216454K->81417K(494976K), 0.0351246 secs] [Times: user=0.03 sys=0.00, real=0.04 secs] 
2018-02-16T14:57:13.185+0000: 177.193: [GC (Allocation Failure) 2018-02-16T14:57:13.185+0000: 177.193: [DefNew: 146069K->9153K(153600K), 0.0178451 secs] 217993K->82665K(494976K), 0.0179105 secs] [Times: user=0.01 sys=0.00, real=0.02 secs] 
2018-02-16T14:57:27.508+0000: 191.517: [GC (Allocation Failure) 2018-02-16T14:57:27.508+0000: 191.517: [DefNew: 145729K->9269K(153600K), 0.0170625 secs] 219241K->83971K(494976K), 0.0171393 secs] [Times: user=0.02 sys=0.00, real=0.01 secs] 
2018-02-16T14:57:41.986+0000: 205.994: [GC (Allocation Failure) 2018-02-16T14:57:41.986+0000: 205.994: [DefNew: 145845K->9589K(153600K), 0.0185711 secs] 220547K->85492K(494976K), 0.0186351 secs] [Times: user=0.02 sys=0.01, real=0.02 secs] 
2018-02-16T14:57:53.310+0000: 217.319: [GC (Allocation Failure) 2018-02-16T14:57:53.311+0000: 217.319: [DefNew: 146165K->9257K(153600K), 0.0164808 secs] 222068K->86234K(494976K), 0.0165629 secs] [Times: user=0.02 sys=0.00, real=0.02 secs] 
2018-02-16T14:58:07.076+0000: 231.084: [GC (Allocation Failure) 2018-02-16T14:58:07.076+0000: 231.084: [DefNew: 145833K->9439K(153600K), 0.0175411 secs] 222810K->87752K(494976K), 0.0176169 secs] [Times: user=0.02 sys=0.00, real=0.01 secs] 
2018-02-16T14:58:19.808+0000: 243.816: [GC (Allocation Failure) 2018-02-16T14:58:19.808+0000: 243.816: [DefNew: 146015K->9626K(153600K), 0.0216077 secs] 224328K->89178K(494976K), 0.0216814 secs] [Times: user=0.01 sys=0.01, real=0.02 secs] 
2018-02-16T14:58:35.345+0000: 259.354: [GC (Allocation Failure) 2018-02-16T14:58:35.345+0000: 259.354: [DefNew: 146202K->9546K(153600K), 0.0174737 secs] 225754K->90274K(494976K), 0.0175543 secs] [Times: user=0.02 sys=0.00, real=0.02 secs] 
2018-02-16T14:58:47.792+0000: 271.800: [GC (Allocation Failure) 2018-02-16T14:58:47.792+0000: 271.800: [DefNew: 146122K->8504K(153600K), 0.0202975 secs] 226850K->91409K(494976K), 0.0203670 secs] [Times: user=0.02 sys=0.01, real=0.02 secs] 
2018-02-16T14:59:00.804+0000: 284.812: [GC (Allocation Failure) 2018-02-16T14:59:00.804+0000: 284.812: [DefNew: 145080K->9826K(153600K), 0.0162610 secs] 227985K->92732K(494976K), 0.0163233 secs] [Times: user=0.01 sys=0.00, real=0.02 secs] 
2018-02-16T14:59:12.715+0000: 296.723: [GC (Allocation Failure) 2018-02-16T14:59:12.715+0000: 296.723: [DefNew: 146402K->9653K(153600K), 0.0202841 secs] 229308K->94882K(494976K), 0.0203580 secs] [Times: user=0.02 sys=0.00, real=0.02 secs] 
2018-02-16T14:59:25.006+0000: 309.015: [GC (Allocation Failure) 2018-02-16T14:59:25.006+0000: 309.015: [DefNew: 146229K->10076K(153600K), 0.0180099 secs] 231458K->96372K(494976K), 0.0180900 secs] [Times: user=0.01 sys=0.00, real=0.02 secs] 
2018-02-16T14:59:36.342+0000: 320.351: [GC (Allocation Failure) 2018-02-16T14:59:36.342+0000: 320.351: [DefNew: 146652K->10172K(153600K), 0.0189198 secs] 232948K->97892K(494976K), 0.0189845 secs] [Times: user=0.02 sys=0.00, real=0.02 secs] 
2018-02-16T14:59:47.355+0000: 331.363: [GC (Allocation Failure) 2018-02-16T14:59:47.355+0000: 331.363: [DefNew: 146748K->7570K(153600K), 0.0180248 secs] 234468K->98951K(494976K), 0.0181024 secs] [Times: user=0.02 sys=0.00, real=0.02 secs] 
2018-02-16T15:00:01.197+0000: 345.206: [GC (Allocation Failure) 2018-02-16T15:00:01.197+0000: 345.206: [DefNew: 144146K->9267K(153600K), 0.0151227 secs] 235527K->100648K(494976K), 0.0151885 secs] [Times: user=0.02 sys=0.00, real=0.01 secs] 
2018-02-16T15:00:14.301+0000: 358.309: [GC (Allocation Failure) 2018-02-16T15:00:14.301+0000: 358.309: [DefNew: 145843K->9352K(153600K), 0.0171693 secs] 237224K->101919K(494976K), 0.0172302 secs] [Times: user=0.01 sys=0.00, real=0.02 secs] 
2018-02-16T15:00:25.652+0000: 369.661: [GC (Allocation Failure) 2018-02-16T15:00:25.652+0000: 369.661: [DefNew: 145928K->10188K(153600K), 0.0189105 secs] 238495K->103845K(494976K), 0.0189722 secs] [Times: user=0.02 sys=0.00, real=0.02 secs] 
2018-02-16T15:00:39.875+0000: 383.883: [GC (Allocation Failure) 2018-02-16T15:00:39.875+0000: 383.883: [DefNew: 146764K->8759K(153600K), 0.0185467 secs] 240421K->105024K(494976K), 0.0186079 secs] [Times: user=0.02 sys=0.00, real=0.01 secs] 
2018-02-16T15:00:52.468+0000: 396.476: [GC (Allocation Failure) 2018-02-16T15:00:52.468+0000: 396.476: [DefNew: 145335K->8536K(153600K), 0.0175867 secs] 241600K->106355K(494976K), 0.0176504 secs] [Times: user=0.02 sys=0.00, real=0.01 secs] 
2018-02-16T15:01:06.101+0000: 410.109: [GC (Allocation Failure) 2018-02-16T15:01:06.101+0000: 410.109: [DefNew: 145112K->8966K(153600K), 0.0158107 secs] 242931K->108182K(494976K), 0.0158721 secs] [Times: user=0.01 sys=0.00, real=0.02 secs] 
2018-02-16T15:01:17.234+0000: 421.242: [GC (Allocation Failure) 2018-02-16T15:01:17.234+0000: 421.242: [DefNew: 145542K->8909K(153600K), 0.0164233 secs] 244758K->109723K(494976K), 0.0164865 secs] [Times: user=0.01 sys=0.00, real=0.02 secs] 
2018-02-16T15:01:30.002+0000: 434.010: [GC (Allocation Failure) 2018-02-16T15:01:30.002+0000: 434.010: [DefNew: 145485K->9075K(153600K), 0.0179231 secs] 246299K->111661K(494976K), 0.0179878 secs] [Times: user=0.01 sys=0.01, real=0.02 secs] 
2018-02-16T15:01:42.022+0000: 446.030: [GC (Allocation Failure) 2018-02-16T15:01:42.022+0000: 446.030: [DefNew: 145651K->9420K(153600K), 0.0179337 secs] 248237K->113392K(494976K), 0.0180172 secs] [Times: user=0.01 sys=0.00, real=0.02 secs] 
2018-02-16T15:01:55.954+0000: 459.963: [GC (Allocation Failure) 2018-02-16T15:01:55.954+0000: 459.963: [DefNew: 145996K->9443K(153600K), 0.0163838 secs] 249968K->115010K(494976K), 0.0164583 secs] [Times: user=0.02 sys=0.00, real=0.02 secs] 
2018-02-16T15:02:06.198+0000: 470.207: [GC (Allocation Failure) 2018-02-16T15:02:06.198+0000: 470.207: [DefNew: 146019K->8719K(153600K), 0.0229533 secs] 251586K->116028K(494976K), 0.0230159 secs] [Times: user=0.01 sys=0.01, real=0.02 secs] 
2018-02-16T15:02:20.054+0000: 484.062: [GC (Allocation Failure) 2018-02-16T15:02:20.054+0000: 484.062: [DefNew: 145295K->9550K(153600K), 0.0171388 secs] 252604K->118265K(494976K), 0.0172056 secs] [Times: user=0.02 sys=0.00, real=0.02 secs] 
2018-02-16T15:02:32.580+0000: 496.589: [GC (Allocation Failure) 2018-02-16T15:02:32.580+0000: 496.589: [DefNew: 146126K->9574K(153600K), 0.0168673 secs] 254841K->119715K(494976K), 0.0169327 secs] [Times: user=0.01 sys=0.00, real=0.02 secs] 
2018-02-16T15:02:41.685+0000: 505.694: [GC (Allocation Failure) 2018-02-16T15:02:41.686+0000: 505.694: [DefNew: 146150K->9535K(153600K), 0.0165395 secs] 256291K->121201K(494976K), 0.0166016 secs] [Times: user=0.02 sys=0.00, real=0.02 secs] 
2018-02-16T15:02:56.076+0000: 520.085: [GC (Allocation Failure) 2018-02-16T15:02:56.076+0000: 520.085: [DefNew: 146111K->9726K(153600K), 0.0175816 secs] 257777K->123048K(494976K), 0.0176498 secs] [Times: user=0.01 sys=0.01, real=0.01 secs] 
2018-02-16T15:03:07.784+0000: 531.793: [GC (Allocation Failure) 2018-02-16T15:03:07.784+0000: 531.793: [DefNew: 146302K->9952K(153600K), 0.0165833 secs] 259624K->124598K(494976K), 0.0166474 secs] [Times: user=0.02 sys=0.00, real=0.02 secs] 
15:03:09.997 [Client] INFO  c.s.f.r.e.s.SocketRear  - FlameSocketGraphDeployerRear@172.31.47.100: has been disconnected from Connection 9
15:03:30.634 [worker-akka.actor.default-dispatcher-2] INFO  a.a.CoordinatedShutdown CoordinatedShutdown(akka://worker) - Starting coordinated shutdown from JVM shutdown hook
15:03:30.673 [worker-akka.actor.default-dispatcher-2] INFO  a.a.LocalActorRef akka://worker/user/watcher/graph0000000000/negotiator - Stopped
15:03:30.674 [worker-akka.actor.default-dispatcher-2] INFO  a.a.LocalActorRef akka://worker/user/watcher/graph0000000000/edge/FlameSocketGraphDeployerFront - Stopped
15:03:30.674 [worker-akka.actor.default-dispatcher-2] INFO  a.a.LocalActorRef akka://worker/user/watcher/graph0000000000/graph/local-acker/$a - Stopped
15:03:30.675 [worker-akka.actor.default-dispatcher-2] INFO  a.a.LocalActorRef akka://worker/user/watcher/graph0000000000/edge/FlameSocketGraphDeployerRear - Stopped
15:03:30.676 [worker-akka.actor.default-dispatcher-2] INFO  a.a.LocalActorRef akka://worker/user/watcher/graph0000000000/graph/$a - Stopped
15:03:30.677 [worker-akka.actor.default-dispatcher-2] INFO  a.a.LocalActorRef akka://worker/user/watcher/graph0000000000/graph/$b - Stopped
15:03:30.677 [worker-akka.actor.default-dispatcher-2] INFO  a.a.LocalActorRef akka://worker/user/watcher/graph0000000000/graph/$c - Stopped
15:03:30.681 [worker-akka.actor.default-dispatcher-2] INFO  a.a.LocalActorRef akka://worker/user/watcher/graph0000000000/edge - Stopped
15:03:30.681 [worker-akka.actor.default-dispatcher-2] INFO  a.a.LocalActorRef akka://worker/user/watcher/graph0000000000/graph/local-acker/$a - Message [com.spbsu.flamestream.runtime.utils.akka.PingActor$InnerPing] from Actor[akka://worker/user/watcher/graph0000000000/graph/local-acker/$a#-1288497738] to Actor[akka://worker/user/watcher/graph0000000000/graph/local-acker/$a#-1288497738] was not delivered. [1] dead letters encountered. This logging can be turned off or adjusted with configuration settings 'akka.log-dead-letters' and 'akka.log-dead-letters-during-shutdown'.
15:03:30.682 [worker-akka.actor.default-dispatcher-2] INFO  a.a.LocalActorRef akka://worker/user/watcher/graph0000000000/graph/local-acker - Stopped
15:03:30.683 [worker-akka.actor.default-dispatcher-2] INFO  a.a.LocalActorRef akka://worker/user/watcher/graph0000000000/graph/local-acker/$a - Message [com.spbsu.flamestream.runtime.utils.akka.PingActor$Stop] from Actor[akka://worker/user/watcher/graph0000000000/graph/local-acker#798656612] to Actor[akka://worker/user/watcher/graph0000000000/graph/local-acker/$a#-1288497738] was not delivered. [2] dead letters encountered. This logging can be turned off or adjusted with configuration settings 'akka.log-dead-letters' and 'akka.log-dead-letters-during-shutdown'.
15:03:30.684 [worker-akka.actor.default-dispatcher-2] INFO  a.a.LocalActorRef akka://worker/user/watcher/graph0000000000/graph/local-acker - Message [com.spbsu.flamestream.runtime.acker.LocalAcker$Flush] from Actor[akka://worker/user/watcher/graph0000000000/graph/local-acker#798656612] to Actor[akka://worker/user/watcher/graph0000000000/graph/local-acker#798656612] was not delivered. [3] dead letters encountered. This logging can be turned off or adjusted with configuration settings 'akka.log-dead-letters' and 'akka.log-dead-letters-during-shutdown'.
15:03:30.685 [worker-akka.actor.default-dispatcher-2] INFO  a.a.LocalActorRef akka://worker/user/watcher/graph0000000000/graph/local-acker - Message [com.spbsu.flamestream.runtime.acker.LocalAcker$Flush] from Actor[akka://worker/user/watcher/graph0000000000/graph/local-acker#798656612] to Actor[akka://worker/user/watcher/graph0000000000/graph/local-acker#798656612] was not delivered. [4] dead letters encountered. This logging can be turned off or adjusted with configuration settings 'akka.log-dead-letters' and 'akka.log-dead-letters-during-shutdown'.
15:03:30.685 [worker-akka.actor.default-dispatcher-2] INFO  a.a.LocalActorRef akka://worker/user/watcher/graph0000000000/graph/local-acker - Message [com.spbsu.flamestream.runtime.acker.LocalAcker$Flush] from Actor[akka://worker/user/watcher/graph0000000000/graph/local-acker#798656612] to Actor[akka://worker/user/watcher/graph0000000000/graph/local-acker#798656612] was not delivered. [5] dead letters encountered. This logging can be turned off or adjusted with configuration settings 'akka.log-dead-letters' and 'akka.log-dead-letters-during-shutdown'.
15:03:30.686 [worker-akka.actor.default-dispatcher-2] INFO  a.a.LocalActorRef akka://worker/user/watcher/graph0000000000/graph - Stopped
15:03:30.687 [worker-akka.actor.default-dispatcher-2] INFO  a.a.LocalActorRef akka://worker/user/watcher/graph0000000000 - Stopped
15:03:30.689 [worker-akka.actor.default-dispatcher-2-EventThread] INFO  o.a.z.ClientCnxn  - EventThread shut down for session: 0x1619f1aca190004
15:03:30.690 [worker-akka.actor.default-dispatcher-2] INFO  o.a.z.ZooKeeper  - Session: 0x1619f1aca190004 closed
15:03:30.691 [worker-akka.actor.default-dispatcher-2] INFO  a.a.RepointableActorRef akka://worker/user/watcher - Stopped
15:03:30.711 [worker-akka.actor.default-dispatcher-2] INFO  a.r.RemoteActorRefProvider$RemotingTerminator akka://worker@172.31.47.100:5412/system/remoting-terminator - Shutting down remote daemon.
15:03:30.717 [worker-akka.actor.default-dispatcher-2] INFO  a.r.RemoteActorRefProvider$RemotingTerminator akka://worker@172.31.47.100:5412/system/remoting-terminator - Remote daemon shut down; proceeding with flushing remote transports.
15:03:31.867 [worker-akka.actor.default-dispatcher-2] INFO  a.r.RemoteActorRefProvider$RemotingTerminator akka://worker@172.31.47.100:5412/system/remoting-terminator - Remoting shut down.
Attempts of event 'shuffle-send' - 0
Attempts of event 'front-receive-send' - 0
Attempts of event 'inject-out' - 546607
Attempts of event 'sink-receive' - 557799
Attempts of event 'flatmap-receive' - 1092
Attempts of event 'fm-send' - 545203
Attempts of event 'rear-in' - 545515
Attempts of event 'flatmap-send' - 545203
Attempts of event 'inject-in' - 546607
Attempts of event 'wrong-ordering-filter-receive' - 557799
Attempts of event 'accept-in' - 0
Attempts of event 'grouping-receive' - 1103314
Heap
 def new generation   total 153600K, used 75228K [0x00000000e0c00000, 0x00000000eb2a0000, 0x00000000eb2a0000)
  eden space 136576K,  47% used [0x00000000e0c00000, 0x00000000e4bbf0c0, 0x00000000e9160000)
  from space 17024K,  58% used [0x00000000ea200000, 0x00000000eabb81c0, 0x00000000eb2a0000)
  to   space 17024K,   0% used [0x00000000e9160000, 0x00000000e9160000, 0x00000000ea200000)
 tenured generation   total 341376K, used 114645K [0x00000000eb2a0000, 0x0000000100000000, 0x0000000100000000)
   the space 341376K,  33% used [0x00000000eb2a0000, 0x00000000f2295668, 0x00000000f2295800, 0x0000000100000000)
 Metaspace       used 33487K, capacity 34286K, committed 34688K, reserved 1079296K
  class space    used 4454K, capacity 4622K, committed 4736K, reserved 1048576K
