12:29:36.347 [worker-akka.actor.default-dispatcher-2] INFO  a.e.s.Slf4jLogger  - Slf4jLogger started
2018-02-19T12:29:36.524+0000: 2.584: [Full GC (Metadata GC Threshold) 2018-02-19T12:29:36.524+0000: 2.584: [Tenured: 0K->15491K(341376K), 0.0377364 secs] 117538K->15491K(494976K), [Metaspace: 20933K->20933K(1067008K)], 0.0377998 secs] [Times: user=0.03 sys=0.00, real=0.04 secs] 
Ama winner
Ama winner
12:29:36.982 [worker-akka.actor.default-dispatcher-2] INFO  a.r.a.ArteryTransport(akka://worker) akka.remote.artery.ArteryTransport(akka://worker) - Started embedded media driver in directory [/dev/shm/aeron-root-worker-2b570f2d-6c34-41e3-9865-915f306a7429]
12:29:37.194 [worker-akka.actor.default-dispatcher-2] INFO  a.r.a.ArteryTransport(akka://worker) akka.remote.artery.ArteryTransport(akka://worker) - Remoting started; listening on address: [akka://worker@172.31.44.83:5412] with UID [-314686307784235904]
12:29:37.299 [worker-akka.actor.default-dispatcher-2] INFO  o.a.z.ZooKeeper  - Client environment:zookeeper.version=3.4.9-1757313, built on 08/23/2016 06:50 GMT
12:29:37.299 [worker-akka.actor.default-dispatcher-2] INFO  o.a.z.ZooKeeper  - Client environment:host.name=ip-172-31-44-83.us-east-2.compute.internal
12:29:37.300 [worker-akka.actor.default-dispatcher-2] INFO  o.a.z.ZooKeeper  - Client environment:java.version=1.8.0_151
12:29:37.300 [worker-akka.actor.default-dispatcher-2] INFO  o.a.z.ZooKeeper  - Client environment:java.vendor=Oracle Corporation
12:29:37.300 [worker-akka.actor.default-dispatcher-2] INFO  o.a.z.ZooKeeper  - Client environment:java.home=/usr/lib/jvm/java-8-openjdk-amd64/jre
12:29:37.300 [worker-akka.actor.default-dispatcher-2] INFO  o.a.z.ZooKeeper  - Client environment:java.class.path=lib/commons-cli-1.4.jar:lib/minlog-1.3.0.jar:lib/asm-5.0.4.jar:lib/hadoop-annotations-2.7.3.jar:lib/hadoop-auth-2.7.3.jar:lib/akka-slf4j_2.11-2.5.6.jar:lib/jersey-core-1.9.jar:lib/lz4-1.3.0.jar:lib/jackson-core-asl-1.9.13.jar:lib/aeron-client-1.3.0.jar:lib/htrace-core-3.1.0-incubating.jar:lib/xz-1.0.jar:lib/commons-httpclient-3.1.jar:lib/asm-3.1.jar:lib/commons-lang3-3.4.jar:lib/scala-library-2.11.11.jar:lib/scala-java8-compat_2.11-0.7.0.jar:lib/commons-configuration-1.6.jar:lib/objenesis-2.1.jar:lib/jackson-annotations-2.8.0.jar:lib/jsr305-3.0.0.jar:lib/curator-framework-2.7.1.jar:lib/jersey-server-1.9.jar:lib/jets3t-0.9.0.jar:lib/leveldb-0.7.jar:lib/jetty-6.1.26.jar:lib/stax-api-1.0-2.jar:lib/flamestream-core-1.0-SNAPSHOT.jar:lib/reflectasm-1.07-shaded.jar:lib/apacheds-kerberos-codec-2.0.0-M15.jar:lib/api-asn1-api-1.0.0-M20.jar:lib/commons-lang-2.6.jar:lib/commons-beanutils-1.7.0.jar:lib/jackson-xc-1.8.3.jar:lib/jetty-util-6.1.26.jar:lib/logback-classic-1.2.3.jar:lib/jool-0.9.12.jar:lib/flamestream-runtime-1.0-SNAPSHOT-tests.jar:lib/httpcore-4.1.2.jar:lib/kryo-4.0.0.jar:lib/ant-1.8.1.jar:lib/jaxb-impl-2.2.3-1.jar:lib/jersey-json-1.9.jar:lib/commons-compress-1.4.1.jar:lib/leveldbjni-all-1.8.jar:lib/paranamer-2.3.jar:lib/jackson-core-2.8.4.jar:lib/commons-math3-3.6.1.jar:lib/scala-parser-combinators_2.11-1.0.4.jar:lib/netty-3.10.6.Final.jar:lib/trove4j-3.0.3.jar:lib/jaxb-api-2.2.2.jar:lib/logback-core-1.2.3.jar:lib/snappy-java-1.0.4.1.jar:lib/protobuf-java-2.5.0.jar:lib/reactive-streams-1.0.1.jar:lib/flamestream-examples-1.0-SNAPSHOT.jar:lib/commons-codec-1.4.jar:lib/activation-1.1.jar:lib/commons-net-3.1.jar:lib/curator-recipes-2.7.1.jar:lib/jackson-mapper-asl-1.9.13.jar:lib/jackson-databind-2.8.4.jar:lib/flamestream-runtime-1.0-SNAPSHOT.jar:lib/jackson-jaxrs-1.8.3.jar:lib/slf4j-api-1.7.24.jar:lib/akka-remote_2.11-2.5.6.jar:lib/akka-testkit_2.11-2.5.6.jar:lib/jline-0.9.94.jar:lib/akka-stream_2.11-2.5.6.jar:lib/jsp-api-2.1.jar:lib/kryonet-2.21.jar:lib/akka-kryo-serialization_2.11-0.5.0.jar:lib/config-1.3.1.jar:lib/ant-launcher-1.8.1.jar:lib/commons-logging-1.2.jar:lib/ssl-config-core_2.11-0.2.2.jar:lib/testng-6.10.jar:lib/leveldb-api-0.7.jar:lib/reflectasm-1.11.3.jar:lib/jcommander-1.48.jar:lib/commons-1.1.jar:lib/commons-digester-1.8.jar:lib/minlog-1.2.jar:lib/java-xmlbuilder-0.4.jar:lib/jettison-1.1.jar:lib/gson-2.2.4.jar:lib/jdk.tools-1.8.jar:lib/aeron-driver-1.3.0.jar:lib/zookeeper-3.4.9.jar:lib/commons-beanutils-core-1.8.0.jar:lib/commons-math3-3.1.1.jar:lib/akka-actor_2.11-2.5.6.jar:lib/curator-client-2.7.1.jar:lib/servlet-api-2.5.jar:lib/apacheds-i18n-2.0.0-M15.jar:lib/commons-io-2.4.jar:lib/commons-codec-1.6.jar:lib/akka-protobuf_2.11-2.5.6.jar:lib/protobuf-java-3.5.1.jar:lib/jdom-2.0.2.jar:lib/api-util-1.0.0-M20.jar:lib/hadoop-common-2.7.3.jar:lib/agrona-0.9.6.jar:lib/xmlenc-0.52.jar:lib/guava-21.0.jar:lib/commons-collections-3.2.2.jar:lib/avro-1.7.4.jar:lib/httpclient-4.1.2.jar:lib/flamestream-core-1.0-SNAPSHOT-tests.jar:lib/annotations-12.0.jar:lib/jsch-0.1.42.jar:flamestream-runtime-1.0-SNAPSHOT.jar
12:29:37.300 [worker-akka.actor.default-dispatcher-2] INFO  o.a.z.ZooKeeper  - Client environment:java.library.path=/usr/java/packages/lib/amd64:/usr/lib/x86_64-linux-gnu/jni:/lib/x86_64-linux-gnu:/usr/lib/x86_64-linux-gnu:/usr/lib/jni:/lib:/usr/lib
12:29:37.300 [worker-akka.actor.default-dispatcher-2] INFO  o.a.z.ZooKeeper  - Client environment:java.io.tmpdir=/tmp
12:29:37.300 [worker-akka.actor.default-dispatcher-2] INFO  o.a.z.ZooKeeper  - Client environment:java.compiler=<NA>
12:29:37.300 [worker-akka.actor.default-dispatcher-2] INFO  o.a.z.ZooKeeper  - Client environment:os.name=Linux
12:29:37.300 [worker-akka.actor.default-dispatcher-2] INFO  o.a.z.ZooKeeper  - Client environment:os.arch=amd64
12:29:37.300 [worker-akka.actor.default-dispatcher-2] INFO  o.a.z.ZooKeeper  - Client environment:os.version=4.4.0-1049-aws
12:29:37.300 [worker-akka.actor.default-dispatcher-2] INFO  o.a.z.ZooKeeper  - Client environment:user.name=root
12:29:37.302 [worker-akka.actor.default-dispatcher-2] INFO  o.a.z.ZooKeeper  - Client environment:user.home=/root
12:29:37.302 [worker-akka.actor.default-dispatcher-2] INFO  o.a.z.ZooKeeper  - Client environment:user.dir=/opt/flamestream
12:29:37.305 [worker-akka.actor.default-dispatcher-2] INFO  o.a.z.ZooKeeper  - Initiating client connection, connectString=172.31.34.147:2181 sessionTimeout=5000 watcher=com.spbsu.flamestream.runtime.application.LifecycleWatcher$$Lambda$29/2091173542@1b48f905
12:29:37.343 [worker-akka.actor.default-dispatcher-2] INFO  a.a.RepointableActorRef akka://worker/user/watcher - Starting...
12:29:37.347 [worker-akka.actor.default-dispatcher-2-SendThread(172.31.34.147:2181)] INFO  o.a.z.ClientCnxn  - Opening socket connection to server 172.31.34.147/172.31.34.147:2181. Will not attempt to authenticate using SASL (unknown error)
12:29:37.351 [worker-akka.actor.default-dispatcher-2-SendThread(172.31.34.147:2181)] INFO  o.a.z.ClientCnxn  - Socket connection established to 172.31.34.147/172.31.34.147:2181, initiating session
12:29:37.358 [worker-akka.actor.default-dispatcher-2-SendThread(172.31.34.147:2181)] INFO  o.a.z.ClientCnxn  - Session establishment complete on server 172.31.34.147/172.31.34.147:2181, sessionid = 0x161ae09abc6000b, negotiated timeout = 6000
12:29:37.455 [worker-akka.actor.default-dispatcher-2] INFO  a.a.RepointableActorRef akka://worker/user/watcher - Connected to ZK
12:29:46.777 [worker-akka.actor.default-dispatcher-2] INFO  a.a.RepointableActorRef akka://worker/user/watcher - Creating node with watchGraphs: 'com.spbsu.flamestream.core.Graph$Builder$MyGraph@22aae96d', config: 'ClusterConfig{paths={172.31.33.155=akka://worker@172.31.33.155:5412/user/watcher/graph0000000000, 172.31.47.83=akka://worker@172.31.47.83:5412/user/watcher/graph0000000000, 172.31.45.197=akka://worker@172.31.45.197:5412/user/watcher/graph0000000000, 172.31.42.36=akka://worker@172.31.42.36:5412/user/watcher/graph0000000000, 172.31.44.83=akka://worker@172.31.44.83:5412/user/watcher/graph0000000000, 172.31.39.64=akka://worker@172.31.39.64:5412/user/watcher/graph0000000000, 172.31.35.79=akka://worker@172.31.35.79:5412/user/watcher/graph0000000000, 172.31.34.169=akka://worker@172.31.34.169:5412/user/watcher/graph0000000000, 172.31.47.100=akka://worker@172.31.47.100:5412/user/watcher/graph0000000000, 172.31.37.101=akka://worker@172.31.37.101:5412/user/watcher/graph0000000000}, ackerLocation='172.31.35.79', props=ComputationLayout{ranges={172.31.33.155=HashRange{from=-1670265060, to=-1193046472}, 172.31.47.83=HashRange{from=1670265056, to=2147483644}, 172.31.45.197=HashRange{from=-715827884, to=-238609296}, 172.31.42.36=HashRange{from=1193046468, to=1670265056}, 172.31.44.83=HashRange{from=-238609296, to=238609292}, 172.31.39.64=HashRange{from=715827880, to=1193046468}, 172.31.35.79=HashRange{from=0, to=0}, 172.31.34.169=HashRange{from=-2147483648, to=-1670265060}, 172.31.47.100=HashRange{from=238609292, to=715827880}, 172.31.37.101=HashRange{from=-1193046472, to=-715827884}}}}'
12:29:47.582 [worker-akka.actor.default-dispatcher-2] INFO  a.a.LocalActorRef akka://worker/user/watcher/graph0000000000/graph - Starting...
12:29:47.583 [worker-akka.actor.default-dispatcher-2] INFO  a.a.LocalActorRef akka://worker/user/watcher/graph0000000000/graph/local-acker - Starting...
12:29:47.585 [worker-akka.actor.default-dispatcher-2] INFO  a.a.LocalActorRef akka://worker/user/watcher/graph0000000000/graph/local-acker/$a - Starting...
Warning: space is running low in /dev/shm (tmpfs) threshold=167,772,160 usable=158,621,696
Warning: space is running low in /dev/shm (tmpfs) threshold=167,772,160 usable=146,034,688
Warning: space is running low in /dev/shm (tmpfs) threshold=167,772,160 usable=133,447,680
Warning: space is running low in /dev/shm (tmpfs) threshold=167,772,160 usable=120,860,672
Warning: space is running low in /dev/shm (tmpfs) threshold=167,772,160 usable=108,273,664
Warning: space is running low in /dev/shm (tmpfs) threshold=167,772,160 usable=95,686,656
Warning: space is running low in /dev/shm (tmpfs) threshold=167,772,160 usable=83,099,648
Warning: space is running low in /dev/shm (tmpfs) threshold=167,772,160 usable=70,512,640
12:29:49.041 [worker-akka.actor.default-dispatcher-2] INFO  a.a.LocalActorRef akka://worker/user/watcher/graph0000000000/graph - Finishing constructor
12:29:49.043 [worker-akka.actor.default-dispatcher-2] INFO  a.a.LocalActorRef akka://worker/user/watcher/graph0000000000 - Starting...
12:29:49.109 [worker-akka.actor.default-dispatcher-2] INFO  a.a.LocalActorRef akka://worker/user/watcher/graph0000000000/negotiator - Starting...
12:29:49.110 [worker-akka.actor.default-dispatcher-2] INFO  a.a.LocalActorRef akka://worker/user/watcher/graph0000000000/edge - Starting...
12:29:49.111 [worker-akka.actor.default-dispatcher-2] INFO  a.a.LocalActorRef akka://worker/user/watcher/graph0000000000/graph/$a - Starting...
12:29:49.112 [worker-akka.actor.default-dispatcher-2] INFO  a.a.LocalActorRef akka://worker/user/watcher/graph0000000000/graph/$b - Starting...
12:29:49.112 [worker-akka.actor.default-dispatcher-2] INFO  a.a.LocalActorRef akka://worker/user/watcher/graph0000000000/graph/$c - Starting...
12:29:49.141 [worker-akka.actor.default-dispatcher-2] INFO  c.s.f.r.e.s.SocketRear  - FlameSocketGraphDeployerRear@172.31.44.83: connecting to 172.31.34.147:5678
12:29:49.149 [worker-akka.actor.default-dispatcher-2] INFO  c.s.f.r.e.s.SocketRear  - FlameSocketGraphDeployerRear@172.31.44.83: connected to 172.31.34.147:5678
12:29:49.170 [worker-akka.actor.default-dispatcher-2] INFO  a.a.LocalActorRef akka://worker/user/watcher/graph0000000000/edge/FlameSocketGraphDeployerRear - Starting...
12:29:49.170 [worker-akka.actor.default-dispatcher-2] INFO  a.a.LocalActorRef akka://worker/user/watcher/graph0000000000/edge/FlameSocketGraphDeployerFront - Starting...
12:29:49.171 [worker-akka.actor.default-dispatcher-2] INFO  a.a.LocalActorRef akka://worker/user/watcher/graph0000000000/negotiator - Requesting ticket for the frontClass FlameSocketGraphDeployerFront@172.31.44.83
12:29:49.193 [worker-akka.actor.default-dispatcher-2] INFO  a.a.LocalActorRef akka://worker/user/watcher/graph0000000000/negotiator - Ticket for the frontClass received: FrontTicket{allowedTimestamp=(1519043386735, FlameSocketGraphDeployerFront@172.31.44.83)}
12:29:49.194 [worker-akka.actor.default-dispatcher-2] INFO  c.s.f.r.e.s.SocketFront  - FlameSocketGraphDeployerFront@172.31.44.83: connecting to 172.31.34.147:4567
12:29:49.205 [Client] INFO  c.s.f.r.e.s.SocketFront  - FlameSocketGraphDeployerFront@172.31.44.83 has been disconnected from Connection 6
2018-02-19T12:29:54.148+0000: 20.209: [GC (Allocation Failure) 2018-02-19T12:29:54.148+0000: 20.209: [DefNew: 136576K->15102K(153600K), 0.0249804 secs] 152067K->50124K(494976K), 0.0250685 secs] [Times: user=0.03 sys=0.00, real=0.02 secs] 
2018-02-19T12:30:20.065+0000: 46.125: [GC (Allocation Failure) 2018-02-19T12:30:20.065+0000: 46.125: [DefNew: 151678K->3327K(153600K), 0.0201288 secs] 186700K->45989K(494976K), 0.0202008 secs] [Times: user=0.02 sys=0.00, real=0.02 secs] 
2018-02-19T12:30:55.231+0000: 81.291: [GC (Allocation Failure) 2018-02-19T12:30:55.231+0000: 81.291: [DefNew: 139903K->6189K(153600K), 0.0146431 secs] 182565K->48850K(494976K), 0.0147099 secs] [Times: user=0.02 sys=0.00, real=0.01 secs] 
2018-02-19T12:31:29.755+0000: 115.815: [GC (Allocation Failure) 2018-02-19T12:31:29.755+0000: 115.815: [DefNew: 142765K->7299K(153600K), 0.0159993 secs] 185426K->49960K(494976K), 0.0160752 secs] [Times: user=0.00 sys=0.01, real=0.01 secs] 
2018-02-19T12:31:55.468+0000: 141.528: [GC (Allocation Failure) 2018-02-19T12:31:55.468+0000: 141.528: [DefNew: 143875K->8707K(153600K), 0.0150715 secs] 186536K->51369K(494976K), 0.0151334 secs] [Times: user=0.02 sys=0.00, real=0.01 secs] 
2018-02-19T12:32:23.377+0000: 169.438: [GC (Allocation Failure) 2018-02-19T12:32:23.377+0000: 169.438: [DefNew: 145283K->8541K(153600K), 0.0170241 secs] 187945K->52721K(494976K), 0.0171023 secs] [Times: user=0.02 sys=0.00, real=0.02 secs] 
2018-02-19T12:32:56.044+0000: 202.105: [GC (Allocation Failure) 2018-02-19T12:32:56.044+0000: 202.105: [DefNew: 145117K->8640K(153600K), 0.0173749 secs] 189297K->54210K(494976K), 0.0174454 secs] [Times: user=0.01 sys=0.00, real=0.02 secs] 
2018-02-19T12:33:34.526+0000: 240.586: [GC (Allocation Failure) 2018-02-19T12:33:34.526+0000: 240.586: [DefNew: 145216K->9113K(153600K), 0.0197922 secs] 190786K->55919K(494976K), 0.0198609 secs] [Times: user=0.02 sys=0.00, real=0.02 secs] 
2018-02-19T12:34:10.944+0000: 277.004: [GC (Allocation Failure) 2018-02-19T12:34:10.944+0000: 277.005: [DefNew: 145689K->8959K(153600K), 0.0171714 secs] 192495K->56970K(494976K), 0.0172455 secs] [Times: user=0.01 sys=0.00, real=0.02 secs] 
2018-02-19T12:34:41.518+0000: 307.578: [GC (Allocation Failure) 2018-02-19T12:34:41.518+0000: 307.578: [DefNew: 145535K->8834K(153600K), 0.0167350 secs] 193546K->57998K(494976K), 0.0167998 secs] [Times: user=0.02 sys=0.00, real=0.02 secs] 
2018-02-19T12:35:19.753+0000: 345.814: [GC (Allocation Failure) 2018-02-19T12:35:19.753+0000: 345.814: [DefNew: 145410K->8684K(153600K), 0.0157373 secs] 194574K->59055K(494976K), 0.0158024 secs] [Times: user=0.01 sys=0.00, real=0.02 secs] 
2018-02-19T12:35:51.879+0000: 377.940: [GC (Allocation Failure) 2018-02-19T12:35:51.879+0000: 377.940: [DefNew: 145260K->8516K(153600K), 0.0167141 secs] 195631K->60526K(494976K), 0.0167827 secs] [Times: user=0.01 sys=0.00, real=0.02 secs] 
2018-02-19T12:36:32.999+0000: 419.059: [GC (Allocation Failure) 2018-02-19T12:36:32.999+0000: 419.059: [DefNew: 145092K->8705K(153600K), 0.0168836 secs] 197102K->61906K(494976K), 0.0169633 secs] [Times: user=0.01 sys=0.00, real=0.02 secs] 
2018-02-19T12:37:09.597+0000: 455.657: [GC (Allocation Failure) 2018-02-19T12:37:09.597+0000: 455.657: [DefNew: 145281K->8838K(153600K), 0.0168989 secs] 198482K->63090K(494976K), 0.0169581 secs] [Times: user=0.02 sys=0.00, real=0.01 secs] 
2018-02-19T12:37:48.703+0000: 494.763: [GC (Allocation Failure) 2018-02-19T12:37:48.703+0000: 494.763: [DefNew: 145414K->9095K(153600K), 0.0167175 secs] 199666K->64291K(494976K), 0.0167853 secs] [Times: user=0.00 sys=0.01, real=0.02 secs] 
2018-02-19T12:38:14.684+0000: 520.745: [GC (Allocation Failure) 2018-02-19T12:38:14.684+0000: 520.745: [DefNew: 145671K->9096K(153600K), 0.0167070 secs] 200867K->65434K(494976K), 0.0167729 secs] [Times: user=0.02 sys=0.00, real=0.02 secs] 
2018-02-19T12:38:48.116+0000: 554.176: [GC (Allocation Failure) 2018-02-19T12:38:48.116+0000: 554.176: [DefNew: 145672K->9452K(153600K), 0.0173091 secs] 202010K->66908K(494976K), 0.0173918 secs] [Times: user=0.02 sys=0.00, real=0.01 secs] 
2018-02-19T12:39:23.456+0000: 589.516: [GC (Allocation Failure) 2018-02-19T12:39:23.456+0000: 589.516: [DefNew: 146028K->9302K(153600K), 0.0171745 secs] 203484K->67980K(494976K), 0.0172375 secs] [Times: user=0.02 sys=0.00, real=0.01 secs] 
2018-02-19T12:40:03.739+0000: 629.799: [GC (Allocation Failure) 2018-02-19T12:40:03.739+0000: 629.799: [DefNew: 145878K->9477K(153600K), 0.0177055 secs] 204556K->69349K(494976K), 0.0177731 secs] [Times: user=0.02 sys=0.00, real=0.02 secs] 
2018-02-19T12:40:31.315+0000: 657.375: [GC (Allocation Failure) 2018-02-19T12:40:31.315+0000: 657.375: [DefNew: 146053K->9341K(153600K), 0.0163982 secs] 205925K->70176K(494976K), 0.0164642 secs] [Times: user=0.01 sys=0.00, real=0.01 secs] 
2018-02-19T12:41:00.299+0000: 686.359: [GC (Allocation Failure) 2018-02-19T12:41:00.299+0000: 686.359: [DefNew: 145917K->9713K(153600K), 0.0182199 secs] 206752K->71705K(494976K), 0.0182945 secs] [Times: user=0.01 sys=0.00, real=0.02 secs] 
2018-02-19T12:41:30.559+0000: 716.619: [GC (Allocation Failure) 2018-02-19T12:41:30.559+0000: 716.619: [DefNew: 146289K->8598K(153600K), 0.0215248 secs] 208281K->72853K(494976K), 0.0215912 secs] [Times: user=0.01 sys=0.01, real=0.02 secs] 
2018-02-19T12:42:00.925+0000: 746.985: [GC (Allocation Failure) 2018-02-19T12:42:00.925+0000: 746.985: [DefNew: 145174K->9441K(153600K), 0.0158356 secs] 209429K->74734K(494976K), 0.0159032 secs] [Times: user=0.02 sys=0.00, real=0.02 secs] 
2018-02-19T12:42:28.961+0000: 775.022: [GC (Allocation Failure) 2018-02-19T12:42:28.961+0000: 775.022: [DefNew: 146017K->9380K(153600K), 0.0162749 secs] 211310K->76005K(494976K), 0.0163491 secs] [Times: user=0.02 sys=0.00, real=0.02 secs] 
2018-02-19T12:43:00.288+0000: 806.348: [GC (Allocation Failure) 2018-02-19T12:43:00.288+0000: 806.348: [DefNew: 145956K->9851K(153600K), 0.0166005 secs] 212581K->77608K(494976K), 0.0166610 secs] [Times: user=0.02 sys=0.00, real=0.01 secs] 
2018-02-19T12:43:34.678+0000: 840.738: [GC (Allocation Failure) 2018-02-19T12:43:34.678+0000: 840.738: [DefNew: 146427K->9234K(153600K), 0.0200874 secs] 214184K->78982K(494976K), 0.0201522 secs] [Times: user=0.01 sys=0.01, real=0.02 secs] 
2018-02-19T12:44:09.029+0000: 875.089: [GC (Allocation Failure) 2018-02-19T12:44:09.029+0000: 875.089: [DefNew: 145810K->9705K(153600K), 0.0168776 secs] 215558K->80549K(494976K), 0.0169439 secs] [Times: user=0.02 sys=0.00, real=0.01 secs] 
2018-02-19T12:44:41.506+0000: 907.567: [GC (Allocation Failure) 2018-02-19T12:44:41.506+0000: 907.567: [DefNew: 146281K->9611K(153600K), 0.0178321 secs] 217125K->81653K(494976K), 0.0178947 secs] [Times: user=0.01 sys=0.01, real=0.01 secs] 
2018-02-19T12:45:13.762+0000: 939.822: [GC (Allocation Failure) 2018-02-19T12:45:13.762+0000: 939.822: [DefNew: 146187K->9637K(153600K), 0.0179086 secs] 218229K->82966K(494976K), 0.0179839 secs] [Times: user=0.01 sys=0.01, real=0.02 secs] 
2018-02-19T12:45:48.694+0000: 974.755: [GC (Allocation Failure) 2018-02-19T12:45:48.694+0000: 974.755: [DefNew: 146213K->9821K(153600K), 0.0168517 secs] 219542K->84483K(494976K), 0.0169238 secs] [Times: user=0.02 sys=0.00, real=0.01 secs] 
2018-02-19T12:46:22.691+0000: 1008.752: [GC (Allocation Failure) 2018-02-19T12:46:22.691+0000: 1008.752: [DefNew: 146397K->10019K(153600K), 0.0164238 secs] 221059K->85800K(494976K), 0.0164859 secs] [Times: user=0.01 sys=0.00, real=0.02 secs] 
2018-02-19T12:46:50.971+0000: 1037.032: [GC (Allocation Failure) 2018-02-19T12:46:50.971+0000: 1037.032: [DefNew: 146595K->9226K(153600K), 0.0194296 secs] 222376K->87798K(494976K), 0.0194945 secs] [Times: user=0.02 sys=0.00, real=0.02 secs] 
2018-02-19T12:47:20.528+0000: 1066.589: [GC (Allocation Failure) 2018-02-19T12:47:20.528+0000: 1066.589: [DefNew: 145802K->8754K(153600K), 0.0165823 secs] 224374K->88805K(494976K), 0.0166471 secs] [Times: user=0.02 sys=0.00, real=0.01 secs] 
2018-02-19T12:47:52.793+0000: 1098.854: [GC (Allocation Failure) 2018-02-19T12:47:52.793+0000: 1098.854: [DefNew: 145330K->8907K(153600K), 0.0156701 secs] 225381K->90383K(494976K), 0.0157543 secs] [Times: user=0.02 sys=0.00, real=0.02 secs] 
2018-02-19T12:48:21.892+0000: 1127.953: [GC (Allocation Failure) 2018-02-19T12:48:21.892+0000: 1127.953: [DefNew: 145483K->9268K(153600K), 0.0166147 secs] 226959K->92265K(494976K), 0.0166817 secs] [Times: user=0.02 sys=0.00, real=0.02 secs] 
2018-02-19T12:49:01.016+0000: 1167.076: [GC (Allocation Failure) 2018-02-19T12:49:01.016+0000: 1167.076: [DefNew: 145844K->9029K(153600K), 0.0156841 secs] 228841K->93436K(494976K), 0.0157594 secs] [Times: user=0.01 sys=0.01, real=0.01 secs] 
2018-02-19T12:49:29.320+0000: 1195.381: [GC (Allocation Failure) 2018-02-19T12:49:29.320+0000: 1195.381: [DefNew: 145605K->10058K(153600K), 0.0170471 secs] 230012K->95939K(494976K), 0.0171110 secs] [Times: user=0.02 sys=0.00, real=0.02 secs] 
2018-02-19T12:49:55.783+0000: 1221.843: [GC (Allocation Failure) 2018-02-19T12:49:55.783+0000: 1221.843: [DefNew: 146634K->9622K(153600K), 0.0182938 secs] 232515K->96930K(494976K), 0.0183596 secs] [Times: user=0.02 sys=0.00, real=0.02 secs] 
2018-02-19T12:50:28.276+0000: 1254.336: [GC (Allocation Failure) 2018-02-19T12:50:28.276+0000: 1254.337: [DefNew: 146198K->9398K(153600K), 0.0161731 secs] 233506K->98607K(494976K), 0.0162350 secs] [Times: user=0.01 sys=0.00, real=0.01 secs] 
2018-02-19T12:50:56.217+0000: 1282.277: [GC (Allocation Failure) 2018-02-19T12:50:56.217+0000: 1282.277: [DefNew: 145974K->9566K(153600K), 0.0172425 secs] 235183K->100296K(494976K), 0.0173143 secs] [Times: user=0.02 sys=0.00, real=0.02 secs] 
12:51:12.900 [Client] INFO  c.s.f.r.e.s.SocketRear  - FlameSocketGraphDeployerRear@172.31.44.83: has been disconnected from Connection 6
12:51:27.452 [worker-akka.actor.default-dispatcher-2] INFO  a.a.CoordinatedShutdown CoordinatedShutdown(akka://worker) - Starting coordinated shutdown from JVM shutdown hook
12:51:27.516 [worker-akka.actor.default-dispatcher-2] INFO  a.a.LocalActorRef akka://worker/user/watcher/graph0000000000/negotiator - Stopped
12:51:27.520 [worker-akka.actor.default-dispatcher-2] INFO  a.a.LocalActorRef akka://worker/user/watcher/graph0000000000/edge/FlameSocketGraphDeployerFront - Stopped
12:51:27.521 [worker-akka.actor.default-dispatcher-2] INFO  a.a.LocalActorRef akka://worker/user/watcher/graph0000000000/edge/FlameSocketGraphDeployerRear - Stopped
12:51:27.522 [worker-akka.actor.default-dispatcher-2] INFO  a.a.LocalActorRef akka://worker/user/watcher/graph0000000000/graph/$a - Stopped
12:51:27.522 [worker-akka.actor.default-dispatcher-2] INFO  a.a.LocalActorRef akka://worker/user/watcher/graph0000000000/graph/$b - Stopped
12:51:27.522 [worker-akka.actor.default-dispatcher-2] INFO  a.a.LocalActorRef akka://worker/user/watcher/graph0000000000/graph/$c - Stopped
12:51:27.523 [worker-akka.actor.default-dispatcher-2] INFO  a.a.LocalActorRef akka://worker/user/watcher/graph0000000000/graph/local-acker/$a - Stopped
12:51:27.532 [worker-akka.actor.default-dispatcher-2] INFO  a.a.LocalActorRef akka://worker/user/watcher/graph0000000000/graph/local-acker/$a - Message [com.spbsu.flamestream.runtime.utils.akka.PingActor$InnerPing] from Actor[akka://worker/user/watcher/graph0000000000/graph/local-acker/$a#1499400972] to Actor[akka://worker/user/watcher/graph0000000000/graph/local-acker/$a#1499400972] was not delivered. [1] dead letters encountered. This logging can be turned off or adjusted with configuration settings 'akka.log-dead-letters' and 'akka.log-dead-letters-during-shutdown'.
12:51:27.533 [worker-akka.actor.default-dispatcher-2] INFO  a.a.LocalActorRef akka://worker/user/watcher/graph0000000000/edge - Stopped
12:51:27.533 [worker-akka.actor.default-dispatcher-2] INFO  a.a.LocalActorRef akka://worker/user/watcher/graph0000000000/graph/local-acker - Stopped
12:51:27.533 [worker-akka.actor.default-dispatcher-2] INFO  a.a.LocalActorRef akka://worker/user/watcher/graph0000000000/graph - Stopped
12:51:27.533 [worker-akka.actor.default-dispatcher-2] INFO  a.a.LocalActorRef akka://worker/user/watcher/graph0000000000 - Stopped
12:51:27.534 [worker-akka.actor.default-dispatcher-2] INFO  a.a.LocalActorRef akka://worker/user/watcher/graph0000000000/graph/local-acker/$a - Message [com.spbsu.flamestream.runtime.utils.akka.PingActor$Stop] from Actor[akka://worker/user/watcher/graph0000000000/graph/local-acker#-732472952] to Actor[akka://worker/user/watcher/graph0000000000/graph/local-acker/$a#1499400972] was not delivered. [2] dead letters encountered. This logging can be turned off or adjusted with configuration settings 'akka.log-dead-letters' and 'akka.log-dead-letters-during-shutdown'.
12:51:27.534 [worker-akka.actor.default-dispatcher-2] INFO  a.a.LocalActorRef akka://worker/user/watcher/graph0000000000/graph/local-acker - Message [com.spbsu.flamestream.runtime.acker.LocalAcker$Flush] from Actor[akka://worker/user/watcher/graph0000000000/graph/local-acker#-732472952] to Actor[akka://worker/user/watcher/graph0000000000/graph/local-acker#-732472952] was not delivered. [3] dead letters encountered. This logging can be turned off or adjusted with configuration settings 'akka.log-dead-letters' and 'akka.log-dead-letters-during-shutdown'.
12:51:27.534 [worker-akka.actor.default-dispatcher-2] INFO  a.a.LocalActorRef akka://worker/user/watcher/graph0000000000/graph/local-acker - Message [com.spbsu.flamestream.runtime.acker.LocalAcker$Flush] from Actor[akka://worker/user/watcher/graph0000000000/graph/local-acker#-732472952] to Actor[akka://worker/user/watcher/graph0000000000/graph/local-acker#-732472952] was not delivered. [4] dead letters encountered. This logging can be turned off or adjusted with configuration settings 'akka.log-dead-letters' and 'akka.log-dead-letters-during-shutdown'.
12:51:27.535 [worker-akka.actor.default-dispatcher-2] INFO  a.a.LocalActorRef akka://worker/user/watcher/graph0000000000/graph/local-acker - Message [com.spbsu.flamestream.runtime.acker.LocalAcker$Flush] from Actor[akka://worker/user/watcher/graph0000000000/graph/local-acker#-732472952] to Actor[akka://worker/user/watcher/graph0000000000/graph/local-acker#-732472952] was not delivered. [5] dead letters encountered. This logging can be turned off or adjusted with configuration settings 'akka.log-dead-letters' and 'akka.log-dead-letters-during-shutdown'.
12:51:27.535 [worker-akka.actor.default-dispatcher-2] INFO  a.a.LocalActorRef akka://worker/user/watcher/graph0000000000/graph/local-acker - Message [com.spbsu.flamestream.runtime.acker.LocalAcker$Flush] from Actor[akka://worker/user/watcher/graph0000000000/graph/local-acker#-732472952] to Actor[akka://worker/user/watcher/graph0000000000/graph/local-acker#-732472952] was not delivered. [6] dead letters encountered. This logging can be turned off or adjusted with configuration settings 'akka.log-dead-letters' and 'akka.log-dead-letters-during-shutdown'.
12:51:27.536 [worker-akka.actor.default-dispatcher-2] INFO  a.a.LocalActorRef akka://worker/user/watcher/graph0000000000/graph/local-acker - Message [com.spbsu.flamestream.runtime.acker.LocalAcker$Flush] from Actor[akka://worker/user/watcher/graph0000000000/graph/local-acker#-732472952] to Actor[akka://worker/user/watcher/graph0000000000/graph/local-acker#-732472952] was not delivered. [7] dead letters encountered. This logging can be turned off or adjusted with configuration settings 'akka.log-dead-letters' and 'akka.log-dead-letters-during-shutdown'.
12:51:27.540 [worker-akka.actor.default-dispatcher-2] INFO  a.a.LocalActorRef akka://worker/user/watcher/graph0000000000/graph/local-acker - Message [com.spbsu.flamestream.runtime.acker.LocalAcker$Flush] from Actor[akka://worker/user/watcher/graph0000000000/graph/local-acker#-732472952] to Actor[akka://worker/user/watcher/graph0000000000/graph/local-acker#-732472952] was not delivered. [8] dead letters encountered. This logging can be turned off or adjusted with configuration settings 'akka.log-dead-letters' and 'akka.log-dead-letters-during-shutdown'.
12:51:27.541 [worker-akka.actor.default-dispatcher-2] INFO  a.a.LocalActorRef akka://worker/user/watcher/graph0000000000/graph/local-acker - Message [com.spbsu.flamestream.runtime.acker.LocalAcker$Flush] from Actor[akka://worker/user/watcher/graph0000000000/graph/local-acker#-732472952] to Actor[akka://worker/user/watcher/graph0000000000/graph/local-acker#-732472952] was not delivered. [9] dead letters encountered. This logging can be turned off or adjusted with configuration settings 'akka.log-dead-letters' and 'akka.log-dead-letters-during-shutdown'.
12:51:27.542 [worker-akka.actor.default-dispatcher-2] INFO  a.a.LocalActorRef akka://worker/user/watcher/graph0000000000/graph/local-acker - Message [com.spbsu.flamestream.runtime.acker.LocalAcker$Flush] from Actor[akka://worker/user/watcher/graph0000000000/graph/local-acker#-732472952] to Actor[akka://worker/user/watcher/graph0000000000/graph/local-acker#-732472952] was not delivered. [10] dead letters encountered. This logging can be turned off or adjusted with configuration settings 'akka.log-dead-letters' and 'akka.log-dead-letters-during-shutdown'.
12:51:27.542 [worker-akka.actor.default-dispatcher-2] INFO  a.a.LocalActorRef akka://worker/user/watcher/graph0000000000/graph/local-acker - Message [com.spbsu.flamestream.runtime.acker.LocalAcker$Flush] from Actor[akka://worker/user/watcher/graph0000000000/graph/local-acker#-732472952] to Actor[akka://worker/user/watcher/graph0000000000/graph/local-acker#-732472952] was not delivered. [11] dead letters encountered. This logging can be turned off or adjusted with configuration settings 'akka.log-dead-letters' and 'akka.log-dead-letters-during-shutdown'.
12:51:27.546 [worker-akka.actor.default-dispatcher-2-EventThread] INFO  o.a.z.ClientCnxn  - EventThread shut down for session: 0x161ae09abc6000b
12:51:27.546 [worker-akka.actor.default-dispatcher-2] INFO  o.a.z.ZooKeeper  - Session: 0x161ae09abc6000b closed
12:51:27.547 [worker-akka.actor.default-dispatcher-2] INFO  a.a.RepointableActorRef akka://worker/user/watcher - Stopped
12:51:27.581 [worker-akka.actor.default-dispatcher-2] INFO  a.r.RemoteActorRefProvider$RemotingTerminator akka://worker@172.31.44.83:5412/system/remoting-terminator - Shutting down remote daemon.
12:51:27.584 [worker-akka.actor.default-dispatcher-2] INFO  a.r.RemoteActorRefProvider$RemotingTerminator akka://worker@172.31.44.83:5412/system/remoting-terminator - Remote daemon shut down; proceeding with flushing remote transports.
12:51:28.742 [worker-akka.actor.default-dispatcher-2] INFO  a.r.RemoteActorRefProvider$RemotingTerminator akka://worker@172.31.44.83:5412/system/remoting-terminator - Remoting shut down.
Heap
 def new generation   total 153600K, used 100821K [0x00000000e0c00000, 0x00000000eb2a0000, 0x00000000eb2a0000)
  eden space 136576K,  66% used [0x00000000e0c00000, 0x00000000e651d9b8, 0x00000000e9160000)
  from space 17024K,  56% used [0x00000000e9160000, 0x00000000e9ab7bb8, 0x00000000ea200000)
  to   space 17024K,   0% used [0x00000000ea200000, 0x00000000ea200000, 0x00000000eb2a0000)
 tenured generation   total 341376K, used 90729K [0x00000000eb2a0000, 0x0000000100000000, 0x0000000100000000)
   the space 341376K,  26% used [0x00000000eb2a0000, 0x00000000f0b3a6a0, 0x00000000f0b3a800, 0x0000000100000000)
 Metaspace       used 33614K, capacity 34362K, committed 34688K, reserved 1079296K
  class space    used 4457K, capacity 4624K, committed 4736K, reserved 1048576K
