15:07:30,289 |-INFO in ch.qos.logback.classic.LoggerContext[default] - Could NOT find resource [logback-test.xml]
15:07:30,289 |-INFO in ch.qos.logback.classic.LoggerContext[default] - Could NOT find resource [logback.groovy]
15:07:30,289 |-INFO in ch.qos.logback.classic.LoggerContext[default] - Found resource [logback.xml] at [jar:file:/opt/flamestream/lib/flamestream-runtime-1.0-SNAPSHOT.jar!/logback.xml]
15:07:30,290 |-WARN in ch.qos.logback.classic.LoggerContext[default] - Resource [logback.xml] occurs multiple times on the classpath.
15:07:30,290 |-WARN in ch.qos.logback.classic.LoggerContext[default] - Resource [logback.xml] occurs at [jar:file:/opt/flamestream/flamestream-runtime-1.0-SNAPSHOT.jar!/logback.xml]
15:07:30,290 |-WARN in ch.qos.logback.classic.LoggerContext[default] - Resource [logback.xml] occurs at [jar:file:/opt/flamestream/lib/flamestream-runtime-1.0-SNAPSHOT.jar!/logback.xml]
15:07:30,312 |-INFO in ch.qos.logback.core.joran.spi.ConfigurationWatchList@69b794e2 - URL [jar:file:/opt/flamestream/lib/flamestream-runtime-1.0-SNAPSHOT.jar!/logback.xml] is not of type file
15:07:30,392 |-INFO in ch.qos.logback.classic.joran.action.ConfigurationAction - debug attribute not set
15:07:30,401 |-INFO in ch.qos.logback.core.joran.action.AppenderAction - About to instantiate appender of type [ch.qos.logback.core.ConsoleAppender]
15:07:30,408 |-INFO in ch.qos.logback.core.joran.action.AppenderAction - Naming appender as [STDOUT]
15:07:30,415 |-INFO in ch.qos.logback.core.joran.action.NestedComplexPropertyIA - Assuming default type [ch.qos.logback.classic.encoder.PatternLayoutEncoder] for [encoder] property
15:07:30,449 |-INFO in ch.qos.logback.core.joran.action.AppenderAction - About to instantiate appender of type [ch.qos.logback.core.rolling.RollingFileAppender]
15:07:30,457 |-INFO in ch.qos.logback.core.joran.action.AppenderAction - Naming appender as [FILE]
15:07:30,472 |-INFO in c.q.l.core.rolling.TimeBasedRollingPolicy@1059063940 - No compression will be used
15:07:30,473 |-INFO in c.q.l.core.rolling.TimeBasedRollingPolicy@1059063940 - Will use the pattern /tmp/application_%d{yyyy-MM-dd}.%i.log for the active file
15:07:30,477 |-INFO in ch.qos.logback.core.rolling.SizeAndTimeBasedFNATP@4d339552 - The date pattern is 'yyyy-MM-dd' from file name pattern '/tmp/application_%d{yyyy-MM-dd}.%i.log'.
15:07:30,477 |-INFO in ch.qos.logback.core.rolling.SizeAndTimeBasedFNATP@4d339552 - Roll-over at midnight.
15:07:30,482 |-INFO in ch.qos.logback.core.rolling.SizeAndTimeBasedFNATP@4d339552 - Setting initial period to Thu Mar 29 15:02:56 UTC 2018
15:07:30,482 |-WARN in ch.qos.logback.core.rolling.SizeAndTimeBasedFNATP@4d339552 - SizeAndTimeBasedFNATP is deprecated. Use SizeAndTimeBasedRollingPolicy instead
15:07:30,482 |-WARN in ch.qos.logback.core.rolling.SizeAndTimeBasedFNATP@4d339552 - For more information see http://logback.qos.ch/manual/appenders.html#SizeAndTimeBasedRollingPolicy
15:07:30,487 |-INFO in ch.qos.logback.core.joran.action.NestedComplexPropertyIA - Assuming default type [ch.qos.logback.classic.encoder.PatternLayoutEncoder] for [encoder] property
15:07:30,491 |-INFO in ch.qos.logback.core.rolling.RollingFileAppender[FILE] - Active log file name: /tmp/application.log
15:07:30,491 |-INFO in ch.qos.logback.core.rolling.RollingFileAppender[FILE] - File property is set to [/tmp/application.log]
15:07:30,493 |-INFO in ch.qos.logback.classic.joran.action.RootLoggerAction - Setting level of ROOT logger to INFO
15:07:30,493 |-INFO in ch.qos.logback.core.joran.action.AppenderRefAction - Attaching appender named [STDOUT] to Logger[ROOT]
15:07:30,493 |-INFO in ch.qos.logback.core.joran.action.AppenderRefAction - Attaching appender named [FILE] to Logger[ROOT]
15:07:30,493 |-INFO in ch.qos.logback.classic.joran.action.ConfigurationAction - End of configuration.
15:07:30,494 |-INFO in ch.qos.logback.classic.joran.JoranConfigurator@f0f2775 - Registering current configuration as safe fallback point

15:07:30.497 [main] INFO  c.s.f.r.a.WorkerApplication  - Starting worker with id: '10.0.0.236', host: '10.0.0.236:5412', zkString: '10.0.0.14:2181'
15:07:31.382 [worker-akka.actor.default-dispatcher-3] INFO  a.e.s.Slf4jLogger  - Slf4jLogger started
2018-03-29T15:07:31.527+0000: 1.839: [Full GC (Metadata GC Threshold) 2018-03-29T15:07:31.527+0000: 1.839: [Tenured: 0K->15874K(341376K), 0.0439100 secs] 131339K->15874K(494976K), [Metaspace: 20928K->20928K(1067008K)], 0.0439870 secs] [Times: user=0.04 sys=0.00, real=0.04 secs] 
Ama winner
Ama winner
15:07:31.910 [worker-akka.actor.default-dispatcher-3] INFO  a.r.a.ArteryTransport(akka://worker) akka.remote.artery.ArteryTransport(akka://worker) - Started embedded media driver in directory [/dev/shm/aeron-10.0.0.236]
15:07:32.105 [worker-akka.actor.default-dispatcher-3] INFO  a.r.a.ArteryTransport(akka://worker) akka.remote.artery.ArteryTransport(akka://worker) - Remoting started; listening on address: [akka://worker@10.0.0.236:5412] with UID [-6432110456448519445]
15:07:32.156 [worker-akka.actor.default-dispatcher-4] INFO  a.a.RepointableActorRef akka://worker/user/watcher - Starting...
15:07:32.220 [worker-akka.actor.default-dispatcher-3] INFO  o.a.z.ZooKeeper  - Client environment:zookeeper.version=3.4.9-1757313, built on 08/23/2016 06:50 GMT
15:07:32.221 [worker-akka.actor.default-dispatcher-3] INFO  o.a.z.ZooKeeper  - Client environment:host.name=localhost
15:07:32.221 [worker-akka.actor.default-dispatcher-3] INFO  o.a.z.ZooKeeper  - Client environment:java.version=1.8.0_151
15:07:32.221 [worker-akka.actor.default-dispatcher-3] INFO  o.a.z.ZooKeeper  - Client environment:java.vendor=Oracle Corporation
15:07:32.221 [worker-akka.actor.default-dispatcher-3] INFO  o.a.z.ZooKeeper  - Client environment:java.home=/usr/lib/jvm/java-8-openjdk-amd64/jre
15:07:32.221 [worker-akka.actor.default-dispatcher-3] INFO  o.a.z.ZooKeeper  - Client environment:java.class.path=lib/commons-cli-1.4.jar:lib/minlog-1.3.0.jar:lib/asm-5.0.4.jar:lib/hadoop-annotations-2.7.3.jar:lib/hadoop-auth-2.7.3.jar:lib/akka-slf4j_2.11-2.5.6.jar:lib/jersey-core-1.9.jar:lib/lz4-1.3.0.jar:lib/jackson-core-asl-1.9.13.jar:lib/aeron-client-1.3.0.jar:lib/htrace-core-3.1.0-incubating.jar:lib/xz-1.0.jar:lib/commons-httpclient-3.1.jar:lib/asm-3.1.jar:lib/commons-lang3-3.4.jar:lib/scala-library-2.11.11.jar:lib/scala-java8-compat_2.11-0.7.0.jar:lib/commons-configuration-1.6.jar:lib/objenesis-2.1.jar:lib/jackson-annotations-2.8.0.jar:lib/jsr305-3.0.0.jar:lib/curator-framework-2.7.1.jar:lib/jersey-server-1.9.jar:lib/jets3t-0.9.0.jar:lib/leveldb-0.7.jar:lib/jetty-6.1.26.jar:lib/stax-api-1.0-2.jar:lib/flamestream-core-1.0-SNAPSHOT.jar:lib/reflectasm-1.07-shaded.jar:lib/apacheds-kerberos-codec-2.0.0-M15.jar:lib/api-asn1-api-1.0.0-M20.jar:lib/commons-lang-2.6.jar:lib/commons-beanutils-1.7.0.jar:lib/jackson-xc-1.8.3.jar:lib/jetty-util-6.1.26.jar:lib/logback-classic-1.2.3.jar:lib/jool-0.9.12.jar:lib/httpcore-4.1.2.jar:lib/kryo-4.0.0.jar:lib/ant-1.8.1.jar:lib/jaxb-impl-2.2.3-1.jar:lib/jersey-json-1.9.jar:lib/commons-compress-1.4.1.jar:lib/leveldbjni-all-1.8.jar:lib/paranamer-2.3.jar:lib/jackson-core-2.8.4.jar:lib/commons-math3-3.6.1.jar:lib/scala-parser-combinators_2.11-1.0.4.jar:lib/netty-3.10.6.Final.jar:lib/trove4j-3.0.3.jar:lib/jaxb-api-2.2.2.jar:lib/logback-core-1.2.3.jar:lib/snappy-java-1.0.4.1.jar:lib/protobuf-java-2.5.0.jar:lib/reactive-streams-1.0.1.jar:lib/flamestream-examples-1.0-SNAPSHOT.jar:lib/commons-codec-1.4.jar:lib/activation-1.1.jar:lib/commons-net-3.1.jar:lib/curator-recipes-2.7.1.jar:lib/jackson-mapper-asl-1.9.13.jar:lib/jackson-databind-2.8.4.jar:lib/flamestream-runtime-1.0-SNAPSHOT.jar:lib/jackson-jaxrs-1.8.3.jar:lib/slf4j-api-1.7.24.jar:lib/akka-remote_2.11-2.5.6.jar:lib/akka-testkit_2.11-2.5.6.jar:lib/jline-0.9.94.jar:lib/jedis-2.9.0.jar:lib/akka-stream_2.11-2.5.6.jar:lib/jsp-api-2.1.jar:lib/kryonet-2.21.jar:lib/akka-kryo-serialization_2.11-0.5.0.jar:lib/config-1.3.1.jar:lib/ant-launcher-1.8.1.jar:lib/commons-logging-1.2.jar:lib/ssl-config-core_2.11-0.2.2.jar:lib/testng-6.10.jar:lib/leveldb-api-0.7.jar:lib/reflectasm-1.11.3.jar:lib/jcommander-1.48.jar:lib/commons-1.1.jar:lib/commons-digester-1.8.jar:lib/minlog-1.2.jar:lib/java-xmlbuilder-0.4.jar:lib/jettison-1.1.jar:lib/gson-2.2.4.jar:lib/jdk.tools-1.8.jar:lib/aeron-driver-1.3.0.jar:lib/zookeeper-3.4.9.jar:lib/commons-beanutils-core-1.8.0.jar:lib/commons-math3-3.1.1.jar:lib/akka-actor_2.11-2.5.6.jar:lib/curator-client-2.7.1.jar:lib/servlet-api-2.5.jar:lib/commons-pool2-2.4.2.jar:lib/apacheds-i18n-2.0.0-M15.jar:lib/commons-io-2.4.jar:lib/commons-codec-1.6.jar:lib/akka-protobuf_2.11-2.5.6.jar:lib/jdom-2.0.2.jar:lib/rocksdbjni-5.5.1.jar:lib/api-util-1.0.0-M20.jar:lib/hadoop-common-2.7.3.jar:lib/agrona-0.9.6.jar:lib/xmlenc-0.52.jar:lib/guava-21.0.jar:lib/commons-collections-3.2.2.jar:lib/avro-1.7.4.jar:lib/httpclient-4.1.2.jar:lib/flamestream-core-1.0-SNAPSHOT-tests.jar:lib/annotations-12.0.jar:lib/jsch-0.1.42.jar:flamestream-runtime-1.0-SNAPSHOT.jar
15:07:32.221 [worker-akka.actor.default-dispatcher-3] INFO  o.a.z.ZooKeeper  - Client environment:java.library.path=/usr/java/packages/lib/amd64:/usr/lib/x86_64-linux-gnu/jni:/lib/x86_64-linux-gnu:/usr/lib/x86_64-linux-gnu:/usr/lib/jni:/lib:/usr/lib
15:07:32.221 [worker-akka.actor.default-dispatcher-3] INFO  o.a.z.ZooKeeper  - Client environment:java.io.tmpdir=/tmp
15:07:32.221 [worker-akka.actor.default-dispatcher-3] INFO  o.a.z.ZooKeeper  - Client environment:java.compiler=<NA>
15:07:32.221 [worker-akka.actor.default-dispatcher-3] INFO  o.a.z.ZooKeeper  - Client environment:os.name=Linux
15:07:32.221 [worker-akka.actor.default-dispatcher-3] INFO  o.a.z.ZooKeeper  - Client environment:os.arch=amd64
15:07:32.224 [worker-akka.actor.default-dispatcher-3] INFO  o.a.z.ZooKeeper  - Client environment:os.version=4.4.0-1049-aws
15:07:32.225 [worker-akka.actor.default-dispatcher-3] INFO  o.a.z.ZooKeeper  - Client environment:user.name=root
15:07:32.225 [worker-akka.actor.default-dispatcher-3] INFO  o.a.z.ZooKeeper  - Client environment:user.home=/root
15:07:32.225 [worker-akka.actor.default-dispatcher-3] INFO  o.a.z.ZooKeeper  - Client environment:user.dir=/opt/flamestream
15:07:32.228 [worker-akka.actor.default-dispatcher-3] INFO  o.a.z.ZooKeeper  - Initiating client connection, connectString=10.0.0.14:2181 sessionTimeout=5000 watcher=com.spbsu.flamestream.runtime.application.LifecycleWatcher$$Lambda$30/1932441021@311940b3
15:07:32.263 [worker-akka.actor.default-dispatcher-3-SendThread(10.0.0.14:2181)] INFO  o.a.z.ClientCnxn  - Opening socket connection to server 10.0.0.14/10.0.0.14:2181. Will not attempt to authenticate using SASL (unknown error)
15:07:32.273 [worker-akka.actor.default-dispatcher-3-SendThread(10.0.0.14:2181)] INFO  o.a.z.ClientCnxn  - Socket connection established to 10.0.0.14/10.0.0.14:2181, initiating session
15:07:32.281 [worker-akka.actor.default-dispatcher-3-SendThread(10.0.0.14:2181)] INFO  o.a.z.ClientCnxn  - Session establishment complete on server 10.0.0.14/10.0.0.14:2181, sessionid = 0x162724b934d0009, negotiated timeout = 6000
15:07:32.294 [worker-akka.actor.default-dispatcher-4] INFO  a.a.RepointableActorRef akka://worker/user/watcher - Initializing rocksDB backend
15:07:32.474 [worker-akka.actor.default-dispatcher-4] INFO  a.a.RepointableActorRef akka://worker/user/watcher - Connected to ZK
15:07:40.625 [worker-akka.actor.default-dispatcher-4] INFO  a.a.RepointableActorRef akka://worker/user/watcher - Creating node with watchGraphs: 'com.spbsu.flamestream.core.Graph$Builder$MyGraph@72565c1', config: 'ClusterConfig{paths={10.0.0.82=akka://worker@10.0.0.82:5412/user/watcher, 10.0.0.102=akka://worker@10.0.0.102:5412/user/watcher, 10.0.0.39=akka://worker@10.0.0.39:5412/user/watcher, 10.0.0.225=akka://worker@10.0.0.225:5412/user/watcher, 10.0.0.27=akka://worker@10.0.0.27:5412/user/watcher, 10.0.0.236=akka://worker@10.0.0.236:5412/user/watcher, 10.0.0.25=akka://worker@10.0.0.25:5412/user/watcher, 10.0.0.167=akka://worker@10.0.0.167:5412/user/watcher, 10.0.0.46=akka://worker@10.0.0.46:5412/user/watcher, 10.0.0.189=akka://worker@10.0.0.189:5412/user/watcher}, ackerLocation='10.0.0.46', props=ComputationLayout{hashGroups={10.0.0.82=com.spbsu.flamestream.runtime.config.HashGroup@1ffe1b9d, 10.0.0.102=com.spbsu.flamestream.runtime.config.HashGroup@5d5c21bc, 10.0.0.39=com.spbsu.flamestream.runtime.config.HashGroup@56dcaf5d, 10.0.0.225=com.spbsu.flamestream.runtime.config.HashGroup@c65a7748, 10.0.0.27=com.spbsu.flamestream.runtime.config.HashGroup@231425fe, 10.0.0.236=com.spbsu.flamestream.runtime.config.HashGroup@fbc82752, 10.0.0.25=com.spbsu.flamestream.runtime.config.HashGroup@ccbcd570, 10.0.0.167=com.spbsu.flamestream.runtime.config.HashGroup@4276a447, 10.0.0.46=com.spbsu.flamestream.runtime.config.HashGroup@c01f, 10.0.0.189=com.spbsu.flamestream.runtime.config.HashGroup@3fc198ed}}}'
15:07:41.456 [worker-akka.actor.default-dispatcher-3] INFO  a.a.LocalActorRef akka://worker/user/watcher/graph_at_0/graph - Starting...
15:07:41.467 [worker-akka.actor.default-dispatcher-5] INFO  a.a.LocalActorRef akka://worker/user/watcher/graph_at_0/graph/local-acker/$a - Starting...
15:07:41.474 [worker-akka.actor.default-dispatcher-3] INFO  a.a.LocalActorRef akka://worker/user/watcher/graph_at_0/graph/local-acker - Starting...
15:07:43.201 [worker-akka.actor.default-dispatcher-2] INFO  a.a.LocalActorRef akka://worker/user/watcher/graph_at_0/graph - Finishing constructor
15:07:43.203 [worker-akka.actor.default-dispatcher-2] INFO  a.a.LocalActorRef akka://worker/user/watcher/graph_at_0/edge - Starting...
15:07:43.208 [worker-akka.actor.default-dispatcher-3] INFO  a.a.LocalActorRef akka://worker/user/watcher/graph_at_0 - Starting FlameNode with config 'ClusterConfig{paths={10.0.0.82=akka://worker@10.0.0.82:5412/user/watcher/graph_at_0, 10.0.0.102=akka://worker@10.0.0.102:5412/user/watcher/graph_at_0, 10.0.0.39=akka://worker@10.0.0.39:5412/user/watcher/graph_at_0, 10.0.0.225=akka://worker@10.0.0.225:5412/user/watcher/graph_at_0, 10.0.0.27=akka://worker@10.0.0.27:5412/user/watcher/graph_at_0, 10.0.0.236=akka://worker@10.0.0.236:5412/user/watcher/graph_at_0, 10.0.0.25=akka://worker@10.0.0.25:5412/user/watcher/graph_at_0, 10.0.0.167=akka://worker@10.0.0.167:5412/user/watcher/graph_at_0, 10.0.0.46=akka://worker@10.0.0.46:5412/user/watcher/graph_at_0, 10.0.0.189=akka://worker@10.0.0.189:5412/user/watcher/graph_at_0}, ackerLocation='10.0.0.46', props=ComputationLayout{hashGroups={10.0.0.82=com.spbsu.flamestream.runtime.config.HashGroup@1ffe1b9d, 10.0.0.102=com.spbsu.flamestream.runtime.config.HashGroup@5d5c21bc, 10.0.0.39=com.spbsu.flamestream.runtime.config.HashGroup@56dcaf5d, 10.0.0.225=com.spbsu.flamestream.runtime.config.HashGroup@c65a7748, 10.0.0.27=com.spbsu.flamestream.runtime.config.HashGroup@231425fe, 10.0.0.236=com.spbsu.flamestream.runtime.config.HashGroup@fbc82752, 10.0.0.25=com.spbsu.flamestream.runtime.config.HashGroup@ccbcd570, 10.0.0.167=com.spbsu.flamestream.runtime.config.HashGroup@4276a447, 10.0.0.46=com.spbsu.flamestream.runtime.config.HashGroup@c01f, 10.0.0.189=com.spbsu.flamestream.runtime.config.HashGroup@3fc198ed}}}'
15:07:43.211 [worker-akka.actor.default-dispatcher-6] INFO  a.a.LocalActorRef akka://worker/user/watcher/graph_at_0/negotiator - Starting...
15:07:43.241 [worker-akka.actor.default-dispatcher-3] INFO  a.a.LocalActorRef akka://worker/user/watcher/graph_at_0/negotiator - Requesting ticket for the frontClass FlameSocketGraphDeployerFront@10.0.0.236
15:07:43.268 [worker-akka.actor.default-dispatcher-11] INFO  a.a.LocalActorRef akka://worker/user/watcher/graph_at_0/graph - Received last commit 'LastCommit{globalTime=(0000000, min@min)}'
15:07:43.303 [worker-akka.actor.default-dispatcher-11] INFO  a.a.LocalActorRef akka://worker/user/watcher/graph_at_0/edge/FlameSocketGraphDeployerFront - Starting...
15:07:43.304 [worker-akka.actor.default-dispatcher-4] INFO  c.s.f.r.e.s.SocketRear  - FlameSocketGraphDeployerRear@10.0.0.236: connecting to 10.0.0.14:5678
15:07:43.317 [worker-akka.actor.default-dispatcher-4] INFO  c.s.f.r.e.s.SocketRear  - FlameSocketGraphDeployerRear@10.0.0.236: connected to 10.0.0.14:5678
15:07:43.318 [worker-akka.actor.default-dispatcher-4] INFO  a.a.LocalActorRef akka://worker/user/watcher/graph_at_0/edge/FlameSocketGraphDeployerRear - Starting...
15:07:43.357 [worker-akka.actor.default-dispatcher-4] INFO  a.a.LocalActorRef akka://worker/user/watcher/graph_at_0/graph/$a - Starting...
15:07:43.361 [worker-akka.actor.default-dispatcher-4] INFO  a.a.LocalActorRef akka://worker/user/watcher/graph_at_0/graph/$b - Starting...
15:07:43.381 [worker-akka.actor.default-dispatcher-4] INFO  a.a.LocalActorRef akka://worker/user/watcher/graph_at_0/graph/$c - Starting...
15:07:43.407 [worker-akka.actor.default-dispatcher-4] INFO  a.a.LocalActorRef akka://worker/user/watcher/graph_at_0/graph/$c - Attached rear to graph (-9223372036854775808, min@min)
15:07:43.571 [worker-akka.actor.default-dispatcher-4] INFO  a.a.LocalActorRef akka://worker/user/watcher/graph_at_0/negotiator - Ticket for the frontClass received: FrontTicket{allowedTimestamp=(0000000, FlameSocketGraphDeployerFront@10.0.0.236)}
15:07:43.573 [worker-akka.actor.default-dispatcher-4] INFO  c.s.f.r.e.s.SocketFront  - FlameSocketGraphDeployerFront@10.0.0.236: connecting to 10.0.0.14:4567
15:07:43.585 [Client] INFO  c.s.f.r.e.s.SocketFront  - FlameSocketGraphDeployerFront@10.0.0.236 has been disconnected from Connection 7
2018-03-29T15:07:47.999+0000: 18.311: [GC (Allocation Failure) 2018-03-29T15:07:47.999+0000: 18.311: [DefNew: 136576K->15992K(153600K), 0.0284456 secs] 152450K->51398K(494976K), 0.0285377 secs] [Times: user=0.02 sys=0.02, real=0.03 secs] 
2018-03-29T15:07:59.766+0000: 30.079: [GC (Allocation Failure) 2018-03-29T15:07:59.766+0000: 30.079: [DefNew: 152568K->6669K(153600K), 0.0223254 secs] 187974K->50166K(494976K), 0.0224007 secs] [Times: user=0.01 sys=0.01, real=0.02 secs] 
2018-03-29T15:08:11.776+0000: 42.088: [GC (Allocation Failure) 2018-03-29T15:08:11.776+0000: 42.089: [DefNew: 143245K->11159K(153600K), 0.0176225 secs] 186742K->54656K(494976K), 0.0177047 secs] [Times: user=0.02 sys=0.00, real=0.02 secs] 
2018-03-29T15:08:22.323+0000: 52.635: [GC (Allocation Failure) 2018-03-29T15:08:22.323+0000: 52.635: [DefNew: 147735K->10517K(153600K), 0.0212068 secs] 191232K->56376K(494976K), 0.0212902 secs] [Times: user=0.01 sys=0.00, real=0.02 secs] 
2018-03-29T15:08:31.130+0000: 61.442: [GC (Allocation Failure) 2018-03-29T15:08:31.130+0000: 61.442: [DefNew: 147093K->10499K(153600K), 0.0191531 secs] 192952K->60146K(494976K), 0.0192452 secs] [Times: user=0.02 sys=0.00, real=0.02 secs] 
2018-03-29T15:08:38.672+0000: 68.985: [GC (Allocation Failure) 2018-03-29T15:08:38.673+0000: 68.985: [DefNew: 147075K->15324K(153600K), 0.0216161 secs] 196722K->66850K(494976K), 0.0216999 secs] [Times: user=0.02 sys=0.00, real=0.02 secs] 
2018-03-29T15:08:49.435+0000: 79.748: [GC (Allocation Failure) 2018-03-29T15:08:49.436+0000: 79.748: [DefNew: 151900K->4702K(153600K), 0.0208229 secs] 203426K->68346K(494976K), 0.0209066 secs] [Times: user=0.01 sys=0.01, real=0.02 secs] 
2018-03-29T15:08:58.707+0000: 89.019: [GC (Allocation Failure) 2018-03-29T15:08:58.707+0000: 89.019: [DefNew: 141278K->6409K(153600K), 0.0150454 secs] 204922K->70054K(494976K), 0.0151244 secs] [Times: user=0.02 sys=0.00, real=0.02 secs] 
2018-03-29T15:09:09.708+0000: 100.020: [GC (Allocation Failure) 2018-03-29T15:09:09.708+0000: 100.020: [DefNew: 142985K->7870K(153600K), 0.0161372 secs] 206630K->71514K(494976K), 0.0162314 secs] [Times: user=0.01 sys=0.00, real=0.02 secs] 
2018-03-29T15:09:18.752+0000: 109.064: [GC (Allocation Failure) 2018-03-29T15:09:18.752+0000: 109.064: [DefNew: 140906K->10423K(153600K), 0.0195024 secs] 204551K->74067K(494976K), 0.0196171 secs] [Times: user=0.02 sys=0.00, real=0.02 secs] 
2018-03-29T15:09:28.090+0000: 118.402: [GC (Allocation Failure) 2018-03-29T15:09:28.090+0000: 118.402: [DefNew: 146999K->7090K(153600K), 0.0192821 secs] 210643K->73569K(494976K), 0.0193646 secs] [Times: user=0.02 sys=0.00, real=0.02 secs] 
2018-03-29T15:09:35.448+0000: 125.760: [GC (Allocation Failure) 2018-03-29T15:09:35.448+0000: 125.760: [DefNew: 143666K->9587K(153600K), 0.0181468 secs] 210145K->76066K(494976K), 0.0182297 secs] [Times: user=0.02 sys=0.00, real=0.02 secs] 
2018-03-29T15:09:43.482+0000: 133.794: [GC (Allocation Failure) 2018-03-29T15:09:43.482+0000: 133.794: [DefNew: 146163K->17023K(153600K), 0.0252380 secs] 212642K->93265K(494976K), 0.0253319 secs] [Times: user=0.02 sys=0.00, real=0.02 secs] 
2018-03-29T15:09:51.757+0000: 142.069: [GC (Allocation Failure) 2018-03-29T15:09:51.757+0000: 142.069: [DefNew: 153051K->5552K(153600K), 0.0195722 secs] 229292K->98667K(494976K), 0.0196544 secs] [Times: user=0.02 sys=0.01, real=0.02 secs] 
2018-03-29T15:10:00.710+0000: 151.022: [GC (Allocation Failure) 2018-03-29T15:10:00.710+0000: 151.022: [DefNew: 142128K->5770K(153600K), 0.0128622 secs] 235243K->98885K(494976K), 0.0129390 secs] [Times: user=0.02 sys=0.00, real=0.02 secs] 
2018-03-29T15:10:08.722+0000: 159.035: [GC (Allocation Failure) 2018-03-29T15:10:08.722+0000: 159.035: [DefNew: 142346K->8948K(153600K), 0.0177834 secs] 235461K->102064K(494976K), 0.0178702 secs] [Times: user=0.01 sys=0.00, real=0.02 secs] 
2018-03-29T15:10:17.761+0000: 168.073: [GC (Allocation Failure) 2018-03-29T15:10:17.761+0000: 168.073: [DefNew: 140844K->8709K(153600K), 0.0194477 secs] 233959K->102999K(494976K), 0.0195272 secs] [Times: user=0.02 sys=0.00, real=0.02 secs] 
2018-03-29T15:10:25.098+0000: 175.411: [GC (Allocation Failure) 2018-03-29T15:10:25.098+0000: 175.411: [DefNew: 145285K->7659K(153600K), 0.0171026 secs] 239575K->102854K(494976K), 0.0172010 secs] [Times: user=0.02 sys=0.00, real=0.02 secs] 
2018-03-29T15:10:32.172+0000: 182.484: [GC (Allocation Failure) 2018-03-29T15:10:32.172+0000: 182.484: [DefNew: 144235K->8566K(153600K), 0.0298295 secs] 239430K->103761K(494976K), 0.0299257 secs] [Times: user=0.03 sys=0.00, real=0.04 secs] 
2018-03-29T15:10:40.365+0000: 190.677: [GC (Allocation Failure) 2018-03-29T15:10:40.365+0000: 190.677: [DefNew: 145142K->8768K(153600K), 0.0179109 secs] 240337K->105011K(494976K), 0.0179924 secs] [Times: user=0.02 sys=0.00, real=0.02 secs] 
2018-03-29T15:10:47.601+0000: 197.913: [GC (Allocation Failure) 2018-03-29T15:10:47.601+0000: 197.913: [DefNew: 145344K->8755K(153600K), 0.0173463 secs] 241587K->105968K(494976K), 0.0174268 secs] [Times: user=0.02 sys=0.00, real=0.01 secs] 
2018-03-29T15:10:55.628+0000: 205.940: [GC (Allocation Failure) 2018-03-29T15:10:55.628+0000: 205.940: [DefNew: 145331K->8733K(153600K), 0.0324843 secs] 242544K->106973K(494976K), 0.0325694 secs] [Times: user=0.04 sys=0.00, real=0.04 secs] 
2018-03-29T15:11:02.764+0000: 213.076: [GC (Allocation Failure) 2018-03-29T15:11:02.764+0000: 213.076: [DefNew: 143683K->10525K(153600K), 0.0215755 secs] 241923K->109823K(494976K), 0.0216622 secs] [Times: user=0.02 sys=0.00, real=0.02 secs] 
2018-03-29T15:11:09.721+0000: 220.033: [GC (Allocation Failure) 2018-03-29T15:11:09.721+0000: 220.033: [DefNew: 147101K->9549K(153600K), 0.0217928 secs] 246399K->110885K(494976K), 0.0218793 secs] [Times: user=0.02 sys=0.00, real=0.02 secs] 
2018-03-29T15:11:17.420+0000: 227.732: [GC (Allocation Failure) 2018-03-29T15:11:17.420+0000: 227.732: [DefNew: 146125K->7698K(153600K), 0.0329483 secs] 247461K->110044K(494976K), 0.0330301 secs] [Times: user=0.03 sys=0.00, real=0.03 secs] 
2018-03-29T15:11:23.770+0000: 234.082: [GC (Allocation Failure) 2018-03-29T15:11:23.770+0000: 234.082: [DefNew: 144274K->11442K(153600K), 0.0207390 secs] 246620K->113788K(494976K), 0.0208247 secs] [Times: user=0.02 sys=0.01, real=0.02 secs] 
2018-03-29T15:11:31.418+0000: 241.730: [GC (Allocation Failure) 2018-03-29T15:11:31.418+0000: 241.730: [DefNew: 148018K->6555K(153600K), 0.0179368 secs] 250364K->112406K(494976K), 0.0180398 secs] [Times: user=0.02 sys=0.00, real=0.02 secs] 
2018-03-29T15:11:38.934+0000: 249.246: [GC (Allocation Failure) 2018-03-29T15:11:38.934+0000: 249.246: [DefNew: 143131K->7463K(153600K), 0.0138872 secs] 248982K->113313K(494976K), 0.0139683 secs] [Times: user=0.01 sys=0.00, real=0.01 secs] 
2018-03-29T15:11:46.343+0000: 256.655: [GC (Allocation Failure) 2018-03-29T15:11:46.343+0000: 256.655: [DefNew: 144039K->8786K(153600K), 0.0155602 secs] 249889K->114637K(494976K), 0.0156374 secs] [Times: user=0.01 sys=0.00, real=0.01 secs] 
2018-03-29T15:11:52.959+0000: 263.271: [GC (Allocation Failure) 2018-03-29T15:11:52.959+0000: 263.271: [DefNew: 145362K->8767K(153600K), 0.0169122 secs] 251213K->115736K(494976K), 0.0170061 secs] [Times: user=0.02 sys=0.00, real=0.02 secs] 
2018-03-29T15:11:59.715+0000: 270.027: [GC (Allocation Failure) 2018-03-29T15:11:59.715+0000: 270.027: [DefNew: 145343K->8850K(153600K), 0.0177335 secs] 252312K->116684K(494976K), 0.0178219 secs] [Times: user=0.02 sys=0.00, real=0.02 secs] 
2018-03-29T15:12:05.733+0000: 276.046: [GC (Allocation Failure) 2018-03-29T15:12:05.733+0000: 276.046: [DefNew: 145426K->10451K(153600K), 0.0405572 secs] 253260K->119117K(494976K), 0.0406397 secs] [Times: user=0.04 sys=0.00, real=0.04 secs] 
2018-03-29T15:12:11.783+0000: 282.095: [GC (Allocation Failure) 2018-03-29T15:12:11.783+0000: 282.095: [DefNew: 142394K->8564K(153600K), 0.0192466 secs] 251060K->119093K(494976K), 0.0193389 secs] [Times: user=0.02 sys=0.00, real=0.02 secs] 
2018-03-29T15:12:17.106+0000: 287.419: [GC (Allocation Failure) 2018-03-29T15:12:17.107+0000: 287.419: [DefNew: 145140K->8870K(153600K), 0.0175066 secs] 255669K->120436K(494976K), 0.0175945 secs] [Times: user=0.02 sys=0.00, real=0.02 secs] 
2018-03-29T15:12:22.818+0000: 293.130: [GC (Allocation Failure) 2018-03-29T15:12:22.818+0000: 293.130: [DefNew: 145446K->8628K(153600K), 0.0190072 secs] 257012K->121255K(494976K), 0.0190820 secs] [Times: user=0.01 sys=0.00, real=0.02 secs] 
2018-03-29T15:12:28.782+0000: 299.095: [GC (Allocation Failure) 2018-03-29T15:12:28.782+0000: 299.095: [DefNew: 141590K->7933K(153600K), 0.0162354 secs] 254217K->122065K(494976K), 0.0163212 secs] [Times: user=0.00 sys=0.01, real=0.01 secs] 
2018-03-29T15:12:34.784+0000: 305.096: [GC (Allocation Failure) 2018-03-29T15:12:34.784+0000: 305.096: [DefNew: 141707K->8904K(153600K), 0.0143424 secs] 255839K->123036K(494976K), 0.0144277 secs] [Times: user=0.01 sys=0.00, real=0.01 secs] 
2018-03-29T15:12:40.715+0000: 311.027: [GC (Allocation Failure) 2018-03-29T15:12:40.715+0000: 311.027: [DefNew: 145480K->9875K(153600K), 0.0184090 secs] 259612K->125096K(494976K), 0.0184951 secs] [Times: user=0.02 sys=0.00, real=0.02 secs] 
2018-03-29T15:12:44.799+0000: 315.111: [GC (Allocation Failure) 2018-03-29T15:12:44.799+0000: 315.111: [DefNew: 142556K->17023K(153600K), 0.0263135 secs] 257778K->157647K(494976K), 0.0263962 secs] [Times: user=0.02 sys=0.00, real=0.03 secs] 
2018-03-29T15:12:50.721+0000: 321.033: [GC (Allocation Failure) 2018-03-29T15:12:50.721+0000: 321.033: [DefNew: 153599K->5981K(153600K), 0.0194449 secs] 294223K->163419K(494976K), 0.0195283 secs] [Times: user=0.01 sys=0.01, real=0.02 secs] 
2018-03-29T15:12:55.885+0000: 326.197: [GC (Allocation Failure) 2018-03-29T15:12:55.885+0000: 326.197: [DefNew: 136414K->6805K(153600K), 0.0214918 secs] 293852K->164243K(494976K), 0.0215770 secs] [Times: user=0.02 sys=0.00, real=0.02 secs] 
2018-03-29T15:13:01.729+0000: 332.042: [GC (Allocation Failure) 2018-03-29T15:13:01.730+0000: 332.042: [DefNew: 143381K->10540K(153600K), 0.0215008 secs] 300819K->167978K(494976K), 0.0215942 secs] [Times: user=0.02 sys=0.00, real=0.02 secs] 
2018-03-29T15:13:07.124+0000: 337.436: [GC (Allocation Failure) 2018-03-29T15:13:07.124+0000: 337.436: [DefNew: 147116K->6759K(153600K), 0.0184633 secs] 304554K->166686K(494976K), 0.0185667 secs] [Times: user=0.01 sys=0.01, real=0.02 secs] 
2018-03-29T15:13:13.020+0000: 343.332: [GC (Allocation Failure) 2018-03-29T15:13:13.020+0000: 343.332: [DefNew: 143335K->7778K(153600K), 0.0131312 secs] 303262K->167705K(494976K), 0.0132153 secs] [Times: user=0.01 sys=0.00, real=0.01 secs] 
2018-03-29T15:13:18.884+0000: 349.197: [GC (Allocation Failure) 2018-03-29T15:13:18.884+0000: 349.197: [DefNew: 139781K->9216K(153600K), 0.0261938 secs] 299707K->169142K(494976K), 0.0262852 secs] [Times: user=0.03 sys=0.00, real=0.02 secs] 
2018-03-29T15:13:24.754+0000: 355.066: [GC (Allocation Failure) 2018-03-29T15:13:24.754+0000: 355.066: [DefNew: 145792K->12136K(153600K), 0.0212215 secs] 305718K->172893K(494976K), 0.0213090 secs] [Times: user=0.02 sys=0.00, real=0.02 secs] 
2018-03-29T15:13:30.100+0000: 360.412: [GC (Allocation Failure) 2018-03-29T15:13:30.100+0000: 360.412: [DefNew: 148712K->6637K(153600K), 0.0170454 secs] 309469K->170873K(494976K), 0.0171391 secs] [Times: user=0.01 sys=0.00, real=0.01 secs] 
2018-03-29T15:13:35.796+0000: 366.108: [GC (Allocation Failure) 2018-03-29T15:13:35.796+0000: 366.108: [DefNew: 137330K->8714K(153600K), 0.0148259 secs] 301566K->172949K(494976K), 0.0149092 secs] [Times: user=0.01 sys=0.00, real=0.01 secs] 
2018-03-29T15:13:40.723+0000: 371.036: [GC (Allocation Failure) 2018-03-29T15:13:40.724+0000: 371.036: [DefNew: 145290K->10403K(153600K), 0.0188564 secs] 309525K->175646K(494976K), 0.0189417 secs] [Times: user=0.02 sys=0.00, real=0.02 secs] 
2018-03-29T15:13:46.767+0000: 377.079: [GC (Allocation Failure) 2018-03-29T15:13:46.767+0000: 377.079: [DefNew: 146979K->8410K(153600K), 0.0402559 secs] 312222K->176661K(494976K), 0.0403413 secs] [Times: user=0.04 sys=0.00, real=0.04 secs] 
2018-03-29T15:13:52.222+0000: 382.535: [GC (Allocation Failure) 2018-03-29T15:13:52.222+0000: 382.535: [DefNew: 144986K->7983K(153600K), 0.0133736 secs] 313237K->176234K(494976K), 0.0134558 secs] [Times: user=0.01 sys=0.00, real=0.01 secs] 
2018-03-29T15:13:57.794+0000: 388.106: [GC (Allocation Failure) 2018-03-29T15:13:57.794+0000: 388.106: [DefNew: 143624K->9383K(153600K), 0.0151227 secs] 311875K->177634K(494976K), 0.0152136 secs] [Times: user=0.02 sys=0.00, real=0.01 secs] 
2018-03-29T15:14:02.493+0000: 392.805: [GC (Allocation Failure) 2018-03-29T15:14:02.493+0000: 392.805: [DefNew: 145959K->10100K(153600K), 0.0173550 secs] 314210K->179258K(494976K), 0.0174454 secs] [Times: user=0.01 sys=0.00, real=0.01 secs] 
2018-03-29T15:14:08.028+0000: 398.340: [GC (Allocation Failure) 2018-03-29T15:14:08.028+0000: 398.340: [DefNew: 146676K->8724K(153600K), 0.0310935 secs] 315834K->179729K(494976K), 0.0311811 secs] [Times: user=0.02 sys=0.00, real=0.03 secs] 
2018-03-29T15:14:13.345+0000: 403.657: [GC (Allocation Failure) 2018-03-29T15:14:13.345+0000: 403.657: [DefNew: 145300K->8751K(153600K), 0.0162906 secs] 316305K->181088K(494976K), 0.0163856 secs] [Times: user=0.01 sys=0.01, real=0.02 secs] 
2018-03-29T15:14:18.800+0000: 409.112: [GC (Allocation Failure) 2018-03-29T15:14:18.800+0000: 409.112: [DefNew: 141697K->8011K(153600K), 0.0150006 secs] 314034K->182124K(494976K), 0.0151015 secs] [Times: user=0.01 sys=0.00, real=0.02 secs] 
2018-03-29T15:14:23.786+0000: 414.098: [GC (Allocation Failure) 2018-03-29T15:14:23.786+0000: 414.098: [DefNew: 144587K->12711K(153600K), 0.0215602 secs] 318700K->186824K(494976K), 0.0216453 secs] [Times: user=0.02 sys=0.00, real=0.02 secs] 
2018-03-29T15:14:27.973+0000: 418.286: [GC (Allocation Failure) 2018-03-29T15:14:27.974+0000: 418.286: [DefNew: 149287K->17024K(153600K), 0.0416486 secs] 323400K->195423K(494976K), 0.0417235 secs] [Times: user=0.04 sys=0.00, real=0.04 secs] 
2018-03-29T15:14:33.740+0000: 424.052: [GC (Allocation Failure) 2018-03-29T15:14:33.740+0000: 424.052: [DefNew: 153600K->6569K(153600K), 0.0342619 secs] 331999K->188169K(494976K), 0.0343486 secs] [Times: user=0.03 sys=0.00, real=0.03 secs] 
2018-03-29T15:14:38.733+0000: 429.045: [GC (Allocation Failure) 2018-03-29T15:14:38.733+0000: 429.045: [DefNew: 143145K->10147K(153600K), 0.0170356 secs] 324745K->191747K(494976K), 0.0171358 secs] [Times: user=0.01 sys=0.00, real=0.01 secs] 
2018-03-29T15:14:43.365+0000: 433.677: [GC (Allocation Failure) 2018-03-29T15:14:43.365+0000: 433.677: [DefNew: 146723K->7189K(153600K), 0.0151588 secs] 328323K->190465K(494976K), 0.0152467 secs] [Times: user=0.01 sys=0.00, real=0.02 secs] 
2018-03-29T15:14:47.842+0000: 438.154: [GC (Allocation Failure) 2018-03-29T15:14:47.842+0000: 438.154: [DefNew: 136251K->8564K(153600K), 0.0131958 secs] 319528K->191840K(494976K), 0.0132856 secs] [Times: user=0.01 sys=0.00, real=0.01 secs] 
2018-03-29T15:14:52.350+0000: 442.662: [GC (Allocation Failure) 2018-03-29T15:14:52.350+0000: 442.662: [DefNew: 145140K->8985K(153600K), 0.0163583 secs] 328416K->193341K(494976K), 0.0164468 secs] [Times: user=0.02 sys=0.00, real=0.02 secs] 
2018-03-29T15:14:57.721+0000: 448.033: [GC (Allocation Failure) 2018-03-29T15:14:57.721+0000: 448.033: [DefNew: 145561K->8869K(153600K), 0.0296662 secs] 329917K->194586K(494976K), 0.0297575 secs] [Times: user=0.03 sys=0.00, real=0.02 secs] 
2018-03-29T15:15:02.813+0000: 453.126: [GC (Allocation Failure) 2018-03-29T15:15:02.813+0000: 453.126: [DefNew: 139304K->7876K(153600K), 0.0142513 secs] 325021K->194825K(494976K), 0.0143464 secs] [Times: user=0.01 sys=0.00, real=0.01 secs] 
2018-03-29T15:15:07.669+0000: 457.981: [GC (Allocation Failure) 2018-03-29T15:15:07.669+0000: 457.981: [DefNew: 144452K->9624K(153600K), 0.0141001 secs] 331401K->196573K(494976K), 0.0141821 secs] [Times: user=0.01 sys=0.00, real=0.02 secs] 
2018-03-29T15:15:11.812+0000: 462.124: [GC (Allocation Failure) 2018-03-29T15:15:11.812+0000: 462.125: [DefNew: 135744K->9545K(153600K), 0.0169533 secs] 322693K->197502K(494976K), 0.0170398 secs] [Times: user=0.01 sys=0.00, real=0.01 secs] 
2018-03-29T15:15:16.777+0000: 467.089: [GC (Allocation Failure) 2018-03-29T15:15:16.777+0000: 467.089: [DefNew: 146121K->13229K(153600K), 0.0225754 secs] 334078K->202006K(494976K), 0.0226658 secs] [Times: user=0.03 sys=0.00, real=0.02 secs] 
2018-03-29T15:15:21.732+0000: 472.044: [GC (Allocation Failure) 2018-03-29T15:15:21.732+0000: 472.044: [DefNew: 149805K->8072K(153600K), 0.0414608 secs] 338582K->200354K(494976K), 0.0415441 secs] [Times: user=0.04 sys=0.00, real=0.04 secs] 
2018-03-29T15:15:27.011+0000: 477.323: [GC (Allocation Failure) 2018-03-29T15:15:27.011+0000: 477.323: [DefNew: 144648K->7710K(153600K), 0.0216918 secs] 336930K->199993K(494976K), 0.0217810 secs] [Times: user=0.03 sys=0.00, real=0.03 secs] 
2018-03-29T15:15:31.839+0000: 482.152: [GC (Allocation Failure) 2018-03-29T15:15:31.839+0000: 482.152: [DefNew: 138263K->9359K(153600K), 0.0153499 secs] 330545K->201641K(494976K), 0.0154378 secs] [Times: user=0.02 sys=0.00, real=0.02 secs] 
2018-03-29T15:15:36.726+0000: 487.038: [GC (Allocation Failure) 2018-03-29T15:15:36.726+0000: 487.038: [DefNew: 145935K->12000K(153600K), 0.0213593 secs] 338217K->205239K(494976K), 0.0214515 secs] [Times: user=0.02 sys=0.00, real=0.02 secs] 
2018-03-29T15:15:41.160+0000: 491.472: [GC (Allocation Failure) 2018-03-29T15:15:41.160+0000: 491.472: [DefNew: 148576K->7196K(153600K), 0.0164908 secs] 341815K->203912K(494976K), 0.0165859 secs] [Times: user=0.02 sys=0.00, real=0.01 secs] 
2018-03-29T15:15:45.944+0000: 496.256: [GC (Allocation Failure) 2018-03-29T15:15:45.944+0000: 496.256: [DefNew: 143772K->17023K(153600K), 0.0368942 secs] 340488K->217115K(494976K), 0.0369870 secs] [Times: user=0.04 sys=0.00, real=0.04 secs] 
2018-03-29T15:15:50.230+0000: 500.543: [GC (Allocation Failure) 2018-03-29T15:15:50.231+0000: 500.543: [DefNew: 153599K->5563K(153600K), 0.0159108 secs] 353691K->208554K(494976K), 0.0159960 secs] [Times: user=0.02 sys=0.00, real=0.02 secs] 
2018-03-29T15:15:54.773+0000: 505.085: [GC (Allocation Failure) 2018-03-29T15:15:54.773+0000: 505.085: [DefNew: 142139K->11301K(153600K), 0.0191127 secs] 345130K->214292K(494976K), 0.0192018 secs] [Times: user=0.02 sys=0.00, real=0.01 secs] 
2018-03-29T15:15:59.711+0000: 510.024: [GC (Allocation Failure) 2018-03-29T15:15:59.711+0000: 510.024: [DefNew: 147877K->7036K(153600K), 0.0143258 secs] 350868K->212280K(494976K), 0.0144419 secs] [Times: user=0.02 sys=0.00, real=0.02 secs] 
2018-03-29T15:16:04.736+0000: 515.048: [GC (Allocation Failure) 2018-03-29T15:16:04.736+0000: 515.048: [DefNew: 143612K->11552K(153600K), 0.0182964 secs] 348856K->216796K(494976K), 0.0183949 secs] [Times: user=0.02 sys=0.00, real=0.02 secs] 
2018-03-29T15:16:08.829+0000: 519.141: [GC (Allocation Failure) 2018-03-29T15:16:08.829+0000: 519.141: [DefNew: 136577K->6847K(153600K), 0.0153652 secs] 341821K->215047K(494976K), 0.0154599 secs] [Times: user=0.02 sys=0.00, real=0.02 secs] 
2018-03-29T15:16:12.822+0000: 523.134: [GC (Allocation Failure) 2018-03-29T15:16:12.822+0000: 523.134: [DefNew: 136632K->8817K(153600K), 0.0135344 secs] 344832K->217017K(494976K), 0.0136136 secs] [Times: user=0.01 sys=0.00, real=0.01 secs] 
2018-03-29T15:16:16.924+0000: 527.236: [GC (Allocation Failure) 2018-03-29T15:16:16.924+0000: 527.236: [DefNew: 145393K->8893K(153600K), 0.0151113 secs] 353593K->218223K(494976K), 0.0152062 secs] [Times: user=0.02 sys=0.00, real=0.01 secs] 
15:16:21.036 [Client] INFO  c.s.f.r.e.s.SocketRear  - FlameSocketGraphDeployerRear@10.0.0.236: has been disconnected from Connection 7
2018-03-29T15:16:21.817+0000: 532.129: [GC (Allocation Failure) 2018-03-29T15:16:21.817+0000: 532.129: [DefNew: 140011K->8364K(153600K), 0.0142003 secs] 349340K->219168K(494976K), 0.0142811 secs] [Times: user=0.01 sys=0.00, real=0.01 secs] 
15:16:33.149 [worker-akka.actor.default-dispatcher-15] INFO  a.a.CoordinatedShutdown CoordinatedShutdown(akka://worker) - Starting coordinated shutdown from JVM shutdown hook
15:16:33.187 [worker-akka.actor.default-dispatcher-4] INFO  o.a.z.ZooKeeper  - Session: 0x162724b934d0009 closed
15:16:33.187 [worker-akka.actor.default-dispatcher-3-EventThread] INFO  o.a.z.ClientCnxn  - EventThread shut down for session: 0x162724b934d0009
15:16:33.188 [worker-akka.actor.default-dispatcher-13] INFO  a.a.LocalActorRef akka://worker/user/watcher/graph_at_0/negotiator - Stopped
15:16:33.188 [worker-akka.actor.default-dispatcher-13] INFO  a.a.LocalActorRef akka://worker/user/watcher/graph_at_0/edge/FlameSocketGraphDeployerFront - Stopped
15:16:33.188 [worker-akka.actor.default-dispatcher-13] INFO  a.a.LocalActorRef akka://worker/user/watcher/graph_at_0/graph/$a - Stopped
15:16:33.188 [worker-akka.actor.default-dispatcher-13] INFO  a.a.LocalActorRef akka://worker/user/watcher/graph_at_0/graph/$b - Stopped
15:16:33.189 [worker-akka.actor.default-dispatcher-13] INFO  a.a.LocalActorRef akka://worker/user/watcher/graph_at_0/graph/$c - Stopped
15:16:33.189 [worker-akka.actor.default-dispatcher-13] INFO  a.a.LocalActorRef akka://worker/user/watcher/graph_at_0/graph/local-acker/$a - Stopped
15:16:33.189 [worker-akka.actor.default-dispatcher-13] INFO  a.a.LocalActorRef akka://worker/user/watcher/graph_at_0/graph/local-acker - Stopped
15:16:33.189 [worker-akka.actor.default-dispatcher-13] INFO  a.a.LocalActorRef akka://worker/user/watcher/graph_at_0/graph - Stopped
15:16:33.189 [worker-akka.actor.default-dispatcher-13] INFO  a.a.LocalActorRef akka://worker/user/watcher/graph_at_0/graph/local-acker/$a - Message [com.spbsu.flamestream.runtime.utils.akka.PingActor$InnerPing] from Actor[akka://worker/user/watcher/graph_at_0/graph/local-acker/$a#798243742] to Actor[akka://worker/user/watcher/graph_at_0/graph/local-acker/$a#798243742] was not delivered. [1] dead letters encountered. This logging can be turned off or adjusted with configuration settings 'akka.log-dead-letters' and 'akka.log-dead-letters-during-shutdown'.
15:16:33.189 [worker-akka.actor.default-dispatcher-13] INFO  a.a.LocalActorRef akka://worker/user/watcher/graph_at_0/graph/local-acker/$a - Message [com.spbsu.flamestream.runtime.utils.akka.PingActor$Stop] from Actor[akka://worker/user/watcher/graph_at_0/graph/local-acker#1547286396] to Actor[akka://worker/user/watcher/graph_at_0/graph/local-acker/$a#798243742] was not delivered. [2] dead letters encountered. This logging can be turned off or adjusted with configuration settings 'akka.log-dead-letters' and 'akka.log-dead-letters-during-shutdown'.
15:16:33.190 [worker-akka.actor.default-dispatcher-4] INFO  a.a.LocalActorRef akka://worker/user/watcher/graph_at_0/edge/FlameSocketGraphDeployerRear - Stopped
15:16:33.190 [worker-akka.actor.default-dispatcher-4] INFO  a.a.LocalActorRef akka://worker/user/watcher/graph_at_0/edge - Stopped
15:16:33.191 [worker-akka.actor.default-dispatcher-4] INFO  a.a.LocalActorRef akka://worker/user/watcher/graph_at_0 - Stopped
15:16:33.191 [worker-akka.actor.default-dispatcher-4] INFO  a.a.RepointableActorRef akka://worker/user/watcher - Stopped
15:16:33.205 [worker-akka.actor.default-dispatcher-4] INFO  a.r.RemoteActorRefProvider$RemotingTerminator akka://worker@10.0.0.236:5412/system/remoting-terminator - Shutting down remote daemon.
15:16:33.207 [worker-akka.actor.default-dispatcher-4] INFO  a.r.RemoteActorRefProvider$RemotingTerminator akka://worker@10.0.0.236:5412/system/remoting-terminator - Remote daemon shut down; proceeding with flushing remote transports.
15:16:34.384 [worker-akka.actor.default-dispatcher-13] INFO  a.r.RemoteActorRefProvider$RemotingTerminator akka://worker@10.0.0.236:5412/system/remoting-terminator - Remoting shut down.
Heap
 def new generation   total 153600K, used 36862K [0x00000000e0c00000, 0x00000000eb2a0000, 0x00000000eb2a0000)
  eden space 136576K,  20% used [0x00000000e0c00000, 0x00000000e27d4a50, 0x00000000e9160000)
  from space 17024K,  49% used [0x00000000e9160000, 0x00000000e998b040, 0x00000000ea200000)
  to   space 17024K,   0% used [0x00000000ea200000, 0x00000000ea200000, 0x00000000eb2a0000)
 tenured generation   total 341376K, used 210804K [0x00000000eb2a0000, 0x0000000100000000, 0x0000000100000000)
   the space 341376K,  61% used [0x00000000eb2a0000, 0x00000000f807d2a0, 0x00000000f807d400, 0x0000000100000000)
 Metaspace       used 34372K, capacity 35208K, committed 35456K, reserved 1079296K
  class space    used 4530K, capacity 4703K, committed 4736K, reserved 1048576K
