14:54:17.863 [worker-akka.actor.default-dispatcher-2] INFO  a.e.s.Slf4jLogger  - Slf4jLogger started
2018-02-16T14:54:17.985+0000: 2.033: [Full GC (Metadata GC Threshold) 2018-02-16T14:54:17.985+0000: 2.033: [Tenured: 0K->15409K(341376K), 0.0347859 secs] 117532K->15409K(494976K), [Metaspace: 20877K->20877K(1067008K)], 0.0348486 secs] [Times: user=0.04 sys=0.00, real=0.04 secs] 
Ama winner
Ama winner
14:54:18.336 [worker-akka.actor.default-dispatcher-2] INFO  a.r.a.ArteryTransport(akka://worker) akka.remote.artery.ArteryTransport(akka://worker) - Started embedded media driver in directory [/dev/shm/aeron-root-worker-f7d0f323-26a0-4ec6-8a2f-33c52e2dd321]
14:54:18.529 [worker-akka.actor.default-dispatcher-2] INFO  a.r.a.ArteryTransport(akka://worker) akka.remote.artery.ArteryTransport(akka://worker) - Remoting started; listening on address: [akka://worker@172.31.42.36:5412] with UID [-1658573462941468552]
14:54:18.617 [worker-akka.actor.default-dispatcher-2] INFO  o.a.z.ZooKeeper  - Client environment:zookeeper.version=3.4.9-1757313, built on 08/23/2016 06:50 GMT
14:54:18.617 [worker-akka.actor.default-dispatcher-2] INFO  o.a.z.ZooKeeper  - Client environment:host.name=ip-172-31-42-36.us-east-2.compute.internal
14:54:18.617 [worker-akka.actor.default-dispatcher-2] INFO  o.a.z.ZooKeeper  - Client environment:java.version=1.8.0_151
14:54:18.617 [worker-akka.actor.default-dispatcher-2] INFO  o.a.z.ZooKeeper  - Client environment:java.vendor=Oracle Corporation
14:54:18.617 [worker-akka.actor.default-dispatcher-2] INFO  o.a.z.ZooKeeper  - Client environment:java.home=/usr/lib/jvm/java-8-openjdk-amd64/jre
14:54:18.617 [worker-akka.actor.default-dispatcher-2] INFO  o.a.z.ZooKeeper  - Client environment:java.class.path=lib/commons-cli-1.4.jar:lib/minlog-1.3.0.jar:lib/asm-5.0.4.jar:lib/hadoop-annotations-2.7.3.jar:lib/hadoop-auth-2.7.3.jar:lib/akka-slf4j_2.11-2.5.6.jar:lib/jersey-core-1.9.jar:lib/lz4-1.3.0.jar:lib/jackson-core-asl-1.9.13.jar:lib/aeron-client-1.3.0.jar:lib/htrace-core-3.1.0-incubating.jar:lib/xz-1.0.jar:lib/commons-httpclient-3.1.jar:lib/asm-3.1.jar:lib/commons-lang3-3.4.jar:lib/scala-library-2.11.11.jar:lib/scala-java8-compat_2.11-0.7.0.jar:lib/commons-configuration-1.6.jar:lib/objenesis-2.1.jar:lib/jackson-annotations-2.8.0.jar:lib/jsr305-3.0.0.jar:lib/curator-framework-2.7.1.jar:lib/jersey-server-1.9.jar:lib/jets3t-0.9.0.jar:lib/leveldb-0.7.jar:lib/jetty-6.1.26.jar:lib/stax-api-1.0-2.jar:lib/flamestream-core-1.0-SNAPSHOT.jar:lib/reflectasm-1.07-shaded.jar:lib/apacheds-kerberos-codec-2.0.0-M15.jar:lib/api-asn1-api-1.0.0-M20.jar:lib/commons-lang-2.6.jar:lib/commons-beanutils-1.7.0.jar:lib/jackson-xc-1.8.3.jar:lib/jetty-util-6.1.26.jar:lib/logback-classic-1.2.3.jar:lib/jool-0.9.12.jar:lib/flamestream-runtime-1.0-SNAPSHOT-tests.jar:lib/httpcore-4.1.2.jar:lib/kryo-4.0.0.jar:lib/ant-1.8.1.jar:lib/jaxb-impl-2.2.3-1.jar:lib/jersey-json-1.9.jar:lib/commons-compress-1.4.1.jar:lib/leveldbjni-all-1.8.jar:lib/paranamer-2.3.jar:lib/jackson-core-2.8.4.jar:lib/commons-math3-3.6.1.jar:lib/scala-parser-combinators_2.11-1.0.4.jar:lib/netty-3.10.6.Final.jar:lib/trove4j-3.0.3.jar:lib/jaxb-api-2.2.2.jar:lib/logback-core-1.2.3.jar:lib/snappy-java-1.0.4.1.jar:lib/protobuf-java-2.5.0.jar:lib/reactive-streams-1.0.1.jar:lib/flamestream-examples-1.0-SNAPSHOT.jar:lib/commons-codec-1.4.jar:lib/activation-1.1.jar:lib/commons-net-3.1.jar:lib/curator-recipes-2.7.1.jar:lib/jackson-mapper-asl-1.9.13.jar:lib/jackson-databind-2.8.4.jar:lib/flamestream-runtime-1.0-SNAPSHOT.jar:lib/jackson-jaxrs-1.8.3.jar:lib/slf4j-api-1.7.24.jar:lib/akka-remote_2.11-2.5.6.jar:lib/akka-testkit_2.11-2.5.6.jar:lib/jline-0.9.94.jar:lib/akka-stream_2.11-2.5.6.jar:lib/jsp-api-2.1.jar:lib/kryonet-2.21.jar:lib/akka-kryo-serialization_2.11-0.5.0.jar:lib/config-1.3.1.jar:lib/ant-launcher-1.8.1.jar:lib/commons-logging-1.2.jar:lib/ssl-config-core_2.11-0.2.2.jar:lib/testng-6.10.jar:lib/leveldb-api-0.7.jar:lib/reflectasm-1.11.3.jar:lib/jcommander-1.48.jar:lib/commons-1.1.jar:lib/commons-digester-1.8.jar:lib/minlog-1.2.jar:lib/java-xmlbuilder-0.4.jar:lib/jettison-1.1.jar:lib/gson-2.2.4.jar:lib/jdk.tools-1.8.jar:lib/aeron-driver-1.3.0.jar:lib/zookeeper-3.4.9.jar:lib/commons-beanutils-core-1.8.0.jar:lib/commons-math3-3.1.1.jar:lib/akka-actor_2.11-2.5.6.jar:lib/curator-client-2.7.1.jar:lib/servlet-api-2.5.jar:lib/apacheds-i18n-2.0.0-M15.jar:lib/commons-io-2.4.jar:lib/commons-codec-1.6.jar:lib/akka-protobuf_2.11-2.5.6.jar:lib/protobuf-java-3.5.1.jar:lib/jdom-2.0.2.jar:lib/api-util-1.0.0-M20.jar:lib/hadoop-common-2.7.3.jar:lib/agrona-0.9.6.jar:lib/xmlenc-0.52.jar:lib/guava-21.0.jar:lib/commons-collections-3.2.2.jar:lib/avro-1.7.4.jar:lib/httpclient-4.1.2.jar:lib/flamestream-core-1.0-SNAPSHOT-tests.jar:lib/annotations-12.0.jar:lib/jsch-0.1.42.jar:flamestream-runtime-1.0-SNAPSHOT.jar
14:54:18.617 [worker-akka.actor.default-dispatcher-2] INFO  o.a.z.ZooKeeper  - Client environment:java.library.path=/usr/java/packages/lib/amd64:/usr/lib/x86_64-linux-gnu/jni:/lib/x86_64-linux-gnu:/usr/lib/x86_64-linux-gnu:/usr/lib/jni:/lib:/usr/lib
14:54:18.617 [worker-akka.actor.default-dispatcher-2] INFO  o.a.z.ZooKeeper  - Client environment:java.io.tmpdir=/tmp
14:54:18.617 [worker-akka.actor.default-dispatcher-2] INFO  o.a.z.ZooKeeper  - Client environment:java.compiler=<NA>
14:54:18.617 [worker-akka.actor.default-dispatcher-2] INFO  o.a.z.ZooKeeper  - Client environment:os.name=Linux
14:54:18.618 [worker-akka.actor.default-dispatcher-2] INFO  o.a.z.ZooKeeper  - Client environment:os.arch=amd64
14:54:18.618 [worker-akka.actor.default-dispatcher-2] INFO  o.a.z.ZooKeeper  - Client environment:os.version=4.4.0-1049-aws
14:54:18.618 [worker-akka.actor.default-dispatcher-2] INFO  o.a.z.ZooKeeper  - Client environment:user.name=root
14:54:18.619 [worker-akka.actor.default-dispatcher-2] INFO  o.a.z.ZooKeeper  - Client environment:user.home=/root
14:54:18.619 [worker-akka.actor.default-dispatcher-2] INFO  o.a.z.ZooKeeper  - Client environment:user.dir=/opt/flamestream
14:54:18.622 [worker-akka.actor.default-dispatcher-2] INFO  o.a.z.ZooKeeper  - Initiating client connection, connectString=172.31.34.147:2181 sessionTimeout=5000 watcher=com.spbsu.flamestream.runtime.application.LifecycleWatcher$$Lambda$29/603038501@449d53bd
14:54:18.654 [worker-akka.actor.default-dispatcher-2] INFO  a.a.RepointableActorRef akka://worker/user/watcher - Starting...
14:54:18.656 [worker-akka.actor.default-dispatcher-2-SendThread(172.31.34.147:2181)] INFO  o.a.z.ClientCnxn  - Opening socket connection to server 172.31.34.147/172.31.34.147:2181. Will not attempt to authenticate using SASL (unknown error)
14:54:18.659 [worker-akka.actor.default-dispatcher-2-SendThread(172.31.34.147:2181)] INFO  o.a.z.ClientCnxn  - Socket connection established to 172.31.34.147/172.31.34.147:2181, initiating session
14:54:18.669 [worker-akka.actor.default-dispatcher-2-SendThread(172.31.34.147:2181)] INFO  o.a.z.ClientCnxn  - Session establishment complete on server 172.31.34.147/172.31.34.147:2181, sessionid = 0x1619f1aca190005, negotiated timeout = 6000
14:54:18.750 [worker-akka.actor.default-dispatcher-2] INFO  a.a.RepointableActorRef akka://worker/user/watcher - Connected to ZK
14:54:30.531 [worker-akka.actor.default-dispatcher-2] INFO  a.a.RepointableActorRef akka://worker/user/watcher - Creating node with watchGraphs: 'com.spbsu.flamestream.core.Graph$Builder$MyGraph@6f7aea09', config: 'ClusterConfig{paths={172.31.33.155=akka://worker@172.31.33.155:5412/user/watcher/graph0000000000, 172.31.47.83=akka://worker@172.31.47.83:5412/user/watcher/graph0000000000, 172.31.45.197=akka://worker@172.31.45.197:5412/user/watcher/graph0000000000, 172.31.42.36=akka://worker@172.31.42.36:5412/user/watcher/graph0000000000, 172.31.44.83=akka://worker@172.31.44.83:5412/user/watcher/graph0000000000, 172.31.39.64=akka://worker@172.31.39.64:5412/user/watcher/graph0000000000, 172.31.35.79=akka://worker@172.31.35.79:5412/user/watcher/graph0000000000, 172.31.34.169=akka://worker@172.31.34.169:5412/user/watcher/graph0000000000, 172.31.47.100=akka://worker@172.31.47.100:5412/user/watcher/graph0000000000, 172.31.37.101=akka://worker@172.31.37.101:5412/user/watcher/graph0000000000}, ackerLocation='172.31.35.79', props=ComputationLayout{ranges={172.31.33.155=HashRange{from=-1670265060, to=-1193046472}, 172.31.47.83=HashRange{from=1670265056, to=2147483644}, 172.31.45.197=HashRange{from=-715827884, to=-238609296}, 172.31.42.36=HashRange{from=1193046468, to=1670265056}, 172.31.44.83=HashRange{from=-238609296, to=238609292}, 172.31.39.64=HashRange{from=715827880, to=1193046468}, 172.31.35.79=HashRange{from=0, to=0}, 172.31.34.169=HashRange{from=-2147483648, to=-1670265060}, 172.31.47.100=HashRange{from=238609292, to=715827880}, 172.31.37.101=HashRange{from=-1193046472, to=-715827884}}}}'
14:54:31.255 [worker-akka.actor.default-dispatcher-2] INFO  a.a.LocalActorRef akka://worker/user/watcher/graph0000000000/graph - Starting...
14:54:31.258 [worker-akka.actor.default-dispatcher-2] INFO  a.a.LocalActorRef akka://worker/user/watcher/graph0000000000/graph/local-acker/$a - Starting...
14:54:31.258 [worker-akka.actor.default-dispatcher-2] INFO  a.a.LocalActorRef akka://worker/user/watcher/graph0000000000/graph/local-acker - Starting...
Warning: space is running low in /dev/shm (tmpfs) threshold=167,772,160 usable=158,621,696
Warning: space is running low in /dev/shm (tmpfs) threshold=167,772,160 usable=146,034,688
Warning: space is running low in /dev/shm (tmpfs) threshold=167,772,160 usable=133,447,680
Warning: space is running low in /dev/shm (tmpfs) threshold=167,772,160 usable=120,860,672
Warning: space is running low in /dev/shm (tmpfs) threshold=167,772,160 usable=108,273,664
Warning: space is running low in /dev/shm (tmpfs) threshold=167,772,160 usable=95,686,656
Warning: space is running low in /dev/shm (tmpfs) threshold=167,772,160 usable=83,099,648
Warning: space is running low in /dev/shm (tmpfs) threshold=167,772,160 usable=70,512,640
14:54:32.668 [worker-akka.actor.default-dispatcher-2] INFO  a.a.LocalActorRef akka://worker/user/watcher/graph0000000000/graph - Finishing constructor
14:54:32.671 [worker-akka.actor.default-dispatcher-2] INFO  a.a.LocalActorRef akka://worker/user/watcher/graph0000000000 - Starting...
14:54:32.672 [worker-akka.actor.default-dispatcher-2] INFO  a.a.LocalActorRef akka://worker/user/watcher/graph0000000000/negotiator - Starting...
14:54:32.737 [worker-akka.actor.default-dispatcher-2] INFO  a.a.LocalActorRef akka://worker/user/watcher/graph0000000000/edge - Starting...
14:54:32.739 [worker-akka.actor.default-dispatcher-2] INFO  a.a.LocalActorRef akka://worker/user/watcher/graph0000000000/graph/$a - Starting...
14:54:32.740 [worker-akka.actor.default-dispatcher-2] INFO  a.a.LocalActorRef akka://worker/user/watcher/graph0000000000/graph/$b - Starting...
14:54:32.742 [worker-akka.actor.default-dispatcher-2] INFO  a.a.LocalActorRef akka://worker/user/watcher/graph0000000000/graph/$c - Starting...
14:54:32.771 [worker-akka.actor.default-dispatcher-2] INFO  c.s.f.r.e.s.SocketRear  - FlameSocketGraphDeployerRear@172.31.42.36: connecting to 172.31.34.147:5678
14:54:32.777 [worker-akka.actor.default-dispatcher-2] INFO  c.s.f.r.e.s.SocketRear  - FlameSocketGraphDeployerRear@172.31.42.36: connected to 172.31.34.147:5678
2018-02-16T14:54:32.782+0000: 16.829: [GC (Allocation Failure) 2018-02-16T14:54:32.782+0000: 16.829: [DefNew: 121782K->17024K(153600K), 0.0215843 secs] 137191K->43157K(494976K), 0.0216354 secs] [Times: user=0.01 sys=0.00, real=0.02 secs] 
14:54:32.824 [worker-akka.actor.default-dispatcher-2] INFO  a.a.LocalActorRef akka://worker/user/watcher/graph0000000000/edge/FlameSocketGraphDeployerRear - Starting...
14:54:32.825 [worker-akka.actor.default-dispatcher-2] INFO  a.a.LocalActorRef akka://worker/user/watcher/graph0000000000/edge/FlameSocketGraphDeployerFront - Starting...
14:54:32.827 [worker-akka.actor.default-dispatcher-2] INFO  a.a.LocalActorRef akka://worker/user/watcher/graph0000000000/negotiator - Requesting ticket for the frontClass FlameSocketGraphDeployerFront@172.31.42.36
14:54:32.836 [worker-akka.actor.default-dispatcher-2] INFO  a.a.LocalActorRef akka://worker/user/watcher/graph0000000000/negotiator - Ticket for the frontClass received: FrontTicket{allowedTimestamp=(1518792870514, FlameSocketGraphDeployerFront@172.31.42.36)}
14:54:32.837 [worker-akka.actor.default-dispatcher-2] INFO  c.s.f.r.e.s.SocketFront  - FlameSocketGraphDeployerFront@172.31.42.36: connecting to 172.31.34.147:4567
14:54:32.877 [Client] INFO  c.s.f.r.e.s.SocketFront  - FlameSocketGraphDeployerFront@172.31.42.36 has been disconnected from Connection 5
2018-02-16T14:54:41.821+0000: 25.869: [GC (Allocation Failure) 2018-02-16T14:54:41.821+0000: 25.869: [DefNew: 153600K->3380K(153600K), 0.0638706 secs] 179733K->66031K(494976K), 0.0639339 secs] [Times: user=0.01 sys=0.06, real=0.06 secs] 
2018-02-16T14:54:53.679+0000: 37.727: [GC (Allocation Failure) 2018-02-16T14:54:53.679+0000: 37.727: [DefNew: 139956K->4903K(153600K), 0.0106252 secs] 202607K->67554K(494976K), 0.0106886 secs] [Times: user=0.01 sys=0.00, real=0.02 secs] 
2018-02-16T14:55:05.311+0000: 49.359: [GC (Allocation Failure) 2018-02-16T14:55:05.311+0000: 49.359: [DefNew: 141479K->7036K(153600K), 0.0154524 secs] 204130K->69687K(494976K), 0.0155094 secs] [Times: user=0.01 sys=0.00, real=0.01 secs] 
2018-02-16T14:55:18.295+0000: 62.342: [GC (Allocation Failure) 2018-02-16T14:55:18.295+0000: 62.342: [DefNew: 143612K->8923K(153600K), 0.0148417 secs] 206263K->71574K(494976K), 0.0149144 secs] [Times: user=0.02 sys=0.00, real=0.02 secs] 
2018-02-16T14:55:28.605+0000: 72.653: [GC (Allocation Failure) 2018-02-16T14:55:28.605+0000: 72.653: [DefNew: 145499K->8765K(153600K), 0.0167346 secs] 208150K->72876K(494976K), 0.0167905 secs] [Times: user=0.01 sys=0.00, real=0.02 secs] 
2018-02-16T14:55:40.322+0000: 84.370: [GC (Allocation Failure) 2018-02-16T14:55:40.322+0000: 84.370: [DefNew: 145341K->8659K(153600K), 0.0153243 secs] 209452K->73938K(494976K), 0.0153825 secs] [Times: user=0.01 sys=0.01, real=0.01 secs] 
2018-02-16T14:55:52.214+0000: 96.262: [GC (Allocation Failure) 2018-02-16T14:55:52.214+0000: 96.262: [DefNew: 145235K->8078K(153600K), 0.0144055 secs] 210514K->74885K(494976K), 0.0144638 secs] [Times: user=0.01 sys=0.00, real=0.02 secs] 
2018-02-16T14:56:06.588+0000: 110.635: [GC (Allocation Failure) 2018-02-16T14:56:06.588+0000: 110.635: [DefNew: 144654K->10044K(153600K), 0.0144258 secs] 211461K->76851K(494976K), 0.0144926 secs] [Times: user=0.01 sys=0.00, real=0.02 secs] 
2018-02-16T14:56:20.108+0000: 124.156: [GC (Allocation Failure) 2018-02-16T14:56:20.108+0000: 124.156: [DefNew: 146620K->8819K(153600K), 0.0188279 secs] 213427K->78052K(494976K), 0.0188998 secs] [Times: user=0.02 sys=0.00, real=0.01 secs] 
2018-02-16T14:56:33.866+0000: 137.914: [GC (Allocation Failure) 2018-02-16T14:56:33.867+0000: 137.914: [DefNew: 145395K->9286K(153600K), 0.0160094 secs] 214628K->79568K(494976K), 0.0160672 secs] [Times: user=0.02 sys=0.00, real=0.02 secs] 
2018-02-16T14:56:48.503+0000: 152.550: [GC (Allocation Failure) 2018-02-16T14:56:48.503+0000: 152.550: [DefNew: 145862K->9110K(153600K), 0.0176227 secs] 216144K->80465K(494976K), 0.0176828 secs] [Times: user=0.02 sys=0.00, real=0.02 secs] 
2018-02-16T14:56:59.787+0000: 163.835: [GC (Allocation Failure) 2018-02-16T14:56:59.787+0000: 163.835: [DefNew: 145686K->8847K(153600K), 0.0156063 secs] 217041K->81869K(494976K), 0.0156677 secs] [Times: user=0.02 sys=0.00, real=0.02 secs] 
2018-02-16T14:57:15.709+0000: 179.756: [GC (Allocation Failure) 2018-02-16T14:57:15.709+0000: 179.756: [DefNew: 145423K->9038K(153600K), 0.0183130 secs] 218445K->83275K(494976K), 0.0183763 secs] [Times: user=0.02 sys=0.00, real=0.01 secs] 
2018-02-16T14:57:27.693+0000: 191.741: [GC (Allocation Failure) 2018-02-16T14:57:27.693+0000: 191.741: [DefNew: 145614K->8666K(153600K), 0.0165239 secs] 219851K->84075K(494976K), 0.0165837 secs] [Times: user=0.01 sys=0.00, real=0.02 secs] 
2018-02-16T14:57:42.538+0000: 206.586: [GC (Allocation Failure) 2018-02-16T14:57:42.538+0000: 206.586: [DefNew: 145242K->9324K(153600K), 0.0153090 secs] 220651K->85758K(494976K), 0.0153700 secs] [Times: user=0.02 sys=0.00, real=0.02 secs] 
2018-02-16T14:57:54.023+0000: 218.071: [GC (Allocation Failure) 2018-02-16T14:57:54.023+0000: 218.071: [DefNew: 145900K->9344K(153600K), 0.0162048 secs] 222334K->86807K(494976K), 0.0162817 secs] [Times: user=0.01 sys=0.00, real=0.01 secs] 
2018-02-16T14:58:05.413+0000: 229.461: [GC (Allocation Failure) 2018-02-16T14:58:05.413+0000: 229.461: [DefNew: 145920K->9033K(153600K), 0.0147900 secs] 223383K->87676K(494976K), 0.0148444 secs] [Times: user=0.01 sys=0.00, real=0.02 secs] 
2018-02-16T14:58:17.547+0000: 241.595: [GC (Allocation Failure) 2018-02-16T14:58:17.547+0000: 241.595: [DefNew: 145609K->9231K(153600K), 0.0277805 secs] 224252K->88947K(494976K), 0.0278423 secs] [Times: user=0.01 sys=0.03, real=0.03 secs] 
2018-02-16T14:58:32.631+0000: 256.679: [GC (Allocation Failure) 2018-02-16T14:58:32.631+0000: 256.679: [DefNew: 145807K->9185K(153600K), 0.0145025 secs] 225523K->90071K(494976K), 0.0145628 secs] [Times: user=0.02 sys=0.00, real=0.01 secs] 
2018-02-16T14:58:45.634+0000: 269.682: [GC (Allocation Failure) 2018-02-16T14:58:45.634+0000: 269.682: [DefNew: 145761K->9462K(153600K), 0.0169382 secs] 226647K->91327K(494976K), 0.0170031 secs] [Times: user=0.02 sys=0.00, real=0.02 secs] 
2018-02-16T14:58:56.275+0000: 280.322: [GC (Allocation Failure) 2018-02-16T14:58:56.275+0000: 280.322: [DefNew: 146038K->9501K(153600K), 0.0151352 secs] 227903K->92333K(494976K), 0.0151939 secs] [Times: user=0.01 sys=0.00, real=0.02 secs] 
2018-02-16T14:59:05.996+0000: 290.043: [GC (Allocation Failure) 2018-02-16T14:59:05.996+0000: 290.043: [DefNew: 146077K->9817K(153600K), 0.0282840 secs] 228909K->93746K(494976K), 0.0283444 secs] [Times: user=0.01 sys=0.02, real=0.03 secs] 
2018-02-16T14:59:17.924+0000: 301.972: [GC (Allocation Failure) 2018-02-16T14:59:17.924+0000: 301.972: [DefNew: 146393K->8824K(153600K), 0.0170187 secs] 230322K->94918K(494976K), 0.0170850 secs] [Times: user=0.01 sys=0.00, real=0.02 secs] 
2018-02-16T14:59:30.231+0000: 314.278: [GC (Allocation Failure) 2018-02-16T14:59:30.231+0000: 314.279: [DefNew: 145400K->9902K(153600K), 0.0158681 secs] 231494K->97068K(494976K), 0.0159408 secs] [Times: user=0.02 sys=0.00, real=0.01 secs] 
2018-02-16T14:59:42.152+0000: 326.199: [GC (Allocation Failure) 2018-02-16T14:59:42.152+0000: 326.199: [DefNew: 146478K->10271K(153600K), 0.0293811 secs] 233644K->98622K(494976K), 0.0294410 secs] [Times: user=0.00 sys=0.03, real=0.03 secs] 
2018-02-16T14:59:52.885+0000: 336.933: [GC (Allocation Failure) 2018-02-16T14:59:52.885+0000: 336.933: [DefNew: 146847K->8003K(153600K), 0.0289681 secs] 235198K->99714K(494976K), 0.0290285 secs] [Times: user=0.00 sys=0.02, real=0.03 secs] 
2018-02-16T15:00:05.654+0000: 349.702: [GC (Allocation Failure) 2018-02-16T15:00:05.655+0000: 349.702: [DefNew: 144579K->9427K(153600K), 0.0140180 secs] 236290K->101138K(494976K), 0.0140775 secs] [Times: user=0.01 sys=0.00, real=0.02 secs] 
2018-02-16T15:00:17.686+0000: 361.733: [GC (Allocation Failure) 2018-02-16T15:00:17.686+0000: 361.733: [DefNew: 146003K->9387K(153600K), 0.0155506 secs] 237714K->102400K(494976K), 0.0156100 secs] [Times: user=0.02 sys=0.00, real=0.02 secs] 
2018-02-16T15:00:29.032+0000: 373.080: [GC (Allocation Failure) 2018-02-16T15:00:29.033+0000: 373.080: [DefNew: 145963K->9694K(153600K), 0.0167657 secs] 238976K->103819K(494976K), 0.0168256 secs] [Times: user=0.01 sys=0.01, real=0.02 secs] 
2018-02-16T15:00:41.646+0000: 385.693: [GC (Allocation Failure) 2018-02-16T15:00:41.646+0000: 385.693: [DefNew: 146270K->9738K(153600K), 0.0150216 secs] 240395K->104912K(494976K), 0.0150789 secs] [Times: user=0.01 sys=0.00, real=0.02 secs] 
2018-02-16T15:00:53.202+0000: 397.249: [GC (Allocation Failure) 2018-02-16T15:00:53.202+0000: 397.249: [DefNew: 146314K->10029K(153600K), 0.0175235 secs] 241488K->106393K(494976K), 0.0175872 secs] [Times: user=0.02 sys=0.00, real=0.01 secs] 
2018-02-16T15:01:06.199+0000: 410.247: [GC (Allocation Failure) 2018-02-16T15:01:06.199+0000: 410.247: [DefNew: 146605K->9016K(153600K), 0.0165003 secs] 242969K->107799K(494976K), 0.0165607 secs] [Times: user=0.01 sys=0.00, real=0.02 secs] 
2018-02-16T15:01:17.361+0000: 421.409: [GC (Allocation Failure) 2018-02-16T15:01:17.361+0000: 421.409: [DefNew: 145592K->8713K(153600K), 0.0155892 secs] 244375K->109033K(494976K), 0.0156725 secs] [Times: user=0.02 sys=0.00, real=0.01 secs] 
2018-02-16T15:01:29.058+0000: 433.106: [GC (Allocation Failure) 2018-02-16T15:01:29.058+0000: 433.106: [DefNew: 145289K->9395K(153600K), 0.0145907 secs] 245609K->111100K(494976K), 0.0146463 secs] [Times: user=0.01 sys=0.00, real=0.02 secs] 
2018-02-16T15:01:39.040+0000: 443.087: [GC (Allocation Failure) 2018-02-16T15:01:39.040+0000: 443.087: [DefNew: 145971K->9344K(153600K), 0.0150732 secs] 247676K->112584K(494976K), 0.0151453 secs] [Times: user=0.01 sys=0.00, real=0.02 secs] 
2018-02-16T15:01:53.521+0000: 457.568: [GC (Allocation Failure) 2018-02-16T15:01:53.521+0000: 457.568: [DefNew: 145920K->9377K(153600K), 0.0217195 secs] 249160K->114300K(494976K), 0.0217824 secs] [Times: user=0.00 sys=0.01, real=0.02 secs] 
2018-02-16T15:02:05.471+0000: 469.518: [GC (Allocation Failure) 2018-02-16T15:02:05.471+0000: 469.518: [DefNew: 145953K->9618K(153600K), 0.0171558 secs] 250876K->115876K(494976K), 0.0172139 secs] [Times: user=0.01 sys=0.00, real=0.02 secs] 
2018-02-16T15:02:19.032+0000: 483.080: [GC (Allocation Failure) 2018-02-16T15:02:19.032+0000: 483.080: [DefNew: 146194K->9867K(153600K), 0.0156358 secs] 252452K->117619K(494976K), 0.0157081 secs] [Times: user=0.02 sys=0.00, real=0.01 secs] 
2018-02-16T15:02:30.059+0000: 494.107: [GC (Allocation Failure) 2018-02-16T15:02:30.059+0000: 494.107: [DefNew: 146443K->9746K(153600K), 0.0169315 secs] 254195K->119180K(494976K), 0.0170048 secs] [Times: user=0.02 sys=0.00, real=0.02 secs] 
2018-02-16T15:02:39.512+0000: 503.560: [GC (Allocation Failure) 2018-02-16T15:02:39.512+0000: 503.560: [DefNew: 146322K->10193K(153600K), 0.0161603 secs] 255756K->121109K(494976K), 0.0162198 secs] [Times: user=0.01 sys=0.00, real=0.02 secs] 
2018-02-16T15:02:53.432+0000: 517.480: [GC (Allocation Failure) 2018-02-16T15:02:53.432+0000: 517.480: [DefNew: 146769K->9870K(153600K), 0.0165290 secs] 257685K->122275K(494976K), 0.0165884 secs] [Times: user=0.01 sys=0.01, real=0.02 secs] 
2018-02-16T15:03:03.286+0000: 527.333: [GC (Allocation Failure) 2018-02-16T15:03:03.286+0000: 527.333: [DefNew: 146446K->10201K(153600K), 0.0145645 secs] 258851K->124043K(494976K), 0.0146363 secs] [Times: user=0.01 sys=0.00, real=0.02 secs] 
15:03:09.976 [Client] INFO  c.s.f.r.e.s.SocketRear  - FlameSocketGraphDeployerRear@172.31.42.36: has been disconnected from Connection 5
15:03:30.692 [worker-akka.actor.default-dispatcher-2] INFO  a.a.CoordinatedShutdown CoordinatedShutdown(akka://worker) - Starting coordinated shutdown from JVM shutdown hook
15:03:30.734 [worker-akka.actor.default-dispatcher-2] INFO  a.a.LocalActorRef akka://worker/user/watcher/graph0000000000/negotiator - Stopped
15:03:30.735 [worker-akka.actor.default-dispatcher-2] INFO  a.a.LocalActorRef akka://worker/user/watcher/graph0000000000/edge/FlameSocketGraphDeployerFront - Stopped
15:03:30.736 [worker-akka.actor.default-dispatcher-2] INFO  a.a.LocalActorRef akka://worker/user/watcher/graph0000000000/edge/FlameSocketGraphDeployerRear - Stopped
15:03:30.737 [worker-akka.actor.default-dispatcher-2] INFO  a.a.LocalActorRef akka://worker/user/watcher/graph0000000000/graph/$a - Stopped
15:03:30.738 [worker-akka.actor.default-dispatcher-2] INFO  a.a.LocalActorRef akka://worker/user/watcher/graph0000000000/graph/$b - Stopped
15:03:30.738 [worker-akka.actor.default-dispatcher-2] INFO  a.a.LocalActorRef akka://worker/user/watcher/graph0000000000/graph/$c - Stopped
15:03:30.738 [worker-akka.actor.default-dispatcher-2] INFO  a.a.LocalActorRef akka://worker/user/watcher/graph0000000000/graph/local-acker/$a - Stopped
15:03:30.748 [worker-akka.actor.default-dispatcher-2] INFO  o.a.z.ZooKeeper  - Session: 0x1619f1aca190005 closed
15:03:30.748 [worker-akka.actor.default-dispatcher-2] INFO  a.a.LocalActorRef akka://worker/user/watcher/graph0000000000/graph/local-acker/$a - Message [com.spbsu.flamestream.runtime.utils.akka.PingActor$InnerPing] from Actor[akka://worker/user/watcher/graph0000000000/graph/local-acker/$a#-485777001] to Actor[akka://worker/user/watcher/graph0000000000/graph/local-acker/$a#-485777001] was not delivered. [1] dead letters encountered. This logging can be turned off or adjusted with configuration settings 'akka.log-dead-letters' and 'akka.log-dead-letters-during-shutdown'.
15:03:30.748 [worker-akka.actor.default-dispatcher-2] INFO  a.a.LocalActorRef akka://worker/user/watcher/graph0000000000/edge - Stopped
15:03:30.749 [worker-akka.actor.default-dispatcher-2-EventThread] INFO  o.a.z.ClientCnxn  - EventThread shut down for session: 0x1619f1aca190005
15:03:30.749 [worker-akka.actor.default-dispatcher-2] INFO  a.a.LocalActorRef akka://worker/user/watcher/graph0000000000/graph/local-acker - Stopped
15:03:30.749 [worker-akka.actor.default-dispatcher-2] INFO  a.a.LocalActorRef akka://worker/user/watcher/graph0000000000/graph - Stopped
15:03:30.750 [worker-akka.actor.default-dispatcher-2] INFO  a.a.LocalActorRef akka://worker/user/watcher/graph0000000000 - Stopped
15:03:30.750 [worker-akka.actor.default-dispatcher-2] INFO  a.a.RepointableActorRef akka://worker/user/watcher - Stopped
15:03:30.753 [worker-akka.actor.default-dispatcher-2] INFO  a.a.LocalActorRef akka://worker/user/watcher/graph0000000000/graph/local-acker/$a - Message [com.spbsu.flamestream.runtime.utils.akka.PingActor$Stop] from Actor[akka://worker/user/watcher/graph0000000000/graph/local-acker#-1037943357] to Actor[akka://worker/user/watcher/graph0000000000/graph/local-acker/$a#-485777001] was not delivered. [2] dead letters encountered. This logging can be turned off or adjusted with configuration settings 'akka.log-dead-letters' and 'akka.log-dead-letters-during-shutdown'.
15:03:30.754 [worker-akka.actor.default-dispatcher-2] INFO  a.a.LocalActorRef akka://worker/user/watcher/graph0000000000/graph/local-acker - Message [com.spbsu.flamestream.runtime.acker.LocalAcker$Flush] from Actor[akka://worker/user/watcher/graph0000000000/graph/local-acker#-1037943357] to Actor[akka://worker/user/watcher/graph0000000000/graph/local-acker#-1037943357] was not delivered. [3] dead letters encountered. This logging can be turned off or adjusted with configuration settings 'akka.log-dead-letters' and 'akka.log-dead-letters-during-shutdown'.
15:03:30.764 [worker-akka.actor.default-dispatcher-2] INFO  a.r.RemoteActorRefProvider$RemotingTerminator akka://worker@172.31.42.36:5412/system/remoting-terminator - Shutting down remote daemon.
15:03:30.769 [worker-akka.actor.default-dispatcher-2] INFO  a.r.RemoteActorRefProvider$RemotingTerminator akka://worker@172.31.42.36:5412/system/remoting-terminator - Remote daemon shut down; proceeding with flushing remote transports.
15:03:31.914 [worker-akka.actor.default-dispatcher-2] INFO  a.r.RemoteActorRefProvider$RemotingTerminator akka://worker@172.31.42.36:5412/system/remoting-terminator - Remoting shut down.
Attempts of event 'shuffle-send' - 0
Attempts of event 'front-receive-send' - 0
Attempts of event 'inject-out' - 574363
Attempts of event 'sink-receive' - 586762
Attempts of event 'flatmap-receive' - 1139
Attempts of event 'fm-send' - 565076
Attempts of event 'rear-in' - 573224
Attempts of event 'flatmap-send' - 565076
Attempts of event 'inject-in' - 574363
Attempts of event 'wrong-ordering-filter-receive' - 586762
Attempts of event 'accept-in' - 0
Attempts of event 'grouping-receive' - 1159986
Heap
 def new generation   total 153600K, used 126922K [0x00000000e0c00000, 0x00000000eb2a0000, 0x00000000eb2a0000)
  eden space 136576K,  85% used [0x00000000e0c00000, 0x00000000e7dfc5b8, 0x00000000e9160000)
  from space 17024K,  59% used [0x00000000ea200000, 0x00000000eabf64e8, 0x00000000eb2a0000)
  to   space 17024K,   0% used [0x00000000e9160000, 0x00000000e9160000, 0x00000000ea200000)
 tenured generation   total 341376K, used 113842K [0x00000000eb2a0000, 0x0000000100000000, 0x0000000100000000)
   the space 341376K,  33% used [0x00000000eb2a0000, 0x00000000f21ccae8, 0x00000000f21ccc00, 0x0000000100000000)
 Metaspace       used 33504K, capacity 34294K, committed 34688K, reserved 1079296K
  class space    used 4454K, capacity 4622K, committed 4736K, reserved 1048576K
