11:59:02.948 [worker-akka.actor.default-dispatcher-2] INFO  a.e.s.Slf4jLogger  - Slf4jLogger started
2018-02-21T11:59:03.099+0000: 2.639: [Full GC (Metadata GC Threshold) 2018-02-21T11:59:03.099+0000: 2.639: [Tenured: 0K->15404K(341376K), 0.0354712 secs] 117539K->15404K(494976K), [Metaspace: 20874K->20874K(1067008K)], 0.0355340 secs] [Times: user=0.03 sys=0.01, real=0.04 secs] 
Ama winner
Ama winner
11:59:03.617 [worker-akka.actor.default-dispatcher-2] INFO  a.r.a.ArteryTransport(akka://worker) akka.remote.artery.ArteryTransport(akka://worker) - Started embedded media driver in directory [/dev/shm/aeron-root-worker-4741c02f-d14d-4ece-a505-e47ef51288e9]
11:59:03.831 [worker-akka.actor.default-dispatcher-2] INFO  a.r.a.ArteryTransport(akka://worker) akka.remote.artery.ArteryTransport(akka://worker) - Remoting started; listening on address: [akka://worker@172.31.47.100:5412] with UID [2161441610236054295]
11:59:03.939 [worker-akka.actor.default-dispatcher-2] INFO  o.a.z.ZooKeeper  - Client environment:zookeeper.version=3.4.9-1757313, built on 08/23/2016 06:50 GMT
11:59:03.939 [worker-akka.actor.default-dispatcher-2] INFO  o.a.z.ZooKeeper  - Client environment:host.name=ip-172-31-47-100.us-east-2.compute.internal
11:59:03.940 [worker-akka.actor.default-dispatcher-2] INFO  o.a.z.ZooKeeper  - Client environment:java.version=1.8.0_151
11:59:03.940 [worker-akka.actor.default-dispatcher-2] INFO  o.a.z.ZooKeeper  - Client environment:java.vendor=Oracle Corporation
11:59:03.940 [worker-akka.actor.default-dispatcher-2] INFO  o.a.z.ZooKeeper  - Client environment:java.home=/usr/lib/jvm/java-8-openjdk-amd64/jre
11:59:03.940 [worker-akka.actor.default-dispatcher-2] INFO  o.a.z.ZooKeeper  - Client environment:java.class.path=lib/commons-cli-1.4.jar:lib/minlog-1.3.0.jar:lib/asm-5.0.4.jar:lib/hadoop-annotations-2.7.3.jar:lib/hadoop-auth-2.7.3.jar:lib/akka-slf4j_2.11-2.5.6.jar:lib/jersey-core-1.9.jar:lib/lz4-1.3.0.jar:lib/jackson-core-asl-1.9.13.jar:lib/aeron-client-1.3.0.jar:lib/htrace-core-3.1.0-incubating.jar:lib/xz-1.0.jar:lib/commons-httpclient-3.1.jar:lib/asm-3.1.jar:lib/commons-lang3-3.4.jar:lib/scala-library-2.11.11.jar:lib/scala-java8-compat_2.11-0.7.0.jar:lib/commons-configuration-1.6.jar:lib/objenesis-2.1.jar:lib/jackson-annotations-2.8.0.jar:lib/jsr305-3.0.0.jar:lib/curator-framework-2.7.1.jar:lib/jersey-server-1.9.jar:lib/jets3t-0.9.0.jar:lib/leveldb-0.7.jar:lib/jetty-6.1.26.jar:lib/stax-api-1.0-2.jar:lib/flamestream-core-1.0-SNAPSHOT.jar:lib/reflectasm-1.07-shaded.jar:lib/apacheds-kerberos-codec-2.0.0-M15.jar:lib/api-asn1-api-1.0.0-M20.jar:lib/commons-lang-2.6.jar:lib/commons-beanutils-1.7.0.jar:lib/jackson-xc-1.8.3.jar:lib/jetty-util-6.1.26.jar:lib/logback-classic-1.2.3.jar:lib/jool-0.9.12.jar:lib/flamestream-runtime-1.0-SNAPSHOT-tests.jar:lib/httpcore-4.1.2.jar:lib/kryo-4.0.0.jar:lib/ant-1.8.1.jar:lib/jaxb-impl-2.2.3-1.jar:lib/jersey-json-1.9.jar:lib/commons-compress-1.4.1.jar:lib/leveldbjni-all-1.8.jar:lib/paranamer-2.3.jar:lib/jackson-core-2.8.4.jar:lib/commons-math3-3.6.1.jar:lib/scala-parser-combinators_2.11-1.0.4.jar:lib/netty-3.10.6.Final.jar:lib/trove4j-3.0.3.jar:lib/jaxb-api-2.2.2.jar:lib/logback-core-1.2.3.jar:lib/snappy-java-1.0.4.1.jar:lib/protobuf-java-2.5.0.jar:lib/reactive-streams-1.0.1.jar:lib/flamestream-examples-1.0-SNAPSHOT.jar:lib/commons-codec-1.4.jar:lib/activation-1.1.jar:lib/commons-net-3.1.jar:lib/curator-recipes-2.7.1.jar:lib/jackson-mapper-asl-1.9.13.jar:lib/jackson-databind-2.8.4.jar:lib/flamestream-runtime-1.0-SNAPSHOT.jar:lib/jackson-jaxrs-1.8.3.jar:lib/slf4j-api-1.7.24.jar:lib/akka-remote_2.11-2.5.6.jar:lib/akka-testkit_2.11-2.5.6.jar:lib/jline-0.9.94.jar:lib/akka-stream_2.11-2.5.6.jar:lib/jsp-api-2.1.jar:lib/kryonet-2.21.jar:lib/akka-kryo-serialization_2.11-0.5.0.jar:lib/config-1.3.1.jar:lib/ant-launcher-1.8.1.jar:lib/commons-logging-1.2.jar:lib/ssl-config-core_2.11-0.2.2.jar:lib/testng-6.10.jar:lib/leveldb-api-0.7.jar:lib/reflectasm-1.11.3.jar:lib/jcommander-1.48.jar:lib/commons-1.1.jar:lib/commons-digester-1.8.jar:lib/minlog-1.2.jar:lib/java-xmlbuilder-0.4.jar:lib/jettison-1.1.jar:lib/gson-2.2.4.jar:lib/jdk.tools-1.8.jar:lib/aeron-driver-1.3.0.jar:lib/zookeeper-3.4.9.jar:lib/commons-beanutils-core-1.8.0.jar:lib/commons-math3-3.1.1.jar:lib/akka-actor_2.11-2.5.6.jar:lib/curator-client-2.7.1.jar:lib/servlet-api-2.5.jar:lib/apacheds-i18n-2.0.0-M15.jar:lib/commons-io-2.4.jar:lib/commons-codec-1.6.jar:lib/akka-protobuf_2.11-2.5.6.jar:lib/protobuf-java-3.5.1.jar:lib/jdom-2.0.2.jar:lib/api-util-1.0.0-M20.jar:lib/hadoop-common-2.7.3.jar:lib/agrona-0.9.6.jar:lib/xmlenc-0.52.jar:lib/guava-21.0.jar:lib/commons-collections-3.2.2.jar:lib/avro-1.7.4.jar:lib/httpclient-4.1.2.jar:lib/flamestream-core-1.0-SNAPSHOT-tests.jar:lib/annotations-12.0.jar:lib/jsch-0.1.42.jar:flamestream-runtime-1.0-SNAPSHOT.jar
11:59:03.940 [worker-akka.actor.default-dispatcher-2] INFO  o.a.z.ZooKeeper  - Client environment:java.library.path=/usr/java/packages/lib/amd64:/usr/lib/x86_64-linux-gnu/jni:/lib/x86_64-linux-gnu:/usr/lib/x86_64-linux-gnu:/usr/lib/jni:/lib:/usr/lib
11:59:03.940 [worker-akka.actor.default-dispatcher-2] INFO  o.a.z.ZooKeeper  - Client environment:java.io.tmpdir=/tmp
11:59:03.940 [worker-akka.actor.default-dispatcher-2] INFO  o.a.z.ZooKeeper  - Client environment:java.compiler=<NA>
11:59:03.940 [worker-akka.actor.default-dispatcher-2] INFO  o.a.z.ZooKeeper  - Client environment:os.name=Linux
11:59:03.940 [worker-akka.actor.default-dispatcher-2] INFO  o.a.z.ZooKeeper  - Client environment:os.arch=amd64
11:59:03.940 [worker-akka.actor.default-dispatcher-2] INFO  o.a.z.ZooKeeper  - Client environment:os.version=4.4.0-1049-aws
11:59:03.940 [worker-akka.actor.default-dispatcher-2] INFO  o.a.z.ZooKeeper  - Client environment:user.name=root
11:59:03.942 [worker-akka.actor.default-dispatcher-2] INFO  o.a.z.ZooKeeper  - Client environment:user.home=/root
11:59:03.942 [worker-akka.actor.default-dispatcher-2] INFO  o.a.z.ZooKeeper  - Client environment:user.dir=/opt/flamestream
11:59:03.945 [worker-akka.actor.default-dispatcher-2] INFO  o.a.z.ZooKeeper  - Initiating client connection, connectString=172.31.34.147:2181 sessionTimeout=5000 watcher=com.spbsu.flamestream.runtime.application.LifecycleWatcher$$Lambda$29/2091173542@1b48f905
11:59:03.981 [worker-akka.actor.default-dispatcher-2] INFO  a.a.RepointableActorRef akka://worker/user/watcher - Starting...
11:59:03.983 [worker-akka.actor.default-dispatcher-2-SendThread(172.31.34.147:2181)] INFO  o.a.z.ClientCnxn  - Opening socket connection to server 172.31.34.147/172.31.34.147:2181. Will not attempt to authenticate using SASL (unknown error)
11:59:03.988 [worker-akka.actor.default-dispatcher-2-SendThread(172.31.34.147:2181)] INFO  o.a.z.ClientCnxn  - Socket connection established to 172.31.34.147/172.31.34.147:2181, initiating session
11:59:03.996 [worker-akka.actor.default-dispatcher-2-SendThread(172.31.34.147:2181)] INFO  o.a.z.ClientCnxn  - Session establishment complete on server 172.31.34.147/172.31.34.147:2181, sessionid = 0x161b83a7f4f0006, negotiated timeout = 6000
11:59:04.096 [worker-akka.actor.default-dispatcher-2] INFO  a.a.RepointableActorRef akka://worker/user/watcher - Connected to ZK
11:59:11.766 [worker-akka.actor.default-dispatcher-2] INFO  a.a.RepointableActorRef akka://worker/user/watcher - Creating node with watchGraphs: 'com.spbsu.flamestream.core.Graph$Builder$MyGraph@62bcc0a1', config: 'ClusterConfig{paths={172.31.33.155=akka://worker@172.31.33.155:5412/user/watcher/graph0000000000, 172.31.47.83=akka://worker@172.31.47.83:5412/user/watcher/graph0000000000, 172.31.45.197=akka://worker@172.31.45.197:5412/user/watcher/graph0000000000, 172.31.44.83=akka://worker@172.31.44.83:5412/user/watcher/graph0000000000, 172.31.39.64=akka://worker@172.31.39.64:5412/user/watcher/graph0000000000, 172.31.35.79=akka://worker@172.31.35.79:5412/user/watcher/graph0000000000, 172.31.47.100=akka://worker@172.31.47.100:5412/user/watcher/graph0000000000, 172.31.37.101=akka://worker@172.31.37.101:5412/user/watcher/graph0000000000}, ackerLocation='172.31.35.79', props=ComputationLayout{ranges={172.31.33.155=HashRange{from=-1533916892, to=-920350136}, 172.31.47.83=HashRange{from=-306783380, to=306783376}, 172.31.45.197=HashRange{from=306783376, to=920350132}, 172.31.44.83=HashRange{from=1533916888, to=2147483644}, 172.31.39.64=HashRange{from=-2147483648, to=-1533916892}, 172.31.35.79=HashRange{from=0, to=0}, 172.31.47.100=HashRange{from=920350132, to=1533916888}, 172.31.37.101=HashRange{from=-920350136, to=-306783380}}}}'
11:59:12.505 [worker-akka.actor.default-dispatcher-2] INFO  a.a.LocalActorRef akka://worker/user/watcher/graph0000000000/graph - Starting...
11:59:12.506 [worker-akka.actor.default-dispatcher-2] INFO  a.a.LocalActorRef akka://worker/user/watcher/graph0000000000/graph/local-acker - Starting...
11:59:12.507 [worker-akka.actor.default-dispatcher-2] INFO  a.a.LocalActorRef akka://worker/user/watcher/graph0000000000/graph/local-acker/$a - Starting...
11:59:13.949 [worker-akka.actor.default-dispatcher-2] INFO  a.a.LocalActorRef akka://worker/user/watcher/graph0000000000/graph - Finishing constructor
11:59:13.950 [worker-akka.actor.default-dispatcher-2] INFO  a.a.LocalActorRef akka://worker/user/watcher/graph0000000000 - Starting...
11:59:14.017 [worker-akka.actor.default-dispatcher-2] INFO  a.a.LocalActorRef akka://worker/user/watcher/graph0000000000/negotiator - Starting...
11:59:14.018 [worker-akka.actor.default-dispatcher-2] INFO  a.a.LocalActorRef akka://worker/user/watcher/graph0000000000/edge - Starting...
11:59:14.019 [worker-akka.actor.default-dispatcher-2] INFO  a.a.LocalActorRef akka://worker/user/watcher/graph0000000000/graph/$a - Starting...
11:59:14.019 [worker-akka.actor.default-dispatcher-2] INFO  a.a.LocalActorRef akka://worker/user/watcher/graph0000000000/graph/$b - Starting...
11:59:14.020 [worker-akka.actor.default-dispatcher-2] INFO  a.a.LocalActorRef akka://worker/user/watcher/graph0000000000/graph/$c - Starting...
11:59:14.052 [worker-akka.actor.default-dispatcher-2] INFO  c.s.f.r.e.s.SocketRear  - FlameSocketGraphDeployerRear@172.31.47.100: connecting to 172.31.34.147:5678
11:59:14.085 [worker-akka.actor.default-dispatcher-2] INFO  c.s.f.r.e.s.SocketRear  - FlameSocketGraphDeployerRear@172.31.47.100: connected to 172.31.34.147:5678
11:59:14.105 [worker-akka.actor.default-dispatcher-2] INFO  a.a.LocalActorRef akka://worker/user/watcher/graph0000000000/edge/FlameSocketGraphDeployerRear - Starting...
11:59:14.107 [worker-akka.actor.default-dispatcher-2] INFO  a.a.LocalActorRef akka://worker/user/watcher/graph0000000000/edge/FlameSocketGraphDeployerFront - Starting...
11:59:14.108 [worker-akka.actor.default-dispatcher-2] INFO  a.a.LocalActorRef akka://worker/user/watcher/graph0000000000/negotiator - Requesting ticket for the frontClass FlameSocketGraphDeployerFront@172.31.47.100
11:59:14.120 [worker-akka.actor.default-dispatcher-2] INFO  a.a.LocalActorRef akka://worker/user/watcher/graph0000000000/negotiator - Ticket for the frontClass received: FrontTicket{allowedTimestamp=(1519214351761, FlameSocketGraphDeployerFront@172.31.47.100)}
11:59:14.121 [worker-akka.actor.default-dispatcher-2] INFO  c.s.f.r.e.s.SocketFront  - FlameSocketGraphDeployerFront@172.31.47.100: connecting to 172.31.34.147:4567
11:59:14.134 [Client] INFO  c.s.f.r.e.s.SocketFront  - FlameSocketGraphDeployerFront@172.31.47.100 has been disconnected from Connection 8
2018-02-21T11:59:17.261+0000: 16.801: [GC (Allocation Failure) 2018-02-21T11:59:17.261+0000: 16.801: [DefNew: 136576K->17024K(153600K), 0.0249293 secs] 151980K->52375K(494976K), 0.0249911 secs] [Times: user=0.02 sys=0.01, real=0.03 secs] 
2018-02-21T11:59:29.545+0000: 29.085: [GC (Allocation Failure) 2018-02-21T11:59:29.546+0000: 29.085: [DefNew: 153600K->3986K(153600K), 0.0180706 secs] 188951K->49153K(494976K), 0.0181627 secs] [Times: user=0.02 sys=0.00, real=0.02 secs] 
2018-02-21T11:59:46.121+0000: 45.661: [GC (Allocation Failure) 2018-02-21T11:59:46.121+0000: 45.661: [DefNew: 140562K->6378K(153600K), 0.0133368 secs] 185729K->51546K(494976K), 0.0133918 secs] [Times: user=0.01 sys=0.00, real=0.02 secs] 
2018-02-21T11:59:59.329+0000: 58.868: [GC (Allocation Failure) 2018-02-21T11:59:59.329+0000: 58.869: [DefNew: 142954K->8185K(153600K), 0.0149574 secs] 188122K->53353K(494976K), 0.0150235 secs] [Times: user=0.02 sys=0.00, real=0.02 secs] 
2018-02-21T12:00:14.501+0000: 74.040: [GC (Allocation Failure) 2018-02-21T12:00:14.501+0000: 74.041: [DefNew: 144761K->10315K(153600K), 0.0167012 secs] 189929K->55482K(494976K), 0.0167581 secs] [Times: user=0.02 sys=0.00, real=0.02 secs] 
2018-02-21T12:00:25.553+0000: 85.093: [GC (Allocation Failure) 2018-02-21T12:00:25.553+0000: 85.093: [DefNew: 146891K->9449K(153600K), 0.0179630 secs] 192058K->56340K(494976K), 0.0180265 secs] [Times: user=0.02 sys=0.00, real=0.02 secs] 
2018-02-21T12:00:37.672+0000: 97.212: [GC (Allocation Failure) 2018-02-21T12:00:37.673+0000: 97.212: [DefNew: 146025K->10129K(153600K), 0.0207763 secs] 192916K->58353K(494976K), 0.0208384 secs] [Times: user=0.03 sys=0.00, real=0.02 secs] 
2018-02-21T12:00:52.751+0000: 112.291: [GC (Allocation Failure) 2018-02-21T12:00:52.751+0000: 112.291: [DefNew: 146705K->8470K(153600K), 0.0191248 secs] 194929K->59656K(494976K), 0.0191829 secs] [Times: user=0.02 sys=0.00, real=0.02 secs] 
2018-02-21T12:01:10.249+0000: 129.789: [GC (Allocation Failure) 2018-02-21T12:01:10.249+0000: 129.789: [DefNew: 145046K->10101K(153600K), 0.0161084 secs] 196232K->61287K(494976K), 0.0161759 secs] [Times: user=0.02 sys=0.00, real=0.02 secs] 
2018-02-21T12:01:27.912+0000: 147.452: [GC (Allocation Failure) 2018-02-21T12:01:27.912+0000: 147.452: [DefNew: 146677K->8115K(153600K), 0.0166504 secs] 197863K->62645K(494976K), 0.0167087 secs] [Times: user=0.02 sys=0.00, real=0.02 secs] 
2018-02-21T12:01:41.615+0000: 161.155: [GC (Allocation Failure) 2018-02-21T12:01:41.615+0000: 161.155: [DefNew: 144691K->9606K(153600K), 0.0158574 secs] 199221K->64136K(494976K), 0.0159313 secs] [Times: user=0.02 sys=0.00, real=0.01 secs] 
2018-02-21T12:01:56.198+0000: 175.738: [GC (Allocation Failure) 2018-02-21T12:01:56.198+0000: 175.738: [DefNew: 146182K->9706K(153600K), 0.0180035 secs] 200712K->65490K(494976K), 0.0180795 secs] [Times: user=0.02 sys=0.00, real=0.02 secs] 
2018-02-21T12:02:10.582+0000: 190.122: [GC (Allocation Failure) 2018-02-21T12:02:10.582+0000: 190.122: [DefNew: 146282K->9296K(153600K), 0.0176560 secs] 202066K->66581K(494976K), 0.0177199 secs] [Times: user=0.02 sys=0.00, real=0.01 secs] 
2018-02-21T12:02:27.368+0000: 206.908: [GC (Allocation Failure) 2018-02-21T12:02:27.369+0000: 206.908: [DefNew: 145872K->9516K(153600K), 0.0172254 secs] 203157K->67865K(494976K), 0.0172869 secs] [Times: user=0.01 sys=0.00, real=0.02 secs] 
2018-02-21T12:02:46.291+0000: 225.831: [GC (Allocation Failure) 2018-02-21T12:02:46.291+0000: 225.831: [DefNew: 146092K->9891K(153600K), 0.0180698 secs] 204441K->69523K(494976K), 0.0181339 secs] [Times: user=0.02 sys=0.00, real=0.02 secs] 
2018-02-21T12:03:00.210+0000: 239.750: [GC (Allocation Failure) 2018-02-21T12:03:00.210+0000: 239.750: [DefNew: 146467K->9977K(153600K), 0.0183460 secs] 206099K->70894K(494976K), 0.0184234 secs] [Times: user=0.02 sys=0.00, real=0.02 secs] 
2018-02-21T12:03:14.411+0000: 253.951: [GC (Allocation Failure) 2018-02-21T12:03:14.411+0000: 253.951: [DefNew: 146553K->8870K(153600K), 0.0175217 secs] 207470K->72241K(494976K), 0.0175797 secs] [Times: user=0.02 sys=0.00, real=0.02 secs] 
2018-02-21T12:03:31.710+0000: 271.250: [GC (Allocation Failure) 2018-02-21T12:03:31.710+0000: 271.250: [DefNew: 145446K->8865K(153600K), 0.0164383 secs] 208817K->73632K(494976K), 0.0165122 secs] [Times: user=0.02 sys=0.00, real=0.02 secs] 
2018-02-21T12:03:47.233+0000: 286.773: [GC (Allocation Failure) 2018-02-21T12:03:47.233+0000: 286.773: [DefNew: 145441K->10117K(153600K), 0.0178976 secs] 210208K->76209K(494976K), 0.0179555 secs] [Times: user=0.01 sys=0.00, real=0.02 secs] 
2018-02-21T12:04:01.314+0000: 300.854: [GC (Allocation Failure) 2018-02-21T12:04:01.314+0000: 300.854: [DefNew: 146693K->8948K(153600K), 0.0184507 secs] 212785K->77951K(494976K), 0.0185233 secs] [Times: user=0.02 sys=0.00, real=0.01 secs] 
2018-02-21T12:04:16.384+0000: 315.924: [GC (Allocation Failure) 2018-02-21T12:04:16.385+0000: 315.924: [DefNew: 145524K->8103K(153600K), 0.0168391 secs] 214527K->79646K(494976K), 0.0169100 secs] [Times: user=0.02 sys=0.00, real=0.02 secs] 
2018-02-21T12:04:29.959+0000: 329.499: [GC (Allocation Failure) 2018-02-21T12:04:29.959+0000: 329.499: [DefNew: 144679K->9505K(153600K), 0.0152228 secs] 216222K->81048K(494976K), 0.0152829 secs] [Times: user=0.01 sys=0.00, real=0.02 secs] 
2018-02-21T12:04:49.752+0000: 349.291: [GC (Allocation Failure) 2018-02-21T12:04:49.752+0000: 349.291: [DefNew: 146081K->9640K(153600K), 0.0170514 secs] 217624K->82542K(494976K), 0.0171138 secs] [Times: user=0.02 sys=0.00, real=0.02 secs] 
2018-02-21T12:05:04.983+0000: 364.523: [GC (Allocation Failure) 2018-02-21T12:05:04.983+0000: 364.523: [DefNew: 146216K->9822K(153600K), 0.0176994 secs] 219118K->84060K(494976K), 0.0177618 secs] [Times: user=0.02 sys=0.00, real=0.01 secs] 
2018-02-21T12:05:17.291+0000: 376.831: [GC (Allocation Failure) 2018-02-21T12:05:17.291+0000: 376.831: [DefNew: 146398K->10278K(153600K), 0.0173039 secs] 220636K->85732K(494976K), 0.0173684 secs] [Times: user=0.02 sys=0.00, real=0.02 secs] 
2018-02-21T12:05:30.055+0000: 389.595: [GC (Allocation Failure) 2018-02-21T12:05:30.055+0000: 389.595: [DefNew: 146854K->8428K(153600K), 0.0177739 secs] 222308K->86866K(494976K), 0.0178337 secs] [Times: user=0.02 sys=0.00, real=0.01 secs] 
2018-02-21T12:05:43.489+0000: 403.029: [GC (Allocation Failure) 2018-02-21T12:05:43.489+0000: 403.029: [DefNew: 145004K->10756K(153600K), 0.0166285 secs] 223442K->89193K(494976K), 0.0167157 secs] [Times: user=0.01 sys=0.01, real=0.02 secs] 
2018-02-21T12:05:57.681+0000: 417.221: [GC (Allocation Failure) 2018-02-21T12:05:57.681+0000: 417.221: [DefNew: 147332K->8960K(153600K), 0.0186426 secs] 225769K->90245K(494976K), 0.0187006 secs] [Times: user=0.02 sys=0.00, real=0.02 secs] 
2018-02-21T12:06:10.781+0000: 430.321: [GC (Allocation Failure) 2018-02-21T12:06:10.781+0000: 430.321: [DefNew: 145536K->9170K(153600K), 0.0166262 secs] 226821K->92194K(494976K), 0.0167004 secs] [Times: user=0.01 sys=0.00, real=0.02 secs] 
2018-02-21T12:06:23.801+0000: 443.341: [GC (Allocation Failure) 2018-02-21T12:06:23.801+0000: 443.341: [DefNew: 145746K->9285K(153600K), 0.0191160 secs] 228770K->93738K(494976K), 0.0191771 secs] [Times: user=0.01 sys=0.01, real=0.02 secs] 
2018-02-21T12:06:37.638+0000: 457.178: [GC (Allocation Failure) 2018-02-21T12:06:37.638+0000: 457.178: [DefNew: 145861K->9189K(153600K), 0.0168039 secs] 230314K->95427K(494976K), 0.0168886 secs] [Times: user=0.01 sys=0.00, real=0.02 secs] 
2018-02-21T12:06:51.891+0000: 471.431: [GC (Allocation Failure) 2018-02-21T12:06:51.891+0000: 471.431: [DefNew: 145765K->9105K(153600K), 0.0160822 secs] 232003K->96793K(494976K), 0.0161371 secs] [Times: user=0.01 sys=0.00, real=0.02 secs] 
2018-02-21T12:07:05.392+0000: 484.932: [GC (Allocation Failure) 2018-02-21T12:07:05.392+0000: 484.932: [DefNew: 145681K->9011K(153600K), 0.0156107 secs] 233369K->98468K(494976K), 0.0156673 secs] [Times: user=0.01 sys=0.00, real=0.02 secs] 
2018-02-21T12:07:17.572+0000: 497.112: [GC (Allocation Failure) 2018-02-21T12:07:17.572+0000: 497.112: [DefNew: 145587K->9505K(153600K), 0.0177138 secs] 235044K->100436K(494976K), 0.0177926 secs] [Times: user=0.02 sys=0.00, real=0.02 secs] 
2018-02-21T12:07:31.319+0000: 510.859: [GC (Allocation Failure) 2018-02-21T12:07:31.319+0000: 510.859: [DefNew: 146081K->10011K(153600K), 0.0181314 secs] 237012K->102501K(494976K), 0.0181900 secs] [Times: user=0.02 sys=0.00, real=0.02 secs] 
2018-02-21T12:07:47.061+0000: 526.601: [GC (Allocation Failure) 2018-02-21T12:07:47.061+0000: 526.601: [DefNew: 146587K->10119K(153600K), 0.0181610 secs] 239077K->104227K(494976K), 0.0182302 secs] [Times: user=0.02 sys=0.00, real=0.01 secs] 
2018-02-21T12:07:59.722+0000: 539.262: [GC (Allocation Failure) 2018-02-21T12:07:59.722+0000: 539.262: [DefNew: 146695K->10381K(153600K), 0.0183010 secs] 240803K->106145K(494976K), 0.0183728 secs] [Times: user=0.02 sys=0.00, real=0.01 secs] 
2018-02-21T12:08:16.184+0000: 555.723: [GC (Allocation Failure) 2018-02-21T12:08:16.184+0000: 555.723: [DefNew: 146957K->10694K(153600K), 0.0314558 secs] 242721K->107978K(494976K), 0.0315279 secs] [Times: user=0.03 sys=0.00, real=0.03 secs] 
2018-02-21T12:08:30.501+0000: 570.040: [GC (Allocation Failure) 2018-02-21T12:08:30.501+0000: 570.040: [DefNew: 147270K->10657K(153600K), 0.0185058 secs] 244554K->109798K(494976K), 0.0185814 secs] [Times: user=0.02 sys=0.01, real=0.02 secs] 
2018-02-21T12:08:42.994+0000: 582.534: [GC (Allocation Failure) 2018-02-21T12:08:42.994+0000: 582.534: [DefNew: 147233K->10641K(153600K), 0.0183366 secs] 246374K->111541K(494976K), 0.0183983 secs] [Times: user=0.02 sys=0.00, real=0.01 secs] 
2018-02-21T12:08:56.667+0000: 596.207: [GC (Allocation Failure) 2018-02-21T12:08:56.667+0000: 596.207: [DefNew: 147217K->10507K(153600K), 0.0180384 secs] 248117K->113145K(494976K), 0.0180981 secs] [Times: user=0.02 sys=0.00, real=0.02 secs] 
2018-02-21T12:09:09.801+0000: 609.341: [GC (Allocation Failure) 2018-02-21T12:09:09.801+0000: 609.341: [DefNew: 147083K->10834K(153600K), 0.0187028 secs] 249721K->115070K(494976K), 0.0187780 secs] [Times: user=0.02 sys=0.00, real=0.01 secs] 
2018-02-21T12:09:25.884+0000: 625.424: [GC (Allocation Failure) 2018-02-21T12:09:25.884+0000: 625.424: [DefNew: 147410K->11025K(153600K), 0.0186610 secs] 251646K->116970K(494976K), 0.0187192 secs] [Times: user=0.01 sys=0.00, real=0.02 secs] 
2018-02-21T12:09:37.679+0000: 637.218: [GC (Allocation Failure) 2018-02-21T12:09:37.679+0000: 637.219: [DefNew: 147601K->10544K(153600K), 0.0166509 secs] 253546K->118426K(494976K), 0.0167230 secs] [Times: user=0.02 sys=0.00, real=0.02 secs] 
2018-02-21T12:09:51.000+0000: 650.539: [GC (Allocation Failure) 2018-02-21T12:09:51.000+0000: 650.539: [DefNew: 147120K->11138K(153600K), 0.0188100 secs] 255002K->120731K(494976K), 0.0188752 secs] [Times: user=0.02 sys=0.00, real=0.02 secs] 
2018-02-21T12:10:08.569+0000: 668.109: [GC (Allocation Failure) 2018-02-21T12:10:08.569+0000: 668.109: [DefNew: 147714K->8768K(153600K), 0.0208895 secs] 257307K->122767K(494976K), 0.0209516 secs] [Times: user=0.01 sys=0.01, real=0.02 secs] 
2018-02-21T12:10:23.038+0000: 682.578: [GC (Allocation Failure) 2018-02-21T12:10:23.038+0000: 682.578: [DefNew: 145344K->8588K(153600K), 0.0174876 secs] 259343K->125533K(494976K), 0.0175492 secs] [Times: user=0.01 sys=0.00, real=0.02 secs] 
2018-02-21T12:10:34.442+0000: 693.982: [GC (Allocation Failure) 2018-02-21T12:10:34.442+0000: 693.982: [DefNew: 145164K->9778K(153600K), 0.0219543 secs] 262109K->130070K(494976K), 0.0220150 secs] [Times: user=0.01 sys=0.00, real=0.02 secs] 
2018-02-21T12:10:51.141+0000: 710.681: [GC (Allocation Failure) 2018-02-21T12:10:51.141+0000: 710.681: [DefNew: 146354K->8191K(153600K), 0.0164403 secs] 266646K->131865K(494976K), 0.0165035 secs] [Times: user=0.02 sys=0.00, real=0.01 secs] 
2018-02-21T12:11:02.565+0000: 722.104: [GC (Allocation Failure) 2018-02-21T12:11:02.565+0000: 722.104: [DefNew: 144767K->12823K(153600K), 0.0228302 secs] 268441K->136497K(494976K), 0.0228933 secs] [Times: user=0.02 sys=0.01, real=0.02 secs] 
12:11:15.028 [Client] INFO  c.s.f.r.e.s.SocketRear  - FlameSocketGraphDeployerRear@172.31.47.100: has been disconnected from Connection 8
12:11:27.161 [worker-akka.actor.default-dispatcher-2] INFO  a.a.CoordinatedShutdown CoordinatedShutdown(akka://worker) - Starting coordinated shutdown from JVM shutdown hook
12:11:27.189 [worker-akka.actor.default-dispatcher-2] INFO  a.a.LocalActorRef akka://worker/user/watcher/graph0000000000/negotiator - Stopped
12:11:27.189 [worker-akka.actor.default-dispatcher-2] INFO  a.a.LocalActorRef akka://worker/user/watcher/graph0000000000/edge/FlameSocketGraphDeployerFront - Stopped
12:11:27.192 [worker-akka.actor.default-dispatcher-2] INFO  a.a.LocalActorRef akka://worker/user/watcher/graph0000000000/edge/FlameSocketGraphDeployerRear - Stopped
12:11:27.192 [worker-akka.actor.default-dispatcher-2] INFO  a.a.LocalActorRef akka://worker/user/watcher/graph0000000000/graph/$a - Stopped
12:11:27.193 [worker-akka.actor.default-dispatcher-2] INFO  a.a.LocalActorRef akka://worker/user/watcher/graph0000000000/graph/$b - Stopped
12:11:27.194 [worker-akka.actor.default-dispatcher-2] INFO  a.a.LocalActorRef akka://worker/user/watcher/graph0000000000/graph/$c - Stopped
12:11:27.195 [worker-akka.actor.default-dispatcher-2] INFO  a.a.LocalActorRef akka://worker/user/watcher/graph0000000000/graph/local-acker/$a - Stopped
12:11:27.203 [worker-akka.actor.default-dispatcher-2] INFO  a.a.LocalActorRef akka://worker/user/watcher/graph0000000000/graph/local-acker/$a - Message [com.spbsu.flamestream.runtime.utils.akka.PingActor$InnerPing] from Actor[akka://worker/user/watcher/graph0000000000/graph/local-acker/$a#-1743751178] to Actor[akka://worker/user/watcher/graph0000000000/graph/local-acker/$a#-1743751178] was not delivered. [1] dead letters encountered. This logging can be turned off or adjusted with configuration settings 'akka.log-dead-letters' and 'akka.log-dead-letters-during-shutdown'.
12:11:27.204 [worker-akka.actor.default-dispatcher-2] INFO  a.a.LocalActorRef akka://worker/user/watcher/graph0000000000/edge - Stopped
12:11:27.205 [worker-akka.actor.default-dispatcher-2] INFO  a.a.LocalActorRef akka://worker/user/watcher/graph0000000000/graph/local-acker - Stopped
12:11:27.205 [worker-akka.actor.default-dispatcher-2] INFO  a.a.LocalActorRef akka://worker/user/watcher/graph0000000000/graph - Stopped
12:11:27.205 [worker-akka.actor.default-dispatcher-2] INFO  a.a.LocalActorRef akka://worker/user/watcher/graph0000000000 - Stopped
12:11:27.208 [worker-akka.actor.default-dispatcher-2-EventThread] INFO  o.a.z.ClientCnxn  - EventThread shut down for session: 0x161b83a7f4f0006
12:11:27.208 [worker-akka.actor.default-dispatcher-2] INFO  o.a.z.ZooKeeper  - Session: 0x161b83a7f4f0006 closed
12:11:27.209 [worker-akka.actor.default-dispatcher-2] INFO  a.a.RepointableActorRef akka://worker/user/watcher - Stopped
12:11:27.209 [worker-akka.actor.default-dispatcher-2] INFO  a.a.LocalActorRef akka://worker/user/watcher/graph0000000000/graph/local-acker/$a - Message [com.spbsu.flamestream.runtime.utils.akka.PingActor$Stop] from Actor[akka://worker/user/watcher/graph0000000000/graph/local-acker#624180411] to Actor[akka://worker/user/watcher/graph0000000000/graph/local-acker/$a#-1743751178] was not delivered. [2] dead letters encountered. This logging can be turned off or adjusted with configuration settings 'akka.log-dead-letters' and 'akka.log-dead-letters-during-shutdown'.
12:11:27.209 [worker-akka.actor.default-dispatcher-2] INFO  a.a.LocalActorRef akka://worker/user/watcher/graph0000000000/graph/local-acker - Message [com.spbsu.flamestream.runtime.acker.LocalAcker$Flush] from Actor[akka://worker/user/watcher/graph0000000000/graph/local-acker#624180411] to Actor[akka://worker/user/watcher/graph0000000000/graph/local-acker#624180411] was not delivered. [3] dead letters encountered. This logging can be turned off or adjusted with configuration settings 'akka.log-dead-letters' and 'akka.log-dead-letters-during-shutdown'.
12:11:27.210 [worker-akka.actor.default-dispatcher-2] INFO  a.a.LocalActorRef akka://worker/user/watcher/graph0000000000/graph/local-acker - Message [com.spbsu.flamestream.runtime.acker.LocalAcker$Flush] from Actor[akka://worker/user/watcher/graph0000000000/graph/local-acker#624180411] to Actor[akka://worker/user/watcher/graph0000000000/graph/local-acker#624180411] was not delivered. [4] dead letters encountered. This logging can be turned off or adjusted with configuration settings 'akka.log-dead-letters' and 'akka.log-dead-letters-during-shutdown'.
12:11:27.211 [worker-akka.actor.default-dispatcher-2] INFO  a.a.LocalActorRef akka://worker/user/watcher/graph0000000000/graph/local-acker - Message [com.spbsu.flamestream.runtime.acker.LocalAcker$Flush] from Actor[akka://worker/user/watcher/graph0000000000/graph/local-acker#624180411] to Actor[akka://worker/user/watcher/graph0000000000/graph/local-acker#624180411] was not delivered. [5] dead letters encountered. This logging can be turned off or adjusted with configuration settings 'akka.log-dead-letters' and 'akka.log-dead-letters-during-shutdown'.
12:11:27.214 [worker-akka.actor.default-dispatcher-2] INFO  a.a.LocalActorRef akka://worker/user/watcher/graph0000000000/graph/local-acker - Message [com.spbsu.flamestream.runtime.acker.LocalAcker$Flush] from Actor[akka://worker/user/watcher/graph0000000000/graph/local-acker#624180411] to Actor[akka://worker/user/watcher/graph0000000000/graph/local-acker#624180411] was not delivered. [6] dead letters encountered. This logging can be turned off or adjusted with configuration settings 'akka.log-dead-letters' and 'akka.log-dead-letters-during-shutdown'.
12:11:27.232 [worker-akka.actor.default-dispatcher-2] INFO  a.r.RemoteActorRefProvider$RemotingTerminator akka://worker@172.31.47.100:5412/system/remoting-terminator - Shutting down remote daemon.
12:11:27.233 [worker-akka.actor.default-dispatcher-2] INFO  a.r.RemoteActorRefProvider$RemotingTerminator akka://worker@172.31.47.100:5412/system/remoting-terminator - Remote daemon shut down; proceeding with flushing remote transports.
12:11:28.337 [worker-akka.actor.default-dispatcher-2] INFO  a.r.RemoteActorRefProvider$RemotingTerminator akka://worker@172.31.47.100:5412/system/remoting-terminator - Remoting shut down.
Attempts of event 'sink-receive' - 734603
Attempts of event 'sink-send' - 725565
Heap
 def new generation   total 153600K, used 149289K [0x00000000e0c00000, 0x00000000eb2a0000, 0x00000000eb2a0000)
  eden space 136576K,  99% used [0x00000000e0c00000, 0x00000000e9144810, 0x00000000e9160000)
  from space 17024K,  75% used [0x00000000e9160000, 0x00000000e9de5d38, 0x00000000ea200000)
  to   space 17024K,   0% used [0x00000000ea200000, 0x00000000ea200000, 0x00000000eb2a0000)
 tenured generation   total 341376K, used 123673K [0x00000000eb2a0000, 0x0000000100000000, 0x0000000100000000)
   the space 341376K,  36% used [0x00000000eb2a0000, 0x00000000f2b66790, 0x00000000f2b66800, 0x0000000100000000)
 Metaspace       used 33416K, capacity 34158K, committed 34432K, reserved 1079296K
  class space    used 4451K, capacity 4622K, committed 4736K, reserved 1048576K
