15:33:37.320 [worker-akka.actor.default-dispatcher-2] INFO  a.e.s.Slf4jLogger  - Slf4jLogger started
2018-02-16T15:33:37.485+0000: 1.999: [Full GC (Metadata GC Threshold) 2018-02-16T15:33:37.485+0000: 1.999: [Tenured: 0K->15410K(341376K), 0.0402495 secs] 117538K->15410K(494976K), [Metaspace: 20869K->20869K(1067008K)], 0.0403265 secs] [Times: user=0.03 sys=0.02, real=0.04 secs] 
Ama winner
Ama winner
15:33:37.888 [worker-akka.actor.default-dispatcher-2] INFO  a.r.a.ArteryTransport(akka://worker) akka.remote.artery.ArteryTransport(akka://worker) - Started embedded media driver in directory [/dev/shm/aeron-root-worker-ee0231e6-1f78-4df2-88b9-52bccc7eac9a]
15:33:38.126 [worker-akka.actor.default-dispatcher-2] INFO  a.r.a.ArteryTransport(akka://worker) akka.remote.artery.ArteryTransport(akka://worker) - Remoting started; listening on address: [akka://worker@172.31.34.169:5412] with UID [-1826958781827093949]
15:33:38.236 [worker-akka.actor.default-dispatcher-2] INFO  o.a.z.ZooKeeper  - Client environment:zookeeper.version=3.4.9-1757313, built on 08/23/2016 06:50 GMT
15:33:38.236 [worker-akka.actor.default-dispatcher-2] INFO  o.a.z.ZooKeeper  - Client environment:host.name=ip-172-31-34-169.us-east-2.compute.internal
15:33:38.236 [worker-akka.actor.default-dispatcher-2] INFO  o.a.z.ZooKeeper  - Client environment:java.version=1.8.0_151
15:33:38.236 [worker-akka.actor.default-dispatcher-2] INFO  o.a.z.ZooKeeper  - Client environment:java.vendor=Oracle Corporation
15:33:38.236 [worker-akka.actor.default-dispatcher-2] INFO  o.a.z.ZooKeeper  - Client environment:java.home=/usr/lib/jvm/java-8-openjdk-amd64/jre
15:33:38.236 [worker-akka.actor.default-dispatcher-2] INFO  o.a.z.ZooKeeper  - Client environment:java.class.path=lib/commons-cli-1.4.jar:lib/minlog-1.3.0.jar:lib/asm-5.0.4.jar:lib/hadoop-annotations-2.7.3.jar:lib/hadoop-auth-2.7.3.jar:lib/akka-slf4j_2.11-2.5.6.jar:lib/jersey-core-1.9.jar:lib/lz4-1.3.0.jar:lib/jackson-core-asl-1.9.13.jar:lib/aeron-client-1.3.0.jar:lib/htrace-core-3.1.0-incubating.jar:lib/xz-1.0.jar:lib/commons-httpclient-3.1.jar:lib/asm-3.1.jar:lib/commons-lang3-3.4.jar:lib/scala-library-2.11.11.jar:lib/scala-java8-compat_2.11-0.7.0.jar:lib/commons-configuration-1.6.jar:lib/objenesis-2.1.jar:lib/jackson-annotations-2.8.0.jar:lib/jsr305-3.0.0.jar:lib/curator-framework-2.7.1.jar:lib/jersey-server-1.9.jar:lib/jets3t-0.9.0.jar:lib/leveldb-0.7.jar:lib/jetty-6.1.26.jar:lib/stax-api-1.0-2.jar:lib/flamestream-core-1.0-SNAPSHOT.jar:lib/reflectasm-1.07-shaded.jar:lib/apacheds-kerberos-codec-2.0.0-M15.jar:lib/api-asn1-api-1.0.0-M20.jar:lib/commons-lang-2.6.jar:lib/commons-beanutils-1.7.0.jar:lib/jackson-xc-1.8.3.jar:lib/jetty-util-6.1.26.jar:lib/logback-classic-1.2.3.jar:lib/jool-0.9.12.jar:lib/flamestream-runtime-1.0-SNAPSHOT-tests.jar:lib/httpcore-4.1.2.jar:lib/kryo-4.0.0.jar:lib/ant-1.8.1.jar:lib/jaxb-impl-2.2.3-1.jar:lib/jersey-json-1.9.jar:lib/commons-compress-1.4.1.jar:lib/leveldbjni-all-1.8.jar:lib/paranamer-2.3.jar:lib/jackson-core-2.8.4.jar:lib/commons-math3-3.6.1.jar:lib/scala-parser-combinators_2.11-1.0.4.jar:lib/netty-3.10.6.Final.jar:lib/trove4j-3.0.3.jar:lib/jaxb-api-2.2.2.jar:lib/logback-core-1.2.3.jar:lib/snappy-java-1.0.4.1.jar:lib/protobuf-java-2.5.0.jar:lib/reactive-streams-1.0.1.jar:lib/flamestream-examples-1.0-SNAPSHOT.jar:lib/commons-codec-1.4.jar:lib/activation-1.1.jar:lib/commons-net-3.1.jar:lib/curator-recipes-2.7.1.jar:lib/jackson-mapper-asl-1.9.13.jar:lib/jackson-databind-2.8.4.jar:lib/flamestream-runtime-1.0-SNAPSHOT.jar:lib/jackson-jaxrs-1.8.3.jar:lib/slf4j-api-1.7.24.jar:lib/akka-remote_2.11-2.5.6.jar:lib/akka-testkit_2.11-2.5.6.jar:lib/jline-0.9.94.jar:lib/akka-stream_2.11-2.5.6.jar:lib/jsp-api-2.1.jar:lib/kryonet-2.21.jar:lib/akka-kryo-serialization_2.11-0.5.0.jar:lib/config-1.3.1.jar:lib/ant-launcher-1.8.1.jar:lib/commons-logging-1.2.jar:lib/ssl-config-core_2.11-0.2.2.jar:lib/testng-6.10.jar:lib/leveldb-api-0.7.jar:lib/reflectasm-1.11.3.jar:lib/jcommander-1.48.jar:lib/commons-1.1.jar:lib/commons-digester-1.8.jar:lib/minlog-1.2.jar:lib/java-xmlbuilder-0.4.jar:lib/jettison-1.1.jar:lib/gson-2.2.4.jar:lib/jdk.tools-1.8.jar:lib/aeron-driver-1.3.0.jar:lib/zookeeper-3.4.9.jar:lib/commons-beanutils-core-1.8.0.jar:lib/commons-math3-3.1.1.jar:lib/akka-actor_2.11-2.5.6.jar:lib/curator-client-2.7.1.jar:lib/servlet-api-2.5.jar:lib/apacheds-i18n-2.0.0-M15.jar:lib/commons-io-2.4.jar:lib/commons-codec-1.6.jar:lib/akka-protobuf_2.11-2.5.6.jar:lib/protobuf-java-3.5.1.jar:lib/jdom-2.0.2.jar:lib/api-util-1.0.0-M20.jar:lib/hadoop-common-2.7.3.jar:lib/agrona-0.9.6.jar:lib/xmlenc-0.52.jar:lib/guava-21.0.jar:lib/commons-collections-3.2.2.jar:lib/avro-1.7.4.jar:lib/httpclient-4.1.2.jar:lib/flamestream-core-1.0-SNAPSHOT-tests.jar:lib/annotations-12.0.jar:lib/jsch-0.1.42.jar:flamestream-runtime-1.0-SNAPSHOT.jar
15:33:38.236 [worker-akka.actor.default-dispatcher-2] INFO  o.a.z.ZooKeeper  - Client environment:java.library.path=/usr/java/packages/lib/amd64:/usr/lib/x86_64-linux-gnu/jni:/lib/x86_64-linux-gnu:/usr/lib/x86_64-linux-gnu:/usr/lib/jni:/lib:/usr/lib
15:33:38.236 [worker-akka.actor.default-dispatcher-2] INFO  o.a.z.ZooKeeper  - Client environment:java.io.tmpdir=/tmp
15:33:38.236 [worker-akka.actor.default-dispatcher-2] INFO  o.a.z.ZooKeeper  - Client environment:java.compiler=<NA>
15:33:38.237 [worker-akka.actor.default-dispatcher-2] INFO  o.a.z.ZooKeeper  - Client environment:os.name=Linux
15:33:38.237 [worker-akka.actor.default-dispatcher-2] INFO  o.a.z.ZooKeeper  - Client environment:os.arch=amd64
15:33:38.237 [worker-akka.actor.default-dispatcher-2] INFO  o.a.z.ZooKeeper  - Client environment:os.version=4.4.0-1049-aws
15:33:38.237 [worker-akka.actor.default-dispatcher-2] INFO  o.a.z.ZooKeeper  - Client environment:user.name=root
15:33:38.238 [worker-akka.actor.default-dispatcher-2] INFO  o.a.z.ZooKeeper  - Client environment:user.home=/root
15:33:38.238 [worker-akka.actor.default-dispatcher-2] INFO  o.a.z.ZooKeeper  - Client environment:user.dir=/opt/flamestream
15:33:38.242 [worker-akka.actor.default-dispatcher-2] INFO  o.a.z.ZooKeeper  - Initiating client connection, connectString=172.31.34.147:2181 sessionTimeout=5000 watcher=com.spbsu.flamestream.runtime.application.LifecycleWatcher$$Lambda$29/764839090@3d5d5f13
15:33:38.279 [worker-akka.actor.default-dispatcher-2-SendThread(172.31.34.147:2181)] INFO  o.a.z.ClientCnxn  - Opening socket connection to server 172.31.34.147/172.31.34.147:2181. Will not attempt to authenticate using SASL (unknown error)
15:33:38.281 [worker-akka.actor.default-dispatcher-2] INFO  a.a.RepointableActorRef akka://worker/user/watcher - Starting...
15:33:38.287 [worker-akka.actor.default-dispatcher-2-SendThread(172.31.34.147:2181)] INFO  o.a.z.ClientCnxn  - Socket connection established to 172.31.34.147/172.31.34.147:2181, initiating session
15:33:38.297 [worker-akka.actor.default-dispatcher-2-SendThread(172.31.34.147:2181)] INFO  o.a.z.ClientCnxn  - Session establishment complete on server 172.31.34.147/172.31.34.147:2181, sessionid = 0x1619f3ec237000b, negotiated timeout = 6000
15:33:38.391 [worker-akka.actor.default-dispatcher-2] INFO  a.a.RepointableActorRef akka://worker/user/watcher - Connected to ZK
15:33:49.254 [worker-akka.actor.default-dispatcher-2] INFO  a.a.RepointableActorRef akka://worker/user/watcher - Creating node with watchGraphs: 'com.spbsu.flamestream.core.Graph$Builder$MyGraph@4084ed8a', config: 'ClusterConfig{paths={172.31.33.155=akka://worker@172.31.33.155:5412/user/watcher/graph0000000000, 172.31.47.83=akka://worker@172.31.47.83:5412/user/watcher/graph0000000000, 172.31.45.197=akka://worker@172.31.45.197:5412/user/watcher/graph0000000000, 172.31.42.36=akka://worker@172.31.42.36:5412/user/watcher/graph0000000000, 172.31.44.83=akka://worker@172.31.44.83:5412/user/watcher/graph0000000000, 172.31.39.64=akka://worker@172.31.39.64:5412/user/watcher/graph0000000000, 172.31.35.79=akka://worker@172.31.35.79:5412/user/watcher/graph0000000000, 172.31.34.169=akka://worker@172.31.34.169:5412/user/watcher/graph0000000000, 172.31.47.100=akka://worker@172.31.47.100:5412/user/watcher/graph0000000000, 172.31.37.101=akka://worker@172.31.37.101:5412/user/watcher/graph0000000000}, ackerLocation='172.31.35.79', props=ComputationLayout{ranges={172.31.33.155=HashRange{from=-1670265060, to=-1193046472}, 172.31.47.83=HashRange{from=1670265056, to=2147483644}, 172.31.45.197=HashRange{from=-715827884, to=-238609296}, 172.31.42.36=HashRange{from=1193046468, to=1670265056}, 172.31.44.83=HashRange{from=-238609296, to=238609292}, 172.31.39.64=HashRange{from=715827880, to=1193046468}, 172.31.35.79=HashRange{from=0, to=0}, 172.31.34.169=HashRange{from=-2147483648, to=-1670265060}, 172.31.47.100=HashRange{from=238609292, to=715827880}, 172.31.37.101=HashRange{from=-1193046472, to=-715827884}}}}'
15:33:50.040 [worker-akka.actor.default-dispatcher-2] INFO  a.a.LocalActorRef akka://worker/user/watcher/graph0000000000/graph - Starting...
15:33:50.040 [worker-akka.actor.default-dispatcher-2] INFO  a.a.LocalActorRef akka://worker/user/watcher/graph0000000000/graph/local-acker - Starting...
15:33:50.046 [worker-akka.actor.default-dispatcher-2] INFO  a.a.LocalActorRef akka://worker/user/watcher/graph0000000000/graph/local-acker/$a - Starting...
Warning: space is running low in /dev/shm (tmpfs) threshold=167,772,160 usable=158,621,696
Warning: space is running low in /dev/shm (tmpfs) threshold=167,772,160 usable=146,034,688
Warning: space is running low in /dev/shm (tmpfs) threshold=167,772,160 usable=133,447,680
Warning: space is running low in /dev/shm (tmpfs) threshold=167,772,160 usable=120,860,672
Warning: space is running low in /dev/shm (tmpfs) threshold=167,772,160 usable=108,273,664
Warning: space is running low in /dev/shm (tmpfs) threshold=167,772,160 usable=95,686,656
Warning: space is running low in /dev/shm (tmpfs) threshold=167,772,160 usable=83,099,648
Warning: space is running low in /dev/shm (tmpfs) threshold=167,772,160 usable=70,512,640
15:33:51.800 [worker-akka.actor.default-dispatcher-2] INFO  a.a.LocalActorRef akka://worker/user/watcher/graph0000000000/graph - Finishing constructor
15:33:51.801 [worker-akka.actor.default-dispatcher-2] INFO  a.a.LocalActorRef akka://worker/user/watcher/graph0000000000 - Starting...
15:33:51.803 [worker-akka.actor.default-dispatcher-2] INFO  a.a.LocalActorRef akka://worker/user/watcher/graph0000000000/negotiator - Starting...
15:33:51.804 [worker-akka.actor.default-dispatcher-2] INFO  a.a.LocalActorRef akka://worker/user/watcher/graph0000000000/edge - Starting...
15:33:51.896 [worker-akka.actor.default-dispatcher-2] INFO  c.s.f.r.e.s.SocketRear  - FlameSocketGraphDeployerRear@172.31.34.169: connecting to 172.31.34.147:5678
15:33:51.904 [worker-akka.actor.default-dispatcher-2] INFO  c.s.f.r.e.s.SocketRear  - FlameSocketGraphDeployerRear@172.31.34.169: connected to 172.31.34.147:5678
2018-02-16T15:33:51.914+0000: 16.428: [GC (Allocation Failure) 2018-02-16T15:33:51.914+0000: 16.428: [DefNew: 122481K->17024K(153600K), 0.0365842 secs] 137892K->43149K(494976K), 0.0366595 secs] [Times: user=0.01 sys=0.02, real=0.04 secs] 
15:33:51.976 [worker-akka.actor.default-dispatcher-2] INFO  a.a.LocalActorRef akka://worker/user/watcher/graph0000000000/graph/$a - Starting...
15:33:51.983 [worker-akka.actor.default-dispatcher-2] INFO  a.a.LocalActorRef akka://worker/user/watcher/graph0000000000/graph/$b - Starting...
15:33:51.984 [worker-akka.actor.default-dispatcher-2] INFO  a.a.LocalActorRef akka://worker/user/watcher/graph0000000000/graph/$c - Starting...
15:33:51.985 [worker-akka.actor.default-dispatcher-2] INFO  a.a.LocalActorRef akka://worker/user/watcher/graph0000000000/edge/FlameSocketGraphDeployerRear - Starting...
15:33:51.987 [worker-akka.actor.default-dispatcher-2] INFO  a.a.LocalActorRef akka://worker/user/watcher/graph0000000000/edge/FlameSocketGraphDeployerFront - Starting...
15:33:51.987 [worker-akka.actor.default-dispatcher-2] INFO  a.a.LocalActorRef akka://worker/user/watcher/graph0000000000/negotiator - Requesting ticket for the frontClass FlameSocketGraphDeployerFront@172.31.34.169
15:33:51.989 [worker-akka.actor.default-dispatcher-2] INFO  a.a.LocalActorRef akka://worker/user/watcher/graph0000000000/negotiator - Ticket for the frontClass received: FrontTicket{allowedTimestamp=(1518795229240, FlameSocketGraphDeployerFront@172.31.34.169)}
15:33:51.992 [worker-akka.actor.default-dispatcher-2] INFO  c.s.f.r.e.s.SocketFront  - FlameSocketGraphDeployerFront@172.31.34.169: connecting to 172.31.34.147:4567
15:33:52.042 [Client] INFO  c.s.f.r.e.s.SocketFront  - FlameSocketGraphDeployerFront@172.31.34.169 has been disconnected from Connection 8
2018-02-16T15:34:01.598+0000: 26.112: [GC (Allocation Failure) 2018-02-16T15:34:01.598+0000: 26.112: [DefNew: 153600K->3605K(153600K), 0.1150353 secs] 179725K->66248K(494976K), 0.1151197 secs] [Times: user=0.02 sys=0.10, real=0.11 secs] 
2018-02-16T15:34:14.797+0000: 39.311: [GC (Allocation Failure) 2018-02-16T15:34:14.797+0000: 39.311: [DefNew: 140181K->5450K(153600K), 0.0142972 secs] 202824K->68093K(494976K), 0.0143899 secs] [Times: user=0.02 sys=0.00, real=0.02 secs] 
2018-02-16T15:34:25.935+0000: 50.449: [GC (Allocation Failure) 2018-02-16T15:34:25.935+0000: 50.449: [DefNew: 142026K->7432K(153600K), 0.0179132 secs] 204669K->70076K(494976K), 0.0179870 secs] [Times: user=0.01 sys=0.00, real=0.02 secs] 
2018-02-16T15:34:37.437+0000: 61.951: [GC (Allocation Failure) 2018-02-16T15:34:37.437+0000: 61.951: [DefNew: 144008K->9527K(153600K), 0.0183317 secs] 206652K->72170K(494976K), 0.0184286 secs] [Times: user=0.01 sys=0.00, real=0.02 secs] 
2018-02-16T15:34:46.101+0000: 70.615: [GC (Allocation Failure) 2018-02-16T15:34:46.101+0000: 70.615: [DefNew: 146103K->8550K(153600K), 0.0199671 secs] 208746K->72760K(494976K), 0.0200440 secs] [Times: user=0.02 sys=0.00, real=0.02 secs] 
2018-02-16T15:34:57.303+0000: 81.817: [GC (Allocation Failure) 2018-02-16T15:34:57.303+0000: 81.817: [DefNew: 145126K->8851K(153600K), 0.0192076 secs] 209336K->74251K(494976K), 0.0192811 secs] [Times: user=0.02 sys=0.00, real=0.02 secs] 
2018-02-16T15:35:10.546+0000: 95.060: [GC (Allocation Failure) 2018-02-16T15:35:10.546+0000: 95.060: [DefNew: 145427K->8647K(153600K), 0.0189297 secs] 210827K->75524K(494976K), 0.0190224 secs] [Times: user=0.02 sys=0.00, real=0.02 secs] 
2018-02-16T15:35:24.814+0000: 109.328: [GC (Allocation Failure) 2018-02-16T15:35:24.814+0000: 109.328: [DefNew: 145223K->9295K(153600K), 0.0205190 secs] 212100K->77375K(494976K), 0.0205957 secs] [Times: user=0.02 sys=0.00, real=0.02 secs] 
2018-02-16T15:35:36.891+0000: 121.405: [GC (Allocation Failure) 2018-02-16T15:35:36.891+0000: 121.405: [DefNew: 145871K->8925K(153600K), 0.0206914 secs] 213951K->78195K(494976K), 0.0207689 secs] [Times: user=0.02 sys=0.00, real=0.02 secs] 
2018-02-16T15:35:45.990+0000: 130.504: [GC (Allocation Failure) 2018-02-16T15:35:45.990+0000: 130.504: [DefNew: 145501K->8551K(153600K), 0.0173211 secs] 214771K->79262K(494976K), 0.0174097 secs] [Times: user=0.02 sys=0.00, real=0.01 secs] 
2018-02-16T15:35:59.605+0000: 144.119: [GC (Allocation Failure) 2018-02-16T15:35:59.605+0000: 144.119: [DefNew: 145127K->8492K(153600K), 0.0193579 secs] 215838K->80438K(494976K), 0.0194573 secs] [Times: user=0.02 sys=0.01, real=0.02 secs] 
2018-02-16T15:36:14.490+0000: 159.004: [GC (Allocation Failure) 2018-02-16T15:36:14.490+0000: 159.004: [DefNew: 145068K->9896K(153600K), 0.0175453 secs] 217014K->81842K(494976K), 0.0176219 secs] [Times: user=0.02 sys=0.00, real=0.01 secs] 
2018-02-16T15:36:27.303+0000: 171.817: [GC (Allocation Failure) 2018-02-16T15:36:27.303+0000: 171.817: [DefNew: 146472K->9805K(153600K), 0.0335840 secs] 218418K->83102K(494976K), 0.0336606 secs] [Times: user=0.01 sys=0.03, real=0.03 secs] 
2018-02-16T15:36:39.431+0000: 183.945: [GC (Allocation Failure) 2018-02-16T15:36:39.431+0000: 183.945: [DefNew: 146381K->8977K(153600K), 0.0240575 secs] 219678K->84174K(494976K), 0.0241427 secs] [Times: user=0.01 sys=0.02, real=0.02 secs] 
2018-02-16T15:36:53.280+0000: 197.794: [GC (Allocation Failure) 2018-02-16T15:36:53.280+0000: 197.794: [DefNew: 145553K->9061K(153600K), 0.0182796 secs] 220750K->85281K(494976K), 0.0183557 secs] [Times: user=0.01 sys=0.01, real=0.02 secs] 
2018-02-16T15:37:07.038+0000: 211.552: [GC (Allocation Failure) 2018-02-16T15:37:07.038+0000: 211.552: [DefNew: 145637K->9461K(153600K), 0.0328093 secs] 221857K->86730K(494976K), 0.0329066 secs] [Times: user=0.00 sys=0.03, real=0.03 secs] 
2018-02-16T15:37:18.701+0000: 223.215: [GC (Allocation Failure) 2018-02-16T15:37:18.701+0000: 223.215: [DefNew: 146037K->9164K(153600K), 0.0184274 secs] 223306K->87595K(494976K), 0.0185071 secs] [Times: user=0.02 sys=0.00, real=0.02 secs] 
2018-02-16T15:37:31.111+0000: 235.625: [GC (Allocation Failure) 2018-02-16T15:37:31.111+0000: 235.625: [DefNew: 145740K->9815K(153600K), 0.0208277 secs] 224171K->89248K(494976K), 0.0209071 secs] [Times: user=0.02 sys=0.00, real=0.02 secs] 
2018-02-16T15:37:45.801+0000: 250.315: [GC (Allocation Failure) 2018-02-16T15:37:45.801+0000: 250.315: [DefNew: 146391K->8509K(153600K), 0.0328574 secs] 225824K->90190K(494976K), 0.0329409 secs] [Times: user=0.00 sys=0.02, real=0.03 secs] 
2018-02-16T15:37:59.777+0000: 264.291: [GC (Allocation Failure) 2018-02-16T15:37:59.777+0000: 264.291: [DefNew: 145085K->9973K(153600K), 0.0176868 secs] 226766K->91654K(494976K), 0.0177861 secs] [Times: user=0.01 sys=0.00, real=0.02 secs] 
2018-02-16T15:38:10.773+0000: 275.288: [GC (Allocation Failure) 2018-02-16T15:38:10.774+0000: 275.288: [DefNew: 146549K->8793K(153600K), 0.0225558 secs] 228230K->92800K(494976K), 0.0226384 secs] [Times: user=0.02 sys=0.01, real=0.02 secs] 
2018-02-16T15:38:21.700+0000: 286.214: [GC (Allocation Failure) 2018-02-16T15:38:21.700+0000: 286.214: [DefNew: 145369K->9241K(153600K), 0.0191149 secs] 229376K->94405K(494976K), 0.0192158 secs] [Times: user=0.02 sys=0.00, real=0.02 secs] 
2018-02-16T15:38:32.250+0000: 296.764: [GC (Allocation Failure) 2018-02-16T15:38:32.250+0000: 296.764: [DefNew: 145817K->9197K(153600K), 0.0309366 secs] 230981K->95512K(494976K), 0.0310156 secs] [Times: user=0.01 sys=0.02, real=0.04 secs] 
2018-02-16T15:38:44.897+0000: 309.412: [GC (Allocation Failure) 2018-02-16T15:38:44.898+0000: 309.412: [DefNew: 145773K->10189K(153600K), 0.0206112 secs] 232088K->97652K(494976K), 0.0206995 secs] [Times: user=0.02 sys=0.00, real=0.03 secs] 
2018-02-16T15:38:55.924+0000: 320.438: [GC (Allocation Failure) 2018-02-16T15:38:55.924+0000: 320.438: [DefNew: 146765K->9074K(153600K), 0.0332521 secs] 234228K->99158K(494976K), 0.0333411 secs] [Times: user=0.00 sys=0.03, real=0.03 secs] 
2018-02-16T15:39:08.402+0000: 332.916: [GC (Allocation Failure) 2018-02-16T15:39:08.402+0000: 332.916: [DefNew: 145650K->8286K(153600K), 0.0180599 secs] 235734K->100611K(494976K), 0.0181374 secs] [Times: user=0.02 sys=0.00, real=0.02 secs] 
2018-02-16T15:39:20.028+0000: 344.543: [GC (Allocation Failure) 2018-02-16T15:39:20.029+0000: 344.543: [DefNew: 144862K->9518K(153600K), 0.0166525 secs] 237187K->101842K(494976K), 0.0167318 secs] [Times: user=0.02 sys=0.00, real=0.02 secs] 
2018-02-16T15:39:30.403+0000: 354.917: [GC (Allocation Failure) 2018-02-16T15:39:30.403+0000: 354.917: [DefNew: 146094K->9807K(153600K), 0.0189740 secs] 238418K->103372K(494976K), 0.0190496 secs] [Times: user=0.02 sys=0.00, real=0.02 secs] 
2018-02-16T15:39:42.628+0000: 367.142: [GC (Allocation Failure) 2018-02-16T15:39:42.628+0000: 367.143: [DefNew: 146383K->9894K(153600K), 0.0193552 secs] 239948K->104688K(494976K), 0.0194444 secs] [Times: user=0.01 sys=0.00, real=0.02 secs] 
2018-02-16T15:39:54.935+0000: 379.449: [GC (Allocation Failure) 2018-02-16T15:39:54.935+0000: 379.449: [DefNew: 146470K->8975K(153600K), 0.0277119 secs] 241264K->106136K(494976K), 0.0277890 secs] [Times: user=0.01 sys=0.01, real=0.03 secs] 
2018-02-16T15:40:07.237+0000: 391.751: [GC (Allocation Failure) 2018-02-16T15:40:07.237+0000: 391.751: [DefNew: 145551K->9055K(153600K), 0.0319060 secs] 242712K->107670K(494976K), 0.0319997 secs] [Times: user=0.00 sys=0.02, real=0.03 secs] 
2018-02-16T15:40:19.144+0000: 403.658: [GC (Allocation Failure) 2018-02-16T15:40:19.144+0000: 403.658: [DefNew: 145631K->9008K(153600K), 0.0303126 secs] 244246K->109005K(494976K), 0.0304048 secs] [Times: user=0.01 sys=0.03, real=0.03 secs] 
2018-02-16T15:40:32.255+0000: 416.769: [GC (Allocation Failure) 2018-02-16T15:40:32.255+0000: 416.769: [DefNew: 145584K->9258K(153600K), 0.0192070 secs] 245581K->110901K(494976K), 0.0192932 secs] [Times: user=0.02 sys=0.00, real=0.02 secs] 
2018-02-16T15:40:42.897+0000: 427.411: [GC (Allocation Failure) 2018-02-16T15:40:42.897+0000: 427.411: [DefNew: 145834K->9400K(153600K), 0.0183602 secs] 247477K->112256K(494976K), 0.0184383 secs] [Times: user=0.02 sys=0.00, real=0.02 secs] 
2018-02-16T15:40:54.337+0000: 438.852: [GC (Allocation Failure) 2018-02-16T15:40:54.338+0000: 438.852: [DefNew: 145976K->9333K(153600K), 0.0185260 secs] 248832K->113762K(494976K), 0.0186046 secs] [Times: user=0.02 sys=0.01, real=0.02 secs] 
2018-02-16T15:41:06.853+0000: 451.367: [GC (Allocation Failure) 2018-02-16T15:41:06.853+0000: 451.367: [DefNew: 145909K->9795K(153600K), 0.0217692 secs] 250338K->115665K(494976K), 0.0218483 secs] [Times: user=0.00 sys=0.02, real=0.02 secs] 
2018-02-16T15:41:17.959+0000: 462.473: [GC (Allocation Failure) 2018-02-16T15:41:17.959+0000: 462.474: [DefNew: 146371K->9955K(153600K), 0.0189730 secs] 252241K->117346K(494976K), 0.0190480 secs] [Times: user=0.02 sys=0.01, real=0.02 secs] 
2018-02-16T15:41:28.943+0000: 473.457: [GC (Allocation Failure) 2018-02-16T15:41:28.943+0000: 473.457: [DefNew: 146531K->9738K(153600K), 0.0337996 secs] 253922K->118694K(494976K), 0.0338791 secs] [Times: user=0.00 sys=0.04, real=0.03 secs] 
2018-02-16T15:41:41.597+0000: 486.111: [GC (Allocation Failure) 2018-02-16T15:41:41.597+0000: 486.111: [DefNew: 146314K->10059K(153600K), 0.0189211 secs] 255270K->120402K(494976K), 0.0189986 secs] [Times: user=0.01 sys=0.00, real=0.02 secs] 
2018-02-16T15:41:53.158+0000: 497.672: [GC (Allocation Failure) 2018-02-16T15:41:53.158+0000: 497.672: [DefNew: 146635K->9933K(153600K), 0.0184398 secs] 256978K->121681K(494976K), 0.0185188 secs] [Times: user=0.02 sys=0.00, real=0.01 secs] 
2018-02-16T15:42:02.899+0000: 507.414: [GC (Allocation Failure) 2018-02-16T15:42:02.899+0000: 507.414: [DefNew: 146509K->10094K(153600K), 0.0191091 secs] 258257K->123436K(494976K), 0.0191914 secs] [Times: user=0.02 sys=0.01, real=0.02 secs] 
2018-02-16T15:42:15.956+0000: 520.471: [GC (Allocation Failure) 2018-02-16T15:42:15.957+0000: 520.471: [DefNew: 146670K->10268K(153600K), 0.0192480 secs] 260012K->125019K(494976K), 0.0193347 secs] [Times: user=0.02 sys=0.00, real=0.02 secs] 
2018-02-16T15:42:27.112+0000: 531.626: [GC (Allocation Failure) 2018-02-16T15:42:27.112+0000: 531.626: [DefNew: 146844K->10639K(153600K), 0.0193528 secs] 261595K->126766K(494976K), 0.0194477 secs] [Times: user=0.02 sys=0.00, real=0.02 secs] 
15:42:28.395 [Client] INFO  c.s.f.r.e.s.SocketRear  - FlameSocketGraphDeployerRear@172.31.34.169: has been disconnected from Connection 8
15:50:30.063 [worker-akka.actor.default-dispatcher-2] INFO  a.a.CoordinatedShutdown CoordinatedShutdown(akka://worker) - Starting coordinated shutdown from JVM shutdown hook
15:50:30.097 [worker-akka.actor.default-dispatcher-2] INFO  a.a.LocalActorRef akka://worker/user/watcher/graph0000000000/edge/FlameSocketGraphDeployerFront - Stopped
15:50:30.101 [worker-akka.actor.default-dispatcher-2] INFO  a.a.LocalActorRef akka://worker/user/watcher/graph0000000000/edge/FlameSocketGraphDeployerRear - Stopped
15:50:30.104 [worker-akka.actor.default-dispatcher-2] INFO  a.a.LocalActorRef akka://worker/user/watcher/graph0000000000/negotiator - Stopped
15:50:30.106 [worker-akka.actor.default-dispatcher-2] INFO  a.a.LocalActorRef akka://worker/user/watcher/graph0000000000/edge - Stopped
15:50:30.106 [worker-akka.actor.default-dispatcher-2] INFO  a.a.LocalActorRef akka://worker/user/watcher/graph0000000000/graph/$a - Stopped
15:50:30.107 [worker-akka.actor.default-dispatcher-2] INFO  a.a.LocalActorRef akka://worker/user/watcher/graph0000000000/graph/$b - Stopped
15:50:30.107 [worker-akka.actor.default-dispatcher-2] INFO  a.a.LocalActorRef akka://worker/user/watcher/graph0000000000/graph/$c - Stopped
15:50:30.108 [worker-akka.actor.default-dispatcher-2] INFO  a.a.LocalActorRef akka://worker/user/watcher/graph0000000000/graph/local-acker/$a - Stopped
15:50:30.110 [worker-akka.actor.default-dispatcher-2] INFO  a.a.LocalActorRef akka://worker/user/watcher/graph0000000000/graph/local-acker/$a - Message [com.spbsu.flamestream.runtime.utils.akka.PingActor$InnerPing] from Actor[akka://worker/user/watcher/graph0000000000/graph/local-acker/$a#-194351221] to Actor[akka://worker/user/watcher/graph0000000000/graph/local-acker/$a#-194351221] was not delivered. [1] dead letters encountered. This logging can be turned off or adjusted with configuration settings 'akka.log-dead-letters' and 'akka.log-dead-letters-during-shutdown'.
15:50:30.111 [worker-akka.actor.default-dispatcher-2] INFO  a.a.LocalActorRef akka://worker/user/watcher/graph0000000000/graph/local-acker - Stopped
15:50:30.117 [worker-akka.actor.default-dispatcher-2] INFO  a.a.LocalActorRef akka://worker/user/watcher/graph0000000000/graph/local-acker/$a - Message [com.spbsu.flamestream.runtime.utils.akka.PingActor$Stop] from Actor[akka://worker/user/watcher/graph0000000000/graph/local-acker#-2004830576] to Actor[akka://worker/user/watcher/graph0000000000/graph/local-acker/$a#-194351221] was not delivered. [2] dead letters encountered. This logging can be turned off or adjusted with configuration settings 'akka.log-dead-letters' and 'akka.log-dead-letters-during-shutdown'.
15:50:30.119 [worker-akka.actor.default-dispatcher-2] INFO  a.a.LocalActorRef akka://worker/user/watcher/graph0000000000/graph/local-acker - Message [com.spbsu.flamestream.runtime.acker.LocalAcker$Flush] from Actor[akka://worker/user/watcher/graph0000000000/graph/local-acker#-2004830576] to Actor[akka://worker/user/watcher/graph0000000000/graph/local-acker#-2004830576] was not delivered. [3] dead letters encountered. This logging can be turned off or adjusted with configuration settings 'akka.log-dead-letters' and 'akka.log-dead-letters-during-shutdown'.
15:50:30.119 [worker-akka.actor.default-dispatcher-2] INFO  a.a.LocalActorRef akka://worker/user/watcher/graph0000000000/graph/local-acker - Message [com.spbsu.flamestream.runtime.acker.LocalAcker$Flush] from Actor[akka://worker/user/watcher/graph0000000000/graph/local-acker#-2004830576] to Actor[akka://worker/user/watcher/graph0000000000/graph/local-acker#-2004830576] was not delivered. [4] dead letters encountered. This logging can be turned off or adjusted with configuration settings 'akka.log-dead-letters' and 'akka.log-dead-letters-during-shutdown'.
15:50:30.120 [worker-akka.actor.default-dispatcher-2] INFO  a.a.LocalActorRef akka://worker/user/watcher/graph0000000000/graph/local-acker - Message [com.spbsu.flamestream.runtime.acker.LocalAcker$Flush] from Actor[akka://worker/user/watcher/graph0000000000/graph/local-acker#-2004830576] to Actor[akka://worker/user/watcher/graph0000000000/graph/local-acker#-2004830576] was not delivered. [5] dead letters encountered. This logging can be turned off or adjusted with configuration settings 'akka.log-dead-letters' and 'akka.log-dead-letters-during-shutdown'.
15:50:30.121 [worker-akka.actor.default-dispatcher-2] INFO  a.a.LocalActorRef akka://worker/user/watcher/graph0000000000/graph/local-acker - Message [com.spbsu.flamestream.runtime.acker.LocalAcker$Flush] from Actor[akka://worker/user/watcher/graph0000000000/graph/local-acker#-2004830576] to Actor[akka://worker/user/watcher/graph0000000000/graph/local-acker#-2004830576] was not delivered. [6] dead letters encountered. This logging can be turned off or adjusted with configuration settings 'akka.log-dead-letters' and 'akka.log-dead-letters-during-shutdown'.
15:50:30.122 [worker-akka.actor.default-dispatcher-2] INFO  a.a.LocalActorRef akka://worker/user/watcher/graph0000000000/graph/local-acker - Message [com.spbsu.flamestream.runtime.acker.LocalAcker$Flush] from Actor[akka://worker/user/watcher/graph0000000000/graph/local-acker#-2004830576] to Actor[akka://worker/user/watcher/graph0000000000/graph/local-acker#-2004830576] was not delivered. [7] dead letters encountered. This logging can be turned off or adjusted with configuration settings 'akka.log-dead-letters' and 'akka.log-dead-letters-during-shutdown'.
15:50:30.123 [worker-akka.actor.default-dispatcher-2] INFO  a.a.LocalActorRef akka://worker/user/watcher/graph0000000000/graph/local-acker - Message [com.spbsu.flamestream.runtime.acker.LocalAcker$Flush] from Actor[akka://worker/user/watcher/graph0000000000/graph/local-acker#-2004830576] to Actor[akka://worker/user/watcher/graph0000000000/graph/local-acker#-2004830576] was not delivered. [8] dead letters encountered. This logging can be turned off or adjusted with configuration settings 'akka.log-dead-letters' and 'akka.log-dead-letters-during-shutdown'.
15:50:30.123 [worker-akka.actor.default-dispatcher-2] INFO  a.a.LocalActorRef akka://worker/user/watcher/graph0000000000/graph - Stopped
15:50:30.123 [worker-akka.actor.default-dispatcher-2] INFO  a.a.LocalActorRef akka://worker/user/watcher/graph0000000000 - Stopped
15:50:30.127 [worker-akka.actor.default-dispatcher-2-EventThread] INFO  o.a.z.ClientCnxn  - EventThread shut down for session: 0x1619f3ec237000b
15:50:30.128 [worker-akka.actor.default-dispatcher-2] INFO  o.a.z.ZooKeeper  - Session: 0x1619f3ec237000b closed
15:50:30.128 [worker-akka.actor.default-dispatcher-2] INFO  a.a.RepointableActorRef akka://worker/user/watcher - Stopped
15:50:30.141 [worker-akka.actor.default-dispatcher-2] INFO  a.r.RemoteActorRefProvider$RemotingTerminator akka://worker@172.31.34.169:5412/system/remoting-terminator - Shutting down remote daemon.
15:50:30.147 [worker-akka.actor.default-dispatcher-2] INFO  a.r.RemoteActorRefProvider$RemotingTerminator akka://worker@172.31.34.169:5412/system/remoting-terminator - Remote daemon shut down; proceeding with flushing remote transports.
15:50:31.290 [worker-akka.actor.default-dispatcher-2] INFO  a.r.RemoteActorRefProvider$RemotingTerminator akka://worker@172.31.34.169:5412/system/remoting-terminator - Remoting shut down.
Attempts of event 'shuffle-send' - 0
Attempts of event 'front-receive-send' - 0
Attempts of event 'inject-out' - 607029
Attempts of event 'sink-receive' - 618865
Attempts of event 'flatmap-receive' - 1130
Attempts of event 'fm-send' - 532684
Attempts of event 'rear-in' - 605899
Attempts of event 'flatmap-send' - 532684
Attempts of event 'inject-in' - 607029
Attempts of event 'wrong-ordering-filter-receive' - 618865
Attempts of event 'accept-in' - 0
Attempts of event 'grouping-receive' - 1224764
Heap
 def new generation   total 153600K, used 119690K [0x00000000e0c00000, 0x00000000eb2a0000, 0x00000000eb2a0000)
  eden space 136576K,  79% used [0x00000000e0c00000, 0x00000000e767eb08, 0x00000000e9160000)
  from space 17024K,  62% used [0x00000000e9160000, 0x00000000e9bc3fe8, 0x00000000ea200000)
  to   space 17024K,   0% used [0x00000000ea200000, 0x00000000ea200000, 0x00000000eb2a0000)
 tenured generation   total 341376K, used 116126K [0x00000000eb2a0000, 0x0000000100000000, 0x0000000100000000)
   the space 341376K,  34% used [0x00000000eb2a0000, 0x00000000f2407b28, 0x00000000f2407c00, 0x0000000100000000)
 Metaspace       used 33478K, capacity 34292K, committed 34688K, reserved 1079296K
  class space    used 4456K, capacity 4627K, committed 4736K, reserved 1048576K
