12:52:56.831 [worker-akka.actor.default-dispatcher-2] INFO  a.e.s.Slf4jLogger  - Slf4jLogger started
2018-02-19T12:52:57.005+0000: 2.719: [Full GC (Metadata GC Threshold) 2018-02-19T12:52:57.005+0000: 2.719: [Tenured: 0K->15415K(341376K), 0.0377953 secs] 117538K->15415K(494976K), [Metaspace: 20874K->20874K(1067008K)], 0.0378590 secs] [Times: user=0.04 sys=0.00, real=0.04 secs] 
Ama winner
Ama winner
12:52:57.472 [worker-akka.actor.default-dispatcher-2] INFO  a.r.a.ArteryTransport(akka://worker) akka.remote.artery.ArteryTransport(akka://worker) - Started embedded media driver in directory [/dev/shm/aeron-root-worker-c1d6fa72-da8a-4248-9083-671983ca5e39]
12:52:57.691 [worker-akka.actor.default-dispatcher-2] INFO  a.r.a.ArteryTransport(akka://worker) akka.remote.artery.ArteryTransport(akka://worker) - Remoting started; listening on address: [akka://worker@172.31.47.100:5412] with UID [-817531142348625250]
12:52:57.793 [worker-akka.actor.default-dispatcher-2] INFO  o.a.z.ZooKeeper  - Client environment:zookeeper.version=3.4.9-1757313, built on 08/23/2016 06:50 GMT
12:52:57.793 [worker-akka.actor.default-dispatcher-2] INFO  o.a.z.ZooKeeper  - Client environment:host.name=ip-172-31-47-100.us-east-2.compute.internal
12:52:57.794 [worker-akka.actor.default-dispatcher-2] INFO  o.a.z.ZooKeeper  - Client environment:java.version=1.8.0_151
12:52:57.794 [worker-akka.actor.default-dispatcher-2] INFO  o.a.z.ZooKeeper  - Client environment:java.vendor=Oracle Corporation
12:52:57.794 [worker-akka.actor.default-dispatcher-2] INFO  o.a.z.ZooKeeper  - Client environment:java.home=/usr/lib/jvm/java-8-openjdk-amd64/jre
12:52:57.794 [worker-akka.actor.default-dispatcher-2] INFO  o.a.z.ZooKeeper  - Client environment:java.class.path=lib/commons-cli-1.4.jar:lib/minlog-1.3.0.jar:lib/asm-5.0.4.jar:lib/hadoop-annotations-2.7.3.jar:lib/hadoop-auth-2.7.3.jar:lib/akka-slf4j_2.11-2.5.6.jar:lib/jersey-core-1.9.jar:lib/lz4-1.3.0.jar:lib/jackson-core-asl-1.9.13.jar:lib/aeron-client-1.3.0.jar:lib/htrace-core-3.1.0-incubating.jar:lib/xz-1.0.jar:lib/commons-httpclient-3.1.jar:lib/asm-3.1.jar:lib/commons-lang3-3.4.jar:lib/scala-library-2.11.11.jar:lib/scala-java8-compat_2.11-0.7.0.jar:lib/commons-configuration-1.6.jar:lib/objenesis-2.1.jar:lib/jackson-annotations-2.8.0.jar:lib/jsr305-3.0.0.jar:lib/curator-framework-2.7.1.jar:lib/jersey-server-1.9.jar:lib/jets3t-0.9.0.jar:lib/leveldb-0.7.jar:lib/jetty-6.1.26.jar:lib/stax-api-1.0-2.jar:lib/flamestream-core-1.0-SNAPSHOT.jar:lib/reflectasm-1.07-shaded.jar:lib/apacheds-kerberos-codec-2.0.0-M15.jar:lib/api-asn1-api-1.0.0-M20.jar:lib/commons-lang-2.6.jar:lib/commons-beanutils-1.7.0.jar:lib/jackson-xc-1.8.3.jar:lib/jetty-util-6.1.26.jar:lib/logback-classic-1.2.3.jar:lib/jool-0.9.12.jar:lib/flamestream-runtime-1.0-SNAPSHOT-tests.jar:lib/httpcore-4.1.2.jar:lib/kryo-4.0.0.jar:lib/ant-1.8.1.jar:lib/jaxb-impl-2.2.3-1.jar:lib/jersey-json-1.9.jar:lib/commons-compress-1.4.1.jar:lib/leveldbjni-all-1.8.jar:lib/paranamer-2.3.jar:lib/jackson-core-2.8.4.jar:lib/commons-math3-3.6.1.jar:lib/scala-parser-combinators_2.11-1.0.4.jar:lib/netty-3.10.6.Final.jar:lib/trove4j-3.0.3.jar:lib/jaxb-api-2.2.2.jar:lib/logback-core-1.2.3.jar:lib/snappy-java-1.0.4.1.jar:lib/protobuf-java-2.5.0.jar:lib/reactive-streams-1.0.1.jar:lib/flamestream-examples-1.0-SNAPSHOT.jar:lib/commons-codec-1.4.jar:lib/activation-1.1.jar:lib/commons-net-3.1.jar:lib/curator-recipes-2.7.1.jar:lib/jackson-mapper-asl-1.9.13.jar:lib/jackson-databind-2.8.4.jar:lib/flamestream-runtime-1.0-SNAPSHOT.jar:lib/jackson-jaxrs-1.8.3.jar:lib/slf4j-api-1.7.24.jar:lib/akka-remote_2.11-2.5.6.jar:lib/akka-testkit_2.11-2.5.6.jar:lib/jline-0.9.94.jar:lib/akka-stream_2.11-2.5.6.jar:lib/jsp-api-2.1.jar:lib/kryonet-2.21.jar:lib/akka-kryo-serialization_2.11-0.5.0.jar:lib/config-1.3.1.jar:lib/ant-launcher-1.8.1.jar:lib/commons-logging-1.2.jar:lib/ssl-config-core_2.11-0.2.2.jar:lib/testng-6.10.jar:lib/leveldb-api-0.7.jar:lib/reflectasm-1.11.3.jar:lib/jcommander-1.48.jar:lib/commons-1.1.jar:lib/commons-digester-1.8.jar:lib/minlog-1.2.jar:lib/java-xmlbuilder-0.4.jar:lib/jettison-1.1.jar:lib/gson-2.2.4.jar:lib/jdk.tools-1.8.jar:lib/aeron-driver-1.3.0.jar:lib/zookeeper-3.4.9.jar:lib/commons-beanutils-core-1.8.0.jar:lib/commons-math3-3.1.1.jar:lib/akka-actor_2.11-2.5.6.jar:lib/curator-client-2.7.1.jar:lib/servlet-api-2.5.jar:lib/apacheds-i18n-2.0.0-M15.jar:lib/commons-io-2.4.jar:lib/commons-codec-1.6.jar:lib/akka-protobuf_2.11-2.5.6.jar:lib/protobuf-java-3.5.1.jar:lib/jdom-2.0.2.jar:lib/api-util-1.0.0-M20.jar:lib/hadoop-common-2.7.3.jar:lib/agrona-0.9.6.jar:lib/xmlenc-0.52.jar:lib/guava-21.0.jar:lib/commons-collections-3.2.2.jar:lib/avro-1.7.4.jar:lib/httpclient-4.1.2.jar:lib/flamestream-core-1.0-SNAPSHOT-tests.jar:lib/annotations-12.0.jar:lib/jsch-0.1.42.jar:flamestream-runtime-1.0-SNAPSHOT.jar
12:52:57.794 [worker-akka.actor.default-dispatcher-2] INFO  o.a.z.ZooKeeper  - Client environment:java.library.path=/usr/java/packages/lib/amd64:/usr/lib/x86_64-linux-gnu/jni:/lib/x86_64-linux-gnu:/usr/lib/x86_64-linux-gnu:/usr/lib/jni:/lib:/usr/lib
12:52:57.794 [worker-akka.actor.default-dispatcher-2] INFO  o.a.z.ZooKeeper  - Client environment:java.io.tmpdir=/tmp
12:52:57.794 [worker-akka.actor.default-dispatcher-2] INFO  o.a.z.ZooKeeper  - Client environment:java.compiler=<NA>
12:52:57.794 [worker-akka.actor.default-dispatcher-2] INFO  o.a.z.ZooKeeper  - Client environment:os.name=Linux
12:52:57.794 [worker-akka.actor.default-dispatcher-2] INFO  o.a.z.ZooKeeper  - Client environment:os.arch=amd64
12:52:57.794 [worker-akka.actor.default-dispatcher-2] INFO  o.a.z.ZooKeeper  - Client environment:os.version=4.4.0-1049-aws
12:52:57.794 [worker-akka.actor.default-dispatcher-2] INFO  o.a.z.ZooKeeper  - Client environment:user.name=root
12:52:57.796 [worker-akka.actor.default-dispatcher-2] INFO  o.a.z.ZooKeeper  - Client environment:user.home=/root
12:52:57.796 [worker-akka.actor.default-dispatcher-2] INFO  o.a.z.ZooKeeper  - Client environment:user.dir=/opt/flamestream
12:52:57.800 [worker-akka.actor.default-dispatcher-2] INFO  o.a.z.ZooKeeper  - Initiating client connection, connectString=172.31.34.147:2181 sessionTimeout=5000 watcher=com.spbsu.flamestream.runtime.application.LifecycleWatcher$$Lambda$29/764839090@3d5d5f13
12:52:57.834 [worker-akka.actor.default-dispatcher-2] INFO  a.a.RepointableActorRef akka://worker/user/watcher - Starting...
12:52:57.837 [worker-akka.actor.default-dispatcher-2-SendThread(172.31.34.147:2181)] INFO  o.a.z.ClientCnxn  - Opening socket connection to server 172.31.34.147/172.31.34.147:2181. Will not attempt to authenticate using SASL (unknown error)
12:52:57.842 [worker-akka.actor.default-dispatcher-2-SendThread(172.31.34.147:2181)] INFO  o.a.z.ClientCnxn  - Socket connection established to 172.31.34.147/172.31.34.147:2181, initiating session
12:52:57.850 [worker-akka.actor.default-dispatcher-2-SendThread(172.31.34.147:2181)] INFO  o.a.z.ClientCnxn  - Session establishment complete on server 172.31.34.147/172.31.34.147:2181, sessionid = 0x161ae1f07550006, negotiated timeout = 6000
12:52:57.948 [worker-akka.actor.default-dispatcher-2] INFO  a.a.RepointableActorRef akka://worker/user/watcher - Connected to ZK
12:53:07.726 [worker-akka.actor.default-dispatcher-2] INFO  a.a.RepointableActorRef akka://worker/user/watcher - Creating node with watchGraphs: 'com.spbsu.flamestream.core.Graph$Builder$MyGraph@4084ed8a', config: 'ClusterConfig{paths={172.31.33.155=akka://worker@172.31.33.155:5412/user/watcher/graph0000000000, 172.31.47.83=akka://worker@172.31.47.83:5412/user/watcher/graph0000000000, 172.31.45.197=akka://worker@172.31.45.197:5412/user/watcher/graph0000000000, 172.31.42.36=akka://worker@172.31.42.36:5412/user/watcher/graph0000000000, 172.31.44.83=akka://worker@172.31.44.83:5412/user/watcher/graph0000000000, 172.31.39.64=akka://worker@172.31.39.64:5412/user/watcher/graph0000000000, 172.31.35.79=akka://worker@172.31.35.79:5412/user/watcher/graph0000000000, 172.31.34.169=akka://worker@172.31.34.169:5412/user/watcher/graph0000000000, 172.31.47.100=akka://worker@172.31.47.100:5412/user/watcher/graph0000000000, 172.31.37.101=akka://worker@172.31.37.101:5412/user/watcher/graph0000000000}, ackerLocation='172.31.35.79', props=ComputationLayout{ranges={172.31.33.155=HashRange{from=-1670265060, to=-1193046472}, 172.31.47.83=HashRange{from=1670265056, to=2147483644}, 172.31.45.197=HashRange{from=-715827884, to=-238609296}, 172.31.42.36=HashRange{from=1193046468, to=1670265056}, 172.31.44.83=HashRange{from=-238609296, to=238609292}, 172.31.39.64=HashRange{from=715827880, to=1193046468}, 172.31.35.79=HashRange{from=0, to=0}, 172.31.34.169=HashRange{from=-2147483648, to=-1670265060}, 172.31.47.100=HashRange{from=238609292, to=715827880}, 172.31.37.101=HashRange{from=-1193046472, to=-715827884}}}}'
12:53:08.632 [worker-akka.actor.default-dispatcher-2] INFO  a.a.LocalActorRef akka://worker/user/watcher/graph0000000000/graph - Starting...
12:53:08.636 [worker-akka.actor.default-dispatcher-2] INFO  a.a.LocalActorRef akka://worker/user/watcher/graph0000000000/graph/local-acker/$a - Starting...
12:53:08.637 [worker-akka.actor.default-dispatcher-2] INFO  a.a.LocalActorRef akka://worker/user/watcher/graph0000000000/graph/local-acker - Starting...
Warning: space is running low in /dev/shm (tmpfs) threshold=167,772,160 usable=158,621,696
Warning: space is running low in /dev/shm (tmpfs) threshold=167,772,160 usable=146,034,688
Warning: space is running low in /dev/shm (tmpfs) threshold=167,772,160 usable=133,447,680
Warning: space is running low in /dev/shm (tmpfs) threshold=167,772,160 usable=120,860,672
Warning: space is running low in /dev/shm (tmpfs) threshold=167,772,160 usable=108,273,664
Warning: space is running low in /dev/shm (tmpfs) threshold=167,772,160 usable=95,686,656
Warning: space is running low in /dev/shm (tmpfs) threshold=167,772,160 usable=83,099,648
Warning: space is running low in /dev/shm (tmpfs) threshold=167,772,160 usable=70,512,640
12:53:10.132 [worker-akka.actor.default-dispatcher-2] INFO  a.a.LocalActorRef akka://worker/user/watcher/graph0000000000 - Starting...
12:53:10.133 [worker-akka.actor.default-dispatcher-2] INFO  a.a.LocalActorRef akka://worker/user/watcher/graph0000000000/graph - Finishing constructor
12:53:10.134 [worker-akka.actor.default-dispatcher-2] INFO  a.a.LocalActorRef akka://worker/user/watcher/graph0000000000/negotiator - Starting...
12:53:10.135 [worker-akka.actor.default-dispatcher-2] INFO  a.a.LocalActorRef akka://worker/user/watcher/graph0000000000/edge - Starting...
12:53:10.221 [worker-akka.actor.default-dispatcher-2] INFO  c.s.f.r.e.s.SocketRear  - FlameSocketGraphDeployerRear@172.31.47.100: connecting to 172.31.34.147:5678
12:53:10.228 [worker-akka.actor.default-dispatcher-2] INFO  c.s.f.r.e.s.SocketRear  - FlameSocketGraphDeployerRear@172.31.47.100: connected to 172.31.34.147:5678
12:53:10.257 [worker-akka.actor.default-dispatcher-2] INFO  a.a.LocalActorRef akka://worker/user/watcher/graph0000000000/graph/$a - Starting...
12:53:10.266 [worker-akka.actor.default-dispatcher-2] INFO  a.a.LocalActorRef akka://worker/user/watcher/graph0000000000/graph/$b - Starting...
12:53:10.267 [worker-akka.actor.default-dispatcher-2] INFO  a.a.LocalActorRef akka://worker/user/watcher/graph0000000000/graph/$c - Starting...
12:53:10.268 [worker-akka.actor.default-dispatcher-2] INFO  a.a.LocalActorRef akka://worker/user/watcher/graph0000000000/edge/FlameSocketGraphDeployerRear - Starting...
12:53:10.269 [worker-akka.actor.default-dispatcher-2] INFO  a.a.LocalActorRef akka://worker/user/watcher/graph0000000000/edge/FlameSocketGraphDeployerFront - Starting...
12:53:10.270 [worker-akka.actor.default-dispatcher-2] INFO  a.a.LocalActorRef akka://worker/user/watcher/graph0000000000/negotiator - Requesting ticket for the frontClass FlameSocketGraphDeployerFront@172.31.47.100
12:53:10.275 [worker-akka.actor.default-dispatcher-2] INFO  a.a.LocalActorRef akka://worker/user/watcher/graph0000000000/negotiator - Ticket for the frontClass received: FrontTicket{allowedTimestamp=(1519044787745, FlameSocketGraphDeployerFront@172.31.47.100)}
12:53:10.276 [worker-akka.actor.default-dispatcher-2] INFO  c.s.f.r.e.s.SocketFront  - FlameSocketGraphDeployerFront@172.31.47.100: connecting to 172.31.34.147:4567
12:53:10.296 [Client] INFO  c.s.f.r.e.s.SocketFront  - FlameSocketGraphDeployerFront@172.31.47.100 has been disconnected from Connection 9
2018-02-19T12:53:14.287+0000: 20.001: [GC (Allocation Failure) 2018-02-19T12:53:14.287+0000: 20.001: [DefNew: 136576K->15139K(153600K), 0.0362104 secs] 151991K->50086K(494976K), 0.0362778 secs] [Times: user=0.04 sys=0.00, real=0.03 secs] 
2018-02-19T12:53:39.148+0000: 44.861: [GC (Allocation Failure) 2018-02-19T12:53:39.148+0000: 44.861: [DefNew: 151715K->3724K(153600K), 0.0178211 secs] 186662K->46206K(494976K), 0.0179071 secs] [Times: user=0.02 sys=0.00, real=0.01 secs] 
2018-02-19T12:54:06.925+0000: 72.639: [GC (Allocation Failure) 2018-02-19T12:54:06.925+0000: 72.639: [DefNew: 140300K->6048K(153600K), 0.0152983 secs] 182782K->48530K(494976K), 0.0153758 secs] [Times: user=0.01 sys=0.00, real=0.02 secs] 
2018-02-19T12:54:34.718+0000: 100.432: [GC (Allocation Failure) 2018-02-19T12:54:34.718+0000: 100.432: [DefNew: 142624K->7606K(153600K), 0.0165832 secs] 185106K->50088K(494976K), 0.0166502 secs] [Times: user=0.01 sys=0.01, real=0.01 secs] 
2018-02-19T12:54:56.804+0000: 122.518: [GC (Allocation Failure) 2018-02-19T12:54:56.804+0000: 122.518: [DefNew: 144182K->9249K(153600K), 0.0159423 secs] 186664K->51731K(494976K), 0.0160098 secs] [Times: user=0.02 sys=0.00, real=0.02 secs] 
2018-02-19T12:55:20.600+0000: 146.314: [GC (Allocation Failure) 2018-02-19T12:55:20.600+0000: 146.314: [DefNew: 145825K->9623K(153600K), 0.0184042 secs] 188307K->53564K(494976K), 0.0184699 secs] [Times: user=0.01 sys=0.01, real=0.02 secs] 
2018-02-19T12:55:46.132+0000: 171.846: [GC (Allocation Failure) 2018-02-19T12:55:46.132+0000: 171.846: [DefNew: 146199K->8665K(153600K), 0.0168646 secs] 190140K->53953K(494976K), 0.0169295 secs] [Times: user=0.01 sys=0.00, real=0.02 secs] 
2018-02-19T12:56:17.777+0000: 203.491: [GC (Allocation Failure) 2018-02-19T12:56:17.777+0000: 203.491: [DefNew: 145241K->8935K(153600K), 0.0192698 secs] 190529K->55478K(494976K), 0.0193478 secs] [Times: user=0.02 sys=0.00, real=0.02 secs] 
2018-02-19T12:56:42.703+0000: 228.417: [GC (Allocation Failure) 2018-02-19T12:56:42.703+0000: 228.417: [DefNew: 145511K->8742K(153600K), 0.0168436 secs] 192054K->56651K(494976K), 0.0169112 secs] [Times: user=0.01 sys=0.00, real=0.02 secs] 
2018-02-19T12:57:08.515+0000: 254.229: [GC (Allocation Failure) 2018-02-19T12:57:08.515+0000: 254.229: [DefNew: 145318K->8740K(153600K), 0.0165784 secs] 193227K->57911K(494976K), 0.0166542 secs] [Times: user=0.01 sys=0.00, real=0.02 secs] 
2018-02-19T12:57:40.412+0000: 286.125: [GC (Allocation Failure) 2018-02-19T12:57:40.412+0000: 286.125: [DefNew: 145316K->8735K(153600K), 0.0158005 secs] 194487K->59037K(494976K), 0.0158621 secs] [Times: user=0.01 sys=0.00, real=0.02 secs] 
2018-02-19T12:58:00.253+0000: 305.966: [GC (Allocation Failure) 2018-02-19T12:58:00.253+0000: 305.966: [DefNew: 145311K->8659K(153600K), 0.0161235 secs] 195613K->60494K(494976K), 0.0161879 secs] [Times: user=0.01 sys=0.00, real=0.02 secs] 
2018-02-19T12:58:32.764+0000: 338.478: [GC (Allocation Failure) 2018-02-19T12:58:32.764+0000: 338.478: [DefNew: 145235K->8632K(153600K), 0.0163988 secs] 197070K->61600K(494976K), 0.0164710 secs] [Times: user=0.02 sys=0.00, real=0.02 secs] 
2018-02-19T12:59:03.221+0000: 368.934: [GC (Allocation Failure) 2018-02-19T12:59:03.221+0000: 368.934: [DefNew: 145208K->9046K(153600K), 0.0172965 secs] 198176K->63148K(494976K), 0.0173624 secs] [Times: user=0.02 sys=0.00, real=0.02 secs] 
2018-02-19T12:59:33.227+0000: 398.940: [GC (Allocation Failure) 2018-02-19T12:59:33.227+0000: 398.940: [DefNew: 145622K->9099K(153600K), 0.0168456 secs] 199724K->64272K(494976K), 0.0169330 secs] [Times: user=0.02 sys=0.00, real=0.01 secs] 
2018-02-19T12:59:59.708+0000: 425.422: [GC (Allocation Failure) 2018-02-19T12:59:59.708+0000: 425.422: [DefNew: 145675K->9530K(153600K), 0.0178686 secs] 200848K->65595K(494976K), 0.0179351 secs] [Times: user=0.02 sys=0.00, real=0.02 secs] 
2018-02-19T13:00:25.000+0000: 450.714: [GC (Allocation Failure) 2018-02-19T13:00:25.000+0000: 450.714: [DefNew: 146106K->9721K(153600K), 0.0184943 secs] 202171K->66950K(494976K), 0.0185593 secs] [Times: user=0.02 sys=0.00, real=0.02 secs] 
2018-02-19T13:00:55.511+0000: 481.224: [GC (Allocation Failure) 2018-02-19T13:00:55.511+0000: 481.224: [DefNew: 146297K->9506K(153600K), 0.0171782 secs] 203526K->67923K(494976K), 0.0172389 secs] [Times: user=0.01 sys=0.00, real=0.02 secs] 
2018-02-19T13:01:25.204+0000: 510.917: [GC (Allocation Failure) 2018-02-19T13:01:25.204+0000: 510.917: [DefNew: 146082K->9665K(153600K), 0.0176131 secs] 204499K->69163K(494976K), 0.0176905 secs] [Times: user=0.01 sys=0.00, real=0.02 secs] 
2018-02-19T13:01:48.787+0000: 534.501: [GC (Allocation Failure) 2018-02-19T13:01:48.787+0000: 534.501: [DefNew: 146241K->10059K(153600K), 0.0174302 secs] 205739K->70818K(494976K), 0.0174910 secs] [Times: user=0.02 sys=0.00, real=0.01 secs] 
2018-02-19T13:02:09.389+0000: 555.103: [GC (Allocation Failure) 2018-02-19T13:02:09.389+0000: 555.103: [DefNew: 146635K->9110K(153600K), 0.0187867 secs] 207394K->72211K(494976K), 0.0188557 secs] [Times: user=0.02 sys=0.00, real=0.02 secs] 
2018-02-19T13:02:32.701+0000: 578.414: [GC (Allocation Failure) 2018-02-19T13:02:32.701+0000: 578.414: [DefNew: 145686K->9048K(153600K), 0.0165530 secs] 208787K->73427K(494976K), 0.0166170 secs] [Times: user=0.01 sys=0.00, real=0.01 secs] 
2018-02-19T13:02:58.463+0000: 604.177: [GC (Allocation Failure) 2018-02-19T13:02:58.463+0000: 604.177: [DefNew: 145624K->9732K(153600K), 0.0171012 secs] 210003K->75644K(494976K), 0.0171649 secs] [Times: user=0.02 sys=0.00, real=0.02 secs] 
2018-02-19T13:03:23.305+0000: 629.019: [GC (Allocation Failure) 2018-02-19T13:03:23.305+0000: 629.019: [DefNew: 146308K->9909K(153600K), 0.0168192 secs] 212220K->77070K(494976K), 0.0168823 secs] [Times: user=0.02 sys=0.00, real=0.02 secs] 
2018-02-19T13:03:47.658+0000: 653.372: [GC (Allocation Failure) 2018-02-19T13:03:47.658+0000: 653.372: [DefNew: 146485K->7845K(153600K), 0.0178463 secs] 213646K->78399K(494976K), 0.0179115 secs] [Times: user=0.02 sys=0.00, real=0.01 secs] 
2018-02-19T13:04:12.453+0000: 678.167: [GC (Allocation Failure) 2018-02-19T13:04:12.453+0000: 678.167: [DefNew: 144421K->9258K(153600K), 0.0146662 secs] 214975K->79811K(494976K), 0.0147571 secs] [Times: user=0.02 sys=0.00, real=0.02 secs] 
2018-02-19T13:04:37.145+0000: 702.859: [GC (Allocation Failure) 2018-02-19T13:04:37.145+0000: 702.859: [DefNew: 145834K->9112K(153600K), 0.0165388 secs] 216387K->80936K(494976K), 0.0166128 secs] [Times: user=0.01 sys=0.00, real=0.02 secs] 
2018-02-19T13:05:02.724+0000: 728.438: [GC (Allocation Failure) 2018-02-19T13:05:02.725+0000: 728.438: [DefNew: 145688K->9293K(153600K), 0.0170854 secs] 217512K->82348K(494976K), 0.0171516 secs] [Times: user=0.02 sys=0.00, real=0.02 secs] 
2018-02-19T13:05:31.512+0000: 757.225: [GC (Allocation Failure) 2018-02-19T13:05:31.512+0000: 757.226: [DefNew: 145869K->9703K(153600K), 0.0174460 secs] 218924K->83894K(494976K), 0.0175146 secs] [Times: user=0.01 sys=0.00, real=0.02 secs] 
2018-02-19T13:05:58.560+0000: 784.274: [GC (Allocation Failure) 2018-02-19T13:05:58.560+0000: 784.274: [DefNew: 146279K->9026K(153600K), 0.0185599 secs] 220470K->85620K(494976K), 0.0186268 secs] [Times: user=0.01 sys=0.01, real=0.02 secs] 
2018-02-19T13:06:24.606+0000: 810.320: [GC (Allocation Failure) 2018-02-19T13:06:24.606+0000: 810.320: [DefNew: 145602K->9111K(153600K), 0.0168148 secs] 222196K->87262K(494976K), 0.0168815 secs] [Times: user=0.02 sys=0.00, real=0.01 secs] 
2018-02-19T13:06:45.947+0000: 831.661: [GC (Allocation Failure) 2018-02-19T13:06:45.947+0000: 831.661: [DefNew: 145687K->9175K(153600K), 0.0168849 secs] 223838K->89254K(494976K), 0.0169498 secs] [Times: user=0.02 sys=0.00, real=0.01 secs] 
2018-02-19T13:07:07.843+0000: 853.556: [GC (Allocation Failure) 2018-02-19T13:07:07.843+0000: 853.556: [DefNew: 145751K->8696K(153600K), 0.0161051 secs] 225830K->90328K(494976K), 0.0161704 secs] [Times: user=0.02 sys=0.00, real=0.02 secs] 
2018-02-19T13:07:35.590+0000: 881.303: [GC (Allocation Failure) 2018-02-19T13:07:35.590+0000: 881.303: [DefNew: 145272K->9480K(153600K), 0.0165474 secs] 226904K->92391K(494976K), 0.0166404 secs] [Times: user=0.02 sys=0.00, real=0.02 secs] 
2018-02-19T13:07:59.666+0000: 905.380: [GC (Allocation Failure) 2018-02-19T13:07:59.666+0000: 905.380: [DefNew: 146056K->9132K(153600K), 0.0162792 secs] 228967K->93425K(494976K), 0.0163441 secs] [Times: user=0.01 sys=0.00, real=0.01 secs] 
2018-02-19T13:08:26.842+0000: 932.557: [GC (Allocation Failure) 2018-02-19T13:08:26.843+0000: 932.557: [DefNew: 145708K->9165K(153600K), 0.0163251 secs] 230001K->95087K(494976K), 0.0171621 secs] [Times: user=0.02 sys=0.00, real=0.02 secs] 
2018-02-19T13:08:49.520+0000: 955.234: [GC (Allocation Failure) 2018-02-19T13:08:49.521+0000: 955.234: [DefNew: 145741K->9051K(153600K), 0.0161281 secs] 231663K->96452K(494976K), 0.0161923 secs] [Times: user=0.02 sys=0.00, real=0.01 secs] 
2018-02-19T13:09:14.143+0000: 979.857: [GC (Allocation Failure) 2018-02-19T13:09:14.143+0000: 979.857: [DefNew: 145627K->9300K(153600K), 0.0160575 secs] 233028K->98124K(494976K), 0.0161230 secs] [Times: user=0.01 sys=0.00, real=0.02 secs] 
2018-02-19T13:09:39.054+0000: 1004.767: [GC (Allocation Failure) 2018-02-19T13:09:39.054+0000: 1004.767: [DefNew: 145876K->9525K(153600K), 0.0161955 secs] 234700K->99808K(494976K), 0.0162603 secs] [Times: user=0.02 sys=0.00, real=0.02 secs] 
2018-02-19T13:10:01.504+0000: 1027.218: [GC (Allocation Failure) 2018-02-19T13:10:01.504+0000: 1027.218: [DefNew: 146101K->9735K(153600K), 0.0214789 secs] 236384K->101406K(494976K), 0.0215460 secs] [Times: user=0.02 sys=0.01, real=0.03 secs] 
13:10:18.158 [Client] INFO  c.s.f.r.e.s.SocketRear  - FlameSocketGraphDeployerRear@172.31.47.100: has been disconnected from Connection 9
13:10:31.483 [worker-akka.actor.default-dispatcher-2] INFO  a.a.CoordinatedShutdown CoordinatedShutdown(akka://worker) - Starting coordinated shutdown from JVM shutdown hook
13:10:31.537 [worker-akka.actor.default-dispatcher-2] INFO  a.a.LocalActorRef akka://worker/user/watcher/graph0000000000/negotiator - Stopped
13:10:31.538 [worker-akka.actor.default-dispatcher-2] INFO  a.a.LocalActorRef akka://worker/user/watcher/graph0000000000/edge/FlameSocketGraphDeployerFront - Stopped
13:10:31.539 [worker-akka.actor.default-dispatcher-2] INFO  a.a.LocalActorRef akka://worker/user/watcher/graph0000000000/edge/FlameSocketGraphDeployerRear - Stopped
13:10:31.540 [worker-akka.actor.default-dispatcher-2] INFO  a.a.LocalActorRef akka://worker/user/watcher/graph0000000000/graph/$a - Stopped
13:10:31.541 [worker-akka.actor.default-dispatcher-2] INFO  a.a.LocalActorRef akka://worker/user/watcher/graph0000000000/graph/$b - Stopped
13:10:31.543 [worker-akka.actor.default-dispatcher-2] INFO  a.a.LocalActorRef akka://worker/user/watcher/graph0000000000/graph/$c - Stopped
13:10:31.544 [worker-akka.actor.default-dispatcher-2] INFO  a.a.LocalActorRef akka://worker/user/watcher/graph0000000000/graph/local-acker/$a - Stopped
13:10:31.549 [worker-akka.actor.default-dispatcher-2] INFO  a.a.LocalActorRef akka://worker/user/watcher/graph0000000000/graph/local-acker/$a - Message [com.spbsu.flamestream.runtime.utils.akka.PingActor$InnerPing] from Actor[akka://worker/user/watcher/graph0000000000/graph/local-acker/$a#-1802663023] to Actor[akka://worker/user/watcher/graph0000000000/graph/local-acker/$a#-1802663023] was not delivered. [1] dead letters encountered. This logging can be turned off or adjusted with configuration settings 'akka.log-dead-letters' and 'akka.log-dead-letters-during-shutdown'.
13:10:31.550 [worker-akka.actor.default-dispatcher-2] INFO  a.a.LocalActorRef akka://worker/user/watcher/graph0000000000/graph/local-acker - Stopped
13:10:31.551 [worker-akka.actor.default-dispatcher-2] INFO  a.a.LocalActorRef akka://worker/user/watcher/graph0000000000/edge - Stopped
13:10:31.551 [worker-akka.actor.default-dispatcher-2] INFO  a.a.LocalActorRef akka://worker/user/watcher/graph0000000000/graph - Stopped
13:10:31.552 [worker-akka.actor.default-dispatcher-2] INFO  a.a.LocalActorRef akka://worker/user/watcher/graph0000000000 - Stopped
13:10:31.556 [worker-akka.actor.default-dispatcher-2] INFO  a.a.LocalActorRef akka://worker/user/watcher/graph0000000000/graph/local-acker/$a - Message [com.spbsu.flamestream.runtime.utils.akka.PingActor$Stop] from Actor[akka://worker/user/watcher/graph0000000000/graph/local-acker#-499589990] to Actor[akka://worker/user/watcher/graph0000000000/graph/local-acker/$a#-1802663023] was not delivered. [2] dead letters encountered. This logging can be turned off or adjusted with configuration settings 'akka.log-dead-letters' and 'akka.log-dead-letters-during-shutdown'.
13:10:31.556 [worker-akka.actor.default-dispatcher-2] INFO  a.a.LocalActorRef akka://worker/user/watcher/graph0000000000/graph/local-acker - Message [com.spbsu.flamestream.runtime.acker.LocalAcker$Flush] from Actor[akka://worker/user/watcher/graph0000000000/graph/local-acker#-499589990] to Actor[akka://worker/user/watcher/graph0000000000/graph/local-acker#-499589990] was not delivered. [3] dead letters encountered. This logging can be turned off or adjusted with configuration settings 'akka.log-dead-letters' and 'akka.log-dead-letters-during-shutdown'.
13:10:31.557 [worker-akka.actor.default-dispatcher-2] INFO  a.a.LocalActorRef akka://worker/user/watcher/graph0000000000/graph/local-acker - Message [com.spbsu.flamestream.runtime.acker.LocalAcker$Flush] from Actor[akka://worker/user/watcher/graph0000000000/graph/local-acker#-499589990] to Actor[akka://worker/user/watcher/graph0000000000/graph/local-acker#-499589990] was not delivered. [4] dead letters encountered. This logging can be turned off or adjusted with configuration settings 'akka.log-dead-letters' and 'akka.log-dead-letters-during-shutdown'.
13:10:31.557 [worker-akka.actor.default-dispatcher-2] INFO  a.a.LocalActorRef akka://worker/user/watcher/graph0000000000/graph/local-acker - Message [com.spbsu.flamestream.runtime.acker.LocalAcker$Flush] from Actor[akka://worker/user/watcher/graph0000000000/graph/local-acker#-499589990] to Actor[akka://worker/user/watcher/graph0000000000/graph/local-acker#-499589990] was not delivered. [5] dead letters encountered. This logging can be turned off or adjusted with configuration settings 'akka.log-dead-letters' and 'akka.log-dead-letters-during-shutdown'.
13:10:31.557 [worker-akka.actor.default-dispatcher-2] INFO  a.a.LocalActorRef akka://worker/user/watcher/graph0000000000/graph/local-acker - Message [com.spbsu.flamestream.runtime.acker.LocalAcker$Flush] from Actor[akka://worker/user/watcher/graph0000000000/graph/local-acker#-499589990] to Actor[akka://worker/user/watcher/graph0000000000/graph/local-acker#-499589990] was not delivered. [6] dead letters encountered. This logging can be turned off or adjusted with configuration settings 'akka.log-dead-letters' and 'akka.log-dead-letters-during-shutdown'.
13:10:31.558 [worker-akka.actor.default-dispatcher-2] INFO  a.a.LocalActorRef akka://worker/user/watcher/graph0000000000/graph/local-acker - Message [com.spbsu.flamestream.runtime.acker.LocalAcker$Flush] from Actor[akka://worker/user/watcher/graph0000000000/graph/local-acker#-499589990] to Actor[akka://worker/user/watcher/graph0000000000/graph/local-acker#-499589990] was not delivered. [7] dead letters encountered. This logging can be turned off or adjusted with configuration settings 'akka.log-dead-letters' and 'akka.log-dead-letters-during-shutdown'.
13:10:31.559 [worker-akka.actor.default-dispatcher-2] INFO  a.a.LocalActorRef akka://worker/user/watcher/graph0000000000/graph/local-acker - Message [com.spbsu.flamestream.runtime.acker.LocalAcker$Flush] from Actor[akka://worker/user/watcher/graph0000000000/graph/local-acker#-499589990] to Actor[akka://worker/user/watcher/graph0000000000/graph/local-acker#-499589990] was not delivered. [8] dead letters encountered. This logging can be turned off or adjusted with configuration settings 'akka.log-dead-letters' and 'akka.log-dead-letters-during-shutdown'.
13:10:31.560 [worker-akka.actor.default-dispatcher-2] INFO  a.a.LocalActorRef akka://worker/user/watcher/graph0000000000/graph/local-acker - Message [com.spbsu.flamestream.runtime.acker.LocalAcker$Flush] from Actor[akka://worker/user/watcher/graph0000000000/graph/local-acker#-499589990] to Actor[akka://worker/user/watcher/graph0000000000/graph/local-acker#-499589990] was not delivered. [9] dead letters encountered. This logging can be turned off or adjusted with configuration settings 'akka.log-dead-letters' and 'akka.log-dead-letters-during-shutdown'.
13:10:31.560 [worker-akka.actor.default-dispatcher-2] INFO  a.a.LocalActorRef akka://worker/user/watcher/graph0000000000/graph/local-acker - Message [com.spbsu.flamestream.runtime.acker.LocalAcker$Flush] from Actor[akka://worker/user/watcher/graph0000000000/graph/local-acker#-499589990] to Actor[akka://worker/user/watcher/graph0000000000/graph/local-acker#-499589990] was not delivered. [10] dead letters encountered. This logging can be turned off or adjusted with configuration settings 'akka.log-dead-letters' and 'akka.log-dead-letters-during-shutdown'.
13:10:31.560 [worker-akka.actor.default-dispatcher-2] INFO  a.a.LocalActorRef akka://worker/user/watcher/graph0000000000/graph/local-acker - Message [com.spbsu.flamestream.runtime.acker.LocalAcker$Flush] from Actor[akka://worker/user/watcher/graph0000000000/graph/local-acker#-499589990] to Actor[akka://worker/user/watcher/graph0000000000/graph/local-acker#-499589990] was not delivered. [11] dead letters encountered. This logging can be turned off or adjusted with configuration settings 'akka.log-dead-letters' and 'akka.log-dead-letters-during-shutdown'.
13:10:31.563 [worker-akka.actor.default-dispatcher-2-EventThread] INFO  o.a.z.ClientCnxn  - EventThread shut down for session: 0x161ae1f07550006
13:10:31.563 [worker-akka.actor.default-dispatcher-2] INFO  o.a.z.ZooKeeper  - Session: 0x161ae1f07550006 closed
13:10:31.563 [worker-akka.actor.default-dispatcher-2] INFO  a.a.RepointableActorRef akka://worker/user/watcher - Stopped
13:10:31.579 [worker-akka.actor.default-dispatcher-2] INFO  a.r.RemoteActorRefProvider$RemotingTerminator akka://worker@172.31.47.100:5412/system/remoting-terminator - Shutting down remote daemon.
13:10:31.581 [worker-akka.actor.default-dispatcher-2] INFO  a.r.RemoteActorRefProvider$RemotingTerminator akka://worker@172.31.47.100:5412/system/remoting-terminator - Remote daemon shut down; proceeding with flushing remote transports.
13:10:31.817 [worker-akka.actor.default-dispatcher-2] INFO  a.r.RemoteActorRefProvider$RemotingTerminator akka://worker@172.31.47.100:5412/system/remoting-terminator - Remoting shut down.
Heap
 def new generation   total 153600K, used 119026K [0x00000000e0c00000, 0x00000000eb2a0000, 0x00000000eb2a0000)
  eden space 136576K,  80% used [0x00000000e0c00000, 0x00000000e76babe0, 0x00000000e9160000)
  from space 17024K,  57% used [0x00000000e9160000, 0x00000000e9ae1d18, 0x00000000ea200000)
  to   space 17024K,   0% used [0x00000000ea200000, 0x00000000ea200000, 0x00000000eb2a0000)
 tenured generation   total 341376K, used 91671K [0x00000000eb2a0000, 0x0000000100000000, 0x0000000100000000)
   the space 341376K,  26% used [0x00000000eb2a0000, 0x00000000f0c25cd0, 0x00000000f0c25e00, 0x0000000100000000)
 Metaspace       used 33591K, capacity 34362K, committed 34688K, reserved 1079296K
  class space    used 4457K, capacity 4624K, committed 4736K, reserved 1048576K
