16:49:21,497 |-INFO in ch.qos.logback.classic.LoggerContext[default] - Could NOT find resource [logback-test.xml]
16:49:21,497 |-INFO in ch.qos.logback.classic.LoggerContext[default] - Could NOT find resource [logback.groovy]
16:49:21,497 |-INFO in ch.qos.logback.classic.LoggerContext[default] - Found resource [logback.xml] at [jar:file:/opt/flamestream/lib/flamestream-runtime-1.0-SNAPSHOT.jar!/logback.xml]
16:49:21,500 |-WARN in ch.qos.logback.classic.LoggerContext[default] - Resource [logback.xml] occurs multiple times on the classpath.
16:49:21,500 |-WARN in ch.qos.logback.classic.LoggerContext[default] - Resource [logback.xml] occurs at [jar:file:/opt/flamestream/flamestream-runtime-1.0-SNAPSHOT.jar!/logback.xml]
16:49:21,500 |-WARN in ch.qos.logback.classic.LoggerContext[default] - Resource [logback.xml] occurs at [jar:file:/opt/flamestream/lib/flamestream-runtime-1.0-SNAPSHOT.jar!/logback.xml]
16:49:21,524 |-INFO in ch.qos.logback.core.joran.spi.ConfigurationWatchList@69b794e2 - URL [jar:file:/opt/flamestream/lib/flamestream-runtime-1.0-SNAPSHOT.jar!/logback.xml] is not of type file
16:49:21,601 |-INFO in ch.qos.logback.classic.joran.action.ConfigurationAction - debug attribute not set
16:49:21,602 |-INFO in ch.qos.logback.core.joran.action.AppenderAction - About to instantiate appender of type [ch.qos.logback.core.ConsoleAppender]
16:49:21,608 |-INFO in ch.qos.logback.core.joran.action.AppenderAction - Naming appender as [STDOUT]
16:49:21,616 |-INFO in ch.qos.logback.core.joran.action.NestedComplexPropertyIA - Assuming default type [ch.qos.logback.classic.encoder.PatternLayoutEncoder] for [encoder] property
16:49:21,661 |-INFO in ch.qos.logback.core.joran.action.AppenderAction - About to instantiate appender of type [ch.qos.logback.core.rolling.RollingFileAppender]
16:49:21,668 |-INFO in ch.qos.logback.core.joran.action.AppenderAction - Naming appender as [FILE]
16:49:21,685 |-INFO in c.q.l.core.rolling.TimeBasedRollingPolicy@1059063940 - No compression will be used
16:49:21,686 |-INFO in c.q.l.core.rolling.TimeBasedRollingPolicy@1059063940 - Will use the pattern /tmp/application_%d{yyyy-MM-dd}.%i.log for the active file
16:49:21,691 |-INFO in ch.qos.logback.core.rolling.SizeAndTimeBasedFNATP@4d339552 - The date pattern is 'yyyy-MM-dd' from file name pattern '/tmp/application_%d{yyyy-MM-dd}.%i.log'.
16:49:21,691 |-INFO in ch.qos.logback.core.rolling.SizeAndTimeBasedFNATP@4d339552 - Roll-over at midnight.
16:49:21,696 |-INFO in ch.qos.logback.core.rolling.SizeAndTimeBasedFNATP@4d339552 - Setting initial period to Fri Mar 23 16:46:48 UTC 2018
16:49:21,696 |-WARN in ch.qos.logback.core.rolling.SizeAndTimeBasedFNATP@4d339552 - SizeAndTimeBasedFNATP is deprecated. Use SizeAndTimeBasedRollingPolicy instead
16:49:21,696 |-WARN in ch.qos.logback.core.rolling.SizeAndTimeBasedFNATP@4d339552 - For more information see http://logback.qos.ch/manual/appenders.html#SizeAndTimeBasedRollingPolicy
16:49:21,699 |-INFO in ch.qos.logback.core.joran.action.NestedComplexPropertyIA - Assuming default type [ch.qos.logback.classic.encoder.PatternLayoutEncoder] for [encoder] property
16:49:21,704 |-INFO in ch.qos.logback.core.rolling.RollingFileAppender[FILE] - Active log file name: /tmp/application.log
16:49:21,704 |-INFO in ch.qos.logback.core.rolling.RollingFileAppender[FILE] - File property is set to [/tmp/application.log]
16:49:21,705 |-INFO in ch.qos.logback.classic.joran.action.RootLoggerAction - Setting level of ROOT logger to INFO
16:49:21,705 |-INFO in ch.qos.logback.core.joran.action.AppenderRefAction - Attaching appender named [STDOUT] to Logger[ROOT]
16:49:21,706 |-INFO in ch.qos.logback.core.joran.action.AppenderRefAction - Attaching appender named [FILE] to Logger[ROOT]
16:49:21,706 |-INFO in ch.qos.logback.classic.joran.action.ConfigurationAction - End of configuration.
16:49:21,706 |-INFO in ch.qos.logback.classic.joran.JoranConfigurator@f0f2775 - Registering current configuration as safe fallback point

16:49:21.710 [main] INFO  c.s.f.r.a.WorkerApplication  - Starting worker with id: '10.0.0.155', host: '10.0.0.155:5412', zkString: '10.0.0.70:2181'
16:49:22.569 [worker-akka.actor.default-dispatcher-2] INFO  a.e.s.Slf4jLogger  - Slf4jLogger started
2018-03-23T16:49:22.707+0000: 1.788: [Full GC (Metadata GC Threshold) 2018-03-23T16:49:22.707+0000: 1.788: [Tenured: 0K->15820K(341376K), 0.0396618 secs] 134103K->15820K(494976K), [Metaspace: 20950K->20950K(1067008K)], 0.0397278 secs] [Times: user=0.03 sys=0.01, real=0.04 secs] 
Ama winner
Ama winner
16:49:23.102 [worker-akka.actor.default-dispatcher-2] INFO  a.r.a.ArteryTransport(akka://worker) akka.remote.artery.ArteryTransport(akka://worker) - Started embedded media driver in directory [/dev/shm/aeron-root-worker-9ada8bd6-11dd-4b82-9240-ba4c124624f8]
16:49:23.282 [worker-akka.actor.default-dispatcher-2] INFO  a.r.a.ArteryTransport(akka://worker) akka.remote.artery.ArteryTransport(akka://worker) - Remoting started; listening on address: [akka://worker@10.0.0.155:5412] with UID [6314286611473241825]
16:49:23.335 [worker-akka.actor.default-dispatcher-7] INFO  a.a.RepointableActorRef akka://worker/user/watcher - Starting...
16:49:23.346 [worker-akka.actor.default-dispatcher-2] INFO  o.a.z.ZooKeeper  - Client environment:zookeeper.version=3.4.9-1757313, built on 08/23/2016 06:50 GMT
16:49:23.346 [worker-akka.actor.default-dispatcher-2] INFO  o.a.z.ZooKeeper  - Client environment:host.name=localhost
16:49:23.346 [worker-akka.actor.default-dispatcher-2] INFO  o.a.z.ZooKeeper  - Client environment:java.version=1.8.0_151
16:49:23.346 [worker-akka.actor.default-dispatcher-2] INFO  o.a.z.ZooKeeper  - Client environment:java.vendor=Oracle Corporation
16:49:23.346 [worker-akka.actor.default-dispatcher-2] INFO  o.a.z.ZooKeeper  - Client environment:java.home=/usr/lib/jvm/java-8-openjdk-amd64/jre
16:49:23.346 [worker-akka.actor.default-dispatcher-2] INFO  o.a.z.ZooKeeper  - Client environment:java.class.path=lib/commons-cli-1.4.jar:lib/minlog-1.3.0.jar:lib/asm-5.0.4.jar:lib/hadoop-annotations-2.7.3.jar:lib/hadoop-auth-2.7.3.jar:lib/akka-slf4j_2.11-2.5.6.jar:lib/jersey-core-1.9.jar:lib/lz4-1.3.0.jar:lib/jackson-core-asl-1.9.13.jar:lib/aeron-client-1.3.0.jar:lib/htrace-core-3.1.0-incubating.jar:lib/xz-1.0.jar:lib/commons-httpclient-3.1.jar:lib/asm-3.1.jar:lib/commons-lang3-3.4.jar:lib/scala-library-2.11.11.jar:lib/scala-java8-compat_2.11-0.7.0.jar:lib/commons-configuration-1.6.jar:lib/objenesis-2.1.jar:lib/jackson-annotations-2.8.0.jar:lib/jsr305-3.0.0.jar:lib/curator-framework-2.7.1.jar:lib/jersey-server-1.9.jar:lib/jets3t-0.9.0.jar:lib/leveldb-0.7.jar:lib/jetty-6.1.26.jar:lib/stax-api-1.0-2.jar:lib/flamestream-core-1.0-SNAPSHOT.jar:lib/reflectasm-1.07-shaded.jar:lib/apacheds-kerberos-codec-2.0.0-M15.jar:lib/api-asn1-api-1.0.0-M20.jar:lib/commons-lang-2.6.jar:lib/commons-beanutils-1.7.0.jar:lib/jackson-xc-1.8.3.jar:lib/jetty-util-6.1.26.jar:lib/logback-classic-1.2.3.jar:lib/jool-0.9.12.jar:lib/httpcore-4.1.2.jar:lib/kryo-4.0.0.jar:lib/ant-1.8.1.jar:lib/jaxb-impl-2.2.3-1.jar:lib/jersey-json-1.9.jar:lib/commons-compress-1.4.1.jar:lib/leveldbjni-all-1.8.jar:lib/paranamer-2.3.jar:lib/jackson-core-2.8.4.jar:lib/commons-math3-3.6.1.jar:lib/scala-parser-combinators_2.11-1.0.4.jar:lib/netty-3.10.6.Final.jar:lib/trove4j-3.0.3.jar:lib/jaxb-api-2.2.2.jar:lib/logback-core-1.2.3.jar:lib/snappy-java-1.0.4.1.jar:lib/protobuf-java-2.5.0.jar:lib/reactive-streams-1.0.1.jar:lib/flamestream-examples-1.0-SNAPSHOT.jar:lib/commons-codec-1.4.jar:lib/activation-1.1.jar:lib/commons-net-3.1.jar:lib/curator-recipes-2.7.1.jar:lib/jackson-mapper-asl-1.9.13.jar:lib/jackson-databind-2.8.4.jar:lib/flamestream-runtime-1.0-SNAPSHOT.jar:lib/jackson-jaxrs-1.8.3.jar:lib/slf4j-api-1.7.24.jar:lib/akka-remote_2.11-2.5.6.jar:lib/akka-testkit_2.11-2.5.6.jar:lib/jline-0.9.94.jar:lib/jedis-2.9.0.jar:lib/akka-stream_2.11-2.5.6.jar:lib/jsp-api-2.1.jar:lib/kryonet-2.21.jar:lib/akka-kryo-serialization_2.11-0.5.0.jar:lib/config-1.3.1.jar:lib/ant-launcher-1.8.1.jar:lib/commons-logging-1.2.jar:lib/ssl-config-core_2.11-0.2.2.jar:lib/testng-6.10.jar:lib/leveldb-api-0.7.jar:lib/reflectasm-1.11.3.jar:lib/jcommander-1.48.jar:lib/commons-1.1.jar:lib/commons-digester-1.8.jar:lib/minlog-1.2.jar:lib/java-xmlbuilder-0.4.jar:lib/jettison-1.1.jar:lib/gson-2.2.4.jar:lib/jdk.tools-1.8.jar:lib/aeron-driver-1.3.0.jar:lib/zookeeper-3.4.9.jar:lib/commons-beanutils-core-1.8.0.jar:lib/commons-math3-3.1.1.jar:lib/akka-actor_2.11-2.5.6.jar:lib/curator-client-2.7.1.jar:lib/servlet-api-2.5.jar:lib/commons-pool2-2.4.2.jar:lib/apacheds-i18n-2.0.0-M15.jar:lib/commons-io-2.4.jar:lib/commons-codec-1.6.jar:lib/akka-protobuf_2.11-2.5.6.jar:lib/jdom-2.0.2.jar:lib/rocksdbjni-5.5.1.jar:lib/api-util-1.0.0-M20.jar:lib/hadoop-common-2.7.3.jar:lib/agrona-0.9.6.jar:lib/xmlenc-0.52.jar:lib/guava-21.0.jar:lib/commons-collections-3.2.2.jar:lib/avro-1.7.4.jar:lib/httpclient-4.1.2.jar:lib/flamestream-core-1.0-SNAPSHOT-tests.jar:lib/annotations-12.0.jar:lib/jsch-0.1.42.jar:flamestream-runtime-1.0-SNAPSHOT.jar
16:49:23.346 [worker-akka.actor.default-dispatcher-2] INFO  o.a.z.ZooKeeper  - Client environment:java.library.path=/usr/java/packages/lib/amd64:/usr/lib/x86_64-linux-gnu/jni:/lib/x86_64-linux-gnu:/usr/lib/x86_64-linux-gnu:/usr/lib/jni:/lib:/usr/lib
16:49:23.346 [worker-akka.actor.default-dispatcher-2] INFO  o.a.z.ZooKeeper  - Client environment:java.io.tmpdir=/tmp
16:49:23.346 [worker-akka.actor.default-dispatcher-2] INFO  o.a.z.ZooKeeper  - Client environment:java.compiler=<NA>
16:49:23.347 [worker-akka.actor.default-dispatcher-2] INFO  o.a.z.ZooKeeper  - Client environment:os.name=Linux
16:49:23.347 [worker-akka.actor.default-dispatcher-2] INFO  o.a.z.ZooKeeper  - Client environment:os.arch=amd64
16:49:23.348 [worker-akka.actor.default-dispatcher-2] INFO  o.a.z.ZooKeeper  - Client environment:os.version=4.4.0-1049-aws
16:49:23.348 [worker-akka.actor.default-dispatcher-2] INFO  o.a.z.ZooKeeper  - Client environment:user.name=root
16:49:23.348 [worker-akka.actor.default-dispatcher-2] INFO  o.a.z.ZooKeeper  - Client environment:user.home=/root
16:49:23.349 [worker-akka.actor.default-dispatcher-2] INFO  o.a.z.ZooKeeper  - Client environment:user.dir=/opt/flamestream
16:49:23.350 [worker-akka.actor.default-dispatcher-2] INFO  o.a.z.ZooKeeper  - Initiating client connection, connectString=10.0.0.70:2181 sessionTimeout=5000 watcher=com.spbsu.flamestream.runtime.application.LifecycleWatcher$$Lambda$29/1924733145@4fb1a0ca
16:49:23.383 [worker-akka.actor.default-dispatcher-7] INFO  a.a.RepointableActorRef akka://worker/user/watcher - Initializing rocksDB backend
16:49:23.383 [worker-akka.actor.default-dispatcher-2-SendThread(10.0.0.70:2181)] INFO  o.a.z.ClientCnxn  - Opening socket connection to server 10.0.0.70/10.0.0.70:2181. Will not attempt to authenticate using SASL (unknown error)
16:49:23.393 [worker-akka.actor.default-dispatcher-2-SendThread(10.0.0.70:2181)] INFO  o.a.z.ClientCnxn  - Socket connection established to 10.0.0.70/10.0.0.70:2181, initiating session
16:49:23.405 [worker-akka.actor.default-dispatcher-2-SendThread(10.0.0.70:2181)] INFO  o.a.z.ClientCnxn  - Session establishment complete on server 10.0.0.70/10.0.0.70:2181, sessionid = 0x16253c2d3b80004, negotiated timeout = 6000
16:49:23.573 [worker-akka.actor.default-dispatcher-7] INFO  a.a.RepointableActorRef akka://worker/user/watcher - Connected to ZK
16:49:32.091 [worker-akka.actor.default-dispatcher-7] INFO  a.a.RepointableActorRef akka://worker/user/watcher - Creating node with watchGraphs: 'com.spbsu.flamestream.core.Graph$Builder$MyGraph@442cde83', config: 'ClusterConfig{paths={10.0.0.239=akka://worker@10.0.0.239:5412/user/watcher/graph, 10.0.0.205=akka://worker@10.0.0.205:5412/user/watcher/graph, 10.0.0.139=akka://worker@10.0.0.139:5412/user/watcher/graph, 10.0.0.218=akka://worker@10.0.0.218:5412/user/watcher/graph, 10.0.0.225=akka://worker@10.0.0.225:5412/user/watcher/graph, 10.0.0.15=akka://worker@10.0.0.15:5412/user/watcher/graph, 10.0.0.37=akka://worker@10.0.0.37:5412/user/watcher/graph, 10.0.0.57=akka://worker@10.0.0.57:5412/user/watcher/graph, 10.0.0.155=akka://worker@10.0.0.155:5412/user/watcher/graph, 10.0.0.188=akka://worker@10.0.0.188:5412/user/watcher/graph}, ackerLocation='10.0.0.188', props=ComputationLayout{hashGroups={10.0.0.239=com.spbsu.flamestream.runtime.config.HashGroup@1ffe1b9d, 10.0.0.205=com.spbsu.flamestream.runtime.config.HashGroup@5d5c21bc, 10.0.0.139=com.spbsu.flamestream.runtime.config.HashGroup@56dcaf5d, 10.0.0.218=com.spbsu.flamestream.runtime.config.HashGroup@c65a7748, 10.0.0.225=com.spbsu.flamestream.runtime.config.HashGroup@231425fe, 10.0.0.15=com.spbsu.flamestream.runtime.config.HashGroup@fbc82752, 10.0.0.37=com.spbsu.flamestream.runtime.config.HashGroup@ccbcd570, 10.0.0.57=com.spbsu.flamestream.runtime.config.HashGroup@4276a447, 10.0.0.155=com.spbsu.flamestream.runtime.config.HashGroup@3fc198ed, 10.0.0.188=com.spbsu.flamestream.runtime.config.HashGroup@c01f}}}'
16:49:32.840 [worker-akka.actor.default-dispatcher-2] INFO  a.a.LocalActorRef akka://worker/user/watcher/graph/graph - Starting...
16:49:32.848 [worker-akka.actor.default-dispatcher-3] INFO  a.a.LocalActorRef akka://worker/user/watcher/graph/graph/local-acker/$a - Starting...
16:49:32.852 [worker-akka.actor.default-dispatcher-2] INFO  a.a.LocalActorRef akka://worker/user/watcher/graph/graph/local-acker - Starting...
16:49:34.196 [worker-akka.actor.default-dispatcher-4] INFO  a.a.LocalActorRef akka://worker/user/watcher/graph/graph - Finishing constructor
16:49:34.197 [worker-akka.actor.default-dispatcher-3] INFO  a.a.LocalActorRef akka://worker/user/watcher/graph/edge - Starting...
16:49:34.200 [worker-akka.actor.default-dispatcher-3] INFO  a.a.LocalActorRef akka://worker/user/watcher/graph - Starting...
16:49:34.202 [worker-akka.actor.default-dispatcher-5] INFO  a.a.LocalActorRef akka://worker/user/watcher/graph/negotiator - Starting...
16:49:34.237 [worker-akka.actor.default-dispatcher-4] INFO  a.a.LocalActorRef akka://worker/user/watcher/graph/negotiator - Requesting ticket for the frontClass FlameSocketGraphDeployerFront@10.0.0.155
16:49:34.256 [worker-akka.actor.default-dispatcher-7] INFO  a.a.LocalActorRef akka://worker/user/watcher/graph/graph - Received last commit 'LastCommit{globalTime=(0000000, min@min)}'
16:49:34.267 [worker-akka.actor.default-dispatcher-13] INFO  c.s.f.r.e.s.SocketRear  - FlameSocketGraphDeployerRear@10.0.0.155: connecting to 10.0.0.70:5678
16:49:34.277 [worker-akka.actor.default-dispatcher-7] INFO  a.a.LocalActorRef akka://worker/user/watcher/graph/edge/FlameSocketGraphDeployerFront - Starting...
16:49:34.282 [worker-akka.actor.default-dispatcher-13] INFO  c.s.f.r.e.s.SocketRear  - FlameSocketGraphDeployerRear@10.0.0.155: connected to 10.0.0.70:5678
16:49:34.284 [worker-akka.actor.default-dispatcher-13] INFO  a.a.LocalActorRef akka://worker/user/watcher/graph/edge/FlameSocketGraphDeployerRear - Starting...
16:49:34.349 [worker-akka.actor.default-dispatcher-13] INFO  a.a.LocalActorRef akka://worker/user/watcher/graph/graph/$a - Starting...
16:49:34.371 [worker-akka.actor.default-dispatcher-13] INFO  a.a.LocalActorRef akka://worker/user/watcher/graph/graph/$a - Attached rear to graph (-9223372036854775808, min@min)
16:49:34.377 [worker-akka.actor.default-dispatcher-13] INFO  a.a.LocalActorRef akka://worker/user/watcher/graph/graph/$b - Starting...
16:49:34.382 [worker-akka.actor.default-dispatcher-13] INFO  a.a.LocalActorRef akka://worker/user/watcher/graph/graph/$c - Starting...
16:49:34.544 [worker-akka.actor.default-dispatcher-13] INFO  a.a.LocalActorRef akka://worker/user/watcher/graph/negotiator - Ticket for the frontClass received: FrontTicket{allowedTimestamp=(0000000, FlameSocketGraphDeployerFront@10.0.0.155)}
16:49:34.547 [worker-akka.actor.default-dispatcher-13] INFO  c.s.f.r.e.s.SocketFront  - FlameSocketGraphDeployerFront@10.0.0.155: connecting to 10.0.0.70:4567
2018-03-23T16:49:38.557+0000: 17.638: [GC (Allocation Failure) 2018-03-23T16:49:38.557+0000: 17.638: [DefNew: 136576K->15994K(153600K), 0.0246997 secs] 152396K->51346K(494976K), 0.0247656 secs] [Times: user=0.01 sys=0.02, real=0.03 secs] 
2018-03-23T16:49:42.726+0000: 21.808: [GC (Allocation Failure) 2018-03-23T16:49:42.727+0000: 21.808: [DefNew: 152570K->4515K(153600K), 0.0166112 secs] 187922K->48018K(494976K), 0.0166885 secs] [Times: user=0.01 sys=0.00, real=0.02 secs] 
2018-03-23T16:49:47.266+0000: 26.347: [GC (Allocation Failure) 2018-03-23T16:49:47.266+0000: 26.347: [DefNew: 140337K->5746K(153600K), 0.0182089 secs] 183840K->49248K(494976K), 0.0182824 secs] [Times: user=0.02 sys=0.00, real=0.02 secs] 
2018-03-23T16:49:51.046+0000: 30.128: [GC (Allocation Failure) 2018-03-23T16:49:51.047+0000: 30.128: [DefNew: 142322K->6139K(153600K), 0.0093477 secs] 185824K->49641K(494976K), 0.0094205 secs] [Times: user=0.01 sys=0.00, real=0.01 secs] 
2018-03-23T16:49:55.207+0000: 34.288: [GC (Allocation Failure) 2018-03-23T16:49:55.207+0000: 34.288: [DefNew: 142715K->9169K(153600K), 0.0104247 secs] 186217K->52671K(494976K), 0.0104967 secs] [Times: user=0.00 sys=0.00, real=0.01 secs] 
2018-03-23T16:49:58.707+0000: 37.788: [GC (Allocation Failure) 2018-03-23T16:49:58.707+0000: 37.788: [DefNew: 145745K->8017K(153600K), 0.0122105 secs] 189247K->52889K(494976K), 0.0122961 secs] [Times: user=0.01 sys=0.00, real=0.01 secs] 
2018-03-23T16:50:01.845+0000: 40.926: [GC (Allocation Failure) 2018-03-23T16:50:01.845+0000: 40.926: [DefNew: 144383K->8852K(153600K), 0.0191198 secs] 189255K->53724K(494976K), 0.0192027 secs] [Times: user=0.02 sys=0.00, real=0.02 secs] 
2018-03-23T16:50:04.677+0000: 43.758: [GC (Allocation Failure) 2018-03-23T16:50:04.677+0000: 43.758: [DefNew: 145428K->8684K(153600K), 0.0198787 secs] 190300K->54274K(494976K), 0.0199626 secs] [Times: user=0.02 sys=0.00, real=0.02 secs] 
2018-03-23T16:50:07.574+0000: 46.655: [GC (Allocation Failure) 2018-03-23T16:50:07.575+0000: 46.656: [DefNew: 145260K->8783K(153600K), 0.0142433 secs] 190850K->54924K(494976K), 0.0143213 secs] [Times: user=0.02 sys=0.00, real=0.02 secs] 
2018-03-23T16:50:11.253+0000: 50.334: [GC (Allocation Failure) 2018-03-23T16:50:11.253+0000: 50.334: [DefNew: 145083K->4482K(153600K), 0.0101969 secs] 191224K->55204K(494976K), 0.0102685 secs] [Times: user=0.01 sys=0.00, real=0.01 secs] 
2018-03-23T16:50:14.247+0000: 53.328: [GC (Allocation Failure) 2018-03-23T16:50:14.247+0000: 53.328: [DefNew: 141058K->5744K(153600K), 0.0108852 secs] 191780K->56467K(494976K), 0.0109520 secs] [Times: user=0.01 sys=0.00, real=0.01 secs] 
2018-03-23T16:50:17.217+0000: 56.298: [GC (Allocation Failure) 2018-03-23T16:50:17.217+0000: 56.298: [DefNew: 141238K->5707K(153600K), 0.0100330 secs] 191961K->56430K(494976K), 0.0101004 secs] [Times: user=0.01 sys=0.00, real=0.01 secs] 
2018-03-23T16:50:20.251+0000: 59.332: [GC (Allocation Failure) 2018-03-23T16:50:20.251+0000: 59.332: [DefNew: 142283K->14544K(153600K), 0.0117211 secs] 193006K->65266K(494976K), 0.0117909 secs] [Times: user=0.01 sys=0.00, real=0.01 secs] 
2018-03-23T16:50:22.908+0000: 61.990: [GC (Allocation Failure) 2018-03-23T16:50:22.909+0000: 61.990: [DefNew: 151120K->2270K(153600K), 0.0476676 secs] 201842K->65582K(494976K), 0.0477451 secs] [Times: user=0.04 sys=0.02, real=0.04 secs] 
2018-03-23T16:50:26.160+0000: 65.241: [GC (Allocation Failure) 2018-03-23T16:50:26.160+0000: 65.241: [DefNew: 136997K->2972K(153600K), 0.0091281 secs] 200309K->66284K(494976K), 0.0091997 secs] [Times: user=0.01 sys=0.00, real=0.01 secs] 
2018-03-23T16:50:28.404+0000: 67.486: [GC (Allocation Failure) 2018-03-23T16:50:28.405+0000: 67.486: [DefNew: 137329K->4160K(153600K), 0.0088612 secs] 200641K->67472K(494976K), 0.0089241 secs] [Times: user=0.01 sys=0.00, real=0.01 secs] 
2018-03-23T16:50:31.065+0000: 70.146: [GC (Allocation Failure) 2018-03-23T16:50:31.065+0000: 70.146: [DefNew: 140736K->4881K(153600K), 0.0095345 secs] 204048K->68193K(494976K), 0.0096370 secs] [Times: user=0.01 sys=0.00, real=0.01 secs] 
2018-03-23T16:50:33.856+0000: 72.937: [GC (Allocation Failure) 2018-03-23T16:50:33.856+0000: 72.937: [DefNew: 140361K->5306K(153600K), 0.0090988 secs] 203673K->68618K(494976K), 0.0091642 secs] [Times: user=0.01 sys=0.00, real=0.01 secs] 
2018-03-23T16:50:36.411+0000: 75.492: [GC (Allocation Failure) 2018-03-23T16:50:36.411+0000: 75.492: [DefNew: 139302K->5750K(153600K), 0.0095040 secs] 202614K->69062K(494976K), 0.0095769 secs] [Times: user=0.01 sys=0.00, real=0.01 secs] 
2018-03-23T16:50:38.970+0000: 78.051: [GC (Allocation Failure) 2018-03-23T16:50:38.970+0000: 78.051: [DefNew: 139812K->6181K(153600K), 0.0101219 secs] 203124K->69493K(494976K), 0.0102042 secs] [Times: user=0.02 sys=0.00, real=0.01 secs] 
2018-03-23T16:50:41.315+0000: 80.396: [GC (Allocation Failure) 2018-03-23T16:50:41.315+0000: 80.396: [DefNew: 142757K->7320K(153600K), 0.0186275 secs] 206069K->70632K(494976K), 0.0186951 secs] [Times: user=0.01 sys=0.00, real=0.02 secs] 
2018-03-23T16:50:43.875+0000: 82.956: [GC (Allocation Failure) 2018-03-23T16:50:43.875+0000: 82.956: [DefNew: 141172K->6926K(153600K), 0.0140975 secs] 204484K->70238K(494976K), 0.0141607 secs] [Times: user=0.01 sys=0.00, real=0.02 secs] 
2018-03-23T16:50:46.218+0000: 85.299: [GC (Allocation Failure) 2018-03-23T16:50:46.218+0000: 85.299: [DefNew: 143502K->7527K(153600K), 0.0198456 secs] 206814K->70839K(494976K), 0.0199154 secs] [Times: user=0.02 sys=0.00, real=0.02 secs] 
2018-03-23T16:50:48.732+0000: 87.813: [GC (Allocation Failure) 2018-03-23T16:50:48.732+0000: 87.813: [DefNew: 144103K->8588K(153600K), 0.0224835 secs] 207415K->71900K(494976K), 0.0225618 secs] [Times: user=0.02 sys=0.00, real=0.02 secs] 
2018-03-23T16:50:51.284+0000: 90.365: [GC (Allocation Failure) 2018-03-23T16:50:51.284+0000: 90.365: [DefNew: 145164K->7877K(153600K), 0.0246248 secs] 208476K->71617K(494976K), 0.0247035 secs] [Times: user=0.02 sys=0.00, real=0.03 secs] 
2018-03-23T16:50:53.960+0000: 93.041: [GC (Allocation Failure) 2018-03-23T16:50:53.960+0000: 93.041: [DefNew: 144453K->11245K(153600K), 0.0297861 secs] 208193K->74984K(494976K), 0.0298472 secs] [Times: user=0.02 sys=0.00, real=0.03 secs] 
2018-03-23T16:50:56.559+0000: 95.641: [GC (Allocation Failure) 2018-03-23T16:50:56.560+0000: 95.641: [DefNew: 147821K->6788K(153600K), 0.0302114 secs] 211560K->73522K(494976K), 0.0302801 secs] [Times: user=0.03 sys=0.00, real=0.03 secs] 
2018-03-23T16:50:58.902+0000: 97.983: [GC (Allocation Failure) 2018-03-23T16:50:58.902+0000: 97.983: [DefNew: 143364K->6051K(153600K), 0.0187948 secs] 210098K->72786K(494976K), 0.0188753 secs] [Times: user=0.02 sys=0.00, real=0.02 secs] 
2018-03-23T16:51:01.725+0000: 100.806: [GC (Allocation Failure) 2018-03-23T16:51:01.725+0000: 100.806: [DefNew: 142262K->6063K(153600K), 0.0182683 secs] 208997K->72798K(494976K), 0.0183410 secs] [Times: user=0.02 sys=0.00, real=0.02 secs] 
2018-03-23T16:51:04.316+0000: 103.397: [GC (Allocation Failure) 2018-03-23T16:51:04.316+0000: 103.397: [DefNew: 142639K->7643K(153600K), 0.0240945 secs] 209374K->74378K(494976K), 0.0241575 secs] [Times: user=0.02 sys=0.00, real=0.03 secs] 
2018-03-23T16:51:06.515+0000: 105.597: [GC (Allocation Failure) 2018-03-23T16:51:06.516+0000: 105.597: [DefNew: 144219K->7290K(153600K), 0.0194887 secs] 210954K->74025K(494976K), 0.0195609 secs] [Times: user=0.02 sys=0.00, real=0.02 secs] 
2018-03-23T16:51:08.969+0000: 108.050: [GC (Allocation Failure) 2018-03-23T16:51:08.969+0000: 108.050: [DefNew: 143866K->7069K(153600K), 0.0272192 secs] 210601K->73803K(494976K), 0.0272883 secs] [Times: user=0.03 sys=0.00, real=0.02 secs] 
2018-03-23T16:51:11.587+0000: 110.668: [GC (Allocation Failure) 2018-03-23T16:51:11.587+0000: 110.668: [DefNew: 141839K->6989K(153600K), 0.0201521 secs] 208573K->73723K(494976K), 0.0202146 secs] [Times: user=0.02 sys=0.00, real=0.03 secs] 
2018-03-23T16:51:13.835+0000: 112.916: [GC (Allocation Failure) 2018-03-23T16:51:13.835+0000: 112.916: [DefNew: 143565K->8758K(153600K), 0.0154147 secs] 210299K->75493K(494976K), 0.0154770 secs] [Times: user=0.02 sys=0.00, real=0.02 secs] 
2018-03-23T16:51:16.261+0000: 115.342: [GC (Allocation Failure) 2018-03-23T16:51:16.261+0000: 115.342: [DefNew: 143604K->7555K(153600K), 0.0121300 secs] 210338K->74671K(494976K), 0.0122019 secs] [Times: user=0.01 sys=0.00, real=0.01 secs] 
2018-03-23T16:51:18.767+0000: 117.848: [GC (Allocation Failure) 2018-03-23T16:51:18.767+0000: 117.848: [DefNew: 144131K->7801K(153600K), 0.0112284 secs] 211247K->74917K(494976K), 0.0112982 secs] [Times: user=0.01 sys=0.00, real=0.01 secs] 
2018-03-23T16:51:20.992+0000: 120.073: [GC (Allocation Failure) 2018-03-23T16:51:20.992+0000: 120.073: [DefNew: 144377K->7973K(153600K), 0.0128116 secs] 211493K->75346K(494976K), 0.0128734 secs] [Times: user=0.01 sys=0.00, real=0.01 secs] 
2018-03-23T16:51:23.455+0000: 122.536: [GC (Allocation Failure) 2018-03-23T16:51:23.455+0000: 122.536: [DefNew: 144549K->8800K(153600K), 0.0139098 secs] 211922K->76451K(494976K), 0.0139815 secs] [Times: user=0.02 sys=0.00, real=0.02 secs] 
2018-03-23T16:51:25.747+0000: 124.829: [GC (Allocation Failure) 2018-03-23T16:51:25.748+0000: 124.829: [DefNew: 144945K->16372K(153600K), 0.0146318 secs] 212595K->84338K(494976K), 0.0147035 secs] [Times: user=0.01 sys=0.00, real=0.01 secs] 
2018-03-23T16:51:28.027+0000: 127.109: [GC (Allocation Failure) 2018-03-23T16:51:28.028+0000: 127.109: [DefNew: 151146K->10503K(153600K), 0.0624458 secs] 219112K->92927K(494976K), 0.0625248 secs] [Times: user=0.04 sys=0.02, real=0.06 secs] 
2018-03-23T16:51:30.742+0000: 129.823: [GC (Allocation Failure) 2018-03-23T16:51:30.742+0000: 129.823: [DefNew: 147077K->1753K(153600K), 0.0357573 secs] 229501K->93702K(494976K), 0.0358297 secs] [Times: user=0.03 sys=0.01, real=0.03 secs] 
2018-03-23T16:51:32.942+0000: 132.023: [GC (Allocation Failure) 2018-03-23T16:51:32.942+0000: 132.023: [DefNew: 135840K->2675K(153600K), 0.0101138 secs] 227789K->94624K(494976K), 0.0101834 secs] [Times: user=0.01 sys=0.00, real=0.01 secs] 
2018-03-23T16:51:35.276+0000: 134.357: [GC (Allocation Failure) 2018-03-23T16:51:35.276+0000: 134.357: [DefNew: 139251K->4065K(153600K), 0.0158321 secs] 231200K->96014K(494976K), 0.0159106 secs] [Times: user=0.01 sys=0.00, real=0.02 secs] 
2018-03-23T16:51:37.855+0000: 136.936: [GC (Allocation Failure) 2018-03-23T16:51:37.855+0000: 136.936: [DefNew: 139534K->4089K(153600K), 0.0073694 secs] 231483K->96037K(494976K), 0.0074482 secs] [Times: user=0.01 sys=0.00, real=0.01 secs] 
2018-03-23T16:51:40.159+0000: 139.240: [GC (Allocation Failure) 2018-03-23T16:51:40.159+0000: 139.240: [DefNew: 136848K->4596K(153600K), 0.0163726 secs] 228797K->96544K(494976K), 0.0164553 secs] [Times: user=0.02 sys=0.00, real=0.02 secs] 
2018-03-23T16:51:42.480+0000: 141.561: [GC (Allocation Failure) 2018-03-23T16:51:42.480+0000: 141.561: [DefNew: 139048K->5084K(153600K), 0.0090238 secs] 230996K->97033K(494976K), 0.0090990 secs] [Times: user=0.01 sys=0.00, real=0.01 secs] 
2018-03-23T16:51:44.827+0000: 143.908: [GC (Allocation Failure) 2018-03-23T16:51:44.827+0000: 143.908: [DefNew: 141660K->6876K(153600K), 0.0114865 secs] 233609K->98825K(494976K), 0.0115619 secs] [Times: user=0.01 sys=0.00, real=0.01 secs] 
2018-03-23T16:51:47.089+0000: 146.170: [GC (Allocation Failure) 2018-03-23T16:51:47.089+0000: 146.170: [DefNew: 139114K->5479K(153600K), 0.0087863 secs] 231063K->97428K(494976K), 0.0088538 secs] [Times: user=0.00 sys=0.00, real=0.00 secs] 
2018-03-23T16:51:49.460+0000: 148.541: [GC (Allocation Failure) 2018-03-23T16:51:49.460+0000: 148.541: [DefNew: 142055K->6907K(153600K), 0.0111931 secs] 234004K->98856K(494976K), 0.0112725 secs] [Times: user=0.02 sys=0.00, real=0.01 secs] 
2018-03-23T16:51:51.663+0000: 150.744: [GC (Allocation Failure) 2018-03-23T16:51:51.663+0000: 150.744: [DefNew: 143483K->7435K(153600K), 0.0119854 secs] 235432K->99384K(494976K), 0.0120567 secs] [Times: user=0.01 sys=0.00, real=0.01 secs] 
2018-03-23T16:51:53.934+0000: 153.015: [GC (Allocation Failure) 2018-03-23T16:51:53.934+0000: 153.015: [DefNew: 144011K->8095K(153600K), 0.0264161 secs] 235960K->100044K(494976K), 0.0265344 secs] [Times: user=0.03 sys=0.00, real=0.03 secs] 
2018-03-23T16:51:56.604+0000: 155.685: [GC (Allocation Failure) 2018-03-23T16:51:56.604+0000: 155.685: [DefNew: 140792K->7134K(153600K), 0.0187364 secs] 232741K->99082K(494976K), 0.0188175 secs] [Times: user=0.01 sys=0.00, real=0.02 secs] 
2018-03-23T16:51:58.694+0000: 157.775: [GC (Allocation Failure) 2018-03-23T16:51:58.694+0000: 157.775: [DefNew: 143710K->8838K(153600K), 0.0231565 secs] 235658K->100786K(494976K), 0.0232355 secs] [Times: user=0.03 sys=0.00, real=0.02 secs] 
2018-03-23T16:52:00.979+0000: 160.060: [GC (Allocation Failure) 2018-03-23T16:52:00.979+0000: 160.060: [DefNew: 143159K->7281K(153600K), 0.0248944 secs] 235108K->99798K(494976K), 0.0249780 secs] [Times: user=0.03 sys=0.00, real=0.03 secs] 
2018-03-23T16:52:03.244+0000: 162.325: [GC (Allocation Failure) 2018-03-23T16:52:03.244+0000: 162.325: [DefNew: 143857K->8344K(153600K), 0.0203530 secs] 236374K->100861K(494976K), 0.0204336 secs] [Times: user=0.02 sys=0.00, real=0.02 secs] 
2018-03-23T16:52:05.697+0000: 164.778: [GC (Allocation Failure) 2018-03-23T16:52:05.697+0000: 164.778: [DefNew: 144920K->8448K(153600K), 0.0236221 secs] 237437K->100964K(494976K), 0.0236941 secs] [Times: user=0.03 sys=0.00, real=0.03 secs] 
2018-03-23T16:52:08.106+0000: 167.187: [GC (Allocation Failure) 2018-03-23T16:52:08.106+0000: 167.187: [DefNew: 145024K->8901K(153600K), 0.0207978 secs] 237540K->101418K(494976K), 0.0208715 secs] [Times: user=0.02 sys=0.00, real=0.02 secs] 
2018-03-23T16:52:10.146+0000: 169.227: [GC (Allocation Failure) 2018-03-23T16:52:10.146+0000: 169.227: [DefNew: 145477K->9207K(153600K), 0.0319110 secs] 237994K->102256K(494976K), 0.0319812 secs] [Times: user=0.03 sys=0.00, real=0.03 secs] 
2018-03-23T16:52:12.548+0000: 171.629: [GC (Allocation Failure) 2018-03-23T16:52:12.548+0000: 171.629: [DefNew: 145783K->8905K(153600K), 0.0233778 secs] 238832K->102746K(494976K), 0.0234465 secs] [Times: user=0.03 sys=0.00, real=0.02 secs] 
2018-03-23T16:52:14.812+0000: 173.893: [GC (Allocation Failure) 2018-03-23T16:52:14.812+0000: 173.893: [DefNew: 145481K->7221K(153600K), 0.0225065 secs] 239322K->101533K(494976K), 0.0225786 secs] [Times: user=0.02 sys=0.00, real=0.02 secs] 
2018-03-23T16:52:17.006+0000: 176.087: [GC (Allocation Failure) 2018-03-23T16:52:17.006+0000: 176.087: [DefNew: 141499K->7370K(153600K), 0.0185516 secs] 235811K->101682K(494976K), 0.0186203 secs] [Times: user=0.02 sys=0.00, real=0.02 secs] 
2018-03-23T16:52:19.025+0000: 178.106: [GC (Allocation Failure) 2018-03-23T16:52:19.025+0000: 178.106: [DefNew: 143946K->8002K(153600K), 0.0221389 secs] 238258K->102313K(494976K), 0.0222069 secs] [Times: user=0.02 sys=0.00, real=0.02 secs] 
2018-03-23T16:52:21.278+0000: 180.360: [GC (Allocation Failure) 2018-03-23T16:52:21.279+0000: 180.360: [DefNew: 144578K->8088K(153600K), 0.0248700 secs] 238889K->102400K(494976K), 0.0249415 secs] [Times: user=0.03 sys=0.00, real=0.03 secs] 
2018-03-23T16:52:23.462+0000: 182.543: [GC (Allocation Failure) 2018-03-23T16:52:23.462+0000: 182.543: [DefNew: 144664K->9383K(153600K), 0.0271677 secs] 238976K->103695K(494976K), 0.0272306 secs] [Times: user=0.03 sys=0.00, real=0.03 secs] 
2018-03-23T16:52:25.803+0000: 184.884: [GC (Allocation Failure) 2018-03-23T16:52:25.803+0000: 184.884: [DefNew: 145959K->9177K(153600K), 0.0231585 secs] 240271K->104409K(494976K), 0.0232320 secs] [Times: user=0.02 sys=0.00, real=0.02 secs] 
2018-03-23T16:52:28.056+0000: 187.137: [GC (Allocation Failure) 2018-03-23T16:52:28.056+0000: 187.137: [DefNew: 145753K->8972K(153600K), 0.0313065 secs] 240985K->104928K(494976K), 0.0313778 secs] [Times: user=0.03 sys=0.00, real=0.04 secs] 
2018-03-23T16:52:30.599+0000: 189.680: [GC (Allocation Failure) 2018-03-23T16:52:30.599+0000: 189.680: [DefNew: 145548K->7802K(153600K), 0.0209723 secs] 241504K->104214K(494976K), 0.0210553 secs] [Times: user=0.02 sys=0.00, real=0.03 secs] 
2018-03-23T16:52:32.960+0000: 192.041: [GC (Allocation Failure) 2018-03-23T16:52:32.960+0000: 192.041: [DefNew: 144378K->8375K(153600K), 0.0186812 secs] 240790K->104787K(494976K), 0.0187569 secs] [Times: user=0.02 sys=0.00, real=0.01 secs] 
2018-03-23T16:52:35.131+0000: 194.212: [GC (Allocation Failure) 2018-03-23T16:52:35.131+0000: 194.212: [DefNew: 144951K->9777K(153600K), 0.0235368 secs] 241363K->106189K(494976K), 0.0236083 secs] [Times: user=0.02 sys=0.00, real=0.02 secs] 
2018-03-23T16:52:37.361+0000: 196.442: [GC (Allocation Failure) 2018-03-23T16:52:37.361+0000: 196.442: [DefNew: 141888K->6956K(153600K), 0.0210502 secs] 238301K->104734K(494976K), 0.0211316 secs] [Times: user=0.03 sys=0.00, real=0.02 secs] 
2018-03-23T16:52:39.602+0000: 198.683: [GC (Allocation Failure) 2018-03-23T16:52:39.602+0000: 198.683: [DefNew: 143532K->9265K(153600K), 0.0270043 secs] 241310K->107043K(494976K), 0.0270886 secs] [Times: user=0.03 sys=0.00, real=0.03 secs] 
2018-03-23T16:52:42.017+0000: 201.098: [GC (Allocation Failure) 2018-03-23T16:52:42.017+0000: 201.098: [DefNew: 145841K->7088K(153600K), 0.0134823 secs] 243619K->105629K(494976K), 0.0135591 secs] [Times: user=0.01 sys=0.00, real=0.02 secs] 
2018-03-23T16:52:44.343+0000: 203.424: [GC (Allocation Failure) 2018-03-23T16:52:44.343+0000: 203.424: [DefNew: 143664K->8525K(153600K), 0.0252585 secs] 242205K->107066K(494976K), 0.0253401 secs] [Times: user=0.02 sys=0.00, real=0.03 secs] 
2018-03-23T16:52:46.683+0000: 205.764: [GC (Allocation Failure) 2018-03-23T16:52:46.683+0000: 205.764: [DefNew: 145101K->7254K(153600K), 0.0119855 secs] 243642K->106070K(494976K), 0.0120763 secs] [Times: user=0.01 sys=0.00, real=0.01 secs] 
2018-03-23T16:52:48.990+0000: 208.072: [GC (Allocation Failure) 2018-03-23T16:52:48.991+0000: 208.072: [DefNew: 140452K->7216K(153600K), 0.0170463 secs] 239268K->106032K(494976K), 0.0171249 secs] [Times: user=0.02 sys=0.00, real=0.02 secs] 
2018-03-23T16:52:51.047+0000: 210.128: [GC (Allocation Failure) 2018-03-23T16:52:51.047+0000: 210.128: [DefNew: 143405K->7897K(153600K), 0.0230577 secs] 242221K->106713K(494976K), 0.0231297 secs] [Times: user=0.02 sys=0.00, real=0.03 secs] 
2018-03-23T16:52:53.223+0000: 212.304: [GC (Allocation Failure) 2018-03-23T16:52:53.223+0000: 212.304: [DefNew: 144473K->9507K(153600K), 0.0242812 secs] 243289K->108323K(494976K), 0.0243512 secs] [Times: user=0.02 sys=0.00, real=0.02 secs] 
2018-03-23T16:52:55.454+0000: 214.535: [GC (Allocation Failure) 2018-03-23T16:52:55.454+0000: 214.535: [DefNew: 146083K->9434K(153600K), 0.0319507 secs] 244899K->109245K(494976K), 0.0320224 secs] [Times: user=0.03 sys=0.00, real=0.03 secs] 
2018-03-23T16:52:57.519+0000: 216.601: [GC (Allocation Failure) 2018-03-23T16:52:57.520+0000: 216.601: [DefNew: 146010K->8355K(153600K), 0.0229141 secs] 245821K->109058K(494976K), 0.0229866 secs] [Times: user=0.03 sys=0.00, real=0.02 secs] 
2018-03-23T16:52:59.631+0000: 218.712: [GC (Allocation Failure) 2018-03-23T16:52:59.631+0000: 218.712: [DefNew: 138779K->7609K(153600K), 0.0222190 secs] 239481K->108312K(494976K), 0.0222908 secs] [Times: user=0.02 sys=0.00, real=0.02 secs] 
2018-03-23T16:53:01.837+0000: 220.918: [GC (Allocation Failure) 2018-03-23T16:53:01.837+0000: 220.918: [DefNew: 144185K->9180K(153600K), 0.0306693 secs] 244888K->109882K(494976K), 0.0307394 secs] [Times: user=0.03 sys=0.00, real=0.04 secs] 
2018-03-23T16:53:03.947+0000: 223.028: [GC (Allocation Failure) 2018-03-23T16:53:03.947+0000: 223.028: [DefNew: 145756K->13958K(153600K), 0.0342707 secs] 246458K->115482K(494976K), 0.0343442 secs] [Times: user=0.03 sys=0.00, real=0.04 secs] 
2018-03-23T16:53:06.270+0000: 225.351: [GC (Allocation Failure) 2018-03-23T16:53:06.270+0000: 225.351: [DefNew: 150534K->1727K(153600K), 0.0115858 secs] 252058K->109287K(494976K), 0.0116696 secs] [Times: user=0.01 sys=0.00, real=0.01 secs] 
2018-03-23T16:53:08.381+0000: 227.462: [GC (Allocation Failure) 2018-03-23T16:53:08.381+0000: 227.462: [DefNew: 136396K->3034K(153600K), 0.0059960 secs] 243956K->110593K(494976K), 0.0060675 secs] [Times: user=0.01 sys=0.00, real=0.00 secs] 
2018-03-23T16:53:10.485+0000: 229.566: [GC (Allocation Failure) 2018-03-23T16:53:10.485+0000: 229.566: [DefNew: 135355K->3963K(153600K), 0.0071015 secs] 242915K->111523K(494976K), 0.0071711 secs] [Times: user=0.01 sys=0.00, real=0.01 secs] 
2018-03-23T16:53:13.046+0000: 232.127: [GC (Allocation Failure) 2018-03-23T16:53:13.046+0000: 232.127: [DefNew: 140232K->5011K(153600K), 0.0114946 secs] 247791K->112571K(494976K), 0.0115671 secs] [Times: user=0.01 sys=0.00, real=0.01 secs] 
2018-03-23T16:53:15.106+0000: 234.187: [GC (Allocation Failure) 2018-03-23T16:53:15.106+0000: 234.187: [DefNew: 141587K->7057K(153600K), 0.0113617 secs] 249147K->114616K(494976K), 0.0114219 secs] [Times: user=0.01 sys=0.00, real=0.01 secs] 
2018-03-23T16:53:17.246+0000: 236.327: [GC (Allocation Failure) 2018-03-23T16:53:17.246+0000: 236.327: [DefNew: 143633K->6858K(153600K), 0.0106931 secs] 251192K->114417K(494976K), 0.0107635 secs] [Times: user=0.01 sys=0.00, real=0.01 secs] 
2018-03-23T16:53:19.542+0000: 238.624: [GC (Allocation Failure) 2018-03-23T16:53:19.543+0000: 238.624: [DefNew: 143434K->8704K(153600K), 0.0249491 secs] 250993K->116264K(494976K), 0.0250203 secs] [Times: user=0.03 sys=0.00, real=0.03 secs] 
2018-03-23T16:53:21.691+0000: 240.772: [GC (Allocation Failure) 2018-03-23T16:53:21.691+0000: 240.773: [DefNew: 145280K->8096K(153600K), 0.0214667 secs] 252840K->115933K(494976K), 0.0215429 secs] [Times: user=0.02 sys=0.00, real=0.02 secs] 
2018-03-23T16:53:23.978+0000: 243.059: [GC (Allocation Failure) 2018-03-23T16:53:23.978+0000: 243.059: [DefNew: 142300K->6967K(153600K), 0.0181793 secs] 250137K->114804K(494976K), 0.0182651 secs] [Times: user=0.02 sys=0.00, real=0.02 secs] 
2018-03-23T16:53:26.217+0000: 245.298: [GC (Allocation Failure) 2018-03-23T16:53:26.217+0000: 245.298: [DefNew: 143543K->7466K(153600K), 0.0142129 secs] 251380K->115302K(494976K), 0.0142836 secs] [Times: user=0.02 sys=0.00, real=0.02 secs] 
2018-03-23T16:53:28.360+0000: 247.441: [GC (Allocation Failure) 2018-03-23T16:53:28.360+0000: 247.441: [DefNew: 144042K->9859K(153600K), 0.0267858 secs] 251878K->117695K(494976K), 0.0268578 secs] [Times: user=0.03 sys=0.00, real=0.02 secs] 
2018-03-23T16:53:30.646+0000: 249.727: [GC (Allocation Failure) 2018-03-23T16:53:30.646+0000: 249.727: [DefNew: 145272K->6101K(153600K), 0.0189005 secs] 253108K->115715K(494976K), 0.0189832 secs] [Times: user=0.02 sys=0.00, real=0.02 secs] 
2018-03-23T16:53:32.795+0000: 251.876: [GC (Allocation Failure) 2018-03-23T16:53:32.795+0000: 251.876: [DefNew: 142677K->7497K(153600K), 0.0228767 secs] 252291K->117111K(494976K), 0.0229425 secs] [Times: user=0.02 sys=0.00, real=0.02 secs] 
2018-03-23T16:53:34.872+0000: 253.953: [GC (Allocation Failure) 2018-03-23T16:53:34.872+0000: 253.953: [DefNew: 144073K->9114K(153600K), 0.0254933 secs] 253687K->118728K(494976K), 0.0255749 secs] [Times: user=0.02 sys=0.00, real=0.02 secs] 
2018-03-23T16:53:37.023+0000: 256.104: [GC (Allocation Failure) 2018-03-23T16:53:37.023+0000: 256.104: [DefNew: 145690K->8840K(153600K), 0.0149744 secs] 255304K->119119K(494976K), 0.0150454 secs] [Times: user=0.01 sys=0.00, real=0.01 secs] 
2018-03-23T16:53:39.120+0000: 258.201: [GC (Allocation Failure) 2018-03-23T16:53:39.120+0000: 258.201: [DefNew: 145416K->8613K(153600K), 0.0230020 secs] 255695K->119248K(494976K), 0.0230843 secs] [Times: user=0.02 sys=0.00, real=0.02 secs] 
2018-03-23T16:53:41.226+0000: 260.307: [GC (Allocation Failure) 2018-03-23T16:53:41.226+0000: 260.307: [DefNew: 138760K->6720K(153600K), 0.0180549 secs] 249396K->117700K(494976K), 0.0181433 secs] [Times: user=0.02 sys=0.00, real=0.02 secs] 
2018-03-23T16:53:43.236+0000: 262.317: [GC (Allocation Failure) 2018-03-23T16:53:43.236+0000: 262.317: [DefNew: 143296K->9230K(153600K), 0.0232961 secs] 254276K->120210K(494976K), 0.0233775 secs] [Times: user=0.03 sys=0.00, real=0.02 secs] 
2018-03-23T16:53:45.433+0000: 264.514: [GC (Allocation Failure) 2018-03-23T16:53:45.433+0000: 264.514: [DefNew: 141435K->6534K(153600K), 0.0143876 secs] 252415K->118483K(494976K), 0.0144600 secs] [Times: user=0.01 sys=0.00, real=0.01 secs] 
2018-03-23T16:53:47.492+0000: 266.573: [GC (Allocation Failure) 2018-03-23T16:53:47.492+0000: 266.573: [DefNew: 142676K->7033K(153600K), 0.0193075 secs] 254625K->118982K(494976K), 0.0193869 secs] [Times: user=0.02 sys=0.00, real=0.02 secs] 
2018-03-23T16:53:49.498+0000: 268.579: [GC (Allocation Failure) 2018-03-23T16:53:49.498+0000: 268.579: [DefNew: 138958K->7477K(153600K), 0.0151248 secs] 250907K->119426K(494976K), 0.0152032 secs] [Times: user=0.02 sys=0.00, real=0.02 secs] 
2018-03-23T16:53:51.600+0000: 270.681: [GC (Allocation Failure) 2018-03-23T16:53:51.600+0000: 270.681: [DefNew: 137853K->7820K(153600K), 0.0167841 secs] 249802K->119769K(494976K), 0.0168539 secs] [Times: user=0.02 sys=0.00, real=0.01 secs] 
2018-03-23T16:53:53.649+0000: 272.730: [GC (Allocation Failure) 2018-03-23T16:53:53.649+0000: 272.730: [DefNew: 144396K->8270K(153600K), 0.0210031 secs] 256345K->120219K(494976K), 0.0210811 secs] [Times: user=0.02 sys=0.00, real=0.02 secs] 
2018-03-23T16:53:55.756+0000: 274.837: [GC (Allocation Failure) 2018-03-23T16:53:55.756+0000: 274.837: [DefNew: 144846K->8557K(153600K), 0.0213772 secs] 256795K->120506K(494976K), 0.0214430 secs] [Times: user=0.02 sys=0.00, real=0.02 secs] 
2018-03-23T16:53:58.061+0000: 277.142: [GC (Allocation Failure) 2018-03-23T16:53:58.061+0000: 277.142: [DefNew: 145133K->10352K(153600K), 0.0262291 secs] 257082K->122605K(494976K), 0.0263023 secs] [Times: user=0.02 sys=0.00, real=0.02 secs] 
2018-03-23T16:53:59.902+0000: 278.983: [GC (Allocation Failure) 2018-03-23T16:53:59.902+0000: 278.983: [DefNew: 139159K->7194K(153600K), 0.0126778 secs] 251411K->121218K(494976K), 0.0127504 secs] [Times: user=0.02 sys=0.00, real=0.01 secs] 
2018-03-23T16:54:02.026+0000: 281.107: [GC (Allocation Failure) 2018-03-23T16:54:02.026+0000: 281.107: [DefNew: 138061K->7775K(153600K), 0.0108971 secs] 252086K->121799K(494976K), 0.0109694 secs] [Times: user=0.01 sys=0.00, real=0.01 secs] 
2018-03-23T16:54:04.268+0000: 283.349: [GC (Allocation Failure) 2018-03-23T16:54:04.268+0000: 283.349: [DefNew: 144351K->9547K(153600K), 0.0268620 secs] 258375K->123571K(494976K), 0.0269362 secs] [Times: user=0.03 sys=0.00, real=0.02 secs] 
2018-03-23T16:54:06.182+0000: 285.263: [GC (Allocation Failure) 2018-03-23T16:54:06.182+0000: 285.263: [DefNew: 142098K->8233K(153600K), 0.0138525 secs] 256122K->123238K(494976K), 0.0139247 secs] [Times: user=0.01 sys=0.01, real=0.01 secs] 
2018-03-23T16:54:08.376+0000: 287.457: [GC (Allocation Failure) 2018-03-23T16:54:08.376+0000: 287.457: [DefNew: 138158K->8630K(153600K), 0.0113052 secs] 253163K->123635K(494976K), 0.0113795 secs] [Times: user=0.02 sys=0.00, real=0.01 secs] 
2018-03-23T16:54:10.616+0000: 289.697: [GC (Allocation Failure) 2018-03-23T16:54:10.616+0000: 289.697: [DefNew: 145206K->8597K(153600K), 0.0204599 secs] 260211K->124126K(494976K), 0.0205408 secs] [Times: user=0.02 sys=0.00, real=0.02 secs] 
2018-03-23T16:54:12.723+0000: 291.804: [GC (Allocation Failure) 2018-03-23T16:54:12.723+0000: 291.804: [DefNew: 145173K->11175K(153600K), 0.0333642 secs] 260702K->126989K(494976K), 0.0334467 secs] [Times: user=0.03 sys=0.01, real=0.03 secs] 
2018-03-23T16:54:14.875+0000: 293.956: [GC (Allocation Failure) 2018-03-23T16:54:14.875+0000: 293.956: [DefNew: 145702K->5642K(153600K), 0.0203473 secs] 261517K->124704K(494976K), 0.0204116 secs] [Times: user=0.02 sys=0.00, real=0.02 secs] 
2018-03-23T16:54:16.440+0000: 295.521: [GC (Allocation Failure) 2018-03-23T16:54:16.440+0000: 295.521: [DefNew: 134160K->17024K(153600K), 0.0510434 secs] 253222K->144326K(494976K), 0.0511248 secs] [Times: user=0.04 sys=0.01, real=0.05 secs] 
2018-03-23T16:54:18.334+0000: 297.415: [GC (Allocation Failure) 2018-03-23T16:54:18.334+0000: 297.415: [DefNew: 153600K->17024K(153600K), 0.0634322 secs] 280902K->162517K(494976K), 0.0635042 secs] [Times: user=0.05 sys=0.02, real=0.06 secs] 
2018-03-23T16:54:20.484+0000: 299.565: [GC (Allocation Failure) 2018-03-23T16:54:20.484+0000: 299.565: [DefNew: 152446K->2691K(153600K), 0.0414416 secs] 297940K->164821K(494976K), 0.0415106 secs] [Times: user=0.03 sys=0.01, real=0.04 secs] 
2018-03-23T16:54:22.692+0000: 301.773: [GC (Allocation Failure) 2018-03-23T16:54:22.692+0000: 301.773: [DefNew: 139267K->3803K(153600K), 0.0121110 secs] 301397K->165933K(494976K), 0.0121775 secs] [Times: user=0.01 sys=0.00, real=0.01 secs] 
2018-03-23T16:54:24.883+0000: 303.964: [GC (Allocation Failure) 2018-03-23T16:54:24.883+0000: 303.964: [DefNew: 140379K->6754K(153600K), 0.0118948 secs] 302509K->168884K(494976K), 0.0119559 secs] [Times: user=0.01 sys=0.00, real=0.01 secs] 
2018-03-23T16:54:26.783+0000: 305.864: [GC (Allocation Failure) 2018-03-23T16:54:26.783+0000: 305.864: [DefNew: 143330K->8603K(153600K), 0.0260665 secs] 305460K->170733K(494976K), 0.0261418 secs] [Times: user=0.03 sys=0.00, real=0.03 secs] 
2018-03-23T16:54:28.839+0000: 307.920: [GC (Allocation Failure) 2018-03-23T16:54:28.839+0000: 307.920: [DefNew: 145179K->7218K(153600K), 0.0199727 secs] 307309K->170166K(494976K), 0.0200390 secs] [Times: user=0.02 sys=0.00, real=0.02 secs] 
2018-03-23T16:54:30.994+0000: 310.075: [GC (Allocation Failure) 2018-03-23T16:54:30.994+0000: 310.075: [DefNew: 143794K->7656K(153600K), 0.0200108 secs] 306742K->170605K(494976K), 0.0200831 secs] [Times: user=0.02 sys=0.00, real=0.02 secs] 
2018-03-23T16:54:33.072+0000: 312.153: [GC (Allocation Failure) 2018-03-23T16:54:33.072+0000: 312.153: [DefNew: 142178K->6903K(153600K), 0.0183080 secs] 305127K->169852K(494976K), 0.0183802 secs] [Times: user=0.02 sys=0.00, real=0.02 secs] 
2018-03-23T16:54:35.126+0000: 314.207: [GC (Allocation Failure) 2018-03-23T16:54:35.126+0000: 314.207: [DefNew: 143479K->10050K(153600K), 0.0275058 secs] 306428K->172999K(494976K), 0.0275753 secs] [Times: user=0.03 sys=0.00, real=0.03 secs] 
2018-03-23T16:54:37.179+0000: 316.260: [GC (Allocation Failure) 2018-03-23T16:54:37.179+0000: 316.260: [DefNew: 139037K->6612K(153600K), 0.0244065 secs] 301986K->170964K(494976K), 0.0244749 secs] [Times: user=0.03 sys=0.00, real=0.03 secs] 
2018-03-23T16:54:39.150+0000: 318.231: [GC (Allocation Failure) 2018-03-23T16:54:39.150+0000: 318.231: [DefNew: 143188K->8187K(153600K), 0.0209001 secs] 307540K->172540K(494976K), 0.0209812 secs] [Times: user=0.02 sys=0.00, real=0.02 secs] 
2018-03-23T16:54:41.213+0000: 320.294: [GC (Allocation Failure) 2018-03-23T16:54:41.213+0000: 320.294: [DefNew: 139189K->7497K(153600K), 0.0160577 secs] 303541K->171849K(494976K), 0.0161305 secs] [Times: user=0.02 sys=0.00, real=0.02 secs] 
2018-03-23T16:54:43.310+0000: 322.391: [GC (Allocation Failure) 2018-03-23T16:54:43.310+0000: 322.391: [DefNew: 144073K->9316K(153600K), 0.0236547 secs] 308425K->173669K(494976K), 0.0237260 secs] [Times: user=0.02 sys=0.00, real=0.02 secs] 
2018-03-23T16:54:45.456+0000: 324.537: [GC (Allocation Failure) 2018-03-23T16:54:45.456+0000: 324.537: [DefNew: 145892K->8517K(153600K), 0.0253574 secs] 310245K->173639K(494976K), 0.0254298 secs] [Times: user=0.03 sys=0.00, real=0.03 secs] 
2018-03-23T16:54:47.568+0000: 326.649: [GC (Allocation Failure) 2018-03-23T16:54:47.568+0000: 326.649: [DefNew: 145093K->16576K(153600K), 0.0190684 secs] 310215K->182157K(494976K), 0.0191378 secs] [Times: user=0.02 sys=0.00, real=0.01 secs] 
2018-03-23T16:54:49.755+0000: 328.836: [GC (Allocation Failure) 2018-03-23T16:54:49.755+0000: 328.836: [DefNew: 150621K->2433K(153600K), 0.0197320 secs] 316203K->173778K(494976K), 0.0198020 secs] [Times: user=0.02 sys=0.00, real=0.02 secs] 
2018-03-23T16:54:51.943+0000: 331.024: [GC (Allocation Failure) 2018-03-23T16:54:51.943+0000: 331.024: [DefNew: 139009K->6644K(153600K), 0.0193089 secs] 310354K->177989K(494976K), 0.0193788 secs] [Times: user=0.02 sys=0.00, real=0.02 secs] 
2018-03-23T16:54:53.946+0000: 333.027: [GC (Allocation Failure) 2018-03-23T16:54:53.947+0000: 333.028: [DefNew: 143220K->4974K(153600K), 0.0142701 secs] 314565K->176318K(494976K), 0.0143685 secs] [Times: user=0.01 sys=0.00, real=0.02 secs] 
2018-03-23T16:54:56.088+0000: 335.169: [GC (Allocation Failure) 2018-03-23T16:54:56.088+0000: 335.169: [DefNew: 141550K->8878K(153600K), 0.0223957 secs] 312894K->180222K(494976K), 0.0224729 secs] [Times: user=0.02 sys=0.00, real=0.02 secs] 
2018-03-23T16:54:58.341+0000: 337.422: [GC (Allocation Failure) 2018-03-23T16:54:58.341+0000: 337.422: [DefNew: 139338K->6012K(153600K), 0.0141098 secs] 310682K->178112K(494976K), 0.0141930 secs] [Times: user=0.01 sys=0.00, real=0.01 secs] 
2018-03-23T16:55:00.492+0000: 339.573: [GC (Allocation Failure) 2018-03-23T16:55:00.492+0000: 339.573: [DefNew: 135703K->6672K(153600K), 0.0170814 secs] 307803K->178772K(494976K), 0.0171529 secs] [Times: user=0.02 sys=0.00, real=0.02 secs] 
2018-03-23T16:55:03.053+0000: 342.134: [GC (Allocation Failure) 2018-03-23T16:55:03.053+0000: 342.134: [DefNew: 143248K->9838K(153600K), 0.0135653 secs] 315348K->181938K(494976K), 0.0136403 secs] [Times: user=0.01 sys=0.00, real=0.01 secs] 
2018-03-23T16:55:05.320+0000: 344.401: [GC (Allocation Failure) 2018-03-23T16:55:05.320+0000: 344.401: [DefNew: 141220K->5868K(153600K), 0.0106951 secs] 313319K->179835K(494976K), 0.0107791 secs] [Times: user=0.01 sys=0.00, real=0.01 secs] 
2018-03-23T16:55:07.556+0000: 346.637: [GC (Allocation Failure) 2018-03-23T16:55:07.556+0000: 346.637: [DefNew: 141361K->6811K(153600K), 0.0174084 secs] 315328K->180779K(494976K), 0.0174887 secs] [Times: user=0.02 sys=0.00, real=0.02 secs] 
2018-03-23T16:55:09.662+0000: 348.743: [GC (Allocation Failure) 2018-03-23T16:55:09.662+0000: 348.743: [DefNew: 142579K->7379K(153600K), 0.0176930 secs] 316547K->181346K(494976K), 0.0177766 secs] [Times: user=0.02 sys=0.00, real=0.02 secs] 
2018-03-23T16:55:11.827+0000: 350.909: [GC (Allocation Failure) 2018-03-23T16:55:11.828+0000: 350.909: [DefNew: 143955K->9177K(153600K), 0.0238444 secs] 317922K->183145K(494976K), 0.0239183 secs] [Times: user=0.02 sys=0.00, real=0.02 secs] 
2018-03-23T16:55:14.021+0000: 353.102: [GC (Allocation Failure) 2018-03-23T16:55:14.021+0000: 353.102: [DefNew: 145311K->7484K(153600K), 0.0112195 secs] 319279K->182400K(494976K), 0.0112777 secs] [Times: user=0.01 sys=0.00, real=0.01 secs] 
2018-03-23T16:55:16.222+0000: 355.303: [GC (Allocation Failure) 2018-03-23T16:55:16.222+0000: 355.303: [DefNew: 144060K->8130K(153600K), 0.0179897 secs] 318976K->183046K(494976K), 0.0180639 secs] [Times: user=0.02 sys=0.00, real=0.02 secs] 
2018-03-23T16:55:18.412+0000: 357.493: [GC (Allocation Failure) 2018-03-23T16:55:18.412+0000: 357.493: [DefNew: 144706K->11022K(153600K), 0.0279526 secs] 319622K->185938K(494976K), 0.0280229 secs] [Times: user=0.03 sys=0.00, real=0.03 secs] 
2018-03-23T16:55:20.506+0000: 359.587: [GC (Allocation Failure) 2018-03-23T16:55:20.506+0000: 359.587: [DefNew: 147598K->9269K(153600K), 0.0307511 secs] 322514K->186257K(494976K), 0.0308241 secs] [Times: user=0.02 sys=0.01, real=0.03 secs] 
2018-03-23T16:55:22.624+0000: 361.705: [GC (Allocation Failure) 2018-03-23T16:55:22.624+0000: 361.705: [DefNew: 145845K->9047K(153600K), 0.0304901 secs] 322833K->187418K(494976K), 0.0305597 secs] [Times: user=0.03 sys=0.00, real=0.03 secs] 
2018-03-23T16:55:24.946+0000: 364.027: [GC (Allocation Failure) 2018-03-23T16:55:24.946+0000: 364.027: [DefNew: 144985K->6073K(153600K), 0.0169264 secs] 323356K->185526K(494976K), 0.0169981 secs] [Times: user=0.02 sys=0.00, real=0.02 secs] 
2018-03-23T16:55:26.953+0000: 366.034: [GC (Allocation Failure) 2018-03-23T16:55:26.953+0000: 366.034: [DefNew: 142649K->7967K(153600K), 0.0233838 secs] 322102K->187419K(494976K), 0.0234690 secs] [Times: user=0.02 sys=0.00, real=0.02 secs] 
2018-03-23T16:55:28.864+0000: 367.945: [GC (Allocation Failure) 2018-03-23T16:55:28.864+0000: 367.945: [DefNew: 142027K->7625K(153600K), 0.0171164 secs] 321479K->187078K(494976K), 0.0171949 secs] [Times: user=0.02 sys=0.00, real=0.02 secs] 
2018-03-23T16:55:30.820+0000: 369.901: [GC (Allocation Failure) 2018-03-23T16:55:30.820+0000: 369.901: [DefNew: 134801K->8183K(153600K), 0.0209177 secs] 314253K->187636K(494976K), 0.0209898 secs] [Times: user=0.02 sys=0.01, real=0.02 secs] 
2018-03-23T16:55:33.151+0000: 372.232: [GC (Allocation Failure) 2018-03-23T16:55:33.151+0000: 372.232: [DefNew: 144759K->8565K(153600K), 0.0116949 secs] 324212K->188017K(494976K), 0.0117484 secs] [Times: user=0.01 sys=0.00, real=0.01 secs] 
2018-03-23T16:55:35.260+0000: 374.341: [GC (Allocation Failure) 2018-03-23T16:55:35.260+0000: 374.341: [DefNew: 145141K->17024K(153600K), 0.0398086 secs] 324593K->198564K(494976K), 0.0398731 secs] [Times: user=0.03 sys=0.00, real=0.04 secs] 
2018-03-23T16:55:37.614+0000: 376.695: [GC (Allocation Failure) 2018-03-23T16:55:37.614+0000: 376.695: [DefNew: 153600K->2918K(153600K), 0.0121553 secs] 335140K->189994K(494976K), 0.0122261 secs] [Times: user=0.01 sys=0.00, real=0.01 secs] 
2018-03-23T16:55:39.705+0000: 378.786: [GC (Allocation Failure) 2018-03-23T16:55:39.705+0000: 378.786: [DefNew: 133059K->3923K(153600K), 0.0148228 secs] 320135K->190999K(494976K), 0.0148955 secs] [Times: user=0.01 sys=0.00, real=0.02 secs] 
2018-03-23T16:55:41.690+0000: 380.771: [GC (Allocation Failure) 2018-03-23T16:55:41.690+0000: 380.771: [DefNew: 140499K->8028K(153600K), 0.0237310 secs] 327575K->195104K(494976K), 0.0238050 secs] [Times: user=0.02 sys=0.01, real=0.02 secs] 
2018-03-23T16:55:43.942+0000: 383.023: [GC (Allocation Failure) 2018-03-23T16:55:43.942+0000: 383.023: [DefNew: 144604K->7459K(153600K), 0.0178265 secs] 331680K->194535K(494976K), 0.0179031 secs] [Times: user=0.02 sys=0.00, real=0.02 secs] 
2018-03-23T16:55:46.113+0000: 385.194: [GC (Allocation Failure) 2018-03-23T16:55:46.113+0000: 385.194: [DefNew: 141088K->7057K(153600K), 0.0171607 secs] 328164K->194133K(494976K), 0.0172344 secs] [Times: user=0.02 sys=0.00, real=0.02 secs] 
2018-03-23T16:55:48.280+0000: 387.361: [GC (Allocation Failure) 2018-03-23T16:55:48.280+0000: 387.361: [DefNew: 143596K->10554K(153600K), 0.0268456 secs] 330672K->197630K(494976K), 0.0269157 secs] [Times: user=0.03 sys=0.00, real=0.02 secs] 
2018-03-23T16:55:50.343+0000: 389.424: [GC (Allocation Failure) 2018-03-23T16:55:50.343+0000: 389.424: [DefNew: 145834K->7435K(153600K), 0.0240862 secs] 332910K->196142K(494976K), 0.0241637 secs] [Times: user=0.03 sys=0.00, real=0.03 secs] 
2018-03-23T16:55:52.425+0000: 391.506: [GC (Allocation Failure) 2018-03-23T16:55:52.425+0000: 391.506: [DefNew: 144011K->8536K(153600K), 0.0209475 secs] 332718K->197243K(494976K), 0.0216259 secs] [Times: user=0.02 sys=0.00, real=0.02 secs] 
2018-03-23T16:55:54.627+0000: 393.708: [GC (Allocation Failure) 2018-03-23T16:55:54.627+0000: 393.708: [DefNew: 145112K->9348K(153600K), 0.0270952 secs] 333819K->198805K(494976K), 0.0271599 secs] [Times: user=0.03 sys=0.00, real=0.02 secs] 
2018-03-23T16:55:56.864+0000: 395.945: [GC (Allocation Failure) 2018-03-23T16:55:56.865+0000: 395.946: [DefNew: 145924K->8290K(153600K), 0.0209584 secs] 335381K->198542K(494976K), 0.0210409 secs] [Times: user=0.02 sys=0.00, real=0.02 secs] 
2018-03-23T16:55:59.065+0000: 398.146: [GC (Allocation Failure) 2018-03-23T16:55:59.065+0000: 398.146: [DefNew: 140077K->7750K(153600K), 0.0132731 secs] 330328K->198002K(494976K), 0.0133487 secs] [Times: user=0.01 sys=0.00, real=0.01 secs] 
2018-03-23T16:56:01.323+0000: 400.404: [GC (Allocation Failure) 2018-03-23T16:56:01.324+0000: 400.405: [DefNew: 144326K->9094K(153600K), 0.0205645 secs] 334578K->199345K(494976K), 0.0206479 secs] [Times: user=0.02 sys=0.00, real=0.02 secs] 
2018-03-23T16:56:03.355+0000: 402.436: [GC (Allocation Failure) 2018-03-23T16:56:03.355+0000: 402.436: [DefNew: 145607K->9827K(153600K), 0.0262033 secs] 335858K->201735K(494976K), 0.0262758 secs] [Times: user=0.03 sys=0.00, real=0.03 secs] 
2018-03-23T16:56:05.529+0000: 404.610: [GC (Allocation Failure) 2018-03-23T16:56:05.529+0000: 404.610: [DefNew: 146403K->7021K(153600K), 0.0138751 secs] 338311K->200613K(494976K), 0.0139503 secs] [Times: user=0.01 sys=0.00, real=0.01 secs] 
2018-03-23T16:56:07.884+0000: 406.965: [GC (Allocation Failure) 2018-03-23T16:56:07.885+0000: 406.966: [DefNew: 143597K->7530K(153600K), 0.0174912 secs] 337189K->201122K(494976K), 0.0175640 secs] [Times: user=0.02 sys=0.00, real=0.02 secs] 
2018-03-23T16:56:10.068+0000: 409.149: [GC (Allocation Failure) 2018-03-23T16:56:10.068+0000: 409.149: [DefNew: 142812K->7672K(153600K), 0.0188150 secs] 336404K->201264K(494976K), 0.0188915 secs] [Times: user=0.01 sys=0.00, real=0.01 secs] 
2018-03-23T16:56:12.035+0000: 411.116: [GC (Allocation Failure) 2018-03-23T16:56:12.035+0000: 411.116: [DefNew: 144248K->11097K(153600K), 0.0328323 secs] 337840K->204689K(494976K), 0.0329061 secs] [Times: user=0.03 sys=0.00, real=0.04 secs] 
2018-03-23T16:56:14.326+0000: 413.407: [GC (Allocation Failure) 2018-03-23T16:56:14.326+0000: 413.407: [DefNew: 142174K->6493K(153600K), 0.0198587 secs] 335766K->202409K(494976K), 0.0199356 secs] [Times: user=0.02 sys=0.00, real=0.02 secs] 
2018-03-23T16:56:16.261+0000: 415.342: [GC (Allocation Failure) 2018-03-23T16:56:16.261+0000: 415.342: [DefNew: 143069K->8961K(153600K), 0.0203228 secs] 338985K->204877K(494976K), 0.0203963 secs] [Times: user=0.02 sys=0.00, real=0.02 secs] 
2018-03-23T16:56:18.334+0000: 417.415: [GC (Allocation Failure) 2018-03-23T16:56:18.334+0000: 417.415: [DefNew: 145537K->10100K(153600K), 0.0262624 secs] 341453K->206422K(494976K), 0.0263448 secs] [Times: user=0.02 sys=0.00, real=0.03 secs] 
2018-03-23T16:56:20.595+0000: 419.676: [GC (Allocation Failure) 2018-03-23T16:56:20.595+0000: 419.676: [DefNew: 146676K->10172K(153600K), 0.0331747 secs] 342998K->208080K(494976K), 0.0332459 secs] [Times: user=0.03 sys=0.00, real=0.04 secs] 
2018-03-23T16:56:22.535+0000: 421.616: [GC (Allocation Failure) 2018-03-23T16:56:22.535+0000: 421.616: [DefNew: 137954K->5259K(153600K), 0.0177540 secs] 335862K->205235K(494976K), 0.0178254 secs] [Times: user=0.02 sys=0.00, real=0.02 secs] 
2018-03-23T16:56:24.651+0000: 423.732: [GC (Allocation Failure) 2018-03-23T16:56:24.651+0000: 423.732: [DefNew: 139016K->6387K(153600K), 0.0173898 secs] 338993K->206364K(494976K), 0.0174594 secs] [Times: user=0.02 sys=0.00, real=0.02 secs] 
2018-03-23T16:56:26.715+0000: 425.797: [GC (Allocation Failure) 2018-03-23T16:56:26.716+0000: 425.797: [DefNew: 136420K->7667K(153600K), 0.0171482 secs] 336396K->207644K(494976K), 0.0172732 secs] [Times: user=0.02 sys=0.00, real=0.02 secs] 
2018-03-23T16:56:28.710+0000: 427.791: [GC (Allocation Failure) 2018-03-23T16:56:28.710+0000: 427.791: [DefNew: 140664K->8008K(153600K), 0.0179297 secs] 340641K->207984K(494976K), 0.0180018 secs] [Times: user=0.01 sys=0.00, real=0.02 secs] 
2018-03-23T16:56:31.076+0000: 430.157: [GC (Allocation Failure) 2018-03-23T16:56:31.077+0000: 430.158: [DefNew: 137196K->8452K(153600K), 0.0140776 secs] 337172K->208429K(494976K), 0.0141541 secs] [Times: user=0.01 sys=0.00, real=0.02 secs] 
2018-03-23T16:56:33.055+0000: 432.136: [GC (Allocation Failure) 2018-03-23T16:56:33.055+0000: 432.136: [DefNew: 145028K->10652K(153600K), 0.0250758 secs] 345005K->210628K(494976K), 0.0251454 secs] [Times: user=0.02 sys=0.00, real=0.03 secs] 
2018-03-23T16:56:35.315+0000: 434.396: [GC (Allocation Failure) 2018-03-23T16:56:35.315+0000: 434.396: [DefNew: 146486K->7606K(153600K), 0.0248686 secs] 346463K->209743K(494976K), 0.0249438 secs] [Times: user=0.02 sys=0.00, real=0.03 secs] 
2018-03-23T16:56:37.280+0000: 436.361: [GC (Allocation Failure) 2018-03-23T16:56:37.280+0000: 436.361: [DefNew: 144182K->10448K(153600K), 0.0279758 secs] 346319K->212585K(494976K), 0.0280543 secs] [Times: user=0.03 sys=0.00, real=0.03 secs] 
2018-03-23T16:56:41.548+0000: 440.629: [GC (Allocation Failure) 2018-03-23T16:56:41.548+0000: 440.629: [DefNew: 147024K->9744K(153600K), 0.0150402 secs] 349161K->213659K(494976K), 0.0151177 secs] [Times: user=0.01 sys=0.00, real=0.01 secs] 
2018-03-23T16:56:56.449+0000: 455.530: [GC (Allocation Failure) 2018-03-23T16:56:56.449+0000: 455.530: [DefNew: 146320K->17024K(153600K), 0.0410160 secs] 350235K->232457K(494976K), 0.0410856 secs] [Times: user=0.04 sys=0.00, real=0.04 secs] 
2018-03-23T16:57:08.096+0000: 467.177: [GC (Allocation Failure) 2018-03-23T16:57:08.096+0000: 467.177: [DefNew: 153600K->17024K(153600K), 0.0470667 secs] 369033K->251613K(494976K), 0.0471337 secs] [Times: user=0.04 sys=0.00, real=0.05 secs] 
2018-03-23T16:57:22.107+0000: 481.188: [GC (Allocation Failure) 2018-03-23T16:57:22.107+0000: 481.188: [DefNew: 153600K->17024K(153600K), 0.0503673 secs] 388189K->269634K(494976K), 0.0504405 secs] [Times: user=0.04 sys=0.01, real=0.05 secs] 
2018-03-23T16:57:33.459+0000: 492.540: [GC (Allocation Failure) 2018-03-23T16:57:33.459+0000: 492.540: [DefNew: 153600K->17023K(153600K), 0.0497975 secs] 406210K->287204K(494976K), 0.0498690 secs] [Times: user=0.03 sys=0.02, real=0.06 secs] 
2018-03-23T16:57:43.869+0000: 502.950: [GC (Allocation Failure) 2018-03-23T16:57:43.869+0000: 502.950: [DefNew: 153599K->17023K(153600K), 0.0513929 secs] 423780K->305383K(494976K), 0.0514617 secs] [Times: user=0.04 sys=0.01, real=0.05 secs] 
2018-03-23T16:57:58.048+0000: 517.129: [GC (Allocation Failure) 2018-03-23T16:57:58.048+0000: 517.129: [DefNew: 153599K->17023K(153600K), 0.0496243 secs] 441959K->323991K(494976K), 0.0496900 secs] [Times: user=0.03 sys=0.01, real=0.04 secs] 
2018-03-23T16:58:09.229+0000: 528.310: [GC (Allocation Failure) 2018-03-23T16:58:09.229+0000: 528.310: [DefNew: 153599K->17024K(153600K), 0.0494550 secs] 460567K->342000K(494976K), 0.0495188 secs] [Times: user=0.04 sys=0.02, real=0.04 secs] 
16:58:11.930 [Client] INFO  c.s.f.r.e.s.SocketFront  - FlameSocketGraphDeployerFront@10.0.0.155 has been disconnected from Connection 10
16:58:11.930 [Client] INFO  c.s.f.r.e.s.SocketRear  - FlameSocketGraphDeployerRear@10.0.0.155: has been disconnected from Connection 9
16:58:22.834 [worker-akka.actor.default-dispatcher-7] INFO  a.a.CoordinatedShutdown CoordinatedShutdown(akka://worker) - Starting coordinated shutdown from JVM shutdown hook
16:58:22.855 [worker-akka.actor.default-dispatcher-15] INFO  a.a.LocalActorRef akka://worker/user/watcher/graph/negotiator - Stopped
16:58:22.858 [worker-akka.actor.default-dispatcher-15] INFO  a.a.LocalActorRef akka://worker/user/watcher/graph/edge/FlameSocketGraphDeployerFront - Stopped
16:58:22.860 [worker-akka.actor.default-dispatcher-15] INFO  a.a.LocalActorRef akka://worker/user/watcher/graph/edge/FlameSocketGraphDeployerRear - Stopped
16:58:22.860 [worker-akka.actor.default-dispatcher-15] INFO  a.a.LocalActorRef akka://worker/user/watcher/graph/graph/$a - Stopped
16:58:22.862 [worker-akka.actor.default-dispatcher-15] INFO  a.a.LocalActorRef akka://worker/user/watcher/graph/graph/$b - Stopped
16:58:22.862 [worker-akka.actor.default-dispatcher-15] INFO  a.a.LocalActorRef akka://worker/user/watcher/graph/graph/$c - Stopped
16:58:22.863 [worker-akka.actor.default-dispatcher-15] INFO  a.a.LocalActorRef akka://worker/user/watcher/graph/edge - Stopped
16:58:22.863 [worker-akka.actor.default-dispatcher-15] INFO  a.a.LocalActorRef akka://worker/user/watcher/graph/graph/local-acker/$a - Stopped
16:58:22.863 [worker-akka.actor.default-dispatcher-15] INFO  a.a.LocalActorRef akka://worker/user/watcher/graph/graph/local-acker/$a - Message [com.spbsu.flamestream.runtime.utils.akka.PingActor$InnerPing] from Actor[akka://worker/user/watcher/graph/graph/local-acker/$a#527755345] to Actor[akka://worker/user/watcher/graph/graph/local-acker/$a#527755345] was not delivered. [1] dead letters encountered. This logging can be turned off or adjusted with configuration settings 'akka.log-dead-letters' and 'akka.log-dead-letters-during-shutdown'.
16:58:22.864 [worker-akka.actor.default-dispatcher-15] INFO  a.a.LocalActorRef akka://worker/user/watcher/graph/graph/local-acker - Stopped
16:58:22.865 [worker-akka.actor.default-dispatcher-15] INFO  a.a.LocalActorRef akka://worker/user/watcher/graph/graph - Stopped
16:58:22.865 [worker-akka.actor.default-dispatcher-15] INFO  a.a.LocalActorRef akka://worker/user/watcher/graph/graph/local-acker/$a - Message [com.spbsu.flamestream.runtime.utils.akka.PingActor$Stop] from Actor[akka://worker/user/watcher/graph/graph/local-acker#1989823670] to Actor[akka://worker/user/watcher/graph/graph/local-acker/$a#527755345] was not delivered. [2] dead letters encountered. This logging can be turned off or adjusted with configuration settings 'akka.log-dead-letters' and 'akka.log-dead-letters-during-shutdown'.
16:58:22.865 [worker-akka.actor.default-dispatcher-13] INFO  a.a.LocalActorRef akka://worker/user/watcher/graph - Stopped
16:58:22.867 [worker-akka.actor.default-dispatcher-5] INFO  a.a.RepointableActorRef akka://worker/user/watcher - Stopped
16:58:22.872 [worker-akka.actor.default-dispatcher-2-EventThread] INFO  o.a.z.ClientCnxn  - EventThread shut down for session: 0x16253c2d3b80004
16:58:22.873 [worker-akka.actor.default-dispatcher-13] INFO  o.a.z.ZooKeeper  - Session: 0x16253c2d3b80004 closed
16:58:22.882 [worker-akka.actor.default-dispatcher-18] INFO  a.r.RemoteActorRefProvider$RemotingTerminator akka://worker@10.0.0.155:5412/system/remoting-terminator - Shutting down remote daemon.
16:58:22.883 [worker-akka.actor.default-dispatcher-18] INFO  a.r.RemoteActorRefProvider$RemotingTerminator akka://worker@10.0.0.155:5412/system/remoting-terminator - Remote daemon shut down; proceeding with flushing remote transports.
16:58:23.072 [worker-akka.actor.default-dispatcher-15] INFO  a.r.RemoteActorRefProvider$RemotingTerminator akka://worker@10.0.0.155:5412/system/remoting-terminator - Remoting shut down.
Heap
 def new generation   total 153600K, used 60912K [0x00000000e0c00000, 0x00000000eb2a0000, 0x00000000eb2a0000)
  eden space 136576K,  32% used [0x00000000e0c00000, 0x00000000e36dc280, 0x00000000e9160000)
  from space 17024K, 100% used [0x00000000e9160000, 0x00000000ea200000, 0x00000000ea200000)
  to   space 17024K,   0% used [0x00000000ea200000, 0x00000000ea200000, 0x00000000eb2a0000)
 tenured generation   total 341376K, used 324976K [0x00000000eb2a0000, 0x0000000100000000, 0x0000000100000000)
   the space 341376K,  95% used [0x00000000eb2a0000, 0x00000000feffc0c0, 0x00000000feffc200, 0x0000000100000000)
 Metaspace       used 34039K, capacity 34928K, committed 35200K, reserved 1079296K
  class space    used 4482K, capacity 4697K, committed 4736K, reserved 1048576K
