14:34:38,175 |-INFO in ch.qos.logback.classic.LoggerContext[default] - Could NOT find resource [logback-test.xml]
14:34:38,175 |-INFO in ch.qos.logback.classic.LoggerContext[default] - Could NOT find resource [logback.groovy]
14:34:38,175 |-INFO in ch.qos.logback.classic.LoggerContext[default] - Found resource [logback.xml] at [jar:file:/opt/flamestream/lib/flamestream-runtime-1.0-SNAPSHOT.jar!/logback.xml]
14:34:38,176 |-WARN in ch.qos.logback.classic.LoggerContext[default] - Resource [logback.xml] occurs multiple times on the classpath.
14:34:38,176 |-WARN in ch.qos.logback.classic.LoggerContext[default] - Resource [logback.xml] occurs at [jar:file:/opt/flamestream/flamestream-runtime-1.0-SNAPSHOT.jar!/logback.xml]
14:34:38,176 |-WARN in ch.qos.logback.classic.LoggerContext[default] - Resource [logback.xml] occurs at [jar:file:/opt/flamestream/lib/flamestream-runtime-1.0-SNAPSHOT.jar!/logback.xml]
14:34:38,199 |-INFO in ch.qos.logback.core.joran.spi.ConfigurationWatchList@69b794e2 - URL [jar:file:/opt/flamestream/lib/flamestream-runtime-1.0-SNAPSHOT.jar!/logback.xml] is not of type file
14:34:38,280 |-INFO in ch.qos.logback.classic.joran.action.ConfigurationAction - debug attribute not set
14:34:38,281 |-INFO in ch.qos.logback.core.joran.action.AppenderAction - About to instantiate appender of type [ch.qos.logback.core.ConsoleAppender]
14:34:38,291 |-INFO in ch.qos.logback.core.joran.action.AppenderAction - Naming appender as [STDOUT]
14:34:38,299 |-INFO in ch.qos.logback.core.joran.action.NestedComplexPropertyIA - Assuming default type [ch.qos.logback.classic.encoder.PatternLayoutEncoder] for [encoder] property
14:34:38,338 |-INFO in ch.qos.logback.core.joran.action.AppenderAction - About to instantiate appender of type [ch.qos.logback.core.rolling.RollingFileAppender]
14:34:38,344 |-INFO in ch.qos.logback.core.joran.action.AppenderAction - Naming appender as [FILE]
14:34:38,364 |-INFO in c.q.l.core.rolling.TimeBasedRollingPolicy@1059063940 - No compression will be used
14:34:38,365 |-INFO in c.q.l.core.rolling.TimeBasedRollingPolicy@1059063940 - Will use the pattern /tmp/application_%d{yyyy-MM-dd}.%i.log for the active file
14:34:38,369 |-INFO in ch.qos.logback.core.rolling.SizeAndTimeBasedFNATP@4d339552 - The date pattern is 'yyyy-MM-dd' from file name pattern '/tmp/application_%d{yyyy-MM-dd}.%i.log'.
14:34:38,369 |-INFO in ch.qos.logback.core.rolling.SizeAndTimeBasedFNATP@4d339552 - Roll-over at midnight.
14:34:38,373 |-INFO in ch.qos.logback.core.rolling.SizeAndTimeBasedFNATP@4d339552 - Setting initial period to Mon Mar 26 13:53:05 UTC 2018
14:34:38,374 |-WARN in ch.qos.logback.core.rolling.SizeAndTimeBasedFNATP@4d339552 - SizeAndTimeBasedFNATP is deprecated. Use SizeAndTimeBasedRollingPolicy instead
14:34:38,374 |-WARN in ch.qos.logback.core.rolling.SizeAndTimeBasedFNATP@4d339552 - For more information see http://logback.qos.ch/manual/appenders.html#SizeAndTimeBasedRollingPolicy
14:34:38,379 |-INFO in ch.qos.logback.core.joran.action.NestedComplexPropertyIA - Assuming default type [ch.qos.logback.classic.encoder.PatternLayoutEncoder] for [encoder] property
14:34:38,383 |-INFO in ch.qos.logback.core.rolling.RollingFileAppender[FILE] - Active log file name: /tmp/application.log
14:34:38,383 |-INFO in ch.qos.logback.core.rolling.RollingFileAppender[FILE] - File property is set to [/tmp/application.log]
14:34:38,384 |-INFO in ch.qos.logback.classic.joran.action.RootLoggerAction - Setting level of ROOT logger to INFO
14:34:38,384 |-INFO in ch.qos.logback.core.joran.action.AppenderRefAction - Attaching appender named [STDOUT] to Logger[ROOT]
14:34:38,385 |-INFO in ch.qos.logback.core.joran.action.AppenderRefAction - Attaching appender named [FILE] to Logger[ROOT]
14:34:38,385 |-INFO in ch.qos.logback.classic.joran.action.ConfigurationAction - End of configuration.
14:34:38,385 |-INFO in ch.qos.logback.classic.joran.JoranConfigurator@f0f2775 - Registering current configuration as safe fallback point

14:34:38.389 [main] INFO  c.s.f.r.a.WorkerApplication  - Starting worker with id: '10.0.0.49', host: '10.0.0.49:5412', zkString: '10.0.0.132:2181'
14:34:39.289 [worker-akka.actor.default-dispatcher-2] INFO  a.e.s.Slf4jLogger  - Slf4jLogger started
2018-03-26T14:34:39.427+0000: 1.850: [Full GC (Metadata GC Threshold) 2018-03-26T14:34:39.427+0000: 1.850: [Tenured: 0K->15820K(341376K), 0.0397788 secs] 134102K->15820K(494976K), [Metaspace: 20888K->20888K(1067008K)], 0.0398453 secs] [Times: user=0.03 sys=0.01, real=0.04 secs] 
Ama winner
Ama winner
14:34:39.870 [worker-akka.actor.default-dispatcher-2] INFO  a.r.a.ArteryTransport(akka://worker) akka.remote.artery.ArteryTransport(akka://worker) - Started embedded media driver in directory [/dev/shm/aeron-root-worker-788b5e88-69d9-49d8-b0a4-ea37170beaa8]
14:34:40.097 [worker-akka.actor.default-dispatcher-2] INFO  a.r.a.ArteryTransport(akka://worker) akka.remote.artery.ArteryTransport(akka://worker) - Remoting started; listening on address: [akka://worker@10.0.0.49:5412] with UID [-1151037076868248272]
14:34:40.186 [worker-akka.actor.default-dispatcher-7] INFO  a.a.RepointableActorRef akka://worker/user/watcher - Starting...
14:34:40.210 [worker-akka.actor.default-dispatcher-2] INFO  o.a.z.ZooKeeper  - Client environment:zookeeper.version=3.4.9-1757313, built on 08/23/2016 06:50 GMT
14:34:40.210 [worker-akka.actor.default-dispatcher-2] INFO  o.a.z.ZooKeeper  - Client environment:host.name=localhost
14:34:40.210 [worker-akka.actor.default-dispatcher-2] INFO  o.a.z.ZooKeeper  - Client environment:java.version=1.8.0_151
14:34:40.211 [worker-akka.actor.default-dispatcher-2] INFO  o.a.z.ZooKeeper  - Client environment:java.vendor=Oracle Corporation
14:34:40.212 [worker-akka.actor.default-dispatcher-2] INFO  o.a.z.ZooKeeper  - Client environment:java.home=/usr/lib/jvm/java-8-openjdk-amd64/jre
14:34:40.212 [worker-akka.actor.default-dispatcher-2] INFO  o.a.z.ZooKeeper  - Client environment:java.class.path=lib/commons-cli-1.4.jar:lib/minlog-1.3.0.jar:lib/asm-5.0.4.jar:lib/hadoop-annotations-2.7.3.jar:lib/hadoop-auth-2.7.3.jar:lib/akka-slf4j_2.11-2.5.6.jar:lib/jersey-core-1.9.jar:lib/lz4-1.3.0.jar:lib/jackson-core-asl-1.9.13.jar:lib/aeron-client-1.3.0.jar:lib/htrace-core-3.1.0-incubating.jar:lib/xz-1.0.jar:lib/commons-httpclient-3.1.jar:lib/asm-3.1.jar:lib/commons-lang3-3.4.jar:lib/scala-library-2.11.11.jar:lib/scala-java8-compat_2.11-0.7.0.jar:lib/commons-configuration-1.6.jar:lib/objenesis-2.1.jar:lib/jackson-annotations-2.8.0.jar:lib/jsr305-3.0.0.jar:lib/curator-framework-2.7.1.jar:lib/jersey-server-1.9.jar:lib/jets3t-0.9.0.jar:lib/leveldb-0.7.jar:lib/jetty-6.1.26.jar:lib/stax-api-1.0-2.jar:lib/flamestream-core-1.0-SNAPSHOT.jar:lib/reflectasm-1.07-shaded.jar:lib/apacheds-kerberos-codec-2.0.0-M15.jar:lib/api-asn1-api-1.0.0-M20.jar:lib/commons-lang-2.6.jar:lib/commons-beanutils-1.7.0.jar:lib/jackson-xc-1.8.3.jar:lib/jetty-util-6.1.26.jar:lib/logback-classic-1.2.3.jar:lib/jool-0.9.12.jar:lib/httpcore-4.1.2.jar:lib/kryo-4.0.0.jar:lib/ant-1.8.1.jar:lib/jaxb-impl-2.2.3-1.jar:lib/jersey-json-1.9.jar:lib/commons-compress-1.4.1.jar:lib/leveldbjni-all-1.8.jar:lib/paranamer-2.3.jar:lib/jackson-core-2.8.4.jar:lib/commons-math3-3.6.1.jar:lib/scala-parser-combinators_2.11-1.0.4.jar:lib/netty-3.10.6.Final.jar:lib/trove4j-3.0.3.jar:lib/jaxb-api-2.2.2.jar:lib/logback-core-1.2.3.jar:lib/snappy-java-1.0.4.1.jar:lib/protobuf-java-2.5.0.jar:lib/reactive-streams-1.0.1.jar:lib/flamestream-examples-1.0-SNAPSHOT.jar:lib/commons-codec-1.4.jar:lib/activation-1.1.jar:lib/commons-net-3.1.jar:lib/curator-recipes-2.7.1.jar:lib/jackson-mapper-asl-1.9.13.jar:lib/jackson-databind-2.8.4.jar:lib/flamestream-runtime-1.0-SNAPSHOT.jar:lib/jackson-jaxrs-1.8.3.jar:lib/slf4j-api-1.7.24.jar:lib/akka-remote_2.11-2.5.6.jar:lib/akka-testkit_2.11-2.5.6.jar:lib/jline-0.9.94.jar:lib/jedis-2.9.0.jar:lib/akka-stream_2.11-2.5.6.jar:lib/jsp-api-2.1.jar:lib/kryonet-2.21.jar:lib/akka-kryo-serialization_2.11-0.5.0.jar:lib/config-1.3.1.jar:lib/ant-launcher-1.8.1.jar:lib/commons-logging-1.2.jar:lib/ssl-config-core_2.11-0.2.2.jar:lib/testng-6.10.jar:lib/leveldb-api-0.7.jar:lib/reflectasm-1.11.3.jar:lib/jcommander-1.48.jar:lib/commons-1.1.jar:lib/commons-digester-1.8.jar:lib/minlog-1.2.jar:lib/java-xmlbuilder-0.4.jar:lib/jettison-1.1.jar:lib/gson-2.2.4.jar:lib/jdk.tools-1.8.jar:lib/aeron-driver-1.3.0.jar:lib/zookeeper-3.4.9.jar:lib/commons-beanutils-core-1.8.0.jar:lib/commons-math3-3.1.1.jar:lib/akka-actor_2.11-2.5.6.jar:lib/curator-client-2.7.1.jar:lib/servlet-api-2.5.jar:lib/commons-pool2-2.4.2.jar:lib/apacheds-i18n-2.0.0-M15.jar:lib/commons-io-2.4.jar:lib/commons-codec-1.6.jar:lib/akka-protobuf_2.11-2.5.6.jar:lib/jdom-2.0.2.jar:lib/rocksdbjni-5.5.1.jar:lib/api-util-1.0.0-M20.jar:lib/hadoop-common-2.7.3.jar:lib/agrona-0.9.6.jar:lib/xmlenc-0.52.jar:lib/guava-21.0.jar:lib/commons-collections-3.2.2.jar:lib/avro-1.7.4.jar:lib/httpclient-4.1.2.jar:lib/flamestream-core-1.0-SNAPSHOT-tests.jar:lib/annotations-12.0.jar:lib/jsch-0.1.42.jar:flamestream-runtime-1.0-SNAPSHOT.jar
14:34:40.212 [worker-akka.actor.default-dispatcher-2] INFO  o.a.z.ZooKeeper  - Client environment:java.library.path=/usr/java/packages/lib/amd64:/usr/lib/x86_64-linux-gnu/jni:/lib/x86_64-linux-gnu:/usr/lib/x86_64-linux-gnu:/usr/lib/jni:/lib:/usr/lib
14:34:40.212 [worker-akka.actor.default-dispatcher-2] INFO  o.a.z.ZooKeeper  - Client environment:java.io.tmpdir=/tmp
14:34:40.213 [worker-akka.actor.default-dispatcher-2] INFO  o.a.z.ZooKeeper  - Client environment:java.compiler=<NA>
14:34:40.213 [worker-akka.actor.default-dispatcher-2] INFO  o.a.z.ZooKeeper  - Client environment:os.name=Linux
14:34:40.214 [worker-akka.actor.default-dispatcher-2] INFO  o.a.z.ZooKeeper  - Client environment:os.arch=amd64
14:34:40.216 [worker-akka.actor.default-dispatcher-2] INFO  o.a.z.ZooKeeper  - Client environment:os.version=4.4.0-1049-aws
14:34:40.216 [worker-akka.actor.default-dispatcher-2] INFO  o.a.z.ZooKeeper  - Client environment:user.name=root
14:34:40.216 [worker-akka.actor.default-dispatcher-2] INFO  o.a.z.ZooKeeper  - Client environment:user.home=/root
14:34:40.216 [worker-akka.actor.default-dispatcher-2] INFO  o.a.z.ZooKeeper  - Client environment:user.dir=/opt/flamestream
14:34:40.219 [worker-akka.actor.default-dispatcher-2] INFO  o.a.z.ZooKeeper  - Initiating client connection, connectString=10.0.0.132:2181 sessionTimeout=5000 watcher=com.spbsu.flamestream.runtime.application.LifecycleWatcher$$Lambda$30/923474961@75741635
14:34:40.256 [worker-akka.actor.default-dispatcher-2-SendThread(10.0.0.132:2181)] INFO  o.a.z.ClientCnxn  - Opening socket connection to server 10.0.0.132/10.0.0.132:2181. Will not attempt to authenticate using SASL (unknown error)
14:34:40.263 [worker-akka.actor.default-dispatcher-2-SendThread(10.0.0.132:2181)] INFO  o.a.z.ClientCnxn  - Socket connection established to 10.0.0.132/10.0.0.132:2181, initiating session
14:34:40.274 [worker-akka.actor.default-dispatcher-2-SendThread(10.0.0.132:2181)] INFO  o.a.z.ClientCnxn  - Session establishment complete on server 10.0.0.132/10.0.0.132:2181, sessionid = 0x16262bac5490007, negotiated timeout = 6000
14:34:40.282 [worker-akka.actor.default-dispatcher-7] INFO  a.a.RepointableActorRef akka://worker/user/watcher - Initializing rocksDB backend
14:34:40.451 [worker-akka.actor.default-dispatcher-7] INFO  a.a.RepointableActorRef akka://worker/user/watcher - Connected to ZK
14:34:49.266 [worker-akka.actor.default-dispatcher-7] INFO  a.a.RepointableActorRef akka://worker/user/watcher - Creating node with watchGraphs: 'com.spbsu.flamestream.core.Graph$Builder$MyGraph@1cf6b0b9', config: 'ClusterConfig{paths={10.0.0.51=akka://worker@10.0.0.51:5412/user/watcher/graph, 10.0.0.118=akka://worker@10.0.0.118:5412/user/watcher/graph, 10.0.0.49=akka://worker@10.0.0.49:5412/user/watcher/graph, 10.0.0.48=akka://worker@10.0.0.48:5412/user/watcher/graph, 10.0.0.14=akka://worker@10.0.0.14:5412/user/watcher/graph, 10.0.0.197=akka://worker@10.0.0.197:5412/user/watcher/graph, 10.0.0.13=akka://worker@10.0.0.13:5412/user/watcher/graph, 10.0.0.166=akka://worker@10.0.0.166:5412/user/watcher/graph, 10.0.0.64=akka://worker@10.0.0.64:5412/user/watcher/graph, 10.0.0.97=akka://worker@10.0.0.97:5412/user/watcher/graph}, ackerLocation='10.0.0.166', props=ComputationLayout{hashGroups={10.0.0.51=com.spbsu.flamestream.runtime.config.HashGroup@1ffe1b9d, 10.0.0.118=com.spbsu.flamestream.runtime.config.HashGroup@5d5c21bc, 10.0.0.49=com.spbsu.flamestream.runtime.config.HashGroup@56dcaf5d, 10.0.0.48=com.spbsu.flamestream.runtime.config.HashGroup@c65a7748, 10.0.0.14=com.spbsu.flamestream.runtime.config.HashGroup@231425fe, 10.0.0.197=com.spbsu.flamestream.runtime.config.HashGroup@fbc82752, 10.0.0.13=com.spbsu.flamestream.runtime.config.HashGroup@ccbcd570, 10.0.0.166=com.spbsu.flamestream.runtime.config.HashGroup@c01f, 10.0.0.64=com.spbsu.flamestream.runtime.config.HashGroup@4276a447, 10.0.0.97=com.spbsu.flamestream.runtime.config.HashGroup@3fc198ed}}}'
14:34:50.088 [worker-akka.actor.default-dispatcher-2] INFO  a.a.LocalActorRef akka://worker/user/watcher/graph/graph - Starting...
14:34:50.099 [worker-akka.actor.default-dispatcher-6] INFO  a.a.LocalActorRef akka://worker/user/watcher/graph/graph/local-acker/$a - Starting...
14:34:50.107 [worker-akka.actor.default-dispatcher-2] INFO  a.a.LocalActorRef akka://worker/user/watcher/graph/graph/local-acker - Starting...
14:34:51.187 [worker-akka.actor.default-dispatcher-4] INFO  a.a.LocalActorRef akka://worker/user/watcher/graph/graph - Finishing constructor
14:34:51.192 [worker-akka.actor.default-dispatcher-4] INFO  a.a.LocalActorRef akka://worker/user/watcher/graph/negotiator - Starting...
14:34:51.192 [worker-akka.actor.default-dispatcher-4] INFO  a.a.LocalActorRef akka://worker/user/watcher/graph/edge - Starting...
14:34:51.194 [worker-akka.actor.default-dispatcher-4] INFO  a.a.LocalActorRef akka://worker/user/watcher/graph - Starting...
14:34:51.223 [worker-akka.actor.default-dispatcher-4] INFO  a.a.LocalActorRef akka://worker/user/watcher/graph/negotiator - Requesting ticket for the frontClass FlameSocketGraphDeployerFront@10.0.0.49
14:34:51.250 [worker-akka.actor.default-dispatcher-11] INFO  a.a.LocalActorRef akka://worker/user/watcher/graph/graph - Received last commit 'LastCommit{globalTime=(0000000, min@min)}'
14:34:51.261 [worker-akka.actor.default-dispatcher-3] INFO  c.s.f.r.e.s.SocketRear  - FlameSocketGraphDeployerRear@10.0.0.49: connecting to 10.0.0.132:5678
14:34:51.264 [worker-akka.actor.default-dispatcher-11] INFO  a.a.LocalActorRef akka://worker/user/watcher/graph/edge/FlameSocketGraphDeployerFront - Starting...
14:34:51.271 [worker-akka.actor.default-dispatcher-3] INFO  c.s.f.r.e.s.SocketRear  - FlameSocketGraphDeployerRear@10.0.0.49: connected to 10.0.0.132:5678
14:34:51.272 [worker-akka.actor.default-dispatcher-3] INFO  a.a.LocalActorRef akka://worker/user/watcher/graph/edge/FlameSocketGraphDeployerRear - Starting...
14:34:51.333 [worker-akka.actor.default-dispatcher-3] INFO  a.a.LocalActorRef akka://worker/user/watcher/graph/graph/$a - Starting...
14:34:51.368 [worker-akka.actor.default-dispatcher-3] INFO  a.a.LocalActorRef akka://worker/user/watcher/graph/graph/$a - Attached rear to graph (-9223372036854775808, min@min)
14:34:51.371 [worker-akka.actor.default-dispatcher-3] INFO  a.a.LocalActorRef akka://worker/user/watcher/graph/graph/$b - Starting...
14:34:51.376 [worker-akka.actor.default-dispatcher-3] INFO  a.a.LocalActorRef akka://worker/user/watcher/graph/graph/$c - Starting...
14:34:51.890 [worker-akka.actor.default-dispatcher-3] INFO  a.a.LocalActorRef akka://worker/user/watcher/graph/negotiator - Ticket for the frontClass received: FrontTicket{allowedTimestamp=(0000000, FlameSocketGraphDeployerFront@10.0.0.49)}
14:34:51.892 [worker-akka.actor.default-dispatcher-3] INFO  c.s.f.r.e.s.SocketFront  - FlameSocketGraphDeployerFront@10.0.0.49: connecting to 10.0.0.132:4567
14:34:51.911 [Client] INFO  c.s.f.r.e.s.SocketFront  - FlameSocketGraphDeployerFront@10.0.0.49 has been disconnected from Connection 4
2018-03-26T14:34:56.362+0000: 18.785: [GC (Allocation Failure) 2018-03-26T14:34:56.362+0000: 18.785: [DefNew: 136576K->15954K(153600K), 0.0288026 secs] 152396K->51306K(494976K), 0.0288704 secs] [Times: user=0.02 sys=0.01, real=0.03 secs] 
2018-03-26T14:35:04.697+0000: 27.120: [GC (Allocation Failure) 2018-03-26T14:35:04.697+0000: 27.120: [DefNew: 152530K->5903K(153600K), 0.0188922 secs] 187882K->49400K(494976K), 0.0189595 secs] [Times: user=0.01 sys=0.00, real=0.02 secs] 
2018-03-26T14:35:16.634+0000: 39.057: [GC (Allocation Failure) 2018-03-26T14:35:16.634+0000: 39.057: [DefNew: 142479K->10222K(153600K), 0.0145653 secs] 185976K->53719K(494976K), 0.0146385 secs] [Times: user=0.01 sys=0.00, real=0.01 secs] 
2018-03-26T14:35:26.322+0000: 48.746: [GC (Allocation Failure) 2018-03-26T14:35:26.322+0000: 48.746: [DefNew: 146798K->10615K(153600K), 0.0181718 secs] 190295K->55947K(494976K), 0.0182481 secs] [Times: user=0.01 sys=0.00, real=0.01 secs] 
2018-03-26T14:35:35.398+0000: 57.821: [GC (Allocation Failure) 2018-03-26T14:35:35.398+0000: 57.821: [DefNew: 147191K->10538K(153600K), 0.0225997 secs] 192523K->59725K(494976K), 0.0226733 secs] [Times: user=0.02 sys=0.00, real=0.02 secs] 
2018-03-26T14:35:44.404+0000: 66.828: [GC (Allocation Failure) 2018-03-26T14:35:44.405+0000: 66.828: [DefNew: 147114K->15111K(153600K), 0.0189477 secs] 196301K->66094K(494976K), 0.0190203 secs] [Times: user=0.02 sys=0.00, real=0.02 secs] 
2018-03-26T14:35:51.733+0000: 74.156: [GC (Allocation Failure) 2018-03-26T14:35:51.733+0000: 74.156: [DefNew: 151687K->4796K(153600K), 0.0183350 secs] 202670K->67718K(494976K), 0.0184167 secs] [Times: user=0.02 sys=0.00, real=0.02 secs] 
2018-03-26T14:36:00.326+0000: 82.749: [GC (Allocation Failure) 2018-03-26T14:36:00.326+0000: 82.749: [DefNew: 141372K->6760K(153600K), 0.0132290 secs] 204294K->69682K(494976K), 0.0132942 secs] [Times: user=0.01 sys=0.00, real=0.01 secs] 
2018-03-26T14:36:09.322+0000: 91.745: [GC (Allocation Failure) 2018-03-26T14:36:09.322+0000: 91.745: [DefNew: 143336K->7681K(153600K), 0.0142580 secs] 206258K->70603K(494976K), 0.0143269 secs] [Times: user=0.01 sys=0.00, real=0.01 secs] 
2018-03-26T14:36:19.334+0000: 101.757: [GC (Allocation Failure) 2018-03-26T14:36:19.334+0000: 101.757: [DefNew: 144257K->10072K(153600K), 0.0170278 secs] 207179K->72994K(494976K), 0.0170927 secs] [Times: user=0.01 sys=0.00, real=0.02 secs] 
2018-03-26T14:36:28.327+0000: 110.750: [GC (Allocation Failure) 2018-03-26T14:36:28.327+0000: 110.750: [DefNew: 146648K->9432K(153600K), 0.0175984 secs] 209570K->73900K(494976K), 0.0176700 secs] [Times: user=0.02 sys=0.00, real=0.02 secs] 
2018-03-26T14:36:36.834+0000: 119.258: [GC (Allocation Failure) 2018-03-26T14:36:36.835+0000: 119.258: [DefNew: 146008K->8924K(153600K), 0.0172794 secs] 210476K->74532K(494976K), 0.0173464 secs] [Times: user=0.02 sys=0.00, real=0.02 secs] 
2018-03-26T14:36:43.418+0000: 125.842: [GC (Allocation Failure) 2018-03-26T14:36:43.419+0000: 125.842: [DefNew: 145500K->17023K(153600K), 0.0494163 secs] 211108K->93555K(494976K), 0.0494867 secs] [Times: user=0.06 sys=0.00, real=0.05 secs] 
2018-03-26T14:36:51.363+0000: 133.786: [GC (Allocation Failure) 2018-03-26T14:36:51.363+0000: 133.786: [DefNew: 152331K->6094K(153600K), 0.0193604 secs] 228863K->99495K(494976K), 0.0194455 secs] [Times: user=0.02 sys=0.00, real=0.02 secs] 
2018-03-26T14:36:59.411+0000: 141.834: [GC (Allocation Failure) 2018-03-26T14:36:59.411+0000: 141.834: [DefNew: 139311K->7900K(153600K), 0.0250472 secs] 232712K->101301K(494976K), 0.0251161 secs] [Times: user=0.02 sys=0.00, real=0.02 secs] 
2018-03-26T14:37:08.329+0000: 150.752: [GC (Allocation Failure) 2018-03-26T14:37:08.329+0000: 150.752: [DefNew: 144476K->8418K(153600K), 0.0142301 secs] 237877K->101819K(494976K), 0.0142993 secs] [Times: user=0.02 sys=0.00, real=0.02 secs] 
2018-03-26T14:37:16.334+0000: 158.757: [GC (Allocation Failure) 2018-03-26T14:37:16.334+0000: 158.757: [DefNew: 144994K->10432K(153600K), 0.0172046 secs] 238395K->103833K(494976K), 0.0172762 secs] [Times: user=0.01 sys=0.00, real=0.02 secs] 
2018-03-26T14:37:24.330+0000: 166.753: [GC (Allocation Failure) 2018-03-26T14:37:24.330+0000: 166.753: [DefNew: 147008K->8127K(153600K), 0.0169922 secs] 240409K->103619K(494976K), 0.0170588 secs] [Times: user=0.02 sys=0.00, real=0.02 secs] 
2018-03-26T14:37:32.201+0000: 174.624: [GC (Allocation Failure) 2018-03-26T14:37:32.201+0000: 174.624: [DefNew: 144703K->8751K(153600K), 0.0143568 secs] 240195K->104243K(494976K), 0.0144482 secs] [Times: user=0.01 sys=0.00, real=0.02 secs] 
2018-03-26T14:37:39.178+0000: 181.601: [GC (Allocation Failure) 2018-03-26T14:37:39.178+0000: 181.602: [DefNew: 145327K->9113K(153600K), 0.0358442 secs] 240819K->105522K(494976K), 0.0359105 secs] [Times: user=0.04 sys=0.00, real=0.04 secs] 
2018-03-26T14:37:46.210+0000: 188.633: [GC (Allocation Failure) 2018-03-26T14:37:46.210+0000: 188.634: [DefNew: 145689K->9079K(153600K), 0.0156915 secs] 242098K->106448K(494976K), 0.0157653 secs] [Times: user=0.02 sys=0.00, real=0.01 secs] 
2018-03-26T14:37:53.376+0000: 195.799: [GC (Allocation Failure) 2018-03-26T14:37:53.376+0000: 195.799: [DefNew: 139838K->10648K(153600K), 0.0189441 secs] 237207K->108983K(494976K), 0.0190191 secs] [Times: user=0.01 sys=0.00, real=0.02 secs] 
2018-03-26T14:38:00.447+0000: 202.871: [GC (Allocation Failure) 2018-03-26T14:38:00.448+0000: 202.871: [DefNew: 147224K->7892K(153600K), 0.0182198 secs] 245559K->108425K(494976K), 0.0182863 secs] [Times: user=0.01 sys=0.00, real=0.02 secs] 
2018-03-26T14:38:07.954+0000: 210.377: [GC (Allocation Failure) 2018-03-26T14:38:07.954+0000: 210.377: [DefNew: 144468K->8734K(153600K), 0.0137730 secs] 245001K->109267K(494976K), 0.0138435 secs] [Times: user=0.01 sys=0.00, real=0.01 secs] 
2018-03-26T14:38:14.375+0000: 216.798: [GC (Allocation Failure) 2018-03-26T14:38:14.375+0000: 216.798: [DefNew: 145310K->11592K(153600K), 0.0209325 secs] 245843K->113167K(494976K), 0.0210047 secs] [Times: user=0.03 sys=0.00, real=0.02 secs] 
2018-03-26T14:38:20.719+0000: 223.142: [GC (Allocation Failure) 2018-03-26T14:38:20.719+0000: 223.142: [DefNew: 148168K->6899K(153600K), 0.0160989 secs] 249743K->111496K(494976K), 0.0161706 secs] [Times: user=0.01 sys=0.01, real=0.02 secs] 
2018-03-26T14:38:27.860+0000: 230.283: [GC (Allocation Failure) 2018-03-26T14:38:27.860+0000: 230.283: [DefNew: 143475K->8277K(153600K), 0.0129593 secs] 248072K->112874K(494976K), 0.0130398 secs] [Times: user=0.01 sys=0.00, real=0.02 secs] 
2018-03-26T14:38:33.723+0000: 236.147: [GC (Allocation Failure) 2018-03-26T14:38:33.723+0000: 236.147: [DefNew: 144853K->9136K(153600K), 0.0140742 secs] 249450K->113733K(494976K), 0.0141550 secs] [Times: user=0.01 sys=0.00, real=0.01 secs] 
2018-03-26T14:38:40.450+0000: 242.873: [GC (Allocation Failure) 2018-03-26T14:38:40.450+0000: 242.873: [DefNew: 145712K->9474K(153600K), 0.0188617 secs] 250309K->115120K(494976K), 0.0189278 secs] [Times: user=0.02 sys=0.00, real=0.01 secs] 
2018-03-26T14:38:47.386+0000: 249.809: [GC (Allocation Failure) 2018-03-26T14:38:47.386+0000: 249.809: [DefNew: 139504K->11061K(153600K), 0.0194116 secs] 245150K->117748K(494976K), 0.0194971 secs] [Times: user=0.02 sys=0.00, real=0.02 secs] 
2018-03-26T14:38:54.342+0000: 256.766: [GC (Allocation Failure) 2018-03-26T14:38:54.342+0000: 256.766: [DefNew: 147637K->8315K(153600K), 0.0190582 secs] 254324K->118310K(494976K), 0.0191334 secs] [Times: user=0.02 sys=0.00, real=0.01 secs] 
2018-03-26T14:39:00.386+0000: 262.809: [GC (Allocation Failure) 2018-03-26T14:39:00.386+0000: 262.809: [DefNew: 141781K->9977K(153600K), 0.0162986 secs] 251776K->119972K(494976K), 0.0163735 secs] [Times: user=0.02 sys=0.00, real=0.02 secs] 
2018-03-26T14:39:06.324+0000: 268.747: [GC (Allocation Failure) 2018-03-26T14:39:06.324+0000: 268.748: [DefNew: 146553K->7774K(153600K), 0.0152084 secs] 256548K->119744K(494976K), 0.0152809 secs] [Times: user=0.01 sys=0.00, real=0.01 secs] 
2018-03-26T14:39:12.090+0000: 274.513: [GC (Allocation Failure) 2018-03-26T14:39:12.090+0000: 274.514: [DefNew: 144350K->8921K(153600K), 0.0189810 secs] 256320K->120891K(494976K), 0.0190509 secs] [Times: user=0.02 sys=0.00, real=0.01 secs] 
2018-03-26T14:39:17.562+0000: 279.985: [GC (Allocation Failure) 2018-03-26T14:39:17.562+0000: 279.985: [DefNew: 145497K->8395K(153600K), 0.0263214 secs] 257467K->121350K(494976K), 0.0263969 secs] [Times: user=0.03 sys=0.00, real=0.03 secs] 
2018-03-26T14:39:22.911+0000: 285.334: [GC (Allocation Failure) 2018-03-26T14:39:22.911+0000: 285.334: [DefNew: 144971K->10108K(153600K), 0.0147409 secs] 257926K->123063K(494976K), 0.0148190 secs] [Times: user=0.02 sys=0.00, real=0.01 secs] 
2018-03-26T14:39:28.394+0000: 290.817: [GC (Allocation Failure) 2018-03-26T14:39:28.394+0000: 290.817: [DefNew: 142735K->9039K(153600K), 0.0172691 secs] 255690K->123924K(494976K), 0.0173415 secs] [Times: user=0.02 sys=0.00, real=0.02 secs] 
2018-03-26T14:39:32.410+0000: 294.833: [GC (Allocation Failure) 2018-03-26T14:39:32.410+0000: 294.833: [DefNew: 145615K->16767K(153600K), 0.0404967 secs] 260500K->165510K(494976K), 0.0405663 secs] [Times: user=0.01 sys=0.02, real=0.04 secs] 
2018-03-26T14:39:37.632+0000: 300.055: [GC (Allocation Failure) 2018-03-26T14:39:37.632+0000: 300.055: [DefNew: 153343K->5423K(153600K), 0.0151399 secs] 302086K->158696K(494976K), 0.0152090 secs] [Times: user=0.01 sys=0.00, real=0.01 secs] 
2018-03-26T14:39:43.979+0000: 306.402: [GC (Allocation Failure) 2018-03-26T14:39:43.979+0000: 306.402: [DefNew: 141999K->7316K(153600K), 0.0111348 secs] 295272K->160589K(494976K), 0.0112077 secs] [Times: user=0.02 sys=0.00, real=0.02 secs] 
2018-03-26T14:39:49.328+0000: 311.751: [GC (Allocation Failure) 2018-03-26T14:39:49.328+0000: 311.751: [DefNew: 143892K->9096K(153600K), 0.0211776 secs] 297165K->162369K(494976K), 0.0212565 secs] [Times: user=0.02 sys=0.00, real=0.02 secs] 
2018-03-26T14:39:54.399+0000: 316.822: [GC (Allocation Failure) 2018-03-26T14:39:54.399+0000: 316.822: [DefNew: 144238K->8872K(153600K), 0.0147299 secs] 297512K->163232K(494976K), 0.0148026 secs] [Times: user=0.01 sys=0.00, real=0.02 secs] 
2018-03-26T14:39:59.364+0000: 321.787: [GC (Allocation Failure) 2018-03-26T14:39:59.364+0000: 321.787: [DefNew: 145448K->9248K(153600K), 0.0159307 secs] 299808K->164549K(494976K), 0.0160155 secs] [Times: user=0.01 sys=0.00, real=0.01 secs] 
2018-03-26T14:40:04.493+0000: 326.916: [GC (Allocation Failure) 2018-03-26T14:40:04.493+0000: 326.916: [DefNew: 145709K->8537K(153600K), 0.0267095 secs] 301010K->164940K(494976K), 0.0267801 secs] [Times: user=0.02 sys=0.01, real=0.02 secs] 
2018-03-26T14:40:09.993+0000: 332.416: [GC (Allocation Failure) 2018-03-26T14:40:09.993+0000: 332.416: [DefNew: 145113K->8610K(153600K), 0.0149294 secs] 301516K->166038K(494976K), 0.0150023 secs] [Times: user=0.02 sys=0.00, real=0.01 secs] 
2018-03-26T14:40:15.404+0000: 337.827: [GC (Allocation Failure) 2018-03-26T14:40:15.404+0000: 337.827: [DefNew: 142956K->8880K(153600K), 0.0146907 secs] 300384K->167190K(494976K), 0.0147654 secs] [Times: user=0.01 sys=0.00, real=0.01 secs] 
2018-03-26T14:40:21.402+0000: 343.825: [GC (Allocation Failure) 2018-03-26T14:40:21.402+0000: 343.825: [DefNew: 145456K->11224K(153600K), 0.0188600 secs] 303766K->170701K(494976K), 0.0189410 secs] [Times: user=0.01 sys=0.00, real=0.02 secs] 
2018-03-26T14:40:26.405+0000: 348.828: [GC (Allocation Failure) 2018-03-26T14:40:26.405+0000: 348.828: [DefNew: 145630K->7493K(153600K), 0.0148860 secs] 305107K->169558K(494976K), 0.0149598 secs] [Times: user=0.01 sys=0.00, real=0.01 secs] 
2018-03-26T14:40:31.689+0000: 354.112: [GC (Allocation Failure) 2018-03-26T14:40:31.689+0000: 354.112: [DefNew: 144069K->8731K(153600K), 0.0203181 secs] 306134K->170796K(494976K), 0.0203892 secs] [Times: user=0.02 sys=0.00, real=0.02 secs] 
2018-03-26T14:40:37.328+0000: 359.751: [GC (Allocation Failure) 2018-03-26T14:40:37.328+0000: 359.752: [DefNew: 145307K->10501K(153600K), 0.0157273 secs] 307372K->173457K(494976K), 0.0157980 secs] [Times: user=0.02 sys=0.00, real=0.02 secs] 
2018-03-26T14:40:42.429+0000: 364.852: [GC (Allocation Failure) 2018-03-26T14:40:42.429+0000: 364.852: [DefNew: 146123K->7187K(153600K), 0.0141229 secs] 309079K->172706K(494976K), 0.0142027 secs] [Times: user=0.02 sys=0.00, real=0.02 secs] 
2018-03-26T14:40:47.410+0000: 369.833: [GC (Allocation Failure) 2018-03-26T14:40:47.410+0000: 369.833: [DefNew: 142495K->8999K(153600K), 0.0127001 secs] 308014K->174518K(494976K), 0.0127853 secs] [Times: user=0.02 sys=0.00, real=0.01 secs] 
2018-03-26T14:40:52.403+0000: 374.826: [GC (Allocation Failure) 2018-03-26T14:40:52.403+0000: 374.826: [DefNew: 137917K->8929K(153600K), 0.0133820 secs] 303437K->175612K(494976K), 0.0134587 secs] [Times: user=0.01 sys=0.00, real=0.01 secs] 
2018-03-26T14:40:57.414+0000: 379.837: [GC (Allocation Failure) 2018-03-26T14:40:57.414+0000: 379.837: [DefNew: 140479K->8660K(153600K), 0.0134441 secs] 307162K->176446K(494976K), 0.0135175 secs] [Times: user=0.01 sys=0.00, real=0.01 secs] 
2018-03-26T14:41:02.056+0000: 384.479: [GC (Allocation Failure) 2018-03-26T14:41:02.056+0000: 384.479: [DefNew: 145236K->9111K(153600K), 0.0146211 secs] 313022K->178281K(494976K), 0.0147111 secs] [Times: user=0.02 sys=0.00, real=0.02 secs] 
2018-03-26T14:41:07.307+0000: 389.730: [GC (Allocation Failure) 2018-03-26T14:41:07.307+0000: 389.730: [DefNew: 145687K->9171K(153600K), 0.0323652 secs] 314857K->179275K(494976K), 0.0324413 secs] [Times: user=0.03 sys=0.00, real=0.03 secs] 
2018-03-26T14:41:12.348+0000: 394.771: [GC (Allocation Failure) 2018-03-26T14:41:12.348+0000: 394.771: [DefNew: 145747K->12046K(153600K), 0.0190188 secs] 315851K->183092K(494976K), 0.0190913 secs] [Times: user=0.02 sys=0.00, real=0.02 secs] 
2018-03-26T14:41:17.432+0000: 399.855: [GC (Allocation Failure) 2018-03-26T14:41:17.432+0000: 399.855: [DefNew: 147327K->7227K(153600K), 0.0139480 secs] 318373K->181129K(494976K), 0.0140163 secs] [Times: user=0.02 sys=0.00, real=0.01 secs] 
2018-03-26T14:41:22.409+0000: 404.832: [GC (Allocation Failure) 2018-03-26T14:41:22.409+0000: 404.832: [DefNew: 140694K->8898K(153600K), 0.0117395 secs] 314596K->182799K(494976K), 0.0118123 secs] [Times: user=0.01 sys=0.00, real=0.01 secs] 
2018-03-26T14:41:27.339+0000: 409.762: [GC (Allocation Failure) 2018-03-26T14:41:27.339+0000: 409.762: [DefNew: 145474K->10711K(153600K), 0.0164417 secs] 319375K->185854K(494976K), 0.0165157 secs] [Times: user=0.02 sys=0.00, real=0.02 secs] 
2018-03-26T14:41:32.149+0000: 414.572: [GC (Allocation Failure) 2018-03-26T14:41:32.149+0000: 414.572: [DefNew: 147287K->7922K(153600K), 0.0148363 secs] 322430K->185621K(494976K), 0.0149092 secs] [Times: user=0.01 sys=0.00, real=0.02 secs] 
2018-03-26T14:41:36.422+0000: 418.845: [GC (Allocation Failure) 2018-03-26T14:41:36.422+0000: 418.845: [DefNew: 138132K->9304K(153600K), 0.0125604 secs] 315832K->187004K(494976K), 0.0126305 secs] [Times: user=0.01 sys=0.00, real=0.01 secs] 
2018-03-26T14:41:41.339+0000: 423.762: [GC (Allocation Failure) 2018-03-26T14:41:41.339+0000: 423.762: [DefNew: 145880K->12349K(153600K), 0.0197905 secs] 323580K->191045K(494976K), 0.0198662 secs] [Times: user=0.02 sys=0.00, real=0.02 secs] 
2018-03-26T14:41:46.171+0000: 428.594: [GC (Allocation Failure) 2018-03-26T14:41:46.171+0000: 428.594: [DefNew: 148925K->7777K(153600K), 0.0142136 secs] 327621K->189367K(494976K), 0.0142877 secs] [Times: user=0.02 sys=0.00, real=0.01 secs] 
2018-03-26T14:41:50.416+0000: 432.839: [GC (Allocation Failure) 2018-03-26T14:41:50.416+0000: 432.839: [DefNew: 140008K->9664K(153600K), 0.0124546 secs] 321598K->191254K(494976K), 0.0125280 secs] [Times: user=0.01 sys=0.00, real=0.01 secs] 
2018-03-26T14:41:54.864+0000: 437.287: [GC (Allocation Failure) 2018-03-26T14:41:54.864+0000: 437.287: [DefNew: 146240K->9185K(153600K), 0.0249678 secs] 327830K->192032K(494976K), 0.0250284 secs] [Times: user=0.03 sys=0.00, real=0.02 secs] 
2018-03-26T14:41:59.388+0000: 441.811: [GC (Allocation Failure) 2018-03-26T14:41:59.388+0000: 441.811: [DefNew: 145761K->12258K(153600K), 0.0199846 secs] 328608K->196307K(494976K), 0.0200542 secs] [Times: user=0.02 sys=0.00, real=0.02 secs] 
2018-03-26T14:42:04.323+0000: 446.746: [GC (Allocation Failure) 2018-03-26T14:42:04.323+0000: 446.746: [DefNew: 148834K->7823K(153600K), 0.0141587 secs] 332883K->194572K(494976K), 0.0142332 secs] [Times: user=0.01 sys=0.00, real=0.01 secs] 
2018-03-26T14:42:09.335+0000: 451.758: [GC (Allocation Failure) 2018-03-26T14:42:09.335+0000: 451.758: [DefNew: 144399K->10861K(153600K), 0.0149952 secs] 331148K->197610K(494976K), 0.0150798 secs] [Times: user=0.01 sys=0.00, real=0.02 secs] 
2018-03-26T14:42:14.348+0000: 456.771: [GC (Allocation Failure) 2018-03-26T14:42:14.348+0000: 456.771: [DefNew: 147437K->10195K(153600K), 0.0205591 secs] 334186K->200317K(494976K), 0.0206346 secs] [Times: user=0.02 sys=0.00, real=0.02 secs] 
2018-03-26T14:42:18.534+0000: 460.957: [GC (Allocation Failure) 2018-03-26T14:42:18.534+0000: 460.957: [DefNew: 146771K->7110K(153600K), 0.0133601 secs] 336893K->198755K(494976K), 0.0134389 secs] [Times: user=0.01 sys=0.00, real=0.01 secs] 
2018-03-26T14:42:22.961+0000: 465.384: [GC (Allocation Failure) 2018-03-26T14:42:22.961+0000: 465.384: [DefNew: 143686K->9486K(153600K), 0.0130347 secs] 335331K->201130K(494976K), 0.0131080 secs] [Times: user=0.02 sys=0.00, real=0.02 secs] 
2018-03-26T14:42:27.423+0000: 469.847: [GC (Allocation Failure) 2018-03-26T14:42:27.423+0000: 469.847: [DefNew: 139756K->9445K(153600K), 0.0133262 secs] 331401K->202135K(494976K), 0.0134070 secs] [Times: user=0.01 sys=0.00, real=0.01 secs] 
2018-03-26T14:42:32.326+0000: 474.749: [GC (Allocation Failure) 2018-03-26T14:42:32.326+0000: 474.749: [DefNew: 146021K->10222K(153600K), 0.0146985 secs] 338711K->204006K(494976K), 0.0147833 secs] [Times: user=0.02 sys=0.00, real=0.01 secs] 
2018-03-26T14:42:37.363+0000: 479.787: [GC (Allocation Failure) 2018-03-26T14:42:37.364+0000: 479.787: [DefNew: 146798K->10999K(153600K), 0.0329143 secs] 340582K->206665K(494976K), 0.0329899 secs] [Times: user=0.04 sys=0.00, real=0.03 secs] 
2018-03-26T14:42:41.433+0000: 483.856: [GC (Allocation Failure) 2018-03-26T14:42:41.433+0000: 483.856: [DefNew: 146000K->6940K(153600K), 0.0147369 secs] 341666K->205644K(494976K), 0.0148089 secs] [Times: user=0.02 sys=0.00, real=0.01 secs] 
2018-03-26T14:42:45.437+0000: 487.860: [GC (Allocation Failure) 2018-03-26T14:42:45.437+0000: 487.860: [DefNew: 133740K->8767K(153600K), 0.0115567 secs] 332444K->207471K(494976K), 0.0116302 secs] [Times: user=0.01 sys=0.00, real=0.01 secs] 
2018-03-26T14:42:49.996+0000: 492.419: [GC (Allocation Failure) 2018-03-26T14:42:49.996+0000: 492.419: [DefNew: 145343K->9789K(153600K), 0.0142132 secs] 344047K->209315K(494976K), 0.0142933 secs] [Times: user=0.01 sys=0.00, real=0.01 secs] 
2018-03-26T14:42:54.428+0000: 496.851: [GC (Allocation Failure) 2018-03-26T14:42:54.428+0000: 496.851: [DefNew: 139218K->9168K(153600K), 0.0129376 secs] 338745K->209962K(494976K), 0.0130101 secs] [Times: user=0.01 sys=0.00, real=0.01 secs] 
2018-03-26T14:42:58.558+0000: 500.981: [GC (Allocation Failure) 2018-03-26T14:42:58.558+0000: 500.981: [DefNew: 143818K->9938K(153600K), 0.0321374 secs] 344611K->211971K(494976K), 0.0322244 secs] [Times: user=0.02 sys=0.01, real=0.04 secs] 
2018-03-26T14:43:02.439+0000: 504.862: [GC (Allocation Failure) 2018-03-26T14:43:02.439+0000: 504.862: [DefNew: 135593K->9822K(153600K), 0.0143614 secs] 337626K->213145K(494976K), 0.0144336 secs] [Times: user=0.02 sys=0.00, real=0.02 secs] 
2018-03-26T14:43:07.058+0000: 509.481: [GC (Allocation Failure) 2018-03-26T14:43:07.058+0000: 509.481: [DefNew: 146398K->10323K(153600K), 0.0139990 secs] 349721K->214739K(494976K), 0.0140877 secs] [Times: user=0.01 sys=0.00, real=0.02 secs] 
2018-03-26T14:43:11.424+0000: 513.848: [GC (Allocation Failure) 2018-03-26T14:43:11.425+0000: 513.848: [DefNew: 135047K->8846K(153600K), 0.0126750 secs] 339462K->215060K(494976K), 0.0127614 secs] [Times: user=0.02 sys=0.00, real=0.01 secs] 
2018-03-26T14:43:15.426+0000: 517.849: [GC (Allocation Failure) 2018-03-26T14:43:15.426+0000: 517.849: [DefNew: 141062K->9429K(153600K), 0.0148452 secs] 347276K->217390K(494976K), 0.0149242 secs] [Times: user=0.02 sys=0.00, real=0.01 secs] 
2018-03-26T14:43:19.451+0000: 521.875: [GC (Allocation Failure) 2018-03-26T14:43:19.451+0000: 521.875: [DefNew: 139819K->9341K(153600K), 0.0151748 secs] 347781K->218735K(494976K), 0.0152465 secs] [Times: user=0.01 sys=0.00, real=0.01 secs] 
2018-03-26T14:43:23.677+0000: 526.100: [GC (Allocation Failure) 2018-03-26T14:43:23.677+0000: 526.100: [DefNew: 145917K->10038K(153600K), 0.0251169 secs] 355311K->220120K(494976K), 0.0251863 secs] [Times: user=0.03 sys=0.00, real=0.03 secs] 
2018-03-26T14:43:28.369+0000: 530.793: [GC (Allocation Failure) 2018-03-26T14:43:28.370+0000: 530.793: [DefNew: 146614K->12872K(153600K), 0.0441586 secs] 356696K->224632K(494976K), 0.0442327 secs] [Times: user=0.04 sys=0.00, real=0.05 secs] 
14:43:29.783 [Client] INFO  c.s.f.r.e.s.SocketRear  - FlameSocketGraphDeployerRear@10.0.0.49: has been disconnected from Connection 4
14:43:41.188 [worker-akka.actor.default-dispatcher-16] INFO  a.a.CoordinatedShutdown CoordinatedShutdown(akka://worker) - Starting coordinated shutdown from JVM shutdown hook
14:43:41.209 [worker-akka.actor.default-dispatcher-11] INFO  a.a.LocalActorRef akka://worker/user/watcher/graph/negotiator - Stopped
14:43:41.210 [worker-akka.actor.default-dispatcher-11] INFO  a.a.LocalActorRef akka://worker/user/watcher/graph/edge/FlameSocketGraphDeployerFront - Stopped
14:43:41.210 [worker-akka.actor.default-dispatcher-11] INFO  a.a.LocalActorRef akka://worker/user/watcher/graph/edge/FlameSocketGraphDeployerRear - Stopped
14:43:41.210 [worker-akka.actor.default-dispatcher-11] INFO  a.a.LocalActorRef akka://worker/user/watcher/graph/edge - Stopped
14:43:41.210 [worker-akka.actor.default-dispatcher-11] INFO  a.a.LocalActorRef akka://worker/user/watcher/graph/graph/$a - Stopped
14:43:41.211 [worker-akka.actor.default-dispatcher-11] INFO  a.a.LocalActorRef akka://worker/user/watcher/graph/graph/$b - Stopped
14:43:41.212 [worker-akka.actor.default-dispatcher-11] INFO  a.a.LocalActorRef akka://worker/user/watcher/graph/graph/$c - Stopped
14:43:41.212 [worker-akka.actor.default-dispatcher-11] INFO  a.a.LocalActorRef akka://worker/user/watcher/graph/graph/local-acker/$a - Stopped
14:43:41.212 [worker-akka.actor.default-dispatcher-11] INFO  a.a.LocalActorRef akka://worker/user/watcher/graph/graph/local-acker/$a - Message [com.spbsu.flamestream.runtime.utils.akka.PingActor$InnerPing] from Actor[akka://worker/user/watcher/graph/graph/local-acker/$a#-1269475788] to Actor[akka://worker/user/watcher/graph/graph/local-acker/$a#-1269475788] was not delivered. [1] dead letters encountered. This logging can be turned off or adjusted with configuration settings 'akka.log-dead-letters' and 'akka.log-dead-letters-during-shutdown'.
14:43:41.213 [worker-akka.actor.default-dispatcher-11] INFO  a.a.LocalActorRef akka://worker/user/watcher/graph/graph/local-acker - Stopped
14:43:41.213 [worker-akka.actor.default-dispatcher-7] INFO  a.a.LocalActorRef akka://worker/user/watcher/graph/graph - Stopped
14:43:41.213 [worker-akka.actor.default-dispatcher-7] INFO  a.a.LocalActorRef akka://worker/user/watcher/graph/graph/local-acker/$a - Message [com.spbsu.flamestream.runtime.utils.akka.PingActor$Stop] from Actor[akka://worker/user/watcher/graph/graph/local-acker#-1016144625] to Actor[akka://worker/user/watcher/graph/graph/local-acker/$a#-1269475788] was not delivered. [2] dead letters encountered. This logging can be turned off or adjusted with configuration settings 'akka.log-dead-letters' and 'akka.log-dead-letters-during-shutdown'.
14:43:41.214 [worker-akka.actor.default-dispatcher-4] INFO  a.a.LocalActorRef akka://worker/user/watcher/graph - Stopped
14:43:41.215 [worker-akka.actor.default-dispatcher-7] INFO  a.a.RepointableActorRef akka://worker/user/watcher - Stopped
14:43:41.218 [worker-akka.actor.default-dispatcher-2-EventThread] INFO  o.a.z.ClientCnxn  - EventThread shut down for session: 0x16262bac5490007
14:43:41.219 [worker-akka.actor.default-dispatcher-4] INFO  o.a.z.ZooKeeper  - Session: 0x16262bac5490007 closed
14:43:41.226 [worker-akka.actor.default-dispatcher-19] INFO  a.r.RemoteActorRefProvider$RemotingTerminator akka://worker@10.0.0.49:5412/system/remoting-terminator - Shutting down remote daemon.
14:43:41.231 [worker-akka.actor.default-dispatcher-19] INFO  a.r.RemoteActorRefProvider$RemotingTerminator akka://worker@10.0.0.49:5412/system/remoting-terminator - Remote daemon shut down; proceeding with flushing remote transports.
14:43:41.391 [worker-akka.actor.default-dispatcher-15] INFO  a.r.RemoteActorRefProvider$RemotingTerminator akka://worker@10.0.0.49:5412/system/remoting-terminator - Remoting shut down.
Heap
 def new generation   total 153600K, used 103723K [0x00000000e0c00000, 0x00000000eb2a0000, 0x00000000eb2a0000)
  eden space 136576K,  66% used [0x00000000e0c00000, 0x00000000e64b8c78, 0x00000000e9160000)
  from space 17024K,  75% used [0x00000000ea200000, 0x00000000eae92138, 0x00000000eb2a0000)
  to   space 17024K,   0% used [0x00000000e9160000, 0x00000000e9160000, 0x00000000ea200000)
 tenured generation   total 341376K, used 211760K [0x00000000eb2a0000, 0x0000000100000000, 0x0000000100000000)
   the space 341376K,  62% used [0x00000000eb2a0000, 0x00000000f816c048, 0x00000000f816c200, 0x0000000100000000)
 Metaspace       used 34037K, capacity 34902K, committed 35200K, reserved 1079296K
  class space    used 4484K, capacity 4668K, committed 4736K, reserved 1048576K
