11:59:04.428 [worker-akka.actor.default-dispatcher-2] INFO  a.e.s.Slf4jLogger  - Slf4jLogger started
2018-02-21T11:59:04.610+0000: 3.201: [Full GC (Metadata GC Threshold) 2018-02-21T11:59:04.610+0000: 3.201: [Tenured: 0K->15416K(341376K), 0.0372987 secs] 117538K->15416K(494976K), [Metaspace: 20874K->20874K(1067008K)], 0.0373682 secs] [Times: user=0.03 sys=0.00, real=0.04 secs] 
Ama winner
Ama winner
11:59:05.077 [worker-akka.actor.default-dispatcher-2] INFO  a.r.a.ArteryTransport(akka://worker) akka.remote.artery.ArteryTransport(akka://worker) - Started embedded media driver in directory [/dev/shm/aeron-root-worker-39e82083-9043-4480-a459-191fcfb31921]
11:59:05.260 [worker-akka.actor.default-dispatcher-2] INFO  a.r.a.ArteryTransport(akka://worker) akka.remote.artery.ArteryTransport(akka://worker) - Remoting started; listening on address: [akka://worker@172.31.37.101:5412] with UID [9156048623364381180]
11:59:05.332 [worker-akka.actor.default-dispatcher-2] INFO  o.a.z.ZooKeeper  - Client environment:zookeeper.version=3.4.9-1757313, built on 08/23/2016 06:50 GMT
11:59:05.332 [worker-akka.actor.default-dispatcher-2] INFO  o.a.z.ZooKeeper  - Client environment:host.name=ip-172-31-37-101.us-east-2.compute.internal
11:59:05.332 [worker-akka.actor.default-dispatcher-2] INFO  o.a.z.ZooKeeper  - Client environment:java.version=1.8.0_151
11:59:05.332 [worker-akka.actor.default-dispatcher-2] INFO  o.a.z.ZooKeeper  - Client environment:java.vendor=Oracle Corporation
11:59:05.332 [worker-akka.actor.default-dispatcher-2] INFO  o.a.z.ZooKeeper  - Client environment:java.home=/usr/lib/jvm/java-8-openjdk-amd64/jre
11:59:05.332 [worker-akka.actor.default-dispatcher-2] INFO  o.a.z.ZooKeeper  - Client environment:java.class.path=lib/commons-cli-1.4.jar:lib/minlog-1.3.0.jar:lib/asm-5.0.4.jar:lib/hadoop-annotations-2.7.3.jar:lib/hadoop-auth-2.7.3.jar:lib/akka-slf4j_2.11-2.5.6.jar:lib/jersey-core-1.9.jar:lib/lz4-1.3.0.jar:lib/jackson-core-asl-1.9.13.jar:lib/aeron-client-1.3.0.jar:lib/htrace-core-3.1.0-incubating.jar:lib/xz-1.0.jar:lib/commons-httpclient-3.1.jar:lib/asm-3.1.jar:lib/commons-lang3-3.4.jar:lib/scala-library-2.11.11.jar:lib/scala-java8-compat_2.11-0.7.0.jar:lib/commons-configuration-1.6.jar:lib/objenesis-2.1.jar:lib/jackson-annotations-2.8.0.jar:lib/jsr305-3.0.0.jar:lib/curator-framework-2.7.1.jar:lib/jersey-server-1.9.jar:lib/jets3t-0.9.0.jar:lib/leveldb-0.7.jar:lib/jetty-6.1.26.jar:lib/stax-api-1.0-2.jar:lib/flamestream-core-1.0-SNAPSHOT.jar:lib/reflectasm-1.07-shaded.jar:lib/apacheds-kerberos-codec-2.0.0-M15.jar:lib/api-asn1-api-1.0.0-M20.jar:lib/commons-lang-2.6.jar:lib/commons-beanutils-1.7.0.jar:lib/jackson-xc-1.8.3.jar:lib/jetty-util-6.1.26.jar:lib/logback-classic-1.2.3.jar:lib/jool-0.9.12.jar:lib/flamestream-runtime-1.0-SNAPSHOT-tests.jar:lib/httpcore-4.1.2.jar:lib/kryo-4.0.0.jar:lib/ant-1.8.1.jar:lib/jaxb-impl-2.2.3-1.jar:lib/jersey-json-1.9.jar:lib/commons-compress-1.4.1.jar:lib/leveldbjni-all-1.8.jar:lib/paranamer-2.3.jar:lib/jackson-core-2.8.4.jar:lib/commons-math3-3.6.1.jar:lib/scala-parser-combinators_2.11-1.0.4.jar:lib/netty-3.10.6.Final.jar:lib/trove4j-3.0.3.jar:lib/jaxb-api-2.2.2.jar:lib/logback-core-1.2.3.jar:lib/snappy-java-1.0.4.1.jar:lib/protobuf-java-2.5.0.jar:lib/reactive-streams-1.0.1.jar:lib/flamestream-examples-1.0-SNAPSHOT.jar:lib/commons-codec-1.4.jar:lib/activation-1.1.jar:lib/commons-net-3.1.jar:lib/curator-recipes-2.7.1.jar:lib/jackson-mapper-asl-1.9.13.jar:lib/jackson-databind-2.8.4.jar:lib/flamestream-runtime-1.0-SNAPSHOT.jar:lib/jackson-jaxrs-1.8.3.jar:lib/slf4j-api-1.7.24.jar:lib/akka-remote_2.11-2.5.6.jar:lib/akka-testkit_2.11-2.5.6.jar:lib/jline-0.9.94.jar:lib/akka-stream_2.11-2.5.6.jar:lib/jsp-api-2.1.jar:lib/kryonet-2.21.jar:lib/akka-kryo-serialization_2.11-0.5.0.jar:lib/config-1.3.1.jar:lib/ant-launcher-1.8.1.jar:lib/commons-logging-1.2.jar:lib/ssl-config-core_2.11-0.2.2.jar:lib/testng-6.10.jar:lib/leveldb-api-0.7.jar:lib/reflectasm-1.11.3.jar:lib/jcommander-1.48.jar:lib/commons-1.1.jar:lib/commons-digester-1.8.jar:lib/minlog-1.2.jar:lib/java-xmlbuilder-0.4.jar:lib/jettison-1.1.jar:lib/gson-2.2.4.jar:lib/jdk.tools-1.8.jar:lib/aeron-driver-1.3.0.jar:lib/zookeeper-3.4.9.jar:lib/commons-beanutils-core-1.8.0.jar:lib/commons-math3-3.1.1.jar:lib/akka-actor_2.11-2.5.6.jar:lib/curator-client-2.7.1.jar:lib/servlet-api-2.5.jar:lib/apacheds-i18n-2.0.0-M15.jar:lib/commons-io-2.4.jar:lib/commons-codec-1.6.jar:lib/akka-protobuf_2.11-2.5.6.jar:lib/protobuf-java-3.5.1.jar:lib/jdom-2.0.2.jar:lib/api-util-1.0.0-M20.jar:lib/hadoop-common-2.7.3.jar:lib/agrona-0.9.6.jar:lib/xmlenc-0.52.jar:lib/guava-21.0.jar:lib/commons-collections-3.2.2.jar:lib/avro-1.7.4.jar:lib/httpclient-4.1.2.jar:lib/flamestream-core-1.0-SNAPSHOT-tests.jar:lib/annotations-12.0.jar:lib/jsch-0.1.42.jar:flamestream-runtime-1.0-SNAPSHOT.jar
11:59:05.332 [worker-akka.actor.default-dispatcher-2] INFO  o.a.z.ZooKeeper  - Client environment:java.library.path=/usr/java/packages/lib/amd64:/usr/lib/x86_64-linux-gnu/jni:/lib/x86_64-linux-gnu:/usr/lib/x86_64-linux-gnu:/usr/lib/jni:/lib:/usr/lib
11:59:05.333 [worker-akka.actor.default-dispatcher-2] INFO  o.a.z.ZooKeeper  - Client environment:java.io.tmpdir=/tmp
11:59:05.333 [worker-akka.actor.default-dispatcher-2] INFO  o.a.z.ZooKeeper  - Client environment:java.compiler=<NA>
11:59:05.333 [worker-akka.actor.default-dispatcher-2] INFO  o.a.z.ZooKeeper  - Client environment:os.name=Linux
11:59:05.333 [worker-akka.actor.default-dispatcher-2] INFO  o.a.z.ZooKeeper  - Client environment:os.arch=amd64
11:59:05.333 [worker-akka.actor.default-dispatcher-2] INFO  o.a.z.ZooKeeper  - Client environment:os.version=4.4.0-1049-aws
11:59:05.333 [worker-akka.actor.default-dispatcher-2] INFO  o.a.z.ZooKeeper  - Client environment:user.name=root
11:59:05.334 [worker-akka.actor.default-dispatcher-2] INFO  o.a.z.ZooKeeper  - Client environment:user.home=/root
11:59:05.334 [worker-akka.actor.default-dispatcher-2] INFO  o.a.z.ZooKeeper  - Client environment:user.dir=/opt/flamestream
11:59:05.336 [worker-akka.actor.default-dispatcher-2] INFO  o.a.z.ZooKeeper  - Initiating client connection, connectString=172.31.34.147:2181 sessionTimeout=5000 watcher=com.spbsu.flamestream.runtime.application.LifecycleWatcher$$Lambda$29/639291156@7d29acb9
11:59:05.359 [worker-akka.actor.default-dispatcher-2] INFO  a.a.RepointableActorRef akka://worker/user/watcher - Starting...
11:59:05.366 [worker-akka.actor.default-dispatcher-2-SendThread(172.31.34.147:2181)] INFO  o.a.z.ClientCnxn  - Opening socket connection to server 172.31.34.147/172.31.34.147:2181. Will not attempt to authenticate using SASL (unknown error)
11:59:05.370 [worker-akka.actor.default-dispatcher-2-SendThread(172.31.34.147:2181)] INFO  o.a.z.ClientCnxn  - Socket connection established to 172.31.34.147/172.31.34.147:2181, initiating session
11:59:05.378 [worker-akka.actor.default-dispatcher-2-SendThread(172.31.34.147:2181)] INFO  o.a.z.ClientCnxn  - Session establishment complete on server 172.31.34.147/172.31.34.147:2181, sessionid = 0x161b83a7f4f000a, negotiated timeout = 6000
11:59:05.479 [worker-akka.actor.default-dispatcher-2] INFO  a.a.RepointableActorRef akka://worker/user/watcher - Connected to ZK
11:59:11.781 [worker-akka.actor.default-dispatcher-2] INFO  a.a.RepointableActorRef akka://worker/user/watcher - Creating node with watchGraphs: 'com.spbsu.flamestream.core.Graph$Builder$MyGraph@6771c6db', config: 'ClusterConfig{paths={172.31.33.155=akka://worker@172.31.33.155:5412/user/watcher/graph0000000000, 172.31.47.83=akka://worker@172.31.47.83:5412/user/watcher/graph0000000000, 172.31.45.197=akka://worker@172.31.45.197:5412/user/watcher/graph0000000000, 172.31.44.83=akka://worker@172.31.44.83:5412/user/watcher/graph0000000000, 172.31.39.64=akka://worker@172.31.39.64:5412/user/watcher/graph0000000000, 172.31.35.79=akka://worker@172.31.35.79:5412/user/watcher/graph0000000000, 172.31.47.100=akka://worker@172.31.47.100:5412/user/watcher/graph0000000000, 172.31.37.101=akka://worker@172.31.37.101:5412/user/watcher/graph0000000000}, ackerLocation='172.31.35.79', props=ComputationLayout{ranges={172.31.33.155=HashRange{from=-1533916892, to=-920350136}, 172.31.47.83=HashRange{from=-306783380, to=306783376}, 172.31.45.197=HashRange{from=306783376, to=920350132}, 172.31.44.83=HashRange{from=1533916888, to=2147483644}, 172.31.39.64=HashRange{from=-2147483648, to=-1533916892}, 172.31.35.79=HashRange{from=0, to=0}, 172.31.47.100=HashRange{from=920350132, to=1533916888}, 172.31.37.101=HashRange{from=-920350136, to=-306783380}}}}'
11:59:12.501 [worker-akka.actor.default-dispatcher-2] INFO  a.a.LocalActorRef akka://worker/user/watcher/graph0000000000/graph - Starting...
11:59:12.503 [worker-akka.actor.default-dispatcher-2] INFO  a.a.LocalActorRef akka://worker/user/watcher/graph0000000000/graph/local-acker/$a - Starting...
11:59:12.504 [worker-akka.actor.default-dispatcher-2] INFO  a.a.LocalActorRef akka://worker/user/watcher/graph0000000000/graph/local-acker - Starting...
11:59:13.977 [worker-akka.actor.default-dispatcher-2] INFO  a.a.LocalActorRef akka://worker/user/watcher/graph0000000000 - Starting...
11:59:13.981 [worker-akka.actor.default-dispatcher-2] INFO  a.a.LocalActorRef akka://worker/user/watcher/graph0000000000/graph - Finishing constructor
11:59:13.982 [worker-akka.actor.default-dispatcher-2] INFO  a.a.LocalActorRef akka://worker/user/watcher/graph0000000000/negotiator - Starting...
11:59:13.982 [worker-akka.actor.default-dispatcher-2] INFO  a.a.LocalActorRef akka://worker/user/watcher/graph0000000000/edge - Starting...
11:59:14.064 [worker-akka.actor.default-dispatcher-2] INFO  c.s.f.r.e.s.SocketRear  - FlameSocketGraphDeployerRear@172.31.37.101: connecting to 172.31.34.147:5678
11:59:14.097 [worker-akka.actor.default-dispatcher-2] INFO  c.s.f.r.e.s.SocketRear  - FlameSocketGraphDeployerRear@172.31.37.101: connected to 172.31.34.147:5678
11:59:14.117 [worker-akka.actor.default-dispatcher-2] INFO  a.a.LocalActorRef akka://worker/user/watcher/graph0000000000/graph/$a - Starting...
11:59:14.118 [worker-akka.actor.default-dispatcher-2] INFO  a.a.LocalActorRef akka://worker/user/watcher/graph0000000000/graph/$b - Starting...
11:59:14.118 [worker-akka.actor.default-dispatcher-2] INFO  a.a.LocalActorRef akka://worker/user/watcher/graph0000000000/graph/$c - Starting...
11:59:14.127 [worker-akka.actor.default-dispatcher-2] INFO  a.a.LocalActorRef akka://worker/user/watcher/graph0000000000/edge/FlameSocketGraphDeployerRear - Starting...
11:59:14.128 [worker-akka.actor.default-dispatcher-2] INFO  a.a.LocalActorRef akka://worker/user/watcher/graph0000000000/edge/FlameSocketGraphDeployerFront - Starting...
11:59:14.128 [worker-akka.actor.default-dispatcher-2] INFO  a.a.LocalActorRef akka://worker/user/watcher/graph0000000000/negotiator - Requesting ticket for the frontClass FlameSocketGraphDeployerFront@172.31.37.101
11:59:14.130 [worker-akka.actor.default-dispatcher-2] INFO  a.a.LocalActorRef akka://worker/user/watcher/graph0000000000/negotiator - Ticket for the frontClass received: FrontTicket{allowedTimestamp=(1519214351761, FlameSocketGraphDeployerFront@172.31.37.101)}
11:59:14.131 [worker-akka.actor.default-dispatcher-2] INFO  c.s.f.r.e.s.SocketFront  - FlameSocketGraphDeployerFront@172.31.37.101: connecting to 172.31.34.147:4567
11:59:14.142 [Client] INFO  c.s.f.r.e.s.SocketFront  - FlameSocketGraphDeployerFront@172.31.37.101 has been disconnected from Connection 7
2018-02-21T11:59:17.327+0000: 15.918: [GC (Allocation Failure) 2018-02-21T11:59:17.327+0000: 15.918: [DefNew: 136576K->17023K(153600K), 0.0261627 secs] 151992K->52958K(494976K), 0.0262273 secs] [Times: user=0.01 sys=0.02, real=0.02 secs] 
2018-02-21T11:59:28.977+0000: 27.568: [GC (Allocation Failure) 2018-02-21T11:59:28.977+0000: 27.568: [DefNew: 153599K->3613K(153600K), 0.0178648 secs] 189534K->49598K(494976K), 0.0179347 secs] [Times: user=0.01 sys=0.01, real=0.02 secs] 
2018-02-21T11:59:45.391+0000: 43.982: [GC (Allocation Failure) 2018-02-21T11:59:45.391+0000: 43.982: [DefNew: 140189K->6060K(153600K), 0.0132241 secs] 186174K->52045K(494976K), 0.0132833 secs] [Times: user=0.02 sys=0.00, real=0.01 secs] 
2018-02-21T11:59:59.501+0000: 58.092: [GC (Allocation Failure) 2018-02-21T11:59:59.501+0000: 58.092: [DefNew: 142636K->7893K(153600K), 0.0152987 secs] 188621K->53878K(494976K), 0.0153574 secs] [Times: user=0.02 sys=0.00, real=0.01 secs] 
2018-02-21T12:00:16.841+0000: 75.432: [GC (Allocation Failure) 2018-02-21T12:00:16.841+0000: 75.432: [DefNew: 144469K->10620K(153600K), 0.0176738 secs] 190454K->56605K(494976K), 0.0177347 secs] [Times: user=0.01 sys=0.00, real=0.02 secs] 
2018-02-21T12:00:29.734+0000: 88.326: [GC (Allocation Failure) 2018-02-21T12:00:29.735+0000: 88.326: [DefNew: 147196K->8381K(153600K), 0.0202835 secs] 193181K->57501K(494976K), 0.0212823 secs] [Times: user=0.02 sys=0.00, real=0.02 secs] 
2018-02-21T12:00:46.479+0000: 105.070: [GC (Allocation Failure) 2018-02-21T12:00:46.479+0000: 105.070: [DefNew: 144957K->10412K(153600K), 0.0167993 secs] 194077K->59532K(494976K), 0.0168581 secs] [Times: user=0.02 sys=0.00, real=0.01 secs] 
2018-02-21T12:01:02.456+0000: 121.047: [GC (Allocation Failure) 2018-02-21T12:01:02.456+0000: 121.047: [DefNew: 146988K->8719K(153600K), 0.0194589 secs] 196108K->60908K(494976K), 0.0195350 secs] [Times: user=0.02 sys=0.00, real=0.02 secs] 
2018-02-21T12:01:19.983+0000: 138.574: [GC (Allocation Failure) 2018-02-21T12:01:19.983+0000: 138.574: [DefNew: 145295K->8630K(153600K), 0.0177202 secs] 197484K->62572K(494976K), 0.0177946 secs] [Times: user=0.02 sys=0.00, real=0.02 secs] 
2018-02-21T12:01:38.322+0000: 156.913: [GC (Allocation Failure) 2018-02-21T12:01:38.322+0000: 156.913: [DefNew: 145206K->8173K(153600K), 0.0176747 secs] 199148K->64208K(494976K), 0.0177403 secs] [Times: user=0.01 sys=0.00, real=0.02 secs] 
2018-02-21T12:01:53.720+0000: 172.311: [GC (Allocation Failure) 2018-02-21T12:01:53.720+0000: 172.311: [DefNew: 144749K->9936K(153600K), 0.0169038 secs] 200784K->65971K(494976K), 0.0169651 secs] [Times: user=0.01 sys=0.00, real=0.01 secs] 
2018-02-21T12:02:13.268+0000: 191.859: [GC (Allocation Failure) 2018-02-21T12:02:13.268+0000: 191.859: [DefNew: 146512K->8919K(153600K), 0.0194877 secs] 202547K->67482K(494976K), 0.0195616 secs] [Times: user=0.02 sys=0.00, real=0.02 secs] 
2018-02-21T12:02:32.441+0000: 211.032: [GC (Allocation Failure) 2018-02-21T12:02:32.441+0000: 211.032: [DefNew: 145495K->9110K(153600K), 0.0181655 secs] 204058K->69127K(494976K), 0.0182245 secs] [Times: user=0.01 sys=0.01, real=0.02 secs] 
2018-02-21T12:02:50.100+0000: 228.691: [GC (Allocation Failure) 2018-02-21T12:02:50.100+0000: 228.691: [DefNew: 145686K->9020K(153600K), 0.0182323 secs] 205703K->70652K(494976K), 0.0182944 secs] [Times: user=0.02 sys=0.00, real=0.02 secs] 
2018-02-21T12:03:07.559+0000: 246.150: [GC (Allocation Failure) 2018-02-21T12:03:07.559+0000: 246.150: [DefNew: 145596K->9325K(153600K), 0.0183171 secs] 207228K->72408K(494976K), 0.0183821 secs] [Times: user=0.02 sys=0.00, real=0.01 secs] 
2018-02-21T12:03:24.699+0000: 263.290: [GC (Allocation Failure) 2018-02-21T12:03:24.699+0000: 263.290: [DefNew: 145901K->9341K(153600K), 0.0174917 secs] 208984K->73977K(494976K), 0.0175530 secs] [Times: user=0.02 sys=0.00, real=0.01 secs] 
2018-02-21T12:03:44.017+0000: 282.608: [GC (Allocation Failure) 2018-02-21T12:03:44.017+0000: 282.608: [DefNew: 145917K->10201K(153600K), 0.0184711 secs] 210553K->76348K(494976K), 0.0185347 secs] [Times: user=0.02 sys=0.00, real=0.02 secs] 
2018-02-21T12:03:58.510+0000: 297.101: [GC (Allocation Failure) 2018-02-21T12:03:58.510+0000: 297.101: [DefNew: 146777K->10376K(153600K), 0.0182669 secs] 212924K->78064K(494976K), 0.0183250 secs] [Times: user=0.02 sys=0.00, real=0.02 secs] 
2018-02-21T12:04:16.386+0000: 314.977: [GC (Allocation Failure) 2018-02-21T12:04:16.386+0000: 314.977: [DefNew: 146952K->7912K(153600K), 0.0189323 secs] 214640K->79600K(494976K), 0.0189946 secs] [Times: user=0.02 sys=0.00, real=0.01 secs] 
2018-02-21T12:04:32.480+0000: 331.070: [GC (Allocation Failure) 2018-02-21T12:04:32.480+0000: 331.070: [DefNew: 144488K->9534K(153600K), 0.0159317 secs] 216176K->81221K(494976K), 0.0159925 secs] [Times: user=0.02 sys=0.00, real=0.01 secs] 
2018-02-21T12:04:53.125+0000: 351.716: [GC (Allocation Failure) 2018-02-21T12:04:53.125+0000: 351.716: [DefNew: 146110K->10139K(153600K), 0.0187402 secs] 217797K->83241K(494976K), 0.0188141 secs] [Times: user=0.02 sys=0.00, real=0.02 secs] 
2018-02-21T12:05:07.672+0000: 366.263: [GC (Allocation Failure) 2018-02-21T12:05:07.672+0000: 366.263: [DefNew: 146715K->9777K(153600K), 0.0170334 secs] 219817K->84319K(494976K), 0.0171231 secs] [Times: user=0.01 sys=0.00, real=0.02 secs] 
2018-02-21T12:05:22.279+0000: 380.870: [GC (Allocation Failure) 2018-02-21T12:05:22.279+0000: 380.870: [DefNew: 146353K->9994K(153600K), 0.0180835 secs] 220895K->85962K(494976K), 0.0181416 secs] [Times: user=0.01 sys=0.00, real=0.01 secs] 
2018-02-21T12:05:34.601+0000: 393.192: [GC (Allocation Failure) 2018-02-21T12:05:34.601+0000: 393.192: [DefNew: 146570K->10211K(153600K), 0.0197042 secs] 222538K->87798K(494976K), 0.0197762 secs] [Times: user=0.02 sys=0.00, real=0.02 secs] 
2018-02-21T12:05:49.134+0000: 407.725: [GC (Allocation Failure) 2018-02-21T12:05:49.134+0000: 407.725: [DefNew: 146787K->8640K(153600K), 0.0183006 secs] 224374K->89214K(494976K), 0.0183635 secs] [Times: user=0.02 sys=0.00, real=0.02 secs] 
2018-02-21T12:06:03.995+0000: 422.585: [GC (Allocation Failure) 2018-02-21T12:06:03.995+0000: 422.585: [DefNew: 145216K->8506K(153600K), 0.0169677 secs] 225790K->90771K(494976K), 0.0170288 secs] [Times: user=0.02 sys=0.00, real=0.02 secs] 
2018-02-21T12:06:19.646+0000: 438.237: [GC (Allocation Failure) 2018-02-21T12:06:19.646+0000: 438.237: [DefNew: 145082K->10645K(153600K), 0.0167721 secs] 227347K->92910K(494976K), 0.0168600 secs] [Times: user=0.02 sys=0.00, real=0.01 secs] 
2018-02-21T12:06:35.580+0000: 454.170: [GC (Allocation Failure) 2018-02-21T12:06:35.580+0000: 454.170: [DefNew: 147221K->9385K(153600K), 0.0190506 secs] 229486K->94566K(494976K), 0.0191222 secs] [Times: user=0.02 sys=0.00, real=0.02 secs] 
2018-02-21T12:06:52.254+0000: 470.845: [GC (Allocation Failure) 2018-02-21T12:06:52.254+0000: 470.845: [DefNew: 145961K->9218K(153600K), 0.0174498 secs] 231142K->96176K(494976K), 0.0175095 secs] [Times: user=0.01 sys=0.00, real=0.02 secs] 
2018-02-21T12:07:09.647+0000: 488.238: [GC (Allocation Failure) 2018-02-21T12:07:09.647+0000: 488.238: [DefNew: 145794K->9764K(153600K), 0.0189557 secs] 232752K->98444K(494976K), 0.0190174 secs] [Times: user=0.02 sys=0.00, real=0.02 secs] 
2018-02-21T12:07:24.337+0000: 502.928: [GC (Allocation Failure) 2018-02-21T12:07:24.337+0000: 502.928: [DefNew: 146340K->9958K(153600K), 0.0220984 secs] 235020K->100431K(494976K), 0.0221597 secs] [Times: user=0.02 sys=0.00, real=0.03 secs] 
2018-02-21T12:07:42.005+0000: 520.596: [GC (Allocation Failure) 2018-02-21T12:07:42.005+0000: 520.596: [DefNew: 146534K->9999K(153600K), 0.0186728 secs] 237007K->102244K(494976K), 0.0187380 secs] [Times: user=0.01 sys=0.01, real=0.02 secs] 
2018-02-21T12:07:56.637+0000: 535.228: [GC (Allocation Failure) 2018-02-21T12:07:56.637+0000: 535.228: [DefNew: 146575K->10899K(153600K), 0.0200162 secs] 238820K->105010K(494976K), 0.0200841 secs] [Times: user=0.02 sys=0.00, real=0.02 secs] 
2018-02-21T12:08:15.182+0000: 553.773: [GC (Allocation Failure) 2018-02-21T12:08:15.182+0000: 553.773: [DefNew: 147475K->10587K(153600K), 0.0196941 secs] 241586K->106468K(494976K), 0.0197804 secs] [Times: user=0.01 sys=0.01, real=0.02 secs] 
2018-02-21T12:08:31.806+0000: 570.397: [GC (Allocation Failure) 2018-02-21T12:08:31.806+0000: 570.397: [DefNew: 147163K->10402K(153600K), 0.0192009 secs] 243044K->108199K(494976K), 0.0192618 secs] [Times: user=0.02 sys=0.00, real=0.01 secs] 
2018-02-21T12:08:46.567+0000: 585.158: [GC (Allocation Failure) 2018-02-21T12:08:46.567+0000: 585.158: [DefNew: 146978K->10509K(153600K), 0.0181406 secs] 244775K->110221K(494976K), 0.0182013 secs] [Times: user=0.02 sys=0.00, real=0.01 secs] 
2018-02-21T12:09:01.979+0000: 600.569: [GC (Allocation Failure) 2018-02-21T12:09:01.979+0000: 600.569: [DefNew: 147085K->10385K(153600K), 0.0198274 secs] 246797K->111939K(494976K), 0.0198895 secs] [Times: user=0.02 sys=0.00, real=0.02 secs] 
2018-02-21T12:09:16.016+0000: 614.607: [GC (Allocation Failure) 2018-02-21T12:09:16.016+0000: 614.607: [DefNew: 146961K->10411K(153600K), 0.0191015 secs] 248515K->113761K(494976K), 0.0192054 secs] [Times: user=0.02 sys=0.00, real=0.02 secs] 
2018-02-21T12:09:34.753+0000: 633.344: [GC (Allocation Failure) 2018-02-21T12:09:34.753+0000: 633.344: [DefNew: 146987K->10698K(153600K), 0.0187453 secs] 250337K->115907K(494976K), 0.0188215 secs] [Times: user=0.01 sys=0.01, real=0.02 secs] 
2018-02-21T12:09:50.450+0000: 649.040: [GC (Allocation Failure) 2018-02-21T12:09:50.450+0000: 649.040: [DefNew: 147274K->10822K(153600K), 0.0190747 secs] 252483K->117746K(494976K), 0.0191480 secs] [Times: user=0.02 sys=0.00, real=0.02 secs] 
2018-02-21T12:10:07.819+0000: 666.410: [GC (Allocation Failure) 2018-02-21T12:10:07.819+0000: 666.410: [DefNew: 147398K->10997K(153600K), 0.0187282 secs] 254322K->119599K(494976K), 0.0187905 secs] [Times: user=0.02 sys=0.00, real=0.02 secs] 
2018-02-21T12:10:22.339+0000: 680.930: [GC (Allocation Failure) 2018-02-21T12:10:22.339+0000: 680.930: [DefNew: 147573K->10746K(153600K), 0.0190459 secs] 256175K->121294K(494976K), 0.0191070 secs] [Times: user=0.02 sys=0.00, real=0.02 secs] 
2018-02-21T12:10:36.879+0000: 695.470: [GC (Allocation Failure) 2018-02-21T12:10:36.879+0000: 695.470: [DefNew: 147322K->11387K(153600K), 0.0198373 secs] 257870K->123716K(494976K), 0.0199117 secs] [Times: user=0.01 sys=0.01, real=0.02 secs] 
2018-02-21T12:10:54.895+0000: 713.486: [GC (Allocation Failure) 2018-02-21T12:10:54.895+0000: 713.486: [DefNew: 147963K->9029K(153600K), 0.0215429 secs] 260292K->126365K(494976K), 0.0216022 secs] [Times: user=0.02 sys=0.00, real=0.02 secs] 
2018-02-21T12:11:09.251+0000: 727.842: [GC (Allocation Failure) 2018-02-21T12:11:09.251+0000: 727.842: [DefNew: 145605K->8755K(153600K), 0.0174322 secs] 262941K->129508K(494976K), 0.0174927 secs] [Times: user=0.01 sys=0.00, real=0.02 secs] 
12:11:15.034 [Client] INFO  c.s.f.r.e.s.SocketRear  - FlameSocketGraphDeployerRear@172.31.37.101: has been disconnected from Connection 7
12:11:28.045 [worker-akka.actor.default-dispatcher-2] INFO  a.a.CoordinatedShutdown CoordinatedShutdown(akka://worker) - Starting coordinated shutdown from JVM shutdown hook
12:11:28.063 [worker-akka.actor.default-dispatcher-2] INFO  a.a.LocalActorRef akka://worker/user/watcher/graph0000000000/negotiator - Stopped
12:11:28.063 [worker-akka.actor.default-dispatcher-2] INFO  a.a.LocalActorRef akka://worker/user/watcher/graph0000000000/edge/FlameSocketGraphDeployerFront - Stopped
12:11:28.065 [worker-akka.actor.default-dispatcher-2] INFO  a.a.LocalActorRef akka://worker/user/watcher/graph0000000000/edge/FlameSocketGraphDeployerRear - Stopped
12:11:28.069 [worker-akka.actor.default-dispatcher-2] INFO  a.a.LocalActorRef akka://worker/user/watcher/graph0000000000/graph/$a - Stopped
12:11:28.069 [worker-akka.actor.default-dispatcher-2] INFO  a.a.LocalActorRef akka://worker/user/watcher/graph0000000000/graph/$b - Stopped
12:11:28.070 [worker-akka.actor.default-dispatcher-2] INFO  a.a.LocalActorRef akka://worker/user/watcher/graph0000000000/graph/$c - Stopped
12:11:28.070 [worker-akka.actor.default-dispatcher-2] INFO  a.a.LocalActorRef akka://worker/user/watcher/graph0000000000/graph/local-acker/$a - Stopped
12:11:28.072 [worker-akka.actor.default-dispatcher-2] INFO  a.a.LocalActorRef akka://worker/user/watcher/graph0000000000/edge - Stopped
12:11:28.073 [worker-akka.actor.default-dispatcher-2] INFO  a.a.LocalActorRef akka://worker/user/watcher/graph0000000000/graph/local-acker/$a - Message [com.spbsu.flamestream.runtime.utils.akka.PingActor$InnerPing] from Actor[akka://worker/user/watcher/graph0000000000/graph/local-acker/$a#-572965779] to Actor[akka://worker/user/watcher/graph0000000000/graph/local-acker/$a#-572965779] was not delivered. [1] dead letters encountered. This logging can be turned off or adjusted with configuration settings 'akka.log-dead-letters' and 'akka.log-dead-letters-during-shutdown'.
12:11:28.073 [worker-akka.actor.default-dispatcher-2] INFO  a.a.LocalActorRef akka://worker/user/watcher/graph0000000000/graph/local-acker - Stopped
12:11:28.077 [worker-akka.actor.default-dispatcher-2] INFO  a.a.LocalActorRef akka://worker/user/watcher/graph0000000000/graph/local-acker/$a - Message [com.spbsu.flamestream.runtime.utils.akka.PingActor$Stop] from Actor[akka://worker/user/watcher/graph0000000000/graph/local-acker#-340971405] to Actor[akka://worker/user/watcher/graph0000000000/graph/local-acker/$a#-572965779] was not delivered. [2] dead letters encountered. This logging can be turned off or adjusted with configuration settings 'akka.log-dead-letters' and 'akka.log-dead-letters-during-shutdown'.
12:11:28.077 [worker-akka.actor.default-dispatcher-2] INFO  a.a.LocalActorRef akka://worker/user/watcher/graph0000000000/graph/local-acker - Message [com.spbsu.flamestream.runtime.acker.LocalAcker$Flush] from Actor[akka://worker/user/watcher/graph0000000000/graph/local-acker#-340971405] to Actor[akka://worker/user/watcher/graph0000000000/graph/local-acker#-340971405] was not delivered. [3] dead letters encountered. This logging can be turned off or adjusted with configuration settings 'akka.log-dead-letters' and 'akka.log-dead-letters-during-shutdown'.
12:11:28.077 [worker-akka.actor.default-dispatcher-2] INFO  a.a.LocalActorRef akka://worker/user/watcher/graph0000000000/graph/local-acker - Message [com.spbsu.flamestream.runtime.acker.LocalAcker$Flush] from Actor[akka://worker/user/watcher/graph0000000000/graph/local-acker#-340971405] to Actor[akka://worker/user/watcher/graph0000000000/graph/local-acker#-340971405] was not delivered. [4] dead letters encountered. This logging can be turned off or adjusted with configuration settings 'akka.log-dead-letters' and 'akka.log-dead-letters-during-shutdown'.
12:11:28.078 [worker-akka.actor.default-dispatcher-2] INFO  a.a.LocalActorRef akka://worker/user/watcher/graph0000000000/graph/local-acker - Message [com.spbsu.flamestream.runtime.acker.LocalAcker$Flush] from Actor[akka://worker/user/watcher/graph0000000000/graph/local-acker#-340971405] to Actor[akka://worker/user/watcher/graph0000000000/graph/local-acker#-340971405] was not delivered. [5] dead letters encountered. This logging can be turned off or adjusted with configuration settings 'akka.log-dead-letters' and 'akka.log-dead-letters-during-shutdown'.
12:11:28.078 [worker-akka.actor.default-dispatcher-2] INFO  a.a.LocalActorRef akka://worker/user/watcher/graph0000000000/graph/local-acker - Message [com.spbsu.flamestream.runtime.acker.LocalAcker$Flush] from Actor[akka://worker/user/watcher/graph0000000000/graph/local-acker#-340971405] to Actor[akka://worker/user/watcher/graph0000000000/graph/local-acker#-340971405] was not delivered. [6] dead letters encountered. This logging can be turned off or adjusted with configuration settings 'akka.log-dead-letters' and 'akka.log-dead-letters-during-shutdown'.
12:11:28.078 [worker-akka.actor.default-dispatcher-2] INFO  a.a.LocalActorRef akka://worker/user/watcher/graph0000000000/graph - Stopped
12:11:28.079 [worker-akka.actor.default-dispatcher-2] INFO  a.a.LocalActorRef akka://worker/user/watcher/graph0000000000 - Stopped
12:11:28.081 [worker-akka.actor.default-dispatcher-2-EventThread] INFO  o.a.z.ClientCnxn  - EventThread shut down for session: 0x161b83a7f4f000a
12:11:28.082 [worker-akka.actor.default-dispatcher-2] INFO  o.a.z.ZooKeeper  - Session: 0x161b83a7f4f000a closed
12:11:28.082 [worker-akka.actor.default-dispatcher-2] INFO  a.a.RepointableActorRef akka://worker/user/watcher - Stopped
12:11:28.099 [worker-akka.actor.default-dispatcher-2] INFO  a.r.RemoteActorRefProvider$RemotingTerminator akka://worker@172.31.37.101:5412/system/remoting-terminator - Shutting down remote daemon.
12:11:28.100 [worker-akka.actor.default-dispatcher-2] INFO  a.r.RemoteActorRefProvider$RemotingTerminator akka://worker@172.31.37.101:5412/system/remoting-terminator - Remote daemon shut down; proceeding with flushing remote transports.
12:11:29.211 [worker-akka.actor.default-dispatcher-2] INFO  a.r.RemoteActorRefProvider$RemotingTerminator akka://worker@172.31.37.101:5412/system/remoting-terminator - Remoting shut down.
Attempts of event 'sink-receive' - 652206
Attempts of event 'sink-send' - 645742
Heap
 def new generation   total 153600K, used 90040K [0x00000000e0c00000, 0x00000000eb2a0000, 0x00000000eb2a0000)
  eden space 136576K,  59% used [0x00000000e0c00000, 0x00000000e5b613b0, 0x00000000e9160000)
  from space 17024K,  51% used [0x00000000ea200000, 0x00000000eaa8cd78, 0x00000000eb2a0000)
  to   space 17024K,   0% used [0x00000000e9160000, 0x00000000e9160000, 0x00000000ea200000)
 tenured generation   total 341376K, used 120753K [0x00000000eb2a0000, 0x0000000100000000, 0x0000000100000000)
   the space 341376K,  35% used [0x00000000eb2a0000, 0x00000000f288c450, 0x00000000f288c600, 0x0000000100000000)
 Metaspace       used 33406K, capacity 34158K, committed 34432K, reserved 1079296K
  class space    used 4449K, capacity 4622K, committed 4736K, reserved 1048576K
