11:59:03.925 [worker-akka.actor.default-dispatcher-2] INFO  a.e.s.Slf4jLogger  - Slf4jLogger started
2018-02-21T11:59:04.100+0000: 2.707: [Full GC (Metadata GC Threshold) 2018-02-21T11:59:04.100+0000: 2.707: [Tenured: 0K->15492K(341376K), 0.0386862 secs] 117532K->15492K(494976K), [Metaspace: 20940K->20940K(1067008K)], 0.0387453 secs] [Times: user=0.03 sys=0.00, real=0.03 secs] 
Ama winner
Ama winner
11:59:04.563 [worker-akka.actor.default-dispatcher-2] INFO  a.r.a.ArteryTransport(akka://worker) akka.remote.artery.ArteryTransport(akka://worker) - Started embedded media driver in directory [/dev/shm/aeron-root-worker-4a661daf-b2d1-4d8a-96e6-8a1bbecc1568]
11:59:04.784 [worker-akka.actor.default-dispatcher-2] INFO  a.r.a.ArteryTransport(akka://worker) akka.remote.artery.ArteryTransport(akka://worker) - Remoting started; listening on address: [akka://worker@172.31.47.83:5412] with UID [9189674629496346924]
11:59:04.889 [worker-akka.actor.default-dispatcher-2] INFO  o.a.z.ZooKeeper  - Client environment:zookeeper.version=3.4.9-1757313, built on 08/23/2016 06:50 GMT
11:59:04.889 [worker-akka.actor.default-dispatcher-2] INFO  o.a.z.ZooKeeper  - Client environment:host.name=ip-172-31-47-83.us-east-2.compute.internal
11:59:04.889 [worker-akka.actor.default-dispatcher-2] INFO  o.a.z.ZooKeeper  - Client environment:java.version=1.8.0_151
11:59:04.889 [worker-akka.actor.default-dispatcher-2] INFO  o.a.z.ZooKeeper  - Client environment:java.vendor=Oracle Corporation
11:59:04.889 [worker-akka.actor.default-dispatcher-2] INFO  o.a.z.ZooKeeper  - Client environment:java.home=/usr/lib/jvm/java-8-openjdk-amd64/jre
11:59:04.890 [worker-akka.actor.default-dispatcher-2] INFO  o.a.z.ZooKeeper  - Client environment:java.class.path=lib/commons-cli-1.4.jar:lib/minlog-1.3.0.jar:lib/asm-5.0.4.jar:lib/hadoop-annotations-2.7.3.jar:lib/hadoop-auth-2.7.3.jar:lib/akka-slf4j_2.11-2.5.6.jar:lib/jersey-core-1.9.jar:lib/lz4-1.3.0.jar:lib/jackson-core-asl-1.9.13.jar:lib/aeron-client-1.3.0.jar:lib/htrace-core-3.1.0-incubating.jar:lib/xz-1.0.jar:lib/commons-httpclient-3.1.jar:lib/asm-3.1.jar:lib/commons-lang3-3.4.jar:lib/scala-library-2.11.11.jar:lib/scala-java8-compat_2.11-0.7.0.jar:lib/commons-configuration-1.6.jar:lib/objenesis-2.1.jar:lib/jackson-annotations-2.8.0.jar:lib/jsr305-3.0.0.jar:lib/curator-framework-2.7.1.jar:lib/jersey-server-1.9.jar:lib/jets3t-0.9.0.jar:lib/leveldb-0.7.jar:lib/jetty-6.1.26.jar:lib/stax-api-1.0-2.jar:lib/flamestream-core-1.0-SNAPSHOT.jar:lib/reflectasm-1.07-shaded.jar:lib/apacheds-kerberos-codec-2.0.0-M15.jar:lib/api-asn1-api-1.0.0-M20.jar:lib/commons-lang-2.6.jar:lib/commons-beanutils-1.7.0.jar:lib/jackson-xc-1.8.3.jar:lib/jetty-util-6.1.26.jar:lib/logback-classic-1.2.3.jar:lib/jool-0.9.12.jar:lib/flamestream-runtime-1.0-SNAPSHOT-tests.jar:lib/httpcore-4.1.2.jar:lib/kryo-4.0.0.jar:lib/ant-1.8.1.jar:lib/jaxb-impl-2.2.3-1.jar:lib/jersey-json-1.9.jar:lib/commons-compress-1.4.1.jar:lib/leveldbjni-all-1.8.jar:lib/paranamer-2.3.jar:lib/jackson-core-2.8.4.jar:lib/commons-math3-3.6.1.jar:lib/scala-parser-combinators_2.11-1.0.4.jar:lib/netty-3.10.6.Final.jar:lib/trove4j-3.0.3.jar:lib/jaxb-api-2.2.2.jar:lib/logback-core-1.2.3.jar:lib/snappy-java-1.0.4.1.jar:lib/protobuf-java-2.5.0.jar:lib/reactive-streams-1.0.1.jar:lib/flamestream-examples-1.0-SNAPSHOT.jar:lib/commons-codec-1.4.jar:lib/activation-1.1.jar:lib/commons-net-3.1.jar:lib/curator-recipes-2.7.1.jar:lib/jackson-mapper-asl-1.9.13.jar:lib/jackson-databind-2.8.4.jar:lib/flamestream-runtime-1.0-SNAPSHOT.jar:lib/jackson-jaxrs-1.8.3.jar:lib/slf4j-api-1.7.24.jar:lib/akka-remote_2.11-2.5.6.jar:lib/akka-testkit_2.11-2.5.6.jar:lib/jline-0.9.94.jar:lib/akka-stream_2.11-2.5.6.jar:lib/jsp-api-2.1.jar:lib/kryonet-2.21.jar:lib/akka-kryo-serialization_2.11-0.5.0.jar:lib/config-1.3.1.jar:lib/ant-launcher-1.8.1.jar:lib/commons-logging-1.2.jar:lib/ssl-config-core_2.11-0.2.2.jar:lib/testng-6.10.jar:lib/leveldb-api-0.7.jar:lib/reflectasm-1.11.3.jar:lib/jcommander-1.48.jar:lib/commons-1.1.jar:lib/commons-digester-1.8.jar:lib/minlog-1.2.jar:lib/java-xmlbuilder-0.4.jar:lib/jettison-1.1.jar:lib/gson-2.2.4.jar:lib/jdk.tools-1.8.jar:lib/aeron-driver-1.3.0.jar:lib/zookeeper-3.4.9.jar:lib/commons-beanutils-core-1.8.0.jar:lib/commons-math3-3.1.1.jar:lib/akka-actor_2.11-2.5.6.jar:lib/curator-client-2.7.1.jar:lib/servlet-api-2.5.jar:lib/apacheds-i18n-2.0.0-M15.jar:lib/commons-io-2.4.jar:lib/commons-codec-1.6.jar:lib/akka-protobuf_2.11-2.5.6.jar:lib/protobuf-java-3.5.1.jar:lib/jdom-2.0.2.jar:lib/api-util-1.0.0-M20.jar:lib/hadoop-common-2.7.3.jar:lib/agrona-0.9.6.jar:lib/xmlenc-0.52.jar:lib/guava-21.0.jar:lib/commons-collections-3.2.2.jar:lib/avro-1.7.4.jar:lib/httpclient-4.1.2.jar:lib/flamestream-core-1.0-SNAPSHOT-tests.jar:lib/annotations-12.0.jar:lib/jsch-0.1.42.jar:flamestream-runtime-1.0-SNAPSHOT.jar
11:59:04.890 [worker-akka.actor.default-dispatcher-2] INFO  o.a.z.ZooKeeper  - Client environment:java.library.path=/usr/java/packages/lib/amd64:/usr/lib/x86_64-linux-gnu/jni:/lib/x86_64-linux-gnu:/usr/lib/x86_64-linux-gnu:/usr/lib/jni:/lib:/usr/lib
11:59:04.890 [worker-akka.actor.default-dispatcher-2] INFO  o.a.z.ZooKeeper  - Client environment:java.io.tmpdir=/tmp
11:59:04.890 [worker-akka.actor.default-dispatcher-2] INFO  o.a.z.ZooKeeper  - Client environment:java.compiler=<NA>
11:59:04.890 [worker-akka.actor.default-dispatcher-2] INFO  o.a.z.ZooKeeper  - Client environment:os.name=Linux
11:59:04.890 [worker-akka.actor.default-dispatcher-2] INFO  o.a.z.ZooKeeper  - Client environment:os.arch=amd64
11:59:04.890 [worker-akka.actor.default-dispatcher-2] INFO  o.a.z.ZooKeeper  - Client environment:os.version=4.4.0-1049-aws
11:59:04.890 [worker-akka.actor.default-dispatcher-2] INFO  o.a.z.ZooKeeper  - Client environment:user.name=root
11:59:04.891 [worker-akka.actor.default-dispatcher-2] INFO  o.a.z.ZooKeeper  - Client environment:user.home=/root
11:59:04.892 [worker-akka.actor.default-dispatcher-2] INFO  o.a.z.ZooKeeper  - Client environment:user.dir=/opt/flamestream
11:59:04.895 [worker-akka.actor.default-dispatcher-2] INFO  o.a.z.ZooKeeper  - Initiating client connection, connectString=172.31.34.147:2181 sessionTimeout=5000 watcher=com.spbsu.flamestream.runtime.application.LifecycleWatcher$$Lambda$29/2091173542@1b48f905
11:59:04.932 [worker-akka.actor.default-dispatcher-2] INFO  a.a.RepointableActorRef akka://worker/user/watcher - Starting...
11:59:04.935 [worker-akka.actor.default-dispatcher-2-SendThread(172.31.34.147:2181)] INFO  o.a.z.ClientCnxn  - Opening socket connection to server 172.31.34.147/172.31.34.147:2181. Will not attempt to authenticate using SASL (unknown error)
11:59:04.938 [worker-akka.actor.default-dispatcher-2-SendThread(172.31.34.147:2181)] INFO  o.a.z.ClientCnxn  - Socket connection established to 172.31.34.147/172.31.34.147:2181, initiating session
11:59:04.945 [worker-akka.actor.default-dispatcher-2-SendThread(172.31.34.147:2181)] INFO  o.a.z.ClientCnxn  - Session establishment complete on server 172.31.34.147/172.31.34.147:2181, sessionid = 0x161b83a7f4f0009, negotiated timeout = 6000
11:59:05.049 [worker-akka.actor.default-dispatcher-2] INFO  a.a.RepointableActorRef akka://worker/user/watcher - Connected to ZK
11:59:11.765 [worker-akka.actor.default-dispatcher-2] INFO  a.a.RepointableActorRef akka://worker/user/watcher - Creating node with watchGraphs: 'com.spbsu.flamestream.core.Graph$Builder$MyGraph@62bcc0a1', config: 'ClusterConfig{paths={172.31.33.155=akka://worker@172.31.33.155:5412/user/watcher/graph0000000000, 172.31.47.83=akka://worker@172.31.47.83:5412/user/watcher/graph0000000000, 172.31.45.197=akka://worker@172.31.45.197:5412/user/watcher/graph0000000000, 172.31.44.83=akka://worker@172.31.44.83:5412/user/watcher/graph0000000000, 172.31.39.64=akka://worker@172.31.39.64:5412/user/watcher/graph0000000000, 172.31.35.79=akka://worker@172.31.35.79:5412/user/watcher/graph0000000000, 172.31.47.100=akka://worker@172.31.47.100:5412/user/watcher/graph0000000000, 172.31.37.101=akka://worker@172.31.37.101:5412/user/watcher/graph0000000000}, ackerLocation='172.31.35.79', props=ComputationLayout{ranges={172.31.33.155=HashRange{from=-1533916892, to=-920350136}, 172.31.47.83=HashRange{from=-306783380, to=306783376}, 172.31.45.197=HashRange{from=306783376, to=920350132}, 172.31.44.83=HashRange{from=1533916888, to=2147483644}, 172.31.39.64=HashRange{from=-2147483648, to=-1533916892}, 172.31.35.79=HashRange{from=0, to=0}, 172.31.47.100=HashRange{from=920350132, to=1533916888}, 172.31.37.101=HashRange{from=-920350136, to=-306783380}}}}'
11:59:12.485 [worker-akka.actor.default-dispatcher-2] INFO  a.a.LocalActorRef akka://worker/user/watcher/graph0000000000/graph - Starting...
11:59:12.491 [worker-akka.actor.default-dispatcher-2] INFO  a.a.LocalActorRef akka://worker/user/watcher/graph0000000000/graph/local-acker - Starting...
11:59:12.492 [worker-akka.actor.default-dispatcher-2] INFO  a.a.LocalActorRef akka://worker/user/watcher/graph0000000000/graph/local-acker/$a - Starting...
11:59:13.481 [worker-akka.actor.default-dispatcher-2] INFO  a.a.LocalActorRef akka://worker/user/watcher/graph0000000000/graph - Finishing constructor
11:59:13.484 [worker-akka.actor.default-dispatcher-2] INFO  a.a.LocalActorRef akka://worker/user/watcher/graph0000000000 - Starting...
11:59:13.555 [worker-akka.actor.default-dispatcher-2] INFO  a.a.LocalActorRef akka://worker/user/watcher/graph0000000000/negotiator - Starting...
11:59:13.556 [worker-akka.actor.default-dispatcher-2] INFO  a.a.LocalActorRef akka://worker/user/watcher/graph0000000000/edge - Starting...
11:59:13.557 [worker-akka.actor.default-dispatcher-2] INFO  a.a.LocalActorRef akka://worker/user/watcher/graph0000000000/graph/$a - Starting...
11:59:13.558 [worker-akka.actor.default-dispatcher-2] INFO  a.a.LocalActorRef akka://worker/user/watcher/graph0000000000/graph/$b - Starting...
11:59:13.558 [worker-akka.actor.default-dispatcher-2] INFO  a.a.LocalActorRef akka://worker/user/watcher/graph0000000000/graph/$c - Starting...
11:59:13.582 [worker-akka.actor.default-dispatcher-2] INFO  c.s.f.r.e.s.SocketRear  - FlameSocketGraphDeployerRear@172.31.47.83: connecting to 172.31.34.147:5678
11:59:13.599 [worker-akka.actor.default-dispatcher-2] INFO  c.s.f.r.e.s.SocketRear  - FlameSocketGraphDeployerRear@172.31.47.83: connected to 172.31.34.147:5678
11:59:13.626 [worker-akka.actor.default-dispatcher-2] INFO  a.a.LocalActorRef akka://worker/user/watcher/graph0000000000/edge/FlameSocketGraphDeployerRear - Starting...
11:59:13.628 [worker-akka.actor.default-dispatcher-2] INFO  a.a.LocalActorRef akka://worker/user/watcher/graph0000000000/edge/FlameSocketGraphDeployerFront - Starting...
11:59:13.636 [worker-akka.actor.default-dispatcher-2] INFO  a.a.LocalActorRef akka://worker/user/watcher/graph0000000000/negotiator - Requesting ticket for the frontClass FlameSocketGraphDeployerFront@172.31.47.83
11:59:13.638 [worker-akka.actor.default-dispatcher-2] INFO  a.a.LocalActorRef akka://worker/user/watcher/graph0000000000/negotiator - Ticket for the frontClass received: FrontTicket{allowedTimestamp=(1519214351761, FlameSocketGraphDeployerFront@172.31.47.83)}
11:59:13.639 [worker-akka.actor.default-dispatcher-2] INFO  c.s.f.r.e.s.SocketFront  - FlameSocketGraphDeployerFront@172.31.47.83: connecting to 172.31.34.147:4567
11:59:13.659 [Client] INFO  c.s.f.r.e.s.SocketFront  - FlameSocketGraphDeployerFront@172.31.47.83 has been disconnected from Connection 3
2018-02-21T11:59:17.630+0000: 16.238: [GC (Allocation Failure) 2018-02-21T11:59:17.630+0000: 16.238: [DefNew: 136576K->17023K(153600K), 0.0253789 secs] 152068K->52862K(494976K), 0.0254439 secs] [Times: user=0.02 sys=0.01, real=0.02 secs] 
2018-02-21T11:59:29.193+0000: 27.801: [GC (Allocation Failure) 2018-02-21T11:59:29.193+0000: 27.801: [DefNew: 153599K->4112K(153600K), 0.0185666 secs] 189438K->49898K(494976K), 0.0186240 secs] [Times: user=0.01 sys=0.00, real=0.02 secs] 
2018-02-21T11:59:45.360+0000: 43.967: [GC (Allocation Failure) 2018-02-21T11:59:45.360+0000: 43.967: [DefNew: 140688K->5810K(153600K), 0.0124979 secs] 186474K->51596K(494976K), 0.0125551 secs] [Times: user=0.01 sys=0.00, real=0.01 secs] 
2018-02-21T11:59:57.268+0000: 55.875: [GC (Allocation Failure) 2018-02-21T11:59:57.268+0000: 55.875: [DefNew: 142386K->7648K(153600K), 0.0143726 secs] 188172K->53434K(494976K), 0.0144565 secs] [Times: user=0.01 sys=0.00, real=0.01 secs] 
2018-02-21T12:00:11.512+0000: 70.120: [GC (Allocation Failure) 2018-02-21T12:00:11.512+0000: 70.120: [DefNew: 144224K->10226K(153600K), 0.0167363 secs] 190010K->56012K(494976K), 0.0168027 secs] [Times: user=0.02 sys=0.00, real=0.02 secs] 
2018-02-21T12:00:25.357+0000: 83.964: [GC (Allocation Failure) 2018-02-21T12:00:25.357+0000: 83.964: [DefNew: 146802K->9313K(153600K), 0.0194894 secs] 192588K->56633K(494976K), 0.0195555 secs] [Times: user=0.02 sys=0.00, real=0.02 secs] 
2018-02-21T12:00:35.473+0000: 94.080: [GC (Allocation Failure) 2018-02-21T12:00:35.473+0000: 94.080: [DefNew: 145889K->9754K(153600K), 0.0206097 secs] 193209K->58380K(494976K), 0.0206666 secs] [Times: user=0.02 sys=0.00, real=0.02 secs] 
2018-02-21T12:00:50.008+0000: 108.615: [GC (Allocation Failure) 2018-02-21T12:00:50.008+0000: 108.615: [DefNew: 146330K->9525K(153600K), 0.0170147 secs] 194956K->59470K(494976K), 0.0170713 secs] [Times: user=0.02 sys=0.00, real=0.01 secs] 
2018-02-21T12:01:06.830+0000: 125.437: [GC (Allocation Failure) 2018-02-21T12:01:06.830+0000: 125.437: [DefNew: 146101K->10096K(153600K), 0.0177253 secs] 196046K->61380K(494976K), 0.0177743 secs] [Times: user=0.02 sys=0.00, real=0.02 secs] 
2018-02-21T12:01:27.091+0000: 145.698: [GC (Allocation Failure) 2018-02-21T12:01:27.091+0000: 145.698: [DefNew: 146672K->8219K(153600K), 0.0181136 secs] 197956K->62781K(494976K), 0.0181741 secs] [Times: user=0.02 sys=0.00, real=0.02 secs] 
2018-02-21T12:01:40.946+0000: 159.554: [GC (Allocation Failure) 2018-02-21T12:01:40.946+0000: 159.554: [DefNew: 144795K->9816K(153600K), 0.0163257 secs] 199357K->64378K(494976K), 0.0164005 secs] [Times: user=0.01 sys=0.00, real=0.02 secs] 
2018-02-21T12:01:55.980+0000: 174.587: [GC (Allocation Failure) 2018-02-21T12:01:55.980+0000: 174.587: [DefNew: 146392K->9819K(153600K), 0.0178351 secs] 200954K->65583K(494976K), 0.0178972 secs] [Times: user=0.01 sys=0.00, real=0.01 secs] 
2018-02-21T12:02:12.059+0000: 190.667: [GC (Allocation Failure) 2018-02-21T12:02:12.059+0000: 190.667: [DefNew: 146395K->9718K(153600K), 0.0190597 secs] 202159K->66997K(494976K), 0.0191224 secs] [Times: user=0.02 sys=0.00, real=0.01 secs] 
2018-02-21T12:02:32.405+0000: 211.013: [GC (Allocation Failure) 2018-02-21T12:02:32.405+0000: 211.013: [DefNew: 146294K->9889K(153600K), 0.0181912 secs] 203573K->68453K(494976K), 0.0182561 secs] [Times: user=0.02 sys=0.00, real=0.02 secs] 
2018-02-21T12:02:48.467+0000: 227.074: [GC (Allocation Failure) 2018-02-21T12:02:48.467+0000: 227.074: [DefNew: 146465K->10027K(153600K), 0.0188513 secs] 205029K->69852K(494976K), 0.0189361 secs] [Times: user=0.02 sys=0.00, real=0.02 secs] 
2018-02-21T12:03:02.957+0000: 241.564: [GC (Allocation Failure) 2018-02-21T12:03:02.957+0000: 241.564: [DefNew: 146603K->8735K(153600K), 0.0184619 secs] 206428K->71203K(494976K), 0.0185282 secs] [Times: user=0.02 sys=0.00, real=0.02 secs] 
2018-02-21T12:03:19.656+0000: 258.263: [GC (Allocation Failure) 2018-02-21T12:03:19.656+0000: 258.263: [DefNew: 145311K->8882K(153600K), 0.0178919 secs] 207779K->72786K(494976K), 0.0179522 secs] [Times: user=0.02 sys=0.00, real=0.02 secs] 
2018-02-21T12:03:36.122+0000: 274.729: [GC (Allocation Failure) 2018-02-21T12:03:36.122+0000: 274.729: [DefNew: 145458K->8726K(153600K), 0.0169593 secs] 209362K->74006K(494976K), 0.0170344 secs] [Times: user=0.01 sys=0.00, real=0.01 secs] 
2018-02-21T12:03:52.335+0000: 290.943: [GC (Allocation Failure) 2018-02-21T12:03:52.335+0000: 290.943: [DefNew: 145302K->10000K(153600K), 0.0171810 secs] 210582K->76527K(494976K), 0.0172401 secs] [Times: user=0.02 sys=0.00, real=0.02 secs] 
2018-02-21T12:04:08.169+0000: 306.777: [GC (Allocation Failure) 2018-02-21T12:04:08.169+0000: 306.777: [DefNew: 146576K->10112K(153600K), 0.0183238 secs] 213103K->78117K(494976K), 0.0183859 secs] [Times: user=0.01 sys=0.00, real=0.02 secs] 
2018-02-21T12:04:24.303+0000: 322.910: [GC (Allocation Failure) 2018-02-21T12:04:24.303+0000: 322.910: [DefNew: 146688K->8321K(153600K), 0.0193503 secs] 214693K->80215K(494976K), 0.0194331 secs] [Times: user=0.01 sys=0.00, real=0.02 secs] 
2018-02-21T12:04:43.648+0000: 342.256: [GC (Allocation Failure) 2018-02-21T12:04:43.648+0000: 342.256: [DefNew: 144897K->9879K(153600K), 0.0161675 secs] 216791K->81773K(494976K), 0.0162499 secs] [Times: user=0.02 sys=0.00, real=0.01 secs] 
2018-02-21T12:05:02.216+0000: 360.823: [GC (Allocation Failure) 2018-02-21T12:05:02.216+0000: 360.823: [DefNew: 146455K->10190K(153600K), 0.0185986 secs] 218349K->83464K(494976K), 0.0186855 secs] [Times: user=0.02 sys=0.00, real=0.02 secs] 
2018-02-21T12:05:16.217+0000: 374.825: [GC (Allocation Failure) 2018-02-21T12:05:16.217+0000: 374.825: [DefNew: 146766K->10091K(153600K), 0.0178552 secs] 220040K->85123K(494976K), 0.0179157 secs] [Times: user=0.02 sys=0.00, real=0.02 secs] 
2018-02-21T12:05:29.800+0000: 388.407: [GC (Allocation Failure) 2018-02-21T12:05:29.800+0000: 388.407: [DefNew: 146667K->8189K(153600K), 0.0182525 secs] 221699K->86183K(494976K), 0.0183128 secs] [Times: user=0.01 sys=0.00, real=0.01 secs] 
2018-02-21T12:05:43.455+0000: 402.062: [GC (Allocation Failure) 2018-02-21T12:05:43.455+0000: 402.062: [DefNew: 144765K->10547K(153600K), 0.0163475 secs] 222759K->88541K(494976K), 0.0164084 secs] [Times: user=0.01 sys=0.00, real=0.02 secs] 
2018-02-21T12:05:59.114+0000: 417.722: [GC (Allocation Failure) 2018-02-21T12:05:59.114+0000: 417.722: [DefNew: 147123K->8698K(153600K), 0.0197355 secs] 225117K->89659K(494976K), 0.0197980 secs] [Times: user=0.01 sys=0.01, real=0.02 secs] 
2018-02-21T12:06:13.326+0000: 431.933: [GC (Allocation Failure) 2018-02-21T12:06:13.326+0000: 431.933: [DefNew: 145274K->9044K(153600K), 0.0185962 secs] 226235K->91726K(494976K), 0.0186558 secs] [Times: user=0.02 sys=0.00, real=0.02 secs] 
2018-02-21T12:06:28.019+0000: 446.627: [GC (Allocation Failure) 2018-02-21T12:06:28.019+0000: 446.627: [DefNew: 145620K->9554K(153600K), 0.0189983 secs] 228302K->93781K(494976K), 0.0190654 secs] [Times: user=0.02 sys=0.00, real=0.01 secs] 
2018-02-21T12:06:42.248+0000: 460.856: [GC (Allocation Failure) 2018-02-21T12:06:42.248+0000: 460.856: [DefNew: 146130K->9140K(153600K), 0.0188078 secs] 230357K->95195K(494976K), 0.0188706 secs] [Times: user=0.02 sys=0.00, real=0.01 secs] 
2018-02-21T12:06:57.525+0000: 476.132: [GC (Allocation Failure) 2018-02-21T12:06:57.525+0000: 476.132: [DefNew: 145716K->9189K(153600K), 0.0186632 secs] 231771K->96947K(494976K), 0.0187260 secs] [Times: user=0.02 sys=0.00, real=0.02 secs] 
2018-02-21T12:07:13.811+0000: 492.418: [GC (Allocation Failure) 2018-02-21T12:07:13.811+0000: 492.418: [DefNew: 145765K->9453K(153600K), 0.0168672 secs] 233523K->98809K(494976K), 0.0169397 secs] [Times: user=0.01 sys=0.00, real=0.02 secs] 
2018-02-21T12:07:26.947+0000: 505.554: [GC (Allocation Failure) 2018-02-21T12:07:26.947+0000: 505.554: [DefNew: 146029K->9480K(153600K), 0.0183454 secs] 235385K->100407K(494976K), 0.0184071 secs] [Times: user=0.02 sys=0.01, real=0.02 secs] 
2018-02-21T12:07:43.711+0000: 522.319: [GC (Allocation Failure) 2018-02-21T12:07:43.711+0000: 522.319: [DefNew: 146056K->9487K(153600K), 0.0173256 secs] 236983K->102266K(494976K), 0.0174079 secs] [Times: user=0.01 sys=0.01, real=0.02 secs] 
2018-02-21T12:07:59.192+0000: 537.799: [GC (Allocation Failure) 2018-02-21T12:07:59.192+0000: 537.799: [DefNew: 146063K->10696K(153600K), 0.0199896 secs] 238842K->105062K(494976K), 0.0200743 secs] [Times: user=0.02 sys=0.00, real=0.02 secs] 
2018-02-21T12:08:14.262+0000: 552.870: [GC (Allocation Failure) 2018-02-21T12:08:14.262+0000: 552.870: [DefNew: 147272K->10047K(153600K), 0.0181517 secs] 241638K->105985K(494976K), 0.0182106 secs] [Times: user=0.01 sys=0.00, real=0.02 secs] 
2018-02-21T12:08:29.527+0000: 568.134: [GC (Allocation Failure) 2018-02-21T12:08:29.527+0000: 568.134: [DefNew: 146623K->10299K(153600K), 0.0193843 secs] 242561K->108317K(494976K), 0.0194534 secs] [Times: user=0.02 sys=0.00, real=0.02 secs] 
2018-02-21T12:08:42.991+0000: 581.598: [GC (Allocation Failure) 2018-02-21T12:08:42.991+0000: 581.598: [DefNew: 146875K->10422K(153600K), 0.0177538 secs] 244893K->110066K(494976K), 0.0178177 secs] [Times: user=0.01 sys=0.00, real=0.02 secs] 
2018-02-21T12:08:57.630+0000: 596.237: [GC (Allocation Failure) 2018-02-21T12:08:57.630+0000: 596.237: [DefNew: 146998K->10432K(153600K), 0.0193047 secs] 246642K->111864K(494976K), 0.0193659 secs] [Times: user=0.02 sys=0.00, real=0.02 secs] 
2018-02-21T12:09:10.601+0000: 609.209: [GC (Allocation Failure) 2018-02-21T12:09:10.601+0000: 609.209: [DefNew: 147008K->10433K(153600K), 0.0187252 secs] 248440K->113523K(494976K), 0.0187977 secs] [Times: user=0.02 sys=0.00, real=0.02 secs] 
2018-02-21T12:09:27.563+0000: 626.170: [GC (Allocation Failure) 2018-02-21T12:09:27.563+0000: 626.170: [DefNew: 147009K->10458K(153600K), 0.0209668 secs] 250099K->115454K(494976K), 0.0210357 secs] [Times: user=0.02 sys=0.00, real=0.02 secs] 
2018-02-21T12:09:41.242+0000: 639.850: [GC (Allocation Failure) 2018-02-21T12:09:41.242+0000: 639.850: [DefNew: 147034K->10666K(153600K), 0.0181661 secs] 252030K->117342K(494976K), 0.0182389 secs] [Times: user=0.02 sys=0.00, real=0.02 secs] 
2018-02-21T12:09:55.683+0000: 654.290: [GC (Allocation Failure) 2018-02-21T12:09:55.683+0000: 654.290: [DefNew: 147242K->10739K(153600K), 0.0186006 secs] 253918K->119188K(494976K), 0.0186735 secs] [Times: user=0.02 sys=0.00, real=0.02 secs] 
2018-02-21T12:10:10.436+0000: 669.043: [GC (Allocation Failure) 2018-02-21T12:10:10.436+0000: 669.043: [DefNew: 147315K->10702K(153600K), 0.0214861 secs] 255764K->121143K(494976K), 0.0215621 secs] [Times: user=0.02 sys=0.00, real=0.02 secs] 
2018-02-21T12:10:25.479+0000: 684.086: [GC (Allocation Failure) 2018-02-21T12:10:25.479+0000: 684.086: [DefNew: 147278K->10914K(153600K), 0.0196074 secs] 257719K->122937K(494976K), 0.0196680 secs] [Times: user=0.02 sys=0.00, real=0.02 secs] 
2018-02-21T12:10:38.178+0000: 696.785: [GC (Allocation Failure) 2018-02-21T12:10:38.178+0000: 696.785: [DefNew: 147490K->11504K(153600K), 0.0195622 secs] 259513K->125238K(494976K), 0.0196250 secs] [Times: user=0.02 sys=0.00, real=0.02 secs] 
2018-02-21T12:10:54.615+0000: 713.222: [GC (Allocation Failure) 2018-02-21T12:10:54.615+0000: 713.223: [DefNew: 148080K->8144K(153600K), 0.0257691 secs] 261814K->127077K(494976K), 0.0258316 secs] [Times: user=0.01 sys=0.02, real=0.03 secs] 
2018-02-21T12:11:07.689+0000: 726.296: [GC (Allocation Failure) 2018-02-21T12:11:07.689+0000: 726.296: [DefNew: 144720K->11598K(153600K), 0.0164820 secs] 263653K->130532K(494976K), 0.0165424 secs] [Times: user=0.01 sys=0.00, real=0.01 secs] 
12:11:15.030 [Client] INFO  c.s.f.r.e.s.SocketRear  - FlameSocketGraphDeployerRear@172.31.47.83: has been disconnected from Connection 3
12:11:28.040 [worker-akka.actor.default-dispatcher-2] INFO  a.a.CoordinatedShutdown CoordinatedShutdown(akka://worker) - Starting coordinated shutdown from JVM shutdown hook
12:11:28.061 [worker-akka.actor.default-dispatcher-2] INFO  a.a.LocalActorRef akka://worker/user/watcher/graph0000000000/negotiator - Stopped
12:11:28.061 [worker-akka.actor.default-dispatcher-2] INFO  a.a.LocalActorRef akka://worker/user/watcher/graph0000000000/edge/FlameSocketGraphDeployerFront - Stopped
12:11:28.063 [worker-akka.actor.default-dispatcher-2] INFO  a.a.LocalActorRef akka://worker/user/watcher/graph0000000000/edge/FlameSocketGraphDeployerRear - Stopped
12:11:28.064 [worker-akka.actor.default-dispatcher-2] INFO  a.a.LocalActorRef akka://worker/user/watcher/graph0000000000/graph/$a - Stopped
12:11:28.065 [worker-akka.actor.default-dispatcher-2] INFO  a.a.LocalActorRef akka://worker/user/watcher/graph0000000000/graph/$b - Stopped
12:11:28.065 [worker-akka.actor.default-dispatcher-2] INFO  a.a.LocalActorRef akka://worker/user/watcher/graph0000000000/graph/$c - Stopped
12:11:28.066 [worker-akka.actor.default-dispatcher-2] INFO  a.a.LocalActorRef akka://worker/user/watcher/graph0000000000/graph/local-acker/$a - Stopped
12:11:28.069 [worker-akka.actor.default-dispatcher-2] INFO  a.a.LocalActorRef akka://worker/user/watcher/graph0000000000/edge - Stopped
12:11:28.070 [worker-akka.actor.default-dispatcher-2] INFO  a.a.LocalActorRef akka://worker/user/watcher/graph0000000000/graph/local-acker/$a - Message [com.spbsu.flamestream.runtime.utils.akka.PingActor$InnerPing] from Actor[akka://worker/user/watcher/graph0000000000/graph/local-acker/$a#-863190785] to Actor[akka://worker/user/watcher/graph0000000000/graph/local-acker/$a#-863190785] was not delivered. [1] dead letters encountered. This logging can be turned off or adjusted with configuration settings 'akka.log-dead-letters' and 'akka.log-dead-letters-during-shutdown'.
12:11:28.070 [worker-akka.actor.default-dispatcher-2] INFO  a.a.LocalActorRef akka://worker/user/watcher/graph0000000000/graph/local-acker - Stopped
12:11:28.073 [worker-akka.actor.default-dispatcher-2] INFO  a.a.LocalActorRef akka://worker/user/watcher/graph0000000000/graph/local-acker/$a - Message [com.spbsu.flamestream.runtime.utils.akka.PingActor$Stop] from Actor[akka://worker/user/watcher/graph0000000000/graph/local-acker#-176256389] to Actor[akka://worker/user/watcher/graph0000000000/graph/local-acker/$a#-863190785] was not delivered. [2] dead letters encountered. This logging can be turned off or adjusted with configuration settings 'akka.log-dead-letters' and 'akka.log-dead-letters-during-shutdown'.
12:11:28.073 [worker-akka.actor.default-dispatcher-2] INFO  a.a.LocalActorRef akka://worker/user/watcher/graph0000000000/graph/local-acker - Message [com.spbsu.flamestream.runtime.acker.LocalAcker$Flush] from Actor[akka://worker/user/watcher/graph0000000000/graph/local-acker#-176256389] to Actor[akka://worker/user/watcher/graph0000000000/graph/local-acker#-176256389] was not delivered. [3] dead letters encountered. This logging can be turned off or adjusted with configuration settings 'akka.log-dead-letters' and 'akka.log-dead-letters-during-shutdown'.
12:11:28.074 [worker-akka.actor.default-dispatcher-2] INFO  a.a.LocalActorRef akka://worker/user/watcher/graph0000000000/graph/local-acker - Message [com.spbsu.flamestream.runtime.acker.LocalAcker$Flush] from Actor[akka://worker/user/watcher/graph0000000000/graph/local-acker#-176256389] to Actor[akka://worker/user/watcher/graph0000000000/graph/local-acker#-176256389] was not delivered. [4] dead letters encountered. This logging can be turned off or adjusted with configuration settings 'akka.log-dead-letters' and 'akka.log-dead-letters-during-shutdown'.
12:11:28.074 [worker-akka.actor.default-dispatcher-2] INFO  a.a.LocalActorRef akka://worker/user/watcher/graph0000000000/graph/local-acker - Message [com.spbsu.flamestream.runtime.acker.LocalAcker$Flush] from Actor[akka://worker/user/watcher/graph0000000000/graph/local-acker#-176256389] to Actor[akka://worker/user/watcher/graph0000000000/graph/local-acker#-176256389] was not delivered. [5] dead letters encountered. This logging can be turned off or adjusted with configuration settings 'akka.log-dead-letters' and 'akka.log-dead-letters-during-shutdown'.
12:11:28.074 [worker-akka.actor.default-dispatcher-2] INFO  a.a.LocalActorRef akka://worker/user/watcher/graph0000000000/graph/local-acker - Message [com.spbsu.flamestream.runtime.acker.LocalAcker$Flush] from Actor[akka://worker/user/watcher/graph0000000000/graph/local-acker#-176256389] to Actor[akka://worker/user/watcher/graph0000000000/graph/local-acker#-176256389] was not delivered. [6] dead letters encountered. This logging can be turned off or adjusted with configuration settings 'akka.log-dead-letters' and 'akka.log-dead-letters-during-shutdown'.
12:11:28.076 [worker-akka.actor.default-dispatcher-2] INFO  a.a.LocalActorRef akka://worker/user/watcher/graph0000000000/graph/local-acker - Message [com.spbsu.flamestream.runtime.acker.LocalAcker$Flush] from Actor[akka://worker/user/watcher/graph0000000000/graph/local-acker#-176256389] to Actor[akka://worker/user/watcher/graph0000000000/graph/local-acker#-176256389] was not delivered. [7] dead letters encountered. This logging can be turned off or adjusted with configuration settings 'akka.log-dead-letters' and 'akka.log-dead-letters-during-shutdown'.
12:11:28.076 [worker-akka.actor.default-dispatcher-2] INFO  a.a.LocalActorRef akka://worker/user/watcher/graph0000000000/graph - Stopped
12:11:28.076 [worker-akka.actor.default-dispatcher-2] INFO  a.a.LocalActorRef akka://worker/user/watcher/graph0000000000 - Stopped
12:11:28.078 [worker-akka.actor.default-dispatcher-2-EventThread] INFO  o.a.z.ClientCnxn  - EventThread shut down for session: 0x161b83a7f4f0009
12:11:28.079 [worker-akka.actor.default-dispatcher-2] INFO  o.a.z.ZooKeeper  - Session: 0x161b83a7f4f0009 closed
12:11:28.079 [worker-akka.actor.default-dispatcher-2] INFO  a.a.RepointableActorRef akka://worker/user/watcher - Stopped
12:11:28.088 [worker-akka.actor.default-dispatcher-2] INFO  a.r.RemoteActorRefProvider$RemotingTerminator akka://worker@172.31.47.83:5412/system/remoting-terminator - Shutting down remote daemon.
12:11:28.089 [worker-akka.actor.default-dispatcher-2] INFO  a.r.RemoteActorRefProvider$RemotingTerminator akka://worker@172.31.47.83:5412/system/remoting-terminator - Remote daemon shut down; proceeding with flushing remote transports.
12:11:29.208 [worker-akka.actor.default-dispatcher-2] INFO  a.r.RemoteActorRefProvider$RemotingTerminator akka://worker@172.31.47.83:5412/system/remoting-terminator - Remoting shut down.
Attempts of event 'sink-receive' - 672870
Attempts of event 'sink-send' - 666712
Heap
 def new generation   total 153600K, used 103033K [0x00000000e0c00000, 0x00000000eb2a0000, 0x00000000eb2a0000)
  eden space 136576K,  66% used [0x00000000e0c00000, 0x00000000e654ab88, 0x00000000e9160000)
  from space 17024K,  68% used [0x00000000e9160000, 0x00000000e9cb3ad0, 0x00000000ea200000)
  to   space 17024K,   0% used [0x00000000ea200000, 0x00000000ea200000, 0x00000000eb2a0000)
 tenured generation   total 341376K, used 118933K [0x00000000eb2a0000, 0x0000000100000000, 0x0000000100000000)
   the space 341376K,  34% used [0x00000000eb2a0000, 0x00000000f26c5708, 0x00000000f26c5800, 0x0000000100000000)
 Metaspace       used 33442K, capacity 34222K, committed 34432K, reserved 1079296K
  class space    used 4451K, capacity 4622K, committed 4736K, reserved 1048576K
