11:44:56.236 [worker-akka.actor.default-dispatcher-2] INFO  a.e.s.Slf4jLogger  - Slf4jLogger started
2018-02-21T11:44:56.396+0000: 2.361: [Full GC (Metadata GC Threshold) 2018-02-21T11:44:56.397+0000: 2.361: [Tenured: 0K->15416K(341376K), 0.0377471 secs] 117531K->15416K(494976K), [Metaspace: 20873K->20873K(1067008K)], 0.0378096 secs] [Times: user=0.04 sys=0.00, real=0.04 secs] 
Ama winner
Ama winner
11:44:56.836 [worker-akka.actor.default-dispatcher-2] INFO  a.r.a.ArteryTransport(akka://worker) akka.remote.artery.ArteryTransport(akka://worker) - Started embedded media driver in directory [/dev/shm/aeron-root-worker-71f3de77-e4ee-4789-944a-7929fb0c0c1d]
11:44:57.051 [worker-akka.actor.default-dispatcher-2] INFO  a.r.a.ArteryTransport(akka://worker) akka.remote.artery.ArteryTransport(akka://worker) - Remoting started; listening on address: [akka://worker@172.31.44.83:5412] with UID [1782199060301071460]
11:44:57.158 [worker-akka.actor.default-dispatcher-2] INFO  o.a.z.ZooKeeper  - Client environment:zookeeper.version=3.4.9-1757313, built on 08/23/2016 06:50 GMT
11:44:57.158 [worker-akka.actor.default-dispatcher-2] INFO  o.a.z.ZooKeeper  - Client environment:host.name=ip-172-31-44-83.us-east-2.compute.internal
11:44:57.159 [worker-akka.actor.default-dispatcher-2] INFO  o.a.z.ZooKeeper  - Client environment:java.version=1.8.0_151
11:44:57.159 [worker-akka.actor.default-dispatcher-2] INFO  o.a.z.ZooKeeper  - Client environment:java.vendor=Oracle Corporation
11:44:57.159 [worker-akka.actor.default-dispatcher-2] INFO  o.a.z.ZooKeeper  - Client environment:java.home=/usr/lib/jvm/java-8-openjdk-amd64/jre
11:44:57.159 [worker-akka.actor.default-dispatcher-2] INFO  o.a.z.ZooKeeper  - Client environment:java.class.path=lib/commons-cli-1.4.jar:lib/minlog-1.3.0.jar:lib/asm-5.0.4.jar:lib/hadoop-annotations-2.7.3.jar:lib/hadoop-auth-2.7.3.jar:lib/akka-slf4j_2.11-2.5.6.jar:lib/jersey-core-1.9.jar:lib/lz4-1.3.0.jar:lib/jackson-core-asl-1.9.13.jar:lib/aeron-client-1.3.0.jar:lib/htrace-core-3.1.0-incubating.jar:lib/xz-1.0.jar:lib/commons-httpclient-3.1.jar:lib/asm-3.1.jar:lib/commons-lang3-3.4.jar:lib/scala-library-2.11.11.jar:lib/scala-java8-compat_2.11-0.7.0.jar:lib/commons-configuration-1.6.jar:lib/objenesis-2.1.jar:lib/jackson-annotations-2.8.0.jar:lib/jsr305-3.0.0.jar:lib/curator-framework-2.7.1.jar:lib/jersey-server-1.9.jar:lib/jets3t-0.9.0.jar:lib/leveldb-0.7.jar:lib/jetty-6.1.26.jar:lib/stax-api-1.0-2.jar:lib/flamestream-core-1.0-SNAPSHOT.jar:lib/reflectasm-1.07-shaded.jar:lib/apacheds-kerberos-codec-2.0.0-M15.jar:lib/api-asn1-api-1.0.0-M20.jar:lib/commons-lang-2.6.jar:lib/commons-beanutils-1.7.0.jar:lib/jackson-xc-1.8.3.jar:lib/jetty-util-6.1.26.jar:lib/logback-classic-1.2.3.jar:lib/jool-0.9.12.jar:lib/flamestream-runtime-1.0-SNAPSHOT-tests.jar:lib/httpcore-4.1.2.jar:lib/kryo-4.0.0.jar:lib/ant-1.8.1.jar:lib/jaxb-impl-2.2.3-1.jar:lib/jersey-json-1.9.jar:lib/commons-compress-1.4.1.jar:lib/leveldbjni-all-1.8.jar:lib/paranamer-2.3.jar:lib/jackson-core-2.8.4.jar:lib/commons-math3-3.6.1.jar:lib/scala-parser-combinators_2.11-1.0.4.jar:lib/netty-3.10.6.Final.jar:lib/trove4j-3.0.3.jar:lib/jaxb-api-2.2.2.jar:lib/logback-core-1.2.3.jar:lib/snappy-java-1.0.4.1.jar:lib/protobuf-java-2.5.0.jar:lib/reactive-streams-1.0.1.jar:lib/flamestream-examples-1.0-SNAPSHOT.jar:lib/commons-codec-1.4.jar:lib/activation-1.1.jar:lib/commons-net-3.1.jar:lib/curator-recipes-2.7.1.jar:lib/jackson-mapper-asl-1.9.13.jar:lib/jackson-databind-2.8.4.jar:lib/flamestream-runtime-1.0-SNAPSHOT.jar:lib/jackson-jaxrs-1.8.3.jar:lib/slf4j-api-1.7.24.jar:lib/akka-remote_2.11-2.5.6.jar:lib/akka-testkit_2.11-2.5.6.jar:lib/jline-0.9.94.jar:lib/akka-stream_2.11-2.5.6.jar:lib/jsp-api-2.1.jar:lib/kryonet-2.21.jar:lib/akka-kryo-serialization_2.11-0.5.0.jar:lib/config-1.3.1.jar:lib/ant-launcher-1.8.1.jar:lib/commons-logging-1.2.jar:lib/ssl-config-core_2.11-0.2.2.jar:lib/testng-6.10.jar:lib/leveldb-api-0.7.jar:lib/reflectasm-1.11.3.jar:lib/jcommander-1.48.jar:lib/commons-1.1.jar:lib/commons-digester-1.8.jar:lib/minlog-1.2.jar:lib/java-xmlbuilder-0.4.jar:lib/jettison-1.1.jar:lib/gson-2.2.4.jar:lib/jdk.tools-1.8.jar:lib/aeron-driver-1.3.0.jar:lib/zookeeper-3.4.9.jar:lib/commons-beanutils-core-1.8.0.jar:lib/commons-math3-3.1.1.jar:lib/akka-actor_2.11-2.5.6.jar:lib/curator-client-2.7.1.jar:lib/servlet-api-2.5.jar:lib/apacheds-i18n-2.0.0-M15.jar:lib/commons-io-2.4.jar:lib/commons-codec-1.6.jar:lib/akka-protobuf_2.11-2.5.6.jar:lib/protobuf-java-3.5.1.jar:lib/jdom-2.0.2.jar:lib/api-util-1.0.0-M20.jar:lib/hadoop-common-2.7.3.jar:lib/agrona-0.9.6.jar:lib/xmlenc-0.52.jar:lib/guava-21.0.jar:lib/commons-collections-3.2.2.jar:lib/avro-1.7.4.jar:lib/httpclient-4.1.2.jar:lib/flamestream-core-1.0-SNAPSHOT-tests.jar:lib/annotations-12.0.jar:lib/jsch-0.1.42.jar:flamestream-runtime-1.0-SNAPSHOT.jar
11:44:57.159 [worker-akka.actor.default-dispatcher-2] INFO  o.a.z.ZooKeeper  - Client environment:java.library.path=/usr/java/packages/lib/amd64:/usr/lib/x86_64-linux-gnu/jni:/lib/x86_64-linux-gnu:/usr/lib/x86_64-linux-gnu:/usr/lib/jni:/lib:/usr/lib
11:44:57.159 [worker-akka.actor.default-dispatcher-2] INFO  o.a.z.ZooKeeper  - Client environment:java.io.tmpdir=/tmp
11:44:57.159 [worker-akka.actor.default-dispatcher-2] INFO  o.a.z.ZooKeeper  - Client environment:java.compiler=<NA>
11:44:57.159 [worker-akka.actor.default-dispatcher-2] INFO  o.a.z.ZooKeeper  - Client environment:os.name=Linux
11:44:57.159 [worker-akka.actor.default-dispatcher-2] INFO  o.a.z.ZooKeeper  - Client environment:os.arch=amd64
11:44:57.159 [worker-akka.actor.default-dispatcher-2] INFO  o.a.z.ZooKeeper  - Client environment:os.version=4.4.0-1049-aws
11:44:57.159 [worker-akka.actor.default-dispatcher-2] INFO  o.a.z.ZooKeeper  - Client environment:user.name=root
11:44:57.160 [worker-akka.actor.default-dispatcher-2] INFO  o.a.z.ZooKeeper  - Client environment:user.home=/root
11:44:57.161 [worker-akka.actor.default-dispatcher-2] INFO  o.a.z.ZooKeeper  - Client environment:user.dir=/opt/flamestream
11:44:57.163 [worker-akka.actor.default-dispatcher-2] INFO  o.a.z.ZooKeeper  - Initiating client connection, connectString=172.31.34.147:2181 sessionTimeout=5000 watcher=com.spbsu.flamestream.runtime.application.LifecycleWatcher$$Lambda$29/2091173542@1b48f905
11:44:57.200 [worker-akka.actor.default-dispatcher-2] INFO  a.a.RepointableActorRef akka://worker/user/watcher - Starting...
11:44:57.200 [worker-akka.actor.default-dispatcher-2-SendThread(172.31.34.147:2181)] INFO  o.a.z.ClientCnxn  - Opening socket connection to server 172.31.34.147/172.31.34.147:2181. Will not attempt to authenticate using SASL (unknown error)
11:44:57.207 [worker-akka.actor.default-dispatcher-2-SendThread(172.31.34.147:2181)] INFO  o.a.z.ClientCnxn  - Socket connection established to 172.31.34.147/172.31.34.147:2181, initiating session
11:44:57.216 [worker-akka.actor.default-dispatcher-2-SendThread(172.31.34.147:2181)] INFO  o.a.z.ClientCnxn  - Session establishment complete on server 172.31.34.147/172.31.34.147:2181, sessionid = 0x161b82d7c4f000b, negotiated timeout = 6000
11:44:57.308 [worker-akka.actor.default-dispatcher-2] INFO  a.a.RepointableActorRef akka://worker/user/watcher - Connected to ZK
11:45:06.150 [worker-akka.actor.default-dispatcher-2] INFO  a.a.RepointableActorRef akka://worker/user/watcher - Creating node with watchGraphs: 'com.spbsu.flamestream.core.Graph$Builder$MyGraph@62bcc0a1', config: 'ClusterConfig{paths={172.31.33.155=akka://worker@172.31.33.155:5412/user/watcher/graph0000000000, 172.31.47.83=akka://worker@172.31.47.83:5412/user/watcher/graph0000000000, 172.31.45.197=akka://worker@172.31.45.197:5412/user/watcher/graph0000000000, 172.31.42.36=akka://worker@172.31.42.36:5412/user/watcher/graph0000000000, 172.31.44.83=akka://worker@172.31.44.83:5412/user/watcher/graph0000000000, 172.31.39.64=akka://worker@172.31.39.64:5412/user/watcher/graph0000000000, 172.31.35.79=akka://worker@172.31.35.79:5412/user/watcher/graph0000000000, 172.31.34.169=akka://worker@172.31.34.169:5412/user/watcher/graph0000000000, 172.31.47.100=akka://worker@172.31.47.100:5412/user/watcher/graph0000000000, 172.31.37.101=akka://worker@172.31.37.101:5412/user/watcher/graph0000000000}, ackerLocation='172.31.35.79', props=ComputationLayout{ranges={172.31.33.155=HashRange{from=-1670265060, to=-1193046472}, 172.31.47.83=HashRange{from=1670265056, to=2147483644}, 172.31.45.197=HashRange{from=-715827884, to=-238609296}, 172.31.42.36=HashRange{from=1193046468, to=1670265056}, 172.31.44.83=HashRange{from=-238609296, to=238609292}, 172.31.39.64=HashRange{from=715827880, to=1193046468}, 172.31.35.79=HashRange{from=0, to=0}, 172.31.34.169=HashRange{from=-2147483648, to=-1670265060}, 172.31.47.100=HashRange{from=238609292, to=715827880}, 172.31.37.101=HashRange{from=-1193046472, to=-715827884}}}}'
11:45:07.053 [worker-akka.actor.default-dispatcher-2] INFO  a.a.LocalActorRef akka://worker/user/watcher/graph0000000000/graph - Starting...
11:45:07.057 [worker-akka.actor.default-dispatcher-2] INFO  a.a.LocalActorRef akka://worker/user/watcher/graph0000000000/graph/local-acker - Starting...
11:45:07.060 [worker-akka.actor.default-dispatcher-2] INFO  a.a.LocalActorRef akka://worker/user/watcher/graph0000000000/graph/local-acker/$a - Starting...
Warning: space is running low in /dev/shm (tmpfs) threshold=167,772,160 usable=158,621,696
Warning: space is running low in /dev/shm (tmpfs) threshold=167,772,160 usable=146,034,688
Warning: space is running low in /dev/shm (tmpfs) threshold=167,772,160 usable=133,447,680
Warning: space is running low in /dev/shm (tmpfs) threshold=167,772,160 usable=120,860,672
Warning: space is running low in /dev/shm (tmpfs) threshold=167,772,160 usable=108,273,664
Warning: space is running low in /dev/shm (tmpfs) threshold=167,772,160 usable=95,686,656
Warning: space is running low in /dev/shm (tmpfs) threshold=167,772,160 usable=83,099,648
Warning: space is running low in /dev/shm (tmpfs) threshold=167,772,160 usable=70,512,640
11:45:08.764 [worker-akka.actor.default-dispatcher-2] INFO  a.a.LocalActorRef akka://worker/user/watcher/graph0000000000/graph - Finishing constructor
11:45:08.765 [worker-akka.actor.default-dispatcher-2] INFO  a.a.LocalActorRef akka://worker/user/watcher/graph0000000000 - Starting...
11:45:08.766 [worker-akka.actor.default-dispatcher-2] INFO  a.a.LocalActorRef akka://worker/user/watcher/graph0000000000/negotiator - Starting...
11:45:08.834 [worker-akka.actor.default-dispatcher-2] INFO  a.a.LocalActorRef akka://worker/user/watcher/graph0000000000/edge - Starting...
11:45:08.835 [worker-akka.actor.default-dispatcher-2] INFO  a.a.LocalActorRef akka://worker/user/watcher/graph0000000000/graph/$a - Starting...
11:45:08.837 [worker-akka.actor.default-dispatcher-2] INFO  a.a.LocalActorRef akka://worker/user/watcher/graph0000000000/graph/$b - Starting...
11:45:08.837 [worker-akka.actor.default-dispatcher-2] INFO  a.a.LocalActorRef akka://worker/user/watcher/graph0000000000/graph/$c - Starting...
11:45:08.867 [worker-akka.actor.default-dispatcher-2] INFO  c.s.f.r.e.s.SocketRear  - FlameSocketGraphDeployerRear@172.31.44.83: connecting to 172.31.34.147:5678
11:45:08.873 [worker-akka.actor.default-dispatcher-2] INFO  c.s.f.r.e.s.SocketRear  - FlameSocketGraphDeployerRear@172.31.44.83: connected to 172.31.34.147:5678
11:45:08.902 [worker-akka.actor.default-dispatcher-2] INFO  a.a.LocalActorRef akka://worker/user/watcher/graph0000000000/edge/FlameSocketGraphDeployerRear - Starting...
11:45:08.902 [worker-akka.actor.default-dispatcher-2] INFO  a.a.LocalActorRef akka://worker/user/watcher/graph0000000000/edge/FlameSocketGraphDeployerFront - Starting...
11:45:08.904 [worker-akka.actor.default-dispatcher-2] INFO  a.a.LocalActorRef akka://worker/user/watcher/graph0000000000/negotiator - Requesting ticket for the frontClass FlameSocketGraphDeployerFront@172.31.44.83
11:45:08.918 [worker-akka.actor.default-dispatcher-2] INFO  a.a.LocalActorRef akka://worker/user/watcher/graph0000000000/negotiator - Ticket for the frontClass received: FrontTicket{allowedTimestamp=(1519213506133, FlameSocketGraphDeployerFront@172.31.44.83)}
11:45:08.919 [worker-akka.actor.default-dispatcher-2] INFO  c.s.f.r.e.s.SocketFront  - FlameSocketGraphDeployerFront@172.31.44.83: connecting to 172.31.34.147:4567
11:45:08.931 [Client] INFO  c.s.f.r.e.s.SocketFront  - FlameSocketGraphDeployerFront@172.31.44.83 has been disconnected from Connection 7
2018-02-21T11:45:12.521+0000: 18.485: [GC (Allocation Failure) 2018-02-21T11:45:12.521+0000: 18.485: [DefNew: 136576K->17023K(153600K), 0.0655870 secs] 151992K->53223K(494976K), 0.0656523 secs] [Times: user=0.04 sys=0.02, real=0.07 secs] 
2018-02-21T11:45:30.066+0000: 36.030: [GC (Allocation Failure) 2018-02-21T11:45:30.066+0000: 36.030: [DefNew: 153599K->3982K(153600K), 0.0191601 secs] 189799K->50790K(494976K), 0.0192238 secs] [Times: user=0.01 sys=0.00, real=0.02 secs] 
2018-02-21T11:45:49.441+0000: 55.405: [GC (Allocation Failure) 2018-02-21T11:45:49.441+0000: 55.405: [DefNew: 140558K->5957K(153600K), 0.0142455 secs] 187366K->52765K(494976K), 0.0143131 secs] [Times: user=0.01 sys=0.00, real=0.02 secs] 
2018-02-21T11:46:07.200+0000: 73.164: [GC (Allocation Failure) 2018-02-21T11:46:07.200+0000: 73.165: [DefNew: 142533K->7836K(153600K), 0.0167206 secs] 189341K->54644K(494976K), 0.0168426 secs] [Times: user=0.02 sys=0.00, real=0.02 secs] 
2018-02-21T11:46:22.027+0000: 87.991: [GC (Allocation Failure) 2018-02-21T11:46:22.027+0000: 87.991: [DefNew: 144412K->9186K(153600K), 0.0150869 secs] 191220K->55994K(494976K), 0.0151619 secs] [Times: user=0.02 sys=0.00, real=0.01 secs] 
2018-02-21T11:46:40.767+0000: 106.731: [GC (Allocation Failure) 2018-02-21T11:46:40.767+0000: 106.731: [DefNew: 145762K->8804K(153600K), 0.0172111 secs] 192570K->57195K(494976K), 0.0172887 secs] [Times: user=0.01 sys=0.00, real=0.01 secs] 
2018-02-21T11:47:01.005+0000: 126.969: [GC (Allocation Failure) 2018-02-21T11:47:01.005+0000: 126.969: [DefNew: 145380K->8914K(153600K), 0.0182495 secs] 193771K->58854K(494976K), 0.0183165 secs] [Times: user=0.02 sys=0.00, real=0.02 secs] 
2018-02-21T11:47:26.044+0000: 152.008: [GC (Allocation Failure) 2018-02-21T11:47:26.044+0000: 152.008: [DefNew: 145490K->9199K(153600K), 0.0193478 secs] 195430K->60363K(494976K), 0.0194077 secs] [Times: user=0.01 sys=0.01, real=0.02 secs] 
2018-02-21T11:47:43.587+0000: 169.551: [GC (Allocation Failure) 2018-02-21T11:47:43.587+0000: 169.551: [DefNew: 145775K->9544K(153600K), 0.0174027 secs] 196939K->62076K(494976K), 0.0174702 secs] [Times: user=0.01 sys=0.00, real=0.01 secs] 
2018-02-21T11:48:06.439+0000: 192.403: [GC (Allocation Failure) 2018-02-21T11:48:06.439+0000: 192.403: [DefNew: 146120K->9292K(153600K), 0.0184169 secs] 198652K->63030K(494976K), 0.0184807 secs] [Times: user=0.02 sys=0.00, real=0.02 secs] 
2018-02-21T11:48:28.608+0000: 214.572: [GC (Allocation Failure) 2018-02-21T11:48:28.608+0000: 214.572: [DefNew: 145868K->9192K(153600K), 0.0178671 secs] 199606K->64222K(494976K), 0.0179435 secs] [Times: user=0.02 sys=0.00, real=0.02 secs] 
2018-02-21T11:48:51.828+0000: 237.792: [GC (Allocation Failure) 2018-02-21T11:48:51.828+0000: 237.792: [DefNew: 145768K->9218K(153600K), 0.0174444 secs] 200798K->65873K(494976K), 0.0175106 secs] [Times: user=0.02 sys=0.00, real=0.01 secs] 
2018-02-21T11:49:11.574+0000: 257.539: [GC (Allocation Failure) 2018-02-21T11:49:11.575+0000: 257.539: [DefNew: 145794K->9101K(153600K), 0.0185095 secs] 202449K->67016K(494976K), 0.0186087 secs] [Times: user=0.02 sys=0.00, real=0.01 secs] 
2018-02-21T11:49:32.501+0000: 278.465: [GC (Allocation Failure) 2018-02-21T11:49:32.501+0000: 278.465: [DefNew: 145677K->9120K(153600K), 0.0184848 secs] 203592K->68219K(494976K), 0.0185515 secs] [Times: user=0.01 sys=0.01, real=0.02 secs] 
2018-02-21T11:49:50.988+0000: 296.952: [GC (Allocation Failure) 2018-02-21T11:49:50.988+0000: 296.952: [DefNew: 145696K->9532K(153600K), 0.0171341 secs] 204795K->69664K(494976K), 0.0171997 secs] [Times: user=0.01 sys=0.00, real=0.01 secs] 
2018-02-21T11:50:12.173+0000: 318.137: [GC (Allocation Failure) 2018-02-21T11:50:12.173+0000: 318.137: [DefNew: 146108K->10094K(153600K), 0.0260886 secs] 206240K->71473K(494976K), 0.0261597 secs] [Times: user=0.01 sys=0.02, real=0.03 secs] 
2018-02-21T11:50:35.504+0000: 341.468: [GC (Allocation Failure) 2018-02-21T11:50:35.504+0000: 341.468: [DefNew: 146670K->8727K(153600K), 0.0227727 secs] 208049K->72493K(494976K), 0.0228466 secs] [Times: user=0.01 sys=0.02, real=0.03 secs] 
2018-02-21T11:50:58.929+0000: 364.893: [GC (Allocation Failure) 2018-02-21T11:50:58.929+0000: 364.893: [DefNew: 145303K->9327K(153600K), 0.0303425 secs] 209069K->74334K(494976K), 0.0304072 secs] [Times: user=0.01 sys=0.02, real=0.03 secs] 
2018-02-21T11:51:14.970+0000: 380.934: [GC (Allocation Failure) 2018-02-21T11:51:14.970+0000: 380.934: [DefNew: 145903K->8953K(153600K), 0.0161872 secs] 210910K->75322K(494976K), 0.0162754 secs] [Times: user=0.02 sys=0.00, real=0.02 secs] 
2018-02-21T11:51:29.286+0000: 395.250: [GC (Allocation Failure) 2018-02-21T11:51:29.286+0000: 395.250: [DefNew: 145529K->9061K(153600K), 0.0166928 secs] 211898K->76799K(494976K), 0.0167676 secs] [Times: user=0.02 sys=0.00, real=0.01 secs] 
2018-02-21T11:51:49.889+0000: 415.854: [GC (Allocation Failure) 2018-02-21T11:51:49.890+0000: 415.854: [DefNew: 145637K->10208K(153600K), 0.0186454 secs] 213375K->79274K(494976K), 0.0187074 secs] [Times: user=0.01 sys=0.01, real=0.02 secs] 
2018-02-21T11:52:07.318+0000: 433.282: [GC (Allocation Failure) 2018-02-21T11:52:07.318+0000: 433.282: [DefNew: 146784K->8929K(153600K), 0.0189818 secs] 215850K->80854K(494976K), 0.0190742 secs] [Times: user=0.02 sys=0.00, real=0.02 secs] 
2018-02-21T11:52:24.058+0000: 450.022: [GC (Allocation Failure) 2018-02-21T11:52:24.058+0000: 450.022: [DefNew: 145505K->7799K(153600K), 0.0179635 secs] 217430K->82120K(494976K), 0.0180273 secs] [Times: user=0.02 sys=0.00, real=0.02 secs] 
2018-02-21T11:52:45.311+0000: 471.275: [GC (Allocation Failure) 2018-02-21T11:52:45.311+0000: 471.275: [DefNew: 144375K->9576K(153600K), 0.0155603 secs] 218696K->83897K(494976K), 0.0156226 secs] [Times: user=0.01 sys=0.00, real=0.02 secs] 
2018-02-21T11:53:05.588+0000: 491.552: [GC (Allocation Failure) 2018-02-21T11:53:05.588+0000: 491.552: [DefNew: 146152K->9734K(153600K), 0.0185555 secs] 220473K->85364K(494976K), 0.0186206 secs] [Times: user=0.02 sys=0.00, real=0.02 secs] 
2018-02-21T11:53:23.856+0000: 509.820: [GC (Allocation Failure) 2018-02-21T11:53:23.856+0000: 509.820: [DefNew: 146310K->10418K(153600K), 0.0183242 secs] 221940K->87210K(494976K), 0.0183809 secs] [Times: user=0.02 sys=0.00, real=0.02 secs] 
2018-02-21T11:53:45.734+0000: 531.698: [GC (Allocation Failure) 2018-02-21T11:53:45.734+0000: 531.698: [DefNew: 146994K->8880K(153600K), 0.0192230 secs] 223786K->88363K(494976K), 0.0192940 secs] [Times: user=0.02 sys=0.00, real=0.01 secs] 
2018-02-21T11:54:05.977+0000: 551.941: [GC (Allocation Failure) 2018-02-21T11:54:05.977+0000: 551.941: [DefNew: 145456K->8848K(153600K), 0.0171109 secs] 224939K->89946K(494976K), 0.0171761 secs] [Times: user=0.02 sys=0.00, real=0.02 secs] 
2018-02-21T11:54:23.721+0000: 569.685: [GC (Allocation Failure) 2018-02-21T11:54:23.721+0000: 569.685: [DefNew: 145424K->8568K(153600K), 0.0163847 secs] 226522K->91273K(494976K), 0.0164504 secs] [Times: user=0.02 sys=0.00, real=0.02 secs] 
2018-02-21T11:54:39.373+0000: 585.337: [GC (Allocation Failure) 2018-02-21T11:54:39.373+0000: 585.337: [DefNew: 145144K->8478K(153600K), 0.0162554 secs] 227849K->92731K(494976K), 0.0163181 secs] [Times: user=0.01 sys=0.00, real=0.02 secs] 
2018-02-21T11:54:57.135+0000: 603.099: [GC (Allocation Failure) 2018-02-21T11:54:57.135+0000: 603.099: [DefNew: 145054K->10284K(153600K), 0.0156443 secs] 229307K->94537K(494976K), 0.0157092 secs] [Times: user=0.01 sys=0.00, real=0.01 secs] 
2018-02-21T11:55:17.803+0000: 623.767: [GC (Allocation Failure) 2018-02-21T11:55:17.803+0000: 623.767: [DefNew: 146860K->9582K(153600K), 0.0189122 secs] 231113K->96340K(494976K), 0.0189755 secs] [Times: user=0.02 sys=0.00, real=0.02 secs] 
2018-02-21T11:55:33.750+0000: 639.714: [GC (Allocation Failure) 2018-02-21T11:55:33.750+0000: 639.714: [DefNew: 146158K->9145K(153600K), 0.0168303 secs] 232916K->97560K(494976K), 0.0168921 secs] [Times: user=0.00 sys=0.01, real=0.02 secs] 
2018-02-21T11:55:58.501+0000: 664.465: [GC (Allocation Failure) 2018-02-21T11:55:58.501+0000: 664.465: [DefNew: 145721K->9295K(153600K), 0.0176073 secs] 234136K->99348K(494976K), 0.0177185 secs] [Times: user=0.02 sys=0.00, real=0.02 secs] 
2018-02-21T11:56:17.119+0000: 683.083: [GC (Allocation Failure) 2018-02-21T11:56:17.119+0000: 683.083: [DefNew: 145871K->9864K(153600K), 0.0173342 secs] 235924K->101247K(494976K), 0.0174006 secs] [Times: user=0.02 sys=0.00, real=0.02 secs] 
2018-02-21T11:56:34.400+0000: 700.364: [GC (Allocation Failure) 2018-02-21T11:56:34.400+0000: 700.364: [DefNew: 146440K->10003K(153600K), 0.0176341 secs] 237823K->102949K(494976K), 0.0177154 secs] [Times: user=0.02 sys=0.00, real=0.02 secs] 
2018-02-21T11:56:55.060+0000: 721.024: [GC (Allocation Failure) 2018-02-21T11:56:55.060+0000: 721.024: [DefNew: 146579K->10106K(153600K), 0.0182857 secs] 239525K->104700K(494976K), 0.0183472 secs] [Times: user=0.02 sys=0.00, real=0.02 secs] 
11:57:10.033 [Client] INFO  c.s.f.r.e.s.SocketRear  - FlameSocketGraphDeployerRear@172.31.44.83: has been disconnected from Connection 7
11:57:23.841 [worker-akka.actor.default-dispatcher-2] INFO  a.a.CoordinatedShutdown CoordinatedShutdown(akka://worker) - Starting coordinated shutdown from JVM shutdown hook
11:57:23.885 [worker-akka.actor.default-dispatcher-2] INFO  a.a.LocalActorRef akka://worker/user/watcher/graph0000000000/negotiator - Stopped
11:57:23.889 [worker-akka.actor.default-dispatcher-2] INFO  a.a.LocalActorRef akka://worker/user/watcher/graph0000000000/edge/FlameSocketGraphDeployerFront - Stopped
11:57:23.890 [worker-akka.actor.default-dispatcher-2] INFO  a.a.LocalActorRef akka://worker/user/watcher/graph0000000000/edge/FlameSocketGraphDeployerRear - Stopped
11:57:23.890 [worker-akka.actor.default-dispatcher-2] INFO  a.a.LocalActorRef akka://worker/user/watcher/graph0000000000/graph/$a - Stopped
11:57:23.891 [worker-akka.actor.default-dispatcher-2] INFO  a.a.LocalActorRef akka://worker/user/watcher/graph0000000000/graph/$b - Stopped
11:57:23.891 [worker-akka.actor.default-dispatcher-2] INFO  a.a.LocalActorRef akka://worker/user/watcher/graph0000000000/graph/$c - Stopped
11:57:23.892 [worker-akka.actor.default-dispatcher-2] INFO  a.a.LocalActorRef akka://worker/user/watcher/graph0000000000/graph/local-acker/$a - Stopped
11:57:23.896 [worker-akka.actor.default-dispatcher-2] INFO  a.a.LocalActorRef akka://worker/user/watcher/graph0000000000/graph/local-acker/$a - Message [com.spbsu.flamestream.runtime.utils.akka.PingActor$InnerPing] from Actor[akka://worker/user/watcher/graph0000000000/graph/local-acker/$a#-2105171691] to Actor[akka://worker/user/watcher/graph0000000000/graph/local-acker/$a#-2105171691] was not delivered. [1] dead letters encountered. This logging can be turned off or adjusted with configuration settings 'akka.log-dead-letters' and 'akka.log-dead-letters-during-shutdown'.
11:57:23.896 [worker-akka.actor.default-dispatcher-2] INFO  a.a.LocalActorRef akka://worker/user/watcher/graph0000000000/graph/local-acker - Stopped
11:57:23.896 [worker-akka.actor.default-dispatcher-2] INFO  a.a.LocalActorRef akka://worker/user/watcher/graph0000000000/edge - Stopped
11:57:23.898 [worker-akka.actor.default-dispatcher-2] INFO  a.a.LocalActorRef akka://worker/user/watcher/graph0000000000/graph - Stopped
11:57:23.898 [worker-akka.actor.default-dispatcher-2] INFO  a.a.LocalActorRef akka://worker/user/watcher/graph0000000000 - Stopped
11:57:23.900 [worker-akka.actor.default-dispatcher-2] INFO  a.a.LocalActorRef akka://worker/user/watcher/graph0000000000/graph/local-acker/$a - Message [com.spbsu.flamestream.runtime.utils.akka.PingActor$Stop] from Actor[akka://worker/user/watcher/graph0000000000/graph/local-acker#755318693] to Actor[akka://worker/user/watcher/graph0000000000/graph/local-acker/$a#-2105171691] was not delivered. [2] dead letters encountered. This logging can be turned off or adjusted with configuration settings 'akka.log-dead-letters' and 'akka.log-dead-letters-during-shutdown'.
11:57:23.900 [worker-akka.actor.default-dispatcher-2] INFO  a.a.LocalActorRef akka://worker/user/watcher/graph0000000000/graph/local-acker - Message [com.spbsu.flamestream.runtime.acker.LocalAcker$Flush] from Actor[akka://worker/user/watcher/graph0000000000/graph/local-acker#755318693] to Actor[akka://worker/user/watcher/graph0000000000/graph/local-acker#755318693] was not delivered. [3] dead letters encountered. This logging can be turned off or adjusted with configuration settings 'akka.log-dead-letters' and 'akka.log-dead-letters-during-shutdown'.
11:57:23.901 [worker-akka.actor.default-dispatcher-2] INFO  a.a.LocalActorRef akka://worker/user/watcher/graph0000000000/graph/local-acker - Message [com.spbsu.flamestream.runtime.acker.LocalAcker$Flush] from Actor[akka://worker/user/watcher/graph0000000000/graph/local-acker#755318693] to Actor[akka://worker/user/watcher/graph0000000000/graph/local-acker#755318693] was not delivered. [4] dead letters encountered. This logging can be turned off or adjusted with configuration settings 'akka.log-dead-letters' and 'akka.log-dead-letters-during-shutdown'.
11:57:23.901 [worker-akka.actor.default-dispatcher-2] INFO  a.a.LocalActorRef akka://worker/user/watcher/graph0000000000/graph/local-acker - Message [com.spbsu.flamestream.runtime.acker.LocalAcker$Flush] from Actor[akka://worker/user/watcher/graph0000000000/graph/local-acker#755318693] to Actor[akka://worker/user/watcher/graph0000000000/graph/local-acker#755318693] was not delivered. [5] dead letters encountered. This logging can be turned off or adjusted with configuration settings 'akka.log-dead-letters' and 'akka.log-dead-letters-during-shutdown'.
11:57:23.905 [worker-akka.actor.default-dispatcher-2] INFO  a.a.LocalActorRef akka://worker/user/watcher/graph0000000000/graph/local-acker - Message [com.spbsu.flamestream.runtime.acker.LocalAcker$Flush] from Actor[akka://worker/user/watcher/graph0000000000/graph/local-acker#755318693] to Actor[akka://worker/user/watcher/graph0000000000/graph/local-acker#755318693] was not delivered. [6] dead letters encountered. This logging can be turned off or adjusted with configuration settings 'akka.log-dead-letters' and 'akka.log-dead-letters-during-shutdown'.
11:57:23.906 [worker-akka.actor.default-dispatcher-2] INFO  a.a.LocalActorRef akka://worker/user/watcher/graph0000000000/graph/local-acker - Message [com.spbsu.flamestream.runtime.acker.LocalAcker$Flush] from Actor[akka://worker/user/watcher/graph0000000000/graph/local-acker#755318693] to Actor[akka://worker/user/watcher/graph0000000000/graph/local-acker#755318693] was not delivered. [7] dead letters encountered. This logging can be turned off or adjusted with configuration settings 'akka.log-dead-letters' and 'akka.log-dead-letters-during-shutdown'.
11:57:23.907 [worker-akka.actor.default-dispatcher-2] INFO  a.a.LocalActorRef akka://worker/user/watcher/graph0000000000/graph/local-acker - Message [com.spbsu.flamestream.runtime.acker.LocalAcker$Flush] from Actor[akka://worker/user/watcher/graph0000000000/graph/local-acker#755318693] to Actor[akka://worker/user/watcher/graph0000000000/graph/local-acker#755318693] was not delivered. [8] dead letters encountered. This logging can be turned off or adjusted with configuration settings 'akka.log-dead-letters' and 'akka.log-dead-letters-during-shutdown'.
11:57:23.907 [worker-akka.actor.default-dispatcher-2] INFO  a.a.LocalActorRef akka://worker/user/watcher/graph0000000000/graph/local-acker - Message [com.spbsu.flamestream.runtime.acker.LocalAcker$Flush] from Actor[akka://worker/user/watcher/graph0000000000/graph/local-acker#755318693] to Actor[akka://worker/user/watcher/graph0000000000/graph/local-acker#755318693] was not delivered. [9] dead letters encountered. This logging can be turned off or adjusted with configuration settings 'akka.log-dead-letters' and 'akka.log-dead-letters-during-shutdown'.
11:57:23.911 [worker-akka.actor.default-dispatcher-2-EventThread] INFO  o.a.z.ClientCnxn  - EventThread shut down for session: 0x161b82d7c4f000b
11:57:23.911 [worker-akka.actor.default-dispatcher-2] INFO  o.a.z.ZooKeeper  - Session: 0x161b82d7c4f000b closed
11:57:23.911 [worker-akka.actor.default-dispatcher-2] INFO  a.a.RepointableActorRef akka://worker/user/watcher - Stopped
11:57:23.928 [worker-akka.actor.default-dispatcher-2] INFO  a.r.RemoteActorRefProvider$RemotingTerminator akka://worker@172.31.44.83:5412/system/remoting-terminator - Shutting down remote daemon.
11:57:23.931 [worker-akka.actor.default-dispatcher-2] INFO  a.r.RemoteActorRefProvider$RemotingTerminator akka://worker@172.31.44.83:5412/system/remoting-terminator - Remote daemon shut down; proceeding with flushing remote transports.
11:57:25.089 [worker-akka.actor.default-dispatcher-2] INFO  a.r.RemoteActorRefProvider$RemotingTerminator akka://worker@172.31.44.83:5412/system/remoting-terminator - Remoting shut down.
Attempts of event 'sink-receive' - 536633
Attempts of event 'sink-send' - 530379
Heap
 def new generation   total 153600K, used 144698K [0x00000000e0c00000, 0x00000000eb2a0000, 0x00000000eb2a0000)
  eden space 136576K,  98% used [0x00000000e0c00000, 0x00000000e8f70070, 0x00000000e9160000)
  from space 17024K,  59% used [0x00000000ea200000, 0x00000000eabdea60, 0x00000000eb2a0000)
  to   space 17024K,   0% used [0x00000000e9160000, 0x00000000e9160000, 0x00000000ea200000)
 tenured generation   total 341376K, used 94594K [0x00000000eb2a0000, 0x0000000100000000, 0x0000000100000000)
   the space 341376K,  27% used [0x00000000eb2a0000, 0x00000000f0f008a0, 0x00000000f0f00a00, 0x0000000100000000)
 Metaspace       used 33467K, capacity 34286K, committed 34688K, reserved 1079296K
  class space    used 4452K, capacity 4624K, committed 4736K, reserved 1048576K
