15:18:48.612 [main] INFO  c.s.f.r.a.WorkerApplication  - Started embedded media driver in directory [/dev/shm/aeron-c7dc089d-d75b-45a7-90ef-a9bb7a94dd16]
15:18:48.617 [main] INFO  c.s.f.r.a.WorkerApplication  - Starting worker with id: '172.31.45.197', host: '172.31.45.197:5412', zkString: '172.31.34.147:2181'
15:18:49.527 [worker-akka.actor.default-dispatcher-2] INFO  a.e.s.Slf4jLogger  - Slf4jLogger started
2018-02-15T15:18:49.589+0000: 2.393: [GC (GCLocker Initiated GC) 2018-02-15T15:18:49.589+0000: 2.393: [DefNew: 114798K->15251K(153600K), 0.0154433 secs] 114798K->15251K(494976K), 0.0155012 secs] [Times: user=0.01 sys=0.00, real=0.01 secs] 
2018-02-15T15:18:49.656+0000: 2.460: [Full GC (Metadata GC Threshold) 2018-02-15T15:18:49.656+0000: 2.460: [Tenured: 0K->4240K(341376K), 0.0172642 secs] 27150K->4240K(494976K), [Metaspace: 21151K->21151K(1069056K)], 0.0173452 secs] [Times: user=0.01 sys=0.00, real=0.02 secs] 
15:18:50.212 [worker-akka.actor.default-dispatcher-2] INFO  a.r.a.ArteryTransport(akka://worker) akka.remote.artery.ArteryTransport(akka://worker) - Remoting started; listening on address: [akka://worker@172.31.45.197:5412] with UID [-23373143050706976]
15:18:50.309 [worker-akka.actor.default-dispatcher-2] INFO  o.a.z.ZooKeeper  - Client environment:zookeeper.version=3.4.9-1757313, built on 08/23/2016 06:50 GMT
15:18:50.309 [worker-akka.actor.default-dispatcher-2] INFO  o.a.z.ZooKeeper  - Client environment:host.name=ip-172-31-45-197.us-east-2.compute.internal
15:18:50.309 [worker-akka.actor.default-dispatcher-2] INFO  o.a.z.ZooKeeper  - Client environment:java.version=1.8.0_151
15:18:50.309 [worker-akka.actor.default-dispatcher-2] INFO  o.a.z.ZooKeeper  - Client environment:java.vendor=Oracle Corporation
15:18:50.309 [worker-akka.actor.default-dispatcher-2] INFO  o.a.z.ZooKeeper  - Client environment:java.home=/usr/lib/jvm/java-8-openjdk-amd64/jre
15:18:50.309 [worker-akka.actor.default-dispatcher-2] INFO  o.a.z.ZooKeeper  - Client environment:java.class.path=lib/commons-cli-1.4.jar:lib/minlog-1.3.0.jar:lib/asm-5.0.4.jar:lib/hadoop-annotations-2.7.3.jar:lib/hadoop-auth-2.7.3.jar:lib/akka-slf4j_2.11-2.5.6.jar:lib/jersey-core-1.9.jar:lib/lz4-1.3.0.jar:lib/jackson-core-asl-1.9.13.jar:lib/aeron-client-1.3.0.jar:lib/htrace-core-3.1.0-incubating.jar:lib/xz-1.0.jar:lib/commons-httpclient-3.1.jar:lib/asm-3.1.jar:lib/commons-lang3-3.4.jar:lib/scala-library-2.11.11.jar:lib/scala-java8-compat_2.11-0.7.0.jar:lib/commons-configuration-1.6.jar:lib/objenesis-2.1.jar:lib/jackson-annotations-2.8.0.jar:lib/jsr305-3.0.0.jar:lib/curator-framework-2.7.1.jar:lib/jersey-server-1.9.jar:lib/jets3t-0.9.0.jar:lib/leveldb-0.7.jar:lib/jetty-6.1.26.jar:lib/stax-api-1.0-2.jar:lib/flamestream-core-1.0-SNAPSHOT.jar:lib/reflectasm-1.07-shaded.jar:lib/apacheds-kerberos-codec-2.0.0-M15.jar:lib/api-asn1-api-1.0.0-M20.jar:lib/commons-lang-2.6.jar:lib/commons-beanutils-1.7.0.jar:lib/jackson-xc-1.8.3.jar:lib/jetty-util-6.1.26.jar:lib/logback-classic-1.2.3.jar:lib/jool-0.9.12.jar:lib/flamestream-runtime-1.0-SNAPSHOT-tests.jar:lib/httpcore-4.1.2.jar:lib/kryo-4.0.0.jar:lib/ant-1.8.1.jar:lib/jaxb-impl-2.2.3-1.jar:lib/jersey-json-1.9.jar:lib/commons-compress-1.4.1.jar:lib/leveldbjni-all-1.8.jar:lib/paranamer-2.3.jar:lib/jackson-core-2.8.4.jar:lib/commons-math3-3.6.1.jar:lib/scala-parser-combinators_2.11-1.0.4.jar:lib/netty-3.10.6.Final.jar:lib/trove4j-3.0.3.jar:lib/jaxb-api-2.2.2.jar:lib/logback-core-1.2.3.jar:lib/snappy-java-1.0.4.1.jar:lib/protobuf-java-2.5.0.jar:lib/reactive-streams-1.0.1.jar:lib/flamestream-examples-1.0-SNAPSHOT.jar:lib/commons-codec-1.4.jar:lib/activation-1.1.jar:lib/commons-net-3.1.jar:lib/curator-recipes-2.7.1.jar:lib/jackson-mapper-asl-1.9.13.jar:lib/jackson-databind-2.8.4.jar:lib/flamestream-runtime-1.0-SNAPSHOT.jar:lib/jackson-jaxrs-1.8.3.jar:lib/slf4j-api-1.7.24.jar:lib/akka-remote_2.11-2.5.6.jar:lib/akka-testkit_2.11-2.5.6.jar:lib/jline-0.9.94.jar:lib/akka-stream_2.11-2.5.6.jar:lib/jsp-api-2.1.jar:lib/kryonet-2.21.jar:lib/akka-kryo-serialization_2.11-0.5.0.jar:lib/config-1.3.1.jar:lib/ant-launcher-1.8.1.jar:lib/commons-logging-1.2.jar:lib/ssl-config-core_2.11-0.2.2.jar:lib/testng-6.10.jar:lib/guava-19.0.jar:lib/leveldb-api-0.7.jar:lib/reflectasm-1.11.3.jar:lib/jcommander-1.48.jar:lib/commons-1.1.jar:lib/commons-digester-1.8.jar:lib/minlog-1.2.jar:lib/java-xmlbuilder-0.4.jar:lib/jettison-1.1.jar:lib/gson-2.2.4.jar:lib/jdk.tools-1.8.jar:lib/aeron-driver-1.3.0.jar:lib/zookeeper-3.4.9.jar:lib/commons-beanutils-core-1.8.0.jar:lib/commons-math3-3.1.1.jar:lib/akka-actor_2.11-2.5.6.jar:lib/curator-client-2.7.1.jar:lib/servlet-api-2.5.jar:lib/apacheds-i18n-2.0.0-M15.jar:lib/commons-io-2.4.jar:lib/commons-codec-1.6.jar:lib/akka-protobuf_2.11-2.5.6.jar:lib/jdom-2.0.2.jar:lib/api-util-1.0.0-M20.jar:lib/hadoop-common-2.7.3.jar:lib/agrona-0.9.6.jar:lib/xmlenc-0.52.jar:lib/guava-21.0.jar:lib/commons-collections-3.2.2.jar:lib/avro-1.7.4.jar:lib/commons-1.0-SNAPSHOT.jar:lib/httpclient-4.1.2.jar:lib/flamestream-core-1.0-SNAPSHOT-tests.jar:lib/annotations-12.0.jar:lib/jsch-0.1.42.jar:flamestream-runtime-1.0-SNAPSHOT.jar
15:18:50.309 [worker-akka.actor.default-dispatcher-2] INFO  o.a.z.ZooKeeper  - Client environment:java.library.path=/usr/java/packages/lib/amd64:/usr/lib/x86_64-linux-gnu/jni:/lib/x86_64-linux-gnu:/usr/lib/x86_64-linux-gnu:/usr/lib/jni:/lib:/usr/lib
15:18:50.309 [worker-akka.actor.default-dispatcher-2] INFO  o.a.z.ZooKeeper  - Client environment:java.io.tmpdir=/tmp
15:18:50.309 [worker-akka.actor.default-dispatcher-2] INFO  o.a.z.ZooKeeper  - Client environment:java.compiler=<NA>
15:18:50.309 [worker-akka.actor.default-dispatcher-2] INFO  o.a.z.ZooKeeper  - Client environment:os.name=Linux
15:18:50.309 [worker-akka.actor.default-dispatcher-2] INFO  o.a.z.ZooKeeper  - Client environment:os.arch=amd64
15:18:50.310 [worker-akka.actor.default-dispatcher-2] INFO  o.a.z.ZooKeeper  - Client environment:os.version=4.4.0-1049-aws
15:18:50.312 [worker-akka.actor.default-dispatcher-2] INFO  o.a.z.ZooKeeper  - Client environment:user.name=root
15:18:50.312 [worker-akka.actor.default-dispatcher-2] INFO  o.a.z.ZooKeeper  - Client environment:user.home=/root
15:18:50.312 [worker-akka.actor.default-dispatcher-2] INFO  o.a.z.ZooKeeper  - Client environment:user.dir=/opt/flamestream
15:18:50.314 [worker-akka.actor.default-dispatcher-2] INFO  o.a.z.ZooKeeper  - Initiating client connection, connectString=172.31.34.147:2181 sessionTimeout=5000 watcher=com.spbsu.flamestream.runtime.application.LifecycleWatcher$$Lambda$29/774873639@230c7f86
15:18:50.351 [worker-akka.actor.default-dispatcher-2] INFO  a.a.RepointableActorRef akka://worker/user/watcher - Starting...
15:18:50.354 [worker-akka.actor.default-dispatcher-2-SendThread(172.31.34.147:2181)] INFO  o.a.z.ClientCnxn  - Opening socket connection to server 172.31.34.147/172.31.34.147:2181. Will not attempt to authenticate using SASL (unknown error)
15:18:50.358 [worker-akka.actor.default-dispatcher-2-SendThread(172.31.34.147:2181)] INFO  o.a.z.ClientCnxn  - Socket connection established to 172.31.34.147/172.31.34.147:2181, initiating session
15:18:50.366 [worker-akka.actor.default-dispatcher-2-SendThread(172.31.34.147:2181)] INFO  o.a.z.ClientCnxn  - Session establishment complete on server 172.31.34.147/172.31.34.147:2181, sessionid = 0x1619a0ace950005, negotiated timeout = 6000
15:18:50.454 [worker-akka.actor.default-dispatcher-2] INFO  a.a.RepointableActorRef akka://worker/user/watcher - Connected to ZK
15:18:59.308 [worker-akka.actor.default-dispatcher-2] INFO  a.a.RepointableActorRef akka://worker/user/watcher - Creating node with watchGraphs: 'com.spbsu.flamestream.core.Graph$Builder$MyGraph@387030fa', config: 'ClusterConfig{paths={172.31.33.155=akka://worker@172.31.33.155:5412/user/watcher/graph0000000000, 172.31.47.83=akka://worker@172.31.47.83:5412/user/watcher/graph0000000000, 172.31.45.197=akka://worker@172.31.45.197:5412/user/watcher/graph0000000000, 172.31.42.36=akka://worker@172.31.42.36:5412/user/watcher/graph0000000000, 172.31.44.83=akka://worker@172.31.44.83:5412/user/watcher/graph0000000000, 172.31.39.64=akka://worker@172.31.39.64:5412/user/watcher/graph0000000000, 172.31.35.79=akka://worker@172.31.35.79:5412/user/watcher/graph0000000000, 172.31.34.169=akka://worker@172.31.34.169:5412/user/watcher/graph0000000000, 172.31.47.100=akka://worker@172.31.47.100:5412/user/watcher/graph0000000000, 172.31.37.101=akka://worker@172.31.37.101:5412/user/watcher/graph0000000000}, ackerLocation='172.31.35.79', props=ComputationLayout{ranges={172.31.33.155=HashRange{from=1670265056, to=2147483644}, 172.31.47.83=HashRange{from=715827880, to=1193046468}, 172.31.45.197=HashRange{from=-1670265060, to=-1193046472}, 172.31.42.36=HashRange{from=238609292, to=715827880}, 172.31.44.83=HashRange{from=-1193046472, to=-715827884}, 172.31.39.64=HashRange{from=-238609296, to=238609292}, 172.31.35.79=HashRange{from=0, to=0}, 172.31.34.169=HashRange{from=1193046468, to=1670265056}, 172.31.47.100=HashRange{from=-715827884, to=-238609296}, 172.31.37.101=HashRange{from=-2147483648, to=-1670265060}}}}'
15:19:00.229 [worker-akka.actor.default-dispatcher-2] INFO  a.a.LocalActorRef akka://worker/user/watcher/graph0000000000/graph - Starting...
15:19:00.229 [worker-akka.actor.default-dispatcher-2] INFO  a.a.LocalActorRef akka://worker/user/watcher/graph0000000000/graph/local-acker/$a - Starting...
15:19:00.231 [worker-akka.actor.default-dispatcher-2] INFO  a.a.LocalActorRef akka://worker/user/watcher/graph0000000000/graph/local-acker - Starting...
Warning: space is running low in /dev/shm (tmpfs) threshold=167,772,160 usable=158,621,696
Warning: space is running low in /dev/shm (tmpfs) threshold=167,772,160 usable=146,034,688
Warning: space is running low in /dev/shm (tmpfs) threshold=167,772,160 usable=133,447,680
Warning: space is running low in /dev/shm (tmpfs) threshold=167,772,160 usable=120,860,672
Warning: space is running low in /dev/shm (tmpfs) threshold=167,772,160 usable=108,273,664
Warning: space is running low in /dev/shm (tmpfs) threshold=167,772,160 usable=95,686,656
Warning: space is running low in /dev/shm (tmpfs) threshold=167,772,160 usable=83,099,648
Warning: space is running low in /dev/shm (tmpfs) threshold=167,772,160 usable=70,512,640
15:19:01.485 [worker-akka.actor.default-dispatcher-2] INFO  a.a.LocalActorRef akka://worker/user/watcher/graph0000000000/graph - Finishing constructor
15:19:01.487 [worker-akka.actor.default-dispatcher-2] INFO  a.a.LocalActorRef akka://worker/user/watcher/graph0000000000 - Starting...
15:19:01.488 [worker-akka.actor.default-dispatcher-2] INFO  a.a.LocalActorRef akka://worker/user/watcher/graph0000000000/negotiator - Starting...
15:19:01.567 [worker-akka.actor.default-dispatcher-2] INFO  a.a.LocalActorRef akka://worker/user/watcher/graph0000000000/edge - Starting...
15:19:01.568 [worker-akka.actor.default-dispatcher-2] INFO  a.a.LocalActorRef akka://worker/user/watcher/graph0000000000/graph/$a - Starting...
15:19:01.570 [worker-akka.actor.default-dispatcher-2] INFO  a.a.LocalActorRef akka://worker/user/watcher/graph0000000000/graph/$b - Starting...
15:19:01.572 [worker-akka.actor.default-dispatcher-2] INFO  a.a.LocalActorRef akka://worker/user/watcher/graph0000000000/graph/$c - Starting...
15:19:01.599 [worker-akka.actor.default-dispatcher-2] INFO  c.s.f.r.e.s.SocketRear  - FlameSocketGraphDeployerRear@172.31.45.197: connecting to 172.31.34.147:5678
15:19:01.605 [worker-akka.actor.default-dispatcher-2] INFO  c.s.f.r.e.s.SocketRear  - FlameSocketGraphDeployerRear@172.31.45.197: connected to 172.31.34.147:5678
2018-02-15T15:19:01.613+0000: 14.417: [GC (Allocation Failure) 2018-02-15T15:19:01.613+0000: 14.417: [DefNew: 124533K->17023K(153600K), 0.0229676 secs] 128774K->31849K(494976K), 0.0230243 secs] [Times: user=0.00 sys=0.01, real=0.02 secs] 
15:19:01.657 [worker-akka.actor.default-dispatcher-2] INFO  a.a.LocalActorRef akka://worker/user/watcher/graph0000000000/edge/FlameSocketGraphDeployerRear - Starting...
15:19:01.660 [worker-akka.actor.default-dispatcher-2] INFO  a.a.LocalActorRef akka://worker/user/watcher/graph0000000000/edge/FlameSocketGraphDeployerFront - Starting...
15:19:01.660 [worker-akka.actor.default-dispatcher-2] INFO  a.a.LocalActorRef akka://worker/user/watcher/graph0000000000/negotiator - Requesting ticket for the frontClass FlameSocketGraphDeployerFront@172.31.45.197
15:19:01.678 [worker-akka.actor.default-dispatcher-2] INFO  a.a.LocalActorRef akka://worker/user/watcher/graph0000000000/negotiator - Ticket for the frontClass received: FrontTicket{allowedTimestamp=(1518707939299, FlameSocketGraphDeployerFront@172.31.45.197)}
15:19:01.678 [worker-akka.actor.default-dispatcher-2] INFO  c.s.f.r.e.s.SocketFront  - FlameSocketGraphDeployerFront@172.31.45.197: connecting to 172.31.34.147:4567
15:19:01.716 [Client] INFO  c.s.f.r.e.s.SocketFront  - FlameSocketGraphDeployerFront@172.31.45.197 has been disconnected from Connection 4
2018-02-15T15:19:17.349+0000: 30.153: [GC (Allocation Failure) 2018-02-15T15:19:17.349+0000: 30.153: [DefNew: 153599K->3849K(153600K), 0.0504173 secs] 168425K->55190K(494976K), 0.0504819 secs] [Times: user=0.02 sys=0.03, real=0.04 secs] 
2018-02-15T15:19:36.134+0000: 48.938: [GC (Allocation Failure) 2018-02-15T15:19:36.134+0000: 48.938: [DefNew: 140425K->5582K(153600K), 0.0119090 secs] 191766K->56923K(494976K), 0.0119737 secs] [Times: user=0.01 sys=0.00, real=0.01 secs] 
2018-02-15T15:19:52.025+0000: 64.829: [GC (Allocation Failure) 2018-02-15T15:19:52.025+0000: 64.829: [DefNew: 142158K->7584K(153600K), 0.0153508 secs] 193499K->58925K(494976K), 0.0154188 secs] [Times: user=0.01 sys=0.00, real=0.02 secs] 
2018-02-15T15:20:06.424+0000: 79.228: [GC (Allocation Failure) 2018-02-15T15:20:06.424+0000: 79.228: [DefNew: 144160K->8746K(153600K), 0.0156360 secs] 195501K->60087K(494976K), 0.0157047 secs] [Times: user=0.02 sys=0.00, real=0.01 secs] 
2018-02-15T15:20:20.788+0000: 93.592: [GC (Allocation Failure) 2018-02-15T15:20:20.788+0000: 93.592: [DefNew: 145322K->8351K(153600K), 0.0178255 secs] 196663K->61378K(494976K), 0.0178924 secs] [Times: user=0.02 sys=0.00, real=0.02 secs] 
2018-02-15T15:20:38.103+0000: 110.907: [GC (Allocation Failure) 2018-02-15T15:20:38.103+0000: 110.907: [DefNew: 144927K->9484K(153600K), 0.0158955 secs] 197954K->62512K(494976K), 0.0159696 secs] [Times: user=0.01 sys=0.00, real=0.01 secs] 
2018-02-15T15:20:53.545+0000: 126.349: [GC (Allocation Failure) 2018-02-15T15:20:53.545+0000: 126.349: [DefNew: 146060K->9506K(153600K), 0.0171095 secs] 199088K->63719K(494976K), 0.0171818 secs] [Times: user=0.02 sys=0.00, real=0.02 secs] 
2018-02-15T15:21:13.505+0000: 146.309: [GC (Allocation Failure) 2018-02-15T15:21:13.505+0000: 146.309: [DefNew: 146082K->9475K(153600K), 0.0202051 secs] 200295K->64739K(494976K), 0.0202735 secs] [Times: user=0.02 sys=0.00, real=0.02 secs] 
2018-02-15T15:21:29.762+0000: 162.566: [GC (Allocation Failure) 2018-02-15T15:21:29.762+0000: 162.566: [DefNew: 146051K->9343K(153600K), 0.0161365 secs] 201315K->65818K(494976K), 0.0162015 secs] [Times: user=0.01 sys=0.00, real=0.01 secs] 
2018-02-15T15:21:47.713+0000: 180.517: [GC (Allocation Failure) 2018-02-15T15:21:47.713+0000: 180.517: [DefNew: 145919K->9574K(153600K), 0.0188040 secs] 202394K->67229K(494976K), 0.0188840 secs] [Times: user=0.02 sys=0.00, real=0.02 secs] 
2018-02-15T15:22:10.212+0000: 203.016: [GC (Allocation Failure) 2018-02-15T15:22:10.212+0000: 203.016: [DefNew: 146150K->9606K(153600K), 0.0165071 secs] 203805K->68249K(494976K), 0.0165831 secs] [Times: user=0.01 sys=0.00, real=0.02 secs] 
2018-02-15T15:22:30.508+0000: 223.312: [GC (Allocation Failure) 2018-02-15T15:22:30.508+0000: 223.312: [DefNew: 146182K->8786K(153600K), 0.0204053 secs] 204825K->69687K(494976K), 0.0204701 secs] [Times: user=0.02 sys=0.00, real=0.02 secs] 
2018-02-15T15:22:50.308+0000: 243.112: [GC (Allocation Failure) 2018-02-15T15:22:50.308+0000: 243.112: [DefNew: 145362K->8903K(153600K), 0.0160736 secs] 206263K->70839K(494976K), 0.0161401 secs] [Times: user=0.01 sys=0.00, real=0.01 secs] 
2018-02-15T15:23:10.509+0000: 263.313: [GC (Allocation Failure) 2018-02-15T15:23:10.509+0000: 263.313: [DefNew: 145479K->9177K(153600K), 0.0191752 secs] 207415K->72280K(494976K), 0.0192587 secs] [Times: user=0.02 sys=0.00, real=0.02 secs] 
2018-02-15T15:23:31.760+0000: 284.564: [GC (Allocation Failure) 2018-02-15T15:23:31.760+0000: 284.564: [DefNew: 145753K->9825K(153600K), 0.0174128 secs] 208856K->74030K(494976K), 0.0174913 secs] [Times: user=0.01 sys=0.00, real=0.01 secs] 
2018-02-15T15:23:47.892+0000: 300.696: [GC (Allocation Failure) 2018-02-15T15:23:47.892+0000: 300.696: [DefNew: 146401K->8032K(153600K), 0.0177201 secs] 210606K->74726K(494976K), 0.0177825 secs] [Times: user=0.02 sys=0.00, real=0.02 secs] 
2018-02-15T15:24:06.125+0000: 318.929: [GC (Allocation Failure) 2018-02-15T15:24:06.125+0000: 318.929: [DefNew: 144608K->9488K(153600K), 0.0155237 secs] 211302K->76182K(494976K), 0.0155887 secs] [Times: user=0.01 sys=0.00, real=0.02 secs] 
2018-02-15T15:24:26.642+0000: 339.446: [GC (Allocation Failure) 2018-02-15T15:24:26.642+0000: 339.446: [DefNew: 146064K->9355K(153600K), 0.0165751 secs] 212758K->77173K(494976K), 0.0166397 secs] [Times: user=0.01 sys=0.00, real=0.01 secs] 
2018-02-15T15:24:47.874+0000: 360.678: [GC (Allocation Failure) 2018-02-15T15:24:47.874+0000: 360.678: [DefNew: 145931K->9525K(153600K), 0.0204287 secs] 213749K->78477K(494976K), 0.0204976 secs] [Times: user=0.02 sys=0.00, real=0.02 secs] 
2018-02-15T15:25:03.354+0000: 376.158: [GC (Allocation Failure) 2018-02-15T15:25:03.354+0000: 376.158: [DefNew: 146101K->9897K(153600K), 0.0176854 secs] 215053K->79891K(494976K), 0.0177564 secs] [Times: user=0.02 sys=0.00, real=0.02 secs] 
2018-02-15T15:25:19.533+0000: 392.337: [GC (Allocation Failure) 2018-02-15T15:25:19.533+0000: 392.337: [DefNew: 146473K->9073K(153600K), 0.0188276 secs] 216467K->81303K(494976K), 0.0188928 secs] [Times: user=0.02 sys=0.00, real=0.02 secs] 
2018-02-15T15:25:35.059+0000: 407.863: [GC (Allocation Failure) 2018-02-15T15:25:35.059+0000: 407.863: [DefNew: 145649K->8966K(153600K), 0.0278955 secs] 217879K->82429K(494976K), 0.0279755 secs] [Times: user=0.00 sys=0.03, real=0.03 secs] 
2018-02-15T15:25:52.967+0000: 425.771: [GC (Allocation Failure) 2018-02-15T15:25:52.967+0000: 425.771: [DefNew: 145542K->9582K(153600K), 0.0167133 secs] 219005K->84555K(494976K), 0.0167869 secs] [Times: user=0.01 sys=0.00, real=0.02 secs] 
2018-02-15T15:26:11.797+0000: 444.601: [GC (Allocation Failure) 2018-02-15T15:26:11.797+0000: 444.601: [DefNew: 146158K->10128K(153600K), 0.0176460 secs] 221131K->86350K(494976K), 0.0177220 secs] [Times: user=0.02 sys=0.00, real=0.02 secs] 
2018-02-15T15:26:27.682+0000: 460.486: [GC (Allocation Failure) 2018-02-15T15:26:27.683+0000: 460.486: [DefNew: 146704K->8057K(153600K), 0.0179651 secs] 222926K->87526K(494976K), 0.0180329 secs] [Times: user=0.00 sys=0.01, real=0.02 secs] 
2018-02-15T15:26:46.838+0000: 479.642: [GC (Allocation Failure) 2018-02-15T15:26:46.838+0000: 479.642: [DefNew: 144633K->9720K(153600K), 0.0148482 secs] 224102K->89190K(494976K), 0.0149143 secs] [Times: user=0.00 sys=0.01, real=0.02 secs] 
2018-02-15T15:27:04.871+0000: 497.675: [GC (Allocation Failure) 2018-02-15T15:27:04.871+0000: 497.675: [DefNew: 146296K->9868K(153600K), 0.0177527 secs] 225766K->90701K(494976K), 0.0178206 secs] [Times: user=0.02 sys=0.00, real=0.02 secs] 
2018-02-15T15:27:23.164+0000: 515.968: [GC (Allocation Failure) 2018-02-15T15:27:23.164+0000: 515.968: [DefNew: 146444K->9798K(153600K), 0.0174734 secs] 227277K->91855K(494976K), 0.0175356 secs] [Times: user=0.02 sys=0.00, real=0.02 secs] 
2018-02-15T15:27:41.329+0000: 534.133: [GC (Allocation Failure) 2018-02-15T15:27:41.329+0000: 534.133: [DefNew: 146374K->9878K(153600K), 0.0168666 secs] 228431K->93122K(494976K), 0.0169293 secs] [Times: user=0.01 sys=0.00, real=0.01 secs] 
2018-02-15T15:28:01.417+0000: 554.221: [GC (Allocation Failure) 2018-02-15T15:28:01.417+0000: 554.221: [DefNew: 146454K->10574K(153600K), 0.0185624 secs] 229698K->95069K(494976K), 0.0186447 secs] [Times: user=0.02 sys=0.00, real=0.02 secs] 
2018-02-15T15:28:19.087+0000: 571.891: [GC (Allocation Failure) 2018-02-15T15:28:19.087+0000: 571.891: [DefNew: 147150K->8791K(153600K), 0.0175490 secs] 231645K->95904K(494976K), 0.0176120 secs] [Times: user=0.02 sys=0.00, real=0.02 secs] 
2018-02-15T15:28:35.554+0000: 588.358: [GC (Allocation Failure) 2018-02-15T15:28:35.554+0000: 588.358: [DefNew: 145367K->8929K(153600K), 0.0161938 secs] 232480K->97642K(494976K), 0.0162612 secs] [Times: user=0.02 sys=0.00, real=0.02 secs] 
2018-02-15T15:28:52.869+0000: 605.673: [GC (Allocation Failure) 2018-02-15T15:28:52.869+0000: 605.673: [DefNew: 145505K->9057K(153600K), 0.0196195 secs] 234218K->99174K(494976K), 0.0197043 secs] [Times: user=0.01 sys=0.00, real=0.02 secs] 
2018-02-15T15:29:11.028+0000: 623.832: [GC (Allocation Failure) 2018-02-15T15:29:11.028+0000: 623.832: [DefNew: 145633K->9191K(153600K), 0.0162216 secs] 235750K->100737K(494976K), 0.0162868 secs] [Times: user=0.01 sys=0.01, real=0.01 secs] 
2018-02-15T15:29:28.784+0000: 641.588: [GC (Allocation Failure) 2018-02-15T15:29:28.784+0000: 641.588: [DefNew: 145767K->9474K(153600K), 0.0171068 secs] 237313K->102573K(494976K), 0.0171922 secs] [Times: user=0.01 sys=0.01, real=0.02 secs] 
2018-02-15T15:29:48.648+0000: 661.452: [GC (Allocation Failure) 2018-02-15T15:29:48.649+0000: 661.453: [DefNew: 146050K->9386K(153600K), 0.0167369 secs] 239149K->103940K(494976K), 0.0168043 secs] [Times: user=0.01 sys=0.01, real=0.01 secs] 
2018-02-15T15:30:05.111+0000: 677.915: [GC (Allocation Failure) 2018-02-15T15:30:05.111+0000: 677.915: [DefNew: 145962K->9157K(153600K), 0.0169242 secs] 240516K->105310K(494976K), 0.0169897 secs] [Times: user=0.02 sys=0.00, real=0.02 secs] 
2018-02-15T15:30:20.788+0000: 693.592: [GC (Allocation Failure) 2018-02-15T15:30:20.788+0000: 693.592: [DefNew: 145733K->9976K(153600K), 0.0160678 secs] 241886K->107395K(494976K), 0.0161366 secs] [Times: user=0.02 sys=0.00, real=0.01 secs] 
2018-02-15T15:30:42.075+0000: 714.879: [GC (Allocation Failure) 2018-02-15T15:30:42.075+0000: 714.879: [DefNew: 146552K->10071K(153600K), 0.0181005 secs] 243971K->108919K(494976K), 0.0181684 secs] [Times: user=0.01 sys=0.00, real=0.02 secs] 
2018-02-15T15:30:58.598+0000: 731.402: [GC (Allocation Failure) 2018-02-15T15:30:58.598+0000: 731.402: [DefNew: 146647K->10211K(153600K), 0.0168591 secs] 245495K->110569K(494976K), 0.0169228 secs] [Times: user=0.02 sys=0.00, real=0.02 secs] 
15:31:03.228 [Client] INFO  c.s.f.r.e.s.SocketRear  - FlameSocketGraphDeployerRear@172.31.45.197: has been disconnected from Connection 4
15:35:44.279 [worker-akka.actor.default-dispatcher-2] INFO  a.a.CoordinatedShutdown CoordinatedShutdown(akka://worker) - Starting coordinated shutdown from JVM shutdown hook
15:35:44.318 [worker-akka.actor.default-dispatcher-2] INFO  a.a.LocalActorRef akka://worker/user/watcher/graph0000000000/edge/FlameSocketGraphDeployerFront - Stopped
15:35:44.324 [worker-akka.actor.default-dispatcher-2] INFO  a.a.LocalActorRef akka://worker/user/watcher/graph0000000000/negotiator - Stopped
15:35:44.325 [worker-akka.actor.default-dispatcher-2] INFO  a.a.LocalActorRef akka://worker/user/watcher/graph0000000000/edge/FlameSocketGraphDeployerRear - Stopped
15:35:44.326 [worker-akka.actor.default-dispatcher-2] INFO  a.a.LocalActorRef akka://worker/user/watcher/graph0000000000/graph/$a - Stopped
15:35:44.327 [worker-akka.actor.default-dispatcher-2] INFO  a.a.LocalActorRef akka://worker/user/watcher/graph0000000000/graph/$b - Stopped
15:35:44.327 [worker-akka.actor.default-dispatcher-2] INFO  a.a.LocalActorRef akka://worker/user/watcher/graph0000000000/graph/$c - Stopped
15:35:44.328 [worker-akka.actor.default-dispatcher-2] INFO  a.a.LocalActorRef akka://worker/user/watcher/graph0000000000/graph/local-acker/$a - Stopped
15:35:44.332 [worker-akka.actor.default-dispatcher-2] INFO  a.a.LocalActorRef akka://worker/user/watcher/graph0000000000/edge - Stopped
15:35:44.333 [worker-akka.actor.default-dispatcher-2] INFO  a.a.LocalActorRef akka://worker/user/watcher/graph0000000000/graph/local-acker/$a - Message [com.spbsu.flamestream.runtime.utils.akka.PingActor$InnerPing] from Actor[akka://worker/user/watcher/graph0000000000/graph/local-acker/$a#-1969728015] to Actor[akka://worker/user/watcher/graph0000000000/graph/local-acker/$a#-1969728015] was not delivered. [1] dead letters encountered. This logging can be turned off or adjusted with configuration settings 'akka.log-dead-letters' and 'akka.log-dead-letters-during-shutdown'.
15:35:44.335 [worker-akka.actor.default-dispatcher-2] INFO  a.a.LocalActorRef akka://worker/user/watcher/graph0000000000/graph/local-acker - Stopped
15:35:44.336 [worker-akka.actor.default-dispatcher-2] INFO  a.a.LocalActorRef akka://worker/user/watcher/graph0000000000/graph/local-acker/$a - Message [com.spbsu.flamestream.runtime.utils.akka.PingActor$Stop] from Actor[akka://worker/user/watcher/graph0000000000/graph/local-acker#79018009] to Actor[akka://worker/user/watcher/graph0000000000/graph/local-acker/$a#-1969728015] was not delivered. [2] dead letters encountered. This logging can be turned off or adjusted with configuration settings 'akka.log-dead-letters' and 'akka.log-dead-letters-during-shutdown'.
15:35:44.339 [worker-akka.actor.default-dispatcher-2] INFO  a.a.LocalActorRef akka://worker/user/watcher/graph0000000000/graph/local-acker - Message [com.spbsu.flamestream.runtime.acker.LocalAcker$Flush] from Actor[akka://worker/user/watcher/graph0000000000/graph/local-acker#79018009] to Actor[akka://worker/user/watcher/graph0000000000/graph/local-acker#79018009] was not delivered. [3] dead letters encountered. This logging can be turned off or adjusted with configuration settings 'akka.log-dead-letters' and 'akka.log-dead-letters-during-shutdown'.
15:35:44.339 [worker-akka.actor.default-dispatcher-2] INFO  a.a.LocalActorRef akka://worker/user/watcher/graph0000000000/graph/local-acker - Message [com.spbsu.flamestream.runtime.acker.LocalAcker$Flush] from Actor[akka://worker/user/watcher/graph0000000000/graph/local-acker#79018009] to Actor[akka://worker/user/watcher/graph0000000000/graph/local-acker#79018009] was not delivered. [4] dead letters encountered. This logging can be turned off or adjusted with configuration settings 'akka.log-dead-letters' and 'akka.log-dead-letters-during-shutdown'.
15:35:44.339 [worker-akka.actor.default-dispatcher-2] INFO  a.a.LocalActorRef akka://worker/user/watcher/graph0000000000/graph - Stopped
15:35:44.339 [worker-akka.actor.default-dispatcher-2] INFO  a.a.LocalActorRef akka://worker/user/watcher/graph0000000000 - Stopped
15:35:44.342 [worker-akka.actor.default-dispatcher-2-EventThread] INFO  o.a.z.ClientCnxn  - EventThread shut down for session: 0x1619a0ace950005
15:35:44.343 [worker-akka.actor.default-dispatcher-2] INFO  o.a.z.ZooKeeper  - Session: 0x1619a0ace950005 closed
15:35:44.343 [worker-akka.actor.default-dispatcher-2] INFO  a.a.RepointableActorRef akka://worker/user/watcher - Stopped
15:35:44.358 [worker-akka.actor.default-dispatcher-2] INFO  a.r.RemoteActorRefProvider$RemotingTerminator akka://worker@172.31.45.197:5412/system/remoting-terminator - Shutting down remote daemon.
15:35:44.361 [worker-akka.actor.default-dispatcher-2] INFO  a.r.RemoteActorRefProvider$RemotingTerminator akka://worker@172.31.45.197:5412/system/remoting-terminator - Remote daemon shut down; proceeding with flushing remote transports.
15:35:45.458 [worker-akka.actor.default-dispatcher-2] INFO  a.r.RemoteActorRefProvider$RemotingTerminator akka://worker@172.31.45.197:5412/system/remoting-terminator - Remoting shut down.
Attempts of event 'shuffle-send' - 0
Attempts of event 'front-receive-send' - 0
Attempts of event 'inject-out' - 550028
Attempts of event 'sink-receive' - 556265
Attempts of event 'flatmap-receive' - 1173
Attempts of event 'fm-send' - 532852
Attempts of event 'rear-in' - 548855
Attempts of event 'flatmap-send' - 532852
Attempts of event 'inject-in' - 550028
Attempts of event 'wrong-ordering-filter-receive' - 556265
Attempts of event 'accept-in' - 0
Attempts of event 'grouping-receive' - 1105120
Heap
 def new generation   total 153600K, used 108676K [0x00000000e0c00000, 0x00000000eb2a0000, 0x00000000eb2a0000)
  eden space 136576K,  72% used [0x00000000e0c00000, 0x00000000e6c28488, 0x00000000e9160000)
  from space 17024K,  59% used [0x00000000e9160000, 0x00000000e9b58da8, 0x00000000ea200000)
  to   space 17024K,   0% used [0x00000000ea200000, 0x00000000ea200000, 0x00000000eb2a0000)
 tenured generation   total 341376K, used 100357K [0x00000000eb2a0000, 0x0000000100000000, 0x0000000100000000)
   the space 341376K,  29% used [0x00000000eb2a0000, 0x00000000f14a1660, 0x00000000f14a1800, 0x0000000100000000)
 Metaspace       used 33494K, capacity 34290K, committed 34684K, reserved 1079296K
  class space    used 4453K, capacity 4624K, committed 4736K, reserved 1048576K
