12:13:13.245 [worker-akka.actor.default-dispatcher-2] INFO  a.e.s.Slf4jLogger  - Slf4jLogger started
2018-02-21T12:13:13.401+0000: 1.731: [Full GC (Metadata GC Threshold) 2018-02-21T12:13:13.401+0000: 1.731: [Tenured: 0K->15411K(341376K), 0.0370770 secs] 117539K->15411K(494976K), [Metaspace: 20875K->20875K(1067008K)], 0.0371417 secs] [Times: user=0.03 sys=0.00, real=0.04 secs] 
Ama winner
Ama winner
12:13:13.735 [worker-akka.actor.default-dispatcher-2] INFO  a.r.a.ArteryTransport(akka://worker) akka.remote.artery.ArteryTransport(akka://worker) - Started embedded media driver in directory [/dev/shm/aeron-root-worker-83d11975-4ff8-4050-ba52-946f64faaa1e]
12:13:13.932 [worker-akka.actor.default-dispatcher-2] INFO  a.r.a.ArteryTransport(akka://worker) akka.remote.artery.ArteryTransport(akka://worker) - Remoting started; listening on address: [akka://worker@172.31.37.101:5412] with UID [-3599781955127989727]
12:13:13.990 [worker-akka.actor.default-dispatcher-2] INFO  o.a.z.ZooKeeper  - Client environment:zookeeper.version=3.4.9-1757313, built on 08/23/2016 06:50 GMT
12:13:13.990 [worker-akka.actor.default-dispatcher-2] INFO  o.a.z.ZooKeeper  - Client environment:host.name=ip-172-31-37-101.us-east-2.compute.internal
12:13:13.990 [worker-akka.actor.default-dispatcher-2] INFO  o.a.z.ZooKeeper  - Client environment:java.version=1.8.0_151
12:13:13.990 [worker-akka.actor.default-dispatcher-2] INFO  o.a.z.ZooKeeper  - Client environment:java.vendor=Oracle Corporation
12:13:13.990 [worker-akka.actor.default-dispatcher-2] INFO  o.a.z.ZooKeeper  - Client environment:java.home=/usr/lib/jvm/java-8-openjdk-amd64/jre
12:13:13.990 [worker-akka.actor.default-dispatcher-2] INFO  o.a.z.ZooKeeper  - Client environment:java.class.path=lib/commons-cli-1.4.jar:lib/minlog-1.3.0.jar:lib/asm-5.0.4.jar:lib/hadoop-annotations-2.7.3.jar:lib/hadoop-auth-2.7.3.jar:lib/akka-slf4j_2.11-2.5.6.jar:lib/jersey-core-1.9.jar:lib/lz4-1.3.0.jar:lib/jackson-core-asl-1.9.13.jar:lib/aeron-client-1.3.0.jar:lib/htrace-core-3.1.0-incubating.jar:lib/xz-1.0.jar:lib/commons-httpclient-3.1.jar:lib/asm-3.1.jar:lib/commons-lang3-3.4.jar:lib/scala-library-2.11.11.jar:lib/scala-java8-compat_2.11-0.7.0.jar:lib/commons-configuration-1.6.jar:lib/objenesis-2.1.jar:lib/jackson-annotations-2.8.0.jar:lib/jsr305-3.0.0.jar:lib/curator-framework-2.7.1.jar:lib/jersey-server-1.9.jar:lib/jets3t-0.9.0.jar:lib/leveldb-0.7.jar:lib/jetty-6.1.26.jar:lib/stax-api-1.0-2.jar:lib/flamestream-core-1.0-SNAPSHOT.jar:lib/reflectasm-1.07-shaded.jar:lib/apacheds-kerberos-codec-2.0.0-M15.jar:lib/api-asn1-api-1.0.0-M20.jar:lib/commons-lang-2.6.jar:lib/commons-beanutils-1.7.0.jar:lib/jackson-xc-1.8.3.jar:lib/jetty-util-6.1.26.jar:lib/logback-classic-1.2.3.jar:lib/jool-0.9.12.jar:lib/flamestream-runtime-1.0-SNAPSHOT-tests.jar:lib/httpcore-4.1.2.jar:lib/kryo-4.0.0.jar:lib/ant-1.8.1.jar:lib/jaxb-impl-2.2.3-1.jar:lib/jersey-json-1.9.jar:lib/commons-compress-1.4.1.jar:lib/leveldbjni-all-1.8.jar:lib/paranamer-2.3.jar:lib/jackson-core-2.8.4.jar:lib/commons-math3-3.6.1.jar:lib/scala-parser-combinators_2.11-1.0.4.jar:lib/netty-3.10.6.Final.jar:lib/trove4j-3.0.3.jar:lib/jaxb-api-2.2.2.jar:lib/logback-core-1.2.3.jar:lib/snappy-java-1.0.4.1.jar:lib/protobuf-java-2.5.0.jar:lib/reactive-streams-1.0.1.jar:lib/flamestream-examples-1.0-SNAPSHOT.jar:lib/commons-codec-1.4.jar:lib/activation-1.1.jar:lib/commons-net-3.1.jar:lib/curator-recipes-2.7.1.jar:lib/jackson-mapper-asl-1.9.13.jar:lib/jackson-databind-2.8.4.jar:lib/flamestream-runtime-1.0-SNAPSHOT.jar:lib/jackson-jaxrs-1.8.3.jar:lib/slf4j-api-1.7.24.jar:lib/akka-remote_2.11-2.5.6.jar:lib/akka-testkit_2.11-2.5.6.jar:lib/jline-0.9.94.jar:lib/akka-stream_2.11-2.5.6.jar:lib/jsp-api-2.1.jar:lib/kryonet-2.21.jar:lib/akka-kryo-serialization_2.11-0.5.0.jar:lib/config-1.3.1.jar:lib/ant-launcher-1.8.1.jar:lib/commons-logging-1.2.jar:lib/ssl-config-core_2.11-0.2.2.jar:lib/testng-6.10.jar:lib/leveldb-api-0.7.jar:lib/reflectasm-1.11.3.jar:lib/jcommander-1.48.jar:lib/commons-1.1.jar:lib/commons-digester-1.8.jar:lib/minlog-1.2.jar:lib/java-xmlbuilder-0.4.jar:lib/jettison-1.1.jar:lib/gson-2.2.4.jar:lib/jdk.tools-1.8.jar:lib/aeron-driver-1.3.0.jar:lib/zookeeper-3.4.9.jar:lib/commons-beanutils-core-1.8.0.jar:lib/commons-math3-3.1.1.jar:lib/akka-actor_2.11-2.5.6.jar:lib/curator-client-2.7.1.jar:lib/servlet-api-2.5.jar:lib/apacheds-i18n-2.0.0-M15.jar:lib/commons-io-2.4.jar:lib/commons-codec-1.6.jar:lib/akka-protobuf_2.11-2.5.6.jar:lib/protobuf-java-3.5.1.jar:lib/jdom-2.0.2.jar:lib/api-util-1.0.0-M20.jar:lib/hadoop-common-2.7.3.jar:lib/agrona-0.9.6.jar:lib/xmlenc-0.52.jar:lib/guava-21.0.jar:lib/commons-collections-3.2.2.jar:lib/avro-1.7.4.jar:lib/httpclient-4.1.2.jar:lib/flamestream-core-1.0-SNAPSHOT-tests.jar:lib/annotations-12.0.jar:lib/jsch-0.1.42.jar:flamestream-runtime-1.0-SNAPSHOT.jar
12:13:13.990 [worker-akka.actor.default-dispatcher-2] INFO  o.a.z.ZooKeeper  - Client environment:java.library.path=/usr/java/packages/lib/amd64:/usr/lib/x86_64-linux-gnu/jni:/lib/x86_64-linux-gnu:/usr/lib/x86_64-linux-gnu:/usr/lib/jni:/lib:/usr/lib
12:13:13.990 [worker-akka.actor.default-dispatcher-2] INFO  o.a.z.ZooKeeper  - Client environment:java.io.tmpdir=/tmp
12:13:13.991 [worker-akka.actor.default-dispatcher-2] INFO  o.a.z.ZooKeeper  - Client environment:java.compiler=<NA>
12:13:13.991 [worker-akka.actor.default-dispatcher-2] INFO  o.a.z.ZooKeeper  - Client environment:os.name=Linux
12:13:13.991 [worker-akka.actor.default-dispatcher-2] INFO  o.a.z.ZooKeeper  - Client environment:os.arch=amd64
12:13:13.991 [worker-akka.actor.default-dispatcher-2] INFO  o.a.z.ZooKeeper  - Client environment:os.version=4.4.0-1049-aws
12:13:13.991 [worker-akka.actor.default-dispatcher-2] INFO  o.a.z.ZooKeeper  - Client environment:user.name=root
12:13:13.992 [worker-akka.actor.default-dispatcher-2] INFO  o.a.z.ZooKeeper  - Client environment:user.home=/root
12:13:13.992 [worker-akka.actor.default-dispatcher-2] INFO  o.a.z.ZooKeeper  - Client environment:user.dir=/opt/flamestream
12:13:13.994 [worker-akka.actor.default-dispatcher-2] INFO  o.a.z.ZooKeeper  - Initiating client connection, connectString=172.31.34.147:2181 sessionTimeout=5000 watcher=com.spbsu.flamestream.runtime.application.LifecycleWatcher$$Lambda$29/764839090@3d5d5f13
12:13:14.012 [worker-akka.actor.default-dispatcher-2-SendThread(172.31.34.147:2181)] INFO  o.a.z.ClientCnxn  - Opening socket connection to server 172.31.34.147/172.31.34.147:2181. Will not attempt to authenticate using SASL (unknown error)
12:13:14.012 [worker-akka.actor.default-dispatcher-2] INFO  a.a.RepointableActorRef akka://worker/user/watcher - Starting...
12:13:14.015 [worker-akka.actor.default-dispatcher-2-SendThread(172.31.34.147:2181)] INFO  o.a.z.ClientCnxn  - Socket connection established to 172.31.34.147/172.31.34.147:2181, initiating session
12:13:14.021 [worker-akka.actor.default-dispatcher-2-SendThread(172.31.34.147:2181)] INFO  o.a.z.ClientCnxn  - Session establishment complete on server 172.31.34.147/172.31.34.147:2181, sessionid = 0x161b84784c50008, negotiated timeout = 6000
12:13:14.106 [worker-akka.actor.default-dispatcher-2] INFO  a.a.RepointableActorRef akka://worker/user/watcher - Connected to ZK
12:13:21.531 [worker-akka.actor.default-dispatcher-2] INFO  a.a.RepointableActorRef akka://worker/user/watcher - Creating node with watchGraphs: 'com.spbsu.flamestream.core.Graph$Builder$MyGraph@cf23589', config: 'ClusterConfig{paths={172.31.33.155=akka://worker@172.31.33.155:5412/user/watcher/graph0000000000, 172.31.47.83=akka://worker@172.31.47.83:5412/user/watcher/graph0000000000, 172.31.39.64=akka://worker@172.31.39.64:5412/user/watcher/graph0000000000, 172.31.35.79=akka://worker@172.31.35.79:5412/user/watcher/graph0000000000, 172.31.47.100=akka://worker@172.31.47.100:5412/user/watcher/graph0000000000, 172.31.37.101=akka://worker@172.31.37.101:5412/user/watcher/graph0000000000}, ackerLocation='172.31.35.79', props=ComputationLayout{ranges={172.31.33.155=HashRange{from=-1288490189, to=-429496730}, 172.31.47.83=HashRange{from=429496729, to=1288490188}, 172.31.39.64=HashRange{from=1288490188, to=2147483647}, 172.31.35.79=HashRange{from=0, to=0}, 172.31.47.100=HashRange{from=-2147483648, to=-1288490189}, 172.31.37.101=HashRange{from=-429496730, to=429496729}}}}'
12:13:22.128 [worker-akka.actor.default-dispatcher-2] INFO  a.a.LocalActorRef akka://worker/user/watcher/graph0000000000/graph - Starting...
12:13:22.130 [worker-akka.actor.default-dispatcher-2] INFO  a.a.LocalActorRef akka://worker/user/watcher/graph0000000000/graph/local-acker - Starting...
12:13:22.131 [worker-akka.actor.default-dispatcher-2] INFO  a.a.LocalActorRef akka://worker/user/watcher/graph0000000000/graph/local-acker/$a - Starting...
12:13:22.971 [worker-akka.actor.default-dispatcher-2] INFO  a.a.LocalActorRef akka://worker/user/watcher/graph0000000000/graph - Finishing constructor
12:13:22.973 [worker-akka.actor.default-dispatcher-2] INFO  a.a.LocalActorRef akka://worker/user/watcher/graph0000000000 - Starting...
12:13:22.973 [worker-akka.actor.default-dispatcher-2] INFO  a.a.LocalActorRef akka://worker/user/watcher/graph0000000000/negotiator - Starting...
12:13:23.023 [worker-akka.actor.default-dispatcher-2] INFO  a.a.LocalActorRef akka://worker/user/watcher/graph0000000000/edge - Starting...
12:13:23.024 [worker-akka.actor.default-dispatcher-2] INFO  a.a.LocalActorRef akka://worker/user/watcher/graph0000000000/graph/$a - Starting...
12:13:23.026 [worker-akka.actor.default-dispatcher-2] INFO  a.a.LocalActorRef akka://worker/user/watcher/graph0000000000/graph/$b - Starting...
12:13:23.026 [worker-akka.actor.default-dispatcher-2] INFO  a.a.LocalActorRef akka://worker/user/watcher/graph0000000000/graph/$c - Starting...
12:13:23.046 [worker-akka.actor.default-dispatcher-2] INFO  c.s.f.r.e.s.SocketRear  - FlameSocketGraphDeployerRear@172.31.37.101: connecting to 172.31.34.147:5678
12:13:23.052 [worker-akka.actor.default-dispatcher-2] INFO  c.s.f.r.e.s.SocketRear  - FlameSocketGraphDeployerRear@172.31.37.101: connected to 172.31.34.147:5678
12:13:23.067 [worker-akka.actor.default-dispatcher-2] INFO  a.a.LocalActorRef akka://worker/user/watcher/graph0000000000/edge/FlameSocketGraphDeployerRear - Starting...
12:13:23.068 [worker-akka.actor.default-dispatcher-2] INFO  a.a.LocalActorRef akka://worker/user/watcher/graph0000000000/edge/FlameSocketGraphDeployerFront - Starting...
12:13:23.070 [worker-akka.actor.default-dispatcher-2] INFO  a.a.LocalActorRef akka://worker/user/watcher/graph0000000000/negotiator - Requesting ticket for the frontClass FlameSocketGraphDeployerFront@172.31.37.101
12:13:23.084 [worker-akka.actor.default-dispatcher-2] INFO  a.a.LocalActorRef akka://worker/user/watcher/graph0000000000/negotiator - Ticket for the frontClass received: FrontTicket{allowedTimestamp=(1519215201547, FlameSocketGraphDeployerFront@172.31.37.101)}
12:13:23.085 [worker-akka.actor.default-dispatcher-2] INFO  c.s.f.r.e.s.SocketFront  - FlameSocketGraphDeployerFront@172.31.37.101: connecting to 172.31.34.147:4567
12:13:23.096 [Client] INFO  c.s.f.r.e.s.SocketFront  - FlameSocketGraphDeployerFront@172.31.37.101 has been disconnected from Connection 5
2018-02-21T12:13:26.903+0000: 15.232: [GC (Allocation Failure) 2018-02-21T12:13:26.903+0000: 15.232: [DefNew: 136576K->16714K(153600K), 0.0231819 secs] 151987K->51657K(494976K), 0.0232481 secs] [Times: user=0.02 sys=0.00, real=0.02 secs] 
2018-02-21T12:13:35.394+0000: 23.724: [GC (Allocation Failure) 2018-02-21T12:13:35.395+0000: 23.724: [DefNew: 153290K->4648K(153600K), 0.0193846 secs] 188233K->48714K(494976K), 0.0194445 secs] [Times: user=0.02 sys=0.00, real=0.02 secs] 
2018-02-21T12:13:49.654+0000: 37.984: [GC (Allocation Failure) 2018-02-21T12:13:49.654+0000: 37.984: [DefNew: 141224K->7757K(153600K), 0.0161492 secs] 185290K->51823K(494976K), 0.0162071 secs] [Times: user=0.01 sys=0.00, real=0.02 secs] 
2018-02-21T12:14:00.937+0000: 49.267: [GC (Allocation Failure) 2018-02-21T12:14:00.937+0000: 49.267: [DefNew: 144333K->9970K(153600K), 0.0183559 secs] 188399K->54036K(494976K), 0.0184155 secs] [Times: user=0.02 sys=0.00, real=0.02 secs] 
2018-02-21T12:14:11.292+0000: 59.622: [GC (Allocation Failure) 2018-02-21T12:14:11.292+0000: 59.622: [DefNew: 146546K->9591K(153600K), 0.0203125 secs] 190612K->55886K(494976K), 0.0203843 secs] [Times: user=0.02 sys=0.01, real=0.02 secs] 
2018-02-21T12:14:21.374+0000: 69.704: [GC (Allocation Failure) 2018-02-21T12:14:21.374+0000: 69.704: [DefNew: 146167K->9603K(153600K), 0.0219448 secs] 192462K->57826K(494976K), 0.0220144 secs] [Times: user=0.03 sys=0.00, real=0.02 secs] 
2018-02-21T12:14:31.404+0000: 79.734: [GC (Allocation Failure) 2018-02-21T12:14:31.404+0000: 79.734: [DefNew: 146179K->9262K(153600K), 0.0186653 secs] 194402K->59358K(494976K), 0.0187336 secs] [Times: user=0.02 sys=0.00, real=0.02 secs] 
2018-02-21T12:14:39.230+0000: 87.560: [GC (Allocation Failure) 2018-02-21T12:14:39.230+0000: 87.560: [DefNew: 145838K->9698K(153600K), 0.0199686 secs] 195934K->61668K(494976K), 0.0200318 secs] [Times: user=0.02 sys=0.00, real=0.02 secs] 
2018-02-21T12:14:51.607+0000: 99.937: [GC (Allocation Failure) 2018-02-21T12:14:51.607+0000: 99.937: [DefNew: 146274K->9230K(153600K), 0.0192720 secs] 198244K->63465K(494976K), 0.0193345 secs] [Times: user=0.02 sys=0.00, real=0.02 secs] 
2018-02-21T12:15:01.474+0000: 109.803: [GC (Allocation Failure) 2018-02-21T12:15:01.474+0000: 109.803: [DefNew: 145806K->9478K(153600K), 0.0198658 secs] 200041K->65133K(494976K), 0.0199353 secs] [Times: user=0.02 sys=0.00, real=0.02 secs] 
2018-02-21T12:15:13.526+0000: 121.856: [GC (Allocation Failure) 2018-02-21T12:15:13.526+0000: 121.856: [DefNew: 146054K->9539K(153600K), 0.0197252 secs] 201709K->67069K(494976K), 0.0197809 secs] [Times: user=0.02 sys=0.00, real=0.02 secs] 
2018-02-21T12:15:27.724+0000: 136.053: [GC (Allocation Failure) 2018-02-21T12:15:27.724+0000: 136.053: [DefNew: 146115K->9227K(153600K), 0.0186218 secs] 203645K->68514K(494976K), 0.0186967 secs] [Times: user=0.02 sys=0.00, real=0.02 secs] 
2018-02-21T12:15:39.482+0000: 147.812: [GC (Allocation Failure) 2018-02-21T12:15:39.482+0000: 147.812: [DefNew: 145803K->9202K(153600K), 0.0183562 secs] 205090K->69969K(494976K), 0.0184163 secs] [Times: user=0.02 sys=0.00, real=0.02 secs] 
2018-02-21T12:15:50.052+0000: 158.382: [GC (Allocation Failure) 2018-02-21T12:15:50.052+0000: 158.382: [DefNew: 145778K->8979K(153600K), 0.0189862 secs] 206545K->71574K(494976K), 0.0190533 secs] [Times: user=0.01 sys=0.00, real=0.02 secs] 
2018-02-21T12:15:59.178+0000: 167.508: [GC (Allocation Failure) 2018-02-21T12:15:59.178+0000: 167.508: [DefNew: 145555K->10408K(153600K), 0.0189307 secs] 208150K->74462K(494976K), 0.0189945 secs] [Times: user=0.02 sys=0.00, real=0.02 secs] 
2018-02-21T12:16:12.050+0000: 180.380: [GC (Allocation Failure) 2018-02-21T12:16:12.050+0000: 180.380: [DefNew: 146984K->9235K(153600K), 0.0201327 secs] 211038K->76582K(494976K), 0.0201929 secs] [Times: user=0.02 sys=0.00, real=0.02 secs] 
2018-02-21T12:16:25.350+0000: 193.680: [GC (Allocation Failure) 2018-02-21T12:16:25.350+0000: 193.680: [DefNew: 145811K->8290K(153600K), 0.0177965 secs] 213158K->78317K(494976K), 0.0178588 secs] [Times: user=0.02 sys=0.00, real=0.02 secs] 
2018-02-21T12:16:39.725+0000: 208.055: [GC (Allocation Failure) 2018-02-21T12:16:39.725+0000: 208.055: [DefNew: 144866K->10490K(153600K), 0.0172510 secs] 214893K->80516K(494976K), 0.0173235 secs] [Times: user=0.02 sys=0.00, real=0.02 secs] 
2018-02-21T12:16:52.063+0000: 220.393: [GC (Allocation Failure) 2018-02-21T12:16:52.063+0000: 220.393: [DefNew: 147066K->8856K(153600K), 0.0207227 secs] 217092K->82366K(494976K), 0.0207985 secs] [Times: user=0.02 sys=0.00, real=0.02 secs] 
2018-02-21T12:17:04.548+0000: 232.878: [GC (Allocation Failure) 2018-02-21T12:17:04.548+0000: 232.878: [DefNew: 145432K->8733K(153600K), 0.0179589 secs] 218942K->84153K(494976K), 0.0180206 secs] [Times: user=0.02 sys=0.00, real=0.01 secs] 
2018-02-21T12:17:15.027+0000: 243.357: [GC (Allocation Failure) 2018-02-21T12:17:15.027+0000: 243.357: [DefNew: 145309K->8594K(153600K), 0.0184350 secs] 220729K->86042K(494976K), 0.0184954 secs] [Times: user=0.02 sys=0.00, real=0.01 secs] 
2018-02-21T12:17:28.199+0000: 256.529: [GC (Allocation Failure) 2018-02-21T12:17:28.199+0000: 256.529: [DefNew: 145170K->9245K(153600K), 0.0181717 secs] 222618K->88447K(494976K), 0.0182365 secs] [Times: user=0.02 sys=0.00, real=0.01 secs] 
2018-02-21T12:17:41.088+0000: 269.418: [GC (Allocation Failure) 2018-02-21T12:17:41.089+0000: 269.418: [DefNew: 145821K->8973K(153600K), 0.0180289 secs] 225023K->90049K(494976K), 0.0180905 secs] [Times: user=0.02 sys=0.00, real=0.02 secs] 
2018-02-21T12:17:53.444+0000: 281.774: [GC (Allocation Failure) 2018-02-21T12:17:53.444+0000: 281.774: [DefNew: 145549K->9009K(153600K), 0.0180592 secs] 226625K->92108K(494976K), 0.0181197 secs] [Times: user=0.01 sys=0.00, real=0.02 secs] 
2018-02-21T12:18:04.101+0000: 292.431: [GC (Allocation Failure) 2018-02-21T12:18:04.101+0000: 292.431: [DefNew: 145585K->9343K(153600K), 0.0187292 secs] 228684K->94331K(494976K), 0.0188053 secs] [Times: user=0.02 sys=0.00, real=0.02 secs] 
2018-02-21T12:18:13.880+0000: 302.210: [GC (Allocation Failure) 2018-02-21T12:18:13.880+0000: 302.210: [DefNew: 145919K->9420K(153600K), 0.0184924 secs] 230907K->96168K(494976K), 0.0185562 secs] [Times: user=0.02 sys=0.00, real=0.02 secs] 
2018-02-21T12:18:26.778+0000: 315.108: [GC (Allocation Failure) 2018-02-21T12:18:26.778+0000: 315.108: [DefNew: 145996K->9979K(153600K), 0.0206244 secs] 232744K->98750K(494976K), 0.0206934 secs] [Times: user=0.02 sys=0.00, real=0.03 secs] 
2018-02-21T12:18:38.921+0000: 327.251: [GC (Allocation Failure) 2018-02-21T12:18:38.921+0000: 327.251: [DefNew: 146555K->9643K(153600K), 0.0182653 secs] 235326K->100163K(494976K), 0.0183336 secs] [Times: user=0.01 sys=0.00, real=0.02 secs] 
2018-02-21T12:18:53.154+0000: 341.484: [GC (Allocation Failure) 2018-02-21T12:18:53.154+0000: 341.484: [DefNew: 146219K->9651K(153600K), 0.0190068 secs] 236739K->102279K(494976K), 0.0190686 secs] [Times: user=0.02 sys=0.00, real=0.02 secs] 
2018-02-21T12:19:06.371+0000: 354.701: [GC (Allocation Failure) 2018-02-21T12:19:06.371+0000: 354.701: [DefNew: 146227K->10014K(153600K), 0.0199600 secs] 238855K->104512K(494976K), 0.0200242 secs] [Times: user=0.02 sys=0.00, real=0.02 secs] 
2018-02-21T12:19:16.483+0000: 364.813: [GC (Allocation Failure) 2018-02-21T12:19:16.483+0000: 364.813: [DefNew: 146590K->9703K(153600K), 0.0189858 secs] 241088K->106089K(494976K), 0.0190482 secs] [Times: user=0.02 sys=0.00, real=0.02 secs] 
2018-02-21T12:19:26.594+0000: 374.923: [GC (Allocation Failure) 2018-02-21T12:19:26.594+0000: 374.923: [DefNew: 146279K->10494K(153600K), 0.0187529 secs] 242665K->108842K(494976K), 0.0188092 secs] [Times: user=0.02 sys=0.00, real=0.02 secs] 
2018-02-21T12:19:37.290+0000: 385.620: [GC (Allocation Failure) 2018-02-21T12:19:37.290+0000: 385.620: [DefNew: 147070K->10803K(153600K), 0.0191120 secs] 245418K->110885K(494976K), 0.0191796 secs] [Times: user=0.02 sys=0.00, real=0.02 secs] 
2018-02-21T12:19:47.020+0000: 395.350: [GC (Allocation Failure) 2018-02-21T12:19:47.020+0000: 395.350: [DefNew: 147379K->11303K(153600K), 0.0202180 secs] 247461K->113560K(494976K), 0.0202930 secs] [Times: user=0.02 sys=0.00, real=0.02 secs] 
2018-02-21T12:19:58.178+0000: 406.508: [GC (Allocation Failure) 2018-02-21T12:19:58.178+0000: 406.508: [DefNew: 147879K->10846K(153600K), 0.0197139 secs] 250136K->115179K(494976K), 0.0197825 secs] [Times: user=0.02 sys=0.00, real=0.02 secs] 
2018-02-21T12:20:09.869+0000: 418.199: [GC (Allocation Failure) 2018-02-21T12:20:09.869+0000: 418.199: [DefNew: 147422K->11017K(153600K), 0.0194493 secs] 251755K->117400K(494976K), 0.0195067 secs] [Times: user=0.02 sys=0.00, real=0.02 secs] 
2018-02-21T12:20:20.168+0000: 428.498: [GC (Allocation Failure) 2018-02-21T12:20:20.168+0000: 428.498: [DefNew: 147593K->11591K(153600K), 0.0210010 secs] 253976K->120129K(494976K), 0.0210678 secs] [Times: user=0.02 sys=0.00, real=0.02 secs] 
2018-02-21T12:20:30.355+0000: 438.685: [GC (Allocation Failure) 2018-02-21T12:20:30.355+0000: 438.685: [DefNew: 148167K->7863K(153600K), 0.0185922 secs] 256705K->121530K(494976K), 0.0186508 secs] [Times: user=0.02 sys=0.00, real=0.02 secs] 
2018-02-21T12:20:40.695+0000: 449.024: [GC (Allocation Failure) 2018-02-21T12:20:40.695+0000: 449.024: [DefNew: 144439K->10891K(153600K), 0.0165299 secs] 258106K->124558K(494976K), 0.0166049 secs] [Times: user=0.02 sys=0.00, real=0.02 secs] 
2018-02-21T12:20:51.296+0000: 459.625: [GC (Allocation Failure) 2018-02-21T12:20:51.296+0000: 459.625: [DefNew: 147467K->11535K(153600K), 0.0207163 secs] 261134K->126953K(494976K), 0.0207769 secs] [Times: user=0.02 sys=0.00, real=0.02 secs] 
2018-02-21T12:21:04.814+0000: 473.144: [GC (Allocation Failure) 2018-02-21T12:21:04.814+0000: 473.144: [DefNew: 148111K->11423K(153600K), 0.0199333 secs] 263529K->128845K(494976K), 0.0200017 secs] [Times: user=0.02 sys=0.00, real=0.02 secs] 
2018-02-21T12:21:15.713+0000: 484.043: [GC (Allocation Failure) 2018-02-21T12:21:15.713+0000: 484.043: [DefNew: 147999K->13391K(153600K), 0.0208094 secs] 265421K->133003K(494976K), 0.0208697 secs] [Times: user=0.02 sys=0.00, real=0.02 secs] 
2018-02-21T12:21:26.233+0000: 494.562: [GC (Allocation Failure) 2018-02-21T12:21:26.233+0000: 494.562: [DefNew: 149967K->8469K(153600K), 0.0210766 secs] 269579K->135386K(494976K), 0.0211379 secs] [Times: user=0.01 sys=0.01, real=0.02 secs] 
2018-02-21T12:21:36.834+0000: 505.164: [GC (Allocation Failure) 2018-02-21T12:21:36.834+0000: 505.164: [DefNew: 145045K->12225K(153600K), 0.0169204 secs] 271962K->139142K(494976K), 0.0169791 secs] [Times: user=0.02 sys=0.00, real=0.02 secs] 
2018-02-21T12:21:50.032+0000: 518.362: [GC (Allocation Failure) 2018-02-21T12:21:50.032+0000: 518.362: [DefNew: 148801K->9141K(153600K), 0.0205101 secs] 275718K->141741K(494976K), 0.0205739 secs] [Times: user=0.02 sys=0.00, real=0.02 secs] 
2018-02-21T12:22:00.617+0000: 528.947: [GC (Allocation Failure) 2018-02-21T12:22:00.617+0000: 528.947: [DefNew: 145717K->8880K(153600K), 0.0176088 secs] 278317K->144850K(494976K), 0.0176723 secs] [Times: user=0.02 sys=0.00, real=0.02 secs] 
2018-02-21T12:22:09.601+0000: 537.931: [GC (Allocation Failure) 2018-02-21T12:22:09.601+0000: 537.931: [DefNew: 145456K->9053K(153600K), 0.0176056 secs] 281426K->148728K(494976K), 0.0176665 secs] [Times: user=0.01 sys=0.01, real=0.02 secs] 
2018-02-21T12:22:22.763+0000: 551.093: [GC (Allocation Failure) 2018-02-21T12:22:22.764+0000: 551.093: [DefNew: 145629K->9116K(153600K), 0.0183318 secs] 285304K->152354K(494976K), 0.0184092 secs] [Times: user=0.01 sys=0.00, real=0.02 secs] 
2018-02-21T12:22:35.844+0000: 564.174: [GC (Allocation Failure) 2018-02-21T12:22:35.844+0000: 564.174: [DefNew: 145692K->9455K(153600K), 0.0180038 secs] 288930K->156108K(494976K), 0.0180792 secs] [Times: user=0.02 sys=0.00, real=0.02 secs] 
2018-02-21T12:22:44.499+0000: 572.829: [GC (Allocation Failure) 2018-02-21T12:22:44.499+0000: 572.829: [DefNew: 146031K->9063K(153600K), 0.0181905 secs] 292684K->159671K(494976K), 0.0182706 secs] [Times: user=0.02 sys=0.00, real=0.01 secs] 
2018-02-21T12:22:56.160+0000: 584.490: [GC (Allocation Failure) 2018-02-21T12:22:56.160+0000: 584.490: [DefNew: 145639K->9290K(153600K), 0.0183444 secs] 296247K->163329K(494976K), 0.0184083 secs] [Times: user=0.01 sys=0.00, real=0.02 secs] 
2018-02-21T12:23:06.784+0000: 595.114: [GC (Allocation Failure) 2018-02-21T12:23:06.785+0000: 595.114: [DefNew: 145866K->9055K(153600K), 0.0178692 secs] 299905K->166952K(494976K), 0.0179287 secs] [Times: user=0.02 sys=0.00, real=0.02 secs] 
2018-02-21T12:23:16.629+0000: 604.959: [GC (Allocation Failure) 2018-02-21T12:23:16.629+0000: 604.959: [DefNew: 145631K->9901K(153600K), 0.0190149 secs] 303528K->171488K(494976K), 0.0190810 secs] [Times: user=0.02 sys=0.00, real=0.02 secs] 
2018-02-21T12:23:26.345+0000: 614.675: [GC (Allocation Failure) 2018-02-21T12:23:26.345+0000: 614.675: [DefNew: 146477K->8842K(153600K), 0.0177890 secs] 308064K->174668K(494976K), 0.0178491 secs] [Times: user=0.02 sys=0.00, real=0.02 secs] 
2018-02-21T12:23:38.907+0000: 627.237: [GC (Allocation Failure) 2018-02-21T12:23:38.907+0000: 627.237: [DefNew: 145418K->8457K(153600K), 0.0168279 secs] 311244K->178183K(494976K), 0.0169003 secs] [Times: user=0.01 sys=0.00, real=0.01 secs] 
2018-02-21T12:23:48.238+0000: 636.568: [GC (Allocation Failure) 2018-02-21T12:23:48.238+0000: 636.568: [DefNew: 145033K->13361K(153600K), 0.0174017 secs] 314759K->183086K(494976K), 0.0174610 secs] [Times: user=0.02 sys=0.00, real=0.02 secs] 
2018-02-21T12:23:59.098+0000: 647.428: [GC (Allocation Failure) 2018-02-21T12:23:59.098+0000: 647.428: [DefNew: 149937K->9271K(153600K), 0.0197306 secs] 319662K->184822K(494976K), 0.0197943 secs] [Times: user=0.02 sys=0.00, real=0.01 secs] 
2018-02-21T12:24:13.153+0000: 661.483: [GC (Allocation Failure) 2018-02-21T12:24:13.153+0000: 661.483: [DefNew: 145847K->9647K(153600K), 0.0178642 secs] 321398K->189071K(494976K), 0.0179274 secs] [Times: user=0.02 sys=0.00, real=0.02 secs] 
2018-02-21T12:24:21.701+0000: 670.030: [GC (Allocation Failure) 2018-02-21T12:24:21.701+0000: 670.030: [DefNew: 146223K->9551K(153600K), 0.0181872 secs] 325647K->192863K(494976K), 0.0182823 secs] [Times: user=0.02 sys=0.00, real=0.02 secs] 
2018-02-21T12:24:32.934+0000: 681.264: [GC (Allocation Failure) 2018-02-21T12:24:32.934+0000: 681.264: [DefNew: 146127K->9566K(153600K), 0.0179591 secs] 329439K->196863K(494976K), 0.0180229 secs] [Times: user=0.02 sys=0.00, real=0.02 secs] 
2018-02-21T12:24:41.754+0000: 690.084: [GC (Allocation Failure) 2018-02-21T12:24:41.754+0000: 690.084: [DefNew: 146142K->10242K(153600K), 0.0187357 secs] 333439K->201529K(494976K), 0.0188070 secs] [Times: user=0.01 sys=0.00, real=0.02 secs] 
2018-02-21T12:24:51.937+0000: 700.267: [GC (Allocation Failure) 2018-02-21T12:24:51.937+0000: 700.267: [DefNew: 146818K->9510K(153600K), 0.0198167 secs] 338105K->205170K(494976K), 0.0198758 secs] [Times: user=0.02 sys=0.00, real=0.02 secs] 
2018-02-21T12:25:05.360+0000: 713.689: [GC (Allocation Failure) 2018-02-21T12:25:05.360+0000: 713.689: [DefNew: 146086K->10478K(153600K), 0.0212017 secs] 341746K->210144K(494976K), 0.0212662 secs] [Times: user=0.02 sys=0.00, real=0.02 secs] 
2018-02-21T12:25:14.162+0000: 722.492: [GC (Allocation Failure) 2018-02-21T12:25:14.162+0000: 722.492: [DefNew: 147054K->9615K(153600K), 0.0212061 secs] 346720K->214117K(494976K), 0.0212676 secs] [Times: user=0.00 sys=0.01, real=0.02 secs] 
2018-02-21T12:25:23.859+0000: 732.189: [GC (Allocation Failure) 2018-02-21T12:25:23.859+0000: 732.189: [DefNew: 146128K->9214K(153600K), 0.0196336 secs] 350630K->218071K(494976K), 0.0196961 secs] [Times: user=0.01 sys=0.02, real=0.02 secs] 
12:25:24.519 [Client] INFO  c.s.f.r.e.s.SocketRear  - FlameSocketGraphDeployerRear@172.31.37.101: has been disconnected from Connection 5
12:25:38.353 [worker-akka.actor.default-dispatcher-2] INFO  a.a.CoordinatedShutdown CoordinatedShutdown(akka://worker) - Starting coordinated shutdown from JVM shutdown hook
12:25:38.382 [worker-akka.actor.default-dispatcher-2] INFO  a.a.LocalActorRef akka://worker/user/watcher/graph0000000000/negotiator - Stopped
12:25:38.382 [worker-akka.actor.default-dispatcher-2] INFO  a.a.LocalActorRef akka://worker/user/watcher/graph0000000000/edge/FlameSocketGraphDeployerFront - Stopped
12:25:38.383 [worker-akka.actor.default-dispatcher-2] INFO  a.a.LocalActorRef akka://worker/user/watcher/graph0000000000/edge/FlameSocketGraphDeployerRear - Stopped
12:25:38.387 [worker-akka.actor.default-dispatcher-2] INFO  a.a.LocalActorRef akka://worker/user/watcher/graph0000000000/graph/local-acker/$a - Stopped
12:25:38.387 [worker-akka.actor.default-dispatcher-2] INFO  a.a.LocalActorRef akka://worker/user/watcher/graph0000000000/graph/$a - Stopped
12:25:38.388 [worker-akka.actor.default-dispatcher-2] INFO  a.a.LocalActorRef akka://worker/user/watcher/graph0000000000/graph/local-acker/$a - Message [com.spbsu.flamestream.runtime.utils.akka.PingActor$InnerPing] from Actor[akka://worker/user/watcher/graph0000000000/graph/local-acker/$a#-1946069010] to Actor[akka://worker/user/watcher/graph0000000000/graph/local-acker/$a#-1946069010] was not delivered. [1] dead letters encountered. This logging can be turned off or adjusted with configuration settings 'akka.log-dead-letters' and 'akka.log-dead-letters-during-shutdown'.
12:25:38.388 [worker-akka.actor.default-dispatcher-2] INFO  a.a.LocalActorRef akka://worker/user/watcher/graph0000000000/graph/$b - Stopped
12:25:38.388 [worker-akka.actor.default-dispatcher-2] INFO  a.a.LocalActorRef akka://worker/user/watcher/graph0000000000/graph/local-acker - Stopped
12:25:38.389 [worker-akka.actor.default-dispatcher-2] INFO  a.a.LocalActorRef akka://worker/user/watcher/graph0000000000/graph/$c - Stopped
12:25:38.391 [worker-akka.actor.default-dispatcher-2] INFO  a.a.LocalActorRef akka://worker/user/watcher/graph0000000000/edge - Stopped
12:25:38.391 [worker-akka.actor.default-dispatcher-2] INFO  a.a.LocalActorRef akka://worker/user/watcher/graph0000000000/graph - Stopped
12:25:38.392 [worker-akka.actor.default-dispatcher-2] INFO  a.a.LocalActorRef akka://worker/user/watcher/graph0000000000 - Stopped
12:25:38.393 [worker-akka.actor.default-dispatcher-2] INFO  a.a.LocalActorRef akka://worker/user/watcher/graph0000000000/graph/local-acker/$a - Message [com.spbsu.flamestream.runtime.utils.akka.PingActor$Stop] from Actor[akka://worker/user/watcher/graph0000000000/graph/local-acker#-2001790692] to Actor[akka://worker/user/watcher/graph0000000000/graph/local-acker/$a#-1946069010] was not delivered. [2] dead letters encountered. This logging can be turned off or adjusted with configuration settings 'akka.log-dead-letters' and 'akka.log-dead-letters-during-shutdown'.
12:25:38.393 [worker-akka.actor.default-dispatcher-2] INFO  a.a.LocalActorRef akka://worker/user/watcher/graph0000000000/graph/local-acker - Message [com.spbsu.flamestream.runtime.acker.LocalAcker$Flush] from Actor[akka://worker/user/watcher/graph0000000000/graph/local-acker#-2001790692] to Actor[akka://worker/user/watcher/graph0000000000/graph/local-acker#-2001790692] was not delivered. [3] dead letters encountered. This logging can be turned off or adjusted with configuration settings 'akka.log-dead-letters' and 'akka.log-dead-letters-during-shutdown'.
12:25:38.396 [worker-akka.actor.default-dispatcher-2-EventThread] INFO  o.a.z.ClientCnxn  - EventThread shut down for session: 0x161b84784c50008
12:25:38.396 [worker-akka.actor.default-dispatcher-2] INFO  o.a.z.ZooKeeper  - Session: 0x161b84784c50008 closed
12:25:38.396 [worker-akka.actor.default-dispatcher-2] INFO  a.a.RepointableActorRef akka://worker/user/watcher - Stopped
12:25:38.408 [worker-akka.actor.default-dispatcher-2] INFO  a.r.RemoteActorRefProvider$RemotingTerminator akka://worker@172.31.37.101:5412/system/remoting-terminator - Shutting down remote daemon.
12:25:38.409 [worker-akka.actor.default-dispatcher-2] INFO  a.r.RemoteActorRefProvider$RemotingTerminator akka://worker@172.31.37.101:5412/system/remoting-terminator - Remote daemon shut down; proceeding with flushing remote transports.
12:25:39.536 [worker-akka.actor.default-dispatcher-2] INFO  a.r.RemoteActorRefProvider$RemotingTerminator akka://worker@172.31.37.101:5412/system/remoting-terminator - Remoting shut down.
Attempts of event 'sink-receive' - 949830
Attempts of event 'sink-send' - 941532
Heap
 def new generation   total 153600K, used 42695K [0x00000000e0c00000, 0x00000000eb2a0000, 0x00000000eb2a0000)
  eden space 136576K,  24% used [0x00000000e0c00000, 0x00000000e2cb2548, 0x00000000e9160000)
  from space 17024K,  54% used [0x00000000ea200000, 0x00000000eaaffa20, 0x00000000eb2a0000)
  to   space 17024K,   0% used [0x00000000e9160000, 0x00000000e9160000, 0x00000000ea200000)
 tenured generation   total 341376K, used 208857K [0x00000000eb2a0000, 0x0000000100000000, 0x0000000100000000)
   the space 341376K,  61% used [0x00000000eb2a0000, 0x00000000f7e96450, 0x00000000f7e96600, 0x0000000100000000)
 Metaspace       used 33387K, capacity 34154K, committed 34432K, reserved 1079296K
  class space    used 4450K, capacity 4622K, committed 4736K, reserved 1048576K
