13:45:01.291 [worker-akka.actor.default-dispatcher-2] INFO  a.e.s.Slf4jLogger  - Slf4jLogger started
2018-02-19T13:45:01.465+0000: 2.753: [Full GC (Metadata GC Threshold) 2018-02-19T13:45:01.465+0000: 2.753: [Tenured: 0K->15416K(341376K), 0.0392695 secs] 117538K->15416K(494976K), [Metaspace: 20878K->20878K(1067008K)], 0.0393424 secs] [Times: user=0.04 sys=0.01, real=0.04 secs] 
Ama winner
Ama winner
13:45:01.948 [worker-akka.actor.default-dispatcher-2] INFO  a.r.a.ArteryTransport(akka://worker) akka.remote.artery.ArteryTransport(akka://worker) - Started embedded media driver in directory [/dev/shm/aeron-root-worker-0afd342d-6a5a-4083-b7a6-114c60588f41]
13:45:02.177 [worker-akka.actor.default-dispatcher-2] INFO  a.r.a.ArteryTransport(akka://worker) akka.remote.artery.ArteryTransport(akka://worker) - Remoting started; listening on address: [akka://worker@172.31.45.197:5412] with UID [211405563811166331]
13:45:02.283 [worker-akka.actor.default-dispatcher-2] INFO  o.a.z.ZooKeeper  - Client environment:zookeeper.version=3.4.9-1757313, built on 08/23/2016 06:50 GMT
13:45:02.283 [worker-akka.actor.default-dispatcher-2] INFO  o.a.z.ZooKeeper  - Client environment:host.name=ip-172-31-45-197.us-east-2.compute.internal
13:45:02.283 [worker-akka.actor.default-dispatcher-2] INFO  o.a.z.ZooKeeper  - Client environment:java.version=1.8.0_151
13:45:02.283 [worker-akka.actor.default-dispatcher-2] INFO  o.a.z.ZooKeeper  - Client environment:java.vendor=Oracle Corporation
13:45:02.283 [worker-akka.actor.default-dispatcher-2] INFO  o.a.z.ZooKeeper  - Client environment:java.home=/usr/lib/jvm/java-8-openjdk-amd64/jre
13:45:02.283 [worker-akka.actor.default-dispatcher-2] INFO  o.a.z.ZooKeeper  - Client environment:java.class.path=lib/commons-cli-1.4.jar:lib/minlog-1.3.0.jar:lib/asm-5.0.4.jar:lib/hadoop-annotations-2.7.3.jar:lib/hadoop-auth-2.7.3.jar:lib/akka-slf4j_2.11-2.5.6.jar:lib/jersey-core-1.9.jar:lib/lz4-1.3.0.jar:lib/jackson-core-asl-1.9.13.jar:lib/aeron-client-1.3.0.jar:lib/htrace-core-3.1.0-incubating.jar:lib/xz-1.0.jar:lib/commons-httpclient-3.1.jar:lib/asm-3.1.jar:lib/commons-lang3-3.4.jar:lib/scala-library-2.11.11.jar:lib/scala-java8-compat_2.11-0.7.0.jar:lib/commons-configuration-1.6.jar:lib/objenesis-2.1.jar:lib/jackson-annotations-2.8.0.jar:lib/jsr305-3.0.0.jar:lib/curator-framework-2.7.1.jar:lib/jersey-server-1.9.jar:lib/jets3t-0.9.0.jar:lib/leveldb-0.7.jar:lib/jetty-6.1.26.jar:lib/stax-api-1.0-2.jar:lib/flamestream-core-1.0-SNAPSHOT.jar:lib/reflectasm-1.07-shaded.jar:lib/apacheds-kerberos-codec-2.0.0-M15.jar:lib/api-asn1-api-1.0.0-M20.jar:lib/commons-lang-2.6.jar:lib/commons-beanutils-1.7.0.jar:lib/jackson-xc-1.8.3.jar:lib/jetty-util-6.1.26.jar:lib/logback-classic-1.2.3.jar:lib/jool-0.9.12.jar:lib/flamestream-runtime-1.0-SNAPSHOT-tests.jar:lib/httpcore-4.1.2.jar:lib/kryo-4.0.0.jar:lib/ant-1.8.1.jar:lib/jaxb-impl-2.2.3-1.jar:lib/jersey-json-1.9.jar:lib/commons-compress-1.4.1.jar:lib/leveldbjni-all-1.8.jar:lib/paranamer-2.3.jar:lib/jackson-core-2.8.4.jar:lib/commons-math3-3.6.1.jar:lib/scala-parser-combinators_2.11-1.0.4.jar:lib/netty-3.10.6.Final.jar:lib/trove4j-3.0.3.jar:lib/jaxb-api-2.2.2.jar:lib/logback-core-1.2.3.jar:lib/snappy-java-1.0.4.1.jar:lib/protobuf-java-2.5.0.jar:lib/reactive-streams-1.0.1.jar:lib/flamestream-examples-1.0-SNAPSHOT.jar:lib/commons-codec-1.4.jar:lib/activation-1.1.jar:lib/commons-net-3.1.jar:lib/curator-recipes-2.7.1.jar:lib/jackson-mapper-asl-1.9.13.jar:lib/jackson-databind-2.8.4.jar:lib/flamestream-runtime-1.0-SNAPSHOT.jar:lib/jackson-jaxrs-1.8.3.jar:lib/slf4j-api-1.7.24.jar:lib/akka-remote_2.11-2.5.6.jar:lib/akka-testkit_2.11-2.5.6.jar:lib/jline-0.9.94.jar:lib/akka-stream_2.11-2.5.6.jar:lib/jsp-api-2.1.jar:lib/kryonet-2.21.jar:lib/akka-kryo-serialization_2.11-0.5.0.jar:lib/config-1.3.1.jar:lib/ant-launcher-1.8.1.jar:lib/commons-logging-1.2.jar:lib/ssl-config-core_2.11-0.2.2.jar:lib/testng-6.10.jar:lib/leveldb-api-0.7.jar:lib/reflectasm-1.11.3.jar:lib/jcommander-1.48.jar:lib/commons-1.1.jar:lib/commons-digester-1.8.jar:lib/minlog-1.2.jar:lib/java-xmlbuilder-0.4.jar:lib/jettison-1.1.jar:lib/gson-2.2.4.jar:lib/jdk.tools-1.8.jar:lib/aeron-driver-1.3.0.jar:lib/zookeeper-3.4.9.jar:lib/commons-beanutils-core-1.8.0.jar:lib/commons-math3-3.1.1.jar:lib/akka-actor_2.11-2.5.6.jar:lib/curator-client-2.7.1.jar:lib/servlet-api-2.5.jar:lib/apacheds-i18n-2.0.0-M15.jar:lib/commons-io-2.4.jar:lib/commons-codec-1.6.jar:lib/akka-protobuf_2.11-2.5.6.jar:lib/protobuf-java-3.5.1.jar:lib/jdom-2.0.2.jar:lib/api-util-1.0.0-M20.jar:lib/hadoop-common-2.7.3.jar:lib/agrona-0.9.6.jar:lib/xmlenc-0.52.jar:lib/guava-21.0.jar:lib/commons-collections-3.2.2.jar:lib/avro-1.7.4.jar:lib/httpclient-4.1.2.jar:lib/flamestream-core-1.0-SNAPSHOT-tests.jar:lib/annotations-12.0.jar:lib/jsch-0.1.42.jar:flamestream-runtime-1.0-SNAPSHOT.jar
13:45:02.283 [worker-akka.actor.default-dispatcher-2] INFO  o.a.z.ZooKeeper  - Client environment:java.library.path=/usr/java/packages/lib/amd64:/usr/lib/x86_64-linux-gnu/jni:/lib/x86_64-linux-gnu:/usr/lib/x86_64-linux-gnu:/usr/lib/jni:/lib:/usr/lib
13:45:02.283 [worker-akka.actor.default-dispatcher-2] INFO  o.a.z.ZooKeeper  - Client environment:java.io.tmpdir=/tmp
13:45:02.283 [worker-akka.actor.default-dispatcher-2] INFO  o.a.z.ZooKeeper  - Client environment:java.compiler=<NA>
13:45:02.283 [worker-akka.actor.default-dispatcher-2] INFO  o.a.z.ZooKeeper  - Client environment:os.name=Linux
13:45:02.283 [worker-akka.actor.default-dispatcher-2] INFO  o.a.z.ZooKeeper  - Client environment:os.arch=amd64
13:45:02.284 [worker-akka.actor.default-dispatcher-2] INFO  o.a.z.ZooKeeper  - Client environment:os.version=4.4.0-1049-aws
13:45:02.284 [worker-akka.actor.default-dispatcher-2] INFO  o.a.z.ZooKeeper  - Client environment:user.name=root
13:45:02.285 [worker-akka.actor.default-dispatcher-2] INFO  o.a.z.ZooKeeper  - Client environment:user.home=/root
13:45:02.285 [worker-akka.actor.default-dispatcher-2] INFO  o.a.z.ZooKeeper  - Client environment:user.dir=/opt/flamestream
13:45:02.288 [worker-akka.actor.default-dispatcher-2] INFO  o.a.z.ZooKeeper  - Initiating client connection, connectString=172.31.34.147:2181 sessionTimeout=5000 watcher=com.spbsu.flamestream.runtime.application.LifecycleWatcher$$Lambda$29/2091173542@1b48f905
13:45:02.323 [worker-akka.actor.default-dispatcher-2] INFO  a.a.RepointableActorRef akka://worker/user/watcher - Starting...
13:45:02.327 [worker-akka.actor.default-dispatcher-2-SendThread(172.31.34.147:2181)] INFO  o.a.z.ClientCnxn  - Opening socket connection to server 172.31.34.147/172.31.34.147:2181. Will not attempt to authenticate using SASL (unknown error)
13:45:02.330 [worker-akka.actor.default-dispatcher-2-SendThread(172.31.34.147:2181)] INFO  o.a.z.ClientCnxn  - Socket connection established to 172.31.34.147/172.31.34.147:2181, initiating session
13:45:02.343 [worker-akka.actor.default-dispatcher-2-SendThread(172.31.34.147:2181)] INFO  o.a.z.ClientCnxn  - Session establishment complete on server 172.31.34.147/172.31.34.147:2181, sessionid = 0x161ae4eb1e20007, negotiated timeout = 6000
13:45:02.438 [worker-akka.actor.default-dispatcher-2] INFO  a.a.RepointableActorRef akka://worker/user/watcher - Connected to ZK
13:45:12.689 [worker-akka.actor.default-dispatcher-2] INFO  a.a.RepointableActorRef akka://worker/user/watcher - Creating node with watchGraphs: 'com.spbsu.flamestream.core.Graph$Builder$MyGraph@22aae96d', config: 'ClusterConfig{paths={172.31.33.155=akka://worker@172.31.33.155:5412/user/watcher/graph0000000000, 172.31.47.83=akka://worker@172.31.47.83:5412/user/watcher/graph0000000000, 172.31.45.197=akka://worker@172.31.45.197:5412/user/watcher/graph0000000000, 172.31.42.36=akka://worker@172.31.42.36:5412/user/watcher/graph0000000000, 172.31.44.83=akka://worker@172.31.44.83:5412/user/watcher/graph0000000000, 172.31.39.64=akka://worker@172.31.39.64:5412/user/watcher/graph0000000000, 172.31.35.79=akka://worker@172.31.35.79:5412/user/watcher/graph0000000000, 172.31.34.169=akka://worker@172.31.34.169:5412/user/watcher/graph0000000000, 172.31.47.100=akka://worker@172.31.47.100:5412/user/watcher/graph0000000000, 172.31.37.101=akka://worker@172.31.37.101:5412/user/watcher/graph0000000000}, ackerLocation='172.31.35.79', props=ComputationLayout{ranges={172.31.33.155=HashRange{from=-1670265060, to=-1193046472}, 172.31.47.83=HashRange{from=1670265056, to=2147483644}, 172.31.45.197=HashRange{from=-715827884, to=-238609296}, 172.31.42.36=HashRange{from=1193046468, to=1670265056}, 172.31.44.83=HashRange{from=-238609296, to=238609292}, 172.31.39.64=HashRange{from=715827880, to=1193046468}, 172.31.35.79=HashRange{from=0, to=0}, 172.31.34.169=HashRange{from=-2147483648, to=-1670265060}, 172.31.47.100=HashRange{from=238609292, to=715827880}, 172.31.37.101=HashRange{from=-1193046472, to=-715827884}}}}'
13:45:13.504 [worker-akka.actor.default-dispatcher-2] INFO  a.a.LocalActorRef akka://worker/user/watcher/graph0000000000/graph - Starting...
13:45:13.506 [worker-akka.actor.default-dispatcher-2] INFO  a.a.LocalActorRef akka://worker/user/watcher/graph0000000000/graph/local-acker/$a - Starting...
13:45:13.508 [worker-akka.actor.default-dispatcher-2] INFO  a.a.LocalActorRef akka://worker/user/watcher/graph0000000000/graph/local-acker - Starting...
Warning: space is running low in /dev/shm (tmpfs) threshold=167,772,160 usable=158,621,696
Warning: space is running low in /dev/shm (tmpfs) threshold=167,772,160 usable=146,034,688
Warning: space is running low in /dev/shm (tmpfs) threshold=167,772,160 usable=133,447,680
Warning: space is running low in /dev/shm (tmpfs) threshold=167,772,160 usable=120,860,672
Warning: space is running low in /dev/shm (tmpfs) threshold=167,772,160 usable=108,273,664
Warning: space is running low in /dev/shm (tmpfs) threshold=167,772,160 usable=95,686,656
Warning: space is running low in /dev/shm (tmpfs) threshold=167,772,160 usable=83,099,648
Warning: space is running low in /dev/shm (tmpfs) threshold=167,772,160 usable=70,512,640
13:45:14.778 [worker-akka.actor.default-dispatcher-2] INFO  a.a.LocalActorRef akka://worker/user/watcher/graph0000000000/graph - Finishing constructor
13:45:14.780 [worker-akka.actor.default-dispatcher-2] INFO  a.a.LocalActorRef akka://worker/user/watcher/graph0000000000 - Starting...
13:45:14.781 [worker-akka.actor.default-dispatcher-2] INFO  a.a.LocalActorRef akka://worker/user/watcher/graph0000000000/negotiator - Starting...
13:45:14.782 [worker-akka.actor.default-dispatcher-2] INFO  a.a.LocalActorRef akka://worker/user/watcher/graph0000000000/edge - Starting...
13:45:14.870 [worker-akka.actor.default-dispatcher-2] INFO  c.s.f.r.e.s.SocketRear  - FlameSocketGraphDeployerRear@172.31.45.197: connecting to 172.31.34.147:5678
13:45:14.878 [worker-akka.actor.default-dispatcher-2] INFO  c.s.f.r.e.s.SocketRear  - FlameSocketGraphDeployerRear@172.31.45.197: connected to 172.31.34.147:5678
13:45:14.904 [worker-akka.actor.default-dispatcher-2] INFO  a.a.LocalActorRef akka://worker/user/watcher/graph0000000000/graph/$a - Starting...
13:45:14.907 [worker-akka.actor.default-dispatcher-2] INFO  a.a.LocalActorRef akka://worker/user/watcher/graph0000000000/graph/$b - Starting...
13:45:14.907 [worker-akka.actor.default-dispatcher-2] INFO  a.a.LocalActorRef akka://worker/user/watcher/graph0000000000/graph/$c - Starting...
13:45:14.915 [worker-akka.actor.default-dispatcher-2] INFO  a.a.LocalActorRef akka://worker/user/watcher/graph0000000000/edge/FlameSocketGraphDeployerRear - Starting...
13:45:14.915 [worker-akka.actor.default-dispatcher-2] INFO  a.a.LocalActorRef akka://worker/user/watcher/graph0000000000/edge/FlameSocketGraphDeployerFront - Starting...
13:45:14.916 [worker-akka.actor.default-dispatcher-2] INFO  a.a.LocalActorRef akka://worker/user/watcher/graph0000000000/negotiator - Requesting ticket for the frontClass FlameSocketGraphDeployerFront@172.31.45.197
13:45:14.918 [worker-akka.actor.default-dispatcher-2] INFO  a.a.LocalActorRef akka://worker/user/watcher/graph0000000000/negotiator - Ticket for the frontClass received: FrontTicket{allowedTimestamp=(1519047912661, FlameSocketGraphDeployerFront@172.31.45.197)}
13:45:14.918 [worker-akka.actor.default-dispatcher-2] INFO  c.s.f.r.e.s.SocketFront  - FlameSocketGraphDeployerFront@172.31.45.197: connecting to 172.31.34.147:4567
13:45:14.930 [Client] INFO  c.s.f.r.e.s.SocketFront  - FlameSocketGraphDeployerFront@172.31.45.197 has been disconnected from Connection 4
2018-02-19T13:45:18.770+0000: 20.058: [GC (Allocation Failure) 2018-02-19T13:45:18.770+0000: 20.058: [DefNew: 136576K->15753K(153600K), 0.0353545 secs] 151992K->50700K(494976K), 0.0354316 secs] [Times: user=0.03 sys=0.00, real=0.04 secs] 
2018-02-19T13:45:37.516+0000: 38.804: [GC (Allocation Failure) 2018-02-19T13:45:37.517+0000: 38.804: [DefNew: 152329K->3731K(153600K), 0.0182131 secs] 187276K->46359K(494976K), 0.0182887 secs] [Times: user=0.01 sys=0.00, real=0.02 secs] 
2018-02-19T13:45:56.942+0000: 58.230: [GC (Allocation Failure) 2018-02-19T13:45:56.942+0000: 58.230: [DefNew: 140307K->5956K(153600K), 0.0141090 secs] 182935K->48584K(494976K), 0.0141989 secs] [Times: user=0.01 sys=0.00, real=0.02 secs] 
2018-02-19T13:46:15.640+0000: 76.928: [GC (Allocation Failure) 2018-02-19T13:46:15.640+0000: 76.928: [DefNew: 142532K->8084K(153600K), 0.0152398 secs] 185160K->50712K(494976K), 0.0153168 secs] [Times: user=0.01 sys=0.00, real=0.02 secs] 
2018-02-19T13:46:31.789+0000: 93.077: [GC (Allocation Failure) 2018-02-19T13:46:31.789+0000: 93.077: [DefNew: 144660K->9169K(153600K), 0.0160318 secs] 187288K->51797K(494976K), 0.0161179 secs] [Times: user=0.01 sys=0.00, real=0.02 secs] 
2018-02-19T13:46:51.774+0000: 113.062: [GC (Allocation Failure) 2018-02-19T13:46:51.774+0000: 113.062: [DefNew: 145745K->9781K(153600K), 0.0199145 secs] 188373K->53937K(494976K), 0.0199960 secs] [Times: user=0.02 sys=0.00, real=0.02 secs] 
2018-02-19T13:47:13.705+0000: 134.993: [GC (Allocation Failure) 2018-02-19T13:47:13.705+0000: 134.993: [DefNew: 146357K->8954K(153600K), 0.0175597 secs] 190513K->54591K(494976K), 0.0176336 secs] [Times: user=0.02 sys=0.00, real=0.01 secs] 
2018-02-19T13:47:37.421+0000: 158.709: [GC (Allocation Failure) 2018-02-19T13:47:37.421+0000: 158.709: [DefNew: 145530K->9129K(153600K), 0.0176854 secs] 191167K->56264K(494976K), 0.0177606 secs] [Times: user=0.02 sys=0.00, real=0.02 secs] 
2018-02-19T13:47:55.063+0000: 176.351: [GC (Allocation Failure) 2018-02-19T13:47:55.063+0000: 176.351: [DefNew: 145705K->8979K(153600K), 0.0172732 secs] 192840K->57428K(494976K), 0.0173461 secs] [Times: user=0.02 sys=0.00, real=0.02 secs] 
2018-02-19T13:48:19.208+0000: 200.496: [GC (Allocation Failure) 2018-02-19T13:48:19.208+0000: 200.496: [DefNew: 145555K->9259K(153600K), 0.0178850 secs] 194004K->58929K(494976K), 0.0179654 secs] [Times: user=0.02 sys=0.00, real=0.02 secs] 
2018-02-19T13:48:40.415+0000: 221.703: [GC (Allocation Failure) 2018-02-19T13:48:40.415+0000: 221.703: [DefNew: 145835K->9571K(153600K), 0.0182981 secs] 195505K->60461K(494976K), 0.0183699 secs] [Times: user=0.01 sys=0.00, real=0.02 secs] 
2018-02-19T13:49:02.864+0000: 244.152: [GC (Allocation Failure) 2018-02-19T13:49:02.864+0000: 244.152: [DefNew: 146147K->9208K(153600K), 0.0184199 secs] 197037K->61715K(494976K), 0.0184938 secs] [Times: user=0.02 sys=0.00, real=0.01 secs] 
2018-02-19T13:49:22.112+0000: 263.400: [GC (Allocation Failure) 2018-02-19T13:49:22.112+0000: 263.400: [DefNew: 145784K->9006K(153600K), 0.0173840 secs] 198291K->62769K(494976K), 0.0174602 secs] [Times: user=0.01 sys=0.01, real=0.01 secs] 
2018-02-19T13:49:44.655+0000: 285.943: [GC (Allocation Failure) 2018-02-19T13:49:44.655+0000: 285.943: [DefNew: 145582K->9106K(153600K), 0.0174903 secs] 199345K->64055K(494976K), 0.0175664 secs] [Times: user=0.01 sys=0.00, real=0.02 secs] 
2018-02-19T13:50:01.263+0000: 302.551: [GC (Allocation Failure) 2018-02-19T13:50:01.263+0000: 302.551: [DefNew: 145682K->9012K(153600K), 0.0175947 secs] 200631K->65187K(494976K), 0.0176652 secs] [Times: user=0.02 sys=0.00, real=0.02 secs] 
2018-02-19T13:50:22.187+0000: 323.475: [GC (Allocation Failure) 2018-02-19T13:50:22.187+0000: 323.475: [DefNew: 145588K->9444K(153600K), 0.0179604 secs] 201763K->66800K(494976K), 0.0180377 secs] [Times: user=0.02 sys=0.00, real=0.02 secs] 
2018-02-19T13:50:48.313+0000: 349.601: [GC (Allocation Failure) 2018-02-19T13:50:48.313+0000: 349.601: [DefNew: 146020K->9815K(153600K), 0.0178583 secs] 203376K->68232K(494976K), 0.0179499 secs] [Times: user=0.01 sys=0.00, real=0.01 secs] 
2018-02-19T13:51:08.822+0000: 370.110: [GC (Allocation Failure) 2018-02-19T13:51:08.823+0000: 370.110: [DefNew: 146391K->8584K(153600K), 0.0194845 secs] 204808K->69325K(494976K), 0.0195581 secs] [Times: user=0.01 sys=0.00, real=0.02 secs] 
2018-02-19T13:51:29.564+0000: 390.852: [GC (Allocation Failure) 2018-02-19T13:51:29.565+0000: 390.852: [DefNew: 145160K->8781K(153600K), 0.0186131 secs] 205901K->70887K(494976K), 0.0186936 secs] [Times: user=0.02 sys=0.00, real=0.01 secs] 
2018-02-19T13:51:44.688+0000: 405.976: [GC (Allocation Failure) 2018-02-19T13:51:44.688+0000: 405.976: [DefNew: 145357K->8665K(153600K), 0.0173964 secs] 207463K->72053K(494976K), 0.0174679 secs] [Times: user=0.02 sys=0.00, real=0.02 secs] 
2018-02-19T13:52:04.644+0000: 425.932: [GC (Allocation Failure) 2018-02-19T13:52:04.644+0000: 425.932: [DefNew: 145241K->10236K(153600K), 0.0177152 secs] 208629K->74877K(494976K), 0.0177900 secs] [Times: user=0.02 sys=0.00, real=0.01 secs] 
2018-02-19T13:52:21.371+0000: 442.659: [GC (Allocation Failure) 2018-02-19T13:52:21.371+0000: 442.659: [DefNew: 146812K->9780K(153600K), 0.0187947 secs] 211453K->75962K(494976K), 0.0188669 secs] [Times: user=0.00 sys=0.00, real=0.02 secs] 
2018-02-19T13:52:39.234+0000: 460.522: [GC (Allocation Failure) 2018-02-19T13:52:39.234+0000: 460.522: [DefNew: 146356K->9879K(153600K), 0.0169937 secs] 212538K->77200K(494976K), 0.0170662 secs] [Times: user=0.01 sys=0.00, real=0.01 secs] 
2018-02-19T13:52:58.449+0000: 479.737: [GC (Allocation Failure) 2018-02-19T13:52:58.449+0000: 479.737: [DefNew: 146455K->9563K(153600K), 0.0225631 secs] 213776K->79093K(494976K), 0.0226359 secs] [Times: user=0.02 sys=0.00, real=0.03 secs] 
2018-02-19T13:53:17.410+0000: 498.698: [GC (Allocation Failure) 2018-02-19T13:53:17.410+0000: 498.698: [DefNew: 146139K->9317K(153600K), 0.0174962 secs] 215669K->80073K(494976K), 0.0175708 secs] [Times: user=0.02 sys=0.00, real=0.02 secs] 
2018-02-19T13:53:37.152+0000: 518.440: [GC (Allocation Failure) 2018-02-19T13:53:37.152+0000: 518.440: [DefNew: 145893K->9525K(153600K), 0.0180881 secs] 216649K->81539K(494976K), 0.0181623 secs] [Times: user=0.01 sys=0.00, real=0.01 secs] 
2018-02-19T13:53:55.278+0000: 536.566: [GC (Allocation Failure) 2018-02-19T13:53:55.278+0000: 536.566: [DefNew: 146101K->9803K(153600K), 0.0195485 secs] 218115K->83090K(494976K), 0.0196234 secs] [Times: user=0.01 sys=0.01, real=0.02 secs] 
2018-02-19T13:54:15.505+0000: 556.793: [GC (Allocation Failure) 2018-02-19T13:54:15.505+0000: 556.793: [DefNew: 146379K->9958K(153600K), 0.0182174 secs] 219666K->84454K(494976K), 0.0182916 secs] [Times: user=0.02 sys=0.00, real=0.01 secs] 
2018-02-19T13:54:34.390+0000: 575.678: [GC (Allocation Failure) 2018-02-19T13:54:34.390+0000: 575.678: [DefNew: 146534K->9832K(153600K), 0.0183383 secs] 221030K->85629K(494976K), 0.0184184 secs] [Times: user=0.01 sys=0.00, real=0.02 secs] 
2018-02-19T13:54:52.555+0000: 593.843: [GC (Allocation Failure) 2018-02-19T13:54:52.555+0000: 593.843: [DefNew: 146408K->10252K(153600K), 0.0172713 secs] 222205K->87255K(494976K), 0.0173448 secs] [Times: user=0.02 sys=0.00, real=0.02 secs] 
2018-02-19T13:55:09.647+0000: 610.935: [GC (Allocation Failure) 2018-02-19T13:55:09.647+0000: 610.935: [DefNew: 146828K->8977K(153600K), 0.0209177 secs] 223831K->88811K(494976K), 0.0209951 secs] [Times: user=0.02 sys=0.00, real=0.02 secs] 
2018-02-19T13:55:31.661+0000: 632.949: [GC (Allocation Failure) 2018-02-19T13:55:31.661+0000: 632.949: [DefNew: 145553K->8867K(153600K), 0.0169712 secs] 225387K->90428K(494976K), 0.0170411 secs] [Times: user=0.02 sys=0.00, real=0.02 secs] 
2018-02-19T13:55:48.495+0000: 649.783: [GC (Allocation Failure) 2018-02-19T13:55:48.495+0000: 649.783: [DefNew: 145443K->8828K(153600K), 0.0167481 secs] 227004K->91958K(494976K), 0.0168275 secs] [Times: user=0.02 sys=0.00, real=0.02 secs] 
2018-02-19T13:56:10.113+0000: 671.401: [GC (Allocation Failure) 2018-02-19T13:56:10.113+0000: 671.401: [DefNew: 145404K->9056K(153600K), 0.0169067 secs] 228534K->93668K(494976K), 0.0169943 secs] [Times: user=0.02 sys=0.00, real=0.01 secs] 
2018-02-19T13:56:27.672+0000: 688.960: [GC (Allocation Failure) 2018-02-19T13:56:27.672+0000: 688.960: [DefNew: 145632K->8808K(153600K), 0.0166169 secs] 230244K->94956K(494976K), 0.0166992 secs] [Times: user=0.01 sys=0.01, real=0.01 secs] 
2018-02-19T13:56:42.770+0000: 704.058: [GC (Allocation Failure) 2018-02-19T13:56:42.770+0000: 704.058: [DefNew: 145384K->9010K(153600K), 0.0167932 secs] 231532K->96754K(494976K), 0.0168632 secs] [Times: user=0.02 sys=0.00, real=0.02 secs] 
2018-02-19T13:57:02.488+0000: 723.776: [GC (Allocation Failure) 2018-02-19T13:57:02.488+0000: 723.776: [DefNew: 145586K->9727K(153600K), 0.0173160 secs] 233330K->98885K(494976K), 0.0173969 secs] [Times: user=0.01 sys=0.00, real=0.02 secs] 
13:57:15.978 [Client] INFO  c.s.f.r.e.s.SocketRear  - FlameSocketGraphDeployerRear@172.31.45.197: has been disconnected from Connection 4
13:57:29.284 [worker-akka.actor.default-dispatcher-2] INFO  a.a.CoordinatedShutdown CoordinatedShutdown(akka://worker) - Starting coordinated shutdown from JVM shutdown hook
13:57:29.343 [worker-akka.actor.default-dispatcher-2] INFO  a.a.LocalActorRef akka://worker/user/watcher/graph0000000000/negotiator - Stopped
13:57:29.343 [worker-akka.actor.default-dispatcher-2] INFO  a.a.LocalActorRef akka://worker/user/watcher/graph0000000000/edge/FlameSocketGraphDeployerFront - Stopped
13:57:29.343 [worker-akka.actor.default-dispatcher-2] INFO  a.a.LocalActorRef akka://worker/user/watcher/graph0000000000/edge/FlameSocketGraphDeployerRear - Stopped
13:57:29.343 [worker-akka.actor.default-dispatcher-2] INFO  a.a.LocalActorRef akka://worker/user/watcher/graph0000000000/graph/local-acker/$a - Stopped
13:57:29.343 [worker-akka.actor.default-dispatcher-2] INFO  a.a.LocalActorRef akka://worker/user/watcher/graph0000000000/graph/$a - Stopped
13:57:29.344 [worker-akka.actor.default-dispatcher-2] INFO  a.a.LocalActorRef akka://worker/user/watcher/graph0000000000/graph/$b - Stopped
13:57:29.344 [worker-akka.actor.default-dispatcher-2] INFO  a.a.LocalActorRef akka://worker/user/watcher/graph0000000000/graph/$c - Stopped
13:57:29.350 [worker-akka.actor.default-dispatcher-2] INFO  a.a.LocalActorRef akka://worker/user/watcher/graph0000000000/edge - Stopped
13:57:29.353 [worker-akka.actor.default-dispatcher-2] INFO  a.a.LocalActorRef akka://worker/user/watcher/graph0000000000/graph/local-acker/$a - Message [com.spbsu.flamestream.runtime.utils.akka.PingActor$InnerPing] from Actor[akka://worker/user/watcher/graph0000000000/graph/local-acker/$a#417461979] to Actor[akka://worker/user/watcher/graph0000000000/graph/local-acker/$a#417461979] was not delivered. [1] dead letters encountered. This logging can be turned off or adjusted with configuration settings 'akka.log-dead-letters' and 'akka.log-dead-letters-during-shutdown'.
13:57:29.353 [worker-akka.actor.default-dispatcher-2] INFO  a.a.LocalActorRef akka://worker/user/watcher/graph0000000000/graph/local-acker - Stopped
13:57:29.355 [worker-akka.actor.default-dispatcher-2] INFO  a.a.LocalActorRef akka://worker/user/watcher/graph0000000000/graph/local-acker/$a - Message [com.spbsu.flamestream.runtime.utils.akka.PingActor$Stop] from Actor[akka://worker/user/watcher/graph0000000000/graph/local-acker#-1053963486] to Actor[akka://worker/user/watcher/graph0000000000/graph/local-acker/$a#417461979] was not delivered. [2] dead letters encountered. This logging can be turned off or adjusted with configuration settings 'akka.log-dead-letters' and 'akka.log-dead-letters-during-shutdown'.
13:57:29.355 [worker-akka.actor.default-dispatcher-2] INFO  a.a.LocalActorRef akka://worker/user/watcher/graph0000000000/graph/local-acker - Message [com.spbsu.flamestream.runtime.acker.LocalAcker$Flush] from Actor[akka://worker/user/watcher/graph0000000000/graph/local-acker#-1053963486] to Actor[akka://worker/user/watcher/graph0000000000/graph/local-acker#-1053963486] was not delivered. [3] dead letters encountered. This logging can be turned off or adjusted with configuration settings 'akka.log-dead-letters' and 'akka.log-dead-letters-during-shutdown'.
13:57:29.356 [worker-akka.actor.default-dispatcher-2] INFO  a.a.LocalActorRef akka://worker/user/watcher/graph0000000000/graph/local-acker - Message [com.spbsu.flamestream.runtime.acker.LocalAcker$Flush] from Actor[akka://worker/user/watcher/graph0000000000/graph/local-acker#-1053963486] to Actor[akka://worker/user/watcher/graph0000000000/graph/local-acker#-1053963486] was not delivered. [4] dead letters encountered. This logging can be turned off or adjusted with configuration settings 'akka.log-dead-letters' and 'akka.log-dead-letters-during-shutdown'.
13:57:29.356 [worker-akka.actor.default-dispatcher-2] INFO  a.a.LocalActorRef akka://worker/user/watcher/graph0000000000/graph/local-acker - Message [com.spbsu.flamestream.runtime.acker.LocalAcker$Flush] from Actor[akka://worker/user/watcher/graph0000000000/graph/local-acker#-1053963486] to Actor[akka://worker/user/watcher/graph0000000000/graph/local-acker#-1053963486] was not delivered. [5] dead letters encountered. This logging can be turned off or adjusted with configuration settings 'akka.log-dead-letters' and 'akka.log-dead-letters-during-shutdown'.
13:57:29.358 [worker-akka.actor.default-dispatcher-2] INFO  a.a.LocalActorRef akka://worker/user/watcher/graph0000000000/graph/local-acker - Message [com.spbsu.flamestream.runtime.acker.LocalAcker$Flush] from Actor[akka://worker/user/watcher/graph0000000000/graph/local-acker#-1053963486] to Actor[akka://worker/user/watcher/graph0000000000/graph/local-acker#-1053963486] was not delivered. [6] dead letters encountered. This logging can be turned off or adjusted with configuration settings 'akka.log-dead-letters' and 'akka.log-dead-letters-during-shutdown'.
13:57:29.358 [worker-akka.actor.default-dispatcher-2] INFO  a.a.LocalActorRef akka://worker/user/watcher/graph0000000000/graph/local-acker - Message [com.spbsu.flamestream.runtime.acker.LocalAcker$Flush] from Actor[akka://worker/user/watcher/graph0000000000/graph/local-acker#-1053963486] to Actor[akka://worker/user/watcher/graph0000000000/graph/local-acker#-1053963486] was not delivered. [7] dead letters encountered. This logging can be turned off or adjusted with configuration settings 'akka.log-dead-letters' and 'akka.log-dead-letters-during-shutdown'.
13:57:29.358 [worker-akka.actor.default-dispatcher-2] INFO  a.a.LocalActorRef akka://worker/user/watcher/graph0000000000/graph/local-acker - Message [com.spbsu.flamestream.runtime.acker.LocalAcker$Flush] from Actor[akka://worker/user/watcher/graph0000000000/graph/local-acker#-1053963486] to Actor[akka://worker/user/watcher/graph0000000000/graph/local-acker#-1053963486] was not delivered. [8] dead letters encountered. This logging can be turned off or adjusted with configuration settings 'akka.log-dead-letters' and 'akka.log-dead-letters-during-shutdown'.
13:57:29.358 [worker-akka.actor.default-dispatcher-2] INFO  a.a.LocalActorRef akka://worker/user/watcher/graph0000000000/graph/local-acker - Message [com.spbsu.flamestream.runtime.acker.LocalAcker$Flush] from Actor[akka://worker/user/watcher/graph0000000000/graph/local-acker#-1053963486] to Actor[akka://worker/user/watcher/graph0000000000/graph/local-acker#-1053963486] was not delivered. [9] dead letters encountered. This logging can be turned off or adjusted with configuration settings 'akka.log-dead-letters' and 'akka.log-dead-letters-during-shutdown'.
13:57:29.358 [worker-akka.actor.default-dispatcher-2] INFO  a.a.LocalActorRef akka://worker/user/watcher/graph0000000000/graph - Stopped
13:57:29.359 [worker-akka.actor.default-dispatcher-2] INFO  a.a.LocalActorRef akka://worker/user/watcher/graph0000000000 - Stopped
13:57:29.363 [worker-akka.actor.default-dispatcher-2-EventThread] INFO  o.a.z.ClientCnxn  - EventThread shut down for session: 0x161ae4eb1e20007
13:57:29.364 [worker-akka.actor.default-dispatcher-2] INFO  o.a.z.ZooKeeper  - Session: 0x161ae4eb1e20007 closed
13:57:29.364 [worker-akka.actor.default-dispatcher-2] INFO  a.a.RepointableActorRef akka://worker/user/watcher - Stopped
13:57:29.377 [worker-akka.actor.default-dispatcher-2] INFO  a.r.RemoteActorRefProvider$RemotingTerminator akka://worker@172.31.45.197:5412/system/remoting-terminator - Shutting down remote daemon.
13:57:29.381 [worker-akka.actor.default-dispatcher-2] INFO  a.r.RemoteActorRefProvider$RemotingTerminator akka://worker@172.31.45.197:5412/system/remoting-terminator - Remote daemon shut down; proceeding with flushing remote transports.
13:57:29.570 [worker-akka.actor.default-dispatcher-2] INFO  a.r.RemoteActorRefProvider$RemotingTerminator akka://worker@172.31.45.197:5412/system/remoting-terminator - Remoting shut down.
Heap
 def new generation   total 153600K, used 127932K [0x00000000e0c00000, 0x00000000eb2a0000, 0x00000000eb2a0000)
  eden space 136576K,  86% used [0x00000000e0c00000, 0x00000000e7f6f330, 0x00000000e9160000)
  from space 17024K,  57% used [0x00000000ea200000, 0x00000000eab7fe68, 0x00000000eb2a0000)
  to   space 17024K,   0% used [0x00000000e9160000, 0x00000000e9160000, 0x00000000ea200000)
 tenured generation   total 341376K, used 89157K [0x00000000eb2a0000, 0x0000000100000000, 0x0000000100000000)
   the space 341376K,  26% used [0x00000000eb2a0000, 0x00000000f09b1600, 0x00000000f09b1600, 0x0000000100000000)
 Metaspace       used 33486K, capacity 34234K, committed 34432K, reserved 1079296K
  class space    used 4457K, capacity 4624K, committed 4736K, reserved 1048576K
