15:07:28,226 |-INFO in ch.qos.logback.classic.LoggerContext[default] - Could NOT find resource [logback-test.xml]
15:07:28,227 |-INFO in ch.qos.logback.classic.LoggerContext[default] - Could NOT find resource [logback.groovy]
15:07:28,227 |-INFO in ch.qos.logback.classic.LoggerContext[default] - Found resource [logback.xml] at [jar:file:/opt/flamestream/lib/flamestream-runtime-1.0-SNAPSHOT.jar!/logback.xml]
15:07:28,230 |-WARN in ch.qos.logback.classic.LoggerContext[default] - Resource [logback.xml] occurs multiple times on the classpath.
15:07:28,230 |-WARN in ch.qos.logback.classic.LoggerContext[default] - Resource [logback.xml] occurs at [jar:file:/opt/flamestream/flamestream-runtime-1.0-SNAPSHOT.jar!/logback.xml]
15:07:28,230 |-WARN in ch.qos.logback.classic.LoggerContext[default] - Resource [logback.xml] occurs at [jar:file:/opt/flamestream/lib/flamestream-runtime-1.0-SNAPSHOT.jar!/logback.xml]
15:07:28,254 |-INFO in ch.qos.logback.core.joran.spi.ConfigurationWatchList@69b794e2 - URL [jar:file:/opt/flamestream/lib/flamestream-runtime-1.0-SNAPSHOT.jar!/logback.xml] is not of type file
15:07:28,326 |-INFO in ch.qos.logback.classic.joran.action.ConfigurationAction - debug attribute not set
15:07:28,327 |-INFO in ch.qos.logback.core.joran.action.AppenderAction - About to instantiate appender of type [ch.qos.logback.core.ConsoleAppender]
15:07:28,335 |-INFO in ch.qos.logback.core.joran.action.AppenderAction - Naming appender as [STDOUT]
15:07:28,343 |-INFO in ch.qos.logback.core.joran.action.NestedComplexPropertyIA - Assuming default type [ch.qos.logback.classic.encoder.PatternLayoutEncoder] for [encoder] property
15:07:28,387 |-INFO in ch.qos.logback.core.joran.action.AppenderAction - About to instantiate appender of type [ch.qos.logback.core.rolling.RollingFileAppender]
15:07:28,394 |-INFO in ch.qos.logback.core.joran.action.AppenderAction - Naming appender as [FILE]
15:07:28,415 |-INFO in c.q.l.core.rolling.TimeBasedRollingPolicy@1059063940 - No compression will be used
15:07:28,416 |-INFO in c.q.l.core.rolling.TimeBasedRollingPolicy@1059063940 - Will use the pattern /tmp/application_%d{yyyy-MM-dd}.%i.log for the active file
15:07:28,422 |-INFO in ch.qos.logback.core.rolling.SizeAndTimeBasedFNATP@4d339552 - The date pattern is 'yyyy-MM-dd' from file name pattern '/tmp/application_%d{yyyy-MM-dd}.%i.log'.
15:07:28,422 |-INFO in ch.qos.logback.core.rolling.SizeAndTimeBasedFNATP@4d339552 - Roll-over at midnight.
15:07:28,427 |-INFO in ch.qos.logback.core.rolling.SizeAndTimeBasedFNATP@4d339552 - Setting initial period to Thu Mar 29 15:02:55 UTC 2018
15:07:28,427 |-WARN in ch.qos.logback.core.rolling.SizeAndTimeBasedFNATP@4d339552 - SizeAndTimeBasedFNATP is deprecated. Use SizeAndTimeBasedRollingPolicy instead
15:07:28,427 |-WARN in ch.qos.logback.core.rolling.SizeAndTimeBasedFNATP@4d339552 - For more information see http://logback.qos.ch/manual/appenders.html#SizeAndTimeBasedRollingPolicy
15:07:28,432 |-INFO in ch.qos.logback.core.joran.action.NestedComplexPropertyIA - Assuming default type [ch.qos.logback.classic.encoder.PatternLayoutEncoder] for [encoder] property
15:07:28,436 |-INFO in ch.qos.logback.core.rolling.RollingFileAppender[FILE] - Active log file name: /tmp/application.log
15:07:28,436 |-INFO in ch.qos.logback.core.rolling.RollingFileAppender[FILE] - File property is set to [/tmp/application.log]
15:07:28,437 |-INFO in ch.qos.logback.classic.joran.action.RootLoggerAction - Setting level of ROOT logger to INFO
15:07:28,437 |-INFO in ch.qos.logback.core.joran.action.AppenderRefAction - Attaching appender named [STDOUT] to Logger[ROOT]
15:07:28,437 |-INFO in ch.qos.logback.core.joran.action.AppenderRefAction - Attaching appender named [FILE] to Logger[ROOT]
15:07:28,437 |-INFO in ch.qos.logback.classic.joran.action.ConfigurationAction - End of configuration.
15:07:28,438 |-INFO in ch.qos.logback.classic.joran.JoranConfigurator@f0f2775 - Registering current configuration as safe fallback point

15:07:28.441 [main] INFO  c.s.f.r.a.WorkerApplication  - Starting worker with id: '10.0.0.25', host: '10.0.0.25:5412', zkString: '10.0.0.14:2181'
15:07:29.355 [worker-akka.actor.default-dispatcher-6] INFO  a.e.s.Slf4jLogger  - Slf4jLogger started
2018-03-29T15:07:29.496+0000: 1.842: [Full GC (Metadata GC Threshold) 2018-03-29T15:07:29.496+0000: 1.842: [Tenured: 0K->15875K(341376K), 0.0397367 secs] 131339K->15875K(494976K), [Metaspace: 20941K->20941K(1067008K)], 0.0398021 secs] [Times: user=0.03 sys=0.00, real=0.04 secs] 
Ama winner
Ama winner
15:07:29.868 [worker-akka.actor.default-dispatcher-6] INFO  a.r.a.ArteryTransport(akka://worker) akka.remote.artery.ArteryTransport(akka://worker) - Started embedded media driver in directory [/dev/shm/aeron-10.0.0.25]
15:07:30.074 [worker-akka.actor.default-dispatcher-6] INFO  a.r.a.ArteryTransport(akka://worker) akka.remote.artery.ArteryTransport(akka://worker) - Remoting started; listening on address: [akka://worker@10.0.0.25:5412] with UID [5197916663740546503]
15:07:30.127 [worker-akka.actor.default-dispatcher-3] INFO  a.a.RepointableActorRef akka://worker/user/watcher - Starting...
15:07:30.188 [worker-akka.actor.default-dispatcher-6] INFO  o.a.z.ZooKeeper  - Client environment:zookeeper.version=3.4.9-1757313, built on 08/23/2016 06:50 GMT
15:07:30.189 [worker-akka.actor.default-dispatcher-6] INFO  o.a.z.ZooKeeper  - Client environment:host.name=localhost
15:07:30.190 [worker-akka.actor.default-dispatcher-6] INFO  o.a.z.ZooKeeper  - Client environment:java.version=1.8.0_151
15:07:30.190 [worker-akka.actor.default-dispatcher-6] INFO  o.a.z.ZooKeeper  - Client environment:java.vendor=Oracle Corporation
15:07:30.190 [worker-akka.actor.default-dispatcher-6] INFO  o.a.z.ZooKeeper  - Client environment:java.home=/usr/lib/jvm/java-8-openjdk-amd64/jre
15:07:30.190 [worker-akka.actor.default-dispatcher-6] INFO  o.a.z.ZooKeeper  - Client environment:java.class.path=lib/commons-cli-1.4.jar:lib/minlog-1.3.0.jar:lib/asm-5.0.4.jar:lib/hadoop-annotations-2.7.3.jar:lib/hadoop-auth-2.7.3.jar:lib/akka-slf4j_2.11-2.5.6.jar:lib/jersey-core-1.9.jar:lib/lz4-1.3.0.jar:lib/jackson-core-asl-1.9.13.jar:lib/aeron-client-1.3.0.jar:lib/htrace-core-3.1.0-incubating.jar:lib/xz-1.0.jar:lib/commons-httpclient-3.1.jar:lib/asm-3.1.jar:lib/commons-lang3-3.4.jar:lib/scala-library-2.11.11.jar:lib/scala-java8-compat_2.11-0.7.0.jar:lib/commons-configuration-1.6.jar:lib/objenesis-2.1.jar:lib/jackson-annotations-2.8.0.jar:lib/jsr305-3.0.0.jar:lib/curator-framework-2.7.1.jar:lib/jersey-server-1.9.jar:lib/jets3t-0.9.0.jar:lib/leveldb-0.7.jar:lib/jetty-6.1.26.jar:lib/stax-api-1.0-2.jar:lib/flamestream-core-1.0-SNAPSHOT.jar:lib/reflectasm-1.07-shaded.jar:lib/apacheds-kerberos-codec-2.0.0-M15.jar:lib/api-asn1-api-1.0.0-M20.jar:lib/commons-lang-2.6.jar:lib/commons-beanutils-1.7.0.jar:lib/jackson-xc-1.8.3.jar:lib/jetty-util-6.1.26.jar:lib/logback-classic-1.2.3.jar:lib/jool-0.9.12.jar:lib/httpcore-4.1.2.jar:lib/kryo-4.0.0.jar:lib/ant-1.8.1.jar:lib/jaxb-impl-2.2.3-1.jar:lib/jersey-json-1.9.jar:lib/commons-compress-1.4.1.jar:lib/leveldbjni-all-1.8.jar:lib/paranamer-2.3.jar:lib/jackson-core-2.8.4.jar:lib/commons-math3-3.6.1.jar:lib/scala-parser-combinators_2.11-1.0.4.jar:lib/netty-3.10.6.Final.jar:lib/trove4j-3.0.3.jar:lib/jaxb-api-2.2.2.jar:lib/logback-core-1.2.3.jar:lib/snappy-java-1.0.4.1.jar:lib/protobuf-java-2.5.0.jar:lib/reactive-streams-1.0.1.jar:lib/flamestream-examples-1.0-SNAPSHOT.jar:lib/commons-codec-1.4.jar:lib/activation-1.1.jar:lib/commons-net-3.1.jar:lib/curator-recipes-2.7.1.jar:lib/jackson-mapper-asl-1.9.13.jar:lib/jackson-databind-2.8.4.jar:lib/flamestream-runtime-1.0-SNAPSHOT.jar:lib/jackson-jaxrs-1.8.3.jar:lib/slf4j-api-1.7.24.jar:lib/akka-remote_2.11-2.5.6.jar:lib/akka-testkit_2.11-2.5.6.jar:lib/jline-0.9.94.jar:lib/jedis-2.9.0.jar:lib/akka-stream_2.11-2.5.6.jar:lib/jsp-api-2.1.jar:lib/kryonet-2.21.jar:lib/akka-kryo-serialization_2.11-0.5.0.jar:lib/config-1.3.1.jar:lib/ant-launcher-1.8.1.jar:lib/commons-logging-1.2.jar:lib/ssl-config-core_2.11-0.2.2.jar:lib/testng-6.10.jar:lib/leveldb-api-0.7.jar:lib/reflectasm-1.11.3.jar:lib/jcommander-1.48.jar:lib/commons-1.1.jar:lib/commons-digester-1.8.jar:lib/minlog-1.2.jar:lib/java-xmlbuilder-0.4.jar:lib/jettison-1.1.jar:lib/gson-2.2.4.jar:lib/jdk.tools-1.8.jar:lib/aeron-driver-1.3.0.jar:lib/zookeeper-3.4.9.jar:lib/commons-beanutils-core-1.8.0.jar:lib/commons-math3-3.1.1.jar:lib/akka-actor_2.11-2.5.6.jar:lib/curator-client-2.7.1.jar:lib/servlet-api-2.5.jar:lib/commons-pool2-2.4.2.jar:lib/apacheds-i18n-2.0.0-M15.jar:lib/commons-io-2.4.jar:lib/commons-codec-1.6.jar:lib/akka-protobuf_2.11-2.5.6.jar:lib/jdom-2.0.2.jar:lib/rocksdbjni-5.5.1.jar:lib/api-util-1.0.0-M20.jar:lib/hadoop-common-2.7.3.jar:lib/agrona-0.9.6.jar:lib/xmlenc-0.52.jar:lib/guava-21.0.jar:lib/commons-collections-3.2.2.jar:lib/avro-1.7.4.jar:lib/httpclient-4.1.2.jar:lib/flamestream-core-1.0-SNAPSHOT-tests.jar:lib/annotations-12.0.jar:lib/jsch-0.1.42.jar:flamestream-runtime-1.0-SNAPSHOT.jar
15:07:30.190 [worker-akka.actor.default-dispatcher-6] INFO  o.a.z.ZooKeeper  - Client environment:java.library.path=/usr/java/packages/lib/amd64:/usr/lib/x86_64-linux-gnu/jni:/lib/x86_64-linux-gnu:/usr/lib/x86_64-linux-gnu:/usr/lib/jni:/lib:/usr/lib
15:07:30.191 [worker-akka.actor.default-dispatcher-6] INFO  o.a.z.ZooKeeper  - Client environment:java.io.tmpdir=/tmp
15:07:30.191 [worker-akka.actor.default-dispatcher-6] INFO  o.a.z.ZooKeeper  - Client environment:java.compiler=<NA>
15:07:30.191 [worker-akka.actor.default-dispatcher-6] INFO  o.a.z.ZooKeeper  - Client environment:os.name=Linux
15:07:30.191 [worker-akka.actor.default-dispatcher-6] INFO  o.a.z.ZooKeeper  - Client environment:os.arch=amd64
15:07:30.193 [worker-akka.actor.default-dispatcher-6] INFO  o.a.z.ZooKeeper  - Client environment:os.version=4.4.0-1049-aws
15:07:30.194 [worker-akka.actor.default-dispatcher-6] INFO  o.a.z.ZooKeeper  - Client environment:user.name=root
15:07:30.194 [worker-akka.actor.default-dispatcher-6] INFO  o.a.z.ZooKeeper  - Client environment:user.home=/root
15:07:30.195 [worker-akka.actor.default-dispatcher-6] INFO  o.a.z.ZooKeeper  - Client environment:user.dir=/opt/flamestream
15:07:30.199 [worker-akka.actor.default-dispatcher-6] INFO  o.a.z.ZooKeeper  - Initiating client connection, connectString=10.0.0.14:2181 sessionTimeout=5000 watcher=com.spbsu.flamestream.runtime.application.LifecycleWatcher$$Lambda$30/1278407981@153f242f
15:07:30.234 [worker-akka.actor.default-dispatcher-6-SendThread(10.0.0.14:2181)] INFO  o.a.z.ClientCnxn  - Opening socket connection to server 10.0.0.14/10.0.0.14:2181. Will not attempt to authenticate using SASL (unknown error)
15:07:30.245 [worker-akka.actor.default-dispatcher-6-SendThread(10.0.0.14:2181)] INFO  o.a.z.ClientCnxn  - Socket connection established to 10.0.0.14/10.0.0.14:2181, initiating session
15:07:30.252 [worker-akka.actor.default-dispatcher-6-SendThread(10.0.0.14:2181)] INFO  o.a.z.ClientCnxn  - Session establishment complete on server 10.0.0.14/10.0.0.14:2181, sessionid = 0x162724b934d0006, negotiated timeout = 6000
15:07:30.261 [worker-akka.actor.default-dispatcher-3] INFO  a.a.RepointableActorRef akka://worker/user/watcher - Initializing rocksDB backend
15:07:30.450 [worker-akka.actor.default-dispatcher-3] INFO  a.a.RepointableActorRef akka://worker/user/watcher - Connected to ZK
15:07:40.626 [worker-akka.actor.default-dispatcher-3] INFO  a.a.RepointableActorRef akka://worker/user/watcher - Creating node with watchGraphs: 'com.spbsu.flamestream.core.Graph$Builder$MyGraph@e690410', config: 'ClusterConfig{paths={10.0.0.82=akka://worker@10.0.0.82:5412/user/watcher, 10.0.0.102=akka://worker@10.0.0.102:5412/user/watcher, 10.0.0.39=akka://worker@10.0.0.39:5412/user/watcher, 10.0.0.225=akka://worker@10.0.0.225:5412/user/watcher, 10.0.0.27=akka://worker@10.0.0.27:5412/user/watcher, 10.0.0.236=akka://worker@10.0.0.236:5412/user/watcher, 10.0.0.25=akka://worker@10.0.0.25:5412/user/watcher, 10.0.0.167=akka://worker@10.0.0.167:5412/user/watcher, 10.0.0.46=akka://worker@10.0.0.46:5412/user/watcher, 10.0.0.189=akka://worker@10.0.0.189:5412/user/watcher}, ackerLocation='10.0.0.46', props=ComputationLayout{hashGroups={10.0.0.82=com.spbsu.flamestream.runtime.config.HashGroup@1ffe1b9d, 10.0.0.102=com.spbsu.flamestream.runtime.config.HashGroup@5d5c21bc, 10.0.0.39=com.spbsu.flamestream.runtime.config.HashGroup@56dcaf5d, 10.0.0.225=com.spbsu.flamestream.runtime.config.HashGroup@c65a7748, 10.0.0.27=com.spbsu.flamestream.runtime.config.HashGroup@231425fe, 10.0.0.236=com.spbsu.flamestream.runtime.config.HashGroup@fbc82752, 10.0.0.25=com.spbsu.flamestream.runtime.config.HashGroup@ccbcd570, 10.0.0.167=com.spbsu.flamestream.runtime.config.HashGroup@4276a447, 10.0.0.46=com.spbsu.flamestream.runtime.config.HashGroup@c01f, 10.0.0.189=com.spbsu.flamestream.runtime.config.HashGroup@3fc198ed}}}'
15:07:41.453 [worker-akka.actor.default-dispatcher-6] INFO  a.a.LocalActorRef akka://worker/user/watcher/graph_at_0/graph - Starting...
15:07:41.460 [worker-akka.actor.default-dispatcher-5] INFO  a.a.LocalActorRef akka://worker/user/watcher/graph_at_0/graph/local-acker/$a - Starting...
15:07:41.466 [worker-akka.actor.default-dispatcher-6] INFO  a.a.LocalActorRef akka://worker/user/watcher/graph_at_0/graph/local-acker - Starting...
15:07:43.276 [worker-akka.actor.default-dispatcher-10] INFO  a.a.LocalActorRef akka://worker/user/watcher/graph_at_0/graph - Finishing constructor
15:07:43.277 [worker-akka.actor.default-dispatcher-6] INFO  a.a.LocalActorRef akka://worker/user/watcher/graph_at_0/negotiator - Starting...
15:07:43.282 [worker-akka.actor.default-dispatcher-4] INFO  a.a.LocalActorRef akka://worker/user/watcher/graph_at_0/edge - Starting...
15:07:43.283 [worker-akka.actor.default-dispatcher-10] INFO  a.a.LocalActorRef akka://worker/user/watcher/graph_at_0 - Starting FlameNode with config 'ClusterConfig{paths={10.0.0.82=akka://worker@10.0.0.82:5412/user/watcher/graph_at_0, 10.0.0.102=akka://worker@10.0.0.102:5412/user/watcher/graph_at_0, 10.0.0.39=akka://worker@10.0.0.39:5412/user/watcher/graph_at_0, 10.0.0.225=akka://worker@10.0.0.225:5412/user/watcher/graph_at_0, 10.0.0.27=akka://worker@10.0.0.27:5412/user/watcher/graph_at_0, 10.0.0.236=akka://worker@10.0.0.236:5412/user/watcher/graph_at_0, 10.0.0.25=akka://worker@10.0.0.25:5412/user/watcher/graph_at_0, 10.0.0.167=akka://worker@10.0.0.167:5412/user/watcher/graph_at_0, 10.0.0.46=akka://worker@10.0.0.46:5412/user/watcher/graph_at_0, 10.0.0.189=akka://worker@10.0.0.189:5412/user/watcher/graph_at_0}, ackerLocation='10.0.0.46', props=ComputationLayout{hashGroups={10.0.0.82=com.spbsu.flamestream.runtime.config.HashGroup@1ffe1b9d, 10.0.0.102=com.spbsu.flamestream.runtime.config.HashGroup@5d5c21bc, 10.0.0.39=com.spbsu.flamestream.runtime.config.HashGroup@56dcaf5d, 10.0.0.225=com.spbsu.flamestream.runtime.config.HashGroup@c65a7748, 10.0.0.27=com.spbsu.flamestream.runtime.config.HashGroup@231425fe, 10.0.0.236=com.spbsu.flamestream.runtime.config.HashGroup@fbc82752, 10.0.0.25=com.spbsu.flamestream.runtime.config.HashGroup@ccbcd570, 10.0.0.167=com.spbsu.flamestream.runtime.config.HashGroup@4276a447, 10.0.0.46=com.spbsu.flamestream.runtime.config.HashGroup@c01f, 10.0.0.189=com.spbsu.flamestream.runtime.config.HashGroup@3fc198ed}}}'
15:07:43.302 [worker-akka.actor.default-dispatcher-10] INFO  a.a.LocalActorRef akka://worker/user/watcher/graph_at_0/negotiator - Requesting ticket for the frontClass FlameSocketGraphDeployerFront@10.0.0.25
15:07:43.328 [worker-akka.actor.default-dispatcher-11] INFO  a.a.LocalActorRef akka://worker/user/watcher/graph_at_0/graph - Received last commit 'LastCommit{globalTime=(0000000, min@min)}'
15:07:43.337 [worker-akka.actor.default-dispatcher-4] INFO  c.s.f.r.e.s.SocketRear  - FlameSocketGraphDeployerRear@10.0.0.25: connecting to 10.0.0.14:5678
15:07:43.347 [worker-akka.actor.default-dispatcher-2] INFO  a.a.LocalActorRef akka://worker/user/watcher/graph_at_0/edge/FlameSocketGraphDeployerFront - Starting...
15:07:43.353 [worker-akka.actor.default-dispatcher-4] INFO  c.s.f.r.e.s.SocketRear  - FlameSocketGraphDeployerRear@10.0.0.25: connected to 10.0.0.14:5678
15:07:43.355 [worker-akka.actor.default-dispatcher-4] INFO  a.a.LocalActorRef akka://worker/user/watcher/graph_at_0/edge/FlameSocketGraphDeployerRear - Starting...
15:07:43.407 [worker-akka.actor.default-dispatcher-4] INFO  a.a.LocalActorRef akka://worker/user/watcher/graph_at_0/graph/$a - Starting...
15:07:43.431 [worker-akka.actor.default-dispatcher-4] INFO  a.a.LocalActorRef akka://worker/user/watcher/graph_at_0/graph/$b - Starting...
15:07:43.452 [worker-akka.actor.default-dispatcher-4] INFO  a.a.LocalActorRef akka://worker/user/watcher/graph_at_0/graph/$b - Attached rear to graph (-9223372036854775808, min@min)
15:07:43.454 [worker-akka.actor.default-dispatcher-4] INFO  a.a.LocalActorRef akka://worker/user/watcher/graph_at_0/graph/$c - Starting...
15:07:43.587 [worker-akka.actor.default-dispatcher-4] INFO  a.a.LocalActorRef akka://worker/user/watcher/graph_at_0/negotiator - Ticket for the frontClass received: FrontTicket{allowedTimestamp=(0000000, FlameSocketGraphDeployerFront@10.0.0.25)}
15:07:43.590 [worker-akka.actor.default-dispatcher-4] INFO  c.s.f.r.e.s.SocketFront  - FlameSocketGraphDeployerFront@10.0.0.25: connecting to 10.0.0.14:4567
15:07:43.615 [Client] INFO  c.s.f.r.e.s.SocketFront  - FlameSocketGraphDeployerFront@10.0.0.25 has been disconnected from Connection 8
2018-03-29T15:07:47.693+0000: 20.038: [GC (Allocation Failure) 2018-03-29T15:07:47.693+0000: 20.038: [DefNew: 136576K->16110K(153600K), 0.0250216 secs] 152451K->51517K(494976K), 0.0250940 secs] [Times: user=0.00 sys=0.02, real=0.03 secs] 
2018-03-29T15:07:56.823+0000: 29.169: [GC (Allocation Failure) 2018-03-29T15:07:56.823+0000: 29.169: [DefNew: 152686K->6807K(153600K), 0.0244209 secs] 188093K->50303K(494976K), 0.0244852 secs] [Times: user=0.02 sys=0.01, real=0.02 secs] 
2018-03-29T15:08:09.715+0000: 42.061: [GC (Allocation Failure) 2018-03-29T15:08:09.715+0000: 42.061: [DefNew: 143383K->10436K(153600K), 0.0150257 secs] 186879K->53932K(494976K), 0.0151056 secs] [Times: user=0.02 sys=0.00, real=0.01 secs] 
2018-03-29T15:08:20.601+0000: 52.947: [GC (Allocation Failure) 2018-03-29T15:08:20.601+0000: 52.947: [DefNew: 147012K->10480K(153600K), 0.0187367 secs] 190508K->55963K(494976K), 0.0188000 secs] [Times: user=0.02 sys=0.00, real=0.01 secs] 
2018-03-29T15:08:29.734+0000: 62.080: [GC (Allocation Failure) 2018-03-29T15:08:29.734+0000: 62.080: [DefNew: 146057K->15819K(153600K), 0.0202727 secs] 191540K->63182K(494976K), 0.0203470 secs] [Times: user=0.02 sys=0.00, real=0.02 secs] 
2018-03-29T15:08:36.801+0000: 69.146: [GC (Allocation Failure) 2018-03-29T15:08:36.801+0000: 69.146: [DefNew: 152395K->5164K(153600K), 0.0195032 secs] 199758K->64621K(494976K), 0.0195748 secs] [Times: user=0.02 sys=0.00, real=0.02 secs] 
2018-03-29T15:08:46.233+0000: 78.578: [GC (Allocation Failure) 2018-03-29T15:08:46.233+0000: 78.578: [DefNew: 141740K->6776K(153600K), 0.0140000 secs] 201197K->66234K(494976K), 0.0140686 secs] [Times: user=0.01 sys=0.00, real=0.02 secs] 
2018-03-29T15:08:54.611+0000: 86.957: [GC (Allocation Failure) 2018-03-29T15:08:54.611+0000: 86.957: [DefNew: 143352K->8725K(153600K), 0.0156600 secs] 202810K->68182K(494976K), 0.0157371 secs] [Times: user=0.01 sys=0.00, real=0.02 secs] 
2018-03-29T15:09:04.055+0000: 96.401: [GC (Allocation Failure) 2018-03-29T15:09:04.055+0000: 96.401: [DefNew: 145301K->7862K(153600K), 0.0179622 secs] 204758K->69230K(494976K), 0.0180415 secs] [Times: user=0.01 sys=0.00, real=0.01 secs] 
2018-03-29T15:09:13.749+0000: 106.095: [GC (Allocation Failure) 2018-03-29T15:09:13.749+0000: 106.095: [DefNew: 142423K->10390K(153600K), 0.0178008 secs] 203791K->71758K(494976K), 0.0178820 secs] [Times: user=0.02 sys=0.00, real=0.02 secs] 
2018-03-29T15:09:21.724+0000: 114.070: [GC (Allocation Failure) 2018-03-29T15:09:21.724+0000: 114.070: [DefNew: 146966K->8539K(153600K), 0.0199325 secs] 208334K->72770K(494976K), 0.0200058 secs] [Times: user=0.02 sys=0.00, real=0.02 secs] 
2018-03-29T15:09:29.754+0000: 122.099: [GC (Allocation Failure) 2018-03-29T15:09:29.754+0000: 122.099: [DefNew: 144957K->8476K(153600K), 0.0191420 secs] 209188K->74196K(494976K), 0.0192095 secs] [Times: user=0.02 sys=0.00, real=0.01 secs] 
2018-03-29T15:09:35.453+0000: 127.799: [GC (Allocation Failure) 2018-03-29T15:09:35.454+0000: 127.799: [DefNew: 145052K->17024K(153600K), 0.0172284 secs] 210772K->82862K(494976K), 0.0172982 secs] [Times: user=0.02 sys=0.00, real=0.01 secs] 
2018-03-29T15:09:43.755+0000: 136.101: [GC (Allocation Failure) 2018-03-29T15:09:43.755+0000: 136.101: [DefNew: 153118K->14305K(153600K), 0.0244071 secs] 218956K->93392K(494976K), 0.0244770 secs] [Times: user=0.02 sys=0.00, real=0.02 secs] 
2018-03-29T15:09:52.264+0000: 144.610: [GC (Allocation Failure) 2018-03-29T15:09:52.265+0000: 144.610: [DefNew: 150881K->4264K(153600K), 0.0146562 secs] 229968K->93272K(494976K), 0.0147257 secs] [Times: user=0.00 sys=0.02, real=0.01 secs] 
2018-03-29T15:10:01.024+0000: 153.370: [GC (Allocation Failure) 2018-03-29T15:10:01.024+0000: 153.370: [DefNew: 140840K->5849K(153600K), 0.0116994 secs] 229848K->94857K(494976K), 0.0117687 secs] [Times: user=0.01 sys=0.00, real=0.01 secs] 
2018-03-29T15:10:08.602+0000: 160.947: [GC (Allocation Failure) 2018-03-29T15:10:08.602+0000: 160.947: [DefNew: 142425K->7464K(153600K), 0.0136002 secs] 231433K->96471K(494976K), 0.0136698 secs] [Times: user=0.01 sys=0.00, real=0.01 secs] 
2018-03-29T15:10:17.037+0000: 169.382: [GC (Allocation Failure) 2018-03-29T15:10:17.037+0000: 169.382: [DefNew: 144040K->8173K(153600K), 0.0236170 secs] 233047K->97181K(494976K), 0.0236947 secs] [Times: user=0.02 sys=0.00, real=0.02 secs] 
2018-03-29T15:10:24.764+0000: 177.109: [GC (Allocation Failure) 2018-03-29T15:10:24.764+0000: 177.109: [DefNew: 144273K->11221K(153600K), 0.0193859 secs] 233280K->100229K(494976K), 0.0194545 secs] [Times: user=0.02 sys=0.00, real=0.02 secs] 
2018-03-29T15:10:31.761+0000: 184.107: [GC (Allocation Failure) 2018-03-29T15:10:31.761+0000: 184.107: [DefNew: 144419K->9786K(153600K), 0.0225982 secs] 233427K->101698K(494976K), 0.0226847 secs] [Times: user=0.02 sys=0.01, real=0.03 secs] 
2018-03-29T15:10:39.128+0000: 191.474: [GC (Allocation Failure) 2018-03-29T15:10:39.128+0000: 191.474: [DefNew: 146362K->6703K(153600K), 0.0155353 secs] 238274K->100864K(494976K), 0.0156124 secs] [Times: user=0.02 sys=0.00, real=0.02 secs] 
2018-03-29T15:10:46.766+0000: 199.112: [GC (Allocation Failure) 2018-03-29T15:10:46.766+0000: 199.112: [DefNew: 140196K->10083K(153600K), 0.0175676 secs] 234358K->104244K(494976K), 0.0176441 secs] [Times: user=0.02 sys=0.00, real=0.02 secs] 
2018-03-29T15:10:54.720+0000: 207.065: [GC (Allocation Failure) 2018-03-29T15:10:54.720+0000: 207.065: [DefNew: 146659K->7259K(153600K), 0.0167434 secs] 240820K->103982K(494976K), 0.0168152 secs] [Times: user=0.02 sys=0.00, real=0.02 secs] 
2018-03-29T15:11:01.719+0000: 214.065: [GC (Allocation Failure) 2018-03-29T15:11:01.719+0000: 214.065: [DefNew: 143835K->8837K(153600K), 0.0160482 secs] 240558K->105560K(494976K), 0.0161274 secs] [Times: user=0.01 sys=0.00, real=0.02 secs] 
2018-03-29T15:11:08.499+0000: 220.845: [GC (Allocation Failure) 2018-03-29T15:11:08.499+0000: 220.845: [DefNew: 145413K->8090K(153600K), 0.0152946 secs] 242136K->105839K(494976K), 0.0153675 secs] [Times: user=0.01 sys=0.00, real=0.02 secs] 
2018-03-29T15:11:15.142+0000: 227.488: [GC (Allocation Failure) 2018-03-29T15:11:15.142+0000: 227.488: [DefNew: 144666K->8785K(153600K), 0.0143899 secs] 242415K->106534K(494976K), 0.0144716 secs] [Times: user=0.01 sys=0.00, real=0.01 secs] 
2018-03-29T15:11:21.785+0000: 234.131: [GC (Allocation Failure) 2018-03-29T15:11:21.785+0000: 234.131: [DefNew: 142917K->11114K(153600K), 0.0196257 secs] 240665K->109845K(494976K), 0.0196944 secs] [Times: user=0.02 sys=0.00, real=0.02 secs] 
2018-03-29T15:11:28.717+0000: 241.062: [GC (Allocation Failure) 2018-03-29T15:11:28.717+0000: 241.062: [DefNew: 147690K->7041K(153600K), 0.0171576 secs] 246421K->109111K(494976K), 0.0172386 secs] [Times: user=0.01 sys=0.00, real=0.02 secs] 
2018-03-29T15:11:35.721+0000: 248.066: [GC (Allocation Failure) 2018-03-29T15:11:35.721+0000: 248.067: [DefNew: 143617K->8886K(153600K), 0.0144085 secs] 245687K->110955K(494976K), 0.0144821 secs] [Times: user=0.01 sys=0.00, real=0.02 secs] 
2018-03-29T15:11:42.486+0000: 254.832: [GC (Allocation Failure) 2018-03-29T15:11:42.486+0000: 254.832: [DefNew: 145462K->7613K(153600K), 0.0266450 secs] 247531K->110906K(494976K), 0.0267126 secs] [Times: user=0.02 sys=0.00, real=0.02 secs] 
2018-03-29T15:11:49.362+0000: 261.708: [GC (Allocation Failure) 2018-03-29T15:11:49.362+0000: 261.708: [DefNew: 144189K->8649K(153600K), 0.0140208 secs] 247482K->111941K(494976K), 0.0140892 secs] [Times: user=0.02 sys=0.00, real=0.01 secs] 
2018-03-29T15:11:55.626+0000: 267.972: [GC (Allocation Failure) 2018-03-29T15:11:55.626+0000: 267.972: [DefNew: 145225K->8673K(153600K), 0.0158660 secs] 248517K->112977K(494976K), 0.0159389 secs] [Times: user=0.01 sys=0.00, real=0.02 secs] 
2018-03-29T15:12:00.980+0000: 273.326: [GC (Allocation Failure) 2018-03-29T15:12:00.980+0000: 273.326: [DefNew: 145249K->8671K(153600K), 0.0272476 secs] 249553K->113818K(494976K), 0.0273158 secs] [Times: user=0.02 sys=0.01, real=0.03 secs] 
2018-03-29T15:12:07.196+0000: 279.542: [GC (Allocation Failure) 2018-03-29T15:12:07.196+0000: 279.542: [DefNew: 145247K->8762K(153600K), 0.0154822 secs] 250394K->114647K(494976K), 0.0155526 secs] [Times: user=0.01 sys=0.00, real=0.01 secs] 
2018-03-29T15:12:12.786+0000: 285.131: [GC (Allocation Failure) 2018-03-29T15:12:12.786+0000: 285.132: [DefNew: 139788K->9905K(153600K), 0.0176790 secs] 245673K->116671K(494976K), 0.0177572 secs] [Times: user=0.02 sys=0.00, real=0.02 secs] 
2018-03-29T15:12:17.889+0000: 290.235: [GC (Allocation Failure) 2018-03-29T15:12:17.889+0000: 290.235: [DefNew: 141418K->9428K(153600K), 0.0330725 secs] 248185K->118001K(494976K), 0.0331443 secs] [Times: user=0.04 sys=0.00, real=0.04 secs] 
2018-03-29T15:12:23.729+0000: 296.074: [GC (Allocation Failure) 2018-03-29T15:12:23.729+0000: 296.074: [DefNew: 146004K->9479K(153600K), 0.0166354 secs] 254577K->119094K(494976K), 0.0167098 secs] [Times: user=0.01 sys=0.00, real=0.02 secs] 
2018-03-29T15:12:27.807+0000: 300.153: [GC (Allocation Failure) 2018-03-29T15:12:27.807+0000: 300.153: [DefNew: 130800K->17023K(153600K), 0.0261811 secs] 240415K->138341K(494976K), 0.0262542 secs] [Times: user=0.03 sys=0.00, real=0.03 secs] 
2018-03-29T15:12:33.744+0000: 306.090: [GC (Allocation Failure) 2018-03-29T15:12:33.744+0000: 306.090: [DefNew: 153599K->17024K(153600K), 0.0715381 secs] 274917K->160544K(494976K), 0.0716157 secs] [Times: user=0.04 sys=0.02, real=0.07 secs] 
2018-03-29T15:12:38.790+0000: 311.136: [GC (Allocation Failure) 2018-03-29T15:12:38.790+0000: 311.136: [DefNew: 153600K->8021K(153600K), 0.0255857 secs] 297120K->168152K(494976K), 0.0256567 secs] [Times: user=0.02 sys=0.01, real=0.03 secs] 
2018-03-29T15:12:44.223+0000: 316.569: [GC (Allocation Failure) 2018-03-29T15:12:44.223+0000: 316.569: [DefNew: 144597K->7392K(153600K), 0.0123646 secs] 304728K->167523K(494976K), 0.0124359 secs] [Times: user=0.02 sys=0.00, real=0.01 secs] 
2018-03-29T15:12:49.877+0000: 322.222: [GC (Allocation Failure) 2018-03-29T15:12:49.877+0000: 322.222: [DefNew: 143175K->8837K(153600K), 0.0216503 secs] 303306K->168968K(494976K), 0.0217217 secs] [Times: user=0.03 sys=0.00, real=0.02 secs] 
2018-03-29T15:12:54.787+0000: 327.132: [GC (Allocation Failure) 2018-03-29T15:12:54.787+0000: 327.132: [DefNew: 144952K->9352K(153600K), 0.0171695 secs] 305083K->170837K(494976K), 0.0172430 secs] [Times: user=0.01 sys=0.00, real=0.02 secs] 
2018-03-29T15:13:00.451+0000: 332.796: [GC (Allocation Failure) 2018-03-29T15:13:00.451+0000: 332.796: [DefNew: 145928K->8584K(153600K), 0.0141797 secs] 307413K->171132K(494976K), 0.0142656 secs] [Times: user=0.01 sys=0.00, real=0.02 secs] 
2018-03-29T15:13:05.793+0000: 338.138: [GC (Allocation Failure) 2018-03-29T15:13:05.793+0000: 338.138: [DefNew: 141580K->8811K(153600K), 0.0154783 secs] 304128K->172419K(494976K), 0.0155515 secs] [Times: user=0.02 sys=0.00, real=0.02 secs] 
2018-03-29T15:13:11.519+0000: 343.865: [GC (Allocation Failure) 2018-03-29T15:13:11.519+0000: 343.865: [DefNew: 145387K->8371K(153600K), 0.0284095 secs] 308995K->173158K(494976K), 0.0284785 secs] [Times: user=0.03 sys=0.00, real=0.03 secs] 
2018-03-29T15:13:16.750+0000: 349.095: [GC (Allocation Failure) 2018-03-29T15:13:16.750+0000: 349.095: [DefNew: 144947K->11069K(153600K), 0.0168990 secs] 309734K->175856K(494976K), 0.0169823 secs] [Times: user=0.02 sys=0.00, real=0.02 secs] 
2018-03-29T15:13:22.298+0000: 354.643: [GC (Allocation Failure) 2018-03-29T15:13:22.298+0000: 354.643: [DefNew: 147645K->6860K(153600K), 0.0153306 secs] 312432K->174926K(494976K), 0.0154025 secs] [Times: user=0.01 sys=0.01, real=0.02 secs] 
2018-03-29T15:13:27.801+0000: 360.146: [GC (Allocation Failure) 2018-03-29T15:13:27.801+0000: 360.146: [DefNew: 138501K->7899K(153600K), 0.0115633 secs] 306567K->175966K(494976K), 0.0116399 secs] [Times: user=0.01 sys=0.00, real=0.01 secs] 
2018-03-29T15:13:32.888+0000: 365.234: [GC (Allocation Failure) 2018-03-29T15:13:32.888+0000: 365.234: [DefNew: 143026K->9599K(153600K), 0.0290869 secs] 311092K->177665K(494976K), 0.0291592 secs] [Times: user=0.04 sys=0.00, real=0.03 secs] 
2018-03-29T15:13:37.804+0000: 370.149: [GC (Allocation Failure) 2018-03-29T15:13:37.804+0000: 370.149: [DefNew: 141761K->9648K(153600K), 0.0153162 secs] 309827K->178600K(494976K), 0.0153923 secs] [Times: user=0.01 sys=0.00, real=0.01 secs] 
2018-03-29T15:13:42.988+0000: 375.333: [GC (Allocation Failure) 2018-03-29T15:13:42.988+0000: 375.333: [DefNew: 146224K->8630K(153600K), 0.0152633 secs] 315176K->179277K(494976K), 0.0153356 secs] [Times: user=0.01 sys=0.00, real=0.02 secs] 
2018-03-29T15:13:48.725+0000: 381.071: [GC (Allocation Failure) 2018-03-29T15:13:48.725+0000: 381.071: [DefNew: 145206K->8994K(153600K), 0.0155096 secs] 315853K->180995K(494976K), 0.0155817 secs] [Times: user=0.02 sys=0.00, real=0.01 secs] 
2018-03-29T15:13:53.877+0000: 386.223: [GC (Allocation Failure) 2018-03-29T15:13:53.877+0000: 386.223: [DefNew: 145570K->11855K(153600K), 0.0380770 secs] 317571K->185029K(494976K), 0.0381637 secs] [Times: user=0.04 sys=0.00, real=0.04 secs] 
2018-03-29T15:13:58.800+0000: 391.145: [GC (Allocation Failure) 2018-03-29T15:13:58.800+0000: 391.145: [DefNew: 144674K->7433K(153600K), 0.0147448 secs] 317849K->183101K(494976K), 0.0148225 secs] [Times: user=0.02 sys=0.00, real=0.02 secs] 
2018-03-29T15:14:03.718+0000: 396.064: [GC (Allocation Failure) 2018-03-29T15:14:03.718+0000: 396.064: [DefNew: 144009K->9074K(153600K), 0.0135060 secs] 319677K->184742K(494976K), 0.0135819 secs] [Times: user=0.02 sys=0.00, real=0.01 secs] 
2018-03-29T15:14:08.757+0000: 401.103: [GC (Allocation Failure) 2018-03-29T15:14:08.757+0000: 401.103: [DefNew: 145650K->11948K(153600K), 0.0203885 secs] 321318K->188933K(494976K), 0.0204602 secs] [Times: user=0.02 sys=0.00, real=0.02 secs] 
2018-03-29T15:14:13.904+0000: 406.250: [GC (Allocation Failure) 2018-03-29T15:14:13.905+0000: 406.250: [DefNew: 148011K->6727K(153600K), 0.0278257 secs] 324996K->186348K(494976K), 0.0278961 secs] [Times: user=0.02 sys=0.00, real=0.02 secs] 
2018-03-29T15:14:18.802+0000: 411.147: [GC (Allocation Failure) 2018-03-29T15:14:18.802+0000: 411.147: [DefNew: 138221K->8486K(153600K), 0.0121432 secs] 317843K->188108K(494976K), 0.0122234 secs] [Times: user=0.01 sys=0.00, real=0.01 secs] 
2018-03-29T15:14:22.802+0000: 415.147: [GC (Allocation Failure) 2018-03-29T15:14:22.802+0000: 415.147: [DefNew: 134314K->9985K(153600K), 0.0137436 secs] 313935K->189606K(494976K), 0.0138291 secs] [Times: user=0.01 sys=0.00, real=0.01 secs] 
2018-03-29T15:14:26.810+0000: 419.156: [GC (Allocation Failure) 2018-03-29T15:14:26.810+0000: 419.156: [DefNew: 136525K->9110K(153600K), 0.0156782 secs] 316146K->190653K(494976K), 0.0157527 secs] [Times: user=0.02 sys=0.01, real=0.02 secs] 
2018-03-29T15:14:31.865+0000: 424.211: [GC (Allocation Failure) 2018-03-29T15:14:31.865+0000: 424.211: [DefNew: 145686K->12014K(153600K), 0.0426307 secs] 327229K->194546K(494976K), 0.0427034 secs] [Times: user=0.05 sys=0.00, real=0.04 secs] 
2018-03-29T15:14:36.717+0000: 429.063: [GC (Allocation Failure) 2018-03-29T15:14:36.717+0000: 429.063: [DefNew: 148590K->8205K(153600K), 0.0154902 secs] 331122K->193456K(494976K), 0.0155624 secs] [Times: user=0.02 sys=0.00, real=0.01 secs] 
2018-03-29T15:14:41.142+0000: 433.488: [GC (Allocation Failure) 2018-03-29T15:14:41.142+0000: 433.488: [DefNew: 144781K->9068K(153600K), 0.0123217 secs] 330032K->194319K(494976K), 0.0124039 secs] [Times: user=0.01 sys=0.00, real=0.01 secs] 
2018-03-29T15:14:45.887+0000: 438.232: [GC (Allocation Failure) 2018-03-29T15:14:45.887+0000: 438.232: [DefNew: 145644K->9019K(153600K), 0.0145592 secs] 330895K->195336K(494976K), 0.0146303 secs] [Times: user=0.01 sys=0.00, real=0.02 secs] 
2018-03-29T15:14:50.823+0000: 443.169: [GC (Allocation Failure) 2018-03-29T15:14:50.823+0000: 443.169: [DefNew: 145251K->9057K(153600K), 0.0138922 secs] 331567K->196603K(494976K), 0.0139635 secs] [Times: user=0.01 sys=0.00, real=0.01 secs] 
2018-03-29T15:14:55.879+0000: 448.225: [GC (Allocation Failure) 2018-03-29T15:14:55.879+0000: 448.225: [DefNew: 145633K->12370K(153600K), 0.0418615 secs] 333179K->201006K(494976K), 0.0419326 secs] [Times: user=0.04 sys=0.00, real=0.04 secs] 
2018-03-29T15:15:00.812+0000: 453.158: [GC (Allocation Failure) 2018-03-29T15:15:00.812+0000: 453.158: [DefNew: 139190K->6946K(153600K), 0.0140989 secs] 327826K->198719K(494976K), 0.0141687 secs] [Times: user=0.02 sys=0.00, real=0.02 secs] 
2018-03-29T15:15:05.736+0000: 458.082: [GC (Allocation Failure) 2018-03-29T15:15:05.736+0000: 458.082: [DefNew: 143522K->11575K(153600K), 0.0180959 secs] 335295K->203348K(494976K), 0.0181718 secs] [Times: user=0.02 sys=0.00, real=0.02 secs] 
2018-03-29T15:15:09.889+0000: 462.235: [GC (Allocation Failure) 2018-03-29T15:15:09.889+0000: 462.235: [DefNew: 148151K->6760K(153600K), 0.0134907 secs] 339924K->201363K(494976K), 0.0135629 secs] [Times: user=0.02 sys=0.00, real=0.02 secs] 
2018-03-29T15:15:14.172+0000: 466.517: [GC (Allocation Failure) 2018-03-29T15:15:14.172+0000: 466.517: [DefNew: 143336K->9002K(153600K), 0.0257488 secs] 337939K->203605K(494976K), 0.0258185 secs] [Times: user=0.03 sys=0.00, real=0.03 secs] 
2018-03-29T15:15:19.324+0000: 471.670: [GC (Allocation Failure) 2018-03-29T15:15:19.324+0000: 471.670: [DefNew: 145578K->9074K(153600K), 0.0293163 secs] 340181K->204752K(494976K), 0.0293871 secs] [Times: user=0.03 sys=0.01, real=0.03 secs] 
2018-03-29T15:15:23.810+0000: 476.156: [GC (Allocation Failure) 2018-03-29T15:15:23.810+0000: 476.156: [DefNew: 137108K->8922K(153600K), 0.0141439 secs] 332786K->205652K(494976K), 0.0142188 secs] [Times: user=0.02 sys=0.00, real=0.02 secs] 
2018-03-29T15:15:28.817+0000: 481.163: [GC (Allocation Failure) 2018-03-29T15:15:28.817+0000: 481.163: [DefNew: 138345K->8092K(153600K), 0.0127422 secs] 335075K->206472K(494976K), 0.0128148 secs] [Times: user=0.02 sys=0.00, real=0.01 secs] 
2018-03-29T15:15:32.835+0000: 485.180: [GC (Allocation Failure) 2018-03-29T15:15:32.835+0000: 485.180: [DefNew: 135078K->9733K(153600K), 0.0132666 secs] 333458K->208113K(494976K), 0.0133430 secs] [Times: user=0.02 sys=0.00, real=0.01 secs] 
2018-03-29T15:15:37.380+0000: 489.726: [GC (Allocation Failure) 2018-03-29T15:15:37.380+0000: 489.726: [DefNew: 146309K->10103K(153600K), 0.0269066 secs] 344689K->209496K(494976K), 0.0269703 secs] [Times: user=0.02 sys=0.00, real=0.03 secs] 
2018-03-29T15:15:41.822+0000: 494.168: [GC (Allocation Failure) 2018-03-29T15:15:41.822+0000: 494.168: [DefNew: 137423K->9064K(153600K), 0.0150122 secs] 336816K->210076K(494976K), 0.0150836 secs] [Times: user=0.01 sys=0.00, real=0.01 secs] 
2018-03-29T15:15:46.741+0000: 499.087: [GC (Allocation Failure) 2018-03-29T15:15:46.741+0000: 499.087: [DefNew: 145640K->12628K(153600K), 0.0210135 secs] 346652K->215065K(494976K), 0.0211006 secs] [Times: user=0.02 sys=0.00, real=0.02 secs] 
2018-03-29T15:15:50.330+0000: 502.675: [GC (Allocation Failure) 2018-03-29T15:15:50.330+0000: 502.675: [DefNew: 149204K->8406K(153600K), 0.0160754 secs] 351641K->213904K(494976K), 0.0161489 secs] [Times: user=0.01 sys=0.00, real=0.02 secs] 
2018-03-29T15:15:54.763+0000: 507.109: [GC (Allocation Failure) 2018-03-29T15:15:54.763+0000: 507.109: [DefNew: 144982K->12134K(153600K), 0.0314001 secs] 350480K->217632K(494976K), 0.0314759 secs] [Times: user=0.03 sys=0.00, real=0.03 secs] 
2018-03-29T15:15:59.121+0000: 511.467: [GC (Allocation Failure) 2018-03-29T15:15:59.121+0000: 511.467: [DefNew: 148710K->7153K(153600K), 0.0142199 secs] 354208K->215980K(494976K), 0.0146423 secs] [Times: user=0.00 sys=0.01, real=0.01 secs] 
2018-03-29T15:16:03.820+0000: 516.166: [GC (Allocation Failure) 2018-03-29T15:16:03.820+0000: 516.166: [DefNew: 141035K->8404K(153600K), 0.0111121 secs] 349861K->217231K(494976K), 0.0111821 secs] [Times: user=0.01 sys=0.00, real=0.01 secs] 
2018-03-29T15:16:07.936+0000: 520.281: [GC (Allocation Failure) 2018-03-29T15:16:07.936+0000: 520.281: [DefNew: 142885K->10266K(153600K), 0.0238303 secs] 351712K->219093K(494976K), 0.0238994 secs] [Times: user=0.02 sys=0.00, real=0.02 secs] 
2018-03-29T15:16:11.819+0000: 524.165: [GC (Allocation Failure) 2018-03-29T15:16:11.819+0000: 524.165: [DefNew: 144863K->9336K(153600K), 0.0156393 secs] 353690K->220460K(494976K), 0.0157129 secs] [Times: user=0.02 sys=0.00, real=0.02 secs] 
2018-03-29T15:16:15.991+0000: 528.336: [GC (Allocation Failure) 2018-03-29T15:16:15.991+0000: 528.336: [DefNew: 145912K->9629K(153600K), 0.0141689 secs] 357036K->221663K(494976K), 0.0142413 secs] [Times: user=0.01 sys=0.00, real=0.02 secs] 
2018-03-29T15:16:20.827+0000: 533.172: [GC (Allocation Failure) 2018-03-29T15:16:20.827+0000: 533.172: [DefNew: 145593K->9427K(153600K), 0.0151857 secs] 357626K->223082K(494976K), 0.0152599 secs] [Times: user=0.01 sys=0.00, real=0.02 secs] 
15:16:21.041 [Client] INFO  c.s.f.r.e.s.SocketRear  - FlameSocketGraphDeployerRear@10.0.0.25: has been disconnected from Connection 8
15:16:32.429 [worker-akka.actor.default-dispatcher-14] INFO  a.a.CoordinatedShutdown CoordinatedShutdown(akka://worker) - Starting coordinated shutdown from JVM shutdown hook
15:16:32.449 [worker-akka.actor.default-dispatcher-13] INFO  a.a.LocalActorRef akka://worker/user/watcher/graph_at_0/edge/FlameSocketGraphDeployerFront - Stopped
15:16:32.450 [worker-akka.actor.default-dispatcher-13] INFO  a.a.LocalActorRef akka://worker/user/watcher/graph_at_0/negotiator - Stopped
15:16:32.450 [worker-akka.actor.default-dispatcher-13] INFO  a.a.LocalActorRef akka://worker/user/watcher/graph_at_0/edge/FlameSocketGraphDeployerRear - Stopped
15:16:32.452 [worker-akka.actor.default-dispatcher-5] INFO  a.a.LocalActorRef akka://worker/user/watcher/graph_at_0/graph/$a - Stopped
15:16:32.452 [worker-akka.actor.default-dispatcher-5] INFO  a.a.LocalActorRef akka://worker/user/watcher/graph_at_0/graph/$b - Stopped
15:16:32.452 [worker-akka.actor.default-dispatcher-5] INFO  a.a.LocalActorRef akka://worker/user/watcher/graph_at_0/graph/$c - Stopped
15:16:32.452 [worker-akka.actor.default-dispatcher-5] INFO  a.a.LocalActorRef akka://worker/user/watcher/graph_at_0/edge - Stopped
15:16:32.454 [worker-akka.actor.default-dispatcher-15] INFO  a.a.LocalActorRef akka://worker/user/watcher/graph_at_0/graph/local-acker/$a - Stopped
15:16:32.456 [worker-akka.actor.default-dispatcher-15] INFO  a.a.LocalActorRef akka://worker/user/watcher/graph_at_0/graph/local-acker - Stopped
15:16:32.457 [worker-akka.actor.default-dispatcher-15] INFO  a.a.LocalActorRef akka://worker/user/watcher/graph_at_0/graph - Stopped
15:16:32.457 [worker-akka.actor.default-dispatcher-15] INFO  a.a.LocalActorRef akka://worker/user/watcher/graph_at_0/graph/local-acker/$a - Message [com.spbsu.flamestream.runtime.utils.akka.PingActor$InnerPing] from Actor[akka://worker/user/watcher/graph_at_0/graph/local-acker/$a#735334273] to Actor[akka://worker/user/watcher/graph_at_0/graph/local-acker/$a#735334273] was not delivered. [1] dead letters encountered. This logging can be turned off or adjusted with configuration settings 'akka.log-dead-letters' and 'akka.log-dead-letters-during-shutdown'.
15:16:32.457 [worker-akka.actor.default-dispatcher-15] INFO  a.a.LocalActorRef akka://worker/user/watcher/graph_at_0/graph/local-acker/$a - Message [com.spbsu.flamestream.runtime.utils.akka.PingActor$Stop] from Actor[akka://worker/user/watcher/graph_at_0/graph/local-acker#-970845913] to Actor[akka://worker/user/watcher/graph_at_0/graph/local-acker/$a#735334273] was not delivered. [2] dead letters encountered. This logging can be turned off or adjusted with configuration settings 'akka.log-dead-letters' and 'akka.log-dead-letters-during-shutdown'.
15:16:32.457 [worker-akka.actor.default-dispatcher-15] INFO  a.a.LocalActorRef akka://worker/user/watcher/graph_at_0/graph/local-acker - Message [com.spbsu.flamestream.runtime.acker.LocalAcker$Flush] from Actor[akka://worker/user/watcher/graph_at_0/graph/local-acker/$a#735334273] to Actor[akka://worker/user/watcher/graph_at_0/graph/local-acker#-970845913] was not delivered. [3] dead letters encountered. This logging can be turned off or adjusted with configuration settings 'akka.log-dead-letters' and 'akka.log-dead-letters-during-shutdown'.
15:16:32.460 [worker-akka.actor.default-dispatcher-15] INFO  a.a.LocalActorRef akka://worker/user/watcher/graph_at_0 - Stopped
15:16:32.461 [worker-akka.actor.default-dispatcher-6-EventThread] INFO  o.a.z.ClientCnxn  - EventThread shut down for session: 0x162724b934d0006
15:16:32.461 [worker-akka.actor.default-dispatcher-11] INFO  o.a.z.ZooKeeper  - Session: 0x162724b934d0006 closed
15:16:32.460 [worker-akka.actor.default-dispatcher-15] INFO  a.a.RepointableActorRef akka://worker/user/watcher - Stopped
15:16:32.484 [worker-akka.actor.default-dispatcher-3] INFO  a.r.RemoteActorRefProvider$RemotingTerminator akka://worker@10.0.0.25:5412/system/remoting-terminator - Shutting down remote daemon.
15:16:32.485 [worker-akka.actor.default-dispatcher-3] INFO  a.r.RemoteActorRefProvider$RemotingTerminator akka://worker@10.0.0.25:5412/system/remoting-terminator - Remote daemon shut down; proceeding with flushing remote transports.
15:16:33.632 [worker-akka.actor.default-dispatcher-16] INFO  a.r.RemoteActorRefProvider$RemotingTerminator akka://worker@10.0.0.25:5412/system/remoting-terminator - Remoting shut down.
Heap
 def new generation   total 153600K, used 61569K [0x00000000e0c00000, 0x00000000eb2a0000, 0x00000000eb2a0000)
  eden space 136576K,  38% used [0x00000000e0c00000, 0x00000000e3eeb800, 0x00000000e9160000)
  from space 17024K,  55% used [0x00000000e9160000, 0x00000000e9a94f88, 0x00000000ea200000)
  to   space 17024K,   0% used [0x00000000ea200000, 0x00000000ea200000, 0x00000000eb2a0000)
 tenured generation   total 341376K, used 213655K [0x00000000eb2a0000, 0x0000000100000000, 0x0000000100000000)
   the space 341376K,  62% used [0x00000000eb2a0000, 0x00000000f8345c38, 0x00000000f8345e00, 0x0000000100000000)
 Metaspace       used 34403K, capacity 35368K, committed 35456K, reserved 1079296K
  class space    used 4534K, capacity 4735K, committed 4736K, reserved 1048576K
