09:49:47.323 [worker-akka.actor.default-dispatcher-2] INFO  a.e.s.Slf4jLogger  - Slf4jLogger started
2018-02-23T09:49:47.477+0000: 2.376: [Full GC (Metadata GC Threshold) 2018-02-23T09:49:47.477+0000: 2.376: [Tenured: 0K->15411K(341376K), 0.0374448 secs] 117538K->15411K(494976K), [Metaspace: 20881K->20881K(1067008K)], 0.0375056 secs] [Times: user=0.03 sys=0.00, real=0.04 secs] 
Ama winner
Ama winner
09:49:47.887 [worker-akka.actor.default-dispatcher-2] INFO  a.r.a.ArteryTransport(akka://worker) akka.remote.artery.ArteryTransport(akka://worker) - Started embedded media driver in directory [/dev/shm/aeron-root-worker-82f358ae-59a9-4391-8454-486698ec0d89]
09:49:48.114 [worker-akka.actor.default-dispatcher-2] INFO  a.r.a.ArteryTransport(akka://worker) akka.remote.artery.ArteryTransport(akka://worker) - Remoting started; listening on address: [akka://worker@172.31.39.64:5412] with UID [1288145392001457285]
09:49:48.217 [worker-akka.actor.default-dispatcher-2] INFO  o.a.z.ZooKeeper  - Client environment:zookeeper.version=3.4.9-1757313, built on 08/23/2016 06:50 GMT
09:49:48.218 [worker-akka.actor.default-dispatcher-2] INFO  o.a.z.ZooKeeper  - Client environment:host.name=ip-172-31-39-64.us-east-2.compute.internal
09:49:48.218 [worker-akka.actor.default-dispatcher-2] INFO  o.a.z.ZooKeeper  - Client environment:java.version=1.8.0_151
09:49:48.218 [worker-akka.actor.default-dispatcher-2] INFO  o.a.z.ZooKeeper  - Client environment:java.vendor=Oracle Corporation
09:49:48.218 [worker-akka.actor.default-dispatcher-2] INFO  o.a.z.ZooKeeper  - Client environment:java.home=/usr/lib/jvm/java-8-openjdk-amd64/jre
09:49:48.218 [worker-akka.actor.default-dispatcher-2] INFO  o.a.z.ZooKeeper  - Client environment:java.class.path=lib/commons-cli-1.4.jar:lib/minlog-1.3.0.jar:lib/asm-5.0.4.jar:lib/hadoop-annotations-2.7.3.jar:lib/hadoop-auth-2.7.3.jar:lib/akka-slf4j_2.11-2.5.6.jar:lib/jersey-core-1.9.jar:lib/lz4-1.3.0.jar:lib/jackson-core-asl-1.9.13.jar:lib/aeron-client-1.3.0.jar:lib/htrace-core-3.1.0-incubating.jar:lib/xz-1.0.jar:lib/commons-httpclient-3.1.jar:lib/asm-3.1.jar:lib/commons-lang3-3.4.jar:lib/scala-library-2.11.11.jar:lib/scala-java8-compat_2.11-0.7.0.jar:lib/commons-configuration-1.6.jar:lib/objenesis-2.1.jar:lib/jackson-annotations-2.8.0.jar:lib/jsr305-3.0.0.jar:lib/curator-framework-2.7.1.jar:lib/jersey-server-1.9.jar:lib/jets3t-0.9.0.jar:lib/leveldb-0.7.jar:lib/jetty-6.1.26.jar:lib/stax-api-1.0-2.jar:lib/flamestream-core-1.0-SNAPSHOT.jar:lib/reflectasm-1.07-shaded.jar:lib/apacheds-kerberos-codec-2.0.0-M15.jar:lib/api-asn1-api-1.0.0-M20.jar:lib/commons-lang-2.6.jar:lib/commons-beanutils-1.7.0.jar:lib/jackson-xc-1.8.3.jar:lib/jetty-util-6.1.26.jar:lib/logback-classic-1.2.3.jar:lib/jool-0.9.12.jar:lib/flamestream-runtime-1.0-SNAPSHOT-tests.jar:lib/httpcore-4.1.2.jar:lib/kryo-4.0.0.jar:lib/ant-1.8.1.jar:lib/jaxb-impl-2.2.3-1.jar:lib/jersey-json-1.9.jar:lib/commons-compress-1.4.1.jar:lib/leveldbjni-all-1.8.jar:lib/paranamer-2.3.jar:lib/jackson-core-2.8.4.jar:lib/commons-math3-3.6.1.jar:lib/scala-parser-combinators_2.11-1.0.4.jar:lib/netty-3.10.6.Final.jar:lib/trove4j-3.0.3.jar:lib/jaxb-api-2.2.2.jar:lib/logback-core-1.2.3.jar:lib/snappy-java-1.0.4.1.jar:lib/protobuf-java-2.5.0.jar:lib/reactive-streams-1.0.1.jar:lib/flamestream-examples-1.0-SNAPSHOT.jar:lib/commons-codec-1.4.jar:lib/activation-1.1.jar:lib/commons-net-3.1.jar:lib/curator-recipes-2.7.1.jar:lib/jackson-mapper-asl-1.9.13.jar:lib/jackson-databind-2.8.4.jar:lib/flamestream-runtime-1.0-SNAPSHOT.jar:lib/jackson-jaxrs-1.8.3.jar:lib/slf4j-api-1.7.24.jar:lib/akka-remote_2.11-2.5.6.jar:lib/akka-testkit_2.11-2.5.6.jar:lib/jline-0.9.94.jar:lib/akka-stream_2.11-2.5.6.jar:lib/jsp-api-2.1.jar:lib/kryonet-2.21.jar:lib/akka-kryo-serialization_2.11-0.5.0.jar:lib/config-1.3.1.jar:lib/ant-launcher-1.8.1.jar:lib/commons-logging-1.2.jar:lib/ssl-config-core_2.11-0.2.2.jar:lib/testng-6.10.jar:lib/leveldb-api-0.7.jar:lib/reflectasm-1.11.3.jar:lib/jcommander-1.48.jar:lib/commons-1.1.jar:lib/commons-digester-1.8.jar:lib/minlog-1.2.jar:lib/java-xmlbuilder-0.4.jar:lib/jettison-1.1.jar:lib/gson-2.2.4.jar:lib/jdk.tools-1.8.jar:lib/aeron-driver-1.3.0.jar:lib/zookeeper-3.4.9.jar:lib/commons-beanutils-core-1.8.0.jar:lib/commons-math3-3.1.1.jar:lib/akka-actor_2.11-2.5.6.jar:lib/curator-client-2.7.1.jar:lib/servlet-api-2.5.jar:lib/apacheds-i18n-2.0.0-M15.jar:lib/commons-io-2.4.jar:lib/commons-codec-1.6.jar:lib/akka-protobuf_2.11-2.5.6.jar:lib/protobuf-java-3.5.1.jar:lib/jdom-2.0.2.jar:lib/api-util-1.0.0-M20.jar:lib/hadoop-common-2.7.3.jar:lib/agrona-0.9.6.jar:lib/xmlenc-0.52.jar:lib/guava-21.0.jar:lib/commons-collections-3.2.2.jar:lib/avro-1.7.4.jar:lib/httpclient-4.1.2.jar:lib/flamestream-core-1.0-SNAPSHOT-tests.jar:lib/annotations-12.0.jar:lib/jsch-0.1.42.jar:flamestream-runtime-1.0-SNAPSHOT.jar
09:49:48.218 [worker-akka.actor.default-dispatcher-2] INFO  o.a.z.ZooKeeper  - Client environment:java.library.path=/usr/java/packages/lib/amd64:/usr/lib/x86_64-linux-gnu/jni:/lib/x86_64-linux-gnu:/usr/lib/x86_64-linux-gnu:/usr/lib/jni:/lib:/usr/lib
09:49:48.219 [worker-akka.actor.default-dispatcher-2] INFO  o.a.z.ZooKeeper  - Client environment:java.io.tmpdir=/tmp
09:49:48.219 [worker-akka.actor.default-dispatcher-2] INFO  o.a.z.ZooKeeper  - Client environment:java.compiler=<NA>
09:49:48.219 [worker-akka.actor.default-dispatcher-2] INFO  o.a.z.ZooKeeper  - Client environment:os.name=Linux
09:49:48.219 [worker-akka.actor.default-dispatcher-2] INFO  o.a.z.ZooKeeper  - Client environment:os.arch=amd64
09:49:48.219 [worker-akka.actor.default-dispatcher-2] INFO  o.a.z.ZooKeeper  - Client environment:os.version=4.4.0-1049-aws
09:49:48.219 [worker-akka.actor.default-dispatcher-2] INFO  o.a.z.ZooKeeper  - Client environment:user.name=root
09:49:48.220 [worker-akka.actor.default-dispatcher-2] INFO  o.a.z.ZooKeeper  - Client environment:user.home=/root
09:49:48.220 [worker-akka.actor.default-dispatcher-2] INFO  o.a.z.ZooKeeper  - Client environment:user.dir=/opt/flamestream
09:49:48.224 [worker-akka.actor.default-dispatcher-2] INFO  o.a.z.ZooKeeper  - Initiating client connection, connectString=172.31.34.147:2181 sessionTimeout=5000 watcher=com.spbsu.flamestream.runtime.application.LifecycleWatcher$$Lambda$29/764839090@3d5d5f13
09:49:48.257 [worker-akka.actor.default-dispatcher-2] INFO  a.a.RepointableActorRef akka://worker/user/watcher - Starting...
09:49:48.262 [worker-akka.actor.default-dispatcher-2-SendThread(172.31.34.147:2181)] INFO  o.a.z.ClientCnxn  - Opening socket connection to server 172.31.34.147/172.31.34.147:2181. Will not attempt to authenticate using SASL (unknown error)
09:49:48.266 [worker-akka.actor.default-dispatcher-2-SendThread(172.31.34.147:2181)] INFO  o.a.z.ClientCnxn  - Socket connection established to 172.31.34.147/172.31.34.147:2181, initiating session
09:49:48.273 [worker-akka.actor.default-dispatcher-2-SendThread(172.31.34.147:2181)] INFO  o.a.z.ClientCnxn  - Session establishment complete on server 172.31.34.147/172.31.34.147:2181, sessionid = 0x161c210fbd10006, negotiated timeout = 6000
09:49:48.377 [worker-akka.actor.default-dispatcher-2] INFO  a.a.RepointableActorRef akka://worker/user/watcher - Connected to ZK
09:49:57.280 [worker-akka.actor.default-dispatcher-2] INFO  a.a.RepointableActorRef akka://worker/user/watcher - Creating node with watchGraphs: 'com.spbsu.flamestream.core.Graph$Builder$MyGraph@4084ed8a', config: 'ClusterConfig{paths={172.31.33.155=akka://worker@172.31.33.155:5412/user/watcher/graph0000000000, 172.31.47.83=akka://worker@172.31.47.83:5412/user/watcher/graph0000000000, 172.31.39.64=akka://worker@172.31.39.64:5412/user/watcher/graph0000000000, 172.31.35.79=akka://worker@172.31.35.79:5412/user/watcher/graph0000000000, 172.31.47.100=akka://worker@172.31.47.100:5412/user/watcher/graph0000000000, 172.31.37.101=akka://worker@172.31.37.101:5412/user/watcher/graph0000000000}, ackerLocation='172.31.35.79', props=ComputationLayout{ranges={172.31.33.155=HashRange{from=-1288490189, to=-429496730}, 172.31.47.83=HashRange{from=429496729, to=1288490188}, 172.31.39.64=HashRange{from=1288490188, to=2147483647}, 172.31.35.79=HashRange{from=0, to=0}, 172.31.47.100=HashRange{from=-2147483648, to=-1288490189}, 172.31.37.101=HashRange{from=-429496730, to=429496729}}}}'
09:49:57.957 [worker-akka.actor.default-dispatcher-2] INFO  a.a.LocalActorRef akka://worker/user/watcher/graph0000000000/graph - Starting...
09:49:57.957 [worker-akka.actor.default-dispatcher-2] INFO  a.a.LocalActorRef akka://worker/user/watcher/graph0000000000/graph/local-acker - Starting...
09:49:57.958 [worker-akka.actor.default-dispatcher-2] INFO  a.a.LocalActorRef akka://worker/user/watcher/graph0000000000/graph/local-acker/$a - Starting...
09:49:58.674 [worker-akka.actor.default-dispatcher-2] INFO  a.a.LocalActorRef akka://worker/user/watcher/graph0000000000/graph - Finishing constructor
09:49:58.674 [worker-akka.actor.default-dispatcher-2] INFO  a.a.LocalActorRef akka://worker/user/watcher/graph0000000000 - Starting...
09:49:58.738 [worker-akka.actor.default-dispatcher-2] INFO  a.a.LocalActorRef akka://worker/user/watcher/graph0000000000/negotiator - Starting...
09:49:58.739 [worker-akka.actor.default-dispatcher-2] INFO  a.a.LocalActorRef akka://worker/user/watcher/graph0000000000/edge - Starting...
09:49:58.742 [worker-akka.actor.default-dispatcher-2] INFO  a.a.LocalActorRef akka://worker/user/watcher/graph0000000000/graph/$a - Starting...
09:49:58.743 [worker-akka.actor.default-dispatcher-2] INFO  a.a.LocalActorRef akka://worker/user/watcher/graph0000000000/graph/$b - Starting...
09:49:58.745 [worker-akka.actor.default-dispatcher-2] INFO  a.a.LocalActorRef akka://worker/user/watcher/graph0000000000/graph/$c - Starting...
09:49:58.772 [worker-akka.actor.default-dispatcher-2] INFO  c.s.f.r.e.s.SocketRear  - FlameSocketGraphDeployerRear@172.31.39.64: connecting to 172.31.34.147:5678
09:49:58.780 [worker-akka.actor.default-dispatcher-2] INFO  c.s.f.r.e.s.SocketRear  - FlameSocketGraphDeployerRear@172.31.39.64: connected to 172.31.34.147:5678
09:49:58.807 [worker-akka.actor.default-dispatcher-2] INFO  a.a.LocalActorRef akka://worker/user/watcher/graph0000000000/edge/FlameSocketGraphDeployerRear - Starting...
09:49:58.808 [worker-akka.actor.default-dispatcher-2] INFO  a.a.LocalActorRef akka://worker/user/watcher/graph0000000000/edge/FlameSocketGraphDeployerFront - Starting...
09:49:58.811 [worker-akka.actor.default-dispatcher-2] INFO  a.a.LocalActorRef akka://worker/user/watcher/graph0000000000/negotiator - Requesting ticket for the frontClass FlameSocketGraphDeployerFront@172.31.39.64
09:49:58.823 [worker-akka.actor.default-dispatcher-2] INFO  a.a.LocalActorRef akka://worker/user/watcher/graph0000000000/negotiator - Ticket for the frontClass received: FrontTicket{allowedTimestamp=(1519379397270, FlameSocketGraphDeployerFront@172.31.39.64)}
09:49:58.824 [worker-akka.actor.default-dispatcher-2] INFO  c.s.f.r.e.s.SocketFront  - FlameSocketGraphDeployerFront@172.31.39.64: connecting to 172.31.34.147:4567
09:49:58.851 [Client] INFO  c.s.f.r.e.s.SocketFront  - FlameSocketGraphDeployerFront@172.31.39.64 has been disconnected from Connection 4
2018-02-23T09:50:03.444+0000: 18.343: [GC (Allocation Failure) 2018-02-23T09:50:03.444+0000: 18.343: [DefNew: 136576K->14704K(153600K), 0.0663056 secs] 151987K->49646K(494976K), 0.0663762 secs] [Times: user=0.02 sys=0.05, real=0.07 secs] 
2018-02-23T09:50:06.714+0000: 21.613: [GC (Allocation Failure) 2018-02-23T09:50:06.714+0000: 21.613: [DefNew: 151280K->3851K(153600K), 0.0176021 secs] 186222K->45046K(494976K), 0.0176644 secs] [Times: user=0.01 sys=0.00, real=0.02 secs] 
2018-02-23T09:50:14.721+0000: 29.620: [GC (Allocation Failure) 2018-02-23T09:50:14.721+0000: 29.620: [DefNew: 140427K->6457K(153600K), 0.0146943 secs] 181622K->47652K(494976K), 0.0147617 secs] [Times: user=0.02 sys=0.00, real=0.02 secs] 
2018-02-23T09:50:22.765+0000: 37.664: [GC (Allocation Failure) 2018-02-23T09:50:22.765+0000: 37.664: [DefNew: 143033K->8517K(153600K), 0.0163149 secs] 184228K->49712K(494976K), 0.0163802 secs] [Times: user=0.02 sys=0.00, real=0.02 secs] 
2018-02-23T09:50:29.247+0000: 44.146: [GC (Allocation Failure) 2018-02-23T09:50:29.247+0000: 44.146: [DefNew: 145093K->9046K(153600K), 0.0197790 secs] 186288K->51986K(494976K), 0.0198491 secs] [Times: user=0.02 sys=0.00, real=0.02 secs] 
2018-02-23T09:50:36.794+0000: 51.693: [GC (Allocation Failure) 2018-02-23T09:50:36.794+0000: 51.693: [DefNew: 145622K->8851K(153600K), 0.0275241 secs] 188562K->53693K(494976K), 0.0275877 secs] [Times: user=0.02 sys=0.01, real=0.03 secs] 
2018-02-23T09:50:44.584+0000: 59.483: [GC (Allocation Failure) 2018-02-23T09:50:44.584+0000: 59.483: [DefNew: 145427K->9517K(153600K), 0.0187086 secs] 190269K->55877K(494976K), 0.0187888 secs] [Times: user=0.02 sys=0.00, real=0.02 secs] 
2018-02-23T09:50:50.903+0000: 65.802: [GC (Allocation Failure) 2018-02-23T09:50:50.903+0000: 65.802: [DefNew: 146093K->9792K(153600K), 0.0249691 secs] 192453K->57918K(494976K), 0.0250343 secs] [Times: user=0.02 sys=0.00, real=0.03 secs] 
2018-02-23T09:50:55.553+0000: 70.452: [GC (Allocation Failure) 2018-02-23T09:50:55.553+0000: 70.452: [DefNew: 146368K->11182K(153600K), 0.0246448 secs] 194494K->61385K(494976K), 0.0247062 secs] [Times: user=0.02 sys=0.00, real=0.03 secs] 
2018-02-23T09:51:03.682+0000: 78.581: [GC (Allocation Failure) 2018-02-23T09:51:03.682+0000: 78.581: [DefNew: 147758K->7895K(153600K), 0.0270484 secs] 197961K->61908K(494976K), 0.0271294 secs] [Times: user=0.02 sys=0.02, real=0.03 secs] 
2018-02-23T09:51:09.939+0000: 84.838: [GC (Allocation Failure) 2018-02-23T09:51:09.939+0000: 84.838: [DefNew: 144471K->9967K(153600K), 0.0171166 secs] 198484K->63980K(494976K), 0.0171797 secs] [Times: user=0.01 sys=0.00, real=0.02 secs] 
2018-02-23T09:51:17.697+0000: 92.595: [GC (Allocation Failure) 2018-02-23T09:51:17.697+0000: 92.595: [DefNew: 146543K->8819K(153600K), 0.0199109 secs] 200556K->65019K(494976K), 0.0199733 secs] [Times: user=0.02 sys=0.01, real=0.02 secs] 
2018-02-23T09:51:27.345+0000: 102.244: [GC (Allocation Failure) 2018-02-23T09:51:27.345+0000: 102.244: [DefNew: 145395K->9193K(153600K), 0.0246850 secs] 201595K->66998K(494976K), 0.0247595 secs] [Times: user=0.02 sys=0.00, real=0.03 secs] 
2018-02-23T09:51:34.844+0000: 109.743: [GC (Allocation Failure) 2018-02-23T09:51:34.844+0000: 109.743: [DefNew: 145769K->9359K(153600K), 0.0193666 secs] 203574K->68651K(494976K), 0.0194406 secs] [Times: user=0.01 sys=0.01, real=0.02 secs] 
2018-02-23T09:51:43.013+0000: 117.911: [GC (Allocation Failure) 2018-02-23T09:51:43.013+0000: 117.911: [DefNew: 145935K->9257K(153600K), 0.0244980 secs] 205227K->70096K(494976K), 0.0245681 secs] [Times: user=0.02 sys=0.00, real=0.03 secs] 
2018-02-23T09:51:48.240+0000: 123.139: [GC (Allocation Failure) 2018-02-23T09:51:48.240+0000: 123.139: [DefNew: 145833K->9986K(153600K), 0.0187401 secs] 206672K->72496K(494976K), 0.0188131 secs] [Times: user=0.02 sys=0.00, real=0.02 secs] 
2018-02-23T09:51:55.468+0000: 130.367: [GC (Allocation Failure) 2018-02-23T09:51:55.469+0000: 130.367: [DefNew: 146562K->10329K(153600K), 0.0208492 secs] 209072K->74156K(494976K), 0.0209142 secs] [Times: user=0.02 sys=0.00, real=0.02 secs] 
2018-02-23T09:52:02.908+0000: 137.807: [GC (Allocation Failure) 2018-02-23T09:52:02.909+0000: 137.807: [DefNew: 146905K->7888K(153600K), 0.0242363 secs] 210732K->75732K(494976K), 0.0242995 secs] [Times: user=0.02 sys=0.00, real=0.02 secs] 
2018-02-23T09:52:11.856+0000: 146.755: [GC (Allocation Failure) 2018-02-23T09:52:11.856+0000: 146.755: [DefNew: 144464K->9833K(153600K), 0.0166479 secs] 212308K->77676K(494976K), 0.0167161 secs] [Times: user=0.02 sys=0.00, real=0.01 secs] 
2018-02-23T09:52:19.617+0000: 154.516: [GC (Allocation Failure) 2018-02-23T09:52:19.617+0000: 154.516: [DefNew: 146409K->9577K(153600K), 0.0198191 secs] 214252K->79003K(494976K), 0.0198891 secs] [Times: user=0.01 sys=0.00, real=0.02 secs] 
2018-02-23T09:52:26.365+0000: 161.264: [GC (Allocation Failure) 2018-02-23T09:52:26.365+0000: 161.264: [DefNew: 146153K->10444K(153600K), 0.0201107 secs] 215579K->81341K(494976K), 0.0201915 secs] [Times: user=0.02 sys=0.00, real=0.02 secs] 
2018-02-23T09:52:34.501+0000: 169.400: [GC (Allocation Failure) 2018-02-23T09:52:34.501+0000: 169.400: [DefNew: 147020K->8342K(153600K), 0.0216280 secs] 217917K->82609K(494976K), 0.0216906 secs] [Times: user=0.02 sys=0.00, real=0.02 secs] 
2018-02-23T09:52:42.938+0000: 177.837: [GC (Allocation Failure) 2018-02-23T09:52:42.938+0000: 177.837: [DefNew: 144918K->10527K(153600K), 0.0176556 secs] 219185K->84793K(494976K), 0.0177200 secs] [Times: user=0.02 sys=0.00, real=0.02 secs] 
2018-02-23T09:52:50.212+0000: 185.111: [GC (Allocation Failure) 2018-02-23T09:52:50.212+0000: 185.111: [DefNew: 147103K->9385K(153600K), 0.0290421 secs] 221369K->86837K(494976K), 0.0291027 secs] [Times: user=0.01 sys=0.02, real=0.03 secs] 
2018-02-23T09:52:58.186+0000: 193.085: [GC (Allocation Failure) 2018-02-23T09:52:58.186+0000: 193.085: [DefNew: 145961K->9552K(153600K), 0.0200928 secs] 223413K->88893K(494976K), 0.0201663 secs] [Times: user=0.01 sys=0.00, real=0.02 secs] 
2018-02-23T09:53:06.625+0000: 201.524: [GC (Allocation Failure) 2018-02-23T09:53:06.625+0000: 201.524: [DefNew: 146128K->8861K(153600K), 0.0177931 secs] 225469K->90006K(494976K), 0.0178637 secs] [Times: user=0.01 sys=0.00, real=0.02 secs] 
2018-02-23T09:53:15.131+0000: 210.030: [GC (Allocation Failure) 2018-02-23T09:53:15.131+0000: 210.030: [DefNew: 145437K->9483K(153600K), 0.0193487 secs] 226582K->92280K(494976K), 0.0194287 secs] [Times: user=0.02 sys=0.00, real=0.02 secs] 
2018-02-23T09:53:21.439+0000: 216.338: [GC (Allocation Failure) 2018-02-23T09:53:21.439+0000: 216.338: [DefNew: 146059K->9592K(153600K), 0.0197878 secs] 228856K->94278K(494976K), 0.0198517 secs] [Times: user=0.02 sys=0.00, real=0.02 secs] 
2018-02-23T09:53:28.083+0000: 222.982: [GC (Allocation Failure) 2018-02-23T09:53:28.083+0000: 222.982: [DefNew: 146168K->9404K(153600K), 0.0188544 secs] 230854K->96043K(494976K), 0.0189147 secs] [Times: user=0.01 sys=0.00, real=0.02 secs] 
2018-02-23T09:53:36.728+0000: 231.627: [GC (Allocation Failure) 2018-02-23T09:53:36.728+0000: 231.627: [DefNew: 145980K->9614K(153600K), 0.0190691 secs] 232619K->97964K(494976K), 0.0191501 secs] [Times: user=0.02 sys=0.00, real=0.02 secs] 
2018-02-23T09:53:41.695+0000: 236.594: [GC (Allocation Failure) 2018-02-23T09:53:41.695+0000: 236.594: [DefNew: 146190K->9514K(153600K), 0.0191987 secs] 234540K->99615K(494976K), 0.0192637 secs] [Times: user=0.02 sys=0.00, real=0.01 secs] 
2018-02-23T09:53:52.715+0000: 247.614: [GC (Allocation Failure) 2018-02-23T09:53:52.715+0000: 247.614: [DefNew: 146090K->9923K(153600K), 0.0196943 secs] 236191K->101889K(494976K), 0.0197595 secs] [Times: user=0.02 sys=0.00, real=0.02 secs] 
2018-02-23T09:54:01.633+0000: 256.532: [GC (Allocation Failure) 2018-02-23T09:54:01.633+0000: 256.532: [DefNew: 146499K->10537K(153600K), 0.0206867 secs] 238465K->104322K(494976K), 0.0207521 secs] [Times: user=0.02 sys=0.00, real=0.02 secs] 
2018-02-23T09:54:09.005+0000: 263.904: [GC (Allocation Failure) 2018-02-23T09:54:09.005+0000: 263.904: [DefNew: 147113K->10157K(153600K), 0.0186374 secs] 240898K->105752K(494976K), 0.0186993 secs] [Times: user=0.01 sys=0.00, real=0.02 secs] 
2018-02-23T09:54:16.277+0000: 271.176: [GC (Allocation Failure) 2018-02-23T09:54:16.277+0000: 271.176: [DefNew: 146463K->10685K(153600K), 0.0200351 secs] 242057K->108105K(494976K), 0.0201044 secs] [Times: user=0.02 sys=0.00, real=0.02 secs] 
2018-02-23T09:54:21.756+0000: 276.655: [GC (Allocation Failure) 2018-02-23T09:54:21.756+0000: 276.655: [DefNew: 147261K->9943K(153600K), 0.0191865 secs] 244681K->109265K(494976K), 0.0192496 secs] [Times: user=0.02 sys=0.00, real=0.02 secs] 
2018-02-23T09:54:28.053+0000: 282.952: [GC (Allocation Failure) 2018-02-23T09:54:28.053+0000: 282.952: [DefNew: 146519K->10139K(153600K), 0.0191499 secs] 245841K->111282K(494976K), 0.0192103 secs] [Times: user=0.01 sys=0.00, real=0.02 secs] 
2018-02-23T09:54:33.495+0000: 288.394: [GC (Allocation Failure) 2018-02-23T09:54:33.495+0000: 288.394: [DefNew: 146715K->10820K(153600K), 0.0197363 secs] 247858K->113499K(494976K), 0.0197982 secs] [Times: user=0.02 sys=0.00, real=0.02 secs] 
2018-02-23T09:54:40.657+0000: 295.556: [GC (Allocation Failure) 2018-02-23T09:54:40.657+0000: 295.556: [DefNew: 147396K->10890K(153600K), 0.0199469 secs] 250075K->115512K(494976K), 0.0200243 secs] [Times: user=0.02 sys=0.00, real=0.02 secs] 
2018-02-23T09:54:49.411+0000: 304.310: [GC (Allocation Failure) 2018-02-23T09:54:49.411+0000: 304.310: [DefNew: 147466K->11354K(153600K), 0.0222686 secs] 252088K->117828K(494976K), 0.0223421 secs] [Times: user=0.02 sys=0.00, real=0.02 secs] 
2018-02-23T09:54:54.883+0000: 309.782: [GC (Allocation Failure) 2018-02-23T09:54:54.883+0000: 309.782: [DefNew: 147930K->10641K(153600K), 0.0199005 secs] 254404K->119217K(494976K), 0.0199655 secs] [Times: user=0.02 sys=0.00, real=0.02 secs] 
2018-02-23T09:55:01.614+0000: 316.513: [GC (Allocation Failure) 2018-02-23T09:55:01.614+0000: 316.513: [DefNew: 147217K->11883K(153600K), 0.0216697 secs] 255793K->122390K(494976K), 0.0217355 secs] [Times: user=0.02 sys=0.00, real=0.03 secs] 
2018-02-23T09:55:08.512+0000: 323.410: [GC (Allocation Failure) 2018-02-23T09:55:08.512+0000: 323.410: [DefNew: 148459K->8715K(153600K), 0.0216782 secs] 258966K->124302K(494976K), 0.0217430 secs] [Times: user=0.03 sys=0.00, real=0.02 secs] 
2018-02-23T09:55:13.886+0000: 328.784: [GC (Allocation Failure) 2018-02-23T09:55:13.886+0000: 328.785: [DefNew: 145291K->7562K(153600K), 0.0182349 secs] 260878K->126618K(494976K), 0.0183095 secs] [Times: user=0.02 sys=0.00, real=0.02 secs] 
2018-02-23T09:55:20.979+0000: 335.878: [GC (Allocation Failure) 2018-02-23T09:55:20.979+0000: 335.878: [DefNew: 144138K->11308K(153600K), 0.0167351 secs] 263194K->130364K(494976K), 0.0168026 secs] [Times: user=0.01 sys=0.00, real=0.02 secs] 
2018-02-23T09:55:28.639+0000: 343.538: [GC (Allocation Failure) 2018-02-23T09:55:28.640+0000: 343.538: [DefNew: 147884K->11696K(153600K), 0.0203063 secs] 266940K->132408K(494976K), 0.0203704 secs] [Times: user=0.02 sys=0.00, real=0.02 secs] 
2018-02-23T09:55:35.934+0000: 350.832: [GC (Allocation Failure) 2018-02-23T09:55:35.934+0000: 350.832: [DefNew: 147854K->9305K(153600K), 0.0212778 secs] 268566K->135216K(494976K), 0.0213494 secs] [Times: user=0.02 sys=0.00, real=0.03 secs] 
2018-02-23T09:55:43.583+0000: 358.482: [GC (Allocation Failure) 2018-02-23T09:55:43.583+0000: 358.482: [DefNew: 145881K->9834K(153600K), 0.0306702 secs] 271792K->139694K(494976K), 0.0307314 secs] [Times: user=0.01 sys=0.02, real=0.03 secs] 
2018-02-23T09:55:49.994+0000: 364.893: [GC (Allocation Failure) 2018-02-23T09:55:49.994+0000: 364.893: [DefNew: 146410K->8687K(153600K), 0.0285022 secs] 276270K->142864K(494976K), 0.0285771 secs] [Times: user=0.02 sys=0.02, real=0.03 secs] 
2018-02-23T09:55:55.837+0000: 370.736: [GC (Allocation Failure) 2018-02-23T09:55:55.837+0000: 370.736: [DefNew: 145263K->8427K(153600K), 0.0187142 secs] 279440K->146493K(494976K), 0.0187767 secs] [Times: user=0.02 sys=0.00, real=0.02 secs] 
2018-02-23T09:56:04.606+0000: 379.505: [GC (Allocation Failure) 2018-02-23T09:56:04.606+0000: 379.505: [DefNew: 145003K->12759K(153600K), 0.0179882 secs] 283069K->150825K(494976K), 0.0180532 secs] [Times: user=0.02 sys=0.00, real=0.01 secs] 
2018-02-23T09:56:11.944+0000: 386.843: [GC (Allocation Failure) 2018-02-23T09:56:11.944+0000: 386.843: [DefNew: 149335K->9273K(153600K), 0.0277770 secs] 287401K->152866K(494976K), 0.0278420 secs] [Times: user=0.02 sys=0.00, real=0.03 secs] 
2018-02-23T09:56:18.759+0000: 393.658: [GC (Allocation Failure) 2018-02-23T09:56:18.759+0000: 393.658: [DefNew: 145849K->8929K(153600K), 0.0242935 secs] 289442K->156404K(494976K), 0.0243577 secs] [Times: user=0.02 sys=0.01, real=0.02 secs] 
2018-02-23T09:56:26.293+0000: 401.192: [GC (Allocation Failure) 2018-02-23T09:56:26.293+0000: 401.192: [DefNew: 145505K->8810K(153600K), 0.0185561 secs] 292980K->160037K(494976K), 0.0186298 secs] [Times: user=0.02 sys=0.00, real=0.02 secs] 
2018-02-23T09:56:34.335+0000: 409.234: [GC (Allocation Failure) 2018-02-23T09:56:34.335+0000: 409.234: [DefNew: 145386K->9228K(153600K), 0.0249452 secs] 296613K->164020K(494976K), 0.0250084 secs] [Times: user=0.01 sys=0.02, real=0.02 secs] 
2018-02-23T09:56:40.615+0000: 415.514: [GC (Allocation Failure) 2018-02-23T09:56:40.615+0000: 415.514: [DefNew: 145804K->9947K(153600K), 0.0274973 secs] 300596K->168429K(494976K), 0.0275620 secs] [Times: user=0.01 sys=0.01, real=0.02 secs] 
2018-02-23T09:56:46.729+0000: 421.628: [GC (Allocation Failure) 2018-02-23T09:56:46.729+0000: 421.628: [DefNew: 146523K->8660K(153600K), 0.0278511 secs] 305005K->171074K(494976K), 0.0279166 secs] [Times: user=0.01 sys=0.01, real=0.03 secs] 
2018-02-23T09:56:55.133+0000: 430.032: [GC (Allocation Failure) 2018-02-23T09:56:55.133+0000: 430.032: [DefNew: 145236K->10231K(153600K), 0.0192960 secs] 307650K->175912K(494976K), 0.0193582 secs] [Times: user=0.02 sys=0.00, real=0.02 secs] 
2018-02-23T09:57:01.346+0000: 436.245: [GC (Allocation Failure) 2018-02-23T09:57:01.346+0000: 436.245: [DefNew: 146807K->9378K(153600K), 0.0322910 secs] 312488K->179201K(494976K), 0.0323676 secs] [Times: user=0.01 sys=0.02, real=0.04 secs] 
2018-02-23T09:57:07.571+0000: 442.470: [GC (Allocation Failure) 2018-02-23T09:57:07.571+0000: 442.470: [DefNew: 145954K->8642K(153600K), 0.0183895 secs] 315777K->182807K(494976K), 0.0184637 secs] [Times: user=0.02 sys=0.00, real=0.02 secs] 
2018-02-23T09:57:14.702+0000: 449.601: [GC (Allocation Failure) 2018-02-23T09:57:14.702+0000: 449.601: [DefNew: 145218K->9322K(153600K), 0.0185822 secs] 319383K->187393K(494976K), 0.0186598 secs] [Times: user=0.02 sys=0.00, real=0.02 secs] 
2018-02-23T09:57:22.277+0000: 457.176: [GC (Allocation Failure) 2018-02-23T09:57:22.277+0000: 457.176: [DefNew: 145898K->8951K(153600K), 0.0180562 secs] 323969K->191128K(494976K), 0.0181586 secs] [Times: user=0.01 sys=0.00, real=0.02 secs] 
2018-02-23T09:57:27.699+0000: 462.598: [GC (Allocation Failure) 2018-02-23T09:57:27.699+0000: 462.598: [DefNew: 145505K->9114K(153600K), 0.0281739 secs] 327682K->195125K(494976K), 0.0282393 secs] [Times: user=0.01 sys=0.02, real=0.03 secs] 
2018-02-23T09:57:34.013+0000: 468.911: [GC (Allocation Failure) 2018-02-23T09:57:34.013+0000: 468.911: [DefNew: 145690K->9166K(153600K), 0.0261643 secs] 331701K->199201K(494976K), 0.0262287 secs] [Times: user=0.01 sys=0.01, real=0.03 secs] 
2018-02-23T09:57:43.361+0000: 478.259: [GC (Allocation Failure) 2018-02-23T09:57:43.361+0000: 478.259: [DefNew: 145742K->8976K(153600K), 0.0338275 secs] 335777K->203118K(494976K), 0.0338977 secs] [Times: user=0.02 sys=0.02, real=0.04 secs] 
2018-02-23T09:57:49.006+0000: 483.905: [GC (Allocation Failure) 2018-02-23T09:57:49.006+0000: 483.905: [DefNew: 145552K->9710K(153600K), 0.0345043 secs] 339694K->207785K(494976K), 0.0345712 secs] [Times: user=0.01 sys=0.03, real=0.04 secs] 
2018-02-23T09:57:55.848+0000: 490.747: [GC (Allocation Failure) 2018-02-23T09:57:55.848+0000: 490.747: [DefNew: 146286K->10038K(153600K), 0.0272236 secs] 344361K->212438K(494976K), 0.0272899 secs] [Times: user=0.02 sys=0.02, real=0.03 secs] 
2018-02-23T09:58:03.801+0000: 498.699: [GC (Allocation Failure) 2018-02-23T09:58:03.801+0000: 498.699: [DefNew: 146614K->10374K(153600K), 0.0200590 secs] 349014K->217141K(494976K), 0.0201217 secs] [Times: user=0.02 sys=0.00, real=0.02 secs] 
2018-02-23T09:58:08.031+0000: 502.930: [GC (Allocation Failure) 2018-02-23T09:58:08.031+0000: 502.930: [DefNew: 146950K->9897K(153600K), 0.0195971 secs] 353717K->221107K(494976K), 0.0196581 secs] [Times: user=0.02 sys=0.00, real=0.02 secs] 
2018-02-23T09:58:17.027+0000: 511.925: [GC (Allocation Failure) 2018-02-23T09:58:17.027+0000: 511.926: [DefNew: 146473K->9564K(153600K), 0.0190841 secs] 357683K->225439K(494976K), 0.0191475 secs] [Times: user=0.02 sys=0.00, real=0.01 secs] 
2018-02-23T09:58:23.100+0000: 517.999: [GC (Allocation Failure) 2018-02-23T09:58:23.100+0000: 517.999: [DefNew: 146140K->10383K(153600K), 0.0207959 secs] 362015K->230806K(494976K), 0.0208827 secs] [Times: user=0.02 sys=0.00, real=0.02 secs] 
2018-02-23T09:58:29.888+0000: 524.787: [GC (Allocation Failure) 2018-02-23T09:58:29.889+0000: 524.787: [DefNew: 146959K->10605K(153600K), 0.0205837 secs] 367382K->235274K(494976K), 0.0206481 secs] [Times: user=0.02 sys=0.00, real=0.02 secs] 
2018-02-23T09:58:36.607+0000: 531.505: [GC (Allocation Failure) 2018-02-23T09:58:36.607+0000: 531.505: [DefNew: 147181K->9824K(153600K), 0.0191700 secs] 371850K->239248K(494976K), 0.0192321 secs] [Times: user=0.02 sys=0.00, real=0.01 secs] 
09:58:36.663 [Client] INFO  c.s.f.r.e.s.SocketRear  - FlameSocketGraphDeployerRear@172.31.39.64: has been disconnected from Connection 4
09:58:46.811 [worker-akka.actor.default-dispatcher-2] INFO  a.a.CoordinatedShutdown CoordinatedShutdown(akka://worker) - Starting coordinated shutdown from JVM shutdown hook
09:58:46.861 [worker-akka.actor.default-dispatcher-2] INFO  a.a.LocalActorRef akka://worker/user/watcher/graph0000000000/negotiator - Stopped
09:58:46.861 [worker-akka.actor.default-dispatcher-2] INFO  a.a.LocalActorRef akka://worker/user/watcher/graph0000000000/edge/FlameSocketGraphDeployerFront - Stopped
09:58:46.862 [worker-akka.actor.default-dispatcher-2] INFO  a.a.LocalActorRef akka://worker/user/watcher/graph0000000000/edge/FlameSocketGraphDeployerRear - Stopped
09:58:46.863 [worker-akka.actor.default-dispatcher-2] INFO  a.a.LocalActorRef akka://worker/user/watcher/graph0000000000/graph/local-acker/$a - Stopped
09:58:46.863 [worker-akka.actor.default-dispatcher-2] INFO  a.a.LocalActorRef akka://worker/user/watcher/graph0000000000/graph/$a - Stopped
09:58:46.863 [worker-akka.actor.default-dispatcher-2] INFO  a.a.LocalActorRef akka://worker/user/watcher/graph0000000000/graph/local-acker/$a - Message [com.spbsu.flamestream.runtime.utils.akka.PingActor$InnerPing] from Actor[akka://worker/user/watcher/graph0000000000/graph/local-acker/$a#-289459915] to Actor[akka://worker/user/watcher/graph0000000000/graph/local-acker/$a#-289459915] was not delivered. [1] dead letters encountered. This logging can be turned off or adjusted with configuration settings 'akka.log-dead-letters' and 'akka.log-dead-letters-during-shutdown'.
09:58:46.863 [worker-akka.actor.default-dispatcher-2] INFO  a.a.LocalActorRef akka://worker/user/watcher/graph0000000000/graph/$b - Stopped
09:58:46.864 [worker-akka.actor.default-dispatcher-2] INFO  a.a.LocalActorRef akka://worker/user/watcher/graph0000000000/graph/local-acker - Stopped
09:58:46.866 [worker-akka.actor.default-dispatcher-2] INFO  a.a.LocalActorRef akka://worker/user/watcher/graph0000000000/graph/$c - Stopped
09:58:46.870 [worker-akka.actor.default-dispatcher-2] INFO  a.a.LocalActorRef akka://worker/user/watcher/graph0000000000/edge - Stopped
09:58:46.873 [worker-akka.actor.default-dispatcher-2] INFO  a.a.LocalActorRef akka://worker/user/watcher/graph0000000000/graph - Stopped
09:58:46.874 [worker-akka.actor.default-dispatcher-2] INFO  a.a.LocalActorRef akka://worker/user/watcher/graph0000000000 - Stopped
09:58:46.878 [worker-akka.actor.default-dispatcher-2] INFO  a.a.LocalActorRef akka://worker/user/watcher/graph0000000000/graph/local-acker/$a - Message [com.spbsu.flamestream.runtime.utils.akka.PingActor$Stop] from Actor[akka://worker/user/watcher/graph0000000000/graph/local-acker#5808280] to Actor[akka://worker/user/watcher/graph0000000000/graph/local-acker/$a#-289459915] was not delivered. [2] dead letters encountered. This logging can be turned off or adjusted with configuration settings 'akka.log-dead-letters' and 'akka.log-dead-letters-during-shutdown'.
09:58:46.878 [worker-akka.actor.default-dispatcher-2] INFO  a.a.LocalActorRef akka://worker/user/watcher/graph0000000000/graph/local-acker - Message [com.spbsu.flamestream.runtime.acker.LocalAcker$Flush] from Actor[akka://worker/user/watcher/graph0000000000/graph/local-acker#5808280] to Actor[akka://worker/user/watcher/graph0000000000/graph/local-acker#5808280] was not delivered. [3] dead letters encountered. This logging can be turned off or adjusted with configuration settings 'akka.log-dead-letters' and 'akka.log-dead-letters-during-shutdown'.
09:58:46.879 [worker-akka.actor.default-dispatcher-2] INFO  a.a.LocalActorRef akka://worker/user/watcher/graph0000000000/graph/local-acker - Message [com.spbsu.flamestream.runtime.acker.LocalAcker$Flush] from Actor[akka://worker/user/watcher/graph0000000000/graph/local-acker#5808280] to Actor[akka://worker/user/watcher/graph0000000000/graph/local-acker#5808280] was not delivered. [4] dead letters encountered. This logging can be turned off or adjusted with configuration settings 'akka.log-dead-letters' and 'akka.log-dead-letters-during-shutdown'.
09:58:46.879 [worker-akka.actor.default-dispatcher-2] INFO  a.a.LocalActorRef akka://worker/user/watcher/graph0000000000/graph/local-acker - Message [com.spbsu.flamestream.runtime.acker.LocalAcker$Flush] from Actor[akka://worker/user/watcher/graph0000000000/graph/local-acker#5808280] to Actor[akka://worker/user/watcher/graph0000000000/graph/local-acker#5808280] was not delivered. [5] dead letters encountered. This logging can be turned off or adjusted with configuration settings 'akka.log-dead-letters' and 'akka.log-dead-letters-during-shutdown'.
09:58:46.879 [worker-akka.actor.default-dispatcher-2] INFO  a.a.LocalActorRef akka://worker/user/watcher/graph0000000000/graph/local-acker - Message [com.spbsu.flamestream.runtime.acker.LocalAcker$Flush] from Actor[akka://worker/user/watcher/graph0000000000/graph/local-acker#5808280] to Actor[akka://worker/user/watcher/graph0000000000/graph/local-acker#5808280] was not delivered. [6] dead letters encountered. This logging can be turned off or adjusted with configuration settings 'akka.log-dead-letters' and 'akka.log-dead-letters-during-shutdown'.
09:58:46.880 [worker-akka.actor.default-dispatcher-2] INFO  a.a.LocalActorRef akka://worker/user/watcher/graph0000000000/graph/local-acker - Message [com.spbsu.flamestream.runtime.acker.LocalAcker$Flush] from Actor[akka://worker/user/watcher/graph0000000000/graph/local-acker#5808280] to Actor[akka://worker/user/watcher/graph0000000000/graph/local-acker#5808280] was not delivered. [7] dead letters encountered. This logging can be turned off or adjusted with configuration settings 'akka.log-dead-letters' and 'akka.log-dead-letters-during-shutdown'.
09:58:46.880 [worker-akka.actor.default-dispatcher-2] INFO  a.a.LocalActorRef akka://worker/user/watcher/graph0000000000/graph/local-acker - Message [com.spbsu.flamestream.runtime.acker.LocalAcker$Flush] from Actor[akka://worker/user/watcher/graph0000000000/graph/local-acker#5808280] to Actor[akka://worker/user/watcher/graph0000000000/graph/local-acker#5808280] was not delivered. [8] dead letters encountered. This logging can be turned off or adjusted with configuration settings 'akka.log-dead-letters' and 'akka.log-dead-letters-during-shutdown'.
09:58:46.885 [worker-akka.actor.default-dispatcher-2-EventThread] INFO  o.a.z.ClientCnxn  - EventThread shut down for session: 0x161c210fbd10006
09:58:46.885 [worker-akka.actor.default-dispatcher-2] INFO  o.a.z.ZooKeeper  - Session: 0x161c210fbd10006 closed
09:58:46.886 [worker-akka.actor.default-dispatcher-2] INFO  a.a.LocalActorRef akka://worker/user/watcher/graph0000000000/graph/local-acker - Message [com.spbsu.flamestream.runtime.acker.LocalAcker$Flush] from Actor[akka://worker/user/watcher/graph0000000000/graph/local-acker#5808280] to Actor[akka://worker/user/watcher/graph0000000000/graph/local-acker#5808280] was not delivered. [9] dead letters encountered. This logging can be turned off or adjusted with configuration settings 'akka.log-dead-letters' and 'akka.log-dead-letters-during-shutdown'.
09:58:46.886 [worker-akka.actor.default-dispatcher-2] INFO  a.a.LocalActorRef akka://worker/user/watcher/graph0000000000/graph/local-acker - Message [com.spbsu.flamestream.runtime.acker.LocalAcker$Flush] from Actor[akka://worker/user/watcher/graph0000000000/graph/local-acker#5808280] to Actor[akka://worker/user/watcher/graph0000000000/graph/local-acker#5808280] was not delivered. [10] dead letters encountered. This logging can be turned off or adjusted with configuration settings 'akka.log-dead-letters' and 'akka.log-dead-letters-during-shutdown'.
09:58:46.886 [worker-akka.actor.default-dispatcher-2] INFO  a.a.LocalActorRef akka://worker/user/watcher/graph0000000000/graph/local-acker - Message [com.spbsu.flamestream.runtime.acker.LocalAcker$Flush] from Actor[akka://worker/user/watcher/graph0000000000/graph/local-acker#5808280] to Actor[akka://worker/user/watcher/graph0000000000/graph/local-acker#5808280] was not delivered. [11] dead letters encountered. This logging can be turned off or adjusted with configuration settings 'akka.log-dead-letters' and 'akka.log-dead-letters-during-shutdown'.
09:58:46.886 [worker-akka.actor.default-dispatcher-2] INFO  a.a.LocalActorRef akka://worker/user/watcher/graph0000000000/graph/local-acker - Message [com.spbsu.flamestream.runtime.acker.LocalAcker$Flush] from Actor[akka://worker/user/watcher/graph0000000000/graph/local-acker#5808280] to Actor[akka://worker/user/watcher/graph0000000000/graph/local-acker#5808280] was not delivered. [12] dead letters encountered. This logging can be turned off or adjusted with configuration settings 'akka.log-dead-letters' and 'akka.log-dead-letters-during-shutdown'.
09:58:46.886 [worker-akka.actor.default-dispatcher-2] INFO  a.a.LocalActorRef akka://worker/user/watcher/graph0000000000/graph/local-acker - Message [com.spbsu.flamestream.runtime.acker.LocalAcker$Flush] from Actor[akka://worker/user/watcher/graph0000000000/graph/local-acker#5808280] to Actor[akka://worker/user/watcher/graph0000000000/graph/local-acker#5808280] was not delivered. [13] dead letters encountered. This logging can be turned off or adjusted with configuration settings 'akka.log-dead-letters' and 'akka.log-dead-letters-during-shutdown'.
09:58:46.887 [worker-akka.actor.default-dispatcher-2] INFO  a.a.LocalActorRef akka://worker/user/watcher/graph0000000000/graph/local-acker - Message [com.spbsu.flamestream.runtime.acker.LocalAcker$Flush] from Actor[akka://worker/user/watcher/graph0000000000/graph/local-acker#5808280] to Actor[akka://worker/user/watcher/graph0000000000/graph/local-acker#5808280] was not delivered. [14] dead letters encountered. This logging can be turned off or adjusted with configuration settings 'akka.log-dead-letters' and 'akka.log-dead-letters-during-shutdown'.
09:58:46.887 [worker-akka.actor.default-dispatcher-2] INFO  a.a.LocalActorRef akka://worker/user/watcher/graph0000000000/graph/local-acker - Message [com.spbsu.flamestream.runtime.acker.LocalAcker$Flush] from Actor[akka://worker/user/watcher/graph0000000000/graph/local-acker#5808280] to Actor[akka://worker/user/watcher/graph0000000000/graph/local-acker#5808280] was not delivered. [15] dead letters encountered. This logging can be turned off or adjusted with configuration settings 'akka.log-dead-letters' and 'akka.log-dead-letters-during-shutdown'.
09:58:46.888 [worker-akka.actor.default-dispatcher-2] INFO  a.a.LocalActorRef akka://worker/user/watcher/graph0000000000/graph/local-acker - Message [com.spbsu.flamestream.runtime.acker.LocalAcker$Flush] from Actor[akka://worker/user/watcher/graph0000000000/graph/local-acker#5808280] to Actor[akka://worker/user/watcher/graph0000000000/graph/local-acker#5808280] was not delivered. [16] dead letters encountered. This logging can be turned off or adjusted with configuration settings 'akka.log-dead-letters' and 'akka.log-dead-letters-during-shutdown'.
09:58:46.888 [worker-akka.actor.default-dispatcher-2] INFO  a.a.LocalActorRef akka://worker/user/watcher/graph0000000000/graph/local-acker - Message [com.spbsu.flamestream.runtime.acker.LocalAcker$Flush] from Actor[akka://worker/user/watcher/graph0000000000/graph/local-acker#5808280] to Actor[akka://worker/user/watcher/graph0000000000/graph/local-acker#5808280] was not delivered. [17] dead letters encountered. This logging can be turned off or adjusted with configuration settings 'akka.log-dead-letters' and 'akka.log-dead-letters-during-shutdown'.
09:58:46.889 [worker-akka.actor.default-dispatcher-2] INFO  a.a.RepointableActorRef akka://worker/user/watcher - Stopped
09:58:46.904 [worker-akka.actor.default-dispatcher-2] INFO  a.r.RemoteActorRefProvider$RemotingTerminator akka://worker@172.31.39.64:5412/system/remoting-terminator - Shutting down remote daemon.
09:58:46.907 [worker-akka.actor.default-dispatcher-2] INFO  a.r.RemoteActorRefProvider$RemotingTerminator akka://worker@172.31.39.64:5412/system/remoting-terminator - Remote daemon shut down; proceeding with flushing remote transports.
09:58:47.065 [worker-akka.actor.default-dispatcher-2] INFO  a.r.RemoteActorRefProvider$RemotingTerminator akka://worker@172.31.39.64:5412/system/remoting-terminator - Remoting shut down.
Heap
 def new generation   total 153600K, used 24725K [0x00000000e0c00000, 0x00000000eb2a0000, 0x00000000eb2a0000)
  eden space 136576K,  10% used [0x00000000e0c00000, 0x00000000e1a8d2f0, 0x00000000e9160000)
  from space 17024K,  57% used [0x00000000ea200000, 0x00000000eab98378, 0x00000000eb2a0000)
  to   space 17024K,   0% used [0x00000000e9160000, 0x00000000e9160000, 0x00000000ea200000)
 tenured generation   total 341376K, used 229423K [0x00000000eb2a0000, 0x0000000100000000, 0x0000000100000000)
   the space 341376K,  67% used [0x00000000eb2a0000, 0x00000000f92abeb0, 0x00000000f92ac000, 0x0000000100000000)
 Metaspace       used 33384K, capacity 34150K, committed 34432K, reserved 1079296K
  class space    used 4456K, capacity 4622K, committed 4736K, reserved 1048576K
