16:49:22,165 |-INFO in ch.qos.logback.classic.LoggerContext[default] - Could NOT find resource [logback-test.xml]
16:49:22,165 |-INFO in ch.qos.logback.classic.LoggerContext[default] - Could NOT find resource [logback.groovy]
16:49:22,165 |-INFO in ch.qos.logback.classic.LoggerContext[default] - Found resource [logback.xml] at [jar:file:/opt/flamestream/lib/flamestream-runtime-1.0-SNAPSHOT.jar!/logback.xml]
16:49:22,166 |-WARN in ch.qos.logback.classic.LoggerContext[default] - Resource [logback.xml] occurs multiple times on the classpath.
16:49:22,166 |-WARN in ch.qos.logback.classic.LoggerContext[default] - Resource [logback.xml] occurs at [jar:file:/opt/flamestream/flamestream-runtime-1.0-SNAPSHOT.jar!/logback.xml]
16:49:22,166 |-WARN in ch.qos.logback.classic.LoggerContext[default] - Resource [logback.xml] occurs at [jar:file:/opt/flamestream/lib/flamestream-runtime-1.0-SNAPSHOT.jar!/logback.xml]
16:49:22,190 |-INFO in ch.qos.logback.core.joran.spi.ConfigurationWatchList@69b794e2 - URL [jar:file:/opt/flamestream/lib/flamestream-runtime-1.0-SNAPSHOT.jar!/logback.xml] is not of type file
16:49:22,266 |-INFO in ch.qos.logback.classic.joran.action.ConfigurationAction - debug attribute not set
16:49:22,267 |-INFO in ch.qos.logback.core.joran.action.AppenderAction - About to instantiate appender of type [ch.qos.logback.core.ConsoleAppender]
16:49:22,274 |-INFO in ch.qos.logback.core.joran.action.AppenderAction - Naming appender as [STDOUT]
16:49:22,281 |-INFO in ch.qos.logback.core.joran.action.NestedComplexPropertyIA - Assuming default type [ch.qos.logback.classic.encoder.PatternLayoutEncoder] for [encoder] property
16:49:22,323 |-INFO in ch.qos.logback.core.joran.action.AppenderAction - About to instantiate appender of type [ch.qos.logback.core.rolling.RollingFileAppender]
16:49:22,330 |-INFO in ch.qos.logback.core.joran.action.AppenderAction - Naming appender as [FILE]
16:49:22,350 |-INFO in c.q.l.core.rolling.TimeBasedRollingPolicy@1059063940 - No compression will be used
16:49:22,351 |-INFO in c.q.l.core.rolling.TimeBasedRollingPolicy@1059063940 - Will use the pattern /tmp/application_%d{yyyy-MM-dd}.%i.log for the active file
16:49:22,356 |-INFO in ch.qos.logback.core.rolling.SizeAndTimeBasedFNATP@4d339552 - The date pattern is 'yyyy-MM-dd' from file name pattern '/tmp/application_%d{yyyy-MM-dd}.%i.log'.
16:49:22,356 |-INFO in ch.qos.logback.core.rolling.SizeAndTimeBasedFNATP@4d339552 - Roll-over at midnight.
16:49:22,360 |-INFO in ch.qos.logback.core.rolling.SizeAndTimeBasedFNATP@4d339552 - Setting initial period to Fri Mar 23 16:46:49 UTC 2018
16:49:22,360 |-WARN in ch.qos.logback.core.rolling.SizeAndTimeBasedFNATP@4d339552 - SizeAndTimeBasedFNATP is deprecated. Use SizeAndTimeBasedRollingPolicy instead
16:49:22,360 |-WARN in ch.qos.logback.core.rolling.SizeAndTimeBasedFNATP@4d339552 - For more information see http://logback.qos.ch/manual/appenders.html#SizeAndTimeBasedRollingPolicy
16:49:22,364 |-INFO in ch.qos.logback.core.joran.action.NestedComplexPropertyIA - Assuming default type [ch.qos.logback.classic.encoder.PatternLayoutEncoder] for [encoder] property
16:49:22,369 |-INFO in ch.qos.logback.core.rolling.RollingFileAppender[FILE] - Active log file name: /tmp/application.log
16:49:22,369 |-INFO in ch.qos.logback.core.rolling.RollingFileAppender[FILE] - File property is set to [/tmp/application.log]
16:49:22,370 |-INFO in ch.qos.logback.classic.joran.action.RootLoggerAction - Setting level of ROOT logger to INFO
16:49:22,371 |-INFO in ch.qos.logback.core.joran.action.AppenderRefAction - Attaching appender named [STDOUT] to Logger[ROOT]
16:49:22,377 |-INFO in ch.qos.logback.core.joran.action.AppenderRefAction - Attaching appender named [FILE] to Logger[ROOT]
16:49:22,377 |-INFO in ch.qos.logback.classic.joran.action.ConfigurationAction - End of configuration.
16:49:22,377 |-INFO in ch.qos.logback.classic.joran.JoranConfigurator@f0f2775 - Registering current configuration as safe fallback point

16:49:22.381 [main] INFO  c.s.f.r.a.WorkerApplication  - Starting worker with id: '10.0.0.225', host: '10.0.0.225:5412', zkString: '10.0.0.70:2181'
16:49:23.240 [worker-akka.actor.default-dispatcher-3] INFO  a.e.s.Slf4jLogger  - Slf4jLogger started
2018-03-23T16:49:23.380+0000: 1.786: [Full GC (Metadata GC Threshold) 2018-03-23T16:49:23.380+0000: 1.786: [Tenured: 0K->15786K(341376K), 0.0398324 secs] 131339K->15786K(494976K), [Metaspace: 20886K->20886K(1067008K)], 0.0398970 secs] [Times: user=0.03 sys=0.01, real=0.04 secs] 
Ama winner
Ama winner
16:49:23.777 [worker-akka.actor.default-dispatcher-3] INFO  a.r.a.ArteryTransport(akka://worker) akka.remote.artery.ArteryTransport(akka://worker) - Started embedded media driver in directory [/dev/shm/aeron-root-worker-3b2fc679-edf7-434b-b344-473dfcfe5211]
16:49:23.959 [worker-akka.actor.default-dispatcher-3] INFO  a.r.a.ArteryTransport(akka://worker) akka.remote.artery.ArteryTransport(akka://worker) - Remoting started; listening on address: [akka://worker@10.0.0.225:5412] with UID [7209518420704327293]
16:49:24.015 [worker-akka.actor.default-dispatcher-4] INFO  a.a.RepointableActorRef akka://worker/user/watcher - Starting...
16:49:24.026 [worker-akka.actor.default-dispatcher-3] INFO  o.a.z.ZooKeeper  - Client environment:zookeeper.version=3.4.9-1757313, built on 08/23/2016 06:50 GMT
16:49:24.026 [worker-akka.actor.default-dispatcher-3] INFO  o.a.z.ZooKeeper  - Client environment:host.name=localhost
16:49:24.026 [worker-akka.actor.default-dispatcher-3] INFO  o.a.z.ZooKeeper  - Client environment:java.version=1.8.0_151
16:49:24.026 [worker-akka.actor.default-dispatcher-3] INFO  o.a.z.ZooKeeper  - Client environment:java.vendor=Oracle Corporation
16:49:24.027 [worker-akka.actor.default-dispatcher-3] INFO  o.a.z.ZooKeeper  - Client environment:java.home=/usr/lib/jvm/java-8-openjdk-amd64/jre
16:49:24.027 [worker-akka.actor.default-dispatcher-3] INFO  o.a.z.ZooKeeper  - Client environment:java.class.path=lib/commons-cli-1.4.jar:lib/minlog-1.3.0.jar:lib/asm-5.0.4.jar:lib/hadoop-annotations-2.7.3.jar:lib/hadoop-auth-2.7.3.jar:lib/akka-slf4j_2.11-2.5.6.jar:lib/jersey-core-1.9.jar:lib/lz4-1.3.0.jar:lib/jackson-core-asl-1.9.13.jar:lib/aeron-client-1.3.0.jar:lib/htrace-core-3.1.0-incubating.jar:lib/xz-1.0.jar:lib/commons-httpclient-3.1.jar:lib/asm-3.1.jar:lib/commons-lang3-3.4.jar:lib/scala-library-2.11.11.jar:lib/scala-java8-compat_2.11-0.7.0.jar:lib/commons-configuration-1.6.jar:lib/objenesis-2.1.jar:lib/jackson-annotations-2.8.0.jar:lib/jsr305-3.0.0.jar:lib/curator-framework-2.7.1.jar:lib/jersey-server-1.9.jar:lib/jets3t-0.9.0.jar:lib/leveldb-0.7.jar:lib/jetty-6.1.26.jar:lib/stax-api-1.0-2.jar:lib/flamestream-core-1.0-SNAPSHOT.jar:lib/reflectasm-1.07-shaded.jar:lib/apacheds-kerberos-codec-2.0.0-M15.jar:lib/api-asn1-api-1.0.0-M20.jar:lib/commons-lang-2.6.jar:lib/commons-beanutils-1.7.0.jar:lib/jackson-xc-1.8.3.jar:lib/jetty-util-6.1.26.jar:lib/logback-classic-1.2.3.jar:lib/jool-0.9.12.jar:lib/httpcore-4.1.2.jar:lib/kryo-4.0.0.jar:lib/ant-1.8.1.jar:lib/jaxb-impl-2.2.3-1.jar:lib/jersey-json-1.9.jar:lib/commons-compress-1.4.1.jar:lib/leveldbjni-all-1.8.jar:lib/paranamer-2.3.jar:lib/jackson-core-2.8.4.jar:lib/commons-math3-3.6.1.jar:lib/scala-parser-combinators_2.11-1.0.4.jar:lib/netty-3.10.6.Final.jar:lib/trove4j-3.0.3.jar:lib/jaxb-api-2.2.2.jar:lib/logback-core-1.2.3.jar:lib/snappy-java-1.0.4.1.jar:lib/protobuf-java-2.5.0.jar:lib/reactive-streams-1.0.1.jar:lib/flamestream-examples-1.0-SNAPSHOT.jar:lib/commons-codec-1.4.jar:lib/activation-1.1.jar:lib/commons-net-3.1.jar:lib/curator-recipes-2.7.1.jar:lib/jackson-mapper-asl-1.9.13.jar:lib/jackson-databind-2.8.4.jar:lib/flamestream-runtime-1.0-SNAPSHOT.jar:lib/jackson-jaxrs-1.8.3.jar:lib/slf4j-api-1.7.24.jar:lib/akka-remote_2.11-2.5.6.jar:lib/akka-testkit_2.11-2.5.6.jar:lib/jline-0.9.94.jar:lib/jedis-2.9.0.jar:lib/akka-stream_2.11-2.5.6.jar:lib/jsp-api-2.1.jar:lib/kryonet-2.21.jar:lib/akka-kryo-serialization_2.11-0.5.0.jar:lib/config-1.3.1.jar:lib/ant-launcher-1.8.1.jar:lib/commons-logging-1.2.jar:lib/ssl-config-core_2.11-0.2.2.jar:lib/testng-6.10.jar:lib/leveldb-api-0.7.jar:lib/reflectasm-1.11.3.jar:lib/jcommander-1.48.jar:lib/commons-1.1.jar:lib/commons-digester-1.8.jar:lib/minlog-1.2.jar:lib/java-xmlbuilder-0.4.jar:lib/jettison-1.1.jar:lib/gson-2.2.4.jar:lib/jdk.tools-1.8.jar:lib/aeron-driver-1.3.0.jar:lib/zookeeper-3.4.9.jar:lib/commons-beanutils-core-1.8.0.jar:lib/commons-math3-3.1.1.jar:lib/akka-actor_2.11-2.5.6.jar:lib/curator-client-2.7.1.jar:lib/servlet-api-2.5.jar:lib/commons-pool2-2.4.2.jar:lib/apacheds-i18n-2.0.0-M15.jar:lib/commons-io-2.4.jar:lib/commons-codec-1.6.jar:lib/akka-protobuf_2.11-2.5.6.jar:lib/jdom-2.0.2.jar:lib/rocksdbjni-5.5.1.jar:lib/api-util-1.0.0-M20.jar:lib/hadoop-common-2.7.3.jar:lib/agrona-0.9.6.jar:lib/xmlenc-0.52.jar:lib/guava-21.0.jar:lib/commons-collections-3.2.2.jar:lib/avro-1.7.4.jar:lib/httpclient-4.1.2.jar:lib/flamestream-core-1.0-SNAPSHOT-tests.jar:lib/annotations-12.0.jar:lib/jsch-0.1.42.jar:flamestream-runtime-1.0-SNAPSHOT.jar
16:49:24.027 [worker-akka.actor.default-dispatcher-3] INFO  o.a.z.ZooKeeper  - Client environment:java.library.path=/usr/java/packages/lib/amd64:/usr/lib/x86_64-linux-gnu/jni:/lib/x86_64-linux-gnu:/usr/lib/x86_64-linux-gnu:/usr/lib/jni:/lib:/usr/lib
16:49:24.027 [worker-akka.actor.default-dispatcher-3] INFO  o.a.z.ZooKeeper  - Client environment:java.io.tmpdir=/tmp
16:49:24.027 [worker-akka.actor.default-dispatcher-3] INFO  o.a.z.ZooKeeper  - Client environment:java.compiler=<NA>
16:49:24.027 [worker-akka.actor.default-dispatcher-3] INFO  o.a.z.ZooKeeper  - Client environment:os.name=Linux
16:49:24.027 [worker-akka.actor.default-dispatcher-3] INFO  o.a.z.ZooKeeper  - Client environment:os.arch=amd64
16:49:24.029 [worker-akka.actor.default-dispatcher-3] INFO  o.a.z.ZooKeeper  - Client environment:os.version=4.4.0-1049-aws
16:49:24.029 [worker-akka.actor.default-dispatcher-3] INFO  o.a.z.ZooKeeper  - Client environment:user.name=root
16:49:24.029 [worker-akka.actor.default-dispatcher-3] INFO  o.a.z.ZooKeeper  - Client environment:user.home=/root
16:49:24.029 [worker-akka.actor.default-dispatcher-3] INFO  o.a.z.ZooKeeper  - Client environment:user.dir=/opt/flamestream
16:49:24.031 [worker-akka.actor.default-dispatcher-3] INFO  o.a.z.ZooKeeper  - Initiating client connection, connectString=10.0.0.70:2181 sessionTimeout=5000 watcher=com.spbsu.flamestream.runtime.application.LifecycleWatcher$$Lambda$29/1643216773@80b920a
16:49:24.066 [worker-akka.actor.default-dispatcher-4] INFO  a.a.RepointableActorRef akka://worker/user/watcher - Initializing rocksDB backend
16:49:24.064 [worker-akka.actor.default-dispatcher-3-SendThread(10.0.0.70:2181)] INFO  o.a.z.ClientCnxn  - Opening socket connection to server 10.0.0.70/10.0.0.70:2181. Will not attempt to authenticate using SASL (unknown error)
16:49:24.074 [worker-akka.actor.default-dispatcher-3-SendThread(10.0.0.70:2181)] INFO  o.a.z.ClientCnxn  - Socket connection established to 10.0.0.70/10.0.0.70:2181, initiating session
16:49:24.088 [worker-akka.actor.default-dispatcher-3-SendThread(10.0.0.70:2181)] INFO  o.a.z.ClientCnxn  - Session establishment complete on server 10.0.0.70/10.0.0.70:2181, sessionid = 0x16253c2d3b8000b, negotiated timeout = 6000
16:49:24.254 [worker-akka.actor.default-dispatcher-4] INFO  a.a.RepointableActorRef akka://worker/user/watcher - Connected to ZK
16:49:32.093 [worker-akka.actor.default-dispatcher-4] INFO  a.a.RepointableActorRef akka://worker/user/watcher - Creating node with watchGraphs: 'com.spbsu.flamestream.core.Graph$Builder$MyGraph@6df7f0cf', config: 'ClusterConfig{paths={10.0.0.239=akka://worker@10.0.0.239:5412/user/watcher/graph, 10.0.0.205=akka://worker@10.0.0.205:5412/user/watcher/graph, 10.0.0.139=akka://worker@10.0.0.139:5412/user/watcher/graph, 10.0.0.218=akka://worker@10.0.0.218:5412/user/watcher/graph, 10.0.0.225=akka://worker@10.0.0.225:5412/user/watcher/graph, 10.0.0.15=akka://worker@10.0.0.15:5412/user/watcher/graph, 10.0.0.37=akka://worker@10.0.0.37:5412/user/watcher/graph, 10.0.0.57=akka://worker@10.0.0.57:5412/user/watcher/graph, 10.0.0.155=akka://worker@10.0.0.155:5412/user/watcher/graph, 10.0.0.188=akka://worker@10.0.0.188:5412/user/watcher/graph}, ackerLocation='10.0.0.188', props=ComputationLayout{hashGroups={10.0.0.239=com.spbsu.flamestream.runtime.config.HashGroup@1ffe1b9d, 10.0.0.205=com.spbsu.flamestream.runtime.config.HashGroup@5d5c21bc, 10.0.0.139=com.spbsu.flamestream.runtime.config.HashGroup@56dcaf5d, 10.0.0.218=com.spbsu.flamestream.runtime.config.HashGroup@c65a7748, 10.0.0.225=com.spbsu.flamestream.runtime.config.HashGroup@231425fe, 10.0.0.15=com.spbsu.flamestream.runtime.config.HashGroup@fbc82752, 10.0.0.37=com.spbsu.flamestream.runtime.config.HashGroup@ccbcd570, 10.0.0.57=com.spbsu.flamestream.runtime.config.HashGroup@4276a447, 10.0.0.155=com.spbsu.flamestream.runtime.config.HashGroup@3fc198ed, 10.0.0.188=com.spbsu.flamestream.runtime.config.HashGroup@c01f}}}'
16:49:32.920 [worker-akka.actor.default-dispatcher-3] INFO  a.a.LocalActorRef akka://worker/user/watcher/graph/graph - Starting...
16:49:32.932 [worker-akka.actor.default-dispatcher-5] INFO  a.a.LocalActorRef akka://worker/user/watcher/graph/graph/local-acker/$a - Starting...
16:49:32.934 [worker-akka.actor.default-dispatcher-5] INFO  a.a.LocalActorRef akka://worker/user/watcher/graph/graph/local-acker - Starting...
16:49:34.174 [worker-akka.actor.default-dispatcher-5] INFO  a.a.LocalActorRef akka://worker/user/watcher/graph/graph - Finishing constructor
16:49:34.177 [worker-akka.actor.default-dispatcher-3] INFO  a.a.LocalActorRef akka://worker/user/watcher/graph/negotiator - Starting...
16:49:34.180 [worker-akka.actor.default-dispatcher-2] INFO  a.a.LocalActorRef akka://worker/user/watcher/graph/edge - Starting...
16:49:34.184 [worker-akka.actor.default-dispatcher-6] INFO  a.a.LocalActorRef akka://worker/user/watcher/graph - Starting...
16:49:34.220 [worker-akka.actor.default-dispatcher-2] INFO  a.a.LocalActorRef akka://worker/user/watcher/graph/negotiator - Requesting ticket for the frontClass FlameSocketGraphDeployerFront@10.0.0.225
16:49:34.224 [worker-akka.actor.default-dispatcher-2] INFO  a.a.LocalActorRef akka://worker/user/watcher/graph/graph - Received last commit 'LastCommit{globalTime=(0000000, min@min)}'
16:49:34.254 [worker-akka.actor.default-dispatcher-6] INFO  c.s.f.r.e.s.SocketRear  - FlameSocketGraphDeployerRear@10.0.0.225: connecting to 10.0.0.70:5678
16:49:34.263 [worker-akka.actor.default-dispatcher-11] INFO  a.a.LocalActorRef akka://worker/user/watcher/graph/edge/FlameSocketGraphDeployerFront - Starting...
16:49:34.266 [worker-akka.actor.default-dispatcher-6] INFO  c.s.f.r.e.s.SocketRear  - FlameSocketGraphDeployerRear@10.0.0.225: connected to 10.0.0.70:5678
16:49:34.267 [worker-akka.actor.default-dispatcher-6] INFO  a.a.LocalActorRef akka://worker/user/watcher/graph/edge/FlameSocketGraphDeployerRear - Starting...
16:49:34.312 [worker-akka.actor.default-dispatcher-6] INFO  a.a.LocalActorRef akka://worker/user/watcher/graph/graph/$a - Starting...
16:49:34.323 [worker-akka.actor.default-dispatcher-6] INFO  a.a.LocalActorRef akka://worker/user/watcher/graph/graph/$b - Starting...
16:49:34.350 [worker-akka.actor.default-dispatcher-6] INFO  a.a.LocalActorRef akka://worker/user/watcher/graph/graph/$b - Attached rear to graph (-9223372036854775808, min@min)
16:49:34.354 [worker-akka.actor.default-dispatcher-6] INFO  a.a.LocalActorRef akka://worker/user/watcher/graph/graph/$c - Starting...
16:49:34.534 [worker-akka.actor.default-dispatcher-6] INFO  a.a.LocalActorRef akka://worker/user/watcher/graph/negotiator - Ticket for the frontClass received: FrontTicket{allowedTimestamp=(0000000, FlameSocketGraphDeployerFront@10.0.0.225)}
16:49:34.538 [worker-akka.actor.default-dispatcher-6] INFO  c.s.f.r.e.s.SocketFront  - FlameSocketGraphDeployerFront@10.0.0.225: connecting to 10.0.0.70:4567
16:49:34.567 [Client] INFO  c.s.f.r.e.s.SocketFront  - FlameSocketGraphDeployerFront@10.0.0.225 has been disconnected from Connection 9
2018-03-23T16:49:38.630+0000: 17.037: [GC (Allocation Failure) 2018-03-23T16:49:38.630+0000: 17.037: [DefNew: 136576K->16082K(153600K), 0.0254585 secs] 152362K->51400K(494976K), 0.0255232 secs] [Times: user=0.03 sys=0.00, real=0.02 secs] 
2018-03-23T16:49:43.039+0000: 21.445: [GC (Allocation Failure) 2018-03-23T16:49:43.039+0000: 21.445: [DefNew: 152650K->4860K(153600K), 0.0174122 secs] 187968K->48390K(494976K), 0.0174781 secs] [Times: user=0.02 sys=0.00, real=0.02 secs] 
2018-03-23T16:49:47.902+0000: 26.308: [GC (Allocation Failure) 2018-03-23T16:49:47.902+0000: 26.308: [DefNew: 141066K->5970K(153600K), 0.0155620 secs] 184596K->49499K(494976K), 0.0156260 secs] [Times: user=0.01 sys=0.00, real=0.02 secs] 
2018-03-23T16:49:51.902+0000: 30.308: [GC (Allocation Failure) 2018-03-23T16:49:51.902+0000: 30.308: [DefNew: 142546K->6641K(153600K), 0.0090173 secs] 186075K->50171K(494976K), 0.0090801 secs] [Times: user=0.01 sys=0.00, real=0.01 secs] 
2018-03-23T16:49:56.060+0000: 34.466: [GC (Allocation Failure) 2018-03-23T16:49:56.060+0000: 34.466: [DefNew: 143143K->9384K(153600K), 0.0108273 secs] 186673K->52914K(494976K), 0.0108943 secs] [Times: user=0.01 sys=0.00, real=0.01 secs] 
2018-03-23T16:49:59.811+0000: 38.218: [GC (Allocation Failure) 2018-03-23T16:49:59.811+0000: 38.218: [DefNew: 145960K->8343K(153600K), 0.0169759 secs] 189490K->53331K(494976K), 0.0170444 secs] [Times: user=0.01 sys=0.01, real=0.02 secs] 
2018-03-23T16:50:03.016+0000: 41.422: [GC (Allocation Failure) 2018-03-23T16:50:03.016+0000: 41.422: [DefNew: 144919K->9155K(153600K), 0.0111117 secs] 189907K->54142K(494976K), 0.0111810 secs] [Times: user=0.01 sys=0.00, real=0.02 secs] 
2018-03-23T16:50:06.397+0000: 44.803: [GC (Allocation Failure) 2018-03-23T16:50:06.397+0000: 44.804: [DefNew: 144376K->8841K(153600K), 0.0114763 secs] 189363K->54604K(494976K), 0.0115470 secs] [Times: user=0.01 sys=0.00, real=0.01 secs] 
2018-03-23T16:50:09.749+0000: 48.155: [GC (Allocation Failure) 2018-03-23T16:50:09.749+0000: 48.155: [DefNew: 144547K->8848K(153600K), 0.0104159 secs] 190310K->55089K(494976K), 0.0104833 secs] [Times: user=0.02 sys=0.00, real=0.01 secs] 
2018-03-23T16:50:12.816+0000: 51.222: [GC (Allocation Failure) 2018-03-23T16:50:12.816+0000: 51.222: [DefNew: 145424K->5383K(153600K), 0.0162160 secs] 191665K->56262K(494976K), 0.0162922 secs] [Times: user=0.01 sys=0.00, real=0.02 secs] 
2018-03-23T16:50:16.034+0000: 54.440: [GC (Allocation Failure) 2018-03-23T16:50:16.034+0000: 54.440: [DefNew: 141959K->5372K(153600K), 0.0188857 secs] 192838K->56251K(494976K), 0.0189605 secs] [Times: user=0.02 sys=0.00, real=0.02 secs] 
2018-03-23T16:50:18.957+0000: 57.363: [GC (Allocation Failure) 2018-03-23T16:50:18.957+0000: 57.363: [DefNew: 141948K->6067K(153600K), 0.0149922 secs] 192827K->56946K(494976K), 0.0150565 secs] [Times: user=0.02 sys=0.00, real=0.01 secs] 
2018-03-23T16:50:21.660+0000: 60.067: [GC (Allocation Failure) 2018-03-23T16:50:21.660+0000: 60.067: [DefNew: 142643K->14779K(153600K), 0.0122057 secs] 193522K->65658K(494976K), 0.0122716 secs] [Times: user=0.01 sys=0.01, real=0.01 secs] 
2018-03-23T16:50:24.816+0000: 63.222: [GC (Allocation Failure) 2018-03-23T16:50:24.816+0000: 63.222: [DefNew: 151355K->2387K(153600K), 0.0192365 secs] 202234K->66176K(494976K), 0.0193169 secs] [Times: user=0.02 sys=0.00, real=0.02 secs] 
2018-03-23T16:50:27.496+0000: 65.903: [GC (Allocation Failure) 2018-03-23T16:50:27.496+0000: 65.903: [DefNew: 138963K->4693K(153600K), 0.0154892 secs] 202752K->68482K(494976K), 0.0155563 secs] [Times: user=0.01 sys=0.00, real=0.01 secs] 
2018-03-23T16:50:30.004+0000: 68.411: [GC (Allocation Failure) 2018-03-23T16:50:30.004+0000: 68.411: [DefNew: 141269K->4065K(153600K), 0.0175330 secs] 205058K->67855K(494976K), 0.0176245 secs] [Times: user=0.02 sys=0.00, real=0.02 secs] 
2018-03-23T16:50:32.735+0000: 71.141: [GC (Allocation Failure) 2018-03-23T16:50:32.735+0000: 71.141: [DefNew: 140641K->4610K(153600K), 0.0132890 secs] 204431K->68399K(494976K), 0.0133557 secs] [Times: user=0.02 sys=0.00, real=0.02 secs] 
2018-03-23T16:50:35.594+0000: 74.001: [GC (Allocation Failure) 2018-03-23T16:50:35.594+0000: 74.001: [DefNew: 141186K->4861K(153600K), 0.0159841 secs] 204975K->68650K(494976K), 0.0160481 secs] [Times: user=0.02 sys=0.00, real=0.02 secs] 
2018-03-23T16:50:38.151+0000: 76.558: [GC (Allocation Failure) 2018-03-23T16:50:38.152+0000: 76.558: [DefNew: 141437K->5852K(153600K), 0.0121119 secs] 205226K->69641K(494976K), 0.0121988 secs] [Times: user=0.01 sys=0.00, real=0.01 secs] 
2018-03-23T16:50:40.756+0000: 79.163: [GC (Allocation Failure) 2018-03-23T16:50:40.756+0000: 79.163: [DefNew: 142428K->6409K(153600K), 0.0115422 secs] 206217K->70199K(494976K), 0.0116262 secs] [Times: user=0.01 sys=0.01, real=0.02 secs] 
2018-03-23T16:50:43.365+0000: 81.771: [GC (Allocation Failure) 2018-03-23T16:50:43.365+0000: 81.771: [DefNew: 142985K->7175K(153600K), 0.0118764 secs] 206775K->70964K(494976K), 0.0119455 secs] [Times: user=0.01 sys=0.00, real=0.01 secs] 
2018-03-23T16:50:45.853+0000: 84.259: [GC (Allocation Failure) 2018-03-23T16:50:45.853+0000: 84.259: [DefNew: 143069K->6578K(153600K), 0.0125480 secs] 206858K->70367K(494976K), 0.0126105 secs] [Times: user=0.01 sys=0.00, real=0.02 secs] 
2018-03-23T16:50:48.495+0000: 86.901: [GC (Allocation Failure) 2018-03-23T16:50:48.495+0000: 86.901: [DefNew: 143154K->7547K(153600K), 0.0289231 secs] 206943K->71336K(494976K), 0.0290027 secs] [Times: user=0.02 sys=0.00, real=0.03 secs] 
2018-03-23T16:50:51.201+0000: 89.607: [GC (Allocation Failure) 2018-03-23T16:50:51.201+0000: 89.607: [DefNew: 142186K->7162K(153600K), 0.0112279 secs] 205975K->70951K(494976K), 0.0113093 secs] [Times: user=0.02 sys=0.00, real=0.01 secs] 
2018-03-23T16:50:53.817+0000: 92.223: [GC (Allocation Failure) 2018-03-23T16:50:53.817+0000: 92.223: [DefNew: 142650K->7638K(153600K), 0.0113985 secs] 206440K->71427K(494976K), 0.0114661 secs] [Times: user=0.01 sys=0.00, real=0.01 secs] 
2018-03-23T16:50:56.464+0000: 94.871: [GC (Allocation Failure) 2018-03-23T16:50:56.464+0000: 94.871: [DefNew: 143293K->8044K(153600K), 0.0118018 secs] 207083K->71833K(494976K), 0.0119032 secs] [Times: user=0.02 sys=0.00, real=0.01 secs] 
2018-03-23T16:50:58.925+0000: 97.332: [GC (Allocation Failure) 2018-03-23T16:50:58.925+0000: 97.332: [DefNew: 142685K->8152K(153600K), 0.0112769 secs] 206474K->71941K(494976K), 0.0113481 secs] [Times: user=0.01 sys=0.00, real=0.01 secs] 
2018-03-23T16:51:01.718+0000: 100.124: [GC (Allocation Failure) 2018-03-23T16:51:01.718+0000: 100.124: [DefNew: 144728K->8663K(153600K), 0.0125118 secs] 208517K->72452K(494976K), 0.0125822 secs] [Times: user=0.01 sys=0.00, real=0.01 secs] 
2018-03-23T16:51:04.410+0000: 102.816: [GC (Allocation Failure) 2018-03-23T16:51:04.410+0000: 102.816: [DefNew: 145239K->9198K(153600K), 0.0139595 secs] 209028K->73485K(494976K), 0.0140314 secs] [Times: user=0.01 sys=0.00, real=0.01 secs] 
2018-03-23T16:51:06.690+0000: 105.097: [GC (Allocation Failure) 2018-03-23T16:51:06.691+0000: 105.097: [DefNew: 145003K->7929K(153600K), 0.0149995 secs] 209291K->73219K(494976K), 0.0150745 secs] [Times: user=0.01 sys=0.00, real=0.02 secs] 
2018-03-23T16:51:09.143+0000: 107.549: [GC (Allocation Failure) 2018-03-23T16:51:09.143+0000: 107.549: [DefNew: 142801K->7893K(153600K), 0.0118736 secs] 208090K->73182K(494976K), 0.0119486 secs] [Times: user=0.01 sys=0.00, real=0.01 secs] 
2018-03-23T16:51:11.929+0000: 110.336: [GC (Allocation Failure) 2018-03-23T16:51:11.929+0000: 110.336: [DefNew: 144469K->8469K(153600K), 0.0137210 secs] 209758K->74091K(494976K), 0.0138015 secs] [Times: user=0.02 sys=0.00, real=0.01 secs] 
2018-03-23T16:51:14.436+0000: 112.842: [GC (Allocation Failure) 2018-03-23T16:51:14.436+0000: 112.842: [DefNew: 145018K->9168K(153600K), 0.0150413 secs] 210640K->75022K(494976K), 0.0151143 secs] [Times: user=0.01 sys=0.00, real=0.02 secs] 
2018-03-23T16:51:16.863+0000: 115.269: [GC (Allocation Failure) 2018-03-23T16:51:16.863+0000: 115.269: [DefNew: 145547K->7523K(153600K), 0.0124350 secs] 211401K->74095K(494976K), 0.0125104 secs] [Times: user=0.02 sys=0.00, real=0.01 secs] 
2018-03-23T16:51:19.299+0000: 117.705: [GC (Allocation Failure) 2018-03-23T16:51:19.299+0000: 117.705: [DefNew: 144099K->9236K(153600K), 0.0142598 secs] 210671K->75808K(494976K), 0.0143319 secs] [Times: user=0.01 sys=0.00, real=0.01 secs] 
2018-03-23T16:51:21.696+0000: 120.102: [GC (Allocation Failure) 2018-03-23T16:51:21.696+0000: 120.102: [DefNew: 145812K->7570K(153600K), 0.0217525 secs] 212384K->75128K(494976K), 0.0218208 secs] [Times: user=0.02 sys=0.00, real=0.03 secs] 
2018-03-23T16:51:24.165+0000: 122.571: [GC (Allocation Failure) 2018-03-23T16:51:24.165+0000: 122.571: [DefNew: 144146K->9342K(153600K), 0.0269594 secs] 211704K->76900K(494976K), 0.0270296 secs] [Times: user=0.03 sys=0.00, real=0.02 secs] 
2018-03-23T16:51:26.679+0000: 125.085: [GC (Allocation Failure) 2018-03-23T16:51:26.679+0000: 125.085: [DefNew: 144899K->15647K(153600K), 0.0356747 secs] 212458K->84169K(494976K), 0.0357523 secs] [Times: user=0.03 sys=0.01, real=0.03 secs] 
2018-03-23T16:51:29.276+0000: 127.682: [GC (Allocation Failure) 2018-03-23T16:51:29.276+0000: 127.682: [DefNew: 152223K->11420K(153600K), 0.0508981 secs] 220745K->94128K(494976K), 0.0509669 secs] [Times: user=0.05 sys=0.00, real=0.06 secs] 
2018-03-23T16:51:31.696+0000: 130.103: [GC (Allocation Failure) 2018-03-23T16:51:31.696+0000: 130.103: [DefNew: 144011K->1836K(153600K), 0.0239145 secs] 226718K->93618K(494976K), 0.0239847 secs] [Times: user=0.02 sys=0.01, real=0.03 secs] 
2018-03-23T16:51:34.221+0000: 132.628: [GC (Allocation Failure) 2018-03-23T16:51:34.221+0000: 132.628: [DefNew: 138412K->3222K(153600K), 0.0110517 secs] 230194K->95003K(494976K), 0.0111171 secs] [Times: user=0.02 sys=0.00, real=0.01 secs] 
2018-03-23T16:51:36.581+0000: 134.987: [GC (Allocation Failure) 2018-03-23T16:51:36.581+0000: 134.988: [DefNew: 139798K->4055K(153600K), 0.0126856 secs] 231579K->95836K(494976K), 0.0127519 secs] [Times: user=0.01 sys=0.00, real=0.01 secs] 
2018-03-23T16:51:38.901+0000: 137.308: [GC (Allocation Failure) 2018-03-23T16:51:38.901+0000: 137.308: [DefNew: 140631K->5491K(153600K), 0.0149577 secs] 232412K->97273K(494976K), 0.0150272 secs] [Times: user=0.01 sys=0.00, real=0.02 secs] 
2018-03-23T16:51:41.375+0000: 139.781: [GC (Allocation Failure) 2018-03-23T16:51:41.375+0000: 139.781: [DefNew: 138431K->4518K(153600K), 0.0079001 secs] 230213K->96299K(494976K), 0.0079712 secs] [Times: user=0.01 sys=0.00, real=0.01 secs] 
2018-03-23T16:51:43.728+0000: 142.134: [GC (Allocation Failure) 2018-03-23T16:51:43.728+0000: 142.135: [DefNew: 139314K->4827K(153600K), 0.0082586 secs] 231096K->96609K(494976K), 0.0083316 secs] [Times: user=0.01 sys=0.00, real=0.01 secs] 
2018-03-23T16:51:46.181+0000: 144.587: [GC (Allocation Failure) 2018-03-23T16:51:46.181+0000: 144.587: [DefNew: 139731K->4950K(153600K), 0.0079565 secs] 231512K->96732K(494976K), 0.0080252 secs] [Times: user=0.00 sys=0.00, real=0.01 secs] 
2018-03-23T16:51:48.540+0000: 146.946: [GC (Allocation Failure) 2018-03-23T16:51:48.540+0000: 146.946: [DefNew: 138066K->5245K(153600K), 0.0081369 secs] 229847K->97027K(494976K), 0.0082099 secs] [Times: user=0.01 sys=0.00, real=0.01 secs] 
2018-03-23T16:51:50.872+0000: 149.278: [GC (Allocation Failure) 2018-03-23T16:51:50.872+0000: 149.278: [DefNew: 141821K->5569K(153600K), 0.0087523 secs] 233603K->97350K(494976K), 0.0088263 secs] [Times: user=0.02 sys=0.00, real=0.01 secs] 
2018-03-23T16:51:53.175+0000: 151.581: [GC (Allocation Failure) 2018-03-23T16:51:53.175+0000: 151.581: [DefNew: 142145K->7820K(153600K), 0.0127949 secs] 233926K->99602K(494976K), 0.0128754 secs] [Times: user=0.01 sys=0.00, real=0.02 secs] 
2018-03-23T16:51:55.769+0000: 154.175: [GC (Allocation Failure) 2018-03-23T16:51:55.769+0000: 154.175: [DefNew: 144396K->7072K(153600K), 0.0112258 secs] 236178K->98853K(494976K), 0.0112969 secs] [Times: user=0.01 sys=0.00, real=0.01 secs] 
2018-03-23T16:51:58.116+0000: 156.522: [GC (Allocation Failure) 2018-03-23T16:51:58.116+0000: 156.523: [DefNew: 143105K->8473K(153600K), 0.0218877 secs] 234887K->100254K(494976K), 0.0219659 secs] [Times: user=0.02 sys=0.00, real=0.03 secs] 
2018-03-23T16:52:00.324+0000: 158.730: [GC (Allocation Failure) 2018-03-23T16:52:00.324+0000: 158.730: [DefNew: 141732K->9047K(153600K), 0.0144123 secs] 233513K->100829K(494976K), 0.0144834 secs] [Times: user=0.01 sys=0.00, real=0.02 secs] 
2018-03-23T16:52:02.722+0000: 161.128: [GC (Allocation Failure) 2018-03-23T16:52:02.722+0000: 161.128: [DefNew: 142375K->8676K(153600K), 0.0269358 secs] 234156K->101065K(494976K), 0.0270044 secs] [Times: user=0.03 sys=0.00, real=0.03 secs] 
2018-03-23T16:52:05.003+0000: 163.410: [GC (Allocation Failure) 2018-03-23T16:52:05.003+0000: 163.410: [DefNew: 140288K->8661K(153600K), 0.0134524 secs] 232677K->101284K(494976K), 0.0135263 secs] [Times: user=0.01 sys=0.00, real=0.02 secs] 
2018-03-23T16:52:07.483+0000: 165.889: [GC (Allocation Failure) 2018-03-23T16:52:07.483+0000: 165.889: [DefNew: 144051K->8634K(153600K), 0.0137894 secs] 236675K->101498K(494976K), 0.0138877 secs] [Times: user=0.01 sys=0.00, real=0.02 secs] 
2018-03-23T16:52:09.750+0000: 168.157: [GC (Allocation Failure) 2018-03-23T16:52:09.750+0000: 168.157: [DefNew: 145210K->8737K(153600K), 0.0144131 secs] 238074K->101903K(494976K), 0.0144817 secs] [Times: user=0.02 sys=0.00, real=0.02 secs] 
2018-03-23T16:52:12.120+0000: 170.526: [GC (Allocation Failure) 2018-03-23T16:52:12.120+0000: 170.526: [DefNew: 145313K->8049K(153600K), 0.0130770 secs] 238479K->101443K(494976K), 0.0131503 secs] [Times: user=0.01 sys=0.00, real=0.01 secs] 
2018-03-23T16:52:14.466+0000: 172.872: [GC (Allocation Failure) 2018-03-23T16:52:14.466+0000: 172.872: [DefNew: 144538K->8476K(153600K), 0.0123860 secs] 237931K->101869K(494976K), 0.0124582 secs] [Times: user=0.02 sys=0.00, real=0.01 secs] 
2018-03-23T16:52:16.715+0000: 175.121: [GC (Allocation Failure) 2018-03-23T16:52:16.715+0000: 175.121: [DefNew: 145052K->8230K(153600K), 0.0121127 secs] 238445K->101624K(494976K), 0.0121835 secs] [Times: user=0.01 sys=0.00, real=0.02 secs] 
2018-03-23T16:52:18.860+0000: 177.266: [GC (Allocation Failure) 2018-03-23T16:52:18.860+0000: 177.266: [DefNew: 139801K->8019K(153600K), 0.0116324 secs] 233195K->101413K(494976K), 0.0117012 secs] [Times: user=0.01 sys=0.00, real=0.01 secs] 
2018-03-23T16:52:21.073+0000: 179.480: [GC (Allocation Failure) 2018-03-23T16:52:21.073+0000: 179.480: [DefNew: 144595K->8516K(153600K), 0.0133215 secs] 237989K->102109K(494976K), 0.0133938 secs] [Times: user=0.02 sys=0.00, real=0.02 secs] 
2018-03-23T16:52:23.304+0000: 181.710: [GC (Allocation Failure) 2018-03-23T16:52:23.304+0000: 181.710: [DefNew: 145092K->8346K(153600K), 0.0121061 secs] 238685K->102056K(494976K), 0.0121702 secs] [Times: user=0.01 sys=0.00, real=0.01 secs] 
2018-03-23T16:52:25.799+0000: 184.205: [GC (Allocation Failure) 2018-03-23T16:52:25.799+0000: 184.205: [DefNew: 144922K->10620K(153600K), 0.0164434 secs] 238632K->104605K(494976K), 0.0165159 secs] [Times: user=0.02 sys=0.00, real=0.01 secs] 
2018-03-23T16:52:28.078+0000: 186.485: [GC (Allocation Failure) 2018-03-23T16:52:28.078+0000: 186.485: [DefNew: 147196K->8501K(153600K), 0.0170978 secs] 241181K->104824K(494976K), 0.0171704 secs] [Times: user=0.02 sys=0.00, real=0.01 secs] 
2018-03-23T16:52:30.443+0000: 188.849: [GC (Allocation Failure) 2018-03-23T16:52:30.443+0000: 188.849: [DefNew: 142763K->6767K(153600K), 0.0102367 secs] 239086K->103090K(494976K), 0.0103041 secs] [Times: user=0.01 sys=0.00, real=0.01 secs] 
2018-03-23T16:52:32.800+0000: 191.207: [GC (Allocation Failure) 2018-03-23T16:52:32.800+0000: 191.207: [DefNew: 138663K->7007K(153600K), 0.0096667 secs] 234986K->103330K(494976K), 0.0097352 secs] [Times: user=0.01 sys=0.00, real=0.01 secs] 
2018-03-23T16:52:35.097+0000: 193.504: [GC (Allocation Failure) 2018-03-23T16:52:35.097+0000: 193.504: [DefNew: 141505K->7385K(153600K), 0.0103123 secs] 237827K->103708K(494976K), 0.0103854 secs] [Times: user=0.01 sys=0.00, real=0.01 secs] 
2018-03-23T16:52:37.471+0000: 195.877: [GC (Allocation Failure) 2018-03-23T16:52:37.471+0000: 195.877: [DefNew: 143961K->8757K(153600K), 0.0235402 secs] 240284K->105079K(494976K), 0.0236117 secs] [Times: user=0.02 sys=0.00, real=0.02 secs] 
2018-03-23T16:52:39.735+0000: 198.142: [GC (Allocation Failure) 2018-03-23T16:52:39.735+0000: 198.142: [DefNew: 145333K->9459K(153600K), 0.0199507 secs] 241655K->106070K(494976K), 0.0200170 secs] [Times: user=0.02 sys=0.00, real=0.02 secs] 
2018-03-23T16:52:42.127+0000: 200.533: [GC (Allocation Failure) 2018-03-23T16:52:42.127+0000: 200.533: [DefNew: 143608K->6823K(153600K), 0.0209218 secs] 240219K->104764K(494976K), 0.0209928 secs] [Times: user=0.02 sys=0.00, real=0.02 secs] 
2018-03-23T16:52:44.532+0000: 202.939: [GC (Allocation Failure) 2018-03-23T16:52:44.532+0000: 202.939: [DefNew: 143399K->7738K(153600K), 0.0205241 secs] 241340K->105679K(494976K), 0.0206057 secs] [Times: user=0.02 sys=0.00, real=0.02 secs] 
2018-03-23T16:52:46.928+0000: 205.335: [GC (Allocation Failure) 2018-03-23T16:52:46.928+0000: 205.335: [DefNew: 142202K->7463K(153600K), 0.0148706 secs] 240143K->105404K(494976K), 0.0149375 secs] [Times: user=0.01 sys=0.00, real=0.01 secs] 
2018-03-23T16:52:49.307+0000: 207.713: [GC (Allocation Failure) 2018-03-23T16:52:49.307+0000: 207.713: [DefNew: 144039K->9278K(153600K), 0.0263894 secs] 241980K->107219K(494976K), 0.0264605 secs] [Times: user=0.03 sys=0.00, real=0.02 secs] 
2018-03-23T16:52:51.444+0000: 209.851: [GC (Allocation Failure) 2018-03-23T16:52:51.445+0000: 209.851: [DefNew: 140504K->7126K(153600K), 0.0192520 secs] 238446K->106084K(494976K), 0.0193330 secs] [Times: user=0.02 sys=0.00, real=0.01 secs] 
2018-03-23T16:52:53.694+0000: 212.101: [GC (Allocation Failure) 2018-03-23T16:52:53.694+0000: 212.101: [DefNew: 140477K->7457K(153600K), 0.0172178 secs] 239434K->106414K(494976K), 0.0172965 secs] [Times: user=0.01 sys=0.00, real=0.02 secs] 
2018-03-23T16:52:55.901+0000: 214.308: [GC (Allocation Failure) 2018-03-23T16:52:55.901+0000: 214.308: [DefNew: 138337K->7494K(153600K), 0.0140447 secs] 237294K->106451K(494976K), 0.0141131 secs] [Times: user=0.01 sys=0.00, real=0.01 secs] 
2018-03-23T16:52:57.917+0000: 216.323: [GC (Allocation Failure) 2018-03-23T16:52:57.917+0000: 216.323: [DefNew: 144070K->9213K(153600K), 0.0258376 secs] 243027K->108170K(494976K), 0.0259191 secs] [Times: user=0.02 sys=0.00, real=0.02 secs] 
2018-03-23T16:53:00.122+0000: 218.529: [GC (Allocation Failure) 2018-03-23T16:53:00.122+0000: 218.529: [DefNew: 145789K->7903K(153600K), 0.0221753 secs] 244746K->107576K(494976K), 0.0222463 secs] [Times: user=0.03 sys=0.00, real=0.03 secs] 
2018-03-23T16:53:02.429+0000: 220.836: [GC (Allocation Failure) 2018-03-23T16:53:02.429+0000: 220.836: [DefNew: 144479K->9104K(153600K), 0.0210922 secs] 244152K->108777K(494976K), 0.0211612 secs] [Times: user=0.02 sys=0.00, real=0.02 secs] 
2018-03-23T16:53:04.637+0000: 223.043: [GC (Allocation Failure) 2018-03-23T16:53:04.637+0000: 223.043: [DefNew: 145680K->9177K(153600K), 0.0269119 secs] 245353K->109488K(494976K), 0.0269911 secs] [Times: user=0.03 sys=0.00, real=0.02 secs] 
2018-03-23T16:53:06.987+0000: 225.394: [GC (Allocation Failure) 2018-03-23T16:53:06.987+0000: 225.394: [DefNew: 143669K->7147K(153600K), 0.0196816 secs] 243981K->108372K(494976K), 0.0197648 secs] [Times: user=0.02 sys=0.00, real=0.02 secs] 
2018-03-23T16:53:09.242+0000: 227.648: [GC (Allocation Failure) 2018-03-23T16:53:09.242+0000: 227.648: [DefNew: 142962K->7304K(153600K), 0.0161915 secs] 244187K->108530K(494976K), 0.0162664 secs] [Times: user=0.02 sys=0.00, real=0.02 secs] 
2018-03-23T16:53:11.453+0000: 229.859: [GC (Allocation Failure) 2018-03-23T16:53:11.453+0000: 229.859: [DefNew: 143880K->8436K(153600K), 0.0247166 secs] 245106K->109662K(494976K), 0.0247806 secs] [Times: user=0.03 sys=0.00, real=0.03 secs] 
2018-03-23T16:53:13.921+0000: 232.328: [GC (Allocation Failure) 2018-03-23T16:53:13.921+0000: 232.328: [DefNew: 145012K->14860K(153600K), 0.0211386 secs] 246238K->116085K(494976K), 0.0212008 secs] [Times: user=0.02 sys=0.00, real=0.02 secs] 
2018-03-23T16:53:16.180+0000: 234.586: [GC (Allocation Failure) 2018-03-23T16:53:16.180+0000: 234.586: [DefNew: 151436K->3786K(153600K), 0.0374195 secs] 252661K->111326K(494976K), 0.0374971 secs] [Times: user=0.03 sys=0.01, real=0.04 secs] 
2018-03-23T16:53:18.200+0000: 236.606: [GC (Allocation Failure) 2018-03-23T16:53:18.200+0000: 236.606: [DefNew: 140362K->10208K(153600K), 0.0175836 secs] 247902K->117748K(494976K), 0.0176473 secs] [Times: user=0.02 sys=0.00, real=0.02 secs] 
2018-03-23T16:53:20.607+0000: 239.013: [GC (Allocation Failure) 2018-03-23T16:53:20.607+0000: 239.013: [DefNew: 146784K->3060K(153600K), 0.0103486 secs] 254324K->113460K(494976K), 0.0104288 secs] [Times: user=0.01 sys=0.00, real=0.01 secs] 
2018-03-23T16:53:22.627+0000: 241.033: [GC (Allocation Failure) 2018-03-23T16:53:22.627+0000: 241.033: [DefNew: 133264K->2702K(153600K), 0.0140341 secs] 243664K->113102K(494976K), 0.0141047 secs] [Times: user=0.02 sys=0.00, real=0.01 secs] 
2018-03-23T16:53:24.957+0000: 243.364: [GC (Allocation Failure) 2018-03-23T16:53:24.957+0000: 243.364: [DefNew: 139278K->3779K(153600K), 0.0068495 secs] 249678K->114178K(494976K), 0.0069196 secs] [Times: user=0.00 sys=0.00, real=0.00 secs] 
2018-03-23T16:53:27.154+0000: 245.560: [GC (Allocation Failure) 2018-03-23T16:53:27.154+0000: 245.560: [DefNew: 135354K->4286K(153600K), 0.0067548 secs] 245754K->114686K(494976K), 0.0068173 secs] [Times: user=0.01 sys=0.00, real=0.01 secs] 
2018-03-23T16:53:29.226+0000: 247.632: [GC (Allocation Failure) 2018-03-23T16:53:29.226+0000: 247.632: [DefNew: 137752K->4906K(153600K), 0.0136768 secs] 248152K->115306K(494976K), 0.0137313 secs] [Times: user=0.00 sys=0.01, real=0.01 secs] 
2018-03-23T16:53:31.479+0000: 249.885: [GC (Allocation Failure) 2018-03-23T16:53:31.479+0000: 249.885: [DefNew: 137312K->5444K(153600K), 0.0082791 secs] 247712K->115844K(494976K), 0.0083652 secs] [Times: user=0.01 sys=0.00, real=0.01 secs] 
2018-03-23T16:53:33.690+0000: 252.097: [GC (Allocation Failure) 2018-03-23T16:53:33.690+0000: 252.097: [DefNew: 140811K->5748K(153600K), 0.0123990 secs] 251211K->116148K(494976K), 0.0124765 secs] [Times: user=0.01 sys=0.00, real=0.01 secs] 
2018-03-23T16:53:35.888+0000: 254.295: [GC (Allocation Failure) 2018-03-23T16:53:35.888+0000: 254.295: [DefNew: 142324K->6342K(153600K), 0.0137435 secs] 252724K->116742K(494976K), 0.0138296 secs] [Times: user=0.01 sys=0.00, real=0.01 secs] 
2018-03-23T16:53:37.958+0000: 256.365: [GC (Allocation Failure) 2018-03-23T16:53:37.958+0000: 256.365: [DefNew: 136279K->6686K(153600K), 0.0190059 secs] 246679K->117086K(494976K), 0.0190891 secs] [Times: user=0.02 sys=0.00, real=0.02 secs] 
2018-03-23T16:53:40.115+0000: 258.521: [GC (Allocation Failure) 2018-03-23T16:53:40.115+0000: 258.521: [DefNew: 139312K->7023K(153600K), 0.0217892 secs] 249712K->117423K(494976K), 0.0218612 secs] [Times: user=0.02 sys=0.00, real=0.03 secs] 
2018-03-23T16:53:42.268+0000: 260.675: [GC (Allocation Failure) 2018-03-23T16:53:42.268+0000: 260.675: [DefNew: 143208K->7299K(153600K), 0.0146008 secs] 253607K->117699K(494976K), 0.0146749 secs] [Times: user=0.01 sys=0.00, real=0.01 secs] 
2018-03-23T16:53:44.229+0000: 262.635: [GC (Allocation Failure) 2018-03-23T16:53:44.229+0000: 262.635: [DefNew: 137603K->7539K(153600K), 0.0147363 secs] 248003K->117939K(494976K), 0.0148106 secs] [Times: user=0.02 sys=0.00, real=0.01 secs] 
2018-03-23T16:53:46.512+0000: 264.919: [GC (Allocation Failure) 2018-03-23T16:53:46.512+0000: 264.919: [DefNew: 144115K->8121K(153600K), 0.0213082 secs] 254515K->118521K(494976K), 0.0213818 secs] [Times: user=0.02 sys=0.00, real=0.02 secs] 
2018-03-23T16:53:48.516+0000: 266.923: [GC (Allocation Failure) 2018-03-23T16:53:48.516+0000: 266.923: [DefNew: 144697K->8784K(153600K), 0.0202535 secs] 255097K->119184K(494976K), 0.0203255 secs] [Times: user=0.02 sys=0.00, real=0.02 secs] 
2018-03-23T16:53:50.692+0000: 269.098: [GC (Allocation Failure) 2018-03-23T16:53:50.692+0000: 269.098: [DefNew: 142024K->8403K(153600K), 0.0245302 secs] 252424K->119233K(494976K), 0.0245912 secs] [Times: user=0.02 sys=0.00, real=0.03 secs] 
2018-03-23T16:53:52.844+0000: 271.250: [GC (Allocation Failure) 2018-03-23T16:53:52.844+0000: 271.250: [DefNew: 144012K->8647K(153600K), 0.0185076 secs] 254842K->119477K(494976K), 0.0185798 secs] [Times: user=0.02 sys=0.00, real=0.02 secs] 
2018-03-23T16:53:55.086+0000: 273.493: [GC (Allocation Failure) 2018-03-23T16:53:55.086+0000: 273.493: [DefNew: 145223K->9195K(153600K), 0.0213273 secs] 256053K->120334K(494976K), 0.0214031 secs] [Times: user=0.03 sys=0.00, real=0.02 secs] 
2018-03-23T16:53:57.446+0000: 275.853: [GC (Allocation Failure) 2018-03-23T16:53:57.446+0000: 275.853: [DefNew: 144528K->8353K(153600K), 0.0121111 secs] 255667K->120329K(494976K), 0.0121836 secs] [Times: user=0.01 sys=0.00, real=0.01 secs] 
2018-03-23T16:53:59.666+0000: 278.073: [GC (Allocation Failure) 2018-03-23T16:53:59.667+0000: 278.073: [DefNew: 141710K->8791K(153600K), 0.0123300 secs] 253686K->120767K(494976K), 0.0124020 secs] [Times: user=0.01 sys=0.00, real=0.01 secs] 
2018-03-23T16:54:02.028+0000: 280.434: [GC (Allocation Failure) 2018-03-23T16:54:02.028+0000: 280.434: [DefNew: 145367K->11217K(153600K), 0.0329371 secs] 257343K->123721K(494976K), 0.0330088 secs] [Times: user=0.02 sys=0.02, real=0.03 secs] 
2018-03-23T16:54:04.325+0000: 282.732: [GC (Allocation Failure) 2018-03-23T16:54:04.325+0000: 282.732: [DefNew: 147793K->8697K(153600K), 0.0215686 secs] 260297K->123800K(494976K), 0.0216218 secs] [Times: user=0.02 sys=0.00, real=0.02 secs] 
2018-03-23T16:54:06.487+0000: 284.894: [GC (Allocation Failure) 2018-03-23T16:54:06.487+0000: 284.894: [DefNew: 145273K->9450K(153600K), 0.0393975 secs] 260376K->124924K(494976K), 0.0394599 secs] [Times: user=0.04 sys=0.00, real=0.04 secs] 
2018-03-23T16:54:08.811+0000: 287.217: [GC (Allocation Failure) 2018-03-23T16:54:08.811+0000: 287.217: [DefNew: 146026K->7147K(153600K), 0.0125620 secs] 261500K->123781K(494976K), 0.0126350 secs] [Times: user=0.01 sys=0.00, real=0.01 secs] 
2018-03-23T16:54:10.932+0000: 289.339: [GC (Allocation Failure) 2018-03-23T16:54:10.932+0000: 289.339: [DefNew: 136326K->7121K(153600K), 0.0096329 secs] 252959K->123754K(494976K), 0.0097036 secs] [Times: user=0.01 sys=0.00, real=0.01 secs] 
2018-03-23T16:54:13.034+0000: 291.440: [GC (Allocation Failure) 2018-03-23T16:54:13.034+0000: 291.440: [DefNew: 137000K->7834K(153600K), 0.0112018 secs] 253633K->124468K(494976K), 0.0112771 secs] [Times: user=0.01 sys=0.00, real=0.02 secs] 
2018-03-23T16:54:15.158+0000: 293.565: [GC (Allocation Failure) 2018-03-23T16:54:15.158+0000: 293.565: [DefNew: 144410K->8206K(153600K), 0.0113198 secs] 261044K->124840K(494976K), 0.0113942 secs] [Times: user=0.01 sys=0.00, real=0.01 secs] 
2018-03-23T16:54:17.363+0000: 295.770: [GC (Allocation Failure) 2018-03-23T16:54:17.363+0000: 295.770: [DefNew: 144782K->11342K(153600K), 0.0160499 secs] 261416K->127976K(494976K), 0.0161219 secs] [Times: user=0.01 sys=0.00, real=0.02 secs] 
2018-03-23T16:54:19.602+0000: 298.009: [GC (Allocation Failure) 2018-03-23T16:54:19.602+0000: 298.009: [DefNew: 141321K->6292K(153600K), 0.0122471 secs] 257954K->125531K(494976K), 0.0123222 secs] [Times: user=0.02 sys=0.00, real=0.01 secs] 
2018-03-23T16:54:21.661+0000: 300.068: [GC (Allocation Failure) 2018-03-23T16:54:21.661+0000: 300.068: [DefNew: 138768K->6587K(153600K), 0.0089351 secs] 258006K->125825K(494976K), 0.0090072 secs] [Times: user=0.01 sys=0.00, real=0.01 secs] 
2018-03-23T16:54:23.351+0000: 301.757: [GC (Allocation Failure) 2018-03-23T16:54:23.351+0000: 301.757: [DefNew: 135091K->17024K(153600K), 0.0684496 secs] 254330K->158931K(494976K), 0.0685283 secs] [Times: user=0.05 sys=0.02, real=0.07 secs] 
2018-03-23T16:54:25.507+0000: 303.914: [GC (Allocation Failure) 2018-03-23T16:54:25.507+0000: 303.914: [DefNew: 148825K->2101K(153600K), 0.0321488 secs] 290732K->160926K(494976K), 0.0322310 secs] [Times: user=0.02 sys=0.01, real=0.03 secs] 
2018-03-23T16:54:27.595+0000: 306.002: [GC (Allocation Failure) 2018-03-23T16:54:27.596+0000: 306.002: [DefNew: 138677K->6937K(153600K), 0.0222537 secs] 297502K->165762K(494976K), 0.0223193 secs] [Times: user=0.02 sys=0.00, real=0.03 secs] 
2018-03-23T16:54:29.770+0000: 308.177: [GC (Allocation Failure) 2018-03-23T16:54:29.770+0000: 308.177: [DefNew: 138715K->5239K(153600K), 0.0159300 secs] 297540K->164064K(494976K), 0.0160115 secs] [Times: user=0.02 sys=0.00, real=0.02 secs] 
2018-03-23T16:54:31.914+0000: 310.320: [GC (Allocation Failure) 2018-03-23T16:54:31.914+0000: 310.321: [DefNew: 135242K->5888K(153600K), 0.0151235 secs] 294067K->164713K(494976K), 0.0151965 secs] [Times: user=0.02 sys=0.00, real=0.02 secs] 
2018-03-23T16:54:33.992+0000: 312.398: [GC (Allocation Failure) 2018-03-23T16:54:33.992+0000: 312.398: [DefNew: 142464K->7972K(153600K), 0.0226870 secs] 301289K->166797K(494976K), 0.0227534 secs] [Times: user=0.02 sys=0.00, real=0.02 secs] 
2018-03-23T16:54:36.086+0000: 314.493: [GC (Allocation Failure) 2018-03-23T16:54:36.086+0000: 314.493: [DefNew: 144548K->7425K(153600K), 0.0186183 secs] 303373K->166250K(494976K), 0.0186911 secs] [Times: user=0.02 sys=0.00, real=0.02 secs] 
2018-03-23T16:54:38.203+0000: 316.610: [GC (Allocation Failure) 2018-03-23T16:54:38.203+0000: 316.610: [DefNew: 144001K->10470K(153600K), 0.0240329 secs] 302826K->169295K(494976K), 0.0241043 secs] [Times: user=0.03 sys=0.00, real=0.03 secs] 
2018-03-23T16:54:40.223+0000: 318.630: [GC (Allocation Failure) 2018-03-23T16:54:40.223+0000: 318.630: [DefNew: 147046K->5866K(153600K), 0.0196620 secs] 305871K->166890K(494976K), 0.0197269 secs] [Times: user=0.02 sys=0.00, real=0.02 secs] 
2018-03-23T16:54:42.384+0000: 320.790: [GC (Allocation Failure) 2018-03-23T16:54:42.384+0000: 320.790: [DefNew: 135213K->6572K(153600K), 0.0152595 secs] 296237K->167596K(494976K), 0.0153283 secs] [Times: user=0.01 sys=0.00, real=0.02 secs] 
2018-03-23T16:54:44.524+0000: 322.930: [GC (Allocation Failure) 2018-03-23T16:54:44.524+0000: 322.930: [DefNew: 143148K->8651K(153600K), 0.0228324 secs] 304172K->169676K(494976K), 0.0229043 secs] [Times: user=0.02 sys=0.00, real=0.03 secs] 
2018-03-23T16:54:46.704+0000: 325.111: [GC (Allocation Failure) 2018-03-23T16:54:46.704+0000: 325.111: [DefNew: 143091K->7197K(153600K), 0.0256543 secs] 304115K->168712K(494976K), 0.0257353 secs] [Times: user=0.02 sys=0.00, real=0.02 secs] 
2018-03-23T16:54:48.773+0000: 327.179: [GC (Allocation Failure) 2018-03-23T16:54:48.773+0000: 327.179: [DefNew: 143773K->8997K(153600K), 0.0187535 secs] 305288K->170512K(494976K), 0.0188283 secs] [Times: user=0.01 sys=0.00, real=0.02 secs] 
2018-03-23T16:54:50.848+0000: 329.255: [GC (Allocation Failure) 2018-03-23T16:54:50.848+0000: 329.255: [DefNew: 142428K->7505K(153600K), 0.0143700 secs] 303942K->169500K(494976K), 0.0144411 secs] [Times: user=0.02 sys=0.00, real=0.01 secs] 
2018-03-23T16:54:53.006+0000: 331.413: [GC (Allocation Failure) 2018-03-23T16:54:53.006+0000: 331.413: [DefNew: 142052K->7916K(153600K), 0.0159708 secs] 304047K->169910K(494976K), 0.0160534 secs] [Times: user=0.02 sys=0.01, real=0.01 secs] 
2018-03-23T16:54:55.029+0000: 333.435: [GC (Allocation Failure) 2018-03-23T16:54:55.029+0000: 333.435: [DefNew: 138350K->8764K(153600K), 0.0167467 secs] 300344K->170758K(494976K), 0.0168178 secs] [Times: user=0.02 sys=0.00, real=0.02 secs] 
2018-03-23T16:54:57.131+0000: 335.538: [GC (Allocation Failure) 2018-03-23T16:54:57.131+0000: 335.538: [DefNew: 142850K->8588K(153600K), 0.0190459 secs] 304844K->170905K(494976K), 0.0191287 secs] [Times: user=0.02 sys=0.00, real=0.02 secs] 
2018-03-23T16:54:59.311+0000: 337.718: [GC (Allocation Failure) 2018-03-23T16:54:59.311+0000: 337.718: [DefNew: 145164K->8783K(153600K), 0.0195099 secs] 307481K->171384K(494976K), 0.0195742 secs] [Times: user=0.02 sys=0.00, real=0.02 secs] 
2018-03-23T16:55:02.018+0000: 340.424: [GC (Allocation Failure) 2018-03-23T16:55:02.018+0000: 340.424: [DefNew: 145359K->10204K(153600K), 0.0227162 secs] 307960K->173173K(494976K), 0.0227841 secs] [Times: user=0.02 sys=0.00, real=0.02 secs] 
2018-03-23T16:55:04.423+0000: 342.829: [GC (Allocation Failure) 2018-03-23T16:55:04.423+0000: 342.829: [DefNew: 146780K->9458K(153600K), 0.0320232 secs] 309749K->174220K(494976K), 0.0321015 secs] [Times: user=0.03 sys=0.00, real=0.03 secs] 
2018-03-23T16:55:06.632+0000: 345.039: [GC (Allocation Failure) 2018-03-23T16:55:06.632+0000: 345.039: [DefNew: 146034K->15718K(153600K), 0.0299000 secs] 310796K->181780K(494976K), 0.0299669 secs] [Times: user=0.02 sys=0.00, real=0.03 secs] 
2018-03-23T16:55:08.892+0000: 347.299: [GC (Allocation Failure) 2018-03-23T16:55:08.892+0000: 347.299: [DefNew: 152294K->3017K(153600K), 0.0108459 secs] 318356K->173460K(494976K), 0.0109265 secs] [Times: user=0.01 sys=0.00, real=0.01 secs] 
2018-03-23T16:55:11.100+0000: 349.506: [GC (Allocation Failure) 2018-03-23T16:55:11.100+0000: 349.506: [DefNew: 138966K->4069K(153600K), 0.0137345 secs] 309409K->174511K(494976K), 0.0138142 secs] [Times: user=0.00 sys=0.01, real=0.01 secs] 
2018-03-23T16:55:13.253+0000: 351.660: [GC (Allocation Failure) 2018-03-23T16:55:13.253+0000: 351.660: [DefNew: 140645K->5448K(153600K), 0.0080013 secs] 311087K->175890K(494976K), 0.0080727 secs] [Times: user=0.01 sys=0.00, real=0.01 secs] 
2018-03-23T16:55:15.436+0000: 353.843: [GC (Allocation Failure) 2018-03-23T16:55:15.436+0000: 353.843: [DefNew: 136260K->5952K(153600K), 0.0077648 secs] 306703K->176394K(494976K), 0.0078313 secs] [Times: user=0.01 sys=0.00, real=0.01 secs] 
2018-03-23T16:55:17.488+0000: 355.895: [GC (Allocation Failure) 2018-03-23T16:55:17.489+0000: 355.895: [DefNew: 135779K->6561K(153600K), 0.0086534 secs] 306221K->177003K(494976K), 0.0087333 secs] [Times: user=0.00 sys=0.00, real=0.01 secs] 
2018-03-23T16:55:19.698+0000: 358.104: [GC (Allocation Failure) 2018-03-23T16:55:19.698+0000: 358.104: [DefNew: 142308K->7240K(153600K), 0.0102339 secs] 312750K->177683K(494976K), 0.0103042 secs] [Times: user=0.02 sys=0.00, real=0.01 secs] 
2018-03-23T16:55:21.754+0000: 360.160: [GC (Allocation Failure) 2018-03-23T16:55:21.754+0000: 360.160: [DefNew: 137082K->7868K(153600K), 0.0102759 secs] 307524K->178310K(494976K), 0.0103480 secs] [Times: user=0.01 sys=0.00, real=0.02 secs] 
2018-03-23T16:55:23.961+0000: 362.367: [GC (Allocation Failure) 2018-03-23T16:55:23.961+0000: 362.367: [DefNew: 138725K->8447K(153600K), 0.0106796 secs] 309168K->178889K(494976K), 0.0107584 secs] [Times: user=0.01 sys=0.00, real=0.01 secs] 
2018-03-23T16:55:26.072+0000: 364.478: [GC (Allocation Failure) 2018-03-23T16:55:26.072+0000: 364.478: [DefNew: 145023K->11913K(153600K), 0.0164934 secs] 315465K->182355K(494976K), 0.0165675 secs] [Times: user=0.02 sys=0.00, real=0.02 secs] 
2018-03-23T16:55:28.196+0000: 366.603: [GC (Allocation Failure) 2018-03-23T16:55:28.196+0000: 366.603: [DefNew: 148489K->7773K(153600K), 0.0149538 secs] 318931K->181201K(494976K), 0.0150244 secs] [Times: user=0.02 sys=0.00, real=0.01 secs] 
2018-03-23T16:55:30.376+0000: 368.782: [GC (Allocation Failure) 2018-03-23T16:55:30.376+0000: 368.782: [DefNew: 144349K->10331K(153600K), 0.0150150 secs] 317777K->183759K(494976K), 0.0150903 secs] [Times: user=0.01 sys=0.00, real=0.02 secs] 
2018-03-23T16:55:32.625+0000: 371.031: [GC (Allocation Failure) 2018-03-23T16:55:32.625+0000: 371.031: [DefNew: 141548K->5170K(153600K), 0.0099586 secs] 314977K->180990K(494976K), 0.0100305 secs] [Times: user=0.01 sys=0.00, real=0.00 secs] 
2018-03-23T16:55:34.794+0000: 373.200: [GC (Allocation Failure) 2018-03-23T16:55:34.794+0000: 373.200: [DefNew: 141746K->9202K(153600K), 0.0136538 secs] 317566K->185022K(494976K), 0.0137254 secs] [Times: user=0.02 sys=0.00, real=0.02 secs] 
2018-03-23T16:55:36.984+0000: 375.390: [GC (Allocation Failure) 2018-03-23T16:55:36.984+0000: 375.390: [DefNew: 143704K->5680K(153600K), 0.0089592 secs] 319525K->182548K(494976K), 0.0090294 secs] [Times: user=0.01 sys=0.00, real=0.01 secs] 
2018-03-23T16:55:39.295+0000: 377.701: [GC (Allocation Failure) 2018-03-23T16:55:39.295+0000: 377.701: [DefNew: 136747K->6624K(153600K), 0.0086330 secs] 313615K->183492K(494976K), 0.0087001 secs] [Times: user=0.02 sys=0.00, real=0.01 secs] 
2018-03-23T16:55:41.404+0000: 379.810: [GC (Allocation Failure) 2018-03-23T16:55:41.404+0000: 379.810: [DefNew: 139914K->7267K(153600K), 0.0095196 secs] 316782K->184135K(494976K), 0.0095932 secs] [Times: user=0.01 sys=0.00, real=0.01 secs] 
2018-03-23T16:55:43.603+0000: 382.010: [GC (Allocation Failure) 2018-03-23T16:55:43.603+0000: 382.010: [DefNew: 139254K->7737K(153600K), 0.0093224 secs] 316122K->184604K(494976K), 0.0093934 secs] [Times: user=0.01 sys=0.00, real=0.01 secs] 
2018-03-23T16:55:45.928+0000: 384.334: [GC (Allocation Failure) 2018-03-23T16:55:45.928+0000: 384.334: [DefNew: 144313K->8998K(153600K), 0.0118949 secs] 321180K->185866K(494976K), 0.0119794 secs] [Times: user=0.01 sys=0.00, real=0.01 secs] 
2018-03-23T16:55:48.177+0000: 386.583: [GC (Allocation Failure) 2018-03-23T16:55:48.177+0000: 386.583: [DefNew: 145574K->8537K(153600K), 0.0111045 secs] 322442K->185892K(494976K), 0.0111746 secs] [Times: user=0.01 sys=0.00, real=0.01 secs] 
2018-03-23T16:55:50.312+0000: 388.718: [GC (Allocation Failure) 2018-03-23T16:55:50.312+0000: 388.718: [DefNew: 144051K->9006K(153600K), 0.0138565 secs] 321406K->186643K(494976K), 0.0139162 secs] [Times: user=0.01 sys=0.00, real=0.02 secs] 
2018-03-23T16:55:52.447+0000: 390.854: [GC (Allocation Failure) 2018-03-23T16:55:52.448+0000: 390.854: [DefNew: 145582K->9263K(153600K), 0.0140059 secs] 323219K->187605K(494976K), 0.0140863 secs] [Times: user=0.01 sys=0.00, real=0.01 secs] 
2018-03-23T16:55:54.601+0000: 393.008: [GC (Allocation Failure) 2018-03-23T16:55:54.601+0000: 393.008: [DefNew: 145839K->8077K(153600K), 0.0203295 secs] 324181K->187415K(494976K), 0.0204004 secs] [Times: user=0.02 sys=0.00, real=0.02 secs] 
2018-03-23T16:55:56.870+0000: 395.276: [GC (Allocation Failure) 2018-03-23T16:55:56.870+0000: 395.276: [DefNew: 144653K->9514K(153600K), 0.0201070 secs] 323991K->188852K(494976K), 0.0201981 secs] [Times: user=0.02 sys=0.00, real=0.02 secs] 
2018-03-23T16:55:59.054+0000: 397.461: [GC (Allocation Failure) 2018-03-23T16:55:59.054+0000: 397.461: [DefNew: 136773K->7362K(153600K), 0.0171903 secs] 316112K->187853K(494976K), 0.0172588 secs] [Times: user=0.02 sys=0.00, real=0.02 secs] 
2018-03-23T16:56:01.358+0000: 399.764: [GC (Allocation Failure) 2018-03-23T16:56:01.358+0000: 399.764: [DefNew: 143938K->10472K(153600K), 0.0351297 secs] 324429K->190963K(494976K), 0.0352117 secs] [Times: user=0.04 sys=0.00, real=0.03 secs] 
2018-03-23T16:56:03.623+0000: 402.029: [GC (Allocation Failure) 2018-03-23T16:56:03.623+0000: 402.029: [DefNew: 147048K->7869K(153600K), 0.0134268 secs] 327539K->190296K(494976K), 0.0134979 secs] [Times: user=0.01 sys=0.00, real=0.01 secs] 
2018-03-23T16:56:05.620+0000: 404.026: [GC (Allocation Failure) 2018-03-23T16:56:05.620+0000: 404.026: [DefNew: 134982K->7124K(153600K), 0.0088344 secs] 317409K->189551K(494976K), 0.0089027 secs] [Times: user=0.00 sys=0.00, real=0.01 secs] 
2018-03-23T16:56:08.027+0000: 406.434: [GC (Allocation Failure) 2018-03-23T16:56:08.027+0000: 406.434: [DefNew: 143700K->11010K(153600K), 0.0288146 secs] 326127K->193437K(494976K), 0.0288858 secs] [Times: user=0.03 sys=0.00, real=0.02 secs] 
2018-03-23T16:56:10.246+0000: 408.653: [GC (Allocation Failure) 2018-03-23T16:56:10.246+0000: 408.653: [DefNew: 147586K->6175K(153600K), 0.0202444 secs] 330013K->191020K(494976K), 0.0203154 secs] [Times: user=0.02 sys=0.00, real=0.02 secs] 
2018-03-23T16:56:12.510+0000: 410.916: [GC (Allocation Failure) 2018-03-23T16:56:12.510+0000: 410.916: [DefNew: 141396K->7162K(153600K), 0.0176225 secs] 326241K->192007K(494976K), 0.0177042 secs] [Times: user=0.01 sys=0.00, real=0.02 secs] 
2018-03-23T16:56:14.736+0000: 413.142: [GC (Allocation Failure) 2018-03-23T16:56:14.736+0000: 413.142: [DefNew: 143738K->17023K(153600K), 0.0244814 secs] 328583K->203398K(494976K), 0.0245641 secs] [Times: user=0.02 sys=0.00, real=0.03 secs] 
2018-03-23T16:56:16.805+0000: 415.212: [GC (Allocation Failure) 2018-03-23T16:56:16.805+0000: 415.212: [DefNew: 153599K->14208K(153600K), 0.0245672 secs] 339974K->204993K(494976K), 0.0246426 secs] [Times: user=0.02 sys=0.01, real=0.02 secs] 
2018-03-23T16:56:19.096+0000: 417.503: [GC (Allocation Failure) 2018-03-23T16:56:19.096+0000: 417.503: [DefNew: 150784K->4593K(153600K), 0.0198569 secs] 341569K->197747K(494976K), 0.0199401 secs] [Times: user=0.02 sys=0.00, real=0.02 secs] 
2018-03-23T16:56:21.232+0000: 419.638: [GC (Allocation Failure) 2018-03-23T16:56:21.232+0000: 419.638: [DefNew: 131310K->4084K(153600K), 0.0148288 secs] 324464K->197238K(494976K), 0.0149065 secs] [Times: user=0.01 sys=0.00, real=0.02 secs] 
2018-03-23T16:56:23.197+0000: 421.603: [GC (Allocation Failure) 2018-03-23T16:56:23.197+0000: 421.603: [DefNew: 133328K->5204K(153600K), 0.0155420 secs] 326482K->198358K(494976K), 0.0156191 secs] [Times: user=0.01 sys=0.00, real=0.01 secs] 
2018-03-23T16:56:25.302+0000: 423.708: [GC (Allocation Failure) 2018-03-23T16:56:25.302+0000: 423.708: [DefNew: 132120K->6031K(153600K), 0.0161965 secs] 325274K->199186K(494976K), 0.0162722 secs] [Times: user=0.01 sys=0.00, real=0.02 secs] 
2018-03-23T16:56:27.397+0000: 425.803: [GC (Allocation Failure) 2018-03-23T16:56:27.397+0000: 425.803: [DefNew: 140792K->7414K(153600K), 0.0179351 secs] 333946K->200568K(494976K), 0.0180043 secs] [Times: user=0.02 sys=0.00, real=0.01 secs] 
2018-03-23T16:56:29.608+0000: 428.014: [GC (Allocation Failure) 2018-03-23T16:56:29.608+0000: 428.014: [DefNew: 143990K->9654K(153600K), 0.0245674 secs] 337144K->202808K(494976K), 0.0246381 secs] [Times: user=0.03 sys=0.00, real=0.02 secs] 
2018-03-23T16:56:31.961+0000: 430.367: [GC (Allocation Failure) 2018-03-23T16:56:31.961+0000: 430.367: [DefNew: 146230K->8056K(153600K), 0.0209656 secs] 339384K->202399K(494976K), 0.0210324 secs] [Times: user=0.02 sys=0.00, real=0.02 secs] 
2018-03-23T16:56:34.046+0000: 432.452: [GC (Allocation Failure) 2018-03-23T16:56:34.046+0000: 432.452: [DefNew: 144632K->11249K(153600K), 0.0369922 secs] 338975K->205592K(494976K), 0.0370562 secs] [Times: user=0.03 sys=0.00, real=0.03 secs] 
2018-03-23T16:56:36.425+0000: 434.832: [GC (Allocation Failure) 2018-03-23T16:56:36.425+0000: 434.832: [DefNew: 138618K->5553K(153600K), 0.0216478 secs] 332961K->202833K(494976K), 0.0217255 secs] [Times: user=0.02 sys=0.00, real=0.02 secs] 
2018-03-23T16:56:38.432+0000: 436.839: [GC (Allocation Failure) 2018-03-23T16:56:38.432+0000: 436.839: [DefNew: 142129K->9346K(153600K), 0.0227793 secs] 339409K->206626K(494976K), 0.0228628 secs] [Times: user=0.02 sys=0.00, real=0.02 secs] 
2018-03-23T16:56:50.059+0000: 448.466: [GC (Allocation Failure) 2018-03-23T16:56:50.059+0000: 448.466: [DefNew: 145922K->17023K(153600K), 0.0310558 secs] 343202K->218715K(494976K), 0.0311254 secs] [Times: user=0.03 sys=0.00, real=0.03 secs] 
2018-03-23T16:57:03.288+0000: 461.695: [GC (Allocation Failure) 2018-03-23T16:57:03.288+0000: 461.695: [DefNew: 153599K->17023K(153600K), 0.0547398 secs] 355291K->238542K(494976K), 0.0548072 secs] [Times: user=0.04 sys=0.01, real=0.05 secs] 
2018-03-23T16:57:20.142+0000: 478.548: [GC (Allocation Failure) 2018-03-23T16:57:20.142+0000: 478.548: [DefNew: 153599K->17023K(153600K), 0.0577926 secs] 375118K->258957K(494976K), 0.0578702 secs] [Times: user=0.04 sys=0.01, real=0.06 secs] 
2018-03-23T16:57:30.585+0000: 488.991: [GC (Allocation Failure) 2018-03-23T16:57:30.585+0000: 488.991: [DefNew: 153599K->17023K(153600K), 0.0501990 secs] 395533K->276781K(494976K), 0.0502652 secs] [Times: user=0.04 sys=0.00, real=0.04 secs] 
2018-03-23T16:57:43.809+0000: 502.215: [GC (Allocation Failure) 2018-03-23T16:57:43.809+0000: 502.215: [DefNew: 153599K->17023K(153600K), 0.0584794 secs] 413357K->299679K(494976K), 0.0585627 secs] [Times: user=0.02 sys=0.04, real=0.06 secs] 
2018-03-23T16:57:57.426+0000: 515.833: [GC (Allocation Failure) 2018-03-23T16:57:57.426+0000: 515.833: [DefNew: 153599K->17023K(153600K), 0.0491444 secs] 436255K->317811K(494976K), 0.0492237 secs] [Times: user=0.04 sys=0.01, real=0.04 secs] 
2018-03-23T16:58:11.477+0000: 529.884: [GC (Allocation Failure) 2018-03-23T16:58:11.477+0000: 529.884: [DefNew: 153599K->17023K(153600K), 0.0595718 secs] 454387K->340186K(494976K), 0.0596319 secs] [Times: user=0.05 sys=0.01, real=0.06 secs] 
16:58:11.932 [Client] INFO  c.s.f.r.e.s.SocketRear  - FlameSocketGraphDeployerRear@10.0.0.225: has been disconnected from Connection 7
16:58:23.538 [worker-akka.actor.default-dispatcher-15] INFO  a.a.CoordinatedShutdown CoordinatedShutdown(akka://worker) - Starting coordinated shutdown from JVM shutdown hook
16:58:23.558 [worker-akka.actor.default-dispatcher-6] INFO  a.a.LocalActorRef akka://worker/user/watcher/graph/negotiator - Stopped
16:58:23.559 [worker-akka.actor.default-dispatcher-6] INFO  a.a.LocalActorRef akka://worker/user/watcher/graph/edge/FlameSocketGraphDeployerFront - Stopped
16:58:23.559 [worker-akka.actor.default-dispatcher-6] INFO  a.a.LocalActorRef akka://worker/user/watcher/graph/edge/FlameSocketGraphDeployerRear - Stopped
16:58:23.563 [worker-akka.actor.default-dispatcher-10] INFO  a.a.LocalActorRef akka://worker/user/watcher/graph/graph/$a - Stopped
16:58:23.563 [worker-akka.actor.default-dispatcher-10] INFO  a.a.LocalActorRef akka://worker/user/watcher/graph/graph/$b - Stopped
16:58:23.563 [worker-akka.actor.default-dispatcher-10] INFO  a.a.LocalActorRef akka://worker/user/watcher/graph/graph/$c - Stopped
16:58:23.563 [worker-akka.actor.default-dispatcher-10] INFO  a.a.LocalActorRef akka://worker/user/watcher/graph/edge - Stopped
16:58:23.565 [worker-akka.actor.default-dispatcher-13] INFO  a.a.LocalActorRef akka://worker/user/watcher/graph/graph/local-acker/$a - Stopped
16:58:23.568 [worker-akka.actor.default-dispatcher-11] INFO  a.a.LocalActorRef akka://worker/user/watcher/graph/graph/local-acker/$a - Message [com.spbsu.flamestream.runtime.utils.akka.PingActor$InnerPing] from Actor[akka://worker/user/watcher/graph/graph/local-acker/$a#-1669413201] to Actor[akka://worker/user/watcher/graph/graph/local-acker/$a#-1669413201] was not delivered. [1] dead letters encountered. This logging can be turned off or adjusted with configuration settings 'akka.log-dead-letters' and 'akka.log-dead-letters-during-shutdown'.
16:58:23.568 [worker-akka.actor.default-dispatcher-11] INFO  a.a.LocalActorRef akka://worker/user/watcher/graph/graph/local-acker - Stopped
16:58:23.568 [worker-akka.actor.default-dispatcher-11] INFO  a.a.LocalActorRef akka://worker/user/watcher/graph/graph - Stopped
16:58:23.568 [worker-akka.actor.default-dispatcher-11] INFO  a.a.LocalActorRef akka://worker/user/watcher/graph - Stopped
16:58:23.569 [worker-akka.actor.default-dispatcher-16] INFO  a.a.RepointableActorRef akka://worker/user/watcher - Stopped
16:58:23.571 [worker-akka.actor.default-dispatcher-13] INFO  a.a.LocalActorRef akka://worker/user/watcher/graph/graph/local-acker/$a - Message [com.spbsu.flamestream.runtime.utils.akka.PingActor$Stop] from Actor[akka://worker/user/watcher/graph/graph/local-acker#440505673] to Actor[akka://worker/user/watcher/graph/graph/local-acker/$a#-1669413201] was not delivered. [2] dead letters encountered. This logging can be turned off or adjusted with configuration settings 'akka.log-dead-letters' and 'akka.log-dead-letters-during-shutdown'.
16:58:23.571 [worker-akka.actor.default-dispatcher-13] INFO  a.a.LocalActorRef akka://worker/user/watcher/graph/graph/local-acker - Message [com.spbsu.flamestream.runtime.acker.LocalAcker$Flush] from Actor[akka://worker/user/watcher/graph/graph/local-acker/$a#-1669413201] to Actor[akka://worker/user/watcher/graph/graph/local-acker#440505673] was not delivered. [3] dead letters encountered. This logging can be turned off or adjusted with configuration settings 'akka.log-dead-letters' and 'akka.log-dead-letters-during-shutdown'.
16:58:23.573 [worker-akka.actor.default-dispatcher-3-EventThread] INFO  o.a.z.ClientCnxn  - EventThread shut down for session: 0x16253c2d3b8000b
16:58:23.573 [worker-akka.actor.default-dispatcher-11] INFO  o.a.z.ZooKeeper  - Session: 0x16253c2d3b8000b closed
16:58:23.586 [worker-akka.actor.default-dispatcher-11] INFO  a.r.RemoteActorRefProvider$RemotingTerminator akka://worker@10.0.0.225:5412/system/remoting-terminator - Shutting down remote daemon.
16:58:23.587 [worker-akka.actor.default-dispatcher-11] INFO  a.r.RemoteActorRefProvider$RemotingTerminator akka://worker@10.0.0.225:5412/system/remoting-terminator - Remote daemon shut down; proceeding with flushing remote transports.
16:58:24.768 [worker-akka.actor.default-dispatcher-13] INFO  a.r.RemoteActorRefProvider$RemotingTerminator akka://worker@10.0.0.225:5412/system/remoting-terminator - Remoting shut down.
Heap
 def new generation   total 153600K, used 34108K [0x00000000e0c00000, 0x00000000eb2a0000, 0x00000000eb2a0000)
  eden space 136576K,  12% used [0x00000000e0c00000, 0x00000000e1caf108, 0x00000000e9160000)
  from space 17024K,  99% used [0x00000000ea200000, 0x00000000eb29fff0, 0x00000000eb2a0000)
  to   space 17024K,   0% used [0x00000000e9160000, 0x00000000e9160000, 0x00000000ea200000)
 tenured generation   total 341376K, used 323162K [0x00000000eb2a0000, 0x0000000100000000, 0x0000000100000000)
   the space 341376K,  94% used [0x00000000eb2a0000, 0x00000000fee36b40, 0x00000000fee36c00, 0x0000000100000000)
 Metaspace       used 34047K, capacity 34958K, committed 35200K, reserved 1079296K
  class space    used 4478K, capacity 4664K, committed 4736K, reserved 1048576K
