14:11:22.012 [worker-akka.actor.default-dispatcher-2] INFO  a.e.s.Slf4jLogger  - Slf4jLogger started
2018-02-19T14:11:22.184+0000: 2.570: [Full GC (Metadata GC Threshold) 2018-02-19T14:11:22.184+0000: 2.570: [Tenured: 0K->15410K(341376K), 0.0348951 secs] 117531K->15410K(494976K), [Metaspace: 20874K->20874K(1067008K)], 0.0349567 secs] [Times: user=0.03 sys=0.00, real=0.03 secs] 
Ama winner
Ama winner
14:11:22.632 [worker-akka.actor.default-dispatcher-2] INFO  a.r.a.ArteryTransport(akka://worker) akka.remote.artery.ArteryTransport(akka://worker) - Started embedded media driver in directory [/dev/shm/aeron-root-worker-38187411-07f9-4db7-9143-e8dde6365056]
14:11:22.823 [worker-akka.actor.default-dispatcher-2] INFO  a.r.a.ArteryTransport(akka://worker) akka.remote.artery.ArteryTransport(akka://worker) - Remoting started; listening on address: [akka://worker@172.31.42.36:5412] with UID [6713328974182202967]
14:11:22.917 [worker-akka.actor.default-dispatcher-2] INFO  o.a.z.ZooKeeper  - Client environment:zookeeper.version=3.4.9-1757313, built on 08/23/2016 06:50 GMT
14:11:22.917 [worker-akka.actor.default-dispatcher-2] INFO  o.a.z.ZooKeeper  - Client environment:host.name=ip-172-31-42-36.us-east-2.compute.internal
14:11:22.917 [worker-akka.actor.default-dispatcher-2] INFO  o.a.z.ZooKeeper  - Client environment:java.version=1.8.0_151
14:11:22.917 [worker-akka.actor.default-dispatcher-2] INFO  o.a.z.ZooKeeper  - Client environment:java.vendor=Oracle Corporation
14:11:22.917 [worker-akka.actor.default-dispatcher-2] INFO  o.a.z.ZooKeeper  - Client environment:java.home=/usr/lib/jvm/java-8-openjdk-amd64/jre
14:11:22.918 [worker-akka.actor.default-dispatcher-2] INFO  o.a.z.ZooKeeper  - Client environment:java.class.path=lib/commons-cli-1.4.jar:lib/minlog-1.3.0.jar:lib/asm-5.0.4.jar:lib/hadoop-annotations-2.7.3.jar:lib/hadoop-auth-2.7.3.jar:lib/akka-slf4j_2.11-2.5.6.jar:lib/jersey-core-1.9.jar:lib/lz4-1.3.0.jar:lib/jackson-core-asl-1.9.13.jar:lib/aeron-client-1.3.0.jar:lib/htrace-core-3.1.0-incubating.jar:lib/xz-1.0.jar:lib/commons-httpclient-3.1.jar:lib/asm-3.1.jar:lib/commons-lang3-3.4.jar:lib/scala-library-2.11.11.jar:lib/scala-java8-compat_2.11-0.7.0.jar:lib/commons-configuration-1.6.jar:lib/objenesis-2.1.jar:lib/jackson-annotations-2.8.0.jar:lib/jsr305-3.0.0.jar:lib/curator-framework-2.7.1.jar:lib/jersey-server-1.9.jar:lib/jets3t-0.9.0.jar:lib/leveldb-0.7.jar:lib/jetty-6.1.26.jar:lib/stax-api-1.0-2.jar:lib/flamestream-core-1.0-SNAPSHOT.jar:lib/reflectasm-1.07-shaded.jar:lib/apacheds-kerberos-codec-2.0.0-M15.jar:lib/api-asn1-api-1.0.0-M20.jar:lib/commons-lang-2.6.jar:lib/commons-beanutils-1.7.0.jar:lib/jackson-xc-1.8.3.jar:lib/jetty-util-6.1.26.jar:lib/logback-classic-1.2.3.jar:lib/jool-0.9.12.jar:lib/flamestream-runtime-1.0-SNAPSHOT-tests.jar:lib/httpcore-4.1.2.jar:lib/kryo-4.0.0.jar:lib/ant-1.8.1.jar:lib/jaxb-impl-2.2.3-1.jar:lib/jersey-json-1.9.jar:lib/commons-compress-1.4.1.jar:lib/leveldbjni-all-1.8.jar:lib/paranamer-2.3.jar:lib/jackson-core-2.8.4.jar:lib/commons-math3-3.6.1.jar:lib/scala-parser-combinators_2.11-1.0.4.jar:lib/netty-3.10.6.Final.jar:lib/trove4j-3.0.3.jar:lib/jaxb-api-2.2.2.jar:lib/logback-core-1.2.3.jar:lib/snappy-java-1.0.4.1.jar:lib/protobuf-java-2.5.0.jar:lib/reactive-streams-1.0.1.jar:lib/flamestream-examples-1.0-SNAPSHOT.jar:lib/commons-codec-1.4.jar:lib/activation-1.1.jar:lib/commons-net-3.1.jar:lib/curator-recipes-2.7.1.jar:lib/jackson-mapper-asl-1.9.13.jar:lib/jackson-databind-2.8.4.jar:lib/flamestream-runtime-1.0-SNAPSHOT.jar:lib/jackson-jaxrs-1.8.3.jar:lib/slf4j-api-1.7.24.jar:lib/akka-remote_2.11-2.5.6.jar:lib/akka-testkit_2.11-2.5.6.jar:lib/jline-0.9.94.jar:lib/akka-stream_2.11-2.5.6.jar:lib/jsp-api-2.1.jar:lib/kryonet-2.21.jar:lib/akka-kryo-serialization_2.11-0.5.0.jar:lib/config-1.3.1.jar:lib/ant-launcher-1.8.1.jar:lib/commons-logging-1.2.jar:lib/ssl-config-core_2.11-0.2.2.jar:lib/testng-6.10.jar:lib/leveldb-api-0.7.jar:lib/reflectasm-1.11.3.jar:lib/jcommander-1.48.jar:lib/commons-1.1.jar:lib/commons-digester-1.8.jar:lib/minlog-1.2.jar:lib/java-xmlbuilder-0.4.jar:lib/jettison-1.1.jar:lib/gson-2.2.4.jar:lib/jdk.tools-1.8.jar:lib/aeron-driver-1.3.0.jar:lib/zookeeper-3.4.9.jar:lib/commons-beanutils-core-1.8.0.jar:lib/commons-math3-3.1.1.jar:lib/akka-actor_2.11-2.5.6.jar:lib/curator-client-2.7.1.jar:lib/servlet-api-2.5.jar:lib/apacheds-i18n-2.0.0-M15.jar:lib/commons-io-2.4.jar:lib/commons-codec-1.6.jar:lib/akka-protobuf_2.11-2.5.6.jar:lib/protobuf-java-3.5.1.jar:lib/jdom-2.0.2.jar:lib/api-util-1.0.0-M20.jar:lib/hadoop-common-2.7.3.jar:lib/agrona-0.9.6.jar:lib/xmlenc-0.52.jar:lib/guava-21.0.jar:lib/commons-collections-3.2.2.jar:lib/avro-1.7.4.jar:lib/httpclient-4.1.2.jar:lib/flamestream-core-1.0-SNAPSHOT-tests.jar:lib/annotations-12.0.jar:lib/jsch-0.1.42.jar:flamestream-runtime-1.0-SNAPSHOT.jar
14:11:22.918 [worker-akka.actor.default-dispatcher-2] INFO  o.a.z.ZooKeeper  - Client environment:java.library.path=/usr/java/packages/lib/amd64:/usr/lib/x86_64-linux-gnu/jni:/lib/x86_64-linux-gnu:/usr/lib/x86_64-linux-gnu:/usr/lib/jni:/lib:/usr/lib
14:11:22.918 [worker-akka.actor.default-dispatcher-2] INFO  o.a.z.ZooKeeper  - Client environment:java.io.tmpdir=/tmp
14:11:22.918 [worker-akka.actor.default-dispatcher-2] INFO  o.a.z.ZooKeeper  - Client environment:java.compiler=<NA>
14:11:22.918 [worker-akka.actor.default-dispatcher-2] INFO  o.a.z.ZooKeeper  - Client environment:os.name=Linux
14:11:22.918 [worker-akka.actor.default-dispatcher-2] INFO  o.a.z.ZooKeeper  - Client environment:os.arch=amd64
14:11:22.918 [worker-akka.actor.default-dispatcher-2] INFO  o.a.z.ZooKeeper  - Client environment:os.version=4.4.0-1049-aws
14:11:22.918 [worker-akka.actor.default-dispatcher-2] INFO  o.a.z.ZooKeeper  - Client environment:user.name=root
14:11:22.919 [worker-akka.actor.default-dispatcher-2] INFO  o.a.z.ZooKeeper  - Client environment:user.home=/root
14:11:22.919 [worker-akka.actor.default-dispatcher-2] INFO  o.a.z.ZooKeeper  - Client environment:user.dir=/opt/flamestream
14:11:22.923 [worker-akka.actor.default-dispatcher-2] INFO  o.a.z.ZooKeeper  - Initiating client connection, connectString=172.31.34.147:2181 sessionTimeout=5000 watcher=com.spbsu.flamestream.runtime.application.LifecycleWatcher$$Lambda$29/764839090@3d5d5f13
14:11:22.954 [worker-akka.actor.default-dispatcher-2] INFO  a.a.RepointableActorRef akka://worker/user/watcher - Starting...
14:11:22.958 [worker-akka.actor.default-dispatcher-2-SendThread(172.31.34.147:2181)] INFO  o.a.z.ClientCnxn  - Opening socket connection to server 172.31.34.147/172.31.34.147:2181. Will not attempt to authenticate using SASL (unknown error)
14:11:22.961 [worker-akka.actor.default-dispatcher-2-SendThread(172.31.34.147:2181)] INFO  o.a.z.ClientCnxn  - Socket connection established to 172.31.34.147/172.31.34.147:2181, initiating session
14:11:22.969 [worker-akka.actor.default-dispatcher-2-SendThread(172.31.34.147:2181)] INFO  o.a.z.ClientCnxn  - Session establishment complete on server 172.31.34.147/172.31.34.147:2181, sessionid = 0x161ae66be2d0004, negotiated timeout = 6000
14:11:23.057 [worker-akka.actor.default-dispatcher-2] INFO  a.a.RepointableActorRef akka://worker/user/watcher - Connected to ZK
14:11:33.904 [worker-akka.actor.default-dispatcher-2] INFO  a.a.RepointableActorRef akka://worker/user/watcher - Creating node with watchGraphs: 'com.spbsu.flamestream.core.Graph$Builder$MyGraph@4084ed8a', config: 'ClusterConfig{paths={172.31.33.155=akka://worker@172.31.33.155:5412/user/watcher/graph0000000000, 172.31.47.83=akka://worker@172.31.47.83:5412/user/watcher/graph0000000000, 172.31.45.197=akka://worker@172.31.45.197:5412/user/watcher/graph0000000000, 172.31.42.36=akka://worker@172.31.42.36:5412/user/watcher/graph0000000000, 172.31.44.83=akka://worker@172.31.44.83:5412/user/watcher/graph0000000000, 172.31.39.64=akka://worker@172.31.39.64:5412/user/watcher/graph0000000000, 172.31.35.79=akka://worker@172.31.35.79:5412/user/watcher/graph0000000000, 172.31.34.169=akka://worker@172.31.34.169:5412/user/watcher/graph0000000000, 172.31.47.100=akka://worker@172.31.47.100:5412/user/watcher/graph0000000000, 172.31.37.101=akka://worker@172.31.37.101:5412/user/watcher/graph0000000000}, ackerLocation='172.31.35.79', props=ComputationLayout{ranges={172.31.33.155=HashRange{from=-1670265060, to=-1193046472}, 172.31.47.83=HashRange{from=1670265056, to=2147483644}, 172.31.45.197=HashRange{from=-715827884, to=-238609296}, 172.31.42.36=HashRange{from=1193046468, to=1670265056}, 172.31.44.83=HashRange{from=-238609296, to=238609292}, 172.31.39.64=HashRange{from=715827880, to=1193046468}, 172.31.35.79=HashRange{from=0, to=0}, 172.31.34.169=HashRange{from=-2147483648, to=-1670265060}, 172.31.47.100=HashRange{from=238609292, to=715827880}, 172.31.37.101=HashRange{from=-1193046472, to=-715827884}}}}'
14:11:34.683 [worker-akka.actor.default-dispatcher-2] INFO  a.a.LocalActorRef akka://worker/user/watcher/graph0000000000/graph - Starting...
14:11:34.685 [worker-akka.actor.default-dispatcher-2] INFO  a.a.LocalActorRef akka://worker/user/watcher/graph0000000000/graph/local-acker/$a - Starting...
14:11:34.687 [worker-akka.actor.default-dispatcher-2] INFO  a.a.LocalActorRef akka://worker/user/watcher/graph0000000000/graph/local-acker - Starting...
Warning: space is running low in /dev/shm (tmpfs) threshold=167,772,160 usable=158,621,696
Warning: space is running low in /dev/shm (tmpfs) threshold=167,772,160 usable=146,034,688
Warning: space is running low in /dev/shm (tmpfs) threshold=167,772,160 usable=133,447,680
Warning: space is running low in /dev/shm (tmpfs) threshold=167,772,160 usable=120,860,672
Warning: space is running low in /dev/shm (tmpfs) threshold=167,772,160 usable=108,273,664
Warning: space is running low in /dev/shm (tmpfs) threshold=167,772,160 usable=95,686,656
Warning: space is running low in /dev/shm (tmpfs) threshold=167,772,160 usable=83,099,648
Warning: space is running low in /dev/shm (tmpfs) threshold=167,772,160 usable=70,512,640
14:11:36.158 [worker-akka.actor.default-dispatcher-2] INFO  a.a.LocalActorRef akka://worker/user/watcher/graph0000000000/graph - Finishing constructor
14:11:36.159 [worker-akka.actor.default-dispatcher-2] INFO  a.a.LocalActorRef akka://worker/user/watcher/graph0000000000 - Starting...
14:11:36.160 [worker-akka.actor.default-dispatcher-2] INFO  a.a.LocalActorRef akka://worker/user/watcher/graph0000000000/negotiator - Starting...
14:11:36.214 [worker-akka.actor.default-dispatcher-2] INFO  a.a.LocalActorRef akka://worker/user/watcher/graph0000000000/edge - Starting...
14:11:36.215 [worker-akka.actor.default-dispatcher-2] INFO  a.a.LocalActorRef akka://worker/user/watcher/graph0000000000/graph/$a - Starting...
14:11:36.216 [worker-akka.actor.default-dispatcher-2] INFO  a.a.LocalActorRef akka://worker/user/watcher/graph0000000000/graph/$b - Starting...
14:11:36.217 [worker-akka.actor.default-dispatcher-2] INFO  a.a.LocalActorRef akka://worker/user/watcher/graph0000000000/graph/$c - Starting...
14:11:36.243 [worker-akka.actor.default-dispatcher-2] INFO  c.s.f.r.e.s.SocketRear  - FlameSocketGraphDeployerRear@172.31.42.36: connecting to 172.31.34.147:5678
14:11:36.249 [worker-akka.actor.default-dispatcher-2] INFO  c.s.f.r.e.s.SocketRear  - FlameSocketGraphDeployerRear@172.31.42.36: connected to 172.31.34.147:5678
14:11:36.274 [worker-akka.actor.default-dispatcher-2] INFO  a.a.LocalActorRef akka://worker/user/watcher/graph0000000000/edge/FlameSocketGraphDeployerRear - Starting...
14:11:36.275 [worker-akka.actor.default-dispatcher-2] INFO  a.a.LocalActorRef akka://worker/user/watcher/graph0000000000/edge/FlameSocketGraphDeployerFront - Starting...
14:11:36.276 [worker-akka.actor.default-dispatcher-2] INFO  a.a.LocalActorRef akka://worker/user/watcher/graph0000000000/negotiator - Requesting ticket for the frontClass FlameSocketGraphDeployerFront@172.31.42.36
14:11:36.288 [worker-akka.actor.default-dispatcher-2] INFO  a.a.LocalActorRef akka://worker/user/watcher/graph0000000000/negotiator - Ticket for the frontClass received: FrontTicket{allowedTimestamp=(1519049493891, FlameSocketGraphDeployerFront@172.31.42.36)}
14:11:36.290 [worker-akka.actor.default-dispatcher-2] INFO  c.s.f.r.e.s.SocketFront  - FlameSocketGraphDeployerFront@172.31.42.36: connecting to 172.31.34.147:4567
14:11:36.307 [Client] INFO  c.s.f.r.e.s.SocketFront  - FlameSocketGraphDeployerFront@172.31.42.36 has been disconnected from Connection 6
2018-02-19T14:11:39.289+0000: 19.675: [GC (Allocation Failure) 2018-02-19T14:11:39.289+0000: 19.675: [DefNew: 136576K->15485K(153600K), 0.0289937 secs] 151986K->50427K(494976K), 0.0290578 secs] [Times: user=0.01 sys=0.01, real=0.02 secs] 
2018-02-19T14:11:47.602+0000: 27.988: [GC (Allocation Failure) 2018-02-19T14:11:47.602+0000: 27.988: [DefNew: 152061K->3292K(153600K), 0.0149973 secs] 187003K->45652K(494976K), 0.0150503 secs] [Times: user=0.01 sys=0.01, real=0.01 secs] 
2018-02-19T14:12:01.666+0000: 42.052: [GC (Allocation Failure) 2018-02-19T14:12:01.666+0000: 42.052: [DefNew: 139868K->5357K(153600K), 0.0116077 secs] 182228K->47718K(494976K), 0.0116735 secs] [Times: user=0.02 sys=0.00, real=0.01 secs] 
2018-02-19T14:12:12.425+0000: 52.812: [GC (Allocation Failure) 2018-02-19T14:12:12.425+0000: 52.812: [DefNew: 141933K->7083K(153600K), 0.0145500 secs] 184294K->49444K(494976K), 0.0146056 secs] [Times: user=0.02 sys=0.00, real=0.01 secs] 
2018-02-19T14:12:23.194+0000: 63.581: [GC (Allocation Failure) 2018-02-19T14:12:23.194+0000: 63.581: [DefNew: 143659K->9086K(153600K), 0.0146655 secs] 186020K->51447K(494976K), 0.0147355 secs] [Times: user=0.02 sys=0.00, real=0.02 secs] 
2018-02-19T14:12:33.166+0000: 73.553: [GC (Allocation Failure) 2018-02-19T14:12:33.166+0000: 73.553: [DefNew: 145662K->8982K(153600K), 0.0166121 secs] 188023K->52593K(494976K), 0.0166720 secs] [Times: user=0.01 sys=0.00, real=0.02 secs] 
2018-02-19T14:12:46.161+0000: 86.547: [GC (Allocation Failure) 2018-02-19T14:12:46.161+0000: 86.547: [DefNew: 145558K->8912K(153600K), 0.0155539 secs] 189169K->53822K(494976K), 0.0156153 secs] [Times: user=0.01 sys=0.00, real=0.02 secs] 
2018-02-19T14:13:00.177+0000: 100.563: [GC (Allocation Failure) 2018-02-19T14:13:00.177+0000: 100.563: [DefNew: 145488K->8806K(153600K), 0.0148912 secs] 190398K->55049K(494976K), 0.0149669 secs] [Times: user=0.02 sys=0.00, real=0.02 secs] 
2018-02-19T14:13:14.632+0000: 115.019: [GC (Allocation Failure) 2018-02-19T14:13:14.632+0000: 115.019: [DefNew: 145382K->9372K(153600K), 0.0156135 secs] 191625K->56840K(494976K), 0.0156757 secs] [Times: user=0.02 sys=0.00, real=0.01 secs] 
2018-02-19T14:13:26.517+0000: 126.904: [GC (Allocation Failure) 2018-02-19T14:13:26.517+0000: 126.904: [DefNew: 145948K->8809K(153600K), 0.0170473 secs] 193416K->57880K(494976K), 0.0171102 secs] [Times: user=0.01 sys=0.01, real=0.02 secs] 
2018-02-19T14:13:40.290+0000: 140.676: [GC (Allocation Failure) 2018-02-19T14:13:40.290+0000: 140.676: [DefNew: 145385K->8891K(153600K), 0.0154089 secs] 194456K->59002K(494976K), 0.0154807 secs] [Times: user=0.02 sys=0.00, real=0.01 secs] 
2018-02-19T14:13:55.086+0000: 155.473: [GC (Allocation Failure) 2018-02-19T14:13:55.086+0000: 155.473: [DefNew: 145467K->8965K(153600K), 0.0153978 secs] 195578K->60280K(494976K), 0.0154571 secs] [Times: user=0.02 sys=0.00, real=0.02 secs] 
2018-02-19T14:14:10.348+0000: 170.734: [GC (Allocation Failure) 2018-02-19T14:14:10.348+0000: 170.734: [DefNew: 145541K->8817K(153600K), 0.0159022 secs] 196856K->61561K(494976K), 0.0159694 secs] [Times: user=0.02 sys=0.00, real=0.02 secs] 
2018-02-19T14:14:23.243+0000: 183.629: [GC (Allocation Failure) 2018-02-19T14:14:23.243+0000: 183.629: [DefNew: 145393K->9102K(153600K), 0.0155365 secs] 198137K->63035K(494976K), 0.0155912 secs] [Times: user=0.01 sys=0.00, real=0.01 secs] 
2018-02-19T14:14:37.978+0000: 198.364: [GC (Allocation Failure) 2018-02-19T14:14:37.978+0000: 198.364: [DefNew: 145678K->9344K(153600K), 0.0209606 secs] 199611K->64316K(494976K), 0.0210246 secs] [Times: user=0.01 sys=0.01, real=0.02 secs] 
2018-02-19T14:14:51.503+0000: 211.889: [GC (Allocation Failure) 2018-02-19T14:14:51.503+0000: 211.889: [DefNew: 145920K->9189K(153600K), 0.0157465 secs] 200892K->65283K(494976K), 0.0158037 secs] [Times: user=0.01 sys=0.00, real=0.01 secs] 
2018-02-19T14:15:03.364+0000: 223.750: [GC (Allocation Failure) 2018-02-19T14:15:03.364+0000: 223.750: [DefNew: 145765K->9118K(153600K), 0.0167710 secs] 201859K->66383K(494976K), 0.0168396 secs] [Times: user=0.02 sys=0.00, real=0.01 secs] 
2018-02-19T14:15:16.820+0000: 237.206: [GC (Allocation Failure) 2018-02-19T14:15:16.820+0000: 237.206: [DefNew: 145694K->9627K(153600K), 0.0158227 secs] 202959K->68001K(494976K), 0.0158811 secs] [Times: user=0.01 sys=0.00, real=0.02 secs] 
2018-02-19T14:15:32.710+0000: 253.096: [GC (Allocation Failure) 2018-02-19T14:15:32.710+0000: 253.096: [DefNew: 146203K->9832K(153600K), 0.0174558 secs] 204577K->69332K(494976K), 0.0175285 secs] [Times: user=0.01 sys=0.00, real=0.01 secs] 
2018-02-19T14:15:46.238+0000: 266.625: [GC (Allocation Failure) 2018-02-19T14:15:46.238+0000: 266.625: [DefNew: 146408K->8682K(153600K), 0.0176071 secs] 205908K->70422K(494976K), 0.0176660 secs] [Times: user=0.01 sys=0.00, real=0.02 secs] 
2018-02-19T14:15:58.967+0000: 279.353: [GC (Allocation Failure) 2018-02-19T14:15:58.967+0000: 279.353: [DefNew: 145258K->8800K(153600K), 0.0174188 secs] 206998K->71896K(494976K), 0.0174838 secs] [Times: user=0.02 sys=0.00, real=0.02 secs] 
2018-02-19T14:16:07.660+0000: 288.046: [GC (Allocation Failure) 2018-02-19T14:16:07.660+0000: 288.046: [DefNew: 145376K->8869K(153600K), 0.0150744 secs] 208472K->73115K(494976K), 0.0151621 secs] [Times: user=0.02 sys=0.00, real=0.02 secs] 
2018-02-19T14:16:19.564+0000: 299.951: [GC (Allocation Failure) 2018-02-19T14:16:19.565+0000: 299.951: [DefNew: 145445K->9367K(153600K), 0.0178671 secs] 209691K->74771K(494976K), 0.0179312 secs] [Times: user=0.01 sys=0.00, real=0.02 secs] 
2018-02-19T14:16:32.179+0000: 312.565: [GC (Allocation Failure) 2018-02-19T14:16:32.179+0000: 312.565: [DefNew: 145943K->9799K(153600K), 0.0150972 secs] 211347K->76474K(494976K), 0.0151609 secs] [Times: user=0.02 sys=0.00, real=0.02 secs] 
2018-02-19T14:16:41.232+0000: 321.619: [GC (Allocation Failure) 2018-02-19T14:16:41.232+0000: 321.619: [DefNew: 146375K->8474K(153600K), 0.0157349 secs] 213050K->77730K(494976K), 0.0157920 secs] [Times: user=0.01 sys=0.00, real=0.01 secs] 
2018-02-19T14:16:53.170+0000: 333.556: [GC (Allocation Failure) 2018-02-19T14:16:53.170+0000: 333.556: [DefNew: 145050K->9716K(153600K), 0.0130200 secs] 214306K->78972K(494976K), 0.0131012 secs] [Times: user=0.01 sys=0.00, real=0.01 secs] 
2018-02-19T14:17:07.527+0000: 347.913: [GC (Allocation Failure) 2018-02-19T14:17:07.527+0000: 347.913: [DefNew: 146292K->9338K(153600K), 0.0160011 secs] 215548K->80639K(494976K), 0.0160702 secs] [Times: user=0.02 sys=0.00, real=0.02 secs] 
2018-02-19T14:17:20.196+0000: 360.582: [GC (Allocation Failure) 2018-02-19T14:17:20.196+0000: 360.583: [DefNew: 145914K->9723K(153600K), 0.0154131 secs] 217215K->81964K(494976K), 0.0154837 secs] [Times: user=0.01 sys=0.00, real=0.02 secs] 
2018-02-19T14:17:31.600+0000: 371.987: [GC (Allocation Failure) 2018-02-19T14:17:31.600+0000: 371.987: [DefNew: 146299K->10157K(153600K), 0.0209498 secs] 218540K->83503K(494976K), 0.0210449 secs] [Times: user=0.02 sys=0.00, real=0.03 secs] 
2018-02-19T14:17:45.268+0000: 385.655: [GC (Allocation Failure) 2018-02-19T14:17:45.269+0000: 385.655: [DefNew: 146733K->8710K(153600K), 0.0177274 secs] 220079K->84639K(494976K), 0.0177906 secs] [Times: user=0.01 sys=0.00, real=0.02 secs] 
2018-02-19T14:17:59.814+0000: 400.200: [GC (Allocation Failure) 2018-02-19T14:17:59.814+0000: 400.200: [DefNew: 145286K->9354K(153600K), 0.0179101 secs] 221215K->86824K(494976K), 0.0179856 secs] [Times: user=0.01 sys=0.00, real=0.02 secs] 
2018-02-19T14:18:11.569+0000: 411.955: [GC (Allocation Failure) 2018-02-19T14:18:11.569+0000: 411.955: [DefNew: 145930K->8835K(153600K), 0.0147249 secs] 223400K->87815K(494976K), 0.0148056 secs] [Times: user=0.01 sys=0.00, real=0.02 secs] 
2018-02-19T14:18:23.094+0000: 423.480: [GC (Allocation Failure) 2018-02-19T14:18:23.094+0000: 423.480: [DefNew: 145411K->8955K(153600K), 0.0162878 secs] 224391K->89440K(494976K), 0.0163765 secs] [Times: user=0.02 sys=0.00, real=0.02 secs] 
2018-02-19T14:18:34.941+0000: 435.328: [GC (Allocation Failure) 2018-02-19T14:18:34.941+0000: 435.328: [DefNew: 145531K->9213K(153600K), 0.0163303 secs] 226016K->91134K(494976K), 0.0164186 secs] [Times: user=0.02 sys=0.00, real=0.01 secs] 
2018-02-19T14:18:44.858+0000: 445.244: [GC (Allocation Failure) 2018-02-19T14:18:44.858+0000: 445.244: [DefNew: 145789K->9523K(153600K), 0.0170154 secs] 227710K->92946K(494976K), 0.0170856 secs] [Times: user=0.02 sys=0.00, real=0.02 secs] 
2018-02-19T14:18:59.094+0000: 459.480: [GC (Allocation Failure) 2018-02-19T14:18:59.094+0000: 459.480: [DefNew: 146099K->9400K(153600K), 0.0147738 secs] 229522K->94387K(494976K), 0.0148505 secs] [Times: user=0.01 sys=0.00, real=0.02 secs] 
2018-02-19T14:19:11.143+0000: 471.530: [GC (Allocation Failure) 2018-02-19T14:19:11.143+0000: 471.530: [DefNew: 145976K->9499K(153600K), 0.0163273 secs] 230963K->95893K(494976K), 0.0163880 secs] [Times: user=0.02 sys=0.00, real=0.01 secs] 
2018-02-19T14:19:24.280+0000: 484.666: [GC (Allocation Failure) 2018-02-19T14:19:24.280+0000: 484.666: [DefNew: 146075K->9687K(153600K), 0.0167460 secs] 232469K->97476K(494976K), 0.0168153 secs] [Times: user=0.01 sys=0.00, real=0.02 secs] 
2018-02-19T14:19:35.615+0000: 496.001: [GC (Allocation Failure) 2018-02-19T14:19:35.615+0000: 496.001: [DefNew: 146263K->9531K(153600K), 0.0156978 secs] 234052K->98950K(494976K), 0.0157546 secs] [Times: user=0.01 sys=0.00, real=0.02 secs] 
2018-02-19T14:19:46.964+0000: 507.351: [GC (Allocation Failure) 2018-02-19T14:19:46.965+0000: 507.351: [DefNew: 146107K->9875K(153600K), 0.0271734 secs] 235526K->100621K(494976K), 0.0272433 secs] [Times: user=0.00 sys=0.03, real=0.03 secs] 
2018-02-19T14:19:59.181+0000: 519.567: [GC (Allocation Failure) 2018-02-19T14:19:59.181+0000: 519.567: [DefNew: 146451K->9923K(153600K), 0.0263417 secs] 237197K->102116K(494976K), 0.0264197 secs] [Times: user=0.00 sys=0.02, real=0.03 secs] 
2018-02-19T14:20:11.110+0000: 531.496: [GC (Allocation Failure) 2018-02-19T14:20:11.110+0000: 531.496: [DefNew: 146499K->10052K(153600K), 0.0156540 secs] 238692K->103830K(494976K), 0.0157252 secs] [Times: user=0.01 sys=0.00, real=0.01 secs] 
14:20:12.839 [Client] INFO  c.s.f.r.e.s.SocketRear  - FlameSocketGraphDeployerRear@172.31.42.36: has been disconnected from Connection 6
14:20:25.994 [worker-akka.actor.default-dispatcher-2] INFO  a.a.CoordinatedShutdown CoordinatedShutdown(akka://worker) - Starting coordinated shutdown from JVM shutdown hook
14:20:26.036 [worker-akka.actor.default-dispatcher-2] INFO  a.a.LocalActorRef akka://worker/user/watcher/graph0000000000/negotiator - Stopped
14:20:26.036 [worker-akka.actor.default-dispatcher-2] INFO  a.a.LocalActorRef akka://worker/user/watcher/graph0000000000/edge/FlameSocketGraphDeployerFront - Stopped
14:20:26.038 [worker-akka.actor.default-dispatcher-2] INFO  a.a.LocalActorRef akka://worker/user/watcher/graph0000000000/edge/FlameSocketGraphDeployerRear - Stopped
14:20:26.038 [worker-akka.actor.default-dispatcher-2] INFO  a.a.LocalActorRef akka://worker/user/watcher/graph0000000000/graph/$a - Stopped
14:20:26.044 [worker-akka.actor.default-dispatcher-2] INFO  a.a.LocalActorRef akka://worker/user/watcher/graph0000000000/graph/$b - Stopped
14:20:26.045 [worker-akka.actor.default-dispatcher-2] INFO  a.a.LocalActorRef akka://worker/user/watcher/graph0000000000/graph/$c - Stopped
14:20:26.046 [worker-akka.actor.default-dispatcher-2] INFO  a.a.LocalActorRef akka://worker/user/watcher/graph0000000000/graph/local-acker/$a - Stopped
14:20:26.052 [worker-akka.actor.default-dispatcher-2] INFO  a.a.LocalActorRef akka://worker/user/watcher/graph0000000000/graph/local-acker/$a - Message [com.spbsu.flamestream.runtime.utils.akka.PingActor$InnerPing] from Actor[akka://worker/user/watcher/graph0000000000/graph/local-acker/$a#-646067116] to Actor[akka://worker/user/watcher/graph0000000000/graph/local-acker/$a#-646067116] was not delivered. [1] dead letters encountered. This logging can be turned off or adjusted with configuration settings 'akka.log-dead-letters' and 'akka.log-dead-letters-during-shutdown'.
14:20:26.053 [worker-akka.actor.default-dispatcher-2] INFO  a.a.LocalActorRef akka://worker/user/watcher/graph0000000000/edge - Stopped
14:20:26.054 [worker-akka.actor.default-dispatcher-2] INFO  a.a.LocalActorRef akka://worker/user/watcher/graph0000000000/graph/local-acker - Stopped
14:20:26.054 [worker-akka.actor.default-dispatcher-2] INFO  a.a.LocalActorRef akka://worker/user/watcher/graph0000000000/graph - Stopped
14:20:26.057 [worker-akka.actor.default-dispatcher-2] INFO  a.a.LocalActorRef akka://worker/user/watcher/graph0000000000 - Stopped
14:20:26.059 [worker-akka.actor.default-dispatcher-2] INFO  a.a.LocalActorRef akka://worker/user/watcher/graph0000000000/graph/local-acker/$a - Message [com.spbsu.flamestream.runtime.utils.akka.PingActor$Stop] from Actor[akka://worker/user/watcher/graph0000000000/graph/local-acker#912452083] to Actor[akka://worker/user/watcher/graph0000000000/graph/local-acker/$a#-646067116] was not delivered. [2] dead letters encountered. This logging can be turned off or adjusted with configuration settings 'akka.log-dead-letters' and 'akka.log-dead-letters-during-shutdown'.
14:20:26.059 [worker-akka.actor.default-dispatcher-2] INFO  a.a.LocalActorRef akka://worker/user/watcher/graph0000000000/graph/local-acker - Message [com.spbsu.flamestream.runtime.acker.LocalAcker$Flush] from Actor[akka://worker/user/watcher/graph0000000000/graph/local-acker#912452083] to Actor[akka://worker/user/watcher/graph0000000000/graph/local-acker#912452083] was not delivered. [3] dead letters encountered. This logging can be turned off or adjusted with configuration settings 'akka.log-dead-letters' and 'akka.log-dead-letters-during-shutdown'.
14:20:26.060 [worker-akka.actor.default-dispatcher-2] INFO  a.a.LocalActorRef akka://worker/user/watcher/graph0000000000/graph/local-acker - Message [com.spbsu.flamestream.runtime.acker.LocalAcker$Flush] from Actor[akka://worker/user/watcher/graph0000000000/graph/local-acker#912452083] to Actor[akka://worker/user/watcher/graph0000000000/graph/local-acker#912452083] was not delivered. [4] dead letters encountered. This logging can be turned off or adjusted with configuration settings 'akka.log-dead-letters' and 'akka.log-dead-letters-during-shutdown'.
14:20:26.060 [worker-akka.actor.default-dispatcher-2] INFO  a.a.LocalActorRef akka://worker/user/watcher/graph0000000000/graph/local-acker - Message [com.spbsu.flamestream.runtime.acker.LocalAcker$Flush] from Actor[akka://worker/user/watcher/graph0000000000/graph/local-acker#912452083] to Actor[akka://worker/user/watcher/graph0000000000/graph/local-acker#912452083] was not delivered. [5] dead letters encountered. This logging can be turned off or adjusted with configuration settings 'akka.log-dead-letters' and 'akka.log-dead-letters-during-shutdown'.
14:20:26.061 [worker-akka.actor.default-dispatcher-2] INFO  a.a.LocalActorRef akka://worker/user/watcher/graph0000000000/graph/local-acker - Message [com.spbsu.flamestream.runtime.acker.LocalAcker$Flush] from Actor[akka://worker/user/watcher/graph0000000000/graph/local-acker#912452083] to Actor[akka://worker/user/watcher/graph0000000000/graph/local-acker#912452083] was not delivered. [6] dead letters encountered. This logging can be turned off or adjusted with configuration settings 'akka.log-dead-letters' and 'akka.log-dead-letters-during-shutdown'.
14:20:26.061 [worker-akka.actor.default-dispatcher-2] INFO  a.a.LocalActorRef akka://worker/user/watcher/graph0000000000/graph/local-acker - Message [com.spbsu.flamestream.runtime.acker.LocalAcker$Flush] from Actor[akka://worker/user/watcher/graph0000000000/graph/local-acker#912452083] to Actor[akka://worker/user/watcher/graph0000000000/graph/local-acker#912452083] was not delivered. [7] dead letters encountered. This logging can be turned off or adjusted with configuration settings 'akka.log-dead-letters' and 'akka.log-dead-letters-during-shutdown'.
14:20:26.062 [worker-akka.actor.default-dispatcher-2] INFO  a.a.LocalActorRef akka://worker/user/watcher/graph0000000000/graph/local-acker - Message [com.spbsu.flamestream.runtime.acker.LocalAcker$Flush] from Actor[akka://worker/user/watcher/graph0000000000/graph/local-acker#912452083] to Actor[akka://worker/user/watcher/graph0000000000/graph/local-acker#912452083] was not delivered. [8] dead letters encountered. This logging can be turned off or adjusted with configuration settings 'akka.log-dead-letters' and 'akka.log-dead-letters-during-shutdown'.
14:20:26.062 [worker-akka.actor.default-dispatcher-2] INFO  a.a.LocalActorRef akka://worker/user/watcher/graph0000000000/graph/local-acker - Message [com.spbsu.flamestream.runtime.acker.LocalAcker$Flush] from Actor[akka://worker/user/watcher/graph0000000000/graph/local-acker#912452083] to Actor[akka://worker/user/watcher/graph0000000000/graph/local-acker#912452083] was not delivered. [9] dead letters encountered. This logging can be turned off or adjusted with configuration settings 'akka.log-dead-letters' and 'akka.log-dead-letters-during-shutdown'.
14:20:26.062 [worker-akka.actor.default-dispatcher-2] INFO  a.a.LocalActorRef akka://worker/user/watcher/graph0000000000/graph/local-acker - Message [com.spbsu.flamestream.runtime.acker.LocalAcker$Flush] from Actor[akka://worker/user/watcher/graph0000000000/graph/local-acker#912452083] to Actor[akka://worker/user/watcher/graph0000000000/graph/local-acker#912452083] was not delivered. [10] dead letters encountered. This logging can be turned off or adjusted with configuration settings 'akka.log-dead-letters' and 'akka.log-dead-letters-during-shutdown'.
14:20:26.066 [worker-akka.actor.default-dispatcher-2-EventThread] INFO  o.a.z.ClientCnxn  - EventThread shut down for session: 0x161ae66be2d0004
14:20:26.066 [worker-akka.actor.default-dispatcher-2] INFO  o.a.z.ZooKeeper  - Session: 0x161ae66be2d0004 closed
14:20:26.067 [worker-akka.actor.default-dispatcher-2] INFO  a.a.RepointableActorRef akka://worker/user/watcher - Stopped
14:20:26.088 [worker-akka.actor.default-dispatcher-2] INFO  a.r.RemoteActorRefProvider$RemotingTerminator akka://worker@172.31.42.36:5412/system/remoting-terminator - Shutting down remote daemon.
14:20:26.090 [worker-akka.actor.default-dispatcher-2] INFO  a.r.RemoteActorRefProvider$RemotingTerminator akka://worker@172.31.42.36:5412/system/remoting-terminator - Remote daemon shut down; proceeding with flushing remote transports.
14:20:27.216 [worker-akka.actor.default-dispatcher-2] INFO  a.r.RemoteActorRefProvider$RemotingTerminator akka://worker@172.31.42.36:5412/system/remoting-terminator - Remoting shut down.
Heap
 def new generation   total 153600K, used 41569K [0x00000000e0c00000, 0x00000000eb2a0000, 0x00000000eb2a0000)
  eden space 136576K,  23% used [0x00000000e0c00000, 0x00000000e2ac7488, 0x00000000e9160000)
  from space 17024K,  59% used [0x00000000e9160000, 0x00000000e9b31028, 0x00000000ea200000)
  to   space 17024K,   0% used [0x00000000ea200000, 0x00000000ea200000, 0x00000000eb2a0000)
 tenured generation   total 341376K, used 93778K [0x00000000eb2a0000, 0x0000000100000000, 0x0000000100000000)
   the space 341376K,  27% used [0x00000000eb2a0000, 0x00000000f0e348d0, 0x00000000f0e34a00, 0x0000000100000000)
 Metaspace       used 33452K, capacity 34234K, committed 34432K, reserved 1079296K
  class space    used 4457K, capacity 4624K, committed 4736K, reserved 1048576K
