12:13:12.602 [worker-akka.actor.default-dispatcher-2] INFO  a.e.s.Slf4jLogger  - Slf4jLogger started
2018-02-21T12:13:12.764+0000: 1.898: [Full GC (Metadata GC Threshold) 2018-02-21T12:13:12.764+0000: 1.898: [Tenured: 0K->15491K(341376K), 0.0377120 secs] 117538K->15491K(494976K), [Metaspace: 20926K->20926K(1067008K)], 0.0377785 secs] [Times: user=0.03 sys=0.00, real=0.04 secs] 
Ama winner
Ama winner
12:13:13.129 [worker-akka.actor.default-dispatcher-2] INFO  a.r.a.ArteryTransport(akka://worker) akka.remote.artery.ArteryTransport(akka://worker) - Started embedded media driver in directory [/dev/shm/aeron-root-worker-b1a8adf2-67d9-40d7-ab17-82af5c68fb71]
12:13:13.352 [worker-akka.actor.default-dispatcher-2] INFO  a.r.a.ArteryTransport(akka://worker) akka.remote.artery.ArteryTransport(akka://worker) - Remoting started; listening on address: [akka://worker@172.31.47.83:5412] with UID [7737168940852765964]
12:13:13.452 [worker-akka.actor.default-dispatcher-2] INFO  o.a.z.ZooKeeper  - Client environment:zookeeper.version=3.4.9-1757313, built on 08/23/2016 06:50 GMT
12:13:13.452 [worker-akka.actor.default-dispatcher-2] INFO  o.a.z.ZooKeeper  - Client environment:host.name=ip-172-31-47-83.us-east-2.compute.internal
12:13:13.452 [worker-akka.actor.default-dispatcher-2] INFO  o.a.z.ZooKeeper  - Client environment:java.version=1.8.0_151
12:13:13.453 [worker-akka.actor.default-dispatcher-2] INFO  o.a.z.ZooKeeper  - Client environment:java.vendor=Oracle Corporation
12:13:13.453 [worker-akka.actor.default-dispatcher-2] INFO  o.a.z.ZooKeeper  - Client environment:java.home=/usr/lib/jvm/java-8-openjdk-amd64/jre
12:13:13.453 [worker-akka.actor.default-dispatcher-2] INFO  o.a.z.ZooKeeper  - Client environment:java.class.path=lib/commons-cli-1.4.jar:lib/minlog-1.3.0.jar:lib/asm-5.0.4.jar:lib/hadoop-annotations-2.7.3.jar:lib/hadoop-auth-2.7.3.jar:lib/akka-slf4j_2.11-2.5.6.jar:lib/jersey-core-1.9.jar:lib/lz4-1.3.0.jar:lib/jackson-core-asl-1.9.13.jar:lib/aeron-client-1.3.0.jar:lib/htrace-core-3.1.0-incubating.jar:lib/xz-1.0.jar:lib/commons-httpclient-3.1.jar:lib/asm-3.1.jar:lib/commons-lang3-3.4.jar:lib/scala-library-2.11.11.jar:lib/scala-java8-compat_2.11-0.7.0.jar:lib/commons-configuration-1.6.jar:lib/objenesis-2.1.jar:lib/jackson-annotations-2.8.0.jar:lib/jsr305-3.0.0.jar:lib/curator-framework-2.7.1.jar:lib/jersey-server-1.9.jar:lib/jets3t-0.9.0.jar:lib/leveldb-0.7.jar:lib/jetty-6.1.26.jar:lib/stax-api-1.0-2.jar:lib/flamestream-core-1.0-SNAPSHOT.jar:lib/reflectasm-1.07-shaded.jar:lib/apacheds-kerberos-codec-2.0.0-M15.jar:lib/api-asn1-api-1.0.0-M20.jar:lib/commons-lang-2.6.jar:lib/commons-beanutils-1.7.0.jar:lib/jackson-xc-1.8.3.jar:lib/jetty-util-6.1.26.jar:lib/logback-classic-1.2.3.jar:lib/jool-0.9.12.jar:lib/flamestream-runtime-1.0-SNAPSHOT-tests.jar:lib/httpcore-4.1.2.jar:lib/kryo-4.0.0.jar:lib/ant-1.8.1.jar:lib/jaxb-impl-2.2.3-1.jar:lib/jersey-json-1.9.jar:lib/commons-compress-1.4.1.jar:lib/leveldbjni-all-1.8.jar:lib/paranamer-2.3.jar:lib/jackson-core-2.8.4.jar:lib/commons-math3-3.6.1.jar:lib/scala-parser-combinators_2.11-1.0.4.jar:lib/netty-3.10.6.Final.jar:lib/trove4j-3.0.3.jar:lib/jaxb-api-2.2.2.jar:lib/logback-core-1.2.3.jar:lib/snappy-java-1.0.4.1.jar:lib/protobuf-java-2.5.0.jar:lib/reactive-streams-1.0.1.jar:lib/flamestream-examples-1.0-SNAPSHOT.jar:lib/commons-codec-1.4.jar:lib/activation-1.1.jar:lib/commons-net-3.1.jar:lib/curator-recipes-2.7.1.jar:lib/jackson-mapper-asl-1.9.13.jar:lib/jackson-databind-2.8.4.jar:lib/flamestream-runtime-1.0-SNAPSHOT.jar:lib/jackson-jaxrs-1.8.3.jar:lib/slf4j-api-1.7.24.jar:lib/akka-remote_2.11-2.5.6.jar:lib/akka-testkit_2.11-2.5.6.jar:lib/jline-0.9.94.jar:lib/akka-stream_2.11-2.5.6.jar:lib/jsp-api-2.1.jar:lib/kryonet-2.21.jar:lib/akka-kryo-serialization_2.11-0.5.0.jar:lib/config-1.3.1.jar:lib/ant-launcher-1.8.1.jar:lib/commons-logging-1.2.jar:lib/ssl-config-core_2.11-0.2.2.jar:lib/testng-6.10.jar:lib/leveldb-api-0.7.jar:lib/reflectasm-1.11.3.jar:lib/jcommander-1.48.jar:lib/commons-1.1.jar:lib/commons-digester-1.8.jar:lib/minlog-1.2.jar:lib/java-xmlbuilder-0.4.jar:lib/jettison-1.1.jar:lib/gson-2.2.4.jar:lib/jdk.tools-1.8.jar:lib/aeron-driver-1.3.0.jar:lib/zookeeper-3.4.9.jar:lib/commons-beanutils-core-1.8.0.jar:lib/commons-math3-3.1.1.jar:lib/akka-actor_2.11-2.5.6.jar:lib/curator-client-2.7.1.jar:lib/servlet-api-2.5.jar:lib/apacheds-i18n-2.0.0-M15.jar:lib/commons-io-2.4.jar:lib/commons-codec-1.6.jar:lib/akka-protobuf_2.11-2.5.6.jar:lib/protobuf-java-3.5.1.jar:lib/jdom-2.0.2.jar:lib/api-util-1.0.0-M20.jar:lib/hadoop-common-2.7.3.jar:lib/agrona-0.9.6.jar:lib/xmlenc-0.52.jar:lib/guava-21.0.jar:lib/commons-collections-3.2.2.jar:lib/avro-1.7.4.jar:lib/httpclient-4.1.2.jar:lib/flamestream-core-1.0-SNAPSHOT-tests.jar:lib/annotations-12.0.jar:lib/jsch-0.1.42.jar:flamestream-runtime-1.0-SNAPSHOT.jar
12:13:13.453 [worker-akka.actor.default-dispatcher-2] INFO  o.a.z.ZooKeeper  - Client environment:java.library.path=/usr/java/packages/lib/amd64:/usr/lib/x86_64-linux-gnu/jni:/lib/x86_64-linux-gnu:/usr/lib/x86_64-linux-gnu:/usr/lib/jni:/lib:/usr/lib
12:13:13.453 [worker-akka.actor.default-dispatcher-2] INFO  o.a.z.ZooKeeper  - Client environment:java.io.tmpdir=/tmp
12:13:13.453 [worker-akka.actor.default-dispatcher-2] INFO  o.a.z.ZooKeeper  - Client environment:java.compiler=<NA>
12:13:13.453 [worker-akka.actor.default-dispatcher-2] INFO  o.a.z.ZooKeeper  - Client environment:os.name=Linux
12:13:13.453 [worker-akka.actor.default-dispatcher-2] INFO  o.a.z.ZooKeeper  - Client environment:os.arch=amd64
12:13:13.453 [worker-akka.actor.default-dispatcher-2] INFO  o.a.z.ZooKeeper  - Client environment:os.version=4.4.0-1049-aws
12:13:13.453 [worker-akka.actor.default-dispatcher-2] INFO  o.a.z.ZooKeeper  - Client environment:user.name=root
12:13:13.454 [worker-akka.actor.default-dispatcher-2] INFO  o.a.z.ZooKeeper  - Client environment:user.home=/root
12:13:13.455 [worker-akka.actor.default-dispatcher-2] INFO  o.a.z.ZooKeeper  - Client environment:user.dir=/opt/flamestream
12:13:13.457 [worker-akka.actor.default-dispatcher-2] INFO  o.a.z.ZooKeeper  - Initiating client connection, connectString=172.31.34.147:2181 sessionTimeout=5000 watcher=com.spbsu.flamestream.runtime.application.LifecycleWatcher$$Lambda$29/764839090@3d5d5f13
12:13:13.492 [worker-akka.actor.default-dispatcher-2] INFO  a.a.RepointableActorRef akka://worker/user/watcher - Starting...
12:13:13.494 [worker-akka.actor.default-dispatcher-2-SendThread(172.31.34.147:2181)] INFO  o.a.z.ClientCnxn  - Opening socket connection to server 172.31.34.147/172.31.34.147:2181. Will not attempt to authenticate using SASL (unknown error)
12:13:13.499 [worker-akka.actor.default-dispatcher-2-SendThread(172.31.34.147:2181)] INFO  o.a.z.ClientCnxn  - Socket connection established to 172.31.34.147/172.31.34.147:2181, initiating session
12:13:13.508 [worker-akka.actor.default-dispatcher-2-SendThread(172.31.34.147:2181)] INFO  o.a.z.ClientCnxn  - Session establishment complete on server 172.31.34.147/172.31.34.147:2181, sessionid = 0x161b84784c50005, negotiated timeout = 6000
12:13:13.606 [worker-akka.actor.default-dispatcher-2] INFO  a.a.RepointableActorRef akka://worker/user/watcher - Connected to ZK
12:13:21.536 [worker-akka.actor.default-dispatcher-2] INFO  a.a.RepointableActorRef akka://worker/user/watcher - Creating node with watchGraphs: 'com.spbsu.flamestream.core.Graph$Builder$MyGraph@cf23589', config: 'ClusterConfig{paths={172.31.33.155=akka://worker@172.31.33.155:5412/user/watcher/graph0000000000, 172.31.47.83=akka://worker@172.31.47.83:5412/user/watcher/graph0000000000, 172.31.39.64=akka://worker@172.31.39.64:5412/user/watcher/graph0000000000, 172.31.35.79=akka://worker@172.31.35.79:5412/user/watcher/graph0000000000, 172.31.47.100=akka://worker@172.31.47.100:5412/user/watcher/graph0000000000, 172.31.37.101=akka://worker@172.31.37.101:5412/user/watcher/graph0000000000}, ackerLocation='172.31.35.79', props=ComputationLayout{ranges={172.31.33.155=HashRange{from=-1288490189, to=-429496730}, 172.31.47.83=HashRange{from=429496729, to=1288490188}, 172.31.39.64=HashRange{from=1288490188, to=2147483647}, 172.31.35.79=HashRange{from=0, to=0}, 172.31.47.100=HashRange{from=-2147483648, to=-1288490189}, 172.31.37.101=HashRange{from=-429496730, to=429496729}}}}'
12:13:22.177 [worker-akka.actor.default-dispatcher-2] INFO  a.a.LocalActorRef akka://worker/user/watcher/graph0000000000/graph - Starting...
12:13:22.177 [worker-akka.actor.default-dispatcher-2] INFO  a.a.LocalActorRef akka://worker/user/watcher/graph0000000000/graph/local-acker/$a - Starting...
12:13:22.187 [worker-akka.actor.default-dispatcher-2] INFO  a.a.LocalActorRef akka://worker/user/watcher/graph0000000000/graph/local-acker - Starting...
12:13:22.804 [worker-akka.actor.default-dispatcher-2] INFO  a.a.LocalActorRef akka://worker/user/watcher/graph0000000000/graph - Finishing constructor
12:13:22.807 [worker-akka.actor.default-dispatcher-2] INFO  a.a.LocalActorRef akka://worker/user/watcher/graph0000000000 - Starting...
12:13:22.870 [worker-akka.actor.default-dispatcher-2] INFO  a.a.LocalActorRef akka://worker/user/watcher/graph0000000000/negotiator - Starting...
12:13:22.872 [worker-akka.actor.default-dispatcher-2] INFO  a.a.LocalActorRef akka://worker/user/watcher/graph0000000000/edge - Starting...
12:13:22.872 [worker-akka.actor.default-dispatcher-2] INFO  a.a.LocalActorRef akka://worker/user/watcher/graph0000000000/graph/$a - Starting...
12:13:22.874 [worker-akka.actor.default-dispatcher-2] INFO  a.a.LocalActorRef akka://worker/user/watcher/graph0000000000/graph/$b - Starting...
12:13:22.874 [worker-akka.actor.default-dispatcher-2] INFO  a.a.LocalActorRef akka://worker/user/watcher/graph0000000000/graph/$c - Starting...
12:13:22.900 [worker-akka.actor.default-dispatcher-2] INFO  c.s.f.r.e.s.SocketRear  - FlameSocketGraphDeployerRear@172.31.47.83: connecting to 172.31.34.147:5678
12:13:22.907 [worker-akka.actor.default-dispatcher-2] INFO  c.s.f.r.e.s.SocketRear  - FlameSocketGraphDeployerRear@172.31.47.83: connected to 172.31.34.147:5678
12:13:22.935 [worker-akka.actor.default-dispatcher-2] INFO  a.a.LocalActorRef akka://worker/user/watcher/graph0000000000/edge/FlameSocketGraphDeployerRear - Starting...
12:13:22.937 [worker-akka.actor.default-dispatcher-2] INFO  a.a.LocalActorRef akka://worker/user/watcher/graph0000000000/edge/FlameSocketGraphDeployerFront - Starting...
12:13:22.946 [worker-akka.actor.default-dispatcher-2] INFO  a.a.LocalActorRef akka://worker/user/watcher/graph0000000000/negotiator - Requesting ticket for the frontClass FlameSocketGraphDeployerFront@172.31.47.83
12:13:22.948 [worker-akka.actor.default-dispatcher-2] INFO  a.a.LocalActorRef akka://worker/user/watcher/graph0000000000/negotiator - Ticket for the frontClass received: FrontTicket{allowedTimestamp=(1519215201547, FlameSocketGraphDeployerFront@172.31.47.83)}
12:13:22.950 [worker-akka.actor.default-dispatcher-2] INFO  c.s.f.r.e.s.SocketFront  - FlameSocketGraphDeployerFront@172.31.47.83: connecting to 172.31.34.147:4567
12:13:22.970 [Client] INFO  c.s.f.r.e.s.SocketFront  - FlameSocketGraphDeployerFront@172.31.47.83 has been disconnected from Connection 3
2018-02-21T12:13:27.085+0000: 16.219: [GC (Allocation Failure) 2018-02-21T12:13:27.085+0000: 16.219: [DefNew: 136576K->17023K(153600K), 0.0342161 secs] 152067K->52272K(494976K), 0.0342755 secs] [Times: user=0.03 sys=0.00, real=0.03 secs] 
2018-02-21T12:13:34.074+0000: 23.208: [GC (Allocation Failure) 2018-02-21T12:13:34.074+0000: 23.208: [DefNew: 153599K->4277K(153600K), 0.0412646 secs] 188848K->48826K(494976K), 0.0413276 secs] [Times: user=0.04 sys=0.00, real=0.04 secs] 
2018-02-21T12:13:45.719+0000: 34.853: [GC (Allocation Failure) 2018-02-21T12:13:45.719+0000: 34.853: [DefNew: 140853K->6985K(153600K), 0.0155105 secs] 185402K->51534K(494976K), 0.0155793 secs] [Times: user=0.02 sys=0.00, real=0.01 secs] 
2018-02-21T12:13:58.773+0000: 47.907: [GC (Allocation Failure) 2018-02-21T12:13:58.773+0000: 47.907: [DefNew: 143561K->9067K(153600K), 0.0175246 secs] 188110K->53616K(494976K), 0.0175875 secs] [Times: user=0.01 sys=0.00, real=0.02 secs] 
2018-02-21T12:14:07.224+0000: 56.358: [GC (Allocation Failure) 2018-02-21T12:14:07.224+0000: 56.358: [DefNew: 145643K->9764K(153600K), 0.0196102 secs] 190192K->56206K(494976K), 0.0196706 secs] [Times: user=0.02 sys=0.00, real=0.02 secs] 
2018-02-21T12:14:18.538+0000: 67.672: [GC (Allocation Failure) 2018-02-21T12:14:18.538+0000: 67.672: [DefNew: 146340K->9699K(153600K), 0.0215796 secs] 192782K->57981K(494976K), 0.0216402 secs] [Times: user=0.02 sys=0.00, real=0.03 secs] 
2018-02-21T12:14:29.094+0000: 78.228: [GC (Allocation Failure) 2018-02-21T12:14:29.094+0000: 78.228: [DefNew: 146275K->9523K(153600K), 0.0194784 secs] 194557K->59623K(494976K), 0.0195401 secs] [Times: user=0.02 sys=0.00, real=0.02 secs] 
2018-02-21T12:14:36.170+0000: 85.303: [GC (Allocation Failure) 2018-02-21T12:14:36.170+0000: 85.304: [DefNew: 146099K->9927K(153600K), 0.0197462 secs] 196199K->61761K(494976K), 0.0198095 secs] [Times: user=0.02 sys=0.00, real=0.02 secs] 
2018-02-21T12:14:47.009+0000: 96.143: [GC (Allocation Failure) 2018-02-21T12:14:47.010+0000: 96.143: [DefNew: 146503K->9697K(153600K), 0.0198105 secs] 198337K->63678K(494976K), 0.0198748 secs] [Times: user=0.02 sys=0.00, real=0.02 secs] 
2018-02-21T12:14:56.386+0000: 105.520: [GC (Allocation Failure) 2018-02-21T12:14:56.386+0000: 105.520: [DefNew: 146273K->9071K(153600K), 0.0190870 secs] 200254K->64863K(494976K), 0.0191802 secs] [Times: user=0.02 sys=0.00, real=0.02 secs] 
2018-02-21T12:15:06.353+0000: 115.487: [GC (Allocation Failure) 2018-02-21T12:15:06.353+0000: 115.487: [DefNew: 145647K->8854K(153600K), 0.0186892 secs] 201439K->66519K(494976K), 0.0187527 secs] [Times: user=0.02 sys=0.00, real=0.02 secs] 
2018-02-21T12:15:19.195+0000: 128.329: [GC (Allocation Failure) 2018-02-21T12:15:19.195+0000: 128.329: [DefNew: 145430K->9111K(153600K), 0.0193070 secs] 203095K->68434K(494976K), 0.0193736 secs] [Times: user=0.01 sys=0.00, real=0.02 secs] 
2018-02-21T12:15:32.093+0000: 141.227: [GC (Allocation Failure) 2018-02-21T12:15:32.093+0000: 141.227: [DefNew: 145687K->9381K(153600K), 0.0193324 secs] 205010K->70187K(494976K), 0.0193997 secs] [Times: user=0.02 sys=0.00, real=0.02 secs] 
2018-02-21T12:15:44.184+0000: 153.318: [GC (Allocation Failure) 2018-02-21T12:15:44.184+0000: 153.318: [DefNew: 145957K->9620K(153600K), 0.0183573 secs] 206763K->71848K(494976K), 0.0184166 secs] [Times: user=0.02 sys=0.00, real=0.02 secs] 
2018-02-21T12:15:54.452+0000: 163.586: [GC (Allocation Failure) 2018-02-21T12:15:54.452+0000: 163.586: [DefNew: 146196K->10722K(153600K), 0.0201387 secs] 208424K->74666K(494976K), 0.0202041 secs] [Times: user=0.02 sys=0.00, real=0.02 secs] 
2018-02-21T12:16:04.516+0000: 173.650: [GC (Allocation Failure) 2018-02-21T12:16:04.516+0000: 173.650: [DefNew: 147298K->8952K(153600K), 0.0201957 secs] 211242K->76150K(494976K), 0.0202576 secs] [Times: user=0.02 sys=0.00, real=0.02 secs] 
2018-02-21T12:16:16.041+0000: 185.175: [GC (Allocation Failure) 2018-02-21T12:16:16.041+0000: 185.175: [DefNew: 145528K->7735K(153600K), 0.0182020 secs] 212726K->77707K(494976K), 0.0182634 secs] [Times: user=0.02 sys=0.00, real=0.01 secs] 
2018-02-21T12:16:30.175+0000: 199.309: [GC (Allocation Failure) 2018-02-21T12:16:30.175+0000: 199.309: [DefNew: 144311K->9695K(153600K), 0.0168662 secs] 214283K->79667K(494976K), 0.0169394 secs] [Times: user=0.01 sys=0.00, real=0.02 secs] 
2018-02-21T12:16:41.858+0000: 210.992: [GC (Allocation Failure) 2018-02-21T12:16:41.858+0000: 210.992: [DefNew: 146271K->10272K(153600K), 0.0197209 secs] 216243K->81751K(494976K), 0.0197840 secs] [Times: user=0.02 sys=0.00, real=0.02 secs] 
2018-02-21T12:16:52.208+0000: 221.342: [GC (Allocation Failure) 2018-02-21T12:16:52.208+0000: 221.342: [DefNew: 146848K->10300K(153600K), 0.0190207 secs] 218327K->83363K(494976K), 0.0190792 secs] [Times: user=0.02 sys=0.00, real=0.02 secs] 
2018-02-21T12:17:04.957+0000: 234.091: [GC (Allocation Failure) 2018-02-21T12:17:04.957+0000: 234.091: [DefNew: 146876K->8912K(153600K), 0.0203993 secs] 219939K->85407K(494976K), 0.0204618 secs] [Times: user=0.02 sys=0.00, real=0.02 secs] 
2018-02-21T12:17:14.079+0000: 243.213: [GC (Allocation Failure) 2018-02-21T12:17:14.079+0000: 243.213: [DefNew: 145488K->8722K(153600K), 0.0181628 secs] 221983K->86947K(494976K), 0.0182321 secs] [Times: user=0.02 sys=0.00, real=0.02 secs] 
2018-02-21T12:17:25.920+0000: 255.054: [GC (Allocation Failure) 2018-02-21T12:17:25.920+0000: 255.054: [DefNew: 145298K->9322K(153600K), 0.0190891 secs] 223523K->89431K(494976K), 0.0191518 secs] [Times: user=0.02 sys=0.00, real=0.02 secs] 
2018-02-21T12:17:36.927+0000: 266.061: [GC (Allocation Failure) 2018-02-21T12:17:36.927+0000: 266.061: [DefNew: 145898K->8846K(153600K), 0.0179502 secs] 226007K->90623K(494976K), 0.0180201 secs] [Times: user=0.01 sys=0.00, real=0.01 secs] 
2018-02-21T12:17:49.386+0000: 278.519: [GC (Allocation Failure) 2018-02-21T12:17:49.386+0000: 278.519: [DefNew: 145422K->9076K(153600K), 0.0185456 secs] 227199K->92623K(494976K), 0.0186120 secs] [Times: user=0.02 sys=0.00, real=0.02 secs] 
2018-02-21T12:17:59.255+0000: 288.389: [GC (Allocation Failure) 2018-02-21T12:17:59.255+0000: 288.389: [DefNew: 145652K->9435K(153600K), 0.0184578 secs] 229199K->94724K(494976K), 0.0185303 secs] [Times: user=0.02 sys=0.00, real=0.02 secs] 
2018-02-21T12:18:09.470+0000: 298.604: [GC (Allocation Failure) 2018-02-21T12:18:09.470+0000: 298.604: [DefNew: 146011K->9999K(153600K), 0.0189024 secs] 231300K->97009K(494976K), 0.0189657 secs] [Times: user=0.02 sys=0.00, real=0.02 secs] 
2018-02-21T12:18:22.402+0000: 311.536: [GC (Allocation Failure) 2018-02-21T12:18:22.402+0000: 311.536: [DefNew: 146575K->9855K(153600K), 0.0194122 secs] 233585K->98683K(494976K), 0.0194795 secs] [Times: user=0.01 sys=0.00, real=0.02 secs] 
2018-02-21T12:18:31.789+0000: 320.923: [GC (Allocation Failure) 2018-02-21T12:18:31.789+0000: 320.923: [DefNew: 146431K->10373K(153600K), 0.0196090 secs] 235259K->100957K(494976K), 0.0196926 secs] [Times: user=0.02 sys=0.00, real=0.02 secs] 
2018-02-21T12:18:44.977+0000: 334.110: [GC (Allocation Failure) 2018-02-21T12:18:44.977+0000: 334.110: [DefNew: 146949K->9923K(153600K), 0.0187439 secs] 237533K->102478K(494976K), 0.0188168 secs] [Times: user=0.02 sys=0.00, real=0.02 secs] 
2018-02-21T12:18:57.973+0000: 347.107: [GC (Allocation Failure) 2018-02-21T12:18:57.973+0000: 347.107: [DefNew: 146499K->9787K(153600K), 0.0190711 secs] 239054K->104491K(494976K), 0.0191413 secs] [Times: user=0.02 sys=0.00, real=0.02 secs] 
2018-02-21T12:19:09.355+0000: 358.489: [GC (Allocation Failure) 2018-02-21T12:19:09.355+0000: 358.489: [DefNew: 146363K->10209K(153600K), 0.0193666 secs] 241067K->106601K(494976K), 0.0194292 secs] [Times: user=0.02 sys=0.00, real=0.02 secs] 
2018-02-21T12:19:19.524+0000: 368.658: [GC (Allocation Failure) 2018-02-21T12:19:19.524+0000: 368.658: [DefNew: 146785K->10552K(153600K), 0.0187702 secs] 243177K->108672K(494976K), 0.0188363 secs] [Times: user=0.02 sys=0.00, real=0.02 secs] 
2018-02-21T12:19:28.642+0000: 377.776: [GC (Allocation Failure) 2018-02-21T12:19:28.642+0000: 377.776: [DefNew: 147128K->10244K(153600K), 0.0189229 secs] 245248K->110252K(494976K), 0.0189875 secs] [Times: user=0.02 sys=0.00, real=0.02 secs] 
2018-02-21T12:19:37.886+0000: 387.020: [GC (Allocation Failure) 2018-02-21T12:19:37.886+0000: 387.020: [DefNew: 146820K->10494K(153600K), 0.0193777 secs] 246828K->112295K(494976K), 0.0194425 secs] [Times: user=0.02 sys=0.00, real=0.02 secs] 
2018-02-21T12:19:45.374+0000: 394.508: [GC (Allocation Failure) 2018-02-21T12:19:45.374+0000: 394.508: [DefNew: 147070K->10754K(153600K), 0.0186947 secs] 248871K->114335K(494976K), 0.0187621 secs] [Times: user=0.02 sys=0.00, real=0.02 secs] 
2018-02-21T12:19:53.974+0000: 403.108: [GC (Allocation Failure) 2018-02-21T12:19:53.974+0000: 403.108: [DefNew: 147330K->10599K(153600K), 0.0191249 secs] 250911K->116230K(494976K), 0.0191893 secs] [Times: user=0.01 sys=0.00, real=0.02 secs] 
2018-02-21T12:20:05.765+0000: 414.899: [GC (Allocation Failure) 2018-02-21T12:20:05.765+0000: 414.899: [DefNew: 147175K->10735K(153600K), 0.0188686 secs] 252806K->118292K(494976K), 0.0189298 secs] [Times: user=0.01 sys=0.00, real=0.02 secs] 
2018-02-21T12:20:15.375+0000: 424.509: [GC (Allocation Failure) 2018-02-21T12:20:15.375+0000: 424.509: [DefNew: 147311K->10961K(153600K), 0.0191220 secs] 254868K->120246K(494976K), 0.0191952 secs] [Times: user=0.02 sys=0.00, real=0.02 secs] 
2018-02-21T12:20:24.638+0000: 433.772: [GC (Allocation Failure) 2018-02-21T12:20:24.638+0000: 433.772: [DefNew: 147537K->11569K(153600K), 0.0206194 secs] 256822K->122666K(494976K), 0.0206915 secs] [Times: user=0.02 sys=0.00, real=0.02 secs] 
2018-02-21T12:20:34.097+0000: 443.231: [GC (Allocation Failure) 2018-02-21T12:20:34.097+0000: 443.231: [DefNew: 148145K->11166K(153600K), 0.0238051 secs] 259242K->124211K(494976K), 0.0238774 secs] [Times: user=0.02 sys=0.00, real=0.03 secs] 
2018-02-21T12:20:44.955+0000: 454.089: [GC (Allocation Failure) 2018-02-21T12:20:44.955+0000: 454.089: [DefNew: 147742K->11157K(153600K), 0.0193113 secs] 260787K->126186K(494976K), 0.0193765 secs] [Times: user=0.02 sys=0.00, real=0.02 secs] 
2018-02-21T12:20:54.855+0000: 463.989: [GC (Allocation Failure) 2018-02-21T12:20:54.855+0000: 463.989: [DefNew: 147733K->11749K(153600K), 0.0194435 secs] 262762K->128575K(494976K), 0.0195052 secs] [Times: user=0.02 sys=0.00, real=0.02 secs] 
2018-02-21T12:21:06.988+0000: 476.121: [GC (Allocation Failure) 2018-02-21T12:21:06.988+0000: 476.121: [DefNew: 148325K->9170K(153600K), 0.0205177 secs] 265151K->131147K(494976K), 0.0205983 secs] [Times: user=0.02 sys=0.00, real=0.02 secs] 
2018-02-21T12:21:18.137+0000: 487.271: [GC (Allocation Failure) 2018-02-21T12:21:18.137+0000: 487.271: [DefNew: 145746K->8518K(153600K), 0.0171725 secs] 267723K->133787K(494976K), 0.0172505 secs] [Times: user=0.02 sys=0.01, real=0.02 secs] 
2018-02-21T12:21:28.034+0000: 497.168: [GC (Allocation Failure) 2018-02-21T12:21:28.034+0000: 497.168: [DefNew: 145094K->10939K(153600K), 0.0194077 secs] 270363K->139519K(494976K), 0.0194808 secs] [Times: user=0.02 sys=0.00, real=0.02 secs] 
2018-02-21T12:21:37.066+0000: 506.200: [GC (Allocation Failure) 2018-02-21T12:21:37.066+0000: 506.200: [DefNew: 147515K->8746K(153600K), 0.0183082 secs] 276095K->142651K(494976K), 0.0183714 secs] [Times: user=0.02 sys=0.00, real=0.02 secs] 
2018-02-21T12:21:49.691+0000: 518.825: [GC (Allocation Failure) 2018-02-21T12:21:49.691+0000: 518.825: [DefNew: 145322K->8769K(153600K), 0.0171849 secs] 279227K->145952K(494976K), 0.0172584 secs] [Times: user=0.02 sys=0.00, real=0.02 secs] 
2018-02-21T12:21:59.485+0000: 528.619: [GC (Allocation Failure) 2018-02-21T12:21:59.485+0000: 528.619: [DefNew: 145345K->9141K(153600K), 0.0171247 secs] 282528K->149684K(494976K), 0.0171823 secs] [Times: user=0.02 sys=0.00, real=0.02 secs] 
2018-02-21T12:22:09.362+0000: 538.496: [GC (Allocation Failure) 2018-02-21T12:22:09.362+0000: 538.496: [DefNew: 145717K->9495K(153600K), 0.0187255 secs] 286260K->153661K(494976K), 0.0187906 secs] [Times: user=0.02 sys=0.00, real=0.02 secs] 
2018-02-21T12:22:20.769+0000: 549.903: [GC (Allocation Failure) 2018-02-21T12:22:20.769+0000: 549.903: [DefNew: 146071K->8675K(153600K), 0.0174376 secs] 290237K->156624K(494976K), 0.0175032 secs] [Times: user=0.02 sys=0.00, real=0.01 secs] 
2018-02-21T12:22:31.283+0000: 560.417: [GC (Allocation Failure) 2018-02-21T12:22:31.283+0000: 560.417: [DefNew: 145251K->8840K(153600K), 0.0170106 secs] 293200K->160209K(494976K), 0.0170739 secs] [Times: user=0.02 sys=0.00, real=0.02 secs] 
2018-02-21T12:22:40.237+0000: 569.370: [GC (Allocation Failure) 2018-02-21T12:22:40.237+0000: 569.370: [DefNew: 145416K->9531K(153600K), 0.0168469 secs] 296785K->164174K(494976K), 0.0169084 secs] [Times: user=0.02 sys=0.00, real=0.02 secs] 
2018-02-21T12:22:49.248+0000: 578.382: [GC (Allocation Failure) 2018-02-21T12:22:49.248+0000: 578.382: [DefNew: 146107K->9488K(153600K), 0.0181133 secs] 300750K->167857K(494976K), 0.0181767 secs] [Times: user=0.02 sys=0.01, real=0.01 secs] 
2018-02-21T12:23:00.988+0000: 590.122: [GC (Allocation Failure) 2018-02-21T12:23:00.988+0000: 590.122: [DefNew: 146064K->9947K(153600K), 0.0189632 secs] 304433K->171790K(494976K), 0.0190233 secs] [Times: user=0.01 sys=0.00, real=0.02 secs] 
2018-02-21T12:23:11.384+0000: 600.518: [GC (Allocation Failure) 2018-02-21T12:23:11.384+0000: 600.518: [DefNew: 146523K->10083K(153600K), 0.0198456 secs] 308366K->175949K(494976K), 0.0199086 secs] [Times: user=0.01 sys=0.00, real=0.02 secs] 
2018-02-21T12:23:20.432+0000: 609.566: [GC (Allocation Failure) 2018-02-21T12:23:20.432+0000: 609.566: [DefNew: 146659K->9572K(153600K), 0.0184114 secs] 312525K->179798K(494976K), 0.0184735 secs] [Times: user=0.01 sys=0.01, real=0.02 secs] 
2018-02-21T12:23:32.310+0000: 621.444: [GC (Allocation Failure) 2018-02-21T12:23:32.310+0000: 621.444: [DefNew: 146148K->9452K(153600K), 0.0187771 secs] 316374K->183873K(494976K), 0.0188378 secs] [Times: user=0.01 sys=0.00, real=0.02 secs] 
2018-02-21T12:23:44.241+0000: 633.375: [GC (Allocation Failure) 2018-02-21T12:23:44.241+0000: 633.375: [DefNew: 146028K->10112K(153600K), 0.0185190 secs] 320449K->188048K(494976K), 0.0185951 secs] [Times: user=0.02 sys=0.00, real=0.02 secs] 
2018-02-21T12:23:52.325+0000: 641.459: [GC (Allocation Failure) 2018-02-21T12:23:52.325+0000: 641.459: [DefNew: 146688K->9316K(153600K), 0.0189204 secs] 324624K->191388K(494976K), 0.0189962 secs] [Times: user=0.02 sys=0.00, real=0.02 secs] 
2018-02-21T12:24:03.296+0000: 652.430: [GC (Allocation Failure) 2018-02-21T12:24:03.296+0000: 652.430: [DefNew: 145892K->10312K(153600K), 0.0216712 secs] 327964K->196374K(494976K), 0.0217448 secs] [Times: user=0.02 sys=0.00, real=0.02 secs] 
2018-02-21T12:24:15.686+0000: 664.820: [GC (Allocation Failure) 2018-02-21T12:24:15.686+0000: 664.820: [DefNew: 146888K->9454K(153600K), 0.0193922 secs] 332950K->199694K(494976K), 0.0194630 secs] [Times: user=0.02 sys=0.00, real=0.02 secs] 
2018-02-21T12:24:25.822+0000: 674.956: [GC (Allocation Failure) 2018-02-21T12:24:25.822+0000: 674.956: [DefNew: 146030K->9792K(153600K), 0.0202182 secs] 336270K->204014K(494976K), 0.0202824 secs] [Times: user=0.02 sys=0.00, real=0.02 secs] 
2018-02-21T12:24:36.114+0000: 685.248: [GC (Allocation Failure) 2018-02-21T12:24:36.114+0000: 685.248: [DefNew: 146368K->9767K(153600K), 0.0198783 secs] 340590K->208231K(494976K), 0.0199389 secs] [Times: user=0.02 sys=0.00, real=0.02 secs] 
2018-02-21T12:24:43.263+0000: 692.396: [GC (Allocation Failure) 2018-02-21T12:24:43.263+0000: 692.396: [DefNew: 146343K->9967K(153600K), 0.0206581 secs] 344807K->212769K(494976K), 0.0207207 secs] [Times: user=0.02 sys=0.00, real=0.02 secs] 
2018-02-21T12:24:56.272+0000: 705.406: [GC (Allocation Failure) 2018-02-21T12:24:56.272+0000: 705.406: [DefNew: 146543K->10061K(153600K), 0.0206819 secs] 349345K->217193K(494976K), 0.0207552 secs] [Times: user=0.01 sys=0.01, real=0.02 secs] 
2018-02-21T12:25:05.815+0000: 714.949: [GC (Allocation Failure) 2018-02-21T12:25:05.815+0000: 714.949: [DefNew: 146637K->10554K(153600K), 0.0220028 secs] 353769K->222178K(494976K), 0.0220687 secs] [Times: user=0.02 sys=0.00, real=0.02 secs] 
2018-02-21T12:25:15.086+0000: 724.220: [GC (Allocation Failure) 2018-02-21T12:25:15.086+0000: 724.220: [DefNew: 147130K->10422K(153600K), 0.0220033 secs] 358754K->226797K(494976K), 0.0220743 secs] [Times: user=0.02 sys=0.00, real=0.03 secs] 
12:25:24.516 [Client] INFO  c.s.f.r.e.s.SocketRear  - FlameSocketGraphDeployerRear@172.31.47.83: has been disconnected from Connection 3
12:25:37.436 [worker-akka.actor.default-dispatcher-2] INFO  a.a.CoordinatedShutdown CoordinatedShutdown(akka://worker) - Starting coordinated shutdown from JVM shutdown hook
12:25:37.453 [worker-akka.actor.default-dispatcher-2] INFO  a.a.LocalActorRef akka://worker/user/watcher/graph0000000000/negotiator - Stopped
12:25:37.458 [worker-akka.actor.default-dispatcher-2] INFO  a.a.LocalActorRef akka://worker/user/watcher/graph0000000000/edge/FlameSocketGraphDeployerFront - Stopped
12:25:37.458 [worker-akka.actor.default-dispatcher-2] INFO  a.a.LocalActorRef akka://worker/user/watcher/graph0000000000/edge/FlameSocketGraphDeployerRear - Stopped
12:25:37.459 [worker-akka.actor.default-dispatcher-2] INFO  a.a.LocalActorRef akka://worker/user/watcher/graph0000000000/graph/$a - Stopped
12:25:37.459 [worker-akka.actor.default-dispatcher-2] INFO  a.a.LocalActorRef akka://worker/user/watcher/graph0000000000/graph/$b - Stopped
12:25:37.460 [worker-akka.actor.default-dispatcher-2] INFO  a.a.LocalActorRef akka://worker/user/watcher/graph0000000000/graph/$c - Stopped
12:25:37.460 [worker-akka.actor.default-dispatcher-2] INFO  a.a.LocalActorRef akka://worker/user/watcher/graph0000000000/graph/local-acker/$a - Stopped
12:25:37.466 [worker-akka.actor.default-dispatcher-2-EventThread] INFO  o.a.z.ClientCnxn  - EventThread shut down for session: 0x161b84784c50005
12:25:37.466 [worker-akka.actor.default-dispatcher-2] INFO  o.a.z.ZooKeeper  - Session: 0x161b84784c50005 closed
12:25:37.467 [worker-akka.actor.default-dispatcher-2] INFO  a.a.LocalActorRef akka://worker/user/watcher/graph0000000000/graph/local-acker/$a - Message [com.spbsu.flamestream.runtime.utils.akka.PingActor$InnerPing] from Actor[akka://worker/user/watcher/graph0000000000/graph/local-acker/$a#1812699914] to Actor[akka://worker/user/watcher/graph0000000000/graph/local-acker/$a#1812699914] was not delivered. [1] dead letters encountered. This logging can be turned off or adjusted with configuration settings 'akka.log-dead-letters' and 'akka.log-dead-letters-during-shutdown'.
12:25:37.467 [worker-akka.actor.default-dispatcher-2] INFO  a.a.LocalActorRef akka://worker/user/watcher/graph0000000000/graph/local-acker - Stopped
12:25:37.467 [worker-akka.actor.default-dispatcher-2] INFO  a.a.LocalActorRef akka://worker/user/watcher/graph0000000000/edge - Stopped
12:25:37.467 [worker-akka.actor.default-dispatcher-2] INFO  a.a.LocalActorRef akka://worker/user/watcher/graph0000000000/graph - Stopped
12:25:37.468 [worker-akka.actor.default-dispatcher-2] INFO  a.a.LocalActorRef akka://worker/user/watcher/graph0000000000 - Stopped
12:25:37.468 [worker-akka.actor.default-dispatcher-2] INFO  a.a.RepointableActorRef akka://worker/user/watcher - Stopped
12:25:37.471 [worker-akka.actor.default-dispatcher-2] INFO  a.a.LocalActorRef akka://worker/user/watcher/graph0000000000/graph/local-acker/$a - Message [com.spbsu.flamestream.runtime.utils.akka.PingActor$Stop] from Actor[akka://worker/user/watcher/graph0000000000/graph/local-acker#1036423382] to Actor[akka://worker/user/watcher/graph0000000000/graph/local-acker/$a#1812699914] was not delivered. [2] dead letters encountered. This logging can be turned off or adjusted with configuration settings 'akka.log-dead-letters' and 'akka.log-dead-letters-during-shutdown'.
12:25:37.472 [worker-akka.actor.default-dispatcher-2] INFO  a.a.LocalActorRef akka://worker/user/watcher/graph0000000000/graph/local-acker - Message [com.spbsu.flamestream.runtime.acker.LocalAcker$Flush] from Actor[akka://worker/user/watcher/graph0000000000/graph/local-acker#1036423382] to Actor[akka://worker/user/watcher/graph0000000000/graph/local-acker#1036423382] was not delivered. [3] dead letters encountered. This logging can be turned off or adjusted with configuration settings 'akka.log-dead-letters' and 'akka.log-dead-letters-during-shutdown'.
12:25:37.472 [worker-akka.actor.default-dispatcher-2] INFO  a.a.LocalActorRef akka://worker/user/watcher/graph0000000000/graph/local-acker - Message [com.spbsu.flamestream.runtime.acker.LocalAcker$Flush] from Actor[akka://worker/user/watcher/graph0000000000/graph/local-acker#1036423382] to Actor[akka://worker/user/watcher/graph0000000000/graph/local-acker#1036423382] was not delivered. [4] dead letters encountered. This logging can be turned off or adjusted with configuration settings 'akka.log-dead-letters' and 'akka.log-dead-letters-during-shutdown'.
12:25:37.473 [worker-akka.actor.default-dispatcher-2] INFO  a.a.LocalActorRef akka://worker/user/watcher/graph0000000000/graph/local-acker - Message [com.spbsu.flamestream.runtime.acker.LocalAcker$Flush] from Actor[akka://worker/user/watcher/graph0000000000/graph/local-acker#1036423382] to Actor[akka://worker/user/watcher/graph0000000000/graph/local-acker#1036423382] was not delivered. [5] dead letters encountered. This logging can be turned off or adjusted with configuration settings 'akka.log-dead-letters' and 'akka.log-dead-letters-during-shutdown'.
12:25:37.473 [worker-akka.actor.default-dispatcher-2] INFO  a.a.LocalActorRef akka://worker/user/watcher/graph0000000000/graph/local-acker - Message [com.spbsu.flamestream.runtime.acker.LocalAcker$Flush] from Actor[akka://worker/user/watcher/graph0000000000/graph/local-acker#1036423382] to Actor[akka://worker/user/watcher/graph0000000000/graph/local-acker#1036423382] was not delivered. [6] dead letters encountered. This logging can be turned off or adjusted with configuration settings 'akka.log-dead-letters' and 'akka.log-dead-letters-during-shutdown'.
2018-02-21T12:25:37.478+0000: 746.612: [GC (Allocation Failure) 2018-02-21T12:25:37.478+0000: 746.612: [DefNew: 146998K->9890K(153600K), 0.0221000 secs] 363373K->230851K(494976K), 0.0221552 secs] [Times: user=0.01 sys=0.01, real=0.03 secs] 
12:25:37.503 [worker-akka.actor.default-dispatcher-2] INFO  a.r.RemoteActorRefProvider$RemotingTerminator akka://worker@172.31.47.83:5412/system/remoting-terminator - Shutting down remote daemon.
12:25:37.505 [worker-akka.actor.default-dispatcher-2] INFO  a.r.RemoteActorRefProvider$RemotingTerminator akka://worker@172.31.47.83:5412/system/remoting-terminator - Remote daemon shut down; proceeding with flushing remote transports.
12:25:37.614 [worker-akka.actor.default-dispatcher-2] INFO  a.r.RemoteActorRefProvider$RemotingTerminator akka://worker@172.31.47.83:5412/system/remoting-terminator - Remoting shut down.
Attempts of event 'sink-receive' - 1028135
Attempts of event 'sink-send' - 1015985
Heap
 def new generation   total 153600K, used 24709K [0x00000000e0c00000, 0x00000000eb2a0000, 0x00000000eb2a0000)
  eden space 136576K,  10% used [0x00000000e0c00000, 0x00000000e1a78b40, 0x00000000e9160000)
  from space 17024K,  58% used [0x00000000ea200000, 0x00000000eaba88f0, 0x00000000eb2a0000)
  to   space 17024K,   0% used [0x00000000e9160000, 0x00000000e9160000, 0x00000000ea200000)
 tenured generation   total 341376K, used 220961K [0x00000000eb2a0000, 0x0000000100000000, 0x0000000100000000)
   the space 341376K,  64% used [0x00000000eb2a0000, 0x00000000f8a68518, 0x00000000f8a68600, 0x0000000100000000)
 Metaspace       used 33354K, capacity 34146K, committed 34432K, reserved 1079296K
  class space    used 4450K, capacity 4622K, committed 4736K, reserved 1048576K
