11:59:02.983 [worker-akka.actor.default-dispatcher-2] INFO  a.e.s.Slf4jLogger  - Slf4jLogger started
2018-02-21T11:59:03.165+0000: 2.684: [Full GC (Metadata GC Threshold) 2018-02-21T11:59:03.165+0000: 2.684: [Tenured: 0K->15500K(341376K), 0.0380369 secs] 117538K->15500K(494976K), [Metaspace: 20937K->20937K(1067008K)], 0.0380984 secs] [Times: user=0.04 sys=0.00, real=0.04 secs] 
Ama winner
Ama winner
11:59:03.632 [worker-akka.actor.default-dispatcher-2] INFO  a.r.a.ArteryTransport(akka://worker) akka.remote.artery.ArteryTransport(akka://worker) - Started embedded media driver in directory [/dev/shm/aeron-root-worker-7b798041-f822-4710-a0f7-903ca475f833]
11:59:03.849 [worker-akka.actor.default-dispatcher-2] INFO  a.r.a.ArteryTransport(akka://worker) akka.remote.artery.ArteryTransport(akka://worker) - Remoting started; listening on address: [akka://worker@172.31.33.155:5412] with UID [7989681513900630291]
11:59:03.961 [worker-akka.actor.default-dispatcher-2] INFO  o.a.z.ZooKeeper  - Client environment:zookeeper.version=3.4.9-1757313, built on 08/23/2016 06:50 GMT
11:59:03.962 [worker-akka.actor.default-dispatcher-2] INFO  o.a.z.ZooKeeper  - Client environment:host.name=ip-172-31-33-155.us-east-2.compute.internal
11:59:03.962 [worker-akka.actor.default-dispatcher-2] INFO  o.a.z.ZooKeeper  - Client environment:java.version=1.8.0_151
11:59:03.962 [worker-akka.actor.default-dispatcher-2] INFO  o.a.z.ZooKeeper  - Client environment:java.vendor=Oracle Corporation
11:59:03.962 [worker-akka.actor.default-dispatcher-2] INFO  o.a.z.ZooKeeper  - Client environment:java.home=/usr/lib/jvm/java-8-openjdk-amd64/jre
11:59:03.962 [worker-akka.actor.default-dispatcher-2] INFO  o.a.z.ZooKeeper  - Client environment:java.class.path=lib/commons-cli-1.4.jar:lib/minlog-1.3.0.jar:lib/asm-5.0.4.jar:lib/hadoop-annotations-2.7.3.jar:lib/hadoop-auth-2.7.3.jar:lib/akka-slf4j_2.11-2.5.6.jar:lib/jersey-core-1.9.jar:lib/lz4-1.3.0.jar:lib/jackson-core-asl-1.9.13.jar:lib/aeron-client-1.3.0.jar:lib/htrace-core-3.1.0-incubating.jar:lib/xz-1.0.jar:lib/commons-httpclient-3.1.jar:lib/asm-3.1.jar:lib/commons-lang3-3.4.jar:lib/scala-library-2.11.11.jar:lib/scala-java8-compat_2.11-0.7.0.jar:lib/commons-configuration-1.6.jar:lib/objenesis-2.1.jar:lib/jackson-annotations-2.8.0.jar:lib/jsr305-3.0.0.jar:lib/curator-framework-2.7.1.jar:lib/jersey-server-1.9.jar:lib/jets3t-0.9.0.jar:lib/leveldb-0.7.jar:lib/jetty-6.1.26.jar:lib/stax-api-1.0-2.jar:lib/flamestream-core-1.0-SNAPSHOT.jar:lib/reflectasm-1.07-shaded.jar:lib/apacheds-kerberos-codec-2.0.0-M15.jar:lib/api-asn1-api-1.0.0-M20.jar:lib/commons-lang-2.6.jar:lib/commons-beanutils-1.7.0.jar:lib/jackson-xc-1.8.3.jar:lib/jetty-util-6.1.26.jar:lib/logback-classic-1.2.3.jar:lib/jool-0.9.12.jar:lib/flamestream-runtime-1.0-SNAPSHOT-tests.jar:lib/httpcore-4.1.2.jar:lib/kryo-4.0.0.jar:lib/ant-1.8.1.jar:lib/jaxb-impl-2.2.3-1.jar:lib/jersey-json-1.9.jar:lib/commons-compress-1.4.1.jar:lib/leveldbjni-all-1.8.jar:lib/paranamer-2.3.jar:lib/jackson-core-2.8.4.jar:lib/commons-math3-3.6.1.jar:lib/scala-parser-combinators_2.11-1.0.4.jar:lib/netty-3.10.6.Final.jar:lib/trove4j-3.0.3.jar:lib/jaxb-api-2.2.2.jar:lib/logback-core-1.2.3.jar:lib/snappy-java-1.0.4.1.jar:lib/protobuf-java-2.5.0.jar:lib/reactive-streams-1.0.1.jar:lib/flamestream-examples-1.0-SNAPSHOT.jar:lib/commons-codec-1.4.jar:lib/activation-1.1.jar:lib/commons-net-3.1.jar:lib/curator-recipes-2.7.1.jar:lib/jackson-mapper-asl-1.9.13.jar:lib/jackson-databind-2.8.4.jar:lib/flamestream-runtime-1.0-SNAPSHOT.jar:lib/jackson-jaxrs-1.8.3.jar:lib/slf4j-api-1.7.24.jar:lib/akka-remote_2.11-2.5.6.jar:lib/akka-testkit_2.11-2.5.6.jar:lib/jline-0.9.94.jar:lib/akka-stream_2.11-2.5.6.jar:lib/jsp-api-2.1.jar:lib/kryonet-2.21.jar:lib/akka-kryo-serialization_2.11-0.5.0.jar:lib/config-1.3.1.jar:lib/ant-launcher-1.8.1.jar:lib/commons-logging-1.2.jar:lib/ssl-config-core_2.11-0.2.2.jar:lib/testng-6.10.jar:lib/leveldb-api-0.7.jar:lib/reflectasm-1.11.3.jar:lib/jcommander-1.48.jar:lib/commons-1.1.jar:lib/commons-digester-1.8.jar:lib/minlog-1.2.jar:lib/java-xmlbuilder-0.4.jar:lib/jettison-1.1.jar:lib/gson-2.2.4.jar:lib/jdk.tools-1.8.jar:lib/aeron-driver-1.3.0.jar:lib/zookeeper-3.4.9.jar:lib/commons-beanutils-core-1.8.0.jar:lib/commons-math3-3.1.1.jar:lib/akka-actor_2.11-2.5.6.jar:lib/curator-client-2.7.1.jar:lib/servlet-api-2.5.jar:lib/apacheds-i18n-2.0.0-M15.jar:lib/commons-io-2.4.jar:lib/commons-codec-1.6.jar:lib/akka-protobuf_2.11-2.5.6.jar:lib/protobuf-java-3.5.1.jar:lib/jdom-2.0.2.jar:lib/api-util-1.0.0-M20.jar:lib/hadoop-common-2.7.3.jar:lib/agrona-0.9.6.jar:lib/xmlenc-0.52.jar:lib/guava-21.0.jar:lib/commons-collections-3.2.2.jar:lib/avro-1.7.4.jar:lib/httpclient-4.1.2.jar:lib/flamestream-core-1.0-SNAPSHOT-tests.jar:lib/annotations-12.0.jar:lib/jsch-0.1.42.jar:flamestream-runtime-1.0-SNAPSHOT.jar
11:59:03.962 [worker-akka.actor.default-dispatcher-2] INFO  o.a.z.ZooKeeper  - Client environment:java.library.path=/usr/java/packages/lib/amd64:/usr/lib/x86_64-linux-gnu/jni:/lib/x86_64-linux-gnu:/usr/lib/x86_64-linux-gnu:/usr/lib/jni:/lib:/usr/lib
11:59:03.962 [worker-akka.actor.default-dispatcher-2] INFO  o.a.z.ZooKeeper  - Client environment:java.io.tmpdir=/tmp
11:59:03.962 [worker-akka.actor.default-dispatcher-2] INFO  o.a.z.ZooKeeper  - Client environment:java.compiler=<NA>
11:59:03.962 [worker-akka.actor.default-dispatcher-2] INFO  o.a.z.ZooKeeper  - Client environment:os.name=Linux
11:59:03.963 [worker-akka.actor.default-dispatcher-2] INFO  o.a.z.ZooKeeper  - Client environment:os.arch=amd64
11:59:03.963 [worker-akka.actor.default-dispatcher-2] INFO  o.a.z.ZooKeeper  - Client environment:os.version=4.4.0-1049-aws
11:59:03.963 [worker-akka.actor.default-dispatcher-2] INFO  o.a.z.ZooKeeper  - Client environment:user.name=root
11:59:03.965 [worker-akka.actor.default-dispatcher-2] INFO  o.a.z.ZooKeeper  - Client environment:user.home=/root
11:59:03.965 [worker-akka.actor.default-dispatcher-2] INFO  o.a.z.ZooKeeper  - Client environment:user.dir=/opt/flamestream
11:59:03.968 [worker-akka.actor.default-dispatcher-2] INFO  o.a.z.ZooKeeper  - Initiating client connection, connectString=172.31.34.147:2181 sessionTimeout=5000 watcher=com.spbsu.flamestream.runtime.application.LifecycleWatcher$$Lambda$29/2091173542@1b48f905
11:59:04.006 [worker-akka.actor.default-dispatcher-2] INFO  a.a.RepointableActorRef akka://worker/user/watcher - Starting...
11:59:04.008 [worker-akka.actor.default-dispatcher-2-SendThread(172.31.34.147:2181)] INFO  o.a.z.ClientCnxn  - Opening socket connection to server 172.31.34.147/172.31.34.147:2181. Will not attempt to authenticate using SASL (unknown error)
11:59:04.016 [worker-akka.actor.default-dispatcher-2-SendThread(172.31.34.147:2181)] INFO  o.a.z.ClientCnxn  - Socket connection established to 172.31.34.147/172.31.34.147:2181, initiating session
11:59:04.025 [worker-akka.actor.default-dispatcher-2-SendThread(172.31.34.147:2181)] INFO  o.a.z.ClientCnxn  - Session establishment complete on server 172.31.34.147/172.31.34.147:2181, sessionid = 0x161b83a7f4f0007, negotiated timeout = 6000
11:59:04.125 [worker-akka.actor.default-dispatcher-2] INFO  a.a.RepointableActorRef akka://worker/user/watcher - Connected to ZK
11:59:11.784 [worker-akka.actor.default-dispatcher-2] INFO  a.a.RepointableActorRef akka://worker/user/watcher - Creating node with watchGraphs: 'com.spbsu.flamestream.core.Graph$Builder$MyGraph@62bcc0a1', config: 'ClusterConfig{paths={172.31.33.155=akka://worker@172.31.33.155:5412/user/watcher/graph0000000000, 172.31.47.83=akka://worker@172.31.47.83:5412/user/watcher/graph0000000000, 172.31.45.197=akka://worker@172.31.45.197:5412/user/watcher/graph0000000000, 172.31.44.83=akka://worker@172.31.44.83:5412/user/watcher/graph0000000000, 172.31.39.64=akka://worker@172.31.39.64:5412/user/watcher/graph0000000000, 172.31.35.79=akka://worker@172.31.35.79:5412/user/watcher/graph0000000000, 172.31.47.100=akka://worker@172.31.47.100:5412/user/watcher/graph0000000000, 172.31.37.101=akka://worker@172.31.37.101:5412/user/watcher/graph0000000000}, ackerLocation='172.31.35.79', props=ComputationLayout{ranges={172.31.33.155=HashRange{from=-1533916892, to=-920350136}, 172.31.47.83=HashRange{from=-306783380, to=306783376}, 172.31.45.197=HashRange{from=306783376, to=920350132}, 172.31.44.83=HashRange{from=1533916888, to=2147483644}, 172.31.39.64=HashRange{from=-2147483648, to=-1533916892}, 172.31.35.79=HashRange{from=0, to=0}, 172.31.47.100=HashRange{from=920350132, to=1533916888}, 172.31.37.101=HashRange{from=-920350136, to=-306783380}}}}'
11:59:12.537 [worker-akka.actor.default-dispatcher-2] INFO  a.a.LocalActorRef akka://worker/user/watcher/graph0000000000/graph - Starting...
11:59:12.540 [worker-akka.actor.default-dispatcher-2] INFO  a.a.LocalActorRef akka://worker/user/watcher/graph0000000000/graph/local-acker/$a - Starting...
11:59:12.541 [worker-akka.actor.default-dispatcher-2] INFO  a.a.LocalActorRef akka://worker/user/watcher/graph0000000000/graph/local-acker - Starting...
11:59:13.176 [worker-akka.actor.default-dispatcher-2] INFO  a.a.LocalActorRef akka://worker/user/watcher/graph0000000000/graph - Finishing constructor
11:59:13.180 [worker-akka.actor.default-dispatcher-2] INFO  a.a.LocalActorRef akka://worker/user/watcher/graph0000000000 - Starting...
11:59:13.180 [worker-akka.actor.default-dispatcher-2] INFO  a.a.LocalActorRef akka://worker/user/watcher/graph0000000000/negotiator - Starting...
11:59:13.252 [worker-akka.actor.default-dispatcher-2] INFO  a.a.LocalActorRef akka://worker/user/watcher/graph0000000000/edge - Starting...
11:59:13.254 [worker-akka.actor.default-dispatcher-2] INFO  a.a.LocalActorRef akka://worker/user/watcher/graph0000000000/graph/$a - Starting...
11:59:13.255 [worker-akka.actor.default-dispatcher-2] INFO  a.a.LocalActorRef akka://worker/user/watcher/graph0000000000/graph/$b - Starting...
11:59:13.256 [worker-akka.actor.default-dispatcher-2] INFO  a.a.LocalActorRef akka://worker/user/watcher/graph0000000000/graph/$c - Starting...
11:59:13.284 [worker-akka.actor.default-dispatcher-2] INFO  c.s.f.r.e.s.SocketRear  - FlameSocketGraphDeployerRear@172.31.33.155: connecting to 172.31.34.147:5678
11:59:13.292 [worker-akka.actor.default-dispatcher-2] INFO  c.s.f.r.e.s.SocketRear  - FlameSocketGraphDeployerRear@172.31.33.155: connected to 172.31.34.147:5678
11:59:13.325 [worker-akka.actor.default-dispatcher-2] INFO  a.a.LocalActorRef akka://worker/user/watcher/graph0000000000/edge/FlameSocketGraphDeployerRear - Starting...
11:59:13.327 [worker-akka.actor.default-dispatcher-2] INFO  a.a.LocalActorRef akka://worker/user/watcher/graph0000000000/edge/FlameSocketGraphDeployerFront - Starting...
11:59:13.329 [worker-akka.actor.default-dispatcher-2] INFO  a.a.LocalActorRef akka://worker/user/watcher/graph0000000000/negotiator - Requesting ticket for the frontClass FlameSocketGraphDeployerFront@172.31.33.155
11:59:13.342 [worker-akka.actor.default-dispatcher-2] INFO  a.a.LocalActorRef akka://worker/user/watcher/graph0000000000/negotiator - Ticket for the frontClass received: FrontTicket{allowedTimestamp=(1519214351761, FlameSocketGraphDeployerFront@172.31.33.155)}
11:59:13.344 [worker-akka.actor.default-dispatcher-2] INFO  c.s.f.r.e.s.SocketFront  - FlameSocketGraphDeployerFront@172.31.33.155: connecting to 172.31.34.147:4567
2018-02-21T11:59:17.454+0000: 16.973: [GC (Allocation Failure) 2018-02-21T11:59:17.454+0000: 16.973: [DefNew: 136576K->17023K(153600K), 0.0254653 secs] 152076K->52750K(494976K), 0.0255346 secs] [Times: user=0.02 sys=0.01, real=0.02 secs] 
2018-02-21T11:59:29.334+0000: 28.853: [GC (Allocation Failure) 2018-02-21T11:59:29.334+0000: 28.853: [DefNew: 153599K->4045K(153600K), 0.0182293 secs] 189326K->49662K(494976K), 0.0182943 secs] [Times: user=0.01 sys=0.01, real=0.01 secs] 
2018-02-21T11:59:45.036+0000: 44.555: [GC (Allocation Failure) 2018-02-21T11:59:45.036+0000: 44.555: [DefNew: 140621K->6142K(153600K), 0.0130592 secs] 186238K->51758K(494976K), 0.0131242 secs] [Times: user=0.02 sys=0.00, real=0.01 secs] 
2018-02-21T11:59:57.235+0000: 56.755: [GC (Allocation Failure) 2018-02-21T11:59:57.236+0000: 56.755: [DefNew: 142718K->8013K(153600K), 0.0148282 secs] 188334K->53630K(494976K), 0.0148894 secs] [Times: user=0.02 sys=0.00, real=0.01 secs] 
2018-02-21T12:00:11.452+0000: 70.971: [GC (Allocation Failure) 2018-02-21T12:00:11.452+0000: 70.971: [DefNew: 144589K->10855K(153600K), 0.0384209 secs] 190206K->56471K(494976K), 0.0384989 secs] [Times: user=0.04 sys=0.00, real=0.04 secs] 
2018-02-21T12:00:24.608+0000: 84.127: [GC (Allocation Failure) 2018-02-21T12:00:24.608+0000: 84.127: [DefNew: 147431K->7898K(153600K), 0.0197384 secs] 193047K->56948K(494976K), 0.0198065 secs] [Times: user=0.02 sys=0.00, real=0.02 secs] 
2018-02-21T12:00:37.424+0000: 96.943: [GC (Allocation Failure) 2018-02-21T12:00:37.424+0000: 96.944: [DefNew: 144474K->10315K(153600K), 0.0169173 secs] 193524K->59365K(494976K), 0.0169869 secs] [Times: user=0.02 sys=0.00, real=0.02 secs] 
2018-02-21T12:00:50.932+0000: 110.452: [GC (Allocation Failure) 2018-02-21T12:00:50.933+0000: 110.452: [DefNew: 146891K->8820K(153600K), 0.0186819 secs] 195941K->60619K(494976K), 0.0187520 secs] [Times: user=0.02 sys=0.00, real=0.02 secs] 
2018-02-21T12:01:07.060+0000: 126.579: [GC (Allocation Failure) 2018-02-21T12:01:07.060+0000: 126.579: [DefNew: 145396K->9175K(153600K), 0.0175208 secs] 197195K->62317K(494976K), 0.0175872 secs] [Times: user=0.02 sys=0.00, real=0.02 secs] 
2018-02-21T12:01:24.334+0000: 143.853: [GC (Allocation Failure) 2018-02-21T12:01:24.334+0000: 143.853: [DefNew: 145751K->7833K(153600K), 0.0173252 secs] 198893K->63683K(494976K), 0.0174080 secs] [Times: user=0.01 sys=0.00, real=0.02 secs] 
2018-02-21T12:01:39.432+0000: 158.951: [GC (Allocation Failure) 2018-02-21T12:01:39.432+0000: 158.951: [DefNew: 144409K->9139K(153600K), 0.0159916 secs] 200259K->64990K(494976K), 0.0160571 secs] [Times: user=0.01 sys=0.00, real=0.02 secs] 
2018-02-21T12:01:52.479+0000: 171.998: [GC (Allocation Failure) 2018-02-21T12:01:52.479+0000: 171.998: [DefNew: 145715K->9718K(153600K), 0.0194998 secs] 201566K->66793K(494976K), 0.0195693 secs] [Times: user=0.01 sys=0.00, real=0.02 secs] 
2018-02-21T12:02:08.395+0000: 187.914: [GC (Allocation Failure) 2018-02-21T12:02:08.395+0000: 187.914: [DefNew: 146294K->9496K(153600K), 0.0180072 secs] 203369K->67930K(494976K), 0.0180734 secs] [Times: user=0.02 sys=0.00, real=0.01 secs] 
2018-02-21T12:02:25.305+0000: 204.824: [GC (Allocation Failure) 2018-02-21T12:02:25.305+0000: 204.824: [DefNew: 146072K->9582K(153600K), 0.0181156 secs] 204506K->69086K(494976K), 0.0181884 secs] [Times: user=0.01 sys=0.01, real=0.02 secs] 
2018-02-21T12:02:40.506+0000: 220.025: [GC (Allocation Failure) 2018-02-21T12:02:40.506+0000: 220.025: [DefNew: 146158K->9619K(153600K), 0.0181393 secs] 205662K->70388K(494976K), 0.0182058 secs] [Times: user=0.02 sys=0.00, real=0.01 secs] 
2018-02-21T12:02:57.680+0000: 237.199: [GC (Allocation Failure) 2018-02-21T12:02:57.680+0000: 237.199: [DefNew: 146195K->9792K(153600K), 0.0186206 secs] 206964K->71851K(494976K), 0.0187145 secs] [Times: user=0.02 sys=0.00, real=0.02 secs] 
2018-02-21T12:03:12.371+0000: 251.890: [GC (Allocation Failure) 2018-02-21T12:03:12.371+0000: 251.890: [DefNew: 146368K->8911K(153600K), 0.0188634 secs] 208427K->73288K(494976K), 0.0189292 secs] [Times: user=0.02 sys=0.00, real=0.02 secs] 
2018-02-21T12:03:30.444+0000: 269.964: [GC (Allocation Failure) 2018-02-21T12:03:30.444+0000: 269.964: [DefNew: 145487K->9059K(153600K), 0.0176763 secs] 209864K->74790K(494976K), 0.0177392 secs] [Times: user=0.01 sys=0.00, real=0.02 secs] 
2018-02-21T12:03:46.064+0000: 285.583: [GC (Allocation Failure) 2018-02-21T12:03:46.064+0000: 285.583: [DefNew: 145635K->9170K(153600K), 0.0177479 secs] 211366K->76329K(494976K), 0.0178298 secs] [Times: user=0.02 sys=0.00, real=0.02 secs] 
2018-02-21T12:03:58.740+0000: 298.259: [GC (Allocation Failure) 2018-02-21T12:03:58.740+0000: 298.259: [DefNew: 145738K->10002K(153600K), 0.0176947 secs] 212897K->78543K(494976K), 0.0177600 secs] [Times: user=0.01 sys=0.01, real=0.02 secs] 
2018-02-21T12:04:16.346+0000: 315.865: [GC (Allocation Failure) 2018-02-21T12:04:16.346+0000: 315.865: [DefNew: 146578K->10008K(153600K), 0.0183205 secs] 215119K->79995K(494976K), 0.0183991 secs] [Times: user=0.01 sys=0.00, real=0.01 secs] 
2018-02-21T12:04:31.805+0000: 331.325: [GC (Allocation Failure) 2018-02-21T12:04:31.805+0000: 331.325: [DefNew: 146584K->10392K(153600K), 0.0185138 secs] 216571K->81671K(494976K), 0.0185790 secs] [Times: user=0.02 sys=0.00, real=0.02 secs] 
2018-02-21T12:04:50.782+0000: 350.302: [GC (Allocation Failure) 2018-02-21T12:04:50.782+0000: 350.302: [DefNew: 146968K->10141K(153600K), 0.0187019 secs] 218247K->83497K(494976K), 0.0187664 secs] [Times: user=0.01 sys=0.00, real=0.02 secs] 
2018-02-21T12:05:05.128+0000: 364.647: [GC (Allocation Failure) 2018-02-21T12:05:05.128+0000: 364.647: [DefNew: 146717K->10034K(153600K), 0.0180593 secs] 220073K->84810K(494976K), 0.0181343 secs] [Times: user=0.02 sys=0.00, real=0.02 secs] 
2018-02-21T12:05:18.533+0000: 378.052: [GC (Allocation Failure) 2018-02-21T12:05:18.533+0000: 378.052: [DefNew: 146610K->9842K(153600K), 0.0183825 secs] 221386K->86055K(494976K), 0.0184634 secs] [Times: user=0.02 sys=0.00, real=0.02 secs] 
2018-02-21T12:05:30.725+0000: 390.244: [GC (Allocation Failure) 2018-02-21T12:05:30.725+0000: 390.244: [DefNew: 146418K->9895K(153600K), 0.0190688 secs] 222631K->87448K(494976K), 0.0191359 secs] [Times: user=0.01 sys=0.00, real=0.02 secs] 
2018-02-21T12:05:43.430+0000: 402.950: [GC (Allocation Failure) 2018-02-21T12:05:43.430+0000: 402.950: [DefNew: 146471K->10475K(153600K), 0.0179452 secs] 224024K->89307K(494976K), 0.0180112 secs] [Times: user=0.01 sys=0.00, real=0.02 secs] 
2018-02-21T12:05:58.574+0000: 418.093: [GC (Allocation Failure) 2018-02-21T12:05:58.574+0000: 418.093: [DefNew: 147051K->8512K(153600K), 0.0191355 secs] 225883K->90322K(494976K), 0.0192024 secs] [Times: user=0.02 sys=0.00, real=0.02 secs] 
2018-02-21T12:06:10.728+0000: 430.247: [GC (Allocation Failure) 2018-02-21T12:06:10.728+0000: 430.247: [DefNew: 145088K->8910K(153600K), 0.0172583 secs] 226898K->92206K(494976K), 0.0173266 secs] [Times: user=0.02 sys=0.00, real=0.01 secs] 
2018-02-21T12:06:23.633+0000: 443.152: [GC (Allocation Failure) 2018-02-21T12:06:23.633+0000: 443.152: [DefNew: 145486K->8917K(153600K), 0.0171280 secs] 228782K->93809K(494976K), 0.0171948 secs] [Times: user=0.02 sys=0.00, real=0.02 secs] 
2018-02-21T12:06:37.329+0000: 456.848: [GC (Allocation Failure) 2018-02-21T12:06:37.329+0000: 456.848: [DefNew: 145493K->8783K(153600K), 0.0220088 secs] 230385K->95258K(494976K), 0.0220759 secs] [Times: user=0.00 sys=0.02, real=0.02 secs] 
2018-02-21T12:06:52.253+0000: 471.772: [GC (Allocation Failure) 2018-02-21T12:06:52.253+0000: 471.772: [DefNew: 145359K->9084K(153600K), 0.0179556 secs] 231834K->96976K(494976K), 0.0180170 secs] [Times: user=0.01 sys=0.00, real=0.02 secs] 
2018-02-21T12:07:05.931+0000: 485.450: [GC (Allocation Failure) 2018-02-21T12:07:05.931+0000: 485.450: [DefNew: 145660K->9661K(153600K), 0.0173001 secs] 233552K->99123K(494976K), 0.0173685 secs] [Times: user=0.01 sys=0.00, real=0.02 secs] 
2018-02-21T12:07:20.136+0000: 499.655: [GC (Allocation Failure) 2018-02-21T12:07:20.136+0000: 499.655: [DefNew: 146237K->10025K(153600K), 0.0182361 secs] 235699K->101193K(494976K), 0.0182998 secs] [Times: user=0.01 sys=0.01, real=0.02 secs] 
2018-02-21T12:07:34.004+0000: 513.523: [GC (Allocation Failure) 2018-02-21T12:07:34.004+0000: 513.523: [DefNew: 146601K->10213K(153600K), 0.0180378 secs] 237769K->102995K(494976K), 0.0181035 secs] [Times: user=0.02 sys=0.00, real=0.02 secs] 
2018-02-21T12:07:48.091+0000: 527.610: [GC (Allocation Failure) 2018-02-21T12:07:48.091+0000: 527.610: [DefNew: 146789K->10124K(153600K), 0.0203329 secs] 239571K->105016K(494976K), 0.0204013 secs] [Times: user=0.02 sys=0.01, real=0.02 secs] 
2018-02-21T12:07:59.641+0000: 539.161: [GC (Allocation Failure) 2018-02-21T12:07:59.641+0000: 539.161: [DefNew: 146700K->10367K(153600K), 0.0184092 secs] 241592K->106976K(494976K), 0.0184710 secs] [Times: user=0.02 sys=0.01, real=0.02 secs] 
2018-02-21T12:08:14.672+0000: 554.191: [GC (Allocation Failure) 2018-02-21T12:08:14.672+0000: 554.192: [DefNew: 146943K->10522K(153600K), 0.0193448 secs] 243552K->108694K(494976K), 0.0194113 secs] [Times: user=0.01 sys=0.01, real=0.02 secs] 
2018-02-21T12:08:29.354+0000: 568.873: [GC (Allocation Failure) 2018-02-21T12:08:29.354+0000: 568.873: [DefNew: 147098K->10381K(153600K), 0.0193267 secs] 245270K->110519K(494976K), 0.0194011 secs] [Times: user=0.02 sys=0.00, real=0.02 secs] 
2018-02-21T12:08:42.240+0000: 581.759: [GC (Allocation Failure) 2018-02-21T12:08:42.240+0000: 581.759: [DefNew: 146957K->10367K(153600K), 0.0193818 secs] 247095K->112246K(494976K), 0.0194532 secs] [Times: user=0.02 sys=0.00, real=0.02 secs] 
2018-02-21T12:08:55.943+0000: 595.462: [GC (Allocation Failure) 2018-02-21T12:08:55.943+0000: 595.462: [DefNew: 146943K->10381K(153600K), 0.0177188 secs] 248822K->113906K(494976K), 0.0177818 secs] [Times: user=0.02 sys=0.00, real=0.02 secs] 
2018-02-21T12:09:10.152+0000: 609.672: [GC (Allocation Failure) 2018-02-21T12:09:10.152+0000: 609.672: [DefNew: 146957K->10724K(153600K), 0.0193402 secs] 250482K->115774K(494976K), 0.0194070 secs] [Times: user=0.01 sys=0.01, real=0.02 secs] 
2018-02-21T12:09:26.634+0000: 626.153: [GC (Allocation Failure) 2018-02-21T12:09:26.634+0000: 626.153: [DefNew: 147300K->10941K(153600K), 0.0196169 secs] 252350K->117708K(494976K), 0.0197037 secs] [Times: user=0.02 sys=0.00, real=0.01 secs] 
2018-02-21T12:09:39.286+0000: 638.805: [GC (Allocation Failure) 2018-02-21T12:09:39.286+0000: 638.805: [DefNew: 147517K->10878K(153600K), 0.0265438 secs] 254284K->119395K(494976K), 0.0266370 secs] [Times: user=0.01 sys=0.02, real=0.03 secs] 
2018-02-21T12:09:54.574+0000: 654.093: [GC (Allocation Failure) 2018-02-21T12:09:54.574+0000: 654.093: [DefNew: 147454K->10808K(153600K), 0.0191126 secs] 255971K->121115K(494976K), 0.0192105 secs] [Times: user=0.01 sys=0.01, real=0.02 secs] 
2018-02-21T12:10:09.602+0000: 669.121: [GC (Allocation Failure) 2018-02-21T12:10:09.602+0000: 669.121: [DefNew: 147384K->10820K(153600K), 0.0186709 secs] 257691K->122997K(494976K), 0.0187487 secs] [Times: user=0.02 sys=0.00, real=0.02 secs] 
2018-02-21T12:10:22.920+0000: 682.439: [GC (Allocation Failure) 2018-02-21T12:10:22.920+0000: 682.439: [DefNew: 147396K->10711K(153600K), 0.0171608 secs] 259573K->124663K(494976K), 0.0172239 secs] [Times: user=0.02 sys=0.00, real=0.02 secs] 
2018-02-21T12:10:33.329+0000: 692.848: [GC (Allocation Failure) 2018-02-21T12:10:33.329+0000: 692.849: [DefNew: 147287K->11830K(153600K), 0.0224977 secs] 261239K->127491K(494976K), 0.0225750 secs] [Times: user=0.02 sys=0.00, real=0.02 secs] 
2018-02-21T12:10:49.985+0000: 709.504: [GC (Allocation Failure) 2018-02-21T12:10:49.985+0000: 709.504: [DefNew: 148406K->8293K(153600K), 0.0275296 secs] 264067K->128680K(494976K), 0.0276049 secs] [Times: user=0.00 sys=0.03, real=0.03 secs] 
2018-02-21T12:11:00.721+0000: 720.240: [GC (Allocation Failure) 2018-02-21T12:11:00.721+0000: 720.240: [DefNew: 144869K->11624K(153600K), 0.0160863 secs] 265256K->132011K(494976K), 0.0161603 secs] [Times: user=0.01 sys=0.00, real=0.02 secs] 
2018-02-21T12:11:14.987+0000: 734.506: [GC (Allocation Failure) 2018-02-21T12:11:14.987+0000: 734.506: [DefNew: 148200K->11614K(153600K), 0.0193699 secs] 268587K->133793K(494976K), 0.0194386 secs] [Times: user=0.02 sys=0.00, real=0.02 secs] 
12:11:15.031 [Client] INFO  c.s.f.r.e.s.SocketFront  - FlameSocketGraphDeployerFront@172.31.33.155 has been disconnected from Connection 2
12:11:15.033 [Client] INFO  c.s.f.r.e.s.SocketRear  - FlameSocketGraphDeployerRear@172.31.33.155: has been disconnected from Connection 2
12:11:27.166 [worker-akka.actor.default-dispatcher-2] INFO  a.a.CoordinatedShutdown CoordinatedShutdown(akka://worker) - Starting coordinated shutdown from JVM shutdown hook
12:11:27.196 [worker-akka.actor.default-dispatcher-2] INFO  a.a.LocalActorRef akka://worker/user/watcher/graph0000000000/negotiator - Stopped
12:11:27.197 [worker-akka.actor.default-dispatcher-2] INFO  a.a.LocalActorRef akka://worker/user/watcher/graph0000000000/edge/FlameSocketGraphDeployerFront - Stopped
12:11:27.197 [worker-akka.actor.default-dispatcher-2] INFO  a.a.LocalActorRef akka://worker/user/watcher/graph0000000000/edge/FlameSocketGraphDeployerRear - Stopped
12:11:27.197 [worker-akka.actor.default-dispatcher-2] INFO  a.a.LocalActorRef akka://worker/user/watcher/graph0000000000/graph/$a - Stopped
12:11:27.198 [worker-akka.actor.default-dispatcher-2] INFO  a.a.LocalActorRef akka://worker/user/watcher/graph0000000000/graph/$b - Stopped
12:11:27.199 [worker-akka.actor.default-dispatcher-2] INFO  a.a.LocalActorRef akka://worker/user/watcher/graph0000000000/graph/$c - Stopped
12:11:27.199 [worker-akka.actor.default-dispatcher-2] INFO  a.a.LocalActorRef akka://worker/user/watcher/graph0000000000/graph/local-acker/$a - Stopped
12:11:27.201 [worker-akka.actor.default-dispatcher-2] INFO  a.a.LocalActorRef akka://worker/user/watcher/graph0000000000/edge - Stopped
12:11:27.202 [worker-akka.actor.default-dispatcher-2] INFO  a.a.LocalActorRef akka://worker/user/watcher/graph0000000000/graph/local-acker/$a - Message [com.spbsu.flamestream.runtime.utils.akka.PingActor$InnerPing] from Actor[akka://worker/user/watcher/graph0000000000/graph/local-acker/$a#1758664543] to Actor[akka://worker/user/watcher/graph0000000000/graph/local-acker/$a#1758664543] was not delivered. [1] dead letters encountered. This logging can be turned off or adjusted with configuration settings 'akka.log-dead-letters' and 'akka.log-dead-letters-during-shutdown'.
12:11:27.202 [worker-akka.actor.default-dispatcher-2] INFO  a.a.LocalActorRef akka://worker/user/watcher/graph0000000000/graph/local-acker - Stopped
12:11:27.205 [worker-akka.actor.default-dispatcher-2] INFO  a.a.LocalActorRef akka://worker/user/watcher/graph0000000000/graph/local-acker/$a - Message [com.spbsu.flamestream.runtime.utils.akka.PingActor$Stop] from Actor[akka://worker/user/watcher/graph0000000000/graph/local-acker#-2097855931] to Actor[akka://worker/user/watcher/graph0000000000/graph/local-acker/$a#1758664543] was not delivered. [2] dead letters encountered. This logging can be turned off or adjusted with configuration settings 'akka.log-dead-letters' and 'akka.log-dead-letters-during-shutdown'.
12:11:27.206 [worker-akka.actor.default-dispatcher-2] INFO  a.a.LocalActorRef akka://worker/user/watcher/graph0000000000/graph/local-acker - Message [com.spbsu.flamestream.runtime.acker.LocalAcker$Flush] from Actor[akka://worker/user/watcher/graph0000000000/graph/local-acker#-2097855931] to Actor[akka://worker/user/watcher/graph0000000000/graph/local-acker#-2097855931] was not delivered. [3] dead letters encountered. This logging can be turned off or adjusted with configuration settings 'akka.log-dead-letters' and 'akka.log-dead-letters-during-shutdown'.
12:11:27.207 [worker-akka.actor.default-dispatcher-2] INFO  a.a.LocalActorRef akka://worker/user/watcher/graph0000000000/graph/local-acker - Message [com.spbsu.flamestream.runtime.acker.LocalAcker$Flush] from Actor[akka://worker/user/watcher/graph0000000000/graph/local-acker#-2097855931] to Actor[akka://worker/user/watcher/graph0000000000/graph/local-acker#-2097855931] was not delivered. [4] dead letters encountered. This logging can be turned off or adjusted with configuration settings 'akka.log-dead-letters' and 'akka.log-dead-letters-during-shutdown'.
12:11:27.207 [worker-akka.actor.default-dispatcher-2] INFO  a.a.LocalActorRef akka://worker/user/watcher/graph0000000000/graph/local-acker - Message [com.spbsu.flamestream.runtime.acker.LocalAcker$Flush] from Actor[akka://worker/user/watcher/graph0000000000/graph/local-acker#-2097855931] to Actor[akka://worker/user/watcher/graph0000000000/graph/local-acker#-2097855931] was not delivered. [5] dead letters encountered. This logging can be turned off or adjusted with configuration settings 'akka.log-dead-letters' and 'akka.log-dead-letters-during-shutdown'.
12:11:27.207 [worker-akka.actor.default-dispatcher-2] INFO  a.a.LocalActorRef akka://worker/user/watcher/graph0000000000/graph/local-acker - Message [com.spbsu.flamestream.runtime.acker.LocalAcker$Flush] from Actor[akka://worker/user/watcher/graph0000000000/graph/local-acker#-2097855931] to Actor[akka://worker/user/watcher/graph0000000000/graph/local-acker#-2097855931] was not delivered. [6] dead letters encountered. This logging can be turned off or adjusted with configuration settings 'akka.log-dead-letters' and 'akka.log-dead-letters-during-shutdown'.
12:11:27.207 [worker-akka.actor.default-dispatcher-2] INFO  a.a.LocalActorRef akka://worker/user/watcher/graph0000000000/graph/local-acker - Message [com.spbsu.flamestream.runtime.acker.LocalAcker$Flush] from Actor[akka://worker/user/watcher/graph0000000000/graph/local-acker#-2097855931] to Actor[akka://worker/user/watcher/graph0000000000/graph/local-acker#-2097855931] was not delivered. [7] dead letters encountered. This logging can be turned off or adjusted with configuration settings 'akka.log-dead-letters' and 'akka.log-dead-letters-during-shutdown'.
12:11:27.208 [worker-akka.actor.default-dispatcher-2] INFO  a.a.LocalActorRef akka://worker/user/watcher/graph0000000000/graph/local-acker - Message [com.spbsu.flamestream.runtime.acker.LocalAcker$Flush] from Actor[akka://worker/user/watcher/graph0000000000/graph/local-acker#-2097855931] to Actor[akka://worker/user/watcher/graph0000000000/graph/local-acker#-2097855931] was not delivered. [8] dead letters encountered. This logging can be turned off or adjusted with configuration settings 'akka.log-dead-letters' and 'akka.log-dead-letters-during-shutdown'.
12:11:27.208 [worker-akka.actor.default-dispatcher-2] INFO  a.a.LocalActorRef akka://worker/user/watcher/graph0000000000/graph - Stopped
12:11:27.208 [worker-akka.actor.default-dispatcher-2] INFO  a.a.LocalActorRef akka://worker/user/watcher/graph0000000000 - Stopped
12:11:27.213 [worker-akka.actor.default-dispatcher-2-EventThread] INFO  o.a.z.ClientCnxn  - EventThread shut down for session: 0x161b83a7f4f0007
12:11:27.213 [worker-akka.actor.default-dispatcher-2] INFO  o.a.z.ZooKeeper  - Session: 0x161b83a7f4f0007 closed
12:11:27.214 [worker-akka.actor.default-dispatcher-2] INFO  a.a.RepointableActorRef akka://worker/user/watcher - Stopped
12:11:27.228 [worker-akka.actor.default-dispatcher-2] INFO  a.r.RemoteActorRefProvider$RemotingTerminator akka://worker@172.31.33.155:5412/system/remoting-terminator - Shutting down remote daemon.
12:11:27.229 [worker-akka.actor.default-dispatcher-2] INFO  a.r.RemoteActorRefProvider$RemotingTerminator akka://worker@172.31.33.155:5412/system/remoting-terminator - Remote daemon shut down; proceeding with flushing remote transports.
12:11:27.355 [worker-akka.actor.default-dispatcher-2] INFO  a.r.RemoteActorRefProvider$RemotingTerminator akka://worker@172.31.33.155:5412/system/remoting-terminator - Remoting shut down.
Attempts of event 'sink-receive' - 704370
Attempts of event 'sink-send' - 695148
Heap
 def new generation   total 153600K, used 31226K [0x00000000e0c00000, 0x00000000eb2a0000, 0x00000000eb2a0000)
  eden space 136576K,  14% used [0x00000000e0c00000, 0x00000000e1f26da0, 0x00000000e9160000)
  from space 17024K,  68% used [0x00000000ea200000, 0x00000000ead57aa0, 0x00000000eb2a0000)
  to   space 17024K,   0% used [0x00000000e9160000, 0x00000000e9160000, 0x00000000ea200000)
 tenured generation   total 341376K, used 122179K [0x00000000eb2a0000, 0x0000000100000000, 0x0000000100000000)
   the space 341376K,  35% used [0x00000000eb2a0000, 0x00000000f29f0c78, 0x00000000f29f0e00, 0x0000000100000000)
 Metaspace       used 33546K, capacity 34394K, committed 34688K, reserved 1079296K
  class space    used 4468K, capacity 4656K, committed 4736K, reserved 1048576K
