09:49:47.297 [worker-akka.actor.default-dispatcher-2] INFO  a.e.s.Slf4jLogger  - Slf4jLogger started
2018-02-23T09:49:47.459+0000: 2.330: [Full GC (Metadata GC Threshold) 2018-02-23T09:49:47.459+0000: 2.330: [Tenured: 0K->15410K(341376K), 0.0362601 secs] 117538K->15410K(494976K), [Metaspace: 20863K->20863K(1067008K)], 0.0363207 secs] [Times: user=0.04 sys=0.01, real=0.04 secs] 
Ama winner
Ama winner
09:49:47.841 [worker-akka.actor.default-dispatcher-2] INFO  a.r.a.ArteryTransport(akka://worker) akka.remote.artery.ArteryTransport(akka://worker) - Started embedded media driver in directory [/dev/shm/aeron-root-worker-0cbe642a-cadc-4bf3-b62c-adc7f4e74417]
09:49:48.040 [worker-akka.actor.default-dispatcher-2] INFO  a.r.a.ArteryTransport(akka://worker) akka.remote.artery.ArteryTransport(akka://worker) - Remoting started; listening on address: [akka://worker@172.31.33.155:5412] with UID [2621416989078605680]
09:49:48.099 [worker-akka.actor.default-dispatcher-2] INFO  o.a.z.ZooKeeper  - Client environment:zookeeper.version=3.4.9-1757313, built on 08/23/2016 06:50 GMT
09:49:48.099 [worker-akka.actor.default-dispatcher-2] INFO  o.a.z.ZooKeeper  - Client environment:host.name=ip-172-31-33-155.us-east-2.compute.internal
09:49:48.100 [worker-akka.actor.default-dispatcher-2] INFO  o.a.z.ZooKeeper  - Client environment:java.version=1.8.0_151
09:49:48.100 [worker-akka.actor.default-dispatcher-2] INFO  o.a.z.ZooKeeper  - Client environment:java.vendor=Oracle Corporation
09:49:48.100 [worker-akka.actor.default-dispatcher-2] INFO  o.a.z.ZooKeeper  - Client environment:java.home=/usr/lib/jvm/java-8-openjdk-amd64/jre
09:49:48.100 [worker-akka.actor.default-dispatcher-2] INFO  o.a.z.ZooKeeper  - Client environment:java.class.path=lib/commons-cli-1.4.jar:lib/minlog-1.3.0.jar:lib/asm-5.0.4.jar:lib/hadoop-annotations-2.7.3.jar:lib/hadoop-auth-2.7.3.jar:lib/akka-slf4j_2.11-2.5.6.jar:lib/jersey-core-1.9.jar:lib/lz4-1.3.0.jar:lib/jackson-core-asl-1.9.13.jar:lib/aeron-client-1.3.0.jar:lib/htrace-core-3.1.0-incubating.jar:lib/xz-1.0.jar:lib/commons-httpclient-3.1.jar:lib/asm-3.1.jar:lib/commons-lang3-3.4.jar:lib/scala-library-2.11.11.jar:lib/scala-java8-compat_2.11-0.7.0.jar:lib/commons-configuration-1.6.jar:lib/objenesis-2.1.jar:lib/jackson-annotations-2.8.0.jar:lib/jsr305-3.0.0.jar:lib/curator-framework-2.7.1.jar:lib/jersey-server-1.9.jar:lib/jets3t-0.9.0.jar:lib/leveldb-0.7.jar:lib/jetty-6.1.26.jar:lib/stax-api-1.0-2.jar:lib/flamestream-core-1.0-SNAPSHOT.jar:lib/reflectasm-1.07-shaded.jar:lib/apacheds-kerberos-codec-2.0.0-M15.jar:lib/api-asn1-api-1.0.0-M20.jar:lib/commons-lang-2.6.jar:lib/commons-beanutils-1.7.0.jar:lib/jackson-xc-1.8.3.jar:lib/jetty-util-6.1.26.jar:lib/logback-classic-1.2.3.jar:lib/jool-0.9.12.jar:lib/flamestream-runtime-1.0-SNAPSHOT-tests.jar:lib/httpcore-4.1.2.jar:lib/kryo-4.0.0.jar:lib/ant-1.8.1.jar:lib/jaxb-impl-2.2.3-1.jar:lib/jersey-json-1.9.jar:lib/commons-compress-1.4.1.jar:lib/leveldbjni-all-1.8.jar:lib/paranamer-2.3.jar:lib/jackson-core-2.8.4.jar:lib/commons-math3-3.6.1.jar:lib/scala-parser-combinators_2.11-1.0.4.jar:lib/netty-3.10.6.Final.jar:lib/trove4j-3.0.3.jar:lib/jaxb-api-2.2.2.jar:lib/logback-core-1.2.3.jar:lib/snappy-java-1.0.4.1.jar:lib/protobuf-java-2.5.0.jar:lib/reactive-streams-1.0.1.jar:lib/flamestream-examples-1.0-SNAPSHOT.jar:lib/commons-codec-1.4.jar:lib/activation-1.1.jar:lib/commons-net-3.1.jar:lib/curator-recipes-2.7.1.jar:lib/jackson-mapper-asl-1.9.13.jar:lib/jackson-databind-2.8.4.jar:lib/flamestream-runtime-1.0-SNAPSHOT.jar:lib/jackson-jaxrs-1.8.3.jar:lib/slf4j-api-1.7.24.jar:lib/akka-remote_2.11-2.5.6.jar:lib/akka-testkit_2.11-2.5.6.jar:lib/jline-0.9.94.jar:lib/akka-stream_2.11-2.5.6.jar:lib/jsp-api-2.1.jar:lib/kryonet-2.21.jar:lib/akka-kryo-serialization_2.11-0.5.0.jar:lib/config-1.3.1.jar:lib/ant-launcher-1.8.1.jar:lib/commons-logging-1.2.jar:lib/ssl-config-core_2.11-0.2.2.jar:lib/testng-6.10.jar:lib/leveldb-api-0.7.jar:lib/reflectasm-1.11.3.jar:lib/jcommander-1.48.jar:lib/commons-1.1.jar:lib/commons-digester-1.8.jar:lib/minlog-1.2.jar:lib/java-xmlbuilder-0.4.jar:lib/jettison-1.1.jar:lib/gson-2.2.4.jar:lib/jdk.tools-1.8.jar:lib/aeron-driver-1.3.0.jar:lib/zookeeper-3.4.9.jar:lib/commons-beanutils-core-1.8.0.jar:lib/commons-math3-3.1.1.jar:lib/akka-actor_2.11-2.5.6.jar:lib/curator-client-2.7.1.jar:lib/servlet-api-2.5.jar:lib/apacheds-i18n-2.0.0-M15.jar:lib/commons-io-2.4.jar:lib/commons-codec-1.6.jar:lib/akka-protobuf_2.11-2.5.6.jar:lib/protobuf-java-3.5.1.jar:lib/jdom-2.0.2.jar:lib/api-util-1.0.0-M20.jar:lib/hadoop-common-2.7.3.jar:lib/agrona-0.9.6.jar:lib/xmlenc-0.52.jar:lib/guava-21.0.jar:lib/commons-collections-3.2.2.jar:lib/avro-1.7.4.jar:lib/httpclient-4.1.2.jar:lib/flamestream-core-1.0-SNAPSHOT-tests.jar:lib/annotations-12.0.jar:lib/jsch-0.1.42.jar:flamestream-runtime-1.0-SNAPSHOT.jar
09:49:48.100 [worker-akka.actor.default-dispatcher-2] INFO  o.a.z.ZooKeeper  - Client environment:java.library.path=/usr/java/packages/lib/amd64:/usr/lib/x86_64-linux-gnu/jni:/lib/x86_64-linux-gnu:/usr/lib/x86_64-linux-gnu:/usr/lib/jni:/lib:/usr/lib
09:49:48.100 [worker-akka.actor.default-dispatcher-2] INFO  o.a.z.ZooKeeper  - Client environment:java.io.tmpdir=/tmp
09:49:48.100 [worker-akka.actor.default-dispatcher-2] INFO  o.a.z.ZooKeeper  - Client environment:java.compiler=<NA>
09:49:48.100 [worker-akka.actor.default-dispatcher-2] INFO  o.a.z.ZooKeeper  - Client environment:os.name=Linux
09:49:48.100 [worker-akka.actor.default-dispatcher-2] INFO  o.a.z.ZooKeeper  - Client environment:os.arch=amd64
09:49:48.100 [worker-akka.actor.default-dispatcher-2] INFO  o.a.z.ZooKeeper  - Client environment:os.version=4.4.0-1049-aws
09:49:48.100 [worker-akka.actor.default-dispatcher-2] INFO  o.a.z.ZooKeeper  - Client environment:user.name=root
09:49:48.101 [worker-akka.actor.default-dispatcher-2] INFO  o.a.z.ZooKeeper  - Client environment:user.home=/root
09:49:48.101 [worker-akka.actor.default-dispatcher-2] INFO  o.a.z.ZooKeeper  - Client environment:user.dir=/opt/flamestream
09:49:48.103 [worker-akka.actor.default-dispatcher-2] INFO  o.a.z.ZooKeeper  - Initiating client connection, connectString=172.31.34.147:2181 sessionTimeout=5000 watcher=com.spbsu.flamestream.runtime.application.LifecycleWatcher$$Lambda$29/764839090@3d5d5f13
09:49:48.121 [worker-akka.actor.default-dispatcher-2] INFO  a.a.RepointableActorRef akka://worker/user/watcher - Starting...
09:49:48.124 [worker-akka.actor.default-dispatcher-2-SendThread(172.31.34.147:2181)] INFO  o.a.z.ClientCnxn  - Opening socket connection to server 172.31.34.147/172.31.34.147:2181. Will not attempt to authenticate using SASL (unknown error)
09:49:48.128 [worker-akka.actor.default-dispatcher-2-SendThread(172.31.34.147:2181)] INFO  o.a.z.ClientCnxn  - Socket connection established to 172.31.34.147/172.31.34.147:2181, initiating session
09:49:48.134 [worker-akka.actor.default-dispatcher-2-SendThread(172.31.34.147:2181)] INFO  o.a.z.ClientCnxn  - Session establishment complete on server 172.31.34.147/172.31.34.147:2181, sessionid = 0x161c210fbd10003, negotiated timeout = 6000
09:49:48.209 [worker-akka.actor.default-dispatcher-2] INFO  a.a.RepointableActorRef akka://worker/user/watcher - Connected to ZK
09:49:57.273 [worker-akka.actor.default-dispatcher-2] INFO  a.a.RepointableActorRef akka://worker/user/watcher - Creating node with watchGraphs: 'com.spbsu.flamestream.core.Graph$Builder$MyGraph@6c1314f1', config: 'ClusterConfig{paths={172.31.33.155=akka://worker@172.31.33.155:5412/user/watcher/graph0000000000, 172.31.47.83=akka://worker@172.31.47.83:5412/user/watcher/graph0000000000, 172.31.39.64=akka://worker@172.31.39.64:5412/user/watcher/graph0000000000, 172.31.35.79=akka://worker@172.31.35.79:5412/user/watcher/graph0000000000, 172.31.47.100=akka://worker@172.31.47.100:5412/user/watcher/graph0000000000, 172.31.37.101=akka://worker@172.31.37.101:5412/user/watcher/graph0000000000}, ackerLocation='172.31.35.79', props=ComputationLayout{ranges={172.31.33.155=HashRange{from=-1288490189, to=-429496730}, 172.31.47.83=HashRange{from=429496729, to=1288490188}, 172.31.39.64=HashRange{from=1288490188, to=2147483647}, 172.31.35.79=HashRange{from=0, to=0}, 172.31.47.100=HashRange{from=-2147483648, to=-1288490189}, 172.31.37.101=HashRange{from=-429496730, to=429496729}}}}'
09:49:57.941 [worker-akka.actor.default-dispatcher-2] INFO  a.a.LocalActorRef akka://worker/user/watcher/graph0000000000/graph - Starting...
09:49:57.943 [worker-akka.actor.default-dispatcher-2] INFO  a.a.LocalActorRef akka://worker/user/watcher/graph0000000000/graph/local-acker/$a - Starting...
09:49:57.945 [worker-akka.actor.default-dispatcher-2] INFO  a.a.LocalActorRef akka://worker/user/watcher/graph0000000000/graph/local-acker - Starting...
09:49:58.374 [worker-akka.actor.default-dispatcher-2] INFO  a.a.LocalActorRef akka://worker/user/watcher/graph0000000000/graph - Finishing constructor
09:49:58.376 [worker-akka.actor.default-dispatcher-2] INFO  a.a.LocalActorRef akka://worker/user/watcher/graph0000000000 - Starting...
09:49:58.443 [worker-akka.actor.default-dispatcher-2] INFO  a.a.LocalActorRef akka://worker/user/watcher/graph0000000000/negotiator - Starting...
09:49:58.445 [worker-akka.actor.default-dispatcher-2] INFO  a.a.LocalActorRef akka://worker/user/watcher/graph0000000000/edge - Starting...
09:49:58.446 [worker-akka.actor.default-dispatcher-2] INFO  a.a.LocalActorRef akka://worker/user/watcher/graph0000000000/graph/$a - Starting...
09:49:58.447 [worker-akka.actor.default-dispatcher-2] INFO  a.a.LocalActorRef akka://worker/user/watcher/graph0000000000/graph/$b - Starting...
09:49:58.449 [worker-akka.actor.default-dispatcher-2] INFO  a.a.LocalActorRef akka://worker/user/watcher/graph0000000000/graph/$c - Starting...
09:49:58.477 [worker-akka.actor.default-dispatcher-2] INFO  c.s.f.r.e.s.SocketRear  - FlameSocketGraphDeployerRear@172.31.33.155: connecting to 172.31.34.147:5678
09:49:58.483 [worker-akka.actor.default-dispatcher-2] INFO  c.s.f.r.e.s.SocketRear  - FlameSocketGraphDeployerRear@172.31.33.155: connected to 172.31.34.147:5678
09:49:58.512 [worker-akka.actor.default-dispatcher-2] INFO  a.a.LocalActorRef akka://worker/user/watcher/graph0000000000/edge/FlameSocketGraphDeployerRear - Starting...
09:49:58.512 [worker-akka.actor.default-dispatcher-2] INFO  a.a.LocalActorRef akka://worker/user/watcher/graph0000000000/edge/FlameSocketGraphDeployerFront - Starting...
09:49:58.515 [worker-akka.actor.default-dispatcher-2] INFO  a.a.LocalActorRef akka://worker/user/watcher/graph0000000000/negotiator - Requesting ticket for the frontClass FlameSocketGraphDeployerFront@172.31.33.155
09:49:58.525 [worker-akka.actor.default-dispatcher-2] INFO  a.a.LocalActorRef akka://worker/user/watcher/graph0000000000/negotiator - Ticket for the frontClass received: FrontTicket{allowedTimestamp=(1519379397270, FlameSocketGraphDeployerFront@172.31.33.155)}
09:49:58.526 [worker-akka.actor.default-dispatcher-2] INFO  c.s.f.r.e.s.SocketFront  - FlameSocketGraphDeployerFront@172.31.33.155: connecting to 172.31.34.147:4567
2018-02-23T09:50:02.950+0000: 17.821: [GC (Allocation Failure) 2018-02-23T09:50:02.950+0000: 17.821: [DefNew: 136576K->14725K(153600K), 0.0719590 secs] 151986K->49667K(494976K), 0.0720292 secs] [Times: user=0.01 sys=0.06, real=0.08 secs] 
2018-02-23T09:50:06.775+0000: 21.646: [GC (Allocation Failure) 2018-02-23T09:50:06.775+0000: 21.646: [DefNew: 151301K->4527K(153600K), 0.0312037 secs] 186243K->45634K(494976K), 0.0312682 secs] [Times: user=0.03 sys=0.00, real=0.03 secs] 
2018-02-23T09:50:14.825+0000: 29.696: [GC (Allocation Failure) 2018-02-23T09:50:14.825+0000: 29.696: [DefNew: 141103K->6657K(153600K), 0.0145402 secs] 182210K->47764K(494976K), 0.0145975 secs] [Times: user=0.02 sys=0.00, real=0.01 secs] 
2018-02-23T09:50:23.161+0000: 38.032: [GC (Allocation Failure) 2018-02-23T09:50:23.161+0000: 38.032: [DefNew: 143233K->8969K(153600K), 0.0260891 secs] 184340K->50076K(494976K), 0.0261873 secs] [Times: user=0.02 sys=0.00, real=0.03 secs] 
2018-02-23T09:50:29.263+0000: 44.134: [GC (Allocation Failure) 2018-02-23T09:50:29.263+0000: 44.134: [DefNew: 145545K->8719K(153600K), 0.0242497 secs] 186652K->51934K(494976K), 0.0243242 secs] [Times: user=0.02 sys=0.01, real=0.02 secs] 
2018-02-23T09:50:37.232+0000: 52.103: [GC (Allocation Failure) 2018-02-23T09:50:37.232+0000: 52.103: [DefNew: 145295K->8994K(153600K), 0.0214917 secs] 188510K->53872K(494976K), 0.0215510 secs] [Times: user=0.02 sys=0.00, real=0.03 secs] 
2018-02-23T09:50:44.588+0000: 59.459: [GC (Allocation Failure) 2018-02-23T09:50:44.588+0000: 59.459: [DefNew: 145570K->9361K(153600K), 0.0178622 secs] 190448K->55729K(494976K), 0.0179332 secs] [Times: user=0.02 sys=0.00, real=0.02 secs] 
2018-02-23T09:50:49.692+0000: 64.563: [GC (Allocation Failure) 2018-02-23T09:50:49.692+0000: 64.563: [DefNew: 145937K->9014K(153600K), 0.0225184 secs] 192305K->57079K(494976K), 0.0225795 secs] [Times: user=0.02 sys=0.00, real=0.03 secs] 
2018-02-23T09:50:54.035+0000: 68.906: [GC (Allocation Failure) 2018-02-23T09:50:54.035+0000: 68.906: [DefNew: 145590K->9936K(153600K), 0.0204172 secs] 193655K->60213K(494976K), 0.0204786 secs] [Times: user=0.02 sys=0.00, real=0.02 secs] 
2018-02-23T09:51:01.947+0000: 76.818: [GC (Allocation Failure) 2018-02-23T09:51:01.947+0000: 76.818: [DefNew: 146512K->9325K(153600K), 0.0196929 secs] 196789K->61296K(494976K), 0.0197592 secs] [Times: user=0.02 sys=0.00, real=0.02 secs] 
2018-02-23T09:51:08.378+0000: 83.249: [GC (Allocation Failure) 2018-02-23T09:51:08.378+0000: 83.249: [DefNew: 145901K->9833K(153600K), 0.0197409 secs] 197872K->63162K(494976K), 0.0198121 secs] [Times: user=0.02 sys=0.00, real=0.02 secs] 
2018-02-23T09:51:14.845+0000: 89.716: [GC (Allocation Failure) 2018-02-23T09:51:14.845+0000: 89.716: [DefNew: 146409K->8782K(153600K), 0.0194574 secs] 199738K->64520K(494976K), 0.0195173 secs] [Times: user=0.02 sys=0.00, real=0.02 secs] 
2018-02-23T09:51:25.585+0000: 100.456: [GC (Allocation Failure) 2018-02-23T09:51:25.585+0000: 100.456: [DefNew: 145358K->8903K(153600K), 0.0201945 secs] 201096K->66225K(494976K), 0.0202659 secs] [Times: user=0.02 sys=0.00, real=0.02 secs] 
2018-02-23T09:51:33.714+0000: 108.585: [GC (Allocation Failure) 2018-02-23T09:51:33.714+0000: 108.585: [DefNew: 145479K->9012K(153600K), 0.0184481 secs] 202801K->67788K(494976K), 0.0185110 secs] [Times: user=0.02 sys=0.00, real=0.01 secs] 
2018-02-23T09:51:40.524+0000: 115.395: [GC (Allocation Failure) 2018-02-23T09:51:40.524+0000: 115.395: [DefNew: 145588K->9651K(153600K), 0.0186657 secs] 204364K->69879K(494976K), 0.0187399 secs] [Times: user=0.02 sys=0.00, real=0.02 secs] 
2018-02-23T09:51:47.624+0000: 122.495: [GC (Allocation Failure) 2018-02-23T09:51:47.624+0000: 122.495: [DefNew: 146227K->9133K(153600K), 0.0268978 secs] 206455K->71267K(494976K), 0.0269591 secs] [Times: user=0.01 sys=0.01, real=0.02 secs] 
2018-02-23T09:51:55.524+0000: 130.395: [GC (Allocation Failure) 2018-02-23T09:51:55.524+0000: 130.395: [DefNew: 145709K->10491K(153600K), 0.0202442 secs] 207843K->73949K(494976K), 0.0203210 secs] [Times: user=0.02 sys=0.00, real=0.02 secs] 
2018-02-23T09:52:03.521+0000: 138.392: [GC (Allocation Failure) 2018-02-23T09:52:03.521+0000: 138.392: [DefNew: 147067K->8596K(153600K), 0.0192932 secs] 210525K->75192K(494976K), 0.0193532 secs] [Times: user=0.02 sys=0.00, real=0.02 secs] 
2018-02-23T09:52:12.317+0000: 147.188: [GC (Allocation Failure) 2018-02-23T09:52:12.317+0000: 147.188: [DefNew: 145172K->7399K(153600K), 0.0180946 secs] 211768K->76891K(494976K), 0.0181565 secs] [Times: user=0.01 sys=0.00, real=0.02 secs] 
2018-02-23T09:52:20.657+0000: 155.528: [GC (Allocation Failure) 2018-02-23T09:52:20.657+0000: 155.528: [DefNew: 143975K->9218K(153600K), 0.0159989 secs] 213467K->78710K(494976K), 0.0160879 secs] [Times: user=0.02 sys=0.00, real=0.02 secs] 
2018-02-23T09:52:26.905+0000: 161.776: [GC (Allocation Failure) 2018-02-23T09:52:26.905+0000: 161.776: [DefNew: 145794K->9695K(153600K), 0.0179730 secs] 215286K->80671K(494976K), 0.0180409 secs] [Times: user=0.02 sys=0.00, real=0.02 secs] 
2018-02-23T09:52:36.246+0000: 171.117: [GC (Allocation Failure) 2018-02-23T09:52:36.246+0000: 171.117: [DefNew: 146271K->9959K(153600K), 0.0195179 secs] 217247K->82238K(494976K), 0.0195859 secs] [Times: user=0.02 sys=0.00, real=0.02 secs] 
2018-02-23T09:52:43.551+0000: 178.422: [GC (Allocation Failure) 2018-02-23T09:52:43.551+0000: 178.422: [DefNew: 146454K->9739K(153600K), 0.0192081 secs] 218732K->83673K(494976K), 0.0192716 secs] [Times: user=0.02 sys=0.00, real=0.02 secs] 
2018-02-23T09:52:50.272+0000: 185.143: [GC (Allocation Failure) 2018-02-23T09:52:50.272+0000: 185.143: [DefNew: 146315K->10323K(153600K), 0.0194769 secs] 220249K->85661K(494976K), 0.0195360 secs] [Times: user=0.02 sys=0.00, real=0.02 secs] 
2018-02-23T09:52:58.736+0000: 193.607: [GC (Allocation Failure) 2018-02-23T09:52:58.736+0000: 193.607: [DefNew: 146899K->10886K(153600K), 0.0199728 secs] 222237K->87831K(494976K), 0.0200419 secs] [Times: user=0.02 sys=0.00, real=0.02 secs] 
2018-02-23T09:53:07.690+0000: 202.561: [GC (Allocation Failure) 2018-02-23T09:53:07.690+0000: 202.561: [DefNew: 147462K->9028K(153600K), 0.0212474 secs] 224407K->88977K(494976K), 0.0213100 secs] [Times: user=0.02 sys=0.00, real=0.02 secs] 
2018-02-23T09:53:15.998+0000: 210.869: [GC (Allocation Failure) 2018-02-23T09:53:15.998+0000: 210.869: [DefNew: 145604K->9188K(153600K), 0.0197057 secs] 225553K->90967K(494976K), 0.0197848 secs] [Times: user=0.02 sys=0.01, real=0.02 secs] 
2018-02-23T09:53:23.401+0000: 218.272: [GC (Allocation Failure) 2018-02-23T09:53:23.401+0000: 218.272: [DefNew: 145764K->9264K(153600K), 0.0202103 secs] 227543K->92981K(494976K), 0.0202722 secs] [Times: user=0.02 sys=0.00, real=0.03 secs] 
2018-02-23T09:53:31.747+0000: 226.618: [GC (Allocation Failure) 2018-02-23T09:53:31.747+0000: 226.618: [DefNew: 145840K->9336K(153600K), 0.0188809 secs] 229557K->94949K(494976K), 0.0189503 secs] [Times: user=0.02 sys=0.00, real=0.02 secs] 
2018-02-23T09:53:39.150+0000: 234.021: [GC (Allocation Failure) 2018-02-23T09:53:39.150+0000: 234.021: [DefNew: 145912K->10229K(153600K), 0.0200329 secs] 231525K->97661K(494976K), 0.0200935 secs] [Times: user=0.01 sys=0.01, real=0.02 secs] 
2018-02-23T09:53:48.908+0000: 243.779: [GC (Allocation Failure) 2018-02-23T09:53:48.908+0000: 243.779: [DefNew: 146805K->9960K(153600K), 0.0181558 secs] 234237K->99273K(494976K), 0.0182533 secs] [Times: user=0.02 sys=0.00, real=0.02 secs] 
2018-02-23T09:53:57.979+0000: 252.851: [GC (Allocation Failure) 2018-02-23T09:53:57.980+0000: 252.851: [DefNew: 146536K->9930K(153600K), 0.0195616 secs] 235849K->101340K(494976K), 0.0196326 secs] [Times: user=0.02 sys=0.00, real=0.02 secs] 
2018-02-23T09:54:06.791+0000: 261.662: [GC (Allocation Failure) 2018-02-23T09:54:06.791+0000: 261.662: [DefNew: 146506K->9659K(153600K), 0.0196678 secs] 237916K->102994K(494976K), 0.0197257 secs] [Times: user=0.02 sys=0.00, real=0.02 secs] 
2018-02-23T09:54:13.805+0000: 268.676: [GC (Allocation Failure) 2018-02-23T09:54:13.805+0000: 268.676: [DefNew: 146235K->10093K(153600K), 0.0200258 secs] 239570K->105230K(494976K), 0.0200845 secs] [Times: user=0.02 sys=0.00, real=0.02 secs] 
2018-02-23T09:54:20.765+0000: 275.636: [GC (Allocation Failure) 2018-02-23T09:54:20.765+0000: 275.636: [DefNew: 146669K->9966K(153600K), 0.0195919 secs] 241806K->106971K(494976K), 0.0196676 secs] [Times: user=0.02 sys=0.00, real=0.02 secs] 
2018-02-23T09:54:27.530+0000: 282.401: [GC (Allocation Failure) 2018-02-23T09:54:27.530+0000: 282.401: [DefNew: 146542K->10547K(153600K), 0.0201587 secs] 243547K->109320K(494976K), 0.0202191 secs] [Times: user=0.02 sys=0.00, real=0.02 secs] 
2018-02-23T09:54:33.569+0000: 288.440: [GC (Allocation Failure) 2018-02-23T09:54:33.569+0000: 288.440: [DefNew: 147123K->10468K(153600K), 0.0194032 secs] 245896K->111174K(494976K), 0.0194872 secs] [Times: user=0.02 sys=0.00, real=0.02 secs] 
2018-02-23T09:54:40.836+0000: 295.707: [GC (Allocation Failure) 2018-02-23T09:54:40.836+0000: 295.707: [DefNew: 147044K->10665K(153600K), 0.0203201 secs] 247750K->113247K(494976K), 0.0203811 secs] [Times: user=0.02 sys=0.00, real=0.02 secs] 
2018-02-23T09:54:49.924+0000: 304.795: [GC (Allocation Failure) 2018-02-23T09:54:49.924+0000: 304.795: [DefNew: 147241K->10913K(153600K), 0.0201717 secs] 249823K->115514K(494976K), 0.0202344 secs] [Times: user=0.02 sys=0.00, real=0.02 secs] 
2018-02-23T09:54:56.816+0000: 311.687: [GC (Allocation Failure) 2018-02-23T09:54:56.816+0000: 311.687: [DefNew: 147489K->10946K(153600K), 0.0216325 secs] 252090K->117506K(494976K), 0.0217031 secs] [Times: user=0.02 sys=0.01, real=0.02 secs] 
2018-02-23T09:55:03.650+0000: 318.521: [GC (Allocation Failure) 2018-02-23T09:55:03.650+0000: 318.521: [DefNew: 147522K->11365K(153600K), 0.0206794 secs] 254082K->119950K(494976K), 0.0207412 secs] [Times: user=0.01 sys=0.00, real=0.02 secs] 
2018-02-23T09:55:10.002+0000: 324.873: [GC (Allocation Failure) 2018-02-23T09:55:10.002+0000: 324.873: [DefNew: 147941K->11193K(153600K), 0.0248297 secs] 256526K->121992K(494976K), 0.0249031 secs] [Times: user=0.02 sys=0.00, real=0.02 secs] 
2018-02-23T09:55:18.051+0000: 332.922: [GC (Allocation Failure) 2018-02-23T09:55:18.051+0000: 332.922: [DefNew: 147769K->11059K(153600K), 0.0199921 secs] 258568K->123810K(494976K), 0.0200563 secs] [Times: user=0.02 sys=0.00, real=0.02 secs] 
2018-02-23T09:55:24.374+0000: 339.245: [GC (Allocation Failure) 2018-02-23T09:55:24.374+0000: 339.245: [DefNew: 147635K->11374K(153600K), 0.0236538 secs] 260386K->125962K(494976K), 0.0237148 secs] [Times: user=0.02 sys=0.01, real=0.02 secs] 
2018-02-23T09:55:32.340+0000: 347.211: [GC (Allocation Failure) 2018-02-23T09:55:32.340+0000: 347.211: [DefNew: 147950K->12262K(153600K), 0.0210866 secs] 262538K->129175K(494976K), 0.0211469 secs] [Times: user=0.02 sys=0.00, real=0.02 secs] 
2018-02-23T09:55:41.553+0000: 356.424: [GC (Allocation Failure) 2018-02-23T09:55:41.553+0000: 356.424: [DefNew: 148838K->8227K(153600K), 0.0248106 secs] 265751K->130102K(494976K), 0.0248776 secs] [Times: user=0.02 sys=0.00, real=0.03 secs] 
2018-02-23T09:55:48.133+0000: 363.004: [GC (Allocation Failure) 2018-02-23T09:55:48.133+0000: 363.004: [DefNew: 144803K->13730K(153600K), 0.0171302 secs] 266678K->135605K(494976K), 0.0172291 secs] [Times: user=0.01 sys=0.01, real=0.02 secs] 
2018-02-23T09:55:54.827+0000: 369.698: [GC (Allocation Failure) 2018-02-23T09:55:54.827+0000: 369.698: [DefNew: 150306K->8862K(153600K), 0.0348734 secs] 272181K->138465K(494976K), 0.0349721 secs] [Times: user=0.02 sys=0.02, real=0.04 secs] 
2018-02-23T09:56:03.142+0000: 378.013: [GC (Allocation Failure) 2018-02-23T09:56:03.142+0000: 378.013: [DefNew: 145438K->8530K(153600K), 0.0230071 secs] 275041K->141650K(494976K), 0.0230683 secs] [Times: user=0.02 sys=0.01, real=0.02 secs] 
2018-02-23T09:56:10.259+0000: 385.130: [GC (Allocation Failure) 2018-02-23T09:56:10.259+0000: 385.130: [DefNew: 145106K->8708K(153600K), 0.0179147 secs] 278226K->145199K(494976K), 0.0179770 secs] [Times: user=0.01 sys=0.00, real=0.02 secs] 
2018-02-23T09:56:16.784+0000: 391.655: [GC (Allocation Failure) 2018-02-23T09:56:16.784+0000: 391.655: [DefNew: 145284K->9085K(153600K), 0.0183153 secs] 281775K->148935K(494976K), 0.0183999 secs] [Times: user=0.02 sys=0.00, real=0.02 secs] 
2018-02-23T09:56:25.143+0000: 400.015: [GC (Allocation Failure) 2018-02-23T09:56:25.144+0000: 400.015: [DefNew: 145661K->8549K(153600K), 0.0294610 secs] 285511K->152345K(494976K), 0.0295220 secs] [Times: user=0.01 sys=0.02, real=0.02 secs] 
2018-02-23T09:56:32.877+0000: 407.748: [GC (Allocation Failure) 2018-02-23T09:56:32.877+0000: 407.748: [DefNew: 145125K->8954K(153600K), 0.0259303 secs] 288921K->156185K(494976K), 0.0260074 secs] [Times: user=0.01 sys=0.02, real=0.03 secs] 
2018-02-23T09:56:39.528+0000: 414.399: [GC (Allocation Failure) 2018-02-23T09:56:39.528+0000: 414.399: [DefNew: 145530K->8953K(153600K), 0.0178208 secs] 292761K->159798K(494976K), 0.0178833 secs] [Times: user=0.02 sys=0.00, real=0.02 secs] 
2018-02-23T09:56:45.308+0000: 420.179: [GC (Allocation Failure) 2018-02-23T09:56:45.308+0000: 420.179: [DefNew: 145529K->8111K(153600K), 0.0171843 secs] 296374K->162739K(494976K), 0.0172451 secs] [Times: user=0.01 sys=0.00, real=0.02 secs] 
2018-02-23T09:56:51.894+0000: 426.765: [GC (Allocation Failure) 2018-02-23T09:56:51.894+0000: 426.765: [DefNew: 144687K->12427K(153600K), 0.0168433 secs] 299315K->167055K(494976K), 0.0169187 secs] [Times: user=0.02 sys=0.00, real=0.01 secs] 
2018-02-23T09:57:00.472+0000: 435.343: [GC (Allocation Failure) 2018-02-23T09:57:00.472+0000: 435.343: [DefNew: 149003K->9501K(153600K), 0.0457350 secs] 303631K->169303K(494976K), 0.0458088 secs] [Times: user=0.00 sys=0.04, real=0.05 secs] 
2018-02-23T09:57:07.268+0000: 442.139: [GC (Allocation Failure) 2018-02-23T09:57:07.268+0000: 442.139: [DefNew: 146077K->9226K(153600K), 0.0327042 secs] 305879K->173157K(494976K), 0.0327707 secs] [Times: user=0.02 sys=0.02, real=0.03 secs] 
2018-02-23T09:57:14.679+0000: 449.550: [GC (Allocation Failure) 2018-02-23T09:57:14.679+0000: 449.550: [DefNew: 145802K->8860K(153600K), 0.0228222 secs] 309733K->176989K(494976K), 0.0228977 secs] [Times: user=0.02 sys=0.01, real=0.03 secs] 
2018-02-23T09:57:22.877+0000: 457.748: [GC (Allocation Failure) 2018-02-23T09:57:22.877+0000: 457.748: [DefNew: 145436K->9382K(153600K), 0.0349646 secs] 313565K->181091K(494976K), 0.0350457 secs] [Times: user=0.01 sys=0.02, real=0.03 secs] 
2018-02-23T09:57:29.242+0000: 464.113: [GC (Allocation Failure) 2018-02-23T09:57:29.242+0000: 464.113: [DefNew: 145958K->9447K(153600K), 0.0190937 secs] 317667K->184894K(494976K), 0.0191574 secs] [Times: user=0.02 sys=0.00, real=0.01 secs] 
2018-02-23T09:57:36.569+0000: 471.440: [GC (Allocation Failure) 2018-02-23T09:57:36.569+0000: 471.440: [DefNew: 146023K->9924K(153600K), 0.0199043 secs] 321470K->189495K(494976K), 0.0199896 secs] [Times: user=0.01 sys=0.00, real=0.02 secs] 
2018-02-23T09:57:46.328+0000: 481.199: [GC (Allocation Failure) 2018-02-23T09:57:46.328+0000: 481.199: [DefNew: 146500K->9502K(153600K), 0.0266983 secs] 326071K->192937K(494976K), 0.0267868 secs] [Times: user=0.01 sys=0.02, real=0.03 secs] 
2018-02-23T09:57:52.960+0000: 487.831: [GC (Allocation Failure) 2018-02-23T09:57:52.960+0000: 487.831: [DefNew: 146078K->9410K(153600K), 0.0277997 secs] 329513K->197096K(494976K), 0.0278601 secs] [Times: user=0.02 sys=0.01, real=0.03 secs] 
2018-02-23T09:58:00.372+0000: 495.243: [GC (Allocation Failure) 2018-02-23T09:58:00.372+0000: 495.243: [DefNew: 145986K->9382K(153600K), 0.0262128 secs] 333672K->201093K(494976K), 0.0262742 secs] [Times: user=0.02 sys=0.01, real=0.03 secs] 
2018-02-23T09:58:05.863+0000: 500.734: [GC (Allocation Failure) 2018-02-23T09:58:05.863+0000: 500.734: [DefNew: 145958K->9220K(153600K), 0.0190805 secs] 337669K->205254K(494976K), 0.0191421 secs] [Times: user=0.02 sys=0.00, real=0.02 secs] 
2018-02-23T09:58:12.826+0000: 507.697: [GC (Allocation Failure) 2018-02-23T09:58:12.826+0000: 507.697: [DefNew: 145796K->9665K(153600K), 0.0185508 secs] 341830K->209723K(494976K), 0.0186225 secs] [Times: user=0.02 sys=0.00, real=0.02 secs] 
2018-02-23T09:58:21.960+0000: 516.831: [GC (Allocation Failure) 2018-02-23T09:58:21.960+0000: 516.831: [DefNew: 146241K->9880K(153600K), 0.0192679 secs] 346299K->213957K(494976K), 0.0193302 secs] [Times: user=0.02 sys=0.00, real=0.02 secs] 
2018-02-23T09:58:28.338+0000: 523.209: [GC (Allocation Failure) 2018-02-23T09:58:28.338+0000: 523.209: [DefNew: 146456K->10272K(153600K), 0.0354604 secs] 350533K->218777K(494976K), 0.0355335 secs] [Times: user=0.01 sys=0.02, real=0.03 secs] 
2018-02-23T09:58:35.806+0000: 530.677: [GC (Allocation Failure) 2018-02-23T09:58:35.806+0000: 530.677: [DefNew: 146848K->9368K(153600K), 0.0295698 secs] 355353K->222493K(494976K), 0.0296352 secs] [Times: user=0.00 sys=0.02, real=0.03 secs] 
09:58:36.648 [Client] INFO  c.s.f.r.e.s.SocketFront  - FlameSocketGraphDeployerFront@172.31.33.155 has been disconnected from Connection 2
09:58:36.649 [Client] INFO  c.s.f.r.e.s.SocketRear  - FlameSocketGraphDeployerRear@172.31.33.155: has been disconnected from Connection 2
09:58:46.815 [worker-akka.actor.default-dispatcher-2] INFO  a.a.CoordinatedShutdown CoordinatedShutdown(akka://worker) - Starting coordinated shutdown from JVM shutdown hook
09:58:46.870 [worker-akka.actor.default-dispatcher-2] INFO  a.a.LocalActorRef akka://worker/user/watcher/graph0000000000/negotiator - Stopped
09:58:46.870 [worker-akka.actor.default-dispatcher-2] INFO  a.a.LocalActorRef akka://worker/user/watcher/graph0000000000/edge/FlameSocketGraphDeployerFront - Stopped
09:58:46.870 [worker-akka.actor.default-dispatcher-2] INFO  a.a.LocalActorRef akka://worker/user/watcher/graph0000000000/edge/FlameSocketGraphDeployerRear - Stopped
09:58:46.871 [worker-akka.actor.default-dispatcher-2] INFO  a.a.LocalActorRef akka://worker/user/watcher/graph0000000000/graph/local-acker/$a - Stopped
09:58:46.871 [worker-akka.actor.default-dispatcher-2] INFO  a.a.LocalActorRef akka://worker/user/watcher/graph0000000000/graph/$a - Stopped
09:58:46.871 [worker-akka.actor.default-dispatcher-2] INFO  a.a.LocalActorRef akka://worker/user/watcher/graph0000000000/graph/local-acker/$a - Message [com.spbsu.flamestream.runtime.utils.akka.PingActor$InnerPing] from Actor[akka://worker/user/watcher/graph0000000000/graph/local-acker/$a#-1769001600] to Actor[akka://worker/user/watcher/graph0000000000/graph/local-acker/$a#-1769001600] was not delivered. [1] dead letters encountered. This logging can be turned off or adjusted with configuration settings 'akka.log-dead-letters' and 'akka.log-dead-letters-during-shutdown'.
09:58:46.871 [worker-akka.actor.default-dispatcher-2] INFO  a.a.LocalActorRef akka://worker/user/watcher/graph0000000000/graph/local-acker - Stopped
09:58:46.872 [worker-akka.actor.default-dispatcher-2] INFO  a.a.LocalActorRef akka://worker/user/watcher/graph0000000000/graph/$b - Stopped
09:58:46.872 [worker-akka.actor.default-dispatcher-2] INFO  a.a.LocalActorRef akka://worker/user/watcher/graph0000000000/graph/$c - Stopped
09:58:46.878 [worker-akka.actor.default-dispatcher-2] INFO  a.a.LocalActorRef akka://worker/user/watcher/graph0000000000/edge - Stopped
09:58:46.880 [worker-akka.actor.default-dispatcher-2] INFO  a.a.LocalActorRef akka://worker/user/watcher/graph0000000000/graph - Stopped
09:58:46.881 [worker-akka.actor.default-dispatcher-2] INFO  a.a.LocalActorRef akka://worker/user/watcher/graph0000000000 - Stopped
09:58:46.882 [worker-akka.actor.default-dispatcher-2] INFO  a.a.LocalActorRef akka://worker/user/watcher/graph0000000000/graph/local-acker/$a - Message [com.spbsu.flamestream.runtime.utils.akka.PingActor$Stop] from Actor[akka://worker/user/watcher/graph0000000000/graph/local-acker#718875859] to Actor[akka://worker/user/watcher/graph0000000000/graph/local-acker/$a#-1769001600] was not delivered. [2] dead letters encountered. This logging can be turned off or adjusted with configuration settings 'akka.log-dead-letters' and 'akka.log-dead-letters-during-shutdown'.
09:58:46.882 [worker-akka.actor.default-dispatcher-2] INFO  a.a.LocalActorRef akka://worker/user/watcher/graph0000000000/graph/local-acker - Message [com.spbsu.flamestream.runtime.acker.LocalAcker$Flush] from Actor[akka://worker/user/watcher/graph0000000000/graph/local-acker#718875859] to Actor[akka://worker/user/watcher/graph0000000000/graph/local-acker#718875859] was not delivered. [3] dead letters encountered. This logging can be turned off or adjusted with configuration settings 'akka.log-dead-letters' and 'akka.log-dead-letters-during-shutdown'.
09:58:46.883 [worker-akka.actor.default-dispatcher-2] INFO  a.a.LocalActorRef akka://worker/user/watcher/graph0000000000/graph/local-acker - Message [com.spbsu.flamestream.runtime.acker.LocalAcker$Flush] from Actor[akka://worker/user/watcher/graph0000000000/graph/local-acker#718875859] to Actor[akka://worker/user/watcher/graph0000000000/graph/local-acker#718875859] was not delivered. [4] dead letters encountered. This logging can be turned off or adjusted with configuration settings 'akka.log-dead-letters' and 'akka.log-dead-letters-during-shutdown'.
09:58:46.883 [worker-akka.actor.default-dispatcher-2] INFO  a.a.LocalActorRef akka://worker/user/watcher/graph0000000000/graph/local-acker - Message [com.spbsu.flamestream.runtime.acker.LocalAcker$Flush] from Actor[akka://worker/user/watcher/graph0000000000/graph/local-acker#718875859] to Actor[akka://worker/user/watcher/graph0000000000/graph/local-acker#718875859] was not delivered. [5] dead letters encountered. This logging can be turned off or adjusted with configuration settings 'akka.log-dead-letters' and 'akka.log-dead-letters-during-shutdown'.
09:58:46.884 [worker-akka.actor.default-dispatcher-2] INFO  a.a.LocalActorRef akka://worker/user/watcher/graph0000000000/graph/local-acker - Message [com.spbsu.flamestream.runtime.acker.LocalAcker$Flush] from Actor[akka://worker/user/watcher/graph0000000000/graph/local-acker#718875859] to Actor[akka://worker/user/watcher/graph0000000000/graph/local-acker#718875859] was not delivered. [6] dead letters encountered. This logging can be turned off or adjusted with configuration settings 'akka.log-dead-letters' and 'akka.log-dead-letters-during-shutdown'.
09:58:46.884 [worker-akka.actor.default-dispatcher-2] INFO  a.a.LocalActorRef akka://worker/user/watcher/graph0000000000/graph/local-acker - Message [com.spbsu.flamestream.runtime.acker.LocalAcker$Flush] from Actor[akka://worker/user/watcher/graph0000000000/graph/local-acker#718875859] to Actor[akka://worker/user/watcher/graph0000000000/graph/local-acker#718875859] was not delivered. [7] dead letters encountered. This logging can be turned off or adjusted with configuration settings 'akka.log-dead-letters' and 'akka.log-dead-letters-during-shutdown'.
09:58:46.884 [worker-akka.actor.default-dispatcher-2] INFO  a.a.LocalActorRef akka://worker/user/watcher/graph0000000000/graph/local-acker - Message [com.spbsu.flamestream.runtime.acker.LocalAcker$Flush] from Actor[akka://worker/user/watcher/graph0000000000/graph/local-acker#718875859] to Actor[akka://worker/user/watcher/graph0000000000/graph/local-acker#718875859] was not delivered. [8] dead letters encountered. This logging can be turned off or adjusted with configuration settings 'akka.log-dead-letters' and 'akka.log-dead-letters-during-shutdown'.
09:58:46.887 [worker-akka.actor.default-dispatcher-2-EventThread] INFO  o.a.z.ClientCnxn  - EventThread shut down for session: 0x161c210fbd10003
09:58:46.887 [worker-akka.actor.default-dispatcher-2] INFO  o.a.z.ZooKeeper  - Session: 0x161c210fbd10003 closed
09:58:46.888 [worker-akka.actor.default-dispatcher-2] INFO  a.a.LocalActorRef akka://worker/user/watcher/graph0000000000/graph/local-acker - Message [com.spbsu.flamestream.runtime.acker.LocalAcker$Flush] from Actor[akka://worker/user/watcher/graph0000000000/graph/local-acker#718875859] to Actor[akka://worker/user/watcher/graph0000000000/graph/local-acker#718875859] was not delivered. [9] dead letters encountered. This logging can be turned off or adjusted with configuration settings 'akka.log-dead-letters' and 'akka.log-dead-letters-during-shutdown'.
09:58:46.888 [worker-akka.actor.default-dispatcher-2] INFO  a.a.LocalActorRef akka://worker/user/watcher/graph0000000000/graph/local-acker - Message [com.spbsu.flamestream.runtime.acker.LocalAcker$Flush] from Actor[akka://worker/user/watcher/graph0000000000/graph/local-acker#718875859] to Actor[akka://worker/user/watcher/graph0000000000/graph/local-acker#718875859] was not delivered. [10] dead letters encountered. This logging can be turned off or adjusted with configuration settings 'akka.log-dead-letters' and 'akka.log-dead-letters-during-shutdown'.
09:58:46.889 [worker-akka.actor.default-dispatcher-2] INFO  a.a.LocalActorRef akka://worker/user/watcher/graph0000000000/graph/local-acker - Message [com.spbsu.flamestream.runtime.acker.LocalAcker$Flush] from Actor[akka://worker/user/watcher/graph0000000000/graph/local-acker#718875859] to Actor[akka://worker/user/watcher/graph0000000000/graph/local-acker#718875859] was not delivered. [11] dead letters encountered. This logging can be turned off or adjusted with configuration settings 'akka.log-dead-letters' and 'akka.log-dead-letters-during-shutdown'.
09:58:46.889 [worker-akka.actor.default-dispatcher-2] INFO  a.a.LocalActorRef akka://worker/user/watcher/graph0000000000/graph/local-acker - Message [com.spbsu.flamestream.runtime.acker.LocalAcker$Flush] from Actor[akka://worker/user/watcher/graph0000000000/graph/local-acker#718875859] to Actor[akka://worker/user/watcher/graph0000000000/graph/local-acker#718875859] was not delivered. [12] dead letters encountered. This logging can be turned off or adjusted with configuration settings 'akka.log-dead-letters' and 'akka.log-dead-letters-during-shutdown'.
09:58:46.889 [worker-akka.actor.default-dispatcher-2] INFO  a.a.LocalActorRef akka://worker/user/watcher/graph0000000000/graph/local-acker - Message [com.spbsu.flamestream.runtime.acker.LocalAcker$Flush] from Actor[akka://worker/user/watcher/graph0000000000/graph/local-acker#718875859] to Actor[akka://worker/user/watcher/graph0000000000/graph/local-acker#718875859] was not delivered. [13] dead letters encountered. This logging can be turned off or adjusted with configuration settings 'akka.log-dead-letters' and 'akka.log-dead-letters-during-shutdown'.
09:58:46.890 [worker-akka.actor.default-dispatcher-2] INFO  a.a.RepointableActorRef akka://worker/user/watcher - Stopped
09:58:46.903 [worker-akka.actor.default-dispatcher-2] INFO  a.r.RemoteActorRefProvider$RemotingTerminator akka://worker@172.31.33.155:5412/system/remoting-terminator - Shutting down remote daemon.
09:58:46.905 [worker-akka.actor.default-dispatcher-2] INFO  a.r.RemoteActorRefProvider$RemotingTerminator akka://worker@172.31.33.155:5412/system/remoting-terminator - Remote daemon shut down; proceeding with flushing remote transports.
09:58:47.042 [worker-akka.actor.default-dispatcher-2] INFO  a.r.RemoteActorRefProvider$RemotingTerminator akka://worker@172.31.33.155:5412/system/remoting-terminator - Remoting shut down.
Heap
 def new generation   total 153600K, used 38154K [0x00000000e0c00000, 0x00000000eb2a0000, 0x00000000eb2a0000)
  eden space 136576K,  21% used [0x00000000e0c00000, 0x00000000e281c680, 0x00000000e9160000)
  from space 17024K,  55% used [0x00000000e9160000, 0x00000000e9a86260, 0x00000000ea200000)
  to   space 17024K,   0% used [0x00000000ea200000, 0x00000000ea200000, 0x00000000eb2a0000)
 tenured generation   total 341376K, used 213124K [0x00000000eb2a0000, 0x0000000100000000, 0x0000000100000000)
   the space 341376K,  62% used [0x00000000eb2a0000, 0x00000000f82c12d8, 0x00000000f82c1400, 0x0000000100000000)
 Metaspace       used 33491K, capacity 34314K, committed 34688K, reserved 1079296K
  class space    used 4473K, capacity 4656K, committed 4736K, reserved 1048576K
