13:45:01.991 [worker-akka.actor.default-dispatcher-2] INFO  a.e.s.Slf4jLogger  - Slf4jLogger started
2018-02-19T13:45:02.165+0000: 2.643: [Full GC (Metadata GC Threshold) 2018-02-19T13:45:02.165+0000: 2.643: [Tenured: 0K->15491K(341376K), 0.0380290 secs] 117538K->15491K(494976K), [Metaspace: 20942K->20942K(1067008K)], 0.0380895 secs] [Times: user=0.04 sys=0.01, real=0.04 secs] 
Ama winner
Ama winner
13:45:02.609 [worker-akka.actor.default-dispatcher-2] INFO  a.r.a.ArteryTransport(akka://worker) akka.remote.artery.ArteryTransport(akka://worker) - Started embedded media driver in directory [/dev/shm/aeron-root-worker-19790250-bfce-4be2-b6a3-f78671b311d3]
13:45:02.838 [worker-akka.actor.default-dispatcher-2] INFO  a.r.a.ArteryTransport(akka://worker) akka.remote.artery.ArteryTransport(akka://worker) - Remoting started; listening on address: [akka://worker@172.31.44.83:5412] with UID [-1217139552176905650]
13:45:02.944 [worker-akka.actor.default-dispatcher-2] INFO  o.a.z.ZooKeeper  - Client environment:zookeeper.version=3.4.9-1757313, built on 08/23/2016 06:50 GMT
13:45:02.944 [worker-akka.actor.default-dispatcher-2] INFO  o.a.z.ZooKeeper  - Client environment:host.name=ip-172-31-44-83.us-east-2.compute.internal
13:45:02.944 [worker-akka.actor.default-dispatcher-2] INFO  o.a.z.ZooKeeper  - Client environment:java.version=1.8.0_151
13:45:02.944 [worker-akka.actor.default-dispatcher-2] INFO  o.a.z.ZooKeeper  - Client environment:java.vendor=Oracle Corporation
13:45:02.945 [worker-akka.actor.default-dispatcher-2] INFO  o.a.z.ZooKeeper  - Client environment:java.home=/usr/lib/jvm/java-8-openjdk-amd64/jre
13:45:02.945 [worker-akka.actor.default-dispatcher-2] INFO  o.a.z.ZooKeeper  - Client environment:java.class.path=lib/commons-cli-1.4.jar:lib/minlog-1.3.0.jar:lib/asm-5.0.4.jar:lib/hadoop-annotations-2.7.3.jar:lib/hadoop-auth-2.7.3.jar:lib/akka-slf4j_2.11-2.5.6.jar:lib/jersey-core-1.9.jar:lib/lz4-1.3.0.jar:lib/jackson-core-asl-1.9.13.jar:lib/aeron-client-1.3.0.jar:lib/htrace-core-3.1.0-incubating.jar:lib/xz-1.0.jar:lib/commons-httpclient-3.1.jar:lib/asm-3.1.jar:lib/commons-lang3-3.4.jar:lib/scala-library-2.11.11.jar:lib/scala-java8-compat_2.11-0.7.0.jar:lib/commons-configuration-1.6.jar:lib/objenesis-2.1.jar:lib/jackson-annotations-2.8.0.jar:lib/jsr305-3.0.0.jar:lib/curator-framework-2.7.1.jar:lib/jersey-server-1.9.jar:lib/jets3t-0.9.0.jar:lib/leveldb-0.7.jar:lib/jetty-6.1.26.jar:lib/stax-api-1.0-2.jar:lib/flamestream-core-1.0-SNAPSHOT.jar:lib/reflectasm-1.07-shaded.jar:lib/apacheds-kerberos-codec-2.0.0-M15.jar:lib/api-asn1-api-1.0.0-M20.jar:lib/commons-lang-2.6.jar:lib/commons-beanutils-1.7.0.jar:lib/jackson-xc-1.8.3.jar:lib/jetty-util-6.1.26.jar:lib/logback-classic-1.2.3.jar:lib/jool-0.9.12.jar:lib/flamestream-runtime-1.0-SNAPSHOT-tests.jar:lib/httpcore-4.1.2.jar:lib/kryo-4.0.0.jar:lib/ant-1.8.1.jar:lib/jaxb-impl-2.2.3-1.jar:lib/jersey-json-1.9.jar:lib/commons-compress-1.4.1.jar:lib/leveldbjni-all-1.8.jar:lib/paranamer-2.3.jar:lib/jackson-core-2.8.4.jar:lib/commons-math3-3.6.1.jar:lib/scala-parser-combinators_2.11-1.0.4.jar:lib/netty-3.10.6.Final.jar:lib/trove4j-3.0.3.jar:lib/jaxb-api-2.2.2.jar:lib/logback-core-1.2.3.jar:lib/snappy-java-1.0.4.1.jar:lib/protobuf-java-2.5.0.jar:lib/reactive-streams-1.0.1.jar:lib/flamestream-examples-1.0-SNAPSHOT.jar:lib/commons-codec-1.4.jar:lib/activation-1.1.jar:lib/commons-net-3.1.jar:lib/curator-recipes-2.7.1.jar:lib/jackson-mapper-asl-1.9.13.jar:lib/jackson-databind-2.8.4.jar:lib/flamestream-runtime-1.0-SNAPSHOT.jar:lib/jackson-jaxrs-1.8.3.jar:lib/slf4j-api-1.7.24.jar:lib/akka-remote_2.11-2.5.6.jar:lib/akka-testkit_2.11-2.5.6.jar:lib/jline-0.9.94.jar:lib/akka-stream_2.11-2.5.6.jar:lib/jsp-api-2.1.jar:lib/kryonet-2.21.jar:lib/akka-kryo-serialization_2.11-0.5.0.jar:lib/config-1.3.1.jar:lib/ant-launcher-1.8.1.jar:lib/commons-logging-1.2.jar:lib/ssl-config-core_2.11-0.2.2.jar:lib/testng-6.10.jar:lib/leveldb-api-0.7.jar:lib/reflectasm-1.11.3.jar:lib/jcommander-1.48.jar:lib/commons-1.1.jar:lib/commons-digester-1.8.jar:lib/minlog-1.2.jar:lib/java-xmlbuilder-0.4.jar:lib/jettison-1.1.jar:lib/gson-2.2.4.jar:lib/jdk.tools-1.8.jar:lib/aeron-driver-1.3.0.jar:lib/zookeeper-3.4.9.jar:lib/commons-beanutils-core-1.8.0.jar:lib/commons-math3-3.1.1.jar:lib/akka-actor_2.11-2.5.6.jar:lib/curator-client-2.7.1.jar:lib/servlet-api-2.5.jar:lib/apacheds-i18n-2.0.0-M15.jar:lib/commons-io-2.4.jar:lib/commons-codec-1.6.jar:lib/akka-protobuf_2.11-2.5.6.jar:lib/protobuf-java-3.5.1.jar:lib/jdom-2.0.2.jar:lib/api-util-1.0.0-M20.jar:lib/hadoop-common-2.7.3.jar:lib/agrona-0.9.6.jar:lib/xmlenc-0.52.jar:lib/guava-21.0.jar:lib/commons-collections-3.2.2.jar:lib/avro-1.7.4.jar:lib/httpclient-4.1.2.jar:lib/flamestream-core-1.0-SNAPSHOT-tests.jar:lib/annotations-12.0.jar:lib/jsch-0.1.42.jar:flamestream-runtime-1.0-SNAPSHOT.jar
13:45:02.945 [worker-akka.actor.default-dispatcher-2] INFO  o.a.z.ZooKeeper  - Client environment:java.library.path=/usr/java/packages/lib/amd64:/usr/lib/x86_64-linux-gnu/jni:/lib/x86_64-linux-gnu:/usr/lib/x86_64-linux-gnu:/usr/lib/jni:/lib:/usr/lib
13:45:02.945 [worker-akka.actor.default-dispatcher-2] INFO  o.a.z.ZooKeeper  - Client environment:java.io.tmpdir=/tmp
13:45:02.945 [worker-akka.actor.default-dispatcher-2] INFO  o.a.z.ZooKeeper  - Client environment:java.compiler=<NA>
13:45:02.945 [worker-akka.actor.default-dispatcher-2] INFO  o.a.z.ZooKeeper  - Client environment:os.name=Linux
13:45:02.945 [worker-akka.actor.default-dispatcher-2] INFO  o.a.z.ZooKeeper  - Client environment:os.arch=amd64
13:45:02.945 [worker-akka.actor.default-dispatcher-2] INFO  o.a.z.ZooKeeper  - Client environment:os.version=4.4.0-1049-aws
13:45:02.945 [worker-akka.actor.default-dispatcher-2] INFO  o.a.z.ZooKeeper  - Client environment:user.name=root
13:45:02.947 [worker-akka.actor.default-dispatcher-2] INFO  o.a.z.ZooKeeper  - Client environment:user.home=/root
13:45:02.947 [worker-akka.actor.default-dispatcher-2] INFO  o.a.z.ZooKeeper  - Client environment:user.dir=/opt/flamestream
13:45:02.950 [worker-akka.actor.default-dispatcher-2] INFO  o.a.z.ZooKeeper  - Initiating client connection, connectString=172.31.34.147:2181 sessionTimeout=5000 watcher=com.spbsu.flamestream.runtime.application.LifecycleWatcher$$Lambda$29/2091173542@1b48f905
13:45:02.986 [worker-akka.actor.default-dispatcher-2] INFO  a.a.RepointableActorRef akka://worker/user/watcher - Starting...
13:45:02.992 [worker-akka.actor.default-dispatcher-2-SendThread(172.31.34.147:2181)] INFO  o.a.z.ClientCnxn  - Opening socket connection to server 172.31.34.147/172.31.34.147:2181. Will not attempt to authenticate using SASL (unknown error)
13:45:02.995 [worker-akka.actor.default-dispatcher-2-SendThread(172.31.34.147:2181)] INFO  o.a.z.ClientCnxn  - Socket connection established to 172.31.34.147/172.31.34.147:2181, initiating session
13:45:03.007 [worker-akka.actor.default-dispatcher-2-SendThread(172.31.34.147:2181)] INFO  o.a.z.ClientCnxn  - Session establishment complete on server 172.31.34.147/172.31.34.147:2181, sessionid = 0x161ae4eb1e20009, negotiated timeout = 6000
13:45:03.103 [worker-akka.actor.default-dispatcher-2] INFO  a.a.RepointableActorRef akka://worker/user/watcher - Connected to ZK
13:45:12.691 [worker-akka.actor.default-dispatcher-2] INFO  a.a.RepointableActorRef akka://worker/user/watcher - Creating node with watchGraphs: 'com.spbsu.flamestream.core.Graph$Builder$MyGraph@22aae96d', config: 'ClusterConfig{paths={172.31.33.155=akka://worker@172.31.33.155:5412/user/watcher/graph0000000000, 172.31.47.83=akka://worker@172.31.47.83:5412/user/watcher/graph0000000000, 172.31.45.197=akka://worker@172.31.45.197:5412/user/watcher/graph0000000000, 172.31.42.36=akka://worker@172.31.42.36:5412/user/watcher/graph0000000000, 172.31.44.83=akka://worker@172.31.44.83:5412/user/watcher/graph0000000000, 172.31.39.64=akka://worker@172.31.39.64:5412/user/watcher/graph0000000000, 172.31.35.79=akka://worker@172.31.35.79:5412/user/watcher/graph0000000000, 172.31.34.169=akka://worker@172.31.34.169:5412/user/watcher/graph0000000000, 172.31.47.100=akka://worker@172.31.47.100:5412/user/watcher/graph0000000000, 172.31.37.101=akka://worker@172.31.37.101:5412/user/watcher/graph0000000000}, ackerLocation='172.31.35.79', props=ComputationLayout{ranges={172.31.33.155=HashRange{from=-1670265060, to=-1193046472}, 172.31.47.83=HashRange{from=1670265056, to=2147483644}, 172.31.45.197=HashRange{from=-715827884, to=-238609296}, 172.31.42.36=HashRange{from=1193046468, to=1670265056}, 172.31.44.83=HashRange{from=-238609296, to=238609292}, 172.31.39.64=HashRange{from=715827880, to=1193046468}, 172.31.35.79=HashRange{from=0, to=0}, 172.31.34.169=HashRange{from=-2147483648, to=-1670265060}, 172.31.47.100=HashRange{from=238609292, to=715827880}, 172.31.37.101=HashRange{from=-1193046472, to=-715827884}}}}'
13:45:13.416 [worker-akka.actor.default-dispatcher-2] INFO  a.a.LocalActorRef akka://worker/user/watcher/graph0000000000/graph - Starting...
13:45:13.419 [worker-akka.actor.default-dispatcher-2] INFO  a.a.LocalActorRef akka://worker/user/watcher/graph0000000000/graph/local-acker/$a - Starting...
13:45:13.420 [worker-akka.actor.default-dispatcher-2] INFO  a.a.LocalActorRef akka://worker/user/watcher/graph0000000000/graph/local-acker - Starting...
Warning: space is running low in /dev/shm (tmpfs) threshold=167,772,160 usable=158,621,696
Warning: space is running low in /dev/shm (tmpfs) threshold=167,772,160 usable=146,034,688
Warning: space is running low in /dev/shm (tmpfs) threshold=167,772,160 usable=133,447,680
Warning: space is running low in /dev/shm (tmpfs) threshold=167,772,160 usable=120,860,672
Warning: space is running low in /dev/shm (tmpfs) threshold=167,772,160 usable=108,273,664
Warning: space is running low in /dev/shm (tmpfs) threshold=167,772,160 usable=95,686,656
Warning: space is running low in /dev/shm (tmpfs) threshold=167,772,160 usable=83,099,648
Warning: space is running low in /dev/shm (tmpfs) threshold=167,772,160 usable=70,512,640
13:45:15.047 [worker-akka.actor.default-dispatcher-2] INFO  a.a.LocalActorRef akka://worker/user/watcher/graph0000000000/graph - Finishing constructor
13:45:15.048 [worker-akka.actor.default-dispatcher-2] INFO  a.a.LocalActorRef akka://worker/user/watcher/graph0000000000 - Starting...
13:45:15.049 [worker-akka.actor.default-dispatcher-2] INFO  a.a.LocalActorRef akka://worker/user/watcher/graph0000000000/negotiator - Starting...
13:45:15.115 [worker-akka.actor.default-dispatcher-2] INFO  a.a.LocalActorRef akka://worker/user/watcher/graph0000000000/edge - Starting...
13:45:15.115 [worker-akka.actor.default-dispatcher-2] INFO  a.a.LocalActorRef akka://worker/user/watcher/graph0000000000/graph/$a - Starting...
13:45:15.115 [worker-akka.actor.default-dispatcher-2] INFO  a.a.LocalActorRef akka://worker/user/watcher/graph0000000000/graph/$b - Starting...
13:45:15.117 [worker-akka.actor.default-dispatcher-2] INFO  a.a.LocalActorRef akka://worker/user/watcher/graph0000000000/graph/$c - Starting...
13:45:15.143 [worker-akka.actor.default-dispatcher-2] INFO  c.s.f.r.e.s.SocketRear  - FlameSocketGraphDeployerRear@172.31.44.83: connecting to 172.31.34.147:5678
13:45:15.149 [worker-akka.actor.default-dispatcher-2] INFO  c.s.f.r.e.s.SocketRear  - FlameSocketGraphDeployerRear@172.31.44.83: connected to 172.31.34.147:5678
13:45:15.177 [worker-akka.actor.default-dispatcher-2] INFO  a.a.LocalActorRef akka://worker/user/watcher/graph0000000000/edge/FlameSocketGraphDeployerRear - Starting...
13:45:15.177 [worker-akka.actor.default-dispatcher-2] INFO  a.a.LocalActorRef akka://worker/user/watcher/graph0000000000/edge/FlameSocketGraphDeployerFront - Starting...
13:45:15.179 [worker-akka.actor.default-dispatcher-2] INFO  a.a.LocalActorRef akka://worker/user/watcher/graph0000000000/negotiator - Requesting ticket for the frontClass FlameSocketGraphDeployerFront@172.31.44.83
13:45:15.189 [worker-akka.actor.default-dispatcher-2] INFO  a.a.LocalActorRef akka://worker/user/watcher/graph0000000000/negotiator - Ticket for the frontClass received: FrontTicket{allowedTimestamp=(1519047912661, FlameSocketGraphDeployerFront@172.31.44.83)}
13:45:15.190 [worker-akka.actor.default-dispatcher-2] INFO  c.s.f.r.e.s.SocketFront  - FlameSocketGraphDeployerFront@172.31.44.83: connecting to 172.31.34.147:4567
13:45:15.211 [Client] INFO  c.s.f.r.e.s.SocketFront  - FlameSocketGraphDeployerFront@172.31.44.83 has been disconnected from Connection 6
2018-02-19T13:45:18.957+0000: 19.435: [GC (Allocation Failure) 2018-02-19T13:45:18.957+0000: 19.435: [DefNew: 136576K->15428K(153600K), 0.0281561 secs] 152067K->50451K(494976K), 0.0282187 secs] [Times: user=0.02 sys=0.01, real=0.02 secs] 
2018-02-19T13:45:35.121+0000: 35.599: [GC (Allocation Failure) 2018-02-19T13:45:35.121+0000: 35.599: [DefNew: 152004K->3734K(153600K), 0.0193164 secs] 187027K->46395K(494976K), 0.0193828 secs] [Times: user=0.01 sys=0.00, real=0.02 secs] 
2018-02-19T13:45:52.584+0000: 53.062: [GC (Allocation Failure) 2018-02-19T13:45:52.584+0000: 53.062: [DefNew: 140310K->5704K(153600K), 0.0119643 secs] 182971K->48365K(494976K), 0.0120223 secs] [Times: user=0.01 sys=0.00, real=0.02 secs] 
2018-02-19T13:46:11.649+0000: 72.127: [GC (Allocation Failure) 2018-02-19T13:46:11.649+0000: 72.127: [DefNew: 142280K->7451K(153600K), 0.0159385 secs] 184941K->50113K(494976K), 0.0160157 secs] [Times: user=0.01 sys=0.00, real=0.01 secs] 
2018-02-19T13:46:26.821+0000: 87.300: [GC (Allocation Failure) 2018-02-19T13:46:26.822+0000: 87.300: [DefNew: 144027K->8717K(153600K), 0.0146216 secs] 186689K->51378K(494976K), 0.0154655 secs] [Times: user=0.02 sys=0.00, real=0.02 secs] 
2018-02-19T13:46:43.353+0000: 103.831: [GC (Allocation Failure) 2018-02-19T13:46:43.353+0000: 103.831: [DefNew: 145293K->8754K(153600K), 0.0171046 secs] 187954K->52860K(494976K), 0.0171709 secs] [Times: user=0.01 sys=0.00, real=0.02 secs] 
2018-02-19T13:47:00.210+0000: 120.688: [GC (Allocation Failure) 2018-02-19T13:47:00.210+0000: 120.688: [DefNew: 145330K->8547K(153600K), 0.0162670 secs] 189436K->53861K(494976K), 0.0163321 secs] [Times: user=0.01 sys=0.00, real=0.02 secs] 
2018-02-19T13:47:23.128+0000: 143.606: [GC (Allocation Failure) 2018-02-19T13:47:23.128+0000: 143.606: [DefNew: 145123K->9052K(153600K), 0.0201649 secs] 190437K->55641K(494976K), 0.0202333 secs] [Times: user=0.02 sys=0.00, real=0.02 secs] 
2018-02-19T13:47:41.674+0000: 162.152: [GC (Allocation Failure) 2018-02-19T13:47:41.675+0000: 162.152: [DefNew: 145628K->9120K(153600K), 0.0162922 secs] 192217K->56792K(494976K), 0.0163703 secs] [Times: user=0.01 sys=0.00, real=0.01 secs] 
2018-02-19T13:47:57.503+0000: 177.980: [GC (Allocation Failure) 2018-02-19T13:47:57.503+0000: 177.980: [DefNew: 145696K->8833K(153600K), 0.0162324 secs] 193368K->57731K(494976K), 0.0163055 secs] [Times: user=0.01 sys=0.01, real=0.02 secs] 
2018-02-19T13:48:19.247+0000: 199.725: [GC (Allocation Failure) 2018-02-19T13:48:19.247+0000: 199.725: [DefNew: 145409K->8768K(153600K), 0.0160593 secs] 194307K->58983K(494976K), 0.0161264 secs] [Times: user=0.02 sys=0.00, real=0.01 secs] 
2018-02-19T13:48:38.081+0000: 218.559: [GC (Allocation Failure) 2018-02-19T13:48:38.081+0000: 218.559: [DefNew: 145344K->8470K(153600K), 0.0166147 secs] 195559K->60430K(494976K), 0.0166793 secs] [Times: user=0.01 sys=0.00, real=0.02 secs] 
2018-02-19T13:49:00.825+0000: 241.303: [GC (Allocation Failure) 2018-02-19T13:49:00.825+0000: 241.303: [DefNew: 145046K->9960K(153600K), 0.0161675 secs] 197006K->61920K(494976K), 0.0162325 secs] [Times: user=0.02 sys=0.00, real=0.02 secs] 
2018-02-19T13:49:22.922+0000: 263.400: [GC (Allocation Failure) 2018-02-19T13:49:22.922+0000: 263.400: [DefNew: 146536K->9268K(153600K), 0.0187415 secs] 198496K->63165K(494976K), 0.0188039 secs] [Times: user=0.02 sys=0.00, real=0.02 secs] 
2018-02-19T13:49:44.786+0000: 285.264: [GC (Allocation Failure) 2018-02-19T13:49:44.786+0000: 285.264: [DefNew: 145844K->9265K(153600K), 0.0172615 secs] 199741K->64253K(494976K), 0.0173385 secs] [Times: user=0.02 sys=0.00, real=0.02 secs] 
2018-02-19T13:49:59.317+0000: 299.795: [GC (Allocation Failure) 2018-02-19T13:49:59.317+0000: 299.795: [DefNew: 145841K->9779K(153600K), 0.0169765 secs] 200829K->65913K(494976K), 0.0170377 secs] [Times: user=0.01 sys=0.00, real=0.01 secs] 
2018-02-19T13:50:18.369+0000: 318.847: [GC (Allocation Failure) 2018-02-19T13:50:18.369+0000: 318.847: [DefNew: 146355K->8342K(153600K), 0.0181253 secs] 202489K->67033K(494976K), 0.0181948 secs] [Times: user=0.02 sys=0.00, real=0.02 secs] 
2018-02-19T13:50:40.016+0000: 340.494: [GC (Allocation Failure) 2018-02-19T13:50:40.016+0000: 340.494: [DefNew: 144918K->9424K(153600K), 0.0155219 secs] 203609K->68115K(494976K), 0.0155882 secs] [Times: user=0.02 sys=0.00, real=0.01 secs] 
2018-02-19T13:51:00.626+0000: 361.104: [GC (Allocation Failure) 2018-02-19T13:51:00.626+0000: 361.104: [DefNew: 146000K->9336K(153600K), 0.0171120 secs] 204691K->69210K(494976K), 0.0171779 secs] [Times: user=0.02 sys=0.00, real=0.01 secs] 
2018-02-19T13:51:15.984+0000: 376.462: [GC (Allocation Failure) 2018-02-19T13:51:15.984+0000: 376.462: [DefNew: 145912K->10301K(153600K), 0.0177426 secs] 205786K->71113K(494976K), 0.0178254 secs] [Times: user=0.02 sys=0.00, real=0.02 secs] 
2018-02-19T13:51:32.457+0000: 392.935: [GC (Allocation Failure) 2018-02-19T13:51:32.457+0000: 392.935: [DefNew: 146877K->8552K(153600K), 0.0186748 secs] 207689K->71828K(494976K), 0.0187361 secs] [Times: user=0.02 sys=0.00, real=0.02 secs] 
2018-02-19T13:51:49.978+0000: 410.456: [GC (Allocation Failure) 2018-02-19T13:51:49.978+0000: 410.456: [DefNew: 145128K->9827K(153600K), 0.0174636 secs] 208404K->74224K(494976K), 0.0175285 secs] [Times: user=0.01 sys=0.00, real=0.02 secs] 
2018-02-19T13:52:07.762+0000: 428.240: [GC (Allocation Failure) 2018-02-19T13:52:07.762+0000: 428.240: [DefNew: 146403K->8257K(153600K), 0.0177805 secs] 210800K->75305K(494976K), 0.0178416 secs] [Times: user=0.02 sys=0.00, real=0.02 secs] 
2018-02-19T13:52:24.517+0000: 444.994: [GC (Allocation Failure) 2018-02-19T13:52:24.517+0000: 444.994: [DefNew: 144833K->9745K(153600K), 0.0148485 secs] 211881K->76794K(494976K), 0.0149315 secs] [Times: user=0.02 sys=0.00, real=0.01 secs] 
2018-02-19T13:52:42.629+0000: 463.106: [GC (Allocation Failure) 2018-02-19T13:52:42.629+0000: 463.106: [DefNew: 146321K->9319K(153600K), 0.0183831 secs] 213370K->78475K(494976K), 0.0184701 secs] [Times: user=0.02 sys=0.00, real=0.02 secs] 
2018-02-19T13:53:04.591+0000: 485.069: [GC (Allocation Failure) 2018-02-19T13:53:04.591+0000: 485.069: [DefNew: 145895K->9994K(153600K), 0.0180668 secs] 215051K->80318K(494976K), 0.0181476 secs] [Times: user=0.02 sys=0.00, real=0.02 secs] 
2018-02-19T13:53:22.151+0000: 502.629: [GC (Allocation Failure) 2018-02-19T13:53:22.151+0000: 502.629: [DefNew: 146570K->8546K(153600K), 0.0185208 secs] 216894K->81571K(494976K), 0.0185941 secs] [Times: user=0.02 sys=0.00, real=0.02 secs] 
2018-02-19T13:53:40.636+0000: 521.114: [GC (Allocation Failure) 2018-02-19T13:53:40.636+0000: 521.114: [DefNew: 145122K->7978K(153600K), 0.0160190 secs] 218147K->82606K(494976K), 0.0160888 secs] [Times: user=0.02 sys=0.00, real=0.01 secs] 
2018-02-19T13:53:56.718+0000: 537.196: [GC (Allocation Failure) 2018-02-19T13:53:56.718+0000: 537.196: [DefNew: 144554K->9514K(153600K), 0.0145580 secs] 219182K->84142K(494976K), 0.0146225 secs] [Times: user=0.01 sys=0.00, real=0.01 secs] 
2018-02-19T13:54:15.542+0000: 556.020: [GC (Allocation Failure) 2018-02-19T13:54:15.542+0000: 556.020: [DefNew: 146090K->10003K(153600K), 0.0203463 secs] 220718K->85864K(494976K), 0.0204295 secs] [Times: user=0.02 sys=0.00, real=0.02 secs] 
2018-02-19T13:54:32.561+0000: 573.039: [GC (Allocation Failure) 2018-02-19T13:54:32.561+0000: 573.039: [DefNew: 146579K->8340K(153600K), 0.0178342 secs] 222440K->86777K(494976K), 0.0179021 secs] [Times: user=0.01 sys=0.00, real=0.02 secs] 
2018-02-19T13:54:48.980+0000: 589.458: [GC (Allocation Failure) 2018-02-19T13:54:48.980+0000: 589.458: [DefNew: 144916K->10060K(153600K), 0.0151106 secs] 223353K->88497K(494976K), 0.0151722 secs] [Times: user=0.01 sys=0.00, real=0.02 secs] 
2018-02-19T13:55:05.957+0000: 606.435: [GC (Allocation Failure) 2018-02-19T13:55:05.957+0000: 606.435: [DefNew: 146636K->9327K(153600K), 0.0197695 secs] 225073K->90279K(494976K), 0.0198430 secs] [Times: user=0.01 sys=0.00, real=0.02 secs] 
2018-02-19T13:55:26.813+0000: 627.291: [GC (Allocation Failure) 2018-02-19T13:55:26.813+0000: 627.291: [DefNew: 145903K->9227K(153600K), 0.0282210 secs] 226855K->91652K(494976K), 0.0283057 secs] [Times: user=0.00 sys=0.03, real=0.03 secs] 
2018-02-19T13:55:43.007+0000: 643.485: [GC (Allocation Failure) 2018-02-19T13:55:43.008+0000: 643.485: [DefNew: 145803K->9286K(153600K), 0.0174979 secs] 228228K->93292K(494976K), 0.0175620 secs] [Times: user=0.02 sys=0.00, real=0.01 secs] 
2018-02-19T13:56:04.491+0000: 664.969: [GC (Allocation Failure) 2018-02-19T13:56:04.491+0000: 664.969: [DefNew: 145862K->9147K(153600K), 0.0167348 secs] 229868K->94685K(494976K), 0.0167994 secs] [Times: user=0.01 sys=0.00, real=0.02 secs] 
2018-02-19T13:56:20.493+0000: 680.971: [GC (Allocation Failure) 2018-02-19T13:56:20.493+0000: 680.971: [DefNew: 145723K->9512K(153600K), 0.0172457 secs] 231261K->96636K(494976K), 0.0173114 secs] [Times: user=0.02 sys=0.00, real=0.02 secs] 
2018-02-19T13:56:35.059+0000: 695.537: [GC (Allocation Failure) 2018-02-19T13:56:35.059+0000: 695.537: [DefNew: 146088K->9840K(153600K), 0.0176110 secs] 233212K->98348K(494976K), 0.0176761 secs] [Times: user=0.02 sys=0.00, real=0.02 secs] 
2018-02-19T13:56:54.999+0000: 715.477: [GC (Allocation Failure) 2018-02-19T13:56:54.999+0000: 715.477: [DefNew: 146416K->9478K(153600K), 0.0311132 secs] 234924K->99508K(494976K), 0.0311798 secs] [Times: user=0.00 sys=0.03, real=0.03 secs] 
2018-02-19T13:57:12.855+0000: 733.333: [GC (Allocation Failure) 2018-02-19T13:57:12.855+0000: 733.333: [DefNew: 146054K->9979K(153600K), 0.0307696 secs] 236084K->101514K(494976K), 0.0308360 secs] [Times: user=0.00 sys=0.03, real=0.03 secs] 
13:57:15.977 [Client] INFO  c.s.f.r.e.s.SocketRear  - FlameSocketGraphDeployerRear@172.31.44.83: has been disconnected from Connection 6
13:57:30.200 [worker-akka.actor.default-dispatcher-2] INFO  a.a.CoordinatedShutdown CoordinatedShutdown(akka://worker) - Starting coordinated shutdown from JVM shutdown hook
13:57:30.249 [worker-akka.actor.default-dispatcher-2] INFO  a.a.LocalActorRef akka://worker/user/watcher/graph0000000000/negotiator - Stopped
13:57:30.249 [worker-akka.actor.default-dispatcher-2] INFO  a.a.LocalActorRef akka://worker/user/watcher/graph0000000000/edge/FlameSocketGraphDeployerFront - Stopped
13:57:30.249 [worker-akka.actor.default-dispatcher-2] INFO  a.a.LocalActorRef akka://worker/user/watcher/graph0000000000/graph/local-acker/$a - Stopped
13:57:30.251 [worker-akka.actor.default-dispatcher-2] INFO  a.a.LocalActorRef akka://worker/user/watcher/graph0000000000/edge/FlameSocketGraphDeployerRear - Stopped
13:57:30.252 [worker-akka.actor.default-dispatcher-2] INFO  a.a.LocalActorRef akka://worker/user/watcher/graph0000000000/graph/$a - Stopped
13:57:30.252 [worker-akka.actor.default-dispatcher-2] INFO  a.a.LocalActorRef akka://worker/user/watcher/graph0000000000/graph/$b - Stopped
13:57:30.253 [worker-akka.actor.default-dispatcher-2] INFO  a.a.LocalActorRef akka://worker/user/watcher/graph0000000000/graph/local-acker/$a - Message [com.spbsu.flamestream.runtime.utils.akka.PingActor$InnerPing] from Actor[akka://worker/user/watcher/graph0000000000/graph/local-acker/$a#-98687182] to Actor[akka://worker/user/watcher/graph0000000000/graph/local-acker/$a#-98687182] was not delivered. [1] dead letters encountered. This logging can be turned off or adjusted with configuration settings 'akka.log-dead-letters' and 'akka.log-dead-letters-during-shutdown'.
13:57:30.253 [worker-akka.actor.default-dispatcher-2] INFO  a.a.LocalActorRef akka://worker/user/watcher/graph0000000000/graph/$c - Stopped
13:57:30.258 [worker-akka.actor.default-dispatcher-2] INFO  a.a.LocalActorRef akka://worker/user/watcher/graph0000000000/edge - Stopped
13:57:30.259 [worker-akka.actor.default-dispatcher-2] INFO  a.a.LocalActorRef akka://worker/user/watcher/graph0000000000/graph/local-acker - Stopped
13:57:30.262 [worker-akka.actor.default-dispatcher-2] INFO  a.a.LocalActorRef akka://worker/user/watcher/graph0000000000/graph/local-acker/$a - Message [com.spbsu.flamestream.runtime.utils.akka.PingActor$Stop] from Actor[akka://worker/user/watcher/graph0000000000/graph/local-acker#-1429693870] to Actor[akka://worker/user/watcher/graph0000000000/graph/local-acker/$a#-98687182] was not delivered. [2] dead letters encountered. This logging can be turned off or adjusted with configuration settings 'akka.log-dead-letters' and 'akka.log-dead-letters-during-shutdown'.
13:57:30.263 [worker-akka.actor.default-dispatcher-2] INFO  a.a.LocalActorRef akka://worker/user/watcher/graph0000000000/graph/local-acker - Message [com.spbsu.flamestream.runtime.acker.LocalAcker$Flush] from Actor[akka://worker/user/watcher/graph0000000000/graph/local-acker#-1429693870] to Actor[akka://worker/user/watcher/graph0000000000/graph/local-acker#-1429693870] was not delivered. [3] dead letters encountered. This logging can be turned off or adjusted with configuration settings 'akka.log-dead-letters' and 'akka.log-dead-letters-during-shutdown'.
13:57:30.264 [worker-akka.actor.default-dispatcher-2] INFO  a.a.LocalActorRef akka://worker/user/watcher/graph0000000000/graph/local-acker - Message [com.spbsu.flamestream.runtime.acker.LocalAcker$Flush] from Actor[akka://worker/user/watcher/graph0000000000/graph/local-acker#-1429693870] to Actor[akka://worker/user/watcher/graph0000000000/graph/local-acker#-1429693870] was not delivered. [4] dead letters encountered. This logging can be turned off or adjusted with configuration settings 'akka.log-dead-letters' and 'akka.log-dead-letters-during-shutdown'.
13:57:30.264 [worker-akka.actor.default-dispatcher-2] INFO  a.a.LocalActorRef akka://worker/user/watcher/graph0000000000/graph/local-acker - Message [com.spbsu.flamestream.runtime.acker.LocalAcker$Flush] from Actor[akka://worker/user/watcher/graph0000000000/graph/local-acker#-1429693870] to Actor[akka://worker/user/watcher/graph0000000000/graph/local-acker#-1429693870] was not delivered. [5] dead letters encountered. This logging can be turned off or adjusted with configuration settings 'akka.log-dead-letters' and 'akka.log-dead-letters-during-shutdown'.
13:57:30.265 [worker-akka.actor.default-dispatcher-2] INFO  a.a.LocalActorRef akka://worker/user/watcher/graph0000000000/graph/local-acker - Message [com.spbsu.flamestream.runtime.acker.LocalAcker$Flush] from Actor[akka://worker/user/watcher/graph0000000000/graph/local-acker#-1429693870] to Actor[akka://worker/user/watcher/graph0000000000/graph/local-acker#-1429693870] was not delivered. [6] dead letters encountered. This logging can be turned off or adjusted with configuration settings 'akka.log-dead-letters' and 'akka.log-dead-letters-during-shutdown'.
13:57:30.266 [worker-akka.actor.default-dispatcher-2] INFO  a.a.LocalActorRef akka://worker/user/watcher/graph0000000000/graph/local-acker - Message [com.spbsu.flamestream.runtime.acker.LocalAcker$Flush] from Actor[akka://worker/user/watcher/graph0000000000/graph/local-acker#-1429693870] to Actor[akka://worker/user/watcher/graph0000000000/graph/local-acker#-1429693870] was not delivered. [7] dead letters encountered. This logging can be turned off or adjusted with configuration settings 'akka.log-dead-letters' and 'akka.log-dead-letters-during-shutdown'.
13:57:30.267 [worker-akka.actor.default-dispatcher-2] INFO  a.a.LocalActorRef akka://worker/user/watcher/graph0000000000/graph/local-acker - Message [com.spbsu.flamestream.runtime.acker.LocalAcker$Flush] from Actor[akka://worker/user/watcher/graph0000000000/graph/local-acker#-1429693870] to Actor[akka://worker/user/watcher/graph0000000000/graph/local-acker#-1429693870] was not delivered. [8] dead letters encountered. This logging can be turned off or adjusted with configuration settings 'akka.log-dead-letters' and 'akka.log-dead-letters-during-shutdown'.
13:57:30.267 [worker-akka.actor.default-dispatcher-2] INFO  a.a.LocalActorRef akka://worker/user/watcher/graph0000000000/graph/local-acker - Message [com.spbsu.flamestream.runtime.acker.LocalAcker$Flush] from Actor[akka://worker/user/watcher/graph0000000000/graph/local-acker#-1429693870] to Actor[akka://worker/user/watcher/graph0000000000/graph/local-acker#-1429693870] was not delivered. [9] dead letters encountered. This logging can be turned off or adjusted with configuration settings 'akka.log-dead-letters' and 'akka.log-dead-letters-during-shutdown'.
13:57:30.268 [worker-akka.actor.default-dispatcher-2] INFO  a.a.LocalActorRef akka://worker/user/watcher/graph0000000000/graph/local-acker - Message [com.spbsu.flamestream.runtime.acker.LocalAcker$Flush] from Actor[akka://worker/user/watcher/graph0000000000/graph/local-acker#-1429693870] to Actor[akka://worker/user/watcher/graph0000000000/graph/local-acker#-1429693870] was not delivered. [10] dead letters encountered. This logging can be turned off or adjusted with configuration settings 'akka.log-dead-letters' and 'akka.log-dead-letters-during-shutdown'.
13:57:30.269 [worker-akka.actor.default-dispatcher-2] INFO  a.a.LocalActorRef akka://worker/user/watcher/graph0000000000/graph - Stopped
13:57:30.270 [worker-akka.actor.default-dispatcher-2] INFO  a.a.LocalActorRef akka://worker/user/watcher/graph0000000000 - Stopped
13:57:30.273 [worker-akka.actor.default-dispatcher-2-EventThread] INFO  o.a.z.ClientCnxn  - EventThread shut down for session: 0x161ae4eb1e20009
13:57:30.273 [worker-akka.actor.default-dispatcher-2] INFO  o.a.z.ZooKeeper  - Session: 0x161ae4eb1e20009 closed
13:57:30.274 [worker-akka.actor.default-dispatcher-2] INFO  a.a.RepointableActorRef akka://worker/user/watcher - Stopped
13:57:30.290 [worker-akka.actor.default-dispatcher-2] INFO  a.r.RemoteActorRefProvider$RemotingTerminator akka://worker@172.31.44.83:5412/system/remoting-terminator - Shutting down remote daemon.
13:57:30.293 [worker-akka.actor.default-dispatcher-2] INFO  a.r.RemoteActorRefProvider$RemotingTerminator akka://worker@172.31.44.83:5412/system/remoting-terminator - Remote daemon shut down; proceeding with flushing remote transports.
13:57:31.438 [worker-akka.actor.default-dispatcher-2] INFO  a.r.RemoteActorRefProvider$RemotingTerminator akka://worker@172.31.44.83:5412/system/remoting-terminator - Remoting shut down.
Heap
 def new generation   total 153600K, used 47152K [0x00000000e0c00000, 0x00000000eb2a0000, 0x00000000eb2a0000)
  eden space 136576K,  27% used [0x00000000e0c00000, 0x00000000e304d620, 0x00000000e9160000)
  from space 17024K,  58% used [0x00000000e9160000, 0x00000000e9b1ec98, 0x00000000ea200000)
  to   space 17024K,   0% used [0x00000000ea200000, 0x00000000ea200000, 0x00000000eb2a0000)
 tenured generation   total 341376K, used 91535K [0x00000000eb2a0000, 0x0000000100000000, 0x0000000100000000)
   the space 341376K,  26% used [0x00000000eb2a0000, 0x00000000f0c03f18, 0x00000000f0c04000, 0x0000000100000000)
 Metaspace       used 33500K, capacity 34234K, committed 34432K, reserved 1079296K
  class space    used 4456K, capacity 4624K, committed 4736K, reserved 1048576K
